==========================================
Job ID: 11728734
Job Name: smbhb_pessimistic
Node: dave310
Start Time: Wed Apr 29 11:19:42 AEST 2026
==========================================

/home/bhoulden/.conda/envs/smbhb312/share/tempo2
Working directory: /fred/oz005/users/bhoulden/SMBHB_population_injections

Loaded modules:

Starting SMBHB analysis...
==========================================

📁 Save directory: data/2026-04-29/pessimistic_run_99
📝 Run name: pessimistic_run_99

[MEM] Start: 244.2 MB

📡 Loading pulsars...
======================================================================
LOADING NANOGRAV PULSARS (libstempo)
======================================================================

📦 Loading from cache: nanograv_pulsars_cache.pkl
⚠ Cache load failed: Ran out of input
[DEBUG] Found 76 .par files
[tempo2Util.C:396] Warning: [MISC1] Unknown parameter in par file:  DMDATA
[tempo2Util.C:401] Warning: [DUP1] duplicated warnings have been suppressed.

WARNING: Using tempo RNAMP parameter: setting TNRedC to 100!
[observatory.C:271] Warning: Assuming site 'arecibo' means 'ao'
✓ Loaded B1855+09 (7758 TOAs)

WARNING: Using tempo RNAMP parameter: setting TNRedC to 100!
✓ Loaded B1937+21 (23023 TOAs)

WARNING: Using tempo RNAMP parameter: setting TNRedC to 100!
✓ Loaded B1937+21ao (7241 TOAs)

WARNING: Using tempo RNAMP parameter: setting TNRedC to 100!
✓ Loaded B1937+21gbt (16048 TOAs)

WARNING: Using tempo RNAMP parameter: setting TNRedC to 100!
✓ Loaded B1953+29 (5126 TOAs)
✓ Loaded J0023+0923 (15896 TOAs)

WARNING: Using tempo RNAMP parameter: setting TNRedC to 100!
✓ Loaded J0030+0451 (19571 TOAs)
✓ Loaded J0340+4130 (11093 TOAs)
✓ Loaded J0406+3039 (2446 TOAs)

WARNING: Using tempo RNAMP parameter: setting TNRedC to 100!
✓ Loaded J0437-4715 (5830 TOAs)
✓ Loaded J0509+0856 (2169 TOAs)
✓ Loaded J0557+1551 (525 TOAs)
✓ Loaded J0605+3757 (554 TOAs)

WARNING: Using tempo RNAMP parameter: setting TNRedC to 100!
✓ Loaded J0610-2100 (4885 TOAs)

WARNING: Using tempo RNAMP parameter: setting TNRedC to 100!
✓ Loaded J0613-0200 (17124 TOAs)
✓ Loaded J0614-3329 (1714 TOAs)
✓ Loaded J0636+5128 (32222 TOAs)
✓ Loaded J0645+5158 (10403 TOAs)
✓ Loaded J0709+0458 (3030 TOAs)
✓ Loaded J0740+6620 (13401 TOAs)
✓ Loaded J0931-1902 (5473 TOAs)

WARNING: Using tempo RNAMP parameter: setting TNRedC to 100!
✓ Loaded J1012+5307 (25837 TOAs)
✓ Loaded J1012-4235 (797 TOAs)
✓ Loaded J1022+1001 (3978 TOAs)
✓ Loaded J1024-0719 (12635 TOAs)
✓ Loaded J1125+7819 (8723 TOAs)
✓ Loaded J1312+0051 (1705 TOAs)
✓ Loaded J1453+1902 (2551 TOAs)
✓ Loaded J1455-3330 (10818 TOAs)

WARNING: Using tempo RNAMP parameter: setting TNRedC to 100!
✓ Loaded J1600-3053 (22955 TOAs)

WARNING: Using tempo RNAMP parameter: setting TNRedC to 100!
✓ Loaded J1600-3053gbt (19725 TOAs)

WARNING: Using tempo RNAMP parameter: setting TNRedC to 100!
✓ Loaded J1614-2230 (18445 TOAs)
✓ Loaded J1630+3734 (1815 TOAs)
✓ Loaded J1640+2224 (14066 TOAs)

WARNING: Using tempo RNAMP parameter: setting TNRedC to 100!
✓ Loaded J1643-1224 (22144 TOAs)

WARNING: Using tempo RNAMP parameter: setting TNRedC to 100!
✓ Loaded J1643-1224gbt (17932 TOAs)

WARNING: Using tempo RNAMP parameter: setting TNRedC to 100!
✓ Loaded J1705-1903 (9871 TOAs)

WARNING: Using tempo RNAMP parameter: setting TNRedC to 100!
✓ Loaded J1713+0747 (59389 TOAs)

WARNING: Using tempo RNAMP parameter: setting TNRedC to 100!
✓ Loaded J1713+0747ao (21362 TOAs)

WARNING: Using tempo RNAMP parameter: setting TNRedC to 100!
✓ Loaded J1713+0747gbt (32963 TOAs)
✓ Loaded J1719-1438 (6356 TOAs)
✓ Loaded J1730-2304 (4870 TOAs)
✓ Loaded J1738+0333 (8790 TOAs)
✓ Loaded J1741+1351 (5582 TOAs)

WARNING: Using tempo RNAMP parameter: setting TNRedC to 100!
✓ Loaded J1744-1134 (17745 TOAs)

WARNING: Using tempo RNAMP parameter: setting TNRedC to 100!
✓ Loaded J1745+1017 (3017 TOAs)

WARNING: Using tempo RNAMP parameter: setting TNRedC to 100!
✓ Loaded J1747-4036 (11055 TOAs)
✓ Loaded J1751-2857 (2025 TOAs)

WARNING: Using tempo RNAMP parameter: setting TNRedC to 100!
✓ Loaded J1802-2124 (6796 TOAs)
✓ Loaded J1811-2405 (5266 TOAs)
✓ Loaded J1832-0836 (7739 TOAs)
✓ Loaded J1843-1113 (4595 TOAs)

WARNING: Using tempo RNAMP parameter: setting TNRedC to 100!
✓ Loaded J1853+1303 (4570 TOAs)

WARNING: Using tempo RNAMP parameter: setting TNRedC to 100!
✓ Loaded J1903+0327 (6856 TOAs)

WARNING: Using tempo RNAMP parameter: setting TNRedC to 100!
✓ Loaded J1903+0327ao (6423 TOAs)

WARNING: Using tempo RNAMP parameter: setting TNRedC to 100!
✓ Loaded J1909-3744 (35037 TOAs)

WARNING: Using tempo RNAMP parameter: setting TNRedC to 100!
✓ Loaded J1909-3744gbt (31526 TOAs)
✓ Loaded J1910+1256 (6486 TOAs)
✓ Loaded J1911+1347 (3786 TOAs)
✓ Loaded J1918-0642 (18875 TOAs)
✓ Loaded J1923+2515 (3974 TOAs)
✓ Loaded J1944+0907 (5328 TOAs)

WARNING: Using tempo RNAMP parameter: setting TNRedC to 100!
✓ Loaded J1946+3417 (4743 TOAs)
✓ Loaded J2010-1323 (17077 TOAs)
✓ Loaded J2017+0603 (3512 TOAs)
✓ Loaded J2033+1734 (3847 TOAs)
✓ Loaded J2043+1711 (7397 TOAs)
✓ Loaded J2124-3358 (4982 TOAs)

WARNING: Using tempo RNAMP parameter: setting TNRedC to 100!
✓ Loaded J2145-0750 (18675 TOAs)
✓ Loaded J2214+3000 (7406 TOAs)
✓ Loaded J2229+2643 (3711 TOAs)

WARNING: Using tempo RNAMP parameter: setting TNRedC to 100!
✓ Loaded J2234+0611 (3566 TOAs)
✓ Loaded J2234+0944 (7535 TOAs)
✓ Loaded J2302+4442 (10211 TOAs)
✓ Loaded J2317+1439 (13927 TOAs)
✓ Loaded J2322+2057 (3088 TOAs)
⚠ Could not save cache: no default __reduce__ due to non-trivial __cinit__

✓ Loaded 76 pulsars
✗ Failed: 0 — []
[MEM] After loading pulsars: 8876.2 MB

🔍 Filtering pulsars...

Filtered: 76 → 67 pulsars
[MEM] After filtering pulsars: 8877.2 MB
[MEM] After garbage collection: 8877.2 MB

======================================================================
SMBHB POPULATION ANALYSIS
======================================================================

Configuration: pessimistic
  Lower mass, lower spread in distance, large population
  N_binaries: 10000000

======================================================================
CONSISTENT POPULATION SYNTHESIS
======================================================================

======================================================================
GENERATING SNR-CONSISTENT POPULATIONS
======================================================================
Target SNR:          4.0
Simulations:         1
======================================================================


──────────────────────────────────────────────────────────────────────
SIMULATION 1/1
──────────────────────────────────────────────────────────────────────
  [B1855+09] zeroing residuals...
  [B1855+09] adding red noise...
  [B1855+09] white noise for 430_PUPPI (1185 TOAs)...
  [B1855+09] white noise for 430_ASP (390 TOAs)...
  [B1855+09] white noise for L-wide_ASP (1178 TOAs)...
  [B1855+09] white noise for L-wide_PUPPI (5005 TOAs)...
  [B1937+21] zeroing residuals...
  [B1937+21] adding red noise...
  [B1937+21] white noise for S-wide_ASP (344 TOAs)...
  [B1937+21] white noise for Rcvr1_2_GASP (1069 TOAs)...
  [B1937+21] white noise for Rcvr1_2_GUPPI (7048 TOAs)...
  [B1937+21] white noise for Rcvr_800_GUPPI (7140 TOAs)...
  [B1937+21] white noise for L-wide_PUPPI (4133 TOAs)...
  [B1937+21] white noise for S-wide_PUPPI (2251 TOAs)...
  [B1937+21] white noise for Rcvr_800_GASP (586 TOAs)...
  [B1937+21] white noise for L-wide_ASP (452 TOAs)...
  [B1953+29] zeroing residuals...
  [B1953+29] adding red noise...
  [B1953+29] white noise for 430_PUPPI (941 TOAs)...
  [B1953+29] white noise for S-wide_ASP (25 TOAs)...
  [B1953+29] white noise for L-wide_PUPPI (4037 TOAs)...
  [B1953+29] white noise for 430_ASP (29 TOAs)...
  [B1953+29] white noise for L-wide_ASP (94 TOAs)...
  [J0023+0923] zeroing residuals...
  [J0023+0923] adding red noise...
  [J0023+0923] white noise for 430_PUPPI (4564 TOAs)...
  [J0023+0923] white noise for 430_ASP (90 TOAs)...
  [J0023+0923] white noise for L-wide_ASP (119 TOAs)...
  [J0023+0923] white noise for L-wide_PUPPI (11123 TOAs)...
  [J0030+0451] zeroing residuals...
  [J0030+0451] adding red noise...
  [J0030+0451] white noise for 430_PUPPI (3068 TOAs)...
  [J0030+0451] white noise for L-wide_PUPPI (12774 TOAs)...
  [J0030+0451] white noise for S-wide_PUPPI (2673 TOAs)...
  [J0030+0451] white noise for 430_ASP (267 TOAs)...
  [J0030+0451] white noise for L-wide_ASP (789 TOAs)...
  [J0340+4130] zeroing residuals...
  [J0340+4130] adding red noise...
  [J0340+4130] white noise for Rcvr1_2_GUPPI (5037 TOAs)...
  [J0340+4130] white noise for Rcvr_800_GUPPI (6056 TOAs)...
  [J0406+3039] zeroing residuals...
  [J0406+3039] adding red noise...
  [J0406+3039] white noise for L-wide_PUPPI (1871 TOAs)...
  [J0406+3039] white noise for S-wide_PUPPI (575 TOAs)...
  [J0437-4715] zeroing residuals...
  [J0437-4715] adding red noise...
  [J0437-4715] white noise for 3GHz_YUPPI (3696 TOAs)...
  [J0437-4715] white noise for 1.5GHz_YUPPI (2134 TOAs)...
  [J0509+0856] zeroing residuals...
  [J0509+0856] adding red noise...
  [J0509+0856] white noise for L-wide_PUPPI (1625 TOAs)...
  [J0509+0856] white noise for S-wide_PUPPI (544 TOAs)...
  [J0557+1551] zeroing residuals...
  [J0557+1551] adding red noise...
  [J0557+1551] white noise for L-wide_PUPPI (467 TOAs)...
  [J0557+1551] white noise for S-wide_PUPPI (58 TOAs)...
  [J0605+3757] zeroing residuals...
  [J0605+3757] adding red noise...
  [J0605+3757] white noise for Rcvr1_2_GUPPI (318 TOAs)...
  [J0605+3757] white noise for Rcvr_800_GUPPI (236 TOAs)...
  [J0610-2100] zeroing residuals...
  [J0610-2100] adding red noise...
  [J0610-2100] white noise for Rcvr1_2_GUPPI (2401 TOAs)...
  [J0610-2100] white noise for Rcvr_800_GUPPI (2484 TOAs)...
  [J0613-0200] zeroing residuals...
  [J0613-0200] adding red noise...
  [J0613-0200] white noise for Rcvr1_2_GUPPI (7423 TOAs)...
  [J0613-0200] white noise for Rcvr_800_GUPPI (7900 TOAs)...
  [J0613-0200] white noise for Rcvr1_2_GASP (992 TOAs)...
  [J0613-0200] white noise for Rcvr_800_GASP (809 TOAs)...
  [J0636+5128] zeroing residuals...
  [J0636+5128] adding red noise...
  [J0636+5128] white noise for Rcvr1_2_GUPPI (14803 TOAs)...
  [J0636+5128] white noise for Rcvr_800_GUPPI (17419 TOAs)...
  [J0645+5158] zeroing residuals...
  [J0645+5158] adding red noise...
  [J0645+5158] white noise for Rcvr1_2_GUPPI (5721 TOAs)...
  [J0645+5158] white noise for Rcvr_800_GUPPI (4682 TOAs)...
  [J0709+0458] zeroing residuals...
  [J0709+0458] adding red noise...
  [J0709+0458] white noise for L-wide_PUPPI (2435 TOAs)...
  [J0709+0458] white noise for S-wide_PUPPI (595 TOAs)...
  [J0740+6620] zeroing residuals...
  [J0740+6620] adding red noise...
  [J0740+6620] white noise for Rcvr1_2_GUPPI (8265 TOAs)...
  [J0740+6620] white noise for Rcvr_800_GUPPI (5136 TOAs)...
  [J0931-1902] zeroing residuals...
  [J0931-1902] adding red noise...
  [J0931-1902] white noise for Rcvr1_2_GUPPI (2054 TOAs)...
  [J0931-1902] white noise for Rcvr_800_GUPPI (3419 TOAs)...
  [J1012+5307] zeroing residuals...
  [J1012+5307] adding red noise...
  [J1012+5307] white noise for Rcvr1_2_GUPPI (12849 TOAs)...
  [J1012+5307] white noise for Rcvr_800_GUPPI (10299 TOAs)...
  [J1012+5307] white noise for Rcvr1_2_GASP (1479 TOAs)...
  [J1012+5307] white noise for Rcvr_800_GASP (1210 TOAs)...
  [J1012-4235] zeroing residuals...
  [J1012-4235] adding red noise...
  [J1012-4235] white noise for Rcvr1_2_GUPPI (455 TOAs)...
  [J1012-4235] white noise for Rcvr_800_GUPPI (342 TOAs)...
  [J1022+1001] zeroing residuals...
  [J1022+1001] adding red noise...
  [J1022+1001] white noise for 430_PUPPI (232 TOAs)...
  [J1022+1001] white noise for L-wide_PUPPI (2592 TOAs)...
  [J1022+1001] white noise for S-wide_PUPPI (1154 TOAs)...
  [J1024-0719] zeroing residuals...
  [J1024-0719] adding red noise...
  [J1024-0719] white noise for Rcvr1_2_GUPPI (7086 TOAs)...
  [J1024-0719] white noise for Rcvr_800_GUPPI (5455 TOAs)...
  [J1024-0719] white noise for Rcvr1_2_GASP (43 TOAs)...
  [J1024-0719] white noise for Rcvr_800_GASP (51 TOAs)...
  [J1125+7819] zeroing residuals...
  [J1125+7819] adding red noise...
  [J1125+7819] white noise for Rcvr1_2_GUPPI (4016 TOAs)...
  [J1125+7819] white noise for Rcvr_800_GUPPI (4707 TOAs)...
  [J1312+0051] zeroing residuals...
  [J1312+0051] adding red noise...
  [J1312+0051] white noise for L-wide_PUPPI (1289 TOAs)...
  [J1312+0051] white noise for S-wide_PUPPI (416 TOAs)...
  [J1453+1902] zeroing residuals...
  [J1453+1902] adding red noise...
  [J1453+1902] white noise for 430_PUPPI (425 TOAs)...
  [J1453+1902] white noise for L-wide_PUPPI (2122 TOAs)...
  [J1453+1902] white noise for S-wide_PUPPI (4 TOAs)...
  [J1455-3330] zeroing residuals...
  [J1455-3330] adding red noise...
  [J1455-3330] white noise for Rcvr1_2_GUPPI (4932 TOAs)...
  [J1455-3330] white noise for Rcvr_800_GUPPI (4843 TOAs)...
  [J1455-3330] white noise for Rcvr1_2_GASP (564 TOAs)...
  [J1455-3330] white noise for Rcvr_800_GASP (479 TOAs)...
  [J1600-3053] zeroing residuals...
  [J1600-3053] adding red noise...
  [J1600-3053] white noise for Rcvr1_2_GASP (457 TOAs)...
  [J1600-3053] white noise for Rcvr1_2_GUPPI (10168 TOAs)...
  [J1600-3053] white noise for 3GHz_YUPPI (3237 TOAs)...
  [J1600-3053] white noise for Rcvr_800_GUPPI (8796 TOAs)...
  [J1600-3053] white noise for Rcvr_800_GASP (297 TOAs)...
  [J1614-2230] zeroing residuals...
  [J1614-2230] adding red noise...
  [J1614-2230] white noise for Rcvr1_2_GUPPI (10509 TOAs)...
  [J1614-2230] white noise for Rcvr_800_GUPPI (7768 TOAs)...
  [J1614-2230] white noise for Rcvr1_2_GASP (84 TOAs)...
  [J1614-2230] white noise for Rcvr_800_GASP (84 TOAs)...
  [J1630+3734] zeroing residuals...
  [J1630+3734] adding red noise...
  [J1630+3734] white noise for Rcvr1_2_GUPPI (909 TOAs)...
  [J1630+3734] white noise for Rcvr_800_GUPPI (906 TOAs)...
  [J1640+2224] zeroing residuals...
  [J1640+2224] adding red noise...
  [J1640+2224] white noise for 430_PUPPI (3157 TOAs)...
  [J1640+2224] white noise for 430_ASP (340 TOAs)...
  [J1640+2224] white noise for L-wide_ASP (722 TOAs)...
  [J1640+2224] white noise for L-wide_PUPPI (9847 TOAs)...
  [J1643-1224] zeroing residuals...
  [J1643-1224] adding red noise...
  [J1643-1224] white noise for Rcvr1_2_GASP (833 TOAs)...
  [J1643-1224] white noise for Rcvr1_2_GUPPI (8803 TOAs)...
  [J1643-1224] white noise for 3GHz_YUPPI (4215 TOAs)...
  [J1643-1224] white noise for Rcvr_800_GUPPI (7734 TOAs)...
  [J1643-1224] white noise for Rcvr_800_GASP (559 TOAs)...
  [J1705-1903] zeroing residuals...
  [J1705-1903] adding red noise...
  [J1705-1903] white noise for Rcvr1_2_GUPPI (6350 TOAs)...
  [J1705-1903] white noise for Rcvr_800_GUPPI (3521 TOAs)...
  [J1713+0747] zeroing residuals...
  [J1713+0747] adding red noise...
  [J1713+0747] white noise for S-wide_ASP (624 TOAs)...
  [J1713+0747] white noise for Rcvr1_2_GASP (1109 TOAs)...
  [J1713+0747] white noise for Rcvr1_2_GUPPI (22334 TOAs)...
  [J1713+0747] white noise for 3GHz_YUPPI (3282 TOAs)...
  [J1713+0747] white noise for Rcvr_800_GUPPI (8479 TOAs)...
  [J1713+0747] white noise for L-wide_PUPPI (12743 TOAs)...
  [J1713+0747] white noise for L-wide_ASP (843 TOAs)...
  [J1713+0747] white noise for S-wide_PUPPI (7482 TOAs)...
  [J1713+0747] white noise for Rcvr_800_GASP (1032 TOAs)...
  [J1713+0747] white noise for 1.5GHz_YUPPI (1461 TOAs)...
  [J1719-1438] zeroing residuals...
  [J1719-1438] adding red noise...
  [J1719-1438] white noise for Rcvr1_2_GUPPI (2722 TOAs)...
  [J1719-1438] white noise for Rcvr_800_GUPPI (3634 TOAs)...
  [J1730-2304] zeroing residuals...
  [J1730-2304] adding red noise...
  [J1730-2304] white noise for Rcvr1_2_GUPPI (2367 TOAs)...
  [J1730-2304] white noise for Rcvr_800_GUPPI (2503 TOAs)...
  [J1738+0333] zeroing residuals...
  [J1738+0333] adding red noise...
  [J1738+0333] white noise for S-wide_ASP (134 TOAs)...
  [J1738+0333] white noise for L-wide_ASP (201 TOAs)...
  [J1738+0333] white noise for L-wide_PUPPI (6718 TOAs)...
  [J1738+0333] white noise for S-wide_PUPPI (1737 TOAs)...
  [J1741+1351] zeroing residuals...
  [J1741+1351] adding red noise...
  [J1741+1351] white noise for 430_PUPPI (1159 TOAs)...
  [J1741+1351] white noise for S-wide_ASP (115 TOAs)...
  [J1741+1351] white noise for L-wide_PUPPI (4045 TOAs)...
  [J1741+1351] white noise for 430_ASP (27 TOAs)...
  [J1741+1351] white noise for L-wide_ASP (236 TOAs)...
  [J1744-1134] zeroing residuals...
  [J1744-1134] adding red noise...
  [J1744-1134] white noise for Rcvr1_2_GUPPI (8109 TOAs)...
  [J1744-1134] white noise for Rcvr_800_GUPPI (7899 TOAs)...
  [J1744-1134] white noise for Rcvr1_2_GASP (807 TOAs)...
  [J1744-1134] white noise for Rcvr_800_GASP (930 TOAs)...
  [J1745+1017] zeroing residuals...
  [J1745+1017] adding red noise...
  [J1745+1017] white noise for L-wide_PUPPI (2179 TOAs)...
  [J1745+1017] white noise for S-wide_PUPPI (838 TOAs)...
  [J1747-4036] zeroing residuals...
  [J1747-4036] adding red noise...
  [J1747-4036] white noise for Rcvr1_2_GUPPI (5239 TOAs)...
  [J1747-4036] white noise for Rcvr_800_GUPPI (5816 TOAs)...
  [J1751-2857] zeroing residuals...
  [J1751-2857] adding red noise...
  [J1751-2857] white noise for Rcvr1_2_GUPPI (1786 TOAs)...
  [J1751-2857] white noise for Rcvr_800_GUPPI (239 TOAs)...
  [J1802-2124] zeroing residuals...
  [J1802-2124] adding red noise...
  [J1802-2124] white noise for Rcvr1_2_GUPPI (3231 TOAs)...
  [J1802-2124] white noise for Rcvr_800_GUPPI (3565 TOAs)...
  [J1811-2405] zeroing residuals...
  [J1811-2405] adding red noise...
  [J1811-2405] white noise for Rcvr1_2_GUPPI (2638 TOAs)...
  [J1811-2405] white noise for Rcvr_800_GUPPI (2628 TOAs)...
  [J1832-0836] zeroing residuals...
  [J1832-0836] adding red noise...
  [J1832-0836] white noise for Rcvr1_2_GUPPI (4661 TOAs)...
  [J1832-0836] white noise for Rcvr_800_GUPPI (3078 TOAs)...
  [J1843-1113] zeroing residuals...
  [J1843-1113] adding red noise...
  [J1843-1113] white noise for Rcvr1_2_GUPPI (2394 TOAs)...
  [J1843-1113] white noise for Rcvr_800_GUPPI (2201 TOAs)...
  [J1853+1303] zeroing residuals...
  [J1853+1303] adding red noise...
  [J1853+1303] white noise for 430_PUPPI (1151 TOAs)...
  [J1853+1303] white noise for 430_ASP (24 TOAs)...
  [J1853+1303] white noise for L-wide_ASP (33 TOAs)...
  [J1853+1303] white noise for L-wide_PUPPI (3362 TOAs)...
  [J1903+0327] zeroing residuals...
  [J1903+0327] adding red noise...
  [J1903+0327] white noise for S-wide_ASP (151 TOAs)...
  [J1903+0327] white noise for 3GHz_YUPPI (439 TOAs)...
  [J1903+0327] white noise for L-wide_PUPPI (3845 TOAs)...
  [J1903+0327] white noise for S-wide_PUPPI (2282 TOAs)...
  [J1903+0327] white noise for L-wide_ASP (139 TOAs)...
  [J1909-3744] zeroing residuals...
  [J1909-3744] adding red noise...
  [J1909-3744] white noise for Rcvr1_2_GASP (808 TOAs)...
  [J1909-3744] white noise for Rcvr1_2_GUPPI (20439 TOAs)...
  [J1909-3744] white noise for 3GHz_YUPPI (3525 TOAs)...
  [J1909-3744] white noise for Rcvr_800_GUPPI (9399 TOAs)...
  [J1909-3744] white noise for Rcvr_800_GASP (866 TOAs)...
  [J1910+1256] zeroing residuals...
  [J1910+1256] adding red noise...
  [J1910+1256] white noise for S-wide_ASP (208 TOAs)...
  [J1910+1256] white noise for L-wide_ASP (297 TOAs)...
  [J1910+1256] white noise for L-wide_PUPPI (4124 TOAs)...
  [J1910+1256] white noise for S-wide_PUPPI (1857 TOAs)...
  [J1911+1347] zeroing residuals...
  [J1911+1347] adding red noise...
  [J1911+1347] white noise for 430_PUPPI (753 TOAs)...
  [J1911+1347] white noise for L-wide_PUPPI (3033 TOAs)...
  [J1918-0642] zeroing residuals...
  [J1918-0642] adding red noise...
  [J1918-0642] white noise for Rcvr1_2_GUPPI (8910 TOAs)...
  [J1918-0642] white noise for Rcvr_800_GUPPI (8352 TOAs)...
  [J1918-0642] white noise for Rcvr1_2_GASP (778 TOAs)...
  [J1918-0642] white noise for Rcvr_800_GASP (835 TOAs)...
  [J1923+2515] zeroing residuals...
  [J1923+2515] adding red noise...
  [J1923+2515] white noise for 430_PUPPI (922 TOAs)...
  [J1923+2515] white noise for 430_ASP (10 TOAs)...
  [J1923+2515] white noise for L-wide_ASP (14 TOAs)...
  [J1923+2515] white noise for L-wide_PUPPI (3028 TOAs)...
  [J1944+0907] zeroing residuals...
  [J1944+0907] adding red noise...
  [J1944+0907] white noise for 430_PUPPI (1017 TOAs)...
  [J1944+0907] white noise for S-wide_ASP (116 TOAs)...
  [J1944+0907] white noise for L-wide_PUPPI (3900 TOAs)...
  [J1944+0907] white noise for 430_ASP (38 TOAs)...
  [J1944+0907] white noise for L-wide_ASP (257 TOAs)...
  [J1946+3417] zeroing residuals...
  [J1946+3417] adding red noise...
  [J1946+3417] white noise for L-wide_PUPPI (3197 TOAs)...
  [J1946+3417] white noise for S-wide_PUPPI (1546 TOAs)...
  [J2010-1323] zeroing residuals...
  [J2010-1323] adding red noise...
  [J2010-1323] white noise for Rcvr1_2_GUPPI (7779 TOAs)...
  [J2010-1323] white noise for Rcvr_800_GUPPI (9158 TOAs)...
  [J2010-1323] white noise for Rcvr1_2_GASP (70 TOAs)...
  [J2010-1323] white noise for Rcvr_800_GASP (70 TOAs)...
  [J2017+0603] zeroing residuals...
  [J2017+0603] adding red noise...
  [J2017+0603] white noise for 430_PUPPI (78 TOAs)...
  [J2017+0603] white noise for L-wide_ASP (16 TOAs)...
  [J2017+0603] white noise for L-wide_PUPPI (2569 TOAs)...
  [J2017+0603] white noise for S-wide_PUPPI (849 TOAs)...
  [J2033+1734] zeroing residuals...
  [J2033+1734] adding red noise...
  [J2033+1734] white noise for 430_PUPPI (797 TOAs)...
  [J2033+1734] white noise for L-wide_PUPPI (3050 TOAs)...
  [J2043+1711] zeroing residuals...
  [J2043+1711] adding red noise...
  [J2043+1711] white noise for 430_PUPPI (2908 TOAs)...
  [J2043+1711] white noise for 430_ASP (30 TOAs)...
  [J2043+1711] white noise for L-wide_ASP (40 TOAs)...
  [J2043+1711] white noise for L-wide_PUPPI (4419 TOAs)...
  [J2124-3358] zeroing residuals...
  [J2124-3358] adding red noise...
  [J2124-3358] white noise for Rcvr1_2_GUPPI (2957 TOAs)...
  [J2124-3358] white noise for Rcvr_800_GUPPI (2025 TOAs)...
  [J2145-0750] zeroing residuals...
  [J2145-0750] adding red noise...
  [J2145-0750] white noise for Rcvr1_2_GUPPI (9158 TOAs)...
  [J2145-0750] white noise for Rcvr_800_GUPPI (8728 TOAs)...
  [J2145-0750] white noise for Rcvr1_2_GASP (427 TOAs)...
  [J2145-0750] white noise for Rcvr_800_GASP (362 TOAs)...
  [J2214+3000] zeroing residuals...
  [J2214+3000] adding red noise...
  [J2214+3000] white noise for L-wide_ASP (9 TOAs)...
  [J2214+3000] white noise for L-wide_PUPPI (5829 TOAs)...
  [J2214+3000] white noise for S-wide_PUPPI (1568 TOAs)...
  [J2229+2643] zeroing residuals...
  [J2229+2643] adding red noise...
  [J2229+2643] white noise for 430_PUPPI (956 TOAs)...
  [J2229+2643] white noise for L-wide_PUPPI (2755 TOAs)...
  [J2234+0611] zeroing residuals...
  [J2234+0611] adding red noise...
  [J2234+0611] white noise for 430_PUPPI (653 TOAs)...
  [J2234+0611] white noise for L-wide_PUPPI (2913 TOAs)...
  [J2234+0944] zeroing residuals...
  [J2234+0944] adding red noise...
  [J2234+0944] white noise for L-wide_PUPPI (5003 TOAs)...
  [J2234+0944] white noise for S-wide_PUPPI (2532 TOAs)...
  [J2302+4442] zeroing residuals...
  [J2302+4442] adding red noise...
  [J2302+4442] white noise for Rcvr1_2_GUPPI (3779 TOAs)...
  [J2302+4442] white noise for Rcvr_800_GUPPI (6432 TOAs)...
  [J2317+1439] zeroing residuals...
  [J2317+1439] adding red noise...
  [J2317+1439] white noise for 430_PUPPI (3217 TOAs)...
  [J2317+1439] white noise for 327_ASP (413 TOAs)...
  [J2317+1439] white noise for 327_PUPPI (276 TOAs)...
  [J2317+1439] white noise for L-wide_PUPPI (9563 TOAs)...
  [J2317+1439] white noise for 430_ASP (458 TOAs)...
  [J2322+2057] zeroing residuals...
  [J2322+2057] adding red noise...
  [J2322+2057] white noise for 430_PUPPI (752 TOAs)...
  [J2322+2057] white noise for L-wide_PUPPI (2196 TOAs)...
  [J2322+2057] white noise for S-wide_PUPPI (140 TOAs)...
Resetting pulsars to clean stoas...
Restore: 0.00 s
Inject: 0.00 s
Snapshotting into enterprise Pulsar objects...
Building PTA...
PTA build: 423.21 s
Computing optimal statistic...
OS time: 47.11 s
Total: 470.32 s
Noise-only SNR baseline: -0.6957

Generating SNR-consistent population...
Target SNR: 4.0
Resetting pulsars to clean stoas...
Restore: 0.01 s
Injecting population...
  B1855+09: RMS = 1646.381 ns
  B1937+21: RMS = 1436.994 ns
  B1953+29: RMS = 1498.468 ns
  J0023+0923: RMS = 2498.440 ns
  J0030+0451: RMS = 2338.124 ns
  J0340+4130: RMS = 558.420 ns
  J0406+3039: RMS = 1061.989 ns
  J0437-4715: RMS = 1765.718 ns
  J0509+0856: RMS = 627.556 ns
  J0557+1551: RMS = 1733.581 ns
  J0605+3757: RMS = 1238.082 ns
  J0610-2100: RMS = 396.598 ns
  J0613-0200: RMS = 1493.053 ns
  J0636+5128: RMS = 1393.632 ns
  J0645+5158: RMS = 1509.690 ns
  J0709+0458: RMS = 1462.272 ns
  J0740+6620: RMS = 469.578 ns
  J0931-1902: RMS = 419.868 ns
  J1012+5307: RMS = 1519.843 ns
  J1012-4235: RMS = 394.779 ns
  J1022+1001: RMS = 728.917 ns
  J1024-0719: RMS = 1075.733 ns
  J1125+7819: RMS = 1091.433 ns
  J1312+0051: RMS = 1309.900 ns
  J1453+1902: RMS = 1695.742 ns
  J1455-3330: RMS = 1393.262 ns
  J1600-3053: RMS = 959.565 ns
  J1614-2230: RMS = 2061.377 ns
  J1630+3734: RMS = 414.121 ns
  J1640+2224: RMS = 1827.878 ns
  J1643-1224: RMS = 1884.307 ns
  J1705-1903: RMS = 1831.734 ns
  J1713+0747: RMS = 1243.944 ns
  J1719-1438: RMS = 1232.738 ns
  J1730-2304: RMS = 953.320 ns
  J1738+0333: RMS = 1148.030 ns
  J1741+1351: RMS = 1170.971 ns
  J1744-1134: RMS = 1040.446 ns
  J1745+1017: RMS = 702.576 ns
  J1747-4036: RMS = 789.133 ns
  J1751-2857: RMS = 646.683 ns
  J1802-2124: RMS = 470.568 ns
  J1811-2405: RMS = 927.441 ns
  J1832-0836: RMS = 1313.237 ns
  J1843-1113: RMS = 1046.479 ns
  J1853+1303: RMS = 1079.058 ns
  J1903+0327: RMS = 1884.444 ns
  J1909-3744: RMS = 1614.972 ns
  J1910+1256: RMS = 1275.025 ns
  J1911+1347: RMS = 1923.970 ns
  J1918-0642: RMS = 2327.528 ns
  J1923+2515: RMS = 1147.006 ns
  J1944+0907: RMS = 2085.749 ns
  J1946+3417: RMS = 1912.915 ns
  J2010-1323: RMS = 2044.839 ns
  J2017+0603: RMS = 1788.490 ns
  J2033+1734: RMS = 1790.819 ns
  J2043+1711: RMS = 1050.671 ns
  J2124-3358: RMS = 722.470 ns
  J2145-0750: RMS = 685.531 ns
  J2214+3000: RMS = 577.457 ns
  J2229+2643: RMS = 783.498 ns
  J2234+0611: RMS = 794.882 ns
  J2234+0944: RMS = 659.996 ns
  J2302+4442: RMS = 1228.012 ns
  J2317+1439: RMS = 2531.620 ns
  J2322+2057: RMS = 1026.472 ns
Inject: 154.45 s
Snapshotting into enterprise Pulsar objects...
Building PTA...
PTA build: 415.35 s
Computing optimal statistic...
OS time: 46.31 s
Total: 616.11 s
Initial SNR: 16.2394, Target SNR: 4.0000
  Initial SNR 16.2394 outside of provided SNR_range [3.5, 4.25] — rescaling.
Scaling distances by factor 1.8991 to achieve target SNR...
Resetting pulsars to clean stoas...
Restore: 0.00 s
Injecting population...
  B1855+09: RMS = 866.936 ns
  B1937+21: RMS = 756.678 ns
  B1953+29: RMS = 789.049 ns
  J0023+0923: RMS = 1315.605 ns
  J0030+0451: RMS = 1231.187 ns
  J0340+4130: RMS = 294.048 ns
  J0406+3039: RMS = 559.212 ns
  J0437-4715: RMS = 929.775 ns
  J0509+0856: RMS = 330.452 ns
  J0557+1551: RMS = 912.853 ns
  J0605+3757: RMS = 651.937 ns
  J0610-2100: RMS = 208.837 ns
  J0613-0200: RMS = 786.198 ns
  J0636+5128: RMS = 733.846 ns
  J0645+5158: RMS = 794.958 ns
  J0709+0458: RMS = 769.989 ns
  J0740+6620: RMS = 247.266 ns
  J0931-1902: RMS = 221.090 ns
  J1012+5307: RMS = 800.305 ns
  J1012-4235: RMS = 207.879 ns
  J1022+1001: RMS = 383.826 ns
  J1024-0719: RMS = 566.449 ns
  J1125+7819: RMS = 574.717 ns
  J1312+0051: RMS = 689.755 ns
  J1453+1902: RMS = 892.928 ns
  J1455-3330: RMS = 733.650 ns
  J1600-3053: RMS = 505.279 ns
  J1614-2230: RMS = 1085.460 ns
  J1630+3734: RMS = 218.064 ns
  J1640+2224: RMS = 962.506 ns
  J1643-1224: RMS = 992.221 ns
  J1705-1903: RMS = 964.537 ns
  J1713+0747: RMS = 655.024 ns
  J1719-1438: RMS = 649.123 ns
  J1730-2304: RMS = 501.990 ns
  J1738+0333: RMS = 604.519 ns
  J1741+1351: RMS = 616.599 ns
  J1744-1134: RMS = 547.868 ns
  J1745+1017: RMS = 369.956 ns
  J1747-4036: RMS = 415.534 ns
  J1751-2857: RMS = 340.524 ns
  J1802-2124: RMS = 247.787 ns
  J1811-2405: RMS = 488.363 ns
  J1832-0836: RMS = 691.512 ns
  J1843-1113: RMS = 551.045 ns
  J1853+1303: RMS = 568.200 ns
  J1903+0327: RMS = 992.293 ns
  J1909-3744: RMS = 850.396 ns
  J1910+1256: RMS = 671.391 ns
  J1911+1347: RMS = 1013.106 ns
  J1918-0642: RMS = 1225.608 ns
  J1923+2515: RMS = 603.980 ns
  J1944+0907: RMS = 1098.294 ns
  J1946+3417: RMS = 1007.285 ns
  J2010-1323: RMS = 1076.752 ns
  J2017+0603: RMS = 941.766 ns
  J2033+1734: RMS = 942.993 ns
  J2043+1711: RMS = 553.252 ns
  J2124-3358: RMS = 380.431 ns
  J2145-0750: RMS = 360.980 ns
  J2214+3000: RMS = 304.072 ns
  J2229+2643: RMS = 412.567 ns
  J2234+0611: RMS = 418.561 ns
  J2234+0944: RMS = 347.534 ns
  J2302+4442: RMS = 646.635 ns
  J2317+1439: RMS = 1333.076 ns
  J2322+2057: RMS = 540.510 ns
Inject: 170.92 s
Snapshotting into enterprise Pulsar objects...
Building PTA...
PTA build: 409.25 s
Computing optimal statistic...
OS time: 54.03 s
Total: 634.20 s
  SNR 4.9044 outside of provided SNR_range [3.5, 4.25] — rescaling.
[Iteration 1/4] SNR after scaling: 4.9044 (target: 4.0000)
  SNR history: it0→16.2394@1.0000x, it1→4.9044@1.8991x
  Re-scaling distances by factor 1.1075  (cumulative after: 2.1032×)
Resetting pulsars to clean stoas...
Restore: 2.44 s
Injecting population...
  B1855+09: RMS = 782.801 ns
  B1937+21: RMS = 683.244 ns
  B1953+29: RMS = 712.473 ns
  J0023+0923: RMS = 1187.927 ns
  J0030+0451: RMS = 1111.702 ns
  J0340+4130: RMS = 265.511 ns
  J0406+3039: RMS = 504.941 ns
  J0437-4715: RMS = 839.541 ns
  J0509+0856: RMS = 298.382 ns
  J0557+1551: RMS = 824.261 ns
  J0605+3757: RMS = 588.667 ns
  J0610-2100: RMS = 188.570 ns
  J0613-0200: RMS = 709.898 ns
  J0636+5128: RMS = 662.627 ns
  J0645+5158: RMS = 717.808 ns
  J0709+0458: RMS = 695.263 ns
  J0740+6620: RMS = 223.269 ns
  J0931-1902: RMS = 199.634 ns
  J1012+5307: RMS = 722.636 ns
  J1012-4235: RMS = 187.704 ns
  J1022+1001: RMS = 346.576 ns
  J1024-0719: RMS = 511.476 ns
  J1125+7819: RMS = 518.941 ns
  J1312+0051: RMS = 622.815 ns
  J1453+1902: RMS = 806.270 ns
  J1455-3330: RMS = 662.451 ns
  J1600-3053: RMS = 456.242 ns
  J1614-2230: RMS = 980.117 ns
  J1630+3734: RMS = 196.901 ns
  J1640+2224: RMS = 869.096 ns
  J1643-1224: RMS = 895.927 ns
  J1705-1903: RMS = 870.930 ns
  J1713+0747: RMS = 591.455 ns
  J1719-1438: RMS = 586.127 ns
  J1730-2304: RMS = 453.273 ns
  J1738+0333: RMS = 545.851 ns
  J1741+1351: RMS = 556.758 ns
  J1744-1134: RMS = 494.698 ns
  J1745+1017: RMS = 334.052 ns
  J1747-4036: RMS = 375.207 ns
  J1751-2857: RMS = 307.477 ns
  J1802-2124: RMS = 223.740 ns
  J1811-2405: RMS = 440.968 ns
  J1832-0836: RMS = 624.401 ns
  J1843-1113: RMS = 497.567 ns
  J1853+1303: RMS = 513.057 ns
  J1903+0327: RMS = 895.992 ns
  J1909-3744: RMS = 767.866 ns
  J1910+1256: RMS = 606.233 ns
  J1911+1347: RMS = 914.785 ns
  J1918-0642: RMS = 1106.664 ns
  J1923+2515: RMS = 545.364 ns
  J1944+0907: RMS = 991.706 ns
  J1946+3417: RMS = 909.529 ns
  J2010-1323: RMS = 972.254 ns
  J2017+0603: RMS = 850.369 ns
  J2033+1734: RMS = 851.476 ns
  J2043+1711: RMS = 499.560 ns
  J2124-3358: RMS = 343.511 ns
  J2145-0750: RMS = 325.948 ns
  J2214+3000: RMS = 274.562 ns
  J2229+2643: RMS = 372.528 ns
  J2234+0611: RMS = 377.941 ns
  J2234+0944: RMS = 313.807 ns
  J2302+4442: RMS = 583.880 ns
  J2317+1439: RMS = 1203.703 ns
  J2322+2057: RMS = 488.054 ns
Inject: 146.52 s
Snapshotting into enterprise Pulsar objects...
Building PTA...
PTA build: 400.00 s
Computing optimal statistic...
OS time: 41.68 s
Total: 590.64 s
  ✓ SNR is within the provided SNR_range: 4.0390 ∈ [3.5, 4.25]

Final SNR history:
  it 0: cumulative_scale=1.0000×  SNR=16.2394
  it 1: cumulative_scale=1.8991×  SNR=4.9044
  it 2: cumulative_scale=2.1032×  SNR=4.0390
✓ Simulation 1 done (1876.4 s)

======================================================================
ENSEMBLE SUMMARY
======================================================================
Success rate: 100.0% (1/1)

Binaries per population:
  Mean ± std : 10000000 ± 0
  Range      : [10000000, 10000000]

SNR achieved:
  Mean ± std : 4.0390 ± 0.0000
  Range      : [4.0390, 4.0390]

Total time: 2384.4 s (39.7 min)
======================================================================

💾 Saved: data/2026-04-29/pessimistic_run_99/consistent_population_pessimistic_targetSNR4.25_sims1.json
💾 Saved compressed pickle: data/2026-04-29/pessimistic_run_99/consistent_population_pessimistic_targetSNR4.25_sims1.pkl.gz

======================================================================
CONTINUOUS WAVE SNR ANALYSIS
======================================================================

--- Population 1 ---
Precomputation of phiinvs, TNTs, Ts, Nvecs, Sigmas took 0.05 seconds.
Total SNR computation for population took 334.68 seconds.
Top 50 CGW candidates:
   1. proxy_rank=   1  sky_w=1.58  f=2.36e-09 Hz  Mc=2.07e+09 Msun  h0=3.74e-15  SNR=2.509
   2. proxy_rank= 199  sky_w=1.41  f=8.68e-09 Hz  Mc=5.91e+09 Msun  h0=9.22e-16  SNR=1.879
   3. proxy_rank=  60  sky_w=1.38  f=7.56e-09 Hz  Mc=5.65e+09 Msun  h0=1.13e-15  SNR=1.616
   4. proxy_rank= 745  sky_w=0.95  f=1.16e-08 Hz  Mc=5.36e+09 Msun  h0=1.19e-15  SNR=1.579
   5. proxy_rank=  70  sky_w=1.38  f=6.42e-09 Hz  Mc=1.41e+09 Msun  h0=9.23e-16  SNR=1.505
   6. proxy_rank=  91  sky_w=0.72  f=5.66e-09 Hz  Mc=9.44e+09 Msun  h0=1.47e-15  SNR=1.491
   7. proxy_rank= 871  sky_w=1.53  f=1.09e-08 Hz  Mc=2.95e+09 Msun  h0=6.65e-16  SNR=1.406
   8. proxy_rank= 821  sky_w=1.12  f=1.21e-08 Hz  Mc=3.84e+09 Msun  h0=1.02e-15  SNR=1.406
   9. proxy_rank= 509  sky_w=1.40  f=8.10e-09 Hz  Mc=4.88e+09 Msun  h0=6.27e-16  SNR=1.224
  10. proxy_rank=  46  sky_w=1.49  f=5.11e-09 Hz  Mc=4.96e+09 Msun  h0=7.64e-16  SNR=1.176
  11. proxy_rank=  13  sky_w=0.79  f=3.96e-09 Hz  Mc=3.34e+09 Msun  h0=1.66e-15  SNR=1.008
  12. proxy_rank=   8  sky_w=0.88  f=3.43e-09 Hz  Mc=3.05e+09 Msun  h0=1.47e-15  SNR=0.851
  13. proxy_rank=  10  sky_w=1.54  f=3.40e-09 Hz  Mc=1.39e+09 Msun  h0=7.96e-16  SNR=0.817
  14. proxy_rank= 835  sky_w=1.56  f=8.05e-09 Hz  Mc=4.15e+09 Msun  h0=4.84e-16  SNR=0.747
  15. proxy_rank= 705  sky_w=1.58  f=6.04e-09 Hz  Mc=3.35e+09 Msun  h0=3.78e-16  SNR=0.716
  16. proxy_rank= 756  sky_w=1.37  f=1.13e-08 Hz  Mc=4.84e+09 Msun  h0=7.96e-16  SNR=0.713
  17. proxy_rank=  16  sky_w=0.90  f=3.24e-09 Hz  Mc=4.28e+09 Msun  h0=1.08e-15  SNR=0.677
  18. proxy_rank=  78  sky_w=0.82  f=3.87e-09 Hz  Mc=5.77e+09 Msun  h0=9.27e-16  SNR=0.654
  19. proxy_rank= 341  sky_w=0.86  f=5.11e-09 Hz  Mc=6.01e+09 Msun  h0=7.41e-16  SNR=0.625
  20. proxy_rank= 303  sky_w=1.25  f=4.83e-09 Hz  Mc=5.12e+09 Msun  h0=5.01e-16  SNR=0.623
  21. proxy_rank=  23  sky_w=1.18  f=3.07e-09 Hz  Mc=5.10e+09 Msun  h0=7.17e-16  SNR=0.620
  22. proxy_rank= 132  sky_w=1.32  f=4.11e-09 Hz  Mc=3.92e+09 Msun  h0=5.33e-16  SNR=0.617
  23. proxy_rank= 280  sky_w=1.62  f=4.63e-09 Hz  Mc=4.56e+09 Msun  h0=3.80e-16  SNR=0.591
  24. proxy_rank=  56  sky_w=1.05  f=3.41e-09 Hz  Mc=7.25e+09 Msun  h0=6.74e-16  SNR=0.584
  25. proxy_rank= 113  sky_w=1.27  f=3.98e-09 Hz  Mc=5.62e+09 Msun  h0=5.52e-16  SNR=0.576
  26. proxy_rank= 250  sky_w=1.50  f=6.04e-09 Hz  Mc=4.43e+09 Msun  h0=5.62e-16  SNR=0.571
  27. proxy_rank=  58  sky_w=1.26  f=4.40e-09 Hz  Mc=4.13e+09 Msun  h0=7.19e-16  SNR=0.558
  28. proxy_rank= 263  sky_w=1.10  f=4.95e-09 Hz  Mc=5.43e+09 Msun  h0=6.20e-16  SNR=0.547
  29. proxy_rank= 281  sky_w=1.26  f=4.74e-09 Hz  Mc=2.76e+09 Msun  h0=5.01e-16  SNR=0.542
  30. proxy_rank= 442  sky_w=1.12  f=5.07e-09 Hz  Mc=4.91e+09 Msun  h0=5.18e-16  SNR=0.540
  31. proxy_rank= 389  sky_w=0.99  f=4.32e-09 Hz  Mc=5.23e+09 Msun  h0=5.21e-16  SNR=0.494
  32. proxy_rank= 482  sky_w=1.28  f=8.09e-09 Hz  Mc=4.61e+09 Msun  h0=7.05e-16  SNR=0.487
  33. proxy_rank=   6  sky_w=1.08  f=2.70e-09 Hz  Mc=1.27e+09 Msun  h0=1.11e-15  SNR=0.482
  34. proxy_rank= 633  sky_w=1.33  f=4.76e-09 Hz  Mc=4.31e+09 Msun  h0=3.65e-16  SNR=0.478
  35. proxy_rank= 527  sky_w=1.55  f=4.67e-09 Hz  Mc=4.11e+09 Msun  h0=3.24e-16  SNR=0.465
  36. proxy_rank= 240  sky_w=1.55  f=3.89e-09 Hz  Mc=4.18e+09 Msun  h0=3.55e-16  SNR=0.462
  37. proxy_rank=  54  sky_w=1.45  f=3.71e-09 Hz  Mc=4.03e+09 Msun  h0=5.48e-16  SNR=0.454
  38. proxy_rank= 586  sky_w=1.03  f=4.48e-09 Hz  Mc=2.56e+09 Msun  h0=4.52e-16  SNR=0.451
  39. proxy_rank=  44  sky_w=1.15  f=3.65e-09 Hz  Mc=3.51e+09 Msun  h0=7.15e-16  SNR=0.446
  40. proxy_rank=  80  sky_w=1.45  f=3.30e-09 Hz  Mc=4.57e+09 Msun  h0=4.46e-16  SNR=0.445
  41. proxy_rank= 898  sky_w=0.96  f=4.51e-09 Hz  Mc=1.94e+09 Msun  h0=4.32e-16  SNR=0.444
  42. proxy_rank=  66  sky_w=1.09  f=3.74e-09 Hz  Mc=2.51e+09 Msun  h0=6.88e-16  SNR=0.433
  43. proxy_rank= 189  sky_w=1.57  f=3.84e-09 Hz  Mc=4.72e+09 Msun  h0=3.72e-16  SNR=0.431
  44. proxy_rank= 124  sky_w=1.25  f=5.46e-09 Hz  Mc=5.36e+09 Msun  h0=7.52e-16  SNR=0.426
  45. proxy_rank=   4  sky_w=1.03  f=2.20e-09 Hz  Mc=1.83e+09 Msun  h0=9.72e-16  SNR=0.424
  46. proxy_rank=  82  sky_w=1.62  f=3.24e-09 Hz  Mc=4.04e+09 Msun  h0=3.87e-16  SNR=0.421
  47. proxy_rank= 402  sky_w=0.73  f=4.32e-09 Hz  Mc=3.05e+09 Msun  h0=6.98e-16  SNR=0.421
  48. proxy_rank= 140  sky_w=1.36  f=4.19e-09 Hz  Mc=5.26e+09 Msun  h0=5.18e-16  SNR=0.419
  49. proxy_rank= 981  sky_w=1.34  f=4.91e-09 Hz  Mc=3.81e+09 Msun  h0=3.28e-16  SNR=0.419
  50. proxy_rank= 906  sky_w=1.57  f=5.52e-09 Hz  Mc=3.78e+09 Msun  h0=3.23e-16  SNR=0.415
💾 Saved: data/2026-04-29/pessimistic_run_99/consistent_population_pessimistic_targetSNR4.25_sims1.json
💾 Saved compressed pickle: data/2026-04-29/pessimistic_run_99/consistent_population_pessimistic_targetSNR4.25_sims1.pkl.gz
Saved to figures/cgw_analysis_pessimistic.pdf

======================================================================
ANALYSIS COMPLETE
Results saved to: data/2026-04-29/pessimistic_run_99
======================================================================

==========================================
Job finished at: Wed Apr 29 12:11:44 AEST 2026
Exit code: 0
==========================================

+------------------ Job Report: 11728734 (COMPLETED) ------------------+
| Memory (RAM)  [##################  ] 90.5% (36.2 GB peak / 40 GB)    |
| CPU           [#################   ] 88.0% average                   |
| Time          [------------->      ] 69.5% (0-00:52:07 / 0-01:15:00) |
|                                                                      |
| Lustre Filesystem:                                                   |
|   Path    Total Read    Total Write      Total IOPS                  |
|   ------  ------------  -------------  ------------                  |
|   /apps   0 B           0 B                      5                   |
|   /fred   96 KB         6.6 MB                  27                   |
|   /home   11 MB         0 B                     48                   |
|   OS      0 B           0 B                      2                   |
|                                                                      |
| Warnings:                                                            |
|   - Too much time requested                                          |
+----------------------------------------------------------------------+
