==========================================
Job ID: 11741090
Job Name: smbhb_pessimistic
Node: dave305
Start Time: Wed Apr 29 15:22:15 AEST 2026
==========================================

/home/bhoulden/.conda/envs/smbhb312/share/tempo2
Working directory: /fred/oz005/users/bhoulden/SMBHB_population_injections

Loaded modules:

Starting SMBHB analysis...
==========================================

📁 Save directory: data/2026-04-29/pessimistic_run_274
📝 Run name: pessimistic_run_274

[MEM] Start: 244.6 MB

📡 Loading pulsars...
======================================================================
LOADING NANOGRAV PULSARS (libstempo)
======================================================================

📦 Loading from cache: nanograv_pulsars_cache.pkl
⚠ Cache load failed: Ran out of input
[DEBUG] Found 76 .par files
[tempo2Util.C:396] Warning: [MISC1] Unknown parameter in par file:  DMDATA
[tempo2Util.C:401] Warning: [DUP1] duplicated warnings have been suppressed.

WARNING: Using tempo RNAMP parameter: setting TNRedC to 100!
[observatory.C:271] Warning: Assuming site 'arecibo' means 'ao'
✓ Loaded B1855+09 (7758 TOAs)

WARNING: Using tempo RNAMP parameter: setting TNRedC to 100!
✓ Loaded B1937+21 (23023 TOAs)

WARNING: Using tempo RNAMP parameter: setting TNRedC to 100!
✓ Loaded B1937+21ao (7241 TOAs)

WARNING: Using tempo RNAMP parameter: setting TNRedC to 100!
✓ Loaded B1937+21gbt (16048 TOAs)

WARNING: Using tempo RNAMP parameter: setting TNRedC to 100!
✓ Loaded B1953+29 (5126 TOAs)
✓ Loaded J0023+0923 (15896 TOAs)

WARNING: Using tempo RNAMP parameter: setting TNRedC to 100!
✓ Loaded J0030+0451 (19571 TOAs)
✓ Loaded J0340+4130 (11093 TOAs)
✓ Loaded J0406+3039 (2446 TOAs)

WARNING: Using tempo RNAMP parameter: setting TNRedC to 100!
✓ Loaded J0437-4715 (5830 TOAs)
✓ Loaded J0509+0856 (2169 TOAs)
✓ Loaded J0557+1551 (525 TOAs)
✓ Loaded J0605+3757 (554 TOAs)

WARNING: Using tempo RNAMP parameter: setting TNRedC to 100!
✓ Loaded J0610-2100 (4885 TOAs)

WARNING: Using tempo RNAMP parameter: setting TNRedC to 100!
✓ Loaded J0613-0200 (17124 TOAs)
✓ Loaded J0614-3329 (1714 TOAs)
✓ Loaded J0636+5128 (32222 TOAs)
✓ Loaded J0645+5158 (10403 TOAs)
✓ Loaded J0709+0458 (3030 TOAs)
✓ Loaded J0740+6620 (13401 TOAs)
✓ Loaded J0931-1902 (5473 TOAs)

WARNING: Using tempo RNAMP parameter: setting TNRedC to 100!
✓ Loaded J1012+5307 (25837 TOAs)
✓ Loaded J1012-4235 (797 TOAs)
✓ Loaded J1022+1001 (3978 TOAs)
✓ Loaded J1024-0719 (12635 TOAs)
✓ Loaded J1125+7819 (8723 TOAs)
✓ Loaded J1312+0051 (1705 TOAs)
✓ Loaded J1453+1902 (2551 TOAs)
✓ Loaded J1455-3330 (10818 TOAs)

WARNING: Using tempo RNAMP parameter: setting TNRedC to 100!
✓ Loaded J1600-3053 (22955 TOAs)

WARNING: Using tempo RNAMP parameter: setting TNRedC to 100!
✓ Loaded J1600-3053gbt (19725 TOAs)

WARNING: Using tempo RNAMP parameter: setting TNRedC to 100!
✓ Loaded J1614-2230 (18445 TOAs)
✓ Loaded J1630+3734 (1815 TOAs)
✓ Loaded J1640+2224 (14066 TOAs)

WARNING: Using tempo RNAMP parameter: setting TNRedC to 100!
✓ Loaded J1643-1224 (22144 TOAs)

WARNING: Using tempo RNAMP parameter: setting TNRedC to 100!
✓ Loaded J1643-1224gbt (17932 TOAs)

WARNING: Using tempo RNAMP parameter: setting TNRedC to 100!
✓ Loaded J1705-1903 (9871 TOAs)

WARNING: Using tempo RNAMP parameter: setting TNRedC to 100!
✓ Loaded J1713+0747 (59389 TOAs)

WARNING: Using tempo RNAMP parameter: setting TNRedC to 100!
✓ Loaded J1713+0747ao (21362 TOAs)

WARNING: Using tempo RNAMP parameter: setting TNRedC to 100!
✓ Loaded J1713+0747gbt (32963 TOAs)
✓ Loaded J1719-1438 (6356 TOAs)
✓ Loaded J1730-2304 (4870 TOAs)
✓ Loaded J1738+0333 (8790 TOAs)
✓ Loaded J1741+1351 (5582 TOAs)

WARNING: Using tempo RNAMP parameter: setting TNRedC to 100!
✓ Loaded J1744-1134 (17745 TOAs)

WARNING: Using tempo RNAMP parameter: setting TNRedC to 100!
✓ Loaded J1745+1017 (3017 TOAs)

WARNING: Using tempo RNAMP parameter: setting TNRedC to 100!
✓ Loaded J1747-4036 (11055 TOAs)
✓ Loaded J1751-2857 (2025 TOAs)

WARNING: Using tempo RNAMP parameter: setting TNRedC to 100!
✓ Loaded J1802-2124 (6796 TOAs)
✓ Loaded J1811-2405 (5266 TOAs)
✓ Loaded J1832-0836 (7739 TOAs)
✓ Loaded J1843-1113 (4595 TOAs)

WARNING: Using tempo RNAMP parameter: setting TNRedC to 100!
✓ Loaded J1853+1303 (4570 TOAs)

WARNING: Using tempo RNAMP parameter: setting TNRedC to 100!
✓ Loaded J1903+0327 (6856 TOAs)

WARNING: Using tempo RNAMP parameter: setting TNRedC to 100!
✓ Loaded J1903+0327ao (6423 TOAs)

WARNING: Using tempo RNAMP parameter: setting TNRedC to 100!
✓ Loaded J1909-3744 (35037 TOAs)

WARNING: Using tempo RNAMP parameter: setting TNRedC to 100!
✓ Loaded J1909-3744gbt (31526 TOAs)
✓ Loaded J1910+1256 (6486 TOAs)
✓ Loaded J1911+1347 (3786 TOAs)
✓ Loaded J1918-0642 (18875 TOAs)
✓ Loaded J1923+2515 (3974 TOAs)
✓ Loaded J1944+0907 (5328 TOAs)

WARNING: Using tempo RNAMP parameter: setting TNRedC to 100!
✓ Loaded J1946+3417 (4743 TOAs)
✓ Loaded J2010-1323 (17077 TOAs)
✓ Loaded J2017+0603 (3512 TOAs)
✓ Loaded J2033+1734 (3847 TOAs)
✓ Loaded J2043+1711 (7397 TOAs)
✓ Loaded J2124-3358 (4982 TOAs)

WARNING: Using tempo RNAMP parameter: setting TNRedC to 100!
✓ Loaded J2145-0750 (18675 TOAs)
✓ Loaded J2214+3000 (7406 TOAs)
✓ Loaded J2229+2643 (3711 TOAs)

WARNING: Using tempo RNAMP parameter: setting TNRedC to 100!
✓ Loaded J2234+0611 (3566 TOAs)
✓ Loaded J2234+0944 (7535 TOAs)
✓ Loaded J2302+4442 (10211 TOAs)
✓ Loaded J2317+1439 (13927 TOAs)
✓ Loaded J2322+2057 (3088 TOAs)
⚠ Could not save cache: no default __reduce__ due to non-trivial __cinit__

✓ Loaded 76 pulsars
✗ Failed: 0 — []
[MEM] After loading pulsars: 8863.2 MB

🔍 Filtering pulsars...

Filtered: 76 → 67 pulsars
[MEM] After filtering pulsars: 8864.3 MB
[MEM] After garbage collection: 8864.4 MB

======================================================================
SMBHB POPULATION ANALYSIS
======================================================================

Configuration: pessimistic
  Lower mass, lower spread in distance, large population
  N_binaries: 10000000

======================================================================
CONSISTENT POPULATION SYNTHESIS
======================================================================

======================================================================
GENERATING SNR-CONSISTENT POPULATIONS
======================================================================
Target SNR:          4.0
Simulations:         1
======================================================================


──────────────────────────────────────────────────────────────────────
SIMULATION 1/1
──────────────────────────────────────────────────────────────────────
  [B1855+09] zeroing residuals...
  [B1855+09] adding red noise...
  [B1855+09] white noise for L-wide_ASP (1178 TOAs)...
  [B1855+09] white noise for 430_PUPPI (1185 TOAs)...
  [B1855+09] white noise for 430_ASP (390 TOAs)...
  [B1855+09] white noise for L-wide_PUPPI (5005 TOAs)...
  [B1937+21] zeroing residuals...
  [B1937+21] adding red noise...
  [B1937+21] white noise for Rcvr1_2_GUPPI (7048 TOAs)...
  [B1937+21] white noise for L-wide_ASP (452 TOAs)...
  [B1937+21] white noise for Rcvr_800_GUPPI (7140 TOAs)...
  [B1937+21] white noise for Rcvr1_2_GASP (1069 TOAs)...
  [B1937+21] white noise for L-wide_PUPPI (4133 TOAs)...
  [B1937+21] white noise for S-wide_ASP (344 TOAs)...
  [B1937+21] white noise for Rcvr_800_GASP (586 TOAs)...
  [B1937+21] white noise for S-wide_PUPPI (2251 TOAs)...
  [B1953+29] zeroing residuals...
  [B1953+29] adding red noise...
  [B1953+29] white noise for 430_PUPPI (941 TOAs)...
  [B1953+29] white noise for L-wide_ASP (94 TOAs)...
  [B1953+29] white noise for L-wide_PUPPI (4037 TOAs)...
  [B1953+29] white noise for S-wide_ASP (25 TOAs)...
  [B1953+29] white noise for 430_ASP (29 TOAs)...
  [J0023+0923] zeroing residuals...
  [J0023+0923] adding red noise...
  [J0023+0923] white noise for L-wide_ASP (119 TOAs)...
  [J0023+0923] white noise for 430_PUPPI (4564 TOAs)...
  [J0023+0923] white noise for 430_ASP (90 TOAs)...
  [J0023+0923] white noise for L-wide_PUPPI (11123 TOAs)...
  [J0030+0451] zeroing residuals...
  [J0030+0451] adding red noise...
  [J0030+0451] white noise for 430_PUPPI (3068 TOAs)...
  [J0030+0451] white noise for L-wide_ASP (789 TOAs)...
  [J0030+0451] white noise for L-wide_PUPPI (12774 TOAs)...
  [J0030+0451] white noise for S-wide_PUPPI (2673 TOAs)...
  [J0030+0451] white noise for 430_ASP (267 TOAs)...
  [J0340+4130] zeroing residuals...
  [J0340+4130] adding red noise...
  [J0340+4130] white noise for Rcvr1_2_GUPPI (5037 TOAs)...
  [J0340+4130] white noise for Rcvr_800_GUPPI (6056 TOAs)...
  [J0406+3039] zeroing residuals...
  [J0406+3039] adding red noise...
  [J0406+3039] white noise for L-wide_PUPPI (1871 TOAs)...
  [J0406+3039] white noise for S-wide_PUPPI (575 TOAs)...
  [J0437-4715] zeroing residuals...
  [J0437-4715] adding red noise...
  [J0437-4715] white noise for 3GHz_YUPPI (3696 TOAs)...
  [J0437-4715] white noise for 1.5GHz_YUPPI (2134 TOAs)...
  [J0509+0856] zeroing residuals...
  [J0509+0856] adding red noise...
  [J0509+0856] white noise for L-wide_PUPPI (1625 TOAs)...
  [J0509+0856] white noise for S-wide_PUPPI (544 TOAs)...
  [J0557+1551] zeroing residuals...
  [J0557+1551] adding red noise...
  [J0557+1551] white noise for L-wide_PUPPI (467 TOAs)...
  [J0557+1551] white noise for S-wide_PUPPI (58 TOAs)...
  [J0605+3757] zeroing residuals...
  [J0605+3757] adding red noise...
  [J0605+3757] white noise for Rcvr1_2_GUPPI (318 TOAs)...
  [J0605+3757] white noise for Rcvr_800_GUPPI (236 TOAs)...
  [J0610-2100] zeroing residuals...
  [J0610-2100] adding red noise...
  [J0610-2100] white noise for Rcvr1_2_GUPPI (2401 TOAs)...
  [J0610-2100] white noise for Rcvr_800_GUPPI (2484 TOAs)...
  [J0613-0200] zeroing residuals...
  [J0613-0200] adding red noise...
  [J0613-0200] white noise for Rcvr_800_GASP (809 TOAs)...
  [J0613-0200] white noise for Rcvr1_2_GUPPI (7423 TOAs)...
  [J0613-0200] white noise for Rcvr_800_GUPPI (7900 TOAs)...
  [J0613-0200] white noise for Rcvr1_2_GASP (992 TOAs)...
  [J0636+5128] zeroing residuals...
  [J0636+5128] adding red noise...
  [J0636+5128] white noise for Rcvr1_2_GUPPI (14803 TOAs)...
  [J0636+5128] white noise for Rcvr_800_GUPPI (17419 TOAs)...
  [J0645+5158] zeroing residuals...
  [J0645+5158] adding red noise...
  [J0645+5158] white noise for Rcvr1_2_GUPPI (5721 TOAs)...
  [J0645+5158] white noise for Rcvr_800_GUPPI (4682 TOAs)...
  [J0709+0458] zeroing residuals...
  [J0709+0458] adding red noise...
  [J0709+0458] white noise for L-wide_PUPPI (2435 TOAs)...
  [J0709+0458] white noise for S-wide_PUPPI (595 TOAs)...
  [J0740+6620] zeroing residuals...
  [J0740+6620] adding red noise...
  [J0740+6620] white noise for Rcvr1_2_GUPPI (8265 TOAs)...
  [J0740+6620] white noise for Rcvr_800_GUPPI (5136 TOAs)...
  [J0931-1902] zeroing residuals...
  [J0931-1902] adding red noise...
  [J0931-1902] white noise for Rcvr1_2_GUPPI (2054 TOAs)...
  [J0931-1902] white noise for Rcvr_800_GUPPI (3419 TOAs)...
  [J1012+5307] zeroing residuals...
  [J1012+5307] adding red noise...
  [J1012+5307] white noise for Rcvr_800_GASP (1210 TOAs)...
  [J1012+5307] white noise for Rcvr1_2_GUPPI (12849 TOAs)...
  [J1012+5307] white noise for Rcvr_800_GUPPI (10299 TOAs)...
  [J1012+5307] white noise for Rcvr1_2_GASP (1479 TOAs)...
  [J1012-4235] zeroing residuals...
  [J1012-4235] adding red noise...
  [J1012-4235] white noise for Rcvr1_2_GUPPI (455 TOAs)...
  [J1012-4235] white noise for Rcvr_800_GUPPI (342 TOAs)...
  [J1022+1001] zeroing residuals...
  [J1022+1001] adding red noise...
  [J1022+1001] white noise for 430_PUPPI (232 TOAs)...
  [J1022+1001] white noise for L-wide_PUPPI (2592 TOAs)...
  [J1022+1001] white noise for S-wide_PUPPI (1154 TOAs)...
  [J1024-0719] zeroing residuals...
  [J1024-0719] adding red noise...
  [J1024-0719] white noise for Rcvr_800_GASP (51 TOAs)...
  [J1024-0719] white noise for Rcvr1_2_GUPPI (7086 TOAs)...
  [J1024-0719] white noise for Rcvr_800_GUPPI (5455 TOAs)...
  [J1024-0719] white noise for Rcvr1_2_GASP (43 TOAs)...
  [J1125+7819] zeroing residuals...
  [J1125+7819] adding red noise...
  [J1125+7819] white noise for Rcvr1_2_GUPPI (4016 TOAs)...
  [J1125+7819] white noise for Rcvr_800_GUPPI (4707 TOAs)...
  [J1312+0051] zeroing residuals...
  [J1312+0051] adding red noise...
  [J1312+0051] white noise for L-wide_PUPPI (1289 TOAs)...
  [J1312+0051] white noise for S-wide_PUPPI (416 TOAs)...
  [J1453+1902] zeroing residuals...
  [J1453+1902] adding red noise...
  [J1453+1902] white noise for 430_PUPPI (425 TOAs)...
  [J1453+1902] white noise for L-wide_PUPPI (2122 TOAs)...
  [J1453+1902] white noise for S-wide_PUPPI (4 TOAs)...
  [J1455-3330] zeroing residuals...
  [J1455-3330] adding red noise...
  [J1455-3330] white noise for Rcvr_800_GASP (479 TOAs)...
  [J1455-3330] white noise for Rcvr1_2_GUPPI (4932 TOAs)...
  [J1455-3330] white noise for Rcvr_800_GUPPI (4843 TOAs)...
  [J1455-3330] white noise for Rcvr1_2_GASP (564 TOAs)...
  [J1600-3053] zeroing residuals...
  [J1600-3053] adding red noise...
  [J1600-3053] white noise for 3GHz_YUPPI (3237 TOAs)...
  [J1600-3053] white noise for Rcvr1_2_GUPPI (10168 TOAs)...
  [J1600-3053] white noise for Rcvr_800_GUPPI (8796 TOAs)...
  [J1600-3053] white noise for Rcvr1_2_GASP (457 TOAs)...
  [J1600-3053] white noise for Rcvr_800_GASP (297 TOAs)...
  [J1614-2230] zeroing residuals...
  [J1614-2230] adding red noise...
  [J1614-2230] white noise for Rcvr_800_GASP (84 TOAs)...
  [J1614-2230] white noise for Rcvr1_2_GUPPI (10509 TOAs)...
  [J1614-2230] white noise for Rcvr_800_GUPPI (7768 TOAs)...
  [J1614-2230] white noise for Rcvr1_2_GASP (84 TOAs)...
  [J1630+3734] zeroing residuals...
  [J1630+3734] adding red noise...
  [J1630+3734] white noise for Rcvr1_2_GUPPI (909 TOAs)...
  [J1630+3734] white noise for Rcvr_800_GUPPI (906 TOAs)...
  [J1640+2224] zeroing residuals...
  [J1640+2224] adding red noise...
  [J1640+2224] white noise for L-wide_ASP (722 TOAs)...
  [J1640+2224] white noise for 430_PUPPI (3157 TOAs)...
  [J1640+2224] white noise for 430_ASP (340 TOAs)...
  [J1640+2224] white noise for L-wide_PUPPI (9847 TOAs)...
  [J1643-1224] zeroing residuals...
  [J1643-1224] adding red noise...
  [J1643-1224] white noise for 3GHz_YUPPI (4215 TOAs)...
  [J1643-1224] white noise for Rcvr1_2_GUPPI (8803 TOAs)...
  [J1643-1224] white noise for Rcvr_800_GUPPI (7734 TOAs)...
  [J1643-1224] white noise for Rcvr1_2_GASP (833 TOAs)...
  [J1643-1224] white noise for Rcvr_800_GASP (559 TOAs)...
  [J1705-1903] zeroing residuals...
  [J1705-1903] adding red noise...
  [J1705-1903] white noise for Rcvr1_2_GUPPI (6350 TOAs)...
  [J1705-1903] white noise for Rcvr_800_GUPPI (3521 TOAs)...
  [J1713+0747] zeroing residuals...
  [J1713+0747] adding red noise...
  [J1713+0747] white noise for 3GHz_YUPPI (3282 TOAs)...
  [J1713+0747] white noise for L-wide_ASP (843 TOAs)...
  [J1713+0747] white noise for Rcvr1_2_GUPPI (22334 TOAs)...
  [J1713+0747] white noise for Rcvr_800_GUPPI (8479 TOAs)...
  [J1713+0747] white noise for Rcvr1_2_GASP (1109 TOAs)...
  [J1713+0747] white noise for L-wide_PUPPI (12743 TOAs)...
  [J1713+0747] white noise for S-wide_ASP (624 TOAs)...
  [J1713+0747] white noise for Rcvr_800_GASP (1032 TOAs)...
  [J1713+0747] white noise for 1.5GHz_YUPPI (1461 TOAs)...
  [J1713+0747] white noise for S-wide_PUPPI (7482 TOAs)...
  [J1719-1438] zeroing residuals...
  [J1719-1438] adding red noise...
  [J1719-1438] white noise for Rcvr1_2_GUPPI (2722 TOAs)...
  [J1719-1438] white noise for Rcvr_800_GUPPI (3634 TOAs)...
  [J1730-2304] zeroing residuals...
  [J1730-2304] adding red noise...
  [J1730-2304] white noise for Rcvr1_2_GUPPI (2367 TOAs)...
  [J1730-2304] white noise for Rcvr_800_GUPPI (2503 TOAs)...
  [J1738+0333] zeroing residuals...
  [J1738+0333] adding red noise...
  [J1738+0333] white noise for S-wide_ASP (134 TOAs)...
  [J1738+0333] white noise for L-wide_ASP (201 TOAs)...
  [J1738+0333] white noise for L-wide_PUPPI (6718 TOAs)...
  [J1738+0333] white noise for S-wide_PUPPI (1737 TOAs)...
  [J1741+1351] zeroing residuals...
  [J1741+1351] adding red noise...
  [J1741+1351] white noise for 430_PUPPI (1159 TOAs)...
  [J1741+1351] white noise for L-wide_ASP (236 TOAs)...
  [J1741+1351] white noise for L-wide_PUPPI (4045 TOAs)...
  [J1741+1351] white noise for S-wide_ASP (115 TOAs)...
  [J1741+1351] white noise for 430_ASP (27 TOAs)...
  [J1744-1134] zeroing residuals...
  [J1744-1134] adding red noise...
  [J1744-1134] white noise for Rcvr_800_GASP (930 TOAs)...
  [J1744-1134] white noise for Rcvr1_2_GUPPI (8109 TOAs)...
  [J1744-1134] white noise for Rcvr_800_GUPPI (7899 TOAs)...
  [J1744-1134] white noise for Rcvr1_2_GASP (807 TOAs)...
  [J1745+1017] zeroing residuals...
  [J1745+1017] adding red noise...
  [J1745+1017] white noise for L-wide_PUPPI (2179 TOAs)...
  [J1745+1017] white noise for S-wide_PUPPI (838 TOAs)...
  [J1747-4036] zeroing residuals...
  [J1747-4036] adding red noise...
  [J1747-4036] white noise for Rcvr1_2_GUPPI (5239 TOAs)...
  [J1747-4036] white noise for Rcvr_800_GUPPI (5816 TOAs)...
  [J1751-2857] zeroing residuals...
  [J1751-2857] adding red noise...
  [J1751-2857] white noise for Rcvr1_2_GUPPI (1786 TOAs)...
  [J1751-2857] white noise for Rcvr_800_GUPPI (239 TOAs)...
  [J1802-2124] zeroing residuals...
  [J1802-2124] adding red noise...
  [J1802-2124] white noise for Rcvr1_2_GUPPI (3231 TOAs)...
  [J1802-2124] white noise for Rcvr_800_GUPPI (3565 TOAs)...
  [J1811-2405] zeroing residuals...
  [J1811-2405] adding red noise...
  [J1811-2405] white noise for Rcvr1_2_GUPPI (2638 TOAs)...
  [J1811-2405] white noise for Rcvr_800_GUPPI (2628 TOAs)...
  [J1832-0836] zeroing residuals...
  [J1832-0836] adding red noise...
  [J1832-0836] white noise for Rcvr1_2_GUPPI (4661 TOAs)...
  [J1832-0836] white noise for Rcvr_800_GUPPI (3078 TOAs)...
  [J1843-1113] zeroing residuals...
  [J1843-1113] adding red noise...
  [J1843-1113] white noise for Rcvr1_2_GUPPI (2394 TOAs)...
  [J1843-1113] white noise for Rcvr_800_GUPPI (2201 TOAs)...
  [J1853+1303] zeroing residuals...
  [J1853+1303] adding red noise...
  [J1853+1303] white noise for L-wide_ASP (33 TOAs)...
  [J1853+1303] white noise for 430_PUPPI (1151 TOAs)...
  [J1853+1303] white noise for 430_ASP (24 TOAs)...
  [J1853+1303] white noise for L-wide_PUPPI (3362 TOAs)...
  [J1903+0327] zeroing residuals...
  [J1903+0327] adding red noise...
  [J1903+0327] white noise for 3GHz_YUPPI (439 TOAs)...
  [J1903+0327] white noise for L-wide_ASP (139 TOAs)...
  [J1903+0327] white noise for L-wide_PUPPI (3845 TOAs)...
  [J1903+0327] white noise for S-wide_ASP (151 TOAs)...
  [J1903+0327] white noise for S-wide_PUPPI (2282 TOAs)...
  [J1909-3744] zeroing residuals...
  [J1909-3744] adding red noise...
  [J1909-3744] white noise for 3GHz_YUPPI (3525 TOAs)...
  [J1909-3744] white noise for Rcvr1_2_GUPPI (20439 TOAs)...
  [J1909-3744] white noise for Rcvr_800_GUPPI (9399 TOAs)...
  [J1909-3744] white noise for Rcvr1_2_GASP (808 TOAs)...
  [J1909-3744] white noise for Rcvr_800_GASP (866 TOAs)...
  [J1910+1256] zeroing residuals...
  [J1910+1256] adding red noise...
  [J1910+1256] white noise for S-wide_ASP (208 TOAs)...
  [J1910+1256] white noise for L-wide_ASP (297 TOAs)...
  [J1910+1256] white noise for L-wide_PUPPI (4124 TOAs)...
  [J1910+1256] white noise for S-wide_PUPPI (1857 TOAs)...
  [J1911+1347] zeroing residuals...
  [J1911+1347] adding red noise...
  [J1911+1347] white noise for 430_PUPPI (753 TOAs)...
  [J1911+1347] white noise for L-wide_PUPPI (3033 TOAs)...
  [J1918-0642] zeroing residuals...
  [J1918-0642] adding red noise...
  [J1918-0642] white noise for Rcvr_800_GASP (835 TOAs)...
  [J1918-0642] white noise for Rcvr1_2_GUPPI (8910 TOAs)...
  [J1918-0642] white noise for Rcvr_800_GUPPI (8352 TOAs)...
  [J1918-0642] white noise for Rcvr1_2_GASP (778 TOAs)...
  [J1923+2515] zeroing residuals...
  [J1923+2515] adding red noise...
  [J1923+2515] white noise for L-wide_ASP (14 TOAs)...
  [J1923+2515] white noise for 430_PUPPI (922 TOAs)...
  [J1923+2515] white noise for 430_ASP (10 TOAs)...
  [J1923+2515] white noise for L-wide_PUPPI (3028 TOAs)...
  [J1944+0907] zeroing residuals...
  [J1944+0907] adding red noise...
  [J1944+0907] white noise for 430_PUPPI (1017 TOAs)...
  [J1944+0907] white noise for L-wide_ASP (257 TOAs)...
  [J1944+0907] white noise for L-wide_PUPPI (3900 TOAs)...
  [J1944+0907] white noise for S-wide_ASP (116 TOAs)...
  [J1944+0907] white noise for 430_ASP (38 TOAs)...
  [J1946+3417] zeroing residuals...
  [J1946+3417] adding red noise...
  [J1946+3417] white noise for L-wide_PUPPI (3197 TOAs)...
  [J1946+3417] white noise for S-wide_PUPPI (1546 TOAs)...
  [J2010-1323] zeroing residuals...
  [J2010-1323] adding red noise...
  [J2010-1323] white noise for Rcvr_800_GASP (70 TOAs)...
  [J2010-1323] white noise for Rcvr1_2_GUPPI (7779 TOAs)...
  [J2010-1323] white noise for Rcvr_800_GUPPI (9158 TOAs)...
  [J2010-1323] white noise for Rcvr1_2_GASP (70 TOAs)...
  [J2017+0603] zeroing residuals...
  [J2017+0603] adding red noise...
  [J2017+0603] white noise for 430_PUPPI (78 TOAs)...
  [J2017+0603] white noise for L-wide_ASP (16 TOAs)...
  [J2017+0603] white noise for L-wide_PUPPI (2569 TOAs)...
  [J2017+0603] white noise for S-wide_PUPPI (849 TOAs)...
  [J2033+1734] zeroing residuals...
  [J2033+1734] adding red noise...
  [J2033+1734] white noise for 430_PUPPI (797 TOAs)...
  [J2033+1734] white noise for L-wide_PUPPI (3050 TOAs)...
  [J2043+1711] zeroing residuals...
  [J2043+1711] adding red noise...
  [J2043+1711] white noise for L-wide_ASP (40 TOAs)...
  [J2043+1711] white noise for 430_PUPPI (2908 TOAs)...
  [J2043+1711] white noise for 430_ASP (30 TOAs)...
  [J2043+1711] white noise for L-wide_PUPPI (4419 TOAs)...
  [J2124-3358] zeroing residuals...
  [J2124-3358] adding red noise...
  [J2124-3358] white noise for Rcvr1_2_GUPPI (2957 TOAs)...
  [J2124-3358] white noise for Rcvr_800_GUPPI (2025 TOAs)...
  [J2145-0750] zeroing residuals...
  [J2145-0750] adding red noise...
  [J2145-0750] white noise for Rcvr_800_GASP (362 TOAs)...
  [J2145-0750] white noise for Rcvr1_2_GUPPI (9158 TOAs)...
  [J2145-0750] white noise for Rcvr_800_GUPPI (8728 TOAs)...
  [J2145-0750] white noise for Rcvr1_2_GASP (427 TOAs)...
  [J2214+3000] zeroing residuals...
  [J2214+3000] adding red noise...
  [J2214+3000] white noise for L-wide_ASP (9 TOAs)...
  [J2214+3000] white noise for L-wide_PUPPI (5829 TOAs)...
  [J2214+3000] white noise for S-wide_PUPPI (1568 TOAs)...
  [J2229+2643] zeroing residuals...
  [J2229+2643] adding red noise...
  [J2229+2643] white noise for 430_PUPPI (956 TOAs)...
  [J2229+2643] white noise for L-wide_PUPPI (2755 TOAs)...
  [J2234+0611] zeroing residuals...
  [J2234+0611] adding red noise...
  [J2234+0611] white noise for 430_PUPPI (653 TOAs)...
  [J2234+0611] white noise for L-wide_PUPPI (2913 TOAs)...
  [J2234+0944] zeroing residuals...
  [J2234+0944] adding red noise...
  [J2234+0944] white noise for L-wide_PUPPI (5003 TOAs)...
  [J2234+0944] white noise for S-wide_PUPPI (2532 TOAs)...
  [J2302+4442] zeroing residuals...
  [J2302+4442] adding red noise...
  [J2302+4442] white noise for Rcvr1_2_GUPPI (3779 TOAs)...
  [J2302+4442] white noise for Rcvr_800_GUPPI (6432 TOAs)...
  [J2317+1439] zeroing residuals...
  [J2317+1439] adding red noise...
  [J2317+1439] white noise for 430_PUPPI (3217 TOAs)...
  [J2317+1439] white noise for L-wide_PUPPI (9563 TOAs)...
  [J2317+1439] white noise for 327_ASP (413 TOAs)...
  [J2317+1439] white noise for 327_PUPPI (276 TOAs)...
  [J2317+1439] white noise for 430_ASP (458 TOAs)...
  [J2322+2057] zeroing residuals...
  [J2322+2057] adding red noise...
  [J2322+2057] white noise for 430_PUPPI (752 TOAs)...
  [J2322+2057] white noise for L-wide_PUPPI (2196 TOAs)...
  [J2322+2057] white noise for S-wide_PUPPI (140 TOAs)...
Resetting pulsars to clean stoas...
Restore: 0.00 s
Inject: 0.00 s
Snapshotting into enterprise Pulsar objects...
Building PTA...
PTA build: 505.64 s
Computing optimal statistic...
OS time: 48.87 s
Total: 554.51 s
Noise-only SNR baseline: 1.1421

Generating SNR-consistent population...
Target SNR: 4.0
Resetting pulsars to clean stoas...
Restore: 0.01 s
Injecting population...
  B1855+09: RMS = 2197.181 ns
  B1937+21: RMS = 2097.457 ns
  B1953+29: RMS = 1355.236 ns
  J0023+0923: RMS = 1801.238 ns
  J0030+0451: RMS = 2041.946 ns
  J0340+4130: RMS = 657.782 ns
  J0406+3039: RMS = 1292.775 ns
  J0437-4715: RMS = 924.311 ns
  J0509+0856: RMS = 2119.614 ns
  J0557+1551: RMS = 1081.293 ns
  J0605+3757: RMS = 702.136 ns
  J0610-2100: RMS = 1008.124 ns
  J0613-0200: RMS = 1504.878 ns
  J0636+5128: RMS = 648.338 ns
  J0645+5158: RMS = 765.381 ns
  J0709+0458: RMS = 2628.498 ns
  J0740+6620: RMS = 261.442 ns
  J0931-1902: RMS = 645.536 ns
  J1012+5307: RMS = 1508.784 ns
  J1012-4235: RMS = 1040.447 ns
  J1022+1001: RMS = 725.678 ns
  J1024-0719: RMS = 1354.494 ns
  J1125+7819: RMS = 863.608 ns
  J1312+0051: RMS = 423.177 ns
  J1453+1902: RMS = 901.840 ns
  J1455-3330: RMS = 873.532 ns
  J1600-3053: RMS = 1090.699 ns
  J1614-2230: RMS = 1748.130 ns
  J1630+3734: RMS = 610.973 ns
  J1640+2224: RMS = 1352.528 ns
  J1643-1224: RMS = 1380.712 ns
  J1705-1903: RMS = 2768.384 ns
  J1713+0747: RMS = 2759.334 ns
  J1719-1438: RMS = 2297.923 ns
  J1730-2304: RMS = 2068.342 ns
  J1738+0333: RMS = 3535.689 ns
  J1741+1351: RMS = 3110.411 ns
  J1744-1134: RMS = 2179.491 ns
  J1745+1017: RMS = 1427.504 ns
  J1747-4036: RMS = 1332.095 ns
  J1751-2857: RMS = 1604.402 ns
  J1802-2124: RMS = 1717.849 ns
  J1811-2405: RMS = 1298.699 ns
  J1832-0836: RMS = 2271.627 ns
  J1843-1113: RMS = 807.767 ns
  J1853+1303: RMS = 2353.642 ns
  J1903+0327: RMS = 2669.201 ns
  J1909-3744: RMS = 1459.539 ns
  J1910+1256: RMS = 2546.138 ns
  J1911+1347: RMS = 2215.891 ns
  J1918-0642: RMS = 2179.942 ns
  J1923+2515: RMS = 1723.316 ns
  J1944+0907: RMS = 2354.396 ns
  J1946+3417: RMS = 763.876 ns
  J2010-1323: RMS = 1921.331 ns
  J2017+0603: RMS = 2089.562 ns
  J2033+1734: RMS = 471.992 ns
  J2043+1711: RMS = 1612.325 ns
  J2124-3358: RMS = 609.799 ns
  J2145-0750: RMS = 1252.553 ns
  J2214+3000: RMS = 1322.147 ns
  J2229+2643: RMS = 1931.446 ns
  J2234+0611: RMS = 1290.672 ns
  J2234+0944: RMS = 1161.287 ns
  J2302+4442: RMS = 1844.776 ns
  J2317+1439: RMS = 2133.482 ns
  J2322+2057: RMS = 1882.622 ns
Inject: 146.70 s
Snapshotting into enterprise Pulsar objects...
Building PTA...
PTA build: 447.44 s
Computing optimal statistic...
OS time: 44.10 s
Total: 638.24 s
Initial SNR: 45.4980, Target SNR: 4.0000
  Initial SNR 45.4980 outside of provided SNR_range [3.5, 4.25] — rescaling.
Scaling distances by factor 3.9396 to achieve target SNR...
Resetting pulsars to clean stoas...
Restore: 0.01 s
Injecting population...
  B1855+09: RMS = 557.717 ns
  B1937+21: RMS = 532.404 ns
  B1953+29: RMS = 344.004 ns
  J0023+0923: RMS = 457.214 ns
  J0030+0451: RMS = 518.313 ns
  J0340+4130: RMS = 166.967 ns
  J0406+3039: RMS = 328.149 ns
  J0437-4715: RMS = 234.621 ns
  J0509+0856: RMS = 538.028 ns
  J0557+1551: RMS = 274.468 ns
  J0605+3757: RMS = 178.225 ns
  J0610-2100: RMS = 255.895 ns
  J0613-0200: RMS = 381.988 ns
  J0636+5128: RMS = 164.570 ns
  J0645+5158: RMS = 194.279 ns
  J0709+0458: RMS = 667.200 ns
  J0740+6620: RMS = 66.363 ns
  J0931-1902: RMS = 163.858 ns
  J1012+5307: RMS = 382.979 ns
  J1012-4235: RMS = 264.100 ns
  J1022+1001: RMS = 184.201 ns
  J1024-0719: RMS = 343.815 ns
  J1125+7819: RMS = 219.212 ns
  J1312+0051: RMS = 107.416 ns
  J1453+1902: RMS = 228.917 ns
  J1455-3330: RMS = 221.731 ns
  J1600-3053: RMS = 276.856 ns
  J1614-2230: RMS = 443.733 ns
  J1630+3734: RMS = 155.085 ns
  J1640+2224: RMS = 343.316 ns
  J1643-1224: RMS = 350.470 ns
  J1705-1903: RMS = 702.707 ns
  J1713+0747: RMS = 700.410 ns
  J1719-1438: RMS = 583.289 ns
  J1730-2304: RMS = 525.014 ns
  J1738+0333: RMS = 897.475 ns
  J1741+1351: RMS = 789.525 ns
  J1744-1134: RMS = 553.227 ns
  J1745+1017: RMS = 362.348 ns
  J1747-4036: RMS = 338.130 ns
  J1751-2857: RMS = 407.250 ns
  J1802-2124: RMS = 436.047 ns
  J1811-2405: RMS = 329.653 ns
  J1832-0836: RMS = 576.614 ns
  J1843-1113: RMS = 205.038 ns
  J1853+1303: RMS = 597.432 ns
  J1903+0327: RMS = 677.532 ns
  J1909-3744: RMS = 370.479 ns
  J1910+1256: RMS = 646.294 ns
  J1911+1347: RMS = 562.467 ns
  J1918-0642: RMS = 553.341 ns
  J1923+2515: RMS = 437.435 ns
  J1944+0907: RMS = 597.624 ns
  J1946+3417: RMS = 193.897 ns
  J2010-1323: RMS = 487.697 ns
  J2017+0603: RMS = 530.400 ns
  J2033+1734: RMS = 119.807 ns
  J2043+1711: RMS = 409.262 ns
  J2124-3358: RMS = 154.787 ns
  J2145-0750: RMS = 317.939 ns
  J2214+3000: RMS = 335.605 ns
  J2229+2643: RMS = 490.265 ns
  J2234+0611: RMS = 327.615 ns
  J2234+0944: RMS = 294.773 ns
  J2302+4442: RMS = 468.265 ns
  J2317+1439: RMS = 541.548 ns
  J2322+2057: RMS = 477.872 ns
Inject: 175.75 s
Snapshotting into enterprise Pulsar objects...
Building PTA...
PTA build: 458.65 s
Computing optimal statistic...
OS time: 46.76 s
Total: 681.17 s
  SNR 1.5264 outside of provided SNR_range [3.5, 4.25] — rescaling.
[Iteration 1/4] SNR after scaling: 1.5264 (target: 4.0000)
  SNR history: it0→45.4980@1.0000x, it1→1.5264@3.9396x
  Re-scaling distances by factor 0.5038  (cumulative after: 1.9848×)
Resetting pulsars to clean stoas...
Restore: 0.01 s
Injecting population...
  B1855+09: RMS = 1106.981 ns
  B1937+21: RMS = 1056.738 ns
  B1953+29: RMS = 682.793 ns
  J0023+0923: RMS = 907.497 ns
  J0030+0451: RMS = 1028.770 ns
  J0340+4130: RMS = 331.403 ns
  J0406+3039: RMS = 651.324 ns
  J0437-4715: RMS = 465.685 ns
  J0509+0856: RMS = 1067.901 ns
  J0557+1551: RMS = 544.776 ns
  J0605+3757: RMS = 353.749 ns
  J0610-2100: RMS = 507.912 ns
  J0613-0200: RMS = 758.186 ns
  J0636+5128: RMS = 326.645 ns
  J0645+5158: RMS = 385.613 ns
  J0709+0458: RMS = 1324.286 ns
  J0740+6620: RMS = 131.719 ns
  J0931-1902: RMS = 325.233 ns
  J1012+5307: RMS = 760.153 ns
  J1012-4235: RMS = 524.196 ns
  J1022+1001: RMS = 365.610 ns
  J1024-0719: RMS = 682.419 ns
  J1125+7819: RMS = 435.102 ns
  J1312+0051: RMS = 213.205 ns
  J1453+1902: RMS = 454.364 ns
  J1455-3330: RMS = 440.102 ns
  J1600-3053: RMS = 549.515 ns
  J1614-2230: RMS = 880.740 ns
  J1630+3734: RMS = 307.819 ns
  J1640+2224: RMS = 681.429 ns
  J1643-1224: RMS = 695.628 ns
  J1705-1903: RMS = 1394.763 ns
  J1713+0747: RMS = 1390.203 ns
  J1719-1438: RMS = 1157.736 ns
  J1730-2304: RMS = 1042.069 ns
  J1738+0333: RMS = 1781.345 ns
  J1741+1351: RMS = 1567.083 ns
  J1744-1134: RMS = 1098.068 ns
  J1745+1017: RMS = 719.203 ns
  J1747-4036: RMS = 671.134 ns
  J1751-2857: RMS = 808.327 ns
  J1802-2124: RMS = 865.484 ns
  J1811-2405: RMS = 654.308 ns
  J1832-0836: RMS = 1144.488 ns
  J1843-1113: RMS = 406.968 ns
  J1853+1303: RMS = 1185.808 ns
  J1903+0327: RMS = 1344.793 ns
  J1909-3744: RMS = 735.343 ns
  J1910+1256: RMS = 1282.791 ns
  J1911+1347: RMS = 1116.407 ns
  J1918-0642: RMS = 1098.295 ns
  J1923+2515: RMS = 868.238 ns
  J1944+0907: RMS = 1186.188 ns
  J1946+3417: RMS = 384.855 ns
  J2010-1323: RMS = 968.002 ns
  J2017+0603: RMS = 1052.760 ns
  J2033+1734: RMS = 237.798 ns
  J2043+1711: RMS = 812.319 ns
  J2124-3358: RMS = 307.228 ns
  J2145-0750: RMS = 631.059 ns
  J2214+3000: RMS = 666.122 ns
  J2229+2643: RMS = 973.098 ns
  J2234+0611: RMS = 650.264 ns
  J2234+0944: RMS = 585.078 ns
  J2302+4442: RMS = 929.432 ns
  J2317+1439: RMS = 1074.888 ns
  J2322+2057: RMS = 948.500 ns
Inject: 157.81 s
Snapshotting into enterprise Pulsar objects...
Building PTA...
PTA build: 458.27 s
Computing optimal statistic...
OS time: 45.37 s
Total: 661.45 s
  SNR 9.1282 outside of provided SNR_range [3.5, 4.25] — rescaling.
[Iteration 2/4] SNR after scaling: 9.1282 (target: 4.0000)
  SNR history: it0→45.4980@1.0000x, it1→1.5264@3.9396x, it2→9.1282@1.9848x
  Re-scaling distances by factor 1.4088  (cumulative after: 2.7963×)
Resetting pulsars to clean stoas...
Restore: 0.00 s
Injecting population...
  B1855+09: RMS = 785.737 ns
  B1937+21: RMS = 750.074 ns
  B1953+29: RMS = 484.648 ns
  J0023+0923: RMS = 644.143 ns
  J0030+0451: RMS = 730.223 ns
  J0340+4130: RMS = 235.230 ns
  J0406+3039: RMS = 462.311 ns
  J0437-4715: RMS = 330.544 ns
  J0509+0856: RMS = 757.998 ns
  J0557+1551: RMS = 386.683 ns
  J0605+3757: RMS = 251.092 ns
  J0610-2100: RMS = 360.517 ns
  J0613-0200: RMS = 538.161 ns
  J0636+5128: RMS = 231.853 ns
  J0645+5158: RMS = 273.709 ns
  J0709+0458: RMS = 939.981 ns
  J0740+6620: RMS = 93.495 ns
  J0931-1902: RMS = 230.851 ns
  J1012+5307: RMS = 539.558 ns
  J1012-4235: RMS = 372.075 ns
  J1022+1001: RMS = 259.511 ns
  J1024-0719: RMS = 484.382 ns
  J1125+7819: RMS = 308.836 ns
  J1312+0051: RMS = 151.333 ns
  J1453+1902: RMS = 322.508 ns
  J1455-3330: RMS = 312.385 ns
  J1600-3053: RMS = 390.046 ns
  J1614-2230: RMS = 625.151 ns
  J1630+3734: RMS = 218.491 ns
  J1640+2224: RMS = 483.679 ns
  J1643-1224: RMS = 493.758 ns
  J1705-1903: RMS = 990.005 ns
  J1713+0747: RMS = 986.769 ns
  J1719-1438: RMS = 821.763 ns
  J1730-2304: RMS = 739.662 ns
  J1738+0333: RMS = 1264.402 ns
  J1741+1351: RMS = 1112.318 ns
  J1744-1134: RMS = 779.410 ns
  J1745+1017: RMS = 510.492 ns
  J1747-4036: RMS = 476.372 ns
  J1751-2857: RMS = 573.752 ns
  J1802-2124: RMS = 614.322 ns
  J1811-2405: RMS = 464.429 ns
  J1832-0836: RMS = 812.359 ns
  J1843-1113: RMS = 288.867 ns
  J1853+1303: RMS = 841.689 ns
  J1903+0327: RMS = 954.536 ns
  J1909-3744: RMS = 521.948 ns
  J1910+1256: RMS = 910.528 ns
  J1911+1347: RMS = 792.428 ns
  J1918-0642: RMS = 779.572 ns
  J1923+2515: RMS = 616.277 ns
  J1944+0907: RMS = 841.958 ns
  J1946+3417: RMS = 273.171 ns
  J2010-1323: RMS = 687.090 ns
  J2017+0603: RMS = 747.251 ns
  J2033+1734: RMS = 168.789 ns
  J2043+1711: RMS = 576.586 ns
  J2124-3358: RMS = 218.071 ns
  J2145-0750: RMS = 447.927 ns
  J2214+3000: RMS = 472.815 ns
  J2229+2643: RMS = 690.707 ns
  J2234+0611: RMS = 461.559 ns
  J2234+0944: RMS = 415.289 ns
  J2302+4442: RMS = 659.713 ns
  J2317+1439: RMS = 762.957 ns
  J2322+2057: RMS = 673.247 ns
Inject: 154.18 s
Snapshotting into enterprise Pulsar objects...
Building PTA...
PTA build: 418.82 s
Computing optimal statistic...
OS time: 49.62 s
Total: 622.63 s
  ✓ SNR is within the provided SNR_range: 3.8139 ∈ [3.5, 4.25]

Final SNR history:
  it 0: cumulative_scale=1.0000×  SNR=45.4980
  it 1: cumulative_scale=3.9396×  SNR=1.5264
  it 2: cumulative_scale=1.9848×  SNR=9.1282
  it 3: cumulative_scale=2.7963×  SNR=3.8139
✓ Simulation 1 done (2640.2 s)

======================================================================
ENSEMBLE SUMMARY
======================================================================
Success rate: 100.0% (1/1)

Binaries per population:
  Mean ± std : 10000000 ± 0
  Range      : [10000000, 10000000]

SNR achieved:
  Mean ± std : 3.8139 ± 0.0000
  Range      : [3.8139, 3.8139]

Total time: 3234.3 s (53.9 min)
======================================================================

💾 Saved: data/2026-04-29/pessimistic_run_274/consistent_population_pessimistic_targetSNR4.25_sims1.json
💾 Saved compressed pickle: data/2026-04-29/pessimistic_run_274/consistent_population_pessimistic_targetSNR4.25_sims1.pkl.gz

======================================================================
CONTINUOUS WAVE SNR ANALYSIS
======================================================================

--- Population 1 ---
Precomputation of phiinvs, TNTs, Ts, Nvecs, Sigmas took 0.06 seconds.
Total SNR computation for population took 291.88 seconds.
Top 50 CGW candidates:
   1. proxy_rank=   4  sky_w=1.02  f=8.79e-09 Hz  Mc=5.33e+09 Msun  h0=3.33e-15  SNR=4.913
   2. proxy_rank= 108  sky_w=1.16  f=1.14e-08 Hz  Mc=4.62e+09 Msun  h0=1.28e-15  SNR=2.023
   3. proxy_rank= 292  sky_w=1.36  f=6.04e-09 Hz  Mc=4.09e+09 Msun  h0=4.42e-16  SNR=0.753
   4. proxy_rank= 428  sky_w=1.45  f=7.05e-09 Hz  Mc=3.73e+09 Msun  h0=4.28e-16  SNR=0.750
   5. proxy_rank= 724  sky_w=1.32  f=8.71e-09 Hz  Mc=3.64e+09 Msun  h0=4.90e-16  SNR=0.743
   6. proxy_rank= 771  sky_w=1.17  f=9.32e-09 Hz  Mc=2.17e+09 Msun  h0=5.78e-16  SNR=0.687
   7. proxy_rank= 612  sky_w=1.01  f=6.58e-09 Hz  Mc=4.29e+09 Msun  h0=5.11e-16  SNR=0.662
   8. proxy_rank= 555  sky_w=1.56  f=6.42e-09 Hz  Mc=3.61e+09 Msun  h0=3.36e-16  SNR=0.656
   9. proxy_rank= 862  sky_w=1.38  f=8.22e-09 Hz  Mc=1.11e+09 Msun  h0=4.16e-16  SNR=0.636
  10. proxy_rank=   9  sky_w=1.12  f=3.54e-09 Hz  Mc=2.38e+09 Msun  h0=8.92e-16  SNR=0.633
  11. proxy_rank= 395  sky_w=1.43  f=5.75e-09 Hz  Mc=4.70e+09 Msun  h0=3.64e-16  SNR=0.623
  12. proxy_rank= 313  sky_w=1.10  f=5.23e-09 Hz  Mc=3.66e+09 Msun  h0=4.62e-16  SNR=0.610
  13. proxy_rank= 439  sky_w=1.49  f=8.53e-09 Hz  Mc=3.00e+09 Msun  h0=5.04e-16  SNR=0.609
  14. proxy_rank=  67  sky_w=1.43  f=4.39e-09 Hz  Mc=3.85e+09 Msun  h0=4.41e-16  SNR=0.572
  15. proxy_rank= 129  sky_w=1.53  f=7.59e-09 Hz  Mc=5.66e+09 Msun  h0=6.20e-16  SNR=0.564
  16. proxy_rank= 841  sky_w=1.35  f=6.66e-09 Hz  Mc=4.28e+09 Msun  h0=3.47e-16  SNR=0.562
  17. proxy_rank= 259  sky_w=1.60  f=6.46e-09 Hz  Mc=3.87e+09 Msun  h0=4.15e-16  SNR=0.553
  18. proxy_rank=  39  sky_w=1.48  f=4.47e-09 Hz  Mc=6.61e+09 Msun  h0=5.22e-16  SNR=0.523
  19. proxy_rank=   8  sky_w=1.38  f=3.47e-09 Hz  Mc=3.27e+09 Msun  h0=7.10e-16  SNR=0.510
  20. proxy_rank= 269  sky_w=0.96  f=4.41e-09 Hz  Mc=3.12e+09 Msun  h0=4.70e-16  SNR=0.488
  21. proxy_rank= 324  sky_w=1.37  f=4.63e-09 Hz  Mc=4.76e+09 Msun  h0=3.25e-16  SNR=0.466
  22. proxy_rank= 251  sky_w=1.36  f=4.68e-09 Hz  Mc=4.25e+09 Msun  h0=3.56e-16  SNR=0.456
  23. proxy_rank= 810  sky_w=1.42  f=5.85e-09 Hz  Mc=2.50e+09 Msun  h0=2.94e-16  SNR=0.446
  24. proxy_rank=  28  sky_w=1.31  f=3.47e-09 Hz  Mc=2.99e+09 Msun  h0=5.27e-16  SNR=0.440
  25. proxy_rank=  72  sky_w=1.14  f=6.50e-09 Hz  Mc=2.90e+09 Msun  h0=7.92e-16  SNR=0.432
  26. proxy_rank= 393  sky_w=0.89  f=4.27e-09 Hz  Mc=1.79e+09 Msun  h0=4.33e-16  SNR=0.417
  27. proxy_rank= 404  sky_w=1.54  f=4.62e-09 Hz  Mc=3.37e+09 Msun  h0=2.70e-16  SNR=0.414
  28. proxy_rank= 749  sky_w=1.49  f=5.21e-09 Hz  Mc=3.77e+09 Msun  h0=2.56e-16  SNR=0.411
  29. proxy_rank=  26  sky_w=1.54  f=3.36e-09 Hz  Mc=3.97e+09 Msun  h0=4.51e-16  SNR=0.390
  30. proxy_rank= 491  sky_w=1.13  f=4.56e-09 Hz  Mc=4.64e+09 Msun  h0=3.42e-16  SNR=0.390
  31. proxy_rank=  12  sky_w=0.76  f=3.11e-09 Hz  Mc=2.80e+09 Msun  h0=1.07e-15  SNR=0.386
  32. proxy_rank=   3  sky_w=1.33  f=2.37e-09 Hz  Mc=3.72e+09 Msun  h0=7.04e-16  SNR=0.382
  33. proxy_rank= 478  sky_w=1.56  f=5.12e-09 Hz  Mc=3.23e+09 Msun  h0=2.78e-16  SNR=0.382
  34. proxy_rank= 365  sky_w=1.55  f=4.39e-09 Hz  Mc=3.08e+09 Msun  h0=2.62e-16  SNR=0.380
  35. proxy_rank=   2  sky_w=0.92  f=3.15e-09 Hz  Mc=2.05e+09 Msun  h0=1.56e-15  SNR=0.377
  36. proxy_rank= 175  sky_w=1.61  f=6.51e-09 Hz  Mc=5.11e+09 Msun  h0=4.61e-16  SNR=0.366
  37. proxy_rank= 158  sky_w=1.31  f=4.50e-09 Hz  Mc=4.57e+09 Msun  h0=4.06e-16  SNR=0.364
  38. proxy_rank=  13  sky_w=0.82  f=2.54e-09 Hz  Mc=1.42e+09 Msun  h0=7.76e-16  SNR=0.360
  39. proxy_rank= 381  sky_w=1.35  f=4.98e-09 Hz  Mc=2.15e+09 Msun  h0=3.38e-16  SNR=0.360
  40. proxy_rank= 103  sky_w=0.82  f=3.77e-09 Hz  Mc=3.68e+09 Msun  h0=6.05e-16  SNR=0.337
  41. proxy_rank= 836  sky_w=1.29  f=4.68e-09 Hz  Mc=3.62e+09 Msun  h0=2.58e-16  SNR=0.337
  42. proxy_rank= 531  sky_w=1.05  f=4.70e-09 Hz  Mc=3.81e+09 Msun  h0=3.69e-16  SNR=0.335
  43. proxy_rank= 338  sky_w=1.18  f=4.33e-09 Hz  Mc=4.44e+09 Msun  h0=3.47e-16  SNR=0.329
  44. proxy_rank= 807  sky_w=0.66  f=5.80e-09 Hz  Mc=2.03e+09 Msun  h0=6.26e-16  SNR=0.321
  45. proxy_rank= 211  sky_w=0.96  f=3.83e-09 Hz  Mc=2.37e+09 Msun  h0=4.35e-16  SNR=0.320
  46. proxy_rank= 241  sky_w=1.47  f=3.92e-09 Hz  Mc=3.27e+09 Msun  h0=2.79e-16  SNR=0.319
  47. proxy_rank=  30  sky_w=1.62  f=2.77e-09 Hz  Mc=2.34e+09 Msun  h0=3.35e-16  SNR=0.319
  48. proxy_rank= 827  sky_w=1.60  f=5.15e-09 Hz  Mc=3.79e+09 Msun  h0=2.29e-16  SNR=0.318
  49. proxy_rank= 577  sky_w=1.56  f=5.35e-09 Hz  Mc=3.30e+09 Msun  h0=2.75e-16  SNR=0.313
  50. proxy_rank=  27  sky_w=1.27  f=2.80e-09 Hz  Mc=7.06e+09 Msun  h0=4.53e-16  SNR=0.308
💾 Saved: data/2026-04-29/pessimistic_run_274/consistent_population_pessimistic_targetSNR4.25_sims1.json
💾 Saved compressed pickle: data/2026-04-29/pessimistic_run_274/consistent_population_pessimistic_targetSNR4.25_sims1.pkl.gz
Saved to figures/cgw_analysis_pessimistic.pdf

======================================================================
ANALYSIS COMPLETE
Results saved to: data/2026-04-29/pessimistic_run_274
======================================================================

==========================================
Job finished at: Wed Apr 29 16:28:32 AEST 2026
Exit code: 0
==========================================

+------------------ Job Report: 11741090 (COMPLETED) ------------------+
| Memory (RAM)  [####################] 102.5% (41 GB peak / 40 GB)     |
| CPU           [#################   ] 85.4% average                   |
| Time          [--------------->    ] 78.1% (0-01:06:23 / 0-01:25:00) |
|                                                                      |
| Lustre Filesystem:                                                   |
|   Path    Total Read    Total Write    Total IOPS                    |
|   ------  ------------  -------------  ------------                  |
|   /apps   0 B           0 B            420                           |
|   /fred   128 MB        6.6 MB         99                            |
|   /home   0 B           0 B            2.1 K                         |
|   OS      0 B           0 B            5                             |
+----------------------------------------------------------------------+
