==========================================
Job ID: 11736888
Job Name: smbhb_pessimistic
Node: dave305
Start Time: Wed Apr 29 15:34:06 AEST 2026
==========================================

/home/bhoulden/.conda/envs/smbhb312/share/tempo2
Working directory: /fred/oz005/users/bhoulden/SMBHB_population_injections

Loaded modules:

Starting SMBHB analysis...
==========================================

📁 Save directory: data/2026-04-29/pessimistic_run_299
📝 Run name: pessimistic_run_299

[MEM] Start: 243.9 MB

📡 Loading pulsars...
======================================================================
LOADING NANOGRAV PULSARS (libstempo)
======================================================================

📦 Loading from cache: nanograv_pulsars_cache.pkl
⚠ Cache load failed: Ran out of input
[DEBUG] Found 76 .par files
[tempo2Util.C:396] Warning: [MISC1] Unknown parameter in par file:  DMDATA
[tempo2Util.C:401] Warning: [DUP1] duplicated warnings have been suppressed.

WARNING: Using tempo RNAMP parameter: setting TNRedC to 100!
[observatory.C:271] Warning: Assuming site 'arecibo' means 'ao'
✓ Loaded B1855+09 (7758 TOAs)

WARNING: Using tempo RNAMP parameter: setting TNRedC to 100!
✓ Loaded B1937+21 (23023 TOAs)

WARNING: Using tempo RNAMP parameter: setting TNRedC to 100!
✓ Loaded B1937+21ao (7241 TOAs)

WARNING: Using tempo RNAMP parameter: setting TNRedC to 100!
✓ Loaded B1937+21gbt (16048 TOAs)

WARNING: Using tempo RNAMP parameter: setting TNRedC to 100!
✓ Loaded B1953+29 (5126 TOAs)
✓ Loaded J0023+0923 (15896 TOAs)

WARNING: Using tempo RNAMP parameter: setting TNRedC to 100!
✓ Loaded J0030+0451 (19571 TOAs)
✓ Loaded J0340+4130 (11093 TOAs)
✓ Loaded J0406+3039 (2446 TOAs)

WARNING: Using tempo RNAMP parameter: setting TNRedC to 100!
✓ Loaded J0437-4715 (5830 TOAs)
✓ Loaded J0509+0856 (2169 TOAs)
✓ Loaded J0557+1551 (525 TOAs)
✓ Loaded J0605+3757 (554 TOAs)

WARNING: Using tempo RNAMP parameter: setting TNRedC to 100!
✓ Loaded J0610-2100 (4885 TOAs)

WARNING: Using tempo RNAMP parameter: setting TNRedC to 100!
✓ Loaded J0613-0200 (17124 TOAs)
✓ Loaded J0614-3329 (1714 TOAs)
✓ Loaded J0636+5128 (32222 TOAs)
✓ Loaded J0645+5158 (10403 TOAs)
✓ Loaded J0709+0458 (3030 TOAs)
✓ Loaded J0740+6620 (13401 TOAs)
✓ Loaded J0931-1902 (5473 TOAs)

WARNING: Using tempo RNAMP parameter: setting TNRedC to 100!
✓ Loaded J1012+5307 (25837 TOAs)
✓ Loaded J1012-4235 (797 TOAs)
✓ Loaded J1022+1001 (3978 TOAs)
✓ Loaded J1024-0719 (12635 TOAs)
✓ Loaded J1125+7819 (8723 TOAs)
✓ Loaded J1312+0051 (1705 TOAs)
✓ Loaded J1453+1902 (2551 TOAs)
✓ Loaded J1455-3330 (10818 TOAs)

WARNING: Using tempo RNAMP parameter: setting TNRedC to 100!
✓ Loaded J1600-3053 (22955 TOAs)

WARNING: Using tempo RNAMP parameter: setting TNRedC to 100!
✓ Loaded J1600-3053gbt (19725 TOAs)

WARNING: Using tempo RNAMP parameter: setting TNRedC to 100!
✓ Loaded J1614-2230 (18445 TOAs)
✓ Loaded J1630+3734 (1815 TOAs)
✓ Loaded J1640+2224 (14066 TOAs)

WARNING: Using tempo RNAMP parameter: setting TNRedC to 100!
✓ Loaded J1643-1224 (22144 TOAs)

WARNING: Using tempo RNAMP parameter: setting TNRedC to 100!
✓ Loaded J1643-1224gbt (17932 TOAs)

WARNING: Using tempo RNAMP parameter: setting TNRedC to 100!
✓ Loaded J1705-1903 (9871 TOAs)

WARNING: Using tempo RNAMP parameter: setting TNRedC to 100!
✓ Loaded J1713+0747 (59389 TOAs)

WARNING: Using tempo RNAMP parameter: setting TNRedC to 100!
✓ Loaded J1713+0747ao (21362 TOAs)

WARNING: Using tempo RNAMP parameter: setting TNRedC to 100!
✓ Loaded J1713+0747gbt (32963 TOAs)
✓ Loaded J1719-1438 (6356 TOAs)
✓ Loaded J1730-2304 (4870 TOAs)
✓ Loaded J1738+0333 (8790 TOAs)
✓ Loaded J1741+1351 (5582 TOAs)

WARNING: Using tempo RNAMP parameter: setting TNRedC to 100!
✓ Loaded J1744-1134 (17745 TOAs)

WARNING: Using tempo RNAMP parameter: setting TNRedC to 100!
✓ Loaded J1745+1017 (3017 TOAs)

WARNING: Using tempo RNAMP parameter: setting TNRedC to 100!
✓ Loaded J1747-4036 (11055 TOAs)
✓ Loaded J1751-2857 (2025 TOAs)

WARNING: Using tempo RNAMP parameter: setting TNRedC to 100!
✓ Loaded J1802-2124 (6796 TOAs)
✓ Loaded J1811-2405 (5266 TOAs)
✓ Loaded J1832-0836 (7739 TOAs)
✓ Loaded J1843-1113 (4595 TOAs)

WARNING: Using tempo RNAMP parameter: setting TNRedC to 100!
✓ Loaded J1853+1303 (4570 TOAs)

WARNING: Using tempo RNAMP parameter: setting TNRedC to 100!
✓ Loaded J1903+0327 (6856 TOAs)

WARNING: Using tempo RNAMP parameter: setting TNRedC to 100!
✓ Loaded J1903+0327ao (6423 TOAs)

WARNING: Using tempo RNAMP parameter: setting TNRedC to 100!
✓ Loaded J1909-3744 (35037 TOAs)

WARNING: Using tempo RNAMP parameter: setting TNRedC to 100!
✓ Loaded J1909-3744gbt (31526 TOAs)
✓ Loaded J1910+1256 (6486 TOAs)
✓ Loaded J1911+1347 (3786 TOAs)
✓ Loaded J1918-0642 (18875 TOAs)
✓ Loaded J1923+2515 (3974 TOAs)
✓ Loaded J1944+0907 (5328 TOAs)

WARNING: Using tempo RNAMP parameter: setting TNRedC to 100!
✓ Loaded J1946+3417 (4743 TOAs)
✓ Loaded J2010-1323 (17077 TOAs)
✓ Loaded J2017+0603 (3512 TOAs)
✓ Loaded J2033+1734 (3847 TOAs)
✓ Loaded J2043+1711 (7397 TOAs)
✓ Loaded J2124-3358 (4982 TOAs)

WARNING: Using tempo RNAMP parameter: setting TNRedC to 100!
✓ Loaded J2145-0750 (18675 TOAs)
✓ Loaded J2214+3000 (7406 TOAs)
✓ Loaded J2229+2643 (3711 TOAs)

WARNING: Using tempo RNAMP parameter: setting TNRedC to 100!
✓ Loaded J2234+0611 (3566 TOAs)
✓ Loaded J2234+0944 (7535 TOAs)
✓ Loaded J2302+4442 (10211 TOAs)
✓ Loaded J2317+1439 (13927 TOAs)
✓ Loaded J2322+2057 (3088 TOAs)
⚠ Could not save cache: no default __reduce__ due to non-trivial __cinit__

✓ Loaded 76 pulsars
✗ Failed: 0 — []
[MEM] After loading pulsars: 8857.9 MB

🔍 Filtering pulsars...

Filtered: 76 → 67 pulsars
[MEM] After filtering pulsars: 8858.9 MB
[MEM] After garbage collection: 8858.9 MB

======================================================================
SMBHB POPULATION ANALYSIS
======================================================================

Configuration: pessimistic
  Lower mass, lower spread in distance, large population
  N_binaries: 10000000

======================================================================
CONSISTENT POPULATION SYNTHESIS
======================================================================

======================================================================
GENERATING SNR-CONSISTENT POPULATIONS
======================================================================
Target SNR:          4.0
Simulations:         1
======================================================================


──────────────────────────────────────────────────────────────────────
SIMULATION 1/1
──────────────────────────────────────────────────────────────────────
  [B1855+09] zeroing residuals...
  [B1855+09] adding red noise...
  [B1855+09] white noise for L-wide_PUPPI (5005 TOAs)...
  [B1855+09] white noise for 430_ASP (390 TOAs)...
  [B1855+09] white noise for 430_PUPPI (1185 TOAs)...
  [B1855+09] white noise for L-wide_ASP (1178 TOAs)...
  [B1937+21] zeroing residuals...
  [B1937+21] adding red noise...
  [B1937+21] white noise for L-wide_PUPPI (4133 TOAs)...
  [B1937+21] white noise for Rcvr_800_GUPPI (7140 TOAs)...
  [B1937+21] white noise for Rcvr1_2_GUPPI (7048 TOAs)...
  [B1937+21] white noise for Rcvr_800_GASP (586 TOAs)...
  [B1937+21] white noise for S-wide_ASP (344 TOAs)...
  [B1937+21] white noise for Rcvr1_2_GASP (1069 TOAs)...
  [B1937+21] white noise for S-wide_PUPPI (2251 TOAs)...
  [B1937+21] white noise for L-wide_ASP (452 TOAs)...
  [B1953+29] zeroing residuals...
  [B1953+29] adding red noise...
  [B1953+29] white noise for L-wide_PUPPI (4037 TOAs)...
  [B1953+29] white noise for S-wide_ASP (25 TOAs)...
  [B1953+29] white noise for 430_ASP (29 TOAs)...
  [B1953+29] white noise for 430_PUPPI (941 TOAs)...
  [B1953+29] white noise for L-wide_ASP (94 TOAs)...
  [J0023+0923] zeroing residuals...
  [J0023+0923] adding red noise...
  [J0023+0923] white noise for L-wide_PUPPI (11123 TOAs)...
  [J0023+0923] white noise for 430_ASP (90 TOAs)...
  [J0023+0923] white noise for 430_PUPPI (4564 TOAs)...
  [J0023+0923] white noise for L-wide_ASP (119 TOAs)...
  [J0030+0451] zeroing residuals...
  [J0030+0451] adding red noise...
  [J0030+0451] white noise for L-wide_PUPPI (12774 TOAs)...
  [J0030+0451] white noise for 430_ASP (267 TOAs)...
  [J0030+0451] white noise for S-wide_PUPPI (2673 TOAs)...
  [J0030+0451] white noise for 430_PUPPI (3068 TOAs)...
  [J0030+0451] white noise for L-wide_ASP (789 TOAs)...
  [J0340+4130] zeroing residuals...
  [J0340+4130] adding red noise...
  [J0340+4130] white noise for Rcvr_800_GUPPI (6056 TOAs)...
  [J0340+4130] white noise for Rcvr1_2_GUPPI (5037 TOAs)...
  [J0406+3039] zeroing residuals...
  [J0406+3039] adding red noise...
  [J0406+3039] white noise for L-wide_PUPPI (1871 TOAs)...
  [J0406+3039] white noise for S-wide_PUPPI (575 TOAs)...
  [J0437-4715] zeroing residuals...
  [J0437-4715] adding red noise...
  [J0437-4715] white noise for 3GHz_YUPPI (3696 TOAs)...
  [J0437-4715] white noise for 1.5GHz_YUPPI (2134 TOAs)...
  [J0509+0856] zeroing residuals...
  [J0509+0856] adding red noise...
  [J0509+0856] white noise for L-wide_PUPPI (1625 TOAs)...
  [J0509+0856] white noise for S-wide_PUPPI (544 TOAs)...
  [J0557+1551] zeroing residuals...
  [J0557+1551] adding red noise...
  [J0557+1551] white noise for L-wide_PUPPI (467 TOAs)...
  [J0557+1551] white noise for S-wide_PUPPI (58 TOAs)...
  [J0605+3757] zeroing residuals...
  [J0605+3757] adding red noise...
  [J0605+3757] white noise for Rcvr_800_GUPPI (236 TOAs)...
  [J0605+3757] white noise for Rcvr1_2_GUPPI (318 TOAs)...
  [J0610-2100] zeroing residuals...
  [J0610-2100] adding red noise...
  [J0610-2100] white noise for Rcvr_800_GUPPI (2484 TOAs)...
  [J0610-2100] white noise for Rcvr1_2_GUPPI (2401 TOAs)...
  [J0613-0200] zeroing residuals...
  [J0613-0200] adding red noise...
  [J0613-0200] white noise for Rcvr1_2_GASP (992 TOAs)...
  [J0613-0200] white noise for Rcvr_800_GUPPI (7900 TOAs)...
  [J0613-0200] white noise for Rcvr_800_GASP (809 TOAs)...
  [J0613-0200] white noise for Rcvr1_2_GUPPI (7423 TOAs)...
  [J0636+5128] zeroing residuals...
  [J0636+5128] adding red noise...
  [J0636+5128] white noise for Rcvr_800_GUPPI (17419 TOAs)...
  [J0636+5128] white noise for Rcvr1_2_GUPPI (14803 TOAs)...
  [J0645+5158] zeroing residuals...
  [J0645+5158] adding red noise...
  [J0645+5158] white noise for Rcvr_800_GUPPI (4682 TOAs)...
  [J0645+5158] white noise for Rcvr1_2_GUPPI (5721 TOAs)...
  [J0709+0458] zeroing residuals...
  [J0709+0458] adding red noise...
  [J0709+0458] white noise for L-wide_PUPPI (2435 TOAs)...
  [J0709+0458] white noise for S-wide_PUPPI (595 TOAs)...
  [J0740+6620] zeroing residuals...
  [J0740+6620] adding red noise...
  [J0740+6620] white noise for Rcvr_800_GUPPI (5136 TOAs)...
  [J0740+6620] white noise for Rcvr1_2_GUPPI (8265 TOAs)...
  [J0931-1902] zeroing residuals...
  [J0931-1902] adding red noise...
  [J0931-1902] white noise for Rcvr_800_GUPPI (3419 TOAs)...
  [J0931-1902] white noise for Rcvr1_2_GUPPI (2054 TOAs)...
  [J1012+5307] zeroing residuals...
  [J1012+5307] adding red noise...
  [J1012+5307] white noise for Rcvr1_2_GASP (1479 TOAs)...
  [J1012+5307] white noise for Rcvr_800_GUPPI (10299 TOAs)...
  [J1012+5307] white noise for Rcvr_800_GASP (1210 TOAs)...
  [J1012+5307] white noise for Rcvr1_2_GUPPI (12849 TOAs)...
  [J1012-4235] zeroing residuals...
  [J1012-4235] adding red noise...
  [J1012-4235] white noise for Rcvr_800_GUPPI (342 TOAs)...
  [J1012-4235] white noise for Rcvr1_2_GUPPI (455 TOAs)...
  [J1022+1001] zeroing residuals...
  [J1022+1001] adding red noise...
  [J1022+1001] white noise for L-wide_PUPPI (2592 TOAs)...
  [J1022+1001] white noise for S-wide_PUPPI (1154 TOAs)...
  [J1022+1001] white noise for 430_PUPPI (232 TOAs)...
  [J1024-0719] zeroing residuals...
  [J1024-0719] adding red noise...
  [J1024-0719] white noise for Rcvr1_2_GASP (43 TOAs)...
  [J1024-0719] white noise for Rcvr_800_GUPPI (5455 TOAs)...
  [J1024-0719] white noise for Rcvr_800_GASP (51 TOAs)...
  [J1024-0719] white noise for Rcvr1_2_GUPPI (7086 TOAs)...
  [J1125+7819] zeroing residuals...
  [J1125+7819] adding red noise...
  [J1125+7819] white noise for Rcvr_800_GUPPI (4707 TOAs)...
  [J1125+7819] white noise for Rcvr1_2_GUPPI (4016 TOAs)...
  [J1312+0051] zeroing residuals...
  [J1312+0051] adding red noise...
  [J1312+0051] white noise for L-wide_PUPPI (1289 TOAs)...
  [J1312+0051] white noise for S-wide_PUPPI (416 TOAs)...
  [J1453+1902] zeroing residuals...
  [J1453+1902] adding red noise...
  [J1453+1902] white noise for L-wide_PUPPI (2122 TOAs)...
  [J1453+1902] white noise for S-wide_PUPPI (4 TOAs)...
  [J1453+1902] white noise for 430_PUPPI (425 TOAs)...
  [J1455-3330] zeroing residuals...
  [J1455-3330] adding red noise...
  [J1455-3330] white noise for Rcvr1_2_GASP (564 TOAs)...
  [J1455-3330] white noise for Rcvr_800_GUPPI (4843 TOAs)...
  [J1455-3330] white noise for Rcvr_800_GASP (479 TOAs)...
  [J1455-3330] white noise for Rcvr1_2_GUPPI (4932 TOAs)...
  [J1600-3053] zeroing residuals...
  [J1600-3053] adding red noise...
  [J1600-3053] white noise for Rcvr_800_GUPPI (8796 TOAs)...
  [J1600-3053] white noise for Rcvr1_2_GUPPI (10168 TOAs)...
  [J1600-3053] white noise for Rcvr_800_GASP (297 TOAs)...
  [J1600-3053] white noise for Rcvr1_2_GASP (457 TOAs)...
  [J1600-3053] white noise for 3GHz_YUPPI (3237 TOAs)...
  [J1614-2230] zeroing residuals...
  [J1614-2230] adding red noise...
  [J1614-2230] white noise for Rcvr1_2_GASP (84 TOAs)...
  [J1614-2230] white noise for Rcvr_800_GUPPI (7768 TOAs)...
  [J1614-2230] white noise for Rcvr_800_GASP (84 TOAs)...
  [J1614-2230] white noise for Rcvr1_2_GUPPI (10509 TOAs)...
  [J1630+3734] zeroing residuals...
  [J1630+3734] adding red noise...
  [J1630+3734] white noise for Rcvr_800_GUPPI (906 TOAs)...
  [J1630+3734] white noise for Rcvr1_2_GUPPI (909 TOAs)...
  [J1640+2224] zeroing residuals...
  [J1640+2224] adding red noise...
  [J1640+2224] white noise for L-wide_PUPPI (9847 TOAs)...
  [J1640+2224] white noise for 430_ASP (340 TOAs)...
  [J1640+2224] white noise for 430_PUPPI (3157 TOAs)...
  [J1640+2224] white noise for L-wide_ASP (722 TOAs)...
  [J1643-1224] zeroing residuals...
  [J1643-1224] adding red noise...
  [J1643-1224] white noise for Rcvr_800_GUPPI (7734 TOAs)...
  [J1643-1224] white noise for Rcvr1_2_GUPPI (8803 TOAs)...
  [J1643-1224] white noise for Rcvr_800_GASP (559 TOAs)...
  [J1643-1224] white noise for Rcvr1_2_GASP (833 TOAs)...
  [J1643-1224] white noise for 3GHz_YUPPI (4215 TOAs)...
  [J1705-1903] zeroing residuals...
  [J1705-1903] adding red noise...
  [J1705-1903] white noise for Rcvr_800_GUPPI (3521 TOAs)...
  [J1705-1903] white noise for Rcvr1_2_GUPPI (6350 TOAs)...
  [J1713+0747] zeroing residuals...
  [J1713+0747] adding red noise...
  [J1713+0747] white noise for L-wide_PUPPI (12743 TOAs)...
  [J1713+0747] white noise for Rcvr_800_GUPPI (8479 TOAs)...
  [J1713+0747] white noise for Rcvr1_2_GUPPI (22334 TOAs)...
  [J1713+0747] white noise for Rcvr_800_GASP (1032 TOAs)...
  [J1713+0747] white noise for 1.5GHz_YUPPI (1461 TOAs)...
  [J1713+0747] white noise for S-wide_ASP (624 TOAs)...
  [J1713+0747] white noise for Rcvr1_2_GASP (1109 TOAs)...
  [J1713+0747] white noise for S-wide_PUPPI (7482 TOAs)...
  [J1713+0747] white noise for 3GHz_YUPPI (3282 TOAs)...
  [J1713+0747] white noise for L-wide_ASP (843 TOAs)...
  [J1719-1438] zeroing residuals...
  [J1719-1438] adding red noise...
  [J1719-1438] white noise for Rcvr_800_GUPPI (3634 TOAs)...
  [J1719-1438] white noise for Rcvr1_2_GUPPI (2722 TOAs)...
  [J1730-2304] zeroing residuals...
  [J1730-2304] adding red noise...
  [J1730-2304] white noise for Rcvr_800_GUPPI (2503 TOAs)...
  [J1730-2304] white noise for Rcvr1_2_GUPPI (2367 TOAs)...
  [J1738+0333] zeroing residuals...
  [J1738+0333] adding red noise...
  [J1738+0333] white noise for L-wide_PUPPI (6718 TOAs)...
  [J1738+0333] white noise for S-wide_PUPPI (1737 TOAs)...
  [J1738+0333] white noise for S-wide_ASP (134 TOAs)...
  [J1738+0333] white noise for L-wide_ASP (201 TOAs)...
  [J1741+1351] zeroing residuals...
  [J1741+1351] adding red noise...
  [J1741+1351] white noise for L-wide_PUPPI (4045 TOAs)...
  [J1741+1351] white noise for S-wide_ASP (115 TOAs)...
  [J1741+1351] white noise for 430_ASP (27 TOAs)...
  [J1741+1351] white noise for 430_PUPPI (1159 TOAs)...
  [J1741+1351] white noise for L-wide_ASP (236 TOAs)...
  [J1744-1134] zeroing residuals...
  [J1744-1134] adding red noise...
  [J1744-1134] white noise for Rcvr1_2_GASP (807 TOAs)...
  [J1744-1134] white noise for Rcvr_800_GUPPI (7899 TOAs)...
  [J1744-1134] white noise for Rcvr_800_GASP (930 TOAs)...
  [J1744-1134] white noise for Rcvr1_2_GUPPI (8109 TOAs)...
  [J1745+1017] zeroing residuals...
  [J1745+1017] adding red noise...
  [J1745+1017] white noise for L-wide_PUPPI (2179 TOAs)...
  [J1745+1017] white noise for S-wide_PUPPI (838 TOAs)...
  [J1747-4036] zeroing residuals...
  [J1747-4036] adding red noise...
  [J1747-4036] white noise for Rcvr_800_GUPPI (5816 TOAs)...
  [J1747-4036] white noise for Rcvr1_2_GUPPI (5239 TOAs)...
  [J1751-2857] zeroing residuals...
  [J1751-2857] adding red noise...
  [J1751-2857] white noise for Rcvr_800_GUPPI (239 TOAs)...
  [J1751-2857] white noise for Rcvr1_2_GUPPI (1786 TOAs)...
  [J1802-2124] zeroing residuals...
  [J1802-2124] adding red noise...
  [J1802-2124] white noise for Rcvr_800_GUPPI (3565 TOAs)...
  [J1802-2124] white noise for Rcvr1_2_GUPPI (3231 TOAs)...
  [J1811-2405] zeroing residuals...
  [J1811-2405] adding red noise...
  [J1811-2405] white noise for Rcvr_800_GUPPI (2628 TOAs)...
  [J1811-2405] white noise for Rcvr1_2_GUPPI (2638 TOAs)...
  [J1832-0836] zeroing residuals...
  [J1832-0836] adding red noise...
  [J1832-0836] white noise for Rcvr_800_GUPPI (3078 TOAs)...
  [J1832-0836] white noise for Rcvr1_2_GUPPI (4661 TOAs)...
  [J1843-1113] zeroing residuals...
  [J1843-1113] adding red noise...
  [J1843-1113] white noise for Rcvr_800_GUPPI (2201 TOAs)...
  [J1843-1113] white noise for Rcvr1_2_GUPPI (2394 TOAs)...
  [J1853+1303] zeroing residuals...
  [J1853+1303] adding red noise...
  [J1853+1303] white noise for L-wide_PUPPI (3362 TOAs)...
  [J1853+1303] white noise for 430_ASP (24 TOAs)...
  [J1853+1303] white noise for 430_PUPPI (1151 TOAs)...
  [J1853+1303] white noise for L-wide_ASP (33 TOAs)...
  [J1903+0327] zeroing residuals...
  [J1903+0327] adding red noise...
  [J1903+0327] white noise for L-wide_PUPPI (3845 TOAs)...
  [J1903+0327] white noise for S-wide_ASP (151 TOAs)...
  [J1903+0327] white noise for S-wide_PUPPI (2282 TOAs)...
  [J1903+0327] white noise for 3GHz_YUPPI (439 TOAs)...
  [J1903+0327] white noise for L-wide_ASP (139 TOAs)...
  [J1909-3744] zeroing residuals...
  [J1909-3744] adding red noise...
  [J1909-3744] white noise for Rcvr_800_GUPPI (9399 TOAs)...
  [J1909-3744] white noise for Rcvr1_2_GUPPI (20439 TOAs)...
  [J1909-3744] white noise for Rcvr_800_GASP (866 TOAs)...
  [J1909-3744] white noise for Rcvr1_2_GASP (808 TOAs)...
  [J1909-3744] white noise for 3GHz_YUPPI (3525 TOAs)...
  [J1910+1256] zeroing residuals...
  [J1910+1256] adding red noise...
  [J1910+1256] white noise for L-wide_PUPPI (4124 TOAs)...
  [J1910+1256] white noise for S-wide_PUPPI (1857 TOAs)...
  [J1910+1256] white noise for S-wide_ASP (208 TOAs)...
  [J1910+1256] white noise for L-wide_ASP (297 TOAs)...
  [J1911+1347] zeroing residuals...
  [J1911+1347] adding red noise...
  [J1911+1347] white noise for L-wide_PUPPI (3033 TOAs)...
  [J1911+1347] white noise for 430_PUPPI (753 TOAs)...
  [J1918-0642] zeroing residuals...
  [J1918-0642] adding red noise...
  [J1918-0642] white noise for Rcvr1_2_GASP (778 TOAs)...
  [J1918-0642] white noise for Rcvr_800_GUPPI (8352 TOAs)...
  [J1918-0642] white noise for Rcvr_800_GASP (835 TOAs)...
  [J1918-0642] white noise for Rcvr1_2_GUPPI (8910 TOAs)...
  [J1923+2515] zeroing residuals...
  [J1923+2515] adding red noise...
  [J1923+2515] white noise for L-wide_PUPPI (3028 TOAs)...
  [J1923+2515] white noise for 430_ASP (10 TOAs)...
  [J1923+2515] white noise for 430_PUPPI (922 TOAs)...
  [J1923+2515] white noise for L-wide_ASP (14 TOAs)...
  [J1944+0907] zeroing residuals...
  [J1944+0907] adding red noise...
  [J1944+0907] white noise for L-wide_PUPPI (3900 TOAs)...
  [J1944+0907] white noise for S-wide_ASP (116 TOAs)...
  [J1944+0907] white noise for 430_ASP (38 TOAs)...
  [J1944+0907] white noise for 430_PUPPI (1017 TOAs)...
  [J1944+0907] white noise for L-wide_ASP (257 TOAs)...
  [J1946+3417] zeroing residuals...
  [J1946+3417] adding red noise...
  [J1946+3417] white noise for L-wide_PUPPI (3197 TOAs)...
  [J1946+3417] white noise for S-wide_PUPPI (1546 TOAs)...
  [J2010-1323] zeroing residuals...
  [J2010-1323] adding red noise...
  [J2010-1323] white noise for Rcvr1_2_GASP (70 TOAs)...
  [J2010-1323] white noise for Rcvr_800_GUPPI (9158 TOAs)...
  [J2010-1323] white noise for Rcvr_800_GASP (70 TOAs)...
  [J2010-1323] white noise for Rcvr1_2_GUPPI (7779 TOAs)...
  [J2017+0603] zeroing residuals...
  [J2017+0603] adding red noise...
  [J2017+0603] white noise for L-wide_PUPPI (2569 TOAs)...
  [J2017+0603] white noise for S-wide_PUPPI (849 TOAs)...
  [J2017+0603] white noise for 430_PUPPI (78 TOAs)...
  [J2017+0603] white noise for L-wide_ASP (16 TOAs)...
  [J2033+1734] zeroing residuals...
  [J2033+1734] adding red noise...
  [J2033+1734] white noise for L-wide_PUPPI (3050 TOAs)...
  [J2033+1734] white noise for 430_PUPPI (797 TOAs)...
  [J2043+1711] zeroing residuals...
  [J2043+1711] adding red noise...
  [J2043+1711] white noise for L-wide_PUPPI (4419 TOAs)...
  [J2043+1711] white noise for 430_ASP (30 TOAs)...
  [J2043+1711] white noise for 430_PUPPI (2908 TOAs)...
  [J2043+1711] white noise for L-wide_ASP (40 TOAs)...
  [J2124-3358] zeroing residuals...
  [J2124-3358] adding red noise...
  [J2124-3358] white noise for Rcvr_800_GUPPI (2025 TOAs)...
  [J2124-3358] white noise for Rcvr1_2_GUPPI (2957 TOAs)...
  [J2145-0750] zeroing residuals...
  [J2145-0750] adding red noise...
  [J2145-0750] white noise for Rcvr1_2_GASP (427 TOAs)...
  [J2145-0750] white noise for Rcvr_800_GUPPI (8728 TOAs)...
  [J2145-0750] white noise for Rcvr_800_GASP (362 TOAs)...
  [J2145-0750] white noise for Rcvr1_2_GUPPI (9158 TOAs)...
  [J2214+3000] zeroing residuals...
  [J2214+3000] adding red noise...
  [J2214+3000] white noise for L-wide_PUPPI (5829 TOAs)...
  [J2214+3000] white noise for S-wide_PUPPI (1568 TOAs)...
  [J2214+3000] white noise for L-wide_ASP (9 TOAs)...
  [J2229+2643] zeroing residuals...
  [J2229+2643] adding red noise...
  [J2229+2643] white noise for L-wide_PUPPI (2755 TOAs)...
  [J2229+2643] white noise for 430_PUPPI (956 TOAs)...
  [J2234+0611] zeroing residuals...
  [J2234+0611] adding red noise...
  [J2234+0611] white noise for L-wide_PUPPI (2913 TOAs)...
  [J2234+0611] white noise for 430_PUPPI (653 TOAs)...
  [J2234+0944] zeroing residuals...
  [J2234+0944] adding red noise...
  [J2234+0944] white noise for L-wide_PUPPI (5003 TOAs)...
  [J2234+0944] white noise for S-wide_PUPPI (2532 TOAs)...
  [J2302+4442] zeroing residuals...
  [J2302+4442] adding red noise...
  [J2302+4442] white noise for Rcvr_800_GUPPI (6432 TOAs)...
  [J2302+4442] white noise for Rcvr1_2_GUPPI (3779 TOAs)...
  [J2317+1439] zeroing residuals...
  [J2317+1439] adding red noise...
  [J2317+1439] white noise for L-wide_PUPPI (9563 TOAs)...
  [J2317+1439] white noise for 327_PUPPI (276 TOAs)...
  [J2317+1439] white noise for 430_ASP (458 TOAs)...
  [J2317+1439] white noise for 327_ASP (413 TOAs)...
  [J2317+1439] white noise for 430_PUPPI (3217 TOAs)...
  [J2322+2057] zeroing residuals...
  [J2322+2057] adding red noise...
  [J2322+2057] white noise for L-wide_PUPPI (2196 TOAs)...
  [J2322+2057] white noise for S-wide_PUPPI (140 TOAs)...
  [J2322+2057] white noise for 430_PUPPI (752 TOAs)...
Resetting pulsars to clean stoas...
Restore: 0.00 s
Inject: 0.00 s
Snapshotting into enterprise Pulsar objects...
Building PTA...
PTA build: 439.79 s
Computing optimal statistic...
OS time: 41.54 s
Total: 481.34 s
Noise-only SNR baseline: -0.0137

Generating SNR-consistent population...
Target SNR: 4.0
Resetting pulsars to clean stoas...
Restore: 0.00 s
Injecting population...
  B1855+09: RMS = 1566.108 ns
  B1937+21: RMS = 1299.427 ns
  B1953+29: RMS = 646.224 ns
  J0023+0923: RMS = 2722.341 ns
  J0030+0451: RMS = 1028.614 ns
  J0340+4130: RMS = 529.834 ns
  J0406+3039: RMS = 1112.929 ns
  J0437-4715: RMS = 844.630 ns
  J0509+0856: RMS = 436.629 ns
  J0557+1551: RMS = 1427.796 ns
  J0605+3757: RMS = 984.265 ns
  J0610-2100: RMS = 998.386 ns
  J0613-0200: RMS = 2223.427 ns
  J0636+5128: RMS = 994.400 ns
  J0645+5158: RMS = 1125.812 ns
  J0709+0458: RMS = 1350.780 ns
  J0740+6620: RMS = 614.116 ns
  J0931-1902: RMS = 1441.146 ns
  J1012+5307: RMS = 876.944 ns
  J1012-4235: RMS = 446.704 ns
  J1022+1001: RMS = 1012.744 ns
  J1024-0719: RMS = 767.546 ns
  J1125+7819: RMS = 1049.925 ns
  J1312+0051: RMS = 1167.662 ns
  J1453+1902: RMS = 1689.903 ns
  J1455-3330: RMS = 664.485 ns
  J1600-3053: RMS = 1561.367 ns
  J1614-2230: RMS = 1311.922 ns
  J1630+3734: RMS = 332.116 ns
  J1640+2224: RMS = 1430.855 ns
  J1643-1224: RMS = 1860.020 ns
  J1705-1903: RMS = 387.094 ns
  J1713+0747: RMS = 2430.879 ns
  J1719-1438: RMS = 828.698 ns
  J1730-2304: RMS = 651.028 ns
  J1738+0333: RMS = 2211.948 ns
  J1741+1351: RMS = 2249.567 ns
  J1744-1134: RMS = 2782.581 ns
  J1745+1017: RMS = 3274.991 ns
  J1747-4036: RMS = 769.158 ns
  J1751-2857: RMS = 747.300 ns
  J1802-2124: RMS = 849.534 ns
  J1811-2405: RMS = 865.733 ns
  J1832-0836: RMS = 1447.874 ns
  J1843-1113: RMS = 1146.787 ns
  J1853+1303: RMS = 1520.919 ns
  J1903+0327: RMS = 1413.217 ns
  J1909-3744: RMS = 2221.673 ns
  J1910+1256: RMS = 1330.881 ns
  J1911+1347: RMS = 1153.486 ns
  J1918-0642: RMS = 1506.872 ns
  J1923+2515: RMS = 1405.403 ns
  J1944+0907: RMS = 1169.959 ns
  J1946+3417: RMS = 423.759 ns
  J2010-1323: RMS = 1722.685 ns
  J2017+0603: RMS = 780.849 ns
  J2033+1734: RMS = 1489.825 ns
  J2043+1711: RMS = 501.560 ns
  J2124-3358: RMS = 551.841 ns
  J2145-0750: RMS = 957.703 ns
  J2214+3000: RMS = 1179.927 ns
  J2229+2643: RMS = 662.353 ns
  J2234+0611: RMS = 1189.385 ns
  J2234+0944: RMS = 786.622 ns
  J2302+4442: RMS = 2126.263 ns
  J2317+1439: RMS = 1231.513 ns
  J2322+2057: RMS = 1172.232 ns
Inject: 160.18 s
Snapshotting into enterprise Pulsar objects...
Building PTA...
PTA build: 453.11 s
Computing optimal statistic...
OS time: 43.30 s
Total: 656.60 s
Initial SNR: 20.0418, Target SNR: 4.0000
  Initial SNR 20.0418 outside of provided SNR_range [3.5, 4.25] — rescaling.
Scaling distances by factor 2.2353 to achieve target SNR...
Resetting pulsars to clean stoas...
Restore: 0.00 s
Injecting population...
  B1855+09: RMS = 700.611 ns
  B1937+21: RMS = 581.309 ns
  B1953+29: RMS = 289.093 ns
  J0023+0923: RMS = 1217.861 ns
  J0030+0451: RMS = 460.159 ns
  J0340+4130: RMS = 237.025 ns
  J0406+3039: RMS = 497.878 ns
  J0437-4715: RMS = 377.852 ns
  J0509+0856: RMS = 195.330 ns
  J0557+1551: RMS = 638.736 ns
  J0605+3757: RMS = 440.319 ns
  J0610-2100: RMS = 446.636 ns
  J0613-0200: RMS = 994.668 ns
  J0636+5128: RMS = 444.853 ns
  J0645+5158: RMS = 503.641 ns
  J0709+0458: RMS = 604.282 ns
  J0740+6620: RMS = 274.730 ns
  J0931-1902: RMS = 644.708 ns
  J1012+5307: RMS = 392.308 ns
  J1012-4235: RMS = 199.837 ns
  J1022+1001: RMS = 453.059 ns
  J1024-0719: RMS = 343.368 ns
  J1125+7819: RMS = 469.692 ns
  J1312+0051: RMS = 522.363 ns
  J1453+1902: RMS = 755.992 ns
  J1455-3330: RMS = 297.263 ns
  J1600-3053: RMS = 698.490 ns
  J1614-2230: RMS = 586.899 ns
  J1630+3734: RMS = 148.575 ns
  J1640+2224: RMS = 640.105 ns
  J1643-1224: RMS = 832.095 ns
  J1705-1903: RMS = 173.170 ns
  J1713+0747: RMS = 1087.473 ns
  J1719-1438: RMS = 370.725 ns
  J1730-2304: RMS = 291.243 ns
  J1738+0333: RMS = 989.533 ns
  J1741+1351: RMS = 1006.362 ns
  J1744-1134: RMS = 1244.810 ns
  J1745+1017: RMS = 1465.093 ns
  J1747-4036: RMS = 344.089 ns
  J1751-2857: RMS = 334.310 ns
  J1802-2124: RMS = 380.046 ns
  J1811-2405: RMS = 387.293 ns
  J1832-0836: RMS = 647.718 ns
  J1843-1113: RMS = 513.024 ns
  J1853+1303: RMS = 680.395 ns
  J1903+0327: RMS = 632.214 ns
  J1909-3744: RMS = 993.883 ns
  J1910+1256: RMS = 595.380 ns
  J1911+1347: RMS = 516.021 ns
  J1918-0642: RMS = 674.111 ns
  J1923+2515: RMS = 628.718 ns
  J1944+0907: RMS = 523.391 ns
  J1946+3417: RMS = 189.572 ns
  J2010-1323: RMS = 770.657 ns
  J2017+0603: RMS = 349.319 ns
  J2033+1734: RMS = 666.485 ns
  J2043+1711: RMS = 224.377 ns
  J2124-3358: RMS = 246.871 ns
  J2145-0750: RMS = 428.436 ns
  J2214+3000: RMS = 527.850 ns
  J2229+2643: RMS = 296.309 ns
  J2234+0611: RMS = 532.081 ns
  J2234+0944: RMS = 351.902 ns
  J2302+4442: RMS = 951.201 ns
  J2317+1439: RMS = 550.927 ns
  J2322+2057: RMS = 524.408 ns
Inject: 180.41 s
Snapshotting into enterprise Pulsar objects...
Building PTA...
PTA build: 452.72 s
Computing optimal statistic...
OS time: 44.56 s
Total: 677.70 s
  SNR 3.2726 outside of provided SNR_range [3.5, 4.25] — rescaling.
[Iteration 1/4] SNR after scaling: 3.2726 (target: 4.0000)
  SNR history: it0→20.0418@1.0000x, it1→3.2726@2.2353x
  Re-scaling distances by factor 0.6688  (cumulative after: 1.4951×)
Resetting pulsars to clean stoas...
Restore: 0.00 s
Injecting population...
  B1855+09: RMS = 1047.488 ns
  B1937+21: RMS = 869.119 ns
  B1953+29: RMS = 432.225 ns
  J0023+0923: RMS = 1820.833 ns
  J0030+0451: RMS = 687.987 ns
  J0340+4130: RMS = 354.378 ns
  J0406+3039: RMS = 744.381 ns
  J0437-4715: RMS = 564.929 ns
  J0509+0856: RMS = 292.039 ns
  J0557+1551: RMS = 954.979 ns
  J0605+3757: RMS = 658.324 ns
  J0610-2100: RMS = 667.769 ns
  J0613-0200: RMS = 1487.135 ns
  J0636+5128: RMS = 665.103 ns
  J0645+5158: RMS = 752.997 ns
  J0709+0458: RMS = 903.467 ns
  J0740+6620: RMS = 410.751 ns
  J0931-1902: RMS = 963.908 ns
  J1012+5307: RMS = 586.542 ns
  J1012-4235: RMS = 298.777 ns
  J1022+1001: RMS = 677.372 ns
  J1024-0719: RMS = 513.372 ns
  J1125+7819: RMS = 702.240 ns
  J1312+0051: RMS = 780.989 ns
  J1453+1902: RMS = 1130.289 ns
  J1455-3330: RMS = 444.440 ns
  J1600-3053: RMS = 1044.318 ns
  J1614-2230: RMS = 877.477 ns
  J1630+3734: RMS = 222.135 ns
  J1640+2224: RMS = 957.025 ns
  J1643-1224: RMS = 1244.071 ns
  J1705-1903: RMS = 258.907 ns
  J1713+0747: RMS = 1625.889 ns
  J1719-1438: RMS = 554.273 ns
  J1730-2304: RMS = 435.439 ns
  J1738+0333: RMS = 1479.457 ns
  J1741+1351: RMS = 1504.619 ns
  J1744-1134: RMS = 1861.124 ns
  J1745+1017: RMS = 2190.472 ns
  J1747-4036: RMS = 514.450 ns
  J1751-2857: RMS = 499.830 ns
  J1802-2124: RMS = 568.209 ns
  J1811-2405: RMS = 579.044 ns
  J1832-0836: RMS = 968.408 ns
  J1843-1113: RMS = 767.026 ns
  J1853+1303: RMS = 1017.264 ns
  J1903+0327: RMS = 945.227 ns
  J1909-3744: RMS = 1485.962 ns
  J1910+1256: RMS = 890.158 ns
  J1911+1347: RMS = 771.507 ns
  J1918-0642: RMS = 1007.869 ns
  J1923+2515: RMS = 940.001 ns
  J1944+0907: RMS = 782.525 ns
  J1946+3417: RMS = 283.430 ns
  J2010-1323: RMS = 1152.215 ns
  J2017+0603: RMS = 522.270 ns
  J2033+1734: RMS = 996.467 ns
  J2043+1711: RMS = 335.467 ns
  J2124-3358: RMS = 369.098 ns
  J2145-0750: RMS = 640.558 ns
  J2214+3000: RMS = 789.192 ns
  J2229+2643: RMS = 443.014 ns
  J2234+0611: RMS = 795.518 ns
  J2234+0944: RMS = 526.131 ns
  J2302+4442: RMS = 1422.148 ns
  J2317+1439: RMS = 823.695 ns
  J2322+2057: RMS = 784.046 ns
Inject: 156.77 s
Snapshotting into enterprise Pulsar objects...
Building PTA...
PTA build: 412.30 s
Computing optimal statistic...
OS time: 46.04 s
Total: 615.12 s
  SNR 8.3062 outside of provided SNR_range [3.5, 4.25] — rescaling.
[Iteration 2/4] SNR after scaling: 8.3062 (target: 4.0000)
  SNR history: it0→20.0418@1.0000x, it1→3.2726@2.2353x, it2→8.3062@1.4951x
  Re-scaling distances by factor 1.2227  (cumulative after: 1.8281×)
Resetting pulsars to clean stoas...
Restore: 0.01 s
Injecting population...
  B1855+09: RMS = 856.669 ns
  B1937+21: RMS = 710.793 ns
  B1953+29: RMS = 353.488 ns
  J0023+0923: RMS = 1489.135 ns
  J0030+0451: RMS = 562.657 ns
  J0340+4130: RMS = 289.822 ns
  J0406+3039: RMS = 608.778 ns
  J0437-4715: RMS = 462.017 ns
  J0509+0856: RMS = 238.838 ns
  J0557+1551: RMS = 781.012 ns
  J0605+3757: RMS = 538.398 ns
  J0610-2100: RMS = 546.122 ns
  J0613-0200: RMS = 1216.226 ns
  J0636+5128: RMS = 543.942 ns
  J0645+5158: RMS = 615.825 ns
  J0709+0458: RMS = 738.883 ns
  J0740+6620: RMS = 335.925 ns
  J0931-1902: RMS = 788.314 ns
  J1012+5307: RMS = 479.693 ns
  J1012-4235: RMS = 244.350 ns
  J1022+1001: RMS = 553.976 ns
  J1024-0719: RMS = 419.852 ns
  J1125+7819: RMS = 574.314 ns
  J1312+0051: RMS = 638.717 ns
  J1453+1902: RMS = 924.386 ns
  J1455-3330: RMS = 363.477 ns
  J1600-3053: RMS = 854.076 ns
  J1614-2230: RMS = 717.628 ns
  J1630+3734: RMS = 181.669 ns
  J1640+2224: RMS = 782.685 ns
  J1643-1224: RMS = 1017.440 ns
  J1705-1903: RMS = 211.742 ns
  J1713+0747: RMS = 1329.703 ns
  J1719-1438: RMS = 453.302 ns
  J1730-2304: RMS = 356.116 ns
  J1738+0333: RMS = 1209.947 ns
  J1741+1351: RMS = 1230.525 ns
  J1744-1134: RMS = 1522.086 ns
  J1745+1017: RMS = 1791.437 ns
  J1747-4036: RMS = 420.733 ns
  J1751-2857: RMS = 408.777 ns
  J1802-2124: RMS = 464.699 ns
  J1811-2405: RMS = 473.560 ns
  J1832-0836: RMS = 791.994 ns
  J1843-1113: RMS = 627.298 ns
  J1853+1303: RMS = 831.951 ns
  J1903+0327: RMS = 773.037 ns
  J1909-3744: RMS = 1215.267 ns
  J1910+1256: RMS = 727.999 ns
  J1911+1347: RMS = 630.963 ns
  J1918-0642: RMS = 824.267 ns
  J1923+2515: RMS = 768.763 ns
  J1944+0907: RMS = 639.974 ns
  J1946+3417: RMS = 231.798 ns
  J2010-1323: RMS = 942.318 ns
  J2017+0603: RMS = 427.129 ns
  J2033+1734: RMS = 814.942 ns
  J2043+1711: RMS = 274.356 ns
  J2124-3358: RMS = 301.860 ns
  J2145-0750: RMS = 523.868 ns
  J2214+3000: RMS = 645.426 ns
  J2229+2643: RMS = 362.311 ns
  J2234+0611: RMS = 650.600 ns
  J2234+0944: RMS = 430.287 ns
  J2302+4442: RMS = 1163.077 ns
  J2317+1439: RMS = 673.644 ns
  J2322+2057: RMS = 641.217 ns
Inject: 158.06 s
Snapshotting into enterprise Pulsar objects...
Building PTA...
PTA build: 406.48 s
Computing optimal statistic...
OS time: 45.03 s
Total: 609.58 s
  SNR 5.2579 outside of provided SNR_range [3.5, 4.25] — rescaling.
[Iteration 3/4] SNR after scaling: 5.2579 (target: 4.0000)
  SNR history: it0→20.0418@1.0000x, it1→3.2726@2.2353x, it2→8.3062@1.4951x, it3→5.2579@1.8281x
  Re-scaling distances by factor 1.1058  (cumulative after: 2.0215×)
Resetting pulsars to clean stoas...
Restore: 0.00 s
Injecting population...
  B1855+09: RMS = 774.720 ns
  B1937+21: RMS = 642.799 ns
  B1953+29: RMS = 319.673 ns
  J0023+0923: RMS = 1346.685 ns
  J0030+0451: RMS = 508.834 ns
  J0340+4130: RMS = 262.098 ns
  J0406+3039: RMS = 550.543 ns
  J0437-4715: RMS = 417.821 ns
  J0509+0856: RMS = 215.991 ns
  J0557+1551: RMS = 706.301 ns
  J0605+3757: RMS = 486.895 ns
  J0610-2100: RMS = 493.880 ns
  J0613-0200: RMS = 1099.882 ns
  J0636+5128: RMS = 491.909 ns
  J0645+5158: RMS = 556.915 ns
  J0709+0458: RMS = 668.202 ns
  J0740+6620: RMS = 303.790 ns
  J0931-1902: RMS = 712.904 ns
  J1012+5307: RMS = 433.806 ns
  J1012-4235: RMS = 220.975 ns
  J1022+1001: RMS = 500.983 ns
  J1024-0719: RMS = 379.689 ns
  J1125+7819: RMS = 519.376 ns
  J1312+0051: RMS = 577.618 ns
  J1453+1902: RMS = 835.959 ns
  J1455-3330: RMS = 328.707 ns
  J1600-3053: RMS = 772.375 ns
  J1614-2230: RMS = 648.980 ns
  J1630+3734: RMS = 164.291 ns
  J1640+2224: RMS = 707.814 ns
  J1643-1224: RMS = 920.112 ns
  J1705-1903: RMS = 191.487 ns
  J1713+0747: RMS = 1202.504 ns
  J1719-1438: RMS = 409.939 ns
  J1730-2304: RMS = 322.050 ns
  J1738+0333: RMS = 1094.204 ns
  J1741+1351: RMS = 1112.813 ns
  J1744-1134: RMS = 1376.484 ns
  J1745+1017: RMS = 1620.069 ns
  J1747-4036: RMS = 380.486 ns
  J1751-2857: RMS = 369.673 ns
  J1802-2124: RMS = 420.246 ns
  J1811-2405: RMS = 428.260 ns
  J1832-0836: RMS = 716.232 ns
  J1843-1113: RMS = 567.291 ns
  J1853+1303: RMS = 752.366 ns
  J1903+0327: RMS = 699.088 ns
  J1909-3744: RMS = 1099.015 ns
  J1910+1256: RMS = 658.359 ns
  J1911+1347: RMS = 570.605 ns
  J1918-0642: RMS = 745.418 ns
  J1923+2515: RMS = 695.223 ns
  J1944+0907: RMS = 578.754 ns
  J1946+3417: RMS = 209.624 ns
  J2010-1323: RMS = 852.176 ns
  J2017+0603: RMS = 386.270 ns
  J2033+1734: RMS = 736.985 ns
  J2043+1711: RMS = 248.111 ns
  J2124-3358: RMS = 272.984 ns
  J2145-0750: RMS = 473.755 ns
  J2214+3000: RMS = 583.685 ns
  J2229+2643: RMS = 327.652 ns
  J2234+0611: RMS = 588.364 ns
  J2234+0944: RMS = 389.125 ns
  J2302+4442: RMS = 1051.817 ns
  J2317+1439: RMS = 609.203 ns
  J2322+2057: RMS = 579.879 ns
Inject: 138.95 s
Snapshotting into enterprise Pulsar objects...
Building PTA...
PTA build: 395.54 s
Computing optimal statistic...
OS time: 40.52 s
Total: 575.01 s
  ✓ SNR is within the provided SNR_range: 4.1579 ∈ [3.5, 4.25]

Final SNR history:
  it 0: cumulative_scale=1.0000×  SNR=20.0418
  it 1: cumulative_scale=2.2353×  SNR=3.2726
  it 2: cumulative_scale=1.4951×  SNR=8.3062
  it 3: cumulative_scale=1.8281×  SNR=5.2579
  it 4: cumulative_scale=2.0215×  SNR=4.1579
✓ Simulation 1 done (3168.4 s)

======================================================================
ENSEMBLE SUMMARY
======================================================================
Success rate: 100.0% (1/1)

Binaries per population:
  Mean ± std : 10000000 ± 0
  Range      : [10000000, 10000000]

SNR achieved:
  Mean ± std : 4.1579 ± 0.0000
  Range      : [4.1579, 4.1579]

Total time: 3690.7 s (61.5 min)
======================================================================

💾 Saved: data/2026-04-29/pessimistic_run_299/consistent_population_pessimistic_targetSNR4.25_sims1.json
💾 Saved compressed pickle: data/2026-04-29/pessimistic_run_299/consistent_population_pessimistic_targetSNR4.25_sims1.pkl.gz

======================================================================
CONTINUOUS WAVE SNR ANALYSIS
======================================================================

--- Population 1 ---
Precomputation of phiinvs, TNTs, Ts, Nvecs, Sigmas took 0.05 seconds.
Total SNR computation for population took 281.81 seconds.
Top 50 CGW candidates:
   1. proxy_rank= 580  sky_w=1.48  f=2.01e-08 Hz  Mc=4.80e+09 Msun  h0=1.50e-15  SNR=2.049
   2. proxy_rank= 518  sky_w=1.40  f=1.01e-08 Hz  Mc=4.75e+09 Msun  h0=8.27e-16  SNR=1.721
   3. proxy_rank= 306  sky_w=1.14  f=7.66e-09 Hz  Mc=6.03e+09 Msun  h0=9.10e-16  SNR=1.327
   4. proxy_rank= 109  sky_w=1.35  f=7.73e-09 Hz  Mc=3.61e+09 Msun  h0=1.09e-15  SNR=1.199
   5. proxy_rank= 750  sky_w=1.52  f=7.81e-09 Hz  Mc=4.11e+09 Msun  h0=5.22e-16  SNR=1.124
   6. proxy_rank= 212  sky_w=0.81  f=1.14e-08 Hz  Mc=4.22e+09 Msun  h0=2.18e-15  SNR=1.101
   7. proxy_rank= 374  sky_w=1.38  f=8.41e-09 Hz  Mc=4.44e+09 Msun  h0=7.71e-16  SNR=1.089
   8. proxy_rank= 464  sky_w=0.60  f=6.81e-09 Hz  Mc=1.53e+09 Msun  h0=1.33e-15  SNR=1.080
   9. proxy_rank=  20  sky_w=1.17  f=4.53e-09 Hz  Mc=7.58e+09 Msun  h0=1.20e-15  SNR=1.080
  10. proxy_rank= 847  sky_w=1.60  f=7.80e-09 Hz  Mc=3.05e+09 Msun  h0=4.73e-16  SNR=1.060
  11. proxy_rank= 111  sky_w=1.22  f=5.05e-09 Hz  Mc=5.76e+09 Msun  h0=7.82e-16  SNR=0.993
  12. proxy_rank= 277  sky_w=1.55  f=6.78e-09 Hz  Mc=4.45e+09 Msun  h0=6.13e-16  SNR=0.912
  13. proxy_rank= 290  sky_w=1.42  f=8.21e-09 Hz  Mc=4.91e+09 Msun  h0=8.02e-16  SNR=0.880
  14. proxy_rank= 292  sky_w=1.33  f=6.35e-09 Hz  Mc=3.48e+09 Msun  h0=6.60e-16  SNR=0.852
  15. proxy_rank=  21  sky_w=1.49  f=3.30e-09 Hz  Mc=4.92e+09 Msun  h0=6.64e-16  SNR=0.698
  16. proxy_rank=  43  sky_w=1.14  f=3.57e-09 Hz  Mc=4.31e+09 Msun  h0=7.66e-16  SNR=0.679
  17. proxy_rank= 608  sky_w=0.99  f=6.29e-09 Hz  Mc=3.76e+09 Msun  h0=6.89e-16  SNR=0.652
  18. proxy_rank= 949  sky_w=1.62  f=7.78e-09 Hz  Mc=3.75e+09 Msun  h0=4.50e-16  SNR=0.647
  19. proxy_rank= 288  sky_w=1.25  f=4.99e-09 Hz  Mc=5.01e+09 Msun  h0=5.54e-16  SNR=0.642
  20. proxy_rank= 859  sky_w=1.13  f=5.62e-09 Hz  Mc=4.54e+09 Msun  h0=4.84e-16  SNR=0.632
  21. proxy_rank= 381  sky_w=1.56  f=5.26e-09 Hz  Mc=1.98e+09 Msun  h0=4.24e-16  SNR=0.624
  22. proxy_rank= 477  sky_w=1.23  f=5.29e-09 Hz  Mc=1.87e+09 Msun  h0=5.02e-16  SNR=0.607
  23. proxy_rank=  19  sky_w=1.50  f=3.12e-09 Hz  Mc=7.10e+09 Msun  h0=6.44e-16  SNR=0.599
  24. proxy_rank= 631  sky_w=1.04  f=4.91e-09 Hz  Mc=5.10e+09 Msun  h0=5.05e-16  SNR=0.592
  25. proxy_rank= 591  sky_w=1.09  f=6.59e-09 Hz  Mc=5.33e+09 Msun  h0=6.60e-16  SNR=0.564
  26. proxy_rank=  64  sky_w=1.22  f=3.54e-09 Hz  Mc=2.42e+09 Msun  h0=6.30e-16  SNR=0.564
  27. proxy_rank= 384  sky_w=1.25  f=4.59e-09 Hz  Mc=4.40e+09 Msun  h0=4.61e-16  SNR=0.546
  28. proxy_rank=   2  sky_w=1.12  f=2.32e-09 Hz  Mc=3.03e+09 Msun  h0=1.06e-15  SNR=0.533
  29. proxy_rank=  92  sky_w=1.20  f=4.15e-09 Hz  Mc=3.21e+09 Msun  h0=6.86e-16  SNR=0.533
  30. proxy_rank= 117  sky_w=1.04  f=4.09e-09 Hz  Mc=6.66e+09 Msun  h0=7.28e-16  SNR=0.526
  31. proxy_rank= 457  sky_w=1.16  f=4.58e-09 Hz  Mc=4.63e+09 Msun  h0=4.68e-16  SNR=0.517
  32. proxy_rank=   6  sky_w=1.30  f=2.47e-09 Hz  Mc=3.08e+09 Msun  h0=7.94e-16  SNR=0.515
  33. proxy_rank= 372  sky_w=1.11  f=4.37e-09 Hz  Mc=4.78e+09 Msun  h0=4.97e-16  SNR=0.514
  34. proxy_rank= 313  sky_w=1.11  f=3.99e-09 Hz  Mc=4.82e+09 Msun  h0=4.79e-16  SNR=0.487
  35. proxy_rank=  97  sky_w=1.61  f=3.35e-09 Hz  Mc=3.66e+09 Msun  h0=4.03e-16  SNR=0.483
  36. proxy_rank= 881  sky_w=1.27  f=4.72e-09 Hz  Mc=1.47e+09 Msun  h0=3.56e-16  SNR=0.482
  37. proxy_rank= 101  sky_w=1.50  f=3.48e-09 Hz  Mc=5.00e+09 Msun  h0=4.51e-16  SNR=0.478
  38. proxy_rank=  26  sky_w=1.49  f=2.97e-09 Hz  Mc=6.58e+09 Msun  h0=5.66e-16  SNR=0.477
  39. proxy_rank= 121  sky_w=1.15  f=3.44e-09 Hz  Mc=5.97e+09 Msun  h0=5.46e-16  SNR=0.474
  40. proxy_rank=  58  sky_w=1.57  f=3.19e-09 Hz  Mc=2.59e+09 Msun  h0=4.58e-16  SNR=0.470
  41. proxy_rank=   8  sky_w=1.27  f=2.52e-09 Hz  Mc=7.31e+09 Msun  h0=7.20e-16  SNR=0.463
  42. proxy_rank= 793  sky_w=1.38  f=6.51e-09 Hz  Mc=2.99e+09 Msun  h0=4.70e-16  SNR=0.459
  43. proxy_rank=  59  sky_w=1.58  f=3.04e-09 Hz  Mc=2.18e+09 Msun  h0=4.32e-16  SNR=0.450
  44. proxy_rank= 314  sky_w=0.94  f=4.16e-09 Hz  Mc=2.46e+09 Msun  h0=5.90e-16  SNR=0.448
  45. proxy_rank=  31  sky_w=1.60  f=2.82e-09 Hz  Mc=5.01e+09 Msun  h0=4.72e-16  SNR=0.435
  46. proxy_rank=   9  sky_w=1.61  f=2.49e-09 Hz  Mc=4.65e+09 Msun  h0=5.55e-16  SNR=0.433
  47. proxy_rank=   1  sky_w=1.18  f=2.42e-09 Hz  Mc=3.16e+09 Msun  h0=1.09e-15  SNR=0.431
  48. proxy_rank=  18  sky_w=1.34  f=3.50e-09 Hz  Mc=5.32e+09 Msun  h0=8.11e-16  SNR=0.429
  49. proxy_rank= 749  sky_w=1.50  f=4.37e-09 Hz  Mc=3.04e+09 Msun  h0=2.96e-16  SNR=0.420
  50. proxy_rank= 483  sky_w=1.11  f=4.16e-09 Hz  Mc=4.86e+09 Msun  h0=4.36e-16  SNR=0.418
💾 Saved: data/2026-04-29/pessimistic_run_299/consistent_population_pessimistic_targetSNR4.25_sims1.json
💾 Saved compressed pickle: data/2026-04-29/pessimistic_run_299/consistent_population_pessimistic_targetSNR4.25_sims1.pkl.gz
Saved to figures/cgw_analysis_pessimistic.pdf

======================================================================
ANALYSIS COMPLETE
Results saved to: data/2026-04-29/pessimistic_run_299
======================================================================

==========================================
Job finished at: Wed Apr 29 16:47:01 AEST 2026
Exit code: 0
==========================================

+------------------ Job Report: 11736888 (COMPLETED) ------------------+
| Memory (RAM)  [################### ] 96.6% (38.6 GB peak / 40 GB)    |
| CPU           [#################   ] 87.6% average                   |
| Time          [----------------->  ] 85.9% (0-01:13:01 / 0-01:25:00) |
|                                                                      |
| Lustre Filesystem:                                                   |
|   Path    Total Read    Total Write    Total IOPS                    |
|   ------  ------------  -------------  ------------                  |
|   /apps   0 B           0 B            420                           |
|   /fred   34.1 MB       6.6 MB         98                            |
|   /home   24 KB         0 B            2.2 K                         |
|   OS      0 B           0 B            4                             |
+----------------------------------------------------------------------+
