==========================================
Job ID: 11738508
Job Name: smbhb_realistic
Node: dave305
Start Time: Wed Apr 29 13:45:14 AEST 2026
==========================================

/home/bhoulden/.conda/envs/smbhb312/share/tempo2
Working directory: /fred/oz005/users/bhoulden/SMBHB_population_injections

Loaded modules:

Starting SMBHB analysis...
==========================================

📁 Save directory: data/2026-04-29/realistic_run_223
📝 Run name: realistic_run_223

[MEM] Start: 244.0 MB

📡 Loading pulsars...
======================================================================
LOADING NANOGRAV PULSARS (libstempo)
======================================================================

📦 Loading from cache: nanograv_pulsars_cache.pkl
⚠ Cache load failed: Ran out of input
[DEBUG] Found 76 .par files
[tempo2Util.C:396] Warning: [MISC1] Unknown parameter in par file:  DMDATA
[tempo2Util.C:401] Warning: [DUP1] duplicated warnings have been suppressed.

WARNING: Using tempo RNAMP parameter: setting TNRedC to 100!
[observatory.C:271] Warning: Assuming site 'arecibo' means 'ao'
✓ Loaded B1855+09 (7758 TOAs)

WARNING: Using tempo RNAMP parameter: setting TNRedC to 100!
✓ Loaded B1937+21 (23023 TOAs)

WARNING: Using tempo RNAMP parameter: setting TNRedC to 100!
✓ Loaded B1937+21ao (7241 TOAs)

WARNING: Using tempo RNAMP parameter: setting TNRedC to 100!
✓ Loaded B1937+21gbt (16048 TOAs)

WARNING: Using tempo RNAMP parameter: setting TNRedC to 100!
✓ Loaded B1953+29 (5126 TOAs)
✓ Loaded J0023+0923 (15896 TOAs)

WARNING: Using tempo RNAMP parameter: setting TNRedC to 100!
✓ Loaded J0030+0451 (19571 TOAs)
✓ Loaded J0340+4130 (11093 TOAs)
✓ Loaded J0406+3039 (2446 TOAs)

WARNING: Using tempo RNAMP parameter: setting TNRedC to 100!
✓ Loaded J0437-4715 (5830 TOAs)
✓ Loaded J0509+0856 (2169 TOAs)
✓ Loaded J0557+1551 (525 TOAs)
✓ Loaded J0605+3757 (554 TOAs)

WARNING: Using tempo RNAMP parameter: setting TNRedC to 100!
✓ Loaded J0610-2100 (4885 TOAs)

WARNING: Using tempo RNAMP parameter: setting TNRedC to 100!
✓ Loaded J0613-0200 (17124 TOAs)
✓ Loaded J0614-3329 (1714 TOAs)
✓ Loaded J0636+5128 (32222 TOAs)
✓ Loaded J0645+5158 (10403 TOAs)
✓ Loaded J0709+0458 (3030 TOAs)
✓ Loaded J0740+6620 (13401 TOAs)
✓ Loaded J0931-1902 (5473 TOAs)

WARNING: Using tempo RNAMP parameter: setting TNRedC to 100!
✓ Loaded J1012+5307 (25837 TOAs)
✓ Loaded J1012-4235 (797 TOAs)
✓ Loaded J1022+1001 (3978 TOAs)
✓ Loaded J1024-0719 (12635 TOAs)
✓ Loaded J1125+7819 (8723 TOAs)
✓ Loaded J1312+0051 (1705 TOAs)
✓ Loaded J1453+1902 (2551 TOAs)
✓ Loaded J1455-3330 (10818 TOAs)

WARNING: Using tempo RNAMP parameter: setting TNRedC to 100!
✓ Loaded J1600-3053 (22955 TOAs)

WARNING: Using tempo RNAMP parameter: setting TNRedC to 100!
✓ Loaded J1600-3053gbt (19725 TOAs)

WARNING: Using tempo RNAMP parameter: setting TNRedC to 100!
✓ Loaded J1614-2230 (18445 TOAs)
✓ Loaded J1630+3734 (1815 TOAs)
✓ Loaded J1640+2224 (14066 TOAs)

WARNING: Using tempo RNAMP parameter: setting TNRedC to 100!
✓ Loaded J1643-1224 (22144 TOAs)

WARNING: Using tempo RNAMP parameter: setting TNRedC to 100!
✓ Loaded J1643-1224gbt (17932 TOAs)

WARNING: Using tempo RNAMP parameter: setting TNRedC to 100!
✓ Loaded J1705-1903 (9871 TOAs)

WARNING: Using tempo RNAMP parameter: setting TNRedC to 100!
✓ Loaded J1713+0747 (59389 TOAs)

WARNING: Using tempo RNAMP parameter: setting TNRedC to 100!
✓ Loaded J1713+0747ao (21362 TOAs)

WARNING: Using tempo RNAMP parameter: setting TNRedC to 100!
✓ Loaded J1713+0747gbt (32963 TOAs)
✓ Loaded J1719-1438 (6356 TOAs)
✓ Loaded J1730-2304 (4870 TOAs)
✓ Loaded J1738+0333 (8790 TOAs)
✓ Loaded J1741+1351 (5582 TOAs)

WARNING: Using tempo RNAMP parameter: setting TNRedC to 100!
✓ Loaded J1744-1134 (17745 TOAs)

WARNING: Using tempo RNAMP parameter: setting TNRedC to 100!
✓ Loaded J1745+1017 (3017 TOAs)

WARNING: Using tempo RNAMP parameter: setting TNRedC to 100!
✓ Loaded J1747-4036 (11055 TOAs)
✓ Loaded J1751-2857 (2025 TOAs)

WARNING: Using tempo RNAMP parameter: setting TNRedC to 100!
✓ Loaded J1802-2124 (6796 TOAs)
✓ Loaded J1811-2405 (5266 TOAs)
✓ Loaded J1832-0836 (7739 TOAs)
✓ Loaded J1843-1113 (4595 TOAs)

WARNING: Using tempo RNAMP parameter: setting TNRedC to 100!
✓ Loaded J1853+1303 (4570 TOAs)

WARNING: Using tempo RNAMP parameter: setting TNRedC to 100!
✓ Loaded J1903+0327 (6856 TOAs)

WARNING: Using tempo RNAMP parameter: setting TNRedC to 100!
✓ Loaded J1903+0327ao (6423 TOAs)

WARNING: Using tempo RNAMP parameter: setting TNRedC to 100!
✓ Loaded J1909-3744 (35037 TOAs)

WARNING: Using tempo RNAMP parameter: setting TNRedC to 100!
✓ Loaded J1909-3744gbt (31526 TOAs)
✓ Loaded J1910+1256 (6486 TOAs)
✓ Loaded J1911+1347 (3786 TOAs)
✓ Loaded J1918-0642 (18875 TOAs)
✓ Loaded J1923+2515 (3974 TOAs)
✓ Loaded J1944+0907 (5328 TOAs)

WARNING: Using tempo RNAMP parameter: setting TNRedC to 100!
✓ Loaded J1946+3417 (4743 TOAs)
✓ Loaded J2010-1323 (17077 TOAs)
✓ Loaded J2017+0603 (3512 TOAs)
✓ Loaded J2033+1734 (3847 TOAs)
✓ Loaded J2043+1711 (7397 TOAs)
✓ Loaded J2124-3358 (4982 TOAs)

WARNING: Using tempo RNAMP parameter: setting TNRedC to 100!
✓ Loaded J2145-0750 (18675 TOAs)
✓ Loaded J2214+3000 (7406 TOAs)
✓ Loaded J2229+2643 (3711 TOAs)

WARNING: Using tempo RNAMP parameter: setting TNRedC to 100!
✓ Loaded J2234+0611 (3566 TOAs)
✓ Loaded J2234+0944 (7535 TOAs)
✓ Loaded J2302+4442 (10211 TOAs)
✓ Loaded J2317+1439 (13927 TOAs)
✓ Loaded J2322+2057 (3088 TOAs)
⚠ Could not save cache: no default __reduce__ due to non-trivial __cinit__

✓ Loaded 76 pulsars
✗ Failed: 0 — []
[MEM] After loading pulsars: 8855.6 MB

🔍 Filtering pulsars...

Filtered: 76 → 67 pulsars
[MEM] After filtering pulsars: 8858.3 MB
[MEM] After garbage collection: 8858.4 MB

======================================================================
SMBHB POPULATION ANALYSIS
======================================================================

Configuration: realistic
  Medium mass, medium spread in distance, medium population
  N_binaries: 20000

======================================================================
CONSISTENT POPULATION SYNTHESIS
======================================================================

======================================================================
GENERATING SNR-CONSISTENT POPULATIONS
======================================================================
Target SNR:          4.0
Simulations:         1
======================================================================


──────────────────────────────────────────────────────────────────────
SIMULATION 1/1
──────────────────────────────────────────────────────────────────────
  [B1855+09] zeroing residuals...
  [B1855+09] adding red noise...
  [B1855+09] white noise for 430_ASP (390 TOAs)...
  [B1855+09] white noise for L-wide_ASP (1178 TOAs)...
  [B1855+09] white noise for 430_PUPPI (1185 TOAs)...
  [B1855+09] white noise for L-wide_PUPPI (5005 TOAs)...
  [B1937+21] zeroing residuals...
  [B1937+21] adding red noise...
  [B1937+21] white noise for Rcvr_800_GASP (586 TOAs)...
  [B1937+21] white noise for Rcvr_800_GUPPI (7140 TOAs)...
  [B1937+21] white noise for S-wide_PUPPI (2251 TOAs)...
  [B1937+21] white noise for L-wide_ASP (452 TOAs)...
  [B1937+21] white noise for S-wide_ASP (344 TOAs)...
  [B1937+21] white noise for L-wide_PUPPI (4133 TOAs)...
  [B1937+21] white noise for Rcvr1_2_GASP (1069 TOAs)...
  [B1937+21] white noise for Rcvr1_2_GUPPI (7048 TOAs)...
  [B1953+29] zeroing residuals...
  [B1953+29] adding red noise...
  [B1953+29] white noise for L-wide_ASP (94 TOAs)...
  [B1953+29] white noise for 430_PUPPI (941 TOAs)...
  [B1953+29] white noise for S-wide_ASP (25 TOAs)...
  [B1953+29] white noise for L-wide_PUPPI (4037 TOAs)...
  [B1953+29] white noise for 430_ASP (29 TOAs)...
  [J0023+0923] zeroing residuals...
  [J0023+0923] adding red noise...
  [J0023+0923] white noise for 430_ASP (90 TOAs)...
  [J0023+0923] white noise for L-wide_ASP (119 TOAs)...
  [J0023+0923] white noise for 430_PUPPI (4564 TOAs)...
  [J0023+0923] white noise for L-wide_PUPPI (11123 TOAs)...
  [J0030+0451] zeroing residuals...
  [J0030+0451] adding red noise...
  [J0030+0451] white noise for S-wide_PUPPI (2673 TOAs)...
  [J0030+0451] white noise for L-wide_ASP (789 TOAs)...
  [J0030+0451] white noise for 430_PUPPI (3068 TOAs)...
  [J0030+0451] white noise for L-wide_PUPPI (12774 TOAs)...
  [J0030+0451] white noise for 430_ASP (267 TOAs)...
  [J0340+4130] zeroing residuals...
  [J0340+4130] adding red noise...
  [J0340+4130] white noise for Rcvr1_2_GUPPI (5037 TOAs)...
  [J0340+4130] white noise for Rcvr_800_GUPPI (6056 TOAs)...
  [J0406+3039] zeroing residuals...
  [J0406+3039] adding red noise...
  [J0406+3039] white noise for S-wide_PUPPI (575 TOAs)...
  [J0406+3039] white noise for L-wide_PUPPI (1871 TOAs)...
  [J0437-4715] zeroing residuals...
  [J0437-4715] adding red noise...
  [J0437-4715] white noise for 1.5GHz_YUPPI (2134 TOAs)...
  [J0437-4715] white noise for 3GHz_YUPPI (3696 TOAs)...
  [J0509+0856] zeroing residuals...
  [J0509+0856] adding red noise...
  [J0509+0856] white noise for S-wide_PUPPI (544 TOAs)...
  [J0509+0856] white noise for L-wide_PUPPI (1625 TOAs)...
  [J0557+1551] zeroing residuals...
  [J0557+1551] adding red noise...
  [J0557+1551] white noise for S-wide_PUPPI (58 TOAs)...
  [J0557+1551] white noise for L-wide_PUPPI (467 TOAs)...
  [J0605+3757] zeroing residuals...
  [J0605+3757] adding red noise...
  [J0605+3757] white noise for Rcvr1_2_GUPPI (318 TOAs)...
  [J0605+3757] white noise for Rcvr_800_GUPPI (236 TOAs)...
  [J0610-2100] zeroing residuals...
  [J0610-2100] adding red noise...
  [J0610-2100] white noise for Rcvr1_2_GUPPI (2401 TOAs)...
  [J0610-2100] white noise for Rcvr_800_GUPPI (2484 TOAs)...
  [J0613-0200] zeroing residuals...
  [J0613-0200] adding red noise...
  [J0613-0200] white noise for Rcvr1_2_GUPPI (7423 TOAs)...
  [J0613-0200] white noise for Rcvr_800_GASP (809 TOAs)...
  [J0613-0200] white noise for Rcvr_800_GUPPI (7900 TOAs)...
  [J0613-0200] white noise for Rcvr1_2_GASP (992 TOAs)...
  [J0636+5128] zeroing residuals...
  [J0636+5128] adding red noise...
  [J0636+5128] white noise for Rcvr1_2_GUPPI (14803 TOAs)...
  [J0636+5128] white noise for Rcvr_800_GUPPI (17419 TOAs)...
  [J0645+5158] zeroing residuals...
  [J0645+5158] adding red noise...
  [J0645+5158] white noise for Rcvr1_2_GUPPI (5721 TOAs)...
  [J0645+5158] white noise for Rcvr_800_GUPPI (4682 TOAs)...
  [J0709+0458] zeroing residuals...
  [J0709+0458] adding red noise...
  [J0709+0458] white noise for S-wide_PUPPI (595 TOAs)...
  [J0709+0458] white noise for L-wide_PUPPI (2435 TOAs)...
  [J0740+6620] zeroing residuals...
  [J0740+6620] adding red noise...
  [J0740+6620] white noise for Rcvr1_2_GUPPI (8265 TOAs)...
  [J0740+6620] white noise for Rcvr_800_GUPPI (5136 TOAs)...
  [J0931-1902] zeroing residuals...
  [J0931-1902] adding red noise...
  [J0931-1902] white noise for Rcvr1_2_GUPPI (2054 TOAs)...
  [J0931-1902] white noise for Rcvr_800_GUPPI (3419 TOAs)...
  [J1012+5307] zeroing residuals...
  [J1012+5307] adding red noise...
  [J1012+5307] white noise for Rcvr1_2_GUPPI (12849 TOAs)...
  [J1012+5307] white noise for Rcvr_800_GASP (1210 TOAs)...
  [J1012+5307] white noise for Rcvr_800_GUPPI (10299 TOAs)...
  [J1012+5307] white noise for Rcvr1_2_GASP (1479 TOAs)...
  [J1012-4235] zeroing residuals...
  [J1012-4235] adding red noise...
  [J1012-4235] white noise for Rcvr1_2_GUPPI (455 TOAs)...
  [J1012-4235] white noise for Rcvr_800_GUPPI (342 TOAs)...
  [J1022+1001] zeroing residuals...
  [J1022+1001] adding red noise...
  [J1022+1001] white noise for 430_PUPPI (232 TOAs)...
  [J1022+1001] white noise for S-wide_PUPPI (1154 TOAs)...
  [J1022+1001] white noise for L-wide_PUPPI (2592 TOAs)...
  [J1024-0719] zeroing residuals...
  [J1024-0719] adding red noise...
  [J1024-0719] white noise for Rcvr1_2_GUPPI (7086 TOAs)...
  [J1024-0719] white noise for Rcvr_800_GASP (51 TOAs)...
  [J1024-0719] white noise for Rcvr_800_GUPPI (5455 TOAs)...
  [J1024-0719] white noise for Rcvr1_2_GASP (43 TOAs)...
  [J1125+7819] zeroing residuals...
  [J1125+7819] adding red noise...
  [J1125+7819] white noise for Rcvr1_2_GUPPI (4016 TOAs)...
  [J1125+7819] white noise for Rcvr_800_GUPPI (4707 TOAs)...
  [J1312+0051] zeroing residuals...
  [J1312+0051] adding red noise...
  [J1312+0051] white noise for S-wide_PUPPI (416 TOAs)...
  [J1312+0051] white noise for L-wide_PUPPI (1289 TOAs)...
  [J1453+1902] zeroing residuals...
  [J1453+1902] adding red noise...
  [J1453+1902] white noise for 430_PUPPI (425 TOAs)...
  [J1453+1902] white noise for S-wide_PUPPI (4 TOAs)...
  [J1453+1902] white noise for L-wide_PUPPI (2122 TOAs)...
  [J1455-3330] zeroing residuals...
  [J1455-3330] adding red noise...
  [J1455-3330] white noise for Rcvr1_2_GUPPI (4932 TOAs)...
  [J1455-3330] white noise for Rcvr_800_GASP (479 TOAs)...
  [J1455-3330] white noise for Rcvr_800_GUPPI (4843 TOAs)...
  [J1455-3330] white noise for Rcvr1_2_GASP (564 TOAs)...
  [J1600-3053] zeroing residuals...
  [J1600-3053] adding red noise...
  [J1600-3053] white noise for Rcvr_800_GASP (297 TOAs)...
  [J1600-3053] white noise for Rcvr_800_GUPPI (8796 TOAs)...
  [J1600-3053] white noise for 3GHz_YUPPI (3237 TOAs)...
  [J1600-3053] white noise for Rcvr1_2_GASP (457 TOAs)...
  [J1600-3053] white noise for Rcvr1_2_GUPPI (10168 TOAs)...
  [J1614-2230] zeroing residuals...
  [J1614-2230] adding red noise...
  [J1614-2230] white noise for Rcvr1_2_GUPPI (10509 TOAs)...
  [J1614-2230] white noise for Rcvr_800_GASP (84 TOAs)...
  [J1614-2230] white noise for Rcvr_800_GUPPI (7768 TOAs)...
  [J1614-2230] white noise for Rcvr1_2_GASP (84 TOAs)...
  [J1630+3734] zeroing residuals...
  [J1630+3734] adding red noise...
  [J1630+3734] white noise for Rcvr1_2_GUPPI (909 TOAs)...
  [J1630+3734] white noise for Rcvr_800_GUPPI (906 TOAs)...
  [J1640+2224] zeroing residuals...
  [J1640+2224] adding red noise...
  [J1640+2224] white noise for 430_ASP (340 TOAs)...
  [J1640+2224] white noise for L-wide_ASP (722 TOAs)...
  [J1640+2224] white noise for 430_PUPPI (3157 TOAs)...
  [J1640+2224] white noise for L-wide_PUPPI (9847 TOAs)...
  [J1643-1224] zeroing residuals...
  [J1643-1224] adding red noise...
  [J1643-1224] white noise for Rcvr_800_GASP (559 TOAs)...
  [J1643-1224] white noise for Rcvr_800_GUPPI (7734 TOAs)...
  [J1643-1224] white noise for 3GHz_YUPPI (4215 TOAs)...
  [J1643-1224] white noise for Rcvr1_2_GASP (833 TOAs)...
  [J1643-1224] white noise for Rcvr1_2_GUPPI (8803 TOAs)...
  [J1705-1903] zeroing residuals...
  [J1705-1903] adding red noise...
  [J1705-1903] white noise for Rcvr1_2_GUPPI (6350 TOAs)...
  [J1705-1903] white noise for Rcvr_800_GUPPI (3521 TOAs)...
  [J1713+0747] zeroing residuals...
  [J1713+0747] adding red noise...
  [J1713+0747] white noise for 1.5GHz_YUPPI (1461 TOAs)...
  [J1713+0747] white noise for Rcvr_800_GASP (1032 TOAs)...
  [J1713+0747] white noise for Rcvr_800_GUPPI (8479 TOAs)...
  [J1713+0747] white noise for S-wide_PUPPI (7482 TOAs)...
  [J1713+0747] white noise for L-wide_ASP (843 TOAs)...
  [J1713+0747] white noise for 3GHz_YUPPI (3282 TOAs)...
  [J1713+0747] white noise for S-wide_ASP (624 TOAs)...
  [J1713+0747] white noise for L-wide_PUPPI (12743 TOAs)...
  [J1713+0747] white noise for Rcvr1_2_GASP (1109 TOAs)...
  [J1713+0747] white noise for Rcvr1_2_GUPPI (22334 TOAs)...
  [J1719-1438] zeroing residuals...
  [J1719-1438] adding red noise...
  [J1719-1438] white noise for Rcvr1_2_GUPPI (2722 TOAs)...
  [J1719-1438] white noise for Rcvr_800_GUPPI (3634 TOAs)...
  [J1730-2304] zeroing residuals...
  [J1730-2304] adding red noise...
  [J1730-2304] white noise for Rcvr1_2_GUPPI (2367 TOAs)...
  [J1730-2304] white noise for Rcvr_800_GUPPI (2503 TOAs)...
  [J1738+0333] zeroing residuals...
  [J1738+0333] adding red noise...
  [J1738+0333] white noise for L-wide_ASP (201 TOAs)...
  [J1738+0333] white noise for S-wide_PUPPI (1737 TOAs)...
  [J1738+0333] white noise for S-wide_ASP (134 TOAs)...
  [J1738+0333] white noise for L-wide_PUPPI (6718 TOAs)...
  [J1741+1351] zeroing residuals...
  [J1741+1351] adding red noise...
  [J1741+1351] white noise for L-wide_ASP (236 TOAs)...
  [J1741+1351] white noise for 430_PUPPI (1159 TOAs)...
  [J1741+1351] white noise for S-wide_ASP (115 TOAs)...
  [J1741+1351] white noise for L-wide_PUPPI (4045 TOAs)...
  [J1741+1351] white noise for 430_ASP (27 TOAs)...
  [J1744-1134] zeroing residuals...
  [J1744-1134] adding red noise...
  [J1744-1134] white noise for Rcvr1_2_GUPPI (8109 TOAs)...
  [J1744-1134] white noise for Rcvr_800_GASP (930 TOAs)...
  [J1744-1134] white noise for Rcvr_800_GUPPI (7899 TOAs)...
  [J1744-1134] white noise for Rcvr1_2_GASP (807 TOAs)...
  [J1745+1017] zeroing residuals...
  [J1745+1017] adding red noise...
  [J1745+1017] white noise for S-wide_PUPPI (838 TOAs)...
  [J1745+1017] white noise for L-wide_PUPPI (2179 TOAs)...
  [J1747-4036] zeroing residuals...
  [J1747-4036] adding red noise...
  [J1747-4036] white noise for Rcvr1_2_GUPPI (5239 TOAs)...
  [J1747-4036] white noise for Rcvr_800_GUPPI (5816 TOAs)...
  [J1751-2857] zeroing residuals...
  [J1751-2857] adding red noise...
  [J1751-2857] white noise for Rcvr1_2_GUPPI (1786 TOAs)...
  [J1751-2857] white noise for Rcvr_800_GUPPI (239 TOAs)...
  [J1802-2124] zeroing residuals...
  [J1802-2124] adding red noise...
  [J1802-2124] white noise for Rcvr1_2_GUPPI (3231 TOAs)...
  [J1802-2124] white noise for Rcvr_800_GUPPI (3565 TOAs)...
  [J1811-2405] zeroing residuals...
  [J1811-2405] adding red noise...
  [J1811-2405] white noise for Rcvr1_2_GUPPI (2638 TOAs)...
  [J1811-2405] white noise for Rcvr_800_GUPPI (2628 TOAs)...
  [J1832-0836] zeroing residuals...
  [J1832-0836] adding red noise...
  [J1832-0836] white noise for Rcvr1_2_GUPPI (4661 TOAs)...
  [J1832-0836] white noise for Rcvr_800_GUPPI (3078 TOAs)...
  [J1843-1113] zeroing residuals...
  [J1843-1113] adding red noise...
  [J1843-1113] white noise for Rcvr1_2_GUPPI (2394 TOAs)...
  [J1843-1113] white noise for Rcvr_800_GUPPI (2201 TOAs)...
  [J1853+1303] zeroing residuals...
  [J1853+1303] adding red noise...
  [J1853+1303] white noise for 430_ASP (24 TOAs)...
  [J1853+1303] white noise for L-wide_ASP (33 TOAs)...
  [J1853+1303] white noise for 430_PUPPI (1151 TOAs)...
  [J1853+1303] white noise for L-wide_PUPPI (3362 TOAs)...
  [J1903+0327] zeroing residuals...
  [J1903+0327] adding red noise...
  [J1903+0327] white noise for S-wide_PUPPI (2282 TOAs)...
  [J1903+0327] white noise for L-wide_ASP (139 TOAs)...
  [J1903+0327] white noise for 3GHz_YUPPI (439 TOAs)...
  [J1903+0327] white noise for S-wide_ASP (151 TOAs)...
  [J1903+0327] white noise for L-wide_PUPPI (3845 TOAs)...
  [J1909-3744] zeroing residuals...
  [J1909-3744] adding red noise...
  [J1909-3744] white noise for Rcvr_800_GASP (866 TOAs)...
  [J1909-3744] white noise for Rcvr_800_GUPPI (9399 TOAs)...
  [J1909-3744] white noise for 3GHz_YUPPI (3525 TOAs)...
  [J1909-3744] white noise for Rcvr1_2_GASP (808 TOAs)...
  [J1909-3744] white noise for Rcvr1_2_GUPPI (20439 TOAs)...
  [J1910+1256] zeroing residuals...
  [J1910+1256] adding red noise...
  [J1910+1256] white noise for L-wide_ASP (297 TOAs)...
  [J1910+1256] white noise for S-wide_PUPPI (1857 TOAs)...
  [J1910+1256] white noise for S-wide_ASP (208 TOAs)...
  [J1910+1256] white noise for L-wide_PUPPI (4124 TOAs)...
  [J1911+1347] zeroing residuals...
  [J1911+1347] adding red noise...
  [J1911+1347] white noise for 430_PUPPI (753 TOAs)...
  [J1911+1347] white noise for L-wide_PUPPI (3033 TOAs)...
  [J1918-0642] zeroing residuals...
  [J1918-0642] adding red noise...
  [J1918-0642] white noise for Rcvr1_2_GUPPI (8910 TOAs)...
  [J1918-0642] white noise for Rcvr_800_GASP (835 TOAs)...
  [J1918-0642] white noise for Rcvr_800_GUPPI (8352 TOAs)...
  [J1918-0642] white noise for Rcvr1_2_GASP (778 TOAs)...
  [J1923+2515] zeroing residuals...
  [J1923+2515] adding red noise...
  [J1923+2515] white noise for 430_ASP (10 TOAs)...
  [J1923+2515] white noise for L-wide_ASP (14 TOAs)...
  [J1923+2515] white noise for 430_PUPPI (922 TOAs)...
  [J1923+2515] white noise for L-wide_PUPPI (3028 TOAs)...
  [J1944+0907] zeroing residuals...
  [J1944+0907] adding red noise...
  [J1944+0907] white noise for L-wide_ASP (257 TOAs)...
  [J1944+0907] white noise for 430_PUPPI (1017 TOAs)...
  [J1944+0907] white noise for S-wide_ASP (116 TOAs)...
  [J1944+0907] white noise for L-wide_PUPPI (3900 TOAs)...
  [J1944+0907] white noise for 430_ASP (38 TOAs)...
  [J1946+3417] zeroing residuals...
  [J1946+3417] adding red noise...
  [J1946+3417] white noise for S-wide_PUPPI (1546 TOAs)...
  [J1946+3417] white noise for L-wide_PUPPI (3197 TOAs)...
  [J2010-1323] zeroing residuals...
  [J2010-1323] adding red noise...
  [J2010-1323] white noise for Rcvr1_2_GUPPI (7779 TOAs)...
  [J2010-1323] white noise for Rcvr_800_GASP (70 TOAs)...
  [J2010-1323] white noise for Rcvr_800_GUPPI (9158 TOAs)...
  [J2010-1323] white noise for Rcvr1_2_GASP (70 TOAs)...
  [J2017+0603] zeroing residuals...
  [J2017+0603] adding red noise...
  [J2017+0603] white noise for L-wide_ASP (16 TOAs)...
  [J2017+0603] white noise for 430_PUPPI (78 TOAs)...
  [J2017+0603] white noise for S-wide_PUPPI (849 TOAs)...
  [J2017+0603] white noise for L-wide_PUPPI (2569 TOAs)...
  [J2033+1734] zeroing residuals...
  [J2033+1734] adding red noise...
  [J2033+1734] white noise for 430_PUPPI (797 TOAs)...
  [J2033+1734] white noise for L-wide_PUPPI (3050 TOAs)...
  [J2043+1711] zeroing residuals...
  [J2043+1711] adding red noise...
  [J2043+1711] white noise for 430_ASP (30 TOAs)...
  [J2043+1711] white noise for L-wide_ASP (40 TOAs)...
  [J2043+1711] white noise for 430_PUPPI (2908 TOAs)...
  [J2043+1711] white noise for L-wide_PUPPI (4419 TOAs)...
  [J2124-3358] zeroing residuals...
  [J2124-3358] adding red noise...
  [J2124-3358] white noise for Rcvr1_2_GUPPI (2957 TOAs)...
  [J2124-3358] white noise for Rcvr_800_GUPPI (2025 TOAs)...
  [J2145-0750] zeroing residuals...
  [J2145-0750] adding red noise...
  [J2145-0750] white noise for Rcvr1_2_GUPPI (9158 TOAs)...
  [J2145-0750] white noise for Rcvr_800_GASP (362 TOAs)...
  [J2145-0750] white noise for Rcvr_800_GUPPI (8728 TOAs)...
  [J2145-0750] white noise for Rcvr1_2_GASP (427 TOAs)...
  [J2214+3000] zeroing residuals...
  [J2214+3000] adding red noise...
  [J2214+3000] white noise for L-wide_ASP (9 TOAs)...
  [J2214+3000] white noise for S-wide_PUPPI (1568 TOAs)...
  [J2214+3000] white noise for L-wide_PUPPI (5829 TOAs)...
  [J2229+2643] zeroing residuals...
  [J2229+2643] adding red noise...
  [J2229+2643] white noise for 430_PUPPI (956 TOAs)...
  [J2229+2643] white noise for L-wide_PUPPI (2755 TOAs)...
  [J2234+0611] zeroing residuals...
  [J2234+0611] adding red noise...
  [J2234+0611] white noise for 430_PUPPI (653 TOAs)...
  [J2234+0611] white noise for L-wide_PUPPI (2913 TOAs)...
  [J2234+0944] zeroing residuals...
  [J2234+0944] adding red noise...
  [J2234+0944] white noise for S-wide_PUPPI (2532 TOAs)...
  [J2234+0944] white noise for L-wide_PUPPI (5003 TOAs)...
  [J2302+4442] zeroing residuals...
  [J2302+4442] adding red noise...
  [J2302+4442] white noise for Rcvr1_2_GUPPI (3779 TOAs)...
  [J2302+4442] white noise for Rcvr_800_GUPPI (6432 TOAs)...
  [J2317+1439] zeroing residuals...
  [J2317+1439] adding red noise...
  [J2317+1439] white noise for 327_ASP (413 TOAs)...
  [J2317+1439] white noise for 327_PUPPI (276 TOAs)...
  [J2317+1439] white noise for 430_PUPPI (3217 TOAs)...
  [J2317+1439] white noise for L-wide_PUPPI (9563 TOAs)...
  [J2317+1439] white noise for 430_ASP (458 TOAs)...
  [J2322+2057] zeroing residuals...
  [J2322+2057] adding red noise...
  [J2322+2057] white noise for 430_PUPPI (752 TOAs)...
  [J2322+2057] white noise for S-wide_PUPPI (140 TOAs)...
  [J2322+2057] white noise for L-wide_PUPPI (2196 TOAs)...
Resetting pulsars to clean stoas...
Restore: 0.00 s
Inject: 0.00 s
Snapshotting into enterprise Pulsar objects...
Building PTA...
PTA build: 532.59 s
Computing optimal statistic...
OS time: 49.63 s
Total: 582.22 s
Noise-only SNR baseline: 0.1378

Generating SNR-consistent population...
Target SNR: 4.0
Resetting pulsars to clean stoas...
Restore: 0.01 s
Injecting population...
  B1855+09: RMS = 1207.723 ns
  B1937+21: RMS = 1105.212 ns
  B1953+29: RMS = 1720.398 ns
  J0023+0923: RMS = 604.095 ns
  J0030+0451: RMS = 672.011 ns
  J0340+4130: RMS = 927.496 ns
  J0406+3039: RMS = 689.905 ns
  J0437-4715: RMS = 2577.333 ns
  J0509+0856: RMS = 844.739 ns
  J0557+1551: RMS = 904.126 ns
  J0605+3757: RMS = 694.558 ns
  J0610-2100: RMS = 1170.087 ns
  J0613-0200: RMS = 2269.424 ns
  J0636+5128: RMS = 2266.754 ns
  J0645+5158: RMS = 2645.937 ns
  J0709+0458: RMS = 3172.483 ns
  J0740+6620: RMS = 2134.554 ns
  J0931-1902: RMS = 2374.706 ns
  J1012+5307: RMS = 1642.317 ns
  J1012-4235: RMS = 1799.091 ns
  J1022+1001: RMS = 581.662 ns
  J1024-0719: RMS = 903.721 ns
  J1125+7819: RMS = 2464.544 ns
  J1312+0051: RMS = 1544.921 ns
  J1453+1902: RMS = 641.802 ns
  J1455-3330: RMS = 2078.830 ns
  J1600-3053: RMS = 1440.265 ns
  J1614-2230: RMS = 1227.887 ns
  J1630+3734: RMS = 572.210 ns
  J1640+2224: RMS = 1126.438 ns
  J1643-1224: RMS = 1383.137 ns
  J1705-1903: RMS = 529.497 ns
  J1713+0747: RMS = 1878.709 ns
  J1719-1438: RMS = 456.912 ns
  J1730-2304: RMS = 267.207 ns
  J1738+0333: RMS = 1866.827 ns
  J1741+1351: RMS = 1416.236 ns
  J1744-1134: RMS = 1651.057 ns
  J1745+1017: RMS = 1478.086 ns
  J1747-4036: RMS = 1879.407 ns
  J1751-2857: RMS = 1158.961 ns
  J1802-2124: RMS = 885.419 ns
  J1811-2405: RMS = 1261.234 ns
  J1832-0836: RMS = 1841.474 ns
  J1843-1113: RMS = 679.408 ns
  J1853+1303: RMS = 1043.155 ns
  J1903+0327: RMS = 632.307 ns
  J1909-3744: RMS = 1181.765 ns
  J1910+1256: RMS = 748.278 ns
  J1911+1347: RMS = 1065.051 ns
  J1918-0642: RMS = 853.093 ns
  J1923+2515: RMS = 990.430 ns
  J1944+0907: RMS = 866.903 ns
  J1946+3417: RMS = 2395.100 ns
  J2010-1323: RMS = 1764.652 ns
  J2017+0603: RMS = 1379.273 ns
  J2033+1734: RMS = 734.393 ns
  J2043+1711: RMS = 1910.307 ns
  J2124-3358: RMS = 1486.570 ns
  J2145-0750: RMS = 2191.768 ns
  J2214+3000: RMS = 1999.962 ns
  J2229+2643: RMS = 1836.112 ns
  J2234+0611: RMS = 1964.556 ns
  J2234+0944: RMS = 1249.467 ns
  J2302+4442: RMS = 1629.968 ns
  J2317+1439: RMS = 525.752 ns
  J2322+2057: RMS = 2189.431 ns
Inject: 1.00 s
Snapshotting into enterprise Pulsar objects...
Building PTA...
PTA build: 536.21 s
Computing optimal statistic...
OS time: 41.97 s
Total: 579.19 s
Initial SNR: 14.9707, Target SNR: 4.0000
  Initial SNR 14.9707 outside of provided SNR_range [3.5, 4.25] — rescaling.
Scaling distances by factor 1.9597 to achieve target SNR...
Resetting pulsars to clean stoas...
Restore: 0.00 s
Injecting population...
  B1855+09: RMS = 616.268 ns
  B1937+21: RMS = 563.960 ns
  B1953+29: RMS = 877.873 ns
  J0023+0923: RMS = 308.253 ns
  J0030+0451: RMS = 342.909 ns
  J0340+4130: RMS = 473.276 ns
  J0406+3039: RMS = 352.040 ns
  J0437-4715: RMS = 1315.143 ns
  J0509+0856: RMS = 431.047 ns
  J0557+1551: RMS = 461.351 ns
  J0605+3757: RMS = 354.414 ns
  J0610-2100: RMS = 597.064 ns
  J0613-0200: RMS = 1158.025 ns
  J0636+5128: RMS = 1156.663 ns
  J0645+5158: RMS = 1350.150 ns
  J0709+0458: RMS = 1618.832 ns
  J0740+6620: RMS = 1089.205 ns
  J0931-1902: RMS = 1211.748 ns
  J1012+5307: RMS = 838.030 ns
  J1012-4235: RMS = 918.027 ns
  J1022+1001: RMS = 296.806 ns
  J1024-0719: RMS = 461.144 ns
  J1125+7819: RMS = 1257.590 ns
  J1312+0051: RMS = 788.331 ns
  J1453+1902: RMS = 327.494 ns
  J1455-3330: RMS = 1060.770 ns
  J1600-3053: RMS = 734.928 ns
  J1614-2230: RMS = 626.557 ns
  J1630+3734: RMS = 291.983 ns
  J1640+2224: RMS = 574.791 ns
  J1643-1224: RMS = 705.777 ns
  J1705-1903: RMS = 270.188 ns
  J1713+0747: RMS = 958.654 ns
  J1719-1438: RMS = 233.150 ns
  J1730-2304: RMS = 136.349 ns
  J1738+0333: RMS = 952.591 ns
  J1741+1351: RMS = 722.667 ns
  J1744-1134: RMS = 842.489 ns
  J1745+1017: RMS = 754.227 ns
  J1747-4036: RMS = 959.010 ns
  J1751-2857: RMS = 591.386 ns
  J1802-2124: RMS = 451.805 ns
  J1811-2405: RMS = 643.574 ns
  J1832-0836: RMS = 939.654 ns
  J1843-1113: RMS = 346.683 ns
  J1853+1303: RMS = 532.294 ns
  J1903+0327: RMS = 322.649 ns
  J1909-3744: RMS = 603.022 ns
  J1910+1256: RMS = 381.826 ns
  J1911+1347: RMS = 543.467 ns
  J1918-0642: RMS = 435.310 ns
  J1923+2515: RMS = 505.390 ns
  J1944+0907: RMS = 442.357 ns
  J1946+3417: RMS = 1222.155 ns
  J2010-1323: RMS = 900.454 ns
  J2017+0603: RMS = 703.806 ns
  J2033+1734: RMS = 374.741 ns
  J2043+1711: RMS = 974.778 ns
  J2124-3358: RMS = 758.556 ns
  J2145-0750: RMS = 1118.400 ns
  J2214+3000: RMS = 1020.526 ns
  J2229+2643: RMS = 936.918 ns
  J2234+0611: RMS = 1002.459 ns
  J2234+0944: RMS = 637.569 ns
  J2302+4442: RMS = 831.728 ns
  J2317+1439: RMS = 268.277 ns
  J2322+2057: RMS = 1117.207 ns
Inject: 0.82 s
Snapshotting into enterprise Pulsar objects...
Building PTA...
PTA build: 517.26 s
Computing optimal statistic...
OS time: 47.65 s
Total: 565.74 s
  SNR 4.3163 outside of provided SNR_range [3.5, 4.25] — rescaling.
[Iteration 1/4] SNR after scaling: 4.3163 (target: 4.0000)
  SNR history: it0→14.9707@1.0000x, it1→4.3163@1.9597x
  Re-scaling distances by factor 1.0427  (cumulative after: 2.0434×)
Resetting pulsars to clean stoas...
Restore: 0.01 s
Injecting population...
  B1855+09: RMS = 591.038 ns
  B1937+21: RMS = 540.871 ns
  B1953+29: RMS = 841.932 ns
  J0023+0923: RMS = 295.633 ns
  J0030+0451: RMS = 328.870 ns
  J0340+4130: RMS = 453.900 ns
  J0406+3039: RMS = 337.627 ns
  J0437-4715: RMS = 1261.301 ns
  J0509+0856: RMS = 413.400 ns
  J0557+1551: RMS = 442.463 ns
  J0605+3757: RMS = 339.904 ns
  J0610-2100: RMS = 572.620 ns
  J0613-0200: RMS = 1110.616 ns
  J0636+5128: RMS = 1109.309 ns
  J0645+5158: RMS = 1294.874 ns
  J0709+0458: RMS = 1552.557 ns
  J0740+6620: RMS = 1044.613 ns
  J0931-1902: RMS = 1162.139 ns
  J1012+5307: RMS = 803.721 ns
  J1012-4235: RMS = 880.443 ns
  J1022+1001: RMS = 284.655 ns
  J1024-0719: RMS = 442.265 ns
  J1125+7819: RMS = 1206.104 ns
  J1312+0051: RMS = 756.057 ns
  J1453+1902: RMS = 314.087 ns
  J1455-3330: RMS = 1017.342 ns
  J1600-3053: RMS = 704.840 ns
  J1614-2230: RMS = 600.906 ns
  J1630+3734: RMS = 280.029 ns
  J1640+2224: RMS = 551.258 ns
  J1643-1224: RMS = 676.883 ns
  J1705-1903: RMS = 259.126 ns
  J1713+0747: RMS = 919.407 ns
  J1719-1438: RMS = 223.604 ns
  J1730-2304: RMS = 130.767 ns
  J1738+0333: RMS = 913.592 ns
  J1741+1351: RMS = 693.080 ns
  J1744-1134: RMS = 807.998 ns
  J1745+1017: RMS = 723.349 ns
  J1747-4036: RMS = 919.748 ns
  J1751-2857: RMS = 567.175 ns
  J1802-2124: RMS = 433.308 ns
  J1811-2405: RMS = 617.226 ns
  J1832-0836: RMS = 901.185 ns
  J1843-1113: RMS = 332.490 ns
  J1853+1303: RMS = 510.502 ns
  J1903+0327: RMS = 309.440 ns
  J1909-3744: RMS = 578.334 ns
  J1910+1256: RMS = 366.194 ns
  J1911+1347: RMS = 521.217 ns
  J1918-0642: RMS = 417.489 ns
  J1923+2515: RMS = 484.699 ns
  J1944+0907: RMS = 424.247 ns
  J1946+3417: RMS = 1172.119 ns
  J2010-1323: RMS = 863.589 ns
  J2017+0603: RMS = 674.992 ns
  J2033+1734: RMS = 359.399 ns
  J2043+1711: RMS = 934.870 ns
  J2124-3358: RMS = 727.501 ns
  J2145-0750: RMS = 1072.612 ns
  J2214+3000: RMS = 978.746 ns
  J2229+2643: RMS = 898.560 ns
  J2234+0611: RMS = 961.418 ns
  J2234+0944: RMS = 611.467 ns
  J2302+4442: RMS = 797.677 ns
  J2317+1439: RMS = 257.293 ns
  J2322+2057: RMS = 1071.468 ns
Inject: 0.82 s
Snapshotting into enterprise Pulsar objects...
Building PTA...
PTA build: 526.89 s
Computing optimal statistic...
OS time: 45.84 s
Total: 573.56 s
  ✓ SNR is within the provided SNR_range: 4.0065 ∈ [3.5, 4.25]

Final SNR history:
  it 0: cumulative_scale=1.0000×  SNR=14.9707
  it 1: cumulative_scale=1.9597×  SNR=4.3163
  it 2: cumulative_scale=2.0434×  SNR=4.0065
✓ Simulation 1 done (1720.2 s)

======================================================================
ENSEMBLE SUMMARY
======================================================================
Success rate: 100.0% (1/1)

Binaries per population:
  Mean ± std : 20000 ± 0
  Range      : [20000, 20000]

SNR achieved:
  Mean ± std : 4.0065 ± 0.0000
  Range      : [4.0065, 4.0065]

Total time: 2341.0 s (39.0 min)
======================================================================

💾 Saved: data/2026-04-29/realistic_run_223/consistent_population_realistic_targetSNR4.25_sims1.json
💾 Saved compressed pickle: data/2026-04-29/realistic_run_223/consistent_population_realistic_targetSNR4.25_sims1.pkl.gz

======================================================================
CONTINUOUS WAVE SNR ANALYSIS
======================================================================

--- Population 1 ---
Precomputation of phiinvs, TNTs, Ts, Nvecs, Sigmas took 0.04 seconds.
Total SNR computation for population took 423.22 seconds.
Top 50 CGW candidates:
   1. proxy_rank=   5  sky_w=1.61  f=4.18e-09 Hz  Mc=2.33e+10 Msun  h0=5.74e-15  SNR=6.411
   2. proxy_rank=  26  sky_w=1.04  f=5.71e-09 Hz  Mc=2.08e+10 Msun  h0=5.65e-15  SNR=4.426
   3. proxy_rank=  91  sky_w=1.24  f=6.80e-09 Hz  Mc=1.01e+10 Msun  h0=2.81e-15  SNR=4.299
   4. proxy_rank=  18  sky_w=1.16  f=4.24e-09 Hz  Mc=1.57e+10 Msun  h0=4.19e-15  SNR=4.272
   5. proxy_rank=  12  sky_w=1.35  f=5.49e-09 Hz  Mc=2.10e+10 Msun  h0=6.21e-15  SNR=4.085
   6. proxy_rank=   9  sky_w=1.45  f=3.35e-09 Hz  Mc=2.02e+10 Msun  h0=3.81e-15  SNR=3.932
   7. proxy_rank=  17  sky_w=1.10  f=3.93e-09 Hz  Mc=1.97e+10 Msun  h0=4.16e-15  SNR=3.501
   8. proxy_rank=   7  sky_w=1.30  f=3.88e-09 Hz  Mc=2.42e+10 Msun  h0=5.65e-15  SNR=3.406
   9. proxy_rank= 279  sky_w=0.72  f=1.46e-08 Hz  Mc=1.02e+10 Msun  h0=3.49e-15  SNR=3.034
  10. proxy_rank=  64  sky_w=1.59  f=4.83e-09 Hz  Mc=1.14e+10 Msun  h0=1.94e-15  SNR=2.979
  11. proxy_rank=  23  sky_w=0.85  f=3.46e-09 Hz  Mc=2.13e+10 Msun  h0=4.47e-15  SNR=2.963
  12. proxy_rank=  51  sky_w=1.12  f=3.94e-09 Hz  Mc=1.47e+10 Msun  h0=2.61e-15  SNR=2.721
  13. proxy_rank=   3  sky_w=0.62  f=2.20e-09 Hz  Mc=2.92e+10 Msun  h0=8.11e-15  SNR=2.693
  14. proxy_rank=  57  sky_w=1.19  f=4.18e-09 Hz  Mc=1.09e+10 Msun  h0=2.48e-15  SNR=2.686
  15. proxy_rank=  13  sky_w=1.61  f=5.71e-09 Hz  Mc=1.20e+10 Msun  h0=4.80e-15  SNR=2.547
  16. proxy_rank= 334  sky_w=1.15  f=1.45e-08 Hz  Mc=6.34e+09 Msun  h0=1.78e-15  SNR=2.498
  17. proxy_rank= 132  sky_w=1.26  f=5.70e-09 Hz  Mc=8.48e+09 Msun  h0=1.71e-15  SNR=2.332
  18. proxy_rank=   1  sky_w=1.48  f=2.13e-09 Hz  Mc=1.52e+10 Msun  h0=3.87e-15  SNR=2.306
  19. proxy_rank= 170  sky_w=1.11  f=8.42e-09 Hz  Mc=6.55e+09 Msun  h0=2.25e-15  SNR=2.194
  20. proxy_rank=  40  sky_w=0.71  f=3.55e-09 Hz  Mc=1.55e+10 Msun  h0=4.15e-15  SNR=2.162
  21. proxy_rank= 107  sky_w=1.07  f=4.62e-09 Hz  Mc=1.05e+10 Msun  h0=1.90e-15  SNR=2.094
  22. proxy_rank=   6  sky_w=1.52  f=2.58e-09 Hz  Mc=2.00e+10 Msun  h0=3.37e-15  SNR=2.051
  23. proxy_rank=  52  sky_w=1.40  f=3.73e-09 Hz  Mc=1.31e+10 Msun  h0=1.97e-15  SNR=1.998
  24. proxy_rank=  28  sky_w=1.58  f=3.16e-09 Hz  Mc=1.39e+10 Msun  h0=1.99e-15  SNR=1.985
  25. proxy_rank=  69  sky_w=1.41  f=4.01e-09 Hz  Mc=1.16e+10 Msun  h0=1.71e-15  SNR=1.909
  26. proxy_rank= 222  sky_w=1.13  f=1.13e-08 Hz  Mc=6.19e+09 Msun  h0=2.24e-15  SNR=1.876
  27. proxy_rank=  56  sky_w=1.01  f=3.60e-09 Hz  Mc=1.16e+10 Msun  h0=2.55e-15  SNR=1.859
  28. proxy_rank=   4  sky_w=0.95  f=3.36e-09 Hz  Mc=3.04e+10 Msun  h0=8.11e-15  SNR=1.781
  29. proxy_rank= 256  sky_w=0.58  f=6.74e-09 Hz  Mc=1.10e+10 Msun  h0=2.25e-15  SNR=1.769
  30. proxy_rank= 212  sky_w=0.78  f=8.62e-09 Hz  Mc=1.08e+10 Msun  h0=2.58e-15  SNR=1.751
  31. proxy_rank=  20  sky_w=1.26  f=2.87e-09 Hz  Mc=1.62e+10 Msun  h0=2.60e-15  SNR=1.731
  32. proxy_rank= 207  sky_w=1.30  f=7.39e-09 Hz  Mc=7.86e+09 Msun  h0=1.36e-15  SNR=1.721
  33. proxy_rank=  21  sky_w=0.57  f=2.88e-09 Hz  Mc=2.57e+10 Msun  h0=5.69e-15  SNR=1.652
  34. proxy_rank=  71  sky_w=1.21  f=3.67e-09 Hz  Mc=1.21e+10 Msun  h0=1.77e-15  SNR=1.610
  35. proxy_rank=   8  sky_w=1.48  f=2.74e-09 Hz  Mc=1.77e+10 Msun  h0=3.44e-15  SNR=1.538
  36. proxy_rank= 200  sky_w=1.15  f=5.60e-09 Hz  Mc=8.21e+09 Msun  h0=1.21e-15  SNR=1.528
  37. proxy_rank=  11  sky_w=0.93  f=2.18e-09 Hz  Mc=1.18e+10 Msun  h0=3.64e-15  SNR=1.525
  38. proxy_rank= 345  sky_w=0.95  f=8.52e-09 Hz  Mc=6.18e+09 Msun  h0=1.22e-15  SNR=1.461
  39. proxy_rank= 108  sky_w=0.98  f=4.03e-09 Hz  Mc=1.09e+10 Msun  h0=1.78e-15  SNR=1.450
  40. proxy_rank=  67  sky_w=1.56  f=3.57e-09 Hz  Mc=1.08e+10 Msun  h0=1.44e-15  SNR=1.428
  41. proxy_rank= 106  sky_w=1.06  f=3.52e-09 Hz  Mc=5.76e+09 Msun  h0=1.48e-15  SNR=1.389
  42. proxy_rank= 424  sky_w=0.68  f=1.05e-08 Hz  Mc=7.51e+09 Msun  h0=1.66e-15  SNR=1.387
  43. proxy_rank=  86  sky_w=1.06  f=3.90e-09 Hz  Mc=7.82e+09 Msun  h0=1.98e-15  SNR=1.378
  44. proxy_rank= 564  sky_w=0.64  f=1.21e-08 Hz  Mc=6.58e+09 Msun  h0=1.42e-15  SNR=1.349
  45. proxy_rank=  39  sky_w=1.17  f=4.03e-09 Hz  Mc=9.65e+09 Msun  h0=3.05e-15  SNR=1.332
  46. proxy_rank= 187  sky_w=0.94  f=4.85e-09 Hz  Mc=9.33e+09 Msun  h0=1.35e-15  SNR=1.323
  47. proxy_rank=  70  sky_w=0.83  f=3.24e-09 Hz  Mc=1.24e+10 Msun  h0=2.28e-15  SNR=1.300
  48. proxy_rank=   2  sky_w=1.58  f=2.59e-09 Hz  Mc=2.33e+10 Msun  h0=4.20e-15  SNR=1.293
  49. proxy_rank= 218  sky_w=1.21  f=5.28e-09 Hz  Mc=6.89e+09 Msun  h0=9.94e-16  SNR=1.203
  50. proxy_rank= 123  sky_w=1.55  f=3.74e-09 Hz  Mc=8.49e+09 Msun  h0=9.60e-16  SNR=1.187
💾 Saved: data/2026-04-29/realistic_run_223/consistent_population_realistic_targetSNR4.25_sims1.json
💾 Saved compressed pickle: data/2026-04-29/realistic_run_223/consistent_population_realistic_targetSNR4.25_sims1.pkl.gz
Saved to figures/cgw_analysis_realistic.pdf

======================================================================
ANALYSIS COMPLETE
Results saved to: data/2026-04-29/realistic_run_223
======================================================================

==========================================
Job finished at: Wed Apr 29 14:34:34 AEST 2026
Exit code: 0
==========================================

+------------------ Job Report: 11738508 (COMPLETED) ------------------+
| Memory (RAM)  [################### ] 98.5% (31.5 GB peak / 32 GB)    |
| CPU           [##############      ] 71.8% average                   |
| Time          [------------>       ] 61.8% (0-00:49:27 / 0-01:20:00) |
|                                                                      |
| Lustre Filesystem:                                                   |
|   Path    Total Read    Total Write    Total IOPS                    |
|   ------  ------------  -------------  ------------                  |
|   /apps   0 B           0 B            401                           |
|   /fred   64 KB         6.4 MB         56                            |
|   /home   136 KB        0 B            2 K                           |
|   OS      0 B           0 B            2                             |
|                                                                      |
| Warnings:                                                            |
|   - CPU usage is low                                                 |
|   - Too much time requested                                          |
+----------------------------------------------------------------------+
