==========================================
Job ID: 11737173
Job Name: smbhb_pessimistic
Node: gina14
Start Time: Wed Apr 29 14:24:34 AEST 2026
==========================================

/home/bhoulden/.conda/envs/smbhb312/share/tempo2
Working directory: /fred/oz005/users/bhoulden/SMBHB_population_injections

Loaded modules:

Starting SMBHB analysis...
==========================================

📁 Save directory: data/2026-04-29/pessimistic_run_138
📝 Run name: pessimistic_run_138

[MEM] Start: 243.6 MB

📡 Loading pulsars...
======================================================================
LOADING NANOGRAV PULSARS (libstempo)
======================================================================

📦 Loading from cache: nanograv_pulsars_cache.pkl
⚠ Cache load failed: Ran out of input
[DEBUG] Found 76 .par files
[tempo2Util.C:396] Warning: [MISC1] Unknown parameter in par file:  DMDATA
[tempo2Util.C:401] Warning: [DUP1] duplicated warnings have been suppressed.

WARNING: Using tempo RNAMP parameter: setting TNRedC to 100!
[observatory.C:271] Warning: Assuming site 'arecibo' means 'ao'
✓ Loaded B1855+09 (7758 TOAs)

WARNING: Using tempo RNAMP parameter: setting TNRedC to 100!
✓ Loaded B1937+21 (23023 TOAs)

WARNING: Using tempo RNAMP parameter: setting TNRedC to 100!
✓ Loaded B1937+21ao (7241 TOAs)

WARNING: Using tempo RNAMP parameter: setting TNRedC to 100!
✓ Loaded B1937+21gbt (16048 TOAs)

WARNING: Using tempo RNAMP parameter: setting TNRedC to 100!
✓ Loaded B1953+29 (5126 TOAs)
✓ Loaded J0023+0923 (15896 TOAs)

WARNING: Using tempo RNAMP parameter: setting TNRedC to 100!
✓ Loaded J0030+0451 (19571 TOAs)
✓ Loaded J0340+4130 (11093 TOAs)
✓ Loaded J0406+3039 (2446 TOAs)

WARNING: Using tempo RNAMP parameter: setting TNRedC to 100!
✓ Loaded J0437-4715 (5830 TOAs)
✓ Loaded J0509+0856 (2169 TOAs)
✓ Loaded J0557+1551 (525 TOAs)
✓ Loaded J0605+3757 (554 TOAs)

WARNING: Using tempo RNAMP parameter: setting TNRedC to 100!
✓ Loaded J0610-2100 (4885 TOAs)

WARNING: Using tempo RNAMP parameter: setting TNRedC to 100!
✓ Loaded J0613-0200 (17124 TOAs)
✓ Loaded J0614-3329 (1714 TOAs)
✓ Loaded J0636+5128 (32222 TOAs)
✓ Loaded J0645+5158 (10403 TOAs)
✓ Loaded J0709+0458 (3030 TOAs)
✓ Loaded J0740+6620 (13401 TOAs)
✓ Loaded J0931-1902 (5473 TOAs)

WARNING: Using tempo RNAMP parameter: setting TNRedC to 100!
✓ Loaded J1012+5307 (25837 TOAs)
✓ Loaded J1012-4235 (797 TOAs)
✓ Loaded J1022+1001 (3978 TOAs)
✓ Loaded J1024-0719 (12635 TOAs)
✓ Loaded J1125+7819 (8723 TOAs)
✓ Loaded J1312+0051 (1705 TOAs)
✓ Loaded J1453+1902 (2551 TOAs)
✓ Loaded J1455-3330 (10818 TOAs)

WARNING: Using tempo RNAMP parameter: setting TNRedC to 100!
✓ Loaded J1600-3053 (22955 TOAs)

WARNING: Using tempo RNAMP parameter: setting TNRedC to 100!
✓ Loaded J1600-3053gbt (19725 TOAs)

WARNING: Using tempo RNAMP parameter: setting TNRedC to 100!
✓ Loaded J1614-2230 (18445 TOAs)
✓ Loaded J1630+3734 (1815 TOAs)
✓ Loaded J1640+2224 (14066 TOAs)

WARNING: Using tempo RNAMP parameter: setting TNRedC to 100!
✓ Loaded J1643-1224 (22144 TOAs)

WARNING: Using tempo RNAMP parameter: setting TNRedC to 100!
✓ Loaded J1643-1224gbt (17932 TOAs)

WARNING: Using tempo RNAMP parameter: setting TNRedC to 100!
✓ Loaded J1705-1903 (9871 TOAs)

WARNING: Using tempo RNAMP parameter: setting TNRedC to 100!
✓ Loaded J1713+0747 (59389 TOAs)

WARNING: Using tempo RNAMP parameter: setting TNRedC to 100!
✓ Loaded J1713+0747ao (21362 TOAs)

WARNING: Using tempo RNAMP parameter: setting TNRedC to 100!
✓ Loaded J1713+0747gbt (32963 TOAs)
✓ Loaded J1719-1438 (6356 TOAs)
✓ Loaded J1730-2304 (4870 TOAs)
✓ Loaded J1738+0333 (8790 TOAs)
✓ Loaded J1741+1351 (5582 TOAs)

WARNING: Using tempo RNAMP parameter: setting TNRedC to 100!
✓ Loaded J1744-1134 (17745 TOAs)

WARNING: Using tempo RNAMP parameter: setting TNRedC to 100!
✓ Loaded J1745+1017 (3017 TOAs)

WARNING: Using tempo RNAMP parameter: setting TNRedC to 100!
✓ Loaded J1747-4036 (11055 TOAs)
✓ Loaded J1751-2857 (2025 TOAs)

WARNING: Using tempo RNAMP parameter: setting TNRedC to 100!
✓ Loaded J1802-2124 (6796 TOAs)
✓ Loaded J1811-2405 (5266 TOAs)
✓ Loaded J1832-0836 (7739 TOAs)
✓ Loaded J1843-1113 (4595 TOAs)

WARNING: Using tempo RNAMP parameter: setting TNRedC to 100!
✓ Loaded J1853+1303 (4570 TOAs)

WARNING: Using tempo RNAMP parameter: setting TNRedC to 100!
✓ Loaded J1903+0327 (6856 TOAs)

WARNING: Using tempo RNAMP parameter: setting TNRedC to 100!
✓ Loaded J1903+0327ao (6423 TOAs)

WARNING: Using tempo RNAMP parameter: setting TNRedC to 100!
✓ Loaded J1909-3744 (35037 TOAs)

WARNING: Using tempo RNAMP parameter: setting TNRedC to 100!
✓ Loaded J1909-3744gbt (31526 TOAs)
✓ Loaded J1910+1256 (6486 TOAs)
✓ Loaded J1911+1347 (3786 TOAs)
✓ Loaded J1918-0642 (18875 TOAs)
✓ Loaded J1923+2515 (3974 TOAs)
✓ Loaded J1944+0907 (5328 TOAs)

WARNING: Using tempo RNAMP parameter: setting TNRedC to 100!
✓ Loaded J1946+3417 (4743 TOAs)
✓ Loaded J2010-1323 (17077 TOAs)
✓ Loaded J2017+0603 (3512 TOAs)
✓ Loaded J2033+1734 (3847 TOAs)
✓ Loaded J2043+1711 (7397 TOAs)
✓ Loaded J2124-3358 (4982 TOAs)

WARNING: Using tempo RNAMP parameter: setting TNRedC to 100!
✓ Loaded J2145-0750 (18675 TOAs)
✓ Loaded J2214+3000 (7406 TOAs)
✓ Loaded J2229+2643 (3711 TOAs)

WARNING: Using tempo RNAMP parameter: setting TNRedC to 100!
✓ Loaded J2234+0611 (3566 TOAs)
✓ Loaded J2234+0944 (7535 TOAs)
✓ Loaded J2302+4442 (10211 TOAs)
✓ Loaded J2317+1439 (13927 TOAs)
✓ Loaded J2322+2057 (3088 TOAs)
⚠ Could not save cache: no default __reduce__ due to non-trivial __cinit__

✓ Loaded 76 pulsars
✗ Failed: 0 — []
[MEM] After loading pulsars: 8865.1 MB

🔍 Filtering pulsars...

Filtered: 76 → 67 pulsars
[MEM] After filtering pulsars: 8867.4 MB
[MEM] After garbage collection: 8867.5 MB

======================================================================
SMBHB POPULATION ANALYSIS
======================================================================

Configuration: pessimistic
  Lower mass, lower spread in distance, large population
  N_binaries: 10000000

======================================================================
CONSISTENT POPULATION SYNTHESIS
======================================================================

======================================================================
GENERATING SNR-CONSISTENT POPULATIONS
======================================================================
Target SNR:          4.0
Simulations:         1
======================================================================


──────────────────────────────────────────────────────────────────────
SIMULATION 1/1
──────────────────────────────────────────────────────────────────────
  [B1855+09] zeroing residuals...
  [B1855+09] adding red noise...
  [B1855+09] white noise for L-wide_PUPPI (5005 TOAs)...
  [B1855+09] white noise for 430_ASP (390 TOAs)...
  [B1855+09] white noise for 430_PUPPI (1185 TOAs)...
  [B1855+09] white noise for L-wide_ASP (1178 TOAs)...
  [B1937+21] zeroing residuals...
  [B1937+21] adding red noise...
  [B1937+21] white noise for L-wide_PUPPI (4133 TOAs)...
  [B1937+21] white noise for Rcvr_800_GASP (586 TOAs)...
  [B1937+21] white noise for Rcvr_800_GUPPI (7140 TOAs)...
  [B1937+21] white noise for S-wide_PUPPI (2251 TOAs)...
  [B1937+21] white noise for Rcvr1_2_GASP (1069 TOAs)...
  [B1937+21] white noise for S-wide_ASP (344 TOAs)...
  [B1937+21] white noise for Rcvr1_2_GUPPI (7048 TOAs)...
  [B1937+21] white noise for L-wide_ASP (452 TOAs)...
  [B1953+29] zeroing residuals...
  [B1953+29] adding red noise...
  [B1953+29] white noise for L-wide_PUPPI (4037 TOAs)...
  [B1953+29] white noise for L-wide_ASP (94 TOAs)...
  [B1953+29] white noise for S-wide_ASP (25 TOAs)...
  [B1953+29] white noise for 430_ASP (29 TOAs)...
  [B1953+29] white noise for 430_PUPPI (941 TOAs)...
  [J0023+0923] zeroing residuals...
  [J0023+0923] adding red noise...
  [J0023+0923] white noise for L-wide_PUPPI (11123 TOAs)...
  [J0023+0923] white noise for 430_ASP (90 TOAs)...
  [J0023+0923] white noise for 430_PUPPI (4564 TOAs)...
  [J0023+0923] white noise for L-wide_ASP (119 TOAs)...
  [J0030+0451] zeroing residuals...
  [J0030+0451] adding red noise...
  [J0030+0451] white noise for L-wide_PUPPI (12774 TOAs)...
  [J0030+0451] white noise for S-wide_PUPPI (2673 TOAs)...
  [J0030+0451] white noise for L-wide_ASP (789 TOAs)...
  [J0030+0451] white noise for 430_ASP (267 TOAs)...
  [J0030+0451] white noise for 430_PUPPI (3068 TOAs)...
  [J0340+4130] zeroing residuals...
  [J0340+4130] adding red noise...
  [J0340+4130] white noise for Rcvr1_2_GUPPI (5037 TOAs)...
  [J0340+4130] white noise for Rcvr_800_GUPPI (6056 TOAs)...
  [J0406+3039] zeroing residuals...
  [J0406+3039] adding red noise...
  [J0406+3039] white noise for L-wide_PUPPI (1871 TOAs)...
  [J0406+3039] white noise for S-wide_PUPPI (575 TOAs)...
  [J0437-4715] zeroing residuals...
  [J0437-4715] adding red noise...
  [J0437-4715] white noise for 3GHz_YUPPI (3696 TOAs)...
  [J0437-4715] white noise for 1.5GHz_YUPPI (2134 TOAs)...
  [J0509+0856] zeroing residuals...
  [J0509+0856] adding red noise...
  [J0509+0856] white noise for L-wide_PUPPI (1625 TOAs)...
  [J0509+0856] white noise for S-wide_PUPPI (544 TOAs)...
  [J0557+1551] zeroing residuals...
  [J0557+1551] adding red noise...
  [J0557+1551] white noise for L-wide_PUPPI (467 TOAs)...
  [J0557+1551] white noise for S-wide_PUPPI (58 TOAs)...
  [J0605+3757] zeroing residuals...
  [J0605+3757] adding red noise...
  [J0605+3757] white noise for Rcvr1_2_GUPPI (318 TOAs)...
  [J0605+3757] white noise for Rcvr_800_GUPPI (236 TOAs)...
  [J0610-2100] zeroing residuals...
  [J0610-2100] adding red noise...
  [J0610-2100] white noise for Rcvr1_2_GUPPI (2401 TOAs)...
  [J0610-2100] white noise for Rcvr_800_GUPPI (2484 TOAs)...
  [J0613-0200] zeroing residuals...
  [J0613-0200] adding red noise...
  [J0613-0200] white noise for Rcvr1_2_GUPPI (7423 TOAs)...
  [J0613-0200] white noise for Rcvr_800_GASP (809 TOAs)...
  [J0613-0200] white noise for Rcvr_800_GUPPI (7900 TOAs)...
  [J0613-0200] white noise for Rcvr1_2_GASP (992 TOAs)...
  [J0636+5128] zeroing residuals...
  [J0636+5128] adding red noise...
  [J0636+5128] white noise for Rcvr1_2_GUPPI (14803 TOAs)...
  [J0636+5128] white noise for Rcvr_800_GUPPI (17419 TOAs)...
  [J0645+5158] zeroing residuals...
  [J0645+5158] adding red noise...
  [J0645+5158] white noise for Rcvr1_2_GUPPI (5721 TOAs)...
  [J0645+5158] white noise for Rcvr_800_GUPPI (4682 TOAs)...
  [J0709+0458] zeroing residuals...
  [J0709+0458] adding red noise...
  [J0709+0458] white noise for L-wide_PUPPI (2435 TOAs)...
  [J0709+0458] white noise for S-wide_PUPPI (595 TOAs)...
  [J0740+6620] zeroing residuals...
  [J0740+6620] adding red noise...
  [J0740+6620] white noise for Rcvr1_2_GUPPI (8265 TOAs)...
  [J0740+6620] white noise for Rcvr_800_GUPPI (5136 TOAs)...
  [J0931-1902] zeroing residuals...
  [J0931-1902] adding red noise...
  [J0931-1902] white noise for Rcvr1_2_GUPPI (2054 TOAs)...
  [J0931-1902] white noise for Rcvr_800_GUPPI (3419 TOAs)...
  [J1012+5307] zeroing residuals...
  [J1012+5307] adding red noise...
  [J1012+5307] white noise for Rcvr1_2_GUPPI (12849 TOAs)...
  [J1012+5307] white noise for Rcvr_800_GASP (1210 TOAs)...
  [J1012+5307] white noise for Rcvr_800_GUPPI (10299 TOAs)...
  [J1012+5307] white noise for Rcvr1_2_GASP (1479 TOAs)...
  [J1012-4235] zeroing residuals...
  [J1012-4235] adding red noise...
  [J1012-4235] white noise for Rcvr1_2_GUPPI (455 TOAs)...
  [J1012-4235] white noise for Rcvr_800_GUPPI (342 TOAs)...
  [J1022+1001] zeroing residuals...
  [J1022+1001] adding red noise...
  [J1022+1001] white noise for L-wide_PUPPI (2592 TOAs)...
  [J1022+1001] white noise for 430_PUPPI (232 TOAs)...
  [J1022+1001] white noise for S-wide_PUPPI (1154 TOAs)...
  [J1024-0719] zeroing residuals...
  [J1024-0719] adding red noise...
  [J1024-0719] white noise for Rcvr1_2_GUPPI (7086 TOAs)...
  [J1024-0719] white noise for Rcvr_800_GASP (51 TOAs)...
  [J1024-0719] white noise for Rcvr_800_GUPPI (5455 TOAs)...
  [J1024-0719] white noise for Rcvr1_2_GASP (43 TOAs)...
  [J1125+7819] zeroing residuals...
  [J1125+7819] adding red noise...
  [J1125+7819] white noise for Rcvr1_2_GUPPI (4016 TOAs)...
  [J1125+7819] white noise for Rcvr_800_GUPPI (4707 TOAs)...
  [J1312+0051] zeroing residuals...
  [J1312+0051] adding red noise...
  [J1312+0051] white noise for L-wide_PUPPI (1289 TOAs)...
  [J1312+0051] white noise for S-wide_PUPPI (416 TOAs)...
  [J1453+1902] zeroing residuals...
  [J1453+1902] adding red noise...
  [J1453+1902] white noise for L-wide_PUPPI (2122 TOAs)...
  [J1453+1902] white noise for 430_PUPPI (425 TOAs)...
  [J1453+1902] white noise for S-wide_PUPPI (4 TOAs)...
  [J1455-3330] zeroing residuals...
  [J1455-3330] adding red noise...
  [J1455-3330] white noise for Rcvr1_2_GUPPI (4932 TOAs)...
  [J1455-3330] white noise for Rcvr_800_GASP (479 TOAs)...
  [J1455-3330] white noise for Rcvr_800_GUPPI (4843 TOAs)...
  [J1455-3330] white noise for Rcvr1_2_GASP (564 TOAs)...
  [J1600-3053] zeroing residuals...
  [J1600-3053] adding red noise...
  [J1600-3053] white noise for Rcvr_800_GASP (297 TOAs)...
  [J1600-3053] white noise for Rcvr_800_GUPPI (8796 TOAs)...
  [J1600-3053] white noise for 3GHz_YUPPI (3237 TOAs)...
  [J1600-3053] white noise for Rcvr1_2_GASP (457 TOAs)...
  [J1600-3053] white noise for Rcvr1_2_GUPPI (10168 TOAs)...
  [J1614-2230] zeroing residuals...
  [J1614-2230] adding red noise...
  [J1614-2230] white noise for Rcvr1_2_GUPPI (10509 TOAs)...
  [J1614-2230] white noise for Rcvr_800_GASP (84 TOAs)...
  [J1614-2230] white noise for Rcvr_800_GUPPI (7768 TOAs)...
  [J1614-2230] white noise for Rcvr1_2_GASP (84 TOAs)...
  [J1630+3734] zeroing residuals...
  [J1630+3734] adding red noise...
  [J1630+3734] white noise for Rcvr1_2_GUPPI (909 TOAs)...
  [J1630+3734] white noise for Rcvr_800_GUPPI (906 TOAs)...
  [J1640+2224] zeroing residuals...
  [J1640+2224] adding red noise...
  [J1640+2224] white noise for L-wide_PUPPI (9847 TOAs)...
  [J1640+2224] white noise for 430_ASP (340 TOAs)...
  [J1640+2224] white noise for 430_PUPPI (3157 TOAs)...
  [J1640+2224] white noise for L-wide_ASP (722 TOAs)...
  [J1643-1224] zeroing residuals...
  [J1643-1224] adding red noise...
  [J1643-1224] white noise for Rcvr_800_GASP (559 TOAs)...
  [J1643-1224] white noise for Rcvr_800_GUPPI (7734 TOAs)...
  [J1643-1224] white noise for 3GHz_YUPPI (4215 TOAs)...
  [J1643-1224] white noise for Rcvr1_2_GASP (833 TOAs)...
  [J1643-1224] white noise for Rcvr1_2_GUPPI (8803 TOAs)...
  [J1705-1903] zeroing residuals...
  [J1705-1903] adding red noise...
  [J1705-1903] white noise for Rcvr1_2_GUPPI (6350 TOAs)...
  [J1705-1903] white noise for Rcvr_800_GUPPI (3521 TOAs)...
  [J1713+0747] zeroing residuals...
  [J1713+0747] adding red noise...
  [J1713+0747] white noise for L-wide_PUPPI (12743 TOAs)...
  [J1713+0747] white noise for Rcvr_800_GASP (1032 TOAs)...
  [J1713+0747] white noise for Rcvr_800_GUPPI (8479 TOAs)...
  [J1713+0747] white noise for 1.5GHz_YUPPI (1461 TOAs)...
  [J1713+0747] white noise for S-wide_PUPPI (7482 TOAs)...
  [J1713+0747] white noise for 3GHz_YUPPI (3282 TOAs)...
  [J1713+0747] white noise for Rcvr1_2_GASP (1109 TOAs)...
  [J1713+0747] white noise for S-wide_ASP (624 TOAs)...
  [J1713+0747] white noise for Rcvr1_2_GUPPI (22334 TOAs)...
  [J1713+0747] white noise for L-wide_ASP (843 TOAs)...
  [J1719-1438] zeroing residuals...
  [J1719-1438] adding red noise...
  [J1719-1438] white noise for Rcvr1_2_GUPPI (2722 TOAs)...
  [J1719-1438] white noise for Rcvr_800_GUPPI (3634 TOAs)...
  [J1730-2304] zeroing residuals...
  [J1730-2304] adding red noise...
  [J1730-2304] white noise for Rcvr1_2_GUPPI (2367 TOAs)...
  [J1730-2304] white noise for Rcvr_800_GUPPI (2503 TOAs)...
  [J1738+0333] zeroing residuals...
  [J1738+0333] adding red noise...
  [J1738+0333] white noise for L-wide_PUPPI (6718 TOAs)...
  [J1738+0333] white noise for L-wide_ASP (201 TOAs)...
  [J1738+0333] white noise for S-wide_PUPPI (1737 TOAs)...
  [J1738+0333] white noise for S-wide_ASP (134 TOAs)...
  [J1741+1351] zeroing residuals...
  [J1741+1351] adding red noise...
  [J1741+1351] white noise for L-wide_PUPPI (4045 TOAs)...
  [J1741+1351] white noise for L-wide_ASP (236 TOAs)...
  [J1741+1351] white noise for S-wide_ASP (115 TOAs)...
  [J1741+1351] white noise for 430_ASP (27 TOAs)...
  [J1741+1351] white noise for 430_PUPPI (1159 TOAs)...
  [J1744-1134] zeroing residuals...
  [J1744-1134] adding red noise...
  [J1744-1134] white noise for Rcvr1_2_GUPPI (8109 TOAs)...
  [J1744-1134] white noise for Rcvr_800_GASP (930 TOAs)...
  [J1744-1134] white noise for Rcvr_800_GUPPI (7899 TOAs)...
  [J1744-1134] white noise for Rcvr1_2_GASP (807 TOAs)...
  [J1745+1017] zeroing residuals...
  [J1745+1017] adding red noise...
  [J1745+1017] white noise for L-wide_PUPPI (2179 TOAs)...
  [J1745+1017] white noise for S-wide_PUPPI (838 TOAs)...
  [J1747-4036] zeroing residuals...
  [J1747-4036] adding red noise...
  [J1747-4036] white noise for Rcvr1_2_GUPPI (5239 TOAs)...
  [J1747-4036] white noise for Rcvr_800_GUPPI (5816 TOAs)...
  [J1751-2857] zeroing residuals...
  [J1751-2857] adding red noise...
  [J1751-2857] white noise for Rcvr1_2_GUPPI (1786 TOAs)...
  [J1751-2857] white noise for Rcvr_800_GUPPI (239 TOAs)...
  [J1802-2124] zeroing residuals...
  [J1802-2124] adding red noise...
  [J1802-2124] white noise for Rcvr1_2_GUPPI (3231 TOAs)...
  [J1802-2124] white noise for Rcvr_800_GUPPI (3565 TOAs)...
  [J1811-2405] zeroing residuals...
  [J1811-2405] adding red noise...
  [J1811-2405] white noise for Rcvr1_2_GUPPI (2638 TOAs)...
  [J1811-2405] white noise for Rcvr_800_GUPPI (2628 TOAs)...
  [J1832-0836] zeroing residuals...
  [J1832-0836] adding red noise...
  [J1832-0836] white noise for Rcvr1_2_GUPPI (4661 TOAs)...
  [J1832-0836] white noise for Rcvr_800_GUPPI (3078 TOAs)...
  [J1843-1113] zeroing residuals...
  [J1843-1113] adding red noise...
  [J1843-1113] white noise for Rcvr1_2_GUPPI (2394 TOAs)...
  [J1843-1113] white noise for Rcvr_800_GUPPI (2201 TOAs)...
  [J1853+1303] zeroing residuals...
  [J1853+1303] adding red noise...
  [J1853+1303] white noise for L-wide_PUPPI (3362 TOAs)...
  [J1853+1303] white noise for 430_ASP (24 TOAs)...
  [J1853+1303] white noise for 430_PUPPI (1151 TOAs)...
  [J1853+1303] white noise for L-wide_ASP (33 TOAs)...
  [J1903+0327] zeroing residuals...
  [J1903+0327] adding red noise...
  [J1903+0327] white noise for L-wide_PUPPI (3845 TOAs)...
  [J1903+0327] white noise for S-wide_PUPPI (2282 TOAs)...
  [J1903+0327] white noise for 3GHz_YUPPI (439 TOAs)...
  [J1903+0327] white noise for S-wide_ASP (151 TOAs)...
  [J1903+0327] white noise for L-wide_ASP (139 TOAs)...
  [J1909-3744] zeroing residuals...
  [J1909-3744] adding red noise...
  [J1909-3744] white noise for Rcvr_800_GASP (866 TOAs)...
  [J1909-3744] white noise for Rcvr_800_GUPPI (9399 TOAs)...
  [J1909-3744] white noise for 3GHz_YUPPI (3525 TOAs)...
  [J1909-3744] white noise for Rcvr1_2_GASP (808 TOAs)...
  [J1909-3744] white noise for Rcvr1_2_GUPPI (20439 TOAs)...
  [J1910+1256] zeroing residuals...
  [J1910+1256] adding red noise...
  [J1910+1256] white noise for L-wide_PUPPI (4124 TOAs)...
  [J1910+1256] white noise for L-wide_ASP (297 TOAs)...
  [J1910+1256] white noise for S-wide_PUPPI (1857 TOAs)...
  [J1910+1256] white noise for S-wide_ASP (208 TOAs)...
  [J1911+1347] zeroing residuals...
  [J1911+1347] adding red noise...
  [J1911+1347] white noise for L-wide_PUPPI (3033 TOAs)...
  [J1911+1347] white noise for 430_PUPPI (753 TOAs)...
  [J1918-0642] zeroing residuals...
  [J1918-0642] adding red noise...
  [J1918-0642] white noise for Rcvr1_2_GUPPI (8910 TOAs)...
  [J1918-0642] white noise for Rcvr_800_GASP (835 TOAs)...
  [J1918-0642] white noise for Rcvr_800_GUPPI (8352 TOAs)...
  [J1918-0642] white noise for Rcvr1_2_GASP (778 TOAs)...
  [J1923+2515] zeroing residuals...
  [J1923+2515] adding red noise...
  [J1923+2515] white noise for L-wide_PUPPI (3028 TOAs)...
  [J1923+2515] white noise for 430_ASP (10 TOAs)...
  [J1923+2515] white noise for 430_PUPPI (922 TOAs)...
  [J1923+2515] white noise for L-wide_ASP (14 TOAs)...
  [J1944+0907] zeroing residuals...
  [J1944+0907] adding red noise...
  [J1944+0907] white noise for L-wide_PUPPI (3900 TOAs)...
  [J1944+0907] white noise for L-wide_ASP (257 TOAs)...
  [J1944+0907] white noise for S-wide_ASP (116 TOAs)...
  [J1944+0907] white noise for 430_ASP (38 TOAs)...
  [J1944+0907] white noise for 430_PUPPI (1017 TOAs)...
  [J1946+3417] zeroing residuals...
  [J1946+3417] adding red noise...
  [J1946+3417] white noise for L-wide_PUPPI (3197 TOAs)...
  [J1946+3417] white noise for S-wide_PUPPI (1546 TOAs)...
  [J2010-1323] zeroing residuals...
  [J2010-1323] adding red noise...
  [J2010-1323] white noise for Rcvr1_2_GUPPI (7779 TOAs)...
  [J2010-1323] white noise for Rcvr_800_GASP (70 TOAs)...
  [J2010-1323] white noise for Rcvr_800_GUPPI (9158 TOAs)...
  [J2010-1323] white noise for Rcvr1_2_GASP (70 TOAs)...
  [J2017+0603] zeroing residuals...
  [J2017+0603] adding red noise...
  [J2017+0603] white noise for L-wide_PUPPI (2569 TOAs)...
  [J2017+0603] white noise for 430_PUPPI (78 TOAs)...
  [J2017+0603] white noise for S-wide_PUPPI (849 TOAs)...
  [J2017+0603] white noise for L-wide_ASP (16 TOAs)...
  [J2033+1734] zeroing residuals...
  [J2033+1734] adding red noise...
  [J2033+1734] white noise for L-wide_PUPPI (3050 TOAs)...
  [J2033+1734] white noise for 430_PUPPI (797 TOAs)...
  [J2043+1711] zeroing residuals...
  [J2043+1711] adding red noise...
  [J2043+1711] white noise for L-wide_PUPPI (4419 TOAs)...
  [J2043+1711] white noise for 430_ASP (30 TOAs)...
  [J2043+1711] white noise for 430_PUPPI (2908 TOAs)...
  [J2043+1711] white noise for L-wide_ASP (40 TOAs)...
  [J2124-3358] zeroing residuals...
  [J2124-3358] adding red noise...
  [J2124-3358] white noise for Rcvr1_2_GUPPI (2957 TOAs)...
  [J2124-3358] white noise for Rcvr_800_GUPPI (2025 TOAs)...
  [J2145-0750] zeroing residuals...
  [J2145-0750] adding red noise...
  [J2145-0750] white noise for Rcvr1_2_GUPPI (9158 TOAs)...
  [J2145-0750] white noise for Rcvr_800_GASP (362 TOAs)...
  [J2145-0750] white noise for Rcvr_800_GUPPI (8728 TOAs)...
  [J2145-0750] white noise for Rcvr1_2_GASP (427 TOAs)...
  [J2214+3000] zeroing residuals...
  [J2214+3000] adding red noise...
  [J2214+3000] white noise for L-wide_PUPPI (5829 TOAs)...
  [J2214+3000] white noise for L-wide_ASP (9 TOAs)...
  [J2214+3000] white noise for S-wide_PUPPI (1568 TOAs)...
  [J2229+2643] zeroing residuals...
  [J2229+2643] adding red noise...
  [J2229+2643] white noise for L-wide_PUPPI (2755 TOAs)...
  [J2229+2643] white noise for 430_PUPPI (956 TOAs)...
  [J2234+0611] zeroing residuals...
  [J2234+0611] adding red noise...
  [J2234+0611] white noise for L-wide_PUPPI (2913 TOAs)...
  [J2234+0611] white noise for 430_PUPPI (653 TOAs)...
  [J2234+0944] zeroing residuals...
  [J2234+0944] adding red noise...
  [J2234+0944] white noise for L-wide_PUPPI (5003 TOAs)...
  [J2234+0944] white noise for S-wide_PUPPI (2532 TOAs)...
  [J2302+4442] zeroing residuals...
  [J2302+4442] adding red noise...
  [J2302+4442] white noise for Rcvr1_2_GUPPI (3779 TOAs)...
  [J2302+4442] white noise for Rcvr_800_GUPPI (6432 TOAs)...
  [J2317+1439] zeroing residuals...
  [J2317+1439] adding red noise...
  [J2317+1439] white noise for L-wide_PUPPI (9563 TOAs)...
  [J2317+1439] white noise for 327_PUPPI (276 TOAs)...
  [J2317+1439] white noise for 327_ASP (413 TOAs)...
  [J2317+1439] white noise for 430_ASP (458 TOAs)...
  [J2317+1439] white noise for 430_PUPPI (3217 TOAs)...
  [J2322+2057] zeroing residuals...
  [J2322+2057] adding red noise...
  [J2322+2057] white noise for L-wide_PUPPI (2196 TOAs)...
  [J2322+2057] white noise for 430_PUPPI (752 TOAs)...
  [J2322+2057] white noise for S-wide_PUPPI (140 TOAs)...
Resetting pulsars to clean stoas...
Restore: 0.00 s
Inject: 0.00 s
Snapshotting into enterprise Pulsar objects...
Building PTA...
PTA build: 478.50 s
Computing optimal statistic...
OS time: 48.40 s
Total: 526.90 s
Noise-only SNR baseline: -0.6550

Generating SNR-consistent population...
Target SNR: 4.0
Resetting pulsars to clean stoas...
Restore: 0.01 s
Injecting population...
  B1855+09: RMS = 1309.202 ns
  B1937+21: RMS = 2966.364 ns
  B1953+29: RMS = 2538.336 ns
  J0023+0923: RMS = 1104.945 ns
  J0030+0451: RMS = 1188.116 ns
  J0340+4130: RMS = 578.083 ns
  J0406+3039: RMS = 135.075 ns
  J0437-4715: RMS = 933.764 ns
  J0509+0856: RMS = 177.725 ns
  J0557+1551: RMS = 376.596 ns
  J0605+3757: RMS = 337.053 ns
  J0610-2100: RMS = 438.770 ns
  J0613-0200: RMS = 1301.299 ns
  J0636+5128: RMS = 1727.224 ns
  J0645+5158: RMS = 1984.927 ns
  J0709+0458: RMS = 1813.430 ns
  J0740+6620: RMS = 804.947 ns
  J0931-1902: RMS = 977.070 ns
  J1012+5307: RMS = 1734.192 ns
  J1012-4235: RMS = 866.170 ns
  J1022+1001: RMS = 1288.905 ns
  J1024-0719: RMS = 674.608 ns
  J1125+7819: RMS = 1010.241 ns
  J1312+0051: RMS = 1946.204 ns
  J1453+1902: RMS = 1597.444 ns
  J1455-3330: RMS = 1816.453 ns
  J1600-3053: RMS = 2152.845 ns
  J1614-2230: RMS = 1674.206 ns
  J1630+3734: RMS = 751.417 ns
  J1640+2224: RMS = 1386.152 ns
  J1643-1224: RMS = 1251.569 ns
  J1705-1903: RMS = 1290.685 ns
  J1713+0747: RMS = 514.042 ns
  J1719-1438: RMS = 1026.687 ns
  J1730-2304: RMS = 692.017 ns
  J1738+0333: RMS = 598.737 ns
  J1741+1351: RMS = 771.423 ns
  J1744-1134: RMS = 933.843 ns
  J1745+1017: RMS = 201.201 ns
  J1747-4036: RMS = 1715.260 ns
  J1751-2857: RMS = 617.240 ns
  J1802-2124: RMS = 247.985 ns
  J1811-2405: RMS = 453.959 ns
  J1832-0836: RMS = 266.639 ns
  J1843-1113: RMS = 439.950 ns
  J1853+1303: RMS = 1581.117 ns
  J1903+0327: RMS = 1654.054 ns
  J1909-3744: RMS = 608.139 ns
  J1910+1256: RMS = 1808.072 ns
  J1911+1347: RMS = 1096.587 ns
  J1918-0642: RMS = 1745.881 ns
  J1923+2515: RMS = 2143.564 ns
  J1944+0907: RMS = 1891.614 ns
  J1946+3417: RMS = 2412.373 ns
  J2010-1323: RMS = 1873.033 ns
  J2017+0603: RMS = 1291.849 ns
  J2033+1734: RMS = 809.920 ns
  J2043+1711: RMS = 3008.022 ns
  J2124-3358: RMS = 473.562 ns
  J2145-0750: RMS = 1284.051 ns
  J2214+3000: RMS = 1162.718 ns
  J2229+2643: RMS = 1244.240 ns
  J2234+0611: RMS = 1231.731 ns
  J2234+0944: RMS = 1096.671 ns
  J2302+4442: RMS = 1571.537 ns
  J2317+1439: RMS = 841.900 ns
  J2322+2057: RMS = 111.028 ns
Inject: 162.82 s
Snapshotting into enterprise Pulsar objects...
Building PTA...
PTA build: 471.37 s
Computing optimal statistic...
OS time: 47.79 s
Total: 681.99 s
Initial SNR: -6.0788, Target SNR: 4.0000
  ✗ Initial SNR -6.0788 is non-positive, cannot scale distances.
✗ Simulation 1, trial 1 FAILED, retrying...

Generating SNR-consistent population...
Target SNR: 4.0
Resetting pulsars to clean stoas...
Restore: 0.01 s
Injecting population...
  B1855+09: RMS = 2635.030 ns
  B1937+21: RMS = 1467.875 ns
  B1953+29: RMS = 621.064 ns
  J0023+0923: RMS = 2172.316 ns
  J0030+0451: RMS = 2053.627 ns
  J0340+4130: RMS = 1606.457 ns
  J0406+3039: RMS = 840.900 ns
  J0437-4715: RMS = 1495.956 ns
  J0509+0856: RMS = 1493.632 ns
  J0557+1551: RMS = 556.664 ns
  J0605+3757: RMS = 285.453 ns
  J0610-2100: RMS = 401.005 ns
  J0613-0200: RMS = 3124.516 ns
  J0636+5128: RMS = 1193.288 ns
  J0645+5158: RMS = 1208.544 ns
  J0709+0458: RMS = 717.812 ns
  J0740+6620: RMS = 530.942 ns
  J0931-1902: RMS = 1209.013 ns
  J1012+5307: RMS = 414.351 ns
  J1012-4235: RMS = 568.374 ns
  J1022+1001: RMS = 1200.773 ns
  J1024-0719: RMS = 2865.967 ns
  J1125+7819: RMS = 219.896 ns
  J1312+0051: RMS = 520.716 ns
  J1453+1902: RMS = 1305.946 ns
  J1455-3330: RMS = 1359.378 ns
  J1600-3053: RMS = 1501.350 ns
  J1614-2230: RMS = 1486.988 ns
  J1630+3734: RMS = 993.678 ns
  J1640+2224: RMS = 1001.111 ns
  J1643-1224: RMS = 1583.249 ns
  J1705-1903: RMS = 1111.512 ns
  J1713+0747: RMS = 1153.884 ns
  J1719-1438: RMS = 996.641 ns
  J1730-2304: RMS = 1086.756 ns
  J1738+0333: RMS = 2326.956 ns
  J1741+1351: RMS = 1608.935 ns
  J1744-1134: RMS = 3374.204 ns
  J1745+1017: RMS = 510.764 ns
  J1747-4036: RMS = 1814.767 ns
  J1751-2857: RMS = 937.398 ns
  J1802-2124: RMS = 664.947 ns
  J1811-2405: RMS = 275.117 ns
  J1832-0836: RMS = 2792.206 ns
  J1843-1113: RMS = 486.338 ns
  J1853+1303: RMS = 2644.164 ns
  J1903+0327: RMS = 3227.936 ns
  J1909-3744: RMS = 3429.326 ns
  J1910+1256: RMS = 2401.947 ns
  J1911+1347: RMS = 1814.964 ns
  J1918-0642: RMS = 3711.305 ns
  J1923+2515: RMS = 1150.689 ns
  J1944+0907: RMS = 2120.966 ns
  J1946+3417: RMS = 587.199 ns
  J2010-1323: RMS = 2850.175 ns
  J2017+0603: RMS = 1501.995 ns
  J2033+1734: RMS = 1155.349 ns
  J2043+1711: RMS = 1210.044 ns
  J2124-3358: RMS = 333.390 ns
  J2145-0750: RMS = 815.064 ns
  J2214+3000: RMS = 724.129 ns
  J2229+2643: RMS = 420.968 ns
  J2234+0611: RMS = 1566.724 ns
  J2234+0944: RMS = 578.016 ns
  J2302+4442: RMS = 634.489 ns
  J2317+1439: RMS = 2211.078 ns
  J2322+2057: RMS = 561.179 ns
Inject: 162.35 s
Snapshotting into enterprise Pulsar objects...
Building PTA...
PTA build: 470.31 s
Computing optimal statistic...
OS time: 47.65 s
Total: 680.31 s
Initial SNR: 28.2934, Target SNR: 4.0000
  Initial SNR 28.2934 outside of provided SNR_range [3.5, 4.25] — rescaling.
Scaling distances by factor 2.4937 to achieve target SNR...
Resetting pulsars to clean stoas...
Restore: 0.01 s
Injecting population...
  B1855+09: RMS = 1056.658 ns
  B1937+21: RMS = 588.624 ns
  B1953+29: RMS = 249.049 ns
  J0023+0923: RMS = 871.108 ns
  J0030+0451: RMS = 823.513 ns
  J0340+4130: RMS = 644.196 ns
  J0406+3039: RMS = 337.204 ns
  J0437-4715: RMS = 599.884 ns
  J0509+0856: RMS = 598.952 ns
  J0557+1551: RMS = 223.225 ns
  J0605+3757: RMS = 114.468 ns
  J0610-2100: RMS = 160.805 ns
  J0613-0200: RMS = 1252.944 ns
  J0636+5128: RMS = 478.514 ns
  J0645+5158: RMS = 484.631 ns
  J0709+0458: RMS = 287.846 ns
  J0740+6620: RMS = 212.910 ns
  J0931-1902: RMS = 484.819 ns
  J1012+5307: RMS = 166.156 ns
  J1012-4235: RMS = 227.920 ns
  J1022+1001: RMS = 481.515 ns
  J1024-0719: RMS = 1149.265 ns
  J1125+7819: RMS = 88.179 ns
  J1312+0051: RMS = 208.809 ns
  J1453+1902: RMS = 523.690 ns
  J1455-3330: RMS = 545.116 ns
  J1600-3053: RMS = 602.048 ns
  J1614-2230: RMS = 596.288 ns
  J1630+3734: RMS = 398.469 ns
  J1640+2224: RMS = 401.450 ns
  J1643-1224: RMS = 634.889 ns
  J1705-1903: RMS = 445.721 ns
  J1713+0747: RMS = 462.712 ns
  J1719-1438: RMS = 399.657 ns
  J1730-2304: RMS = 435.793 ns
  J1738+0333: RMS = 933.119 ns
  J1741+1351: RMS = 645.189 ns
  J1744-1134: RMS = 1353.070 ns
  J1745+1017: RMS = 204.818 ns
  J1747-4036: RMS = 727.729 ns
  J1751-2857: RMS = 375.900 ns
  J1802-2124: RMS = 266.647 ns
  J1811-2405: RMS = 110.323 ns
  J1832-0836: RMS = 1119.686 ns
  J1843-1113: RMS = 195.024 ns
  J1853+1303: RMS = 1060.321 ns
  J1903+0327: RMS = 1294.416 ns
  J1909-3744: RMS = 1375.174 ns
  J1910+1256: RMS = 963.191 ns
  J1911+1347: RMS = 727.808 ns
  J1918-0642: RMS = 1488.249 ns
  J1923+2515: RMS = 461.431 ns
  J1944+0907: RMS = 850.516 ns
  J1946+3417: RMS = 235.469 ns
  J2010-1323: RMS = 1142.932 ns
  J2017+0603: RMS = 602.306 ns
  J2033+1734: RMS = 463.300 ns
  J2043+1711: RMS = 485.233 ns
  J2124-3358: RMS = 133.691 ns
  J2145-0750: RMS = 326.844 ns
  J2214+3000: RMS = 290.379 ns
  J2229+2643: RMS = 168.810 ns
  J2234+0611: RMS = 628.263 ns
  J2234+0944: RMS = 231.787 ns
  J2302+4442: RMS = 254.433 ns
  J2317+1439: RMS = 886.651 ns
  J2322+2057: RMS = 225.035 ns
Inject: 183.44 s
Snapshotting into enterprise Pulsar objects...
Building PTA...
PTA build: 472.77 s
Computing optimal statistic...
OS time: 48.56 s
Total: 704.78 s
  SNR 4.7480 outside of provided SNR_range [3.5, 4.25] — rescaling.
[Iteration 1/4] SNR after scaling: 4.7480 (target: 4.0000)
  SNR history: it0→28.2934@1.0000x, it1→4.7480@2.4937x
  Re-scaling distances by factor 1.0845  (cumulative after: 2.7045×)
Resetting pulsars to clean stoas...
Restore: 0.00 s
Injecting population...
  B1855+09: RMS = 974.323 ns
  B1937+21: RMS = 542.758 ns
  B1953+29: RMS = 229.643 ns
  J0023+0923: RMS = 803.231 ns
  J0030+0451: RMS = 759.345 ns
  J0340+4130: RMS = 594.000 ns
  J0406+3039: RMS = 310.929 ns
  J0437-4715: RMS = 553.141 ns
  J0509+0856: RMS = 552.282 ns
  J0557+1551: RMS = 205.831 ns
  J0605+3757: RMS = 105.548 ns
  J0610-2100: RMS = 148.275 ns
  J0613-0200: RMS = 1155.314 ns
  J0636+5128: RMS = 441.228 ns
  J0645+5158: RMS = 446.869 ns
  J0709+0458: RMS = 265.417 ns
  J0740+6620: RMS = 196.320 ns
  J0931-1902: RMS = 447.042 ns
  J1012+5307: RMS = 153.209 ns
  J1012-4235: RMS = 210.161 ns
  J1022+1001: RMS = 443.995 ns
  J1024-0719: RMS = 1059.714 ns
  J1125+7819: RMS = 81.308 ns
  J1312+0051: RMS = 192.539 ns
  J1453+1902: RMS = 482.884 ns
  J1455-3330: RMS = 502.641 ns
  J1600-3053: RMS = 555.136 ns
  J1614-2230: RMS = 549.826 ns
  J1630+3734: RMS = 367.420 ns
  J1640+2224: RMS = 370.169 ns
  J1643-1224: RMS = 585.419 ns
  J1705-1903: RMS = 410.990 ns
  J1713+0747: RMS = 426.658 ns
  J1719-1438: RMS = 368.516 ns
  J1730-2304: RMS = 401.836 ns
  J1738+0333: RMS = 860.410 ns
  J1741+1351: RMS = 594.916 ns
  J1744-1134: RMS = 1247.638 ns
  J1745+1017: RMS = 188.859 ns
  J1747-4036: RMS = 671.024 ns
  J1751-2857: RMS = 346.610 ns
  J1802-2124: RMS = 245.869 ns
  J1811-2405: RMS = 101.727 ns
  J1832-0836: RMS = 1032.440 ns
  J1843-1113: RMS = 179.827 ns
  J1853+1303: RMS = 977.700 ns
  J1903+0327: RMS = 1193.555 ns
  J1909-3744: RMS = 1268.020 ns
  J1910+1256: RMS = 888.139 ns
  J1911+1347: RMS = 671.097 ns
  J1918-0642: RMS = 1372.284 ns
  J1923+2515: RMS = 425.476 ns
  J1944+0907: RMS = 784.244 ns
  J1946+3417: RMS = 217.121 ns
  J2010-1323: RMS = 1053.875 ns
  J2017+0603: RMS = 555.374 ns
  J2033+1734: RMS = 427.199 ns
  J2043+1711: RMS = 447.423 ns
  J2124-3358: RMS = 123.274 ns
  J2145-0750: RMS = 301.376 ns
  J2214+3000: RMS = 267.752 ns
  J2229+2643: RMS = 155.656 ns
  J2234+0611: RMS = 579.309 ns
  J2234+0944: RMS = 213.726 ns
  J2302+4442: RMS = 234.607 ns
  J2317+1439: RMS = 817.563 ns
  J2322+2057: RMS = 207.501 ns
Inject: 163.46 s
Snapshotting into enterprise Pulsar objects...
Building PTA...
PTA build: 477.97 s
Computing optimal statistic...
OS time: 47.36 s
Total: 688.79 s
  ✓ SNR is within the provided SNR_range: 4.0289 ∈ [3.5, 4.25]

Final SNR history:
  it 0: cumulative_scale=1.0000×  SNR=28.2934
  it 1: cumulative_scale=2.4937×  SNR=4.7480
  it 2: cumulative_scale=2.7045×  SNR=4.0289
✓ Simulation 1 done (2832.3 s)

======================================================================
ENSEMBLE SUMMARY
======================================================================
Success rate: 100.0% (1/1)

Binaries per population:
  Mean ± std : 10000000 ± 0
  Range      : [10000000, 10000000]

SNR achieved:
  Mean ± std : 4.0289 ± 0.0000
  Range      : [4.0289, 4.0289]

Total time: 3403.6 s (56.7 min)
======================================================================

💾 Saved: data/2026-04-29/pessimistic_run_138/consistent_population_pessimistic_targetSNR4.25_sims1.json
💾 Saved compressed pickle: data/2026-04-29/pessimistic_run_138/consistent_population_pessimistic_targetSNR4.25_sims1.pkl.gz

======================================================================
CONTINUOUS WAVE SNR ANALYSIS
======================================================================

--- Population 1 ---
Precomputation of phiinvs, TNTs, Ts, Nvecs, Sigmas took 0.03 seconds.
Total SNR computation for population took 362.93 seconds.
Top 50 CGW candidates:
   1. proxy_rank=  30  sky_w=0.81  f=7.99e-09 Hz  Mc=3.22e+09 Msun  h0=1.95e-15  SNR=2.337
   2. proxy_rank= 500  sky_w=1.25  f=1.16e-08 Hz  Mc=2.38e+09 Msun  h0=7.98e-16  SNR=1.525
   3. proxy_rank= 443  sky_w=0.73  f=1.26e-08 Hz  Mc=4.42e+09 Msun  h0=1.54e-15  SNR=1.483
   4. proxy_rank= 270  sky_w=1.55  f=1.01e-08 Hz  Mc=1.97e+09 Msun  h0=6.94e-16  SNR=1.121
   5. proxy_rank= 148  sky_w=0.76  f=8.29e-09 Hz  Mc=4.06e+09 Msun  h0=1.41e-15  SNR=1.035
   6. proxy_rank= 281  sky_w=1.26  f=7.29e-09 Hz  Mc=3.31e+09 Msun  h0=6.06e-16  SNR=1.030
   7. proxy_rank= 684  sky_w=1.13  f=9.90e-09 Hz  Mc=2.74e+09 Msun  h0=6.85e-16  SNR=1.003
   8. proxy_rank=  96  sky_w=1.39  f=6.31e-09 Hz  Mc=2.51e+09 Msun  h0=6.78e-16  SNR=0.980
   9. proxy_rank=   4  sky_w=1.61  f=3.87e-09 Hz  Mc=3.51e+09 Msun  h0=7.61e-16  SNR=0.963
  10. proxy_rank= 130  sky_w=1.61  f=5.51e-09 Hz  Mc=5.25e+09 Msun  h0=4.63e-16  SNR=0.853
  11. proxy_rank= 919  sky_w=1.38  f=9.16e-09 Hz  Mc=4.20e+09 Msun  h0=4.74e-16  SNR=0.847
  12. proxy_rank= 336  sky_w=1.44  f=6.39e-09 Hz  Mc=4.38e+09 Msun  h0=4.36e-16  SNR=0.776
  13. proxy_rank= 125  sky_w=1.53  f=8.85e-09 Hz  Mc=5.86e+09 Msun  h0=7.89e-16  SNR=0.748
  14. proxy_rank= 657  sky_w=1.60  f=9.80e-09 Hz  Mc=3.72e+09 Msun  h0=4.88e-16  SNR=0.736
  15. proxy_rank=  44  sky_w=1.44  f=4.22e-09 Hz  Mc=4.94e+09 Msun  h0=5.50e-16  SNR=0.675
  16. proxy_rank= 758  sky_w=1.50  f=7.80e-09 Hz  Mc=4.39e+09 Msun  h0=3.95e-16  SNR=0.673
  17. proxy_rank= 550  sky_w=1.06  f=6.34e-09 Hz  Mc=2.72e+09 Msun  h0=5.00e-16  SNR=0.668
  18. proxy_rank=  86  sky_w=1.54  f=4.43e-09 Hz  Mc=2.67e+09 Msun  h0=4.36e-16  SNR=0.644
  19. proxy_rank=   7  sky_w=1.01  f=4.73e-09 Hz  Mc=3.76e+09 Msun  h0=1.33e-15  SNR=0.625
  20. proxy_rank= 128  sky_w=0.73  f=5.03e-09 Hz  Mc=3.07e+09 Msun  h0=9.40e-16  SNR=0.593
  21. proxy_rank= 430  sky_w=1.07  f=5.72e-09 Hz  Mc=1.13e+09 Msun  h0=4.82e-16  SNR=0.579
  22. proxy_rank=  83  sky_w=1.43  f=4.34e-09 Hz  Mc=3.58e+09 Msun  h0=4.67e-16  SNR=0.577
  23. proxy_rank= 249  sky_w=0.73  f=6.27e-09 Hz  Mc=7.81e+09 Msun  h0=9.42e-16  SNR=0.541
  24. proxy_rank=   1  sky_w=1.49  f=2.14e-09 Hz  Mc=5.96e+09 Msun  h0=1.01e-15  SNR=0.510
  25. proxy_rank= 589  sky_w=1.14  f=5.34e-09 Hz  Mc=4.84e+09 Msun  h0=3.86e-16  SNR=0.502
  26. proxy_rank= 928  sky_w=1.48  f=6.92e-09 Hz  Mc=2.53e+09 Msun  h0=3.33e-16  SNR=0.502
  27. proxy_rank= 113  sky_w=1.03  f=3.80e-09 Hz  Mc=2.86e+09 Msun  h0=5.30e-16  SNR=0.493
  28. proxy_rank= 392  sky_w=1.44  f=5.27e-09 Hz  Mc=2.39e+09 Msun  h0=3.40e-16  SNR=0.491
  29. proxy_rank= 575  sky_w=1.26  f=5.57e-09 Hz  Mc=4.42e+09 Msun  h0=3.66e-16  SNR=0.470
  30. proxy_rank= 282  sky_w=1.31  f=4.91e-09 Hz  Mc=1.95e+09 Msun  h0=3.93e-16  SNR=0.467
  31. proxy_rank= 403  sky_w=1.55  f=7.37e-09 Hz  Mc=2.40e+09 Msun  h0=4.39e-16  SNR=0.447
  32. proxy_rank=  40  sky_w=1.32  f=4.35e-09 Hz  Mc=6.25e+09 Msun  h0=6.29e-16  SNR=0.441
  33. proxy_rank=  36  sky_w=1.58  f=3.30e-09 Hz  Mc=5.72e+09 Msun  h0=4.04e-16  SNR=0.438
  34. proxy_rank= 201  sky_w=1.16  f=4.11e-09 Hz  Mc=3.86e+09 Msun  h0=4.19e-16  SNR=0.437
  35. proxy_rank=  87  sky_w=0.96  f=3.75e-09 Hz  Mc=4.68e+09 Msun  h0=5.91e-16  SNR=0.436
  36. proxy_rank= 780  sky_w=1.02  f=4.91e-09 Hz  Mc=3.73e+09 Msun  h0=3.63e-16  SNR=0.430
  37. proxy_rank= 467  sky_w=1.41  f=4.60e-09 Hz  Mc=2.47e+09 Msun  h0=2.89e-16  SNR=0.429
  38. proxy_rank=  25  sky_w=1.34  f=3.32e-09 Hz  Mc=6.10e+09 Msun  h0=5.02e-16  SNR=0.420
  39. proxy_rank=   9  sky_w=1.18  f=2.93e-09 Hz  Mc=2.64e+09 Msun  h0=6.49e-16  SNR=0.418
  40. proxy_rank= 195  sky_w=1.48  f=3.98e-09 Hz  Mc=2.48e+09 Msun  h0=3.20e-16  SNR=0.405
  41. proxy_rank= 980  sky_w=1.57  f=5.49e-09 Hz  Mc=3.79e+09 Msun  h0=2.45e-16  SNR=0.399
  42. proxy_rank= 209  sky_w=1.50  f=4.22e-09 Hz  Mc=3.14e+09 Msun  h0=3.29e-16  SNR=0.397
  43. proxy_rank= 452  sky_w=1.19  f=6.61e-09 Hz  Mc=3.33e+09 Msun  h0=4.95e-16  SNR=0.392
  44. proxy_rank= 538  sky_w=1.33  f=4.75e-09 Hz  Mc=2.12e+09 Msun  h0=3.04e-16  SNR=0.389
  45. proxy_rank= 114  sky_w=1.17  f=3.89e-09 Hz  Mc=3.03e+09 Msun  h0=4.78e-16  SNR=0.383
  46. proxy_rank= 231  sky_w=1.03  f=3.96e-09 Hz  Mc=6.01e+09 Msun  h0=4.28e-16  SNR=0.376
  47. proxy_rank= 840  sky_w=1.35  f=4.72e-09 Hz  Mc=2.12e+09 Msun  h0=2.56e-16  SNR=0.363
  48. proxy_rank= 206  sky_w=1.23  f=3.76e-09 Hz  Mc=5.48e+09 Msun  h0=3.57e-16  SNR=0.363
  49. proxy_rank= 809  sky_w=1.56  f=6.53e-09 Hz  Mc=3.84e+09 Msun  h0=3.11e-16  SNR=0.362
  50. proxy_rank= 354  sky_w=1.32  f=4.18e-09 Hz  Mc=3.32e+09 Msun  h0=3.05e-16  SNR=0.361
💾 Saved: data/2026-04-29/pessimistic_run_138/consistent_population_pessimistic_targetSNR4.25_sims1.json
💾 Saved compressed pickle: data/2026-04-29/pessimistic_run_138/consistent_population_pessimistic_targetSNR4.25_sims1.pkl.gz
Saved to figures/cgw_analysis_pessimistic.pdf

======================================================================
ANALYSIS COMPLETE
Results saved to: data/2026-04-29/pessimistic_run_138
======================================================================

==========================================
Job finished at: Wed Apr 29 15:34:44 AEST 2026
Exit code: 0
==========================================

+------------------ Job Report: 11737173 (COMPLETED) ------------------+
| Memory (RAM)  [#################   ] 89.3% (35.7 GB peak / 40 GB)    |
| CPU           [#################   ] 88.0% average                   |
| Time          [---------------->   ] 82.7% (0-01:10:16 / 0-01:25:00) |
|                                                                      |
| Lustre Filesystem:                                                   |
|   Path    Total Read    Total Write    Total IOPS                    |
|   ------  ------------  -------------  ------------                  |
|   /apps   0 B           0 B            4                             |
|   /fred   8 KB          6.6 MB         53                            |
|   /home   0 B           0 B            2 K                           |
+----------------------------------------------------------------------+
