==========================================
Job ID: 11728605
Job Name: smbhb_optimistic
Node: dave311
Start Time: Wed Apr 29 10:06:07 AEST 2026
==========================================

/home/bhoulden/.conda/envs/smbhb312/share/tempo2
Working directory: /fred/oz005/users/bhoulden/SMBHB_population_injections

Loaded modules:

Starting SMBHB analysis...
==========================================

📁 Save directory: data/2026-04-29/optimistic_run_71
📝 Run name: optimistic_run_71

[MEM] Start: 244.1 MB

📡 Loading pulsars...
======================================================================
LOADING NANOGRAV PULSARS (libstempo)
======================================================================

📦 Loading from cache: nanograv_pulsars_cache.pkl
⚠ Cache load failed: Ran out of input
[DEBUG] Found 76 .par files
[tempo2Util.C:396] Warning: [MISC1] Unknown parameter in par file:  DMDATA
[tempo2Util.C:401] Warning: [DUP1] duplicated warnings have been suppressed.

WARNING: Using tempo RNAMP parameter: setting TNRedC to 100!
[observatory.C:271] Warning: Assuming site 'arecibo' means 'ao'
✓ Loaded B1855+09 (7758 TOAs)

WARNING: Using tempo RNAMP parameter: setting TNRedC to 100!
✓ Loaded B1937+21 (23023 TOAs)

WARNING: Using tempo RNAMP parameter: setting TNRedC to 100!
✓ Loaded B1937+21ao (7241 TOAs)

WARNING: Using tempo RNAMP parameter: setting TNRedC to 100!
✓ Loaded B1937+21gbt (16048 TOAs)

WARNING: Using tempo RNAMP parameter: setting TNRedC to 100!
✓ Loaded B1953+29 (5126 TOAs)
✓ Loaded J0023+0923 (15896 TOAs)

WARNING: Using tempo RNAMP parameter: setting TNRedC to 100!
✓ Loaded J0030+0451 (19571 TOAs)
✓ Loaded J0340+4130 (11093 TOAs)
✓ Loaded J0406+3039 (2446 TOAs)

WARNING: Using tempo RNAMP parameter: setting TNRedC to 100!
✓ Loaded J0437-4715 (5830 TOAs)
✓ Loaded J0509+0856 (2169 TOAs)
✓ Loaded J0557+1551 (525 TOAs)
✓ Loaded J0605+3757 (554 TOAs)

WARNING: Using tempo RNAMP parameter: setting TNRedC to 100!
✓ Loaded J0610-2100 (4885 TOAs)

WARNING: Using tempo RNAMP parameter: setting TNRedC to 100!
✓ Loaded J0613-0200 (17124 TOAs)
✓ Loaded J0614-3329 (1714 TOAs)
✓ Loaded J0636+5128 (32222 TOAs)
✓ Loaded J0645+5158 (10403 TOAs)
✓ Loaded J0709+0458 (3030 TOAs)
✓ Loaded J0740+6620 (13401 TOAs)
✓ Loaded J0931-1902 (5473 TOAs)

WARNING: Using tempo RNAMP parameter: setting TNRedC to 100!
✓ Loaded J1012+5307 (25837 TOAs)
✓ Loaded J1012-4235 (797 TOAs)
✓ Loaded J1022+1001 (3978 TOAs)
✓ Loaded J1024-0719 (12635 TOAs)
✓ Loaded J1125+7819 (8723 TOAs)
✓ Loaded J1312+0051 (1705 TOAs)
✓ Loaded J1453+1902 (2551 TOAs)
✓ Loaded J1455-3330 (10818 TOAs)

WARNING: Using tempo RNAMP parameter: setting TNRedC to 100!
✓ Loaded J1600-3053 (22955 TOAs)

WARNING: Using tempo RNAMP parameter: setting TNRedC to 100!
✓ Loaded J1600-3053gbt (19725 TOAs)

WARNING: Using tempo RNAMP parameter: setting TNRedC to 100!
✓ Loaded J1614-2230 (18445 TOAs)
✓ Loaded J1630+3734 (1815 TOAs)
✓ Loaded J1640+2224 (14066 TOAs)

WARNING: Using tempo RNAMP parameter: setting TNRedC to 100!
✓ Loaded J1643-1224 (22144 TOAs)

WARNING: Using tempo RNAMP parameter: setting TNRedC to 100!
✓ Loaded J1643-1224gbt (17932 TOAs)

WARNING: Using tempo RNAMP parameter: setting TNRedC to 100!
✓ Loaded J1705-1903 (9871 TOAs)

WARNING: Using tempo RNAMP parameter: setting TNRedC to 100!
✓ Loaded J1713+0747 (59389 TOAs)

WARNING: Using tempo RNAMP parameter: setting TNRedC to 100!
✓ Loaded J1713+0747ao (21362 TOAs)

WARNING: Using tempo RNAMP parameter: setting TNRedC to 100!
✓ Loaded J1713+0747gbt (32963 TOAs)
✓ Loaded J1719-1438 (6356 TOAs)
✓ Loaded J1730-2304 (4870 TOAs)
✓ Loaded J1738+0333 (8790 TOAs)
✓ Loaded J1741+1351 (5582 TOAs)

WARNING: Using tempo RNAMP parameter: setting TNRedC to 100!
✓ Loaded J1744-1134 (17745 TOAs)

WARNING: Using tempo RNAMP parameter: setting TNRedC to 100!
✓ Loaded J1745+1017 (3017 TOAs)

WARNING: Using tempo RNAMP parameter: setting TNRedC to 100!
✓ Loaded J1747-4036 (11055 TOAs)
✓ Loaded J1751-2857 (2025 TOAs)

WARNING: Using tempo RNAMP parameter: setting TNRedC to 100!
✓ Loaded J1802-2124 (6796 TOAs)
✓ Loaded J1811-2405 (5266 TOAs)
✓ Loaded J1832-0836 (7739 TOAs)
✓ Loaded J1843-1113 (4595 TOAs)

WARNING: Using tempo RNAMP parameter: setting TNRedC to 100!
✓ Loaded J1853+1303 (4570 TOAs)

WARNING: Using tempo RNAMP parameter: setting TNRedC to 100!
✓ Loaded J1903+0327 (6856 TOAs)

WARNING: Using tempo RNAMP parameter: setting TNRedC to 100!
✓ Loaded J1903+0327ao (6423 TOAs)

WARNING: Using tempo RNAMP parameter: setting TNRedC to 100!
✓ Loaded J1909-3744 (35037 TOAs)

WARNING: Using tempo RNAMP parameter: setting TNRedC to 100!
✓ Loaded J1909-3744gbt (31526 TOAs)
✓ Loaded J1910+1256 (6486 TOAs)
✓ Loaded J1911+1347 (3786 TOAs)
✓ Loaded J1918-0642 (18875 TOAs)
✓ Loaded J1923+2515 (3974 TOAs)
✓ Loaded J1944+0907 (5328 TOAs)

WARNING: Using tempo RNAMP parameter: setting TNRedC to 100!
✓ Loaded J1946+3417 (4743 TOAs)
✓ Loaded J2010-1323 (17077 TOAs)
✓ Loaded J2017+0603 (3512 TOAs)
✓ Loaded J2033+1734 (3847 TOAs)
✓ Loaded J2043+1711 (7397 TOAs)
✓ Loaded J2124-3358 (4982 TOAs)

WARNING: Using tempo RNAMP parameter: setting TNRedC to 100!
✓ Loaded J2145-0750 (18675 TOAs)
✓ Loaded J2214+3000 (7406 TOAs)
✓ Loaded J2229+2643 (3711 TOAs)

WARNING: Using tempo RNAMP parameter: setting TNRedC to 100!
✓ Loaded J2234+0611 (3566 TOAs)
✓ Loaded J2234+0944 (7535 TOAs)
✓ Loaded J2302+4442 (10211 TOAs)
✓ Loaded J2317+1439 (13927 TOAs)
✓ Loaded J2322+2057 (3088 TOAs)
⚠ Could not save cache: no default __reduce__ due to non-trivial __cinit__

✓ Loaded 76 pulsars
✗ Failed: 0 — []
[MEM] After loading pulsars: 8845.6 MB

🔍 Filtering pulsars...

Filtered: 76 → 67 pulsars
[MEM] After filtering pulsars: 8846.6 MB
[MEM] After garbage collection: 8846.7 MB

======================================================================
SMBHB POPULATION ANALYSIS
======================================================================

Configuration: optimistic
  Larger mass, higher spread in distance, small population
  N_binaries: 500

======================================================================
CONSISTENT POPULATION SYNTHESIS
======================================================================

======================================================================
GENERATING SNR-CONSISTENT POPULATIONS
======================================================================
Target SNR:          4.0
Simulations:         1
======================================================================


──────────────────────────────────────────────────────────────────────
SIMULATION 1/1
──────────────────────────────────────────────────────────────────────
  [B1855+09] zeroing residuals...
  [B1855+09] adding red noise...
  [B1855+09] white noise for L-wide_ASP (1178 TOAs)...
  [B1855+09] white noise for 430_PUPPI (1185 TOAs)...
  [B1855+09] white noise for L-wide_PUPPI (5005 TOAs)...
  [B1855+09] white noise for 430_ASP (390 TOAs)...
  [B1937+21] zeroing residuals...
  [B1937+21] adding red noise...
  [B1937+21] white noise for Rcvr1_2_GUPPI (7048 TOAs)...
  [B1937+21] white noise for L-wide_ASP (452 TOAs)...
  [B1937+21] white noise for S-wide_PUPPI (2251 TOAs)...
  [B1937+21] white noise for Rcvr_800_GUPPI (7140 TOAs)...
  [B1937+21] white noise for Rcvr_800_GASP (586 TOAs)...
  [B1937+21] white noise for S-wide_ASP (344 TOAs)...
  [B1937+21] white noise for L-wide_PUPPI (4133 TOAs)...
  [B1937+21] white noise for Rcvr1_2_GASP (1069 TOAs)...
  [B1953+29] zeroing residuals...
  [B1953+29] adding red noise...
  [B1953+29] white noise for 430_PUPPI (941 TOAs)...
  [B1953+29] white noise for 430_ASP (29 TOAs)...
  [B1953+29] white noise for S-wide_ASP (25 TOAs)...
  [B1953+29] white noise for L-wide_ASP (94 TOAs)...
  [B1953+29] white noise for L-wide_PUPPI (4037 TOAs)...
  [J0023+0923] zeroing residuals...
  [J0023+0923] adding red noise...
  [J0023+0923] white noise for L-wide_ASP (119 TOAs)...
  [J0023+0923] white noise for 430_PUPPI (4564 TOAs)...
  [J0023+0923] white noise for L-wide_PUPPI (11123 TOAs)...
  [J0023+0923] white noise for 430_ASP (90 TOAs)...
  [J0030+0451] zeroing residuals...
  [J0030+0451] adding red noise...
  [J0030+0451] white noise for 430_PUPPI (3068 TOAs)...
  [J0030+0451] white noise for S-wide_PUPPI (2673 TOAs)...
  [J0030+0451] white noise for 430_ASP (267 TOAs)...
  [J0030+0451] white noise for L-wide_ASP (789 TOAs)...
  [J0030+0451] white noise for L-wide_PUPPI (12774 TOAs)...
  [J0340+4130] zeroing residuals...
  [J0340+4130] adding red noise...
  [J0340+4130] white noise for Rcvr_800_GUPPI (6056 TOAs)...
  [J0340+4130] white noise for Rcvr1_2_GUPPI (5037 TOAs)...
  [J0406+3039] zeroing residuals...
  [J0406+3039] adding red noise...
  [J0406+3039] white noise for S-wide_PUPPI (575 TOAs)...
  [J0406+3039] white noise for L-wide_PUPPI (1871 TOAs)...
  [J0437-4715] zeroing residuals...
  [J0437-4715] adding red noise...
  [J0437-4715] white noise for 1.5GHz_YUPPI (2134 TOAs)...
  [J0437-4715] white noise for 3GHz_YUPPI (3696 TOAs)...
  [J0509+0856] zeroing residuals...
  [J0509+0856] adding red noise...
  [J0509+0856] white noise for S-wide_PUPPI (544 TOAs)...
  [J0509+0856] white noise for L-wide_PUPPI (1625 TOAs)...
  [J0557+1551] zeroing residuals...
  [J0557+1551] adding red noise...
  [J0557+1551] white noise for S-wide_PUPPI (58 TOAs)...
  [J0557+1551] white noise for L-wide_PUPPI (467 TOAs)...
  [J0605+3757] zeroing residuals...
  [J0605+3757] adding red noise...
  [J0605+3757] white noise for Rcvr_800_GUPPI (236 TOAs)...
  [J0605+3757] white noise for Rcvr1_2_GUPPI (318 TOAs)...
  [J0610-2100] zeroing residuals...
  [J0610-2100] adding red noise...
  [J0610-2100] white noise for Rcvr_800_GUPPI (2484 TOAs)...
  [J0610-2100] white noise for Rcvr1_2_GUPPI (2401 TOAs)...
  [J0613-0200] zeroing residuals...
  [J0613-0200] adding red noise...
  [J0613-0200] white noise for Rcvr_800_GASP (809 TOAs)...
  [J0613-0200] white noise for Rcvr_800_GUPPI (7900 TOAs)...
  [J0613-0200] white noise for Rcvr1_2_GASP (992 TOAs)...
  [J0613-0200] white noise for Rcvr1_2_GUPPI (7423 TOAs)...
  [J0636+5128] zeroing residuals...
  [J0636+5128] adding red noise...
  [J0636+5128] white noise for Rcvr_800_GUPPI (17419 TOAs)...
  [J0636+5128] white noise for Rcvr1_2_GUPPI (14803 TOAs)...
  [J0645+5158] zeroing residuals...
  [J0645+5158] adding red noise...
  [J0645+5158] white noise for Rcvr_800_GUPPI (4682 TOAs)...
  [J0645+5158] white noise for Rcvr1_2_GUPPI (5721 TOAs)...
  [J0709+0458] zeroing residuals...
  [J0709+0458] adding red noise...
  [J0709+0458] white noise for S-wide_PUPPI (595 TOAs)...
  [J0709+0458] white noise for L-wide_PUPPI (2435 TOAs)...
  [J0740+6620] zeroing residuals...
  [J0740+6620] adding red noise...
  [J0740+6620] white noise for Rcvr_800_GUPPI (5136 TOAs)...
  [J0740+6620] white noise for Rcvr1_2_GUPPI (8265 TOAs)...
  [J0931-1902] zeroing residuals...
  [J0931-1902] adding red noise...
  [J0931-1902] white noise for Rcvr_800_GUPPI (3419 TOAs)...
  [J0931-1902] white noise for Rcvr1_2_GUPPI (2054 TOAs)...
  [J1012+5307] zeroing residuals...
  [J1012+5307] adding red noise...
  [J1012+5307] white noise for Rcvr_800_GASP (1210 TOAs)...
  [J1012+5307] white noise for Rcvr_800_GUPPI (10299 TOAs)...
  [J1012+5307] white noise for Rcvr1_2_GASP (1479 TOAs)...
  [J1012+5307] white noise for Rcvr1_2_GUPPI (12849 TOAs)...
  [J1012-4235] zeroing residuals...
  [J1012-4235] adding red noise...
  [J1012-4235] white noise for Rcvr_800_GUPPI (342 TOAs)...
  [J1012-4235] white noise for Rcvr1_2_GUPPI (455 TOAs)...
  [J1022+1001] zeroing residuals...
  [J1022+1001] adding red noise...
  [J1022+1001] white noise for S-wide_PUPPI (1154 TOAs)...
  [J1022+1001] white noise for L-wide_PUPPI (2592 TOAs)...
  [J1022+1001] white noise for 430_PUPPI (232 TOAs)...
  [J1024-0719] zeroing residuals...
  [J1024-0719] adding red noise...
  [J1024-0719] white noise for Rcvr_800_GASP (51 TOAs)...
  [J1024-0719] white noise for Rcvr_800_GUPPI (5455 TOAs)...
  [J1024-0719] white noise for Rcvr1_2_GASP (43 TOAs)...
  [J1024-0719] white noise for Rcvr1_2_GUPPI (7086 TOAs)...
  [J1125+7819] zeroing residuals...
  [J1125+7819] adding red noise...
  [J1125+7819] white noise for Rcvr_800_GUPPI (4707 TOAs)...
  [J1125+7819] white noise for Rcvr1_2_GUPPI (4016 TOAs)...
  [J1312+0051] zeroing residuals...
  [J1312+0051] adding red noise...
  [J1312+0051] white noise for S-wide_PUPPI (416 TOAs)...
  [J1312+0051] white noise for L-wide_PUPPI (1289 TOAs)...
  [J1453+1902] zeroing residuals...
  [J1453+1902] adding red noise...
  [J1453+1902] white noise for S-wide_PUPPI (4 TOAs)...
  [J1453+1902] white noise for L-wide_PUPPI (2122 TOAs)...
  [J1453+1902] white noise for 430_PUPPI (425 TOAs)...
  [J1455-3330] zeroing residuals...
  [J1455-3330] adding red noise...
  [J1455-3330] white noise for Rcvr_800_GASP (479 TOAs)...
  [J1455-3330] white noise for Rcvr_800_GUPPI (4843 TOAs)...
  [J1455-3330] white noise for Rcvr1_2_GASP (564 TOAs)...
  [J1455-3330] white noise for Rcvr1_2_GUPPI (4932 TOAs)...
  [J1600-3053] zeroing residuals...
  [J1600-3053] adding red noise...
  [J1600-3053] white noise for Rcvr1_2_GUPPI (10168 TOAs)...
  [J1600-3053] white noise for Rcvr_800_GUPPI (8796 TOAs)...
  [J1600-3053] white noise for Rcvr_800_GASP (297 TOAs)...
  [J1600-3053] white noise for 3GHz_YUPPI (3237 TOAs)...
  [J1600-3053] white noise for Rcvr1_2_GASP (457 TOAs)...
  [J1614-2230] zeroing residuals...
  [J1614-2230] adding red noise...
  [J1614-2230] white noise for Rcvr_800_GASP (84 TOAs)...
  [J1614-2230] white noise for Rcvr_800_GUPPI (7768 TOAs)...
  [J1614-2230] white noise for Rcvr1_2_GASP (84 TOAs)...
  [J1614-2230] white noise for Rcvr1_2_GUPPI (10509 TOAs)...
  [J1630+3734] zeroing residuals...
  [J1630+3734] adding red noise...
  [J1630+3734] white noise for Rcvr_800_GUPPI (906 TOAs)...
  [J1630+3734] white noise for Rcvr1_2_GUPPI (909 TOAs)...
  [J1640+2224] zeroing residuals...
  [J1640+2224] adding red noise...
  [J1640+2224] white noise for L-wide_ASP (722 TOAs)...
  [J1640+2224] white noise for 430_PUPPI (3157 TOAs)...
  [J1640+2224] white noise for L-wide_PUPPI (9847 TOAs)...
  [J1640+2224] white noise for 430_ASP (340 TOAs)...
  [J1643-1224] zeroing residuals...
  [J1643-1224] adding red noise...
  [J1643-1224] white noise for Rcvr1_2_GUPPI (8803 TOAs)...
  [J1643-1224] white noise for Rcvr_800_GUPPI (7734 TOAs)...
  [J1643-1224] white noise for Rcvr_800_GASP (559 TOAs)...
  [J1643-1224] white noise for 3GHz_YUPPI (4215 TOAs)...
  [J1643-1224] white noise for Rcvr1_2_GASP (833 TOAs)...
  [J1705-1903] zeroing residuals...
  [J1705-1903] adding red noise...
  [J1705-1903] white noise for Rcvr_800_GUPPI (3521 TOAs)...
  [J1705-1903] white noise for Rcvr1_2_GUPPI (6350 TOAs)...
  [J1713+0747] zeroing residuals...
  [J1713+0747] adding red noise...
  [J1713+0747] white noise for 1.5GHz_YUPPI (1461 TOAs)...
  [J1713+0747] white noise for Rcvr1_2_GUPPI (22334 TOAs)...
  [J1713+0747] white noise for L-wide_ASP (843 TOAs)...
  [J1713+0747] white noise for S-wide_PUPPI (7482 TOAs)...
  [J1713+0747] white noise for Rcvr_800_GUPPI (8479 TOAs)...
  [J1713+0747] white noise for Rcvr_800_GASP (1032 TOAs)...
  [J1713+0747] white noise for S-wide_ASP (624 TOAs)...
  [J1713+0747] white noise for 3GHz_YUPPI (3282 TOAs)...
  [J1713+0747] white noise for L-wide_PUPPI (12743 TOAs)...
  [J1713+0747] white noise for Rcvr1_2_GASP (1109 TOAs)...
  [J1719-1438] zeroing residuals...
  [J1719-1438] adding red noise...
  [J1719-1438] white noise for Rcvr_800_GUPPI (3634 TOAs)...
  [J1719-1438] white noise for Rcvr1_2_GUPPI (2722 TOAs)...
  [J1730-2304] zeroing residuals...
  [J1730-2304] adding red noise...
  [J1730-2304] white noise for Rcvr_800_GUPPI (2503 TOAs)...
  [J1730-2304] white noise for Rcvr1_2_GUPPI (2367 TOAs)...
  [J1738+0333] zeroing residuals...
  [J1738+0333] adding red noise...
  [J1738+0333] white noise for S-wide_ASP (134 TOAs)...
  [J1738+0333] white noise for S-wide_PUPPI (1737 TOAs)...
  [J1738+0333] white noise for L-wide_PUPPI (6718 TOAs)...
  [J1738+0333] white noise for L-wide_ASP (201 TOAs)...
  [J1741+1351] zeroing residuals...
  [J1741+1351] adding red noise...
  [J1741+1351] white noise for 430_PUPPI (1159 TOAs)...
  [J1741+1351] white noise for 430_ASP (27 TOAs)...
  [J1741+1351] white noise for S-wide_ASP (115 TOAs)...
  [J1741+1351] white noise for L-wide_ASP (236 TOAs)...
  [J1741+1351] white noise for L-wide_PUPPI (4045 TOAs)...
  [J1744-1134] zeroing residuals...
  [J1744-1134] adding red noise...
  [J1744-1134] white noise for Rcvr_800_GASP (930 TOAs)...
  [J1744-1134] white noise for Rcvr_800_GUPPI (7899 TOAs)...
  [J1744-1134] white noise for Rcvr1_2_GASP (807 TOAs)...
  [J1744-1134] white noise for Rcvr1_2_GUPPI (8109 TOAs)...
  [J1745+1017] zeroing residuals...
  [J1745+1017] adding red noise...
  [J1745+1017] white noise for S-wide_PUPPI (838 TOAs)...
  [J1745+1017] white noise for L-wide_PUPPI (2179 TOAs)...
  [J1747-4036] zeroing residuals...
  [J1747-4036] adding red noise...
  [J1747-4036] white noise for Rcvr_800_GUPPI (5816 TOAs)...
  [J1747-4036] white noise for Rcvr1_2_GUPPI (5239 TOAs)...
  [J1751-2857] zeroing residuals...
  [J1751-2857] adding red noise...
  [J1751-2857] white noise for Rcvr_800_GUPPI (239 TOAs)...
  [J1751-2857] white noise for Rcvr1_2_GUPPI (1786 TOAs)...
  [J1802-2124] zeroing residuals...
  [J1802-2124] adding red noise...
  [J1802-2124] white noise for Rcvr_800_GUPPI (3565 TOAs)...
  [J1802-2124] white noise for Rcvr1_2_GUPPI (3231 TOAs)...
  [J1811-2405] zeroing residuals...
  [J1811-2405] adding red noise...
  [J1811-2405] white noise for Rcvr_800_GUPPI (2628 TOAs)...
  [J1811-2405] white noise for Rcvr1_2_GUPPI (2638 TOAs)...
  [J1832-0836] zeroing residuals...
  [J1832-0836] adding red noise...
  [J1832-0836] white noise for Rcvr_800_GUPPI (3078 TOAs)...
  [J1832-0836] white noise for Rcvr1_2_GUPPI (4661 TOAs)...
  [J1843-1113] zeroing residuals...
  [J1843-1113] adding red noise...
  [J1843-1113] white noise for Rcvr_800_GUPPI (2201 TOAs)...
  [J1843-1113] white noise for Rcvr1_2_GUPPI (2394 TOAs)...
  [J1853+1303] zeroing residuals...
  [J1853+1303] adding red noise...
  [J1853+1303] white noise for L-wide_ASP (33 TOAs)...
  [J1853+1303] white noise for 430_PUPPI (1151 TOAs)...
  [J1853+1303] white noise for L-wide_PUPPI (3362 TOAs)...
  [J1853+1303] white noise for 430_ASP (24 TOAs)...
  [J1903+0327] zeroing residuals...
  [J1903+0327] adding red noise...
  [J1903+0327] white noise for L-wide_ASP (139 TOAs)...
  [J1903+0327] white noise for S-wide_PUPPI (2282 TOAs)...
  [J1903+0327] white noise for S-wide_ASP (151 TOAs)...
  [J1903+0327] white noise for 3GHz_YUPPI (439 TOAs)...
  [J1903+0327] white noise for L-wide_PUPPI (3845 TOAs)...
  [J1909-3744] zeroing residuals...
  [J1909-3744] adding red noise...
  [J1909-3744] white noise for Rcvr1_2_GUPPI (20439 TOAs)...
  [J1909-3744] white noise for Rcvr_800_GUPPI (9399 TOAs)...
  [J1909-3744] white noise for Rcvr_800_GASP (866 TOAs)...
  [J1909-3744] white noise for 3GHz_YUPPI (3525 TOAs)...
  [J1909-3744] white noise for Rcvr1_2_GASP (808 TOAs)...
  [J1910+1256] zeroing residuals...
  [J1910+1256] adding red noise...
  [J1910+1256] white noise for S-wide_ASP (208 TOAs)...
  [J1910+1256] white noise for S-wide_PUPPI (1857 TOAs)...
  [J1910+1256] white noise for L-wide_PUPPI (4124 TOAs)...
  [J1910+1256] white noise for L-wide_ASP (297 TOAs)...
  [J1911+1347] zeroing residuals...
  [J1911+1347] adding red noise...
  [J1911+1347] white noise for L-wide_PUPPI (3033 TOAs)...
  [J1911+1347] white noise for 430_PUPPI (753 TOAs)...
  [J1918-0642] zeroing residuals...
  [J1918-0642] adding red noise...
  [J1918-0642] white noise for Rcvr_800_GASP (835 TOAs)...
  [J1918-0642] white noise for Rcvr_800_GUPPI (8352 TOAs)...
  [J1918-0642] white noise for Rcvr1_2_GASP (778 TOAs)...
  [J1918-0642] white noise for Rcvr1_2_GUPPI (8910 TOAs)...
  [J1923+2515] zeroing residuals...
  [J1923+2515] adding red noise...
  [J1923+2515] white noise for L-wide_ASP (14 TOAs)...
  [J1923+2515] white noise for 430_PUPPI (922 TOAs)...
  [J1923+2515] white noise for L-wide_PUPPI (3028 TOAs)...
  [J1923+2515] white noise for 430_ASP (10 TOAs)...
  [J1944+0907] zeroing residuals...
  [J1944+0907] adding red noise...
  [J1944+0907] white noise for 430_PUPPI (1017 TOAs)...
  [J1944+0907] white noise for 430_ASP (38 TOAs)...
  [J1944+0907] white noise for S-wide_ASP (116 TOAs)...
  [J1944+0907] white noise for L-wide_ASP (257 TOAs)...
  [J1944+0907] white noise for L-wide_PUPPI (3900 TOAs)...
  [J1946+3417] zeroing residuals...
  [J1946+3417] adding red noise...
  [J1946+3417] white noise for S-wide_PUPPI (1546 TOAs)...
  [J1946+3417] white noise for L-wide_PUPPI (3197 TOAs)...
  [J2010-1323] zeroing residuals...
  [J2010-1323] adding red noise...
  [J2010-1323] white noise for Rcvr_800_GASP (70 TOAs)...
  [J2010-1323] white noise for Rcvr_800_GUPPI (9158 TOAs)...
  [J2010-1323] white noise for Rcvr1_2_GASP (70 TOAs)...
  [J2010-1323] white noise for Rcvr1_2_GUPPI (7779 TOAs)...
  [J2017+0603] zeroing residuals...
  [J2017+0603] adding red noise...
  [J2017+0603] white noise for L-wide_ASP (16 TOAs)...
  [J2017+0603] white noise for S-wide_PUPPI (849 TOAs)...
  [J2017+0603] white noise for L-wide_PUPPI (2569 TOAs)...
  [J2017+0603] white noise for 430_PUPPI (78 TOAs)...
  [J2033+1734] zeroing residuals...
  [J2033+1734] adding red noise...
  [J2033+1734] white noise for L-wide_PUPPI (3050 TOAs)...
  [J2033+1734] white noise for 430_PUPPI (797 TOAs)...
  [J2043+1711] zeroing residuals...
  [J2043+1711] adding red noise...
  [J2043+1711] white noise for L-wide_ASP (40 TOAs)...
  [J2043+1711] white noise for 430_PUPPI (2908 TOAs)...
  [J2043+1711] white noise for L-wide_PUPPI (4419 TOAs)...
  [J2043+1711] white noise for 430_ASP (30 TOAs)...
  [J2124-3358] zeroing residuals...
  [J2124-3358] adding red noise...
  [J2124-3358] white noise for Rcvr_800_GUPPI (2025 TOAs)...
  [J2124-3358] white noise for Rcvr1_2_GUPPI (2957 TOAs)...
  [J2145-0750] zeroing residuals...
  [J2145-0750] adding red noise...
  [J2145-0750] white noise for Rcvr_800_GASP (362 TOAs)...
  [J2145-0750] white noise for Rcvr_800_GUPPI (8728 TOAs)...
  [J2145-0750] white noise for Rcvr1_2_GASP (427 TOAs)...
  [J2145-0750] white noise for Rcvr1_2_GUPPI (9158 TOAs)...
  [J2214+3000] zeroing residuals...
  [J2214+3000] adding red noise...
  [J2214+3000] white noise for S-wide_PUPPI (1568 TOAs)...
  [J2214+3000] white noise for L-wide_PUPPI (5829 TOAs)...
  [J2214+3000] white noise for L-wide_ASP (9 TOAs)...
  [J2229+2643] zeroing residuals...
  [J2229+2643] adding red noise...
  [J2229+2643] white noise for L-wide_PUPPI (2755 TOAs)...
  [J2229+2643] white noise for 430_PUPPI (956 TOAs)...
  [J2234+0611] zeroing residuals...
  [J2234+0611] adding red noise...
  [J2234+0611] white noise for L-wide_PUPPI (2913 TOAs)...
  [J2234+0611] white noise for 430_PUPPI (653 TOAs)...
  [J2234+0944] zeroing residuals...
  [J2234+0944] adding red noise...
  [J2234+0944] white noise for S-wide_PUPPI (2532 TOAs)...
  [J2234+0944] white noise for L-wide_PUPPI (5003 TOAs)...
  [J2302+4442] zeroing residuals...
  [J2302+4442] adding red noise...
  [J2302+4442] white noise for Rcvr_800_GUPPI (6432 TOAs)...
  [J2302+4442] white noise for Rcvr1_2_GUPPI (3779 TOAs)...
  [J2317+1439] zeroing residuals...
  [J2317+1439] adding red noise...
  [J2317+1439] white noise for 327_PUPPI (276 TOAs)...
  [J2317+1439] white noise for 430_ASP (458 TOAs)...
  [J2317+1439] white noise for 327_ASP (413 TOAs)...
  [J2317+1439] white noise for 430_PUPPI (3217 TOAs)...
  [J2317+1439] white noise for L-wide_PUPPI (9563 TOAs)...
  [J2322+2057] zeroing residuals...
  [J2322+2057] adding red noise...
  [J2322+2057] white noise for S-wide_PUPPI (140 TOAs)...
  [J2322+2057] white noise for L-wide_PUPPI (2196 TOAs)...
  [J2322+2057] white noise for 430_PUPPI (752 TOAs)...
Resetting pulsars to clean stoas...
Restore: 0.00 s
Inject: 0.00 s
Snapshotting into enterprise Pulsar objects...
Building PTA...
PTA build: 492.72 s
Computing optimal statistic...
OS time: 49.40 s
Total: 542.12 s
Noise-only SNR baseline: -0.2602

Generating SNR-consistent population...
Target SNR: 4.0
Resetting pulsars to clean stoas...
Restore: 0.00 s
Injecting population...
  B1855+09: RMS = 7423.402 ns
  B1937+21: RMS = 8367.577 ns
  B1953+29: RMS = 4083.223 ns
  J0023+0923: RMS = 5691.818 ns
  J0030+0451: RMS = 3430.190 ns
  J0340+4130: RMS = 6910.450 ns
  J0406+3039: RMS = 3505.894 ns
  J0437-4715: RMS = 2534.876 ns
  J0509+0856: RMS = 1223.125 ns
  J0557+1551: RMS = 678.812 ns
  J0605+3757: RMS = 835.427 ns
  J0610-2100: RMS = 1191.164 ns
  J0613-0200: RMS = 2927.970 ns
  J0636+5128: RMS = 1487.060 ns
  J0645+5158: RMS = 1492.419 ns
  J0709+0458: RMS = 978.449 ns
  J0740+6620: RMS = 711.210 ns
  J0931-1902: RMS = 2640.639 ns
  J1012+5307: RMS = 1480.994 ns
  J1012-4235: RMS = 1835.438 ns
  J1022+1001: RMS = 373.834 ns
  J1024-0719: RMS = 1617.465 ns
  J1125+7819: RMS = 2459.295 ns
  J1312+0051: RMS = 3538.268 ns
  J1453+1902: RMS = 3868.405 ns
  J1455-3330: RMS = 7084.340 ns
  J1600-3053: RMS = 6997.154 ns
  J1614-2230: RMS = 5559.773 ns
  J1630+3734: RMS = 1325.177 ns
  J1640+2224: RMS = 2297.022 ns
  J1643-1224: RMS = 4615.913 ns
  J1705-1903: RMS = 2303.920 ns
  J1713+0747: RMS = 2866.308 ns
  J1719-1438: RMS = 1460.039 ns
  J1730-2304: RMS = 2143.893 ns
  J1738+0333: RMS = 3547.317 ns
  J1741+1351: RMS = 4194.214 ns
  J1744-1134: RMS = 2961.952 ns
  J1745+1017: RMS = 2648.116 ns
  J1747-4036: RMS = 7645.211 ns
  J1751-2857: RMS = 4190.891 ns
  J1802-2124: RMS = 1697.797 ns
  J1811-2405: RMS = 1480.991 ns
  J1832-0836: RMS = 2402.734 ns
  J1843-1113: RMS = 831.579 ns
  J1853+1303: RMS = 5351.156 ns
  J1903+0327: RMS = 5966.940 ns
  J1909-3744: RMS = 5737.204 ns
  J1910+1256: RMS = 7118.364 ns
  J1911+1347: RMS = 6695.952 ns
  J1918-0642: RMS = 6095.950 ns
  J1923+2515: RMS = 4409.838 ns
  J1944+0907: RMS = 6155.422 ns
  J1946+3417: RMS = 6447.045 ns
  J2010-1323: RMS = 4462.893 ns
  J2017+0603: RMS = 5704.244 ns
  J2033+1734: RMS = 2226.468 ns
  J2043+1711: RMS = 3098.029 ns
  J2124-3358: RMS = 1022.669 ns
  J2145-0750: RMS = 3625.648 ns
  J2214+3000: RMS = 2839.028 ns
  J2229+2643: RMS = 2514.342 ns
  J2234+0611: RMS = 3065.804 ns
  J2234+0944: RMS = 1042.214 ns
  J2302+4442: RMS = 1524.110 ns
  J2317+1439: RMS = 3408.647 ns
  J2322+2057: RMS = 1525.670 ns
Inject: 0.54 s
Snapshotting into enterprise Pulsar objects...
Building PTA...
PTA build: 478.94 s
Computing optimal statistic...
OS time: 49.42 s
Total: 528.90 s
Initial SNR: 112.0127, Target SNR: 4.0000
  Initial SNR 112.0127 outside of provided SNR_range [3.5, 4.25] — rescaling.
Scaling distances by factor 5.1336 to achieve target SNR...
Resetting pulsars to clean stoas...
Restore: 0.00 s
Injecting population...
  B1855+09: RMS = 1446.046 ns
  B1937+21: RMS = 1629.967 ns
  B1953+29: RMS = 795.394 ns
  J0023+0923: RMS = 1108.741 ns
  J0030+0451: RMS = 668.186 ns
  J0340+4130: RMS = 1346.125 ns
  J0406+3039: RMS = 682.933 ns
  J0437-4715: RMS = 493.783 ns
  J0509+0856: RMS = 238.259 ns
  J0557+1551: RMS = 132.230 ns
  J0605+3757: RMS = 162.737 ns
  J0610-2100: RMS = 232.034 ns
  J0613-0200: RMS = 570.356 ns
  J0636+5128: RMS = 289.673 ns
  J0645+5158: RMS = 290.717 ns
  J0709+0458: RMS = 190.598 ns
  J0740+6620: RMS = 138.541 ns
  J0931-1902: RMS = 514.385 ns
  J1012+5307: RMS = 288.491 ns
  J1012-4235: RMS = 357.535 ns
  J1022+1001: RMS = 72.821 ns
  J1024-0719: RMS = 315.075 ns
  J1125+7819: RMS = 479.060 ns
  J1312+0051: RMS = 689.239 ns
  J1453+1902: RMS = 753.548 ns
  J1455-3330: RMS = 1379.998 ns
  J1600-3053: RMS = 1363.015 ns
  J1614-2230: RMS = 1083.019 ns
  J1630+3734: RMS = 258.139 ns
  J1640+2224: RMS = 447.450 ns
  J1643-1224: RMS = 899.160 ns
  J1705-1903: RMS = 448.793 ns
  J1713+0747: RMS = 558.344 ns
  J1719-1438: RMS = 284.409 ns
  J1730-2304: RMS = 417.621 ns
  J1738+0333: RMS = 691.002 ns
  J1741+1351: RMS = 817.014 ns
  J1744-1134: RMS = 576.975 ns
  J1745+1017: RMS = 515.841 ns
  J1747-4036: RMS = 1489.254 ns
  J1751-2857: RMS = 816.367 ns
  J1802-2124: RMS = 330.723 ns
  J1811-2405: RMS = 288.491 ns
  J1832-0836: RMS = 468.042 ns
  J1843-1113: RMS = 161.988 ns
  J1853+1303: RMS = 1042.382 ns
  J1903+0327: RMS = 1162.334 ns
  J1909-3744: RMS = 1117.582 ns
  J1910+1256: RMS = 1386.626 ns
  J1911+1347: RMS = 1304.342 ns
  J1918-0642: RMS = 1187.464 ns
  J1923+2515: RMS = 859.017 ns
  J1944+0907: RMS = 1199.049 ns
  J1946+3417: RMS = 1255.856 ns
  J2010-1323: RMS = 869.352 ns
  J2017+0603: RMS = 1111.162 ns
  J2033+1734: RMS = 433.706 ns
  J2043+1711: RMS = 603.483 ns
  J2124-3358: RMS = 199.211 ns
  J2145-0750: RMS = 706.260 ns
  J2214+3000: RMS = 553.030 ns
  J2229+2643: RMS = 489.783 ns
  J2234+0611: RMS = 597.205 ns
  J2234+0944: RMS = 203.019 ns
  J2302+4442: RMS = 296.890 ns
  J2317+1439: RMS = 663.990 ns
  J2322+2057: RMS = 297.194 ns
Inject: 0.53 s
Snapshotting into enterprise Pulsar objects...
Building PTA...
PTA build: 477.88 s
Computing optimal statistic...
OS time: 49.47 s
Total: 527.89 s
  SNR 2.4641 outside of provided SNR_range [3.5, 4.25] — rescaling.
[Iteration 1/4] SNR after scaling: 2.4641 (target: 4.0000)
  SNR history: it0→112.0127@1.0000x, it1→2.4641@5.1336x
  Re-scaling distances by factor 0.4414  (cumulative after: 2.2657×)
Resetting pulsars to clean stoas...
Restore: 0.00 s
Injecting population...
  B1855+09: RMS = 3276.367 ns
  B1937+21: RMS = 3693.085 ns
  B1953+29: RMS = 1802.157 ns
  J0023+0923: RMS = 2512.121 ns
  J0030+0451: RMS = 1513.937 ns
  J0340+4130: RMS = 3049.972 ns
  J0406+3039: RMS = 1547.349 ns
  J0437-4715: RMS = 1118.784 ns
  J0509+0856: RMS = 539.834 ns
  J0557+1551: RMS = 299.598 ns
  J0605+3757: RMS = 368.721 ns
  J0610-2100: RMS = 525.728 ns
  J0613-0200: RMS = 1292.279 ns
  J0636+5128: RMS = 656.323 ns
  J0645+5158: RMS = 658.689 ns
  J0709+0458: RMS = 431.845 ns
  J0740+6620: RMS = 313.897 ns
  J0931-1902: RMS = 1165.463 ns
  J1012+5307: RMS = 653.647 ns
  J1012-4235: RMS = 810.083 ns
  J1022+1001: RMS = 164.994 ns
  J1024-0719: RMS = 713.879 ns
  J1125+7819: RMS = 1085.426 ns
  J1312+0051: RMS = 1561.638 ns
  J1453+1902: RMS = 1707.346 ns
  J1455-3330: RMS = 3126.720 ns
  J1600-3053: RMS = 3088.240 ns
  J1614-2230: RMS = 2453.842 ns
  J1630+3734: RMS = 584.875 ns
  J1640+2224: RMS = 1013.806 ns
  J1643-1224: RMS = 2037.264 ns
  J1705-1903: RMS = 1016.850 ns
  J1713+0747: RMS = 1265.064 ns
  J1719-1438: RMS = 644.398 ns
  J1730-2304: RMS = 946.221 ns
  J1738+0333: RMS = 1565.632 ns
  J1741+1351: RMS = 1851.144 ns
  J1744-1134: RMS = 1307.277 ns
  J1745+1017: RMS = 1168.763 ns
  J1747-4036: RMS = 3374.264 ns
  J1751-2857: RMS = 1849.677 ns
  J1802-2124: RMS = 749.334 ns
  J1811-2405: RMS = 653.645 ns
  J1832-0836: RMS = 1060.463 ns
  J1843-1113: RMS = 367.023 ns
  J1853+1303: RMS = 2361.768 ns
  J1903+0327: RMS = 2633.548 ns
  J1909-3744: RMS = 2532.152 ns
  J1910+1256: RMS = 3141.737 ns
  J1911+1347: RMS = 2955.302 ns
  J1918-0642: RMS = 2690.488 ns
  J1923+2515: RMS = 1946.311 ns
  J1944+0907: RMS = 2716.736 ns
  J1946+3417: RMS = 2845.446 ns
  J2010-1323: RMS = 1969.727 ns
  J2017+0603: RMS = 2517.606 ns
  J2033+1734: RMS = 982.666 ns
  J2043+1711: RMS = 1367.336 ns
  J2124-3358: RMS = 451.362 ns
  J2145-0750: RMS = 1600.204 ns
  J2214+3000: RMS = 1253.024 ns
  J2229+2643: RMS = 1109.721 ns
  J2234+0611: RMS = 1353.113 ns
  J2234+0944: RMS = 459.988 ns
  J2302+4442: RMS = 672.676 ns
  J2317+1439: RMS = 1504.429 ns
  J2322+2057: RMS = 673.364 ns
Inject: 0.52 s
Snapshotting into enterprise Pulsar objects...
Building PTA...
PTA build: 473.43 s
Computing optimal statistic...
OS time: 51.09 s
Total: 525.05 s
  SNR 19.1903 outside of provided SNR_range [3.5, 4.25] — rescaling.
[Iteration 2/4] SNR after scaling: 19.1903 (target: 4.0000)
  SNR history: it0→112.0127@1.0000x, it1→2.4641@5.1336x, it2→19.1903@2.2657x
  Re-scaling distances by factor 1.5052  (cumulative after: 3.4105×)
Resetting pulsars to clean stoas...
Restore: 0.01 s
Injecting population...
  B1855+09: RMS = 2176.644 ns
  B1937+21: RMS = 2453.489 ns
  B1953+29: RMS = 1197.257 ns
  J0023+0923: RMS = 1668.919 ns
  J0030+0451: RMS = 1005.779 ns
  J0340+4130: RMS = 2026.239 ns
  J0406+3039: RMS = 1027.976 ns
  J0437-4715: RMS = 743.260 ns
  J0509+0856: RMS = 358.637 ns
  J0557+1551: RMS = 199.037 ns
  J0605+3757: RMS = 244.959 ns
  J0610-2100: RMS = 349.266 ns
  J0613-0200: RMS = 858.521 ns
  J0636+5128: RMS = 436.026 ns
  J0645+5158: RMS = 437.598 ns
  J0709+0458: RMS = 286.895 ns
  J0740+6620: RMS = 208.537 ns
  J0931-1902: RMS = 774.272 ns
  J1012+5307: RMS = 434.248 ns
  J1012-4235: RMS = 538.176 ns
  J1022+1001: RMS = 109.613 ns
  J1024-0719: RMS = 474.263 ns
  J1125+7819: RMS = 721.099 ns
  J1312+0051: RMS = 1037.469 ns
  J1453+1902: RMS = 1134.270 ns
  J1455-3330: RMS = 2077.226 ns
  J1600-3053: RMS = 2051.662 ns
  J1614-2230: RMS = 1630.202 ns
  J1630+3734: RMS = 388.560 ns
  J1640+2224: RMS = 673.518 ns
  J1643-1224: RMS = 1353.449 ns
  J1705-1903: RMS = 675.541 ns
  J1713+0747: RMS = 840.441 ns
  J1719-1438: RMS = 428.104 ns
  J1730-2304: RMS = 628.619 ns
  J1738+0333: RMS = 1040.122 ns
  J1741+1351: RMS = 1229.801 ns
  J1744-1134: RMS = 868.485 ns
  J1745+1017: RMS = 776.464 ns
  J1747-4036: RMS = 2241.681 ns
  J1751-2857: RMS = 1228.827 ns
  J1802-2124: RMS = 497.817 ns
  J1811-2405: RMS = 434.247 ns
  J1832-0836: RMS = 704.515 ns
  J1843-1113: RMS = 243.830 ns
  J1853+1303: RMS = 1569.033 ns
  J1903+0327: RMS = 1749.589 ns
  J1909-3744: RMS = 1682.227 ns
  J1910+1256: RMS = 2087.202 ns
  J1911+1347: RMS = 1963.345 ns
  J1918-0642: RMS = 1787.417 ns
  J1923+2515: RMS = 1293.025 ns
  J1944+0907: RMS = 1804.855 ns
  J1946+3417: RMS = 1890.362 ns
  J2010-1323: RMS = 1308.582 ns
  J2017+0603: RMS = 1672.563 ns
  J2033+1734: RMS = 652.831 ns
  J2043+1711: RMS = 908.385 ns
  J2124-3358: RMS = 299.861 ns
  J2145-0750: RMS = 1063.090 ns
  J2214+3000: RMS = 832.442 ns
  J2229+2643: RMS = 737.240 ns
  J2234+0611: RMS = 898.936 ns
  J2234+0944: RMS = 305.591 ns
  J2302+4442: RMS = 446.890 ns
  J2317+1439: RMS = 999.462 ns
  J2322+2057: RMS = 447.347 ns
Inject: 0.53 s
Snapshotting into enterprise Pulsar objects...
Building PTA...
PTA build: 457.76 s
Computing optimal statistic...
OS time: 50.98 s
Total: 509.28 s
  SNR 7.3607 outside of provided SNR_range [3.5, 4.25] — rescaling.
[Iteration 3/4] SNR after scaling: 7.3607 (target: 4.0000)
  SNR history: it0→112.0127@1.0000x, it1→2.4641@5.1336x, it2→19.1903@2.2657x, it3→7.3607@3.4105x
  Re-scaling distances by factor 1.2269  (cumulative after: 4.1843×)
Resetting pulsars to clean stoas...
Restore: 2.24 s
Injecting population...
  B1855+09: RMS = 1774.127 ns
  B1937+21: RMS = 1999.777 ns
  B1953+29: RMS = 975.854 ns
  J0023+0923: RMS = 1360.294 ns
  J0030+0451: RMS = 819.785 ns
  J0340+4130: RMS = 1651.536 ns
  J0406+3039: RMS = 837.877 ns
  J0437-4715: RMS = 605.813 ns
  J0509+0856: RMS = 292.316 ns
  J0557+1551: RMS = 162.230 ns
  J0605+3757: RMS = 199.660 ns
  J0610-2100: RMS = 284.678 ns
  J0613-0200: RMS = 699.759 ns
  J0636+5128: RMS = 355.394 ns
  J0645+5158: RMS = 356.675 ns
  J0709+0458: RMS = 233.841 ns
  J0740+6620: RMS = 169.973 ns
  J0931-1902: RMS = 631.089 ns
  J1012+5307: RMS = 353.944 ns
  J1012-4235: RMS = 438.653 ns
  J1022+1001: RMS = 89.343 ns
  J1024-0719: RMS = 386.560 ns
  J1125+7819: RMS = 587.750 ns
  J1312+0051: RMS = 845.615 ns
  J1453+1902: RMS = 924.515 ns
  J1455-3330: RMS = 1693.094 ns
  J1600-3053: RMS = 1672.258 ns
  J1614-2230: RMS = 1328.736 ns
  J1630+3734: RMS = 316.705 ns
  J1640+2224: RMS = 548.968 ns
  J1643-1224: RMS = 1103.162 ns
  J1705-1903: RMS = 550.616 ns
  J1713+0747: RMS = 685.022 ns
  J1719-1438: RMS = 348.936 ns
  J1730-2304: RMS = 512.371 ns
  J1738+0333: RMS = 847.777 ns
  J1741+1351: RMS = 1002.380 ns
  J1744-1134: RMS = 707.880 ns
  J1745+1017: RMS = 632.876 ns
  J1747-4036: RMS = 1827.138 ns
  J1751-2857: RMS = 1001.586 ns
  J1802-2124: RMS = 405.758 ns
  J1811-2405: RMS = 353.944 ns
  J1832-0836: RMS = 574.232 ns
  J1843-1113: RMS = 198.740 ns
  J1853+1303: RMS = 1278.879 ns
  J1903+0327: RMS = 1426.046 ns
  J1909-3744: RMS = 1371.141 ns
  J1910+1256: RMS = 1701.226 ns
  J1911+1347: RMS = 1600.273 ns
  J1918-0642: RMS = 1456.878 ns
  J1923+2515: RMS = 1053.912 ns
  J1944+0907: RMS = 1471.091 ns
  J1946+3417: RMS = 1540.787 ns
  J2010-1323: RMS = 1066.592 ns
  J2017+0603: RMS = 1363.264 ns
  J2033+1734: RMS = 532.106 ns
  J2043+1711: RMS = 740.402 ns
  J2124-3358: RMS = 244.409 ns
  J2145-0750: RMS = 866.498 ns
  J2214+3000: RMS = 678.502 ns
  J2229+2643: RMS = 600.905 ns
  J2234+0611: RMS = 732.700 ns
  J2234+0944: RMS = 249.080 ns
  J2302+4442: RMS = 364.249 ns
  J2317+1439: RMS = 814.636 ns
  J2322+2057: RMS = 364.622 ns
Inject: 0.72 s
Snapshotting into enterprise Pulsar objects...
Building PTA...
PTA build: 446.92 s
Computing optimal statistic...
OS time: 57.44 s
Total: 507.32 s
  SNR 4.3698 outside of provided SNR_range [3.5, 4.25] — rescaling.
[Iteration 4/4] SNR after scaling: 4.3698 (target: 4.0000)
  SNR history: it0→112.0127@1.0000x, it1→2.4641@5.1336x, it2→19.1903@2.2657x, it3→7.3607@3.4105x, it4→4.3698@4.1843x

Final SNR history:
  it 0: cumulative_scale=1.0000×  SNR=112.0127
  it 1: cumulative_scale=5.1336×  SNR=2.4641
  it 2: cumulative_scale=2.2657×  SNR=19.1903
  it 3: cumulative_scale=3.4105×  SNR=7.3607
  it 4: cumulative_scale=4.1843×  SNR=4.3698
✓ Simulation 1 done (2600.1 s)

======================================================================
ENSEMBLE SUMMARY
======================================================================
Success rate: 100.0% (1/1)

Binaries per population:
  Mean ± std : 500 ± 0
  Range      : [500, 500]

SNR achieved:
  Mean ± std : 4.3698 ± 0.0000
  Range      : [4.3698, 4.3698]

Total time: 3182.0 s (53.0 min)
======================================================================

💾 Saved: data/2026-04-29/optimistic_run_71/consistent_population_optimistic_targetSNR4.25_sims1.json
💾 Saved compressed pickle: data/2026-04-29/optimistic_run_71/consistent_population_optimistic_targetSNR4.25_sims1.pkl.gz

======================================================================
CONTINUOUS WAVE SNR ANALYSIS
======================================================================

--- Population 1 ---
Precomputation of phiinvs, TNTs, Ts, Nvecs, Sigmas took 0.08 seconds.
Total SNR computation for population took 316.53 seconds.
Top 50 CGW candidates:
   1. proxy_rank=   3  sky_w=1.55  f=4.84e-09 Hz  Mc=5.21e+10 Msun  h0=1.32e-14  SNR=19.731
   2. proxy_rank=   1  sky_w=0.92  f=2.30e-09 Hz  Mc=8.57e+10 Msun  h0=1.74e-14  SNR=4.847
   3. proxy_rank=   4  sky_w=1.56  f=2.35e-09 Hz  Mc=4.76e+10 Msun  h0=6.14e-15  SNR=4.389
   4. proxy_rank=   5  sky_w=1.37  f=2.12e-09 Hz  Mc=4.71e+10 Msun  h0=5.83e-15  SNR=2.876
   5. proxy_rank=   2  sky_w=1.27  f=2.00e-09 Hz  Mc=5.35e+10 Msun  h0=7.33e-15  SNR=2.258
   6. proxy_rank=   6  sky_w=1.38  f=1.98e-09 Hz  Mc=4.20e+10 Msun  h0=4.61e-15  SNR=2.160
   7. proxy_rank=  20  sky_w=0.82  f=3.94e-09 Hz  Mc=2.18e+10 Msun  h0=2.56e-15  SNR=2.050
   8. proxy_rank=   7  sky_w=0.94  f=2.13e-09 Hz  Mc=4.24e+10 Msun  h0=4.82e-15  SNR=2.046
   9. proxy_rank=  13  sky_w=1.09  f=2.90e-09 Hz  Mc=2.21e+10 Msun  h0=2.53e-15  SNR=1.630
  10. proxy_rank=  50  sky_w=0.77  f=1.44e-08 Hz  Mc=8.39e+09 Msun  h0=1.15e-15  SNR=1.281
  11. proxy_rank=  11  sky_w=0.67  f=1.99e-09 Hz  Mc=3.76e+10 Msun  h0=4.25e-15  SNR=1.281
  12. proxy_rank=  15  sky_w=0.69  f=2.88e-09 Hz  Mc=2.79e+10 Msun  h0=3.34e-15  SNR=1.276
  13. proxy_rank=  18  sky_w=0.80  f=3.02e-09 Hz  Mc=1.12e+10 Msun  h0=2.43e-15  SNR=1.182
  14. proxy_rank=  21  sky_w=0.91  f=2.96e-09 Hz  Mc=1.85e+10 Msun  h0=1.70e-15  SNR=1.082
  15. proxy_rank=  16  sky_w=1.32  f=3.17e-09 Hz  Mc=1.93e+10 Msun  h0=1.67e-15  SNR=1.038
  16. proxy_rank=  14  sky_w=1.08  f=2.19e-09 Hz  Mc=2.43e+10 Msun  h0=1.89e-15  SNR=0.891
  17. proxy_rank=   9  sky_w=0.73  f=1.98e-09 Hz  Mc=3.87e+10 Msun  h0=3.90e-15  SNR=0.879
  18. proxy_rank=  10  sky_w=1.22  f=2.11e-09 Hz  Mc=2.85e+10 Msun  h0=2.49e-15  SNR=0.833
  19. proxy_rank=  12  sky_w=0.64  f=2.01e-09 Hz  Mc=3.47e+10 Msun  h0=3.24e-15  SNR=0.779
  20. proxy_rank=  36  sky_w=0.62  f=6.58e-09 Hz  Mc=8.57e+09 Msun  h0=1.86e-15  SNR=0.758
  21. proxy_rank=   8  sky_w=0.86  f=2.08e-09 Hz  Mc=4.03e+10 Msun  h0=4.30e-15  SNR=0.730
  22. proxy_rank=  22  sky_w=1.50  f=2.40e-09 Hz  Mc=1.17e+10 Msun  h0=8.18e-16  SNR=0.601
  23. proxy_rank=  19  sky_w=1.28  f=2.17e-09 Hz  Mc=1.58e+10 Msun  h0=9.18e-16  SNR=0.554
  24. proxy_rank=  28  sky_w=1.37  f=3.57e-09 Hz  Mc=9.78e+09 Msun  h0=6.14e-16  SNR=0.537
  25. proxy_rank=  23  sky_w=0.99  f=2.44e-09 Hz  Mc=1.73e+10 Msun  h0=1.16e-15  SNR=0.401
  26. proxy_rank=  26  sky_w=0.68  f=2.33e-09 Hz  Mc=1.48e+10 Msun  h0=1.00e-15  SNR=0.350
  27. proxy_rank=  25  sky_w=0.89  f=2.68e-09 Hz  Mc=1.15e+10 Msun  h0=9.04e-16  SNR=0.294
  28. proxy_rank=  17  sky_w=1.16  f=2.14e-09 Hz  Mc=1.84e+10 Msun  h0=1.24e-15  SNR=0.228
  29. proxy_rank=  24  sky_w=0.60  f=2.28e-09 Hz  Mc=1.46e+10 Msun  h0=1.24e-15  SNR=0.217
  30. proxy_rank=  32  sky_w=0.73  f=2.32e-09 Hz  Mc=1.12e+10 Msun  h0=6.28e-16  SNR=0.202
  31. proxy_rank=  39  sky_w=0.76  f=2.74e-09 Hz  Mc=8.23e+09 Msun  h0=4.76e-16  SNR=0.184
  32. proxy_rank=  46  sky_w=1.38  f=3.90e-09 Hz  Mc=4.19e+09 Msun  h0=2.02e-16  SNR=0.180
  33. proxy_rank=  31  sky_w=0.54  f=2.02e-09 Hz  Mc=1.38e+10 Msun  h0=7.42e-16  SNR=0.162
  34. proxy_rank=  29  sky_w=1.14  f=2.00e-09 Hz  Mc=9.79e+09 Msun  h0=3.90e-16  SNR=0.161
  35. proxy_rank=  27  sky_w=0.93  f=2.06e-09 Hz  Mc=1.27e+10 Msun  h0=6.26e-16  SNR=0.154
  36. proxy_rank=  30  sky_w=0.82  f=2.05e-09 Hz  Mc=1.13e+10 Msun  h0=5.22e-16  SNR=0.138
  37. proxy_rank=  34  sky_w=0.92  f=2.09e-09 Hz  Mc=8.95e+09 Msun  h0=4.29e-16  SNR=0.138
  38. proxy_rank=  54  sky_w=1.38  f=3.12e-09 Hz  Mc=4.09e+09 Msun  h0=1.26e-16  SNR=0.113
  39. proxy_rank=  37  sky_w=0.73  f=1.98e-09 Hz  Mc=9.56e+09 Msun  h0=4.32e-16  SNR=0.104
  40. proxy_rank=  56  sky_w=0.94  f=2.90e-09 Hz  Mc=4.60e+09 Msun  h0=1.54e-16  SNR=0.099
  41. proxy_rank=  84  sky_w=0.79  f=6.53e-09 Hz  Mc=2.90e+09 Msun  h0=1.17e-16  SNR=0.098
  42. proxy_rank=  67  sky_w=0.58  f=3.33e-09 Hz  Mc=5.28e+09 Msun  h0=2.00e-16  SNR=0.098
  43. proxy_rank=  33  sky_w=0.67  f=2.33e-09 Hz  Mc=6.95e+09 Msun  h0=6.79e-16  SNR=0.092
  44. proxy_rank=  72  sky_w=0.98  f=6.26e-09 Hz  Mc=3.93e+09 Msun  h0=1.91e-16  SNR=0.087
  45. proxy_rank=  73  sky_w=1.33  f=4.07e-09 Hz  Mc=3.07e+09 Msun  h0=9.00e-17  SNR=0.087
  46. proxy_rank=  43  sky_w=0.78  f=2.37e-09 Hz  Mc=4.53e+09 Msun  h0=2.38e-16  SNR=0.086
  47. proxy_rank=  35  sky_w=1.38  f=2.17e-09 Hz  Mc=7.43e+09 Msun  h0=2.97e-16  SNR=0.075
  48. proxy_rank=  66  sky_w=1.16  f=3.06e-09 Hz  Mc=2.71e+09 Msun  h0=9.43e-17  SNR=0.070
  49. proxy_rank=  49  sky_w=0.78  f=2.30e-09 Hz  Mc=5.11e+09 Msun  h0=1.82e-16  SNR=0.067
  50. proxy_rank=  61  sky_w=1.17  f=3.03e-09 Hz  Mc=2.74e+09 Msun  h0=1.04e-16  SNR=0.066
💾 Saved: data/2026-04-29/optimistic_run_71/consistent_population_optimistic_targetSNR4.25_sims1.json
💾 Saved compressed pickle: data/2026-04-29/optimistic_run_71/consistent_population_optimistic_targetSNR4.25_sims1.pkl.gz
Saved to figures/cgw_analysis_optimistic.pdf

======================================================================
ANALYSIS COMPLETE
Results saved to: data/2026-04-29/optimistic_run_71
======================================================================

==========================================
Job finished at: Wed Apr 29 11:08:01 AEST 2026
Exit code: 0
==========================================

+------------------ Job Report: 11728605 (COMPLETED) ------------------+
| Memory (RAM)  [####################] 104.2% (33.3 GB peak / 32 GB)   |
| CPU           [###############     ] 78.2% average                   |
| Time          [----------------->  ] 88.5% (0-01:01:59 / 0-01:10:00) |
|                                                                      |
| Lustre Filesystem:                                                   |
|   Path    Total Read    Total Write    Total IOPS                    |
|   ------  ------------  -------------  ------------                  |
|   /apps   0 B           0 B            5                             |
|   /fred   128 KB        357 KB         33                            |
|   /home   38.3 MB       0 B            2.2 K                         |
|   OS      0 B           0 B            2                             |
+----------------------------------------------------------------------+
