==========================================
Job ID: 11731166
Job Name: smbhb_pessimistic
Node: gina13
Start Time: Wed Apr 29 10:52:27 AEST 2026
==========================================

/home/bhoulden/.conda/envs/smbhb312/share/tempo2
Working directory: /fred/oz005/users/bhoulden/SMBHB_population_injections

Loaded modules:

Starting SMBHB analysis...
==========================================

📁 Save directory: data/2026-04-29/pessimistic_run_40
📝 Run name: pessimistic_run_40

[MEM] Start: 243.4 MB

📡 Loading pulsars...
======================================================================
LOADING NANOGRAV PULSARS (libstempo)
======================================================================

📦 Loading from cache: nanograv_pulsars_cache.pkl
⚠ Cache load failed: Ran out of input
[DEBUG] Found 76 .par files
[tempo2Util.C:396] Warning: [MISC1] Unknown parameter in par file:  DMDATA
[tempo2Util.C:401] Warning: [DUP1] duplicated warnings have been suppressed.

WARNING: Using tempo RNAMP parameter: setting TNRedC to 100!
[observatory.C:271] Warning: Assuming site 'arecibo' means 'ao'
✓ Loaded B1855+09 (7758 TOAs)

WARNING: Using tempo RNAMP parameter: setting TNRedC to 100!
✓ Loaded B1937+21 (23023 TOAs)

WARNING: Using tempo RNAMP parameter: setting TNRedC to 100!
✓ Loaded B1937+21ao (7241 TOAs)

WARNING: Using tempo RNAMP parameter: setting TNRedC to 100!
✓ Loaded B1937+21gbt (16048 TOAs)

WARNING: Using tempo RNAMP parameter: setting TNRedC to 100!
✓ Loaded B1953+29 (5126 TOAs)
✓ Loaded J0023+0923 (15896 TOAs)

WARNING: Using tempo RNAMP parameter: setting TNRedC to 100!
✓ Loaded J0030+0451 (19571 TOAs)
✓ Loaded J0340+4130 (11093 TOAs)
✓ Loaded J0406+3039 (2446 TOAs)

WARNING: Using tempo RNAMP parameter: setting TNRedC to 100!
✓ Loaded J0437-4715 (5830 TOAs)
✓ Loaded J0509+0856 (2169 TOAs)
✓ Loaded J0557+1551 (525 TOAs)
✓ Loaded J0605+3757 (554 TOAs)

WARNING: Using tempo RNAMP parameter: setting TNRedC to 100!
✓ Loaded J0610-2100 (4885 TOAs)

WARNING: Using tempo RNAMP parameter: setting TNRedC to 100!
✓ Loaded J0613-0200 (17124 TOAs)
✓ Loaded J0614-3329 (1714 TOAs)
✓ Loaded J0636+5128 (32222 TOAs)
✓ Loaded J0645+5158 (10403 TOAs)
✓ Loaded J0709+0458 (3030 TOAs)
✓ Loaded J0740+6620 (13401 TOAs)
✓ Loaded J0931-1902 (5473 TOAs)

WARNING: Using tempo RNAMP parameter: setting TNRedC to 100!
✓ Loaded J1012+5307 (25837 TOAs)
✓ Loaded J1012-4235 (797 TOAs)
✓ Loaded J1022+1001 (3978 TOAs)
✓ Loaded J1024-0719 (12635 TOAs)
✓ Loaded J1125+7819 (8723 TOAs)
✓ Loaded J1312+0051 (1705 TOAs)
✓ Loaded J1453+1902 (2551 TOAs)
✓ Loaded J1455-3330 (10818 TOAs)

WARNING: Using tempo RNAMP parameter: setting TNRedC to 100!
✓ Loaded J1600-3053 (22955 TOAs)

WARNING: Using tempo RNAMP parameter: setting TNRedC to 100!
✓ Loaded J1600-3053gbt (19725 TOAs)

WARNING: Using tempo RNAMP parameter: setting TNRedC to 100!
✓ Loaded J1614-2230 (18445 TOAs)
✓ Loaded J1630+3734 (1815 TOAs)
✓ Loaded J1640+2224 (14066 TOAs)

WARNING: Using tempo RNAMP parameter: setting TNRedC to 100!
✓ Loaded J1643-1224 (22144 TOAs)

WARNING: Using tempo RNAMP parameter: setting TNRedC to 100!
✓ Loaded J1643-1224gbt (17932 TOAs)

WARNING: Using tempo RNAMP parameter: setting TNRedC to 100!
✓ Loaded J1705-1903 (9871 TOAs)

WARNING: Using tempo RNAMP parameter: setting TNRedC to 100!
✓ Loaded J1713+0747 (59389 TOAs)

WARNING: Using tempo RNAMP parameter: setting TNRedC to 100!
✓ Loaded J1713+0747ao (21362 TOAs)

WARNING: Using tempo RNAMP parameter: setting TNRedC to 100!
✓ Loaded J1713+0747gbt (32963 TOAs)
✓ Loaded J1719-1438 (6356 TOAs)
✓ Loaded J1730-2304 (4870 TOAs)
✓ Loaded J1738+0333 (8790 TOAs)
✓ Loaded J1741+1351 (5582 TOAs)

WARNING: Using tempo RNAMP parameter: setting TNRedC to 100!
✓ Loaded J1744-1134 (17745 TOAs)

WARNING: Using tempo RNAMP parameter: setting TNRedC to 100!
✓ Loaded J1745+1017 (3017 TOAs)

WARNING: Using tempo RNAMP parameter: setting TNRedC to 100!
✓ Loaded J1747-4036 (11055 TOAs)
✓ Loaded J1751-2857 (2025 TOAs)

WARNING: Using tempo RNAMP parameter: setting TNRedC to 100!
✓ Loaded J1802-2124 (6796 TOAs)
✓ Loaded J1811-2405 (5266 TOAs)
✓ Loaded J1832-0836 (7739 TOAs)
✓ Loaded J1843-1113 (4595 TOAs)

WARNING: Using tempo RNAMP parameter: setting TNRedC to 100!
✓ Loaded J1853+1303 (4570 TOAs)

WARNING: Using tempo RNAMP parameter: setting TNRedC to 100!
✓ Loaded J1903+0327 (6856 TOAs)

WARNING: Using tempo RNAMP parameter: setting TNRedC to 100!
✓ Loaded J1903+0327ao (6423 TOAs)

WARNING: Using tempo RNAMP parameter: setting TNRedC to 100!
✓ Loaded J1909-3744 (35037 TOAs)

WARNING: Using tempo RNAMP parameter: setting TNRedC to 100!
✓ Loaded J1909-3744gbt (31526 TOAs)
✓ Loaded J1910+1256 (6486 TOAs)
✓ Loaded J1911+1347 (3786 TOAs)
✓ Loaded J1918-0642 (18875 TOAs)
✓ Loaded J1923+2515 (3974 TOAs)
✓ Loaded J1944+0907 (5328 TOAs)

WARNING: Using tempo RNAMP parameter: setting TNRedC to 100!
✓ Loaded J1946+3417 (4743 TOAs)
✓ Loaded J2010-1323 (17077 TOAs)
✓ Loaded J2017+0603 (3512 TOAs)
✓ Loaded J2033+1734 (3847 TOAs)
✓ Loaded J2043+1711 (7397 TOAs)
✓ Loaded J2124-3358 (4982 TOAs)

WARNING: Using tempo RNAMP parameter: setting TNRedC to 100!
✓ Loaded J2145-0750 (18675 TOAs)
✓ Loaded J2214+3000 (7406 TOAs)
✓ Loaded J2229+2643 (3711 TOAs)

WARNING: Using tempo RNAMP parameter: setting TNRedC to 100!
✓ Loaded J2234+0611 (3566 TOAs)
✓ Loaded J2234+0944 (7535 TOAs)
✓ Loaded J2302+4442 (10211 TOAs)
✓ Loaded J2317+1439 (13927 TOAs)
✓ Loaded J2322+2057 (3088 TOAs)
⚠ Could not save cache: no default __reduce__ due to non-trivial __cinit__

✓ Loaded 76 pulsars
✗ Failed: 0 — []
[MEM] After loading pulsars: 8689.4 MB

🔍 Filtering pulsars...

Filtered: 76 → 67 pulsars
[MEM] After filtering pulsars: 8690.5 MB
[MEM] After garbage collection: 8690.7 MB

======================================================================
SMBHB POPULATION ANALYSIS
======================================================================

Configuration: pessimistic
  Lower mass, lower spread in distance, large population
  N_binaries: 10000000

======================================================================
CONSISTENT POPULATION SYNTHESIS
======================================================================

======================================================================
GENERATING SNR-CONSISTENT POPULATIONS
======================================================================
Target SNR:          4.0
Simulations:         1
======================================================================


──────────────────────────────────────────────────────────────────────
SIMULATION 1/1
──────────────────────────────────────────────────────────────────────
  [B1855+09] zeroing residuals...
  [B1855+09] adding red noise...
  [B1855+09] white noise for L-wide_PUPPI (5005 TOAs)...
  [B1855+09] white noise for 430_PUPPI (1185 TOAs)...
  [B1855+09] white noise for L-wide_ASP (1178 TOAs)...
  [B1855+09] white noise for 430_ASP (390 TOAs)...
  [B1937+21] zeroing residuals...
  [B1937+21] adding red noise...
  [B1937+21] white noise for L-wide_PUPPI (4133 TOAs)...
  [B1937+21] white noise for Rcvr_800_GUPPI (7140 TOAs)...
  [B1937+21] white noise for S-wide_ASP (344 TOAs)...
  [B1937+21] white noise for Rcvr1_2_GUPPI (7048 TOAs)...
  [B1937+21] white noise for Rcvr1_2_GASP (1069 TOAs)...
  [B1937+21] white noise for S-wide_PUPPI (2251 TOAs)...
  [B1937+21] white noise for Rcvr_800_GASP (586 TOAs)...
  [B1937+21] white noise for L-wide_ASP (452 TOAs)...
  [B1953+29] zeroing residuals...
  [B1953+29] adding red noise...
  [B1953+29] white noise for L-wide_PUPPI (4037 TOAs)...
  [B1953+29] white noise for S-wide_ASP (25 TOAs)...
  [B1953+29] white noise for 430_PUPPI (941 TOAs)...
  [B1953+29] white noise for L-wide_ASP (94 TOAs)...
  [B1953+29] white noise for 430_ASP (29 TOAs)...
  [J0023+0923] zeroing residuals...
  [J0023+0923] adding red noise...
  [J0023+0923] white noise for L-wide_PUPPI (11123 TOAs)...
  [J0023+0923] white noise for 430_PUPPI (4564 TOAs)...
  [J0023+0923] white noise for L-wide_ASP (119 TOAs)...
  [J0023+0923] white noise for 430_ASP (90 TOAs)...
  [J0030+0451] zeroing residuals...
  [J0030+0451] adding red noise...
  [J0030+0451] white noise for L-wide_PUPPI (12774 TOAs)...
  [J0030+0451] white noise for 430_PUPPI (3068 TOAs)...
  [J0030+0451] white noise for S-wide_PUPPI (2673 TOAs)...
  [J0030+0451] white noise for L-wide_ASP (789 TOAs)...
  [J0030+0451] white noise for 430_ASP (267 TOAs)...
  [J0340+4130] zeroing residuals...
  [J0340+4130] adding red noise...
  [J0340+4130] white noise for Rcvr1_2_GUPPI (5037 TOAs)...
  [J0340+4130] white noise for Rcvr_800_GUPPI (6056 TOAs)...
  [J0406+3039] zeroing residuals...
  [J0406+3039] adding red noise...
  [J0406+3039] white noise for L-wide_PUPPI (1871 TOAs)...
  [J0406+3039] white noise for S-wide_PUPPI (575 TOAs)...
  [J0437-4715] zeroing residuals...
  [J0437-4715] adding red noise...
  [J0437-4715] white noise for 3GHz_YUPPI (3696 TOAs)...
  [J0437-4715] white noise for 1.5GHz_YUPPI (2134 TOAs)...
  [J0509+0856] zeroing residuals...
  [J0509+0856] adding red noise...
  [J0509+0856] white noise for L-wide_PUPPI (1625 TOAs)...
  [J0509+0856] white noise for S-wide_PUPPI (544 TOAs)...
  [J0557+1551] zeroing residuals...
  [J0557+1551] adding red noise...
  [J0557+1551] white noise for L-wide_PUPPI (467 TOAs)...
  [J0557+1551] white noise for S-wide_PUPPI (58 TOAs)...
  [J0605+3757] zeroing residuals...
  [J0605+3757] adding red noise...
  [J0605+3757] white noise for Rcvr1_2_GUPPI (318 TOAs)...
  [J0605+3757] white noise for Rcvr_800_GUPPI (236 TOAs)...
  [J0610-2100] zeroing residuals...
  [J0610-2100] adding red noise...
  [J0610-2100] white noise for Rcvr1_2_GUPPI (2401 TOAs)...
  [J0610-2100] white noise for Rcvr_800_GUPPI (2484 TOAs)...
  [J0613-0200] zeroing residuals...
  [J0613-0200] adding red noise...
  [J0613-0200] white noise for Rcvr1_2_GUPPI (7423 TOAs)...
  [J0613-0200] white noise for Rcvr1_2_GASP (992 TOAs)...
  [J0613-0200] white noise for Rcvr_800_GASP (809 TOAs)...
  [J0613-0200] white noise for Rcvr_800_GUPPI (7900 TOAs)...
  [J0636+5128] zeroing residuals...
  [J0636+5128] adding red noise...
  [J0636+5128] white noise for Rcvr1_2_GUPPI (14803 TOAs)...
  [J0636+5128] white noise for Rcvr_800_GUPPI (17419 TOAs)...
  [J0645+5158] zeroing residuals...
  [J0645+5158] adding red noise...
  [J0645+5158] white noise for Rcvr1_2_GUPPI (5721 TOAs)...
  [J0645+5158] white noise for Rcvr_800_GUPPI (4682 TOAs)...
  [J0709+0458] zeroing residuals...
  [J0709+0458] adding red noise...
  [J0709+0458] white noise for L-wide_PUPPI (2435 TOAs)...
  [J0709+0458] white noise for S-wide_PUPPI (595 TOAs)...
  [J0740+6620] zeroing residuals...
  [J0740+6620] adding red noise...
  [J0740+6620] white noise for Rcvr1_2_GUPPI (8265 TOAs)...
  [J0740+6620] white noise for Rcvr_800_GUPPI (5136 TOAs)...
  [J0931-1902] zeroing residuals...
  [J0931-1902] adding red noise...
  [J0931-1902] white noise for Rcvr1_2_GUPPI (2054 TOAs)...
  [J0931-1902] white noise for Rcvr_800_GUPPI (3419 TOAs)...
  [J1012+5307] zeroing residuals...
  [J1012+5307] adding red noise...
  [J1012+5307] white noise for Rcvr1_2_GUPPI (12849 TOAs)...
  [J1012+5307] white noise for Rcvr1_2_GASP (1479 TOAs)...
  [J1012+5307] white noise for Rcvr_800_GASP (1210 TOAs)...
  [J1012+5307] white noise for Rcvr_800_GUPPI (10299 TOAs)...
  [J1012-4235] zeroing residuals...
  [J1012-4235] adding red noise...
  [J1012-4235] white noise for Rcvr1_2_GUPPI (455 TOAs)...
  [J1012-4235] white noise for Rcvr_800_GUPPI (342 TOAs)...
  [J1022+1001] zeroing residuals...
  [J1022+1001] adding red noise...
  [J1022+1001] white noise for L-wide_PUPPI (2592 TOAs)...
  [J1022+1001] white noise for S-wide_PUPPI (1154 TOAs)...
  [J1022+1001] white noise for 430_PUPPI (232 TOAs)...
  [J1024-0719] zeroing residuals...
  [J1024-0719] adding red noise...
  [J1024-0719] white noise for Rcvr1_2_GUPPI (7086 TOAs)...
  [J1024-0719] white noise for Rcvr1_2_GASP (43 TOAs)...
  [J1024-0719] white noise for Rcvr_800_GASP (51 TOAs)...
  [J1024-0719] white noise for Rcvr_800_GUPPI (5455 TOAs)...
  [J1125+7819] zeroing residuals...
  [J1125+7819] adding red noise...
  [J1125+7819] white noise for Rcvr1_2_GUPPI (4016 TOAs)...
  [J1125+7819] white noise for Rcvr_800_GUPPI (4707 TOAs)...
  [J1312+0051] zeroing residuals...
  [J1312+0051] adding red noise...
  [J1312+0051] white noise for L-wide_PUPPI (1289 TOAs)...
  [J1312+0051] white noise for S-wide_PUPPI (416 TOAs)...
  [J1453+1902] zeroing residuals...
  [J1453+1902] adding red noise...
  [J1453+1902] white noise for L-wide_PUPPI (2122 TOAs)...
  [J1453+1902] white noise for S-wide_PUPPI (4 TOAs)...
  [J1453+1902] white noise for 430_PUPPI (425 TOAs)...
  [J1455-3330] zeroing residuals...
  [J1455-3330] adding red noise...
  [J1455-3330] white noise for Rcvr1_2_GUPPI (4932 TOAs)...
  [J1455-3330] white noise for Rcvr1_2_GASP (564 TOAs)...
  [J1455-3330] white noise for Rcvr_800_GASP (479 TOAs)...
  [J1455-3330] white noise for Rcvr_800_GUPPI (4843 TOAs)...
  [J1600-3053] zeroing residuals...
  [J1600-3053] adding red noise...
  [J1600-3053] white noise for Rcvr_800_GUPPI (8796 TOAs)...
  [J1600-3053] white noise for Rcvr1_2_GUPPI (10168 TOAs)...
  [J1600-3053] white noise for 3GHz_YUPPI (3237 TOAs)...
  [J1600-3053] white noise for Rcvr1_2_GASP (457 TOAs)...
  [J1600-3053] white noise for Rcvr_800_GASP (297 TOAs)...
  [J1614-2230] zeroing residuals...
  [J1614-2230] adding red noise...
  [J1614-2230] white noise for Rcvr1_2_GUPPI (10509 TOAs)...
  [J1614-2230] white noise for Rcvr1_2_GASP (84 TOAs)...
  [J1614-2230] white noise for Rcvr_800_GASP (84 TOAs)...
  [J1614-2230] white noise for Rcvr_800_GUPPI (7768 TOAs)...
  [J1630+3734] zeroing residuals...
  [J1630+3734] adding red noise...
  [J1630+3734] white noise for Rcvr1_2_GUPPI (909 TOAs)...
  [J1630+3734] white noise for Rcvr_800_GUPPI (906 TOAs)...
  [J1640+2224] zeroing residuals...
  [J1640+2224] adding red noise...
  [J1640+2224] white noise for L-wide_PUPPI (9847 TOAs)...
  [J1640+2224] white noise for 430_PUPPI (3157 TOAs)...
  [J1640+2224] white noise for L-wide_ASP (722 TOAs)...
  [J1640+2224] white noise for 430_ASP (340 TOAs)...
  [J1643-1224] zeroing residuals...
  [J1643-1224] adding red noise...
  [J1643-1224] white noise for Rcvr_800_GUPPI (7734 TOAs)...
  [J1643-1224] white noise for Rcvr1_2_GUPPI (8803 TOAs)...
  [J1643-1224] white noise for 3GHz_YUPPI (4215 TOAs)...
  [J1643-1224] white noise for Rcvr1_2_GASP (833 TOAs)...
  [J1643-1224] white noise for Rcvr_800_GASP (559 TOAs)...
  [J1705-1903] zeroing residuals...
  [J1705-1903] adding red noise...
  [J1705-1903] white noise for Rcvr1_2_GUPPI (6350 TOAs)...
  [J1705-1903] white noise for Rcvr_800_GUPPI (3521 TOAs)...
  [J1713+0747] zeroing residuals...
  [J1713+0747] adding red noise...
  [J1713+0747] white noise for L-wide_PUPPI (12743 TOAs)...
  [J1713+0747] white noise for Rcvr_800_GUPPI (8479 TOAs)...
  [J1713+0747] white noise for Rcvr1_2_GUPPI (22334 TOAs)...
  [J1713+0747] white noise for S-wide_ASP (624 TOAs)...
  [J1713+0747] white noise for 3GHz_YUPPI (3282 TOAs)...
  [J1713+0747] white noise for Rcvr1_2_GASP (1109 TOAs)...
  [J1713+0747] white noise for S-wide_PUPPI (7482 TOAs)...
  [J1713+0747] white noise for Rcvr_800_GASP (1032 TOAs)...
  [J1713+0747] white noise for L-wide_ASP (843 TOAs)...
  [J1713+0747] white noise for 1.5GHz_YUPPI (1461 TOAs)...
  [J1719-1438] zeroing residuals...
  [J1719-1438] adding red noise...
  [J1719-1438] white noise for Rcvr1_2_GUPPI (2722 TOAs)...
  [J1719-1438] white noise for Rcvr_800_GUPPI (3634 TOAs)...
  [J1730-2304] zeroing residuals...
  [J1730-2304] adding red noise...
  [J1730-2304] white noise for Rcvr1_2_GUPPI (2367 TOAs)...
  [J1730-2304] white noise for Rcvr_800_GUPPI (2503 TOAs)...
  [J1738+0333] zeroing residuals...
  [J1738+0333] adding red noise...
  [J1738+0333] white noise for L-wide_PUPPI (6718 TOAs)...
  [J1738+0333] white noise for S-wide_PUPPI (1737 TOAs)...
  [J1738+0333] white noise for S-wide_ASP (134 TOAs)...
  [J1738+0333] white noise for L-wide_ASP (201 TOAs)...
  [J1741+1351] zeroing residuals...
  [J1741+1351] adding red noise...
  [J1741+1351] white noise for L-wide_PUPPI (4045 TOAs)...
  [J1741+1351] white noise for S-wide_ASP (115 TOAs)...
  [J1741+1351] white noise for 430_PUPPI (1159 TOAs)...
  [J1741+1351] white noise for L-wide_ASP (236 TOAs)...
  [J1741+1351] white noise for 430_ASP (27 TOAs)...
  [J1744-1134] zeroing residuals...
  [J1744-1134] adding red noise...
  [J1744-1134] white noise for Rcvr1_2_GUPPI (8109 TOAs)...
  [J1744-1134] white noise for Rcvr1_2_GASP (807 TOAs)...
  [J1744-1134] white noise for Rcvr_800_GASP (930 TOAs)...
  [J1744-1134] white noise for Rcvr_800_GUPPI (7899 TOAs)...
  [J1745+1017] zeroing residuals...
  [J1745+1017] adding red noise...
  [J1745+1017] white noise for L-wide_PUPPI (2179 TOAs)...
  [J1745+1017] white noise for S-wide_PUPPI (838 TOAs)...
  [J1747-4036] zeroing residuals...
  [J1747-4036] adding red noise...
  [J1747-4036] white noise for Rcvr1_2_GUPPI (5239 TOAs)...
  [J1747-4036] white noise for Rcvr_800_GUPPI (5816 TOAs)...
  [J1751-2857] zeroing residuals...
  [J1751-2857] adding red noise...
  [J1751-2857] white noise for Rcvr1_2_GUPPI (1786 TOAs)...
  [J1751-2857] white noise for Rcvr_800_GUPPI (239 TOAs)...
  [J1802-2124] zeroing residuals...
  [J1802-2124] adding red noise...
  [J1802-2124] white noise for Rcvr1_2_GUPPI (3231 TOAs)...
  [J1802-2124] white noise for Rcvr_800_GUPPI (3565 TOAs)...
  [J1811-2405] zeroing residuals...
  [J1811-2405] adding red noise...
  [J1811-2405] white noise for Rcvr1_2_GUPPI (2638 TOAs)...
  [J1811-2405] white noise for Rcvr_800_GUPPI (2628 TOAs)...
  [J1832-0836] zeroing residuals...
  [J1832-0836] adding red noise...
  [J1832-0836] white noise for Rcvr1_2_GUPPI (4661 TOAs)...
  [J1832-0836] white noise for Rcvr_800_GUPPI (3078 TOAs)...
  [J1843-1113] zeroing residuals...
  [J1843-1113] adding red noise...
  [J1843-1113] white noise for Rcvr1_2_GUPPI (2394 TOAs)...
  [J1843-1113] white noise for Rcvr_800_GUPPI (2201 TOAs)...
  [J1853+1303] zeroing residuals...
  [J1853+1303] adding red noise...
  [J1853+1303] white noise for L-wide_PUPPI (3362 TOAs)...
  [J1853+1303] white noise for 430_PUPPI (1151 TOAs)...
  [J1853+1303] white noise for L-wide_ASP (33 TOAs)...
  [J1853+1303] white noise for 430_ASP (24 TOAs)...
  [J1903+0327] zeroing residuals...
  [J1903+0327] adding red noise...
  [J1903+0327] white noise for L-wide_PUPPI (3845 TOAs)...
  [J1903+0327] white noise for S-wide_ASP (151 TOAs)...
  [J1903+0327] white noise for 3GHz_YUPPI (439 TOAs)...
  [J1903+0327] white noise for S-wide_PUPPI (2282 TOAs)...
  [J1903+0327] white noise for L-wide_ASP (139 TOAs)...
  [J1909-3744] zeroing residuals...
  [J1909-3744] adding red noise...
  [J1909-3744] white noise for Rcvr_800_GUPPI (9399 TOAs)...
  [J1909-3744] white noise for Rcvr1_2_GUPPI (20439 TOAs)...
  [J1909-3744] white noise for 3GHz_YUPPI (3525 TOAs)...
  [J1909-3744] white noise for Rcvr1_2_GASP (808 TOAs)...
  [J1909-3744] white noise for Rcvr_800_GASP (866 TOAs)...
  [J1910+1256] zeroing residuals...
  [J1910+1256] adding red noise...
  [J1910+1256] white noise for L-wide_PUPPI (4124 TOAs)...
  [J1910+1256] white noise for S-wide_PUPPI (1857 TOAs)...
  [J1910+1256] white noise for S-wide_ASP (208 TOAs)...
  [J1910+1256] white noise for L-wide_ASP (297 TOAs)...
  [J1911+1347] zeroing residuals...
  [J1911+1347] adding red noise...
  [J1911+1347] white noise for L-wide_PUPPI (3033 TOAs)...
  [J1911+1347] white noise for 430_PUPPI (753 TOAs)...
  [J1918-0642] zeroing residuals...
  [J1918-0642] adding red noise...
  [J1918-0642] white noise for Rcvr1_2_GUPPI (8910 TOAs)...
  [J1918-0642] white noise for Rcvr1_2_GASP (778 TOAs)...
  [J1918-0642] white noise for Rcvr_800_GASP (835 TOAs)...
  [J1918-0642] white noise for Rcvr_800_GUPPI (8352 TOAs)...
  [J1923+2515] zeroing residuals...
  [J1923+2515] adding red noise...
  [J1923+2515] white noise for L-wide_PUPPI (3028 TOAs)...
  [J1923+2515] white noise for 430_PUPPI (922 TOAs)...
  [J1923+2515] white noise for L-wide_ASP (14 TOAs)...
  [J1923+2515] white noise for 430_ASP (10 TOAs)...
  [J1944+0907] zeroing residuals...
  [J1944+0907] adding red noise...
  [J1944+0907] white noise for L-wide_PUPPI (3900 TOAs)...
  [J1944+0907] white noise for S-wide_ASP (116 TOAs)...
  [J1944+0907] white noise for 430_PUPPI (1017 TOAs)...
  [J1944+0907] white noise for L-wide_ASP (257 TOAs)...
  [J1944+0907] white noise for 430_ASP (38 TOAs)...
  [J1946+3417] zeroing residuals...
  [J1946+3417] adding red noise...
  [J1946+3417] white noise for L-wide_PUPPI (3197 TOAs)...
  [J1946+3417] white noise for S-wide_PUPPI (1546 TOAs)...
  [J2010-1323] zeroing residuals...
  [J2010-1323] adding red noise...
  [J2010-1323] white noise for Rcvr1_2_GUPPI (7779 TOAs)...
  [J2010-1323] white noise for Rcvr1_2_GASP (70 TOAs)...
  [J2010-1323] white noise for Rcvr_800_GASP (70 TOAs)...
  [J2010-1323] white noise for Rcvr_800_GUPPI (9158 TOAs)...
  [J2017+0603] zeroing residuals...
  [J2017+0603] adding red noise...
  [J2017+0603] white noise for L-wide_PUPPI (2569 TOAs)...
  [J2017+0603] white noise for S-wide_PUPPI (849 TOAs)...
  [J2017+0603] white noise for 430_PUPPI (78 TOAs)...
  [J2017+0603] white noise for L-wide_ASP (16 TOAs)...
  [J2033+1734] zeroing residuals...
  [J2033+1734] adding red noise...
  [J2033+1734] white noise for L-wide_PUPPI (3050 TOAs)...
  [J2033+1734] white noise for 430_PUPPI (797 TOAs)...
  [J2043+1711] zeroing residuals...
  [J2043+1711] adding red noise...
  [J2043+1711] white noise for L-wide_PUPPI (4419 TOAs)...
  [J2043+1711] white noise for 430_PUPPI (2908 TOAs)...
  [J2043+1711] white noise for L-wide_ASP (40 TOAs)...
  [J2043+1711] white noise for 430_ASP (30 TOAs)...
  [J2124-3358] zeroing residuals...
  [J2124-3358] adding red noise...
  [J2124-3358] white noise for Rcvr1_2_GUPPI (2957 TOAs)...
  [J2124-3358] white noise for Rcvr_800_GUPPI (2025 TOAs)...
  [J2145-0750] zeroing residuals...
  [J2145-0750] adding red noise...
  [J2145-0750] white noise for Rcvr1_2_GUPPI (9158 TOAs)...
  [J2145-0750] white noise for Rcvr1_2_GASP (427 TOAs)...
  [J2145-0750] white noise for Rcvr_800_GASP (362 TOAs)...
  [J2145-0750] white noise for Rcvr_800_GUPPI (8728 TOAs)...
  [J2214+3000] zeroing residuals...
  [J2214+3000] adding red noise...
  [J2214+3000] white noise for L-wide_PUPPI (5829 TOAs)...
  [J2214+3000] white noise for S-wide_PUPPI (1568 TOAs)...
  [J2214+3000] white noise for L-wide_ASP (9 TOAs)...
  [J2229+2643] zeroing residuals...
  [J2229+2643] adding red noise...
  [J2229+2643] white noise for L-wide_PUPPI (2755 TOAs)...
  [J2229+2643] white noise for 430_PUPPI (956 TOAs)...
  [J2234+0611] zeroing residuals...
  [J2234+0611] adding red noise...
  [J2234+0611] white noise for L-wide_PUPPI (2913 TOAs)...
  [J2234+0611] white noise for 430_PUPPI (653 TOAs)...
  [J2234+0944] zeroing residuals...
  [J2234+0944] adding red noise...
  [J2234+0944] white noise for L-wide_PUPPI (5003 TOAs)...
  [J2234+0944] white noise for S-wide_PUPPI (2532 TOAs)...
  [J2302+4442] zeroing residuals...
  [J2302+4442] adding red noise...
  [J2302+4442] white noise for Rcvr1_2_GUPPI (3779 TOAs)...
  [J2302+4442] white noise for Rcvr_800_GUPPI (6432 TOAs)...
  [J2317+1439] zeroing residuals...
  [J2317+1439] adding red noise...
  [J2317+1439] white noise for L-wide_PUPPI (9563 TOAs)...
  [J2317+1439] white noise for 327_ASP (413 TOAs)...
  [J2317+1439] white noise for 327_PUPPI (276 TOAs)...
  [J2317+1439] white noise for 430_PUPPI (3217 TOAs)...
  [J2317+1439] white noise for 430_ASP (458 TOAs)...
  [J2322+2057] zeroing residuals...
  [J2322+2057] adding red noise...
  [J2322+2057] white noise for L-wide_PUPPI (2196 TOAs)...
  [J2322+2057] white noise for S-wide_PUPPI (140 TOAs)...
  [J2322+2057] white noise for 430_PUPPI (752 TOAs)...
Resetting pulsars to clean stoas...
Restore: 0.00 s
Inject: 0.00 s
Snapshotting into enterprise Pulsar objects...
Building PTA...
PTA build: 413.47 s
Computing optimal statistic...
OS time: 53.93 s
Total: 467.40 s
Noise-only SNR baseline: 0.2792

Generating SNR-consistent population...
Target SNR: 4.0
Resetting pulsars to clean stoas...
Restore: 0.00 s
Injecting population...
  B1855+09: RMS = 450.240 ns
  B1937+21: RMS = 607.473 ns
  B1953+29: RMS = 1066.822 ns
  J0023+0923: RMS = 2230.947 ns
  J0030+0451: RMS = 1277.817 ns
  J0340+4130: RMS = 1330.644 ns
  J0406+3039: RMS = 1164.394 ns
  J0437-4715: RMS = 529.357 ns
  J0509+0856: RMS = 146.594 ns
  J0557+1551: RMS = 1115.158 ns
  J0605+3757: RMS = 855.663 ns
  J0610-2100: RMS = 1092.953 ns
  J0613-0200: RMS = 1762.796 ns
  J0636+5128: RMS = 2384.158 ns
  J0645+5158: RMS = 2456.807 ns
  J0709+0458: RMS = 840.543 ns
  J0740+6620: RMS = 1456.858 ns
  J0931-1902: RMS = 1158.186 ns
  J1012+5307: RMS = 1555.544 ns
  J1012-4235: RMS = 1204.200 ns
  J1022+1001: RMS = 817.667 ns
  J1024-0719: RMS = 1063.368 ns
  J1125+7819: RMS = 917.060 ns
  J1312+0051: RMS = 1888.780 ns
  J1453+1902: RMS = 607.502 ns
  J1455-3330: RMS = 2263.262 ns
  J1600-3053: RMS = 1982.218 ns
  J1614-2230: RMS = 1944.766 ns
  J1630+3734: RMS = 889.631 ns
  J1640+2224: RMS = 1415.129 ns
  J1643-1224: RMS = 1873.178 ns
  J1705-1903: RMS = 368.839 ns
  J1713+0747: RMS = 969.866 ns
  J1719-1438: RMS = 524.428 ns
  J1730-2304: RMS = 533.543 ns
  J1738+0333: RMS = 1118.104 ns
  J1741+1351: RMS = 770.737 ns
  J1744-1134: RMS = 1201.904 ns
  J1745+1017: RMS = 254.310 ns
  J1747-4036: RMS = 1741.242 ns
  J1751-2857: RMS = 690.504 ns
  J1802-2124: RMS = 429.535 ns
  J1811-2405: RMS = 466.249 ns
  J1832-0836: RMS = 922.053 ns
  J1843-1113: RMS = 576.557 ns
  J1853+1303: RMS = 315.651 ns
  J1903+0327: RMS = 808.040 ns
  J1909-3744: RMS = 1441.017 ns
  J1910+1256: RMS = 283.969 ns
  J1911+1347: RMS = 328.479 ns
  J1918-0642: RMS = 715.794 ns
  J1923+2515: RMS = 867.994 ns
  J1944+0907: RMS = 507.840 ns
  J1946+3417: RMS = 812.135 ns
  J2010-1323: RMS = 1052.836 ns
  J2017+0603: RMS = 696.089 ns
  J2033+1734: RMS = 745.077 ns
  J2043+1711: RMS = 962.003 ns
  J2124-3358: RMS = 1315.943 ns
  J2145-0750: RMS = 2375.864 ns
  J2214+3000: RMS = 1374.243 ns
  J2229+2643: RMS = 2261.460 ns
  J2234+0611: RMS = 1313.862 ns
  J2234+0944: RMS = 2507.620 ns
  J2302+4442: RMS = 1140.367 ns
  J2317+1439: RMS = 3601.540 ns
  J2322+2057: RMS = 1429.044 ns
Inject: 144.75 s
Snapshotting into enterprise Pulsar objects...
Building PTA...
PTA build: 417.75 s
Computing optimal statistic...
OS time: 58.13 s
Total: 620.64 s
Initial SNR: 21.2957, Target SNR: 4.0000
  Initial SNR 21.2957 outside of provided SNR_range [3.5, 4.25] — rescaling.
Scaling distances by factor 2.3766 to achieve target SNR...
Resetting pulsars to clean stoas...
Restore: 6.03 s
Injecting population...
  B1855+09: RMS = 189.444 ns
  B1937+21: RMS = 255.602 ns
  B1953+29: RMS = 448.879 ns
  J0023+0923: RMS = 938.700 ns
  J0030+0451: RMS = 537.658 ns
  J0340+4130: RMS = 559.886 ns
  J0406+3039: RMS = 489.934 ns
  J0437-4715: RMS = 222.734 ns
  J0509+0856: RMS = 61.682 ns
  J0557+1551: RMS = 469.217 ns
  J0605+3757: RMS = 360.031 ns
  J0610-2100: RMS = 459.874 ns
  J0613-0200: RMS = 741.719 ns
  J0636+5128: RMS = 1003.165 ns
  J0645+5158: RMS = 1033.733 ns
  J0709+0458: RMS = 353.669 ns
  J0740+6620: RMS = 612.992 ns
  J0931-1902: RMS = 487.322 ns
  J1012+5307: RMS = 654.515 ns
  J1012-4235: RMS = 506.683 ns
  J1022+1001: RMS = 344.044 ns
  J1024-0719: RMS = 447.426 ns
  J1125+7819: RMS = 385.865 ns
  J1312+0051: RMS = 794.728 ns
  J1453+1902: RMS = 255.614 ns
  J1455-3330: RMS = 952.297 ns
  J1600-3053: RMS = 834.044 ns
  J1614-2230: RMS = 818.285 ns
  J1630+3734: RMS = 374.324 ns
  J1640+2224: RMS = 595.434 ns
  J1643-1224: RMS = 788.164 ns
  J1705-1903: RMS = 155.194 ns
  J1713+0747: RMS = 408.084 ns
  J1719-1438: RMS = 220.660 ns
  J1730-2304: RMS = 224.495 ns
  J1738+0333: RMS = 470.456 ns
  J1741+1351: RMS = 324.297 ns
  J1744-1134: RMS = 505.717 ns
  J1745+1017: RMS = 107.004 ns
  J1747-4036: RMS = 732.650 ns
  J1751-2857: RMS = 290.538 ns
  J1802-2124: RMS = 180.732 ns
  J1811-2405: RMS = 196.180 ns
  J1832-0836: RMS = 387.965 ns
  J1843-1113: RMS = 242.594 ns
  J1853+1303: RMS = 132.814 ns
  J1903+0327: RMS = 339.993 ns
  J1909-3744: RMS = 606.327 ns
  J1910+1256: RMS = 119.484 ns
  J1911+1347: RMS = 138.212 ns
  J1918-0642: RMS = 301.179 ns
  J1923+2515: RMS = 365.219 ns
  J1944+0907: RMS = 213.680 ns
  J1946+3417: RMS = 341.716 ns
  J2010-1323: RMS = 442.994 ns
  J2017+0603: RMS = 292.889 ns
  J2033+1734: RMS = 313.501 ns
  J2043+1711: RMS = 404.775 ns
  J2124-3358: RMS = 553.700 ns
  J2145-0750: RMS = 999.675 ns
  J2214+3000: RMS = 578.230 ns
  J2229+2643: RMS = 951.538 ns
  J2234+0611: RMS = 552.824 ns
  J2234+0944: RMS = 1055.113 ns
  J2302+4442: RMS = 479.824 ns
  J2317+1439: RMS = 1515.394 ns
  J2322+2057: RMS = 601.289 ns
Inject: 361.70 s
Snapshotting into enterprise Pulsar objects...
Building PTA...
PTA build: 488.89 s
Computing optimal statistic...
OS time: 121.34 s
Total: 977.95 s
  ✓ SNR is within the provided SNR_range: 4.1579 ∈ [3.5, 4.25]

Final SNR history:
  it 0: cumulative_scale=1.0000×  SNR=21.2957
  it 1: cumulative_scale=2.3766×  SNR=4.1579
✓ Simulation 1 done (1633.4 s)

======================================================================
ENSEMBLE SUMMARY
======================================================================
Success rate: 100.0% (1/1)

Binaries per population:
  Mean ± std : 10000000 ± 0
  Range      : [10000000, 10000000]

SNR achieved:
  Mean ± std : 4.1579 ± 0.0000
  Range      : [4.1579, 4.1579]

Total time: 2145.1 s (35.8 min)
======================================================================

💾 Saved: data/2026-04-29/pessimistic_run_40/consistent_population_pessimistic_targetSNR4.25_sims1.json
💾 Saved compressed pickle: data/2026-04-29/pessimistic_run_40/consistent_population_pessimistic_targetSNR4.25_sims1.pkl.gz

======================================================================
CONTINUOUS WAVE SNR ANALYSIS
======================================================================

--- Population 1 ---
Precomputation of phiinvs, TNTs, Ts, Nvecs, Sigmas took 0.40 seconds.
Total SNR computation for population took 443.98 seconds.
Top 50 CGW candidates:
   1. proxy_rank=  69  sky_w=1.62  f=7.92e-09 Hz  Mc=4.54e+09 Msun  h0=8.86e-16  SNR=2.000
   2. proxy_rank= 108  sky_w=1.14  f=6.77e-09 Hz  Mc=6.98e+09 Msun  h0=9.52e-16  SNR=1.474
   3. proxy_rank=  25  sky_w=1.13  f=5.59e-09 Hz  Mc=2.31e+09 Msun  h0=1.13e-15  SNR=1.328
   4. proxy_rank= 323  sky_w=1.39  f=9.36e-09 Hz  Mc=5.34e+09 Msun  h0=7.61e-16  SNR=1.147
   5. proxy_rank= 826  sky_w=1.26  f=9.18e-09 Hz  Mc=4.51e+09 Msun  h0=6.05e-16  SNR=1.141
   6. proxy_rank= 117  sky_w=0.82  f=7.28e-09 Hz  Mc=4.12e+09 Msun  h0=1.37e-15  SNR=0.969
   7. proxy_rank=  53  sky_w=1.14  f=6.97e-09 Hz  Mc=6.40e+09 Msun  h0=1.19e-15  SNR=0.955
   8. proxy_rank= 805  sky_w=1.44  f=9.40e-09 Hz  Mc=2.28e+09 Msun  h0=5.48e-16  SNR=0.853
   9. proxy_rank=  42  sky_w=1.52  f=4.71e-09 Hz  Mc=5.87e+09 Msun  h0=6.32e-16  SNR=0.841
  10. proxy_rank= 808  sky_w=1.37  f=7.28e-09 Hz  Mc=3.09e+09 Msun  h0=4.45e-16  SNR=0.837
  11. proxy_rank=  79  sky_w=0.56  f=4.35e-09 Hz  Mc=2.56e+09 Msun  h0=1.35e-15  SNR=0.786
  12. proxy_rank= 417  sky_w=1.61  f=6.30e-09 Hz  Mc=4.13e+09 Msun  h0=4.11e-16  SNR=0.778
  13. proxy_rank= 893  sky_w=1.53  f=8.61e-09 Hz  Mc=2.64e+09 Msun  h0=4.60e-16  SNR=0.732
  14. proxy_rank= 388  sky_w=1.40  f=9.06e-09 Hz  Mc=5.31e+09 Msun  h0=6.95e-16  SNR=0.719
  15. proxy_rank= 743  sky_w=1.59  f=6.47e-09 Hz  Mc=3.84e+09 Msun  h0=3.54e-16  SNR=0.693
  16. proxy_rank= 343  sky_w=1.22  f=5.22e-09 Hz  Mc=5.17e+09 Msun  h0=4.77e-16  SNR=0.665
  17. proxy_rank= 231  sky_w=1.48  f=8.47e-09 Hz  Mc=4.48e+09 Msun  h0=7.14e-16  SNR=0.642
  18. proxy_rank= 210  sky_w=1.25  f=6.06e-09 Hz  Mc=5.34e+09 Msun  h0=6.35e-16  SNR=0.632
  19. proxy_rank= 138  sky_w=1.33  f=5.18e-09 Hz  Mc=5.18e+09 Msun  h0=5.80e-16  SNR=0.631
  20. proxy_rank=   6  sky_w=1.07  f=3.36e-09 Hz  Mc=4.75e+09 Msun  h0=9.45e-16  SNR=0.601
  21. proxy_rank= 750  sky_w=1.51  f=5.78e-09 Hz  Mc=3.38e+09 Msun  h0=3.32e-16  SNR=0.560
  22. proxy_rank= 655  sky_w=1.53  f=6.30e-09 Hz  Mc=3.73e+09 Msun  h0=3.72e-16  SNR=0.558
  23. proxy_rank= 280  sky_w=1.61  f=4.72e-09 Hz  Mc=2.55e+09 Msun  h0=3.46e-16  SNR=0.552
  24. proxy_rank= 133  sky_w=1.02  f=5.10e-09 Hz  Mc=5.01e+09 Msun  h0=7.51e-16  SNR=0.550
  25. proxy_rank= 288  sky_w=0.89  f=5.48e-09 Hz  Mc=5.55e+09 Msun  h0=7.17e-16  SNR=0.533
  26. proxy_rank=  35  sky_w=1.20  f=3.57e-09 Hz  Mc=6.07e+09 Msun  h0=6.39e-16  SNR=0.517
  27. proxy_rank= 919  sky_w=1.40  f=5.78e-09 Hz  Mc=3.82e+09 Msun  h0=3.32e-16  SNR=0.509
  28. proxy_rank= 756  sky_w=1.01  f=7.02e-09 Hz  Mc=5.08e+09 Msun  h0=5.98e-16  SNR=0.498
  29. proxy_rank=   9  sky_w=1.62  f=2.95e-09 Hz  Mc=2.08e+09 Msun  h0=5.02e-16  SNR=0.489
  30. proxy_rank= 914  sky_w=1.58  f=6.55e-09 Hz  Mc=3.95e+09 Msun  h0=3.34e-16  SNR=0.487
  31. proxy_rank=  74  sky_w=1.36  f=3.68e-09 Hz  Mc=4.22e+09 Msun  h0=4.80e-16  SNR=0.482
  32. proxy_rank= 862  sky_w=1.22  f=5.12e-09 Hz  Mc=4.32e+09 Msun  h0=3.46e-16  SNR=0.467
  33. proxy_rank= 219  sky_w=1.62  f=4.41e-09 Hz  Mc=2.85e+09 Msun  h0=3.44e-16  SNR=0.448
  34. proxy_rank=  80  sky_w=1.17  f=3.53e-09 Hz  Mc=5.02e+09 Msun  h0=5.17e-16  SNR=0.446
  35. proxy_rank= 119  sky_w=1.60  f=5.08e-09 Hz  Mc=3.25e+09 Msun  h0=4.92e-16  SNR=0.431
  36. proxy_rank=  17  sky_w=1.30  f=3.50e-09 Hz  Mc=2.94e+09 Msun  h0=6.55e-16  SNR=0.428
  37. proxy_rank= 693  sky_w=1.45  f=4.75e-09 Hz  Mc=2.99e+09 Msun  h0=2.90e-16  SNR=0.428
  38. proxy_rank= 262  sky_w=1.40  f=4.14e-09 Hz  Mc=4.93e+09 Msun  h0=3.58e-16  SNR=0.417
  39. proxy_rank= 301  sky_w=1.38  f=6.71e-09 Hz  Mc=1.16e+09 Msun  h0=5.64e-16  SNR=0.416
  40. proxy_rank=   4  sky_w=1.49  f=2.53e-09 Hz  Mc=2.82e+09 Msun  h0=5.82e-16  SNR=0.409
  41. proxy_rank=  55  sky_w=1.12  f=3.69e-09 Hz  Mc=6.69e+09 Msun  h0=6.43e-16  SNR=0.404
  42. proxy_rank= 104  sky_w=1.56  f=3.49e-09 Hz  Mc=3.38e+09 Msun  h0=3.62e-16  SNR=0.404
  43. proxy_rank= 618  sky_w=1.35  f=5.09e-09 Hz  Mc=3.43e+09 Msun  h0=3.48e-16  SNR=0.399
  44. proxy_rank=  22  sky_w=1.42  f=2.81e-09 Hz  Mc=3.44e+09 Msun  h0=4.69e-16  SNR=0.398
  45. proxy_rank= 642  sky_w=1.57  f=4.51e-09 Hz  Mc=2.24e+09 Msun  h0=2.61e-16  SNR=0.395
  46. proxy_rank= 207  sky_w=1.10  f=4.52e-09 Hz  Mc=5.25e+09 Msun  h0=5.39e-16  SNR=0.391
  47. proxy_rank= 177  sky_w=0.93  f=4.79e-09 Hz  Mc=3.38e+09 Msun  h0=7.17e-16  SNR=0.389
  48. proxy_rank= 226  sky_w=0.72  f=3.66e-09 Hz  Mc=7.35e+09 Msun  h0=6.42e-16  SNR=0.379
  49. proxy_rank=  84  sky_w=1.35  f=3.81e-09 Hz  Mc=5.04e+09 Msun  h0=4.81e-16  SNR=0.373
  50. proxy_rank= 357  sky_w=1.19  f=4.23e-09 Hz  Mc=3.89e+09 Msun  h0=3.94e-16  SNR=0.373
💾 Saved: data/2026-04-29/pessimistic_run_40/consistent_population_pessimistic_targetSNR4.25_sims1.json
💾 Saved compressed pickle: data/2026-04-29/pessimistic_run_40/consistent_population_pessimistic_targetSNR4.25_sims1.pkl.gz
Saved to figures/cgw_analysis_pessimistic.pdf

======================================================================
ANALYSIS COMPLETE
Results saved to: data/2026-04-29/pessimistic_run_40
======================================================================

==========================================
Job finished at: Wed Apr 29 11:42:50 AEST 2026
Exit code: 0
==========================================

+------------------ Job Report: 11731166 (COMPLETED) ------------------+
| Memory (RAM)  [##################  ] 90.6% (36.2 GB peak / 40 GB)    |
| CPU           [###############     ] 80.0% average                   |
| Time          [------------->      ] 67.3% (0-00:50:28 / 0-01:15:00) |
|                                                                      |
| Lustre Filesystem:                                                   |
|   Path    Total Read    Total Write    Total IOPS                    |
|   ------  ------------  -------------  ------------                  |
|   /apps   0 B           0 B            4                             |
|   /fred   256 KB        6.6 MB         128                           |
|   /home   209.7 MB      0 B            2.6 K                         |
|   OS      0 B           0 B            2                             |
|                                                                      |
| Warnings:                                                            |
|   - Too much time requested                                          |
+----------------------------------------------------------------------+
