==========================================
Job ID: 11736969
Job Name: smbhb_pessimistic
Node: gina304
Start Time: Wed Apr 29 12:52:54 AEST 2026
==========================================

/home/bhoulden/.conda/envs/smbhb312/share/tempo2
Working directory: /fred/oz005/users/bhoulden/SMBHB_population_injections

Loaded modules:

Starting SMBHB analysis...
==========================================

📁 Save directory: data/2026-04-29/pessimistic_run_129
📝 Run name: pessimistic_run_129

[MEM] Start: 244.4 MB

📡 Loading pulsars...
======================================================================
LOADING NANOGRAV PULSARS (libstempo)
======================================================================

📦 Loading from cache: nanograv_pulsars_cache.pkl
⚠ Cache load failed: Ran out of input
[DEBUG] Found 76 .par files
[tempo2Util.C:396] Warning: [MISC1] Unknown parameter in par file:  DMDATA
[tempo2Util.C:401] Warning: [DUP1] duplicated warnings have been suppressed.

WARNING: Using tempo RNAMP parameter: setting TNRedC to 100!
[observatory.C:271] Warning: Assuming site 'arecibo' means 'ao'
✓ Loaded B1855+09 (7758 TOAs)

WARNING: Using tempo RNAMP parameter: setting TNRedC to 100!
✓ Loaded B1937+21 (23023 TOAs)

WARNING: Using tempo RNAMP parameter: setting TNRedC to 100!
✓ Loaded B1937+21ao (7241 TOAs)

WARNING: Using tempo RNAMP parameter: setting TNRedC to 100!
✓ Loaded B1937+21gbt (16048 TOAs)

WARNING: Using tempo RNAMP parameter: setting TNRedC to 100!
✓ Loaded B1953+29 (5126 TOAs)
✓ Loaded J0023+0923 (15896 TOAs)

WARNING: Using tempo RNAMP parameter: setting TNRedC to 100!
✓ Loaded J0030+0451 (19571 TOAs)
✓ Loaded J0340+4130 (11093 TOAs)
✓ Loaded J0406+3039 (2446 TOAs)

WARNING: Using tempo RNAMP parameter: setting TNRedC to 100!
✓ Loaded J0437-4715 (5830 TOAs)
✓ Loaded J0509+0856 (2169 TOAs)
✓ Loaded J0557+1551 (525 TOAs)
✓ Loaded J0605+3757 (554 TOAs)

WARNING: Using tempo RNAMP parameter: setting TNRedC to 100!
✓ Loaded J0610-2100 (4885 TOAs)

WARNING: Using tempo RNAMP parameter: setting TNRedC to 100!
✓ Loaded J0613-0200 (17124 TOAs)
✓ Loaded J0614-3329 (1714 TOAs)
✓ Loaded J0636+5128 (32222 TOAs)
✓ Loaded J0645+5158 (10403 TOAs)
✓ Loaded J0709+0458 (3030 TOAs)
✓ Loaded J0740+6620 (13401 TOAs)
✓ Loaded J0931-1902 (5473 TOAs)

WARNING: Using tempo RNAMP parameter: setting TNRedC to 100!
✓ Loaded J1012+5307 (25837 TOAs)
✓ Loaded J1012-4235 (797 TOAs)
✓ Loaded J1022+1001 (3978 TOAs)
✓ Loaded J1024-0719 (12635 TOAs)
✓ Loaded J1125+7819 (8723 TOAs)
✓ Loaded J1312+0051 (1705 TOAs)
✓ Loaded J1453+1902 (2551 TOAs)
✓ Loaded J1455-3330 (10818 TOAs)

WARNING: Using tempo RNAMP parameter: setting TNRedC to 100!
✓ Loaded J1600-3053 (22955 TOAs)

WARNING: Using tempo RNAMP parameter: setting TNRedC to 100!
✓ Loaded J1600-3053gbt (19725 TOAs)

WARNING: Using tempo RNAMP parameter: setting TNRedC to 100!
✓ Loaded J1614-2230 (18445 TOAs)
✓ Loaded J1630+3734 (1815 TOAs)
✓ Loaded J1640+2224 (14066 TOAs)

WARNING: Using tempo RNAMP parameter: setting TNRedC to 100!
✓ Loaded J1643-1224 (22144 TOAs)

WARNING: Using tempo RNAMP parameter: setting TNRedC to 100!
✓ Loaded J1643-1224gbt (17932 TOAs)

WARNING: Using tempo RNAMP parameter: setting TNRedC to 100!
✓ Loaded J1705-1903 (9871 TOAs)

WARNING: Using tempo RNAMP parameter: setting TNRedC to 100!
✓ Loaded J1713+0747 (59389 TOAs)

WARNING: Using tempo RNAMP parameter: setting TNRedC to 100!
✓ Loaded J1713+0747ao (21362 TOAs)

WARNING: Using tempo RNAMP parameter: setting TNRedC to 100!
✓ Loaded J1713+0747gbt (32963 TOAs)
✓ Loaded J1719-1438 (6356 TOAs)
✓ Loaded J1730-2304 (4870 TOAs)
✓ Loaded J1738+0333 (8790 TOAs)
✓ Loaded J1741+1351 (5582 TOAs)

WARNING: Using tempo RNAMP parameter: setting TNRedC to 100!
✓ Loaded J1744-1134 (17745 TOAs)

WARNING: Using tempo RNAMP parameter: setting TNRedC to 100!
✓ Loaded J1745+1017 (3017 TOAs)

WARNING: Using tempo RNAMP parameter: setting TNRedC to 100!
✓ Loaded J1747-4036 (11055 TOAs)
✓ Loaded J1751-2857 (2025 TOAs)

WARNING: Using tempo RNAMP parameter: setting TNRedC to 100!
✓ Loaded J1802-2124 (6796 TOAs)
✓ Loaded J1811-2405 (5266 TOAs)
✓ Loaded J1832-0836 (7739 TOAs)
✓ Loaded J1843-1113 (4595 TOAs)

WARNING: Using tempo RNAMP parameter: setting TNRedC to 100!
✓ Loaded J1853+1303 (4570 TOAs)

WARNING: Using tempo RNAMP parameter: setting TNRedC to 100!
✓ Loaded J1903+0327 (6856 TOAs)

WARNING: Using tempo RNAMP parameter: setting TNRedC to 100!
✓ Loaded J1903+0327ao (6423 TOAs)

WARNING: Using tempo RNAMP parameter: setting TNRedC to 100!
✓ Loaded J1909-3744 (35037 TOAs)

WARNING: Using tempo RNAMP parameter: setting TNRedC to 100!
✓ Loaded J1909-3744gbt (31526 TOAs)
✓ Loaded J1910+1256 (6486 TOAs)
✓ Loaded J1911+1347 (3786 TOAs)
✓ Loaded J1918-0642 (18875 TOAs)
✓ Loaded J1923+2515 (3974 TOAs)
✓ Loaded J1944+0907 (5328 TOAs)

WARNING: Using tempo RNAMP parameter: setting TNRedC to 100!
✓ Loaded J1946+3417 (4743 TOAs)
✓ Loaded J2010-1323 (17077 TOAs)
✓ Loaded J2017+0603 (3512 TOAs)
✓ Loaded J2033+1734 (3847 TOAs)
✓ Loaded J2043+1711 (7397 TOAs)
✓ Loaded J2124-3358 (4982 TOAs)

WARNING: Using tempo RNAMP parameter: setting TNRedC to 100!
✓ Loaded J2145-0750 (18675 TOAs)
✓ Loaded J2214+3000 (7406 TOAs)
✓ Loaded J2229+2643 (3711 TOAs)

WARNING: Using tempo RNAMP parameter: setting TNRedC to 100!
✓ Loaded J2234+0611 (3566 TOAs)
✓ Loaded J2234+0944 (7535 TOAs)
✓ Loaded J2302+4442 (10211 TOAs)
✓ Loaded J2317+1439 (13927 TOAs)
✓ Loaded J2322+2057 (3088 TOAs)
⚠ Could not save cache: no default __reduce__ due to non-trivial __cinit__

✓ Loaded 76 pulsars
✗ Failed: 0 — []
[MEM] After loading pulsars: 8861.0 MB

🔍 Filtering pulsars...

Filtered: 76 → 67 pulsars
[MEM] After filtering pulsars: 8862.1 MB
[MEM] After garbage collection: 8862.3 MB

======================================================================
SMBHB POPULATION ANALYSIS
======================================================================

Configuration: pessimistic
  Lower mass, lower spread in distance, large population
  N_binaries: 10000000

======================================================================
CONSISTENT POPULATION SYNTHESIS
======================================================================

======================================================================
GENERATING SNR-CONSISTENT POPULATIONS
======================================================================
Target SNR:          4.0
Simulations:         1
======================================================================


──────────────────────────────────────────────────────────────────────
SIMULATION 1/1
──────────────────────────────────────────────────────────────────────
  [B1855+09] zeroing residuals...
  [B1855+09] adding red noise...
  [B1855+09] white noise for 430_ASP (390 TOAs)...
  [B1855+09] white noise for 430_PUPPI (1185 TOAs)...
  [B1855+09] white noise for L-wide_ASP (1178 TOAs)...
  [B1855+09] white noise for L-wide_PUPPI (5005 TOAs)...
  [B1937+21] zeroing residuals...
  [B1937+21] adding red noise...
  [B1937+21] white noise for S-wide_PUPPI (2251 TOAs)...
  [B1937+21] white noise for S-wide_ASP (344 TOAs)...
  [B1937+21] white noise for Rcvr1_2_GASP (1069 TOAs)...
  [B1937+21] white noise for L-wide_ASP (452 TOAs)...
  [B1937+21] white noise for Rcvr_800_GUPPI (7140 TOAs)...
  [B1937+21] white noise for L-wide_PUPPI (4133 TOAs)...
  [B1937+21] white noise for Rcvr_800_GASP (586 TOAs)...
  [B1937+21] white noise for Rcvr1_2_GUPPI (7048 TOAs)...
  [B1953+29] zeroing residuals...
  [B1953+29] adding red noise...
  [B1953+29] white noise for S-wide_ASP (25 TOAs)...
  [B1953+29] white noise for 430_PUPPI (941 TOAs)...
  [B1953+29] white noise for L-wide_ASP (94 TOAs)...
  [B1953+29] white noise for L-wide_PUPPI (4037 TOAs)...
  [B1953+29] white noise for 430_ASP (29 TOAs)...
  [J0023+0923] zeroing residuals...
  [J0023+0923] adding red noise...
  [J0023+0923] white noise for 430_ASP (90 TOAs)...
  [J0023+0923] white noise for 430_PUPPI (4564 TOAs)...
  [J0023+0923] white noise for L-wide_ASP (119 TOAs)...
  [J0023+0923] white noise for L-wide_PUPPI (11123 TOAs)...
  [J0030+0451] zeroing residuals...
  [J0030+0451] adding red noise...
  [J0030+0451] white noise for S-wide_PUPPI (2673 TOAs)...
  [J0030+0451] white noise for 430_PUPPI (3068 TOAs)...
  [J0030+0451] white noise for L-wide_ASP (789 TOAs)...
  [J0030+0451] white noise for L-wide_PUPPI (12774 TOAs)...
  [J0030+0451] white noise for 430_ASP (267 TOAs)...
  [J0340+4130] zeroing residuals...
  [J0340+4130] adding red noise...
  [J0340+4130] white noise for Rcvr1_2_GUPPI (5037 TOAs)...
  [J0340+4130] white noise for Rcvr_800_GUPPI (6056 TOAs)...
  [J0406+3039] zeroing residuals...
  [J0406+3039] adding red noise...
  [J0406+3039] white noise for S-wide_PUPPI (575 TOAs)...
  [J0406+3039] white noise for L-wide_PUPPI (1871 TOAs)...
  [J0437-4715] zeroing residuals...
  [J0437-4715] adding red noise...
  [J0437-4715] white noise for 1.5GHz_YUPPI (2134 TOAs)...
  [J0437-4715] white noise for 3GHz_YUPPI (3696 TOAs)...
  [J0509+0856] zeroing residuals...
  [J0509+0856] adding red noise...
  [J0509+0856] white noise for S-wide_PUPPI (544 TOAs)...
  [J0509+0856] white noise for L-wide_PUPPI (1625 TOAs)...
  [J0557+1551] zeroing residuals...
  [J0557+1551] adding red noise...
  [J0557+1551] white noise for S-wide_PUPPI (58 TOAs)...
  [J0557+1551] white noise for L-wide_PUPPI (467 TOAs)...
  [J0605+3757] zeroing residuals...
  [J0605+3757] adding red noise...
  [J0605+3757] white noise for Rcvr1_2_GUPPI (318 TOAs)...
  [J0605+3757] white noise for Rcvr_800_GUPPI (236 TOAs)...
  [J0610-2100] zeroing residuals...
  [J0610-2100] adding red noise...
  [J0610-2100] white noise for Rcvr1_2_GUPPI (2401 TOAs)...
  [J0610-2100] white noise for Rcvr_800_GUPPI (2484 TOAs)...
  [J0613-0200] zeroing residuals...
  [J0613-0200] adding red noise...
  [J0613-0200] white noise for Rcvr_800_GUPPI (7900 TOAs)...
  [J0613-0200] white noise for Rcvr1_2_GUPPI (7423 TOAs)...
  [J0613-0200] white noise for Rcvr1_2_GASP (992 TOAs)...
  [J0613-0200] white noise for Rcvr_800_GASP (809 TOAs)...
  [J0636+5128] zeroing residuals...
  [J0636+5128] adding red noise...
  [J0636+5128] white noise for Rcvr1_2_GUPPI (14803 TOAs)...
  [J0636+5128] white noise for Rcvr_800_GUPPI (17419 TOAs)...
  [J0645+5158] zeroing residuals...
  [J0645+5158] adding red noise...
  [J0645+5158] white noise for Rcvr1_2_GUPPI (5721 TOAs)...
  [J0645+5158] white noise for Rcvr_800_GUPPI (4682 TOAs)...
  [J0709+0458] zeroing residuals...
  [J0709+0458] adding red noise...
  [J0709+0458] white noise for S-wide_PUPPI (595 TOAs)...
  [J0709+0458] white noise for L-wide_PUPPI (2435 TOAs)...
  [J0740+6620] zeroing residuals...
  [J0740+6620] adding red noise...
  [J0740+6620] white noise for Rcvr1_2_GUPPI (8265 TOAs)...
  [J0740+6620] white noise for Rcvr_800_GUPPI (5136 TOAs)...
  [J0931-1902] zeroing residuals...
  [J0931-1902] adding red noise...
  [J0931-1902] white noise for Rcvr1_2_GUPPI (2054 TOAs)...
  [J0931-1902] white noise for Rcvr_800_GUPPI (3419 TOAs)...
  [J1012+5307] zeroing residuals...
  [J1012+5307] adding red noise...
  [J1012+5307] white noise for Rcvr_800_GUPPI (10299 TOAs)...
  [J1012+5307] white noise for Rcvr1_2_GUPPI (12849 TOAs)...
  [J1012+5307] white noise for Rcvr1_2_GASP (1479 TOAs)...
  [J1012+5307] white noise for Rcvr_800_GASP (1210 TOAs)...
  [J1012-4235] zeroing residuals...
  [J1012-4235] adding red noise...
  [J1012-4235] white noise for Rcvr1_2_GUPPI (455 TOAs)...
  [J1012-4235] white noise for Rcvr_800_GUPPI (342 TOAs)...
  [J1022+1001] zeroing residuals...
  [J1022+1001] adding red noise...
  [J1022+1001] white noise for S-wide_PUPPI (1154 TOAs)...
  [J1022+1001] white noise for 430_PUPPI (232 TOAs)...
  [J1022+1001] white noise for L-wide_PUPPI (2592 TOAs)...
  [J1024-0719] zeroing residuals...
  [J1024-0719] adding red noise...
  [J1024-0719] white noise for Rcvr_800_GUPPI (5455 TOAs)...
  [J1024-0719] white noise for Rcvr1_2_GUPPI (7086 TOAs)...
  [J1024-0719] white noise for Rcvr1_2_GASP (43 TOAs)...
  [J1024-0719] white noise for Rcvr_800_GASP (51 TOAs)...
  [J1125+7819] zeroing residuals...
  [J1125+7819] adding red noise...
  [J1125+7819] white noise for Rcvr1_2_GUPPI (4016 TOAs)...
  [J1125+7819] white noise for Rcvr_800_GUPPI (4707 TOAs)...
  [J1312+0051] zeroing residuals...
  [J1312+0051] adding red noise...
  [J1312+0051] white noise for S-wide_PUPPI (416 TOAs)...
  [J1312+0051] white noise for L-wide_PUPPI (1289 TOAs)...
  [J1453+1902] zeroing residuals...
  [J1453+1902] adding red noise...
  [J1453+1902] white noise for S-wide_PUPPI (4 TOAs)...
  [J1453+1902] white noise for 430_PUPPI (425 TOAs)...
  [J1453+1902] white noise for L-wide_PUPPI (2122 TOAs)...
  [J1455-3330] zeroing residuals...
  [J1455-3330] adding red noise...
  [J1455-3330] white noise for Rcvr_800_GUPPI (4843 TOAs)...
  [J1455-3330] white noise for Rcvr1_2_GUPPI (4932 TOAs)...
  [J1455-3330] white noise for Rcvr1_2_GASP (564 TOAs)...
  [J1455-3330] white noise for Rcvr_800_GASP (479 TOAs)...
  [J1600-3053] zeroing residuals...
  [J1600-3053] adding red noise...
  [J1600-3053] white noise for 3GHz_YUPPI (3237 TOAs)...
  [J1600-3053] white noise for Rcvr1_2_GASP (457 TOAs)...
  [J1600-3053] white noise for Rcvr_800_GUPPI (8796 TOAs)...
  [J1600-3053] white noise for Rcvr_800_GASP (297 TOAs)...
  [J1600-3053] white noise for Rcvr1_2_GUPPI (10168 TOAs)...
  [J1614-2230] zeroing residuals...
  [J1614-2230] adding red noise...
  [J1614-2230] white noise for Rcvr_800_GUPPI (7768 TOAs)...
  [J1614-2230] white noise for Rcvr1_2_GUPPI (10509 TOAs)...
  [J1614-2230] white noise for Rcvr1_2_GASP (84 TOAs)...
  [J1614-2230] white noise for Rcvr_800_GASP (84 TOAs)...
  [J1630+3734] zeroing residuals...
  [J1630+3734] adding red noise...
  [J1630+3734] white noise for Rcvr1_2_GUPPI (909 TOAs)...
  [J1630+3734] white noise for Rcvr_800_GUPPI (906 TOAs)...
  [J1640+2224] zeroing residuals...
  [J1640+2224] adding red noise...
  [J1640+2224] white noise for 430_ASP (340 TOAs)...
  [J1640+2224] white noise for 430_PUPPI (3157 TOAs)...
  [J1640+2224] white noise for L-wide_ASP (722 TOAs)...
  [J1640+2224] white noise for L-wide_PUPPI (9847 TOAs)...
  [J1643-1224] zeroing residuals...
  [J1643-1224] adding red noise...
  [J1643-1224] white noise for 3GHz_YUPPI (4215 TOAs)...
  [J1643-1224] white noise for Rcvr1_2_GASP (833 TOAs)...
  [J1643-1224] white noise for Rcvr_800_GUPPI (7734 TOAs)...
  [J1643-1224] white noise for Rcvr_800_GASP (559 TOAs)...
  [J1643-1224] white noise for Rcvr1_2_GUPPI (8803 TOAs)...
  [J1705-1903] zeroing residuals...
  [J1705-1903] adding red noise...
  [J1705-1903] white noise for Rcvr1_2_GUPPI (6350 TOAs)...
  [J1705-1903] white noise for Rcvr_800_GUPPI (3521 TOAs)...
  [J1713+0747] zeroing residuals...
  [J1713+0747] adding red noise...
  [J1713+0747] white noise for S-wide_PUPPI (7482 TOAs)...
  [J1713+0747] white noise for 3GHz_YUPPI (3282 TOAs)...
  [J1713+0747] white noise for S-wide_ASP (624 TOAs)...
  [J1713+0747] white noise for Rcvr1_2_GASP (1109 TOAs)...
  [J1713+0747] white noise for L-wide_ASP (843 TOAs)...
  [J1713+0747] white noise for Rcvr_800_GUPPI (8479 TOAs)...
  [J1713+0747] white noise for L-wide_PUPPI (12743 TOAs)...
  [J1713+0747] white noise for Rcvr_800_GASP (1032 TOAs)...
  [J1713+0747] white noise for Rcvr1_2_GUPPI (22334 TOAs)...
  [J1713+0747] white noise for 1.5GHz_YUPPI (1461 TOAs)...
  [J1719-1438] zeroing residuals...
  [J1719-1438] adding red noise...
  [J1719-1438] white noise for Rcvr1_2_GUPPI (2722 TOAs)...
  [J1719-1438] white noise for Rcvr_800_GUPPI (3634 TOAs)...
  [J1730-2304] zeroing residuals...
  [J1730-2304] adding red noise...
  [J1730-2304] white noise for Rcvr1_2_GUPPI (2367 TOAs)...
  [J1730-2304] white noise for Rcvr_800_GUPPI (2503 TOAs)...
  [J1738+0333] zeroing residuals...
  [J1738+0333] adding red noise...
  [J1738+0333] white noise for S-wide_PUPPI (1737 TOAs)...
  [J1738+0333] white noise for S-wide_ASP (134 TOAs)...
  [J1738+0333] white noise for L-wide_ASP (201 TOAs)...
  [J1738+0333] white noise for L-wide_PUPPI (6718 TOAs)...
  [J1741+1351] zeroing residuals...
  [J1741+1351] adding red noise...
  [J1741+1351] white noise for S-wide_ASP (115 TOAs)...
  [J1741+1351] white noise for 430_PUPPI (1159 TOAs)...
  [J1741+1351] white noise for L-wide_ASP (236 TOAs)...
  [J1741+1351] white noise for L-wide_PUPPI (4045 TOAs)...
  [J1741+1351] white noise for 430_ASP (27 TOAs)...
  [J1744-1134] zeroing residuals...
  [J1744-1134] adding red noise...
  [J1744-1134] white noise for Rcvr_800_GUPPI (7899 TOAs)...
  [J1744-1134] white noise for Rcvr1_2_GUPPI (8109 TOAs)...
  [J1744-1134] white noise for Rcvr1_2_GASP (807 TOAs)...
  [J1744-1134] white noise for Rcvr_800_GASP (930 TOAs)...
  [J1745+1017] zeroing residuals...
  [J1745+1017] adding red noise...
  [J1745+1017] white noise for S-wide_PUPPI (838 TOAs)...
  [J1745+1017] white noise for L-wide_PUPPI (2179 TOAs)...
  [J1747-4036] zeroing residuals...
  [J1747-4036] adding red noise...
  [J1747-4036] white noise for Rcvr1_2_GUPPI (5239 TOAs)...
  [J1747-4036] white noise for Rcvr_800_GUPPI (5816 TOAs)...
  [J1751-2857] zeroing residuals...
  [J1751-2857] adding red noise...
  [J1751-2857] white noise for Rcvr1_2_GUPPI (1786 TOAs)...
  [J1751-2857] white noise for Rcvr_800_GUPPI (239 TOAs)...
  [J1802-2124] zeroing residuals...
  [J1802-2124] adding red noise...
  [J1802-2124] white noise for Rcvr1_2_GUPPI (3231 TOAs)...
  [J1802-2124] white noise for Rcvr_800_GUPPI (3565 TOAs)...
  [J1811-2405] zeroing residuals...
  [J1811-2405] adding red noise...
  [J1811-2405] white noise for Rcvr1_2_GUPPI (2638 TOAs)...
  [J1811-2405] white noise for Rcvr_800_GUPPI (2628 TOAs)...
  [J1832-0836] zeroing residuals...
  [J1832-0836] adding red noise...
  [J1832-0836] white noise for Rcvr1_2_GUPPI (4661 TOAs)...
  [J1832-0836] white noise for Rcvr_800_GUPPI (3078 TOAs)...
  [J1843-1113] zeroing residuals...
  [J1843-1113] adding red noise...
  [J1843-1113] white noise for Rcvr1_2_GUPPI (2394 TOAs)...
  [J1843-1113] white noise for Rcvr_800_GUPPI (2201 TOAs)...
  [J1853+1303] zeroing residuals...
  [J1853+1303] adding red noise...
  [J1853+1303] white noise for 430_ASP (24 TOAs)...
  [J1853+1303] white noise for 430_PUPPI (1151 TOAs)...
  [J1853+1303] white noise for L-wide_ASP (33 TOAs)...
  [J1853+1303] white noise for L-wide_PUPPI (3362 TOAs)...
  [J1903+0327] zeroing residuals...
  [J1903+0327] adding red noise...
  [J1903+0327] white noise for S-wide_PUPPI (2282 TOAs)...
  [J1903+0327] white noise for 3GHz_YUPPI (439 TOAs)...
  [J1903+0327] white noise for S-wide_ASP (151 TOAs)...
  [J1903+0327] white noise for L-wide_ASP (139 TOAs)...
  [J1903+0327] white noise for L-wide_PUPPI (3845 TOAs)...
  [J1909-3744] zeroing residuals...
  [J1909-3744] adding red noise...
  [J1909-3744] white noise for 3GHz_YUPPI (3525 TOAs)...
  [J1909-3744] white noise for Rcvr1_2_GASP (808 TOAs)...
  [J1909-3744] white noise for Rcvr_800_GUPPI (9399 TOAs)...
  [J1909-3744] white noise for Rcvr_800_GASP (866 TOAs)...
  [J1909-3744] white noise for Rcvr1_2_GUPPI (20439 TOAs)...
  [J1910+1256] zeroing residuals...
  [J1910+1256] adding red noise...
  [J1910+1256] white noise for S-wide_PUPPI (1857 TOAs)...
  [J1910+1256] white noise for S-wide_ASP (208 TOAs)...
  [J1910+1256] white noise for L-wide_ASP (297 TOAs)...
  [J1910+1256] white noise for L-wide_PUPPI (4124 TOAs)...
  [J1911+1347] zeroing residuals...
  [J1911+1347] adding red noise...
  [J1911+1347] white noise for 430_PUPPI (753 TOAs)...
  [J1911+1347] white noise for L-wide_PUPPI (3033 TOAs)...
  [J1918-0642] zeroing residuals...
  [J1918-0642] adding red noise...
  [J1918-0642] white noise for Rcvr_800_GUPPI (8352 TOAs)...
  [J1918-0642] white noise for Rcvr1_2_GUPPI (8910 TOAs)...
  [J1918-0642] white noise for Rcvr1_2_GASP (778 TOAs)...
  [J1918-0642] white noise for Rcvr_800_GASP (835 TOAs)...
  [J1923+2515] zeroing residuals...
  [J1923+2515] adding red noise...
  [J1923+2515] white noise for 430_ASP (10 TOAs)...
  [J1923+2515] white noise for 430_PUPPI (922 TOAs)...
  [J1923+2515] white noise for L-wide_ASP (14 TOAs)...
  [J1923+2515] white noise for L-wide_PUPPI (3028 TOAs)...
  [J1944+0907] zeroing residuals...
  [J1944+0907] adding red noise...
  [J1944+0907] white noise for S-wide_ASP (116 TOAs)...
  [J1944+0907] white noise for 430_PUPPI (1017 TOAs)...
  [J1944+0907] white noise for L-wide_ASP (257 TOAs)...
  [J1944+0907] white noise for L-wide_PUPPI (3900 TOAs)...
  [J1944+0907] white noise for 430_ASP (38 TOAs)...
  [J1946+3417] zeroing residuals...
  [J1946+3417] adding red noise...
  [J1946+3417] white noise for S-wide_PUPPI (1546 TOAs)...
  [J1946+3417] white noise for L-wide_PUPPI (3197 TOAs)...
  [J2010-1323] zeroing residuals...
  [J2010-1323] adding red noise...
  [J2010-1323] white noise for Rcvr_800_GUPPI (9158 TOAs)...
  [J2010-1323] white noise for Rcvr1_2_GUPPI (7779 TOAs)...
  [J2010-1323] white noise for Rcvr1_2_GASP (70 TOAs)...
  [J2010-1323] white noise for Rcvr_800_GASP (70 TOAs)...
  [J2017+0603] zeroing residuals...
  [J2017+0603] adding red noise...
  [J2017+0603] white noise for S-wide_PUPPI (849 TOAs)...
  [J2017+0603] white noise for 430_PUPPI (78 TOAs)...
  [J2017+0603] white noise for L-wide_ASP (16 TOAs)...
  [J2017+0603] white noise for L-wide_PUPPI (2569 TOAs)...
  [J2033+1734] zeroing residuals...
  [J2033+1734] adding red noise...
  [J2033+1734] white noise for 430_PUPPI (797 TOAs)...
  [J2033+1734] white noise for L-wide_PUPPI (3050 TOAs)...
  [J2043+1711] zeroing residuals...
  [J2043+1711] adding red noise...
  [J2043+1711] white noise for 430_ASP (30 TOAs)...
  [J2043+1711] white noise for 430_PUPPI (2908 TOAs)...
  [J2043+1711] white noise for L-wide_ASP (40 TOAs)...
  [J2043+1711] white noise for L-wide_PUPPI (4419 TOAs)...
  [J2124-3358] zeroing residuals...
  [J2124-3358] adding red noise...
  [J2124-3358] white noise for Rcvr1_2_GUPPI (2957 TOAs)...
  [J2124-3358] white noise for Rcvr_800_GUPPI (2025 TOAs)...
  [J2145-0750] zeroing residuals...
  [J2145-0750] adding red noise...
  [J2145-0750] white noise for Rcvr_800_GUPPI (8728 TOAs)...
  [J2145-0750] white noise for Rcvr1_2_GUPPI (9158 TOAs)...
  [J2145-0750] white noise for Rcvr1_2_GASP (427 TOAs)...
  [J2145-0750] white noise for Rcvr_800_GASP (362 TOAs)...
  [J2214+3000] zeroing residuals...
  [J2214+3000] adding red noise...
  [J2214+3000] white noise for S-wide_PUPPI (1568 TOAs)...
  [J2214+3000] white noise for L-wide_ASP (9 TOAs)...
  [J2214+3000] white noise for L-wide_PUPPI (5829 TOAs)...
  [J2229+2643] zeroing residuals...
  [J2229+2643] adding red noise...
  [J2229+2643] white noise for 430_PUPPI (956 TOAs)...
  [J2229+2643] white noise for L-wide_PUPPI (2755 TOAs)...
  [J2234+0611] zeroing residuals...
  [J2234+0611] adding red noise...
  [J2234+0611] white noise for 430_PUPPI (653 TOAs)...
  [J2234+0611] white noise for L-wide_PUPPI (2913 TOAs)...
  [J2234+0944] zeroing residuals...
  [J2234+0944] adding red noise...
  [J2234+0944] white noise for S-wide_PUPPI (2532 TOAs)...
  [J2234+0944] white noise for L-wide_PUPPI (5003 TOAs)...
  [J2302+4442] zeroing residuals...
  [J2302+4442] adding red noise...
  [J2302+4442] white noise for Rcvr1_2_GUPPI (3779 TOAs)...
  [J2302+4442] white noise for Rcvr_800_GUPPI (6432 TOAs)...
  [J2317+1439] zeroing residuals...
  [J2317+1439] adding red noise...
  [J2317+1439] white noise for 327_ASP (413 TOAs)...
  [J2317+1439] white noise for 430_PUPPI (3217 TOAs)...
  [J2317+1439] white noise for L-wide_PUPPI (9563 TOAs)...
  [J2317+1439] white noise for 430_ASP (458 TOAs)...
  [J2317+1439] white noise for 327_PUPPI (276 TOAs)...
  [J2322+2057] zeroing residuals...
  [J2322+2057] adding red noise...
  [J2322+2057] white noise for S-wide_PUPPI (140 TOAs)...
  [J2322+2057] white noise for 430_PUPPI (752 TOAs)...
  [J2322+2057] white noise for L-wide_PUPPI (2196 TOAs)...
Resetting pulsars to clean stoas...
Restore: 0.00 s
Inject: 0.00 s
Snapshotting into enterprise Pulsar objects...
Building PTA...
PTA build: 444.57 s
Computing optimal statistic...
OS time: 56.82 s
Total: 501.40 s
Noise-only SNR baseline: 0.7043

Generating SNR-consistent population...
Target SNR: 4.0
Resetting pulsars to clean stoas...
Restore: 0.00 s
Injecting population...
  B1855+09: RMS = 1267.559 ns
  B1937+21: RMS = 1088.688 ns
  B1953+29: RMS = 926.464 ns
  J0023+0923: RMS = 2271.803 ns
  J0030+0451: RMS = 1992.826 ns
  J0340+4130: RMS = 735.358 ns
  J0406+3039: RMS = 538.053 ns
  J0437-4715: RMS = 722.399 ns
  J0509+0856: RMS = 1310.589 ns
  J0557+1551: RMS = 583.809 ns
  J0605+3757: RMS = 616.547 ns
  J0610-2100: RMS = 1158.371 ns
  J0613-0200: RMS = 3110.358 ns
  J0636+5128: RMS = 1826.987 ns
  J0645+5158: RMS = 2233.718 ns
  J0709+0458: RMS = 2115.068 ns
  J0740+6620: RMS = 1713.221 ns
  J0931-1902: RMS = 2598.789 ns
  J1012+5307: RMS = 2070.874 ns
  J1012-4235: RMS = 1014.959 ns
  J1022+1001: RMS = 525.861 ns
  J1024-0719: RMS = 2501.640 ns
  J1125+7819: RMS = 1609.279 ns
  J1312+0051: RMS = 578.851 ns
  J1453+1902: RMS = 1687.150 ns
  J1455-3330: RMS = 1035.210 ns
  J1600-3053: RMS = 1039.863 ns
  J1614-2230: RMS = 909.868 ns
  J1630+3734: RMS = 627.909 ns
  J1640+2224: RMS = 1212.010 ns
  J1643-1224: RMS = 566.021 ns
  J1705-1903: RMS = 748.273 ns
  J1713+0747: RMS = 1065.681 ns
  J1719-1438: RMS = 624.194 ns
  J1730-2304: RMS = 773.019 ns
  J1738+0333: RMS = 852.857 ns
  J1741+1351: RMS = 1053.634 ns
  J1744-1134: RMS = 583.289 ns
  J1745+1017: RMS = 1869.856 ns
  J1747-4036: RMS = 1829.234 ns
  J1751-2857: RMS = 628.811 ns
  J1802-2124: RMS = 507.435 ns
  J1811-2405: RMS = 507.005 ns
  J1832-0836: RMS = 1095.617 ns
  J1843-1113: RMS = 309.446 ns
  J1853+1303: RMS = 782.425 ns
  J1903+0327: RMS = 1493.938 ns
  J1909-3744: RMS = 1739.513 ns
  J1910+1256: RMS = 1381.758 ns
  J1911+1347: RMS = 1295.375 ns
  J1918-0642: RMS = 800.353 ns
  J1923+2515: RMS = 642.868 ns
  J1944+0907: RMS = 1145.403 ns
  J1946+3417: RMS = 989.887 ns
  J2010-1323: RMS = 260.742 ns
  J2017+0603: RMS = 1597.161 ns
  J2033+1734: RMS = 1892.419 ns
  J2043+1711: RMS = 2030.562 ns
  J2124-3358: RMS = 578.858 ns
  J2145-0750: RMS = 1678.670 ns
  J2214+3000: RMS = 2154.667 ns
  J2229+2643: RMS = 415.006 ns
  J2234+0611: RMS = 2376.783 ns
  J2234+0944: RMS = 1475.043 ns
  J2302+4442: RMS = 1514.459 ns
  J2317+1439: RMS = 1362.562 ns
  J2322+2057: RMS = 672.913 ns
Inject: 258.28 s
Snapshotting into enterprise Pulsar objects...
Building PTA...
PTA build: 440.14 s
Computing optimal statistic...
OS time: 54.36 s
Total: 752.78 s
Initial SNR: 11.4328, Target SNR: 4.0000
  Initial SNR 11.4328 outside of provided SNR_range [3.5, 4.25] — rescaling.
Scaling distances by factor 1.8042 to achieve target SNR...
Resetting pulsars to clean stoas...
Restore: 0.01 s
Injecting population...
  B1855+09: RMS = 702.544 ns
  B1937+21: RMS = 603.405 ns
  B1953+29: RMS = 513.493 ns
  J0023+0923: RMS = 1259.147 ns
  J0030+0451: RMS = 1104.524 ns
  J0340+4130: RMS = 407.572 ns
  J0406+3039: RMS = 298.216 ns
  J0437-4715: RMS = 400.389 ns
  J0509+0856: RMS = 726.394 ns
  J0557+1551: RMS = 323.576 ns
  J0605+3757: RMS = 341.721 ns
  J0610-2100: RMS = 642.027 ns
  J0613-0200: RMS = 1723.916 ns
  J0636+5128: RMS = 1012.608 ns
  J0645+5158: RMS = 1238.038 ns
  J0709+0458: RMS = 1172.277 ns
  J0740+6620: RMS = 949.553 ns
  J0931-1902: RMS = 1440.379 ns
  J1012+5307: RMS = 1147.782 ns
  J1012-4235: RMS = 562.541 ns
  J1022+1001: RMS = 291.458 ns
  J1024-0719: RMS = 1386.534 ns
  J1125+7819: RMS = 891.943 ns
  J1312+0051: RMS = 320.828 ns
  J1453+1902: RMS = 935.103 ns
  J1455-3330: RMS = 573.765 ns
  J1600-3053: RMS = 576.344 ns
  J1614-2230: RMS = 504.294 ns
  J1630+3734: RMS = 348.018 ns
  J1640+2224: RMS = 671.757 ns
  J1643-1224: RMS = 313.717 ns
  J1705-1903: RMS = 414.731 ns
  J1713+0747: RMS = 590.654 ns
  J1719-1438: RMS = 345.960 ns
  J1730-2304: RMS = 428.446 ns
  J1738+0333: RMS = 472.696 ns
  J1741+1351: RMS = 583.977 ns
  J1744-1134: RMS = 323.288 ns
  J1745+1017: RMS = 1036.368 ns
  J1747-4036: RMS = 1013.853 ns
  J1751-2857: RMS = 348.518 ns
  J1802-2124: RMS = 281.246 ns
  J1811-2405: RMS = 281.007 ns
  J1832-0836: RMS = 607.246 ns
  J1843-1113: RMS = 171.510 ns
  J1853+1303: RMS = 433.659 ns
  J1903+0327: RMS = 828.015 ns
  J1909-3744: RMS = 964.125 ns
  J1910+1256: RMS = 765.839 ns
  J1911+1347: RMS = 717.962 ns
  J1918-0642: RMS = 443.596 ns
  J1923+2515: RMS = 356.309 ns
  J1944+0907: RMS = 634.840 ns
  J1946+3417: RMS = 548.645 ns
  J2010-1323: RMS = 144.516 ns
  J2017+0603: RMS = 885.226 ns
  J2033+1734: RMS = 1048.873 ns
  J2043+1711: RMS = 1125.439 ns
  J2124-3358: RMS = 320.832 ns
  J2145-0750: RMS = 930.403 ns
  J2214+3000: RMS = 1194.224 ns
  J2229+2643: RMS = 230.017 ns
  J2234+0611: RMS = 1317.332 ns
  J2234+0944: RMS = 817.543 ns
  J2302+4442: RMS = 839.389 ns
  J2317+1439: RMS = 755.200 ns
  J2322+2057: RMS = 372.962 ns
Inject: 358.08 s
Snapshotting into enterprise Pulsar objects...
Building PTA...
PTA build: 438.45 s
Computing optimal statistic...
OS time: 58.66 s
Total: 855.19 s
  ✓ SNR is within the provided SNR_range: 4.2357 ∈ [3.5, 4.25]

Final SNR history:
  it 0: cumulative_scale=1.0000×  SNR=11.4328
  it 1: cumulative_scale=1.8042×  SNR=4.2357
✓ Simulation 1 done (1646.8 s)

======================================================================
ENSEMBLE SUMMARY
======================================================================
Success rate: 100.0% (1/1)

Binaries per population:
  Mean ± std : 10000000 ± 0
  Range      : [10000000, 10000000]

SNR achieved:
  Mean ± std : 4.2357 ± 0.0000
  Range      : [4.2357, 4.2357]

Total time: 2187.9 s (36.5 min)
======================================================================

💾 Saved: data/2026-04-29/pessimistic_run_129/consistent_population_pessimistic_targetSNR4.25_sims1.json
💾 Saved compressed pickle: data/2026-04-29/pessimistic_run_129/consistent_population_pessimistic_targetSNR4.25_sims1.pkl.gz

======================================================================
CONTINUOUS WAVE SNR ANALYSIS
======================================================================

--- Population 1 ---
Precomputation of phiinvs, TNTs, Ts, Nvecs, Sigmas took 0.05 seconds.
Total SNR computation for population took 304.45 seconds.
Top 50 CGW candidates:
   1. proxy_rank= 677  sky_w=1.57  f=1.95e-08 Hz  Mc=4.61e+09 Msun  h0=1.45e-15  SNR=3.280
   2. proxy_rank=  40  sky_w=0.69  f=5.07e-09 Hz  Mc=2.88e+09 Msun  h0=2.05e-15  SNR=1.514
   3. proxy_rank=   3  sky_w=0.92  f=3.65e-09 Hz  Mc=5.60e+09 Msun  h0=2.39e-15  SNR=1.442
   4. proxy_rank=   7  sky_w=1.56  f=3.77e-09 Hz  Mc=5.67e+09 Msun  h0=1.11e-15  SNR=1.323
   5. proxy_rank= 519  sky_w=1.19  f=7.48e-09 Hz  Mc=5.30e+09 Msun  h0=8.03e-16  SNR=1.302
   6. proxy_rank=  21  sky_w=1.36  f=5.77e-09 Hz  Mc=1.49e+09 Msun  h0=1.48e-15  SNR=1.139
   7. proxy_rank= 168  sky_w=1.29  f=7.19e-09 Hz  Mc=4.50e+09 Msun  h0=1.02e-15  SNR=0.938
   8. proxy_rank= 733  sky_w=1.53  f=6.56e-09 Hz  Mc=3.45e+09 Msun  h0=4.88e-16  SNR=0.934
   9. proxy_rank=  14  sky_w=1.59  f=3.81e-09 Hz  Mc=4.74e+09 Msun  h0=8.68e-16  SNR=0.926
  10. proxy_rank= 423  sky_w=1.40  f=6.31e-09 Hz  Mc=4.86e+09 Msun  h0=6.23e-16  SNR=0.896
  11. proxy_rank= 243  sky_w=1.56  f=5.04e-09 Hz  Mc=4.63e+09 Msun  h0=5.29e-16  SNR=0.821
  12. proxy_rank= 329  sky_w=1.39  f=5.48e-09 Hz  Mc=4.46e+09 Msun  h0=5.92e-16  SNR=0.817
  13. proxy_rank= 352  sky_w=1.33  f=5.13e-09 Hz  Mc=5.09e+09 Msun  h0=5.70e-16  SNR=0.810
  14. proxy_rank=  47  sky_w=0.95  f=3.50e-09 Hz  Mc=6.69e+09 Msun  h0=9.67e-16  SNR=0.791
  15. proxy_rank= 187  sky_w=1.35  f=5.59e-09 Hz  Mc=1.44e+09 Msun  h0=7.37e-16  SNR=0.790
  16. proxy_rank= 335  sky_w=1.59  f=6.76e-09 Hz  Mc=2.69e+09 Msun  h0=6.37e-16  SNR=0.756
  17. proxy_rank= 368  sky_w=1.60  f=5.64e-09 Hz  Mc=2.88e+09 Msun  h0=5.11e-16  SNR=0.707
  18. proxy_rank= 120  sky_w=1.54  f=4.70e-09 Hz  Mc=4.79e+09 Msun  h0=6.08e-16  SNR=0.703
  19. proxy_rank= 671  sky_w=1.40  f=5.30e-09 Hz  Mc=1.59e+09 Msun  h0=4.43e-16  SNR=0.701
  20. proxy_rank= 887  sky_w=1.58  f=6.36e-09 Hz  Mc=3.34e+09 Msun  h0=4.30e-16  SNR=0.673
  21. proxy_rank= 449  sky_w=1.43  f=5.88e-09 Hz  Mc=1.82e+09 Msun  h0=5.51e-16  SNR=0.665
  22. proxy_rank= 362  sky_w=0.86  f=6.22e-09 Hz  Mc=6.27e+09 Msun  h0=1.07e-15  SNR=0.662
  23. proxy_rank=  35  sky_w=1.21  f=4.15e-09 Hz  Mc=1.26e+09 Msun  h0=1.01e-15  SNR=0.659
  24. proxy_rank=  23  sky_w=1.59  f=3.02e-09 Hz  Mc=4.59e+09 Msun  h0=6.49e-16  SNR=0.645
  25. proxy_rank=  38  sky_w=1.56  f=3.83e-09 Hz  Mc=1.78e+09 Msun  h0=7.02e-16  SNR=0.637
  26. proxy_rank= 699  sky_w=1.26  f=5.27e-09 Hz  Mc=3.72e+09 Msun  h0=4.86e-16  SNR=0.623
  27. proxy_rank=   1  sky_w=1.29  f=2.31e-09 Hz  Mc=6.25e+09 Msun  h0=2.09e-15  SNR=0.604
  28. proxy_rank= 284  sky_w=1.44  f=5.60e-09 Hz  Mc=5.12e+09 Msun  h0=6.11e-16  SNR=0.600
  29. proxy_rank= 836  sky_w=1.45  f=5.09e-09 Hz  Mc=1.92e+09 Msun  h0=3.84e-16  SNR=0.586
  30. proxy_rank= 227  sky_w=1.44  f=4.25e-09 Hz  Mc=3.11e+09 Msun  h0=4.91e-16  SNR=0.586
  31. proxy_rank=  31  sky_w=1.51  f=3.78e-09 Hz  Mc=6.62e+09 Msun  h0=7.63e-16  SNR=0.579
  32. proxy_rank= 247  sky_w=0.53  f=4.20e-09 Hz  Mc=6.64e+09 Msun  h0=1.28e-15  SNR=0.578
  33. proxy_rank= 192  sky_w=1.45  f=5.27e-09 Hz  Mc=2.51e+09 Msun  h0=6.42e-16  SNR=0.577
  34. proxy_rank= 472  sky_w=1.44  f=5.55e-09 Hz  Mc=3.11e+09 Msun  h0=5.04e-16  SNR=0.565
  35. proxy_rank= 170  sky_w=1.49  f=3.78e-09 Hz  Mc=4.13e+09 Msun  h0=4.63e-16  SNR=0.565
  36. proxy_rank=  39  sky_w=1.49  f=3.13e-09 Hz  Mc=5.93e+09 Msun  h0=5.89e-16  SNR=0.563
  37. proxy_rank=  75  sky_w=1.01  f=4.41e-09 Hz  Mc=6.28e+09 Msun  h0=1.02e-15  SNR=0.563
  38. proxy_rank= 663  sky_w=1.61  f=4.85e-09 Hz  Mc=2.10e+09 Msun  h0=3.55e-16  SNR=0.558
  39. proxy_rank= 457  sky_w=1.06  f=5.88e-09 Hz  Mc=3.72e+09 Msun  h0=7.38e-16  SNR=0.552
  40. proxy_rank=  19  sky_w=1.20  f=3.52e-09 Hz  Mc=4.42e+09 Msun  h0=1.04e-15  SNR=0.551
  41. proxy_rank= 789  sky_w=1.14  f=4.72e-09 Hz  Mc=2.05e+09 Msun  h0=4.59e-16  SNR=0.546
  42. proxy_rank=  60  sky_w=1.24  f=3.37e-09 Hz  Mc=3.27e+09 Msun  h0=6.89e-16  SNR=0.531
  43. proxy_rank= 262  sky_w=1.07  f=4.13e-09 Hz  Mc=5.46e+09 Msun  h0=6.20e-16  SNR=0.525
  44. proxy_rank= 884  sky_w=1.17  f=5.54e-09 Hz  Mc=4.56e+09 Msun  h0=5.06e-16  SNR=0.525
  45. proxy_rank= 237  sky_w=1.23  f=4.56e-09 Hz  Mc=5.42e+09 Msun  h0=6.11e-16  SNR=0.524
  46. proxy_rank=  90  sky_w=1.62  f=3.45e-09 Hz  Mc=5.11e+09 Msun  h0=4.68e-16  SNR=0.523
  47. proxy_rank= 140  sky_w=1.32  f=3.47e-09 Hz  Mc=3.88e+09 Msun  h0=5.09e-16  SNR=0.521
  48. proxy_rank=  43  sky_w=1.33  f=2.96e-09 Hz  Mc=3.97e+09 Msun  h0=6.04e-16  SNR=0.520
  49. proxy_rank=   4  sky_w=1.60  f=2.24e-09 Hz  Mc=4.75e+09 Msun  h0=8.19e-16  SNR=0.513
  50. proxy_rank= 497  sky_w=1.43  f=5.66e-09 Hz  Mc=4.15e+09 Msun  h0=5.14e-16  SNR=0.512
💾 Saved: data/2026-04-29/pessimistic_run_129/consistent_population_pessimistic_targetSNR4.25_sims1.json
💾 Saved compressed pickle: data/2026-04-29/pessimistic_run_129/consistent_population_pessimistic_targetSNR4.25_sims1.pkl.gz
Saved to figures/cgw_analysis_pessimistic.pdf

======================================================================
ANALYSIS COMPLETE
Results saved to: data/2026-04-29/pessimistic_run_129
======================================================================

==========================================
Job finished at: Wed Apr 29 13:42:43 AEST 2026
Exit code: 0
==========================================

+------------------ Job Report: 11736969 (COMPLETED) ------------------+
| Memory (RAM)  [##################  ] 91.5% (36.6 GB peak / 40 GB)    |
| CPU           [################    ] 81.0% average                   |
| Time          [----------->        ] 58.7% (0-00:49:53 / 0-01:25:00) |
|                                                                      |
| Lustre Filesystem:                                                   |
|   Path    Total Read    Total Write    Total IOPS                    |
|   ------  ------------  -------------  ------------                  |
|   /apps   0 B           0 B            5                             |
|   /fred   100 KB        6.7 MB         51                            |
|   /home   6.5 GB        0 B            3.9 K                         |
|   OS      0 B           0 B            2                             |
|                                                                      |
| Warnings:                                                            |
|   - Too much time requested                                          |
+----------------------------------------------------------------------+
