==========================================
Job ID: 11739053
Job Name: smbhb_optimistic
Node: gina303
Start Time: Wed Apr 29 14:05:34 AEST 2026
==========================================

/home/bhoulden/.conda/envs/smbhb312/share/tempo2
Working directory: /fred/oz005/users/bhoulden/SMBHB_population_injections

Loaded modules:

Starting SMBHB analysis...
==========================================

📁 Save directory: data/2026-04-29/optimistic_run_198
📝 Run name: optimistic_run_198

[MEM] Start: 243.3 MB

📡 Loading pulsars...
======================================================================
LOADING NANOGRAV PULSARS (libstempo)
======================================================================

📦 Loading from cache: nanograv_pulsars_cache.pkl
⚠ Cache load failed: Ran out of input
[DEBUG] Found 76 .par files
[tempo2Util.C:396] Warning: [MISC1] Unknown parameter in par file:  DMDATA
[tempo2Util.C:401] Warning: [DUP1] duplicated warnings have been suppressed.

WARNING: Using tempo RNAMP parameter: setting TNRedC to 100!
[observatory.C:271] Warning: Assuming site 'arecibo' means 'ao'
✓ Loaded B1855+09 (7758 TOAs)

WARNING: Using tempo RNAMP parameter: setting TNRedC to 100!
✓ Loaded B1937+21 (23023 TOAs)

WARNING: Using tempo RNAMP parameter: setting TNRedC to 100!
✓ Loaded B1937+21ao (7241 TOAs)

WARNING: Using tempo RNAMP parameter: setting TNRedC to 100!
✓ Loaded B1937+21gbt (16048 TOAs)

WARNING: Using tempo RNAMP parameter: setting TNRedC to 100!
✓ Loaded B1953+29 (5126 TOAs)
✓ Loaded J0023+0923 (15896 TOAs)

WARNING: Using tempo RNAMP parameter: setting TNRedC to 100!
✓ Loaded J0030+0451 (19571 TOAs)
✓ Loaded J0340+4130 (11093 TOAs)
✓ Loaded J0406+3039 (2446 TOAs)

WARNING: Using tempo RNAMP parameter: setting TNRedC to 100!
✓ Loaded J0437-4715 (5830 TOAs)
✓ Loaded J0509+0856 (2169 TOAs)
✓ Loaded J0557+1551 (525 TOAs)
✓ Loaded J0605+3757 (554 TOAs)

WARNING: Using tempo RNAMP parameter: setting TNRedC to 100!
✓ Loaded J0610-2100 (4885 TOAs)

WARNING: Using tempo RNAMP parameter: setting TNRedC to 100!
✓ Loaded J0613-0200 (17124 TOAs)
✓ Loaded J0614-3329 (1714 TOAs)
✓ Loaded J0636+5128 (32222 TOAs)
✓ Loaded J0645+5158 (10403 TOAs)
✓ Loaded J0709+0458 (3030 TOAs)
✓ Loaded J0740+6620 (13401 TOAs)
✓ Loaded J0931-1902 (5473 TOAs)

WARNING: Using tempo RNAMP parameter: setting TNRedC to 100!
✓ Loaded J1012+5307 (25837 TOAs)
✓ Loaded J1012-4235 (797 TOAs)
✓ Loaded J1022+1001 (3978 TOAs)
✓ Loaded J1024-0719 (12635 TOAs)
✓ Loaded J1125+7819 (8723 TOAs)
✓ Loaded J1312+0051 (1705 TOAs)
✓ Loaded J1453+1902 (2551 TOAs)
✓ Loaded J1455-3330 (10818 TOAs)

WARNING: Using tempo RNAMP parameter: setting TNRedC to 100!
✓ Loaded J1600-3053 (22955 TOAs)

WARNING: Using tempo RNAMP parameter: setting TNRedC to 100!
✓ Loaded J1600-3053gbt (19725 TOAs)

WARNING: Using tempo RNAMP parameter: setting TNRedC to 100!
✓ Loaded J1614-2230 (18445 TOAs)
✓ Loaded J1630+3734 (1815 TOAs)
✓ Loaded J1640+2224 (14066 TOAs)

WARNING: Using tempo RNAMP parameter: setting TNRedC to 100!
✓ Loaded J1643-1224 (22144 TOAs)

WARNING: Using tempo RNAMP parameter: setting TNRedC to 100!
✓ Loaded J1643-1224gbt (17932 TOAs)

WARNING: Using tempo RNAMP parameter: setting TNRedC to 100!
✓ Loaded J1705-1903 (9871 TOAs)

WARNING: Using tempo RNAMP parameter: setting TNRedC to 100!
✓ Loaded J1713+0747 (59389 TOAs)

WARNING: Using tempo RNAMP parameter: setting TNRedC to 100!
✓ Loaded J1713+0747ao (21362 TOAs)

WARNING: Using tempo RNAMP parameter: setting TNRedC to 100!
✓ Loaded J1713+0747gbt (32963 TOAs)
✓ Loaded J1719-1438 (6356 TOAs)
✓ Loaded J1730-2304 (4870 TOAs)
✓ Loaded J1738+0333 (8790 TOAs)
✓ Loaded J1741+1351 (5582 TOAs)

WARNING: Using tempo RNAMP parameter: setting TNRedC to 100!
✓ Loaded J1744-1134 (17745 TOAs)

WARNING: Using tempo RNAMP parameter: setting TNRedC to 100!
✓ Loaded J1745+1017 (3017 TOAs)

WARNING: Using tempo RNAMP parameter: setting TNRedC to 100!
✓ Loaded J1747-4036 (11055 TOAs)
✓ Loaded J1751-2857 (2025 TOAs)

WARNING: Using tempo RNAMP parameter: setting TNRedC to 100!
✓ Loaded J1802-2124 (6796 TOAs)
✓ Loaded J1811-2405 (5266 TOAs)
✓ Loaded J1832-0836 (7739 TOAs)
✓ Loaded J1843-1113 (4595 TOAs)

WARNING: Using tempo RNAMP parameter: setting TNRedC to 100!
✓ Loaded J1853+1303 (4570 TOAs)

WARNING: Using tempo RNAMP parameter: setting TNRedC to 100!
✓ Loaded J1903+0327 (6856 TOAs)

WARNING: Using tempo RNAMP parameter: setting TNRedC to 100!
✓ Loaded J1903+0327ao (6423 TOAs)

WARNING: Using tempo RNAMP parameter: setting TNRedC to 100!
✓ Loaded J1909-3744 (35037 TOAs)

WARNING: Using tempo RNAMP parameter: setting TNRedC to 100!
✓ Loaded J1909-3744gbt (31526 TOAs)
✓ Loaded J1910+1256 (6486 TOAs)
✓ Loaded J1911+1347 (3786 TOAs)
✓ Loaded J1918-0642 (18875 TOAs)
✓ Loaded J1923+2515 (3974 TOAs)
✓ Loaded J1944+0907 (5328 TOAs)

WARNING: Using tempo RNAMP parameter: setting TNRedC to 100!
✓ Loaded J1946+3417 (4743 TOAs)
✓ Loaded J2010-1323 (17077 TOAs)
✓ Loaded J2017+0603 (3512 TOAs)
✓ Loaded J2033+1734 (3847 TOAs)
✓ Loaded J2043+1711 (7397 TOAs)
✓ Loaded J2124-3358 (4982 TOAs)

WARNING: Using tempo RNAMP parameter: setting TNRedC to 100!
✓ Loaded J2145-0750 (18675 TOAs)
✓ Loaded J2214+3000 (7406 TOAs)
✓ Loaded J2229+2643 (3711 TOAs)

WARNING: Using tempo RNAMP parameter: setting TNRedC to 100!
✓ Loaded J2234+0611 (3566 TOAs)
✓ Loaded J2234+0944 (7535 TOAs)
✓ Loaded J2302+4442 (10211 TOAs)
✓ Loaded J2317+1439 (13927 TOAs)
✓ Loaded J2322+2057 (3088 TOAs)
⚠ Could not save cache: no default __reduce__ due to non-trivial __cinit__

✓ Loaded 76 pulsars
✗ Failed: 0 — []
[MEM] After loading pulsars: 8863.8 MB

🔍 Filtering pulsars...

Filtered: 76 → 67 pulsars
[MEM] After filtering pulsars: 8866.4 MB
[MEM] After garbage collection: 8866.6 MB

======================================================================
SMBHB POPULATION ANALYSIS
======================================================================

Configuration: optimistic
  Larger mass, higher spread in distance, small population
  N_binaries: 500

======================================================================
CONSISTENT POPULATION SYNTHESIS
======================================================================

======================================================================
GENERATING SNR-CONSISTENT POPULATIONS
======================================================================
Target SNR:          4.0
Simulations:         1
======================================================================


──────────────────────────────────────────────────────────────────────
SIMULATION 1/1
──────────────────────────────────────────────────────────────────────
  [B1855+09] zeroing residuals...
  [B1855+09] adding red noise...
  [B1855+09] white noise for 430_ASP (390 TOAs)...
  [B1855+09] white noise for 430_PUPPI (1185 TOAs)...
  [B1855+09] white noise for L-wide_ASP (1178 TOAs)...
  [B1855+09] white noise for L-wide_PUPPI (5005 TOAs)...
  [B1937+21] zeroing residuals...
  [B1937+21] adding red noise...
  [B1937+21] white noise for Rcvr_800_GUPPI (7140 TOAs)...
  [B1937+21] white noise for L-wide_ASP (452 TOAs)...
  [B1937+21] white noise for L-wide_PUPPI (4133 TOAs)...
  [B1937+21] white noise for Rcvr1_2_GASP (1069 TOAs)...
  [B1937+21] white noise for Rcvr1_2_GUPPI (7048 TOAs)...
  [B1937+21] white noise for S-wide_ASP (344 TOAs)...
  [B1937+21] white noise for S-wide_PUPPI (2251 TOAs)...
  [B1937+21] white noise for Rcvr_800_GASP (586 TOAs)...
  [B1953+29] zeroing residuals...
  [B1953+29] adding red noise...
  [B1953+29] white noise for 430_ASP (29 TOAs)...
  [B1953+29] white noise for L-wide_ASP (94 TOAs)...
  [B1953+29] white noise for L-wide_PUPPI (4037 TOAs)...
  [B1953+29] white noise for 430_PUPPI (941 TOAs)...
  [B1953+29] white noise for S-wide_ASP (25 TOAs)...
  [J0023+0923] zeroing residuals...
  [J0023+0923] adding red noise...
  [J0023+0923] white noise for 430_ASP (90 TOAs)...
  [J0023+0923] white noise for 430_PUPPI (4564 TOAs)...
  [J0023+0923] white noise for L-wide_ASP (119 TOAs)...
  [J0023+0923] white noise for L-wide_PUPPI (11123 TOAs)...
  [J0030+0451] zeroing residuals...
  [J0030+0451] adding red noise...
  [J0030+0451] white noise for 430_ASP (267 TOAs)...
  [J0030+0451] white noise for L-wide_ASP (789 TOAs)...
  [J0030+0451] white noise for L-wide_PUPPI (12774 TOAs)...
  [J0030+0451] white noise for 430_PUPPI (3068 TOAs)...
  [J0030+0451] white noise for S-wide_PUPPI (2673 TOAs)...
  [J0340+4130] zeroing residuals...
  [J0340+4130] adding red noise...
  [J0340+4130] white noise for Rcvr_800_GUPPI (6056 TOAs)...
  [J0340+4130] white noise for Rcvr1_2_GUPPI (5037 TOAs)...
  [J0406+3039] zeroing residuals...
  [J0406+3039] adding red noise...
  [J0406+3039] white noise for S-wide_PUPPI (575 TOAs)...
  [J0406+3039] white noise for L-wide_PUPPI (1871 TOAs)...
  [J0437-4715] zeroing residuals...
  [J0437-4715] adding red noise...
  [J0437-4715] white noise for 3GHz_YUPPI (3696 TOAs)...
  [J0437-4715] white noise for 1.5GHz_YUPPI (2134 TOAs)...
  [J0509+0856] zeroing residuals...
  [J0509+0856] adding red noise...
  [J0509+0856] white noise for S-wide_PUPPI (544 TOAs)...
  [J0509+0856] white noise for L-wide_PUPPI (1625 TOAs)...
  [J0557+1551] zeroing residuals...
  [J0557+1551] adding red noise...
  [J0557+1551] white noise for S-wide_PUPPI (58 TOAs)...
  [J0557+1551] white noise for L-wide_PUPPI (467 TOAs)...
  [J0605+3757] zeroing residuals...
  [J0605+3757] adding red noise...
  [J0605+3757] white noise for Rcvr_800_GUPPI (236 TOAs)...
  [J0605+3757] white noise for Rcvr1_2_GUPPI (318 TOAs)...
  [J0610-2100] zeroing residuals...
  [J0610-2100] adding red noise...
  [J0610-2100] white noise for Rcvr_800_GUPPI (2484 TOAs)...
  [J0610-2100] white noise for Rcvr1_2_GUPPI (2401 TOAs)...
  [J0613-0200] zeroing residuals...
  [J0613-0200] adding red noise...
  [J0613-0200] white noise for Rcvr_800_GUPPI (7900 TOAs)...
  [J0613-0200] white noise for Rcvr_800_GASP (809 TOAs)...
  [J0613-0200] white noise for Rcvr1_2_GUPPI (7423 TOAs)...
  [J0613-0200] white noise for Rcvr1_2_GASP (992 TOAs)...
  [J0636+5128] zeroing residuals...
  [J0636+5128] adding red noise...
  [J0636+5128] white noise for Rcvr_800_GUPPI (17419 TOAs)...
  [J0636+5128] white noise for Rcvr1_2_GUPPI (14803 TOAs)...
  [J0645+5158] zeroing residuals...
  [J0645+5158] adding red noise...
  [J0645+5158] white noise for Rcvr_800_GUPPI (4682 TOAs)...
  [J0645+5158] white noise for Rcvr1_2_GUPPI (5721 TOAs)...
  [J0709+0458] zeroing residuals...
  [J0709+0458] adding red noise...
  [J0709+0458] white noise for S-wide_PUPPI (595 TOAs)...
  [J0709+0458] white noise for L-wide_PUPPI (2435 TOAs)...
  [J0740+6620] zeroing residuals...
  [J0740+6620] adding red noise...
  [J0740+6620] white noise for Rcvr_800_GUPPI (5136 TOAs)...
  [J0740+6620] white noise for Rcvr1_2_GUPPI (8265 TOAs)...
  [J0931-1902] zeroing residuals...
  [J0931-1902] adding red noise...
  [J0931-1902] white noise for Rcvr_800_GUPPI (3419 TOAs)...
  [J0931-1902] white noise for Rcvr1_2_GUPPI (2054 TOAs)...
  [J1012+5307] zeroing residuals...
  [J1012+5307] adding red noise...
  [J1012+5307] white noise for Rcvr_800_GUPPI (10299 TOAs)...
  [J1012+5307] white noise for Rcvr_800_GASP (1210 TOAs)...
  [J1012+5307] white noise for Rcvr1_2_GUPPI (12849 TOAs)...
  [J1012+5307] white noise for Rcvr1_2_GASP (1479 TOAs)...
  [J1012-4235] zeroing residuals...
  [J1012-4235] adding red noise...
  [J1012-4235] white noise for Rcvr_800_GUPPI (342 TOAs)...
  [J1012-4235] white noise for Rcvr1_2_GUPPI (455 TOAs)...
  [J1022+1001] zeroing residuals...
  [J1022+1001] adding red noise...
  [J1022+1001] white noise for S-wide_PUPPI (1154 TOAs)...
  [J1022+1001] white noise for 430_PUPPI (232 TOAs)...
  [J1022+1001] white noise for L-wide_PUPPI (2592 TOAs)...
  [J1024-0719] zeroing residuals...
  [J1024-0719] adding red noise...
  [J1024-0719] white noise for Rcvr_800_GUPPI (5455 TOAs)...
  [J1024-0719] white noise for Rcvr_800_GASP (51 TOAs)...
  [J1024-0719] white noise for Rcvr1_2_GUPPI (7086 TOAs)...
  [J1024-0719] white noise for Rcvr1_2_GASP (43 TOAs)...
  [J1125+7819] zeroing residuals...
  [J1125+7819] adding red noise...
  [J1125+7819] white noise for Rcvr_800_GUPPI (4707 TOAs)...
  [J1125+7819] white noise for Rcvr1_2_GUPPI (4016 TOAs)...
  [J1312+0051] zeroing residuals...
  [J1312+0051] adding red noise...
  [J1312+0051] white noise for S-wide_PUPPI (416 TOAs)...
  [J1312+0051] white noise for L-wide_PUPPI (1289 TOAs)...
  [J1453+1902] zeroing residuals...
  [J1453+1902] adding red noise...
  [J1453+1902] white noise for S-wide_PUPPI (4 TOAs)...
  [J1453+1902] white noise for 430_PUPPI (425 TOAs)...
  [J1453+1902] white noise for L-wide_PUPPI (2122 TOAs)...
  [J1455-3330] zeroing residuals...
  [J1455-3330] adding red noise...
  [J1455-3330] white noise for Rcvr_800_GUPPI (4843 TOAs)...
  [J1455-3330] white noise for Rcvr_800_GASP (479 TOAs)...
  [J1455-3330] white noise for Rcvr1_2_GUPPI (4932 TOAs)...
  [J1455-3330] white noise for Rcvr1_2_GASP (564 TOAs)...
  [J1600-3053] zeroing residuals...
  [J1600-3053] adding red noise...
  [J1600-3053] white noise for 3GHz_YUPPI (3237 TOAs)...
  [J1600-3053] white noise for Rcvr_800_GUPPI (8796 TOAs)...
  [J1600-3053] white noise for Rcvr1_2_GASP (457 TOAs)...
  [J1600-3053] white noise for Rcvr1_2_GUPPI (10168 TOAs)...
  [J1600-3053] white noise for Rcvr_800_GASP (297 TOAs)...
  [J1614-2230] zeroing residuals...
  [J1614-2230] adding red noise...
  [J1614-2230] white noise for Rcvr_800_GUPPI (7768 TOAs)...
  [J1614-2230] white noise for Rcvr_800_GASP (84 TOAs)...
  [J1614-2230] white noise for Rcvr1_2_GUPPI (10509 TOAs)...
  [J1614-2230] white noise for Rcvr1_2_GASP (84 TOAs)...
  [J1630+3734] zeroing residuals...
  [J1630+3734] adding red noise...
  [J1630+3734] white noise for Rcvr_800_GUPPI (906 TOAs)...
  [J1630+3734] white noise for Rcvr1_2_GUPPI (909 TOAs)...
  [J1640+2224] zeroing residuals...
  [J1640+2224] adding red noise...
  [J1640+2224] white noise for 430_ASP (340 TOAs)...
  [J1640+2224] white noise for 430_PUPPI (3157 TOAs)...
  [J1640+2224] white noise for L-wide_ASP (722 TOAs)...
  [J1640+2224] white noise for L-wide_PUPPI (9847 TOAs)...
  [J1643-1224] zeroing residuals...
  [J1643-1224] adding red noise...
  [J1643-1224] white noise for 3GHz_YUPPI (4215 TOAs)...
  [J1643-1224] white noise for Rcvr_800_GUPPI (7734 TOAs)...
  [J1643-1224] white noise for Rcvr1_2_GASP (833 TOAs)...
  [J1643-1224] white noise for Rcvr1_2_GUPPI (8803 TOAs)...
  [J1643-1224] white noise for Rcvr_800_GASP (559 TOAs)...
  [J1705-1903] zeroing residuals...
  [J1705-1903] adding red noise...
  [J1705-1903] white noise for Rcvr_800_GUPPI (3521 TOAs)...
  [J1705-1903] white noise for Rcvr1_2_GUPPI (6350 TOAs)...
  [J1713+0747] zeroing residuals...
  [J1713+0747] adding red noise...
  [J1713+0747] white noise for 3GHz_YUPPI (3282 TOAs)...
  [J1713+0747] white noise for Rcvr_800_GUPPI (8479 TOAs)...
  [J1713+0747] white noise for L-wide_ASP (843 TOAs)...
  [J1713+0747] white noise for L-wide_PUPPI (12743 TOAs)...
  [J1713+0747] white noise for Rcvr1_2_GASP (1109 TOAs)...
  [J1713+0747] white noise for Rcvr1_2_GUPPI (22334 TOAs)...
  [J1713+0747] white noise for S-wide_ASP (624 TOAs)...
  [J1713+0747] white noise for S-wide_PUPPI (7482 TOAs)...
  [J1713+0747] white noise for 1.5GHz_YUPPI (1461 TOAs)...
  [J1713+0747] white noise for Rcvr_800_GASP (1032 TOAs)...
  [J1719-1438] zeroing residuals...
  [J1719-1438] adding red noise...
  [J1719-1438] white noise for Rcvr_800_GUPPI (3634 TOAs)...
  [J1719-1438] white noise for Rcvr1_2_GUPPI (2722 TOAs)...
  [J1730-2304] zeroing residuals...
  [J1730-2304] adding red noise...
  [J1730-2304] white noise for Rcvr_800_GUPPI (2503 TOAs)...
  [J1730-2304] white noise for Rcvr1_2_GUPPI (2367 TOAs)...
  [J1738+0333] zeroing residuals...
  [J1738+0333] adding red noise...
  [J1738+0333] white noise for S-wide_PUPPI (1737 TOAs)...
  [J1738+0333] white noise for L-wide_ASP (201 TOAs)...
  [J1738+0333] white noise for L-wide_PUPPI (6718 TOAs)...
  [J1738+0333] white noise for S-wide_ASP (134 TOAs)...
  [J1741+1351] zeroing residuals...
  [J1741+1351] adding red noise...
  [J1741+1351] white noise for 430_ASP (27 TOAs)...
  [J1741+1351] white noise for L-wide_ASP (236 TOAs)...
  [J1741+1351] white noise for L-wide_PUPPI (4045 TOAs)...
  [J1741+1351] white noise for 430_PUPPI (1159 TOAs)...
  [J1741+1351] white noise for S-wide_ASP (115 TOAs)...
  [J1744-1134] zeroing residuals...
  [J1744-1134] adding red noise...
  [J1744-1134] white noise for Rcvr_800_GUPPI (7899 TOAs)...
  [J1744-1134] white noise for Rcvr_800_GASP (930 TOAs)...
  [J1744-1134] white noise for Rcvr1_2_GUPPI (8109 TOAs)...
  [J1744-1134] white noise for Rcvr1_2_GASP (807 TOAs)...
  [J1745+1017] zeroing residuals...
  [J1745+1017] adding red noise...
  [J1745+1017] white noise for S-wide_PUPPI (838 TOAs)...
  [J1745+1017] white noise for L-wide_PUPPI (2179 TOAs)...
  [J1747-4036] zeroing residuals...
  [J1747-4036] adding red noise...
  [J1747-4036] white noise for Rcvr_800_GUPPI (5816 TOAs)...
  [J1747-4036] white noise for Rcvr1_2_GUPPI (5239 TOAs)...
  [J1751-2857] zeroing residuals...
  [J1751-2857] adding red noise...
  [J1751-2857] white noise for Rcvr_800_GUPPI (239 TOAs)...
  [J1751-2857] white noise for Rcvr1_2_GUPPI (1786 TOAs)...
  [J1802-2124] zeroing residuals...
  [J1802-2124] adding red noise...
  [J1802-2124] white noise for Rcvr_800_GUPPI (3565 TOAs)...
  [J1802-2124] white noise for Rcvr1_2_GUPPI (3231 TOAs)...
  [J1811-2405] zeroing residuals...
  [J1811-2405] adding red noise...
  [J1811-2405] white noise for Rcvr_800_GUPPI (2628 TOAs)...
  [J1811-2405] white noise for Rcvr1_2_GUPPI (2638 TOAs)...
  [J1832-0836] zeroing residuals...
  [J1832-0836] adding red noise...
  [J1832-0836] white noise for Rcvr_800_GUPPI (3078 TOAs)...
  [J1832-0836] white noise for Rcvr1_2_GUPPI (4661 TOAs)...
  [J1843-1113] zeroing residuals...
  [J1843-1113] adding red noise...
  [J1843-1113] white noise for Rcvr_800_GUPPI (2201 TOAs)...
  [J1843-1113] white noise for Rcvr1_2_GUPPI (2394 TOAs)...
  [J1853+1303] zeroing residuals...
  [J1853+1303] adding red noise...
  [J1853+1303] white noise for 430_ASP (24 TOAs)...
  [J1853+1303] white noise for 430_PUPPI (1151 TOAs)...
  [J1853+1303] white noise for L-wide_ASP (33 TOAs)...
  [J1853+1303] white noise for L-wide_PUPPI (3362 TOAs)...
  [J1903+0327] zeroing residuals...
  [J1903+0327] adding red noise...
  [J1903+0327] white noise for 3GHz_YUPPI (439 TOAs)...
  [J1903+0327] white noise for L-wide_ASP (139 TOAs)...
  [J1903+0327] white noise for L-wide_PUPPI (3845 TOAs)...
  [J1903+0327] white noise for S-wide_ASP (151 TOAs)...
  [J1903+0327] white noise for S-wide_PUPPI (2282 TOAs)...
  [J1909-3744] zeroing residuals...
  [J1909-3744] adding red noise...
  [J1909-3744] white noise for 3GHz_YUPPI (3525 TOAs)...
  [J1909-3744] white noise for Rcvr_800_GUPPI (9399 TOAs)...
  [J1909-3744] white noise for Rcvr1_2_GASP (808 TOAs)...
  [J1909-3744] white noise for Rcvr1_2_GUPPI (20439 TOAs)...
  [J1909-3744] white noise for Rcvr_800_GASP (866 TOAs)...
  [J1910+1256] zeroing residuals...
  [J1910+1256] adding red noise...
  [J1910+1256] white noise for S-wide_PUPPI (1857 TOAs)...
  [J1910+1256] white noise for L-wide_ASP (297 TOAs)...
  [J1910+1256] white noise for L-wide_PUPPI (4124 TOAs)...
  [J1910+1256] white noise for S-wide_ASP (208 TOAs)...
  [J1911+1347] zeroing residuals...
  [J1911+1347] adding red noise...
  [J1911+1347] white noise for 430_PUPPI (753 TOAs)...
  [J1911+1347] white noise for L-wide_PUPPI (3033 TOAs)...
  [J1918-0642] zeroing residuals...
  [J1918-0642] adding red noise...
  [J1918-0642] white noise for Rcvr_800_GUPPI (8352 TOAs)...
  [J1918-0642] white noise for Rcvr_800_GASP (835 TOAs)...
  [J1918-0642] white noise for Rcvr1_2_GUPPI (8910 TOAs)...
  [J1918-0642] white noise for Rcvr1_2_GASP (778 TOAs)...
  [J1923+2515] zeroing residuals...
  [J1923+2515] adding red noise...
  [J1923+2515] white noise for 430_ASP (10 TOAs)...
  [J1923+2515] white noise for 430_PUPPI (922 TOAs)...
  [J1923+2515] white noise for L-wide_ASP (14 TOAs)...
  [J1923+2515] white noise for L-wide_PUPPI (3028 TOAs)...
  [J1944+0907] zeroing residuals...
  [J1944+0907] adding red noise...
  [J1944+0907] white noise for 430_ASP (38 TOAs)...
  [J1944+0907] white noise for L-wide_ASP (257 TOAs)...
  [J1944+0907] white noise for L-wide_PUPPI (3900 TOAs)...
  [J1944+0907] white noise for 430_PUPPI (1017 TOAs)...
  [J1944+0907] white noise for S-wide_ASP (116 TOAs)...
  [J1946+3417] zeroing residuals...
  [J1946+3417] adding red noise...
  [J1946+3417] white noise for S-wide_PUPPI (1546 TOAs)...
  [J1946+3417] white noise for L-wide_PUPPI (3197 TOAs)...
  [J2010-1323] zeroing residuals...
  [J2010-1323] adding red noise...
  [J2010-1323] white noise for Rcvr_800_GUPPI (9158 TOAs)...
  [J2010-1323] white noise for Rcvr_800_GASP (70 TOAs)...
  [J2010-1323] white noise for Rcvr1_2_GUPPI (7779 TOAs)...
  [J2010-1323] white noise for Rcvr1_2_GASP (70 TOAs)...
  [J2017+0603] zeroing residuals...
  [J2017+0603] adding red noise...
  [J2017+0603] white noise for S-wide_PUPPI (849 TOAs)...
  [J2017+0603] white noise for 430_PUPPI (78 TOAs)...
  [J2017+0603] white noise for L-wide_ASP (16 TOAs)...
  [J2017+0603] white noise for L-wide_PUPPI (2569 TOAs)...
  [J2033+1734] zeroing residuals...
  [J2033+1734] adding red noise...
  [J2033+1734] white noise for 430_PUPPI (797 TOAs)...
  [J2033+1734] white noise for L-wide_PUPPI (3050 TOAs)...
  [J2043+1711] zeroing residuals...
  [J2043+1711] adding red noise...
  [J2043+1711] white noise for 430_ASP (30 TOAs)...
  [J2043+1711] white noise for 430_PUPPI (2908 TOAs)...
  [J2043+1711] white noise for L-wide_ASP (40 TOAs)...
  [J2043+1711] white noise for L-wide_PUPPI (4419 TOAs)...
  [J2124-3358] zeroing residuals...
  [J2124-3358] adding red noise...
  [J2124-3358] white noise for Rcvr_800_GUPPI (2025 TOAs)...
  [J2124-3358] white noise for Rcvr1_2_GUPPI (2957 TOAs)...
  [J2145-0750] zeroing residuals...
  [J2145-0750] adding red noise...
  [J2145-0750] white noise for Rcvr_800_GUPPI (8728 TOAs)...
  [J2145-0750] white noise for Rcvr_800_GASP (362 TOAs)...
  [J2145-0750] white noise for Rcvr1_2_GUPPI (9158 TOAs)...
  [J2145-0750] white noise for Rcvr1_2_GASP (427 TOAs)...
  [J2214+3000] zeroing residuals...
  [J2214+3000] adding red noise...
  [J2214+3000] white noise for S-wide_PUPPI (1568 TOAs)...
  [J2214+3000] white noise for L-wide_ASP (9 TOAs)...
  [J2214+3000] white noise for L-wide_PUPPI (5829 TOAs)...
  [J2229+2643] zeroing residuals...
  [J2229+2643] adding red noise...
  [J2229+2643] white noise for 430_PUPPI (956 TOAs)...
  [J2229+2643] white noise for L-wide_PUPPI (2755 TOAs)...
  [J2234+0611] zeroing residuals...
  [J2234+0611] adding red noise...
  [J2234+0611] white noise for 430_PUPPI (653 TOAs)...
  [J2234+0611] white noise for L-wide_PUPPI (2913 TOAs)...
  [J2234+0944] zeroing residuals...
  [J2234+0944] adding red noise...
  [J2234+0944] white noise for S-wide_PUPPI (2532 TOAs)...
  [J2234+0944] white noise for L-wide_PUPPI (5003 TOAs)...
  [J2302+4442] zeroing residuals...
  [J2302+4442] adding red noise...
  [J2302+4442] white noise for Rcvr_800_GUPPI (6432 TOAs)...
  [J2302+4442] white noise for Rcvr1_2_GUPPI (3779 TOAs)...
  [J2317+1439] zeroing residuals...
  [J2317+1439] adding red noise...
  [J2317+1439] white noise for 430_ASP (458 TOAs)...
  [J2317+1439] white noise for L-wide_PUPPI (9563 TOAs)...
  [J2317+1439] white noise for 327_ASP (413 TOAs)...
  [J2317+1439] white noise for 430_PUPPI (3217 TOAs)...
  [J2317+1439] white noise for 327_PUPPI (276 TOAs)...
  [J2322+2057] zeroing residuals...
  [J2322+2057] adding red noise...
  [J2322+2057] white noise for S-wide_PUPPI (140 TOAs)...
  [J2322+2057] white noise for 430_PUPPI (752 TOAs)...
  [J2322+2057] white noise for L-wide_PUPPI (2196 TOAs)...
Resetting pulsars to clean stoas...
Restore: 0.00 s
Inject: 0.00 s
Snapshotting into enterprise Pulsar objects...
Building PTA...
PTA build: 451.23 s
Computing optimal statistic...
OS time: 41.52 s
Total: 492.76 s
Noise-only SNR baseline: 0.1717

Generating SNR-consistent population...
Target SNR: 4.0
Resetting pulsars to clean stoas...
Restore: 0.00 s
Injecting population...
  B1855+09: RMS = 8063.828 ns
  B1937+21: RMS = 4452.441 ns
  B1953+29: RMS = 10030.442 ns
  J0023+0923: RMS = 3654.794 ns
  J0030+0451: RMS = 2589.625 ns
  J0340+4130: RMS = 7453.865 ns
  J0406+3039: RMS = 1265.215 ns
  J0437-4715: RMS = 1856.600 ns
  J0509+0856: RMS = 1732.109 ns
  J0557+1551: RMS = 3809.504 ns
  J0605+3757: RMS = 2931.645 ns
  J0610-2100: RMS = 570.189 ns
  J0613-0200: RMS = 1805.425 ns
  J0636+5128: RMS = 2186.290 ns
  J0645+5158: RMS = 2456.868 ns
  J0709+0458: RMS = 350.904 ns
  J0740+6620: RMS = 2491.948 ns
  J0931-1902: RMS = 3946.914 ns
  J1012+5307: RMS = 4850.664 ns
  J1012-4235: RMS = 1731.931 ns
  J1022+1001: RMS = 2203.926 ns
  J1024-0719: RMS = 2543.438 ns
  J1125+7819: RMS = 3737.467 ns
  J1312+0051: RMS = 679.569 ns
  J1453+1902: RMS = 1365.658 ns
  J1455-3330: RMS = 2190.139 ns
  J1600-3053: RMS = 3949.185 ns
  J1614-2230: RMS = 4006.501 ns
  J1630+3734: RMS = 1202.477 ns
  J1640+2224: RMS = 6361.545 ns
  J1643-1224: RMS = 6415.547 ns
  J1705-1903: RMS = 1840.991 ns
  J1713+0747: RMS = 7668.833 ns
  J1719-1438: RMS = 3201.644 ns
  J1730-2304: RMS = 2750.149 ns
  J1738+0333: RMS = 6823.813 ns
  J1741+1351: RMS = 9313.686 ns
  J1744-1134: RMS = 7995.636 ns
  J1745+1017: RMS = 7256.818 ns
  J1747-4036: RMS = 4961.172 ns
  J1751-2857: RMS = 2936.028 ns
  J1802-2124: RMS = 3515.249 ns
  J1811-2405: RMS = 3756.900 ns
  J1832-0836: RMS = 7360.629 ns
  J1843-1113: RMS = 5356.831 ns
  J1853+1303: RMS = 7412.467 ns
  J1903+0327: RMS = 6559.616 ns
  J1909-3744: RMS = 4520.173 ns
  J1910+1256: RMS = 7148.369 ns
  J1911+1347: RMS = 4327.232 ns
  J1918-0642: RMS = 5519.772 ns
  J1923+2515: RMS = 6209.800 ns
  J1944+0907: RMS = 5464.758 ns
  J1946+3417: RMS = 5264.431 ns
  J2010-1323: RMS = 5545.513 ns
  J2017+0603: RMS = 7844.132 ns
  J2033+1734: RMS = 4862.761 ns
  J2043+1711: RMS = 9713.124 ns
  J2124-3358: RMS = 1156.932 ns
  J2145-0750: RMS = 8784.300 ns
  J2214+3000: RMS = 3200.610 ns
  J2229+2643: RMS = 7173.610 ns
  J2234+0611: RMS = 5216.244 ns
  J2234+0944: RMS = 8223.571 ns
  J2302+4442: RMS = 1916.260 ns
  J2317+1439: RMS = 4497.480 ns
  J2322+2057: RMS = 5492.998 ns
Inject: 0.53 s
Snapshotting into enterprise Pulsar objects...
Building PTA...
PTA build: 454.29 s
Computing optimal statistic...
OS time: 41.77 s
Total: 496.59 s
Initial SNR: 35.5145, Target SNR: 4.0000
  Initial SNR 35.5145 outside of provided SNR_range [3.5, 4.25] — rescaling.
Scaling distances by factor 3.0384 to achieve target SNR...
Resetting pulsars to clean stoas...
Restore: 0.00 s
Injecting population...
  B1855+09: RMS = 2653.943 ns
  B1937+21: RMS = 1465.374 ns
  B1953+29: RMS = 3301.189 ns
  J0023+0923: RMS = 1202.855 ns
  J0030+0451: RMS = 852.290 ns
  J0340+4130: RMS = 2453.194 ns
  J0406+3039: RMS = 416.404 ns
  J0437-4715: RMS = 611.039 ns
  J0509+0856: RMS = 570.066 ns
  J0557+1551: RMS = 1253.773 ns
  J0605+3757: RMS = 964.854 ns
  J0610-2100: RMS = 187.659 ns
  J0613-0200: RMS = 594.196 ns
  J0636+5128: RMS = 719.545 ns
  J0645+5158: RMS = 808.597 ns
  J0709+0458: RMS = 115.488 ns
  J0740+6620: RMS = 820.143 ns
  J0931-1902: RMS = 1298.997 ns
  J1012+5307: RMS = 1596.436 ns
  J1012-4235: RMS = 570.008 ns
  J1022+1001: RMS = 725.350 ns
  J1024-0719: RMS = 837.089 ns
  J1125+7819: RMS = 1230.064 ns
  J1312+0051: RMS = 223.658 ns
  J1453+1902: RMS = 449.461 ns
  J1455-3330: RMS = 720.812 ns
  J1600-3053: RMS = 1299.744 ns
  J1614-2230: RMS = 1318.608 ns
  J1630+3734: RMS = 395.756 ns
  J1640+2224: RMS = 2093.693 ns
  J1643-1224: RMS = 2111.466 ns
  J1705-1903: RMS = 605.901 ns
  J1713+0747: RMS = 2523.943 ns
  J1719-1438: RMS = 1053.716 ns
  J1730-2304: RMS = 905.121 ns
  J1738+0333: RMS = 2245.833 ns
  J1741+1351: RMS = 3065.293 ns
  J1744-1134: RMS = 2631.500 ns
  J1745+1017: RMS = 2388.343 ns
  J1747-4036: RMS = 1632.806 ns
  J1751-2857: RMS = 966.297 ns
  J1802-2124: RMS = 1156.928 ns
  J1811-2405: RMS = 1236.460 ns
  J1832-0836: RMS = 2422.508 ns
  J1843-1113: RMS = 1763.024 ns
  J1853+1303: RMS = 2439.569 ns
  J1903+0327: RMS = 2158.881 ns
  J1909-3744: RMS = 1487.666 ns
  J1910+1256: RMS = 2352.650 ns
  J1911+1347: RMS = 1424.166 ns
  J1918-0642: RMS = 1816.651 ns
  J1923+2515: RMS = 2043.751 ns
  J1944+0907: RMS = 1798.545 ns
  J1946+3417: RMS = 1732.614 ns
  J2010-1323: RMS = 1825.123 ns
  J2017+0603: RMS = 2581.638 ns
  J2033+1734: RMS = 1600.418 ns
  J2043+1711: RMS = 3196.755 ns
  J2124-3358: RMS = 380.766 ns
  J2145-0750: RMS = 2891.063 ns
  J2214+3000: RMS = 1053.375 ns
  J2229+2643: RMS = 2360.957 ns
  J2234+0611: RMS = 1716.755 ns
  J2234+0944: RMS = 2706.517 ns
  J2302+4442: RMS = 630.674 ns
  J2317+1439: RMS = 1480.197 ns
  J2322+2057: RMS = 1807.839 ns
Inject: 0.52 s
Snapshotting into enterprise Pulsar objects...
Building PTA...
PTA build: 457.89 s
Computing optimal statistic...
OS time: 60.81 s
Total: 519.23 s
  SNR 3.1196 outside of provided SNR_range [3.5, 4.25] — rescaling.
[Iteration 1/4] SNR after scaling: 3.1196 (target: 4.0000)
  SNR history: it0→35.5145@1.0000x, it1→3.1196@3.0384x
  Re-scaling distances by factor 0.5737  (cumulative after: 1.7431×)
Resetting pulsars to clean stoas...
Restore: 0.00 s
Injecting population...
  B1855+09: RMS = 4626.115 ns
  B1937+21: RMS = 2554.309 ns
  B1953+29: RMS = 5754.337 ns
  J0023+0923: RMS = 2096.709 ns
  J0030+0451: RMS = 1485.635 ns
  J0340+4130: RMS = 4276.187 ns
  J0406+3039: RMS = 725.838 ns
  J0437-4715: RMS = 1065.108 ns
  J0509+0856: RMS = 993.689 ns
  J0557+1551: RMS = 2185.464 ns
  J0605+3757: RMS = 1681.847 ns
  J0610-2100: RMS = 327.110 ns
  J0613-0200: RMS = 1035.750 ns
  J0636+5128: RMS = 1254.247 ns
  J0645+5158: RMS = 1409.474 ns
  J0709+0458: RMS = 201.309 ns
  J0740+6620: RMS = 1429.599 ns
  J0931-1902: RMS = 2264.294 ns
  J1012+5307: RMS = 2782.764 ns
  J1012-4235: RMS = 993.587 ns
  J1022+1001: RMS = 1264.364 ns
  J1024-0719: RMS = 1459.138 ns
  J1125+7819: RMS = 2144.137 ns
  J1312+0051: RMS = 389.860 ns
  J1453+1902: RMS = 783.460 ns
  J1455-3330: RMS = 1256.455 ns
  J1600-3053: RMS = 2265.597 ns
  J1614-2230: RMS = 2298.479 ns
  J1630+3734: RMS = 689.846 ns
  J1640+2224: RMS = 3649.537 ns
  J1643-1224: RMS = 3680.518 ns
  J1705-1903: RMS = 1056.153 ns
  J1713+0747: RMS = 4399.511 ns
  J1719-1438: RMS = 1836.742 ns
  J1730-2304: RMS = 1577.725 ns
  J1738+0333: RMS = 3914.735 ns
  J1741+1351: RMS = 5343.143 ns
  J1744-1134: RMS = 4586.994 ns
  J1745+1017: RMS = 4163.144 ns
  J1747-4036: RMS = 2846.161 ns
  J1751-2857: RMS = 1684.362 ns
  J1802-2124: RMS = 2016.653 ns
  J1811-2405: RMS = 2155.286 ns
  J1832-0836: RMS = 4222.699 ns
  J1843-1113: RMS = 3073.146 ns
  J1853+1303: RMS = 4252.438 ns
  J1903+0327: RMS = 3763.168 ns
  J1909-3744: RMS = 2593.166 ns
  J1910+1256: RMS = 4100.928 ns
  J1911+1347: RMS = 2482.478 ns
  J1918-0642: RMS = 3166.622 ns
  J1923+2515: RMS = 3562.483 ns
  J1944+0907: RMS = 3135.062 ns
  J1946+3417: RMS = 3020.137 ns
  J2010-1323: RMS = 3181.390 ns
  J2017+0603: RMS = 4500.079 ns
  J2033+1734: RMS = 2789.704 ns
  J2043+1711: RMS = 5572.295 ns
  J2124-3358: RMS = 663.717 ns
  J2145-0750: RMS = 5039.441 ns
  J2214+3000: RMS = 1836.149 ns
  J2229+2643: RMS = 4115.408 ns
  J2234+0611: RMS = 2992.493 ns
  J2234+0944: RMS = 4717.758 ns
  J2302+4442: RMS = 1099.334 ns
  J2317+1439: RMS = 2580.147 ns
  J2322+2057: RMS = 3151.263 ns
Inject: 0.54 s
Snapshotting into enterprise Pulsar objects...
Building PTA...
PTA build: 469.13 s
Computing optimal statistic...
OS time: 48.30 s
Total: 517.98 s
  SNR 10.8280 outside of provided SNR_range [3.5, 4.25] — rescaling.
[Iteration 2/4] SNR after scaling: 10.8280 (target: 4.0000)
  SNR history: it0→35.5145@1.0000x, it1→3.1196@3.0384x, it2→10.8280@1.7431x
  Re-scaling distances by factor 1.3203  (cumulative after: 2.3014×)
Resetting pulsars to clean stoas...
Restore: 0.00 s
Injecting population...
  B1855+09: RMS = 3503.919 ns
  B1937+21: RMS = 1934.688 ns
  B1953+29: RMS = 4358.458 ns
  J0023+0923: RMS = 1588.092 ns
  J0030+0451: RMS = 1125.251 ns
  J0340+4130: RMS = 3238.876 ns
  J0406+3039: RMS = 549.765 ns
  J0437-4715: RMS = 806.736 ns
  J0509+0856: RMS = 752.641 ns
  J0557+1551: RMS = 1655.317 ns
  J0605+3757: RMS = 1273.867 ns
  J0610-2100: RMS = 247.760 ns
  J0613-0200: RMS = 784.499 ns
  J0636+5128: RMS = 949.993 ns
  J0645+5158: RMS = 1067.566 ns
  J0709+0458: RMS = 152.476 ns
  J0740+6620: RMS = 1082.809 ns
  J0931-1902: RMS = 1715.025 ns
  J1012+5307: RMS = 2107.725 ns
  J1012-4235: RMS = 752.564 ns
  J1022+1001: RMS = 957.657 ns
  J1024-0719: RMS = 1105.182 ns
  J1125+7819: RMS = 1624.015 ns
  J1312+0051: RMS = 295.289 ns
  J1453+1902: RMS = 593.410 ns
  J1455-3330: RMS = 951.666 ns
  J1600-3053: RMS = 1716.012 ns
  J1614-2230: RMS = 1740.917 ns
  J1630+3734: RMS = 522.504 ns
  J1640+2224: RMS = 2764.238 ns
  J1643-1224: RMS = 2787.703 ns
  J1705-1903: RMS = 799.953 ns
  J1713+0747: RMS = 3332.284 ns
  J1719-1438: RMS = 1391.188 ns
  J1730-2304: RMS = 1195.003 ns
  J1738+0333: RMS = 2965.104 ns
  J1741+1351: RMS = 4047.011 ns
  J1744-1134: RMS = 3474.288 ns
  J1745+1017: RMS = 3153.255 ns
  J1747-4036: RMS = 2155.743 ns
  J1751-2857: RMS = 1275.772 ns
  J1802-2124: RMS = 1527.456 ns
  J1811-2405: RMS = 1632.459 ns
  J1832-0836: RMS = 3198.363 ns
  J1843-1113: RMS = 2327.666 ns
  J1853+1303: RMS = 3220.888 ns
  J1903+0327: RMS = 2850.304 ns
  J1909-3744: RMS = 1964.119 ns
  J1910+1256: RMS = 3106.131 ns
  J1911+1347: RMS = 1880.282 ns
  J1918-0642: RMS = 2398.468 ns
  J1923+2515: RMS = 2698.301 ns
  J1944+0907: RMS = 2374.563 ns
  J1946+3417: RMS = 2287.516 ns
  J2010-1323: RMS = 2409.653 ns
  J2017+0603: RMS = 3408.456 ns
  J2033+1734: RMS = 2112.982 ns
  J2043+1711: RMS = 4220.576 ns
  J2124-3358: RMS = 502.713 ns
  J2145-0750: RMS = 3816.980 ns
  J2214+3000: RMS = 1390.739 ns
  J2229+2643: RMS = 3117.098 ns
  J2234+0611: RMS = 2266.578 ns
  J2234+0944: RMS = 3573.331 ns
  J2302+4442: RMS = 832.659 ns
  J2317+1439: RMS = 1954.259 ns
  J2322+2057: RMS = 2386.834 ns
Inject: 0.61 s
Snapshotting into enterprise Pulsar objects...
Building PTA...
PTA build: 435.36 s
Computing optimal statistic...
OS time: 58.77 s
Total: 494.75 s
  SNR 5.8646 outside of provided SNR_range [3.5, 4.25] — rescaling.
[Iteration 3/4] SNR after scaling: 5.8646 (target: 4.0000)
  SNR history: it0→35.5145@1.0000x, it1→3.1196@3.0384x, it2→10.8280@1.7431x, it3→5.8646@2.3014x
  Re-scaling distances by factor 1.1490  (cumulative after: 2.6443×)
Resetting pulsars to clean stoas...
Restore: 0.00 s
Injecting population...
  B1855+09: RMS = 3049.459 ns
  B1937+21: RMS = 1683.758 ns
  B1953+29: RMS = 3793.164 ns
  J0023+0923: RMS = 1382.116 ns
  J0030+0451: RMS = 979.306 ns
  J0340+4130: RMS = 2818.792 ns
  J0406+3039: RMS = 478.460 ns
  J0437-4715: RMS = 702.102 ns
  J0509+0856: RMS = 655.023 ns
  J0557+1551: RMS = 1440.622 ns
  J0605+3757: RMS = 1108.646 ns
  J0610-2100: RMS = 215.626 ns
  J0613-0200: RMS = 682.749 ns
  J0636+5128: RMS = 826.779 ns
  J0645+5158: RMS = 929.102 ns
  J0709+0458: RMS = 132.700 ns
  J0740+6620: RMS = 942.368 ns
  J0931-1902: RMS = 1492.585 ns
  J1012+5307: RMS = 1834.352 ns
  J1012-4235: RMS = 654.956 ns
  J1022+1001: RMS = 833.448 ns
  J1024-0719: RMS = 961.840 ns
  J1125+7819: RMS = 1413.380 ns
  J1312+0051: RMS = 256.989 ns
  J1453+1902: RMS = 516.444 ns
  J1455-3330: RMS = 828.234 ns
  J1600-3053: RMS = 1493.444 ns
  J1614-2230: RMS = 1515.119 ns
  J1630+3734: RMS = 454.735 ns
  J1640+2224: RMS = 2405.715 ns
  J1643-1224: RMS = 2426.137 ns
  J1705-1903: RMS = 696.199 ns
  J1713+0747: RMS = 2900.086 ns
  J1719-1438: RMS = 1210.750 ns
  J1730-2304: RMS = 1040.011 ns
  J1738+0333: RMS = 2580.529 ns
  J1741+1351: RMS = 3522.112 ns
  J1744-1134: RMS = 3023.671 ns
  J1745+1017: RMS = 2744.276 ns
  J1747-4036: RMS = 1876.143 ns
  J1751-2857: RMS = 1110.304 ns
  J1802-2124: RMS = 1329.345 ns
  J1811-2405: RMS = 1420.729 ns
  J1832-0836: RMS = 2783.534 ns
  J1843-1113: RMS = 2025.767 ns
  J1853+1303: RMS = 2803.137 ns
  J1903+0327: RMS = 2480.619 ns
  J1909-3744: RMS = 1709.372 ns
  J1910+1256: RMS = 2703.264 ns
  J1911+1347: RMS = 1636.409 ns
  J1918-0642: RMS = 2087.386 ns
  J1923+2515: RMS = 2348.330 ns
  J1944+0907: RMS = 2066.581 ns
  J1946+3417: RMS = 1990.825 ns
  J2010-1323: RMS = 2097.120 ns
  J2017+0603: RMS = 2966.378 ns
  J2033+1734: RMS = 1838.927 ns
  J2043+1711: RMS = 3673.166 ns
  J2124-3358: RMS = 437.511 ns
  J2145-0750: RMS = 3321.917 ns
  J2214+3000: RMS = 1210.359 ns
  J2229+2643: RMS = 2712.810 ns
  J2234+0611: RMS = 1972.602 ns
  J2234+0944: RMS = 3109.868 ns
  J2302+4442: RMS = 724.663 ns
  J2317+1439: RMS = 1700.791 ns
  J2322+2057: RMS = 2077.261 ns
Inject: 0.53 s
Snapshotting into enterprise Pulsar objects...
Building PTA...
PTA build: 430.29 s
Computing optimal statistic...
OS time: 45.73 s
Total: 476.56 s
  SNR 4.2884 outside of provided SNR_range [3.5, 4.25] — rescaling.
[Iteration 4/4] SNR after scaling: 4.2884 (target: 4.0000)
  SNR history: it0→35.5145@1.0000x, it1→3.1196@3.0384x, it2→10.8280@1.7431x, it3→5.8646@2.3014x, it4→4.2884@2.6443x

Final SNR history:
  it 0: cumulative_scale=1.0000×  SNR=35.5145
  it 1: cumulative_scale=3.0384×  SNR=3.1196
  it 2: cumulative_scale=1.7431×  SNR=10.8280
  it 3: cumulative_scale=2.3014×  SNR=5.8646
  it 4: cumulative_scale=2.6443×  SNR=4.2884
✓ Simulation 1 done (2506.7 s)

======================================================================
ENSEMBLE SUMMARY
======================================================================
Success rate: 100.0% (1/1)

Binaries per population:
  Mean ± std : 500 ± 0
  Range      : [500, 500]

SNR achieved:
  Mean ± std : 4.2884 ± 0.0000
  Range      : [4.2884, 4.2884]

Total time: 3037.8 s (50.6 min)
======================================================================

💾 Saved: data/2026-04-29/optimistic_run_198/consistent_population_optimistic_targetSNR4.25_sims1.json
💾 Saved compressed pickle: data/2026-04-29/optimistic_run_198/consistent_population_optimistic_targetSNR4.25_sims1.pkl.gz

======================================================================
CONTINUOUS WAVE SNR ANALYSIS
======================================================================

--- Population 1 ---
Precomputation of phiinvs, TNTs, Ts, Nvecs, Sigmas took 0.03 seconds.
Total SNR computation for population took 225.50 seconds.
Top 50 CGW candidates:
   1. proxy_rank=   1  sky_w=1.52  f=2.55e-09 Hz  Mc=8.13e+10 Msun  h0=3.38e-14  SNR=23.238
   2. proxy_rank=   5  sky_w=1.57  f=3.84e-09 Hz  Mc=3.88e+10 Msun  h0=1.26e-14  SNR=9.460
   3. proxy_rank=   8  sky_w=1.54  f=3.43e-09 Hz  Mc=3.28e+10 Msun  h0=7.71e-15  SNR=7.029
   4. proxy_rank=   6  sky_w=1.62  f=3.20e-09 Hz  Mc=3.76e+10 Msun  h0=8.12e-15  SNR=6.657
   5. proxy_rank=   7  sky_w=1.53  f=3.53e-09 Hz  Mc=3.77e+10 Msun  h0=9.20e-15  SNR=6.595
   6. proxy_rank=  28  sky_w=0.56  f=5.67e-09 Hz  Mc=2.46e+10 Msun  h0=9.89e-15  SNR=6.494
   7. proxy_rank=  23  sky_w=0.78  f=4.80e-09 Hz  Mc=2.90e+10 Msun  h0=7.32e-15  SNR=6.465
   8. proxy_rank=  17  sky_w=1.02  f=6.27e-09 Hz  Mc=2.49e+10 Msun  h0=1.14e-14  SNR=5.700
   9. proxy_rank=   2  sky_w=1.23  f=2.04e-09 Hz  Mc=4.79e+10 Msun  h0=1.05e-14  SNR=5.328
  10. proxy_rank=  42  sky_w=0.96  f=5.81e-09 Hz  Mc=1.91e+10 Msun  h0=3.84e-15  SNR=4.655
  11. proxy_rank=   4  sky_w=1.49  f=2.31e-09 Hz  Mc=4.35e+10 Msun  h0=8.20e-15  SNR=3.938
  12. proxy_rank=   9  sky_w=0.94  f=2.18e-09 Hz  Mc=4.23e+10 Msun  h0=7.97e-15  SNR=3.500
  13. proxy_rank=  15  sky_w=1.55  f=2.80e-09 Hz  Mc=2.63e+10 Msun  h0=4.00e-15  SNR=3.225
  14. proxy_rank=  10  sky_w=1.62  f=2.19e-09 Hz  Mc=2.20e+10 Msun  h0=4.42e-15  SNR=2.921
  15. proxy_rank=  12  sky_w=0.91  f=2.92e-09 Hz  Mc=4.03e+10 Msun  h0=8.36e-15  SNR=2.858
  16. proxy_rank=  11  sky_w=1.35  f=2.24e-09 Hz  Mc=3.08e+10 Msun  h0=4.50e-15  SNR=2.198
  17. proxy_rank=  26  sky_w=1.34  f=3.26e-09 Hz  Mc=1.38e+10 Msun  h0=2.49e-15  SNR=2.021
  18. proxy_rank=   3  sky_w=0.63  f=2.11e-09 Hz  Mc=5.15e+10 Msun  h0=2.04e-14  SNR=1.914
  19. proxy_rank=  13  sky_w=1.29  f=2.08e-09 Hz  Mc=2.93e+10 Msun  h0=4.00e-15  SNR=1.729
  20. proxy_rank=  19  sky_w=0.85  f=2.38e-09 Hz  Mc=1.81e+10 Msun  h0=4.30e-15  SNR=1.682
  21. proxy_rank=  14  sky_w=1.35  f=2.27e-09 Hz  Mc=1.80e+10 Msun  h0=4.12e-15  SNR=1.676
  22. proxy_rank=  16  sky_w=0.93  f=2.95e-09 Hz  Mc=3.51e+10 Msun  h0=6.74e-15  SNR=1.406
  23. proxy_rank=  21  sky_w=1.45  f=2.10e-09 Hz  Mc=1.92e+10 Msun  h0=2.12e-15  SNR=1.259
  24. proxy_rank=  18  sky_w=0.66  f=2.10e-09 Hz  Mc=3.66e+10 Msun  h0=5.83e-15  SNR=1.192
  25. proxy_rank=  41  sky_w=1.03  f=2.58e-09 Hz  Mc=1.52e+10 Msun  h0=1.64e-15  SNR=0.929
  26. proxy_rank=  36  sky_w=1.60  f=2.40e-09 Hz  Mc=1.03e+10 Msun  h0=1.11e-15  SNR=0.836
  27. proxy_rank=  38  sky_w=0.75  f=2.43e-09 Hz  Mc=2.00e+10 Msun  h0=2.30e-15  SNR=0.835
  28. proxy_rank=  35  sky_w=0.67  f=2.40e-09 Hz  Mc=2.18e+10 Msun  h0=2.65e-15  SNR=0.821
  29. proxy_rank=  37  sky_w=0.81  f=3.36e-09 Hz  Mc=2.00e+10 Msun  h0=3.02e-15  SNR=0.811
  30. proxy_rank=  33  sky_w=0.53  f=3.39e-09 Hz  Mc=2.76e+10 Msun  h0=4.97e-15  SNR=0.711
  31. proxy_rank=  24  sky_w=0.89  f=2.82e-09 Hz  Mc=2.34e+10 Msun  h0=3.38e-15  SNR=0.659
  32. proxy_rank=  31  sky_w=0.76  f=2.04e-09 Hz  Mc=2.07e+10 Msun  h0=2.18e-15  SNR=0.640
  33. proxy_rank=  30  sky_w=0.51  f=2.58e-09 Hz  Mc=1.67e+10 Msun  h0=4.22e-15  SNR=0.556
  34. proxy_rank=  20  sky_w=1.18  f=2.01e-09 Hz  Mc=2.02e+10 Msun  h0=2.61e-15  SNR=0.537
  35. proxy_rank=  34  sky_w=1.38  f=2.44e-09 Hz  Mc=1.24e+10 Msun  h0=1.33e-15  SNR=0.512
  36. proxy_rank=  39  sky_w=1.34  f=2.00e-09 Hz  Mc=1.22e+10 Msun  h0=1.03e-15  SNR=0.491
  37. proxy_rank=  27  sky_w=1.40  f=2.24e-09 Hz  Mc=1.61e+10 Msun  h0=1.60e-15  SNR=0.479
  38. proxy_rank=  22  sky_w=0.50  f=1.99e-09 Hz  Mc=1.96e+10 Msun  h0=5.10e-15  SNR=0.416
  39. proxy_rank=  51  sky_w=1.29  f=2.83e-09 Hz  Mc=7.44e+09 Msun  h0=5.15e-16  SNR=0.414
  40. proxy_rank=  29  sky_w=1.19  f=2.06e-09 Hz  Mc=1.72e+10 Msun  h0=1.66e-15  SNR=0.411
  41. proxy_rank=  49  sky_w=1.21  f=2.72e-09 Hz  Mc=7.20e+09 Msun  h0=6.16e-16  SNR=0.404
  42. proxy_rank=  32  sky_w=1.34  f=2.11e-09 Hz  Mc=1.36e+10 Msun  h0=1.24e-15  SNR=0.403
  43. proxy_rank=  45  sky_w=0.85  f=2.31e-09 Hz  Mc=1.16e+10 Msun  h0=9.22e-16  SNR=0.386
  44. proxy_rank=  43  sky_w=1.31  f=3.28e-09 Hz  Mc=1.04e+10 Msun  h0=9.92e-16  SNR=0.381
  45. proxy_rank=  25  sky_w=1.11  f=2.01e-09 Hz  Mc=1.89e+10 Msun  h0=1.85e-15  SNR=0.305
  46. proxy_rank=  47  sky_w=0.60  f=2.37e-09 Hz  Mc=1.39e+10 Msun  h0=1.26e-15  SNR=0.268
  47. proxy_rank=  44  sky_w=1.40  f=3.14e-09 Hz  Mc=9.01e+09 Msun  h0=7.62e-16  SNR=0.244
  48. proxy_rank=  58  sky_w=1.25  f=2.93e-09 Hz  Mc=4.80e+09 Msun  h0=3.41e-16  SNR=0.232
  49. proxy_rank=  40  sky_w=1.50  f=2.00e-09 Hz  Mc=1.11e+10 Msun  h0=9.11e-16  SNR=0.216
  50. proxy_rank=  56  sky_w=1.38  f=2.63e-09 Hz  Mc=5.55e+09 Msun  h0=2.86e-16  SNR=0.209
💾 Saved: data/2026-04-29/optimistic_run_198/consistent_population_optimistic_targetSNR4.25_sims1.json
💾 Saved compressed pickle: data/2026-04-29/optimistic_run_198/consistent_population_optimistic_targetSNR4.25_sims1.pkl.gz
Saved to figures/cgw_analysis_optimistic.pdf

======================================================================
ANALYSIS COMPLETE
Results saved to: data/2026-04-29/optimistic_run_198
======================================================================

==========================================
Job finished at: Wed Apr 29 15:02:25 AEST 2026
Exit code: 0
==========================================

+------------------ Job Report: 11739053 (COMPLETED) ------------------+
| Memory (RAM)  [################### ] 96.5% (32.8 GB peak / 34 GB)    |
| CPU           [###############     ] 79.1% average                   |
| Time          [-------------->     ] 71.2% (0-00:56:57 / 0-01:20:00) |
|                                                                      |
| Lustre Filesystem:                                                   |
|   Path    Total Read    Total Write    Total IOPS                    |
|   ------  ------------  -------------  ------------                  |
|   /apps   0 B           0 B            429                           |
|   /fred   8 KB          342.2 KB       127                           |
|   /home   124.4 MB      0 B            2.5 K                         |
|   OS      0 B           0 B            1                             |
+----------------------------------------------------------------------+
