==========================================
Job ID: 11728579
Job Name: smbhb_optimistic
Node: dave310
Start Time: Wed Apr 29 10:06:05 AEST 2026
==========================================

/home/bhoulden/.conda/envs/smbhb312/share/tempo2
Working directory: /fred/oz005/users/bhoulden/SMBHB_population_injections

Loaded modules:

Starting SMBHB analysis...
==========================================

📁 Save directory: data/2026-04-29/optimistic_run_45
📝 Run name: optimistic_run_45

[MEM] Start: 243.9 MB

📡 Loading pulsars...
======================================================================
LOADING NANOGRAV PULSARS (libstempo)
======================================================================

📦 Loading from cache: nanograv_pulsars_cache.pkl
⚠ Cache load failed: Ran out of input
[DEBUG] Found 76 .par files
[tempo2Util.C:396] Warning: [MISC1] Unknown parameter in par file:  DMDATA
[tempo2Util.C:401] Warning: [DUP1] duplicated warnings have been suppressed.

WARNING: Using tempo RNAMP parameter: setting TNRedC to 100!
[observatory.C:271] Warning: Assuming site 'arecibo' means 'ao'
✓ Loaded B1855+09 (7758 TOAs)

WARNING: Using tempo RNAMP parameter: setting TNRedC to 100!
✓ Loaded B1937+21 (23023 TOAs)

WARNING: Using tempo RNAMP parameter: setting TNRedC to 100!
✓ Loaded B1937+21ao (7241 TOAs)

WARNING: Using tempo RNAMP parameter: setting TNRedC to 100!
✓ Loaded B1937+21gbt (16048 TOAs)

WARNING: Using tempo RNAMP parameter: setting TNRedC to 100!
✓ Loaded B1953+29 (5126 TOAs)
✓ Loaded J0023+0923 (15896 TOAs)

WARNING: Using tempo RNAMP parameter: setting TNRedC to 100!
✓ Loaded J0030+0451 (19571 TOAs)
✓ Loaded J0340+4130 (11093 TOAs)
✓ Loaded J0406+3039 (2446 TOAs)

WARNING: Using tempo RNAMP parameter: setting TNRedC to 100!
✓ Loaded J0437-4715 (5830 TOAs)
✓ Loaded J0509+0856 (2169 TOAs)
✓ Loaded J0557+1551 (525 TOAs)
✓ Loaded J0605+3757 (554 TOAs)

WARNING: Using tempo RNAMP parameter: setting TNRedC to 100!
✓ Loaded J0610-2100 (4885 TOAs)

WARNING: Using tempo RNAMP parameter: setting TNRedC to 100!
✓ Loaded J0613-0200 (17124 TOAs)
✓ Loaded J0614-3329 (1714 TOAs)
✓ Loaded J0636+5128 (32222 TOAs)
✓ Loaded J0645+5158 (10403 TOAs)
✓ Loaded J0709+0458 (3030 TOAs)
✓ Loaded J0740+6620 (13401 TOAs)
✓ Loaded J0931-1902 (5473 TOAs)

WARNING: Using tempo RNAMP parameter: setting TNRedC to 100!
✓ Loaded J1012+5307 (25837 TOAs)
✓ Loaded J1012-4235 (797 TOAs)
✓ Loaded J1022+1001 (3978 TOAs)
✓ Loaded J1024-0719 (12635 TOAs)
✓ Loaded J1125+7819 (8723 TOAs)
✓ Loaded J1312+0051 (1705 TOAs)
✓ Loaded J1453+1902 (2551 TOAs)
✓ Loaded J1455-3330 (10818 TOAs)

WARNING: Using tempo RNAMP parameter: setting TNRedC to 100!
✓ Loaded J1600-3053 (22955 TOAs)

WARNING: Using tempo RNAMP parameter: setting TNRedC to 100!
✓ Loaded J1600-3053gbt (19725 TOAs)

WARNING: Using tempo RNAMP parameter: setting TNRedC to 100!
✓ Loaded J1614-2230 (18445 TOAs)
✓ Loaded J1630+3734 (1815 TOAs)
✓ Loaded J1640+2224 (14066 TOAs)

WARNING: Using tempo RNAMP parameter: setting TNRedC to 100!
✓ Loaded J1643-1224 (22144 TOAs)

WARNING: Using tempo RNAMP parameter: setting TNRedC to 100!
✓ Loaded J1643-1224gbt (17932 TOAs)

WARNING: Using tempo RNAMP parameter: setting TNRedC to 100!
✓ Loaded J1705-1903 (9871 TOAs)

WARNING: Using tempo RNAMP parameter: setting TNRedC to 100!
✓ Loaded J1713+0747 (59389 TOAs)

WARNING: Using tempo RNAMP parameter: setting TNRedC to 100!
✓ Loaded J1713+0747ao (21362 TOAs)

WARNING: Using tempo RNAMP parameter: setting TNRedC to 100!
✓ Loaded J1713+0747gbt (32963 TOAs)
✓ Loaded J1719-1438 (6356 TOAs)
✓ Loaded J1730-2304 (4870 TOAs)
✓ Loaded J1738+0333 (8790 TOAs)
✓ Loaded J1741+1351 (5582 TOAs)

WARNING: Using tempo RNAMP parameter: setting TNRedC to 100!
✓ Loaded J1744-1134 (17745 TOAs)

WARNING: Using tempo RNAMP parameter: setting TNRedC to 100!
✓ Loaded J1745+1017 (3017 TOAs)

WARNING: Using tempo RNAMP parameter: setting TNRedC to 100!
✓ Loaded J1747-4036 (11055 TOAs)
✓ Loaded J1751-2857 (2025 TOAs)

WARNING: Using tempo RNAMP parameter: setting TNRedC to 100!
✓ Loaded J1802-2124 (6796 TOAs)
✓ Loaded J1811-2405 (5266 TOAs)
✓ Loaded J1832-0836 (7739 TOAs)
✓ Loaded J1843-1113 (4595 TOAs)

WARNING: Using tempo RNAMP parameter: setting TNRedC to 100!
✓ Loaded J1853+1303 (4570 TOAs)

WARNING: Using tempo RNAMP parameter: setting TNRedC to 100!
✓ Loaded J1903+0327 (6856 TOAs)

WARNING: Using tempo RNAMP parameter: setting TNRedC to 100!
✓ Loaded J1903+0327ao (6423 TOAs)

WARNING: Using tempo RNAMP parameter: setting TNRedC to 100!
✓ Loaded J1909-3744 (35037 TOAs)

WARNING: Using tempo RNAMP parameter: setting TNRedC to 100!
✓ Loaded J1909-3744gbt (31526 TOAs)
✓ Loaded J1910+1256 (6486 TOAs)
✓ Loaded J1911+1347 (3786 TOAs)
✓ Loaded J1918-0642 (18875 TOAs)
✓ Loaded J1923+2515 (3974 TOAs)
✓ Loaded J1944+0907 (5328 TOAs)

WARNING: Using tempo RNAMP parameter: setting TNRedC to 100!
✓ Loaded J1946+3417 (4743 TOAs)
✓ Loaded J2010-1323 (17077 TOAs)
✓ Loaded J2017+0603 (3512 TOAs)
✓ Loaded J2033+1734 (3847 TOAs)
✓ Loaded J2043+1711 (7397 TOAs)
✓ Loaded J2124-3358 (4982 TOAs)

WARNING: Using tempo RNAMP parameter: setting TNRedC to 100!
✓ Loaded J2145-0750 (18675 TOAs)
✓ Loaded J2214+3000 (7406 TOAs)
✓ Loaded J2229+2643 (3711 TOAs)

WARNING: Using tempo RNAMP parameter: setting TNRedC to 100!
✓ Loaded J2234+0611 (3566 TOAs)
✓ Loaded J2234+0944 (7535 TOAs)
✓ Loaded J2302+4442 (10211 TOAs)
✓ Loaded J2317+1439 (13927 TOAs)
✓ Loaded J2322+2057 (3088 TOAs)
⚠ Could not save cache: no default __reduce__ due to non-trivial __cinit__

✓ Loaded 76 pulsars
✗ Failed: 0 — []
[MEM] After loading pulsars: 8880.1 MB

🔍 Filtering pulsars...

Filtered: 76 → 67 pulsars
[MEM] After filtering pulsars: 8881.2 MB
[MEM] After garbage collection: 8881.4 MB

======================================================================
SMBHB POPULATION ANALYSIS
======================================================================

Configuration: optimistic
  Larger mass, higher spread in distance, small population
  N_binaries: 500

======================================================================
CONSISTENT POPULATION SYNTHESIS
======================================================================

======================================================================
GENERATING SNR-CONSISTENT POPULATIONS
======================================================================
Target SNR:          4.0
Simulations:         1
======================================================================


──────────────────────────────────────────────────────────────────────
SIMULATION 1/1
──────────────────────────────────────────────────────────────────────
  [B1855+09] zeroing residuals...
  [B1855+09] adding red noise...
  [B1855+09] white noise for 430_PUPPI (1185 TOAs)...
  [B1855+09] white noise for L-wide_PUPPI (5005 TOAs)...
  [B1855+09] white noise for 430_ASP (390 TOAs)...
  [B1855+09] white noise for L-wide_ASP (1178 TOAs)...
  [B1937+21] zeroing residuals...
  [B1937+21] adding red noise...
  [B1937+21] white noise for Rcvr1_2_GASP (1069 TOAs)...
  [B1937+21] white noise for S-wide_PUPPI (2251 TOAs)...
  [B1937+21] white noise for Rcvr_800_GASP (586 TOAs)...
  [B1937+21] white noise for Rcvr_800_GUPPI (7140 TOAs)...
  [B1937+21] white noise for Rcvr1_2_GUPPI (7048 TOAs)...
  [B1937+21] white noise for S-wide_ASP (344 TOAs)...
  [B1937+21] white noise for L-wide_ASP (452 TOAs)...
  [B1937+21] white noise for L-wide_PUPPI (4133 TOAs)...
  [B1953+29] zeroing residuals...
  [B1953+29] adding red noise...
  [B1953+29] white noise for 430_PUPPI (941 TOAs)...
  [B1953+29] white noise for 430_ASP (29 TOAs)...
  [B1953+29] white noise for S-wide_ASP (25 TOAs)...
  [B1953+29] white noise for L-wide_ASP (94 TOAs)...
  [B1953+29] white noise for L-wide_PUPPI (4037 TOAs)...
  [J0023+0923] zeroing residuals...
  [J0023+0923] adding red noise...
  [J0023+0923] white noise for 430_PUPPI (4564 TOAs)...
  [J0023+0923] white noise for L-wide_PUPPI (11123 TOAs)...
  [J0023+0923] white noise for 430_ASP (90 TOAs)...
  [J0023+0923] white noise for L-wide_ASP (119 TOAs)...
  [J0030+0451] zeroing residuals...
  [J0030+0451] adding red noise...
  [J0030+0451] white noise for S-wide_PUPPI (2673 TOAs)...
  [J0030+0451] white noise for 430_PUPPI (3068 TOAs)...
  [J0030+0451] white noise for 430_ASP (267 TOAs)...
  [J0030+0451] white noise for L-wide_ASP (789 TOAs)...
  [J0030+0451] white noise for L-wide_PUPPI (12774 TOAs)...
  [J0340+4130] zeroing residuals...
  [J0340+4130] adding red noise...
  [J0340+4130] white noise for Rcvr1_2_GUPPI (5037 TOAs)...
  [J0340+4130] white noise for Rcvr_800_GUPPI (6056 TOAs)...
  [J0406+3039] zeroing residuals...
  [J0406+3039] adding red noise...
  [J0406+3039] white noise for L-wide_PUPPI (1871 TOAs)...
  [J0406+3039] white noise for S-wide_PUPPI (575 TOAs)...
  [J0437-4715] zeroing residuals...
  [J0437-4715] adding red noise...
  [J0437-4715] white noise for 1.5GHz_YUPPI (2134 TOAs)...
  [J0437-4715] white noise for 3GHz_YUPPI (3696 TOAs)...
  [J0509+0856] zeroing residuals...
  [J0509+0856] adding red noise...
  [J0509+0856] white noise for L-wide_PUPPI (1625 TOAs)...
  [J0509+0856] white noise for S-wide_PUPPI (544 TOAs)...
  [J0557+1551] zeroing residuals...
  [J0557+1551] adding red noise...
  [J0557+1551] white noise for L-wide_PUPPI (467 TOAs)...
  [J0557+1551] white noise for S-wide_PUPPI (58 TOAs)...
  [J0605+3757] zeroing residuals...
  [J0605+3757] adding red noise...
  [J0605+3757] white noise for Rcvr1_2_GUPPI (318 TOAs)...
  [J0605+3757] white noise for Rcvr_800_GUPPI (236 TOAs)...
  [J0610-2100] zeroing residuals...
  [J0610-2100] adding red noise...
  [J0610-2100] white noise for Rcvr1_2_GUPPI (2401 TOAs)...
  [J0610-2100] white noise for Rcvr_800_GUPPI (2484 TOAs)...
  [J0613-0200] zeroing residuals...
  [J0613-0200] adding red noise...
  [J0613-0200] white noise for Rcvr_800_GUPPI (7900 TOAs)...
  [J0613-0200] white noise for Rcvr1_2_GASP (992 TOAs)...
  [J0613-0200] white noise for Rcvr1_2_GUPPI (7423 TOAs)...
  [J0613-0200] white noise for Rcvr_800_GASP (809 TOAs)...
  [J0636+5128] zeroing residuals...
  [J0636+5128] adding red noise...
  [J0636+5128] white noise for Rcvr1_2_GUPPI (14803 TOAs)...
  [J0636+5128] white noise for Rcvr_800_GUPPI (17419 TOAs)...
  [J0645+5158] zeroing residuals...
  [J0645+5158] adding red noise...
  [J0645+5158] white noise for Rcvr1_2_GUPPI (5721 TOAs)...
  [J0645+5158] white noise for Rcvr_800_GUPPI (4682 TOAs)...
  [J0709+0458] zeroing residuals...
  [J0709+0458] adding red noise...
  [J0709+0458] white noise for L-wide_PUPPI (2435 TOAs)...
  [J0709+0458] white noise for S-wide_PUPPI (595 TOAs)...
  [J0740+6620] zeroing residuals...
  [J0740+6620] adding red noise...
  [J0740+6620] white noise for Rcvr1_2_GUPPI (8265 TOAs)...
  [J0740+6620] white noise for Rcvr_800_GUPPI (5136 TOAs)...
  [J0931-1902] zeroing residuals...
  [J0931-1902] adding red noise...
  [J0931-1902] white noise for Rcvr1_2_GUPPI (2054 TOAs)...
  [J0931-1902] white noise for Rcvr_800_GUPPI (3419 TOAs)...
  [J1012+5307] zeroing residuals...
  [J1012+5307] adding red noise...
  [J1012+5307] white noise for Rcvr_800_GUPPI (10299 TOAs)...
  [J1012+5307] white noise for Rcvr1_2_GASP (1479 TOAs)...
  [J1012+5307] white noise for Rcvr1_2_GUPPI (12849 TOAs)...
  [J1012+5307] white noise for Rcvr_800_GASP (1210 TOAs)...
  [J1012-4235] zeroing residuals...
  [J1012-4235] adding red noise...
  [J1012-4235] white noise for Rcvr1_2_GUPPI (455 TOAs)...
  [J1012-4235] white noise for Rcvr_800_GUPPI (342 TOAs)...
  [J1022+1001] zeroing residuals...
  [J1022+1001] adding red noise...
  [J1022+1001] white noise for 430_PUPPI (232 TOAs)...
  [J1022+1001] white noise for L-wide_PUPPI (2592 TOAs)...
  [J1022+1001] white noise for S-wide_PUPPI (1154 TOAs)...
  [J1024-0719] zeroing residuals...
  [J1024-0719] adding red noise...
  [J1024-0719] white noise for Rcvr_800_GUPPI (5455 TOAs)...
  [J1024-0719] white noise for Rcvr1_2_GASP (43 TOAs)...
  [J1024-0719] white noise for Rcvr1_2_GUPPI (7086 TOAs)...
  [J1024-0719] white noise for Rcvr_800_GASP (51 TOAs)...
  [J1125+7819] zeroing residuals...
  [J1125+7819] adding red noise...
  [J1125+7819] white noise for Rcvr1_2_GUPPI (4016 TOAs)...
  [J1125+7819] white noise for Rcvr_800_GUPPI (4707 TOAs)...
  [J1312+0051] zeroing residuals...
  [J1312+0051] adding red noise...
  [J1312+0051] white noise for L-wide_PUPPI (1289 TOAs)...
  [J1312+0051] white noise for S-wide_PUPPI (416 TOAs)...
  [J1453+1902] zeroing residuals...
  [J1453+1902] adding red noise...
  [J1453+1902] white noise for 430_PUPPI (425 TOAs)...
  [J1453+1902] white noise for L-wide_PUPPI (2122 TOAs)...
  [J1453+1902] white noise for S-wide_PUPPI (4 TOAs)...
  [J1455-3330] zeroing residuals...
  [J1455-3330] adding red noise...
  [J1455-3330] white noise for Rcvr_800_GUPPI (4843 TOAs)...
  [J1455-3330] white noise for Rcvr1_2_GASP (564 TOAs)...
  [J1455-3330] white noise for Rcvr1_2_GUPPI (4932 TOAs)...
  [J1455-3330] white noise for Rcvr_800_GASP (479 TOAs)...
  [J1600-3053] zeroing residuals...
  [J1600-3053] adding red noise...
  [J1600-3053] white noise for Rcvr1_2_GASP (457 TOAs)...
  [J1600-3053] white noise for Rcvr_800_GASP (297 TOAs)...
  [J1600-3053] white noise for Rcvr_800_GUPPI (8796 TOAs)...
  [J1600-3053] white noise for 3GHz_YUPPI (3237 TOAs)...
  [J1600-3053] white noise for Rcvr1_2_GUPPI (10168 TOAs)...
  [J1614-2230] zeroing residuals...
  [J1614-2230] adding red noise...
  [J1614-2230] white noise for Rcvr_800_GUPPI (7768 TOAs)...
  [J1614-2230] white noise for Rcvr1_2_GASP (84 TOAs)...
  [J1614-2230] white noise for Rcvr1_2_GUPPI (10509 TOAs)...
  [J1614-2230] white noise for Rcvr_800_GASP (84 TOAs)...
  [J1630+3734] zeroing residuals...
  [J1630+3734] adding red noise...
  [J1630+3734] white noise for Rcvr1_2_GUPPI (909 TOAs)...
  [J1630+3734] white noise for Rcvr_800_GUPPI (906 TOAs)...
  [J1640+2224] zeroing residuals...
  [J1640+2224] adding red noise...
  [J1640+2224] white noise for 430_PUPPI (3157 TOAs)...
  [J1640+2224] white noise for L-wide_PUPPI (9847 TOAs)...
  [J1640+2224] white noise for 430_ASP (340 TOAs)...
  [J1640+2224] white noise for L-wide_ASP (722 TOAs)...
  [J1643-1224] zeroing residuals...
  [J1643-1224] adding red noise...
  [J1643-1224] white noise for Rcvr1_2_GASP (833 TOAs)...
  [J1643-1224] white noise for Rcvr_800_GASP (559 TOAs)...
  [J1643-1224] white noise for Rcvr_800_GUPPI (7734 TOAs)...
  [J1643-1224] white noise for 3GHz_YUPPI (4215 TOAs)...
  [J1643-1224] white noise for Rcvr1_2_GUPPI (8803 TOAs)...
  [J1705-1903] zeroing residuals...
  [J1705-1903] adding red noise...
  [J1705-1903] white noise for Rcvr1_2_GUPPI (6350 TOAs)...
  [J1705-1903] white noise for Rcvr_800_GUPPI (3521 TOAs)...
  [J1713+0747] zeroing residuals...
  [J1713+0747] adding red noise...
  [J1713+0747] white noise for Rcvr1_2_GASP (1109 TOAs)...
  [J1713+0747] white noise for S-wide_PUPPI (7482 TOAs)...
  [J1713+0747] white noise for Rcvr_800_GASP (1032 TOAs)...
  [J1713+0747] white noise for Rcvr_800_GUPPI (8479 TOAs)...
  [J1713+0747] white noise for 3GHz_YUPPI (3282 TOAs)...
  [J1713+0747] white noise for Rcvr1_2_GUPPI (22334 TOAs)...
  [J1713+0747] white noise for S-wide_ASP (624 TOAs)...
  [J1713+0747] white noise for L-wide_ASP (843 TOAs)...
  [J1713+0747] white noise for L-wide_PUPPI (12743 TOAs)...
  [J1713+0747] white noise for 1.5GHz_YUPPI (1461 TOAs)...
  [J1719-1438] zeroing residuals...
  [J1719-1438] adding red noise...
  [J1719-1438] white noise for Rcvr1_2_GUPPI (2722 TOAs)...
  [J1719-1438] white noise for Rcvr_800_GUPPI (3634 TOAs)...
  [J1730-2304] zeroing residuals...
  [J1730-2304] adding red noise...
  [J1730-2304] white noise for Rcvr1_2_GUPPI (2367 TOAs)...
  [J1730-2304] white noise for Rcvr_800_GUPPI (2503 TOAs)...
  [J1738+0333] zeroing residuals...
  [J1738+0333] adding red noise...
  [J1738+0333] white noise for L-wide_ASP (201 TOAs)...
  [J1738+0333] white noise for L-wide_PUPPI (6718 TOAs)...
  [J1738+0333] white noise for S-wide_PUPPI (1737 TOAs)...
  [J1738+0333] white noise for S-wide_ASP (134 TOAs)...
  [J1741+1351] zeroing residuals...
  [J1741+1351] adding red noise...
  [J1741+1351] white noise for 430_PUPPI (1159 TOAs)...
  [J1741+1351] white noise for 430_ASP (27 TOAs)...
  [J1741+1351] white noise for S-wide_ASP (115 TOAs)...
  [J1741+1351] white noise for L-wide_ASP (236 TOAs)...
  [J1741+1351] white noise for L-wide_PUPPI (4045 TOAs)...
  [J1744-1134] zeroing residuals...
  [J1744-1134] adding red noise...
  [J1744-1134] white noise for Rcvr_800_GUPPI (7899 TOAs)...
  [J1744-1134] white noise for Rcvr1_2_GASP (807 TOAs)...
  [J1744-1134] white noise for Rcvr1_2_GUPPI (8109 TOAs)...
  [J1744-1134] white noise for Rcvr_800_GASP (930 TOAs)...
  [J1745+1017] zeroing residuals...
  [J1745+1017] adding red noise...
  [J1745+1017] white noise for L-wide_PUPPI (2179 TOAs)...
  [J1745+1017] white noise for S-wide_PUPPI (838 TOAs)...
  [J1747-4036] zeroing residuals...
  [J1747-4036] adding red noise...
  [J1747-4036] white noise for Rcvr1_2_GUPPI (5239 TOAs)...
  [J1747-4036] white noise for Rcvr_800_GUPPI (5816 TOAs)...
  [J1751-2857] zeroing residuals...
  [J1751-2857] adding red noise...
  [J1751-2857] white noise for Rcvr1_2_GUPPI (1786 TOAs)...
  [J1751-2857] white noise for Rcvr_800_GUPPI (239 TOAs)...
  [J1802-2124] zeroing residuals...
  [J1802-2124] adding red noise...
  [J1802-2124] white noise for Rcvr1_2_GUPPI (3231 TOAs)...
  [J1802-2124] white noise for Rcvr_800_GUPPI (3565 TOAs)...
  [J1811-2405] zeroing residuals...
  [J1811-2405] adding red noise...
  [J1811-2405] white noise for Rcvr1_2_GUPPI (2638 TOAs)...
  [J1811-2405] white noise for Rcvr_800_GUPPI (2628 TOAs)...
  [J1832-0836] zeroing residuals...
  [J1832-0836] adding red noise...
  [J1832-0836] white noise for Rcvr1_2_GUPPI (4661 TOAs)...
  [J1832-0836] white noise for Rcvr_800_GUPPI (3078 TOAs)...
  [J1843-1113] zeroing residuals...
  [J1843-1113] adding red noise...
  [J1843-1113] white noise for Rcvr1_2_GUPPI (2394 TOAs)...
  [J1843-1113] white noise for Rcvr_800_GUPPI (2201 TOAs)...
  [J1853+1303] zeroing residuals...
  [J1853+1303] adding red noise...
  [J1853+1303] white noise for 430_PUPPI (1151 TOAs)...
  [J1853+1303] white noise for L-wide_PUPPI (3362 TOAs)...
  [J1853+1303] white noise for 430_ASP (24 TOAs)...
  [J1853+1303] white noise for L-wide_ASP (33 TOAs)...
  [J1903+0327] zeroing residuals...
  [J1903+0327] adding red noise...
  [J1903+0327] white noise for S-wide_PUPPI (2282 TOAs)...
  [J1903+0327] white noise for 3GHz_YUPPI (439 TOAs)...
  [J1903+0327] white noise for S-wide_ASP (151 TOAs)...
  [J1903+0327] white noise for L-wide_ASP (139 TOAs)...
  [J1903+0327] white noise for L-wide_PUPPI (3845 TOAs)...
  [J1909-3744] zeroing residuals...
  [J1909-3744] adding red noise...
  [J1909-3744] white noise for Rcvr1_2_GASP (808 TOAs)...
  [J1909-3744] white noise for Rcvr_800_GASP (866 TOAs)...
  [J1909-3744] white noise for Rcvr_800_GUPPI (9399 TOAs)...
  [J1909-3744] white noise for 3GHz_YUPPI (3525 TOAs)...
  [J1909-3744] white noise for Rcvr1_2_GUPPI (20439 TOAs)...
  [J1910+1256] zeroing residuals...
  [J1910+1256] adding red noise...
  [J1910+1256] white noise for L-wide_ASP (297 TOAs)...
  [J1910+1256] white noise for L-wide_PUPPI (4124 TOAs)...
  [J1910+1256] white noise for S-wide_PUPPI (1857 TOAs)...
  [J1910+1256] white noise for S-wide_ASP (208 TOAs)...
  [J1911+1347] zeroing residuals...
  [J1911+1347] adding red noise...
  [J1911+1347] white noise for 430_PUPPI (753 TOAs)...
  [J1911+1347] white noise for L-wide_PUPPI (3033 TOAs)...
  [J1918-0642] zeroing residuals...
  [J1918-0642] adding red noise...
  [J1918-0642] white noise for Rcvr_800_GUPPI (8352 TOAs)...
  [J1918-0642] white noise for Rcvr1_2_GASP (778 TOAs)...
  [J1918-0642] white noise for Rcvr1_2_GUPPI (8910 TOAs)...
  [J1918-0642] white noise for Rcvr_800_GASP (835 TOAs)...
  [J1923+2515] zeroing residuals...
  [J1923+2515] adding red noise...
  [J1923+2515] white noise for 430_PUPPI (922 TOAs)...
  [J1923+2515] white noise for L-wide_PUPPI (3028 TOAs)...
  [J1923+2515] white noise for 430_ASP (10 TOAs)...
  [J1923+2515] white noise for L-wide_ASP (14 TOAs)...
  [J1944+0907] zeroing residuals...
  [J1944+0907] adding red noise...
  [J1944+0907] white noise for 430_PUPPI (1017 TOAs)...
  [J1944+0907] white noise for 430_ASP (38 TOAs)...
  [J1944+0907] white noise for S-wide_ASP (116 TOAs)...
  [J1944+0907] white noise for L-wide_ASP (257 TOAs)...
  [J1944+0907] white noise for L-wide_PUPPI (3900 TOAs)...
  [J1946+3417] zeroing residuals...
  [J1946+3417] adding red noise...
  [J1946+3417] white noise for L-wide_PUPPI (3197 TOAs)...
  [J1946+3417] white noise for S-wide_PUPPI (1546 TOAs)...
  [J2010-1323] zeroing residuals...
  [J2010-1323] adding red noise...
  [J2010-1323] white noise for Rcvr_800_GUPPI (9158 TOAs)...
  [J2010-1323] white noise for Rcvr1_2_GASP (70 TOAs)...
  [J2010-1323] white noise for Rcvr1_2_GUPPI (7779 TOAs)...
  [J2010-1323] white noise for Rcvr_800_GASP (70 TOAs)...
  [J2017+0603] zeroing residuals...
  [J2017+0603] adding red noise...
  [J2017+0603] white noise for 430_PUPPI (78 TOAs)...
  [J2017+0603] white noise for L-wide_PUPPI (2569 TOAs)...
  [J2017+0603] white noise for S-wide_PUPPI (849 TOAs)...
  [J2017+0603] white noise for L-wide_ASP (16 TOAs)...
  [J2033+1734] zeroing residuals...
  [J2033+1734] adding red noise...
  [J2033+1734] white noise for 430_PUPPI (797 TOAs)...
  [J2033+1734] white noise for L-wide_PUPPI (3050 TOAs)...
  [J2043+1711] zeroing residuals...
  [J2043+1711] adding red noise...
  [J2043+1711] white noise for 430_PUPPI (2908 TOAs)...
  [J2043+1711] white noise for L-wide_PUPPI (4419 TOAs)...
  [J2043+1711] white noise for 430_ASP (30 TOAs)...
  [J2043+1711] white noise for L-wide_ASP (40 TOAs)...
  [J2124-3358] zeroing residuals...
  [J2124-3358] adding red noise...
  [J2124-3358] white noise for Rcvr1_2_GUPPI (2957 TOAs)...
  [J2124-3358] white noise for Rcvr_800_GUPPI (2025 TOAs)...
  [J2145-0750] zeroing residuals...
  [J2145-0750] adding red noise...
  [J2145-0750] white noise for Rcvr_800_GUPPI (8728 TOAs)...
  [J2145-0750] white noise for Rcvr1_2_GASP (427 TOAs)...
  [J2145-0750] white noise for Rcvr1_2_GUPPI (9158 TOAs)...
  [J2145-0750] white noise for Rcvr_800_GASP (362 TOAs)...
  [J2214+3000] zeroing residuals...
  [J2214+3000] adding red noise...
  [J2214+3000] white noise for L-wide_ASP (9 TOAs)...
  [J2214+3000] white noise for L-wide_PUPPI (5829 TOAs)...
  [J2214+3000] white noise for S-wide_PUPPI (1568 TOAs)...
  [J2229+2643] zeroing residuals...
  [J2229+2643] adding red noise...
  [J2229+2643] white noise for 430_PUPPI (956 TOAs)...
  [J2229+2643] white noise for L-wide_PUPPI (2755 TOAs)...
  [J2234+0611] zeroing residuals...
  [J2234+0611] adding red noise...
  [J2234+0611] white noise for 430_PUPPI (653 TOAs)...
  [J2234+0611] white noise for L-wide_PUPPI (2913 TOAs)...
  [J2234+0944] zeroing residuals...
  [J2234+0944] adding red noise...
  [J2234+0944] white noise for L-wide_PUPPI (5003 TOAs)...
  [J2234+0944] white noise for S-wide_PUPPI (2532 TOAs)...
  [J2302+4442] zeroing residuals...
  [J2302+4442] adding red noise...
  [J2302+4442] white noise for Rcvr1_2_GUPPI (3779 TOAs)...
  [J2302+4442] white noise for Rcvr_800_GUPPI (6432 TOAs)...
  [J2317+1439] zeroing residuals...
  [J2317+1439] adding red noise...
  [J2317+1439] white noise for 430_PUPPI (3217 TOAs)...
  [J2317+1439] white noise for 327_PUPPI (276 TOAs)...
  [J2317+1439] white noise for 327_ASP (413 TOAs)...
  [J2317+1439] white noise for 430_ASP (458 TOAs)...
  [J2317+1439] white noise for L-wide_PUPPI (9563 TOAs)...
  [J2322+2057] zeroing residuals...
  [J2322+2057] adding red noise...
  [J2322+2057] white noise for 430_PUPPI (752 TOAs)...
  [J2322+2057] white noise for L-wide_PUPPI (2196 TOAs)...
  [J2322+2057] white noise for S-wide_PUPPI (140 TOAs)...
Resetting pulsars to clean stoas...
Restore: 0.00 s
Inject: 0.00 s
Snapshotting into enterprise Pulsar objects...
Building PTA...
PTA build: 482.18 s
Computing optimal statistic...
OS time: 78.66 s
Total: 560.84 s
Noise-only SNR baseline: 0.0580

Generating SNR-consistent population...
Target SNR: 4.0
Resetting pulsars to clean stoas...
Restore: 23.94 s
Injecting population...
  B1855+09: RMS = 3603.241 ns
  B1937+21: RMS = 3842.229 ns
  B1953+29: RMS = 1960.985 ns
  J0023+0923: RMS = 1828.592 ns
  J0030+0451: RMS = 2836.274 ns
  J0340+4130: RMS = 5197.066 ns
  J0406+3039: RMS = 457.575 ns
  J0437-4715: RMS = 4933.047 ns
  J0509+0856: RMS = 2223.929 ns
  J0557+1551: RMS = 846.585 ns
  J0605+3757: RMS = 1319.251 ns
  J0610-2100: RMS = 2637.073 ns
  J0613-0200: RMS = 7136.736 ns
  J0636+5128: RMS = 2809.891 ns
  J0645+5158: RMS = 2917.432 ns
  J0709+0458: RMS = 2975.986 ns
  J0740+6620: RMS = 1432.637 ns
  J0931-1902: RMS = 8677.836 ns
  J1012+5307: RMS = 8400.986 ns
  J1012-4235: RMS = 2839.003 ns
  J1022+1001: RMS = 6058.734 ns
  J1024-0719: RMS = 5901.517 ns
  J1125+7819: RMS = 3691.062 ns
  J1312+0051: RMS = 5176.270 ns
  J1453+1902: RMS = 5116.134 ns
  J1455-3330: RMS = 5945.976 ns
  J1600-3053: RMS = 6493.028 ns
  J1614-2230: RMS = 7206.281 ns
  J1630+3734: RMS = 2563.984 ns
  J1640+2224: RMS = 6327.712 ns
  J1643-1224: RMS = 8530.426 ns
  J1705-1903: RMS = 2352.284 ns
  J1713+0747: RMS = 7990.964 ns
  J1719-1438: RMS = 2947.975 ns
  J1730-2304: RMS = 1666.933 ns
  J1738+0333: RMS = 7950.809 ns
  J1741+1351: RMS = 7544.529 ns
  J1744-1134: RMS = 9781.309 ns
  J1745+1017: RMS = 3477.186 ns
  J1747-4036: RMS = 8633.595 ns
  J1751-2857: RMS = 3889.619 ns
  J1802-2124: RMS = 1439.016 ns
  J1811-2405: RMS = 1408.010 ns
  J1832-0836: RMS = 5829.835 ns
  J1843-1113: RMS = 5152.143 ns
  J1853+1303: RMS = 3801.723 ns
  J1903+0327: RMS = 4181.138 ns
  J1909-3744: RMS = 6433.233 ns
  J1910+1256: RMS = 3748.557 ns
  J1911+1347: RMS = 743.026 ns
  J1918-0642: RMS = 6197.944 ns
  J1923+2515: RMS = 2753.774 ns
  J1944+0907: RMS = 3735.774 ns
  J1946+3417: RMS = 2390.294 ns
  J2010-1323: RMS = 6375.280 ns
  J2017+0603: RMS = 4813.491 ns
  J2033+1734: RMS = 2201.510 ns
  J2043+1711: RMS = 4481.211 ns
  J2124-3358: RMS = 1064.713 ns
  J2145-0750: RMS = 4357.477 ns
  J2214+3000: RMS = 2962.409 ns
  J2229+2643: RMS = 3956.551 ns
  J2234+0611: RMS = 4085.372 ns
  J2234+0944: RMS = 4982.381 ns
  J2302+4442: RMS = 3301.625 ns
  J2317+1439: RMS = 1224.440 ns
  J2322+2057: RMS = 3811.600 ns
Inject: 0.64 s
Snapshotting into enterprise Pulsar objects...
Building PTA...
PTA build: 472.39 s
Computing optimal statistic...
OS time: 68.61 s
Total: 565.58 s
Initial SNR: 609.4615, Target SNR: 4.0000
  Initial SNR 609.4615 outside of provided SNR_range [3.5, 4.25] — rescaling.
Scaling distances by factor 12.4335 to achieve target SNR...
Resetting pulsars to clean stoas...
Restore: 0.01 s
Injecting population...
  B1855+09: RMS = 289.800 ns
  B1937+21: RMS = 309.021 ns
  B1953+29: RMS = 157.717 ns
  J0023+0923: RMS = 147.069 ns
  J0030+0451: RMS = 228.115 ns
  J0340+4130: RMS = 417.987 ns
  J0406+3039: RMS = 36.802 ns
  J0437-4715: RMS = 396.753 ns
  J0509+0856: RMS = 178.865 ns
  J0557+1551: RMS = 68.089 ns
  J0605+3757: RMS = 106.104 ns
  J0610-2100: RMS = 212.093 ns
  J0613-0200: RMS = 573.990 ns
  J0636+5128: RMS = 225.993 ns
  J0645+5158: RMS = 234.642 ns
  J0709+0458: RMS = 239.351 ns
  J0740+6620: RMS = 115.223 ns
  J0931-1902: RMS = 697.937 ns
  J1012+5307: RMS = 675.671 ns
  J1012-4235: RMS = 228.334 ns
  J1022+1001: RMS = 487.289 ns
  J1024-0719: RMS = 474.645 ns
  J1125+7819: RMS = 296.863 ns
  J1312+0051: RMS = 416.315 ns
  J1453+1902: RMS = 411.478 ns
  J1455-3330: RMS = 478.220 ns
  J1600-3053: RMS = 522.218 ns
  J1614-2230: RMS = 579.584 ns
  J1630+3734: RMS = 206.215 ns
  J1640+2224: RMS = 508.922 ns
  J1643-1224: RMS = 686.081 ns
  J1705-1903: RMS = 189.188 ns
  J1713+0747: RMS = 642.694 ns
  J1719-1438: RMS = 237.098 ns
  J1730-2304: RMS = 134.067 ns
  J1738+0333: RMS = 639.464 ns
  J1741+1351: RMS = 606.788 ns
  J1744-1134: RMS = 786.687 ns
  J1745+1017: RMS = 279.662 ns
  J1747-4036: RMS = 694.379 ns
  J1751-2857: RMS = 312.833 ns
  J1802-2124: RMS = 115.737 ns
  J1811-2405: RMS = 113.243 ns
  J1832-0836: RMS = 468.879 ns
  J1843-1113: RMS = 414.374 ns
  J1853+1303: RMS = 305.763 ns
  J1903+0327: RMS = 336.279 ns
  J1909-3744: RMS = 517.409 ns
  J1910+1256: RMS = 301.487 ns
  J1911+1347: RMS = 59.760 ns
  J1918-0642: RMS = 498.485 ns
  J1923+2515: RMS = 221.479 ns
  J1944+0907: RMS = 300.459 ns
  J1946+3417: RMS = 192.246 ns
  J2010-1323: RMS = 512.748 ns
  J2017+0603: RMS = 387.137 ns
  J2033+1734: RMS = 177.062 ns
  J2043+1711: RMS = 360.413 ns
  J2124-3358: RMS = 85.632 ns
  J2145-0750: RMS = 350.461 ns
  J2214+3000: RMS = 238.259 ns
  J2229+2643: RMS = 318.216 ns
  J2234+0611: RMS = 328.576 ns
  J2234+0944: RMS = 400.721 ns
  J2302+4442: RMS = 265.542 ns
  J2317+1439: RMS = 98.479 ns
  J2322+2057: RMS = 306.558 ns
Inject: 0.61 s
Snapshotting into enterprise Pulsar objects...
Building PTA...
PTA build: 470.49 s
Computing optimal statistic...
OS time: 65.94 s
Total: 537.05 s
  SNR 2.9189 outside of provided SNR_range [3.5, 4.25] — rescaling.
[Iteration 1/4] SNR after scaling: 2.9189 (target: 4.0000)
  SNR history: it0→609.4615@1.0000x, it1→2.9189@12.4335x
  Re-scaling distances by factor 0.2836  (cumulative after: 3.5261×)
Resetting pulsars to clean stoas...
Restore: 14.73 s
Injecting population...
  B1855+09: RMS = 1021.870 ns
  B1937+21: RMS = 1089.647 ns
  B1953+29: RMS = 556.130 ns
  J0023+0923: RMS = 518.584 ns
  J0030+0451: RMS = 804.360 ns
  J0340+4130: RMS = 1473.875 ns
  J0406+3039: RMS = 129.767 ns
  J0437-4715: RMS = 1399.000 ns
  J0509+0856: RMS = 630.701 ns
  J0557+1551: RMS = 240.089 ns
  J0605+3757: RMS = 374.136 ns
  J0610-2100: RMS = 747.867 ns
  J0613-0200: RMS = 2023.961 ns
  J0636+5128: RMS = 796.878 ns
  J0645+5158: RMS = 827.377 ns
  J0709+0458: RMS = 843.982 ns
  J0740+6620: RMS = 406.292 ns
  J0931-1902: RMS = 2461.013 ns
  J1012+5307: RMS = 2382.499 ns
  J1012-4235: RMS = 805.134 ns
  J1022+1001: RMS = 1718.242 ns
  J1024-0719: RMS = 1673.656 ns
  J1125+7819: RMS = 1046.776 ns
  J1312+0051: RMS = 1467.977 ns
  J1453+1902: RMS = 1450.923 ns
  J1455-3330: RMS = 1686.264 ns
  J1600-3053: RMS = 1841.407 ns
  J1614-2230: RMS = 2043.683 ns
  J1630+3734: RMS = 727.140 ns
  J1640+2224: RMS = 1794.524 ns
  J1643-1224: RMS = 2419.208 ns
  J1705-1903: RMS = 667.102 ns
  J1713+0747: RMS = 2266.217 ns
  J1719-1438: RMS = 836.038 ns
  J1730-2304: RMS = 472.738 ns
  J1738+0333: RMS = 2254.830 ns
  J1741+1351: RMS = 2139.610 ns
  J1744-1134: RMS = 2773.955 ns
  J1745+1017: RMS = 986.121 ns
  J1747-4036: RMS = 2448.466 ns
  J1751-2857: RMS = 1103.086 ns
  J1802-2124: RMS = 408.101 ns
  J1811-2405: RMS = 399.308 ns
  J1832-0836: RMS = 1653.327 ns
  J1843-1113: RMS = 1461.135 ns
  J1853+1303: RMS = 1078.159 ns
  J1903+0327: RMS = 1185.760 ns
  J1909-3744: RMS = 1824.449 ns
  J1910+1256: RMS = 1063.081 ns
  J1911+1347: RMS = 210.720 ns
  J1918-0642: RMS = 1757.721 ns
  J1923+2515: RMS = 780.963 ns
  J1944+0907: RMS = 1059.456 ns
  J1946+3417: RMS = 677.882 ns
  J2010-1323: RMS = 1808.014 ns
  J2017+0603: RMS = 1365.094 ns
  J2033+1734: RMS = 624.343 ns
  J2043+1711: RMS = 1270.860 ns
  J2124-3358: RMS = 301.950 ns
  J2145-0750: RMS = 1235.770 ns
  J2214+3000: RMS = 840.132 ns
  J2229+2643: RMS = 1122.068 ns
  J2234+0611: RMS = 1158.601 ns
  J2234+0944: RMS = 1412.991 ns
  J2302+4442: RMS = 936.333 ns
  J2317+1439: RMS = 347.248 ns
  J2322+2057: RMS = 1080.960 ns
Inject: 0.68 s
Snapshotting into enterprise Pulsar objects...
Building PTA...
PTA build: 463.25 s
Computing optimal statistic...
OS time: 92.74 s
Total: 571.41 s
  SNR 46.1010 outside of provided SNR_range [3.5, 4.25] — rescaling.
[Iteration 2/4] SNR after scaling: 46.1010 (target: 4.0000)
  SNR history: it0→609.4615@1.0000x, it1→2.9189@12.4335x, it2→46.1010@3.5261x
  Re-scaling distances by factor 1.8778  (cumulative after: 6.6213×)
Resetting pulsars to clean stoas...
Restore: 0.03 s
Injecting population...
  B1855+09: RMS = 544.185 ns
  B1937+21: RMS = 580.279 ns
  B1953+29: RMS = 296.161 ns
  J0023+0923: RMS = 276.166 ns
  J0030+0451: RMS = 428.353 ns
  J0340+4130: RMS = 784.896 ns
  J0406+3039: RMS = 69.106 ns
  J0437-4715: RMS = 745.022 ns
  J0509+0856: RMS = 335.873 ns
  J0557+1551: RMS = 127.857 ns
  J0605+3757: RMS = 199.242 ns
  J0610-2100: RMS = 398.268 ns
  J0613-0200: RMS = 1077.838 ns
  J0636+5128: RMS = 424.369 ns
  J0645+5158: RMS = 440.610 ns
  J0709+0458: RMS = 449.453 ns
  J0740+6620: RMS = 216.366 ns
  J0931-1902: RMS = 1310.585 ns
  J1012+5307: RMS = 1268.773 ns
  J1012-4235: RMS = 428.765 ns
  J1022+1001: RMS = 915.030 ns
  J1024-0719: RMS = 891.286 ns
  J1125+7819: RMS = 557.449 ns
  J1312+0051: RMS = 781.755 ns
  J1453+1902: RMS = 772.673 ns
  J1455-3330: RMS = 898.001 ns
  J1600-3053: RMS = 980.620 ns
  J1614-2230: RMS = 1088.341 ns
  J1630+3734: RMS = 387.230 ns
  J1640+2224: RMS = 955.653 ns
  J1643-1224: RMS = 1288.322 ns
  J1705-1903: RMS = 355.258 ns
  J1713+0747: RMS = 1206.849 ns
  J1719-1438: RMS = 445.223 ns
  J1730-2304: RMS = 251.751 ns
  J1738+0333: RMS = 1200.784 ns
  J1741+1351: RMS = 1139.425 ns
  J1744-1134: RMS = 1477.239 ns
  J1745+1017: RMS = 525.148 ns
  J1747-4036: RMS = 1303.903 ns
  J1751-2857: RMS = 587.436 ns
  J1802-2124: RMS = 217.330 ns
  J1811-2405: RMS = 212.647 ns
  J1832-0836: RMS = 880.461 ns
  J1843-1113: RMS = 778.111 ns
  J1853+1303: RMS = 574.162 ns
  J1903+0327: RMS = 631.463 ns
  J1909-3744: RMS = 971.590 ns
  J1910+1256: RMS = 566.132 ns
  J1911+1347: RMS = 112.217 ns
  J1918-0642: RMS = 936.055 ns
  J1923+2515: RMS = 415.893 ns
  J1944+0907: RMS = 564.202 ns
  J1946+3417: RMS = 360.998 ns
  J2010-1323: RMS = 962.837 ns
  J2017+0603: RMS = 726.966 ns
  J2033+1734: RMS = 332.487 ns
  J2043+1711: RMS = 676.782 ns
  J2124-3358: RMS = 160.800 ns
  J2145-0750: RMS = 658.095 ns
  J2214+3000: RMS = 447.403 ns
  J2229+2643: RMS = 597.545 ns
  J2234+0611: RMS = 617.000 ns
  J2234+0944: RMS = 752.472 ns
  J2302+4442: RMS = 498.634 ns
  J2317+1439: RMS = 184.923 ns
  J2322+2057: RMS = 575.653 ns
Inject: 1.15 s
Snapshotting into enterprise Pulsar objects...
Building PTA...
PTA build: 482.90 s
Computing optimal statistic...
OS time: 71.24 s
Total: 555.33 s
  SNR 12.0833 outside of provided SNR_range [3.5, 4.25] — rescaling.
[Iteration 3/4] SNR after scaling: 12.0833 (target: 4.0000)
  SNR history: it0→609.4615@1.0000x, it1→2.9189@12.4335x, it2→46.1010@3.5261x, it3→12.0833@6.6213x
  Re-scaling distances by factor 1.3703  (cumulative after: 9.0734×)
Resetting pulsars to clean stoas...
Restore: 0.02 s
Injecting population...
  B1855+09: RMS = 397.121 ns
  B1937+21: RMS = 423.460 ns
  B1953+29: RMS = 216.124 ns
  J0023+0923: RMS = 201.533 ns
  J0030+0451: RMS = 312.592 ns
  J0340+4130: RMS = 572.780 ns
  J0406+3039: RMS = 50.430 ns
  J0437-4715: RMS = 543.681 ns
  J0509+0856: RMS = 245.104 ns
  J0557+1551: RMS = 93.304 ns
  J0605+3757: RMS = 145.397 ns
  J0610-2100: RMS = 290.637 ns
  J0613-0200: RMS = 786.555 ns
  J0636+5128: RMS = 309.684 ns
  J0645+5158: RMS = 321.536 ns
  J0709+0458: RMS = 327.990 ns
  J0740+6620: RMS = 157.894 ns
  J0931-1902: RMS = 956.402 ns
  J1012+5307: RMS = 925.890 ns
  J1012-4235: RMS = 312.893 ns
  J1022+1001: RMS = 667.746 ns
  J1024-0719: RMS = 650.419 ns
  J1125+7819: RMS = 406.800 ns
  J1312+0051: RMS = 570.488 ns
  J1453+1902: RMS = 563.860 ns
  J1455-3330: RMS = 655.319 ns
  J1600-3053: RMS = 715.610 ns
  J1614-2230: RMS = 794.219 ns
  J1630+3734: RMS = 282.582 ns
  J1640+2224: RMS = 697.390 ns
  J1643-1224: RMS = 940.156 ns
  J1705-1903: RMS = 259.250 ns
  J1713+0747: RMS = 880.701 ns
  J1719-1438: RMS = 324.902 ns
  J1730-2304: RMS = 183.716 ns
  J1738+0333: RMS = 876.275 ns
  J1741+1351: RMS = 831.498 ns
  J1744-1134: RMS = 1078.019 ns
  J1745+1017: RMS = 383.228 ns
  J1747-4036: RMS = 951.527 ns
  J1751-2857: RMS = 428.683 ns
  J1802-2124: RMS = 158.597 ns
  J1811-2405: RMS = 155.180 ns
  J1832-0836: RMS = 642.518 ns
  J1843-1113: RMS = 567.828 ns
  J1853+1303: RMS = 418.996 ns
  J1903+0327: RMS = 460.812 ns
  J1909-3744: RMS = 709.020 ns
  J1910+1256: RMS = 413.136 ns
  J1911+1347: RMS = 81.890 ns
  J1918-0642: RMS = 683.088 ns
  J1923+2515: RMS = 303.499 ns
  J1944+0907: RMS = 411.728 ns
  J1946+3417: RMS = 263.439 ns
  J2010-1323: RMS = 702.633 ns
  J2017+0603: RMS = 530.505 ns
  J2033+1734: RMS = 242.633 ns
  J2043+1711: RMS = 493.884 ns
  J2124-3358: RMS = 117.344 ns
  J2145-0750: RMS = 480.247 ns
  J2214+3000: RMS = 326.493 ns
  J2229+2643: RMS = 436.060 ns
  J2234+0611: RMS = 450.257 ns
  J2234+0944: RMS = 549.119 ns
  J2302+4442: RMS = 363.879 ns
  J2317+1439: RMS = 134.948 ns
  J2322+2057: RMS = 420.084 ns
Inject: 1.44 s
Snapshotting into enterprise Pulsar objects...
Building PTA...
PTA build: 472.29 s
Computing optimal statistic...
OS time: 76.46 s
Total: 550.21 s
  SNR 6.0263 outside of provided SNR_range [3.5, 4.25] — rescaling.
[Iteration 4/4] SNR after scaling: 6.0263 (target: 4.0000)
  SNR history: it0→609.4615@1.0000x, it1→2.9189@12.4335x, it2→46.1010@3.5261x, it3→12.0833@6.6213x, it4→6.0263@9.0734x

Final SNR history:
  it 0: cumulative_scale=1.0000×  SNR=609.4615
  it 1: cumulative_scale=12.4335×  SNR=2.9189
  it 2: cumulative_scale=3.5261×  SNR=46.1010
  it 3: cumulative_scale=6.6213×  SNR=12.0833
  it 4: cumulative_scale=9.0734×  SNR=6.0263
✓ Simulation 1 done (2782.6 s)

======================================================================
ENSEMBLE SUMMARY
======================================================================
Success rate: 100.0% (1/1)

Binaries per population:
  Mean ± std : 500 ± 0
  Range      : [500, 500]

SNR achieved:
  Mean ± std : 6.0263 ± 0.0000
  Range      : [6.0263, 6.0263]

Total time: 3385.9 s (56.4 min)
======================================================================

💾 Saved: data/2026-04-29/optimistic_run_45/consistent_population_optimistic_targetSNR4.25_sims1.json
💾 Saved compressed pickle: data/2026-04-29/optimistic_run_45/consistent_population_optimistic_targetSNR4.25_sims1.pkl.gz

======================================================================
CONTINUOUS WAVE SNR ANALYSIS
======================================================================

--- Population 1 ---
Precomputation of phiinvs, TNTs, Ts, Nvecs, Sigmas took 0.11 seconds.
Total SNR computation for population took 468.30 seconds.
Top 50 CGW candidates:
   1. proxy_rank=   2  sky_w=1.62  f=3.36e-09 Hz  Mc=6.57e+10 Msun  h0=6.52e-15  SNR=7.152
   2. proxy_rank=   1  sky_w=1.15  f=2.85e-09 Hz  Mc=5.87e+10 Msun  h0=1.49e-14  SNR=6.098
   3. proxy_rank=  12  sky_w=1.31  f=4.33e-09 Hz  Mc=2.39e+10 Msun  h0=2.10e-15  SNR=2.768
   4. proxy_rank=  19  sky_w=0.59  f=7.55e-09 Hz  Mc=3.38e+10 Msun  h0=3.66e-15  SNR=2.749
   5. proxy_rank=  30  sky_w=1.49  f=1.31e-08 Hz  Mc=1.08e+10 Msun  h0=8.74e-16  SNR=1.536
   6. proxy_rank=   5  sky_w=1.59  f=2.36e-09 Hz  Mc=3.20e+10 Msun  h0=1.47e-15  SNR=1.117
   7. proxy_rank=  23  sky_w=0.98  f=6.80e-09 Hz  Mc=2.10e+10 Msun  h0=1.59e-15  SNR=1.109
   8. proxy_rank=  10  sky_w=1.50  f=2.71e-09 Hz  Mc=2.77e+10 Msun  h0=1.28e-15  SNR=1.051
   9. proxy_rank=   7  sky_w=1.37  f=3.31e-09 Hz  Mc=2.93e+10 Msun  h0=1.97e-15  SNR=0.974
  10. proxy_rank=   6  sky_w=1.47  f=2.16e-09 Hz  Mc=3.18e+10 Msun  h0=1.42e-15  SNR=0.692
  11. proxy_rank=  20  sky_w=1.07  f=3.70e-09 Hz  Mc=1.98e+10 Msun  h0=9.43e-16  SNR=0.676
  12. proxy_rank=   4  sky_w=0.84  f=2.83e-09 Hz  Mc=5.08e+10 Msun  h0=3.67e-15  SNR=0.672
  13. proxy_rank=  11  sky_w=0.56  f=2.39e-09 Hz  Mc=4.45e+10 Msun  h0=2.70e-15  SNR=0.632
  14. proxy_rank=  18  sky_w=1.33  f=3.01e-09 Hz  Mc=1.26e+10 Msun  h0=6.85e-16  SNR=0.628
  15. proxy_rank=   8  sky_w=0.73  f=2.13e-09 Hz  Mc=4.01e+10 Msun  h0=2.37e-15  SNR=0.621
  16. proxy_rank=   3  sky_w=1.55  f=2.31e-09 Hz  Mc=4.11e+10 Msun  h0=2.22e-15  SNR=0.584
  17. proxy_rank=  13  sky_w=0.60  f=2.15e-09 Hz  Mc=4.02e+10 Msun  h0=2.00e-15  SNR=0.500
  18. proxy_rank=   9  sky_w=0.60  f=2.02e-09 Hz  Mc=4.66e+10 Msun  h0=2.46e-15  SNR=0.492
  19. proxy_rank=  14  sky_w=0.89  f=2.38e-09 Hz  Mc=2.98e+10 Msun  h0=1.46e-15  SNR=0.463
  20. proxy_rank=  15  sky_w=1.56  f=2.64e-09 Hz  Mc=1.26e+10 Msun  h0=6.43e-16  SNR=0.457
  21. proxy_rank=  39  sky_w=0.81  f=7.94e-09 Hz  Mc=1.19e+10 Msun  h0=6.77e-16  SNR=0.379
  22. proxy_rank=  21  sky_w=0.88  f=4.20e-09 Hz  Mc=2.21e+10 Msun  h0=1.24e-15  SNR=0.319
  23. proxy_rank=  25  sky_w=1.52  f=2.88e-09 Hz  Mc=1.13e+10 Msun  h0=2.95e-16  SNR=0.256
  24. proxy_rank=  16  sky_w=1.15  f=2.25e-09 Hz  Mc=2.07e+10 Msun  h0=7.13e-16  SNR=0.239
  25. proxy_rank=  22  sky_w=1.21  f=2.23e-09 Hz  Mc=1.38e+10 Msun  h0=4.73e-16  SNR=0.215
  26. proxy_rank=  24  sky_w=1.59  f=2.16e-09 Hz  Mc=1.14e+10 Msun  h0=3.10e-16  SNR=0.197
  27. proxy_rank=  35  sky_w=1.41  f=3.18e-09 Hz  Mc=8.78e+09 Msun  h0=2.06e-16  SNR=0.191
  28. proxy_rank=  62  sky_w=1.47  f=8.20e-09 Hz  Mc=3.42e+09 Msun  h0=8.28e-17  SNR=0.161
  29. proxy_rank=  29  sky_w=0.99  f=2.65e-09 Hz  Mc=9.89e+09 Msun  h0=2.72e-16  SNR=0.149
  30. proxy_rank=  34  sky_w=1.53  f=3.30e-09 Hz  Mc=8.26e+09 Msun  h0=1.98e-16  SNR=0.140
  31. proxy_rank=  27  sky_w=0.77  f=2.17e-09 Hz  Mc=1.51e+10 Msun  h0=3.93e-16  SNR=0.134
  32. proxy_rank=  38  sky_w=1.58  f=2.71e-09 Hz  Mc=5.83e+09 Msun  h0=1.34e-16  SNR=0.118
  33. proxy_rank=  69  sky_w=0.65  f=7.21e-09 Hz  Mc=4.70e+09 Msun  h0=1.31e-16  SNR=0.117
  34. proxy_rank=  32  sky_w=0.82  f=2.41e-09 Hz  Mc=1.15e+10 Msun  h0=2.83e-16  SNR=0.116
  35. proxy_rank=  85  sky_w=0.58  f=1.32e-08 Hz  Mc=2.81e+09 Msun  h0=1.65e-16  SNR=0.112
  36. proxy_rank=  17  sky_w=0.67  f=2.02e-09 Hz  Mc=2.70e+10 Msun  h0=1.00e-15  SNR=0.098
  37. proxy_rank=  37  sky_w=1.20  f=3.30e-09 Hz  Mc=8.81e+09 Msun  h0=2.34e-16  SNR=0.089
  38. proxy_rank=  31  sky_w=1.41  f=2.58e-09 Hz  Mc=8.88e+09 Msun  h0=1.81e-16  SNR=0.087
  39. proxy_rank=  28  sky_w=1.61  f=2.06e-09 Hz  Mc=8.14e+09 Msun  h0=1.42e-16  SNR=0.085
  40. proxy_rank=  36  sky_w=1.35  f=2.08e-09 Hz  Mc=7.36e+09 Msun  h0=1.40e-16  SNR=0.079
  41. proxy_rank=  48  sky_w=0.95  f=3.72e-09 Hz  Mc=6.20e+09 Msun  h0=1.30e-16  SNR=0.074
  42. proxy_rank=  33  sky_w=1.04  f=2.07e-09 Hz  Mc=8.78e+09 Msun  h0=1.84e-16  SNR=0.073
  43. proxy_rank=  70  sky_w=1.50  f=5.44e-09 Hz  Mc=2.57e+09 Msun  h0=4.27e-17  SNR=0.072
  44. proxy_rank=  45  sky_w=1.21  f=3.29e-09 Hz  Mc=5.89e+09 Msun  h0=1.09e-16  SNR=0.068
  45. proxy_rank=  26  sky_w=1.05  f=2.54e-09 Hz  Mc=1.31e+10 Msun  h0=3.47e-16  SNR=0.068
  46. proxy_rank=  52  sky_w=1.56  f=3.30e-09 Hz  Mc=4.25e+09 Msun  h0=6.36e-17  SNR=0.066
  47. proxy_rank=  44  sky_w=1.45  f=3.25e-09 Hz  Mc=5.31e+09 Msun  h0=9.13e-17  SNR=0.055
  48. proxy_rank=  42  sky_w=1.55  f=2.43e-09 Hz  Mc=4.68e+09 Msun  h0=6.94e-17  SNR=0.051
  49. proxy_rank=  50  sky_w=1.36  f=4.00e-09 Hz  Mc=4.60e+09 Msun  h0=9.67e-17  SNR=0.044
  50. proxy_rank=  40  sky_w=1.28  f=2.49e-09 Hz  Mc=5.84e+09 Msun  h0=9.85e-17  SNR=0.043
💾 Saved: data/2026-04-29/optimistic_run_45/consistent_population_optimistic_targetSNR4.25_sims1.json
💾 Saved compressed pickle: data/2026-04-29/optimistic_run_45/consistent_population_optimistic_targetSNR4.25_sims1.pkl.gz
Saved to figures/cgw_analysis_optimistic.pdf

======================================================================
ANALYSIS COMPLETE
Results saved to: data/2026-04-29/optimistic_run_45
======================================================================

==========================================
Job finished at: Wed Apr 29 11:13:37 AEST 2026
Exit code: 0
==========================================

+------------------ Job Report: 11728579 (COMPLETED) ------------------+
| Memory (RAM)  [####################] 103.8% (33.2 GB peak / 32 GB)   |
| CPU           [###############     ] 79.0% average                   |
| Time          [------------------->] 96.5% (0-01:07:35 / 0-01:10:00) |
|                                                                      |
| Lustre Filesystem:                                                   |
|   Path    Total Read    Total Write    Total IOPS                    |
|   ------  ------------  -------------  ------------                  |
|   /apps   0 B           0 B            5                             |
|   /fred   3.2 MB        347.4 KB       49                            |
|   /home   688.7 MB      0 B            2.3 K                         |
|   OS      0 B           0 B            2                             |
+----------------------------------------------------------------------+
