==========================================
Job ID: 11740849
Job Name: smbhb_pessimistic
Node: gina3
Start Time: Wed Apr 29 15:02:47 AEST 2026
==========================================

/home/bhoulden/.conda/envs/smbhb312/share/tempo2
Working directory: /fred/oz005/users/bhoulden/SMBHB_population_injections

Loaded modules:

Starting SMBHB analysis...
==========================================

📁 Save directory: data/2026-04-29/pessimistic_run_197
📝 Run name: pessimistic_run_197

[MEM] Start: 244.3 MB

📡 Loading pulsars...
======================================================================
LOADING NANOGRAV PULSARS (libstempo)
======================================================================

📦 Loading from cache: nanograv_pulsars_cache.pkl
⚠ Cache load failed: Ran out of input
[DEBUG] Found 76 .par files
[tempo2Util.C:396] Warning: [MISC1] Unknown parameter in par file:  DMDATA
[tempo2Util.C:401] Warning: [DUP1] duplicated warnings have been suppressed.

WARNING: Using tempo RNAMP parameter: setting TNRedC to 100!
[observatory.C:271] Warning: Assuming site 'arecibo' means 'ao'
✓ Loaded B1855+09 (7758 TOAs)

WARNING: Using tempo RNAMP parameter: setting TNRedC to 100!
✓ Loaded B1937+21 (23023 TOAs)

WARNING: Using tempo RNAMP parameter: setting TNRedC to 100!
✓ Loaded B1937+21ao (7241 TOAs)

WARNING: Using tempo RNAMP parameter: setting TNRedC to 100!
✓ Loaded B1937+21gbt (16048 TOAs)

WARNING: Using tempo RNAMP parameter: setting TNRedC to 100!
✓ Loaded B1953+29 (5126 TOAs)
✓ Loaded J0023+0923 (15896 TOAs)

WARNING: Using tempo RNAMP parameter: setting TNRedC to 100!
✓ Loaded J0030+0451 (19571 TOAs)
✓ Loaded J0340+4130 (11093 TOAs)
✓ Loaded J0406+3039 (2446 TOAs)

WARNING: Using tempo RNAMP parameter: setting TNRedC to 100!
✓ Loaded J0437-4715 (5830 TOAs)
✓ Loaded J0509+0856 (2169 TOAs)
✓ Loaded J0557+1551 (525 TOAs)
✓ Loaded J0605+3757 (554 TOAs)

WARNING: Using tempo RNAMP parameter: setting TNRedC to 100!
✓ Loaded J0610-2100 (4885 TOAs)

WARNING: Using tempo RNAMP parameter: setting TNRedC to 100!
✓ Loaded J0613-0200 (17124 TOAs)
✓ Loaded J0614-3329 (1714 TOAs)
✓ Loaded J0636+5128 (32222 TOAs)
✓ Loaded J0645+5158 (10403 TOAs)
✓ Loaded J0709+0458 (3030 TOAs)
✓ Loaded J0740+6620 (13401 TOAs)
✓ Loaded J0931-1902 (5473 TOAs)

WARNING: Using tempo RNAMP parameter: setting TNRedC to 100!
✓ Loaded J1012+5307 (25837 TOAs)
✓ Loaded J1012-4235 (797 TOAs)
✓ Loaded J1022+1001 (3978 TOAs)
✓ Loaded J1024-0719 (12635 TOAs)
✓ Loaded J1125+7819 (8723 TOAs)
✓ Loaded J1312+0051 (1705 TOAs)
✓ Loaded J1453+1902 (2551 TOAs)
✓ Loaded J1455-3330 (10818 TOAs)

WARNING: Using tempo RNAMP parameter: setting TNRedC to 100!
✓ Loaded J1600-3053 (22955 TOAs)

WARNING: Using tempo RNAMP parameter: setting TNRedC to 100!
✓ Loaded J1600-3053gbt (19725 TOAs)

WARNING: Using tempo RNAMP parameter: setting TNRedC to 100!
✓ Loaded J1614-2230 (18445 TOAs)
✓ Loaded J1630+3734 (1815 TOAs)
✓ Loaded J1640+2224 (14066 TOAs)

WARNING: Using tempo RNAMP parameter: setting TNRedC to 100!
✓ Loaded J1643-1224 (22144 TOAs)

WARNING: Using tempo RNAMP parameter: setting TNRedC to 100!
✓ Loaded J1643-1224gbt (17932 TOAs)

WARNING: Using tempo RNAMP parameter: setting TNRedC to 100!
✓ Loaded J1705-1903 (9871 TOAs)

WARNING: Using tempo RNAMP parameter: setting TNRedC to 100!
✓ Loaded J1713+0747 (59389 TOAs)

WARNING: Using tempo RNAMP parameter: setting TNRedC to 100!
✓ Loaded J1713+0747ao (21362 TOAs)

WARNING: Using tempo RNAMP parameter: setting TNRedC to 100!
✓ Loaded J1713+0747gbt (32963 TOAs)
✓ Loaded J1719-1438 (6356 TOAs)
✓ Loaded J1730-2304 (4870 TOAs)
✓ Loaded J1738+0333 (8790 TOAs)
✓ Loaded J1741+1351 (5582 TOAs)

WARNING: Using tempo RNAMP parameter: setting TNRedC to 100!
✓ Loaded J1744-1134 (17745 TOAs)

WARNING: Using tempo RNAMP parameter: setting TNRedC to 100!
✓ Loaded J1745+1017 (3017 TOAs)

WARNING: Using tempo RNAMP parameter: setting TNRedC to 100!
✓ Loaded J1747-4036 (11055 TOAs)
✓ Loaded J1751-2857 (2025 TOAs)

WARNING: Using tempo RNAMP parameter: setting TNRedC to 100!
✓ Loaded J1802-2124 (6796 TOAs)
✓ Loaded J1811-2405 (5266 TOAs)
✓ Loaded J1832-0836 (7739 TOAs)
✓ Loaded J1843-1113 (4595 TOAs)

WARNING: Using tempo RNAMP parameter: setting TNRedC to 100!
✓ Loaded J1853+1303 (4570 TOAs)

WARNING: Using tempo RNAMP parameter: setting TNRedC to 100!
✓ Loaded J1903+0327 (6856 TOAs)

WARNING: Using tempo RNAMP parameter: setting TNRedC to 100!
✓ Loaded J1903+0327ao (6423 TOAs)

WARNING: Using tempo RNAMP parameter: setting TNRedC to 100!
✓ Loaded J1909-3744 (35037 TOAs)

WARNING: Using tempo RNAMP parameter: setting TNRedC to 100!
✓ Loaded J1909-3744gbt (31526 TOAs)
✓ Loaded J1910+1256 (6486 TOAs)
✓ Loaded J1911+1347 (3786 TOAs)
✓ Loaded J1918-0642 (18875 TOAs)
✓ Loaded J1923+2515 (3974 TOAs)
✓ Loaded J1944+0907 (5328 TOAs)

WARNING: Using tempo RNAMP parameter: setting TNRedC to 100!
✓ Loaded J1946+3417 (4743 TOAs)
✓ Loaded J2010-1323 (17077 TOAs)
✓ Loaded J2017+0603 (3512 TOAs)
✓ Loaded J2033+1734 (3847 TOAs)
✓ Loaded J2043+1711 (7397 TOAs)
✓ Loaded J2124-3358 (4982 TOAs)

WARNING: Using tempo RNAMP parameter: setting TNRedC to 100!
✓ Loaded J2145-0750 (18675 TOAs)
✓ Loaded J2214+3000 (7406 TOAs)
✓ Loaded J2229+2643 (3711 TOAs)

WARNING: Using tempo RNAMP parameter: setting TNRedC to 100!
✓ Loaded J2234+0611 (3566 TOAs)
✓ Loaded J2234+0944 (7535 TOAs)
✓ Loaded J2302+4442 (10211 TOAs)
✓ Loaded J2317+1439 (13927 TOAs)
✓ Loaded J2322+2057 (3088 TOAs)
⚠ Could not save cache: no default __reduce__ due to non-trivial __cinit__

✓ Loaded 76 pulsars
✗ Failed: 0 — []
[MEM] After loading pulsars: 8667.5 MB

🔍 Filtering pulsars...

Filtered: 76 → 67 pulsars
[MEM] After filtering pulsars: 8668.5 MB
[MEM] After garbage collection: 8668.5 MB

======================================================================
SMBHB POPULATION ANALYSIS
======================================================================

Configuration: pessimistic
  Lower mass, lower spread in distance, large population
  N_binaries: 10000000

======================================================================
CONSISTENT POPULATION SYNTHESIS
======================================================================

======================================================================
GENERATING SNR-CONSISTENT POPULATIONS
======================================================================
Target SNR:          4.0
Simulations:         1
======================================================================


──────────────────────────────────────────────────────────────────────
SIMULATION 1/1
──────────────────────────────────────────────────────────────────────
  [B1855+09] zeroing residuals...
  [B1855+09] adding red noise...
  [B1855+09] white noise for L-wide_PUPPI (5005 TOAs)...
  [B1855+09] white noise for L-wide_ASP (1178 TOAs)...
  [B1855+09] white noise for 430_PUPPI (1185 TOAs)...
  [B1855+09] white noise for 430_ASP (390 TOAs)...
  [B1937+21] zeroing residuals...
  [B1937+21] adding red noise...
  [B1937+21] white noise for Rcvr1_2_GASP (1069 TOAs)...
  [B1937+21] white noise for L-wide_PUPPI (4133 TOAs)...
  [B1937+21] white noise for S-wide_ASP (344 TOAs)...
  [B1937+21] white noise for Rcvr_800_GASP (586 TOAs)...
  [B1937+21] white noise for L-wide_ASP (452 TOAs)...
  [B1937+21] white noise for Rcvr1_2_GUPPI (7048 TOAs)...
  [B1937+21] white noise for Rcvr_800_GUPPI (7140 TOAs)...
  [B1937+21] white noise for S-wide_PUPPI (2251 TOAs)...
  [B1953+29] zeroing residuals...
  [B1953+29] adding red noise...
  [B1953+29] white noise for L-wide_PUPPI (4037 TOAs)...
  [B1953+29] white noise for S-wide_ASP (25 TOAs)...
  [B1953+29] white noise for 430_ASP (29 TOAs)...
  [B1953+29] white noise for L-wide_ASP (94 TOAs)...
  [B1953+29] white noise for 430_PUPPI (941 TOAs)...
  [J0023+0923] zeroing residuals...
  [J0023+0923] adding red noise...
  [J0023+0923] white noise for L-wide_PUPPI (11123 TOAs)...
  [J0023+0923] white noise for L-wide_ASP (119 TOAs)...
  [J0023+0923] white noise for 430_PUPPI (4564 TOAs)...
  [J0023+0923] white noise for 430_ASP (90 TOAs)...
  [J0030+0451] zeroing residuals...
  [J0030+0451] adding red noise...
  [J0030+0451] white noise for L-wide_PUPPI (12774 TOAs)...
  [J0030+0451] white noise for 430_ASP (267 TOAs)...
  [J0030+0451] white noise for L-wide_ASP (789 TOAs)...
  [J0030+0451] white noise for 430_PUPPI (3068 TOAs)...
  [J0030+0451] white noise for S-wide_PUPPI (2673 TOAs)...
  [J0340+4130] zeroing residuals...
  [J0340+4130] adding red noise...
  [J0340+4130] white noise for Rcvr_800_GUPPI (6056 TOAs)...
  [J0340+4130] white noise for Rcvr1_2_GUPPI (5037 TOAs)...
  [J0406+3039] zeroing residuals...
  [J0406+3039] adding red noise...
  [J0406+3039] white noise for L-wide_PUPPI (1871 TOAs)...
  [J0406+3039] white noise for S-wide_PUPPI (575 TOAs)...
  [J0437-4715] zeroing residuals...
  [J0437-4715] adding red noise...
  [J0437-4715] white noise for 1.5GHz_YUPPI (2134 TOAs)...
  [J0437-4715] white noise for 3GHz_YUPPI (3696 TOAs)...
  [J0509+0856] zeroing residuals...
  [J0509+0856] adding red noise...
  [J0509+0856] white noise for L-wide_PUPPI (1625 TOAs)...
  [J0509+0856] white noise for S-wide_PUPPI (544 TOAs)...
  [J0557+1551] zeroing residuals...
  [J0557+1551] adding red noise...
  [J0557+1551] white noise for L-wide_PUPPI (467 TOAs)...
  [J0557+1551] white noise for S-wide_PUPPI (58 TOAs)...
  [J0605+3757] zeroing residuals...
  [J0605+3757] adding red noise...
  [J0605+3757] white noise for Rcvr_800_GUPPI (236 TOAs)...
  [J0605+3757] white noise for Rcvr1_2_GUPPI (318 TOAs)...
  [J0610-2100] zeroing residuals...
  [J0610-2100] adding red noise...
  [J0610-2100] white noise for Rcvr_800_GUPPI (2484 TOAs)...
  [J0610-2100] white noise for Rcvr1_2_GUPPI (2401 TOAs)...
  [J0613-0200] zeroing residuals...
  [J0613-0200] adding red noise...
  [J0613-0200] white noise for Rcvr_800_GASP (809 TOAs)...
  [J0613-0200] white noise for Rcvr1_2_GASP (992 TOAs)...
  [J0613-0200] white noise for Rcvr_800_GUPPI (7900 TOAs)...
  [J0613-0200] white noise for Rcvr1_2_GUPPI (7423 TOAs)...
  [J0636+5128] zeroing residuals...
  [J0636+5128] adding red noise...
  [J0636+5128] white noise for Rcvr_800_GUPPI (17419 TOAs)...
  [J0636+5128] white noise for Rcvr1_2_GUPPI (14803 TOAs)...
  [J0645+5158] zeroing residuals...
  [J0645+5158] adding red noise...
  [J0645+5158] white noise for Rcvr_800_GUPPI (4682 TOAs)...
  [J0645+5158] white noise for Rcvr1_2_GUPPI (5721 TOAs)...
  [J0709+0458] zeroing residuals...
  [J0709+0458] adding red noise...
  [J0709+0458] white noise for L-wide_PUPPI (2435 TOAs)...
  [J0709+0458] white noise for S-wide_PUPPI (595 TOAs)...
  [J0740+6620] zeroing residuals...
  [J0740+6620] adding red noise...
  [J0740+6620] white noise for Rcvr_800_GUPPI (5136 TOAs)...
  [J0740+6620] white noise for Rcvr1_2_GUPPI (8265 TOAs)...
  [J0931-1902] zeroing residuals...
  [J0931-1902] adding red noise...
  [J0931-1902] white noise for Rcvr_800_GUPPI (3419 TOAs)...
  [J0931-1902] white noise for Rcvr1_2_GUPPI (2054 TOAs)...
  [J1012+5307] zeroing residuals...
  [J1012+5307] adding red noise...
  [J1012+5307] white noise for Rcvr_800_GASP (1210 TOAs)...
  [J1012+5307] white noise for Rcvr1_2_GASP (1479 TOAs)...
  [J1012+5307] white noise for Rcvr_800_GUPPI (10299 TOAs)...
  [J1012+5307] white noise for Rcvr1_2_GUPPI (12849 TOAs)...
  [J1012-4235] zeroing residuals...
  [J1012-4235] adding red noise...
  [J1012-4235] white noise for Rcvr_800_GUPPI (342 TOAs)...
  [J1012-4235] white noise for Rcvr1_2_GUPPI (455 TOAs)...
  [J1022+1001] zeroing residuals...
  [J1022+1001] adding red noise...
  [J1022+1001] white noise for L-wide_PUPPI (2592 TOAs)...
  [J1022+1001] white noise for S-wide_PUPPI (1154 TOAs)...
  [J1022+1001] white noise for 430_PUPPI (232 TOAs)...
  [J1024-0719] zeroing residuals...
  [J1024-0719] adding red noise...
  [J1024-0719] white noise for Rcvr_800_GASP (51 TOAs)...
  [J1024-0719] white noise for Rcvr1_2_GASP (43 TOAs)...
  [J1024-0719] white noise for Rcvr_800_GUPPI (5455 TOAs)...
  [J1024-0719] white noise for Rcvr1_2_GUPPI (7086 TOAs)...
  [J1125+7819] zeroing residuals...
  [J1125+7819] adding red noise...
  [J1125+7819] white noise for Rcvr_800_GUPPI (4707 TOAs)...
  [J1125+7819] white noise for Rcvr1_2_GUPPI (4016 TOAs)...
  [J1312+0051] zeroing residuals...
  [J1312+0051] adding red noise...
  [J1312+0051] white noise for L-wide_PUPPI (1289 TOAs)...
  [J1312+0051] white noise for S-wide_PUPPI (416 TOAs)...
  [J1453+1902] zeroing residuals...
  [J1453+1902] adding red noise...
  [J1453+1902] white noise for L-wide_PUPPI (2122 TOAs)...
  [J1453+1902] white noise for S-wide_PUPPI (4 TOAs)...
  [J1453+1902] white noise for 430_PUPPI (425 TOAs)...
  [J1455-3330] zeroing residuals...
  [J1455-3330] adding red noise...
  [J1455-3330] white noise for Rcvr_800_GASP (479 TOAs)...
  [J1455-3330] white noise for Rcvr1_2_GASP (564 TOAs)...
  [J1455-3330] white noise for Rcvr_800_GUPPI (4843 TOAs)...
  [J1455-3330] white noise for Rcvr1_2_GUPPI (4932 TOAs)...
  [J1600-3053] zeroing residuals...
  [J1600-3053] adding red noise...
  [J1600-3053] white noise for Rcvr1_2_GASP (457 TOAs)...
  [J1600-3053] white noise for Rcvr_800_GASP (297 TOAs)...
  [J1600-3053] white noise for Rcvr1_2_GUPPI (10168 TOAs)...
  [J1600-3053] white noise for 3GHz_YUPPI (3237 TOAs)...
  [J1600-3053] white noise for Rcvr_800_GUPPI (8796 TOAs)...
  [J1614-2230] zeroing residuals...
  [J1614-2230] adding red noise...
  [J1614-2230] white noise for Rcvr_800_GASP (84 TOAs)...
  [J1614-2230] white noise for Rcvr1_2_GASP (84 TOAs)...
  [J1614-2230] white noise for Rcvr_800_GUPPI (7768 TOAs)...
  [J1614-2230] white noise for Rcvr1_2_GUPPI (10509 TOAs)...
  [J1630+3734] zeroing residuals...
  [J1630+3734] adding red noise...
  [J1630+3734] white noise for Rcvr_800_GUPPI (906 TOAs)...
  [J1630+3734] white noise for Rcvr1_2_GUPPI (909 TOAs)...
  [J1640+2224] zeroing residuals...
  [J1640+2224] adding red noise...
  [J1640+2224] white noise for L-wide_PUPPI (9847 TOAs)...
  [J1640+2224] white noise for L-wide_ASP (722 TOAs)...
  [J1640+2224] white noise for 430_PUPPI (3157 TOAs)...
  [J1640+2224] white noise for 430_ASP (340 TOAs)...
  [J1643-1224] zeroing residuals...
  [J1643-1224] adding red noise...
  [J1643-1224] white noise for Rcvr1_2_GASP (833 TOAs)...
  [J1643-1224] white noise for Rcvr_800_GASP (559 TOAs)...
  [J1643-1224] white noise for Rcvr1_2_GUPPI (8803 TOAs)...
  [J1643-1224] white noise for 3GHz_YUPPI (4215 TOAs)...
  [J1643-1224] white noise for Rcvr_800_GUPPI (7734 TOAs)...
  [J1705-1903] zeroing residuals...
  [J1705-1903] adding red noise...
  [J1705-1903] white noise for Rcvr_800_GUPPI (3521 TOAs)...
  [J1705-1903] white noise for Rcvr1_2_GUPPI (6350 TOAs)...
  [J1713+0747] zeroing residuals...
  [J1713+0747] adding red noise...
  [J1713+0747] white noise for Rcvr1_2_GASP (1109 TOAs)...
  [J1713+0747] white noise for L-wide_PUPPI (12743 TOAs)...
  [J1713+0747] white noise for 1.5GHz_YUPPI (1461 TOAs)...
  [J1713+0747] white noise for S-wide_ASP (624 TOAs)...
  [J1713+0747] white noise for Rcvr_800_GASP (1032 TOAs)...
  [J1713+0747] white noise for L-wide_ASP (843 TOAs)...
  [J1713+0747] white noise for Rcvr1_2_GUPPI (22334 TOAs)...
  [J1713+0747] white noise for 3GHz_YUPPI (3282 TOAs)...
  [J1713+0747] white noise for Rcvr_800_GUPPI (8479 TOAs)...
  [J1713+0747] white noise for S-wide_PUPPI (7482 TOAs)...
  [J1719-1438] zeroing residuals...
  [J1719-1438] adding red noise...
  [J1719-1438] white noise for Rcvr_800_GUPPI (3634 TOAs)...
  [J1719-1438] white noise for Rcvr1_2_GUPPI (2722 TOAs)...
  [J1730-2304] zeroing residuals...
  [J1730-2304] adding red noise...
  [J1730-2304] white noise for Rcvr_800_GUPPI (2503 TOAs)...
  [J1730-2304] white noise for Rcvr1_2_GUPPI (2367 TOAs)...
  [J1738+0333] zeroing residuals...
  [J1738+0333] adding red noise...
  [J1738+0333] white noise for L-wide_PUPPI (6718 TOAs)...
  [J1738+0333] white noise for L-wide_ASP (201 TOAs)...
  [J1738+0333] white noise for S-wide_ASP (134 TOAs)...
  [J1738+0333] white noise for S-wide_PUPPI (1737 TOAs)...
  [J1741+1351] zeroing residuals...
  [J1741+1351] adding red noise...
  [J1741+1351] white noise for L-wide_PUPPI (4045 TOAs)...
  [J1741+1351] white noise for S-wide_ASP (115 TOAs)...
  [J1741+1351] white noise for 430_ASP (27 TOAs)...
  [J1741+1351] white noise for L-wide_ASP (236 TOAs)...
  [J1741+1351] white noise for 430_PUPPI (1159 TOAs)...
  [J1744-1134] zeroing residuals...
  [J1744-1134] adding red noise...
  [J1744-1134] white noise for Rcvr_800_GASP (930 TOAs)...
  [J1744-1134] white noise for Rcvr1_2_GASP (807 TOAs)...
  [J1744-1134] white noise for Rcvr_800_GUPPI (7899 TOAs)...
  [J1744-1134] white noise for Rcvr1_2_GUPPI (8109 TOAs)...
  [J1745+1017] zeroing residuals...
  [J1745+1017] adding red noise...
  [J1745+1017] white noise for L-wide_PUPPI (2179 TOAs)...
  [J1745+1017] white noise for S-wide_PUPPI (838 TOAs)...
  [J1747-4036] zeroing residuals...
  [J1747-4036] adding red noise...
  [J1747-4036] white noise for Rcvr_800_GUPPI (5816 TOAs)...
  [J1747-4036] white noise for Rcvr1_2_GUPPI (5239 TOAs)...
  [J1751-2857] zeroing residuals...
  [J1751-2857] adding red noise...
  [J1751-2857] white noise for Rcvr_800_GUPPI (239 TOAs)...
  [J1751-2857] white noise for Rcvr1_2_GUPPI (1786 TOAs)...
  [J1802-2124] zeroing residuals...
  [J1802-2124] adding red noise...
  [J1802-2124] white noise for Rcvr_800_GUPPI (3565 TOAs)...
  [J1802-2124] white noise for Rcvr1_2_GUPPI (3231 TOAs)...
  [J1811-2405] zeroing residuals...
  [J1811-2405] adding red noise...
  [J1811-2405] white noise for Rcvr_800_GUPPI (2628 TOAs)...
  [J1811-2405] white noise for Rcvr1_2_GUPPI (2638 TOAs)...
  [J1832-0836] zeroing residuals...
  [J1832-0836] adding red noise...
  [J1832-0836] white noise for Rcvr_800_GUPPI (3078 TOAs)...
  [J1832-0836] white noise for Rcvr1_2_GUPPI (4661 TOAs)...
  [J1843-1113] zeroing residuals...
  [J1843-1113] adding red noise...
  [J1843-1113] white noise for Rcvr_800_GUPPI (2201 TOAs)...
  [J1843-1113] white noise for Rcvr1_2_GUPPI (2394 TOAs)...
  [J1853+1303] zeroing residuals...
  [J1853+1303] adding red noise...
  [J1853+1303] white noise for L-wide_PUPPI (3362 TOAs)...
  [J1853+1303] white noise for L-wide_ASP (33 TOAs)...
  [J1853+1303] white noise for 430_PUPPI (1151 TOAs)...
  [J1853+1303] white noise for 430_ASP (24 TOAs)...
  [J1903+0327] zeroing residuals...
  [J1903+0327] adding red noise...
  [J1903+0327] white noise for L-wide_PUPPI (3845 TOAs)...
  [J1903+0327] white noise for S-wide_ASP (151 TOAs)...
  [J1903+0327] white noise for L-wide_ASP (139 TOAs)...
  [J1903+0327] white noise for 3GHz_YUPPI (439 TOAs)...
  [J1903+0327] white noise for S-wide_PUPPI (2282 TOAs)...
  [J1909-3744] zeroing residuals...
  [J1909-3744] adding red noise...
  [J1909-3744] white noise for Rcvr1_2_GASP (808 TOAs)...
  [J1909-3744] white noise for Rcvr_800_GASP (866 TOAs)...
  [J1909-3744] white noise for Rcvr1_2_GUPPI (20439 TOAs)...
  [J1909-3744] white noise for 3GHz_YUPPI (3525 TOAs)...
  [J1909-3744] white noise for Rcvr_800_GUPPI (9399 TOAs)...
  [J1910+1256] zeroing residuals...
  [J1910+1256] adding red noise...
  [J1910+1256] white noise for L-wide_PUPPI (4124 TOAs)...
  [J1910+1256] white noise for L-wide_ASP (297 TOAs)...
  [J1910+1256] white noise for S-wide_ASP (208 TOAs)...
  [J1910+1256] white noise for S-wide_PUPPI (1857 TOAs)...
  [J1911+1347] zeroing residuals...
  [J1911+1347] adding red noise...
  [J1911+1347] white noise for L-wide_PUPPI (3033 TOAs)...
  [J1911+1347] white noise for 430_PUPPI (753 TOAs)...
  [J1918-0642] zeroing residuals...
  [J1918-0642] adding red noise...
  [J1918-0642] white noise for Rcvr_800_GASP (835 TOAs)...
  [J1918-0642] white noise for Rcvr1_2_GASP (778 TOAs)...
  [J1918-0642] white noise for Rcvr_800_GUPPI (8352 TOAs)...
  [J1918-0642] white noise for Rcvr1_2_GUPPI (8910 TOAs)...
  [J1923+2515] zeroing residuals...
  [J1923+2515] adding red noise...
  [J1923+2515] white noise for L-wide_PUPPI (3028 TOAs)...
  [J1923+2515] white noise for L-wide_ASP (14 TOAs)...
  [J1923+2515] white noise for 430_PUPPI (922 TOAs)...
  [J1923+2515] white noise for 430_ASP (10 TOAs)...
  [J1944+0907] zeroing residuals...
  [J1944+0907] adding red noise...
  [J1944+0907] white noise for L-wide_PUPPI (3900 TOAs)...
  [J1944+0907] white noise for S-wide_ASP (116 TOAs)...
  [J1944+0907] white noise for 430_ASP (38 TOAs)...
  [J1944+0907] white noise for L-wide_ASP (257 TOAs)...
  [J1944+0907] white noise for 430_PUPPI (1017 TOAs)...
  [J1946+3417] zeroing residuals...
  [J1946+3417] adding red noise...
  [J1946+3417] white noise for L-wide_PUPPI (3197 TOAs)...
  [J1946+3417] white noise for S-wide_PUPPI (1546 TOAs)...
  [J2010-1323] zeroing residuals...
  [J2010-1323] adding red noise...
  [J2010-1323] white noise for Rcvr_800_GASP (70 TOAs)...
  [J2010-1323] white noise for Rcvr1_2_GASP (70 TOAs)...
  [J2010-1323] white noise for Rcvr_800_GUPPI (9158 TOAs)...
  [J2010-1323] white noise for Rcvr1_2_GUPPI (7779 TOAs)...
  [J2017+0603] zeroing residuals...
  [J2017+0603] adding red noise...
  [J2017+0603] white noise for L-wide_PUPPI (2569 TOAs)...
  [J2017+0603] white noise for L-wide_ASP (16 TOAs)...
  [J2017+0603] white noise for S-wide_PUPPI (849 TOAs)...
  [J2017+0603] white noise for 430_PUPPI (78 TOAs)...
  [J2033+1734] zeroing residuals...
  [J2033+1734] adding red noise...
  [J2033+1734] white noise for L-wide_PUPPI (3050 TOAs)...
  [J2033+1734] white noise for 430_PUPPI (797 TOAs)...
  [J2043+1711] zeroing residuals...
  [J2043+1711] adding red noise...
  [J2043+1711] white noise for L-wide_PUPPI (4419 TOAs)...
  [J2043+1711] white noise for L-wide_ASP (40 TOAs)...
  [J2043+1711] white noise for 430_PUPPI (2908 TOAs)...
  [J2043+1711] white noise for 430_ASP (30 TOAs)...
  [J2124-3358] zeroing residuals...
  [J2124-3358] adding red noise...
  [J2124-3358] white noise for Rcvr_800_GUPPI (2025 TOAs)...
  [J2124-3358] white noise for Rcvr1_2_GUPPI (2957 TOAs)...
  [J2145-0750] zeroing residuals...
  [J2145-0750] adding red noise...
  [J2145-0750] white noise for Rcvr_800_GASP (362 TOAs)...
  [J2145-0750] white noise for Rcvr1_2_GASP (427 TOAs)...
  [J2145-0750] white noise for Rcvr_800_GUPPI (8728 TOAs)...
  [J2145-0750] white noise for Rcvr1_2_GUPPI (9158 TOAs)...
  [J2214+3000] zeroing residuals...
  [J2214+3000] adding red noise...
  [J2214+3000] white noise for L-wide_PUPPI (5829 TOAs)...
  [J2214+3000] white noise for L-wide_ASP (9 TOAs)...
  [J2214+3000] white noise for S-wide_PUPPI (1568 TOAs)...
  [J2229+2643] zeroing residuals...
  [J2229+2643] adding red noise...
  [J2229+2643] white noise for L-wide_PUPPI (2755 TOAs)...
  [J2229+2643] white noise for 430_PUPPI (956 TOAs)...
  [J2234+0611] zeroing residuals...
  [J2234+0611] adding red noise...
  [J2234+0611] white noise for L-wide_PUPPI (2913 TOAs)...
  [J2234+0611] white noise for 430_PUPPI (653 TOAs)...
  [J2234+0944] zeroing residuals...
  [J2234+0944] adding red noise...
  [J2234+0944] white noise for L-wide_PUPPI (5003 TOAs)...
  [J2234+0944] white noise for S-wide_PUPPI (2532 TOAs)...
  [J2302+4442] zeroing residuals...
  [J2302+4442] adding red noise...
  [J2302+4442] white noise for Rcvr_800_GUPPI (6432 TOAs)...
  [J2302+4442] white noise for Rcvr1_2_GUPPI (3779 TOAs)...
  [J2317+1439] zeroing residuals...
  [J2317+1439] adding red noise...
  [J2317+1439] white noise for L-wide_PUPPI (9563 TOAs)...
  [J2317+1439] white noise for 430_ASP (458 TOAs)...
  [J2317+1439] white noise for 430_PUPPI (3217 TOAs)...
  [J2317+1439] white noise for 327_ASP (413 TOAs)...
  [J2317+1439] white noise for 327_PUPPI (276 TOAs)...
  [J2322+2057] zeroing residuals...
  [J2322+2057] adding red noise...
  [J2322+2057] white noise for L-wide_PUPPI (2196 TOAs)...
  [J2322+2057] white noise for S-wide_PUPPI (140 TOAs)...
  [J2322+2057] white noise for 430_PUPPI (752 TOAs)...
Resetting pulsars to clean stoas...
Restore: 0.00 s
Inject: 0.00 s
Snapshotting into enterprise Pulsar objects...
Building PTA...
PTA build: 439.50 s
Computing optimal statistic...
OS time: 60.23 s
Total: 499.74 s
Noise-only SNR baseline: -0.4853

Generating SNR-consistent population...
Target SNR: 4.0
Resetting pulsars to clean stoas...
Restore: 0.01 s
Injecting population...
  B1855+09: RMS = 1620.070 ns
  B1937+21: RMS = 2193.549 ns
  B1953+29: RMS = 1562.346 ns
  J0023+0923: RMS = 1384.355 ns
  J0030+0451: RMS = 918.054 ns
  J0340+4130: RMS = 565.735 ns
  J0406+3039: RMS = 796.573 ns
  J0437-4715: RMS = 380.465 ns
  J0509+0856: RMS = 832.469 ns
  J0557+1551: RMS = 522.508 ns
  J0605+3757: RMS = 368.319 ns
  J0610-2100: RMS = 818.675 ns
  J0613-0200: RMS = 1257.028 ns
  J0636+5128: RMS = 1262.329 ns
  J0645+5158: RMS = 1587.043 ns
  J0709+0458: RMS = 1156.964 ns
  J0740+6620: RMS = 1651.443 ns
  J0931-1902: RMS = 2082.582 ns
  J1012+5307: RMS = 2594.172 ns
  J1012-4235: RMS = 357.476 ns
  J1022+1001: RMS = 774.283 ns
  J1024-0719: RMS = 1654.100 ns
  J1125+7819: RMS = 519.368 ns
  J1312+0051: RMS = 2925.022 ns
  J1453+1902: RMS = 1932.650 ns
  J1455-3330: RMS = 1813.412 ns
  J1600-3053: RMS = 1215.553 ns
  J1614-2230: RMS = 1077.591 ns
  J1630+3734: RMS = 417.998 ns
  J1640+2224: RMS = 814.900 ns
  J1643-1224: RMS = 978.331 ns
  J1705-1903: RMS = 1134.392 ns
  J1713+0747: RMS = 862.762 ns
  J1719-1438: RMS = 1373.733 ns
  J1730-2304: RMS = 755.951 ns
  J1738+0333: RMS = 895.825 ns
  J1741+1351: RMS = 721.149 ns
  J1744-1134: RMS = 1132.288 ns
  J1745+1017: RMS = 1001.219 ns
  J1747-4036: RMS = 1172.793 ns
  J1751-2857: RMS = 480.893 ns
  J1802-2124: RMS = 710.408 ns
  J1811-2405: RMS = 613.561 ns
  J1832-0836: RMS = 1197.179 ns
  J1843-1113: RMS = 859.637 ns
  J1853+1303: RMS = 1196.702 ns
  J1903+0327: RMS = 1186.893 ns
  J1909-3744: RMS = 1686.390 ns
  J1910+1256: RMS = 1656.226 ns
  J1911+1347: RMS = 1446.942 ns
  J1918-0642: RMS = 1067.630 ns
  J1923+2515: RMS = 1375.453 ns
  J1944+0907: RMS = 1968.791 ns
  J1946+3417: RMS = 540.925 ns
  J2010-1323: RMS = 1532.763 ns
  J2017+0603: RMS = 2257.441 ns
  J2033+1734: RMS = 552.373 ns
  J2043+1711: RMS = 2611.299 ns
  J2124-3358: RMS = 864.719 ns
  J2145-0750: RMS = 1129.386 ns
  J2214+3000: RMS = 1298.088 ns
  J2229+2643: RMS = 1038.475 ns
  J2234+0611: RMS = 504.577 ns
  J2234+0944: RMS = 849.752 ns
  J2302+4442: RMS = 394.692 ns
  J2317+1439: RMS = 1040.637 ns
  J2322+2057: RMS = 445.180 ns
Inject: 146.31 s
Snapshotting into enterprise Pulsar objects...
Building PTA...
PTA build: 441.96 s
Computing optimal statistic...
OS time: 59.00 s
Total: 647.27 s
Initial SNR: 2.6910, Target SNR: 4.0000
  Initial SNR 2.6910 outside of provided SNR_range [3.5, 4.25] — rescaling.
Scaling distances by factor 0.8415 to achieve target SNR...
Resetting pulsars to clean stoas...
Restore: 0.01 s
Injecting population...
  B1855+09: RMS = 1925.165 ns
  B1937+21: RMS = 2606.643 ns
  B1953+29: RMS = 1856.571 ns
  J0023+0923: RMS = 1645.060 ns
  J0030+0451: RMS = 1090.944 ns
  J0340+4130: RMS = 672.275 ns
  J0406+3039: RMS = 946.586 ns
  J0437-4715: RMS = 452.115 ns
  J0509+0856: RMS = 989.241 ns
  J0557+1551: RMS = 620.908 ns
  J0605+3757: RMS = 437.682 ns
  J0610-2100: RMS = 972.849 ns
  J0613-0200: RMS = 1493.754 ns
  J0636+5128: RMS = 1500.054 ns
  J0645+5158: RMS = 1885.918 ns
  J0709+0458: RMS = 1374.846 ns
  J0740+6620: RMS = 1962.446 ns
  J0931-1902: RMS = 2474.778 ns
  J1012+5307: RMS = 3082.712 ns
  J1012-4235: RMS = 424.796 ns
  J1022+1001: RMS = 920.097 ns
  J1024-0719: RMS = 1965.604 ns
  J1125+7819: RMS = 617.177 ns
  J1312+0051: RMS = 3475.869 ns
  J1453+1902: RMS = 2296.611 ns
  J1455-3330: RMS = 2154.918 ns
  J1600-3053: RMS = 1444.469 ns
  J1614-2230: RMS = 1280.525 ns
  J1630+3734: RMS = 496.716 ns
  J1640+2224: RMS = 968.363 ns
  J1643-1224: RMS = 1162.572 ns
  J1705-1903: RMS = 1348.023 ns
  J1713+0747: RMS = 1025.240 ns
  J1719-1438: RMS = 1632.438 ns
  J1730-2304: RMS = 898.314 ns
  J1738+0333: RMS = 1064.529 ns
  J1741+1351: RMS = 856.958 ns
  J1744-1134: RMS = 1345.523 ns
  J1745+1017: RMS = 1189.771 ns
  J1747-4036: RMS = 1393.656 ns
  J1751-2857: RMS = 571.455 ns
  J1802-2124: RMS = 844.193 ns
  J1811-2405: RMS = 729.109 ns
  J1832-0836: RMS = 1422.634 ns
  J1843-1113: RMS = 1021.526 ns
  J1853+1303: RMS = 1422.067 ns
  J1903+0327: RMS = 1410.412 ns
  J1909-3744: RMS = 2003.974 ns
  J1910+1256: RMS = 1968.130 ns
  J1911+1347: RMS = 1719.433 ns
  J1918-0642: RMS = 1268.689 ns
  J1923+2515: RMS = 1634.482 ns
  J1944+0907: RMS = 2339.557 ns
  J1946+3417: RMS = 642.793 ns
  J2010-1323: RMS = 1821.417 ns
  J2017+0603: RMS = 2682.567 ns
  J2033+1734: RMS = 656.397 ns
  J2043+1711: RMS = 3103.065 ns
  J2124-3358: RMS = 1027.565 ns
  J2145-0750: RMS = 1342.075 ns
  J2214+3000: RMS = 1542.547 ns
  J2229+2643: RMS = 1234.043 ns
  J2234+0611: RMS = 599.600 ns
  J2234+0944: RMS = 1009.779 ns
  J2302+4442: RMS = 469.022 ns
  J2317+1439: RMS = 1236.612 ns
  J2322+2057: RMS = 529.017 ns
Inject: 324.11 s
Snapshotting into enterprise Pulsar objects...
Building PTA...
PTA build: 448.12 s
Computing optimal statistic...
OS time: 58.42 s
Total: 830.65 s
  ✓ SNR is within the provided SNR_range: 3.7105 ∈ [3.5, 4.25]

Final SNR history:
  it 0: cumulative_scale=1.0000×  SNR=2.6910
  it 1: cumulative_scale=0.8415×  SNR=3.7105
✓ Simulation 1 done (1514.1 s)

======================================================================
ENSEMBLE SUMMARY
======================================================================
Success rate: 100.0% (1/1)

Binaries per population:
  Mean ± std : 10000000 ± 0
  Range      : [10000000, 10000000]

SNR achieved:
  Mean ± std : 3.7105 ± 0.0000
  Range      : [3.7105, 3.7105]

Total time: 2059.2 s (34.3 min)
======================================================================

💾 Saved: data/2026-04-29/pessimistic_run_197/consistent_population_pessimistic_targetSNR4.25_sims1.json
💾 Saved compressed pickle: data/2026-04-29/pessimistic_run_197/consistent_population_pessimistic_targetSNR4.25_sims1.pkl.gz

======================================================================
CONTINUOUS WAVE SNR ANALYSIS
======================================================================

--- Population 1 ---
Precomputation of phiinvs, TNTs, Ts, Nvecs, Sigmas took 0.03 seconds.
Total SNR computation for population took 339.40 seconds.
Top 50 CGW candidates:
   1. proxy_rank=  12  sky_w=1.12  f=9.94e-09 Hz  Mc=8.19e+08 Msun  h0=7.34e-15  SNR=12.254
   2. proxy_rank= 225  sky_w=0.74  f=1.29e-08 Hz  Mc=3.57e+09 Msun  h0=6.19e-15  SNR=6.737
   3. proxy_rank= 131  sky_w=1.27  f=9.63e-09 Hz  Mc=5.57e+09 Msun  h0=3.12e-15  SNR=5.885
   4. proxy_rank=  94  sky_w=1.47  f=8.45e-09 Hz  Mc=6.05e+09 Msun  h0=2.63e-15  SNR=3.899
   5. proxy_rank= 827  sky_w=1.27  f=1.20e-08 Hz  Mc=4.72e+09 Msun  h0=2.23e-15  SNR=3.744
   6. proxy_rank= 617  sky_w=1.60  f=1.06e-08 Hz  Mc=4.56e+09 Msun  h0=1.71e-15  SNR=3.518
   7. proxy_rank= 524  sky_w=1.60  f=1.31e-08 Hz  Mc=2.89e+09 Msun  h0=2.25e-15  SNR=3.416
   8. proxy_rank= 201  sky_w=1.51  f=7.41e-09 Hz  Mc=5.47e+09 Msun  h0=1.81e-15  SNR=3.172
   9. proxy_rank= 304  sky_w=0.83  f=7.86e-09 Hz  Mc=2.33e+09 Msun  h0=3.05e-15  SNR=2.990
  10. proxy_rank=  21  sky_w=1.59  f=4.38e-09 Hz  Mc=4.84e+09 Msun  h0=2.06e-15  SNR=2.817
  11. proxy_rank=  37  sky_w=1.35  f=4.92e-09 Hz  Mc=3.02e+09 Msun  h0=2.17e-15  SNR=2.797
  12. proxy_rank= 632  sky_w=0.88  f=6.75e-09 Hz  Mc=5.06e+09 Msun  h0=1.96e-15  SNR=2.307
  13. proxy_rank= 416  sky_w=1.18  f=6.16e-09 Hz  Mc=5.18e+09 Msun  h0=1.52e-15  SNR=1.913
  14. proxy_rank= 452  sky_w=0.81  f=5.53e-09 Hz  Mc=6.46e+09 Msun  h0=1.96e-15  SNR=1.888
  15. proxy_rank= 988  sky_w=1.52  f=6.51e-09 Hz  Mc=3.66e+09 Msun  h0=9.50e-16  SNR=1.832
  16. proxy_rank= 269  sky_w=1.57  f=5.15e-09 Hz  Mc=3.60e+09 Msun  h0=1.11e-15  SNR=1.774
  17. proxy_rank= 155  sky_w=0.88  f=4.22e-09 Hz  Mc=5.40e+09 Msun  h0=1.91e-15  SNR=1.724
  18. proxy_rank= 295  sky_w=1.47  f=5.35e-09 Hz  Mc=4.40e+09 Msun  h0=1.18e-15  SNR=1.651
  19. proxy_rank=  23  sky_w=1.61  f=3.26e-09 Hz  Mc=2.93e+09 Msun  h0=1.49e-15  SNR=1.607
  20. proxy_rank= 158  sky_w=1.61  f=4.25e-09 Hz  Mc=4.71e+09 Msun  h0=1.04e-15  SNR=1.544
  21. proxy_rank= 439  sky_w=0.94  f=8.34e-09 Hz  Mc=4.75e+09 Msun  h0=2.54e-15  SNR=1.533
  22. proxy_rank= 570  sky_w=1.30  f=9.77e-09 Hz  Mc=4.08e+09 Msun  h0=2.01e-15  SNR=1.505
  23. proxy_rank=  49  sky_w=1.19  f=3.94e-09 Hz  Mc=5.49e+09 Msun  h0=1.85e-15  SNR=1.483
  24. proxy_rank=  15  sky_w=1.40  f=2.97e-09 Hz  Mc=1.91e+09 Msun  h0=1.69e-15  SNR=1.470
  25. proxy_rank= 848  sky_w=1.46  f=5.60e-09 Hz  Mc=4.05e+09 Msun  h0=8.99e-16  SNR=1.458
  26. proxy_rank= 105  sky_w=1.47  f=3.79e-09 Hz  Mc=2.23e+09 Msun  h0=1.14e-15  SNR=1.438
  27. proxy_rank=  28  sky_w=0.74  f=3.65e-09 Hz  Mc=2.59e+09 Msun  h0=3.17e-15  SNR=1.399
  28. proxy_rank= 485  sky_w=1.51  f=6.42e-09 Hz  Mc=2.68e+09 Msun  h0=1.18e-15  SNR=1.384
  29. proxy_rank= 101  sky_w=1.30  f=3.82e-09 Hz  Mc=3.82e+09 Msun  h0=1.32e-15  SNR=1.358
  30. proxy_rank=   7  sky_w=1.03  f=2.99e-09 Hz  Mc=3.97e+09 Msun  h0=2.61e-15  SNR=1.342
  31. proxy_rank= 634  sky_w=0.87  f=4.77e-09 Hz  Mc=5.23e+09 Msun  h0=1.41e-15  SNR=1.340
  32. proxy_rank= 993  sky_w=1.08  f=6.51e-09 Hz  Mc=1.64e+09 Msun  h0=1.33e-15  SNR=1.322
  33. proxy_rank=  77  sky_w=1.19  f=5.72e-09 Hz  Mc=3.04e+09 Msun  h0=2.38e-15  SNR=1.274
  34. proxy_rank= 820  sky_w=1.63  f=5.38e-09 Hz  Mc=2.58e+09 Msun  h0=7.82e-16  SNR=1.262
  35. proxy_rank= 198  sky_w=1.34  f=4.31e-09 Hz  Mc=2.03e+09 Msun  h0=1.20e-15  SNR=1.258
  36. proxy_rank=  93  sky_w=1.31  f=3.78e-09 Hz  Mc=4.55e+09 Msun  h0=1.33e-15  SNR=1.257
  37. proxy_rank= 175  sky_w=1.13  f=6.65e-09 Hz  Mc=5.80e+09 Msun  h0=2.26e-15  SNR=1.242
  38. proxy_rank=   4  sky_w=1.60  f=2.54e-09 Hz  Mc=2.75e+09 Msun  h0=1.57e-15  SNR=1.214
  39. proxy_rank=   2  sky_w=1.20  f=2.75e-09 Hz  Mc=3.44e+09 Msun  h0=2.43e-15  SNR=1.194
  40. proxy_rank= 263  sky_w=1.53  f=4.11e-09 Hz  Mc=3.49e+09 Msun  h0=9.14e-16  SNR=1.190
  41. proxy_rank=  39  sky_w=1.36  f=3.03e-09 Hz  Mc=4.09e+09 Msun  h0=1.32e-15  SNR=1.179
  42. proxy_rank= 453  sky_w=1.56  f=5.17e-09 Hz  Mc=2.56e+09 Msun  h0=9.42e-16  SNR=1.143
  43. proxy_rank= 885  sky_w=1.32  f=8.62e-09 Hz  Mc=4.20e+09 Msun  h0=1.51e-15  SNR=1.135
  44. proxy_rank= 143  sky_w=1.40  f=3.72e-09 Hz  Mc=4.72e+09 Msun  h0=1.07e-15  SNR=1.123
  45. proxy_rank= 557  sky_w=1.40  f=4.24e-09 Hz  Mc=3.35e+09 Msun  h0=8.17e-16  SNR=1.094
  46. proxy_rank= 388  sky_w=1.14  f=4.08e-09 Hz  Mc=5.13e+09 Msun  h0=1.06e-15  SNR=1.085
  47. proxy_rank= 891  sky_w=0.78  f=4.64e-09 Hz  Mc=2.21e+09 Msun  h0=1.37e-15  SNR=1.075
  48. proxy_rank= 218  sky_w=1.23  f=4.00e-09 Hz  Mc=9.96e+08 Msun  h0=1.18e-15  SNR=1.072
  49. proxy_rank= 279  sky_w=1.59  f=5.38e-09 Hz  Mc=3.09e+09 Msun  h0=1.12e-15  SNR=1.044
  50. proxy_rank= 116  sky_w=0.77  f=3.88e-09 Hz  Mc=3.82e+09 Msun  h0=2.19e-15  SNR=1.039
💾 Saved: data/2026-04-29/pessimistic_run_197/consistent_population_pessimistic_targetSNR4.25_sims1.json
💾 Saved compressed pickle: data/2026-04-29/pessimistic_run_197/consistent_population_pessimistic_targetSNR4.25_sims1.pkl.gz
Saved to figures/cgw_analysis_pessimistic.pdf

======================================================================
ANALYSIS COMPLETE
Results saved to: data/2026-04-29/pessimistic_run_197
======================================================================

==========================================
Job finished at: Wed Apr 29 15:49:44 AEST 2026
Exit code: 0
==========================================

+------------------ Job Report: 11740849 (COMPLETED) ------------------+
| Memory (RAM)  [##################  ] 90.4% (36.1 GB peak / 40 GB)    |
| CPU           [###############     ] 79.9% average                   |
| Time          [----------->        ] 55.4% (0-00:47:03 / 0-01:25:00) |
|                                                                      |
| Lustre Filesystem:                                                   |
|   Path    Total Read    Total Write    Total IOPS                    |
|   ------  ------------  -------------  ------------                  |
|   /apps   0 B           0 B            408                           |
|   /fred   36 KB         6.6 MB         84                            |
|   /home   0 B           0 B            1.9 K                         |
|   OS      0 B           0 B            2                             |
|                                                                      |
| Warnings:                                                            |
|   - Too much time requested                                          |
+----------------------------------------------------------------------+
