==========================================
Job ID: 11717649
Job Name: smbhb_optimistic
Node: gina301
Start Time: Tue Apr 28 16:13:26 AEST 2026
==========================================

/home/bhoulden/.conda/envs/smbhb312/share/tempo2
Working directory: /fred/oz005/users/bhoulden/SMBHB_population_injections

Loaded modules:

Starting SMBHB analysis...
==========================================

📁 Save directory: data/2026-04-28/optimistic_run_64
📝 Run name: optimistic_run_64

[MEM] Start: 243.3 MB

📡 Loading pulsars...
======================================================================
LOADING NANOGRAV PULSARS (libstempo)
======================================================================

📦 Loading from cache: nanograv_pulsars_cache.pkl
⚠ Cache load failed: Ran out of input
[DEBUG] Found 76 .par files
[tempo2Util.C:396] Warning: [MISC1] Unknown parameter in par file:  DMDATA
[tempo2Util.C:401] Warning: [DUP1] duplicated warnings have been suppressed.

WARNING: Using tempo RNAMP parameter: setting TNRedC to 100!
[observatory.C:271] Warning: Assuming site 'arecibo' means 'ao'
✓ Loaded B1855+09 (7758 TOAs)

WARNING: Using tempo RNAMP parameter: setting TNRedC to 100!
✓ Loaded B1937+21 (23023 TOAs)

WARNING: Using tempo RNAMP parameter: setting TNRedC to 100!
✓ Loaded B1937+21ao (7241 TOAs)

WARNING: Using tempo RNAMP parameter: setting TNRedC to 100!
✓ Loaded B1937+21gbt (16048 TOAs)

WARNING: Using tempo RNAMP parameter: setting TNRedC to 100!
✓ Loaded B1953+29 (5126 TOAs)
✓ Loaded J0023+0923 (15896 TOAs)

WARNING: Using tempo RNAMP parameter: setting TNRedC to 100!
✓ Loaded J0030+0451 (19571 TOAs)
✓ Loaded J0340+4130 (11093 TOAs)
✓ Loaded J0406+3039 (2446 TOAs)

WARNING: Using tempo RNAMP parameter: setting TNRedC to 100!
✓ Loaded J0437-4715 (5830 TOAs)
✓ Loaded J0509+0856 (2169 TOAs)
✓ Loaded J0557+1551 (525 TOAs)
✓ Loaded J0605+3757 (554 TOAs)

WARNING: Using tempo RNAMP parameter: setting TNRedC to 100!
✓ Loaded J0610-2100 (4885 TOAs)

WARNING: Using tempo RNAMP parameter: setting TNRedC to 100!
✓ Loaded J0613-0200 (17124 TOAs)
✓ Loaded J0614-3329 (1714 TOAs)
✓ Loaded J0636+5128 (32222 TOAs)
✓ Loaded J0645+5158 (10403 TOAs)
✓ Loaded J0709+0458 (3030 TOAs)
✓ Loaded J0740+6620 (13401 TOAs)
✓ Loaded J0931-1902 (5473 TOAs)

WARNING: Using tempo RNAMP parameter: setting TNRedC to 100!
✓ Loaded J1012+5307 (25837 TOAs)
✓ Loaded J1012-4235 (797 TOAs)
✓ Loaded J1022+1001 (3978 TOAs)
✓ Loaded J1024-0719 (12635 TOAs)
✓ Loaded J1125+7819 (8723 TOAs)
✓ Loaded J1312+0051 (1705 TOAs)
✓ Loaded J1453+1902 (2551 TOAs)
✓ Loaded J1455-3330 (10818 TOAs)

WARNING: Using tempo RNAMP parameter: setting TNRedC to 100!
✓ Loaded J1600-3053 (22955 TOAs)

WARNING: Using tempo RNAMP parameter: setting TNRedC to 100!
✓ Loaded J1600-3053gbt (19725 TOAs)

WARNING: Using tempo RNAMP parameter: setting TNRedC to 100!
✓ Loaded J1614-2230 (18445 TOAs)
✓ Loaded J1630+3734 (1815 TOAs)
✓ Loaded J1640+2224 (14066 TOAs)

WARNING: Using tempo RNAMP parameter: setting TNRedC to 100!
✓ Loaded J1643-1224 (22144 TOAs)

WARNING: Using tempo RNAMP parameter: setting TNRedC to 100!
✓ Loaded J1643-1224gbt (17932 TOAs)

WARNING: Using tempo RNAMP parameter: setting TNRedC to 100!
✓ Loaded J1705-1903 (9871 TOAs)

WARNING: Using tempo RNAMP parameter: setting TNRedC to 100!
✓ Loaded J1713+0747 (59389 TOAs)

WARNING: Using tempo RNAMP parameter: setting TNRedC to 100!
✓ Loaded J1713+0747ao (21362 TOAs)

WARNING: Using tempo RNAMP parameter: setting TNRedC to 100!
✓ Loaded J1713+0747gbt (32963 TOAs)
✓ Loaded J1719-1438 (6356 TOAs)
✓ Loaded J1730-2304 (4870 TOAs)
✓ Loaded J1738+0333 (8790 TOAs)
✓ Loaded J1741+1351 (5582 TOAs)

WARNING: Using tempo RNAMP parameter: setting TNRedC to 100!
✓ Loaded J1744-1134 (17745 TOAs)

WARNING: Using tempo RNAMP parameter: setting TNRedC to 100!
✓ Loaded J1745+1017 (3017 TOAs)

WARNING: Using tempo RNAMP parameter: setting TNRedC to 100!
✓ Loaded J1747-4036 (11055 TOAs)
✓ Loaded J1751-2857 (2025 TOAs)

WARNING: Using tempo RNAMP parameter: setting TNRedC to 100!
✓ Loaded J1802-2124 (6796 TOAs)
✓ Loaded J1811-2405 (5266 TOAs)
✓ Loaded J1832-0836 (7739 TOAs)
✓ Loaded J1843-1113 (4595 TOAs)

WARNING: Using tempo RNAMP parameter: setting TNRedC to 100!
✓ Loaded J1853+1303 (4570 TOAs)

WARNING: Using tempo RNAMP parameter: setting TNRedC to 100!
✓ Loaded J1903+0327 (6856 TOAs)

WARNING: Using tempo RNAMP parameter: setting TNRedC to 100!
✓ Loaded J1903+0327ao (6423 TOAs)

WARNING: Using tempo RNAMP parameter: setting TNRedC to 100!
✓ Loaded J1909-3744 (35037 TOAs)

WARNING: Using tempo RNAMP parameter: setting TNRedC to 100!
✓ Loaded J1909-3744gbt (31526 TOAs)
✓ Loaded J1910+1256 (6486 TOAs)
✓ Loaded J1911+1347 (3786 TOAs)
✓ Loaded J1918-0642 (18875 TOAs)
✓ Loaded J1923+2515 (3974 TOAs)
✓ Loaded J1944+0907 (5328 TOAs)

WARNING: Using tempo RNAMP parameter: setting TNRedC to 100!
✓ Loaded J1946+3417 (4743 TOAs)
✓ Loaded J2010-1323 (17077 TOAs)
✓ Loaded J2017+0603 (3512 TOAs)
✓ Loaded J2033+1734 (3847 TOAs)
✓ Loaded J2043+1711 (7397 TOAs)
✓ Loaded J2124-3358 (4982 TOAs)

WARNING: Using tempo RNAMP parameter: setting TNRedC to 100!
✓ Loaded J2145-0750 (18675 TOAs)
✓ Loaded J2214+3000 (7406 TOAs)
✓ Loaded J2229+2643 (3711 TOAs)

WARNING: Using tempo RNAMP parameter: setting TNRedC to 100!
✓ Loaded J2234+0611 (3566 TOAs)
✓ Loaded J2234+0944 (7535 TOAs)
✓ Loaded J2302+4442 (10211 TOAs)
✓ Loaded J2317+1439 (13927 TOAs)
✓ Loaded J2322+2057 (3088 TOAs)
⚠ Could not save cache: no default __reduce__ due to non-trivial __cinit__

✓ Loaded 76 pulsars
✗ Failed: 0 — []
[MEM] After loading pulsars: 8868.8 MB

🔍 Filtering pulsars...

Filtered: 76 → 67 pulsars
[MEM] After filtering pulsars: 8870.9 MB
[MEM] After garbage collection: 8870.9 MB

======================================================================
SMBHB POPULATION ANALYSIS
======================================================================

Configuration: optimistic
  Larger mass, higher spread in distance, small population
  N_binaries: 500

======================================================================
CONSISTENT POPULATION SYNTHESIS
======================================================================

======================================================================
GENERATING SNR-CONSISTENT POPULATIONS
======================================================================
Target SNR:          4.0
Simulations:         1
======================================================================


──────────────────────────────────────────────────────────────────────
SIMULATION 1/1
──────────────────────────────────────────────────────────────────────
  [B1855+09] zeroing residuals...
  [B1855+09] adding red noise...
  [B1855+09] white noise for 430_PUPPI (1185 TOAs)...
  [B1855+09] white noise for L-wide_PUPPI (5005 TOAs)...
  [B1855+09] white noise for L-wide_ASP (1178 TOAs)...
  [B1855+09] white noise for 430_ASP (390 TOAs)...
  [B1937+21] zeroing residuals...
  [B1937+21] adding red noise...
  [B1937+21] white noise for L-wide_PUPPI (4133 TOAs)...
  [B1937+21] white noise for L-wide_ASP (452 TOAs)...
  [B1937+21] white noise for Rcvr_800_GASP (586 TOAs)...
  [B1937+21] white noise for S-wide_ASP (344 TOAs)...
  [B1937+21] white noise for Rcvr1_2_GASP (1069 TOAs)...
  [B1937+21] white noise for Rcvr1_2_GUPPI (7048 TOAs)...
  [B1937+21] white noise for S-wide_PUPPI (2251 TOAs)...
  [B1937+21] white noise for Rcvr_800_GUPPI (7140 TOAs)...
  [B1953+29] zeroing residuals...
  [B1953+29] adding red noise...
  [B1953+29] white noise for L-wide_PUPPI (4037 TOAs)...
  [B1953+29] white noise for L-wide_ASP (94 TOAs)...
  [B1953+29] white noise for S-wide_ASP (25 TOAs)...
  [B1953+29] white noise for 430_ASP (29 TOAs)...
  [B1953+29] white noise for 430_PUPPI (941 TOAs)...
  [J0023+0923] zeroing residuals...
  [J0023+0923] adding red noise...
  [J0023+0923] white noise for 430_PUPPI (4564 TOAs)...
  [J0023+0923] white noise for L-wide_PUPPI (11123 TOAs)...
  [J0023+0923] white noise for L-wide_ASP (119 TOAs)...
  [J0023+0923] white noise for 430_ASP (90 TOAs)...
  [J0030+0451] zeroing residuals...
  [J0030+0451] adding red noise...
  [J0030+0451] white noise for L-wide_PUPPI (12774 TOAs)...
  [J0030+0451] white noise for L-wide_ASP (789 TOAs)...
  [J0030+0451] white noise for 430_ASP (267 TOAs)...
  [J0030+0451] white noise for S-wide_PUPPI (2673 TOAs)...
  [J0030+0451] white noise for 430_PUPPI (3068 TOAs)...
  [J0340+4130] zeroing residuals...
  [J0340+4130] adding red noise...
  [J0340+4130] white noise for Rcvr_800_GUPPI (6056 TOAs)...
  [J0340+4130] white noise for Rcvr1_2_GUPPI (5037 TOAs)...
  [J0406+3039] zeroing residuals...
  [J0406+3039] adding red noise...
  [J0406+3039] white noise for S-wide_PUPPI (575 TOAs)...
  [J0406+3039] white noise for L-wide_PUPPI (1871 TOAs)...
  [J0437-4715] zeroing residuals...
  [J0437-4715] adding red noise...
  [J0437-4715] white noise for 3GHz_YUPPI (3696 TOAs)...
  [J0437-4715] white noise for 1.5GHz_YUPPI (2134 TOAs)...
  [J0509+0856] zeroing residuals...
  [J0509+0856] adding red noise...
  [J0509+0856] white noise for S-wide_PUPPI (544 TOAs)...
  [J0509+0856] white noise for L-wide_PUPPI (1625 TOAs)...
  [J0557+1551] zeroing residuals...
  [J0557+1551] adding red noise...
  [J0557+1551] white noise for S-wide_PUPPI (58 TOAs)...
  [J0557+1551] white noise for L-wide_PUPPI (467 TOAs)...
  [J0605+3757] zeroing residuals...
  [J0605+3757] adding red noise...
  [J0605+3757] white noise for Rcvr_800_GUPPI (236 TOAs)...
  [J0605+3757] white noise for Rcvr1_2_GUPPI (318 TOAs)...
  [J0610-2100] zeroing residuals...
  [J0610-2100] adding red noise...
  [J0610-2100] white noise for Rcvr_800_GUPPI (2484 TOAs)...
  [J0610-2100] white noise for Rcvr1_2_GUPPI (2401 TOAs)...
  [J0613-0200] zeroing residuals...
  [J0613-0200] adding red noise...
  [J0613-0200] white noise for Rcvr_800_GASP (809 TOAs)...
  [J0613-0200] white noise for Rcvr1_2_GASP (992 TOAs)...
  [J0613-0200] white noise for Rcvr1_2_GUPPI (7423 TOAs)...
  [J0613-0200] white noise for Rcvr_800_GUPPI (7900 TOAs)...
  [J0636+5128] zeroing residuals...
  [J0636+5128] adding red noise...
  [J0636+5128] white noise for Rcvr_800_GUPPI (17419 TOAs)...
  [J0636+5128] white noise for Rcvr1_2_GUPPI (14803 TOAs)...
  [J0645+5158] zeroing residuals...
  [J0645+5158] adding red noise...
  [J0645+5158] white noise for Rcvr_800_GUPPI (4682 TOAs)...
  [J0645+5158] white noise for Rcvr1_2_GUPPI (5721 TOAs)...
  [J0709+0458] zeroing residuals...
  [J0709+0458] adding red noise...
  [J0709+0458] white noise for S-wide_PUPPI (595 TOAs)...
  [J0709+0458] white noise for L-wide_PUPPI (2435 TOAs)...
  [J0740+6620] zeroing residuals...
  [J0740+6620] adding red noise...
  [J0740+6620] white noise for Rcvr_800_GUPPI (5136 TOAs)...
  [J0740+6620] white noise for Rcvr1_2_GUPPI (8265 TOAs)...
  [J0931-1902] zeroing residuals...
  [J0931-1902] adding red noise...
  [J0931-1902] white noise for Rcvr_800_GUPPI (3419 TOAs)...
  [J0931-1902] white noise for Rcvr1_2_GUPPI (2054 TOAs)...
  [J1012+5307] zeroing residuals...
  [J1012+5307] adding red noise...
  [J1012+5307] white noise for Rcvr_800_GASP (1210 TOAs)...
  [J1012+5307] white noise for Rcvr1_2_GASP (1479 TOAs)...
  [J1012+5307] white noise for Rcvr1_2_GUPPI (12849 TOAs)...
  [J1012+5307] white noise for Rcvr_800_GUPPI (10299 TOAs)...
  [J1012-4235] zeroing residuals...
  [J1012-4235] adding red noise...
  [J1012-4235] white noise for Rcvr_800_GUPPI (342 TOAs)...
  [J1012-4235] white noise for Rcvr1_2_GUPPI (455 TOAs)...
  [J1022+1001] zeroing residuals...
  [J1022+1001] adding red noise...
  [J1022+1001] white noise for S-wide_PUPPI (1154 TOAs)...
  [J1022+1001] white noise for L-wide_PUPPI (2592 TOAs)...
  [J1022+1001] white noise for 430_PUPPI (232 TOAs)...
  [J1024-0719] zeroing residuals...
  [J1024-0719] adding red noise...
  [J1024-0719] white noise for Rcvr_800_GASP (51 TOAs)...
  [J1024-0719] white noise for Rcvr1_2_GASP (43 TOAs)...
  [J1024-0719] white noise for Rcvr1_2_GUPPI (7086 TOAs)...
  [J1024-0719] white noise for Rcvr_800_GUPPI (5455 TOAs)...
  [J1125+7819] zeroing residuals...
  [J1125+7819] adding red noise...
  [J1125+7819] white noise for Rcvr_800_GUPPI (4707 TOAs)...
  [J1125+7819] white noise for Rcvr1_2_GUPPI (4016 TOAs)...
  [J1312+0051] zeroing residuals...
  [J1312+0051] adding red noise...
  [J1312+0051] white noise for S-wide_PUPPI (416 TOAs)...
  [J1312+0051] white noise for L-wide_PUPPI (1289 TOAs)...
  [J1453+1902] zeroing residuals...
  [J1453+1902] adding red noise...
  [J1453+1902] white noise for S-wide_PUPPI (4 TOAs)...
  [J1453+1902] white noise for L-wide_PUPPI (2122 TOAs)...
  [J1453+1902] white noise for 430_PUPPI (425 TOAs)...
  [J1455-3330] zeroing residuals...
  [J1455-3330] adding red noise...
  [J1455-3330] white noise for Rcvr_800_GASP (479 TOAs)...
  [J1455-3330] white noise for Rcvr1_2_GASP (564 TOAs)...
  [J1455-3330] white noise for Rcvr1_2_GUPPI (4932 TOAs)...
  [J1455-3330] white noise for Rcvr_800_GUPPI (4843 TOAs)...
  [J1600-3053] zeroing residuals...
  [J1600-3053] adding red noise...
  [J1600-3053] white noise for Rcvr_800_GASP (297 TOAs)...
  [J1600-3053] white noise for Rcvr1_2_GASP (457 TOAs)...
  [J1600-3053] white noise for 3GHz_YUPPI (3237 TOAs)...
  [J1600-3053] white noise for Rcvr1_2_GUPPI (10168 TOAs)...
  [J1600-3053] white noise for Rcvr_800_GUPPI (8796 TOAs)...
  [J1614-2230] zeroing residuals...
  [J1614-2230] adding red noise...
  [J1614-2230] white noise for Rcvr_800_GASP (84 TOAs)...
  [J1614-2230] white noise for Rcvr1_2_GASP (84 TOAs)...
  [J1614-2230] white noise for Rcvr1_2_GUPPI (10509 TOAs)...
  [J1614-2230] white noise for Rcvr_800_GUPPI (7768 TOAs)...
  [J1630+3734] zeroing residuals...
  [J1630+3734] adding red noise...
  [J1630+3734] white noise for Rcvr_800_GUPPI (906 TOAs)...
  [J1630+3734] white noise for Rcvr1_2_GUPPI (909 TOAs)...
  [J1640+2224] zeroing residuals...
  [J1640+2224] adding red noise...
  [J1640+2224] white noise for 430_PUPPI (3157 TOAs)...
  [J1640+2224] white noise for L-wide_PUPPI (9847 TOAs)...
  [J1640+2224] white noise for L-wide_ASP (722 TOAs)...
  [J1640+2224] white noise for 430_ASP (340 TOAs)...
  [J1643-1224] zeroing residuals...
  [J1643-1224] adding red noise...
  [J1643-1224] white noise for Rcvr_800_GASP (559 TOAs)...
  [J1643-1224] white noise for Rcvr1_2_GASP (833 TOAs)...
  [J1643-1224] white noise for 3GHz_YUPPI (4215 TOAs)...
  [J1643-1224] white noise for Rcvr1_2_GUPPI (8803 TOAs)...
  [J1643-1224] white noise for Rcvr_800_GUPPI (7734 TOAs)...
  [J1705-1903] zeroing residuals...
  [J1705-1903] adding red noise...
  [J1705-1903] white noise for Rcvr_800_GUPPI (3521 TOAs)...
  [J1705-1903] white noise for Rcvr1_2_GUPPI (6350 TOAs)...
  [J1713+0747] zeroing residuals...
  [J1713+0747] adding red noise...
  [J1713+0747] white noise for L-wide_PUPPI (12743 TOAs)...
  [J1713+0747] white noise for L-wide_ASP (843 TOAs)...
  [J1713+0747] white noise for Rcvr_800_GASP (1032 TOAs)...
  [J1713+0747] white noise for S-wide_ASP (624 TOAs)...
  [J1713+0747] white noise for Rcvr1_2_GASP (1109 TOAs)...
  [J1713+0747] white noise for 3GHz_YUPPI (3282 TOAs)...
  [J1713+0747] white noise for Rcvr1_2_GUPPI (22334 TOAs)...
  [J1713+0747] white noise for S-wide_PUPPI (7482 TOAs)...
  [J1713+0747] white noise for 1.5GHz_YUPPI (1461 TOAs)...
  [J1713+0747] white noise for Rcvr_800_GUPPI (8479 TOAs)...
  [J1719-1438] zeroing residuals...
  [J1719-1438] adding red noise...
  [J1719-1438] white noise for Rcvr_800_GUPPI (3634 TOAs)...
  [J1719-1438] white noise for Rcvr1_2_GUPPI (2722 TOAs)...
  [J1730-2304] zeroing residuals...
  [J1730-2304] adding red noise...
  [J1730-2304] white noise for Rcvr_800_GUPPI (2503 TOAs)...
  [J1730-2304] white noise for Rcvr1_2_GUPPI (2367 TOAs)...
  [J1738+0333] zeroing residuals...
  [J1738+0333] adding red noise...
  [J1738+0333] white noise for S-wide_PUPPI (1737 TOAs)...
  [J1738+0333] white noise for L-wide_PUPPI (6718 TOAs)...
  [J1738+0333] white noise for L-wide_ASP (201 TOAs)...
  [J1738+0333] white noise for S-wide_ASP (134 TOAs)...
  [J1741+1351] zeroing residuals...
  [J1741+1351] adding red noise...
  [J1741+1351] white noise for L-wide_PUPPI (4045 TOAs)...
  [J1741+1351] white noise for L-wide_ASP (236 TOAs)...
  [J1741+1351] white noise for S-wide_ASP (115 TOAs)...
  [J1741+1351] white noise for 430_ASP (27 TOAs)...
  [J1741+1351] white noise for 430_PUPPI (1159 TOAs)...
  [J1744-1134] zeroing residuals...
  [J1744-1134] adding red noise...
  [J1744-1134] white noise for Rcvr_800_GASP (930 TOAs)...
  [J1744-1134] white noise for Rcvr1_2_GASP (807 TOAs)...
  [J1744-1134] white noise for Rcvr1_2_GUPPI (8109 TOAs)...
  [J1744-1134] white noise for Rcvr_800_GUPPI (7899 TOAs)...
  [J1745+1017] zeroing residuals...
  [J1745+1017] adding red noise...
  [J1745+1017] white noise for S-wide_PUPPI (838 TOAs)...
  [J1745+1017] white noise for L-wide_PUPPI (2179 TOAs)...
  [J1747-4036] zeroing residuals...
  [J1747-4036] adding red noise...
  [J1747-4036] white noise for Rcvr_800_GUPPI (5816 TOAs)...
  [J1747-4036] white noise for Rcvr1_2_GUPPI (5239 TOAs)...
  [J1751-2857] zeroing residuals...
  [J1751-2857] adding red noise...
  [J1751-2857] white noise for Rcvr_800_GUPPI (239 TOAs)...
  [J1751-2857] white noise for Rcvr1_2_GUPPI (1786 TOAs)...
  [J1802-2124] zeroing residuals...
  [J1802-2124] adding red noise...
  [J1802-2124] white noise for Rcvr_800_GUPPI (3565 TOAs)...
  [J1802-2124] white noise for Rcvr1_2_GUPPI (3231 TOAs)...
  [J1811-2405] zeroing residuals...
  [J1811-2405] adding red noise...
  [J1811-2405] white noise for Rcvr_800_GUPPI (2628 TOAs)...
  [J1811-2405] white noise for Rcvr1_2_GUPPI (2638 TOAs)...
  [J1832-0836] zeroing residuals...
  [J1832-0836] adding red noise...
  [J1832-0836] white noise for Rcvr_800_GUPPI (3078 TOAs)...
  [J1832-0836] white noise for Rcvr1_2_GUPPI (4661 TOAs)...
  [J1843-1113] zeroing residuals...
  [J1843-1113] adding red noise...
  [J1843-1113] white noise for Rcvr_800_GUPPI (2201 TOAs)...
  [J1843-1113] white noise for Rcvr1_2_GUPPI (2394 TOAs)...
  [J1853+1303] zeroing residuals...
  [J1853+1303] adding red noise...
  [J1853+1303] white noise for 430_PUPPI (1151 TOAs)...
  [J1853+1303] white noise for L-wide_PUPPI (3362 TOAs)...
  [J1853+1303] white noise for L-wide_ASP (33 TOAs)...
  [J1853+1303] white noise for 430_ASP (24 TOAs)...
  [J1903+0327] zeroing residuals...
  [J1903+0327] adding red noise...
  [J1903+0327] white noise for L-wide_PUPPI (3845 TOAs)...
  [J1903+0327] white noise for L-wide_ASP (139 TOAs)...
  [J1903+0327] white noise for S-wide_ASP (151 TOAs)...
  [J1903+0327] white noise for 3GHz_YUPPI (439 TOAs)...
  [J1903+0327] white noise for S-wide_PUPPI (2282 TOAs)...
  [J1909-3744] zeroing residuals...
  [J1909-3744] adding red noise...
  [J1909-3744] white noise for Rcvr_800_GASP (866 TOAs)...
  [J1909-3744] white noise for Rcvr1_2_GASP (808 TOAs)...
  [J1909-3744] white noise for 3GHz_YUPPI (3525 TOAs)...
  [J1909-3744] white noise for Rcvr1_2_GUPPI (20439 TOAs)...
  [J1909-3744] white noise for Rcvr_800_GUPPI (9399 TOAs)...
  [J1910+1256] zeroing residuals...
  [J1910+1256] adding red noise...
  [J1910+1256] white noise for S-wide_PUPPI (1857 TOAs)...
  [J1910+1256] white noise for L-wide_PUPPI (4124 TOAs)...
  [J1910+1256] white noise for L-wide_ASP (297 TOAs)...
  [J1910+1256] white noise for S-wide_ASP (208 TOAs)...
  [J1911+1347] zeroing residuals...
  [J1911+1347] adding red noise...
  [J1911+1347] white noise for L-wide_PUPPI (3033 TOAs)...
  [J1911+1347] white noise for 430_PUPPI (753 TOAs)...
  [J1918-0642] zeroing residuals...
  [J1918-0642] adding red noise...
  [J1918-0642] white noise for Rcvr_800_GASP (835 TOAs)...
  [J1918-0642] white noise for Rcvr1_2_GASP (778 TOAs)...
  [J1918-0642] white noise for Rcvr1_2_GUPPI (8910 TOAs)...
  [J1918-0642] white noise for Rcvr_800_GUPPI (8352 TOAs)...
  [J1923+2515] zeroing residuals...
  [J1923+2515] adding red noise...
  [J1923+2515] white noise for 430_PUPPI (922 TOAs)...
  [J1923+2515] white noise for L-wide_PUPPI (3028 TOAs)...
  [J1923+2515] white noise for L-wide_ASP (14 TOAs)...
  [J1923+2515] white noise for 430_ASP (10 TOAs)...
  [J1944+0907] zeroing residuals...
  [J1944+0907] adding red noise...
  [J1944+0907] white noise for L-wide_PUPPI (3900 TOAs)...
  [J1944+0907] white noise for L-wide_ASP (257 TOAs)...
  [J1944+0907] white noise for S-wide_ASP (116 TOAs)...
  [J1944+0907] white noise for 430_ASP (38 TOAs)...
  [J1944+0907] white noise for 430_PUPPI (1017 TOAs)...
  [J1946+3417] zeroing residuals...
  [J1946+3417] adding red noise...
  [J1946+3417] white noise for S-wide_PUPPI (1546 TOAs)...
  [J1946+3417] white noise for L-wide_PUPPI (3197 TOAs)...
  [J2010-1323] zeroing residuals...
  [J2010-1323] adding red noise...
  [J2010-1323] white noise for Rcvr_800_GASP (70 TOAs)...
  [J2010-1323] white noise for Rcvr1_2_GASP (70 TOAs)...
  [J2010-1323] white noise for Rcvr1_2_GUPPI (7779 TOAs)...
  [J2010-1323] white noise for Rcvr_800_GUPPI (9158 TOAs)...
  [J2017+0603] zeroing residuals...
  [J2017+0603] adding red noise...
  [J2017+0603] white noise for S-wide_PUPPI (849 TOAs)...
  [J2017+0603] white noise for L-wide_PUPPI (2569 TOAs)...
  [J2017+0603] white noise for L-wide_ASP (16 TOAs)...
  [J2017+0603] white noise for 430_PUPPI (78 TOAs)...
  [J2033+1734] zeroing residuals...
  [J2033+1734] adding red noise...
  [J2033+1734] white noise for L-wide_PUPPI (3050 TOAs)...
  [J2033+1734] white noise for 430_PUPPI (797 TOAs)...
  [J2043+1711] zeroing residuals...
  [J2043+1711] adding red noise...
  [J2043+1711] white noise for 430_PUPPI (2908 TOAs)...
  [J2043+1711] white noise for L-wide_PUPPI (4419 TOAs)...
  [J2043+1711] white noise for L-wide_ASP (40 TOAs)...
  [J2043+1711] white noise for 430_ASP (30 TOAs)...
  [J2124-3358] zeroing residuals...
  [J2124-3358] adding red noise...
  [J2124-3358] white noise for Rcvr_800_GUPPI (2025 TOAs)...
  [J2124-3358] white noise for Rcvr1_2_GUPPI (2957 TOAs)...
  [J2145-0750] zeroing residuals...
  [J2145-0750] adding red noise...
  [J2145-0750] white noise for Rcvr_800_GASP (362 TOAs)...
  [J2145-0750] white noise for Rcvr1_2_GASP (427 TOAs)...
  [J2145-0750] white noise for Rcvr1_2_GUPPI (9158 TOAs)...
  [J2145-0750] white noise for Rcvr_800_GUPPI (8728 TOAs)...
  [J2214+3000] zeroing residuals...
  [J2214+3000] adding red noise...
  [J2214+3000] white noise for S-wide_PUPPI (1568 TOAs)...
  [J2214+3000] white noise for L-wide_PUPPI (5829 TOAs)...
  [J2214+3000] white noise for L-wide_ASP (9 TOAs)...
  [J2229+2643] zeroing residuals...
  [J2229+2643] adding red noise...
  [J2229+2643] white noise for L-wide_PUPPI (2755 TOAs)...
  [J2229+2643] white noise for 430_PUPPI (956 TOAs)...
  [J2234+0611] zeroing residuals...
  [J2234+0611] adding red noise...
  [J2234+0611] white noise for L-wide_PUPPI (2913 TOAs)...
  [J2234+0611] white noise for 430_PUPPI (653 TOAs)...
  [J2234+0944] zeroing residuals...
  [J2234+0944] adding red noise...
  [J2234+0944] white noise for S-wide_PUPPI (2532 TOAs)...
  [J2234+0944] white noise for L-wide_PUPPI (5003 TOAs)...
  [J2302+4442] zeroing residuals...
  [J2302+4442] adding red noise...
  [J2302+4442] white noise for Rcvr_800_GUPPI (6432 TOAs)...
  [J2302+4442] white noise for Rcvr1_2_GUPPI (3779 TOAs)...
  [J2317+1439] zeroing residuals...
  [J2317+1439] adding red noise...
  [J2317+1439] white noise for L-wide_PUPPI (9563 TOAs)...
  [J2317+1439] white noise for 430_ASP (458 TOAs)...
  [J2317+1439] white noise for 327_PUPPI (276 TOAs)...
  [J2317+1439] white noise for 327_ASP (413 TOAs)...
  [J2317+1439] white noise for 430_PUPPI (3217 TOAs)...
  [J2322+2057] zeroing residuals...
  [J2322+2057] adding red noise...
  [J2322+2057] white noise for S-wide_PUPPI (140 TOAs)...
  [J2322+2057] white noise for L-wide_PUPPI (2196 TOAs)...
  [J2322+2057] white noise for 430_PUPPI (752 TOAs)...
Resetting pulsars to clean stoas...
Restore: 0.00 s
Inject: 0.00 s
Snapshotting into enterprise Pulsar objects...
Building PTA...
PTA build: 403.95 s
Computing optimal statistic...
OS time: 41.46 s
Total: 445.41 s
Noise-only SNR baseline: 0.0145

Generating SNR-consistent population...
Target SNR: 4.0
Resetting pulsars to clean stoas...
Restore: 0.00 s
Injecting population...
  B1855+09: RMS = 4202.728 ns
  B1937+21: RMS = 5458.906 ns
  B1953+29: RMS = 10816.368 ns
  J0023+0923: RMS = 5277.518 ns
  J0030+0451: RMS = 4531.124 ns
  J0340+4130: RMS = 9981.552 ns
  J0406+3039: RMS = 3144.350 ns
  J0437-4715: RMS = 7327.237 ns
  J0509+0856: RMS = 1584.483 ns
  J0557+1551: RMS = 5649.945 ns
  J0605+3757: RMS = 7516.693 ns
  J0610-2100: RMS = 7255.694 ns
  J0613-0200: RMS = 5045.690 ns
  J0636+5128: RMS = 15709.510 ns
  J0645+5158: RMS = 16418.016 ns
  J0709+0458: RMS = 9131.994 ns
  J0740+6620: RMS = 11428.459 ns
  J0931-1902: RMS = 4163.097 ns
  J1012+5307: RMS = 4654.976 ns
  J1012-4235: RMS = 5215.185 ns
  J1022+1001: RMS = 5810.564 ns
  J1024-0719: RMS = 5910.021 ns
  J1125+7819: RMS = 6088.151 ns
  J1312+0051: RMS = 5742.905 ns
  J1453+1902: RMS = 3835.392 ns
  J1455-3330: RMS = 4048.239 ns
  J1600-3053: RMS = 4203.049 ns
  J1614-2230: RMS = 3145.712 ns
  J1630+3734: RMS = 3980.996 ns
  J1640+2224: RMS = 3640.747 ns
  J1643-1224: RMS = 3593.784 ns
  J1705-1903: RMS = 658.699 ns
  J1713+0747: RMS = 1566.309 ns
  J1719-1438: RMS = 1137.282 ns
  J1730-2304: RMS = 1049.894 ns
  J1738+0333: RMS = 1794.216 ns
  J1741+1351: RMS = 3252.069 ns
  J1744-1134: RMS = 4022.663 ns
  J1745+1017: RMS = 413.642 ns
  J1747-4036: RMS = 3085.537 ns
  J1751-2857: RMS = 1005.559 ns
  J1802-2124: RMS = 1393.152 ns
  J1811-2405: RMS = 1997.252 ns
  J1832-0836: RMS = 2578.026 ns
  J1843-1113: RMS = 2200.739 ns
  J1853+1303: RMS = 3724.703 ns
  J1903+0327: RMS = 4637.671 ns
  J1909-3744: RMS = 3644.511 ns
  J1910+1256: RMS = 4683.890 ns
  J1911+1347: RMS = 4474.413 ns
  J1918-0642: RMS = 5075.574 ns
  J1923+2515: RMS = 7714.804 ns
  J1944+0907: RMS = 5953.688 ns
  J1946+3417: RMS = 2863.986 ns
  J2010-1323: RMS = 2962.375 ns
  J2017+0603: RMS = 6338.753 ns
  J2033+1734: RMS = 5654.284 ns
  J2043+1711: RMS = 3459.677 ns
  J2124-3358: RMS = 1174.802 ns
  J2145-0750: RMS = 2423.257 ns
  J2214+3000: RMS = 7075.222 ns
  J2229+2643: RMS = 3638.692 ns
  J2234+0611: RMS = 3082.686 ns
  J2234+0944: RMS = 1693.012 ns
  J2302+4442: RMS = 5921.044 ns
  J2317+1439: RMS = 4556.536 ns
  J2322+2057: RMS = 2539.671 ns
Inject: 0.63 s
Snapshotting into enterprise Pulsar objects...
Building PTA...
PTA build: 403.85 s
Computing optimal statistic...
OS time: 41.36 s
Total: 445.85 s
Initial SNR: 41.3109, Target SNR: 4.0000
  Initial SNR 41.3109 outside of provided SNR_range [3.5, 4.25] — rescaling.
Scaling distances by factor 3.2189 to achieve target SNR...
Resetting pulsars to clean stoas...
Restore: 0.00 s
Injecting population...
  B1855+09: RMS = 1305.624 ns
  B1937+21: RMS = 1695.870 ns
  B1953+29: RMS = 3360.226 ns
  J0023+0923: RMS = 1639.520 ns
  J0030+0451: RMS = 1407.644 ns
  J0340+4130: RMS = 3100.881 ns
  J0406+3039: RMS = 976.828 ns
  J0437-4715: RMS = 2276.288 ns
  J0509+0856: RMS = 492.237 ns
  J0557+1551: RMS = 1755.219 ns
  J0605+3757: RMS = 2335.145 ns
  J0610-2100: RMS = 2254.063 ns
  J0613-0200: RMS = 1567.500 ns
  J0636+5128: RMS = 4880.336 ns
  J0645+5158: RMS = 5100.441 ns
  J0709+0458: RMS = 2836.956 ns
  J0740+6620: RMS = 3550.379 ns
  J0931-1902: RMS = 1293.313 ns
  J1012+5307: RMS = 1446.121 ns
  J1012-4235: RMS = 1620.156 ns
  J1022+1001: RMS = 1805.117 ns
  J1024-0719: RMS = 1836.014 ns
  J1125+7819: RMS = 1891.352 ns
  J1312+0051: RMS = 1784.098 ns
  J1453+1902: RMS = 1191.508 ns
  J1455-3330: RMS = 1257.631 ns
  J1600-3053: RMS = 1305.724 ns
  J1614-2230: RMS = 977.251 ns
  J1630+3734: RMS = 1236.741 ns
  J1640+2224: RMS = 1131.039 ns
  J1643-1224: RMS = 1116.449 ns
  J1705-1903: RMS = 204.632 ns
  J1713+0747: RMS = 486.591 ns
  J1719-1438: RMS = 353.309 ns
  J1730-2304: RMS = 326.161 ns
  J1738+0333: RMS = 557.393 ns
  J1741+1351: RMS = 1010.292 ns
  J1744-1134: RMS = 1249.685 ns
  J1745+1017: RMS = 128.503 ns
  J1747-4036: RMS = 958.557 ns
  J1751-2857: RMS = 312.388 ns
  J1802-2124: RMS = 432.798 ns
  J1811-2405: RMS = 620.469 ns
  J1832-0836: RMS = 800.893 ns
  J1843-1113: RMS = 683.684 ns
  J1853+1303: RMS = 1157.121 ns
  J1903+0327: RMS = 1440.745 ns
  J1909-3744: RMS = 1132.208 ns
  J1910+1256: RMS = 1455.103 ns
  J1911+1347: RMS = 1390.027 ns
  J1918-0642: RMS = 1576.784 ns
  J1923+2515: RMS = 2396.690 ns
  J1944+0907: RMS = 1849.580 ns
  J1946+3417: RMS = 889.729 ns
  J2010-1323: RMS = 920.295 ns
  J2017+0603: RMS = 1969.205 ns
  J2033+1734: RMS = 1756.567 ns
  J2043+1711: RMS = 1074.787 ns
  J2124-3358: RMS = 364.965 ns
  J2145-0750: RMS = 752.812 ns
  J2214+3000: RMS = 2197.997 ns
  J2229+2643: RMS = 1130.401 ns
  J2234+0611: RMS = 957.671 ns
  J2234+0944: RMS = 525.953 ns
  J2302+4442: RMS = 1839.439 ns
  J2317+1439: RMS = 1415.539 ns
  J2322+2057: RMS = 788.977 ns
Inject: 0.51 s
Snapshotting into enterprise Pulsar objects...
Building PTA...
PTA build: 405.60 s
Computing optimal statistic...
OS time: 41.34 s
Total: 447.45 s
  ✓ SNR is within the provided SNR_range: 3.7886 ∈ [3.5, 4.25]

Final SNR history:
  it 0: cumulative_scale=1.0000×  SNR=41.3109
  it 1: cumulative_scale=3.2189×  SNR=3.7886
✓ Simulation 1 done (894.7 s)

======================================================================
ENSEMBLE SUMMARY
======================================================================
Success rate: 100.0% (1/1)

Binaries per population:
  Mean ± std : 500 ± 0
  Range      : [500, 500]

SNR achieved:
  Mean ± std : 3.7886 ± 0.0000
  Range      : [3.7886, 3.7886]

Total time: 1378.2 s (23.0 min)
======================================================================

💾 Saved: data/2026-04-28/optimistic_run_64/consistent_population_optimistic_targetSNR4.25_sims1.json
💾 Saved compressed pickle: data/2026-04-28/optimistic_run_64/consistent_population_optimistic_targetSNR4.25_sims1.pkl.gz

======================================================================
CONTINUOUS WAVE SNR ANALYSIS
======================================================================

--- Population 1 ---
Precomputation of phiinvs, TNTs, Ts, Nvecs, Sigmas took 0.03 seconds.
Total SNR computation for population took 141.10 seconds.
Top 50 CGW candidates:
   1. proxy_rank=  15  sky_w=0.76  f=1.38e-08 Hz  Mc=4.70e+10 Msun  h0=3.16e-14  SNR=13.869
   2. proxy_rank=   1  sky_w=1.01  f=2.72e-09 Hz  Mc=7.31e+10 Msun  h0=2.14e-14  SNR=12.951
   3. proxy_rank=   9  sky_w=0.58  f=4.14e-09 Hz  Mc=6.53e+10 Msun  h0=1.96e-14  SNR=8.313
   4. proxy_rank=   6  sky_w=1.30  f=4.14e-09 Hz  Mc=5.31e+10 Msun  h0=1.38e-14  SNR=7.735
   5. proxy_rank=   2  sky_w=0.63  f=1.98e-09 Hz  Mc=4.48e+10 Msun  h0=2.18e-14  SNR=5.795
   6. proxy_rank=   7  sky_w=0.76  f=2.80e-09 Hz  Mc=4.84e+10 Msun  h0=1.54e-14  SNR=5.389
   7. proxy_rank=   4  sky_w=0.68  f=2.82e-09 Hz  Mc=6.53e+10 Msun  h0=2.41e-14  SNR=5.218
   8. proxy_rank=  11  sky_w=0.98  f=4.10e-09 Hz  Mc=4.15e+10 Msun  h0=9.13e-15  SNR=4.843
   9. proxy_rank=  14  sky_w=1.16  f=5.15e-09 Hz  Mc=2.96e+10 Msun  h0=8.03e-15  SNR=4.265
  10. proxy_rank=   5  sky_w=1.52  f=2.00e-09 Hz  Mc=3.90e+10 Msun  h0=6.69e-15  SNR=3.677
  11. proxy_rank=   3  sky_w=1.03  f=2.31e-09 Hz  Mc=6.23e+10 Msun  h0=1.40e-14  SNR=3.457
  12. proxy_rank=  17  sky_w=0.61  f=3.40e-09 Hz  Mc=4.09e+10 Msun  h0=8.71e-15  SNR=3.267
  13. proxy_rank=  13  sky_w=0.54  f=3.01e-09 Hz  Mc=4.89e+10 Msun  h0=1.04e-14  SNR=3.266
  14. proxy_rank=  19  sky_w=1.47  f=3.48e-09 Hz  Mc=2.37e+10 Msun  h0=3.37e-15  SNR=2.746
  15. proxy_rank=  25  sky_w=0.56  f=3.88e-09 Hz  Mc=2.80e+10 Msun  h0=5.30e-15  SNR=2.658
  16. proxy_rank=   8  sky_w=0.64  f=2.23e-09 Hz  Mc=4.05e+10 Msun  h0=1.32e-14  SNR=2.251
  17. proxy_rank=  12  sky_w=1.01  f=2.31e-09 Hz  Mc=3.06e+10 Msun  h0=4.56e-15  SNR=2.101
  18. proxy_rank=  50  sky_w=1.33  f=1.19e-08 Hz  Mc=6.87e+09 Msun  h0=1.43e-15  SNR=1.981
  19. proxy_rank=  34  sky_w=1.40  f=5.05e-09 Hz  Mc=1.10e+10 Msun  h0=1.20e-15  SNR=1.852
  20. proxy_rank=  47  sky_w=0.75  f=6.16e-09 Hz  Mc=1.26e+10 Msun  h0=1.70e-15  SNR=1.774
  21. proxy_rank=  24  sky_w=1.55  f=3.52e-09 Hz  Mc=1.76e+10 Msun  h0=2.11e-15  SNR=1.726
  22. proxy_rank=  62  sky_w=1.05  f=1.11e-08 Hz  Mc=7.36e+09 Msun  h0=1.07e-15  SNR=1.700
  23. proxy_rank=  10  sky_w=0.90  f=2.44e-09 Hz  Mc=3.16e+10 Msun  h0=6.51e-15  SNR=1.468
  24. proxy_rank=  20  sky_w=1.22  f=2.29e-09 Hz  Mc=2.32e+10 Msun  h0=2.58e-15  SNR=1.410
  25. proxy_rank=  41  sky_w=1.29  f=7.52e-09 Hz  Mc=1.05e+10 Msun  h0=1.43e-15  SNR=1.398
  26. proxy_rank=  28  sky_w=1.45  f=3.28e-09 Hz  Mc=1.30e+10 Msun  h0=1.22e-15  SNR=1.258
  27. proxy_rank=  40  sky_w=1.33  f=4.95e-09 Hz  Mc=1.04e+10 Msun  h0=1.02e-15  SNR=1.075
  28. proxy_rank=  39  sky_w=1.03  f=3.81e-09 Hz  Mc=1.17e+10 Msun  h0=1.05e-15  SNR=1.015
  29. proxy_rank=  22  sky_w=1.34  f=2.35e-09 Hz  Mc=1.96e+10 Msun  h0=1.80e-15  SNR=1.013
  30. proxy_rank=  18  sky_w=1.56  f=2.07e-09 Hz  Mc=1.62e+10 Msun  h0=2.03e-15  SNR=0.826
  31. proxy_rank=  32  sky_w=0.89  f=3.22e-09 Hz  Mc=1.28e+10 Msun  h0=1.29e-15  SNR=0.803
  32. proxy_rank=  23  sky_w=1.29  f=2.70e-09 Hz  Mc=1.92e+10 Msun  h0=1.99e-15  SNR=0.678
  33. proxy_rank=  21  sky_w=1.14  f=2.23e-09 Hz  Mc=1.90e+10 Msun  h0=2.47e-15  SNR=0.572
  34. proxy_rank=  76  sky_w=1.53  f=9.70e-09 Hz  Mc=3.60e+09 Msun  h0=3.29e-16  SNR=0.541
  35. proxy_rank=  16  sky_w=0.54  f=2.02e-09 Hz  Mc=4.49e+10 Msun  h0=6.46e-15  SNR=0.540
  36. proxy_rank=  26  sky_w=0.92  f=2.14e-09 Hz  Mc=1.96e+10 Msun  h0=1.79e-15  SNR=0.537
  37. proxy_rank=  56  sky_w=0.65  f=5.79e-09 Hz  Mc=1.05e+10 Msun  h0=1.16e-15  SNR=0.536
  38. proxy_rank=  31  sky_w=0.96  f=2.82e-09 Hz  Mc=1.24e+10 Msun  h0=1.08e-15  SNR=0.518
  39. proxy_rank=  46  sky_w=0.68  f=3.47e-09 Hz  Mc=1.21e+10 Msun  h0=1.05e-15  SNR=0.495
  40. proxy_rank=  43  sky_w=1.11  f=2.98e-09 Hz  Mc=9.47e+09 Msun  h0=6.26e-16  SNR=0.492
  41. proxy_rank=  29  sky_w=0.93  f=2.62e-09 Hz  Mc=1.69e+10 Msun  h0=1.51e-15  SNR=0.460
  42. proxy_rank=  30  sky_w=0.82  f=2.56e-09 Hz  Mc=1.65e+10 Msun  h0=1.45e-15  SNR=0.384
  43. proxy_rank=  45  sky_w=0.65  f=3.31e-09 Hz  Mc=9.90e+09 Msun  h0=1.12e-15  SNR=0.368
  44. proxy_rank=  27  sky_w=1.46  f=2.31e-09 Hz  Mc=1.41e+10 Msun  h0=1.03e-15  SNR=0.330
  45. proxy_rank=  53  sky_w=0.56  f=3.18e-09 Hz  Mc=1.01e+10 Msun  h0=7.77e-16  SNR=0.296
  46. proxy_rank=  73  sky_w=1.07  f=5.96e-09 Hz  Mc=5.12e+09 Msun  h0=3.60e-16  SNR=0.254
  47. proxy_rank=  36  sky_w=1.43  f=2.06e-09 Hz  Mc=7.55e+09 Msun  h0=4.43e-16  SNR=0.248
  48. proxy_rank=  54  sky_w=0.88  f=4.20e-09 Hz  Mc=8.35e+09 Msun  h0=6.53e-16  SNR=0.239
  49. proxy_rank=  33  sky_w=0.76  f=2.52e-09 Hz  Mc=1.25e+10 Msun  h0=1.11e-15  SNR=0.224
  50. proxy_rank=  92  sky_w=1.40  f=5.88e-09 Hz  Mc=2.56e+09 Msun  h0=1.28e-16  SNR=0.221
💾 Saved: data/2026-04-28/optimistic_run_64/consistent_population_optimistic_targetSNR4.25_sims1.json
💾 Saved compressed pickle: data/2026-04-28/optimistic_run_64/consistent_population_optimistic_targetSNR4.25_sims1.pkl.gz
Saved to figures/cgw_analysis_optimistic.pdf

======================================================================
ANALYSIS COMPLETE
Results saved to: data/2026-04-28/optimistic_run_64
======================================================================

==========================================
Job finished at: Tue Apr 28 16:40:58 AEST 2026
Exit code: 0
==========================================

+------------------ Job Report: 11717649 (COMPLETED) ------------------+
| Memory (RAM)  [################### ] 96.1% (30.8 GB peak / 32 GB)    |
| CPU           [#################   ] 86.6% average                   |
| Time          [------->            ] 39.5% (0-00:27:39 / 0-01:10:00) |
|                                                                      |
| Lustre Filesystem:                                                   |
|   Path    Total Read    Total Write    Total IOPS                    |
|   ------  ------------  -------------  ------------                  |
|   /apps   24.9 MB       0 B            2.2 K                         |
|   /fred   317.9 MB      305.5 KB       827                           |
|   /home   319.1 MB      0 B            10.1 K                        |
|   OS      8 KB          0 B            13                            |
|                                                                      |
| Warnings:                                                            |
|   - Too much time requested                                          |
+----------------------------------------------------------------------+
