==========================================
Job ID: 11736897
Job Name: smbhb_pessimistic
Node: gina303
Start Time: Wed Apr 29 12:52:56 AEST 2026
==========================================

/home/bhoulden/.conda/envs/smbhb312/share/tempo2
Working directory: /fred/oz005/users/bhoulden/SMBHB_population_injections

Loaded modules:

Starting SMBHB analysis...
==========================================

📁 Save directory: data/2026-04-29/pessimistic_run_108
📝 Run name: pessimistic_run_108

[MEM] Start: 244.0 MB

📡 Loading pulsars...
======================================================================
LOADING NANOGRAV PULSARS (libstempo)
======================================================================

📦 Loading from cache: nanograv_pulsars_cache.pkl
⚠ Cache load failed: Ran out of input
[DEBUG] Found 76 .par files
[tempo2Util.C:396] Warning: [MISC1] Unknown parameter in par file:  DMDATA
[tempo2Util.C:401] Warning: [DUP1] duplicated warnings have been suppressed.

WARNING: Using tempo RNAMP parameter: setting TNRedC to 100!
[observatory.C:271] Warning: Assuming site 'arecibo' means 'ao'
✓ Loaded B1855+09 (7758 TOAs)

WARNING: Using tempo RNAMP parameter: setting TNRedC to 100!
✓ Loaded B1937+21 (23023 TOAs)

WARNING: Using tempo RNAMP parameter: setting TNRedC to 100!
✓ Loaded B1937+21ao (7241 TOAs)

WARNING: Using tempo RNAMP parameter: setting TNRedC to 100!
✓ Loaded B1937+21gbt (16048 TOAs)

WARNING: Using tempo RNAMP parameter: setting TNRedC to 100!
✓ Loaded B1953+29 (5126 TOAs)
✓ Loaded J0023+0923 (15896 TOAs)

WARNING: Using tempo RNAMP parameter: setting TNRedC to 100!
✓ Loaded J0030+0451 (19571 TOAs)
✓ Loaded J0340+4130 (11093 TOAs)
✓ Loaded J0406+3039 (2446 TOAs)

WARNING: Using tempo RNAMP parameter: setting TNRedC to 100!
✓ Loaded J0437-4715 (5830 TOAs)
✓ Loaded J0509+0856 (2169 TOAs)
✓ Loaded J0557+1551 (525 TOAs)
✓ Loaded J0605+3757 (554 TOAs)

WARNING: Using tempo RNAMP parameter: setting TNRedC to 100!
✓ Loaded J0610-2100 (4885 TOAs)

WARNING: Using tempo RNAMP parameter: setting TNRedC to 100!
✓ Loaded J0613-0200 (17124 TOAs)
✓ Loaded J0614-3329 (1714 TOAs)
✓ Loaded J0636+5128 (32222 TOAs)
✓ Loaded J0645+5158 (10403 TOAs)
✓ Loaded J0709+0458 (3030 TOAs)
✓ Loaded J0740+6620 (13401 TOAs)
✓ Loaded J0931-1902 (5473 TOAs)

WARNING: Using tempo RNAMP parameter: setting TNRedC to 100!
✓ Loaded J1012+5307 (25837 TOAs)
✓ Loaded J1012-4235 (797 TOAs)
✓ Loaded J1022+1001 (3978 TOAs)
✓ Loaded J1024-0719 (12635 TOAs)
✓ Loaded J1125+7819 (8723 TOAs)
✓ Loaded J1312+0051 (1705 TOAs)
✓ Loaded J1453+1902 (2551 TOAs)
✓ Loaded J1455-3330 (10818 TOAs)

WARNING: Using tempo RNAMP parameter: setting TNRedC to 100!
✓ Loaded J1600-3053 (22955 TOAs)

WARNING: Using tempo RNAMP parameter: setting TNRedC to 100!
✓ Loaded J1600-3053gbt (19725 TOAs)

WARNING: Using tempo RNAMP parameter: setting TNRedC to 100!
✓ Loaded J1614-2230 (18445 TOAs)
✓ Loaded J1630+3734 (1815 TOAs)
✓ Loaded J1640+2224 (14066 TOAs)

WARNING: Using tempo RNAMP parameter: setting TNRedC to 100!
✓ Loaded J1643-1224 (22144 TOAs)

WARNING: Using tempo RNAMP parameter: setting TNRedC to 100!
✓ Loaded J1643-1224gbt (17932 TOAs)

WARNING: Using tempo RNAMP parameter: setting TNRedC to 100!
✓ Loaded J1705-1903 (9871 TOAs)

WARNING: Using tempo RNAMP parameter: setting TNRedC to 100!
✓ Loaded J1713+0747 (59389 TOAs)

WARNING: Using tempo RNAMP parameter: setting TNRedC to 100!
✓ Loaded J1713+0747ao (21362 TOAs)

WARNING: Using tempo RNAMP parameter: setting TNRedC to 100!
✓ Loaded J1713+0747gbt (32963 TOAs)
✓ Loaded J1719-1438 (6356 TOAs)
✓ Loaded J1730-2304 (4870 TOAs)
✓ Loaded J1738+0333 (8790 TOAs)
✓ Loaded J1741+1351 (5582 TOAs)

WARNING: Using tempo RNAMP parameter: setting TNRedC to 100!
✓ Loaded J1744-1134 (17745 TOAs)

WARNING: Using tempo RNAMP parameter: setting TNRedC to 100!
✓ Loaded J1745+1017 (3017 TOAs)

WARNING: Using tempo RNAMP parameter: setting TNRedC to 100!
✓ Loaded J1747-4036 (11055 TOAs)
✓ Loaded J1751-2857 (2025 TOAs)

WARNING: Using tempo RNAMP parameter: setting TNRedC to 100!
✓ Loaded J1802-2124 (6796 TOAs)
✓ Loaded J1811-2405 (5266 TOAs)
✓ Loaded J1832-0836 (7739 TOAs)
✓ Loaded J1843-1113 (4595 TOAs)

WARNING: Using tempo RNAMP parameter: setting TNRedC to 100!
✓ Loaded J1853+1303 (4570 TOAs)

WARNING: Using tempo RNAMP parameter: setting TNRedC to 100!
✓ Loaded J1903+0327 (6856 TOAs)

WARNING: Using tempo RNAMP parameter: setting TNRedC to 100!
✓ Loaded J1903+0327ao (6423 TOAs)

WARNING: Using tempo RNAMP parameter: setting TNRedC to 100!
✓ Loaded J1909-3744 (35037 TOAs)

WARNING: Using tempo RNAMP parameter: setting TNRedC to 100!
✓ Loaded J1909-3744gbt (31526 TOAs)
✓ Loaded J1910+1256 (6486 TOAs)
✓ Loaded J1911+1347 (3786 TOAs)
✓ Loaded J1918-0642 (18875 TOAs)
✓ Loaded J1923+2515 (3974 TOAs)
✓ Loaded J1944+0907 (5328 TOAs)

WARNING: Using tempo RNAMP parameter: setting TNRedC to 100!
✓ Loaded J1946+3417 (4743 TOAs)
✓ Loaded J2010-1323 (17077 TOAs)
✓ Loaded J2017+0603 (3512 TOAs)
✓ Loaded J2033+1734 (3847 TOAs)
✓ Loaded J2043+1711 (7397 TOAs)
✓ Loaded J2124-3358 (4982 TOAs)

WARNING: Using tempo RNAMP parameter: setting TNRedC to 100!
✓ Loaded J2145-0750 (18675 TOAs)
✓ Loaded J2214+3000 (7406 TOAs)
✓ Loaded J2229+2643 (3711 TOAs)

WARNING: Using tempo RNAMP parameter: setting TNRedC to 100!
✓ Loaded J2234+0611 (3566 TOAs)
✓ Loaded J2234+0944 (7535 TOAs)
✓ Loaded J2302+4442 (10211 TOAs)
✓ Loaded J2317+1439 (13927 TOAs)
✓ Loaded J2322+2057 (3088 TOAs)
⚠ Could not save cache: no default __reduce__ due to non-trivial __cinit__

✓ Loaded 76 pulsars
✗ Failed: 0 — []
[MEM] After loading pulsars: 8880.9 MB

🔍 Filtering pulsars...

Filtered: 76 → 67 pulsars
[MEM] After filtering pulsars: 8881.9 MB
[MEM] After garbage collection: 8881.9 MB

======================================================================
SMBHB POPULATION ANALYSIS
======================================================================

Configuration: pessimistic
  Lower mass, lower spread in distance, large population
  N_binaries: 10000000

======================================================================
CONSISTENT POPULATION SYNTHESIS
======================================================================

======================================================================
GENERATING SNR-CONSISTENT POPULATIONS
======================================================================
Target SNR:          4.0
Simulations:         1
======================================================================


──────────────────────────────────────────────────────────────────────
SIMULATION 1/1
──────────────────────────────────────────────────────────────────────
  [B1855+09] zeroing residuals...
  [B1855+09] adding red noise...
  [B1855+09] white noise for L-wide_ASP (1178 TOAs)...
  [B1855+09] white noise for 430_PUPPI (1185 TOAs)...
  [B1855+09] white noise for L-wide_PUPPI (5005 TOAs)...
  [B1855+09] white noise for 430_ASP (390 TOAs)...
  [B1937+21] zeroing residuals...
  [B1937+21] adding red noise...
  [B1937+21] white noise for S-wide_PUPPI (2251 TOAs)...
  [B1937+21] white noise for L-wide_PUPPI (4133 TOAs)...
  [B1937+21] white noise for Rcvr_800_GASP (586 TOAs)...
  [B1937+21] white noise for S-wide_ASP (344 TOAs)...
  [B1937+21] white noise for Rcvr1_2_GUPPI (7048 TOAs)...
  [B1937+21] white noise for Rcvr_800_GUPPI (7140 TOAs)...
  [B1937+21] white noise for Rcvr1_2_GASP (1069 TOAs)...
  [B1937+21] white noise for L-wide_ASP (452 TOAs)...
  [B1953+29] zeroing residuals...
  [B1953+29] adding red noise...
  [B1953+29] white noise for 430_PUPPI (941 TOAs)...
  [B1953+29] white noise for L-wide_PUPPI (4037 TOAs)...
  [B1953+29] white noise for 430_ASP (29 TOAs)...
  [B1953+29] white noise for S-wide_ASP (25 TOAs)...
  [B1953+29] white noise for L-wide_ASP (94 TOAs)...
  [J0023+0923] zeroing residuals...
  [J0023+0923] adding red noise...
  [J0023+0923] white noise for L-wide_ASP (119 TOAs)...
  [J0023+0923] white noise for 430_PUPPI (4564 TOAs)...
  [J0023+0923] white noise for L-wide_PUPPI (11123 TOAs)...
  [J0023+0923] white noise for 430_ASP (90 TOAs)...
  [J0030+0451] zeroing residuals...
  [J0030+0451] adding red noise...
  [J0030+0451] white noise for S-wide_PUPPI (2673 TOAs)...
  [J0030+0451] white noise for 430_PUPPI (3068 TOAs)...
  [J0030+0451] white noise for L-wide_PUPPI (12774 TOAs)...
  [J0030+0451] white noise for 430_ASP (267 TOAs)...
  [J0030+0451] white noise for L-wide_ASP (789 TOAs)...
  [J0340+4130] zeroing residuals...
  [J0340+4130] adding red noise...
  [J0340+4130] white noise for Rcvr_800_GUPPI (6056 TOAs)...
  [J0340+4130] white noise for Rcvr1_2_GUPPI (5037 TOAs)...
  [J0406+3039] zeroing residuals...
  [J0406+3039] adding red noise...
  [J0406+3039] white noise for S-wide_PUPPI (575 TOAs)...
  [J0406+3039] white noise for L-wide_PUPPI (1871 TOAs)...
  [J0437-4715] zeroing residuals...
  [J0437-4715] adding red noise...
  [J0437-4715] white noise for 1.5GHz_YUPPI (2134 TOAs)...
  [J0437-4715] white noise for 3GHz_YUPPI (3696 TOAs)...
  [J0509+0856] zeroing residuals...
  [J0509+0856] adding red noise...
  [J0509+0856] white noise for S-wide_PUPPI (544 TOAs)...
  [J0509+0856] white noise for L-wide_PUPPI (1625 TOAs)...
  [J0557+1551] zeroing residuals...
  [J0557+1551] adding red noise...
  [J0557+1551] white noise for S-wide_PUPPI (58 TOAs)...
  [J0557+1551] white noise for L-wide_PUPPI (467 TOAs)...
  [J0605+3757] zeroing residuals...
  [J0605+3757] adding red noise...
  [J0605+3757] white noise for Rcvr_800_GUPPI (236 TOAs)...
  [J0605+3757] white noise for Rcvr1_2_GUPPI (318 TOAs)...
  [J0610-2100] zeroing residuals...
  [J0610-2100] adding red noise...
  [J0610-2100] white noise for Rcvr_800_GUPPI (2484 TOAs)...
  [J0610-2100] white noise for Rcvr1_2_GUPPI (2401 TOAs)...
  [J0613-0200] zeroing residuals...
  [J0613-0200] adding red noise...
  [J0613-0200] white noise for Rcvr1_2_GASP (992 TOAs)...
  [J0613-0200] white noise for Rcvr1_2_GUPPI (7423 TOAs)...
  [J0613-0200] white noise for Rcvr_800_GUPPI (7900 TOAs)...
  [J0613-0200] white noise for Rcvr_800_GASP (809 TOAs)...
  [J0636+5128] zeroing residuals...
  [J0636+5128] adding red noise...
  [J0636+5128] white noise for Rcvr_800_GUPPI (17419 TOAs)...
  [J0636+5128] white noise for Rcvr1_2_GUPPI (14803 TOAs)...
  [J0645+5158] zeroing residuals...
  [J0645+5158] adding red noise...
  [J0645+5158] white noise for Rcvr_800_GUPPI (4682 TOAs)...
  [J0645+5158] white noise for Rcvr1_2_GUPPI (5721 TOAs)...
  [J0709+0458] zeroing residuals...
  [J0709+0458] adding red noise...
  [J0709+0458] white noise for S-wide_PUPPI (595 TOAs)...
  [J0709+0458] white noise for L-wide_PUPPI (2435 TOAs)...
  [J0740+6620] zeroing residuals...
  [J0740+6620] adding red noise...
  [J0740+6620] white noise for Rcvr_800_GUPPI (5136 TOAs)...
  [J0740+6620] white noise for Rcvr1_2_GUPPI (8265 TOAs)...
  [J0931-1902] zeroing residuals...
  [J0931-1902] adding red noise...
  [J0931-1902] white noise for Rcvr_800_GUPPI (3419 TOAs)...
  [J0931-1902] white noise for Rcvr1_2_GUPPI (2054 TOAs)...
  [J1012+5307] zeroing residuals...
  [J1012+5307] adding red noise...
  [J1012+5307] white noise for Rcvr1_2_GASP (1479 TOAs)...
  [J1012+5307] white noise for Rcvr1_2_GUPPI (12849 TOAs)...
  [J1012+5307] white noise for Rcvr_800_GUPPI (10299 TOAs)...
  [J1012+5307] white noise for Rcvr_800_GASP (1210 TOAs)...
  [J1012-4235] zeroing residuals...
  [J1012-4235] adding red noise...
  [J1012-4235] white noise for Rcvr_800_GUPPI (342 TOAs)...
  [J1012-4235] white noise for Rcvr1_2_GUPPI (455 TOAs)...
  [J1022+1001] zeroing residuals...
  [J1022+1001] adding red noise...
  [J1022+1001] white noise for S-wide_PUPPI (1154 TOAs)...
  [J1022+1001] white noise for 430_PUPPI (232 TOAs)...
  [J1022+1001] white noise for L-wide_PUPPI (2592 TOAs)...
  [J1024-0719] zeroing residuals...
  [J1024-0719] adding red noise...
  [J1024-0719] white noise for Rcvr1_2_GASP (43 TOAs)...
  [J1024-0719] white noise for Rcvr1_2_GUPPI (7086 TOAs)...
  [J1024-0719] white noise for Rcvr_800_GUPPI (5455 TOAs)...
  [J1024-0719] white noise for Rcvr_800_GASP (51 TOAs)...
  [J1125+7819] zeroing residuals...
  [J1125+7819] adding red noise...
  [J1125+7819] white noise for Rcvr_800_GUPPI (4707 TOAs)...
  [J1125+7819] white noise for Rcvr1_2_GUPPI (4016 TOAs)...
  [J1312+0051] zeroing residuals...
  [J1312+0051] adding red noise...
  [J1312+0051] white noise for S-wide_PUPPI (416 TOAs)...
  [J1312+0051] white noise for L-wide_PUPPI (1289 TOAs)...
  [J1453+1902] zeroing residuals...
  [J1453+1902] adding red noise...
  [J1453+1902] white noise for S-wide_PUPPI (4 TOAs)...
  [J1453+1902] white noise for 430_PUPPI (425 TOAs)...
  [J1453+1902] white noise for L-wide_PUPPI (2122 TOAs)...
  [J1455-3330] zeroing residuals...
  [J1455-3330] adding red noise...
  [J1455-3330] white noise for Rcvr1_2_GASP (564 TOAs)...
  [J1455-3330] white noise for Rcvr1_2_GUPPI (4932 TOAs)...
  [J1455-3330] white noise for Rcvr_800_GUPPI (4843 TOAs)...
  [J1455-3330] white noise for Rcvr_800_GASP (479 TOAs)...
  [J1600-3053] zeroing residuals...
  [J1600-3053] adding red noise...
  [J1600-3053] white noise for Rcvr_800_GASP (297 TOAs)...
  [J1600-3053] white noise for Rcvr1_2_GUPPI (10168 TOAs)...
  [J1600-3053] white noise for 3GHz_YUPPI (3237 TOAs)...
  [J1600-3053] white noise for Rcvr1_2_GASP (457 TOAs)...
  [J1600-3053] white noise for Rcvr_800_GUPPI (8796 TOAs)...
  [J1614-2230] zeroing residuals...
  [J1614-2230] adding red noise...
  [J1614-2230] white noise for Rcvr1_2_GASP (84 TOAs)...
  [J1614-2230] white noise for Rcvr1_2_GUPPI (10509 TOAs)...
  [J1614-2230] white noise for Rcvr_800_GUPPI (7768 TOAs)...
  [J1614-2230] white noise for Rcvr_800_GASP (84 TOAs)...
  [J1630+3734] zeroing residuals...
  [J1630+3734] adding red noise...
  [J1630+3734] white noise for Rcvr_800_GUPPI (906 TOAs)...
  [J1630+3734] white noise for Rcvr1_2_GUPPI (909 TOAs)...
  [J1640+2224] zeroing residuals...
  [J1640+2224] adding red noise...
  [J1640+2224] white noise for L-wide_ASP (722 TOAs)...
  [J1640+2224] white noise for 430_PUPPI (3157 TOAs)...
  [J1640+2224] white noise for L-wide_PUPPI (9847 TOAs)...
  [J1640+2224] white noise for 430_ASP (340 TOAs)...
  [J1643-1224] zeroing residuals...
  [J1643-1224] adding red noise...
  [J1643-1224] white noise for Rcvr_800_GASP (559 TOAs)...
  [J1643-1224] white noise for Rcvr1_2_GUPPI (8803 TOAs)...
  [J1643-1224] white noise for 3GHz_YUPPI (4215 TOAs)...
  [J1643-1224] white noise for Rcvr1_2_GASP (833 TOAs)...
  [J1643-1224] white noise for Rcvr_800_GUPPI (7734 TOAs)...
  [J1705-1903] zeroing residuals...
  [J1705-1903] adding red noise...
  [J1705-1903] white noise for Rcvr_800_GUPPI (3521 TOAs)...
  [J1705-1903] white noise for Rcvr1_2_GUPPI (6350 TOAs)...
  [J1713+0747] zeroing residuals...
  [J1713+0747] adding red noise...
  [J1713+0747] white noise for 1.5GHz_YUPPI (1461 TOAs)...
  [J1713+0747] white noise for S-wide_PUPPI (7482 TOAs)...
  [J1713+0747] white noise for L-wide_PUPPI (12743 TOAs)...
  [J1713+0747] white noise for Rcvr_800_GASP (1032 TOAs)...
  [J1713+0747] white noise for S-wide_ASP (624 TOAs)...
  [J1713+0747] white noise for Rcvr1_2_GUPPI (22334 TOAs)...
  [J1713+0747] white noise for Rcvr_800_GUPPI (8479 TOAs)...
  [J1713+0747] white noise for 3GHz_YUPPI (3282 TOAs)...
  [J1713+0747] white noise for Rcvr1_2_GASP (1109 TOAs)...
  [J1713+0747] white noise for L-wide_ASP (843 TOAs)...
  [J1719-1438] zeroing residuals...
  [J1719-1438] adding red noise...
  [J1719-1438] white noise for Rcvr_800_GUPPI (3634 TOAs)...
  [J1719-1438] white noise for Rcvr1_2_GUPPI (2722 TOAs)...
  [J1730-2304] zeroing residuals...
  [J1730-2304] adding red noise...
  [J1730-2304] white noise for Rcvr_800_GUPPI (2503 TOAs)...
  [J1730-2304] white noise for Rcvr1_2_GUPPI (2367 TOAs)...
  [J1738+0333] zeroing residuals...
  [J1738+0333] adding red noise...
  [J1738+0333] white noise for S-wide_PUPPI (1737 TOAs)...
  [J1738+0333] white noise for L-wide_ASP (201 TOAs)...
  [J1738+0333] white noise for L-wide_PUPPI (6718 TOAs)...
  [J1738+0333] white noise for S-wide_ASP (134 TOAs)...
  [J1741+1351] zeroing residuals...
  [J1741+1351] adding red noise...
  [J1741+1351] white noise for 430_PUPPI (1159 TOAs)...
  [J1741+1351] white noise for L-wide_PUPPI (4045 TOAs)...
  [J1741+1351] white noise for 430_ASP (27 TOAs)...
  [J1741+1351] white noise for S-wide_ASP (115 TOAs)...
  [J1741+1351] white noise for L-wide_ASP (236 TOAs)...
  [J1744-1134] zeroing residuals...
  [J1744-1134] adding red noise...
  [J1744-1134] white noise for Rcvr1_2_GASP (807 TOAs)...
  [J1744-1134] white noise for Rcvr1_2_GUPPI (8109 TOAs)...
  [J1744-1134] white noise for Rcvr_800_GUPPI (7899 TOAs)...
  [J1744-1134] white noise for Rcvr_800_GASP (930 TOAs)...
  [J1745+1017] zeroing residuals...
  [J1745+1017] adding red noise...
  [J1745+1017] white noise for S-wide_PUPPI (838 TOAs)...
  [J1745+1017] white noise for L-wide_PUPPI (2179 TOAs)...
  [J1747-4036] zeroing residuals...
  [J1747-4036] adding red noise...
  [J1747-4036] white noise for Rcvr_800_GUPPI (5816 TOAs)...
  [J1747-4036] white noise for Rcvr1_2_GUPPI (5239 TOAs)...
  [J1751-2857] zeroing residuals...
  [J1751-2857] adding red noise...
  [J1751-2857] white noise for Rcvr_800_GUPPI (239 TOAs)...
  [J1751-2857] white noise for Rcvr1_2_GUPPI (1786 TOAs)...
  [J1802-2124] zeroing residuals...
  [J1802-2124] adding red noise...
  [J1802-2124] white noise for Rcvr_800_GUPPI (3565 TOAs)...
  [J1802-2124] white noise for Rcvr1_2_GUPPI (3231 TOAs)...
  [J1811-2405] zeroing residuals...
  [J1811-2405] adding red noise...
  [J1811-2405] white noise for Rcvr_800_GUPPI (2628 TOAs)...
  [J1811-2405] white noise for Rcvr1_2_GUPPI (2638 TOAs)...
  [J1832-0836] zeroing residuals...
  [J1832-0836] adding red noise...
  [J1832-0836] white noise for Rcvr_800_GUPPI (3078 TOAs)...
  [J1832-0836] white noise for Rcvr1_2_GUPPI (4661 TOAs)...
  [J1843-1113] zeroing residuals...
  [J1843-1113] adding red noise...
  [J1843-1113] white noise for Rcvr_800_GUPPI (2201 TOAs)...
  [J1843-1113] white noise for Rcvr1_2_GUPPI (2394 TOAs)...
  [J1853+1303] zeroing residuals...
  [J1853+1303] adding red noise...
  [J1853+1303] white noise for L-wide_ASP (33 TOAs)...
  [J1853+1303] white noise for 430_PUPPI (1151 TOAs)...
  [J1853+1303] white noise for L-wide_PUPPI (3362 TOAs)...
  [J1853+1303] white noise for 430_ASP (24 TOAs)...
  [J1903+0327] zeroing residuals...
  [J1903+0327] adding red noise...
  [J1903+0327] white noise for S-wide_PUPPI (2282 TOAs)...
  [J1903+0327] white noise for L-wide_PUPPI (3845 TOAs)...
  [J1903+0327] white noise for S-wide_ASP (151 TOAs)...
  [J1903+0327] white noise for 3GHz_YUPPI (439 TOAs)...
  [J1903+0327] white noise for L-wide_ASP (139 TOAs)...
  [J1909-3744] zeroing residuals...
  [J1909-3744] adding red noise...
  [J1909-3744] white noise for Rcvr_800_GASP (866 TOAs)...
  [J1909-3744] white noise for Rcvr1_2_GUPPI (20439 TOAs)...
  [J1909-3744] white noise for 3GHz_YUPPI (3525 TOAs)...
  [J1909-3744] white noise for Rcvr1_2_GASP (808 TOAs)...
  [J1909-3744] white noise for Rcvr_800_GUPPI (9399 TOAs)...
  [J1910+1256] zeroing residuals...
  [J1910+1256] adding red noise...
  [J1910+1256] white noise for S-wide_PUPPI (1857 TOAs)...
  [J1910+1256] white noise for L-wide_ASP (297 TOAs)...
  [J1910+1256] white noise for L-wide_PUPPI (4124 TOAs)...
  [J1910+1256] white noise for S-wide_ASP (208 TOAs)...
  [J1911+1347] zeroing residuals...
  [J1911+1347] adding red noise...
  [J1911+1347] white noise for 430_PUPPI (753 TOAs)...
  [J1911+1347] white noise for L-wide_PUPPI (3033 TOAs)...
  [J1918-0642] zeroing residuals...
  [J1918-0642] adding red noise...
  [J1918-0642] white noise for Rcvr1_2_GASP (778 TOAs)...
  [J1918-0642] white noise for Rcvr1_2_GUPPI (8910 TOAs)...
  [J1918-0642] white noise for Rcvr_800_GUPPI (8352 TOAs)...
  [J1918-0642] white noise for Rcvr_800_GASP (835 TOAs)...
  [J1923+2515] zeroing residuals...
  [J1923+2515] adding red noise...
  [J1923+2515] white noise for L-wide_ASP (14 TOAs)...
  [J1923+2515] white noise for 430_PUPPI (922 TOAs)...
  [J1923+2515] white noise for L-wide_PUPPI (3028 TOAs)...
  [J1923+2515] white noise for 430_ASP (10 TOAs)...
  [J1944+0907] zeroing residuals...
  [J1944+0907] adding red noise...
  [J1944+0907] white noise for 430_PUPPI (1017 TOAs)...
  [J1944+0907] white noise for L-wide_PUPPI (3900 TOAs)...
  [J1944+0907] white noise for 430_ASP (38 TOAs)...
  [J1944+0907] white noise for S-wide_ASP (116 TOAs)...
  [J1944+0907] white noise for L-wide_ASP (257 TOAs)...
  [J1946+3417] zeroing residuals...
  [J1946+3417] adding red noise...
  [J1946+3417] white noise for S-wide_PUPPI (1546 TOAs)...
  [J1946+3417] white noise for L-wide_PUPPI (3197 TOAs)...
  [J2010-1323] zeroing residuals...
  [J2010-1323] adding red noise...
  [J2010-1323] white noise for Rcvr1_2_GASP (70 TOAs)...
  [J2010-1323] white noise for Rcvr1_2_GUPPI (7779 TOAs)...
  [J2010-1323] white noise for Rcvr_800_GUPPI (9158 TOAs)...
  [J2010-1323] white noise for Rcvr_800_GASP (70 TOAs)...
  [J2017+0603] zeroing residuals...
  [J2017+0603] adding red noise...
  [J2017+0603] white noise for L-wide_ASP (16 TOAs)...
  [J2017+0603] white noise for S-wide_PUPPI (849 TOAs)...
  [J2017+0603] white noise for 430_PUPPI (78 TOAs)...
  [J2017+0603] white noise for L-wide_PUPPI (2569 TOAs)...
  [J2033+1734] zeroing residuals...
  [J2033+1734] adding red noise...
  [J2033+1734] white noise for 430_PUPPI (797 TOAs)...
  [J2033+1734] white noise for L-wide_PUPPI (3050 TOAs)...
  [J2043+1711] zeroing residuals...
  [J2043+1711] adding red noise...
  [J2043+1711] white noise for L-wide_ASP (40 TOAs)...
  [J2043+1711] white noise for 430_PUPPI (2908 TOAs)...
  [J2043+1711] white noise for L-wide_PUPPI (4419 TOAs)...
  [J2043+1711] white noise for 430_ASP (30 TOAs)...
  [J2124-3358] zeroing residuals...
  [J2124-3358] adding red noise...
  [J2124-3358] white noise for Rcvr_800_GUPPI (2025 TOAs)...
  [J2124-3358] white noise for Rcvr1_2_GUPPI (2957 TOAs)...
  [J2145-0750] zeroing residuals...
  [J2145-0750] adding red noise...
  [J2145-0750] white noise for Rcvr1_2_GASP (427 TOAs)...
  [J2145-0750] white noise for Rcvr1_2_GUPPI (9158 TOAs)...
  [J2145-0750] white noise for Rcvr_800_GUPPI (8728 TOAs)...
  [J2145-0750] white noise for Rcvr_800_GASP (362 TOAs)...
  [J2214+3000] zeroing residuals...
  [J2214+3000] adding red noise...
  [J2214+3000] white noise for S-wide_PUPPI (1568 TOAs)...
  [J2214+3000] white noise for L-wide_ASP (9 TOAs)...
  [J2214+3000] white noise for L-wide_PUPPI (5829 TOAs)...
  [J2229+2643] zeroing residuals...
  [J2229+2643] adding red noise...
  [J2229+2643] white noise for 430_PUPPI (956 TOAs)...
  [J2229+2643] white noise for L-wide_PUPPI (2755 TOAs)...
  [J2234+0611] zeroing residuals...
  [J2234+0611] adding red noise...
  [J2234+0611] white noise for 430_PUPPI (653 TOAs)...
  [J2234+0611] white noise for L-wide_PUPPI (2913 TOAs)...
  [J2234+0944] zeroing residuals...
  [J2234+0944] adding red noise...
  [J2234+0944] white noise for S-wide_PUPPI (2532 TOAs)...
  [J2234+0944] white noise for L-wide_PUPPI (5003 TOAs)...
  [J2302+4442] zeroing residuals...
  [J2302+4442] adding red noise...
  [J2302+4442] white noise for Rcvr_800_GUPPI (6432 TOAs)...
  [J2302+4442] white noise for Rcvr1_2_GUPPI (3779 TOAs)...
  [J2317+1439] zeroing residuals...
  [J2317+1439] adding red noise...
  [J2317+1439] white noise for 430_PUPPI (3217 TOAs)...
  [J2317+1439] white noise for L-wide_PUPPI (9563 TOAs)...
  [J2317+1439] white noise for 430_ASP (458 TOAs)...
  [J2317+1439] white noise for 327_PUPPI (276 TOAs)...
  [J2317+1439] white noise for 327_ASP (413 TOAs)...
  [J2322+2057] zeroing residuals...
  [J2322+2057] adding red noise...
  [J2322+2057] white noise for S-wide_PUPPI (140 TOAs)...
  [J2322+2057] white noise for 430_PUPPI (752 TOAs)...
  [J2322+2057] white noise for L-wide_PUPPI (2196 TOAs)...
Resetting pulsars to clean stoas...
Restore: 0.00 s
Inject: 0.00 s
Snapshotting into enterprise Pulsar objects...
Building PTA...
PTA build: 449.53 s
Computing optimal statistic...
OS time: 71.91 s
Total: 521.44 s
Noise-only SNR baseline: -0.6392

Generating SNR-consistent population...
Target SNR: 4.0
Resetting pulsars to clean stoas...
Restore: 0.01 s
Injecting population...
  B1855+09: RMS = 1929.661 ns
  B1937+21: RMS = 2556.150 ns
  B1953+29: RMS = 2682.749 ns
  J0023+0923: RMS = 2441.174 ns
  J0030+0451: RMS = 1905.211 ns
  J0340+4130: RMS = 2013.218 ns
  J0406+3039: RMS = 563.001 ns
  J0437-4715: RMS = 695.304 ns
  J0509+0856: RMS = 596.604 ns
  J0557+1551: RMS = 1752.000 ns
  J0605+3757: RMS = 597.538 ns
  J0610-2100: RMS = 498.805 ns
  J0613-0200: RMS = 1469.052 ns
  J0636+5128: RMS = 555.861 ns
  J0645+5158: RMS = 659.285 ns
  J0709+0458: RMS = 1597.670 ns
  J0740+6620: RMS = 563.748 ns
  J0931-1902: RMS = 1451.494 ns
  J1012+5307: RMS = 1472.752 ns
  J1012-4235: RMS = 216.954 ns
  J1022+1001: RMS = 256.836 ns
  J1024-0719: RMS = 746.574 ns
  J1125+7819: RMS = 785.275 ns
  J1312+0051: RMS = 2176.823 ns
  J1453+1902: RMS = 249.619 ns
  J1455-3330: RMS = 3495.432 ns
  J1600-3053: RMS = 2197.955 ns
  J1614-2230: RMS = 2776.074 ns
  J1630+3734: RMS = 802.119 ns
  J1640+2224: RMS = 1920.521 ns
  J1643-1224: RMS = 1316.596 ns
  J1705-1903: RMS = 909.562 ns
  J1713+0747: RMS = 719.997 ns
  J1719-1438: RMS = 783.206 ns
  J1730-2304: RMS = 326.357 ns
  J1738+0333: RMS = 705.077 ns
  J1741+1351: RMS = 1201.045 ns
  J1744-1134: RMS = 1050.279 ns
  J1745+1017: RMS = 1511.704 ns
  J1747-4036: RMS = 902.625 ns
  J1751-2857: RMS = 315.697 ns
  J1802-2124: RMS = 249.631 ns
  J1811-2405: RMS = 730.102 ns
  J1832-0836: RMS = 1399.558 ns
  J1843-1113: RMS = 842.833 ns
  J1853+1303: RMS = 1800.578 ns
  J1903+0327: RMS = 1970.313 ns
  J1909-3744: RMS = 2124.247 ns
  J1910+1256: RMS = 1851.100 ns
  J1911+1347: RMS = 1690.341 ns
  J1918-0642: RMS = 2291.064 ns
  J1923+2515: RMS = 3008.964 ns
  J1944+0907: RMS = 1892.643 ns
  J1946+3417: RMS = 1957.354 ns
  J2010-1323: RMS = 3445.678 ns
  J2017+0603: RMS = 1242.537 ns
  J2033+1734: RMS = 213.784 ns
  J2043+1711: RMS = 1748.199 ns
  J2124-3358: RMS = 1868.405 ns
  J2145-0750: RMS = 1237.276 ns
  J2214+3000: RMS = 711.874 ns
  J2229+2643: RMS = 1511.749 ns
  J2234+0611: RMS = 702.781 ns
  J2234+0944: RMS = 1178.381 ns
  J2302+4442: RMS = 2820.937 ns
  J2317+1439: RMS = 1027.031 ns
  J2322+2057: RMS = 2246.582 ns
Inject: 274.17 s
Snapshotting into enterprise Pulsar objects...
Building PTA...
PTA build: 448.69 s
Computing optimal statistic...
OS time: 78.22 s
Total: 801.08 s
Initial SNR: 24.0451, Target SNR: 4.0000
  Initial SNR 24.0451 outside of provided SNR_range [3.5, 4.25] — rescaling.
Scaling distances by factor 2.3067 to achieve target SNR...
Resetting pulsars to clean stoas...
Restore: 0.01 s
Injecting population...
  B1855+09: RMS = 836.548 ns
  B1937+21: RMS = 1108.145 ns
  B1953+29: RMS = 1163.028 ns
  J0023+0923: RMS = 1058.300 ns
  J0030+0451: RMS = 825.949 ns
  J0340+4130: RMS = 872.772 ns
  J0406+3039: RMS = 244.073 ns
  J0437-4715: RMS = 301.429 ns
  J0509+0856: RMS = 258.640 ns
  J0557+1551: RMS = 759.529 ns
  J0605+3757: RMS = 259.045 ns
  J0610-2100: RMS = 216.242 ns
  J0613-0200: RMS = 636.865 ns
  J0636+5128: RMS = 240.977 ns
  J0645+5158: RMS = 285.814 ns
  J0709+0458: RMS = 692.624 ns
  J0740+6620: RMS = 244.397 ns
  J0931-1902: RMS = 629.253 ns
  J1012+5307: RMS = 638.469 ns
  J1012-4235: RMS = 94.054 ns
  J1022+1001: RMS = 111.344 ns
  J1024-0719: RMS = 323.655 ns
  J1125+7819: RMS = 340.433 ns
  J1312+0051: RMS = 943.699 ns
  J1453+1902: RMS = 108.215 ns
  J1455-3330: RMS = 1515.343 ns
  J1600-3053: RMS = 952.859 ns
  J1614-2230: RMS = 1203.486 ns
  J1630+3734: RMS = 347.735 ns
  J1640+2224: RMS = 832.586 ns
  J1643-1224: RMS = 570.772 ns
  J1705-1903: RMS = 394.314 ns
  J1713+0747: RMS = 312.134 ns
  J1719-1438: RMS = 339.536 ns
  J1730-2304: RMS = 141.483 ns
  J1738+0333: RMS = 305.666 ns
  J1741+1351: RMS = 520.678 ns
  J1744-1134: RMS = 455.318 ns
  J1745+1017: RMS = 655.355 ns
  J1747-4036: RMS = 391.307 ns
  J1751-2857: RMS = 136.861 ns
  J1802-2124: RMS = 108.220 ns
  J1811-2405: RMS = 316.514 ns
  J1832-0836: RMS = 606.738 ns
  J1843-1113: RMS = 365.386 ns
  J1853+1303: RMS = 780.588 ns
  J1903+0327: RMS = 854.172 ns
  J1909-3744: RMS = 920.906 ns
  J1910+1256: RMS = 802.491 ns
  J1911+1347: RMS = 732.798 ns
  J1918-0642: RMS = 993.224 ns
  J1923+2515: RMS = 1304.449 ns
  J1944+0907: RMS = 820.501 ns
  J1946+3417: RMS = 848.554 ns
  J2010-1323: RMS = 1493.774 ns
  J2017+0603: RMS = 538.666 ns
  J2033+1734: RMS = 92.680 ns
  J2043+1711: RMS = 757.881 ns
  J2124-3358: RMS = 809.993 ns
  J2145-0750: RMS = 536.385 ns
  J2214+3000: RMS = 308.612 ns
  J2229+2643: RMS = 655.375 ns
  J2234+0611: RMS = 304.670 ns
  J2234+0944: RMS = 510.853 ns
  J2302+4442: RMS = 1222.935 ns
  J2317+1439: RMS = 445.240 ns
  J2322+2057: RMS = 973.940 ns
Inject: 406.06 s
Snapshotting into enterprise Pulsar objects...
Building PTA...
PTA build: 454.43 s
Computing optimal statistic...
OS time: 101.28 s
Total: 961.79 s
  SNR 5.3305 outside of provided SNR_range [3.5, 4.25] — rescaling.
[Iteration 1/4] SNR after scaling: 5.3305 (target: 4.0000)
  SNR history: it0→24.0451@1.0000x, it1→5.3305@2.3067x
  Re-scaling distances by factor 1.1601  (cumulative after: 2.6759×)
Resetting pulsars to clean stoas...
Restore: 2.36 s
Injecting population...
  B1855+09: RMS = 721.125 ns
  B1937+21: RMS = 955.247 ns
  B1953+29: RMS = 1002.558 ns
  J0023+0923: RMS = 912.280 ns
  J0030+0451: RMS = 711.988 ns
  J0340+4130: RMS = 752.351 ns
  J0406+3039: RMS = 210.397 ns
  J0437-4715: RMS = 259.839 ns
  J0509+0856: RMS = 222.954 ns
  J0557+1551: RMS = 654.732 ns
  J0605+3757: RMS = 223.303 ns
  J0610-2100: RMS = 186.406 ns
  J0613-0200: RMS = 548.993 ns
  J0636+5128: RMS = 207.728 ns
  J0645+5158: RMS = 246.379 ns
  J0709+0458: RMS = 597.058 ns
  J0740+6620: RMS = 210.676 ns
  J0931-1902: RMS = 542.431 ns
  J1012+5307: RMS = 550.375 ns
  J1012-4235: RMS = 81.077 ns
  J1022+1001: RMS = 95.981 ns
  J1024-0719: RMS = 278.999 ns
  J1125+7819: RMS = 293.462 ns
  J1312+0051: RMS = 813.491 ns
  J1453+1902: RMS = 93.284 ns
  J1455-3330: RMS = 1306.262 ns
  J1600-3053: RMS = 821.387 ns
  J1614-2230: RMS = 1037.434 ns
  J1630+3734: RMS = 299.756 ns
  J1640+2224: RMS = 717.709 ns
  J1643-1224: RMS = 492.019 ns
  J1705-1903: RMS = 339.908 ns
  J1713+0747: RMS = 269.067 ns
  J1719-1438: RMS = 292.688 ns
  J1730-2304: RMS = 121.962 ns
  J1738+0333: RMS = 263.491 ns
  J1741+1351: RMS = 448.837 ns
  J1744-1134: RMS = 392.495 ns
  J1745+1017: RMS = 564.932 ns
  J1747-4036: RMS = 337.316 ns
  J1751-2857: RMS = 117.978 ns
  J1802-2124: RMS = 93.288 ns
  J1811-2405: RMS = 272.843 ns
  J1832-0836: RMS = 523.022 ns
  J1843-1113: RMS = 314.971 ns
  J1853+1303: RMS = 672.886 ns
  J1903+0327: RMS = 736.316 ns
  J1909-3744: RMS = 793.842 ns
  J1910+1256: RMS = 691.766 ns
  J1911+1347: RMS = 631.690 ns
  J1918-0642: RMS = 856.183 ns
  J1923+2515: RMS = 1124.466 ns
  J1944+0907: RMS = 707.291 ns
  J1946+3417: RMS = 731.474 ns
  J2010-1323: RMS = 1287.668 ns
  J2017+0603: RMS = 464.343 ns
  J2033+1734: RMS = 79.892 ns
  J2043+1711: RMS = 653.311 ns
  J2124-3358: RMS = 698.233 ns
  J2145-0750: RMS = 462.377 ns
  J2214+3000: RMS = 266.031 ns
  J2229+2643: RMS = 564.949 ns
  J2234+0611: RMS = 262.633 ns
  J2234+0944: RMS = 440.367 ns
  J2302+4442: RMS = 1054.199 ns
  J2317+1439: RMS = 383.807 ns
  J2322+2057: RMS = 839.560 ns
Inject: 225.36 s
Snapshotting into enterprise Pulsar objects...
Building PTA...
PTA build: 456.70 s
Computing optimal statistic...
OS time: 56.40 s
Total: 740.82 s
  ✓ SNR is within the provided SNR_range: 4.0756 ∈ [3.5, 4.25]

Final SNR history:
  it 0: cumulative_scale=1.0000×  SNR=24.0451
  it 1: cumulative_scale=2.3067×  SNR=5.3305
  it 2: cumulative_scale=2.6759×  SNR=4.0756
✓ Simulation 1 done (2540.9 s)

======================================================================
ENSEMBLE SUMMARY
======================================================================
Success rate: 100.0% (1/1)

Binaries per population:
  Mean ± std : 10000000 ± 0
  Range      : [10000000, 10000000]

SNR achieved:
  Mean ± std : 4.0756 ± 0.0000
  Range      : [4.0756, 4.0756]

Total time: 3102.1 s (51.7 min)
======================================================================

💾 Saved: data/2026-04-29/pessimistic_run_108/consistent_population_pessimistic_targetSNR4.25_sims1.json
💾 Saved compressed pickle: data/2026-04-29/pessimistic_run_108/consistent_population_pessimistic_targetSNR4.25_sims1.pkl.gz

======================================================================
CONTINUOUS WAVE SNR ANALYSIS
======================================================================

--- Population 1 ---
Precomputation of phiinvs, TNTs, Ts, Nvecs, Sigmas took 0.10 seconds.
Total SNR computation for population took 810.67 seconds.
Top 50 CGW candidates:
   1. proxy_rank= 378  sky_w=1.42  f=2.81e-08 Hz  Mc=4.57e+09 Msun  h0=1.87e-15  SNR=3.147
   2. proxy_rank= 542  sky_w=1.31  f=1.06e-08 Hz  Mc=2.54e+09 Msun  h0=7.00e-16  SNR=1.401
   3. proxy_rank= 847  sky_w=1.58  f=1.06e-08 Hz  Mc=2.29e+09 Msun  h0=5.02e-16  SNR=1.179
   4. proxy_rank= 197  sky_w=1.61  f=7.78e-09 Hz  Mc=3.96e+09 Msun  h0=5.72e-16  SNR=1.144
   5. proxy_rank=  32  sky_w=1.16  f=5.33e-09 Hz  Mc=4.75e+09 Msun  h0=8.85e-16  SNR=1.070
   6. proxy_rank= 514  sky_w=1.47  f=6.97e-09 Hz  Mc=4.73e+09 Msun  h0=4.16e-16  SNR=0.767
   7. proxy_rank= 299  sky_w=1.42  f=7.87e-09 Hz  Mc=3.68e+09 Msun  h0=5.65e-16  SNR=0.764
   8. proxy_rank= 594  sky_w=1.57  f=7.03e-09 Hz  Mc=3.67e+09 Msun  h0=3.74e-16  SNR=0.743
   9. proxy_rank= 931  sky_w=1.60  f=1.16e-08 Hz  Mc=3.44e+09 Msun  h0=5.31e-16  SNR=0.697
  10. proxy_rank= 112  sky_w=1.60  f=5.11e-09 Hz  Mc=5.14e+09 Msun  h0=4.34e-16  SNR=0.675
  11. proxy_rank=  13  sky_w=1.58  f=5.12e-09 Hz  Mc=6.86e+09 Msun  h0=7.37e-16  SNR=0.666
  12. proxy_rank= 924  sky_w=1.45  f=7.15e-09 Hz  Mc=3.47e+09 Msun  h0=3.60e-16  SNR=0.656
  13. proxy_rank= 791  sky_w=1.61  f=7.92e-09 Hz  Mc=1.82e+09 Msun  h0=3.76e-16  SNR=0.609
  14. proxy_rank= 312  sky_w=1.55  f=5.85e-09 Hz  Mc=1.81e+09 Msun  h0=3.79e-16  SNR=0.561
  15. proxy_rank= 349  sky_w=1.61  f=5.67e-09 Hz  Mc=2.64e+09 Msun  h0=3.41e-16  SNR=0.548
  16. proxy_rank= 199  sky_w=1.38  f=7.80e-09 Hz  Mc=5.77e+09 Msun  h0=6.67e-16  SNR=0.547
  17. proxy_rank= 124  sky_w=1.54  f=7.12e-09 Hz  Mc=2.84e+09 Msun  h0=6.15e-16  SNR=0.530
  18. proxy_rank= 725  sky_w=1.28  f=8.20e-09 Hz  Mc=4.55e+09 Msun  h0=5.03e-16  SNR=0.510
  19. proxy_rank= 166  sky_w=0.98  f=4.78e-09 Hz  Mc=6.66e+09 Msun  h0=6.00e-16  SNR=0.499
  20. proxy_rank= 449  sky_w=0.89  f=4.77e-09 Hz  Mc=5.84e+09 Msun  h0=4.84e-16  SNR=0.490
  21. proxy_rank= 788  sky_w=1.28  f=5.31e-09 Hz  Mc=2.23e+09 Msun  h0=3.16e-16  SNR=0.487
  22. proxy_rank= 822  sky_w=1.60  f=7.67e-09 Hz  Mc=3.99e+09 Msun  h0=3.62e-16  SNR=0.472
  23. proxy_rank= 768  sky_w=1.23  f=5.60e-09 Hz  Mc=1.37e+09 Msun  h0=3.52e-16  SNR=0.461
  24. proxy_rank=   7  sky_w=1.13  f=2.60e-09 Hz  Mc=3.00e+09 Msun  h0=6.45e-16  SNR=0.440
  25. proxy_rank=   4  sky_w=1.56  f=2.92e-09 Hz  Mc=2.23e+09 Msun  h0=7.08e-16  SNR=0.432
  26. proxy_rank= 750  sky_w=0.58  f=5.82e-09 Hz  Mc=2.87e+09 Msun  h0=7.80e-16  SNR=0.429
  27. proxy_rank= 549  sky_w=1.63  f=5.38e-09 Hz  Mc=3.88e+09 Msun  h0=2.84e-16  SNR=0.429
  28. proxy_rank=   2  sky_w=1.55  f=2.37e-09 Hz  Mc=5.70e+09 Msun  h0=6.35e-16  SNR=0.422
  29. proxy_rank= 641  sky_w=1.42  f=5.74e-09 Hz  Mc=3.80e+09 Msun  h0=3.32e-16  SNR=0.412
  30. proxy_rank=  11  sky_w=1.27  f=2.81e-09 Hz  Mc=7.05e+09 Msun  h0=5.44e-16  SNR=0.406
  31. proxy_rank= 709  sky_w=1.51  f=4.92e-09 Hz  Mc=2.07e+09 Msun  h0=2.58e-16  SNR=0.400
  32. proxy_rank= 330  sky_w=1.34  f=5.65e-09 Hz  Mc=4.93e+09 Msun  h0=4.15e-16  SNR=0.392
  33. proxy_rank= 776  sky_w=1.05  f=4.57e-09 Hz  Mc=4.88e+09 Msun  h0=3.36e-16  SNR=0.383
  34. proxy_rank= 656  sky_w=1.58  f=4.61e-09 Hz  Mc=3.97e+09 Msun  h0=2.37e-16  SNR=0.380
  35. proxy_rank=  76  sky_w=0.89  f=4.10e-09 Hz  Mc=3.90e+09 Msun  h0=7.02e-16  SNR=0.380
  36. proxy_rank= 999  sky_w=1.15  f=4.99e-09 Hz  Mc=4.54e+09 Msun  h0=3.11e-16  SNR=0.380
  37. proxy_rank= 179  sky_w=1.32  f=4.29e-09 Hz  Mc=4.22e+09 Msun  h0=3.93e-16  SNR=0.378
  38. proxy_rank=  65  sky_w=1.61  f=3.40e-09 Hz  Mc=4.63e+09 Msun  h0=3.37e-16  SNR=0.367
  39. proxy_rank= 281  sky_w=1.39  f=4.77e-09 Hz  Mc=5.05e+09 Msun  h0=3.59e-16  SNR=0.365
  40. proxy_rank= 618  sky_w=1.24  f=4.48e-09 Hz  Mc=4.55e+09 Msun  h0=2.99e-16  SNR=0.352
  41. proxy_rank=  85  sky_w=1.01  f=3.68e-09 Hz  Mc=2.22e+09 Msun  h0=5.41e-16  SNR=0.344
  42. proxy_rank=  66  sky_w=1.41  f=3.21e-09 Hz  Mc=3.22e+09 Msun  h0=3.62e-16  SNR=0.344
  43. proxy_rank=  14  sky_w=1.22  f=3.10e-09 Hz  Mc=7.48e+09 Msun  h0=5.67e-16  SNR=0.343
  44. proxy_rank=   1  sky_w=1.17  f=2.85e-09 Hz  Mc=4.92e+09 Msun  h0=1.13e-15  SNR=0.331
  45. proxy_rank= 113  sky_w=1.08  f=4.03e-09 Hz  Mc=2.42e+09 Msun  h0=5.07e-16  SNR=0.330
  46. proxy_rank= 159  sky_w=1.24  f=6.63e-09 Hz  Mc=3.69e+09 Msun  h0=6.67e-16  SNR=0.330
  47. proxy_rank= 257  sky_w=1.50  f=3.88e-09 Hz  Mc=4.47e+09 Msun  h0=2.77e-16  SNR=0.328
  48. proxy_rank= 236  sky_w=1.44  f=4.29e-09 Hz  Mc=4.73e+09 Msun  h0=3.29e-16  SNR=0.322
  49. proxy_rank= 272  sky_w=0.72  f=4.35e-09 Hz  Mc=4.57e+09 Msun  h0=6.40e-16  SNR=0.322
  50. proxy_rank= 146  sky_w=1.54  f=3.67e-09 Hz  Mc=4.95e+09 Msun  h0=3.03e-16  SNR=0.316
💾 Saved: data/2026-04-29/pessimistic_run_108/consistent_population_pessimistic_targetSNR4.25_sims1.json
💾 Saved compressed pickle: data/2026-04-29/pessimistic_run_108/consistent_population_pessimistic_targetSNR4.25_sims1.pkl.gz
Saved to figures/cgw_analysis_pessimistic.pdf

======================================================================
ANALYSIS COMPLETE
Results saved to: data/2026-04-29/pessimistic_run_108
======================================================================

==========================================
Job finished at: Wed Apr 29 14:06:13 AEST 2026
Exit code: 0
==========================================

+------------------ Job Report: 11736897 (COMPLETED) ------------------+
| Memory (RAM)  [#################   ] 89.2% (35.7 GB peak / 40 GB)    |
| CPU           [################    ] 82.0% average                   |
| Time          [----------------->  ] 86.3% (0-01:13:22 / 0-01:25:00) |
|                                                                      |
| Lustre Filesystem:                                                   |
|   Path    Total Read    Total Write    Total IOPS                    |
|   ------  ------------  -------------  ------------                  |
|   /apps   0 B           0 B            5                             |
|   /fred   89.5 MB       6.8 MB         117                           |
|   /home   30.3 MB       0 B            2.5 K                         |
|   OS      0 B           0 B            2                             |
+----------------------------------------------------------------------+
