==========================================
Job ID: 11736972
Job Name: smbhb_pessimistic
Node: gina305
Start Time: Wed Apr 29 12:52:56 AEST 2026
==========================================

/home/bhoulden/.conda/envs/smbhb312/share/tempo2
Working directory: /fred/oz005/users/bhoulden/SMBHB_population_injections

Loaded modules:

Starting SMBHB analysis...
==========================================

📁 Save directory: data/2026-04-29/pessimistic_run_132
📝 Run name: pessimistic_run_132

[MEM] Start: 244.9 MB

📡 Loading pulsars...
======================================================================
LOADING NANOGRAV PULSARS (libstempo)
======================================================================

📦 Loading from cache: nanograv_pulsars_cache.pkl
⚠ Cache load failed: Ran out of input
[DEBUG] Found 76 .par files
[tempo2Util.C:396] Warning: [MISC1] Unknown parameter in par file:  DMDATA
[tempo2Util.C:401] Warning: [DUP1] duplicated warnings have been suppressed.

WARNING: Using tempo RNAMP parameter: setting TNRedC to 100!
[observatory.C:271] Warning: Assuming site 'arecibo' means 'ao'
✓ Loaded B1855+09 (7758 TOAs)

WARNING: Using tempo RNAMP parameter: setting TNRedC to 100!
✓ Loaded B1937+21 (23023 TOAs)

WARNING: Using tempo RNAMP parameter: setting TNRedC to 100!
✓ Loaded B1937+21ao (7241 TOAs)

WARNING: Using tempo RNAMP parameter: setting TNRedC to 100!
✓ Loaded B1937+21gbt (16048 TOAs)

WARNING: Using tempo RNAMP parameter: setting TNRedC to 100!
✓ Loaded B1953+29 (5126 TOAs)
✓ Loaded J0023+0923 (15896 TOAs)

WARNING: Using tempo RNAMP parameter: setting TNRedC to 100!
✓ Loaded J0030+0451 (19571 TOAs)
✓ Loaded J0340+4130 (11093 TOAs)
✓ Loaded J0406+3039 (2446 TOAs)

WARNING: Using tempo RNAMP parameter: setting TNRedC to 100!
✓ Loaded J0437-4715 (5830 TOAs)
✓ Loaded J0509+0856 (2169 TOAs)
✓ Loaded J0557+1551 (525 TOAs)
✓ Loaded J0605+3757 (554 TOAs)

WARNING: Using tempo RNAMP parameter: setting TNRedC to 100!
✓ Loaded J0610-2100 (4885 TOAs)

WARNING: Using tempo RNAMP parameter: setting TNRedC to 100!
✓ Loaded J0613-0200 (17124 TOAs)
✓ Loaded J0614-3329 (1714 TOAs)
✓ Loaded J0636+5128 (32222 TOAs)
✓ Loaded J0645+5158 (10403 TOAs)
✓ Loaded J0709+0458 (3030 TOAs)
✓ Loaded J0740+6620 (13401 TOAs)
✓ Loaded J0931-1902 (5473 TOAs)

WARNING: Using tempo RNAMP parameter: setting TNRedC to 100!
✓ Loaded J1012+5307 (25837 TOAs)
✓ Loaded J1012-4235 (797 TOAs)
✓ Loaded J1022+1001 (3978 TOAs)
✓ Loaded J1024-0719 (12635 TOAs)
✓ Loaded J1125+7819 (8723 TOAs)
✓ Loaded J1312+0051 (1705 TOAs)
✓ Loaded J1453+1902 (2551 TOAs)
✓ Loaded J1455-3330 (10818 TOAs)

WARNING: Using tempo RNAMP parameter: setting TNRedC to 100!
✓ Loaded J1600-3053 (22955 TOAs)

WARNING: Using tempo RNAMP parameter: setting TNRedC to 100!
✓ Loaded J1600-3053gbt (19725 TOAs)

WARNING: Using tempo RNAMP parameter: setting TNRedC to 100!
✓ Loaded J1614-2230 (18445 TOAs)
✓ Loaded J1630+3734 (1815 TOAs)
✓ Loaded J1640+2224 (14066 TOAs)

WARNING: Using tempo RNAMP parameter: setting TNRedC to 100!
✓ Loaded J1643-1224 (22144 TOAs)

WARNING: Using tempo RNAMP parameter: setting TNRedC to 100!
✓ Loaded J1643-1224gbt (17932 TOAs)

WARNING: Using tempo RNAMP parameter: setting TNRedC to 100!
✓ Loaded J1705-1903 (9871 TOAs)

WARNING: Using tempo RNAMP parameter: setting TNRedC to 100!
✓ Loaded J1713+0747 (59389 TOAs)

WARNING: Using tempo RNAMP parameter: setting TNRedC to 100!
✓ Loaded J1713+0747ao (21362 TOAs)

WARNING: Using tempo RNAMP parameter: setting TNRedC to 100!
✓ Loaded J1713+0747gbt (32963 TOAs)
✓ Loaded J1719-1438 (6356 TOAs)
✓ Loaded J1730-2304 (4870 TOAs)
✓ Loaded J1738+0333 (8790 TOAs)
✓ Loaded J1741+1351 (5582 TOAs)

WARNING: Using tempo RNAMP parameter: setting TNRedC to 100!
✓ Loaded J1744-1134 (17745 TOAs)

WARNING: Using tempo RNAMP parameter: setting TNRedC to 100!
✓ Loaded J1745+1017 (3017 TOAs)

WARNING: Using tempo RNAMP parameter: setting TNRedC to 100!
✓ Loaded J1747-4036 (11055 TOAs)
✓ Loaded J1751-2857 (2025 TOAs)

WARNING: Using tempo RNAMP parameter: setting TNRedC to 100!
✓ Loaded J1802-2124 (6796 TOAs)
✓ Loaded J1811-2405 (5266 TOAs)
✓ Loaded J1832-0836 (7739 TOAs)
✓ Loaded J1843-1113 (4595 TOAs)

WARNING: Using tempo RNAMP parameter: setting TNRedC to 100!
✓ Loaded J1853+1303 (4570 TOAs)

WARNING: Using tempo RNAMP parameter: setting TNRedC to 100!
✓ Loaded J1903+0327 (6856 TOAs)

WARNING: Using tempo RNAMP parameter: setting TNRedC to 100!
✓ Loaded J1903+0327ao (6423 TOAs)

WARNING: Using tempo RNAMP parameter: setting TNRedC to 100!
✓ Loaded J1909-3744 (35037 TOAs)

WARNING: Using tempo RNAMP parameter: setting TNRedC to 100!
✓ Loaded J1909-3744gbt (31526 TOAs)
✓ Loaded J1910+1256 (6486 TOAs)
✓ Loaded J1911+1347 (3786 TOAs)
✓ Loaded J1918-0642 (18875 TOAs)
✓ Loaded J1923+2515 (3974 TOAs)
✓ Loaded J1944+0907 (5328 TOAs)

WARNING: Using tempo RNAMP parameter: setting TNRedC to 100!
✓ Loaded J1946+3417 (4743 TOAs)
✓ Loaded J2010-1323 (17077 TOAs)
✓ Loaded J2017+0603 (3512 TOAs)
✓ Loaded J2033+1734 (3847 TOAs)
✓ Loaded J2043+1711 (7397 TOAs)
✓ Loaded J2124-3358 (4982 TOAs)

WARNING: Using tempo RNAMP parameter: setting TNRedC to 100!
✓ Loaded J2145-0750 (18675 TOAs)
✓ Loaded J2214+3000 (7406 TOAs)
✓ Loaded J2229+2643 (3711 TOAs)

WARNING: Using tempo RNAMP parameter: setting TNRedC to 100!
✓ Loaded J2234+0611 (3566 TOAs)
✓ Loaded J2234+0944 (7535 TOAs)
✓ Loaded J2302+4442 (10211 TOAs)
✓ Loaded J2317+1439 (13927 TOAs)
✓ Loaded J2322+2057 (3088 TOAs)
⚠ Could not save cache: no default __reduce__ due to non-trivial __cinit__

✓ Loaded 76 pulsars
✗ Failed: 0 — []
[MEM] After loading pulsars: 8860.8 MB

🔍 Filtering pulsars...

Filtered: 76 → 67 pulsars
[MEM] After filtering pulsars: 8861.8 MB
[MEM] After garbage collection: 8861.8 MB

======================================================================
SMBHB POPULATION ANALYSIS
======================================================================

Configuration: pessimistic
  Lower mass, lower spread in distance, large population
  N_binaries: 10000000

======================================================================
CONSISTENT POPULATION SYNTHESIS
======================================================================

======================================================================
GENERATING SNR-CONSISTENT POPULATIONS
======================================================================
Target SNR:          4.0
Simulations:         1
======================================================================


──────────────────────────────────────────────────────────────────────
SIMULATION 1/1
──────────────────────────────────────────────────────────────────────
  [B1855+09] zeroing residuals...
  [B1855+09] adding red noise...
  [B1855+09] white noise for L-wide_PUPPI (5005 TOAs)...
  [B1855+09] white noise for 430_PUPPI (1185 TOAs)...
  [B1855+09] white noise for 430_ASP (390 TOAs)...
  [B1855+09] white noise for L-wide_ASP (1178 TOAs)...
  [B1937+21] zeroing residuals...
  [B1937+21] adding red noise...
  [B1937+21] white noise for Rcvr1_2_GUPPI (7048 TOAs)...
  [B1937+21] white noise for Rcvr_800_GUPPI (7140 TOAs)...
  [B1937+21] white noise for Rcvr_800_GASP (586 TOAs)...
  [B1937+21] white noise for Rcvr1_2_GASP (1069 TOAs)...
  [B1937+21] white noise for L-wide_ASP (452 TOAs)...
  [B1937+21] white noise for L-wide_PUPPI (4133 TOAs)...
  [B1937+21] white noise for S-wide_ASP (344 TOAs)...
  [B1937+21] white noise for S-wide_PUPPI (2251 TOAs)...
  [B1953+29] zeroing residuals...
  [B1953+29] adding red noise...
  [B1953+29] white noise for 430_PUPPI (941 TOAs)...
  [B1953+29] white noise for 430_ASP (29 TOAs)...
  [B1953+29] white noise for L-wide_ASP (94 TOAs)...
  [B1953+29] white noise for L-wide_PUPPI (4037 TOAs)...
  [B1953+29] white noise for S-wide_ASP (25 TOAs)...
  [J0023+0923] zeroing residuals...
  [J0023+0923] adding red noise...
  [J0023+0923] white noise for L-wide_PUPPI (11123 TOAs)...
  [J0023+0923] white noise for 430_PUPPI (4564 TOAs)...
  [J0023+0923] white noise for 430_ASP (90 TOAs)...
  [J0023+0923] white noise for L-wide_ASP (119 TOAs)...
  [J0030+0451] zeroing residuals...
  [J0030+0451] adding red noise...
  [J0030+0451] white noise for 430_PUPPI (3068 TOAs)...
  [J0030+0451] white noise for 430_ASP (267 TOAs)...
  [J0030+0451] white noise for L-wide_ASP (789 TOAs)...
  [J0030+0451] white noise for L-wide_PUPPI (12774 TOAs)...
  [J0030+0451] white noise for S-wide_PUPPI (2673 TOAs)...
  [J0340+4130] zeroing residuals...
  [J0340+4130] adding red noise...
  [J0340+4130] white noise for Rcvr1_2_GUPPI (5037 TOAs)...
  [J0340+4130] white noise for Rcvr_800_GUPPI (6056 TOAs)...
  [J0406+3039] zeroing residuals...
  [J0406+3039] adding red noise...
  [J0406+3039] white noise for L-wide_PUPPI (1871 TOAs)...
  [J0406+3039] white noise for S-wide_PUPPI (575 TOAs)...
  [J0437-4715] zeroing residuals...
  [J0437-4715] adding red noise...
  [J0437-4715] white noise for 3GHz_YUPPI (3696 TOAs)...
  [J0437-4715] white noise for 1.5GHz_YUPPI (2134 TOAs)...
  [J0509+0856] zeroing residuals...
  [J0509+0856] adding red noise...
  [J0509+0856] white noise for L-wide_PUPPI (1625 TOAs)...
  [J0509+0856] white noise for S-wide_PUPPI (544 TOAs)...
  [J0557+1551] zeroing residuals...
  [J0557+1551] adding red noise...
  [J0557+1551] white noise for L-wide_PUPPI (467 TOAs)...
  [J0557+1551] white noise for S-wide_PUPPI (58 TOAs)...
  [J0605+3757] zeroing residuals...
  [J0605+3757] adding red noise...
  [J0605+3757] white noise for Rcvr1_2_GUPPI (318 TOAs)...
  [J0605+3757] white noise for Rcvr_800_GUPPI (236 TOAs)...
  [J0610-2100] zeroing residuals...
  [J0610-2100] adding red noise...
  [J0610-2100] white noise for Rcvr1_2_GUPPI (2401 TOAs)...
  [J0610-2100] white noise for Rcvr_800_GUPPI (2484 TOAs)...
  [J0613-0200] zeroing residuals...
  [J0613-0200] adding red noise...
  [J0613-0200] white noise for Rcvr1_2_GASP (992 TOAs)...
  [J0613-0200] white noise for Rcvr1_2_GUPPI (7423 TOAs)...
  [J0613-0200] white noise for Rcvr_800_GUPPI (7900 TOAs)...
  [J0613-0200] white noise for Rcvr_800_GASP (809 TOAs)...
  [J0636+5128] zeroing residuals...
  [J0636+5128] adding red noise...
  [J0636+5128] white noise for Rcvr1_2_GUPPI (14803 TOAs)...
  [J0636+5128] white noise for Rcvr_800_GUPPI (17419 TOAs)...
  [J0645+5158] zeroing residuals...
  [J0645+5158] adding red noise...
  [J0645+5158] white noise for Rcvr1_2_GUPPI (5721 TOAs)...
  [J0645+5158] white noise for Rcvr_800_GUPPI (4682 TOAs)...
  [J0709+0458] zeroing residuals...
  [J0709+0458] adding red noise...
  [J0709+0458] white noise for L-wide_PUPPI (2435 TOAs)...
  [J0709+0458] white noise for S-wide_PUPPI (595 TOAs)...
  [J0740+6620] zeroing residuals...
  [J0740+6620] adding red noise...
  [J0740+6620] white noise for Rcvr1_2_GUPPI (8265 TOAs)...
  [J0740+6620] white noise for Rcvr_800_GUPPI (5136 TOAs)...
  [J0931-1902] zeroing residuals...
  [J0931-1902] adding red noise...
  [J0931-1902] white noise for Rcvr1_2_GUPPI (2054 TOAs)...
  [J0931-1902] white noise for Rcvr_800_GUPPI (3419 TOAs)...
  [J1012+5307] zeroing residuals...
  [J1012+5307] adding red noise...
  [J1012+5307] white noise for Rcvr1_2_GASP (1479 TOAs)...
  [J1012+5307] white noise for Rcvr1_2_GUPPI (12849 TOAs)...
  [J1012+5307] white noise for Rcvr_800_GUPPI (10299 TOAs)...
  [J1012+5307] white noise for Rcvr_800_GASP (1210 TOAs)...
  [J1012-4235] zeroing residuals...
  [J1012-4235] adding red noise...
  [J1012-4235] white noise for Rcvr1_2_GUPPI (455 TOAs)...
  [J1012-4235] white noise for Rcvr_800_GUPPI (342 TOAs)...
  [J1022+1001] zeroing residuals...
  [J1022+1001] adding red noise...
  [J1022+1001] white noise for 430_PUPPI (232 TOAs)...
  [J1022+1001] white noise for L-wide_PUPPI (2592 TOAs)...
  [J1022+1001] white noise for S-wide_PUPPI (1154 TOAs)...
  [J1024-0719] zeroing residuals...
  [J1024-0719] adding red noise...
  [J1024-0719] white noise for Rcvr1_2_GASP (43 TOAs)...
  [J1024-0719] white noise for Rcvr1_2_GUPPI (7086 TOAs)...
  [J1024-0719] white noise for Rcvr_800_GUPPI (5455 TOAs)...
  [J1024-0719] white noise for Rcvr_800_GASP (51 TOAs)...
  [J1125+7819] zeroing residuals...
  [J1125+7819] adding red noise...
  [J1125+7819] white noise for Rcvr1_2_GUPPI (4016 TOAs)...
  [J1125+7819] white noise for Rcvr_800_GUPPI (4707 TOAs)...
  [J1312+0051] zeroing residuals...
  [J1312+0051] adding red noise...
  [J1312+0051] white noise for L-wide_PUPPI (1289 TOAs)...
  [J1312+0051] white noise for S-wide_PUPPI (416 TOAs)...
  [J1453+1902] zeroing residuals...
  [J1453+1902] adding red noise...
  [J1453+1902] white noise for 430_PUPPI (425 TOAs)...
  [J1453+1902] white noise for L-wide_PUPPI (2122 TOAs)...
  [J1453+1902] white noise for S-wide_PUPPI (4 TOAs)...
  [J1455-3330] zeroing residuals...
  [J1455-3330] adding red noise...
  [J1455-3330] white noise for Rcvr1_2_GASP (564 TOAs)...
  [J1455-3330] white noise for Rcvr1_2_GUPPI (4932 TOAs)...
  [J1455-3330] white noise for Rcvr_800_GUPPI (4843 TOAs)...
  [J1455-3330] white noise for Rcvr_800_GASP (479 TOAs)...
  [J1600-3053] zeroing residuals...
  [J1600-3053] adding red noise...
  [J1600-3053] white noise for Rcvr1_2_GUPPI (10168 TOAs)...
  [J1600-3053] white noise for Rcvr_800_GUPPI (8796 TOAs)...
  [J1600-3053] white noise for Rcvr_800_GASP (297 TOAs)...
  [J1600-3053] white noise for Rcvr1_2_GASP (457 TOAs)...
  [J1600-3053] white noise for 3GHz_YUPPI (3237 TOAs)...
  [J1614-2230] zeroing residuals...
  [J1614-2230] adding red noise...
  [J1614-2230] white noise for Rcvr1_2_GASP (84 TOAs)...
  [J1614-2230] white noise for Rcvr1_2_GUPPI (10509 TOAs)...
  [J1614-2230] white noise for Rcvr_800_GUPPI (7768 TOAs)...
  [J1614-2230] white noise for Rcvr_800_GASP (84 TOAs)...
  [J1630+3734] zeroing residuals...
  [J1630+3734] adding red noise...
  [J1630+3734] white noise for Rcvr1_2_GUPPI (909 TOAs)...
  [J1630+3734] white noise for Rcvr_800_GUPPI (906 TOAs)...
  [J1640+2224] zeroing residuals...
  [J1640+2224] adding red noise...
  [J1640+2224] white noise for L-wide_PUPPI (9847 TOAs)...
  [J1640+2224] white noise for 430_PUPPI (3157 TOAs)...
  [J1640+2224] white noise for 430_ASP (340 TOAs)...
  [J1640+2224] white noise for L-wide_ASP (722 TOAs)...
  [J1643-1224] zeroing residuals...
  [J1643-1224] adding red noise...
  [J1643-1224] white noise for Rcvr1_2_GUPPI (8803 TOAs)...
  [J1643-1224] white noise for Rcvr_800_GUPPI (7734 TOAs)...
  [J1643-1224] white noise for Rcvr_800_GASP (559 TOAs)...
  [J1643-1224] white noise for Rcvr1_2_GASP (833 TOAs)...
  [J1643-1224] white noise for 3GHz_YUPPI (4215 TOAs)...
  [J1705-1903] zeroing residuals...
  [J1705-1903] adding red noise...
  [J1705-1903] white noise for Rcvr1_2_GUPPI (6350 TOAs)...
  [J1705-1903] white noise for Rcvr_800_GUPPI (3521 TOAs)...
  [J1713+0747] zeroing residuals...
  [J1713+0747] adding red noise...
  [J1713+0747] white noise for Rcvr1_2_GUPPI (22334 TOAs)...
  [J1713+0747] white noise for Rcvr_800_GUPPI (8479 TOAs)...
  [J1713+0747] white noise for Rcvr_800_GASP (1032 TOAs)...
  [J1713+0747] white noise for Rcvr1_2_GASP (1109 TOAs)...
  [J1713+0747] white noise for 1.5GHz_YUPPI (1461 TOAs)...
  [J1713+0747] white noise for L-wide_ASP (843 TOAs)...
  [J1713+0747] white noise for 3GHz_YUPPI (3282 TOAs)...
  [J1713+0747] white noise for L-wide_PUPPI (12743 TOAs)...
  [J1713+0747] white noise for S-wide_ASP (624 TOAs)...
  [J1713+0747] white noise for S-wide_PUPPI (7482 TOAs)...
  [J1719-1438] zeroing residuals...
  [J1719-1438] adding red noise...
  [J1719-1438] white noise for Rcvr1_2_GUPPI (2722 TOAs)...
  [J1719-1438] white noise for Rcvr_800_GUPPI (3634 TOAs)...
  [J1730-2304] zeroing residuals...
  [J1730-2304] adding red noise...
  [J1730-2304] white noise for Rcvr1_2_GUPPI (2367 TOAs)...
  [J1730-2304] white noise for Rcvr_800_GUPPI (2503 TOAs)...
  [J1738+0333] zeroing residuals...
  [J1738+0333] adding red noise...
  [J1738+0333] white noise for L-wide_PUPPI (6718 TOAs)...
  [J1738+0333] white noise for S-wide_ASP (134 TOAs)...
  [J1738+0333] white noise for S-wide_PUPPI (1737 TOAs)...
  [J1738+0333] white noise for L-wide_ASP (201 TOAs)...
  [J1741+1351] zeroing residuals...
  [J1741+1351] adding red noise...
  [J1741+1351] white noise for 430_PUPPI (1159 TOAs)...
  [J1741+1351] white noise for 430_ASP (27 TOAs)...
  [J1741+1351] white noise for L-wide_ASP (236 TOAs)...
  [J1741+1351] white noise for L-wide_PUPPI (4045 TOAs)...
  [J1741+1351] white noise for S-wide_ASP (115 TOAs)...
  [J1744-1134] zeroing residuals...
  [J1744-1134] adding red noise...
  [J1744-1134] white noise for Rcvr1_2_GASP (807 TOAs)...
  [J1744-1134] white noise for Rcvr1_2_GUPPI (8109 TOAs)...
  [J1744-1134] white noise for Rcvr_800_GUPPI (7899 TOAs)...
  [J1744-1134] white noise for Rcvr_800_GASP (930 TOAs)...
  [J1745+1017] zeroing residuals...
  [J1745+1017] adding red noise...
  [J1745+1017] white noise for L-wide_PUPPI (2179 TOAs)...
  [J1745+1017] white noise for S-wide_PUPPI (838 TOAs)...
  [J1747-4036] zeroing residuals...
  [J1747-4036] adding red noise...
  [J1747-4036] white noise for Rcvr1_2_GUPPI (5239 TOAs)...
  [J1747-4036] white noise for Rcvr_800_GUPPI (5816 TOAs)...
  [J1751-2857] zeroing residuals...
  [J1751-2857] adding red noise...
  [J1751-2857] white noise for Rcvr1_2_GUPPI (1786 TOAs)...
  [J1751-2857] white noise for Rcvr_800_GUPPI (239 TOAs)...
  [J1802-2124] zeroing residuals...
  [J1802-2124] adding red noise...
  [J1802-2124] white noise for Rcvr1_2_GUPPI (3231 TOAs)...
  [J1802-2124] white noise for Rcvr_800_GUPPI (3565 TOAs)...
  [J1811-2405] zeroing residuals...
  [J1811-2405] adding red noise...
  [J1811-2405] white noise for Rcvr1_2_GUPPI (2638 TOAs)...
  [J1811-2405] white noise for Rcvr_800_GUPPI (2628 TOAs)...
  [J1832-0836] zeroing residuals...
  [J1832-0836] adding red noise...
  [J1832-0836] white noise for Rcvr1_2_GUPPI (4661 TOAs)...
  [J1832-0836] white noise for Rcvr_800_GUPPI (3078 TOAs)...
  [J1843-1113] zeroing residuals...
  [J1843-1113] adding red noise...
  [J1843-1113] white noise for Rcvr1_2_GUPPI (2394 TOAs)...
  [J1843-1113] white noise for Rcvr_800_GUPPI (2201 TOAs)...
  [J1853+1303] zeroing residuals...
  [J1853+1303] adding red noise...
  [J1853+1303] white noise for L-wide_PUPPI (3362 TOAs)...
  [J1853+1303] white noise for 430_PUPPI (1151 TOAs)...
  [J1853+1303] white noise for 430_ASP (24 TOAs)...
  [J1853+1303] white noise for L-wide_ASP (33 TOAs)...
  [J1903+0327] zeroing residuals...
  [J1903+0327] adding red noise...
  [J1903+0327] white noise for L-wide_ASP (139 TOAs)...
  [J1903+0327] white noise for 3GHz_YUPPI (439 TOAs)...
  [J1903+0327] white noise for L-wide_PUPPI (3845 TOAs)...
  [J1903+0327] white noise for S-wide_ASP (151 TOAs)...
  [J1903+0327] white noise for S-wide_PUPPI (2282 TOAs)...
  [J1909-3744] zeroing residuals...
  [J1909-3744] adding red noise...
  [J1909-3744] white noise for Rcvr1_2_GUPPI (20439 TOAs)...
  [J1909-3744] white noise for Rcvr_800_GUPPI (9399 TOAs)...
  [J1909-3744] white noise for Rcvr_800_GASP (866 TOAs)...
  [J1909-3744] white noise for Rcvr1_2_GASP (808 TOAs)...
  [J1909-3744] white noise for 3GHz_YUPPI (3525 TOAs)...
  [J1910+1256] zeroing residuals...
  [J1910+1256] adding red noise...
  [J1910+1256] white noise for L-wide_PUPPI (4124 TOAs)...
  [J1910+1256] white noise for S-wide_ASP (208 TOAs)...
  [J1910+1256] white noise for S-wide_PUPPI (1857 TOAs)...
  [J1910+1256] white noise for L-wide_ASP (297 TOAs)...
  [J1911+1347] zeroing residuals...
  [J1911+1347] adding red noise...
  [J1911+1347] white noise for 430_PUPPI (753 TOAs)...
  [J1911+1347] white noise for L-wide_PUPPI (3033 TOAs)...
  [J1918-0642] zeroing residuals...
  [J1918-0642] adding red noise...
  [J1918-0642] white noise for Rcvr1_2_GASP (778 TOAs)...
  [J1918-0642] white noise for Rcvr1_2_GUPPI (8910 TOAs)...
  [J1918-0642] white noise for Rcvr_800_GUPPI (8352 TOAs)...
  [J1918-0642] white noise for Rcvr_800_GASP (835 TOAs)...
  [J1923+2515] zeroing residuals...
  [J1923+2515] adding red noise...
  [J1923+2515] white noise for L-wide_PUPPI (3028 TOAs)...
  [J1923+2515] white noise for 430_PUPPI (922 TOAs)...
  [J1923+2515] white noise for 430_ASP (10 TOAs)...
  [J1923+2515] white noise for L-wide_ASP (14 TOAs)...
  [J1944+0907] zeroing residuals...
  [J1944+0907] adding red noise...
  [J1944+0907] white noise for 430_PUPPI (1017 TOAs)...
  [J1944+0907] white noise for 430_ASP (38 TOAs)...
  [J1944+0907] white noise for L-wide_ASP (257 TOAs)...
  [J1944+0907] white noise for L-wide_PUPPI (3900 TOAs)...
  [J1944+0907] white noise for S-wide_ASP (116 TOAs)...
  [J1946+3417] zeroing residuals...
  [J1946+3417] adding red noise...
  [J1946+3417] white noise for L-wide_PUPPI (3197 TOAs)...
  [J1946+3417] white noise for S-wide_PUPPI (1546 TOAs)...
  [J2010-1323] zeroing residuals...
  [J2010-1323] adding red noise...
  [J2010-1323] white noise for Rcvr1_2_GASP (70 TOAs)...
  [J2010-1323] white noise for Rcvr1_2_GUPPI (7779 TOAs)...
  [J2010-1323] white noise for Rcvr_800_GUPPI (9158 TOAs)...
  [J2010-1323] white noise for Rcvr_800_GASP (70 TOAs)...
  [J2017+0603] zeroing residuals...
  [J2017+0603] adding red noise...
  [J2017+0603] white noise for 430_PUPPI (78 TOAs)...
  [J2017+0603] white noise for L-wide_PUPPI (2569 TOAs)...
  [J2017+0603] white noise for S-wide_PUPPI (849 TOAs)...
  [J2017+0603] white noise for L-wide_ASP (16 TOAs)...
  [J2033+1734] zeroing residuals...
  [J2033+1734] adding red noise...
  [J2033+1734] white noise for 430_PUPPI (797 TOAs)...
  [J2033+1734] white noise for L-wide_PUPPI (3050 TOAs)...
  [J2043+1711] zeroing residuals...
  [J2043+1711] adding red noise...
  [J2043+1711] white noise for L-wide_PUPPI (4419 TOAs)...
  [J2043+1711] white noise for 430_PUPPI (2908 TOAs)...
  [J2043+1711] white noise for 430_ASP (30 TOAs)...
  [J2043+1711] white noise for L-wide_ASP (40 TOAs)...
  [J2124-3358] zeroing residuals...
  [J2124-3358] adding red noise...
  [J2124-3358] white noise for Rcvr1_2_GUPPI (2957 TOAs)...
  [J2124-3358] white noise for Rcvr_800_GUPPI (2025 TOAs)...
  [J2145-0750] zeroing residuals...
  [J2145-0750] adding red noise...
  [J2145-0750] white noise for Rcvr1_2_GASP (427 TOAs)...
  [J2145-0750] white noise for Rcvr1_2_GUPPI (9158 TOAs)...
  [J2145-0750] white noise for Rcvr_800_GUPPI (8728 TOAs)...
  [J2145-0750] white noise for Rcvr_800_GASP (362 TOAs)...
  [J2214+3000] zeroing residuals...
  [J2214+3000] adding red noise...
  [J2214+3000] white noise for L-wide_PUPPI (5829 TOAs)...
  [J2214+3000] white noise for S-wide_PUPPI (1568 TOAs)...
  [J2214+3000] white noise for L-wide_ASP (9 TOAs)...
  [J2229+2643] zeroing residuals...
  [J2229+2643] adding red noise...
  [J2229+2643] white noise for 430_PUPPI (956 TOAs)...
  [J2229+2643] white noise for L-wide_PUPPI (2755 TOAs)...
  [J2234+0611] zeroing residuals...
  [J2234+0611] adding red noise...
  [J2234+0611] white noise for 430_PUPPI (653 TOAs)...
  [J2234+0611] white noise for L-wide_PUPPI (2913 TOAs)...
  [J2234+0944] zeroing residuals...
  [J2234+0944] adding red noise...
  [J2234+0944] white noise for L-wide_PUPPI (5003 TOAs)...
  [J2234+0944] white noise for S-wide_PUPPI (2532 TOAs)...
  [J2302+4442] zeroing residuals...
  [J2302+4442] adding red noise...
  [J2302+4442] white noise for Rcvr1_2_GUPPI (3779 TOAs)...
  [J2302+4442] white noise for Rcvr_800_GUPPI (6432 TOAs)...
  [J2317+1439] zeroing residuals...
  [J2317+1439] adding red noise...
  [J2317+1439] white noise for 430_PUPPI (3217 TOAs)...
  [J2317+1439] white noise for 430_ASP (458 TOAs)...
  [J2317+1439] white noise for 327_ASP (413 TOAs)...
  [J2317+1439] white noise for 327_PUPPI (276 TOAs)...
  [J2317+1439] white noise for L-wide_PUPPI (9563 TOAs)...
  [J2322+2057] zeroing residuals...
  [J2322+2057] adding red noise...
  [J2322+2057] white noise for 430_PUPPI (752 TOAs)...
  [J2322+2057] white noise for L-wide_PUPPI (2196 TOAs)...
  [J2322+2057] white noise for S-wide_PUPPI (140 TOAs)...
Resetting pulsars to clean stoas...
Restore: 0.00 s
Inject: 0.00 s
Snapshotting into enterprise Pulsar objects...
Building PTA...
PTA build: 395.30 s
Computing optimal statistic...
OS time: 41.88 s
Total: 437.18 s
Noise-only SNR baseline: -0.8381

Generating SNR-consistent population...
Target SNR: 4.0
Resetting pulsars to clean stoas...
Restore: 0.00 s
Injecting population...
  B1855+09: RMS = 2305.711 ns
  B1937+21: RMS = 2199.537 ns
  B1953+29: RMS = 1812.961 ns
  J0023+0923: RMS = 990.816 ns
  J0030+0451: RMS = 1061.300 ns
  J0340+4130: RMS = 2245.482 ns
  J0406+3039: RMS = 738.813 ns
  J0437-4715: RMS = 1309.327 ns
  J0509+0856: RMS = 123.710 ns
  J0557+1551: RMS = 518.051 ns
  J0605+3757: RMS = 2002.117 ns
  J0610-2100: RMS = 341.201 ns
  J0613-0200: RMS = 1397.567 ns
  J0636+5128: RMS = 1387.132 ns
  J0645+5158: RMS = 1697.185 ns
  J0709+0458: RMS = 403.645 ns
  J0740+6620: RMS = 995.013 ns
  J0931-1902: RMS = 708.060 ns
  J1012+5307: RMS = 1086.414 ns
  J1012-4235: RMS = 483.342 ns
  J1022+1001: RMS = 812.091 ns
  J1024-0719: RMS = 1569.077 ns
  J1125+7819: RMS = 412.217 ns
  J1312+0051: RMS = 372.484 ns
  J1453+1902: RMS = 395.764 ns
  J1455-3330: RMS = 2567.003 ns
  J1600-3053: RMS = 1960.342 ns
  J1614-2230: RMS = 1561.196 ns
  J1630+3734: RMS = 1358.296 ns
  J1640+2224: RMS = 1864.517 ns
  J1643-1224: RMS = 1476.510 ns
  J1705-1903: RMS = 392.347 ns
  J1713+0747: RMS = 1309.829 ns
  J1719-1438: RMS = 448.370 ns
  J1730-2304: RMS = 378.374 ns
  J1738+0333: RMS = 907.850 ns
  J1741+1351: RMS = 1565.483 ns
  J1744-1134: RMS = 569.989 ns
  J1745+1017: RMS = 1101.612 ns
  J1747-4036: RMS = 742.864 ns
  J1751-2857: RMS = 357.043 ns
  J1802-2124: RMS = 503.212 ns
  J1811-2405: RMS = 570.035 ns
  J1832-0836: RMS = 312.195 ns
  J1843-1113: RMS = 445.213 ns
  J1853+1303: RMS = 1943.805 ns
  J1903+0327: RMS = 1591.709 ns
  J1909-3744: RMS = 1598.446 ns
  J1910+1256: RMS = 2278.347 ns
  J1911+1347: RMS = 2419.663 ns
  J1918-0642: RMS = 1843.704 ns
  J1923+2515: RMS = 2182.298 ns
  J1944+0907: RMS = 2376.587 ns
  J1946+3417: RMS = 2097.403 ns
  J2010-1323: RMS = 1401.662 ns
  J2017+0603: RMS = 2053.125 ns
  J2033+1734: RMS = 712.327 ns
  J2043+1711: RMS = 1156.643 ns
  J2124-3358: RMS = 617.593 ns
  J2145-0750: RMS = 280.277 ns
  J2214+3000: RMS = 589.054 ns
  J2229+2643: RMS = 1337.674 ns
  J2234+0611: RMS = 981.619 ns
  J2234+0944: RMS = 697.977 ns
  J2302+4442: RMS = 2207.234 ns
  J2317+1439: RMS = 1757.339 ns
  J2322+2057: RMS = 650.044 ns
Inject: 139.51 s
Snapshotting into enterprise Pulsar objects...
Building PTA...
PTA build: 395.71 s
Computing optimal statistic...
OS time: 40.58 s
Total: 575.80 s
Initial SNR: 1.6371, Target SNR: 4.0000
  Initial SNR 1.6371 outside of provided SNR_range [3.5, 4.25] — rescaling.
Scaling distances by factor 0.7153 to achieve target SNR...
Resetting pulsars to clean stoas...
Restore: 0.00 s
Injecting population...
  B1855+09: RMS = 3223.591 ns
  B1937+21: RMS = 3075.151 ns
  B1953+29: RMS = 2534.683 ns
  J0023+0923: RMS = 1385.249 ns
  J0030+0451: RMS = 1483.793 ns
  J0340+4130: RMS = 3139.385 ns
  J0406+3039: RMS = 1032.928 ns
  J0437-4715: RMS = 1830.557 ns
  J0509+0856: RMS = 172.957 ns
  J0557+1551: RMS = 724.282 ns
  J0605+3757: RMS = 2799.139 ns
  J0610-2100: RMS = 477.030 ns
  J0613-0200: RMS = 1953.924 ns
  J0636+5128: RMS = 1939.335 ns
  J0645+5158: RMS = 2372.817 ns
  J0709+0458: RMS = 564.333 ns
  J0740+6620: RMS = 1391.118 ns
  J0931-1902: RMS = 989.932 ns
  J1012+5307: RMS = 1518.905 ns
  J1012-4235: RMS = 675.756 ns
  J1022+1001: RMS = 1135.376 ns
  J1024-0719: RMS = 2193.710 ns
  J1125+7819: RMS = 576.317 ns
  J1312+0051: RMS = 520.766 ns
  J1453+1902: RMS = 553.313 ns
  J1455-3330: RMS = 3588.901 ns
  J1600-3053: RMS = 2740.735 ns
  J1614-2230: RMS = 2182.692 ns
  J1630+3734: RMS = 1899.020 ns
  J1640+2224: RMS = 2606.762 ns
  J1643-1224: RMS = 2064.294 ns
  J1705-1903: RMS = 548.536 ns
  J1713+0747: RMS = 1831.258 ns
  J1719-1438: RMS = 626.861 ns
  J1730-2304: RMS = 529.001 ns
  J1738+0333: RMS = 1269.256 ns
  J1741+1351: RMS = 2188.686 ns
  J1744-1134: RMS = 796.897 ns
  J1745+1017: RMS = 1540.153 ns
  J1747-4036: RMS = 1038.591 ns
  J1751-2857: RMS = 499.178 ns
  J1802-2124: RMS = 703.536 ns
  J1811-2405: RMS = 796.960 ns
  J1832-0836: RMS = 436.477 ns
  J1843-1113: RMS = 622.448 ns
  J1853+1303: RMS = 2717.614 ns
  J1903+0327: RMS = 2225.353 ns
  J1909-3744: RMS = 2234.771 ns
  J1910+1256: RMS = 3185.334 ns
  J1911+1347: RMS = 3382.907 ns
  J1918-0642: RMS = 2577.664 ns
  J1923+2515: RMS = 3051.049 ns
  J1944+0907: RMS = 3322.683 ns
  J1946+3417: RMS = 2932.358 ns
  J2010-1323: RMS = 1959.650 ns
  J2017+0603: RMS = 2870.454 ns
  J2033+1734: RMS = 995.898 ns
  J2043+1711: RMS = 1617.091 ns
  J2124-3358: RMS = 863.450 ns
  J2145-0750: RMS = 391.852 ns
  J2214+3000: RMS = 823.551 ns
  J2229+2643: RMS = 1870.188 ns
  J2234+0611: RMS = 1372.392 ns
  J2234+0944: RMS = 975.835 ns
  J2302+4442: RMS = 3085.912 ns
  J2317+1439: RMS = 2456.918 ns
  J2322+2057: RMS = 908.820 ns
Inject: 156.67 s
Snapshotting into enterprise Pulsar objects...
Building PTA...
PTA build: 395.73 s
Computing optimal statistic...
OS time: 40.59 s
Total: 593.00 s
  SNR 6.1218 outside of provided SNR_range [3.5, 4.25] — rescaling.
[Iteration 1/4] SNR after scaling: 6.1218 (target: 4.0000)
  SNR history: it0→1.6371@1.0000x, it1→6.1218@0.7153x
  Re-scaling distances by factor 1.1824  (cumulative after: 0.8457×)
Resetting pulsars to clean stoas...
Restore: 0.00 s
Injecting population...
  B1855+09: RMS = 2726.292 ns
  B1937+21: RMS = 2600.751 ns
  B1953+29: RMS = 2143.661 ns
  J0023+0923: RMS = 1171.549 ns
  J0030+0451: RMS = 1254.891 ns
  J0340+4130: RMS = 2655.077 ns
  J0406+3039: RMS = 873.579 ns
  J0437-4715: RMS = 1548.160 ns
  J0509+0856: RMS = 146.275 ns
  J0557+1551: RMS = 612.548 ns
  J0605+3757: RMS = 2367.320 ns
  J0610-2100: RMS = 403.440 ns
  J0613-0200: RMS = 1652.495 ns
  J0636+5128: RMS = 1640.156 ns
  J0645+5158: RMS = 2006.766 ns
  J0709+0458: RMS = 477.274 ns
  J0740+6620: RMS = 1176.512 ns
  J0931-1902: RMS = 837.216 ns
  J1012+5307: RMS = 1284.585 ns
  J1012-4235: RMS = 571.508 ns
  J1022+1001: RMS = 960.223 ns
  J1024-0719: RMS = 1855.290 ns
  J1125+7819: RMS = 487.409 ns
  J1312+0051: RMS = 440.428 ns
  J1453+1902: RMS = 467.954 ns
  J1455-3330: RMS = 3035.246 ns
  J1600-3053: RMS = 2317.926 ns
  J1614-2230: RMS = 1845.971 ns
  J1630+3734: RMS = 1606.061 ns
  J1640+2224: RMS = 2204.621 ns
  J1643-1224: RMS = 1745.838 ns
  J1705-1903: RMS = 463.914 ns
  J1713+0747: RMS = 1548.752 ns
  J1719-1438: RMS = 530.156 ns
  J1730-2304: RMS = 447.393 ns
  J1738+0333: RMS = 1073.450 ns
  J1741+1351: RMS = 1851.041 ns
  J1744-1134: RMS = 673.960 ns
  J1745+1017: RMS = 1302.556 ns
  J1747-4036: RMS = 878.369 ns
  J1751-2857: RMS = 422.171 ns
  J1802-2124: RMS = 595.002 ns
  J1811-2405: RMS = 674.014 ns
  J1832-0836: RMS = 369.142 ns
  J1843-1113: RMS = 526.424 ns
  J1853+1303: RMS = 2298.372 ns
  J1903+0327: RMS = 1882.051 ns
  J1909-3744: RMS = 1890.016 ns
  J1910+1256: RMS = 2693.937 ns
  J1911+1347: RMS = 2861.031 ns
  J1918-0642: RMS = 2180.011 ns
  J1923+2515: RMS = 2580.368 ns
  J1944+0907: RMS = 2810.097 ns
  J1946+3417: RMS = 2479.987 ns
  J2010-1323: RMS = 1657.337 ns
  J2017+0603: RMS = 2427.633 ns
  J2033+1734: RMS = 842.262 ns
  J2043+1711: RMS = 1367.624 ns
  J2124-3358: RMS = 730.247 ns
  J2145-0750: RMS = 331.401 ns
  J2214+3000: RMS = 696.503 ns
  J2229+2643: RMS = 1581.677 ns
  J2234+0611: RMS = 1160.675 ns
  J2234+0944: RMS = 825.294 ns
  J2302+4442: RMS = 2609.853 ns
  J2317+1439: RMS = 2077.893 ns
  J2322+2057: RMS = 768.618 ns
Inject: 142.90 s
Snapshotting into enterprise Pulsar objects...
Building PTA...
PTA build: 398.72 s
Computing optimal statistic...
OS time: 40.74 s
Total: 582.36 s
  SNR 3.4486 outside of provided SNR_range [3.5, 4.25] — rescaling.
[Iteration 2/4] SNR after scaling: 3.4486 (target: 4.0000)
  SNR history: it0→1.6371@1.0000x, it1→6.1218@0.7153x, it2→3.4486@0.8457x
  Re-scaling distances by factor 0.9196  (cumulative after: 0.7778×)
Resetting pulsars to clean stoas...
Restore: 0.00 s
Injecting population...
  B1855+09: RMS = 2964.532 ns
  B1937+21: RMS = 2828.021 ns
  B1953+29: RMS = 2330.987 ns
  J0023+0923: RMS = 1273.926 ns
  J0030+0451: RMS = 1364.551 ns
  J0340+4130: RMS = 2887.094 ns
  J0406+3039: RMS = 949.918 ns
  J0437-4715: RMS = 1683.447 ns
  J0509+0856: RMS = 159.058 ns
  J0557+1551: RMS = 666.076 ns
  J0605+3757: RMS = 2574.191 ns
  J0610-2100: RMS = 438.695 ns
  J0613-0200: RMS = 1796.900 ns
  J0636+5128: RMS = 1783.483 ns
  J0645+5158: RMS = 2182.129 ns
  J0709+0458: RMS = 518.981 ns
  J0740+6620: RMS = 1279.323 ns
  J0931-1902: RMS = 910.378 ns
  J1012+5307: RMS = 1396.840 ns
  J1012-4235: RMS = 621.450 ns
  J1022+1001: RMS = 1044.133 ns
  J1024-0719: RMS = 2017.416 ns
  J1125+7819: RMS = 530.002 ns
  J1312+0051: RMS = 478.916 ns
  J1453+1902: RMS = 508.847 ns
  J1455-3330: RMS = 3300.484 ns
  J1600-3053: RMS = 2520.480 ns
  J1614-2230: RMS = 2007.283 ns
  J1630+3734: RMS = 1746.408 ns
  J1640+2224: RMS = 2397.274 ns
  J1643-1224: RMS = 1898.400 ns
  J1705-1903: RMS = 504.454 ns
  J1713+0747: RMS = 1684.092 ns
  J1719-1438: RMS = 576.485 ns
  J1730-2304: RMS = 486.489 ns
  J1738+0333: RMS = 1167.255 ns
  J1741+1351: RMS = 2012.796 ns
  J1744-1134: RMS = 732.855 ns
  J1745+1017: RMS = 1416.381 ns
  J1747-4036: RMS = 955.126 ns
  J1751-2857: RMS = 459.063 ns
  J1802-2124: RMS = 646.997 ns
  J1811-2405: RMS = 732.914 ns
  J1832-0836: RMS = 401.400 ns
  J1843-1113: RMS = 572.426 ns
  J1853+1303: RMS = 2499.217 ns
  J1903+0327: RMS = 2046.516 ns
  J1909-3744: RMS = 2055.177 ns
  J1910+1256: RMS = 2929.350 ns
  J1911+1347: RMS = 3111.045 ns
  J1918-0642: RMS = 2370.514 ns
  J1923+2515: RMS = 2805.856 ns
  J1944+0907: RMS = 3055.661 ns
  J1946+3417: RMS = 2696.704 ns
  J2010-1323: RMS = 1802.165 ns
  J2017+0603: RMS = 2639.774 ns
  J2033+1734: RMS = 915.864 ns
  J2043+1711: RMS = 1487.136 ns
  J2124-3358: RMS = 794.060 ns
  J2145-0750: RMS = 360.361 ns
  J2214+3000: RMS = 757.367 ns
  J2229+2643: RMS = 1719.893 ns
  J2234+0611: RMS = 1262.102 ns
  J2234+0944: RMS = 897.413 ns
  J2302+4442: RMS = 2837.918 ns
  J2317+1439: RMS = 2259.472 ns
  J2322+2057: RMS = 835.784 ns
Inject: 142.49 s
Snapshotting into enterprise Pulsar objects...
Building PTA...
PTA build: 395.17 s
Computing optimal statistic...
OS time: 40.46 s
Total: 578.13 s
  SNR 4.6611 outside of provided SNR_range [3.5, 4.25] — rescaling.
[Iteration 3/4] SNR after scaling: 4.6611 (target: 4.0000)
  SNR history: it0→1.6371@1.0000x, it1→6.1218@0.7153x, it2→3.4486@0.8457x, it3→4.6611@0.7778x
  Re-scaling distances by factor 1.0428  (cumulative after: 0.8110×)
Resetting pulsars to clean stoas...
Restore: 0.00 s
Injecting population...
  B1855+09: RMS = 2842.918 ns
  B1937+21: RMS = 2712.006 ns
  B1953+29: RMS = 2235.362 ns
  J0023+0923: RMS = 1221.665 ns
  J0030+0451: RMS = 1308.573 ns
  J0340+4130: RMS = 2768.656 ns
  J0406+3039: RMS = 910.949 ns
  J0437-4715: RMS = 1614.387 ns
  J0509+0856: RMS = 152.533 ns
  J0557+1551: RMS = 638.752 ns
  J0605+3757: RMS = 2468.589 ns
  J0610-2100: RMS = 420.698 ns
  J0613-0200: RMS = 1723.185 ns
  J0636+5128: RMS = 1710.319 ns
  J0645+5158: RMS = 2092.611 ns
  J0709+0458: RMS = 497.691 ns
  J0740+6620: RMS = 1226.841 ns
  J0931-1902: RMS = 873.031 ns
  J1012+5307: RMS = 1339.537 ns
  J1012-4235: RMS = 595.956 ns
  J1022+1001: RMS = 1001.300 ns
  J1024-0719: RMS = 1934.655 ns
  J1125+7819: RMS = 508.259 ns
  J1312+0051: RMS = 459.269 ns
  J1453+1902: RMS = 487.972 ns
  J1455-3330: RMS = 3165.088 ns
  J1600-3053: RMS = 2417.082 ns
  J1614-2230: RMS = 1924.938 ns
  J1630+3734: RMS = 1674.765 ns
  J1640+2224: RMS = 2298.930 ns
  J1643-1224: RMS = 1820.522 ns
  J1705-1903: RMS = 483.759 ns
  J1713+0747: RMS = 1615.005 ns
  J1719-1438: RMS = 552.835 ns
  J1730-2304: RMS = 466.532 ns
  J1738+0333: RMS = 1119.370 ns
  J1741+1351: RMS = 1930.225 ns
  J1744-1134: RMS = 702.791 ns
  J1745+1017: RMS = 1358.277 ns
  J1747-4036: RMS = 915.944 ns
  J1751-2857: RMS = 440.230 ns
  J1802-2124: RMS = 620.455 ns
  J1811-2405: RMS = 702.847 ns
  J1832-0836: RMS = 384.933 ns
  J1843-1113: RMS = 548.944 ns
  J1853+1303: RMS = 2396.692 ns
  J1903+0327: RMS = 1962.561 ns
  J1909-3744: RMS = 1970.867 ns
  J1910+1256: RMS = 2809.178 ns
  J1911+1347: RMS = 2983.420 ns
  J1918-0642: RMS = 2273.268 ns
  J1923+2515: RMS = 2690.751 ns
  J1944+0907: RMS = 2930.308 ns
  J1946+3417: RMS = 2586.076 ns
  J2010-1323: RMS = 1728.235 ns
  J2017+0603: RMS = 2531.482 ns
  J2033+1734: RMS = 878.292 ns
  J2043+1711: RMS = 1426.129 ns
  J2124-3358: RMS = 761.485 ns
  J2145-0750: RMS = 345.578 ns
  J2214+3000: RMS = 726.298 ns
  J2229+2643: RMS = 1649.338 ns
  J2234+0611: RMS = 1210.327 ns
  J2234+0944: RMS = 860.599 ns
  J2302+4442: RMS = 2721.497 ns
  J2317+1439: RMS = 2166.781 ns
  J2322+2057: RMS = 801.498 ns
Inject: 139.97 s
Snapshotting into enterprise Pulsar objects...
Building PTA...
PTA build: 396.06 s
Computing optimal statistic...
OS time: 40.20 s
Total: 576.23 s
  ✓ SNR is within the provided SNR_range: 4.0251 ∈ [3.5, 4.25]

Final SNR history:
  it 0: cumulative_scale=1.0000×  SNR=1.6371
  it 1: cumulative_scale=0.7153×  SNR=6.1218
  it 2: cumulative_scale=0.8457×  SNR=3.4486
  it 3: cumulative_scale=0.7778×  SNR=4.6611
  it 4: cumulative_scale=0.8110×  SNR=4.0251
✓ Simulation 1 done (2940.2 s)

======================================================================
ENSEMBLE SUMMARY
======================================================================
Success rate: 100.0% (1/1)

Binaries per population:
  Mean ± std : 10000000 ± 0
  Range      : [10000000, 10000000]

SNR achieved:
  Mean ± std : 4.0251 ± 0.0000
  Range      : [4.0251, 4.0251]

Total time: 3415.2 s (56.9 min)
======================================================================

💾 Saved: data/2026-04-29/pessimistic_run_132/consistent_population_pessimistic_targetSNR4.25_sims1.json
💾 Saved compressed pickle: data/2026-04-29/pessimistic_run_132/consistent_population_pessimistic_targetSNR4.25_sims1.pkl.gz

======================================================================
CONTINUOUS WAVE SNR ANALYSIS
======================================================================

--- Population 1 ---
Precomputation of phiinvs, TNTs, Ts, Nvecs, Sigmas took 0.03 seconds.
Total SNR computation for population took 287.09 seconds.
Top 50 CGW candidates:
   1. proxy_rank= 857  sky_w=1.24  f=2.36e-08 Hz  Mc=1.10e+09 Msun  h0=4.69e-15  SNR=8.018
   2. proxy_rank= 634  sky_w=1.32  f=1.17e-08 Hz  Mc=4.10e+09 Msun  h0=2.40e-15  SNR=4.948
   3. proxy_rank=  10  sky_w=1.61  f=4.71e-09 Hz  Mc=8.19e+09 Msun  h0=2.83e-15  SNR=4.067
   4. proxy_rank= 297  sky_w=1.44  f=8.13e-09 Hz  Mc=4.79e+09 Msun  h0=1.92e-15  SNR=3.984
   5. proxy_rank= 205  sky_w=1.10  f=8.15e-09 Hz  Mc=4.79e+09 Msun  h0=2.81e-15  SNR=3.841
   6. proxy_rank= 578  sky_w=1.21  f=9.30e-09 Hz  Mc=1.34e+09 Msun  h0=2.15e-15  SNR=3.819
   7. proxy_rank= 775  sky_w=1.48  f=1.08e-08 Hz  Mc=4.08e+09 Msun  h0=1.86e-15  SNR=3.623
   8. proxy_rank= 672  sky_w=1.50  f=9.29e-09 Hz  Mc=4.32e+09 Msun  h0=1.64e-15  SNR=3.426
   9. proxy_rank=  37  sky_w=0.60  f=5.08e-09 Hz  Mc=5.23e+09 Msun  h0=5.32e-15  SNR=3.029
  10. proxy_rank= 603  sky_w=1.54  f=9.98e-09 Hz  Mc=3.22e+09 Msun  h0=1.79e-15  SNR=2.589
  11. proxy_rank= 796  sky_w=0.75  f=6.90e-09 Hz  Mc=4.96e+09 Msun  h0=2.31e-15  SNR=2.479
  12. proxy_rank= 660  sky_w=1.39  f=1.34e-08 Hz  Mc=5.28e+09 Msun  h0=2.56e-15  SNR=2.309
  13. proxy_rank= 207  sky_w=1.50  f=6.52e-09 Hz  Mc=5.25e+09 Msun  h0=1.63e-15  SNR=2.262
  14. proxy_rank= 931  sky_w=0.93  f=7.18e-09 Hz  Mc=3.87e+09 Msun  h0=1.84e-15  SNR=2.109
  15. proxy_rank= 782  sky_w=1.05  f=6.36e-09 Hz  Mc=5.11e+09 Msun  h0=1.54e-15  SNR=2.102
  16. proxy_rank= 957  sky_w=1.50  f=7.26e-09 Hz  Mc=4.11e+09 Msun  h0=1.15e-15  SNR=2.079
  17. proxy_rank= 818  sky_w=1.49  f=6.49e-09 Hz  Mc=3.27e+09 Msun  h0=1.09e-15  SNR=1.916
  18. proxy_rank= 130  sky_w=1.15  f=5.06e-09 Hz  Mc=4.64e+09 Msun  h0=1.89e-15  SNR=1.907
  19. proxy_rank= 806  sky_w=1.56  f=6.60e-09 Hz  Mc=4.12e+09 Msun  h0=1.06e-15  SNR=1.807
  20. proxy_rank= 305  sky_w=0.83  f=4.57e-09 Hz  Mc=4.57e+09 Msun  h0=1.86e-15  SNR=1.785
  21. proxy_rank= 116  sky_w=1.05  f=4.70e-09 Hz  Mc=5.85e+09 Msun  h0=2.01e-15  SNR=1.742
  22. proxy_rank= 999  sky_w=0.95  f=1.29e-08 Hz  Mc=2.73e+09 Msun  h0=3.17e-15  SNR=1.717
  23. proxy_rank= 203  sky_w=1.39  f=4.61e-09 Hz  Mc=4.78e+09 Msun  h0=1.26e-15  SNR=1.700
  24. proxy_rank=   1  sky_w=1.01  f=2.57e-09 Hz  Mc=2.84e+09 Msun  h0=3.25e-15  SNR=1.693
  25. proxy_rank= 819  sky_w=1.37  f=5.69e-09 Hz  Mc=4.29e+09 Msun  h0=1.03e-15  SNR=1.682
  26. proxy_rank= 586  sky_w=1.22  f=5.40e-09 Hz  Mc=2.50e+09 Msun  h0=1.23e-15  SNR=1.638
  27. proxy_rank= 258  sky_w=1.51  f=5.69e-09 Hz  Mc=3.00e+09 Msun  h0=1.34e-15  SNR=1.632
  28. proxy_rank= 307  sky_w=1.31  f=5.84e-09 Hz  Mc=3.51e+09 Msun  h0=1.51e-15  SNR=1.608
  29. proxy_rank= 261  sky_w=1.58  f=4.50e-09 Hz  Mc=4.54e+09 Msun  h0=1.01e-15  SNR=1.565
  30. proxy_rank= 306  sky_w=1.22  f=4.52e-09 Hz  Mc=3.26e+09 Msun  h0=1.25e-15  SNR=1.563
  31. proxy_rank= 702  sky_w=1.26  f=5.13e-09 Hz  Mc=2.76e+09 Msun  h0=1.07e-15  SNR=1.473
  32. proxy_rank= 172  sky_w=1.06  f=4.27e-09 Hz  Mc=1.95e+09 Msun  h0=1.61e-15  SNR=1.391
  33. proxy_rank= 314  sky_w=1.57  f=4.72e-09 Hz  Mc=3.68e+09 Msun  h0=1.01e-15  SNR=1.336
  34. proxy_rank=   4  sky_w=1.59  f=2.41e-09 Hz  Mc=3.75e+09 Msun  h0=1.81e-15  SNR=1.325
  35. proxy_rank=  54  sky_w=1.41  f=3.60e-09 Hz  Mc=2.57e+09 Msun  h0=1.46e-15  SNR=1.307
  36. proxy_rank=  35  sky_w=1.48  f=3.21e-09 Hz  Mc=5.59e+09 Msun  h0=1.39e-15  SNR=1.304
  37. proxy_rank=   5  sky_w=0.75  f=2.39e-09 Hz  Mc=6.81e+09 Msun  h0=3.73e-15  SNR=1.294
  38. proxy_rank= 612  sky_w=1.14  f=4.70e-09 Hz  Mc=3.95e+09 Msun  h0=1.12e-15  SNR=1.271
  39. proxy_rank= 289  sky_w=1.02  f=7.33e-09 Hz  Mc=2.53e+09 Msun  h0=2.46e-15  SNR=1.263
  40. proxy_rank=   2  sky_w=1.58  f=2.48e-09 Hz  Mc=3.12e+09 Msun  h0=1.92e-15  SNR=1.261
  41. proxy_rank= 467  sky_w=1.39  f=5.00e-09 Hz  Mc=4.63e+09 Msun  h0=1.07e-15  SNR=1.255
  42. proxy_rank= 255  sky_w=1.30  f=4.08e-09 Hz  Mc=4.84e+09 Msun  h0=1.12e-15  SNR=1.253
  43. proxy_rank=  11  sky_w=1.39  f=3.00e-09 Hz  Mc=2.87e+09 Msun  h0=2.01e-15  SNR=1.233
  44. proxy_rank= 794  sky_w=1.50  f=4.87e-09 Hz  Mc=3.79e+09 Msun  h0=8.17e-16  SNR=1.232
  45. proxy_rank= 912  sky_w=1.51  f=4.90e-09 Hz  Mc=2.05e+09 Msun  h0=7.80e-16  SNR=1.219
  46. proxy_rank= 253  sky_w=1.56  f=5.19e-09 Hz  Mc=2.99e+09 Msun  h0=1.19e-15  SNR=1.218
  47. proxy_rank= 475  sky_w=1.41  f=6.57e-09 Hz  Mc=4.40e+09 Msun  h0=1.37e-15  SNR=1.209
  48. proxy_rank= 206  sky_w=1.00  f=4.56e-09 Hz  Mc=4.60e+09 Msun  h0=1.72e-15  SNR=1.193
  49. proxy_rank=  17  sky_w=1.35  f=3.19e-09 Hz  Mc=6.02e+09 Msun  h0=1.76e-15  SNR=1.193
  50. proxy_rank= 215  sky_w=1.10  f=4.58e-09 Hz  Mc=5.66e+09 Msun  h0=1.55e-15  SNR=1.165
💾 Saved: data/2026-04-29/pessimistic_run_132/consistent_population_pessimistic_targetSNR4.25_sims1.json
💾 Saved compressed pickle: data/2026-04-29/pessimistic_run_132/consistent_population_pessimistic_targetSNR4.25_sims1.pkl.gz
Saved to figures/cgw_analysis_pessimistic.pdf

======================================================================
ANALYSIS COMPLETE
Results saved to: data/2026-04-29/pessimistic_run_132
======================================================================

==========================================
Job finished at: Wed Apr 29 14:01:00 AEST 2026
Exit code: 0
==========================================

+------------------ Job Report: 11736972 (COMPLETED) ------------------+
| Memory (RAM)  [################### ] 97.9% (39.2 GB peak / 40 GB)    |
| CPU           [#################   ] 89.6% average                   |
| Time          [---------------->   ] 80.2% (0-01:08:09 / 0-01:25:00) |
|                                                                      |
| Lustre Filesystem:                                                   |
|   Path    Total Read    Total Write    Total IOPS                    |
|   ------  ------------  -------------  ------------                  |
|   /apps   0 B           0 B            429                           |
|   /fred   317.9 MB      6.8 MB         313                           |
|   /home   325.8 MB      0 B            10.1 K                        |
|   OS      0 B           0 B            1                             |
+----------------------------------------------------------------------+
