==========================================
Job ID: 11738922
Job Name: smbhb_realistic
Node: gina6
Start Time: Wed Apr 29 13:52:12 AEST 2026
==========================================

/home/bhoulden/.conda/envs/smbhb312/share/tempo2
Working directory: /fred/oz005/users/bhoulden/SMBHB_population_injections

Loaded modules:

Starting SMBHB analysis...
==========================================

📁 Save directory: data/2026-04-29/realistic_run_246
📝 Run name: realistic_run_246

[MEM] Start: 243.7 MB

📡 Loading pulsars...
======================================================================
LOADING NANOGRAV PULSARS (libstempo)
======================================================================

📦 Loading from cache: nanograv_pulsars_cache.pkl
⚠ Cache load failed: Ran out of input
[DEBUG] Found 76 .par files
[tempo2Util.C:396] Warning: [MISC1] Unknown parameter in par file:  DMDATA
[tempo2Util.C:401] Warning: [DUP1] duplicated warnings have been suppressed.

WARNING: Using tempo RNAMP parameter: setting TNRedC to 100!
[observatory.C:271] Warning: Assuming site 'arecibo' means 'ao'
✓ Loaded B1855+09 (7758 TOAs)

WARNING: Using tempo RNAMP parameter: setting TNRedC to 100!
✓ Loaded B1937+21 (23023 TOAs)

WARNING: Using tempo RNAMP parameter: setting TNRedC to 100!
✓ Loaded B1937+21ao (7241 TOAs)

WARNING: Using tempo RNAMP parameter: setting TNRedC to 100!
✓ Loaded B1937+21gbt (16048 TOAs)

WARNING: Using tempo RNAMP parameter: setting TNRedC to 100!
✓ Loaded B1953+29 (5126 TOAs)
✓ Loaded J0023+0923 (15896 TOAs)

WARNING: Using tempo RNAMP parameter: setting TNRedC to 100!
✓ Loaded J0030+0451 (19571 TOAs)
✓ Loaded J0340+4130 (11093 TOAs)
✓ Loaded J0406+3039 (2446 TOAs)

WARNING: Using tempo RNAMP parameter: setting TNRedC to 100!
✓ Loaded J0437-4715 (5830 TOAs)
✓ Loaded J0509+0856 (2169 TOAs)
✓ Loaded J0557+1551 (525 TOAs)
✓ Loaded J0605+3757 (554 TOAs)

WARNING: Using tempo RNAMP parameter: setting TNRedC to 100!
✓ Loaded J0610-2100 (4885 TOAs)

WARNING: Using tempo RNAMP parameter: setting TNRedC to 100!
✓ Loaded J0613-0200 (17124 TOAs)
✓ Loaded J0614-3329 (1714 TOAs)
✓ Loaded J0636+5128 (32222 TOAs)
✓ Loaded J0645+5158 (10403 TOAs)
✓ Loaded J0709+0458 (3030 TOAs)
✓ Loaded J0740+6620 (13401 TOAs)
✓ Loaded J0931-1902 (5473 TOAs)

WARNING: Using tempo RNAMP parameter: setting TNRedC to 100!
✓ Loaded J1012+5307 (25837 TOAs)
✓ Loaded J1012-4235 (797 TOAs)
✓ Loaded J1022+1001 (3978 TOAs)
✓ Loaded J1024-0719 (12635 TOAs)
✓ Loaded J1125+7819 (8723 TOAs)
✓ Loaded J1312+0051 (1705 TOAs)
✓ Loaded J1453+1902 (2551 TOAs)
✓ Loaded J1455-3330 (10818 TOAs)

WARNING: Using tempo RNAMP parameter: setting TNRedC to 100!
✓ Loaded J1600-3053 (22955 TOAs)

WARNING: Using tempo RNAMP parameter: setting TNRedC to 100!
✓ Loaded J1600-3053gbt (19725 TOAs)

WARNING: Using tempo RNAMP parameter: setting TNRedC to 100!
✓ Loaded J1614-2230 (18445 TOAs)
✓ Loaded J1630+3734 (1815 TOAs)
✓ Loaded J1640+2224 (14066 TOAs)

WARNING: Using tempo RNAMP parameter: setting TNRedC to 100!
✓ Loaded J1643-1224 (22144 TOAs)

WARNING: Using tempo RNAMP parameter: setting TNRedC to 100!
✓ Loaded J1643-1224gbt (17932 TOAs)

WARNING: Using tempo RNAMP parameter: setting TNRedC to 100!
✓ Loaded J1705-1903 (9871 TOAs)

WARNING: Using tempo RNAMP parameter: setting TNRedC to 100!
✓ Loaded J1713+0747 (59389 TOAs)

WARNING: Using tempo RNAMP parameter: setting TNRedC to 100!
✓ Loaded J1713+0747ao (21362 TOAs)

WARNING: Using tempo RNAMP parameter: setting TNRedC to 100!
✓ Loaded J1713+0747gbt (32963 TOAs)
✓ Loaded J1719-1438 (6356 TOAs)
✓ Loaded J1730-2304 (4870 TOAs)
✓ Loaded J1738+0333 (8790 TOAs)
✓ Loaded J1741+1351 (5582 TOAs)

WARNING: Using tempo RNAMP parameter: setting TNRedC to 100!
✓ Loaded J1744-1134 (17745 TOAs)

WARNING: Using tempo RNAMP parameter: setting TNRedC to 100!
✓ Loaded J1745+1017 (3017 TOAs)

WARNING: Using tempo RNAMP parameter: setting TNRedC to 100!
✓ Loaded J1747-4036 (11055 TOAs)
✓ Loaded J1751-2857 (2025 TOAs)

WARNING: Using tempo RNAMP parameter: setting TNRedC to 100!
✓ Loaded J1802-2124 (6796 TOAs)
✓ Loaded J1811-2405 (5266 TOAs)
✓ Loaded J1832-0836 (7739 TOAs)
✓ Loaded J1843-1113 (4595 TOAs)

WARNING: Using tempo RNAMP parameter: setting TNRedC to 100!
✓ Loaded J1853+1303 (4570 TOAs)

WARNING: Using tempo RNAMP parameter: setting TNRedC to 100!
✓ Loaded J1903+0327 (6856 TOAs)

WARNING: Using tempo RNAMP parameter: setting TNRedC to 100!
✓ Loaded J1903+0327ao (6423 TOAs)

WARNING: Using tempo RNAMP parameter: setting TNRedC to 100!
✓ Loaded J1909-3744 (35037 TOAs)

WARNING: Using tempo RNAMP parameter: setting TNRedC to 100!
✓ Loaded J1909-3744gbt (31526 TOAs)
✓ Loaded J1910+1256 (6486 TOAs)
✓ Loaded J1911+1347 (3786 TOAs)
✓ Loaded J1918-0642 (18875 TOAs)
✓ Loaded J1923+2515 (3974 TOAs)
✓ Loaded J1944+0907 (5328 TOAs)

WARNING: Using tempo RNAMP parameter: setting TNRedC to 100!
✓ Loaded J1946+3417 (4743 TOAs)
✓ Loaded J2010-1323 (17077 TOAs)
✓ Loaded J2017+0603 (3512 TOAs)
✓ Loaded J2033+1734 (3847 TOAs)
✓ Loaded J2043+1711 (7397 TOAs)
✓ Loaded J2124-3358 (4982 TOAs)

WARNING: Using tempo RNAMP parameter: setting TNRedC to 100!
✓ Loaded J2145-0750 (18675 TOAs)
✓ Loaded J2214+3000 (7406 TOAs)
✓ Loaded J2229+2643 (3711 TOAs)

WARNING: Using tempo RNAMP parameter: setting TNRedC to 100!
✓ Loaded J2234+0611 (3566 TOAs)
✓ Loaded J2234+0944 (7535 TOAs)
✓ Loaded J2302+4442 (10211 TOAs)
✓ Loaded J2317+1439 (13927 TOAs)
✓ Loaded J2322+2057 (3088 TOAs)
⚠ Could not save cache: no default __reduce__ due to non-trivial __cinit__

✓ Loaded 76 pulsars
✗ Failed: 0 — []
[MEM] After loading pulsars: 8861.8 MB

🔍 Filtering pulsars...

Filtered: 76 → 67 pulsars
[MEM] After filtering pulsars: 8863.2 MB
[MEM] After garbage collection: 8863.4 MB

======================================================================
SMBHB POPULATION ANALYSIS
======================================================================

Configuration: realistic
  Medium mass, medium spread in distance, medium population
  N_binaries: 20000

======================================================================
CONSISTENT POPULATION SYNTHESIS
======================================================================

======================================================================
GENERATING SNR-CONSISTENT POPULATIONS
======================================================================
Target SNR:          4.0
Simulations:         1
======================================================================


──────────────────────────────────────────────────────────────────────
SIMULATION 1/1
──────────────────────────────────────────────────────────────────────
  [B1855+09] zeroing residuals...
  [B1855+09] adding red noise...
  [B1855+09] white noise for 430_ASP (390 TOAs)...
  [B1855+09] white noise for 430_PUPPI (1185 TOAs)...
  [B1855+09] white noise for L-wide_ASP (1178 TOAs)...
  [B1855+09] white noise for L-wide_PUPPI (5005 TOAs)...
  [B1937+21] zeroing residuals...
  [B1937+21] adding red noise...
  [B1937+21] white noise for Rcvr_800_GASP (586 TOAs)...
  [B1937+21] white noise for L-wide_ASP (452 TOAs)...
  [B1937+21] white noise for S-wide_PUPPI (2251 TOAs)...
  [B1937+21] white noise for Rcvr1_2_GUPPI (7048 TOAs)...
  [B1937+21] white noise for L-wide_PUPPI (4133 TOAs)...
  [B1937+21] white noise for S-wide_ASP (344 TOAs)...
  [B1937+21] white noise for Rcvr1_2_GASP (1069 TOAs)...
  [B1937+21] white noise for Rcvr_800_GUPPI (7140 TOAs)...
  [B1953+29] zeroing residuals...
  [B1953+29] adding red noise...
  [B1953+29] white noise for L-wide_ASP (94 TOAs)...
  [B1953+29] white noise for L-wide_PUPPI (4037 TOAs)...
  [B1953+29] white noise for S-wide_ASP (25 TOAs)...
  [B1953+29] white noise for 430_ASP (29 TOAs)...
  [B1953+29] white noise for 430_PUPPI (941 TOAs)...
  [J0023+0923] zeroing residuals...
  [J0023+0923] adding red noise...
  [J0023+0923] white noise for 430_ASP (90 TOAs)...
  [J0023+0923] white noise for 430_PUPPI (4564 TOAs)...
  [J0023+0923] white noise for L-wide_ASP (119 TOAs)...
  [J0023+0923] white noise for L-wide_PUPPI (11123 TOAs)...
  [J0030+0451] zeroing residuals...
  [J0030+0451] adding red noise...
  [J0030+0451] white noise for L-wide_ASP (789 TOAs)...
  [J0030+0451] white noise for S-wide_PUPPI (2673 TOAs)...
  [J0030+0451] white noise for L-wide_PUPPI (12774 TOAs)...
  [J0030+0451] white noise for 430_ASP (267 TOAs)...
  [J0030+0451] white noise for 430_PUPPI (3068 TOAs)...
  [J0340+4130] zeroing residuals...
  [J0340+4130] adding red noise...
  [J0340+4130] white noise for Rcvr1_2_GUPPI (5037 TOAs)...
  [J0340+4130] white noise for Rcvr_800_GUPPI (6056 TOAs)...
  [J0406+3039] zeroing residuals...
  [J0406+3039] adding red noise...
  [J0406+3039] white noise for S-wide_PUPPI (575 TOAs)...
  [J0406+3039] white noise for L-wide_PUPPI (1871 TOAs)...
  [J0437-4715] zeroing residuals...
  [J0437-4715] adding red noise...
  [J0437-4715] white noise for 1.5GHz_YUPPI (2134 TOAs)...
  [J0437-4715] white noise for 3GHz_YUPPI (3696 TOAs)...
  [J0509+0856] zeroing residuals...
  [J0509+0856] adding red noise...
  [J0509+0856] white noise for S-wide_PUPPI (544 TOAs)...
  [J0509+0856] white noise for L-wide_PUPPI (1625 TOAs)...
  [J0557+1551] zeroing residuals...
  [J0557+1551] adding red noise...
  [J0557+1551] white noise for S-wide_PUPPI (58 TOAs)...
  [J0557+1551] white noise for L-wide_PUPPI (467 TOAs)...
  [J0605+3757] zeroing residuals...
  [J0605+3757] adding red noise...
  [J0605+3757] white noise for Rcvr1_2_GUPPI (318 TOAs)...
  [J0605+3757] white noise for Rcvr_800_GUPPI (236 TOAs)...
  [J0610-2100] zeroing residuals...
  [J0610-2100] adding red noise...
  [J0610-2100] white noise for Rcvr1_2_GUPPI (2401 TOAs)...
  [J0610-2100] white noise for Rcvr_800_GUPPI (2484 TOAs)...
  [J0613-0200] zeroing residuals...
  [J0613-0200] adding red noise...
  [J0613-0200] white noise for Rcvr1_2_GASP (992 TOAs)...
  [J0613-0200] white noise for Rcvr_800_GASP (809 TOAs)...
  [J0613-0200] white noise for Rcvr_800_GUPPI (7900 TOAs)...
  [J0613-0200] white noise for Rcvr1_2_GUPPI (7423 TOAs)...
  [J0636+5128] zeroing residuals...
  [J0636+5128] adding red noise...
  [J0636+5128] white noise for Rcvr1_2_GUPPI (14803 TOAs)...
  [J0636+5128] white noise for Rcvr_800_GUPPI (17419 TOAs)...
  [J0645+5158] zeroing residuals...
  [J0645+5158] adding red noise...
  [J0645+5158] white noise for Rcvr1_2_GUPPI (5721 TOAs)...
  [J0645+5158] white noise for Rcvr_800_GUPPI (4682 TOAs)...
  [J0709+0458] zeroing residuals...
  [J0709+0458] adding red noise...
  [J0709+0458] white noise for S-wide_PUPPI (595 TOAs)...
  [J0709+0458] white noise for L-wide_PUPPI (2435 TOAs)...
  [J0740+6620] zeroing residuals...
  [J0740+6620] adding red noise...
  [J0740+6620] white noise for Rcvr1_2_GUPPI (8265 TOAs)...
  [J0740+6620] white noise for Rcvr_800_GUPPI (5136 TOAs)...
  [J0931-1902] zeroing residuals...
  [J0931-1902] adding red noise...
  [J0931-1902] white noise for Rcvr1_2_GUPPI (2054 TOAs)...
  [J0931-1902] white noise for Rcvr_800_GUPPI (3419 TOAs)...
  [J1012+5307] zeroing residuals...
  [J1012+5307] adding red noise...
  [J1012+5307] white noise for Rcvr1_2_GASP (1479 TOAs)...
  [J1012+5307] white noise for Rcvr_800_GASP (1210 TOAs)...
  [J1012+5307] white noise for Rcvr_800_GUPPI (10299 TOAs)...
  [J1012+5307] white noise for Rcvr1_2_GUPPI (12849 TOAs)...
  [J1012-4235] zeroing residuals...
  [J1012-4235] adding red noise...
  [J1012-4235] white noise for Rcvr1_2_GUPPI (455 TOAs)...
  [J1012-4235] white noise for Rcvr_800_GUPPI (342 TOAs)...
  [J1022+1001] zeroing residuals...
  [J1022+1001] adding red noise...
  [J1022+1001] white noise for S-wide_PUPPI (1154 TOAs)...
  [J1022+1001] white noise for 430_PUPPI (232 TOAs)...
  [J1022+1001] white noise for L-wide_PUPPI (2592 TOAs)...
  [J1024-0719] zeroing residuals...
  [J1024-0719] adding red noise...
  [J1024-0719] white noise for Rcvr1_2_GASP (43 TOAs)...
  [J1024-0719] white noise for Rcvr_800_GASP (51 TOAs)...
  [J1024-0719] white noise for Rcvr_800_GUPPI (5455 TOAs)...
  [J1024-0719] white noise for Rcvr1_2_GUPPI (7086 TOAs)...
  [J1125+7819] zeroing residuals...
  [J1125+7819] adding red noise...
  [J1125+7819] white noise for Rcvr1_2_GUPPI (4016 TOAs)...
  [J1125+7819] white noise for Rcvr_800_GUPPI (4707 TOAs)...
  [J1312+0051] zeroing residuals...
  [J1312+0051] adding red noise...
  [J1312+0051] white noise for S-wide_PUPPI (416 TOAs)...
  [J1312+0051] white noise for L-wide_PUPPI (1289 TOAs)...
  [J1453+1902] zeroing residuals...
  [J1453+1902] adding red noise...
  [J1453+1902] white noise for S-wide_PUPPI (4 TOAs)...
  [J1453+1902] white noise for 430_PUPPI (425 TOAs)...
  [J1453+1902] white noise for L-wide_PUPPI (2122 TOAs)...
  [J1455-3330] zeroing residuals...
  [J1455-3330] adding red noise...
  [J1455-3330] white noise for Rcvr1_2_GASP (564 TOAs)...
  [J1455-3330] white noise for Rcvr_800_GASP (479 TOAs)...
  [J1455-3330] white noise for Rcvr_800_GUPPI (4843 TOAs)...
  [J1455-3330] white noise for Rcvr1_2_GUPPI (4932 TOAs)...
  [J1600-3053] zeroing residuals...
  [J1600-3053] adding red noise...
  [J1600-3053] white noise for Rcvr_800_GASP (297 TOAs)...
  [J1600-3053] white noise for Rcvr1_2_GUPPI (10168 TOAs)...
  [J1600-3053] white noise for 3GHz_YUPPI (3237 TOAs)...
  [J1600-3053] white noise for Rcvr1_2_GASP (457 TOAs)...
  [J1600-3053] white noise for Rcvr_800_GUPPI (8796 TOAs)...
  [J1614-2230] zeroing residuals...
  [J1614-2230] adding red noise...
  [J1614-2230] white noise for Rcvr1_2_GASP (84 TOAs)...
  [J1614-2230] white noise for Rcvr_800_GASP (84 TOAs)...
  [J1614-2230] white noise for Rcvr_800_GUPPI (7768 TOAs)...
  [J1614-2230] white noise for Rcvr1_2_GUPPI (10509 TOAs)...
  [J1630+3734] zeroing residuals...
  [J1630+3734] adding red noise...
  [J1630+3734] white noise for Rcvr1_2_GUPPI (909 TOAs)...
  [J1630+3734] white noise for Rcvr_800_GUPPI (906 TOAs)...
  [J1640+2224] zeroing residuals...
  [J1640+2224] adding red noise...
  [J1640+2224] white noise for 430_ASP (340 TOAs)...
  [J1640+2224] white noise for 430_PUPPI (3157 TOAs)...
  [J1640+2224] white noise for L-wide_ASP (722 TOAs)...
  [J1640+2224] white noise for L-wide_PUPPI (9847 TOAs)...
  [J1643-1224] zeroing residuals...
  [J1643-1224] adding red noise...
  [J1643-1224] white noise for Rcvr_800_GASP (559 TOAs)...
  [J1643-1224] white noise for Rcvr1_2_GUPPI (8803 TOAs)...
  [J1643-1224] white noise for 3GHz_YUPPI (4215 TOAs)...
  [J1643-1224] white noise for Rcvr1_2_GASP (833 TOAs)...
  [J1643-1224] white noise for Rcvr_800_GUPPI (7734 TOAs)...
  [J1705-1903] zeroing residuals...
  [J1705-1903] adding red noise...
  [J1705-1903] white noise for Rcvr1_2_GUPPI (6350 TOAs)...
  [J1705-1903] white noise for Rcvr_800_GUPPI (3521 TOAs)...
  [J1713+0747] zeroing residuals...
  [J1713+0747] adding red noise...
  [J1713+0747] white noise for 1.5GHz_YUPPI (1461 TOAs)...
  [J1713+0747] white noise for Rcvr_800_GASP (1032 TOAs)...
  [J1713+0747] white noise for L-wide_ASP (843 TOAs)...
  [J1713+0747] white noise for S-wide_PUPPI (7482 TOAs)...
  [J1713+0747] white noise for Rcvr1_2_GUPPI (22334 TOAs)...
  [J1713+0747] white noise for 3GHz_YUPPI (3282 TOAs)...
  [J1713+0747] white noise for L-wide_PUPPI (12743 TOAs)...
  [J1713+0747] white noise for S-wide_ASP (624 TOAs)...
  [J1713+0747] white noise for Rcvr1_2_GASP (1109 TOAs)...
  [J1713+0747] white noise for Rcvr_800_GUPPI (8479 TOAs)...
  [J1719-1438] zeroing residuals...
  [J1719-1438] adding red noise...
  [J1719-1438] white noise for Rcvr1_2_GUPPI (2722 TOAs)...
  [J1719-1438] white noise for Rcvr_800_GUPPI (3634 TOAs)...
  [J1730-2304] zeroing residuals...
  [J1730-2304] adding red noise...
  [J1730-2304] white noise for Rcvr1_2_GUPPI (2367 TOAs)...
  [J1730-2304] white noise for Rcvr_800_GUPPI (2503 TOAs)...
  [J1738+0333] zeroing residuals...
  [J1738+0333] adding red noise...
  [J1738+0333] white noise for S-wide_PUPPI (1737 TOAs)...
  [J1738+0333] white noise for S-wide_ASP (134 TOAs)...
  [J1738+0333] white noise for L-wide_ASP (201 TOAs)...
  [J1738+0333] white noise for L-wide_PUPPI (6718 TOAs)...
  [J1741+1351] zeroing residuals...
  [J1741+1351] adding red noise...
  [J1741+1351] white noise for L-wide_ASP (236 TOAs)...
  [J1741+1351] white noise for L-wide_PUPPI (4045 TOAs)...
  [J1741+1351] white noise for S-wide_ASP (115 TOAs)...
  [J1741+1351] white noise for 430_ASP (27 TOAs)...
  [J1741+1351] white noise for 430_PUPPI (1159 TOAs)...
  [J1744-1134] zeroing residuals...
  [J1744-1134] adding red noise...
  [J1744-1134] white noise for Rcvr1_2_GASP (807 TOAs)...
  [J1744-1134] white noise for Rcvr_800_GASP (930 TOAs)...
  [J1744-1134] white noise for Rcvr_800_GUPPI (7899 TOAs)...
  [J1744-1134] white noise for Rcvr1_2_GUPPI (8109 TOAs)...
  [J1745+1017] zeroing residuals...
  [J1745+1017] adding red noise...
  [J1745+1017] white noise for S-wide_PUPPI (838 TOAs)...
  [J1745+1017] white noise for L-wide_PUPPI (2179 TOAs)...
  [J1747-4036] zeroing residuals...
  [J1747-4036] adding red noise...
  [J1747-4036] white noise for Rcvr1_2_GUPPI (5239 TOAs)...
  [J1747-4036] white noise for Rcvr_800_GUPPI (5816 TOAs)...
  [J1751-2857] zeroing residuals...
  [J1751-2857] adding red noise...
  [J1751-2857] white noise for Rcvr1_2_GUPPI (1786 TOAs)...
  [J1751-2857] white noise for Rcvr_800_GUPPI (239 TOAs)...
  [J1802-2124] zeroing residuals...
  [J1802-2124] adding red noise...
  [J1802-2124] white noise for Rcvr1_2_GUPPI (3231 TOAs)...
  [J1802-2124] white noise for Rcvr_800_GUPPI (3565 TOAs)...
  [J1811-2405] zeroing residuals...
  [J1811-2405] adding red noise...
  [J1811-2405] white noise for Rcvr1_2_GUPPI (2638 TOAs)...
  [J1811-2405] white noise for Rcvr_800_GUPPI (2628 TOAs)...
  [J1832-0836] zeroing residuals...
  [J1832-0836] adding red noise...
  [J1832-0836] white noise for Rcvr1_2_GUPPI (4661 TOAs)...
  [J1832-0836] white noise for Rcvr_800_GUPPI (3078 TOAs)...
  [J1843-1113] zeroing residuals...
  [J1843-1113] adding red noise...
  [J1843-1113] white noise for Rcvr1_2_GUPPI (2394 TOAs)...
  [J1843-1113] white noise for Rcvr_800_GUPPI (2201 TOAs)...
  [J1853+1303] zeroing residuals...
  [J1853+1303] adding red noise...
  [J1853+1303] white noise for 430_ASP (24 TOAs)...
  [J1853+1303] white noise for 430_PUPPI (1151 TOAs)...
  [J1853+1303] white noise for L-wide_ASP (33 TOAs)...
  [J1853+1303] white noise for L-wide_PUPPI (3362 TOAs)...
  [J1903+0327] zeroing residuals...
  [J1903+0327] adding red noise...
  [J1903+0327] white noise for L-wide_ASP (139 TOAs)...
  [J1903+0327] white noise for S-wide_PUPPI (2282 TOAs)...
  [J1903+0327] white noise for 3GHz_YUPPI (439 TOAs)...
  [J1903+0327] white noise for S-wide_ASP (151 TOAs)...
  [J1903+0327] white noise for L-wide_PUPPI (3845 TOAs)...
  [J1909-3744] zeroing residuals...
  [J1909-3744] adding red noise...
  [J1909-3744] white noise for Rcvr_800_GASP (866 TOAs)...
  [J1909-3744] white noise for Rcvr1_2_GUPPI (20439 TOAs)...
  [J1909-3744] white noise for 3GHz_YUPPI (3525 TOAs)...
  [J1909-3744] white noise for Rcvr1_2_GASP (808 TOAs)...
  [J1909-3744] white noise for Rcvr_800_GUPPI (9399 TOAs)...
  [J1910+1256] zeroing residuals...
  [J1910+1256] adding red noise...
  [J1910+1256] white noise for S-wide_PUPPI (1857 TOAs)...
  [J1910+1256] white noise for S-wide_ASP (208 TOAs)...
  [J1910+1256] white noise for L-wide_ASP (297 TOAs)...
  [J1910+1256] white noise for L-wide_PUPPI (4124 TOAs)...
  [J1911+1347] zeroing residuals...
  [J1911+1347] adding red noise...
  [J1911+1347] white noise for 430_PUPPI (753 TOAs)...
  [J1911+1347] white noise for L-wide_PUPPI (3033 TOAs)...
  [J1918-0642] zeroing residuals...
  [J1918-0642] adding red noise...
  [J1918-0642] white noise for Rcvr1_2_GASP (778 TOAs)...
  [J1918-0642] white noise for Rcvr_800_GASP (835 TOAs)...
  [J1918-0642] white noise for Rcvr_800_GUPPI (8352 TOAs)...
  [J1918-0642] white noise for Rcvr1_2_GUPPI (8910 TOAs)...
  [J1923+2515] zeroing residuals...
  [J1923+2515] adding red noise...
  [J1923+2515] white noise for 430_ASP (10 TOAs)...
  [J1923+2515] white noise for 430_PUPPI (922 TOAs)...
  [J1923+2515] white noise for L-wide_ASP (14 TOAs)...
  [J1923+2515] white noise for L-wide_PUPPI (3028 TOAs)...
  [J1944+0907] zeroing residuals...
  [J1944+0907] adding red noise...
  [J1944+0907] white noise for L-wide_ASP (257 TOAs)...
  [J1944+0907] white noise for L-wide_PUPPI (3900 TOAs)...
  [J1944+0907] white noise for S-wide_ASP (116 TOAs)...
  [J1944+0907] white noise for 430_ASP (38 TOAs)...
  [J1944+0907] white noise for 430_PUPPI (1017 TOAs)...
  [J1946+3417] zeroing residuals...
  [J1946+3417] adding red noise...
  [J1946+3417] white noise for S-wide_PUPPI (1546 TOAs)...
  [J1946+3417] white noise for L-wide_PUPPI (3197 TOAs)...
  [J2010-1323] zeroing residuals...
  [J2010-1323] adding red noise...
  [J2010-1323] white noise for Rcvr1_2_GASP (70 TOAs)...
  [J2010-1323] white noise for Rcvr_800_GASP (70 TOAs)...
  [J2010-1323] white noise for Rcvr_800_GUPPI (9158 TOAs)...
  [J2010-1323] white noise for Rcvr1_2_GUPPI (7779 TOAs)...
  [J2017+0603] zeroing residuals...
  [J2017+0603] adding red noise...
  [J2017+0603] white noise for S-wide_PUPPI (849 TOAs)...
  [J2017+0603] white noise for 430_PUPPI (78 TOAs)...
  [J2017+0603] white noise for L-wide_ASP (16 TOAs)...
  [J2017+0603] white noise for L-wide_PUPPI (2569 TOAs)...
  [J2033+1734] zeroing residuals...
  [J2033+1734] adding red noise...
  [J2033+1734] white noise for 430_PUPPI (797 TOAs)...
  [J2033+1734] white noise for L-wide_PUPPI (3050 TOAs)...
  [J2043+1711] zeroing residuals...
  [J2043+1711] adding red noise...
  [J2043+1711] white noise for 430_ASP (30 TOAs)...
  [J2043+1711] white noise for 430_PUPPI (2908 TOAs)...
  [J2043+1711] white noise for L-wide_ASP (40 TOAs)...
  [J2043+1711] white noise for L-wide_PUPPI (4419 TOAs)...
  [J2124-3358] zeroing residuals...
  [J2124-3358] adding red noise...
  [J2124-3358] white noise for Rcvr1_2_GUPPI (2957 TOAs)...
  [J2124-3358] white noise for Rcvr_800_GUPPI (2025 TOAs)...
  [J2145-0750] zeroing residuals...
  [J2145-0750] adding red noise...
  [J2145-0750] white noise for Rcvr1_2_GASP (427 TOAs)...
  [J2145-0750] white noise for Rcvr_800_GASP (362 TOAs)...
  [J2145-0750] white noise for Rcvr_800_GUPPI (8728 TOAs)...
  [J2145-0750] white noise for Rcvr1_2_GUPPI (9158 TOAs)...
  [J2214+3000] zeroing residuals...
  [J2214+3000] adding red noise...
  [J2214+3000] white noise for S-wide_PUPPI (1568 TOAs)...
  [J2214+3000] white noise for L-wide_ASP (9 TOAs)...
  [J2214+3000] white noise for L-wide_PUPPI (5829 TOAs)...
  [J2229+2643] zeroing residuals...
  [J2229+2643] adding red noise...
  [J2229+2643] white noise for 430_PUPPI (956 TOAs)...
  [J2229+2643] white noise for L-wide_PUPPI (2755 TOAs)...
  [J2234+0611] zeroing residuals...
  [J2234+0611] adding red noise...
  [J2234+0611] white noise for 430_PUPPI (653 TOAs)...
  [J2234+0611] white noise for L-wide_PUPPI (2913 TOAs)...
  [J2234+0944] zeroing residuals...
  [J2234+0944] adding red noise...
  [J2234+0944] white noise for S-wide_PUPPI (2532 TOAs)...
  [J2234+0944] white noise for L-wide_PUPPI (5003 TOAs)...
  [J2302+4442] zeroing residuals...
  [J2302+4442] adding red noise...
  [J2302+4442] white noise for Rcvr1_2_GUPPI (3779 TOAs)...
  [J2302+4442] white noise for Rcvr_800_GUPPI (6432 TOAs)...
  [J2317+1439] zeroing residuals...
  [J2317+1439] adding red noise...
  [J2317+1439] white noise for L-wide_PUPPI (9563 TOAs)...
  [J2317+1439] white noise for 327_ASP (413 TOAs)...
  [J2317+1439] white noise for 430_ASP (458 TOAs)...
  [J2317+1439] white noise for 327_PUPPI (276 TOAs)...
  [J2317+1439] white noise for 430_PUPPI (3217 TOAs)...
  [J2322+2057] zeroing residuals...
  [J2322+2057] adding red noise...
  [J2322+2057] white noise for S-wide_PUPPI (140 TOAs)...
  [J2322+2057] white noise for 430_PUPPI (752 TOAs)...
  [J2322+2057] white noise for L-wide_PUPPI (2196 TOAs)...
Resetting pulsars to clean stoas...
Restore: 0.00 s
Inject: 0.00 s
Snapshotting into enterprise Pulsar objects...
Building PTA...
PTA build: 481.66 s
Computing optimal statistic...
OS time: 50.39 s
Total: 532.05 s
Noise-only SNR baseline: -1.7299

Generating SNR-consistent population...
Target SNR: 4.0
Resetting pulsars to clean stoas...
Restore: 0.00 s
Injecting population...
  B1855+09: RMS = 723.623 ns
  B1937+21: RMS = 1981.446 ns
  B1953+29: RMS = 2567.554 ns
  J0023+0923: RMS = 1073.900 ns
  J0030+0451: RMS = 1089.319 ns
  J0340+4130: RMS = 1141.819 ns
  J0406+3039: RMS = 2537.954 ns
  J0437-4715: RMS = 3269.806 ns
  J0509+0856: RMS = 1114.503 ns
  J0557+1551: RMS = 2011.506 ns
  J0605+3757: RMS = 994.209 ns
  J0610-2100: RMS = 517.545 ns
  J0613-0200: RMS = 2419.590 ns
  J0636+5128: RMS = 2553.017 ns
  J0645+5158: RMS = 3051.159 ns
  J0709+0458: RMS = 914.378 ns
  J0740+6620: RMS = 652.077 ns
  J0931-1902: RMS = 1035.493 ns
  J1012+5307: RMS = 2029.302 ns
  J1012-4235: RMS = 587.773 ns
  J1022+1001: RMS = 238.613 ns
  J1024-0719: RMS = 1272.006 ns
  J1125+7819: RMS = 1407.526 ns
  J1312+0051: RMS = 1075.971 ns
  J1453+1902: RMS = 1306.491 ns
  J1455-3330: RMS = 1965.136 ns
  J1600-3053: RMS = 3457.372 ns
  J1614-2230: RMS = 3910.055 ns
  J1630+3734: RMS = 1249.053 ns
  J1640+2224: RMS = 2655.016 ns
  J1643-1224: RMS = 3702.498 ns
  J1705-1903: RMS = 2632.655 ns
  J1713+0747: RMS = 3308.455 ns
  J1719-1438: RMS = 1318.408 ns
  J1730-2304: RMS = 1380.319 ns
  J1738+0333: RMS = 2903.274 ns
  J1741+1351: RMS = 2364.946 ns
  J1744-1134: RMS = 3123.864 ns
  J1745+1017: RMS = 2198.701 ns
  J1747-4036: RMS = 2009.662 ns
  J1751-2857: RMS = 1419.819 ns
  J1802-2124: RMS = 872.875 ns
  J1811-2405: RMS = 827.754 ns
  J1832-0836: RMS = 3143.329 ns
  J1843-1113: RMS = 709.398 ns
  J1853+1303: RMS = 510.817 ns
  J1903+0327: RMS = 1452.845 ns
  J1909-3744: RMS = 2008.941 ns
  J1910+1256: RMS = 454.618 ns
  J1911+1347: RMS = 642.807 ns
  J1918-0642: RMS = 1560.729 ns
  J1923+2515: RMS = 1569.180 ns
  J1944+0907: RMS = 1018.184 ns
  J1946+3417: RMS = 2189.879 ns
  J2010-1323: RMS = 2358.204 ns
  J2017+0603: RMS = 1672.787 ns
  J2033+1734: RMS = 1390.541 ns
  J2043+1711: RMS = 806.828 ns
  J2124-3358: RMS = 1346.904 ns
  J2145-0750: RMS = 2510.701 ns
  J2214+3000: RMS = 3597.264 ns
  J2229+2643: RMS = 2497.378 ns
  J2234+0611: RMS = 1214.037 ns
  J2234+0944: RMS = 1500.428 ns
  J2302+4442: RMS = 4675.227 ns
  J2317+1439: RMS = 1692.404 ns
  J2322+2057: RMS = 1277.949 ns
Inject: 0.93 s
Snapshotting into enterprise Pulsar objects...
Building PTA...
PTA build: 489.09 s
Computing optimal statistic...
OS time: 52.57 s
Total: 542.59 s
Initial SNR: -8.6877, Target SNR: 4.0000
  ✗ Initial SNR -8.6877 is non-positive, cannot scale distances.
✗ Simulation 1, trial 1 FAILED, retrying...

Generating SNR-consistent population...
Target SNR: 4.0
Resetting pulsars to clean stoas...
Restore: 0.00 s
Injecting population...
  B1855+09: RMS = 1742.071 ns
  B1937+21: RMS = 2242.106 ns
  B1953+29: RMS = 2409.467 ns
  J0023+0923: RMS = 1461.462 ns
  J0030+0451: RMS = 1836.627 ns
  J0340+4130: RMS = 1926.957 ns
  J0406+3039: RMS = 1916.282 ns
  J0437-4715: RMS = 3629.052 ns
  J0509+0856: RMS = 449.342 ns
  J0557+1551: RMS = 955.396 ns
  J0605+3757: RMS = 1393.618 ns
  J0610-2100: RMS = 1901.664 ns
  J0613-0200: RMS = 930.782 ns
  J0636+5128: RMS = 705.371 ns
  J0645+5158: RMS = 855.311 ns
  J0709+0458: RMS = 931.382 ns
  J0740+6620: RMS = 1040.713 ns
  J0931-1902: RMS = 576.442 ns
  J1012+5307: RMS = 4124.080 ns
  J1012-4235: RMS = 166.594 ns
  J1022+1001: RMS = 1205.862 ns
  J1024-0719: RMS = 1579.111 ns
  J1125+7819: RMS = 902.778 ns
  J1312+0051: RMS = 414.685 ns
  J1453+1902: RMS = 1311.061 ns
  J1455-3330: RMS = 1124.805 ns
  J1600-3053: RMS = 910.524 ns
  J1614-2230: RMS = 433.964 ns
  J1630+3734: RMS = 2906.108 ns
  J1640+2224: RMS = 3019.087 ns
  J1643-1224: RMS = 1219.996 ns
  J1705-1903: RMS = 364.776 ns
  J1713+0747: RMS = 3047.859 ns
  J1719-1438: RMS = 532.903 ns
  J1730-2304: RMS = 104.894 ns
  J1738+0333: RMS = 2661.237 ns
  J1741+1351: RMS = 3325.876 ns
  J1744-1134: RMS = 1347.038 ns
  J1745+1017: RMS = 1654.143 ns
  J1747-4036: RMS = 2170.710 ns
  J1751-2857: RMS = 858.334 ns
  J1802-2124: RMS = 653.183 ns
  J1811-2405: RMS = 765.441 ns
  J1832-0836: RMS = 1735.713 ns
  J1843-1113: RMS = 679.585 ns
  J1853+1303: RMS = 2186.679 ns
  J1903+0327: RMS = 969.890 ns
  J1909-3744: RMS = 3605.583 ns
  J1910+1256: RMS = 1903.206 ns
  J1911+1347: RMS = 1634.070 ns
  J1918-0642: RMS = 1793.077 ns
  J1923+2515: RMS = 2618.612 ns
  J1944+0907: RMS = 1667.768 ns
  J1946+3417: RMS = 2093.761 ns
  J2010-1323: RMS = 3578.670 ns
  J2017+0603: RMS = 2148.053 ns
  J2033+1734: RMS = 2108.247 ns
  J2043+1711: RMS = 693.785 ns
  J2124-3358: RMS = 2998.898 ns
  J2145-0750: RMS = 3326.498 ns
  J2214+3000: RMS = 1500.214 ns
  J2229+2643: RMS = 1237.160 ns
  J2234+0611: RMS = 386.822 ns
  J2234+0944: RMS = 588.518 ns
  J2302+4442: RMS = 1337.760 ns
  J2317+1439: RMS = 1258.250 ns
  J2322+2057: RMS = 947.732 ns
Inject: 0.91 s
Snapshotting into enterprise Pulsar objects...
Building PTA...
PTA build: 489.91 s
Computing optimal statistic...
OS time: 48.97 s
Total: 539.79 s
Initial SNR: 31.4922, Target SNR: 4.0000
  Initial SNR 31.4922 outside of provided SNR_range [3.5, 4.25] — rescaling.
Scaling distances by factor 2.4079 to achieve target SNR...
Resetting pulsars to clean stoas...
Restore: 0.00 s
Injecting population...
  B1855+09: RMS = 723.478 ns
  B1937+21: RMS = 931.142 ns
  B1953+29: RMS = 1000.647 ns
  J0023+0923: RMS = 606.942 ns
  J0030+0451: RMS = 762.747 ns
  J0340+4130: RMS = 800.261 ns
  J0406+3039: RMS = 795.828 ns
  J0437-4715: RMS = 1507.138 ns
  J0509+0856: RMS = 186.611 ns
  J0557+1551: RMS = 396.774 ns
  J0605+3757: RMS = 578.767 ns
  J0610-2100: RMS = 789.757 ns
  J0613-0200: RMS = 386.552 ns
  J0636+5128: RMS = 292.939 ns
  J0645+5158: RMS = 355.209 ns
  J0709+0458: RMS = 386.801 ns
  J0740+6620: RMS = 432.206 ns
  J0931-1902: RMS = 239.395 ns
  J1012+5307: RMS = 1712.722 ns
  J1012-4235: RMS = 69.186 ns
  J1022+1001: RMS = 500.792 ns
  J1024-0719: RMS = 655.802 ns
  J1125+7819: RMS = 374.922 ns
  J1312+0051: RMS = 172.218 ns
  J1453+1902: RMS = 544.481 ns
  J1455-3330: RMS = 467.129 ns
  J1600-3053: RMS = 378.139 ns
  J1614-2230: RMS = 180.224 ns
  J1630+3734: RMS = 1206.901 ns
  J1640+2224: RMS = 1253.821 ns
  J1643-1224: RMS = 506.662 ns
  J1705-1903: RMS = 151.491 ns
  J1713+0747: RMS = 1265.770 ns
  J1719-1438: RMS = 221.314 ns
  J1730-2304: RMS = 43.562 ns
  J1738+0333: RMS = 1105.206 ns
  J1741+1351: RMS = 1381.230 ns
  J1744-1134: RMS = 559.422 ns
  J1745+1017: RMS = 686.962 ns
  J1747-4036: RMS = 901.492 ns
  J1751-2857: RMS = 356.465 ns
  J1802-2124: RMS = 271.266 ns
  J1811-2405: RMS = 317.886 ns
  J1832-0836: RMS = 720.838 ns
  J1843-1113: RMS = 282.230 ns
  J1853+1303: RMS = 908.123 ns
  J1903+0327: RMS = 402.794 ns
  J1909-3744: RMS = 1497.391 ns
  J1910+1256: RMS = 790.398 ns
  J1911+1347: RMS = 678.626 ns
  J1918-0642: RMS = 744.661 ns
  J1923+2515: RMS = 1087.504 ns
  J1944+0907: RMS = 692.621 ns
  J1946+3417: RMS = 869.535 ns
  J2010-1323: RMS = 1486.214 ns
  J2017+0603: RMS = 892.082 ns
  J2033+1734: RMS = 875.551 ns
  J2043+1711: RMS = 288.128 ns
  J2124-3358: RMS = 1245.436 ns
  J2145-0750: RMS = 1381.488 ns
  J2214+3000: RMS = 623.036 ns
  J2229+2643: RMS = 513.790 ns
  J2234+0611: RMS = 160.646 ns
  J2234+0944: RMS = 244.410 ns
  J2302+4442: RMS = 555.569 ns
  J2317+1439: RMS = 522.549 ns
  J2322+2057: RMS = 393.591 ns
Inject: 0.94 s
Snapshotting into enterprise Pulsar objects...
Building PTA...
PTA build: 492.43 s
Computing optimal statistic...
OS time: 54.65 s
Total: 548.02 s
  SNR 3.0328 outside of provided SNR_range [3.5, 4.25] — rescaling.
[Iteration 1/4] SNR after scaling: 3.0328 (target: 4.0000)
  SNR history: it0→31.4922@1.0000x, it1→3.0328@2.4079x
  Re-scaling distances by factor 0.6444  (cumulative after: 1.5517×)
Resetting pulsars to clean stoas...
Restore: 19.41 s
Injecting population...
  B1855+09: RMS = 1122.653 ns
  B1937+21: RMS = 1444.894 ns
  B1953+29: RMS = 1552.748 ns
  J0023+0923: RMS = 941.819 ns
  J0030+0451: RMS = 1183.589 ns
  J0340+4130: RMS = 1241.801 ns
  J0406+3039: RMS = 1234.921 ns
  J0437-4715: RMS = 2338.693 ns
  J0509+0856: RMS = 289.572 ns
  J0557+1551: RMS = 615.692 ns
  J0605+3757: RMS = 898.098 ns
  J0610-2100: RMS = 1225.501 ns
  J0613-0200: RMS = 599.830 ns
  J0636+5128: RMS = 454.567 ns
  J0645+5158: RMS = 551.193 ns
  J0709+0458: RMS = 600.216 ns
  J0740+6620: RMS = 670.673 ns
  J0931-1902: RMS = 371.480 ns
  J1012+5307: RMS = 2657.706 ns
  J1012-4235: RMS = 107.359 ns
  J1022+1001: RMS = 777.101 ns
  J1024-0719: RMS = 1017.636 ns
  J1125+7819: RMS = 581.783 ns
  J1312+0051: RMS = 267.238 ns
  J1453+1902: RMS = 844.895 ns
  J1455-3330: RMS = 724.865 ns
  J1600-3053: RMS = 586.775 ns
  J1614-2230: RMS = 279.662 ns
  J1630+3734: RMS = 1872.801 ns
  J1640+2224: RMS = 1945.609 ns
  J1643-1224: RMS = 786.210 ns
  J1705-1903: RMS = 235.075 ns
  J1713+0747: RMS = 1964.151 ns
  J1719-1438: RMS = 343.422 ns
  J1730-2304: RMS = 67.598 ns
  J1738+0333: RMS = 1714.997 ns
  J1741+1351: RMS = 2143.315 ns
  J1744-1134: RMS = 868.080 ns
  J1745+1017: RMS = 1065.989 ns
  J1747-4036: RMS = 1398.884 ns
  J1751-2857: RMS = 553.142 ns
  J1802-2124: RMS = 420.935 ns
  J1811-2405: RMS = 493.278 ns
  J1832-0836: RMS = 1118.557 ns
  J1843-1113: RMS = 437.949 ns
  J1853+1303: RMS = 1409.175 ns
  J1903+0327: RMS = 625.033 ns
  J1909-3744: RMS = 2323.568 ns
  J1910+1256: RMS = 1226.495 ns
  J1911+1347: RMS = 1053.054 ns
  J1918-0642: RMS = 1155.524 ns
  J1923+2515: RMS = 1687.528 ns
  J1944+0907: RMS = 1074.770 ns
  J1946+3417: RMS = 1349.295 ns
  J2010-1323: RMS = 2306.224 ns
  J2017+0603: RMS = 1384.283 ns
  J2033+1734: RMS = 1358.631 ns
  J2043+1711: RMS = 447.100 ns
  J2124-3358: RMS = 1932.598 ns
  J2145-0750: RMS = 2143.716 ns
  J2214+3000: RMS = 966.792 ns
  J2229+2643: RMS = 797.271 ns
  J2234+0611: RMS = 249.282 ns
  J2234+0944: RMS = 379.262 ns
  J2302+4442: RMS = 862.101 ns
  J2317+1439: RMS = 810.862 ns
  J2322+2057: RMS = 610.753 ns
Inject: 1.07 s
Snapshotting into enterprise Pulsar objects...
Building PTA...
PTA build: 503.76 s
Computing optimal statistic...
OS time: 48.85 s
Total: 573.09 s
  SNR 11.1548 outside of provided SNR_range [3.5, 4.25] — rescaling.
[Iteration 2/4] SNR after scaling: 11.1548 (target: 4.0000)
  SNR history: it0→31.4922@1.0000x, it1→3.0328@2.4079x, it2→11.1548@1.5517x
  Re-scaling distances by factor 1.2457  (cumulative after: 1.9330×)
Resetting pulsars to clean stoas...
Restore: 0.01 s
Injecting population...
  B1855+09: RMS = 901.230 ns
  B1937+21: RMS = 1159.914 ns
  B1953+29: RMS = 1246.496 ns
  J0023+0923: RMS = 756.062 ns
  J0030+0451: RMS = 950.147 ns
  J0340+4130: RMS = 996.878 ns
  J0406+3039: RMS = 991.355 ns
  J0437-4715: RMS = 1877.427 ns
  J0509+0856: RMS = 232.459 ns
  J0557+1551: RMS = 494.258 ns
  J0605+3757: RMS = 720.964 ns
  J0610-2100: RMS = 983.793 ns
  J0613-0200: RMS = 481.524 ns
  J0636+5128: RMS = 364.912 ns
  J0645+5158: RMS = 442.480 ns
  J0709+0458: RMS = 481.834 ns
  J0740+6620: RMS = 538.395 ns
  J0931-1902: RMS = 298.212 ns
  J1012+5307: RMS = 2133.521 ns
  J1012-4235: RMS = 86.185 ns
  J1022+1001: RMS = 623.832 ns
  J1024-0719: RMS = 816.926 ns
  J1125+7819: RMS = 467.036 ns
  J1312+0051: RMS = 214.530 ns
  J1453+1902: RMS = 678.255 ns
  J1455-3330: RMS = 581.898 ns
  J1600-3053: RMS = 471.044 ns
  J1614-2230: RMS = 224.504 ns
  J1630+3734: RMS = 1503.425 ns
  J1640+2224: RMS = 1561.872 ns
  J1643-1224: RMS = 631.144 ns
  J1705-1903: RMS = 188.711 ns
  J1713+0747: RMS = 1576.757 ns
  J1719-1438: RMS = 275.688 ns
  J1730-2304: RMS = 54.265 ns
  J1738+0333: RMS = 1376.744 ns
  J1741+1351: RMS = 1720.584 ns
  J1744-1134: RMS = 696.867 ns
  J1745+1017: RMS = 855.742 ns
  J1747-4036: RMS = 1122.979 ns
  J1751-2857: RMS = 444.044 ns
  J1802-2124: RMS = 337.913 ns
  J1811-2405: RMS = 395.988 ns
  J1832-0836: RMS = 897.941 ns
  J1843-1113: RMS = 351.572 ns
  J1853+1303: RMS = 1131.240 ns
  J1903+0327: RMS = 501.756 ns
  J1909-3744: RMS = 1865.286 ns
  J1910+1256: RMS = 984.591 ns
  J1911+1347: RMS = 845.358 ns
  J1918-0642: RMS = 927.617 ns
  J1923+2515: RMS = 1354.693 ns
  J1944+0907: RMS = 862.791 ns
  J1946+3417: RMS = 1083.171 ns
  J2010-1323: RMS = 1851.363 ns
  J2017+0603: RMS = 1111.258 ns
  J2033+1734: RMS = 1090.665 ns
  J2043+1711: RMS = 358.918 ns
  J2124-3358: RMS = 1551.428 ns
  J2145-0750: RMS = 1720.906 ns
  J2214+3000: RMS = 776.110 ns
  J2229+2643: RMS = 640.023 ns
  J2234+0611: RMS = 200.115 ns
  J2234+0944: RMS = 304.459 ns
  J2302+4442: RMS = 692.067 ns
  J2317+1439: RMS = 650.934 ns
  J2322+2057: RMS = 490.293 ns
Inject: 0.95 s
Snapshotting into enterprise Pulsar objects...
Building PTA...
PTA build: 493.13 s
Computing optimal statistic...
OS time: 50.58 s
Total: 544.67 s
  SNR 6.1666 outside of provided SNR_range [3.5, 4.25] — rescaling.
[Iteration 3/4] SNR after scaling: 6.1666 (target: 4.0000)
  SNR history: it0→31.4922@1.0000x, it1→3.0328@2.4079x, it2→11.1548@1.5517x, it3→6.1666@1.9330x
  Re-scaling distances by factor 1.1161  (cumulative after: 2.1574×)
Resetting pulsars to clean stoas...
Restore: 0.01 s
Injecting population...
  B1855+09: RMS = 807.478 ns
  B1937+21: RMS = 1039.252 ns
  B1953+29: RMS = 1116.827 ns
  J0023+0923: RMS = 677.411 ns
  J0030+0451: RMS = 851.306 ns
  J0340+4130: RMS = 893.176 ns
  J0406+3039: RMS = 888.228 ns
  J0437-4715: RMS = 1682.124 ns
  J0509+0856: RMS = 208.277 ns
  J0557+1551: RMS = 442.842 ns
  J0605+3757: RMS = 645.965 ns
  J0610-2100: RMS = 881.452 ns
  J0613-0200: RMS = 431.433 ns
  J0636+5128: RMS = 326.951 ns
  J0645+5158: RMS = 396.450 ns
  J0709+0458: RMS = 431.710 ns
  J0740+6620: RMS = 482.387 ns
  J0931-1902: RMS = 267.190 ns
  J1012+5307: RMS = 1911.578 ns
  J1012-4235: RMS = 77.219 ns
  J1022+1001: RMS = 558.936 ns
  J1024-0719: RMS = 731.943 ns
  J1125+7819: RMS = 418.452 ns
  J1312+0051: RMS = 192.213 ns
  J1453+1902: RMS = 607.698 ns
  J1455-3330: RMS = 521.365 ns
  J1600-3053: RMS = 422.043 ns
  J1614-2230: RMS = 201.149 ns
  J1630+3734: RMS = 1347.028 ns
  J1640+2224: RMS = 1399.395 ns
  J1643-1224: RMS = 565.488 ns
  J1705-1903: RMS = 169.080 ns
  J1713+0747: RMS = 1412.732 ns
  J1719-1438: RMS = 247.009 ns
  J1730-2304: RMS = 48.620 ns
  J1738+0333: RMS = 1233.526 ns
  J1741+1351: RMS = 1541.597 ns
  J1744-1134: RMS = 624.374 ns
  J1745+1017: RMS = 766.722 ns
  J1747-4036: RMS = 1006.159 ns
  J1751-2857: RMS = 397.852 ns
  J1802-2124: RMS = 302.761 ns
  J1811-2405: RMS = 354.794 ns
  J1832-0836: RMS = 804.531 ns
  J1843-1113: RMS = 314.999 ns
  J1853+1303: RMS = 1013.561 ns
  J1903+0327: RMS = 449.560 ns
  J1909-3744: RMS = 1671.246 ns
  J1910+1256: RMS = 882.167 ns
  J1911+1347: RMS = 757.418 ns
  J1918-0642: RMS = 831.120 ns
  J1923+2515: RMS = 1213.769 ns
  J1944+0907: RMS = 773.038 ns
  J1946+3417: RMS = 970.492 ns
  J2010-1323: RMS = 1658.771 ns
  J2017+0603: RMS = 995.657 ns
  J2033+1734: RMS = 977.206 ns
  J2043+1711: RMS = 321.581 ns
  J2124-3358: RMS = 1390.038 ns
  J2145-0750: RMS = 1541.886 ns
  J2214+3000: RMS = 695.374 ns
  J2229+2643: RMS = 573.444 ns
  J2234+0611: RMS = 179.298 ns
  J2234+0944: RMS = 272.787 ns
  J2302+4442: RMS = 620.073 ns
  J2317+1439: RMS = 583.219 ns
  J2322+2057: RMS = 439.289 ns
Inject: 0.94 s
Snapshotting into enterprise Pulsar objects...
Building PTA...
PTA build: 586.40 s
Computing optimal statistic...
OS time: 49.57 s
Total: 636.92 s
  SNR 4.4191 outside of provided SNR_range [3.5, 4.25] — rescaling.
[Iteration 4/4] SNR after scaling: 4.4191 (target: 4.0000)
  SNR history: it0→31.4922@1.0000x, it1→3.0328@2.4079x, it2→11.1548@1.5517x, it3→6.1666@1.9330x, it4→4.4191@2.1574x

Final SNR history:
  it 0: cumulative_scale=1.0000×  SNR=31.4922
  it 1: cumulative_scale=2.4079×  SNR=3.0328
  it 2: cumulative_scale=1.5517×  SNR=11.1548
  it 3: cumulative_scale=1.9330×  SNR=6.1666
  it 4: cumulative_scale=2.1574×  SNR=4.4191
✓ Simulation 1 done (3389.0 s)

======================================================================
ENSEMBLE SUMMARY
======================================================================
Success rate: 100.0% (1/1)

Binaries per population:
  Mean ± std : 20000 ± 0
  Range      : [20000, 20000]

SNR achieved:
  Mean ± std : 4.4191 ± 0.0000
  Range      : [4.4191, 4.4191]

Total time: 3966.1 s (66.1 min)
======================================================================

💾 Saved: data/2026-04-29/realistic_run_246/consistent_population_realistic_targetSNR4.25_sims1.json
💾 Saved compressed pickle: data/2026-04-29/realistic_run_246/consistent_population_realistic_targetSNR4.25_sims1.pkl.gz

======================================================================
CONTINUOUS WAVE SNR ANALYSIS
======================================================================

--- Population 1 ---
Precomputation of phiinvs, TNTs, Ts, Nvecs, Sigmas took 0.04 seconds.
Total SNR computation for population took 387.29 seconds.
Top 50 CGW candidates:
   1. proxy_rank=  29  sky_w=1.50  f=7.21e-09 Hz  Mc=1.56e+10 Msun  h0=4.32e-15  SNR=6.557
   2. proxy_rank=  41  sky_w=1.50  f=9.40e-09 Hz  Mc=1.42e+10 Msun  h0=4.77e-15  SNR=5.030
   3. proxy_rank=   4  sky_w=0.58  f=4.01e-09 Hz  Mc=3.85e+10 Msun  h0=1.61e-14  SNR=4.755
   4. proxy_rank=   3  sky_w=1.16  f=3.33e-09 Hz  Mc=2.44e+10 Msun  h0=6.80e-15  SNR=4.538
   5. proxy_rank=  10  sky_w=1.19  f=5.01e-09 Hz  Mc=1.40e+10 Msun  h0=5.57e-15  SNR=4.415
   6. proxy_rank= 112  sky_w=1.03  f=8.29e-09 Hz  Mc=1.03e+10 Msun  h0=3.15e-15  SNR=4.330
   7. proxy_rank=   1  sky_w=1.17  f=3.08e-09 Hz  Mc=3.84e+10 Msun  h0=9.98e-15  SNR=3.838
   8. proxy_rank=  46  sky_w=0.81  f=4.60e-09 Hz  Mc=1.87e+10 Msun  h0=4.07e-15  SNR=3.743
   9. proxy_rank=  22  sky_w=1.58  f=5.93e-09 Hz  Mc=1.62e+10 Msun  h0=3.70e-15  SNR=3.549
  10. proxy_rank=  93  sky_w=1.59  f=7.66e-09 Hz  Mc=7.92e+09 Msun  h0=2.19e-15  SNR=3.367
  11. proxy_rank=  47  sky_w=0.82  f=4.32e-09 Hz  Mc=1.83e+10 Msun  h0=3.70e-15  SNR=3.331
  12. proxy_rank=  99  sky_w=0.65  f=5.77e-09 Hz  Mc=1.59e+10 Msun  h0=3.78e-15  SNR=3.314
  13. proxy_rank= 140  sky_w=0.68  f=6.88e-09 Hz  Mc=1.41e+10 Msun  h0=3.37e-15  SNR=3.240
  14. proxy_rank=   2  sky_w=1.17  f=2.11e-09 Hz  Mc=3.32e+10 Msun  h0=6.27e-15  SNR=2.997
  15. proxy_rank=  92  sky_w=1.22  f=6.52e-09 Hz  Mc=1.22e+10 Msun  h0=2.44e-15  SNR=2.670
  16. proxy_rank=   9  sky_w=1.44  f=3.79e-09 Hz  Mc=1.29e+10 Msun  h0=3.61e-15  SNR=2.516
  17. proxy_rank= 221  sky_w=1.62  f=7.92e-09 Hz  Mc=4.42e+09 Msun  h0=1.06e-15  SNR=2.326
  18. proxy_rank= 146  sky_w=0.76  f=5.76e-09 Hz  Mc=1.28e+10 Msun  h0=2.44e-15  SNR=2.175
  19. proxy_rank=  85  sky_w=0.70  f=4.48e-09 Hz  Mc=1.48e+10 Msun  h0=3.04e-15  SNR=2.136
  20. proxy_rank=  43  sky_w=1.15  f=3.63e-09 Hz  Mc=1.48e+10 Msun  h0=2.33e-15  SNR=2.090
  21. proxy_rank=  16  sky_w=0.63  f=2.73e-09 Hz  Mc=2.37e+10 Msun  h0=5.14e-15  SNR=1.984
  22. proxy_rank= 105  sky_w=1.48  f=4.67e-09 Hz  Mc=5.88e+09 Msun  h0=1.29e-15  SNR=1.799
  23. proxy_rank=   8  sky_w=1.30  f=2.49e-09 Hz  Mc=2.06e+10 Msun  h0=3.08e-15  SNR=1.677
  24. proxy_rank=  32  sky_w=1.18  f=3.86e-09 Hz  Mc=1.65e+10 Msun  h0=2.88e-15  SNR=1.622
  25. proxy_rank=   7  sky_w=1.49  f=3.30e-09 Hz  Mc=2.23e+10 Msun  h0=4.14e-15  SNR=1.558
  26. proxy_rank=  19  sky_w=1.58  f=2.71e-09 Hz  Mc=1.42e+10 Msun  h0=1.92e-15  SNR=1.545
  27. proxy_rank=   6  sky_w=1.17  f=2.28e-09 Hz  Mc=2.62e+10 Msun  h0=4.43e-15  SNR=1.543
  28. proxy_rank=  25  sky_w=1.42  f=2.90e-09 Hz  Mc=1.44e+10 Msun  h0=1.86e-15  SNR=1.531
  29. proxy_rank= 195  sky_w=1.20  f=5.16e-09 Hz  Mc=5.42e+09 Msun  h0=1.02e-15  SNR=1.457
  30. proxy_rank= 259  sky_w=1.08  f=7.10e-09 Hz  Mc=6.51e+09 Msun  h0=1.21e-15  SNR=1.364
  31. proxy_rank=  24  sky_w=1.43  f=2.69e-09 Hz  Mc=9.33e+09 Msun  h0=1.73e-15  SNR=1.351
  32. proxy_rank= 163  sky_w=1.34  f=4.82e-09 Hz  Mc=4.51e+09 Msun  h0=1.00e-15  SNR=1.343
  33. proxy_rank=  14  sky_w=0.77  f=2.24e-09 Hz  Mc=1.96e+10 Msun  h0=3.44e-15  SNR=1.320
  34. proxy_rank=  18  sky_w=1.43  f=2.71e-09 Hz  Mc=1.57e+10 Msun  h0=2.20e-15  SNR=1.266
  35. proxy_rank= 179  sky_w=1.36  f=5.17e-09 Hz  Mc=7.49e+09 Msun  h0=9.81e-16  SNR=1.241
  36. proxy_rank=   5  sky_w=1.44  f=2.16e-09 Hz  Mc=2.38e+10 Msun  h0=3.48e-15  SNR=1.205
  37. proxy_rank= 164  sky_w=0.90  f=5.14e-09 Hz  Mc=1.05e+10 Msun  h0=1.59e-15  SNR=1.201
  38. proxy_rank=  13  sky_w=1.46  f=2.62e-09 Hz  Mc=1.64e+10 Msun  h0=2.15e-15  SNR=1.195
  39. proxy_rank= 626  sky_w=1.19  f=1.28e-08 Hz  Mc=3.82e+09 Msun  h0=6.64e-16  SNR=1.168
  40. proxy_rank=  20  sky_w=1.45  f=2.23e-09 Hz  Mc=1.43e+10 Msun  h0=1.73e-15  SNR=1.147
  41. proxy_rank=  15  sky_w=1.09  f=3.14e-09 Hz  Mc=1.47e+10 Msun  h0=3.42e-15  SNR=1.140
  42. proxy_rank=  33  sky_w=1.28  f=2.74e-09 Hz  Mc=1.29e+10 Msun  h0=1.82e-15  SNR=1.131
  43. proxy_rank=  53  sky_w=1.21  f=3.04e-09 Hz  Mc=1.33e+10 Msun  h0=1.67e-15  SNR=1.128
  44. proxy_rank= 108  sky_w=1.07  f=4.16e-09 Hz  Mc=1.10e+10 Msun  h0=1.57e-15  SNR=1.048
  45. proxy_rank= 161  sky_w=1.41  f=7.99e-09 Hz  Mc=6.85e+09 Msun  h0=1.60e-15  SNR=1.047
  46. proxy_rank=  60  sky_w=0.65  f=2.88e-09 Hz  Mc=1.57e+10 Msun  h0=2.72e-15  SNR=1.045
  47. proxy_rank= 554  sky_w=1.18  f=1.01e-08 Hz  Mc=4.35e+09 Msun  h0=6.28e-16  SNR=1.001
  48. proxy_rank=  87  sky_w=1.14  f=3.61e-09 Hz  Mc=1.08e+10 Msun  h0=1.50e-15  SNR=0.991
  49. proxy_rank= 349  sky_w=1.40  f=6.91e-09 Hz  Mc=5.16e+09 Msun  h0=6.75e-16  SNR=0.967
  50. proxy_rank= 114  sky_w=1.26  f=3.35e-09 Hz  Mc=8.64e+09 Msun  h0=1.02e-15  SNR=0.934
💾 Saved: data/2026-04-29/realistic_run_246/consistent_population_realistic_targetSNR4.25_sims1.json
💾 Saved compressed pickle: data/2026-04-29/realistic_run_246/consistent_population_realistic_targetSNR4.25_sims1.pkl.gz
Saved to figures/cgw_analysis_realistic.pdf

======================================================================
ANALYSIS COMPLETE
Results saved to: data/2026-04-29/realistic_run_246
======================================================================

==========================================
Job finished at: Wed Apr 29 15:07:16 AEST 2026
Exit code: 0
==========================================

+------------------ Job Report: 11738922 (COMPLETED) ------------------+
| Memory (RAM)  [####################] 103.0% (33 GB peak / 32 GB)     |
| CPU           [################    ] 82.0% average                   |
| Time          [------------------> ] 94.0% (0-01:15:11 / 0-01:20:00) |
|                                                                      |
| Lustre Filesystem:                                                   |
|   Path    Total Read    Total Write    Total IOPS                    |
|   ------  ------------  -------------  ------------                  |
|   /apps   0 B           0 B            96                            |
|   /fred   18.9 MB       6.4 MB         127                           |
|   /home   305.7 MB      0 B            2.8 K                         |
|   OS      0 B           0 B            2                             |
+----------------------------------------------------------------------+
