==========================================
Job ID: 11740158
Job Name: smbhb_realistic
Node: dave305
Start Time: Wed Apr 29 14:13:16 AEST 2026
==========================================

/home/bhoulden/.conda/envs/smbhb312/share/tempo2
Working directory: /fred/oz005/users/bhoulden/SMBHB_population_injections

Loaded modules:

Starting SMBHB analysis...
==========================================

📁 Save directory: data/2026-04-29/realistic_run_297
📝 Run name: realistic_run_297

[MEM] Start: 244.2 MB

📡 Loading pulsars...
======================================================================
LOADING NANOGRAV PULSARS (libstempo)
======================================================================

📦 Loading from cache: nanograv_pulsars_cache.pkl
⚠ Cache load failed: Ran out of input
[DEBUG] Found 76 .par files
[tempo2Util.C:396] Warning: [MISC1] Unknown parameter in par file:  DMDATA
[tempo2Util.C:401] Warning: [DUP1] duplicated warnings have been suppressed.

WARNING: Using tempo RNAMP parameter: setting TNRedC to 100!
[observatory.C:271] Warning: Assuming site 'arecibo' means 'ao'
✓ Loaded B1855+09 (7758 TOAs)

WARNING: Using tempo RNAMP parameter: setting TNRedC to 100!
✓ Loaded B1937+21 (23023 TOAs)

WARNING: Using tempo RNAMP parameter: setting TNRedC to 100!
✓ Loaded B1937+21ao (7241 TOAs)

WARNING: Using tempo RNAMP parameter: setting TNRedC to 100!
✓ Loaded B1937+21gbt (16048 TOAs)

WARNING: Using tempo RNAMP parameter: setting TNRedC to 100!
✓ Loaded B1953+29 (5126 TOAs)
✓ Loaded J0023+0923 (15896 TOAs)

WARNING: Using tempo RNAMP parameter: setting TNRedC to 100!
✓ Loaded J0030+0451 (19571 TOAs)
✓ Loaded J0340+4130 (11093 TOAs)
✓ Loaded J0406+3039 (2446 TOAs)

WARNING: Using tempo RNAMP parameter: setting TNRedC to 100!
✓ Loaded J0437-4715 (5830 TOAs)
✓ Loaded J0509+0856 (2169 TOAs)
✓ Loaded J0557+1551 (525 TOAs)
✓ Loaded J0605+3757 (554 TOAs)

WARNING: Using tempo RNAMP parameter: setting TNRedC to 100!
✓ Loaded J0610-2100 (4885 TOAs)

WARNING: Using tempo RNAMP parameter: setting TNRedC to 100!
✓ Loaded J0613-0200 (17124 TOAs)
✓ Loaded J0614-3329 (1714 TOAs)
✓ Loaded J0636+5128 (32222 TOAs)
✓ Loaded J0645+5158 (10403 TOAs)
✓ Loaded J0709+0458 (3030 TOAs)
✓ Loaded J0740+6620 (13401 TOAs)
✓ Loaded J0931-1902 (5473 TOAs)

WARNING: Using tempo RNAMP parameter: setting TNRedC to 100!
✓ Loaded J1012+5307 (25837 TOAs)
✓ Loaded J1012-4235 (797 TOAs)
✓ Loaded J1022+1001 (3978 TOAs)
✓ Loaded J1024-0719 (12635 TOAs)
✓ Loaded J1125+7819 (8723 TOAs)
✓ Loaded J1312+0051 (1705 TOAs)
✓ Loaded J1453+1902 (2551 TOAs)
✓ Loaded J1455-3330 (10818 TOAs)

WARNING: Using tempo RNAMP parameter: setting TNRedC to 100!
✓ Loaded J1600-3053 (22955 TOAs)

WARNING: Using tempo RNAMP parameter: setting TNRedC to 100!
✓ Loaded J1600-3053gbt (19725 TOAs)

WARNING: Using tempo RNAMP parameter: setting TNRedC to 100!
✓ Loaded J1614-2230 (18445 TOAs)
✓ Loaded J1630+3734 (1815 TOAs)
✓ Loaded J1640+2224 (14066 TOAs)

WARNING: Using tempo RNAMP parameter: setting TNRedC to 100!
✓ Loaded J1643-1224 (22144 TOAs)

WARNING: Using tempo RNAMP parameter: setting TNRedC to 100!
✓ Loaded J1643-1224gbt (17932 TOAs)

WARNING: Using tempo RNAMP parameter: setting TNRedC to 100!
✓ Loaded J1705-1903 (9871 TOAs)

WARNING: Using tempo RNAMP parameter: setting TNRedC to 100!
✓ Loaded J1713+0747 (59389 TOAs)

WARNING: Using tempo RNAMP parameter: setting TNRedC to 100!
✓ Loaded J1713+0747ao (21362 TOAs)

WARNING: Using tempo RNAMP parameter: setting TNRedC to 100!
✓ Loaded J1713+0747gbt (32963 TOAs)
✓ Loaded J1719-1438 (6356 TOAs)
✓ Loaded J1730-2304 (4870 TOAs)
✓ Loaded J1738+0333 (8790 TOAs)
✓ Loaded J1741+1351 (5582 TOAs)

WARNING: Using tempo RNAMP parameter: setting TNRedC to 100!
✓ Loaded J1744-1134 (17745 TOAs)

WARNING: Using tempo RNAMP parameter: setting TNRedC to 100!
✓ Loaded J1745+1017 (3017 TOAs)

WARNING: Using tempo RNAMP parameter: setting TNRedC to 100!
✓ Loaded J1747-4036 (11055 TOAs)
✓ Loaded J1751-2857 (2025 TOAs)

WARNING: Using tempo RNAMP parameter: setting TNRedC to 100!
✓ Loaded J1802-2124 (6796 TOAs)
✓ Loaded J1811-2405 (5266 TOAs)
✓ Loaded J1832-0836 (7739 TOAs)
✓ Loaded J1843-1113 (4595 TOAs)

WARNING: Using tempo RNAMP parameter: setting TNRedC to 100!
✓ Loaded J1853+1303 (4570 TOAs)

WARNING: Using tempo RNAMP parameter: setting TNRedC to 100!
✓ Loaded J1903+0327 (6856 TOAs)

WARNING: Using tempo RNAMP parameter: setting TNRedC to 100!
✓ Loaded J1903+0327ao (6423 TOAs)

WARNING: Using tempo RNAMP parameter: setting TNRedC to 100!
✓ Loaded J1909-3744 (35037 TOAs)

WARNING: Using tempo RNAMP parameter: setting TNRedC to 100!
✓ Loaded J1909-3744gbt (31526 TOAs)
✓ Loaded J1910+1256 (6486 TOAs)
✓ Loaded J1911+1347 (3786 TOAs)
✓ Loaded J1918-0642 (18875 TOAs)
✓ Loaded J1923+2515 (3974 TOAs)
✓ Loaded J1944+0907 (5328 TOAs)

WARNING: Using tempo RNAMP parameter: setting TNRedC to 100!
✓ Loaded J1946+3417 (4743 TOAs)
✓ Loaded J2010-1323 (17077 TOAs)
✓ Loaded J2017+0603 (3512 TOAs)
✓ Loaded J2033+1734 (3847 TOAs)
✓ Loaded J2043+1711 (7397 TOAs)
✓ Loaded J2124-3358 (4982 TOAs)

WARNING: Using tempo RNAMP parameter: setting TNRedC to 100!
✓ Loaded J2145-0750 (18675 TOAs)
✓ Loaded J2214+3000 (7406 TOAs)
✓ Loaded J2229+2643 (3711 TOAs)

WARNING: Using tempo RNAMP parameter: setting TNRedC to 100!
✓ Loaded J2234+0611 (3566 TOAs)
✓ Loaded J2234+0944 (7535 TOAs)
✓ Loaded J2302+4442 (10211 TOAs)
✓ Loaded J2317+1439 (13927 TOAs)
✓ Loaded J2322+2057 (3088 TOAs)
⚠ Could not save cache: no default __reduce__ due to non-trivial __cinit__

✓ Loaded 76 pulsars
✗ Failed: 0 — []
[MEM] After loading pulsars: 8879.7 MB

🔍 Filtering pulsars...

Filtered: 76 → 67 pulsars
[MEM] After filtering pulsars: 8882.4 MB
[MEM] After garbage collection: 8882.5 MB

======================================================================
SMBHB POPULATION ANALYSIS
======================================================================

Configuration: realistic
  Medium mass, medium spread in distance, medium population
  N_binaries: 20000

======================================================================
CONSISTENT POPULATION SYNTHESIS
======================================================================

======================================================================
GENERATING SNR-CONSISTENT POPULATIONS
======================================================================
Target SNR:          4.0
Simulations:         1
======================================================================


──────────────────────────────────────────────────────────────────────
SIMULATION 1/1
──────────────────────────────────────────────────────────────────────
  [B1855+09] zeroing residuals...
  [B1855+09] adding red noise...
  [B1855+09] white noise for 430_PUPPI (1185 TOAs)...
  [B1855+09] white noise for L-wide_ASP (1178 TOAs)...
  [B1855+09] white noise for L-wide_PUPPI (5005 TOAs)...
  [B1855+09] white noise for 430_ASP (390 TOAs)...
  [B1937+21] zeroing residuals...
  [B1937+21] adding red noise...
  [B1937+21] white noise for Rcvr1_2_GUPPI (7048 TOAs)...
  [B1937+21] white noise for L-wide_ASP (452 TOAs)...
  [B1937+21] white noise for Rcvr1_2_GASP (1069 TOAs)...
  [B1937+21] white noise for L-wide_PUPPI (4133 TOAs)...
  [B1937+21] white noise for Rcvr_800_GASP (586 TOAs)...
  [B1937+21] white noise for S-wide_PUPPI (2251 TOAs)...
  [B1937+21] white noise for S-wide_ASP (344 TOAs)...
  [B1937+21] white noise for Rcvr_800_GUPPI (7140 TOAs)...
  [B1953+29] zeroing residuals...
  [B1953+29] adding red noise...
  [B1953+29] white noise for L-wide_ASP (94 TOAs)...
  [B1953+29] white noise for L-wide_PUPPI (4037 TOAs)...
  [B1953+29] white noise for 430_ASP (29 TOAs)...
  [B1953+29] white noise for S-wide_ASP (25 TOAs)...
  [B1953+29] white noise for 430_PUPPI (941 TOAs)...
  [J0023+0923] zeroing residuals...
  [J0023+0923] adding red noise...
  [J0023+0923] white noise for 430_PUPPI (4564 TOAs)...
  [J0023+0923] white noise for L-wide_ASP (119 TOAs)...
  [J0023+0923] white noise for L-wide_PUPPI (11123 TOAs)...
  [J0023+0923] white noise for 430_ASP (90 TOAs)...
  [J0030+0451] zeroing residuals...
  [J0030+0451] adding red noise...
  [J0030+0451] white noise for L-wide_ASP (789 TOAs)...
  [J0030+0451] white noise for L-wide_PUPPI (12774 TOAs)...
  [J0030+0451] white noise for S-wide_PUPPI (2673 TOAs)...
  [J0030+0451] white noise for 430_ASP (267 TOAs)...
  [J0030+0451] white noise for 430_PUPPI (3068 TOAs)...
  [J0340+4130] zeroing residuals...
  [J0340+4130] adding red noise...
  [J0340+4130] white noise for Rcvr1_2_GUPPI (5037 TOAs)...
  [J0340+4130] white noise for Rcvr_800_GUPPI (6056 TOAs)...
  [J0406+3039] zeroing residuals...
  [J0406+3039] adding red noise...
  [J0406+3039] white noise for S-wide_PUPPI (575 TOAs)...
  [J0406+3039] white noise for L-wide_PUPPI (1871 TOAs)...
  [J0437-4715] zeroing residuals...
  [J0437-4715] adding red noise...
  [J0437-4715] white noise for 1.5GHz_YUPPI (2134 TOAs)...
  [J0437-4715] white noise for 3GHz_YUPPI (3696 TOAs)...
  [J0509+0856] zeroing residuals...
  [J0509+0856] adding red noise...
  [J0509+0856] white noise for S-wide_PUPPI (544 TOAs)...
  [J0509+0856] white noise for L-wide_PUPPI (1625 TOAs)...
  [J0557+1551] zeroing residuals...
  [J0557+1551] adding red noise...
  [J0557+1551] white noise for S-wide_PUPPI (58 TOAs)...
  [J0557+1551] white noise for L-wide_PUPPI (467 TOAs)...
  [J0605+3757] zeroing residuals...
  [J0605+3757] adding red noise...
  [J0605+3757] white noise for Rcvr1_2_GUPPI (318 TOAs)...
  [J0605+3757] white noise for Rcvr_800_GUPPI (236 TOAs)...
  [J0610-2100] zeroing residuals...
  [J0610-2100] adding red noise...
  [J0610-2100] white noise for Rcvr1_2_GUPPI (2401 TOAs)...
  [J0610-2100] white noise for Rcvr_800_GUPPI (2484 TOAs)...
  [J0613-0200] zeroing residuals...
  [J0613-0200] adding red noise...
  [J0613-0200] white noise for Rcvr1_2_GUPPI (7423 TOAs)...
  [J0613-0200] white noise for Rcvr_800_GASP (809 TOAs)...
  [J0613-0200] white noise for Rcvr_800_GUPPI (7900 TOAs)...
  [J0613-0200] white noise for Rcvr1_2_GASP (992 TOAs)...
  [J0636+5128] zeroing residuals...
  [J0636+5128] adding red noise...
  [J0636+5128] white noise for Rcvr1_2_GUPPI (14803 TOAs)...
  [J0636+5128] white noise for Rcvr_800_GUPPI (17419 TOAs)...
  [J0645+5158] zeroing residuals...
  [J0645+5158] adding red noise...
  [J0645+5158] white noise for Rcvr1_2_GUPPI (5721 TOAs)...
  [J0645+5158] white noise for Rcvr_800_GUPPI (4682 TOAs)...
  [J0709+0458] zeroing residuals...
  [J0709+0458] adding red noise...
  [J0709+0458] white noise for S-wide_PUPPI (595 TOAs)...
  [J0709+0458] white noise for L-wide_PUPPI (2435 TOAs)...
  [J0740+6620] zeroing residuals...
  [J0740+6620] adding red noise...
  [J0740+6620] white noise for Rcvr1_2_GUPPI (8265 TOAs)...
  [J0740+6620] white noise for Rcvr_800_GUPPI (5136 TOAs)...
  [J0931-1902] zeroing residuals...
  [J0931-1902] adding red noise...
  [J0931-1902] white noise for Rcvr1_2_GUPPI (2054 TOAs)...
  [J0931-1902] white noise for Rcvr_800_GUPPI (3419 TOAs)...
  [J1012+5307] zeroing residuals...
  [J1012+5307] adding red noise...
  [J1012+5307] white noise for Rcvr1_2_GUPPI (12849 TOAs)...
  [J1012+5307] white noise for Rcvr_800_GASP (1210 TOAs)...
  [J1012+5307] white noise for Rcvr_800_GUPPI (10299 TOAs)...
  [J1012+5307] white noise for Rcvr1_2_GASP (1479 TOAs)...
  [J1012-4235] zeroing residuals...
  [J1012-4235] adding red noise...
  [J1012-4235] white noise for Rcvr1_2_GUPPI (455 TOAs)...
  [J1012-4235] white noise for Rcvr_800_GUPPI (342 TOAs)...
  [J1022+1001] zeroing residuals...
  [J1022+1001] adding red noise...
  [J1022+1001] white noise for S-wide_PUPPI (1154 TOAs)...
  [J1022+1001] white noise for 430_PUPPI (232 TOAs)...
  [J1022+1001] white noise for L-wide_PUPPI (2592 TOAs)...
  [J1024-0719] zeroing residuals...
  [J1024-0719] adding red noise...
  [J1024-0719] white noise for Rcvr1_2_GUPPI (7086 TOAs)...
  [J1024-0719] white noise for Rcvr_800_GASP (51 TOAs)...
  [J1024-0719] white noise for Rcvr_800_GUPPI (5455 TOAs)...
  [J1024-0719] white noise for Rcvr1_2_GASP (43 TOAs)...
  [J1125+7819] zeroing residuals...
  [J1125+7819] adding red noise...
  [J1125+7819] white noise for Rcvr1_2_GUPPI (4016 TOAs)...
  [J1125+7819] white noise for Rcvr_800_GUPPI (4707 TOAs)...
  [J1312+0051] zeroing residuals...
  [J1312+0051] adding red noise...
  [J1312+0051] white noise for S-wide_PUPPI (416 TOAs)...
  [J1312+0051] white noise for L-wide_PUPPI (1289 TOAs)...
  [J1453+1902] zeroing residuals...
  [J1453+1902] adding red noise...
  [J1453+1902] white noise for S-wide_PUPPI (4 TOAs)...
  [J1453+1902] white noise for 430_PUPPI (425 TOAs)...
  [J1453+1902] white noise for L-wide_PUPPI (2122 TOAs)...
  [J1455-3330] zeroing residuals...
  [J1455-3330] adding red noise...
  [J1455-3330] white noise for Rcvr1_2_GUPPI (4932 TOAs)...
  [J1455-3330] white noise for Rcvr_800_GASP (479 TOAs)...
  [J1455-3330] white noise for Rcvr_800_GUPPI (4843 TOAs)...
  [J1455-3330] white noise for Rcvr1_2_GASP (564 TOAs)...
  [J1600-3053] zeroing residuals...
  [J1600-3053] adding red noise...
  [J1600-3053] white noise for Rcvr1_2_GUPPI (10168 TOAs)...
  [J1600-3053] white noise for Rcvr1_2_GASP (457 TOAs)...
  [J1600-3053] white noise for Rcvr_800_GASP (297 TOAs)...
  [J1600-3053] white noise for 3GHz_YUPPI (3237 TOAs)...
  [J1600-3053] white noise for Rcvr_800_GUPPI (8796 TOAs)...
  [J1614-2230] zeroing residuals...
  [J1614-2230] adding red noise...
  [J1614-2230] white noise for Rcvr1_2_GUPPI (10509 TOAs)...
  [J1614-2230] white noise for Rcvr_800_GASP (84 TOAs)...
  [J1614-2230] white noise for Rcvr_800_GUPPI (7768 TOAs)...
  [J1614-2230] white noise for Rcvr1_2_GASP (84 TOAs)...
  [J1630+3734] zeroing residuals...
  [J1630+3734] adding red noise...
  [J1630+3734] white noise for Rcvr1_2_GUPPI (909 TOAs)...
  [J1630+3734] white noise for Rcvr_800_GUPPI (906 TOAs)...
  [J1640+2224] zeroing residuals...
  [J1640+2224] adding red noise...
  [J1640+2224] white noise for 430_PUPPI (3157 TOAs)...
  [J1640+2224] white noise for L-wide_ASP (722 TOAs)...
  [J1640+2224] white noise for L-wide_PUPPI (9847 TOAs)...
  [J1640+2224] white noise for 430_ASP (340 TOAs)...
  [J1643-1224] zeroing residuals...
  [J1643-1224] adding red noise...
  [J1643-1224] white noise for Rcvr1_2_GUPPI (8803 TOAs)...
  [J1643-1224] white noise for Rcvr1_2_GASP (833 TOAs)...
  [J1643-1224] white noise for Rcvr_800_GASP (559 TOAs)...
  [J1643-1224] white noise for 3GHz_YUPPI (4215 TOAs)...
  [J1643-1224] white noise for Rcvr_800_GUPPI (7734 TOAs)...
  [J1705-1903] zeroing residuals...
  [J1705-1903] adding red noise...
  [J1705-1903] white noise for Rcvr1_2_GUPPI (6350 TOAs)...
  [J1705-1903] white noise for Rcvr_800_GUPPI (3521 TOAs)...
  [J1713+0747] zeroing residuals...
  [J1713+0747] adding red noise...
  [J1713+0747] white noise for Rcvr1_2_GUPPI (22334 TOAs)...
  [J1713+0747] white noise for L-wide_ASP (843 TOAs)...
  [J1713+0747] white noise for Rcvr1_2_GASP (1109 TOAs)...
  [J1713+0747] white noise for L-wide_PUPPI (12743 TOAs)...
  [J1713+0747] white noise for Rcvr_800_GASP (1032 TOAs)...
  [J1713+0747] white noise for 3GHz_YUPPI (3282 TOAs)...
  [J1713+0747] white noise for S-wide_PUPPI (7482 TOAs)...
  [J1713+0747] white noise for 1.5GHz_YUPPI (1461 TOAs)...
  [J1713+0747] white noise for S-wide_ASP (624 TOAs)...
  [J1713+0747] white noise for Rcvr_800_GUPPI (8479 TOAs)...
  [J1719-1438] zeroing residuals...
  [J1719-1438] adding red noise...
  [J1719-1438] white noise for Rcvr1_2_GUPPI (2722 TOAs)...
  [J1719-1438] white noise for Rcvr_800_GUPPI (3634 TOAs)...
  [J1730-2304] zeroing residuals...
  [J1730-2304] adding red noise...
  [J1730-2304] white noise for Rcvr1_2_GUPPI (2367 TOAs)...
  [J1730-2304] white noise for Rcvr_800_GUPPI (2503 TOAs)...
  [J1738+0333] zeroing residuals...
  [J1738+0333] adding red noise...
  [J1738+0333] white noise for S-wide_PUPPI (1737 TOAs)...
  [J1738+0333] white noise for L-wide_ASP (201 TOAs)...
  [J1738+0333] white noise for L-wide_PUPPI (6718 TOAs)...
  [J1738+0333] white noise for S-wide_ASP (134 TOAs)...
  [J1741+1351] zeroing residuals...
  [J1741+1351] adding red noise...
  [J1741+1351] white noise for L-wide_ASP (236 TOAs)...
  [J1741+1351] white noise for L-wide_PUPPI (4045 TOAs)...
  [J1741+1351] white noise for 430_ASP (27 TOAs)...
  [J1741+1351] white noise for S-wide_ASP (115 TOAs)...
  [J1741+1351] white noise for 430_PUPPI (1159 TOAs)...
  [J1744-1134] zeroing residuals...
  [J1744-1134] adding red noise...
  [J1744-1134] white noise for Rcvr1_2_GUPPI (8109 TOAs)...
  [J1744-1134] white noise for Rcvr_800_GASP (930 TOAs)...
  [J1744-1134] white noise for Rcvr_800_GUPPI (7899 TOAs)...
  [J1744-1134] white noise for Rcvr1_2_GASP (807 TOAs)...
  [J1745+1017] zeroing residuals...
  [J1745+1017] adding red noise...
  [J1745+1017] white noise for S-wide_PUPPI (838 TOAs)...
  [J1745+1017] white noise for L-wide_PUPPI (2179 TOAs)...
  [J1747-4036] zeroing residuals...
  [J1747-4036] adding red noise...
  [J1747-4036] white noise for Rcvr1_2_GUPPI (5239 TOAs)...
  [J1747-4036] white noise for Rcvr_800_GUPPI (5816 TOAs)...
  [J1751-2857] zeroing residuals...
  [J1751-2857] adding red noise...
  [J1751-2857] white noise for Rcvr1_2_GUPPI (1786 TOAs)...
  [J1751-2857] white noise for Rcvr_800_GUPPI (239 TOAs)...
  [J1802-2124] zeroing residuals...
  [J1802-2124] adding red noise...
  [J1802-2124] white noise for Rcvr1_2_GUPPI (3231 TOAs)...
  [J1802-2124] white noise for Rcvr_800_GUPPI (3565 TOAs)...
  [J1811-2405] zeroing residuals...
  [J1811-2405] adding red noise...
  [J1811-2405] white noise for Rcvr1_2_GUPPI (2638 TOAs)...
  [J1811-2405] white noise for Rcvr_800_GUPPI (2628 TOAs)...
  [J1832-0836] zeroing residuals...
  [J1832-0836] adding red noise...
  [J1832-0836] white noise for Rcvr1_2_GUPPI (4661 TOAs)...
  [J1832-0836] white noise for Rcvr_800_GUPPI (3078 TOAs)...
  [J1843-1113] zeroing residuals...
  [J1843-1113] adding red noise...
  [J1843-1113] white noise for Rcvr1_2_GUPPI (2394 TOAs)...
  [J1843-1113] white noise for Rcvr_800_GUPPI (2201 TOAs)...
  [J1853+1303] zeroing residuals...
  [J1853+1303] adding red noise...
  [J1853+1303] white noise for 430_PUPPI (1151 TOAs)...
  [J1853+1303] white noise for L-wide_ASP (33 TOAs)...
  [J1853+1303] white noise for L-wide_PUPPI (3362 TOAs)...
  [J1853+1303] white noise for 430_ASP (24 TOAs)...
  [J1903+0327] zeroing residuals...
  [J1903+0327] adding red noise...
  [J1903+0327] white noise for L-wide_ASP (139 TOAs)...
  [J1903+0327] white noise for L-wide_PUPPI (3845 TOAs)...
  [J1903+0327] white noise for 3GHz_YUPPI (439 TOAs)...
  [J1903+0327] white noise for S-wide_PUPPI (2282 TOAs)...
  [J1903+0327] white noise for S-wide_ASP (151 TOAs)...
  [J1909-3744] zeroing residuals...
  [J1909-3744] adding red noise...
  [J1909-3744] white noise for Rcvr1_2_GUPPI (20439 TOAs)...
  [J1909-3744] white noise for Rcvr1_2_GASP (808 TOAs)...
  [J1909-3744] white noise for Rcvr_800_GASP (866 TOAs)...
  [J1909-3744] white noise for 3GHz_YUPPI (3525 TOAs)...
  [J1909-3744] white noise for Rcvr_800_GUPPI (9399 TOAs)...
  [J1910+1256] zeroing residuals...
  [J1910+1256] adding red noise...
  [J1910+1256] white noise for S-wide_PUPPI (1857 TOAs)...
  [J1910+1256] white noise for L-wide_ASP (297 TOAs)...
  [J1910+1256] white noise for L-wide_PUPPI (4124 TOAs)...
  [J1910+1256] white noise for S-wide_ASP (208 TOAs)...
  [J1911+1347] zeroing residuals...
  [J1911+1347] adding red noise...
  [J1911+1347] white noise for 430_PUPPI (753 TOAs)...
  [J1911+1347] white noise for L-wide_PUPPI (3033 TOAs)...
  [J1918-0642] zeroing residuals...
  [J1918-0642] adding red noise...
  [J1918-0642] white noise for Rcvr1_2_GUPPI (8910 TOAs)...
  [J1918-0642] white noise for Rcvr_800_GASP (835 TOAs)...
  [J1918-0642] white noise for Rcvr_800_GUPPI (8352 TOAs)...
  [J1918-0642] white noise for Rcvr1_2_GASP (778 TOAs)...
  [J1923+2515] zeroing residuals...
  [J1923+2515] adding red noise...
  [J1923+2515] white noise for 430_PUPPI (922 TOAs)...
  [J1923+2515] white noise for L-wide_ASP (14 TOAs)...
  [J1923+2515] white noise for L-wide_PUPPI (3028 TOAs)...
  [J1923+2515] white noise for 430_ASP (10 TOAs)...
  [J1944+0907] zeroing residuals...
  [J1944+0907] adding red noise...
  [J1944+0907] white noise for L-wide_ASP (257 TOAs)...
  [J1944+0907] white noise for L-wide_PUPPI (3900 TOAs)...
  [J1944+0907] white noise for 430_ASP (38 TOAs)...
  [J1944+0907] white noise for S-wide_ASP (116 TOAs)...
  [J1944+0907] white noise for 430_PUPPI (1017 TOAs)...
  [J1946+3417] zeroing residuals...
  [J1946+3417] adding red noise...
  [J1946+3417] white noise for S-wide_PUPPI (1546 TOAs)...
  [J1946+3417] white noise for L-wide_PUPPI (3197 TOAs)...
  [J2010-1323] zeroing residuals...
  [J2010-1323] adding red noise...
  [J2010-1323] white noise for Rcvr1_2_GUPPI (7779 TOAs)...
  [J2010-1323] white noise for Rcvr_800_GASP (70 TOAs)...
  [J2010-1323] white noise for Rcvr_800_GUPPI (9158 TOAs)...
  [J2010-1323] white noise for Rcvr1_2_GASP (70 TOAs)...
  [J2017+0603] zeroing residuals...
  [J2017+0603] adding red noise...
  [J2017+0603] white noise for S-wide_PUPPI (849 TOAs)...
  [J2017+0603] white noise for 430_PUPPI (78 TOAs)...
  [J2017+0603] white noise for L-wide_ASP (16 TOAs)...
  [J2017+0603] white noise for L-wide_PUPPI (2569 TOAs)...
  [J2033+1734] zeroing residuals...
  [J2033+1734] adding red noise...
  [J2033+1734] white noise for 430_PUPPI (797 TOAs)...
  [J2033+1734] white noise for L-wide_PUPPI (3050 TOAs)...
  [J2043+1711] zeroing residuals...
  [J2043+1711] adding red noise...
  [J2043+1711] white noise for 430_PUPPI (2908 TOAs)...
  [J2043+1711] white noise for L-wide_ASP (40 TOAs)...
  [J2043+1711] white noise for L-wide_PUPPI (4419 TOAs)...
  [J2043+1711] white noise for 430_ASP (30 TOAs)...
  [J2124-3358] zeroing residuals...
  [J2124-3358] adding red noise...
  [J2124-3358] white noise for Rcvr1_2_GUPPI (2957 TOAs)...
  [J2124-3358] white noise for Rcvr_800_GUPPI (2025 TOAs)...
  [J2145-0750] zeroing residuals...
  [J2145-0750] adding red noise...
  [J2145-0750] white noise for Rcvr1_2_GUPPI (9158 TOAs)...
  [J2145-0750] white noise for Rcvr_800_GASP (362 TOAs)...
  [J2145-0750] white noise for Rcvr_800_GUPPI (8728 TOAs)...
  [J2145-0750] white noise for Rcvr1_2_GASP (427 TOAs)...
  [J2214+3000] zeroing residuals...
  [J2214+3000] adding red noise...
  [J2214+3000] white noise for S-wide_PUPPI (1568 TOAs)...
  [J2214+3000] white noise for L-wide_ASP (9 TOAs)...
  [J2214+3000] white noise for L-wide_PUPPI (5829 TOAs)...
  [J2229+2643] zeroing residuals...
  [J2229+2643] adding red noise...
  [J2229+2643] white noise for 430_PUPPI (956 TOAs)...
  [J2229+2643] white noise for L-wide_PUPPI (2755 TOAs)...
  [J2234+0611] zeroing residuals...
  [J2234+0611] adding red noise...
  [J2234+0611] white noise for 430_PUPPI (653 TOAs)...
  [J2234+0611] white noise for L-wide_PUPPI (2913 TOAs)...
  [J2234+0944] zeroing residuals...
  [J2234+0944] adding red noise...
  [J2234+0944] white noise for S-wide_PUPPI (2532 TOAs)...
  [J2234+0944] white noise for L-wide_PUPPI (5003 TOAs)...
  [J2302+4442] zeroing residuals...
  [J2302+4442] adding red noise...
  [J2302+4442] white noise for Rcvr1_2_GUPPI (3779 TOAs)...
  [J2302+4442] white noise for Rcvr_800_GUPPI (6432 TOAs)...
  [J2317+1439] zeroing residuals...
  [J2317+1439] adding red noise...
  [J2317+1439] white noise for L-wide_PUPPI (9563 TOAs)...
  [J2317+1439] white noise for 430_ASP (458 TOAs)...
  [J2317+1439] white noise for 327_PUPPI (276 TOAs)...
  [J2317+1439] white noise for 327_ASP (413 TOAs)...
  [J2317+1439] white noise for 430_PUPPI (3217 TOAs)...
  [J2322+2057] zeroing residuals...
  [J2322+2057] adding red noise...
  [J2322+2057] white noise for S-wide_PUPPI (140 TOAs)...
  [J2322+2057] white noise for 430_PUPPI (752 TOAs)...
  [J2322+2057] white noise for L-wide_PUPPI (2196 TOAs)...
Resetting pulsars to clean stoas...
Restore: 0.01 s
Inject: 0.00 s
Snapshotting into enterprise Pulsar objects...
Building PTA...
PTA build: 525.64 s
Computing optimal statistic...
OS time: 44.11 s
Total: 569.76 s
Noise-only SNR baseline: -0.6835

Generating SNR-consistent population...
Target SNR: 4.0
Resetting pulsars to clean stoas...
Restore: 0.00 s
Injecting population...
  B1855+09: RMS = 780.446 ns
  B1937+21: RMS = 1909.886 ns
  B1953+29: RMS = 1052.544 ns
  J0023+0923: RMS = 1259.002 ns
  J0030+0451: RMS = 915.324 ns
  J0340+4130: RMS = 944.716 ns
  J0406+3039: RMS = 1867.138 ns
  J0437-4715: RMS = 1692.631 ns
  J0509+0856: RMS = 1968.619 ns
  J0557+1551: RMS = 2036.204 ns
  J0605+3757: RMS = 450.296 ns
  J0610-2100: RMS = 985.558 ns
  J0613-0200: RMS = 2079.058 ns
  J0636+5128: RMS = 1365.765 ns
  J0645+5158: RMS = 1670.887 ns
  J0709+0458: RMS = 1045.030 ns
  J0740+6620: RMS = 2033.072 ns
  J0931-1902: RMS = 1279.015 ns
  J1012+5307: RMS = 1579.512 ns
  J1012-4235: RMS = 1548.812 ns
  J1022+1001: RMS = 625.837 ns
  J1024-0719: RMS = 1122.716 ns
  J1125+7819: RMS = 795.557 ns
  J1312+0051: RMS = 665.979 ns
  J1453+1902: RMS = 2450.564 ns
  J1455-3330: RMS = 853.039 ns
  J1600-3053: RMS = 572.175 ns
  J1614-2230: RMS = 636.964 ns
  J1630+3734: RMS = 1764.638 ns
  J1640+2224: RMS = 1269.921 ns
  J1643-1224: RMS = 1029.191 ns
  J1705-1903: RMS = 88.653 ns
  J1713+0747: RMS = 1126.020 ns
  J1719-1438: RMS = 76.634 ns
  J1730-2304: RMS = 300.080 ns
  J1738+0333: RMS = 693.172 ns
  J1741+1351: RMS = 891.090 ns
  J1744-1134: RMS = 547.621 ns
  J1745+1017: RMS = 1171.564 ns
  J1747-4036: RMS = 1394.076 ns
  J1751-2857: RMS = 693.579 ns
  J1802-2124: RMS = 344.848 ns
  J1811-2405: RMS = 385.774 ns
  J1832-0836: RMS = 345.356 ns
  J1843-1113: RMS = 56.102 ns
  J1853+1303: RMS = 649.392 ns
  J1903+0327: RMS = 1124.738 ns
  J1909-3744: RMS = 1594.367 ns
  J1910+1256: RMS = 1048.652 ns
  J1911+1347: RMS = 241.964 ns
  J1918-0642: RMS = 1198.819 ns
  J1923+2515: RMS = 1118.326 ns
  J1944+0907: RMS = 1150.174 ns
  J1946+3417: RMS = 1637.280 ns
  J2010-1323: RMS = 1779.900 ns
  J2017+0603: RMS = 1018.613 ns
  J2033+1734: RMS = 1656.277 ns
  J2043+1711: RMS = 977.139 ns
  J2124-3358: RMS = 360.045 ns
  J2145-0750: RMS = 1957.028 ns
  J2214+3000: RMS = 2462.306 ns
  J2229+2643: RMS = 1880.789 ns
  J2234+0611: RMS = 358.305 ns
  J2234+0944: RMS = 1310.908 ns
  J2302+4442: RMS = 1250.703 ns
  J2317+1439: RMS = 1917.259 ns
  J2322+2057: RMS = 1761.830 ns
Inject: 0.77 s
Snapshotting into enterprise Pulsar objects...
Building PTA...
PTA build: 536.12 s
Computing optimal statistic...
OS time: 43.64 s
Total: 580.53 s
Initial SNR: 6.2749, Target SNR: 4.0000
  Initial SNR 6.2749 outside of provided SNR_range [3.5, 4.25] — rescaling.
Scaling distances by factor 1.2189 to achieve target SNR...
Resetting pulsars to clean stoas...
Restore: 0.00 s
Injecting population...
  B1855+09: RMS = 640.284 ns
  B1937+21: RMS = 1566.885 ns
  B1953+29: RMS = 863.515 ns
  J0023+0923: RMS = 1032.895 ns
  J0030+0451: RMS = 750.939 ns
  J0340+4130: RMS = 775.053 ns
  J0406+3039: RMS = 1531.815 ns
  J0437-4715: RMS = 1388.647 ns
  J0509+0856: RMS = 1615.070 ns
  J0557+1551: RMS = 1670.517 ns
  J0605+3757: RMS = 369.426 ns
  J0610-2100: RMS = 808.559 ns
  J0613-0200: RMS = 1705.675 ns
  J0636+5128: RMS = 1120.484 ns
  J0645+5158: RMS = 1370.809 ns
  J0709+0458: RMS = 857.350 ns
  J0740+6620: RMS = 1667.948 ns
  J0931-1902: RMS = 1049.314 ns
  J1012+5307: RMS = 1295.844 ns
  J1012-4235: RMS = 1270.657 ns
  J1022+1001: RMS = 513.441 ns
  J1024-0719: RMS = 921.084 ns
  J1125+7819: RMS = 652.681 ns
  J1312+0051: RMS = 546.374 ns
  J1453+1902: RMS = 2010.461 ns
  J1455-3330: RMS = 699.840 ns
  J1600-3053: RMS = 469.416 ns
  J1614-2230: RMS = 522.570 ns
  J1630+3734: RMS = 1447.723 ns
  J1640+2224: RMS = 1041.853 ns
  J1643-1224: RMS = 844.356 ns
  J1705-1903: RMS = 72.732 ns
  J1713+0747: RMS = 923.795 ns
  J1719-1438: RMS = 62.871 ns
  J1730-2304: RMS = 246.188 ns
  J1738+0333: RMS = 568.684 ns
  J1741+1351: RMS = 731.057 ns
  J1744-1134: RMS = 449.272 ns
  J1745+1017: RMS = 961.160 ns
  J1747-4036: RMS = 1143.711 ns
  J1751-2857: RMS = 569.017 ns
  J1802-2124: RMS = 282.916 ns
  J1811-2405: RMS = 316.492 ns
  J1832-0836: RMS = 283.333 ns
  J1843-1113: RMS = 46.027 ns
  J1853+1303: RMS = 532.766 ns
  J1903+0327: RMS = 922.744 ns
  J1909-3744: RMS = 1308.031 ns
  J1910+1256: RMS = 860.322 ns
  J1911+1347: RMS = 198.509 ns
  J1918-0642: RMS = 983.521 ns
  J1923+2515: RMS = 917.483 ns
  J1944+0907: RMS = 943.612 ns
  J1946+3417: RMS = 1343.237 ns
  J2010-1323: RMS = 1460.243 ns
  J2017+0603: RMS = 835.678 ns
  J2033+1734: RMS = 1358.822 ns
  J2043+1711: RMS = 801.652 ns
  J2124-3358: RMS = 295.384 ns
  J2145-0750: RMS = 1605.560 ns
  J2214+3000: RMS = 2020.095 ns
  J2229+2643: RMS = 1543.013 ns
  J2234+0611: RMS = 293.956 ns
  J2234+0944: RMS = 1075.479 ns
  J2302+4442: RMS = 1026.086 ns
  J2317+1439: RMS = 1572.934 ns
  J2322+2057: RMS = 1445.419 ns
Inject: 0.76 s
Snapshotting into enterprise Pulsar objects...
Building PTA...
PTA build: 524.05 s
Computing optimal statistic...
OS time: 42.97 s
Total: 567.78 s
  ✓ SNR is within the provided SNR_range: 4.1278 ∈ [3.5, 4.25]

Final SNR history:
  it 0: cumulative_scale=1.0000×  SNR=6.2749
  it 1: cumulative_scale=1.2189×  SNR=4.1278
✓ Simulation 1 done (1149.7 s)

======================================================================
ENSEMBLE SUMMARY
======================================================================
Success rate: 100.0% (1/1)

Binaries per population:
  Mean ± std : 20000 ± 0
  Range      : [20000, 20000]

SNR achieved:
  Mean ± std : 4.1278 ± 0.0000
  Range      : [4.1278, 4.1278]

Total time: 1758.4 s (29.3 min)
======================================================================

💾 Saved: data/2026-04-29/realistic_run_297/consistent_population_realistic_targetSNR4.25_sims1.json
💾 Saved compressed pickle: data/2026-04-29/realistic_run_297/consistent_population_realistic_targetSNR4.25_sims1.pkl.gz

======================================================================
CONTINUOUS WAVE SNR ANALYSIS
======================================================================

--- Population 1 ---
Precomputation of phiinvs, TNTs, Ts, Nvecs, Sigmas took 0.03 seconds.
Total SNR computation for population took 368.18 seconds.
Top 50 CGW candidates:
   1. proxy_rank=  44  sky_w=1.13  f=6.88e-09 Hz  Mc=1.52e+10 Msun  h0=8.07e-15  SNR=9.636
   2. proxy_rank=  41  sky_w=1.51  f=7.89e-09 Hz  Mc=1.41e+10 Msun  h0=7.13e-15  SNR=9.502
   3. proxy_rank=  15  sky_w=1.54  f=4.67e-09 Hz  Mc=1.60e+10 Msun  h0=6.60e-15  SNR=8.034
   4. proxy_rank=   4  sky_w=1.31  f=3.75e-09 Hz  Mc=2.85e+10 Msun  h0=1.21e-14  SNR=7.936
   5. proxy_rank= 213  sky_w=1.27  f=1.20e-08 Hz  Mc=7.30e+09 Msun  h0=3.39e-15  SNR=6.537
   6. proxy_rank=  32  sky_w=1.24  f=4.72e-09 Hz  Mc=1.65e+10 Msun  h0=6.51e-15  SNR=6.137
   7. proxy_rank=   8  sky_w=1.62  f=3.92e-09 Hz  Mc=1.34e+10 Msun  h0=6.24e-15  SNR=6.021
   8. proxy_rank= 277  sky_w=1.22  f=1.69e-08 Hz  Mc=7.61e+09 Msun  h0=3.83e-15  SNR=5.811
   9. proxy_rank=  48  sky_w=1.44  f=5.14e-09 Hz  Mc=1.33e+10 Msun  h0=4.25e-15  SNR=5.398
  10. proxy_rank=  25  sky_w=0.87  f=3.68e-09 Hz  Mc=2.16e+10 Msun  h0=7.98e-15  SNR=5.137
  11. proxy_rank=  43  sky_w=1.59  f=4.04e-09 Hz  Mc=1.06e+10 Msun  h0=3.43e-15  SNR=4.664
  12. proxy_rank= 147  sky_w=1.24  f=6.55e-09 Hz  Mc=7.98e+09 Msun  h0=2.78e-15  SNR=4.612
  13. proxy_rank= 136  sky_w=1.48  f=6.64e-09 Hz  Mc=7.33e+09 Msun  h0=2.51e-15  SNR=4.347
  14. proxy_rank=   3  sky_w=1.39  f=2.79e-09 Hz  Mc=2.10e+10 Msun  h0=8.62e-15  SNR=4.219
  15. proxy_rank= 190  sky_w=0.59  f=9.37e-09 Hz  Mc=1.33e+10 Msun  h0=6.21e-15  SNR=4.144
  16. proxy_rank=  26  sky_w=1.00  f=5.06e-09 Hz  Mc=2.03e+10 Msun  h0=9.28e-15  SNR=3.550
  17. proxy_rank=  60  sky_w=0.68  f=3.71e-09 Hz  Mc=1.82e+10 Msun  h0=5.78e-15  SNR=3.415
  18. proxy_rank=   7  sky_w=1.61  f=2.15e-09 Hz  Mc=1.92e+10 Msun  h0=4.52e-15  SNR=2.994
  19. proxy_rank= 328  sky_w=0.76  f=1.03e-08 Hz  Mc=7.69e+09 Msun  h0=3.21e-15  SNR=2.882
  20. proxy_rank=  19  sky_w=1.22  f=2.61e-09 Hz  Mc=1.74e+10 Msun  h0=4.21e-15  SNR=2.872
  21. proxy_rank=   6  sky_w=0.69  f=2.02e-09 Hz  Mc=3.33e+10 Msun  h0=1.04e-14  SNR=2.808
  22. proxy_rank=  68  sky_w=1.10  f=6.13e-09 Hz  Mc=1.22e+10 Msun  h0=5.35e-15  SNR=2.651
  23. proxy_rank=  50  sky_w=0.84  f=3.35e-09 Hz  Mc=1.69e+10 Msun  h0=4.70e-15  SNR=2.565
  24. proxy_rank= 143  sky_w=1.27  f=6.64e-09 Hz  Mc=9.08e+09 Msun  h0=2.79e-15  SNR=2.438
  25. proxy_rank=   1  sky_w=1.60  f=2.18e-09 Hz  Mc=2.51e+10 Msun  h0=7.24e-15  SNR=2.423
  26. proxy_rank=  95  sky_w=1.03  f=3.88e-09 Hz  Mc=1.12e+10 Msun  h0=2.80e-15  SNR=2.417
  27. proxy_rank=  92  sky_w=1.38  f=3.72e-09 Hz  Mc=9.74e+09 Msun  h0=2.02e-15  SNR=2.331
  28. proxy_rank=  12  sky_w=1.10  f=2.67e-09 Hz  Mc=1.96e+10 Msun  h0=5.79e-15  SNR=2.327
  29. proxy_rank=   5  sky_w=1.51  f=2.01e-09 Hz  Mc=2.01e+10 Msun  h0=4.96e-15  SNR=2.304
  30. proxy_rank= 648  sky_w=1.25  f=1.33e-08 Hz  Mc=3.89e+09 Msun  h0=1.14e-15  SNR=2.272
  31. proxy_rank= 124  sky_w=1.28  f=6.05e-09 Hz  Mc=9.79e+09 Msun  h0=2.89e-15  SNR=2.259
  32. proxy_rank= 456  sky_w=0.76  f=1.69e-08 Hz  Mc=7.68e+09 Msun  h0=3.72e-15  SNR=2.222
  33. proxy_rank=  33  sky_w=0.77  f=3.21e-09 Hz  Mc=2.02e+10 Msun  h0=6.41e-15  SNR=2.192
  34. proxy_rank= 110  sky_w=1.39  f=5.40e-09 Hz  Mc=6.36e+09 Msun  h0=2.57e-15  SNR=2.178
  35. proxy_rank= 107  sky_w=1.51  f=5.97e-09 Hz  Mc=8.45e+09 Msun  h0=2.78e-15  SNR=2.076
  36. proxy_rank=  29  sky_w=1.19  f=2.74e-09 Hz  Mc=1.68e+10 Msun  h0=4.05e-15  SNR=2.016
  37. proxy_rank= 122  sky_w=0.90  f=4.86e-09 Hz  Mc=1.11e+10 Msun  h0=3.43e-15  SNR=1.982
  38. proxy_rank=  30  sky_w=1.62  f=2.30e-09 Hz  Mc=1.17e+10 Msun  h0=2.50e-15  SNR=1.902
  39. proxy_rank=  57  sky_w=0.75  f=3.35e-09 Hz  Mc=1.50e+10 Msun  h0=4.81e-15  SNR=1.895
  40. proxy_rank= 341  sky_w=0.80  f=7.56e-09 Hz  Mc=3.78e+09 Msun  h0=2.18e-15  SNR=1.894
  41. proxy_rank=  39  sky_w=0.88  f=2.55e-09 Hz  Mc=1.73e+10 Msun  h0=4.07e-15  SNR=1.892
  42. proxy_rank=  20  sky_w=1.54  f=2.27e-09 Hz  Mc=1.24e+10 Msun  h0=2.89e-15  SNR=1.853
  43. proxy_rank= 329  sky_w=1.50  f=6.35e-09 Hz  Mc=4.20e+09 Msun  h0=9.95e-16  SNR=1.851
  44. proxy_rank= 112  sky_w=1.13  f=3.62e-09 Hz  Mc=9.61e+09 Msun  h0=2.10e-15  SNR=1.845
  45. proxy_rank= 231  sky_w=0.60  f=5.24e-09 Hz  Mc=1.02e+10 Msun  h0=2.80e-15  SNR=1.803
  46. proxy_rank=  86  sky_w=0.83  f=3.43e-09 Hz  Mc=1.34e+10 Msun  h0=3.26e-15  SNR=1.780
  47. proxy_rank=  54  sky_w=1.08  f=2.67e-09 Hz  Mc=1.33e+10 Msun  h0=2.72e-15  SNR=1.769
  48. proxy_rank= 180  sky_w=1.22  f=7.27e-09 Hz  Mc=7.12e+09 Msun  h0=2.43e-15  SNR=1.763
  49. proxy_rank=  74  sky_w=0.81  f=2.93e-09 Hz  Mc=1.38e+10 Msun  h0=3.19e-15  SNR=1.692
  50. proxy_rank=  18  sky_w=0.78  f=2.02e-09 Hz  Mc=2.17e+10 Msun  h0=5.10e-15  SNR=1.665
💾 Saved: data/2026-04-29/realistic_run_297/consistent_population_realistic_targetSNR4.25_sims1.json
💾 Saved compressed pickle: data/2026-04-29/realistic_run_297/consistent_population_realistic_targetSNR4.25_sims1.pkl.gz
Saved to figures/cgw_analysis_realistic.pdf

======================================================================
ANALYSIS COMPLETE
Results saved to: data/2026-04-29/realistic_run_297
======================================================================

==========================================
Job finished at: Wed Apr 29 14:52:08 AEST 2026
Exit code: 0
==========================================

+------------------ Job Report: 11740158 (COMPLETED) ------------------+
| Memory (RAM)  [#################   ] 85.7% (27.4 GB peak / 32 GB)    |
| CPU           [##############      ] 72.3% average                   |
| Time          [--------->          ] 48.7% (0-00:38:57 / 0-01:20:00) |
|                                                                      |
| Lustre Filesystem:                                                   |
|   Path    Total Read    Total Write    Total IOPS                    |
|   ------  ------------  -------------  ------------                  |
|   /apps   3.3 MB        0 B            1.2 K                         |
|   /fred   45.2 MB       6.4 MB         242                           |
|   /home   625.3 MB      0 B            5.3 K                         |
|                                                                      |
| Warnings:                                                            |
|   - CPU usage is low                                                 |
|   - Too much time requested                                          |
+----------------------------------------------------------------------+
