==========================================
Job ID: 11728657
Job Name: smbhb_realistic
Node: gina11
Start Time: Wed Apr 29 10:06:10 AEST 2026
==========================================

/home/bhoulden/.conda/envs/smbhb312/share/tempo2
Working directory: /fred/oz005/users/bhoulden/SMBHB_population_injections

Loaded modules:

Starting SMBHB analysis...
==========================================

📁 Save directory: data/2026-04-29/realistic_run_23
📝 Run name: realistic_run_23

[MEM] Start: 244.6 MB

📡 Loading pulsars...
======================================================================
LOADING NANOGRAV PULSARS (libstempo)
======================================================================

📦 Loading from cache: nanograv_pulsars_cache.pkl
⚠ Cache load failed: Ran out of input
[DEBUG] Found 76 .par files
[tempo2Util.C:396] Warning: [MISC1] Unknown parameter in par file:  DMDATA
[tempo2Util.C:401] Warning: [DUP1] duplicated warnings have been suppressed.

WARNING: Using tempo RNAMP parameter: setting TNRedC to 100!
[observatory.C:271] Warning: Assuming site 'arecibo' means 'ao'
✓ Loaded B1855+09 (7758 TOAs)

WARNING: Using tempo RNAMP parameter: setting TNRedC to 100!
✓ Loaded B1937+21 (23023 TOAs)

WARNING: Using tempo RNAMP parameter: setting TNRedC to 100!
✓ Loaded B1937+21ao (7241 TOAs)

WARNING: Using tempo RNAMP parameter: setting TNRedC to 100!
✓ Loaded B1937+21gbt (16048 TOAs)

WARNING: Using tempo RNAMP parameter: setting TNRedC to 100!
✓ Loaded B1953+29 (5126 TOAs)
✓ Loaded J0023+0923 (15896 TOAs)

WARNING: Using tempo RNAMP parameter: setting TNRedC to 100!
✓ Loaded J0030+0451 (19571 TOAs)
✓ Loaded J0340+4130 (11093 TOAs)
✓ Loaded J0406+3039 (2446 TOAs)

WARNING: Using tempo RNAMP parameter: setting TNRedC to 100!
✓ Loaded J0437-4715 (5830 TOAs)
✓ Loaded J0509+0856 (2169 TOAs)
✓ Loaded J0557+1551 (525 TOAs)
✓ Loaded J0605+3757 (554 TOAs)

WARNING: Using tempo RNAMP parameter: setting TNRedC to 100!
✓ Loaded J0610-2100 (4885 TOAs)

WARNING: Using tempo RNAMP parameter: setting TNRedC to 100!
✓ Loaded J0613-0200 (17124 TOAs)
✓ Loaded J0614-3329 (1714 TOAs)
✓ Loaded J0636+5128 (32222 TOAs)
✓ Loaded J0645+5158 (10403 TOAs)
✓ Loaded J0709+0458 (3030 TOAs)
✓ Loaded J0740+6620 (13401 TOAs)
✓ Loaded J0931-1902 (5473 TOAs)

WARNING: Using tempo RNAMP parameter: setting TNRedC to 100!
✓ Loaded J1012+5307 (25837 TOAs)
✓ Loaded J1012-4235 (797 TOAs)
✓ Loaded J1022+1001 (3978 TOAs)
✓ Loaded J1024-0719 (12635 TOAs)
✓ Loaded J1125+7819 (8723 TOAs)
✓ Loaded J1312+0051 (1705 TOAs)
✓ Loaded J1453+1902 (2551 TOAs)
✓ Loaded J1455-3330 (10818 TOAs)

WARNING: Using tempo RNAMP parameter: setting TNRedC to 100!
✓ Loaded J1600-3053 (22955 TOAs)

WARNING: Using tempo RNAMP parameter: setting TNRedC to 100!
✓ Loaded J1600-3053gbt (19725 TOAs)

WARNING: Using tempo RNAMP parameter: setting TNRedC to 100!
✓ Loaded J1614-2230 (18445 TOAs)
✓ Loaded J1630+3734 (1815 TOAs)
✓ Loaded J1640+2224 (14066 TOAs)

WARNING: Using tempo RNAMP parameter: setting TNRedC to 100!
✓ Loaded J1643-1224 (22144 TOAs)

WARNING: Using tempo RNAMP parameter: setting TNRedC to 100!
✓ Loaded J1643-1224gbt (17932 TOAs)

WARNING: Using tempo RNAMP parameter: setting TNRedC to 100!
✓ Loaded J1705-1903 (9871 TOAs)

WARNING: Using tempo RNAMP parameter: setting TNRedC to 100!
✓ Loaded J1713+0747 (59389 TOAs)

WARNING: Using tempo RNAMP parameter: setting TNRedC to 100!
✓ Loaded J1713+0747ao (21362 TOAs)

WARNING: Using tempo RNAMP parameter: setting TNRedC to 100!
✓ Loaded J1713+0747gbt (32963 TOAs)
✓ Loaded J1719-1438 (6356 TOAs)
✓ Loaded J1730-2304 (4870 TOAs)
✓ Loaded J1738+0333 (8790 TOAs)
✓ Loaded J1741+1351 (5582 TOAs)

WARNING: Using tempo RNAMP parameter: setting TNRedC to 100!
✓ Loaded J1744-1134 (17745 TOAs)

WARNING: Using tempo RNAMP parameter: setting TNRedC to 100!
✓ Loaded J1745+1017 (3017 TOAs)

WARNING: Using tempo RNAMP parameter: setting TNRedC to 100!
✓ Loaded J1747-4036 (11055 TOAs)
✓ Loaded J1751-2857 (2025 TOAs)

WARNING: Using tempo RNAMP parameter: setting TNRedC to 100!
✓ Loaded J1802-2124 (6796 TOAs)
✓ Loaded J1811-2405 (5266 TOAs)
✓ Loaded J1832-0836 (7739 TOAs)
✓ Loaded J1843-1113 (4595 TOAs)

WARNING: Using tempo RNAMP parameter: setting TNRedC to 100!
✓ Loaded J1853+1303 (4570 TOAs)

WARNING: Using tempo RNAMP parameter: setting TNRedC to 100!
✓ Loaded J1903+0327 (6856 TOAs)

WARNING: Using tempo RNAMP parameter: setting TNRedC to 100!
✓ Loaded J1903+0327ao (6423 TOAs)

WARNING: Using tempo RNAMP parameter: setting TNRedC to 100!
✓ Loaded J1909-3744 (35037 TOAs)

WARNING: Using tempo RNAMP parameter: setting TNRedC to 100!
✓ Loaded J1909-3744gbt (31526 TOAs)
✓ Loaded J1910+1256 (6486 TOAs)
✓ Loaded J1911+1347 (3786 TOAs)
✓ Loaded J1918-0642 (18875 TOAs)
✓ Loaded J1923+2515 (3974 TOAs)
✓ Loaded J1944+0907 (5328 TOAs)

WARNING: Using tempo RNAMP parameter: setting TNRedC to 100!
✓ Loaded J1946+3417 (4743 TOAs)
✓ Loaded J2010-1323 (17077 TOAs)
✓ Loaded J2017+0603 (3512 TOAs)
✓ Loaded J2033+1734 (3847 TOAs)
✓ Loaded J2043+1711 (7397 TOAs)
✓ Loaded J2124-3358 (4982 TOAs)

WARNING: Using tempo RNAMP parameter: setting TNRedC to 100!
✓ Loaded J2145-0750 (18675 TOAs)
✓ Loaded J2214+3000 (7406 TOAs)
✓ Loaded J2229+2643 (3711 TOAs)

WARNING: Using tempo RNAMP parameter: setting TNRedC to 100!
✓ Loaded J2234+0611 (3566 TOAs)
✓ Loaded J2234+0944 (7535 TOAs)
✓ Loaded J2302+4442 (10211 TOAs)
✓ Loaded J2317+1439 (13927 TOAs)
✓ Loaded J2322+2057 (3088 TOAs)
⚠ Could not save cache: no default __reduce__ due to non-trivial __cinit__

✓ Loaded 76 pulsars
✗ Failed: 0 — []
[MEM] After loading pulsars: 8873.3 MB

🔍 Filtering pulsars...

Filtered: 76 → 67 pulsars
[MEM] After filtering pulsars: 8874.3 MB
[MEM] After garbage collection: 8874.4 MB

======================================================================
SMBHB POPULATION ANALYSIS
======================================================================

Configuration: realistic
  Medium mass, medium spread in distance, medium population
  N_binaries: 20000

======================================================================
CONSISTENT POPULATION SYNTHESIS
======================================================================

======================================================================
GENERATING SNR-CONSISTENT POPULATIONS
======================================================================
Target SNR:          4.0
Simulations:         1
======================================================================


──────────────────────────────────────────────────────────────────────
SIMULATION 1/1
──────────────────────────────────────────────────────────────────────
  [B1855+09] zeroing residuals...
  [B1855+09] adding red noise...
  [B1855+09] white noise for 430_PUPPI (1185 TOAs)...
  [B1855+09] white noise for L-wide_ASP (1178 TOAs)...
  [B1855+09] white noise for L-wide_PUPPI (5005 TOAs)...
  [B1855+09] white noise for 430_ASP (390 TOAs)...
  [B1937+21] zeroing residuals...
  [B1937+21] adding red noise...
  [B1937+21] white noise for S-wide_PUPPI (2251 TOAs)...
  [B1937+21] white noise for Rcvr1_2_GUPPI (7048 TOAs)...
  [B1937+21] white noise for S-wide_ASP (344 TOAs)...
  [B1937+21] white noise for L-wide_PUPPI (4133 TOAs)...
  [B1937+21] white noise for Rcvr_800_GUPPI (7140 TOAs)...
  [B1937+21] white noise for L-wide_ASP (452 TOAs)...
  [B1937+21] white noise for Rcvr_800_GASP (586 TOAs)...
  [B1937+21] white noise for Rcvr1_2_GASP (1069 TOAs)...
  [B1953+29] zeroing residuals...
  [B1953+29] adding red noise...
  [B1953+29] white noise for S-wide_ASP (25 TOAs)...
  [B1953+29] white noise for L-wide_PUPPI (4037 TOAs)...
  [B1953+29] white noise for L-wide_ASP (94 TOAs)...
  [B1953+29] white noise for 430_ASP (29 TOAs)...
  [B1953+29] white noise for 430_PUPPI (941 TOAs)...
  [J0023+0923] zeroing residuals...
  [J0023+0923] adding red noise...
  [J0023+0923] white noise for 430_PUPPI (4564 TOAs)...
  [J0023+0923] white noise for L-wide_ASP (119 TOAs)...
  [J0023+0923] white noise for L-wide_PUPPI (11123 TOAs)...
  [J0023+0923] white noise for 430_ASP (90 TOAs)...
  [J0030+0451] zeroing residuals...
  [J0030+0451] adding red noise...
  [J0030+0451] white noise for S-wide_PUPPI (2673 TOAs)...
  [J0030+0451] white noise for L-wide_PUPPI (12774 TOAs)...
  [J0030+0451] white noise for L-wide_ASP (789 TOAs)...
  [J0030+0451] white noise for 430_ASP (267 TOAs)...
  [J0030+0451] white noise for 430_PUPPI (3068 TOAs)...
  [J0340+4130] zeroing residuals...
  [J0340+4130] adding red noise...
  [J0340+4130] white noise for Rcvr_800_GUPPI (6056 TOAs)...
  [J0340+4130] white noise for Rcvr1_2_GUPPI (5037 TOAs)...
  [J0406+3039] zeroing residuals...
  [J0406+3039] adding red noise...
  [J0406+3039] white noise for S-wide_PUPPI (575 TOAs)...
  [J0406+3039] white noise for L-wide_PUPPI (1871 TOAs)...
  [J0437-4715] zeroing residuals...
  [J0437-4715] adding red noise...
  [J0437-4715] white noise for 3GHz_YUPPI (3696 TOAs)...
  [J0437-4715] white noise for 1.5GHz_YUPPI (2134 TOAs)...
  [J0509+0856] zeroing residuals...
  [J0509+0856] adding red noise...
  [J0509+0856] white noise for S-wide_PUPPI (544 TOAs)...
  [J0509+0856] white noise for L-wide_PUPPI (1625 TOAs)...
  [J0557+1551] zeroing residuals...
  [J0557+1551] adding red noise...
  [J0557+1551] white noise for S-wide_PUPPI (58 TOAs)...
  [J0557+1551] white noise for L-wide_PUPPI (467 TOAs)...
  [J0605+3757] zeroing residuals...
  [J0605+3757] adding red noise...
  [J0605+3757] white noise for Rcvr_800_GUPPI (236 TOAs)...
  [J0605+3757] white noise for Rcvr1_2_GUPPI (318 TOAs)...
  [J0610-2100] zeroing residuals...
  [J0610-2100] adding red noise...
  [J0610-2100] white noise for Rcvr_800_GUPPI (2484 TOAs)...
  [J0610-2100] white noise for Rcvr1_2_GUPPI (2401 TOAs)...
  [J0613-0200] zeroing residuals...
  [J0613-0200] adding red noise...
  [J0613-0200] white noise for Rcvr_800_GASP (809 TOAs)...
  [J0613-0200] white noise for Rcvr1_2_GASP (992 TOAs)...
  [J0613-0200] white noise for Rcvr_800_GUPPI (7900 TOAs)...
  [J0613-0200] white noise for Rcvr1_2_GUPPI (7423 TOAs)...
  [J0636+5128] zeroing residuals...
  [J0636+5128] adding red noise...
  [J0636+5128] white noise for Rcvr_800_GUPPI (17419 TOAs)...
  [J0636+5128] white noise for Rcvr1_2_GUPPI (14803 TOAs)...
  [J0645+5158] zeroing residuals...
  [J0645+5158] adding red noise...
  [J0645+5158] white noise for Rcvr_800_GUPPI (4682 TOAs)...
  [J0645+5158] white noise for Rcvr1_2_GUPPI (5721 TOAs)...
  [J0709+0458] zeroing residuals...
  [J0709+0458] adding red noise...
  [J0709+0458] white noise for S-wide_PUPPI (595 TOAs)...
  [J0709+0458] white noise for L-wide_PUPPI (2435 TOAs)...
  [J0740+6620] zeroing residuals...
  [J0740+6620] adding red noise...
  [J0740+6620] white noise for Rcvr_800_GUPPI (5136 TOAs)...
  [J0740+6620] white noise for Rcvr1_2_GUPPI (8265 TOAs)...
  [J0931-1902] zeroing residuals...
  [J0931-1902] adding red noise...
  [J0931-1902] white noise for Rcvr_800_GUPPI (3419 TOAs)...
  [J0931-1902] white noise for Rcvr1_2_GUPPI (2054 TOAs)...
  [J1012+5307] zeroing residuals...
  [J1012+5307] adding red noise...
  [J1012+5307] white noise for Rcvr_800_GASP (1210 TOAs)...
  [J1012+5307] white noise for Rcvr1_2_GASP (1479 TOAs)...
  [J1012+5307] white noise for Rcvr_800_GUPPI (10299 TOAs)...
  [J1012+5307] white noise for Rcvr1_2_GUPPI (12849 TOAs)...
  [J1012-4235] zeroing residuals...
  [J1012-4235] adding red noise...
  [J1012-4235] white noise for Rcvr_800_GUPPI (342 TOAs)...
  [J1012-4235] white noise for Rcvr1_2_GUPPI (455 TOAs)...
  [J1022+1001] zeroing residuals...
  [J1022+1001] adding red noise...
  [J1022+1001] white noise for 430_PUPPI (232 TOAs)...
  [J1022+1001] white noise for S-wide_PUPPI (1154 TOAs)...
  [J1022+1001] white noise for L-wide_PUPPI (2592 TOAs)...
  [J1024-0719] zeroing residuals...
  [J1024-0719] adding red noise...
  [J1024-0719] white noise for Rcvr_800_GASP (51 TOAs)...
  [J1024-0719] white noise for Rcvr1_2_GASP (43 TOAs)...
  [J1024-0719] white noise for Rcvr_800_GUPPI (5455 TOAs)...
  [J1024-0719] white noise for Rcvr1_2_GUPPI (7086 TOAs)...
  [J1125+7819] zeroing residuals...
  [J1125+7819] adding red noise...
  [J1125+7819] white noise for Rcvr_800_GUPPI (4707 TOAs)...
  [J1125+7819] white noise for Rcvr1_2_GUPPI (4016 TOAs)...
  [J1312+0051] zeroing residuals...
  [J1312+0051] adding red noise...
  [J1312+0051] white noise for S-wide_PUPPI (416 TOAs)...
  [J1312+0051] white noise for L-wide_PUPPI (1289 TOAs)...
  [J1453+1902] zeroing residuals...
  [J1453+1902] adding red noise...
  [J1453+1902] white noise for 430_PUPPI (425 TOAs)...
  [J1453+1902] white noise for S-wide_PUPPI (4 TOAs)...
  [J1453+1902] white noise for L-wide_PUPPI (2122 TOAs)...
  [J1455-3330] zeroing residuals...
  [J1455-3330] adding red noise...
  [J1455-3330] white noise for Rcvr_800_GASP (479 TOAs)...
  [J1455-3330] white noise for Rcvr1_2_GASP (564 TOAs)...
  [J1455-3330] white noise for Rcvr_800_GUPPI (4843 TOAs)...
  [J1455-3330] white noise for Rcvr1_2_GUPPI (4932 TOAs)...
  [J1600-3053] zeroing residuals...
  [J1600-3053] adding red noise...
  [J1600-3053] white noise for Rcvr1_2_GUPPI (10168 TOAs)...
  [J1600-3053] white noise for Rcvr_800_GUPPI (8796 TOAs)...
  [J1600-3053] white noise for 3GHz_YUPPI (3237 TOAs)...
  [J1600-3053] white noise for Rcvr_800_GASP (297 TOAs)...
  [J1600-3053] white noise for Rcvr1_2_GASP (457 TOAs)...
  [J1614-2230] zeroing residuals...
  [J1614-2230] adding red noise...
  [J1614-2230] white noise for Rcvr_800_GASP (84 TOAs)...
  [J1614-2230] white noise for Rcvr1_2_GASP (84 TOAs)...
  [J1614-2230] white noise for Rcvr_800_GUPPI (7768 TOAs)...
  [J1614-2230] white noise for Rcvr1_2_GUPPI (10509 TOAs)...
  [J1630+3734] zeroing residuals...
  [J1630+3734] adding red noise...
  [J1630+3734] white noise for Rcvr_800_GUPPI (906 TOAs)...
  [J1630+3734] white noise for Rcvr1_2_GUPPI (909 TOAs)...
  [J1640+2224] zeroing residuals...
  [J1640+2224] adding red noise...
  [J1640+2224] white noise for 430_PUPPI (3157 TOAs)...
  [J1640+2224] white noise for L-wide_ASP (722 TOAs)...
  [J1640+2224] white noise for L-wide_PUPPI (9847 TOAs)...
  [J1640+2224] white noise for 430_ASP (340 TOAs)...
  [J1643-1224] zeroing residuals...
  [J1643-1224] adding red noise...
  [J1643-1224] white noise for Rcvr1_2_GUPPI (8803 TOAs)...
  [J1643-1224] white noise for Rcvr_800_GUPPI (7734 TOAs)...
  [J1643-1224] white noise for 3GHz_YUPPI (4215 TOAs)...
  [J1643-1224] white noise for Rcvr_800_GASP (559 TOAs)...
  [J1643-1224] white noise for Rcvr1_2_GASP (833 TOAs)...
  [J1705-1903] zeroing residuals...
  [J1705-1903] adding red noise...
  [J1705-1903] white noise for Rcvr_800_GUPPI (3521 TOAs)...
  [J1705-1903] white noise for Rcvr1_2_GUPPI (6350 TOAs)...
  [J1713+0747] zeroing residuals...
  [J1713+0747] adding red noise...
  [J1713+0747] white noise for S-wide_PUPPI (7482 TOAs)...
  [J1713+0747] white noise for Rcvr1_2_GUPPI (22334 TOAs)...
  [J1713+0747] white noise for S-wide_ASP (624 TOAs)...
  [J1713+0747] white noise for L-wide_PUPPI (12743 TOAs)...
  [J1713+0747] white noise for Rcvr_800_GUPPI (8479 TOAs)...
  [J1713+0747] white noise for L-wide_ASP (843 TOAs)...
  [J1713+0747] white noise for 1.5GHz_YUPPI (1461 TOAs)...
  [J1713+0747] white noise for 3GHz_YUPPI (3282 TOAs)...
  [J1713+0747] white noise for Rcvr_800_GASP (1032 TOAs)...
  [J1713+0747] white noise for Rcvr1_2_GASP (1109 TOAs)...
  [J1719-1438] zeroing residuals...
  [J1719-1438] adding red noise...
  [J1719-1438] white noise for Rcvr_800_GUPPI (3634 TOAs)...
  [J1719-1438] white noise for Rcvr1_2_GUPPI (2722 TOAs)...
  [J1730-2304] zeroing residuals...
  [J1730-2304] adding red noise...
  [J1730-2304] white noise for Rcvr_800_GUPPI (2503 TOAs)...
  [J1730-2304] white noise for Rcvr1_2_GUPPI (2367 TOAs)...
  [J1738+0333] zeroing residuals...
  [J1738+0333] adding red noise...
  [J1738+0333] white noise for S-wide_PUPPI (1737 TOAs)...
  [J1738+0333] white noise for S-wide_ASP (134 TOAs)...
  [J1738+0333] white noise for L-wide_PUPPI (6718 TOAs)...
  [J1738+0333] white noise for L-wide_ASP (201 TOAs)...
  [J1741+1351] zeroing residuals...
  [J1741+1351] adding red noise...
  [J1741+1351] white noise for S-wide_ASP (115 TOAs)...
  [J1741+1351] white noise for L-wide_PUPPI (4045 TOAs)...
  [J1741+1351] white noise for L-wide_ASP (236 TOAs)...
  [J1741+1351] white noise for 430_ASP (27 TOAs)...
  [J1741+1351] white noise for 430_PUPPI (1159 TOAs)...
  [J1744-1134] zeroing residuals...
  [J1744-1134] adding red noise...
  [J1744-1134] white noise for Rcvr_800_GASP (930 TOAs)...
  [J1744-1134] white noise for Rcvr1_2_GASP (807 TOAs)...
  [J1744-1134] white noise for Rcvr_800_GUPPI (7899 TOAs)...
  [J1744-1134] white noise for Rcvr1_2_GUPPI (8109 TOAs)...
  [J1745+1017] zeroing residuals...
  [J1745+1017] adding red noise...
  [J1745+1017] white noise for S-wide_PUPPI (838 TOAs)...
  [J1745+1017] white noise for L-wide_PUPPI (2179 TOAs)...
  [J1747-4036] zeroing residuals...
  [J1747-4036] adding red noise...
  [J1747-4036] white noise for Rcvr_800_GUPPI (5816 TOAs)...
  [J1747-4036] white noise for Rcvr1_2_GUPPI (5239 TOAs)...
  [J1751-2857] zeroing residuals...
  [J1751-2857] adding red noise...
  [J1751-2857] white noise for Rcvr_800_GUPPI (239 TOAs)...
  [J1751-2857] white noise for Rcvr1_2_GUPPI (1786 TOAs)...
  [J1802-2124] zeroing residuals...
  [J1802-2124] adding red noise...
  [J1802-2124] white noise for Rcvr_800_GUPPI (3565 TOAs)...
  [J1802-2124] white noise for Rcvr1_2_GUPPI (3231 TOAs)...
  [J1811-2405] zeroing residuals...
  [J1811-2405] adding red noise...
  [J1811-2405] white noise for Rcvr_800_GUPPI (2628 TOAs)...
  [J1811-2405] white noise for Rcvr1_2_GUPPI (2638 TOAs)...
  [J1832-0836] zeroing residuals...
  [J1832-0836] adding red noise...
  [J1832-0836] white noise for Rcvr_800_GUPPI (3078 TOAs)...
  [J1832-0836] white noise for Rcvr1_2_GUPPI (4661 TOAs)...
  [J1843-1113] zeroing residuals...
  [J1843-1113] adding red noise...
  [J1843-1113] white noise for Rcvr_800_GUPPI (2201 TOAs)...
  [J1843-1113] white noise for Rcvr1_2_GUPPI (2394 TOAs)...
  [J1853+1303] zeroing residuals...
  [J1853+1303] adding red noise...
  [J1853+1303] white noise for 430_PUPPI (1151 TOAs)...
  [J1853+1303] white noise for L-wide_ASP (33 TOAs)...
  [J1853+1303] white noise for L-wide_PUPPI (3362 TOAs)...
  [J1853+1303] white noise for 430_ASP (24 TOAs)...
  [J1903+0327] zeroing residuals...
  [J1903+0327] adding red noise...
  [J1903+0327] white noise for S-wide_PUPPI (2282 TOAs)...
  [J1903+0327] white noise for S-wide_ASP (151 TOAs)...
  [J1903+0327] white noise for L-wide_PUPPI (3845 TOAs)...
  [J1903+0327] white noise for L-wide_ASP (139 TOAs)...
  [J1903+0327] white noise for 3GHz_YUPPI (439 TOAs)...
  [J1909-3744] zeroing residuals...
  [J1909-3744] adding red noise...
  [J1909-3744] white noise for Rcvr1_2_GUPPI (20439 TOAs)...
  [J1909-3744] white noise for Rcvr_800_GUPPI (9399 TOAs)...
  [J1909-3744] white noise for 3GHz_YUPPI (3525 TOAs)...
  [J1909-3744] white noise for Rcvr_800_GASP (866 TOAs)...
  [J1909-3744] white noise for Rcvr1_2_GASP (808 TOAs)...
  [J1910+1256] zeroing residuals...
  [J1910+1256] adding red noise...
  [J1910+1256] white noise for S-wide_PUPPI (1857 TOAs)...
  [J1910+1256] white noise for S-wide_ASP (208 TOAs)...
  [J1910+1256] white noise for L-wide_PUPPI (4124 TOAs)...
  [J1910+1256] white noise for L-wide_ASP (297 TOAs)...
  [J1911+1347] zeroing residuals...
  [J1911+1347] adding red noise...
  [J1911+1347] white noise for 430_PUPPI (753 TOAs)...
  [J1911+1347] white noise for L-wide_PUPPI (3033 TOAs)...
  [J1918-0642] zeroing residuals...
  [J1918-0642] adding red noise...
  [J1918-0642] white noise for Rcvr_800_GASP (835 TOAs)...
  [J1918-0642] white noise for Rcvr1_2_GASP (778 TOAs)...
  [J1918-0642] white noise for Rcvr_800_GUPPI (8352 TOAs)...
  [J1918-0642] white noise for Rcvr1_2_GUPPI (8910 TOAs)...
  [J1923+2515] zeroing residuals...
  [J1923+2515] adding red noise...
  [J1923+2515] white noise for 430_PUPPI (922 TOAs)...
  [J1923+2515] white noise for L-wide_ASP (14 TOAs)...
  [J1923+2515] white noise for L-wide_PUPPI (3028 TOAs)...
  [J1923+2515] white noise for 430_ASP (10 TOAs)...
  [J1944+0907] zeroing residuals...
  [J1944+0907] adding red noise...
  [J1944+0907] white noise for S-wide_ASP (116 TOAs)...
  [J1944+0907] white noise for L-wide_PUPPI (3900 TOAs)...
  [J1944+0907] white noise for L-wide_ASP (257 TOAs)...
  [J1944+0907] white noise for 430_ASP (38 TOAs)...
  [J1944+0907] white noise for 430_PUPPI (1017 TOAs)...
  [J1946+3417] zeroing residuals...
  [J1946+3417] adding red noise...
  [J1946+3417] white noise for S-wide_PUPPI (1546 TOAs)...
  [J1946+3417] white noise for L-wide_PUPPI (3197 TOAs)...
  [J2010-1323] zeroing residuals...
  [J2010-1323] adding red noise...
  [J2010-1323] white noise for Rcvr_800_GASP (70 TOAs)...
  [J2010-1323] white noise for Rcvr1_2_GASP (70 TOAs)...
  [J2010-1323] white noise for Rcvr_800_GUPPI (9158 TOAs)...
  [J2010-1323] white noise for Rcvr1_2_GUPPI (7779 TOAs)...
  [J2017+0603] zeroing residuals...
  [J2017+0603] adding red noise...
  [J2017+0603] white noise for 430_PUPPI (78 TOAs)...
  [J2017+0603] white noise for S-wide_PUPPI (849 TOAs)...
  [J2017+0603] white noise for L-wide_PUPPI (2569 TOAs)...
  [J2017+0603] white noise for L-wide_ASP (16 TOAs)...
  [J2033+1734] zeroing residuals...
  [J2033+1734] adding red noise...
  [J2033+1734] white noise for 430_PUPPI (797 TOAs)...
  [J2033+1734] white noise for L-wide_PUPPI (3050 TOAs)...
  [J2043+1711] zeroing residuals...
  [J2043+1711] adding red noise...
  [J2043+1711] white noise for 430_PUPPI (2908 TOAs)...
  [J2043+1711] white noise for L-wide_ASP (40 TOAs)...
  [J2043+1711] white noise for L-wide_PUPPI (4419 TOAs)...
  [J2043+1711] white noise for 430_ASP (30 TOAs)...
  [J2124-3358] zeroing residuals...
  [J2124-3358] adding red noise...
  [J2124-3358] white noise for Rcvr_800_GUPPI (2025 TOAs)...
  [J2124-3358] white noise for Rcvr1_2_GUPPI (2957 TOAs)...
  [J2145-0750] zeroing residuals...
  [J2145-0750] adding red noise...
  [J2145-0750] white noise for Rcvr_800_GASP (362 TOAs)...
  [J2145-0750] white noise for Rcvr1_2_GASP (427 TOAs)...
  [J2145-0750] white noise for Rcvr_800_GUPPI (8728 TOAs)...
  [J2145-0750] white noise for Rcvr1_2_GUPPI (9158 TOAs)...
  [J2214+3000] zeroing residuals...
  [J2214+3000] adding red noise...
  [J2214+3000] white noise for S-wide_PUPPI (1568 TOAs)...
  [J2214+3000] white noise for L-wide_PUPPI (5829 TOAs)...
  [J2214+3000] white noise for L-wide_ASP (9 TOAs)...
  [J2229+2643] zeroing residuals...
  [J2229+2643] adding red noise...
  [J2229+2643] white noise for 430_PUPPI (956 TOAs)...
  [J2229+2643] white noise for L-wide_PUPPI (2755 TOAs)...
  [J2234+0611] zeroing residuals...
  [J2234+0611] adding red noise...
  [J2234+0611] white noise for 430_PUPPI (653 TOAs)...
  [J2234+0611] white noise for L-wide_PUPPI (2913 TOAs)...
  [J2234+0944] zeroing residuals...
  [J2234+0944] adding red noise...
  [J2234+0944] white noise for S-wide_PUPPI (2532 TOAs)...
  [J2234+0944] white noise for L-wide_PUPPI (5003 TOAs)...
  [J2302+4442] zeroing residuals...
  [J2302+4442] adding red noise...
  [J2302+4442] white noise for Rcvr_800_GUPPI (6432 TOAs)...
  [J2302+4442] white noise for Rcvr1_2_GUPPI (3779 TOAs)...
  [J2317+1439] zeroing residuals...
  [J2317+1439] adding red noise...
  [J2317+1439] white noise for 327_PUPPI (276 TOAs)...
  [J2317+1439] white noise for 327_ASP (413 TOAs)...
  [J2317+1439] white noise for L-wide_PUPPI (9563 TOAs)...
  [J2317+1439] white noise for 430_ASP (458 TOAs)...
  [J2317+1439] white noise for 430_PUPPI (3217 TOAs)...
  [J2322+2057] zeroing residuals...
  [J2322+2057] adding red noise...
  [J2322+2057] white noise for 430_PUPPI (752 TOAs)...
  [J2322+2057] white noise for S-wide_PUPPI (140 TOAs)...
  [J2322+2057] white noise for L-wide_PUPPI (2196 TOAs)...
Resetting pulsars to clean stoas...
Restore: 0.00 s
Inject: 0.00 s
Snapshotting into enterprise Pulsar objects...
Building PTA...
PTA build: 415.21 s
Computing optimal statistic...
OS time: 107.25 s
Total: 522.47 s
Noise-only SNR baseline: -1.0398

Generating SNR-consistent population...
Target SNR: 4.0
Resetting pulsars to clean stoas...
Restore: 22.68 s
Injecting population...
  B1855+09: RMS = 1905.433 ns
  B1937+21: RMS = 931.347 ns
  B1953+29: RMS = 495.345 ns
  J0023+0923: RMS = 3388.354 ns
  J0030+0451: RMS = 3156.622 ns
  J0340+4130: RMS = 4159.415 ns
  J0406+3039: RMS = 746.926 ns
  J0437-4715: RMS = 2173.732 ns
  J0509+0856: RMS = 100.133 ns
  J0557+1551: RMS = 2628.457 ns
  J0605+3757: RMS = 613.300 ns
  J0610-2100: RMS = 344.176 ns
  J0613-0200: RMS = 1965.032 ns
  J0636+5128: RMS = 2298.971 ns
  J0645+5158: RMS = 2953.773 ns
  J0709+0458: RMS = 2772.232 ns
  J0740+6620: RMS = 3445.903 ns
  J0931-1902: RMS = 1062.045 ns
  J1012+5307: RMS = 1075.201 ns
  J1012-4235: RMS = 1259.895 ns
  J1022+1001: RMS = 1189.391 ns
  J1024-0719: RMS = 1213.697 ns
  J1125+7819: RMS = 2058.960 ns
  J1312+0051: RMS = 2804.283 ns
  J1453+1902: RMS = 1203.899 ns
  J1455-3330: RMS = 1537.246 ns
  J1600-3053: RMS = 1415.622 ns
  J1614-2230: RMS = 1143.881 ns
  J1630+3734: RMS = 264.374 ns
  J1640+2224: RMS = 2091.710 ns
  J1643-1224: RMS = 1783.744 ns
  J1705-1903: RMS = 1424.242 ns
  J1713+0747: RMS = 1776.743 ns
  J1719-1438: RMS = 1340.661 ns
  J1730-2304: RMS = 1530.448 ns
  J1738+0333: RMS = 2164.805 ns
  J1741+1351: RMS = 2842.767 ns
  J1744-1134: RMS = 1399.962 ns
  J1745+1017: RMS = 796.170 ns
  J1747-4036: RMS = 2075.316 ns
  J1751-2857: RMS = 1690.011 ns
  J1802-2124: RMS = 1406.619 ns
  J1811-2405: RMS = 1042.036 ns
  J1832-0836: RMS = 1607.335 ns
  J1843-1113: RMS = 902.714 ns
  J1853+1303: RMS = 1557.485 ns
  J1903+0327: RMS = 1618.440 ns
  J1909-3744: RMS = 1457.432 ns
  J1910+1256: RMS = 1466.980 ns
  J1911+1347: RMS = 1697.676 ns
  J1918-0642: RMS = 1695.848 ns
  J1923+2515: RMS = 800.683 ns
  J1944+0907: RMS = 1482.654 ns
  J1946+3417: RMS = 263.418 ns
  J2010-1323: RMS = 1547.158 ns
  J2017+0603: RMS = 929.270 ns
  J2033+1734: RMS = 1437.007 ns
  J2043+1711: RMS = 705.856 ns
  J2124-3358: RMS = 1170.973 ns
  J2145-0750: RMS = 1166.816 ns
  J2214+3000: RMS = 2386.894 ns
  J2229+2643: RMS = 2042.647 ns
  J2234+0611: RMS = 1488.995 ns
  J2234+0944: RMS = 1090.215 ns
  J2302+4442: RMS = 3625.037 ns
  J2317+1439: RMS = 2645.216 ns
  J2322+2057: RMS = 2449.033 ns
Inject: 0.88 s
Snapshotting into enterprise Pulsar objects...
Building PTA...
PTA build: 426.29 s
Computing optimal statistic...
OS time: 62.10 s
Total: 511.95 s
Initial SNR: -29.7401, Target SNR: 4.0000
  ✗ Initial SNR -29.7401 is non-positive, cannot scale distances.
✗ Simulation 1, trial 1 FAILED, retrying...

Generating SNR-consistent population...
Target SNR: 4.0
Resetting pulsars to clean stoas...
Restore: 1.82 s
Injecting population...
  B1855+09: RMS = 1230.741 ns
  B1937+21: RMS = 991.987 ns
  B1953+29: RMS = 2459.231 ns
  J0023+0923: RMS = 1082.636 ns
  J0030+0451: RMS = 861.362 ns
  J0340+4130: RMS = 1460.581 ns
  J0406+3039: RMS = 545.363 ns
  J0437-4715: RMS = 2881.887 ns
  J0509+0856: RMS = 718.992 ns
  J0557+1551: RMS = 860.883 ns
  J0605+3757: RMS = 1011.066 ns
  J0610-2100: RMS = 831.389 ns
  J0613-0200: RMS = 628.740 ns
  J0636+5128: RMS = 1367.999 ns
  J0645+5158: RMS = 1375.843 ns
  J0709+0458: RMS = 2760.808 ns
  J0740+6620: RMS = 905.980 ns
  J0931-1902: RMS = 722.279 ns
  J1012+5307: RMS = 1914.683 ns
  J1012-4235: RMS = 1695.857 ns
  J1022+1001: RMS = 1263.424 ns
  J1024-0719: RMS = 1268.205 ns
  J1125+7819: RMS = 1143.002 ns
  J1312+0051: RMS = 1271.645 ns
  J1453+1902: RMS = 1389.930 ns
  J1455-3330: RMS = 2600.085 ns
  J1600-3053: RMS = 1560.802 ns
  J1614-2230: RMS = 1558.705 ns
  J1630+3734: RMS = 2903.773 ns
  J1640+2224: RMS = 2978.737 ns
  J1643-1224: RMS = 2117.611 ns
  J1705-1903: RMS = 857.724 ns
  J1713+0747: RMS = 3092.134 ns
  J1719-1438: RMS = 1516.037 ns
  J1730-2304: RMS = 864.391 ns
  J1738+0333: RMS = 2778.661 ns
  J1741+1351: RMS = 3139.868 ns
  J1744-1134: RMS = 1862.342 ns
  J1745+1017: RMS = 1481.783 ns
  J1747-4036: RMS = 3179.830 ns
  J1751-2857: RMS = 459.955 ns
  J1802-2124: RMS = 1060.938 ns
  J1811-2405: RMS = 922.302 ns
  J1832-0836: RMS = 2307.736 ns
  J1843-1113: RMS = 1357.636 ns
  J1853+1303: RMS = 1315.917 ns
  J1903+0327: RMS = 1010.079 ns
  J1909-3744: RMS = 1592.350 ns
  J1910+1256: RMS = 935.511 ns
  J1911+1347: RMS = 1066.092 ns
  J1918-0642: RMS = 1449.607 ns
  J1923+2515: RMS = 940.082 ns
  J1944+0907: RMS = 1143.467 ns
  J1946+3417: RMS = 3109.294 ns
  J2010-1323: RMS = 732.029 ns
  J2017+0603: RMS = 1007.317 ns
  J2033+1734: RMS = 1527.061 ns
  J2043+1711: RMS = 1534.334 ns
  J2124-3358: RMS = 899.776 ns
  J2145-0750: RMS = 2548.772 ns
  J2214+3000: RMS = 1956.954 ns
  J2229+2643: RMS = 1756.511 ns
  J2234+0611: RMS = 3232.245 ns
  J2234+0944: RMS = 2066.843 ns
  J2302+4442: RMS = 1389.532 ns
  J2317+1439: RMS = 1559.322 ns
  J2322+2057: RMS = 1750.481 ns
Inject: 0.84 s
Snapshotting into enterprise Pulsar objects...
Building PTA...
PTA build: 421.90 s
Computing optimal statistic...
OS time: 89.03 s
Total: 513.60 s
Initial SNR: -6.4428, Target SNR: 4.0000
  ✗ Initial SNR -6.4428 is non-positive, cannot scale distances.
✗ Simulation 1, trial 2 FAILED, retrying...

Generating SNR-consistent population...
Target SNR: 4.0
Resetting pulsars to clean stoas...
Restore: 42.07 s
Injecting population...
  B1855+09: RMS = 1159.819 ns
  B1937+21: RMS = 755.879 ns
  B1953+29: RMS = 879.859 ns
  J0023+0923: RMS = 1321.783 ns
  J0030+0451: RMS = 1167.113 ns
  J0340+4130: RMS = 1905.800 ns
  J0406+3039: RMS = 173.364 ns
  J0437-4715: RMS = 3075.076 ns
  J0509+0856: RMS = 1191.427 ns
  J0557+1551: RMS = 1154.858 ns
  J0605+3757: RMS = 455.485 ns
  J0610-2100: RMS = 1104.738 ns
  J0613-0200: RMS = 4034.233 ns
  J0636+5128: RMS = 1161.043 ns
  J0645+5158: RMS = 1340.553 ns
  J0709+0458: RMS = 1635.851 ns
  J0740+6620: RMS = 673.095 ns
  J0931-1902: RMS = 1568.993 ns
  J1012+5307: RMS = 2024.270 ns
  J1012-4235: RMS = 263.502 ns
  J1022+1001: RMS = 1003.987 ns
  J1024-0719: RMS = 4630.552 ns
  J1125+7819: RMS = 1254.648 ns
  J1312+0051: RMS = 1999.781 ns
  J1453+1902: RMS = 887.487 ns
  J1455-3330: RMS = 2615.405 ns
  J1600-3053: RMS = 3684.453 ns
  J1614-2230: RMS = 2348.219 ns
  J1630+3734: RMS = 1805.486 ns
  J1640+2224: RMS = 1755.348 ns
  J1643-1224: RMS = 1812.799 ns
  J1705-1903: RMS = 1081.493 ns
  J1713+0747: RMS = 1443.780 ns
  J1719-1438: RMS = 419.795 ns
  J1730-2304: RMS = 973.900 ns
  J1738+0333: RMS = 1084.680 ns
  J1741+1351: RMS = 1995.630 ns
  J1744-1134: RMS = 2032.595 ns
  J1745+1017: RMS = 2088.774 ns
  J1747-4036: RMS = 1665.800 ns
  J1751-2857: RMS = 897.747 ns
  J1802-2124: RMS = 617.792 ns
  J1811-2405: RMS = 738.885 ns
  J1832-0836: RMS = 873.889 ns
  J1843-1113: RMS = 794.507 ns
  J1853+1303: RMS = 1281.354 ns
  J1903+0327: RMS = 1317.541 ns
  J1909-3744: RMS = 3387.567 ns
  J1910+1256: RMS = 1094.797 ns
  J1911+1347: RMS = 1357.969 ns
  J1918-0642: RMS = 1879.724 ns
  J1923+2515: RMS = 628.335 ns
  J1944+0907: RMS = 1349.415 ns
  J1946+3417: RMS = 313.806 ns
  J2010-1323: RMS = 2951.093 ns
  J2017+0603: RMS = 1114.297 ns
  J2033+1734: RMS = 350.037 ns
  J2043+1711: RMS = 283.498 ns
  J2124-3358: RMS = 240.859 ns
  J2145-0750: RMS = 392.762 ns
  J2214+3000: RMS = 562.403 ns
  J2229+2643: RMS = 996.619 ns
  J2234+0611: RMS = 518.431 ns
  J2234+0944: RMS = 548.122 ns
  J2302+4442: RMS = 1074.892 ns
  J2317+1439: RMS = 1060.004 ns
  J2322+2057: RMS = 1102.236 ns
Inject: 1.18 s
Snapshotting into enterprise Pulsar objects...
Building PTA...
PTA build: 448.34 s
Computing optimal statistic...
OS time: 66.17 s
Total: 557.76 s
Initial SNR: -4.1377, Target SNR: 4.0000
  ✗ Initial SNR -4.1377 is non-positive, cannot scale distances.
✗ Simulation 1, trial 3 FAILED, retrying...

Generating SNR-consistent population...
Target SNR: 4.0
Resetting pulsars to clean stoas...
Restore: 10.97 s
Injecting population...
  B1855+09: RMS = 531.924 ns
  B1937+21: RMS = 962.427 ns
  B1953+29: RMS = 1061.336 ns
  J0023+0923: RMS = 515.997 ns
  J0030+0451: RMS = 1063.108 ns
  J0340+4130: RMS = 1703.468 ns
  J0406+3039: RMS = 1392.196 ns
  J0437-4715: RMS = 81.295 ns
  J0509+0856: RMS = 548.051 ns
  J0557+1551: RMS = 2807.742 ns
  J0605+3757: RMS = 1598.461 ns
  J0610-2100: RMS = 1175.876 ns
  J0613-0200: RMS = 1450.057 ns
  J0636+5128: RMS = 1071.439 ns
  J0645+5158: RMS = 1399.279 ns
  J0709+0458: RMS = 634.234 ns
  J0740+6620: RMS = 624.011 ns
  J0931-1902: RMS = 2908.349 ns
  J1012+5307: RMS = 2046.656 ns
  J1012-4235: RMS = 413.761 ns
  J1022+1001: RMS = 1051.148 ns
  J1024-0719: RMS = 1680.198 ns
  J1125+7819: RMS = 344.007 ns
  J1312+0051: RMS = 1813.400 ns
  J1453+1902: RMS = 1529.418 ns
  J1455-3330: RMS = 1555.576 ns
  J1600-3053: RMS = 1432.517 ns
  J1614-2230: RMS = 1070.066 ns
  J1630+3734: RMS = 902.752 ns
  J1640+2224: RMS = 1640.452 ns
  J1643-1224: RMS = 826.871 ns
  J1705-1903: RMS = 715.643 ns
  J1713+0747: RMS = 687.509 ns
  J1719-1438: RMS = 597.632 ns
  J1730-2304: RMS = 601.516 ns
  J1738+0333: RMS = 456.893 ns
  J1741+1351: RMS = 308.208 ns
  J1744-1134: RMS = 684.670 ns
  J1745+1017: RMS = 307.381 ns
  J1747-4036: RMS = 444.823 ns
  J1751-2857: RMS = 591.949 ns
  J1802-2124: RMS = 226.761 ns
  J1811-2405: RMS = 334.019 ns
  J1832-0836: RMS = 529.561 ns
  J1843-1113: RMS = 336.529 ns
  J1853+1303: RMS = 452.411 ns
  J1903+0327: RMS = 482.553 ns
  J1909-3744: RMS = 1252.316 ns
  J1910+1256: RMS = 693.277 ns
  J1911+1347: RMS = 509.533 ns
  J1918-0642: RMS = 1165.253 ns
  J1923+2515: RMS = 657.251 ns
  J1944+0907: RMS = 1095.175 ns
  J1946+3417: RMS = 698.514 ns
  J2010-1323: RMS = 1956.441 ns
  J2017+0603: RMS = 1616.040 ns
  J2033+1734: RMS = 565.067 ns
  J2043+1711: RMS = 1522.757 ns
  J2124-3358: RMS = 1426.283 ns
  J2145-0750: RMS = 1149.451 ns
  J2214+3000: RMS = 1050.384 ns
  J2229+2643: RMS = 688.503 ns
  J2234+0611: RMS = 182.072 ns
  J2234+0944: RMS = 426.912 ns
  J2302+4442: RMS = 442.815 ns
  J2317+1439: RMS = 1112.263 ns
  J2322+2057: RMS = 1516.563 ns
Inject: 0.81 s
Snapshotting into enterprise Pulsar objects...
Building PTA...
PTA build: 433.55 s
Computing optimal statistic...
OS time: 48.24 s
Total: 493.57 s
Initial SNR: -2.7088, Target SNR: 4.0000
  ✗ Initial SNR -2.7088 is non-positive, cannot scale distances.
✗ Simulation 1, trial 4 FAILED, retrying...

Generating SNR-consistent population...
Target SNR: 4.0
Resetting pulsars to clean stoas...
Restore: 1.03 s
Injecting population...
  B1855+09: RMS = 5252.899 ns
  B1937+21: RMS = 3892.936 ns
  B1953+29: RMS = 3275.375 ns
  J0023+0923: RMS = 2364.709 ns
  J0030+0451: RMS = 1912.752 ns
  J0340+4130: RMS = 701.623 ns
  J0406+3039: RMS = 780.939 ns
  J0437-4715: RMS = 1572.508 ns
  J0509+0856: RMS = 282.156 ns
  J0557+1551: RMS = 1185.423 ns
  J0605+3757: RMS = 996.166 ns
  J0610-2100: RMS = 1022.883 ns
  J0613-0200: RMS = 2366.344 ns
  J0636+5128: RMS = 1601.006 ns
  J0645+5158: RMS = 1858.578 ns
  J0709+0458: RMS = 950.628 ns
  J0740+6620: RMS = 1042.696 ns
  J0931-1902: RMS = 2418.665 ns
  J1012+5307: RMS = 3476.917 ns
  J1012-4235: RMS = 808.037 ns
  J1022+1001: RMS = 1253.280 ns
  J1024-0719: RMS = 1971.237 ns
  J1125+7819: RMS = 1597.988 ns
  J1312+0051: RMS = 3341.190 ns
  J1453+1902: RMS = 2297.910 ns
  J1455-3330: RMS = 1354.300 ns
  J1600-3053: RMS = 1773.350 ns
  J1614-2230: RMS = 1687.935 ns
  J1630+3734: RMS = 126.721 ns
  J1640+2224: RMS = 2767.502 ns
  J1643-1224: RMS = 2650.592 ns
  J1705-1903: RMS = 2057.178 ns
  J1713+0747: RMS = 2877.166 ns
  J1719-1438: RMS = 1577.591 ns
  J1730-2304: RMS = 1311.604 ns
  J1738+0333: RMS = 3330.746 ns
  J1741+1351: RMS = 3961.208 ns
  J1744-1134: RMS = 4444.438 ns
  J1745+1017: RMS = 2357.859 ns
  J1747-4036: RMS = 1044.866 ns
  J1751-2857: RMS = 534.954 ns
  J1802-2124: RMS = 1061.144 ns
  J1811-2405: RMS = 1060.816 ns
  J1832-0836: RMS = 3151.499 ns
  J1843-1113: RMS = 2484.554 ns
  J1853+1303: RMS = 4484.513 ns
  J1903+0327: RMS = 4751.622 ns
  J1909-3744: RMS = 3665.603 ns
  J1910+1256: RMS = 4715.177 ns
  J1911+1347: RMS = 3586.579 ns
  J1918-0642: RMS = 4870.811 ns
  J1923+2515: RMS = 3838.579 ns
  J1944+0907: RMS = 3656.034 ns
  J1946+3417: RMS = 1555.490 ns
  J2010-1323: RMS = 2868.057 ns
  J2017+0603: RMS = 3189.717 ns
  J2033+1734: RMS = 2908.546 ns
  J2043+1711: RMS = 3127.424 ns
  J2124-3358: RMS = 1429.230 ns
  J2145-0750: RMS = 1078.925 ns
  J2214+3000: RMS = 1542.051 ns
  J2229+2643: RMS = 1608.217 ns
  J2234+0611: RMS = 641.095 ns
  J2234+0944: RMS = 723.886 ns
  J2302+4442: RMS = 1200.871 ns
  J2317+1439: RMS = 2431.330 ns
  J2322+2057: RMS = 307.691 ns
Inject: 0.80 s
Snapshotting into enterprise Pulsar objects...
Building PTA...
PTA build: 410.79 s
Computing optimal statistic...
OS time: 53.65 s
Total: 466.27 s
Initial SNR: 22.9663, Target SNR: 4.0000
  Initial SNR 22.9663 outside of provided SNR_range [3.5, 4.25] — rescaling.
Scaling distances by factor 2.1825 to achieve target SNR...
Resetting pulsars to clean stoas...
Restore: 4.61 s
Injecting population...
  B1855+09: RMS = 2406.834 ns
  B1937+21: RMS = 1783.710 ns
  B1953+29: RMS = 1500.749 ns
  J0023+0923: RMS = 1083.489 ns
  J0030+0451: RMS = 876.407 ns
  J0340+4130: RMS = 321.477 ns
  J0406+3039: RMS = 357.820 ns
  J0437-4715: RMS = 720.510 ns
  J0509+0856: RMS = 129.281 ns
  J0557+1551: RMS = 543.151 ns
  J0605+3757: RMS = 456.435 ns
  J0610-2100: RMS = 468.676 ns
  J0613-0200: RMS = 1084.238 ns
  J0636+5128: RMS = 733.567 ns
  J0645+5158: RMS = 851.585 ns
  J0709+0458: RMS = 435.570 ns
  J0740+6620: RMS = 477.755 ns
  J0931-1902: RMS = 1108.212 ns
  J1012+5307: RMS = 1593.094 ns
  J1012-4235: RMS = 370.236 ns
  J1022+1001: RMS = 574.242 ns
  J1024-0719: RMS = 903.204 ns
  J1125+7819: RMS = 732.185 ns
  J1312+0051: RMS = 1530.905 ns
  J1453+1902: RMS = 1052.883 ns
  J1455-3330: RMS = 620.529 ns
  J1600-3053: RMS = 812.534 ns
  J1614-2230: RMS = 773.398 ns
  J1630+3734: RMS = 58.062 ns
  J1640+2224: RMS = 1268.046 ns
  J1643-1224: RMS = 1214.479 ns
  J1705-1903: RMS = 942.582 ns
  J1713+0747: RMS = 1318.293 ns
  J1719-1438: RMS = 722.839 ns
  J1730-2304: RMS = 600.966 ns
  J1738+0333: RMS = 1526.119 ns
  J1741+1351: RMS = 1814.992 ns
  J1744-1134: RMS = 2036.404 ns
  J1745+1017: RMS = 1080.351 ns
  J1747-4036: RMS = 478.749 ns
  J1751-2857: RMS = 245.111 ns
  J1802-2124: RMS = 486.207 ns
  J1811-2405: RMS = 486.057 ns
  J1832-0836: RMS = 1443.990 ns
  J1843-1113: RMS = 1138.402 ns
  J1853+1303: RMS = 2054.766 ns
  J1903+0327: RMS = 2177.153 ns
  J1909-3744: RMS = 1679.548 ns
  J1910+1256: RMS = 2160.454 ns
  J1911+1347: RMS = 1643.340 ns
  J1918-0642: RMS = 2231.764 ns
  J1923+2515: RMS = 1758.804 ns
  J1944+0907: RMS = 1675.164 ns
  J1946+3417: RMS = 712.712 ns
  J2010-1323: RMS = 1314.119 ns
  J2017+0603: RMS = 1461.501 ns
  J2033+1734: RMS = 1332.671 ns
  J2043+1711: RMS = 1432.959 ns
  J2124-3358: RMS = 654.861 ns
  J2145-0750: RMS = 494.354 ns
  J2214+3000: RMS = 706.555 ns
  J2229+2643: RMS = 736.871 ns
  J2234+0611: RMS = 293.744 ns
  J2234+0944: RMS = 331.679 ns
  J2302+4442: RMS = 550.229 ns
  J2317+1439: RMS = 1114.015 ns
  J2322+2057: RMS = 140.981 ns
Inject: 1.27 s
Snapshotting into enterprise Pulsar objects...
Building PTA...
PTA build: 427.30 s
Computing optimal statistic...
OS time: 65.14 s
Total: 498.31 s
  SNR 1.3140 outside of provided SNR_range [3.5, 4.25] — rescaling.
[Iteration 1/4] SNR after scaling: 1.3140 (target: 4.0000)
  SNR history: it0→22.9663@1.0000x, it1→1.3140@2.1825x
  Re-scaling distances by factor 0.6769  (cumulative after: 1.4773×)
Resetting pulsars to clean stoas...
Restore: 17.66 s
Injecting population...
  B1855+09: RMS = 3555.679 ns
  B1937+21: RMS = 2635.122 ns
  B1953+29: RMS = 2217.096 ns
  J0023+0923: RMS = 1600.668 ns
  J0030+0451: RMS = 1294.739 ns
  J0340+4130: RMS = 474.927 ns
  J0406+3039: RMS = 528.617 ns
  J0437-4715: RMS = 1064.428 ns
  J0509+0856: RMS = 190.991 ns
  J0557+1551: RMS = 802.411 ns
  J0605+3757: RMS = 674.304 ns
  J0610-2100: RMS = 692.388 ns
  J0613-0200: RMS = 1601.774 ns
  J0636+5128: RMS = 1083.718 ns
  J0645+5158: RMS = 1258.069 ns
  J0709+0458: RMS = 643.479 ns
  J0740+6620: RMS = 705.800 ns
  J0931-1902: RMS = 1637.191 ns
  J1012+5307: RMS = 2353.520 ns
  J1012-4235: RMS = 546.959 ns
  J1022+1001: RMS = 848.343 ns
  J1024-0719: RMS = 1334.328 ns
  J1125+7819: RMS = 1081.676 ns
  J1312+0051: RMS = 2261.646 ns
  J1453+1902: RMS = 1555.451 ns
  J1455-3330: RMS = 916.723 ns
  J1600-3053: RMS = 1200.378 ns
  J1614-2230: RMS = 1142.561 ns
  J1630+3734: RMS = 85.777 ns
  J1640+2224: RMS = 1873.318 ns
  J1643-1224: RMS = 1794.181 ns
  J1705-1903: RMS = 1392.501 ns
  J1713+0747: RMS = 1947.549 ns
  J1719-1438: RMS = 1067.869 ns
  J1730-2304: RMS = 887.823 ns
  J1738+0333: RMS = 2254.577 ns
  J1741+1351: RMS = 2681.335 ns
  J1744-1134: RMS = 3008.433 ns
  J1745+1017: RMS = 1596.031 ns
  J1747-4036: RMS = 707.268 ns
  J1751-2857: RMS = 362.109 ns
  J1802-2124: RMS = 718.286 ns
  J1811-2405: RMS = 718.065 ns
  J1832-0836: RMS = 2133.245 ns
  J1843-1113: RMS = 1681.791 ns
  J1853+1303: RMS = 3035.560 ns
  J1903+0327: RMS = 3216.365 ns
  J1909-3744: RMS = 2481.241 ns
  J1910+1256: RMS = 3191.696 ns
  J1911+1347: RMS = 2427.749 ns
  J1918-0642: RMS = 3297.044 ns
  J1923+2515: RMS = 2598.328 ns
  J1944+0907: RMS = 2474.764 ns
  J1946+3417: RMS = 1052.909 ns
  J2010-1323: RMS = 1941.383 ns
  J2017+0603: RMS = 2159.114 ns
  J2033+1734: RMS = 1968.790 ns
  J2043+1711: RMS = 2116.948 ns
  J2124-3358: RMS = 967.443 ns
  J2145-0750: RMS = 730.322 ns
  J2214+3000: RMS = 1043.812 ns
  J2229+2643: RMS = 1088.600 ns
  J2234+0611: RMS = 433.956 ns
  J2234+0944: RMS = 489.998 ns
  J2302+4442: RMS = 812.868 ns
  J2317+1439: RMS = 1645.763 ns
  J2322+2057: RMS = 208.275 ns
Inject: 1.91 s
Snapshotting into enterprise Pulsar objects...

+------------------- Job Report: 11728657 (TIMEOUT) --------------------+
| Memory (RAM)  [################### ] 99.9% (32 GB peak / 32 GB)       |
| CPU           [###############     ] 76.8% average                    |
| Time          [------------------->] 100.5% (0-01:05:19 / 0-01:05:00) |
|                                                                       |
| Lustre Filesystem:                                                    |
|   Path    Total Read    Total Write    Total IOPS                     |
|   ------  ------------  -------------  ------------                   |
|   /apps   20.2 MB       0 B            974                            |
|   /fred   207.3 MB      165.6 KB       266                            |
|   /home   2.7 GB        0 B            3.6 K                          |
|   OS      0 B           0 B            2                              |
+-----------------------------------------------------------------------+
