==========================================
Job ID: 11717980
Job Name: smbhb_pessimistic
Node: gina303
Start Time: Tue Apr 28 17:07:58 AEST 2026
==========================================

/home/bhoulden/.conda/envs/smbhb312/share/tempo2
Working directory: /fred/oz005/users/bhoulden/SMBHB_population_injections

Loaded modules:

Starting SMBHB analysis...
==========================================

📁 Save directory: data/2026-04-28/pessimistic_run_13
📝 Run name: pessimistic_run_13

[MEM] Start: 243.3 MB

📡 Loading pulsars...
======================================================================
LOADING NANOGRAV PULSARS (libstempo)
======================================================================

📦 Loading from cache: nanograv_pulsars_cache.pkl
⚠ Cache load failed: Ran out of input
[DEBUG] Found 76 .par files
[tempo2Util.C:396] Warning: [MISC1] Unknown parameter in par file:  DMDATA
[tempo2Util.C:401] Warning: [DUP1] duplicated warnings have been suppressed.

WARNING: Using tempo RNAMP parameter: setting TNRedC to 100!
[observatory.C:271] Warning: Assuming site 'arecibo' means 'ao'
✓ Loaded B1855+09 (7758 TOAs)

WARNING: Using tempo RNAMP parameter: setting TNRedC to 100!
✓ Loaded B1937+21 (23023 TOAs)

WARNING: Using tempo RNAMP parameter: setting TNRedC to 100!
✓ Loaded B1937+21ao (7241 TOAs)

WARNING: Using tempo RNAMP parameter: setting TNRedC to 100!
✓ Loaded B1937+21gbt (16048 TOAs)

WARNING: Using tempo RNAMP parameter: setting TNRedC to 100!
✓ Loaded B1953+29 (5126 TOAs)
✓ Loaded J0023+0923 (15896 TOAs)

WARNING: Using tempo RNAMP parameter: setting TNRedC to 100!
✓ Loaded J0030+0451 (19571 TOAs)
✓ Loaded J0340+4130 (11093 TOAs)
✓ Loaded J0406+3039 (2446 TOAs)

WARNING: Using tempo RNAMP parameter: setting TNRedC to 100!
✓ Loaded J0437-4715 (5830 TOAs)
✓ Loaded J0509+0856 (2169 TOAs)
✓ Loaded J0557+1551 (525 TOAs)
✓ Loaded J0605+3757 (554 TOAs)

WARNING: Using tempo RNAMP parameter: setting TNRedC to 100!
✓ Loaded J0610-2100 (4885 TOAs)

WARNING: Using tempo RNAMP parameter: setting TNRedC to 100!
✓ Loaded J0613-0200 (17124 TOAs)
✓ Loaded J0614-3329 (1714 TOAs)
✓ Loaded J0636+5128 (32222 TOAs)
✓ Loaded J0645+5158 (10403 TOAs)
✓ Loaded J0709+0458 (3030 TOAs)
✓ Loaded J0740+6620 (13401 TOAs)
✓ Loaded J0931-1902 (5473 TOAs)

WARNING: Using tempo RNAMP parameter: setting TNRedC to 100!
✓ Loaded J1012+5307 (25837 TOAs)
✓ Loaded J1012-4235 (797 TOAs)
✓ Loaded J1022+1001 (3978 TOAs)
✓ Loaded J1024-0719 (12635 TOAs)
✓ Loaded J1125+7819 (8723 TOAs)
✓ Loaded J1312+0051 (1705 TOAs)
✓ Loaded J1453+1902 (2551 TOAs)
✓ Loaded J1455-3330 (10818 TOAs)

WARNING: Using tempo RNAMP parameter: setting TNRedC to 100!
✓ Loaded J1600-3053 (22955 TOAs)

WARNING: Using tempo RNAMP parameter: setting TNRedC to 100!
✓ Loaded J1600-3053gbt (19725 TOAs)

WARNING: Using tempo RNAMP parameter: setting TNRedC to 100!
✓ Loaded J1614-2230 (18445 TOAs)
✓ Loaded J1630+3734 (1815 TOAs)
✓ Loaded J1640+2224 (14066 TOAs)

WARNING: Using tempo RNAMP parameter: setting TNRedC to 100!
✓ Loaded J1643-1224 (22144 TOAs)

WARNING: Using tempo RNAMP parameter: setting TNRedC to 100!
✓ Loaded J1643-1224gbt (17932 TOAs)

WARNING: Using tempo RNAMP parameter: setting TNRedC to 100!
✓ Loaded J1705-1903 (9871 TOAs)

WARNING: Using tempo RNAMP parameter: setting TNRedC to 100!
✓ Loaded J1713+0747 (59389 TOAs)

WARNING: Using tempo RNAMP parameter: setting TNRedC to 100!
✓ Loaded J1713+0747ao (21362 TOAs)

WARNING: Using tempo RNAMP parameter: setting TNRedC to 100!
✓ Loaded J1713+0747gbt (32963 TOAs)
✓ Loaded J1719-1438 (6356 TOAs)
✓ Loaded J1730-2304 (4870 TOAs)
✓ Loaded J1738+0333 (8790 TOAs)
✓ Loaded J1741+1351 (5582 TOAs)

WARNING: Using tempo RNAMP parameter: setting TNRedC to 100!
✓ Loaded J1744-1134 (17745 TOAs)

WARNING: Using tempo RNAMP parameter: setting TNRedC to 100!
✓ Loaded J1745+1017 (3017 TOAs)

WARNING: Using tempo RNAMP parameter: setting TNRedC to 100!
✓ Loaded J1747-4036 (11055 TOAs)
✓ Loaded J1751-2857 (2025 TOAs)

WARNING: Using tempo RNAMP parameter: setting TNRedC to 100!
✓ Loaded J1802-2124 (6796 TOAs)
✓ Loaded J1811-2405 (5266 TOAs)
✓ Loaded J1832-0836 (7739 TOAs)
✓ Loaded J1843-1113 (4595 TOAs)

WARNING: Using tempo RNAMP parameter: setting TNRedC to 100!
✓ Loaded J1853+1303 (4570 TOAs)

WARNING: Using tempo RNAMP parameter: setting TNRedC to 100!
✓ Loaded J1903+0327 (6856 TOAs)

WARNING: Using tempo RNAMP parameter: setting TNRedC to 100!
✓ Loaded J1903+0327ao (6423 TOAs)

WARNING: Using tempo RNAMP parameter: setting TNRedC to 100!
✓ Loaded J1909-3744 (35037 TOAs)

WARNING: Using tempo RNAMP parameter: setting TNRedC to 100!
✓ Loaded J1909-3744gbt (31526 TOAs)
✓ Loaded J1910+1256 (6486 TOAs)
✓ Loaded J1911+1347 (3786 TOAs)
✓ Loaded J1918-0642 (18875 TOAs)
✓ Loaded J1923+2515 (3974 TOAs)
✓ Loaded J1944+0907 (5328 TOAs)

WARNING: Using tempo RNAMP parameter: setting TNRedC to 100!
✓ Loaded J1946+3417 (4743 TOAs)
✓ Loaded J2010-1323 (17077 TOAs)
✓ Loaded J2017+0603 (3512 TOAs)
✓ Loaded J2033+1734 (3847 TOAs)
✓ Loaded J2043+1711 (7397 TOAs)
✓ Loaded J2124-3358 (4982 TOAs)

WARNING: Using tempo RNAMP parameter: setting TNRedC to 100!
✓ Loaded J2145-0750 (18675 TOAs)
✓ Loaded J2214+3000 (7406 TOAs)
✓ Loaded J2229+2643 (3711 TOAs)

WARNING: Using tempo RNAMP parameter: setting TNRedC to 100!
✓ Loaded J2234+0611 (3566 TOAs)
✓ Loaded J2234+0944 (7535 TOAs)
✓ Loaded J2302+4442 (10211 TOAs)
✓ Loaded J2317+1439 (13927 TOAs)
✓ Loaded J2322+2057 (3088 TOAs)
⚠ Could not save cache: no default __reduce__ due to non-trivial __cinit__

✓ Loaded 76 pulsars
✗ Failed: 0 — []
[MEM] After loading pulsars: 8861.5 MB

🔍 Filtering pulsars...

Filtered: 76 → 67 pulsars
[MEM] After filtering pulsars: 8862.6 MB
[MEM] After garbage collection: 8862.6 MB

======================================================================
SMBHB POPULATION ANALYSIS
======================================================================

Configuration: pessimistic
  Lower mass, lower spread in distance, large population
  N_binaries: 10000000

======================================================================
CONSISTENT POPULATION SYNTHESIS
======================================================================

======================================================================
GENERATING SNR-CONSISTENT POPULATIONS
======================================================================
Target SNR:          4.0
Simulations:         1
======================================================================


──────────────────────────────────────────────────────────────────────
SIMULATION 1/1
──────────────────────────────────────────────────────────────────────
  [B1855+09] zeroing residuals...
  [B1855+09] adding red noise...
  [B1855+09] white noise for 430_PUPPI (1185 TOAs)...
  [B1855+09] white noise for L-wide_ASP (1178 TOAs)...
  [B1855+09] white noise for 430_ASP (390 TOAs)...
  [B1855+09] white noise for L-wide_PUPPI (5005 TOAs)...
  [B1937+21] zeroing residuals...
  [B1937+21] adding red noise...
  [B1937+21] white noise for Rcvr_800_GASP (586 TOAs)...
  [B1937+21] white noise for L-wide_ASP (452 TOAs)...
  [B1937+21] white noise for L-wide_PUPPI (4133 TOAs)...
  [B1937+21] white noise for Rcvr_800_GUPPI (7140 TOAs)...
  [B1937+21] white noise for S-wide_PUPPI (2251 TOAs)...
  [B1937+21] white noise for S-wide_ASP (344 TOAs)...
  [B1937+21] white noise for Rcvr1_2_GUPPI (7048 TOAs)...
  [B1937+21] white noise for Rcvr1_2_GASP (1069 TOAs)...
  [B1953+29] zeroing residuals...
  [B1953+29] adding red noise...
  [B1953+29] white noise for 430_PUPPI (941 TOAs)...
  [B1953+29] white noise for L-wide_ASP (94 TOAs)...
  [B1953+29] white noise for L-wide_PUPPI (4037 TOAs)...
  [B1953+29] white noise for S-wide_ASP (25 TOAs)...
  [B1953+29] white noise for 430_ASP (29 TOAs)...
  [J0023+0923] zeroing residuals...
  [J0023+0923] adding red noise...
  [J0023+0923] white noise for 430_PUPPI (4564 TOAs)...
  [J0023+0923] white noise for L-wide_ASP (119 TOAs)...
  [J0023+0923] white noise for 430_ASP (90 TOAs)...
  [J0023+0923] white noise for L-wide_PUPPI (11123 TOAs)...
  [J0030+0451] zeroing residuals...
  [J0030+0451] adding red noise...
  [J0030+0451] white noise for 430_PUPPI (3068 TOAs)...
  [J0030+0451] white noise for L-wide_ASP (789 TOAs)...
  [J0030+0451] white noise for L-wide_PUPPI (12774 TOAs)...
  [J0030+0451] white noise for S-wide_PUPPI (2673 TOAs)...
  [J0030+0451] white noise for 430_ASP (267 TOAs)...
  [J0340+4130] zeroing residuals...
  [J0340+4130] adding red noise...
  [J0340+4130] white noise for Rcvr1_2_GUPPI (5037 TOAs)...
  [J0340+4130] white noise for Rcvr_800_GUPPI (6056 TOAs)...
  [J0406+3039] zeroing residuals...
  [J0406+3039] adding red noise...
  [J0406+3039] white noise for S-wide_PUPPI (575 TOAs)...
  [J0406+3039] white noise for L-wide_PUPPI (1871 TOAs)...
  [J0437-4715] zeroing residuals...
  [J0437-4715] adding red noise...
  [J0437-4715] white noise for 3GHz_YUPPI (3696 TOAs)...
  [J0437-4715] white noise for 1.5GHz_YUPPI (2134 TOAs)...
  [J0509+0856] zeroing residuals...
  [J0509+0856] adding red noise...
  [J0509+0856] white noise for S-wide_PUPPI (544 TOAs)...
  [J0509+0856] white noise for L-wide_PUPPI (1625 TOAs)...
  [J0557+1551] zeroing residuals...
  [J0557+1551] adding red noise...
  [J0557+1551] white noise for S-wide_PUPPI (58 TOAs)...
  [J0557+1551] white noise for L-wide_PUPPI (467 TOAs)...
  [J0605+3757] zeroing residuals...
  [J0605+3757] adding red noise...
  [J0605+3757] white noise for Rcvr1_2_GUPPI (318 TOAs)...
  [J0605+3757] white noise for Rcvr_800_GUPPI (236 TOAs)...
  [J0610-2100] zeroing residuals...
  [J0610-2100] adding red noise...
  [J0610-2100] white noise for Rcvr1_2_GUPPI (2401 TOAs)...
  [J0610-2100] white noise for Rcvr_800_GUPPI (2484 TOAs)...
  [J0613-0200] zeroing residuals...
  [J0613-0200] adding red noise...
  [J0613-0200] white noise for Rcvr_800_GASP (809 TOAs)...
  [J0613-0200] white noise for Rcvr1_2_GUPPI (7423 TOAs)...
  [J0613-0200] white noise for Rcvr1_2_GASP (992 TOAs)...
  [J0613-0200] white noise for Rcvr_800_GUPPI (7900 TOAs)...
  [J0636+5128] zeroing residuals...
  [J0636+5128] adding red noise...
  [J0636+5128] white noise for Rcvr1_2_GUPPI (14803 TOAs)...
  [J0636+5128] white noise for Rcvr_800_GUPPI (17419 TOAs)...
  [J0645+5158] zeroing residuals...
  [J0645+5158] adding red noise...
  [J0645+5158] white noise for Rcvr1_2_GUPPI (5721 TOAs)...
  [J0645+5158] white noise for Rcvr_800_GUPPI (4682 TOAs)...
  [J0709+0458] zeroing residuals...
  [J0709+0458] adding red noise...
  [J0709+0458] white noise for S-wide_PUPPI (595 TOAs)...
  [J0709+0458] white noise for L-wide_PUPPI (2435 TOAs)...
  [J0740+6620] zeroing residuals...
  [J0740+6620] adding red noise...
  [J0740+6620] white noise for Rcvr1_2_GUPPI (8265 TOAs)...
  [J0740+6620] white noise for Rcvr_800_GUPPI (5136 TOAs)...
  [J0931-1902] zeroing residuals...
  [J0931-1902] adding red noise...
  [J0931-1902] white noise for Rcvr1_2_GUPPI (2054 TOAs)...
  [J0931-1902] white noise for Rcvr_800_GUPPI (3419 TOAs)...
  [J1012+5307] zeroing residuals...
  [J1012+5307] adding red noise...
  [J1012+5307] white noise for Rcvr_800_GASP (1210 TOAs)...
  [J1012+5307] white noise for Rcvr1_2_GUPPI (12849 TOAs)...
  [J1012+5307] white noise for Rcvr1_2_GASP (1479 TOAs)...
  [J1012+5307] white noise for Rcvr_800_GUPPI (10299 TOAs)...
  [J1012-4235] zeroing residuals...
  [J1012-4235] adding red noise...
  [J1012-4235] white noise for Rcvr1_2_GUPPI (455 TOAs)...
  [J1012-4235] white noise for Rcvr_800_GUPPI (342 TOAs)...
  [J1022+1001] zeroing residuals...
  [J1022+1001] adding red noise...
  [J1022+1001] white noise for 430_PUPPI (232 TOAs)...
  [J1022+1001] white noise for S-wide_PUPPI (1154 TOAs)...
  [J1022+1001] white noise for L-wide_PUPPI (2592 TOAs)...
  [J1024-0719] zeroing residuals...
  [J1024-0719] adding red noise...
  [J1024-0719] white noise for Rcvr_800_GASP (51 TOAs)...
  [J1024-0719] white noise for Rcvr1_2_GUPPI (7086 TOAs)...
  [J1024-0719] white noise for Rcvr1_2_GASP (43 TOAs)...
  [J1024-0719] white noise for Rcvr_800_GUPPI (5455 TOAs)...
  [J1125+7819] zeroing residuals...
  [J1125+7819] adding red noise...
  [J1125+7819] white noise for Rcvr1_2_GUPPI (4016 TOAs)...
  [J1125+7819] white noise for Rcvr_800_GUPPI (4707 TOAs)...
  [J1312+0051] zeroing residuals...
  [J1312+0051] adding red noise...
  [J1312+0051] white noise for S-wide_PUPPI (416 TOAs)...
  [J1312+0051] white noise for L-wide_PUPPI (1289 TOAs)...
  [J1453+1902] zeroing residuals...
  [J1453+1902] adding red noise...
  [J1453+1902] white noise for 430_PUPPI (425 TOAs)...
  [J1453+1902] white noise for S-wide_PUPPI (4 TOAs)...
  [J1453+1902] white noise for L-wide_PUPPI (2122 TOAs)...
  [J1455-3330] zeroing residuals...
  [J1455-3330] adding red noise...
  [J1455-3330] white noise for Rcvr_800_GASP (479 TOAs)...
  [J1455-3330] white noise for Rcvr1_2_GUPPI (4932 TOAs)...
  [J1455-3330] white noise for Rcvr1_2_GASP (564 TOAs)...
  [J1455-3330] white noise for Rcvr_800_GUPPI (4843 TOAs)...
  [J1600-3053] zeroing residuals...
  [J1600-3053] adding red noise...
  [J1600-3053] white noise for Rcvr_800_GASP (297 TOAs)...
  [J1600-3053] white noise for Rcvr_800_GUPPI (8796 TOAs)...
  [J1600-3053] white noise for 3GHz_YUPPI (3237 TOAs)...
  [J1600-3053] white noise for Rcvr1_2_GUPPI (10168 TOAs)...
  [J1600-3053] white noise for Rcvr1_2_GASP (457 TOAs)...
  [J1614-2230] zeroing residuals...
  [J1614-2230] adding red noise...
  [J1614-2230] white noise for Rcvr_800_GASP (84 TOAs)...
  [J1614-2230] white noise for Rcvr1_2_GUPPI (10509 TOAs)...
  [J1614-2230] white noise for Rcvr1_2_GASP (84 TOAs)...
  [J1614-2230] white noise for Rcvr_800_GUPPI (7768 TOAs)...
  [J1630+3734] zeroing residuals...
  [J1630+3734] adding red noise...
  [J1630+3734] white noise for Rcvr1_2_GUPPI (909 TOAs)...
  [J1630+3734] white noise for Rcvr_800_GUPPI (906 TOAs)...
  [J1640+2224] zeroing residuals...
  [J1640+2224] adding red noise...
  [J1640+2224] white noise for 430_PUPPI (3157 TOAs)...
  [J1640+2224] white noise for L-wide_ASP (722 TOAs)...
  [J1640+2224] white noise for 430_ASP (340 TOAs)...
  [J1640+2224] white noise for L-wide_PUPPI (9847 TOAs)...
  [J1643-1224] zeroing residuals...
  [J1643-1224] adding red noise...
  [J1643-1224] white noise for Rcvr_800_GASP (559 TOAs)...
  [J1643-1224] white noise for Rcvr_800_GUPPI (7734 TOAs)...
  [J1643-1224] white noise for 3GHz_YUPPI (4215 TOAs)...
  [J1643-1224] white noise for Rcvr1_2_GUPPI (8803 TOAs)...
  [J1643-1224] white noise for Rcvr1_2_GASP (833 TOAs)...
  [J1705-1903] zeroing residuals...
  [J1705-1903] adding red noise...
  [J1705-1903] white noise for Rcvr1_2_GUPPI (6350 TOAs)...
  [J1705-1903] white noise for Rcvr_800_GUPPI (3521 TOAs)...
  [J1713+0747] zeroing residuals...
  [J1713+0747] adding red noise...
  [J1713+0747] white noise for Rcvr_800_GASP (1032 TOAs)...
  [J1713+0747] white noise for L-wide_ASP (843 TOAs)...
  [J1713+0747] white noise for L-wide_PUPPI (12743 TOAs)...
  [J1713+0747] white noise for Rcvr_800_GUPPI (8479 TOAs)...
  [J1713+0747] white noise for S-wide_PUPPI (7482 TOAs)...
  [J1713+0747] white noise for 1.5GHz_YUPPI (1461 TOAs)...
  [J1713+0747] white noise for S-wide_ASP (624 TOAs)...
  [J1713+0747] white noise for 3GHz_YUPPI (3282 TOAs)...
  [J1713+0747] white noise for Rcvr1_2_GUPPI (22334 TOAs)...
  [J1713+0747] white noise for Rcvr1_2_GASP (1109 TOAs)...
  [J1719-1438] zeroing residuals...
  [J1719-1438] adding red noise...
  [J1719-1438] white noise for Rcvr1_2_GUPPI (2722 TOAs)...
  [J1719-1438] white noise for Rcvr_800_GUPPI (3634 TOAs)...
  [J1730-2304] zeroing residuals...
  [J1730-2304] adding red noise...
  [J1730-2304] white noise for Rcvr1_2_GUPPI (2367 TOAs)...
  [J1730-2304] white noise for Rcvr_800_GUPPI (2503 TOAs)...
  [J1738+0333] zeroing residuals...
  [J1738+0333] adding red noise...
  [J1738+0333] white noise for S-wide_ASP (134 TOAs)...
  [J1738+0333] white noise for S-wide_PUPPI (1737 TOAs)...
  [J1738+0333] white noise for L-wide_ASP (201 TOAs)...
  [J1738+0333] white noise for L-wide_PUPPI (6718 TOAs)...
  [J1741+1351] zeroing residuals...
  [J1741+1351] adding red noise...
  [J1741+1351] white noise for 430_PUPPI (1159 TOAs)...
  [J1741+1351] white noise for L-wide_ASP (236 TOAs)...
  [J1741+1351] white noise for L-wide_PUPPI (4045 TOAs)...
  [J1741+1351] white noise for S-wide_ASP (115 TOAs)...
  [J1741+1351] white noise for 430_ASP (27 TOAs)...
  [J1744-1134] zeroing residuals...
  [J1744-1134] adding red noise...
  [J1744-1134] white noise for Rcvr_800_GASP (930 TOAs)...
  [J1744-1134] white noise for Rcvr1_2_GUPPI (8109 TOAs)...
  [J1744-1134] white noise for Rcvr1_2_GASP (807 TOAs)...
  [J1744-1134] white noise for Rcvr_800_GUPPI (7899 TOAs)...
  [J1745+1017] zeroing residuals...
  [J1745+1017] adding red noise...
  [J1745+1017] white noise for S-wide_PUPPI (838 TOAs)...
  [J1745+1017] white noise for L-wide_PUPPI (2179 TOAs)...
  [J1747-4036] zeroing residuals...
  [J1747-4036] adding red noise...
  [J1747-4036] white noise for Rcvr1_2_GUPPI (5239 TOAs)...
  [J1747-4036] white noise for Rcvr_800_GUPPI (5816 TOAs)...
  [J1751-2857] zeroing residuals...
  [J1751-2857] adding red noise...
  [J1751-2857] white noise for Rcvr1_2_GUPPI (1786 TOAs)...
  [J1751-2857] white noise for Rcvr_800_GUPPI (239 TOAs)...
  [J1802-2124] zeroing residuals...
  [J1802-2124] adding red noise...
  [J1802-2124] white noise for Rcvr1_2_GUPPI (3231 TOAs)...
  [J1802-2124] white noise for Rcvr_800_GUPPI (3565 TOAs)...
  [J1811-2405] zeroing residuals...
  [J1811-2405] adding red noise...
  [J1811-2405] white noise for Rcvr1_2_GUPPI (2638 TOAs)...
  [J1811-2405] white noise for Rcvr_800_GUPPI (2628 TOAs)...
  [J1832-0836] zeroing residuals...
  [J1832-0836] adding red noise...
  [J1832-0836] white noise for Rcvr1_2_GUPPI (4661 TOAs)...
  [J1832-0836] white noise for Rcvr_800_GUPPI (3078 TOAs)...
  [J1843-1113] zeroing residuals...
  [J1843-1113] adding red noise...
  [J1843-1113] white noise for Rcvr1_2_GUPPI (2394 TOAs)...
  [J1843-1113] white noise for Rcvr_800_GUPPI (2201 TOAs)...
  [J1853+1303] zeroing residuals...
  [J1853+1303] adding red noise...
  [J1853+1303] white noise for 430_PUPPI (1151 TOAs)...
  [J1853+1303] white noise for L-wide_ASP (33 TOAs)...
  [J1853+1303] white noise for 430_ASP (24 TOAs)...
  [J1853+1303] white noise for L-wide_PUPPI (3362 TOAs)...
  [J1903+0327] zeroing residuals...
  [J1903+0327] adding red noise...
  [J1903+0327] white noise for L-wide_ASP (139 TOAs)...
  [J1903+0327] white noise for L-wide_PUPPI (3845 TOAs)...
  [J1903+0327] white noise for S-wide_PUPPI (2282 TOAs)...
  [J1903+0327] white noise for S-wide_ASP (151 TOAs)...
  [J1903+0327] white noise for 3GHz_YUPPI (439 TOAs)...
  [J1909-3744] zeroing residuals...
  [J1909-3744] adding red noise...
  [J1909-3744] white noise for Rcvr_800_GASP (866 TOAs)...
  [J1909-3744] white noise for Rcvr_800_GUPPI (9399 TOAs)...
  [J1909-3744] white noise for 3GHz_YUPPI (3525 TOAs)...
  [J1909-3744] white noise for Rcvr1_2_GUPPI (20439 TOAs)...
  [J1909-3744] white noise for Rcvr1_2_GASP (808 TOAs)...
  [J1910+1256] zeroing residuals...
  [J1910+1256] adding red noise...
  [J1910+1256] white noise for S-wide_ASP (208 TOAs)...
  [J1910+1256] white noise for S-wide_PUPPI (1857 TOAs)...
  [J1910+1256] white noise for L-wide_ASP (297 TOAs)...
  [J1910+1256] white noise for L-wide_PUPPI (4124 TOAs)...
  [J1911+1347] zeroing residuals...
  [J1911+1347] adding red noise...
  [J1911+1347] white noise for 430_PUPPI (753 TOAs)...
  [J1911+1347] white noise for L-wide_PUPPI (3033 TOAs)...
  [J1918-0642] zeroing residuals...
  [J1918-0642] adding red noise...
  [J1918-0642] white noise for Rcvr_800_GASP (835 TOAs)...
  [J1918-0642] white noise for Rcvr1_2_GUPPI (8910 TOAs)...
  [J1918-0642] white noise for Rcvr1_2_GASP (778 TOAs)...
  [J1918-0642] white noise for Rcvr_800_GUPPI (8352 TOAs)...
  [J1923+2515] zeroing residuals...
  [J1923+2515] adding red noise...
  [J1923+2515] white noise for 430_PUPPI (922 TOAs)...
  [J1923+2515] white noise for L-wide_ASP (14 TOAs)...
  [J1923+2515] white noise for 430_ASP (10 TOAs)...
  [J1923+2515] white noise for L-wide_PUPPI (3028 TOAs)...
  [J1944+0907] zeroing residuals...
  [J1944+0907] adding red noise...
  [J1944+0907] white noise for 430_PUPPI (1017 TOAs)...
  [J1944+0907] white noise for L-wide_ASP (257 TOAs)...
  [J1944+0907] white noise for L-wide_PUPPI (3900 TOAs)...
  [J1944+0907] white noise for S-wide_ASP (116 TOAs)...
  [J1944+0907] white noise for 430_ASP (38 TOAs)...
  [J1946+3417] zeroing residuals...
  [J1946+3417] adding red noise...
  [J1946+3417] white noise for S-wide_PUPPI (1546 TOAs)...
  [J1946+3417] white noise for L-wide_PUPPI (3197 TOAs)...
  [J2010-1323] zeroing residuals...
  [J2010-1323] adding red noise...
  [J2010-1323] white noise for Rcvr_800_GASP (70 TOAs)...
  [J2010-1323] white noise for Rcvr1_2_GUPPI (7779 TOAs)...
  [J2010-1323] white noise for Rcvr1_2_GASP (70 TOAs)...
  [J2010-1323] white noise for Rcvr_800_GUPPI (9158 TOAs)...
  [J2017+0603] zeroing residuals...
  [J2017+0603] adding red noise...
  [J2017+0603] white noise for 430_PUPPI (78 TOAs)...
  [J2017+0603] white noise for S-wide_PUPPI (849 TOAs)...
  [J2017+0603] white noise for L-wide_ASP (16 TOAs)...
  [J2017+0603] white noise for L-wide_PUPPI (2569 TOAs)...
  [J2033+1734] zeroing residuals...
  [J2033+1734] adding red noise...
  [J2033+1734] white noise for 430_PUPPI (797 TOAs)...
  [J2033+1734] white noise for L-wide_PUPPI (3050 TOAs)...
  [J2043+1711] zeroing residuals...
  [J2043+1711] adding red noise...
  [J2043+1711] white noise for 430_PUPPI (2908 TOAs)...
  [J2043+1711] white noise for L-wide_ASP (40 TOAs)...
  [J2043+1711] white noise for 430_ASP (30 TOAs)...
  [J2043+1711] white noise for L-wide_PUPPI (4419 TOAs)...
  [J2124-3358] zeroing residuals...
  [J2124-3358] adding red noise...
  [J2124-3358] white noise for Rcvr1_2_GUPPI (2957 TOAs)...
  [J2124-3358] white noise for Rcvr_800_GUPPI (2025 TOAs)...
  [J2145-0750] zeroing residuals...
  [J2145-0750] adding red noise...
  [J2145-0750] white noise for Rcvr_800_GASP (362 TOAs)...
  [J2145-0750] white noise for Rcvr1_2_GUPPI (9158 TOAs)...
  [J2145-0750] white noise for Rcvr1_2_GASP (427 TOAs)...
  [J2145-0750] white noise for Rcvr_800_GUPPI (8728 TOAs)...
  [J2214+3000] zeroing residuals...
  [J2214+3000] adding red noise...
  [J2214+3000] white noise for S-wide_PUPPI (1568 TOAs)...
  [J2214+3000] white noise for L-wide_ASP (9 TOAs)...
  [J2214+3000] white noise for L-wide_PUPPI (5829 TOAs)...
  [J2229+2643] zeroing residuals...
  [J2229+2643] adding red noise...
  [J2229+2643] white noise for 430_PUPPI (956 TOAs)...
  [J2229+2643] white noise for L-wide_PUPPI (2755 TOAs)...
  [J2234+0611] zeroing residuals...
  [J2234+0611] adding red noise...
  [J2234+0611] white noise for 430_PUPPI (653 TOAs)...
  [J2234+0611] white noise for L-wide_PUPPI (2913 TOAs)...
  [J2234+0944] zeroing residuals...
  [J2234+0944] adding red noise...
  [J2234+0944] white noise for S-wide_PUPPI (2532 TOAs)...
  [J2234+0944] white noise for L-wide_PUPPI (5003 TOAs)...
  [J2302+4442] zeroing residuals...
  [J2302+4442] adding red noise...
  [J2302+4442] white noise for Rcvr1_2_GUPPI (3779 TOAs)...
  [J2302+4442] white noise for Rcvr_800_GUPPI (6432 TOAs)...
  [J2317+1439] zeroing residuals...
  [J2317+1439] adding red noise...
  [J2317+1439] white noise for 430_PUPPI (3217 TOAs)...
  [J2317+1439] white noise for L-wide_PUPPI (9563 TOAs)...
  [J2317+1439] white noise for 327_ASP (413 TOAs)...
  [J2317+1439] white noise for 327_PUPPI (276 TOAs)...
  [J2317+1439] white noise for 430_ASP (458 TOAs)...
  [J2322+2057] zeroing residuals...
  [J2322+2057] adding red noise...
  [J2322+2057] white noise for 430_PUPPI (752 TOAs)...
  [J2322+2057] white noise for S-wide_PUPPI (140 TOAs)...
  [J2322+2057] white noise for L-wide_PUPPI (2196 TOAs)...
Resetting pulsars to clean stoas...
Restore: 0.01 s
Inject: 0.00 s
Snapshotting into enterprise Pulsar objects...
Building PTA...
PTA build: 461.58 s
Computing optimal statistic...
OS time: 45.20 s
Total: 506.79 s
Noise-only SNR baseline: -0.6676

Generating SNR-consistent population...
Target SNR: 4.0
Resetting pulsars to clean stoas...
Restore: 0.00 s
Injecting population...
  B1855+09: RMS = 1324.990 ns
  B1937+21: RMS = 705.088 ns
  B1953+29: RMS = 590.589 ns
  J0023+0923: RMS = 1389.218 ns
  J0030+0451: RMS = 917.046 ns
  J0340+4130: RMS = 995.219 ns
  J0406+3039: RMS = 218.726 ns
  J0437-4715: RMS = 2386.364 ns
  J0509+0856: RMS = 1265.651 ns
  J0557+1551: RMS = 983.790 ns
  J0605+3757: RMS = 354.364 ns
  J0610-2100: RMS = 1698.191 ns
  J0613-0200: RMS = 1754.825 ns
  J0636+5128: RMS = 455.678 ns
  J0645+5158: RMS = 700.308 ns
  J0709+0458: RMS = 964.681 ns
  J0740+6620: RMS = 689.619 ns
  J0931-1902: RMS = 2274.309 ns
  J1012+5307: RMS = 1716.522 ns
  J1012-4235: RMS = 2187.057 ns
  J1022+1001: RMS = 1661.229 ns
  J1024-0719: RMS = 2345.772 ns
  J1125+7819: RMS = 1019.047 ns
  J1312+0051: RMS = 191.451 ns
  J1453+1902: RMS = 1953.171 ns
  J1455-3330: RMS = 1380.905 ns
  J1600-3053: RMS = 2465.045 ns
  J1614-2230: RMS = 2526.956 ns
  J1630+3734: RMS = 1694.933 ns
  J1640+2224: RMS = 2881.777 ns
  J1643-1224: RMS = 2217.955 ns
  J1705-1903: RMS = 910.798 ns
  J1713+0747: RMS = 3223.862 ns
  J1719-1438: RMS = 1208.010 ns
  J1730-2304: RMS = 719.332 ns
  J1738+0333: RMS = 2450.137 ns
  J1741+1351: RMS = 3305.569 ns
  J1744-1134: RMS = 2551.346 ns
  J1745+1017: RMS = 1069.294 ns
  J1747-4036: RMS = 998.155 ns
  J1751-2857: RMS = 557.488 ns
  J1802-2124: RMS = 996.442 ns
  J1811-2405: RMS = 977.775 ns
  J1832-0836: RMS = 1728.326 ns
  J1843-1113: RMS = 1166.427 ns
  J1853+1303: RMS = 2162.023 ns
  J1903+0327: RMS = 980.792 ns
  J1909-3744: RMS = 2012.905 ns
  J1910+1256: RMS = 1365.458 ns
  J1911+1347: RMS = 1868.216 ns
  J1918-0642: RMS = 850.836 ns
  J1923+2515: RMS = 1617.660 ns
  J1944+0907: RMS = 871.520 ns
  J1946+3417: RMS = 692.853 ns
  J2010-1323: RMS = 1768.096 ns
  J2017+0603: RMS = 1864.934 ns
  J2033+1734: RMS = 763.576 ns
  J2043+1711: RMS = 1127.536 ns
  J2124-3358: RMS = 774.278 ns
  J2145-0750: RMS = 3458.819 ns
  J2214+3000: RMS = 2366.827 ns
  J2229+2643: RMS = 2990.734 ns
  J2234+0611: RMS = 3508.714 ns
  J2234+0944: RMS = 2360.417 ns
  J2302+4442: RMS = 1988.296 ns
  J2317+1439: RMS = 1477.215 ns
  J2322+2057: RMS = 3060.412 ns
Inject: 159.65 s
Snapshotting into enterprise Pulsar objects...
Building PTA...
PTA build: 427.64 s
Computing optimal statistic...
OS time: 43.42 s
Total: 630.72 s
Initial SNR: 47.7102, Target SNR: 4.0000
  Initial SNR 47.7102 outside of provided SNR_range [3.5, 4.25] — rescaling.
Scaling distances by factor 3.2194 to achieve target SNR...
Resetting pulsars to clean stoas...
Restore: 0.01 s
Injecting population...
  B1855+09: RMS = 411.563 ns
  B1937+21: RMS = 219.012 ns
  B1953+29: RMS = 183.446 ns
  J0023+0923: RMS = 431.513 ns
  J0030+0451: RMS = 284.849 ns
  J0340+4130: RMS = 309.131 ns
  J0406+3039: RMS = 67.940 ns
  J0437-4715: RMS = 741.242 ns
  J0509+0856: RMS = 393.131 ns
  J0557+1551: RMS = 305.581 ns
  J0605+3757: RMS = 110.071 ns
  J0610-2100: RMS = 527.485 ns
  J0613-0200: RMS = 545.076 ns
  J0636+5128: RMS = 141.541 ns
  J0645+5158: RMS = 217.527 ns
  J0709+0458: RMS = 299.645 ns
  J0740+6620: RMS = 214.207 ns
  J0931-1902: RMS = 706.436 ns
  J1012+5307: RMS = 533.179 ns
  J1012-4235: RMS = 679.334 ns
  J1022+1001: RMS = 516.004 ns
  J1024-0719: RMS = 728.634 ns
  J1125+7819: RMS = 316.532 ns
  J1312+0051: RMS = 59.468 ns
  J1453+1902: RMS = 606.686 ns
  J1455-3330: RMS = 428.931 ns
  J1600-3053: RMS = 765.682 ns
  J1614-2230: RMS = 784.912 ns
  J1630+3734: RMS = 526.473 ns
  J1640+2224: RMS = 895.126 ns
  J1643-1224: RMS = 688.932 ns
  J1705-1903: RMS = 282.908 ns
  J1713+0747: RMS = 1001.383 ns
  J1719-1438: RMS = 375.227 ns
  J1730-2304: RMS = 223.436 ns
  J1738+0333: RMS = 761.051 ns
  J1741+1351: RMS = 1026.762 ns
  J1744-1134: RMS = 792.488 ns
  J1745+1017: RMS = 332.140 ns
  J1747-4036: RMS = 310.043 ns
  J1751-2857: RMS = 173.165 ns
  J1802-2124: RMS = 309.511 ns
  J1811-2405: RMS = 303.712 ns
  J1832-0836: RMS = 536.845 ns
  J1843-1113: RMS = 362.311 ns
  J1853+1303: RMS = 671.559 ns
  J1903+0327: RMS = 304.649 ns
  J1909-3744: RMS = 625.240 ns
  J1910+1256: RMS = 424.133 ns
  J1911+1347: RMS = 580.297 ns
  J1918-0642: RMS = 264.283 ns
  J1923+2515: RMS = 502.471 ns
  J1944+0907: RMS = 270.708 ns
  J1946+3417: RMS = 215.211 ns
  J2010-1323: RMS = 549.199 ns
  J2017+0603: RMS = 579.278 ns
  J2033+1734: RMS = 237.179 ns
  J2043+1711: RMS = 350.231 ns
  J2124-3358: RMS = 240.503 ns
  J2145-0750: RMS = 1074.364 ns
  J2214+3000: RMS = 735.174 ns
  J2229+2643: RMS = 928.969 ns
  J2234+0611: RMS = 1089.862 ns
  J2234+0944: RMS = 733.183 ns
  J2302+4442: RMS = 617.596 ns
  J2317+1439: RMS = 458.846 ns
  J2322+2057: RMS = 950.612 ns
Inject: 178.95 s
Snapshotting into enterprise Pulsar objects...
Building PTA...
PTA build: 426.02 s
Computing optimal statistic...
OS time: 41.65 s
Total: 646.62 s
  ✓ SNR is within the provided SNR_range: 3.8817 ∈ [3.5, 4.25]

Final SNR history:
  it 0: cumulative_scale=1.0000×  SNR=47.7102
  it 1: cumulative_scale=3.2194×  SNR=3.8817
✓ Simulation 1 done (1312.5 s)

======================================================================
ENSEMBLE SUMMARY
======================================================================
Success rate: 100.0% (1/1)

Binaries per population:
  Mean ± std : 10000000 ± 0
  Range      : [10000000, 10000000]

SNR achieved:
  Mean ± std : 3.8817 ± 0.0000
  Range      : [3.8817, 3.8817]

Total time: 1868.8 s (31.1 min)
======================================================================

💾 Saved: data/2026-04-28/pessimistic_run_13/consistent_population_pessimistic_targetSNR4.25_sims1.json
💾 Saved compressed pickle: data/2026-04-28/pessimistic_run_13/consistent_population_pessimistic_targetSNR4.25_sims1.pkl.gz

======================================================================
CONTINUOUS WAVE SNR ANALYSIS
======================================================================

--- Population 1 ---
Precomputation of phiinvs, TNTs, Ts, Nvecs, Sigmas took 0.03 seconds.
Total SNR computation for population took 338.11 seconds.
Top 50 CGW candidates:
   1. proxy_rank= 252  sky_w=1.37  f=8.51e-09 Hz  Mc=3.18e+09 Msun  h0=5.60e-16  SNR=1.008
   2. proxy_rank=  64  sky_w=1.19  f=6.16e-09 Hz  Mc=2.92e+09 Msun  h0=7.40e-16  SNR=0.894
   3. proxy_rank= 168  sky_w=1.59  f=1.37e-08 Hz  Mc=1.52e+09 Msun  h0=8.86e-16  SNR=0.860
   4. proxy_rank= 368  sky_w=1.53  f=6.29e-09 Hz  Mc=4.64e+09 Msun  h0=3.29e-16  SNR=0.619
   5. proxy_rank=  75  sky_w=1.09  f=4.85e-09 Hz  Mc=2.58e+09 Msun  h0=5.89e-16  SNR=0.608
   6. proxy_rank= 699  sky_w=1.16  f=7.84e-09 Hz  Mc=5.10e+09 Msun  h0=4.44e-16  SNR=0.588
   7. proxy_rank=   7  sky_w=1.59  f=3.08e-09 Hz  Mc=3.42e+09 Msun  h0=5.89e-16  SNR=0.584
   8. proxy_rank= 876  sky_w=1.35  f=1.43e-08 Hz  Mc=5.13e+09 Msun  h0=6.42e-16  SNR=0.543
   9. proxy_rank=  16  sky_w=1.18  f=3.59e-09 Hz  Mc=4.31e+09 Msun  h0=6.88e-16  SNR=0.505
  10. proxy_rank=  17  sky_w=1.32  f=4.35e-09 Hz  Mc=3.93e+09 Msun  h0=7.31e-16  SNR=0.485
  11. proxy_rank= 253  sky_w=0.87  f=5.18e-09 Hz  Mc=6.40e+09 Msun  h0=5.34e-16  SNR=0.474
  12. proxy_rank= 472  sky_w=0.91  f=5.28e-09 Hz  Mc=6.03e+09 Msun  h0=4.30e-16  SNR=0.464
  13. proxy_rank=   3  sky_w=0.73  f=2.57e-09 Hz  Mc=7.89e+09 Msun  h0=1.49e-15  SNR=0.452
  14. proxy_rank=  12  sky_w=1.06  f=4.72e-09 Hz  Mc=3.07e+09 Msun  h0=1.08e-15  SNR=0.440
  15. proxy_rank=   1  sky_w=1.46  f=2.12e-09 Hz  Mc=3.06e+09 Msun  h0=7.18e-16  SNR=0.429
  16. proxy_rank=   6  sky_w=1.25  f=2.46e-09 Hz  Mc=6.78e+09 Msun  h0=6.51e-16  SNR=0.427
  17. proxy_rank= 249  sky_w=1.55  f=4.81e-09 Hz  Mc=4.40e+09 Msun  h0=2.80e-16  SNR=0.424
  18. proxy_rank= 145  sky_w=1.60  f=4.70e-09 Hz  Mc=4.86e+09 Msun  h0=3.14e-16  SNR=0.412
  19. proxy_rank= 853  sky_w=1.00  f=5.83e-09 Hz  Mc=4.65e+09 Msun  h0=3.59e-16  SNR=0.407
  20. proxy_rank= 752  sky_w=0.91  f=5.12e-09 Hz  Mc=4.47e+09 Msun  h0=3.60e-16  SNR=0.406
  21. proxy_rank= 228  sky_w=0.93  f=4.73e-09 Hz  Mc=6.21e+09 Msun  h0=4.73e-16  SNR=0.402
  22. proxy_rank=  87  sky_w=0.97  f=3.91e-09 Hz  Mc=5.47e+09 Msun  h0=5.07e-16  SNR=0.383
  23. proxy_rank= 568  sky_w=1.40  f=5.08e-09 Hz  Mc=3.68e+09 Msun  h0=2.53e-16  SNR=0.381
  24. proxy_rank= 730  sky_w=1.40  f=6.33e-09 Hz  Mc=3.86e+09 Msun  h0=2.91e-16  SNR=0.378
  25. proxy_rank= 719  sky_w=1.51  f=5.40e-09 Hz  Mc=3.59e+09 Msun  h0=2.32e-16  SNR=0.360
  26. proxy_rank= 406  sky_w=1.47  f=4.88e-09 Hz  Mc=4.52e+09 Msun  h0=2.56e-16  SNR=0.358
  27. proxy_rank= 122  sky_w=1.35  f=3.94e-09 Hz  Mc=2.03e+09 Msun  h0=3.27e-16  SNR=0.356
  28. proxy_rank= 737  sky_w=1.42  f=5.16e-09 Hz  Mc=2.81e+09 Msun  h0=2.34e-16  SNR=0.353
  29. proxy_rank= 120  sky_w=1.55  f=3.96e-09 Hz  Mc=3.86e+09 Msun  h0=2.91e-16  SNR=0.351
  30. proxy_rank= 288  sky_w=1.49  f=4.20e-09 Hz  Mc=1.88e+09 Msun  h0=2.46e-16  SNR=0.336
  31. proxy_rank=  11  sky_w=1.33  f=2.44e-09 Hz  Mc=4.89e+09 Msun  h0=4.53e-16  SNR=0.317
  32. proxy_rank= 608  sky_w=1.56  f=5.11e-09 Hz  Mc=3.06e+09 Msun  h0=2.25e-16  SNR=0.315
  33. proxy_rank= 520  sky_w=1.58  f=8.51e-09 Hz  Mc=3.80e+09 Msun  h0=3.87e-16  SNR=0.305
  34. proxy_rank= 934  sky_w=1.38  f=5.66e-09 Hz  Mc=3.87e+09 Msun  h0=2.43e-16  SNR=0.303
  35. proxy_rank= 601  sky_w=0.59  f=4.29e-09 Hz  Mc=5.74e+09 Msun  h0=5.03e-16  SNR=0.299
  36. proxy_rank= 505  sky_w=1.18  f=4.44e-09 Hz  Mc=4.66e+09 Msun  h0=2.70e-16  SNR=0.296
  37. proxy_rank= 116  sky_w=1.48  f=4.03e-09 Hz  Mc=1.72e+09 Msun  h0=3.14e-16  SNR=0.296
  38. proxy_rank= 224  sky_w=1.10  f=4.54e-09 Hz  Mc=2.06e+09 Msun  h0=3.87e-16  SNR=0.295
  39. proxy_rank= 192  sky_w=0.75  f=3.58e-09 Hz  Mc=6.19e+09 Msun  h0=4.72e-16  SNR=0.292
  40. proxy_rank=  53  sky_w=1.52  f=5.61e-09 Hz  Mc=6.63e+09 Msun  h0=5.55e-16  SNR=0.291
  41. proxy_rank= 429  sky_w=1.51  f=4.30e-09 Hz  Mc=4.31e+09 Msun  h0=2.16e-16  SNR=0.280
  42. proxy_rank= 897  sky_w=1.59  f=5.57e-09 Hz  Mc=3.63e+09 Msun  h0=2.11e-16  SNR=0.280
  43. proxy_rank= 106  sky_w=1.54  f=4.75e-09 Hz  Mc=2.68e+09 Msun  h0=3.64e-16  SNR=0.279
  44. proxy_rank= 800  sky_w=1.54  f=4.48e-09 Hz  Mc=2.76e+09 Msun  h0=1.82e-16  SNR=0.269
  45. proxy_rank=  39  sky_w=1.56  f=2.86e-09 Hz  Mc=3.19e+09 Msun  h0=3.04e-16  SNR=0.263
  46. proxy_rank= 280  sky_w=1.47  f=4.17e-09 Hz  Mc=4.64e+09 Msun  h0=2.50e-16  SNR=0.259
  47. proxy_rank= 656  sky_w=1.27  f=4.90e-09 Hz  Mc=2.93e+09 Msun  h0=2.58e-16  SNR=0.257
  48. proxy_rank= 330  sky_w=0.80  f=3.97e-09 Hz  Mc=2.75e+09 Msun  h0=4.11e-16  SNR=0.256
  49. proxy_rank= 600  sky_w=1.24  f=4.47e-09 Hz  Mc=4.30e+09 Msun  h0=2.48e-16  SNR=0.252
  50. proxy_rank= 789  sky_w=0.76  f=3.97e-09 Hz  Mc=3.65e+09 Msun  h0=3.29e-16  SNR=0.252
💾 Saved: data/2026-04-28/pessimistic_run_13/consistent_population_pessimistic_targetSNR4.25_sims1.json
💾 Saved compressed pickle: data/2026-04-28/pessimistic_run_13/consistent_population_pessimistic_targetSNR4.25_sims1.pkl.gz
Saved to figures/cgw_analysis_pessimistic.pdf

======================================================================
ANALYSIS COMPLETE
Results saved to: data/2026-04-28/pessimistic_run_13
======================================================================

==========================================
Job finished at: Tue Apr 28 17:51:46 AEST 2026
Exit code: 0
==========================================

+------------------ Job Report: 11717980 (COMPLETED) ------------------+
| Memory (RAM)  [##################  ] 92.9% (37.1 GB peak / 40 GB)    |
| CPU           [#################   ] 86.2% average                   |
| Time          [----------->        ] 58.5% (0-00:43:54 / 0-01:15:00) |
|                                                                      |
| Lustre Filesystem:                                                   |
|   Path    Total Read    Total Write    Total IOPS                    |
|   ------  ------------  -------------  ------------                  |
|   /apps   25.9 MB       0 B            2.2 K                         |
|   /fred   317.8 MB      6.6 MB         408                           |
|   /home   317.5 MB      0 B            9.8 K                         |
|   OS      0 B           0 B            11                            |
|                                                                      |
| Warnings:                                                            |
|   - Too much time requested                                          |
+----------------------------------------------------------------------+
