==========================================
Job ID: 11737028
Job Name: smbhb_realistic
Node: gina12
Start Time: Wed Apr 29 13:06:51 AEST 2026
==========================================

/home/bhoulden/.conda/envs/smbhb312/share/tempo2
Working directory: /fred/oz005/users/bhoulden/SMBHB_population_injections

Loaded modules:

Starting SMBHB analysis...
==========================================

📁 Save directory: data/2026-04-29/realistic_run_160
📝 Run name: realistic_run_160

[MEM] Start: 243.6 MB

📡 Loading pulsars...
======================================================================
LOADING NANOGRAV PULSARS (libstempo)
======================================================================

📦 Loading from cache: nanograv_pulsars_cache.pkl
⚠ Cache load failed: Ran out of input
[DEBUG] Found 76 .par files
[tempo2Util.C:396] Warning: [MISC1] Unknown parameter in par file:  DMDATA
[tempo2Util.C:401] Warning: [DUP1] duplicated warnings have been suppressed.

WARNING: Using tempo RNAMP parameter: setting TNRedC to 100!
[observatory.C:271] Warning: Assuming site 'arecibo' means 'ao'
✓ Loaded B1855+09 (7758 TOAs)

WARNING: Using tempo RNAMP parameter: setting TNRedC to 100!
✓ Loaded B1937+21 (23023 TOAs)

WARNING: Using tempo RNAMP parameter: setting TNRedC to 100!
✓ Loaded B1937+21ao (7241 TOAs)

WARNING: Using tempo RNAMP parameter: setting TNRedC to 100!
✓ Loaded B1937+21gbt (16048 TOAs)

WARNING: Using tempo RNAMP parameter: setting TNRedC to 100!
✓ Loaded B1953+29 (5126 TOAs)
✓ Loaded J0023+0923 (15896 TOAs)

WARNING: Using tempo RNAMP parameter: setting TNRedC to 100!
✓ Loaded J0030+0451 (19571 TOAs)
✓ Loaded J0340+4130 (11093 TOAs)
✓ Loaded J0406+3039 (2446 TOAs)

WARNING: Using tempo RNAMP parameter: setting TNRedC to 100!
✓ Loaded J0437-4715 (5830 TOAs)
✓ Loaded J0509+0856 (2169 TOAs)
✓ Loaded J0557+1551 (525 TOAs)
✓ Loaded J0605+3757 (554 TOAs)

WARNING: Using tempo RNAMP parameter: setting TNRedC to 100!
✓ Loaded J0610-2100 (4885 TOAs)

WARNING: Using tempo RNAMP parameter: setting TNRedC to 100!
✓ Loaded J0613-0200 (17124 TOAs)
✓ Loaded J0614-3329 (1714 TOAs)
✓ Loaded J0636+5128 (32222 TOAs)
✓ Loaded J0645+5158 (10403 TOAs)
✓ Loaded J0709+0458 (3030 TOAs)
✓ Loaded J0740+6620 (13401 TOAs)
✓ Loaded J0931-1902 (5473 TOAs)

WARNING: Using tempo RNAMP parameter: setting TNRedC to 100!
✓ Loaded J1012+5307 (25837 TOAs)
✓ Loaded J1012-4235 (797 TOAs)
✓ Loaded J1022+1001 (3978 TOAs)
✓ Loaded J1024-0719 (12635 TOAs)
✓ Loaded J1125+7819 (8723 TOAs)
✓ Loaded J1312+0051 (1705 TOAs)
✓ Loaded J1453+1902 (2551 TOAs)
✓ Loaded J1455-3330 (10818 TOAs)

WARNING: Using tempo RNAMP parameter: setting TNRedC to 100!
✓ Loaded J1600-3053 (22955 TOAs)

WARNING: Using tempo RNAMP parameter: setting TNRedC to 100!
✓ Loaded J1600-3053gbt (19725 TOAs)

WARNING: Using tempo RNAMP parameter: setting TNRedC to 100!
✓ Loaded J1614-2230 (18445 TOAs)
✓ Loaded J1630+3734 (1815 TOAs)
✓ Loaded J1640+2224 (14066 TOAs)

WARNING: Using tempo RNAMP parameter: setting TNRedC to 100!
✓ Loaded J1643-1224 (22144 TOAs)

WARNING: Using tempo RNAMP parameter: setting TNRedC to 100!
✓ Loaded J1643-1224gbt (17932 TOAs)

WARNING: Using tempo RNAMP parameter: setting TNRedC to 100!
✓ Loaded J1705-1903 (9871 TOAs)

WARNING: Using tempo RNAMP parameter: setting TNRedC to 100!
✓ Loaded J1713+0747 (59389 TOAs)

WARNING: Using tempo RNAMP parameter: setting TNRedC to 100!
✓ Loaded J1713+0747ao (21362 TOAs)

WARNING: Using tempo RNAMP parameter: setting TNRedC to 100!
✓ Loaded J1713+0747gbt (32963 TOAs)
✓ Loaded J1719-1438 (6356 TOAs)
✓ Loaded J1730-2304 (4870 TOAs)
✓ Loaded J1738+0333 (8790 TOAs)
✓ Loaded J1741+1351 (5582 TOAs)

WARNING: Using tempo RNAMP parameter: setting TNRedC to 100!
✓ Loaded J1744-1134 (17745 TOAs)

WARNING: Using tempo RNAMP parameter: setting TNRedC to 100!
✓ Loaded J1745+1017 (3017 TOAs)

WARNING: Using tempo RNAMP parameter: setting TNRedC to 100!
✓ Loaded J1747-4036 (11055 TOAs)
✓ Loaded J1751-2857 (2025 TOAs)

WARNING: Using tempo RNAMP parameter: setting TNRedC to 100!
✓ Loaded J1802-2124 (6796 TOAs)
✓ Loaded J1811-2405 (5266 TOAs)
✓ Loaded J1832-0836 (7739 TOAs)
✓ Loaded J1843-1113 (4595 TOAs)

WARNING: Using tempo RNAMP parameter: setting TNRedC to 100!
✓ Loaded J1853+1303 (4570 TOAs)

WARNING: Using tempo RNAMP parameter: setting TNRedC to 100!
✓ Loaded J1903+0327 (6856 TOAs)

WARNING: Using tempo RNAMP parameter: setting TNRedC to 100!
✓ Loaded J1903+0327ao (6423 TOAs)

WARNING: Using tempo RNAMP parameter: setting TNRedC to 100!
✓ Loaded J1909-3744 (35037 TOAs)

WARNING: Using tempo RNAMP parameter: setting TNRedC to 100!
✓ Loaded J1909-3744gbt (31526 TOAs)
✓ Loaded J1910+1256 (6486 TOAs)
✓ Loaded J1911+1347 (3786 TOAs)
✓ Loaded J1918-0642 (18875 TOAs)
✓ Loaded J1923+2515 (3974 TOAs)
✓ Loaded J1944+0907 (5328 TOAs)

WARNING: Using tempo RNAMP parameter: setting TNRedC to 100!
✓ Loaded J1946+3417 (4743 TOAs)
✓ Loaded J2010-1323 (17077 TOAs)
✓ Loaded J2017+0603 (3512 TOAs)
✓ Loaded J2033+1734 (3847 TOAs)
✓ Loaded J2043+1711 (7397 TOAs)
✓ Loaded J2124-3358 (4982 TOAs)

WARNING: Using tempo RNAMP parameter: setting TNRedC to 100!
✓ Loaded J2145-0750 (18675 TOAs)
✓ Loaded J2214+3000 (7406 TOAs)
✓ Loaded J2229+2643 (3711 TOAs)

WARNING: Using tempo RNAMP parameter: setting TNRedC to 100!
✓ Loaded J2234+0611 (3566 TOAs)
✓ Loaded J2234+0944 (7535 TOAs)
✓ Loaded J2302+4442 (10211 TOAs)
✓ Loaded J2317+1439 (13927 TOAs)
✓ Loaded J2322+2057 (3088 TOAs)
⚠ Could not save cache: no default __reduce__ due to non-trivial __cinit__

✓ Loaded 76 pulsars
✗ Failed: 0 — []
[MEM] After loading pulsars: 8852.5 MB

🔍 Filtering pulsars...

Filtered: 76 → 67 pulsars
[MEM] After filtering pulsars: 8853.4 MB
[MEM] After garbage collection: 8853.5 MB

======================================================================
SMBHB POPULATION ANALYSIS
======================================================================

Configuration: realistic
  Medium mass, medium spread in distance, medium population
  N_binaries: 20000

======================================================================
CONSISTENT POPULATION SYNTHESIS
======================================================================

======================================================================
GENERATING SNR-CONSISTENT POPULATIONS
======================================================================
Target SNR:          4.0
Simulations:         1
======================================================================


──────────────────────────────────────────────────────────────────────
SIMULATION 1/1
──────────────────────────────────────────────────────────────────────
  [B1855+09] zeroing residuals...
  [B1855+09] adding red noise...
  [B1855+09] white noise for 430_PUPPI (1185 TOAs)...
  [B1855+09] white noise for L-wide_PUPPI (5005 TOAs)...
  [B1855+09] white noise for 430_ASP (390 TOAs)...
  [B1855+09] white noise for L-wide_ASP (1178 TOAs)...
  [B1937+21] zeroing residuals...
  [B1937+21] adding red noise...
  [B1937+21] white noise for L-wide_PUPPI (4133 TOAs)...
  [B1937+21] white noise for S-wide_ASP (344 TOAs)...
  [B1937+21] white noise for Rcvr1_2_GUPPI (7048 TOAs)...
  [B1937+21] white noise for Rcvr_800_GUPPI (7140 TOAs)...
  [B1937+21] white noise for L-wide_ASP (452 TOAs)...
  [B1937+21] white noise for Rcvr1_2_GASP (1069 TOAs)...
  [B1937+21] white noise for Rcvr_800_GASP (586 TOAs)...
  [B1937+21] white noise for S-wide_PUPPI (2251 TOAs)...
  [B1953+29] zeroing residuals...
  [B1953+29] adding red noise...
  [B1953+29] white noise for L-wide_PUPPI (4037 TOAs)...
  [B1953+29] white noise for S-wide_ASP (25 TOAs)...
  [B1953+29] white noise for L-wide_ASP (94 TOAs)...
  [B1953+29] white noise for 430_PUPPI (941 TOAs)...
  [B1953+29] white noise for 430_ASP (29 TOAs)...
  [J0023+0923] zeroing residuals...
  [J0023+0923] adding red noise...
  [J0023+0923] white noise for 430_PUPPI (4564 TOAs)...
  [J0023+0923] white noise for L-wide_PUPPI (11123 TOAs)...
  [J0023+0923] white noise for 430_ASP (90 TOAs)...
  [J0023+0923] white noise for L-wide_ASP (119 TOAs)...
  [J0030+0451] zeroing residuals...
  [J0030+0451] adding red noise...
  [J0030+0451] white noise for L-wide_PUPPI (12774 TOAs)...
  [J0030+0451] white noise for L-wide_ASP (789 TOAs)...
  [J0030+0451] white noise for 430_PUPPI (3068 TOAs)...
  [J0030+0451] white noise for 430_ASP (267 TOAs)...
  [J0030+0451] white noise for S-wide_PUPPI (2673 TOAs)...
  [J0340+4130] zeroing residuals...
  [J0340+4130] adding red noise...
  [J0340+4130] white noise for Rcvr1_2_GUPPI (5037 TOAs)...
  [J0340+4130] white noise for Rcvr_800_GUPPI (6056 TOAs)...
  [J0406+3039] zeroing residuals...
  [J0406+3039] adding red noise...
  [J0406+3039] white noise for L-wide_PUPPI (1871 TOAs)...
  [J0406+3039] white noise for S-wide_PUPPI (575 TOAs)...
  [J0437-4715] zeroing residuals...
  [J0437-4715] adding red noise...
  [J0437-4715] white noise for 1.5GHz_YUPPI (2134 TOAs)...
  [J0437-4715] white noise for 3GHz_YUPPI (3696 TOAs)...
  [J0509+0856] zeroing residuals...
  [J0509+0856] adding red noise...
  [J0509+0856] white noise for L-wide_PUPPI (1625 TOAs)...
  [J0509+0856] white noise for S-wide_PUPPI (544 TOAs)...
  [J0557+1551] zeroing residuals...
  [J0557+1551] adding red noise...
  [J0557+1551] white noise for L-wide_PUPPI (467 TOAs)...
  [J0557+1551] white noise for S-wide_PUPPI (58 TOAs)...
  [J0605+3757] zeroing residuals...
  [J0605+3757] adding red noise...
  [J0605+3757] white noise for Rcvr1_2_GUPPI (318 TOAs)...
  [J0605+3757] white noise for Rcvr_800_GUPPI (236 TOAs)...
  [J0610-2100] zeroing residuals...
  [J0610-2100] adding red noise...
  [J0610-2100] white noise for Rcvr1_2_GUPPI (2401 TOAs)...
  [J0610-2100] white noise for Rcvr_800_GUPPI (2484 TOAs)...
  [J0613-0200] zeroing residuals...
  [J0613-0200] adding red noise...
  [J0613-0200] white noise for Rcvr1_2_GASP (992 TOAs)...
  [J0613-0200] white noise for Rcvr1_2_GUPPI (7423 TOAs)...
  [J0613-0200] white noise for Rcvr_800_GASP (809 TOAs)...
  [J0613-0200] white noise for Rcvr_800_GUPPI (7900 TOAs)...
  [J0636+5128] zeroing residuals...
  [J0636+5128] adding red noise...
  [J0636+5128] white noise for Rcvr1_2_GUPPI (14803 TOAs)...
  [J0636+5128] white noise for Rcvr_800_GUPPI (17419 TOAs)...
  [J0645+5158] zeroing residuals...
  [J0645+5158] adding red noise...
  [J0645+5158] white noise for Rcvr1_2_GUPPI (5721 TOAs)...
  [J0645+5158] white noise for Rcvr_800_GUPPI (4682 TOAs)...
  [J0709+0458] zeroing residuals...
  [J0709+0458] adding red noise...
  [J0709+0458] white noise for L-wide_PUPPI (2435 TOAs)...
  [J0709+0458] white noise for S-wide_PUPPI (595 TOAs)...
  [J0740+6620] zeroing residuals...
  [J0740+6620] adding red noise...
  [J0740+6620] white noise for Rcvr1_2_GUPPI (8265 TOAs)...
  [J0740+6620] white noise for Rcvr_800_GUPPI (5136 TOAs)...
  [J0931-1902] zeroing residuals...
  [J0931-1902] adding red noise...
  [J0931-1902] white noise for Rcvr1_2_GUPPI (2054 TOAs)...
  [J0931-1902] white noise for Rcvr_800_GUPPI (3419 TOAs)...
  [J1012+5307] zeroing residuals...
  [J1012+5307] adding red noise...
  [J1012+5307] white noise for Rcvr1_2_GASP (1479 TOAs)...
  [J1012+5307] white noise for Rcvr1_2_GUPPI (12849 TOAs)...
  [J1012+5307] white noise for Rcvr_800_GASP (1210 TOAs)...
  [J1012+5307] white noise for Rcvr_800_GUPPI (10299 TOAs)...
  [J1012-4235] zeroing residuals...
  [J1012-4235] adding red noise...
  [J1012-4235] white noise for Rcvr1_2_GUPPI (455 TOAs)...
  [J1012-4235] white noise for Rcvr_800_GUPPI (342 TOAs)...
  [J1022+1001] zeroing residuals...
  [J1022+1001] adding red noise...
  [J1022+1001] white noise for 430_PUPPI (232 TOAs)...
  [J1022+1001] white noise for L-wide_PUPPI (2592 TOAs)...
  [J1022+1001] white noise for S-wide_PUPPI (1154 TOAs)...
  [J1024-0719] zeroing residuals...
  [J1024-0719] adding red noise...
  [J1024-0719] white noise for Rcvr1_2_GASP (43 TOAs)...
  [J1024-0719] white noise for Rcvr1_2_GUPPI (7086 TOAs)...
  [J1024-0719] white noise for Rcvr_800_GASP (51 TOAs)...
  [J1024-0719] white noise for Rcvr_800_GUPPI (5455 TOAs)...
  [J1125+7819] zeroing residuals...
  [J1125+7819] adding red noise...
  [J1125+7819] white noise for Rcvr1_2_GUPPI (4016 TOAs)...
  [J1125+7819] white noise for Rcvr_800_GUPPI (4707 TOAs)...
  [J1312+0051] zeroing residuals...
  [J1312+0051] adding red noise...
  [J1312+0051] white noise for L-wide_PUPPI (1289 TOAs)...
  [J1312+0051] white noise for S-wide_PUPPI (416 TOAs)...
  [J1453+1902] zeroing residuals...
  [J1453+1902] adding red noise...
  [J1453+1902] white noise for 430_PUPPI (425 TOAs)...
  [J1453+1902] white noise for L-wide_PUPPI (2122 TOAs)...
  [J1453+1902] white noise for S-wide_PUPPI (4 TOAs)...
  [J1455-3330] zeroing residuals...
  [J1455-3330] adding red noise...
  [J1455-3330] white noise for Rcvr1_2_GASP (564 TOAs)...
  [J1455-3330] white noise for Rcvr1_2_GUPPI (4932 TOAs)...
  [J1455-3330] white noise for Rcvr_800_GASP (479 TOAs)...
  [J1455-3330] white noise for Rcvr_800_GUPPI (4843 TOAs)...
  [J1600-3053] zeroing residuals...
  [J1600-3053] adding red noise...
  [J1600-3053] white noise for Rcvr_800_GUPPI (8796 TOAs)...
  [J1600-3053] white noise for Rcvr1_2_GUPPI (10168 TOAs)...
  [J1600-3053] white noise for 3GHz_YUPPI (3237 TOAs)...
  [J1600-3053] white noise for Rcvr1_2_GASP (457 TOAs)...
  [J1600-3053] white noise for Rcvr_800_GASP (297 TOAs)...
  [J1614-2230] zeroing residuals...
  [J1614-2230] adding red noise...
  [J1614-2230] white noise for Rcvr1_2_GASP (84 TOAs)...
  [J1614-2230] white noise for Rcvr1_2_GUPPI (10509 TOAs)...
  [J1614-2230] white noise for Rcvr_800_GASP (84 TOAs)...
  [J1614-2230] white noise for Rcvr_800_GUPPI (7768 TOAs)...
  [J1630+3734] zeroing residuals...
  [J1630+3734] adding red noise...
  [J1630+3734] white noise for Rcvr1_2_GUPPI (909 TOAs)...
  [J1630+3734] white noise for Rcvr_800_GUPPI (906 TOAs)...
  [J1640+2224] zeroing residuals...
  [J1640+2224] adding red noise...
  [J1640+2224] white noise for 430_PUPPI (3157 TOAs)...
  [J1640+2224] white noise for L-wide_PUPPI (9847 TOAs)...
  [J1640+2224] white noise for 430_ASP (340 TOAs)...
  [J1640+2224] white noise for L-wide_ASP (722 TOAs)...
  [J1643-1224] zeroing residuals...
  [J1643-1224] adding red noise...
  [J1643-1224] white noise for Rcvr_800_GUPPI (7734 TOAs)...
  [J1643-1224] white noise for Rcvr1_2_GUPPI (8803 TOAs)...
  [J1643-1224] white noise for 3GHz_YUPPI (4215 TOAs)...
  [J1643-1224] white noise for Rcvr1_2_GASP (833 TOAs)...
  [J1643-1224] white noise for Rcvr_800_GASP (559 TOAs)...
  [J1705-1903] zeroing residuals...
  [J1705-1903] adding red noise...
  [J1705-1903] white noise for Rcvr1_2_GUPPI (6350 TOAs)...
  [J1705-1903] white noise for Rcvr_800_GUPPI (3521 TOAs)...
  [J1713+0747] zeroing residuals...
  [J1713+0747] adding red noise...
  [J1713+0747] white noise for L-wide_PUPPI (12743 TOAs)...
  [J1713+0747] white noise for S-wide_ASP (624 TOAs)...
  [J1713+0747] white noise for 1.5GHz_YUPPI (1461 TOAs)...
  [J1713+0747] white noise for Rcvr1_2_GUPPI (22334 TOAs)...
  [J1713+0747] white noise for Rcvr_800_GUPPI (8479 TOAs)...
  [J1713+0747] white noise for 3GHz_YUPPI (3282 TOAs)...
  [J1713+0747] white noise for L-wide_ASP (843 TOAs)...
  [J1713+0747] white noise for Rcvr1_2_GASP (1109 TOAs)...
  [J1713+0747] white noise for Rcvr_800_GASP (1032 TOAs)...
  [J1713+0747] white noise for S-wide_PUPPI (7482 TOAs)...
  [J1719-1438] zeroing residuals...
  [J1719-1438] adding red noise...
  [J1719-1438] white noise for Rcvr1_2_GUPPI (2722 TOAs)...
  [J1719-1438] white noise for Rcvr_800_GUPPI (3634 TOAs)...
  [J1730-2304] zeroing residuals...
  [J1730-2304] adding red noise...
  [J1730-2304] white noise for Rcvr1_2_GUPPI (2367 TOAs)...
  [J1730-2304] white noise for Rcvr_800_GUPPI (2503 TOAs)...
  [J1738+0333] zeroing residuals...
  [J1738+0333] adding red noise...
  [J1738+0333] white noise for L-wide_ASP (201 TOAs)...
  [J1738+0333] white noise for L-wide_PUPPI (6718 TOAs)...
  [J1738+0333] white noise for S-wide_ASP (134 TOAs)...
  [J1738+0333] white noise for S-wide_PUPPI (1737 TOAs)...
  [J1741+1351] zeroing residuals...
  [J1741+1351] adding red noise...
  [J1741+1351] white noise for L-wide_PUPPI (4045 TOAs)...
  [J1741+1351] white noise for S-wide_ASP (115 TOAs)...
  [J1741+1351] white noise for L-wide_ASP (236 TOAs)...
  [J1741+1351] white noise for 430_PUPPI (1159 TOAs)...
  [J1741+1351] white noise for 430_ASP (27 TOAs)...
  [J1744-1134] zeroing residuals...
  [J1744-1134] adding red noise...
  [J1744-1134] white noise for Rcvr1_2_GASP (807 TOAs)...
  [J1744-1134] white noise for Rcvr1_2_GUPPI (8109 TOAs)...
  [J1744-1134] white noise for Rcvr_800_GASP (930 TOAs)...
  [J1744-1134] white noise for Rcvr_800_GUPPI (7899 TOAs)...
  [J1745+1017] zeroing residuals...
  [J1745+1017] adding red noise...
  [J1745+1017] white noise for L-wide_PUPPI (2179 TOAs)...
  [J1745+1017] white noise for S-wide_PUPPI (838 TOAs)...
  [J1747-4036] zeroing residuals...
  [J1747-4036] adding red noise...
  [J1747-4036] white noise for Rcvr1_2_GUPPI (5239 TOAs)...
  [J1747-4036] white noise for Rcvr_800_GUPPI (5816 TOAs)...
  [J1751-2857] zeroing residuals...
  [J1751-2857] adding red noise...
  [J1751-2857] white noise for Rcvr1_2_GUPPI (1786 TOAs)...
  [J1751-2857] white noise for Rcvr_800_GUPPI (239 TOAs)...
  [J1802-2124] zeroing residuals...
  [J1802-2124] adding red noise...
  [J1802-2124] white noise for Rcvr1_2_GUPPI (3231 TOAs)...
  [J1802-2124] white noise for Rcvr_800_GUPPI (3565 TOAs)...
  [J1811-2405] zeroing residuals...
  [J1811-2405] adding red noise...
  [J1811-2405] white noise for Rcvr1_2_GUPPI (2638 TOAs)...
  [J1811-2405] white noise for Rcvr_800_GUPPI (2628 TOAs)...
  [J1832-0836] zeroing residuals...
  [J1832-0836] adding red noise...
  [J1832-0836] white noise for Rcvr1_2_GUPPI (4661 TOAs)...
  [J1832-0836] white noise for Rcvr_800_GUPPI (3078 TOAs)...
  [J1843-1113] zeroing residuals...
  [J1843-1113] adding red noise...
  [J1843-1113] white noise for Rcvr1_2_GUPPI (2394 TOAs)...
  [J1843-1113] white noise for Rcvr_800_GUPPI (2201 TOAs)...
  [J1853+1303] zeroing residuals...
  [J1853+1303] adding red noise...
  [J1853+1303] white noise for 430_PUPPI (1151 TOAs)...
  [J1853+1303] white noise for L-wide_PUPPI (3362 TOAs)...
  [J1853+1303] white noise for 430_ASP (24 TOAs)...
  [J1853+1303] white noise for L-wide_ASP (33 TOAs)...
  [J1903+0327] zeroing residuals...
  [J1903+0327] adding red noise...
  [J1903+0327] white noise for L-wide_PUPPI (3845 TOAs)...
  [J1903+0327] white noise for S-wide_ASP (151 TOAs)...
  [J1903+0327] white noise for 3GHz_YUPPI (439 TOAs)...
  [J1903+0327] white noise for L-wide_ASP (139 TOAs)...
  [J1903+0327] white noise for S-wide_PUPPI (2282 TOAs)...
  [J1909-3744] zeroing residuals...
  [J1909-3744] adding red noise...
  [J1909-3744] white noise for Rcvr_800_GUPPI (9399 TOAs)...
  [J1909-3744] white noise for Rcvr1_2_GUPPI (20439 TOAs)...
  [J1909-3744] white noise for 3GHz_YUPPI (3525 TOAs)...
  [J1909-3744] white noise for Rcvr1_2_GASP (808 TOAs)...
  [J1909-3744] white noise for Rcvr_800_GASP (866 TOAs)...
  [J1910+1256] zeroing residuals...
  [J1910+1256] adding red noise...
  [J1910+1256] white noise for L-wide_ASP (297 TOAs)...
  [J1910+1256] white noise for L-wide_PUPPI (4124 TOAs)...
  [J1910+1256] white noise for S-wide_ASP (208 TOAs)...
  [J1910+1256] white noise for S-wide_PUPPI (1857 TOAs)...
  [J1911+1347] zeroing residuals...
  [J1911+1347] adding red noise...
  [J1911+1347] white noise for 430_PUPPI (753 TOAs)...
  [J1911+1347] white noise for L-wide_PUPPI (3033 TOAs)...
  [J1918-0642] zeroing residuals...
  [J1918-0642] adding red noise...
  [J1918-0642] white noise for Rcvr1_2_GASP (778 TOAs)...
  [J1918-0642] white noise for Rcvr1_2_GUPPI (8910 TOAs)...
  [J1918-0642] white noise for Rcvr_800_GASP (835 TOAs)...
  [J1918-0642] white noise for Rcvr_800_GUPPI (8352 TOAs)...
  [J1923+2515] zeroing residuals...
  [J1923+2515] adding red noise...
  [J1923+2515] white noise for 430_PUPPI (922 TOAs)...
  [J1923+2515] white noise for L-wide_PUPPI (3028 TOAs)...
  [J1923+2515] white noise for 430_ASP (10 TOAs)...
  [J1923+2515] white noise for L-wide_ASP (14 TOAs)...
  [J1944+0907] zeroing residuals...
  [J1944+0907] adding red noise...
  [J1944+0907] white noise for L-wide_PUPPI (3900 TOAs)...
  [J1944+0907] white noise for S-wide_ASP (116 TOAs)...
  [J1944+0907] white noise for L-wide_ASP (257 TOAs)...
  [J1944+0907] white noise for 430_PUPPI (1017 TOAs)...
  [J1944+0907] white noise for 430_ASP (38 TOAs)...
  [J1946+3417] zeroing residuals...
  [J1946+3417] adding red noise...
  [J1946+3417] white noise for L-wide_PUPPI (3197 TOAs)...
  [J1946+3417] white noise for S-wide_PUPPI (1546 TOAs)...
  [J2010-1323] zeroing residuals...
  [J2010-1323] adding red noise...
  [J2010-1323] white noise for Rcvr1_2_GASP (70 TOAs)...
  [J2010-1323] white noise for Rcvr1_2_GUPPI (7779 TOAs)...
  [J2010-1323] white noise for Rcvr_800_GASP (70 TOAs)...
  [J2010-1323] white noise for Rcvr_800_GUPPI (9158 TOAs)...
  [J2017+0603] zeroing residuals...
  [J2017+0603] adding red noise...
  [J2017+0603] white noise for 430_PUPPI (78 TOAs)...
  [J2017+0603] white noise for S-wide_PUPPI (849 TOAs)...
  [J2017+0603] white noise for L-wide_PUPPI (2569 TOAs)...
  [J2017+0603] white noise for L-wide_ASP (16 TOAs)...
  [J2033+1734] zeroing residuals...
  [J2033+1734] adding red noise...
  [J2033+1734] white noise for 430_PUPPI (797 TOAs)...
  [J2033+1734] white noise for L-wide_PUPPI (3050 TOAs)...
  [J2043+1711] zeroing residuals...
  [J2043+1711] adding red noise...
  [J2043+1711] white noise for 430_PUPPI (2908 TOAs)...
  [J2043+1711] white noise for L-wide_PUPPI (4419 TOAs)...
  [J2043+1711] white noise for 430_ASP (30 TOAs)...
  [J2043+1711] white noise for L-wide_ASP (40 TOAs)...
  [J2124-3358] zeroing residuals...
  [J2124-3358] adding red noise...
  [J2124-3358] white noise for Rcvr1_2_GUPPI (2957 TOAs)...
  [J2124-3358] white noise for Rcvr_800_GUPPI (2025 TOAs)...
  [J2145-0750] zeroing residuals...
  [J2145-0750] adding red noise...
  [J2145-0750] white noise for Rcvr1_2_GASP (427 TOAs)...
  [J2145-0750] white noise for Rcvr1_2_GUPPI (9158 TOAs)...
  [J2145-0750] white noise for Rcvr_800_GASP (362 TOAs)...
  [J2145-0750] white noise for Rcvr_800_GUPPI (8728 TOAs)...
  [J2214+3000] zeroing residuals...
  [J2214+3000] adding red noise...
  [J2214+3000] white noise for L-wide_ASP (9 TOAs)...
  [J2214+3000] white noise for L-wide_PUPPI (5829 TOAs)...
  [J2214+3000] white noise for S-wide_PUPPI (1568 TOAs)...
  [J2229+2643] zeroing residuals...
  [J2229+2643] adding red noise...
  [J2229+2643] white noise for 430_PUPPI (956 TOAs)...
  [J2229+2643] white noise for L-wide_PUPPI (2755 TOAs)...
  [J2234+0611] zeroing residuals...
  [J2234+0611] adding red noise...
  [J2234+0611] white noise for 430_PUPPI (653 TOAs)...
  [J2234+0611] white noise for L-wide_PUPPI (2913 TOAs)...
  [J2234+0944] zeroing residuals...
  [J2234+0944] adding red noise...
  [J2234+0944] white noise for L-wide_PUPPI (5003 TOAs)...
  [J2234+0944] white noise for S-wide_PUPPI (2532 TOAs)...
  [J2302+4442] zeroing residuals...
  [J2302+4442] adding red noise...
  [J2302+4442] white noise for Rcvr1_2_GUPPI (3779 TOAs)...
  [J2302+4442] white noise for Rcvr_800_GUPPI (6432 TOAs)...
  [J2317+1439] zeroing residuals...
  [J2317+1439] adding red noise...
  [J2317+1439] white noise for L-wide_PUPPI (9563 TOAs)...
  [J2317+1439] white noise for 327_ASP (413 TOAs)...
  [J2317+1439] white noise for 327_PUPPI (276 TOAs)...
  [J2317+1439] white noise for 430_PUPPI (3217 TOAs)...
  [J2317+1439] white noise for 430_ASP (458 TOAs)...
  [J2322+2057] zeroing residuals...
  [J2322+2057] adding red noise...
  [J2322+2057] white noise for 430_PUPPI (752 TOAs)...
  [J2322+2057] white noise for L-wide_PUPPI (2196 TOAs)...
  [J2322+2057] white noise for S-wide_PUPPI (140 TOAs)...
Resetting pulsars to clean stoas...
Restore: 0.00 s
Inject: 0.00 s
Snapshotting into enterprise Pulsar objects...
Building PTA...
PTA build: 431.92 s
Computing optimal statistic...
OS time: 54.45 s
Total: 486.37 s
Noise-only SNR baseline: -0.9710

Generating SNR-consistent population...
Target SNR: 4.0
Resetting pulsars to clean stoas...
Restore: 0.00 s
Injecting population...
  B1855+09: RMS = 2291.530 ns
  B1937+21: RMS = 1709.509 ns
  B1953+29: RMS = 1602.744 ns
  J0023+0923: RMS = 4478.123 ns
  J0030+0451: RMS = 2225.943 ns
  J0340+4130: RMS = 3084.412 ns
  J0406+3039: RMS = 1134.405 ns
  J0437-4715: RMS = 4631.717 ns
  J0509+0856: RMS = 2481.364 ns
  J0557+1551: RMS = 647.447 ns
  J0605+3757: RMS = 1503.875 ns
  J0610-2100: RMS = 2757.468 ns
  J0613-0200: RMS = 2025.610 ns
  J0636+5128: RMS = 3145.335 ns
  J0645+5158: RMS = 3855.350 ns
  J0709+0458: RMS = 1571.215 ns
  J0740+6620: RMS = 5017.149 ns
  J0931-1902: RMS = 2247.409 ns
  J1012+5307: RMS = 2429.917 ns
  J1012-4235: RMS = 2074.711 ns
  J1022+1001: RMS = 1637.668 ns
  J1024-0719: RMS = 1275.291 ns
  J1125+7819: RMS = 3002.027 ns
  J1312+0051: RMS = 3360.536 ns
  J1453+1902: RMS = 2161.598 ns
  J1455-3330: RMS = 2293.958 ns
  J1600-3053: RMS = 2353.602 ns
  J1614-2230: RMS = 1610.761 ns
  J1630+3734: RMS = 4133.711 ns
  J1640+2224: RMS = 2929.519 ns
  J1643-1224: RMS = 900.100 ns
  J1705-1903: RMS = 672.861 ns
  J1713+0747: RMS = 3596.990 ns
  J1719-1438: RMS = 1169.164 ns
  J1730-2304: RMS = 264.599 ns
  J1738+0333: RMS = 2413.096 ns
  J1741+1351: RMS = 3675.769 ns
  J1744-1134: RMS = 1639.253 ns
  J1745+1017: RMS = 2293.163 ns
  J1747-4036: RMS = 1895.033 ns
  J1751-2857: RMS = 807.718 ns
  J1802-2124: RMS = 363.693 ns
  J1811-2405: RMS = 770.922 ns
  J1832-0836: RMS = 1767.223 ns
  J1843-1113: RMS = 689.235 ns
  J1853+1303: RMS = 2381.514 ns
  J1903+0327: RMS = 1601.179 ns
  J1909-3744: RMS = 2589.867 ns
  J1910+1256: RMS = 1985.888 ns
  J1911+1347: RMS = 1870.355 ns
  J1918-0642: RMS = 1358.501 ns
  J1923+2515: RMS = 1771.229 ns
  J1944+0907: RMS = 1607.517 ns
  J1946+3417: RMS = 1582.002 ns
  J2010-1323: RMS = 1604.981 ns
  J2017+0603: RMS = 865.299 ns
  J2033+1734: RMS = 1493.859 ns
  J2043+1711: RMS = 788.932 ns
  J2124-3358: RMS = 2971.257 ns
  J2145-0750: RMS = 1860.712 ns
  J2214+3000: RMS = 2684.537 ns
  J2229+2643: RMS = 1794.290 ns
  J2234+0611: RMS = 1554.087 ns
  J2234+0944: RMS = 3226.181 ns
  J2302+4442: RMS = 1472.676 ns
  J2317+1439: RMS = 2685.393 ns
  J2322+2057: RMS = 2760.667 ns
Inject: 0.84 s
Snapshotting into enterprise Pulsar objects...
Building PTA...
PTA build: 441.80 s
Computing optimal statistic...
OS time: 48.87 s
Total: 491.52 s
Initial SNR: 54.0652, Target SNR: 4.0000
  Initial SNR 54.0652 outside of provided SNR_range [3.5, 4.25] — rescaling.
Scaling distances by factor 3.3274 to achieve target SNR...
Resetting pulsars to clean stoas...
Restore: 0.00 s
Injecting population...
  B1855+09: RMS = 688.688 ns
  B1937+21: RMS = 513.769 ns
  B1953+29: RMS = 481.682 ns
  J0023+0923: RMS = 1345.837 ns
  J0030+0451: RMS = 668.976 ns
  J0340+4130: RMS = 926.977 ns
  J0406+3039: RMS = 340.930 ns
  J0437-4715: RMS = 1391.998 ns
  J0509+0856: RMS = 745.740 ns
  J0557+1551: RMS = 194.581 ns
  J0605+3757: RMS = 451.969 ns
  J0610-2100: RMS = 828.719 ns
  J0613-0200: RMS = 608.769 ns
  J0636+5128: RMS = 945.287 ns
  J0645+5158: RMS = 1158.672 ns
  J0709+0458: RMS = 472.207 ns
  J0740+6620: RMS = 1507.834 ns
  J0931-1902: RMS = 675.427 ns
  J1012+5307: RMS = 730.278 ns
  J1012-4235: RMS = 623.526 ns
  J1022+1001: RMS = 492.178 ns
  J1024-0719: RMS = 383.271 ns
  J1125+7819: RMS = 902.217 ns
  J1312+0051: RMS = 1009.962 ns
  J1453+1902: RMS = 649.638 ns
  J1455-3330: RMS = 689.417 ns
  J1600-3053: RMS = 707.342 ns
  J1614-2230: RMS = 484.092 ns
  J1630+3734: RMS = 1242.329 ns
  J1640+2224: RMS = 880.426 ns
  J1643-1224: RMS = 270.513 ns
  J1705-1903: RMS = 202.219 ns
  J1713+0747: RMS = 1081.025 ns
  J1719-1438: RMS = 351.376 ns
  J1730-2304: RMS = 79.521 ns
  J1738+0333: RMS = 725.222 ns
  J1741+1351: RMS = 1104.701 ns
  J1744-1134: RMS = 492.655 ns
  J1745+1017: RMS = 689.178 ns
  J1747-4036: RMS = 569.526 ns
  J1751-2857: RMS = 242.748 ns
  J1802-2124: RMS = 109.303 ns
  J1811-2405: RMS = 231.690 ns
  J1832-0836: RMS = 531.114 ns
  J1843-1113: RMS = 207.140 ns
  J1853+1303: RMS = 715.731 ns
  J1903+0327: RMS = 481.212 ns
  J1909-3744: RMS = 778.348 ns
  J1910+1256: RMS = 596.831 ns
  J1911+1347: RMS = 562.109 ns
  J1918-0642: RMS = 408.279 ns
  J1923+2515: RMS = 532.318 ns
  J1944+0907: RMS = 483.117 ns
  J1946+3417: RMS = 475.449 ns
  J2010-1323: RMS = 482.355 ns
  J2017+0603: RMS = 260.054 ns
  J2033+1734: RMS = 448.959 ns
  J2043+1711: RMS = 237.102 ns
  J2124-3358: RMS = 892.970 ns
  J2145-0750: RMS = 559.211 ns
  J2214+3000: RMS = 806.800 ns
  J2229+2643: RMS = 539.249 ns
  J2234+0611: RMS = 467.059 ns
  J2234+0944: RMS = 969.584 ns
  J2302+4442: RMS = 442.592 ns
  J2317+1439: RMS = 807.058 ns
  J2322+2057: RMS = 829.680 ns
Inject: 0.85 s
Snapshotting into enterprise Pulsar objects...
Building PTA...
PTA build: 441.74 s
Computing optimal statistic...
OS time: 62.99 s
Total: 505.59 s
  SNR 4.5229 outside of provided SNR_range [3.5, 4.25] — rescaling.
[Iteration 1/4] SNR after scaling: 4.5229 (target: 4.0000)
  SNR history: it0→54.0652@1.0000x, it1→4.5229@3.3274x
  Re-scaling distances by factor 1.0536  (cumulative after: 3.5056×)
Resetting pulsars to clean stoas...
Restore: 22.23 s
Injecting population...
  B1855+09: RMS = 653.675 ns
  B1937+21: RMS = 487.650 ns
  B1953+29: RMS = 457.194 ns
  J0023+0923: RMS = 1277.416 ns
  J0030+0451: RMS = 634.966 ns
  J0340+4130: RMS = 879.851 ns
  J0406+3039: RMS = 323.597 ns
  J0437-4715: RMS = 1321.230 ns
  J0509+0856: RMS = 707.827 ns
  J0557+1551: RMS = 184.689 ns
  J0605+3757: RMS = 428.991 ns
  J0610-2100: RMS = 786.587 ns
  J0613-0200: RMS = 577.820 ns
  J0636+5128: RMS = 897.229 ns
  J0645+5158: RMS = 1099.766 ns
  J0709+0458: RMS = 448.200 ns
  J0740+6620: RMS = 1431.178 ns
  J0931-1902: RMS = 641.089 ns
  J1012+5307: RMS = 693.151 ns
  J1012-4235: RMS = 591.826 ns
  J1022+1001: RMS = 467.156 ns
  J1024-0719: RMS = 363.786 ns
  J1125+7819: RMS = 856.350 ns
  J1312+0051: RMS = 958.617 ns
  J1453+1902: RMS = 616.611 ns
  J1455-3330: RMS = 654.368 ns
  J1600-3053: RMS = 671.382 ns
  J1614-2230: RMS = 459.481 ns
  J1630+3734: RMS = 1179.171 ns
  J1640+2224: RMS = 835.666 ns
  J1643-1224: RMS = 256.760 ns
  J1705-1903: RMS = 191.938 ns
  J1713+0747: RMS = 1026.067 ns
  J1719-1438: RMS = 333.512 ns
  J1730-2304: RMS = 75.479 ns
  J1738+0333: RMS = 688.353 ns
  J1741+1351: RMS = 1048.539 ns
  J1744-1134: RMS = 467.609 ns
  J1745+1017: RMS = 654.141 ns
  J1747-4036: RMS = 540.572 ns
  J1751-2857: RMS = 230.407 ns
  J1802-2124: RMS = 103.746 ns
  J1811-2405: RMS = 219.911 ns
  J1832-0836: RMS = 504.113 ns
  J1843-1113: RMS = 196.609 ns
  J1853+1303: RMS = 679.344 ns
  J1903+0327: RMS = 456.748 ns
  J1909-3744: RMS = 738.778 ns
  J1910+1256: RMS = 566.489 ns
  J1911+1347: RMS = 533.532 ns
  J1918-0642: RMS = 387.522 ns
  J1923+2515: RMS = 505.256 ns
  J1944+0907: RMS = 458.556 ns
  J1946+3417: RMS = 451.277 ns
  J2010-1323: RMS = 457.832 ns
  J2017+0603: RMS = 246.833 ns
  J2033+1734: RMS = 426.134 ns
  J2043+1711: RMS = 225.048 ns
  J2124-3358: RMS = 847.572 ns
  J2145-0750: RMS = 530.781 ns
  J2214+3000: RMS = 765.783 ns
  J2229+2643: RMS = 511.834 ns
  J2234+0611: RMS = 443.315 ns
  J2234+0944: RMS = 920.291 ns
  J2302+4442: RMS = 420.091 ns
  J2317+1439: RMS = 766.028 ns
  J2322+2057: RMS = 787.500 ns
Inject: 0.93 s
Snapshotting into enterprise Pulsar objects...
Building PTA...
PTA build: 453.32 s
Computing optimal statistic...
OS time: 53.57 s
Total: 530.05 s
  ✓ SNR is within the provided SNR_range: 4.0148 ∈ [3.5, 4.25]

Final SNR history:
  it 0: cumulative_scale=1.0000×  SNR=54.0652
  it 1: cumulative_scale=3.3274×  SNR=4.5229
  it 2: cumulative_scale=3.5056×  SNR=4.0148
✓ Simulation 1 done (1529.2 s)

======================================================================
ENSEMBLE SUMMARY
======================================================================
Success rate: 100.0% (1/1)

Binaries per population:
  Mean ± std : 20000 ± 0
  Range      : [20000, 20000]

SNR achieved:
  Mean ± std : 4.0148 ± 0.0000
  Range      : [4.0148, 4.0148]

Total time: 2055.8 s (34.3 min)
======================================================================

💾 Saved: data/2026-04-29/realistic_run_160/consistent_population_realistic_targetSNR4.25_sims1.json
💾 Saved compressed pickle: data/2026-04-29/realistic_run_160/consistent_population_realistic_targetSNR4.25_sims1.pkl.gz

======================================================================
CONTINUOUS WAVE SNR ANALYSIS
======================================================================

--- Population 1 ---
Precomputation of phiinvs, TNTs, Ts, Nvecs, Sigmas took 0.04 seconds.
Total SNR computation for population took 398.27 seconds.
Top 50 CGW candidates:
   1. proxy_rank=  27  sky_w=1.36  f=1.86e-08 Hz  Mc=1.37e+10 Msun  h0=8.67e-15  SNR=13.904
   2. proxy_rank=  13  sky_w=1.00  f=3.74e-09 Hz  Mc=1.19e+10 Msun  h0=4.49e-15  SNR=3.980
   3. proxy_rank=   2  sky_w=1.20  f=3.11e-09 Hz  Mc=1.60e+10 Msun  h0=5.66e-15  SNR=3.468
   4. proxy_rank=   1  sky_w=1.42  f=2.05e-09 Hz  Mc=4.40e+10 Msun  h0=6.30e-15  SNR=3.260
   5. proxy_rank=  85  sky_w=1.57  f=1.06e-08 Hz  Mc=1.19e+10 Msun  h0=1.97e-15  SNR=3.010
   6. proxy_rank=  16  sky_w=1.57  f=3.94e-09 Hz  Mc=1.45e+10 Msun  h0=2.15e-15  SNR=2.860
   7. proxy_rank= 139  sky_w=1.48  f=9.69e-09 Hz  Mc=9.54e+09 Msun  h0=1.28e-15  SNR=2.790
   8. proxy_rank=  75  sky_w=1.39  f=8.48e-09 Hz  Mc=1.34e+10 Msun  h0=2.15e-15  SNR=2.733
   9. proxy_rank=  55  sky_w=1.40  f=5.39e-09 Hz  Mc=1.21e+10 Msun  h0=1.69e-15  SNR=2.234
  10. proxy_rank=  17  sky_w=1.53  f=3.57e-09 Hz  Mc=1.82e+10 Msun  h0=1.98e-15  SNR=2.178
  11. proxy_rank=  45  sky_w=1.30  f=3.74e-09 Hz  Mc=1.29e+10 Msun  h0=1.39e-15  SNR=1.549
  12. proxy_rank=  41  sky_w=1.45  f=4.16e-09 Hz  Mc=1.32e+10 Msun  h0=1.48e-15  SNR=1.514
  13. proxy_rank=  61  sky_w=1.58  f=3.94e-09 Hz  Mc=7.98e+09 Msun  h0=1.02e-15  SNR=1.421
  14. proxy_rank=  12  sky_w=0.91  f=2.40e-09 Hz  Mc=2.42e+10 Msun  h0=3.33e-15  SNR=1.396
  15. proxy_rank=  63  sky_w=1.03  f=3.97e-09 Hz  Mc=1.48e+10 Msun  h0=1.52e-15  SNR=1.392
  16. proxy_rank=  11  sky_w=0.60  f=2.59e-09 Hz  Mc=3.86e+10 Msun  h0=5.55e-15  SNR=1.368
  17. proxy_rank=  19  sky_w=1.39  f=3.31e-09 Hz  Mc=1.81e+10 Msun  h0=1.83e-15  SNR=1.342
  18. proxy_rank=   6  sky_w=0.92  f=2.30e-09 Hz  Mc=3.30e+10 Msun  h0=4.11e-15  SNR=1.295
  19. proxy_rank=   5  sky_w=0.55  f=2.03e-09 Hz  Mc=2.28e+10 Msun  h0=6.23e-15  SNR=1.280
  20. proxy_rank=  14  sky_w=1.19  f=3.24e-09 Hz  Mc=2.52e+10 Msun  h0=3.20e-15  SNR=1.197
  21. proxy_rank= 109  sky_w=1.26  f=7.99e-09 Hz  Mc=1.11e+10 Msun  h0=1.47e-15  SNR=1.170
  22. proxy_rank=   9  sky_w=1.43  f=2.42e-09 Hz  Mc=2.37e+10 Msun  h0=2.40e-15  SNR=1.118
  23. proxy_rank= 218  sky_w=1.04  f=7.44e-09 Hz  Mc=8.66e+09 Msun  h0=9.23e-16  SNR=1.067
  24. proxy_rank=  52  sky_w=1.02  f=5.56e-09 Hz  Mc=1.76e+10 Msun  h0=2.50e-15  SNR=1.058
  25. proxy_rank= 583  sky_w=1.46  f=2.89e-08 Hz  Mc=4.80e+09 Msun  h0=8.40e-16  SNR=1.038
  26. proxy_rank= 134  sky_w=1.55  f=5.93e-09 Hz  Mc=7.97e+09 Msun  h0=7.72e-16  SNR=1.023
  27. proxy_rank=  29  sky_w=0.65  f=2.57e-09 Hz  Mc=2.08e+10 Msun  h0=2.50e-15  SNR=1.018
  28. proxy_rank=  39  sky_w=1.55  f=4.62e-09 Hz  Mc=1.44e+10 Msun  h0=1.64e-15  SNR=1.013
  29. proxy_rank= 378  sky_w=1.47  f=1.01e-08 Hz  Mc=5.28e+09 Msun  h0=4.93e-16  SNR=1.010
  30. proxy_rank=   4  sky_w=1.45  f=2.07e-09 Hz  Mc=2.61e+10 Msun  h0=2.44e-15  SNR=0.988
  31. proxy_rank=  66  sky_w=0.83  f=5.61e-09 Hz  Mc=1.78e+10 Msun  h0=2.60e-15  SNR=0.987
  32. proxy_rank=  25  sky_w=1.52  f=2.96e-09 Hz  Mc=1.50e+10 Msun  h0=1.29e-15  SNR=0.976
  33. proxy_rank= 119  sky_w=1.09  f=4.29e-09 Hz  Mc=9.48e+09 Msun  h0=8.49e-16  SNR=0.962
  34. proxy_rank= 143  sky_w=1.14  f=4.94e-09 Hz  Mc=7.16e+09 Msun  h0=8.41e-16  SNR=0.957
  35. proxy_rank= 107  sky_w=1.17  f=5.06e-09 Hz  Mc=1.05e+10 Msun  h0=1.02e-15  SNR=0.941
  36. proxy_rank=  30  sky_w=1.37  f=2.65e-09 Hz  Mc=1.06e+10 Msun  h0=1.19e-15  SNR=0.936
  37. proxy_rank=  40  sky_w=1.00  f=3.70e-09 Hz  Mc=1.81e+10 Msun  h0=1.95e-15  SNR=0.891
  38. proxy_rank= 301  sky_w=1.29  f=7.12e-09 Hz  Mc=6.21e+09 Msun  h0=5.07e-16  SNR=0.871
  39. proxy_rank=  53  sky_w=0.68  f=3.09e-09 Hz  Mc=8.22e+09 Msun  h0=2.07e-15  SNR=0.863
  40. proxy_rank=  10  sky_w=1.51  f=2.11e-09 Hz  Mc=2.09e+10 Msun  h0=1.91e-15  SNR=0.857
  41. proxy_rank=   3  sky_w=0.85  f=2.02e-09 Hz  Mc=1.24e+10 Msun  h0=4.20e-15  SNR=0.816
  42. proxy_rank= 318  sky_w=1.17  f=6.99e-09 Hz  Mc=5.91e+09 Msun  h0=5.18e-16  SNR=0.803
  43. proxy_rank= 124  sky_w=1.23  f=4.68e-09 Hz  Mc=7.87e+09 Msun  h0=8.11e-16  SNR=0.797
  44. proxy_rank=  58  sky_w=0.95  f=2.94e-09 Hz  Mc=1.59e+10 Msun  h0=1.34e-15  SNR=0.792
  45. proxy_rank=   7  sky_w=1.49  f=2.05e-09 Hz  Mc=2.27e+10 Msun  h0=2.20e-15  SNR=0.772
  46. proxy_rank= 310  sky_w=1.44  f=6.84e-09 Hz  Mc=5.63e+09 Msun  h0=4.24e-16  SNR=0.760
  47. proxy_rank=  15  sky_w=1.43  f=2.71e-09 Hz  Mc=1.77e+10 Msun  h0=2.09e-15  SNR=0.739
  48. proxy_rank=  50  sky_w=1.30  f=2.83e-09 Hz  Mc=1.07e+10 Msun  h0=1.01e-15  SNR=0.721
  49. proxy_rank= 183  sky_w=1.10  f=5.35e-09 Hz  Mc=7.92e+09 Msun  h0=7.35e-16  SNR=0.679
  50. proxy_rank=  18  sky_w=1.43  f=2.05e-09 Hz  Mc=1.70e+10 Msun  h0=1.19e-15  SNR=0.677
💾 Saved: data/2026-04-29/realistic_run_160/consistent_population_realistic_targetSNR4.25_sims1.json
💾 Saved compressed pickle: data/2026-04-29/realistic_run_160/consistent_population_realistic_targetSNR4.25_sims1.pkl.gz
Saved to figures/cgw_analysis_realistic.pdf

======================================================================
ANALYSIS COMPLETE
Results saved to: data/2026-04-29/realistic_run_160
======================================================================

==========================================
Job finished at: Wed Apr 29 13:49:54 AEST 2026
Exit code: 0
==========================================

+------------------ Job Report: 11737028 (COMPLETED) ------------------+
| Memory (RAM)  [################### ] 99.7% (31.9 GB peak / 32 GB)    |
| CPU           [################    ] 80.6% average                   |
| Time          [---------->         ] 53.9% (0-00:43:09 / 0-01:20:00) |
|                                                                      |
| Lustre Filesystem:                                                   |
|   Path    Total Read    Total Write    Total IOPS                    |
|   ------  ------------  -------------  ------------                  |
|   /apps   0 B           0 B            424                           |
|   /fred   228 KB        6.3 MB         127                           |
|   /home   24 KB         0 B            2.6 K                         |
|   OS      0 B           0 B            3                             |
|                                                                      |
| Warnings:                                                            |
|   - Too much time requested                                          |
+----------------------------------------------------------------------+
