==========================================
Job ID: 11737324
Job Name: smbhb_realistic
Node: dave305
Start Time: Wed Apr 29 13:32:39 AEST 2026
==========================================

/home/bhoulden/.conda/envs/smbhb312/share/tempo2
Working directory: /fred/oz005/users/bhoulden/SMBHB_population_injections

Loaded modules:

Starting SMBHB analysis...
==========================================

📁 Save directory: data/2026-04-29/realistic_run_191
📝 Run name: realistic_run_191

[MEM] Start: 244.8 MB

📡 Loading pulsars...
======================================================================
LOADING NANOGRAV PULSARS (libstempo)
======================================================================

📦 Loading from cache: nanograv_pulsars_cache.pkl
⚠ Cache load failed: Ran out of input
[DEBUG] Found 76 .par files
[tempo2Util.C:396] Warning: [MISC1] Unknown parameter in par file:  DMDATA
[tempo2Util.C:401] Warning: [DUP1] duplicated warnings have been suppressed.

WARNING: Using tempo RNAMP parameter: setting TNRedC to 100!
[observatory.C:271] Warning: Assuming site 'arecibo' means 'ao'
✓ Loaded B1855+09 (7758 TOAs)

WARNING: Using tempo RNAMP parameter: setting TNRedC to 100!
✓ Loaded B1937+21 (23023 TOAs)

WARNING: Using tempo RNAMP parameter: setting TNRedC to 100!
✓ Loaded B1937+21ao (7241 TOAs)

WARNING: Using tempo RNAMP parameter: setting TNRedC to 100!
✓ Loaded B1937+21gbt (16048 TOAs)

WARNING: Using tempo RNAMP parameter: setting TNRedC to 100!
✓ Loaded B1953+29 (5126 TOAs)
✓ Loaded J0023+0923 (15896 TOAs)

WARNING: Using tempo RNAMP parameter: setting TNRedC to 100!
✓ Loaded J0030+0451 (19571 TOAs)
✓ Loaded J0340+4130 (11093 TOAs)
✓ Loaded J0406+3039 (2446 TOAs)

WARNING: Using tempo RNAMP parameter: setting TNRedC to 100!
✓ Loaded J0437-4715 (5830 TOAs)
✓ Loaded J0509+0856 (2169 TOAs)
✓ Loaded J0557+1551 (525 TOAs)
✓ Loaded J0605+3757 (554 TOAs)

WARNING: Using tempo RNAMP parameter: setting TNRedC to 100!
✓ Loaded J0610-2100 (4885 TOAs)

WARNING: Using tempo RNAMP parameter: setting TNRedC to 100!
✓ Loaded J0613-0200 (17124 TOAs)
✓ Loaded J0614-3329 (1714 TOAs)
✓ Loaded J0636+5128 (32222 TOAs)
✓ Loaded J0645+5158 (10403 TOAs)
✓ Loaded J0709+0458 (3030 TOAs)
✓ Loaded J0740+6620 (13401 TOAs)
✓ Loaded J0931-1902 (5473 TOAs)

WARNING: Using tempo RNAMP parameter: setting TNRedC to 100!
✓ Loaded J1012+5307 (25837 TOAs)
✓ Loaded J1012-4235 (797 TOAs)
✓ Loaded J1022+1001 (3978 TOAs)
✓ Loaded J1024-0719 (12635 TOAs)
✓ Loaded J1125+7819 (8723 TOAs)
✓ Loaded J1312+0051 (1705 TOAs)
✓ Loaded J1453+1902 (2551 TOAs)
✓ Loaded J1455-3330 (10818 TOAs)

WARNING: Using tempo RNAMP parameter: setting TNRedC to 100!
✓ Loaded J1600-3053 (22955 TOAs)

WARNING: Using tempo RNAMP parameter: setting TNRedC to 100!
✓ Loaded J1600-3053gbt (19725 TOAs)

WARNING: Using tempo RNAMP parameter: setting TNRedC to 100!
✓ Loaded J1614-2230 (18445 TOAs)
✓ Loaded J1630+3734 (1815 TOAs)
✓ Loaded J1640+2224 (14066 TOAs)

WARNING: Using tempo RNAMP parameter: setting TNRedC to 100!
✓ Loaded J1643-1224 (22144 TOAs)

WARNING: Using tempo RNAMP parameter: setting TNRedC to 100!
✓ Loaded J1643-1224gbt (17932 TOAs)

WARNING: Using tempo RNAMP parameter: setting TNRedC to 100!
✓ Loaded J1705-1903 (9871 TOAs)

WARNING: Using tempo RNAMP parameter: setting TNRedC to 100!
✓ Loaded J1713+0747 (59389 TOAs)

WARNING: Using tempo RNAMP parameter: setting TNRedC to 100!
✓ Loaded J1713+0747ao (21362 TOAs)

WARNING: Using tempo RNAMP parameter: setting TNRedC to 100!
✓ Loaded J1713+0747gbt (32963 TOAs)
✓ Loaded J1719-1438 (6356 TOAs)
✓ Loaded J1730-2304 (4870 TOAs)
✓ Loaded J1738+0333 (8790 TOAs)
✓ Loaded J1741+1351 (5582 TOAs)

WARNING: Using tempo RNAMP parameter: setting TNRedC to 100!
✓ Loaded J1744-1134 (17745 TOAs)

WARNING: Using tempo RNAMP parameter: setting TNRedC to 100!
✓ Loaded J1745+1017 (3017 TOAs)

WARNING: Using tempo RNAMP parameter: setting TNRedC to 100!
✓ Loaded J1747-4036 (11055 TOAs)
✓ Loaded J1751-2857 (2025 TOAs)

WARNING: Using tempo RNAMP parameter: setting TNRedC to 100!
✓ Loaded J1802-2124 (6796 TOAs)
✓ Loaded J1811-2405 (5266 TOAs)
✓ Loaded J1832-0836 (7739 TOAs)
✓ Loaded J1843-1113 (4595 TOAs)

WARNING: Using tempo RNAMP parameter: setting TNRedC to 100!
✓ Loaded J1853+1303 (4570 TOAs)

WARNING: Using tempo RNAMP parameter: setting TNRedC to 100!
✓ Loaded J1903+0327 (6856 TOAs)

WARNING: Using tempo RNAMP parameter: setting TNRedC to 100!
✓ Loaded J1903+0327ao (6423 TOAs)

WARNING: Using tempo RNAMP parameter: setting TNRedC to 100!
✓ Loaded J1909-3744 (35037 TOAs)

WARNING: Using tempo RNAMP parameter: setting TNRedC to 100!
✓ Loaded J1909-3744gbt (31526 TOAs)
✓ Loaded J1910+1256 (6486 TOAs)
✓ Loaded J1911+1347 (3786 TOAs)
✓ Loaded J1918-0642 (18875 TOAs)
✓ Loaded J1923+2515 (3974 TOAs)
✓ Loaded J1944+0907 (5328 TOAs)

WARNING: Using tempo RNAMP parameter: setting TNRedC to 100!
✓ Loaded J1946+3417 (4743 TOAs)
✓ Loaded J2010-1323 (17077 TOAs)
✓ Loaded J2017+0603 (3512 TOAs)
✓ Loaded J2033+1734 (3847 TOAs)
✓ Loaded J2043+1711 (7397 TOAs)
✓ Loaded J2124-3358 (4982 TOAs)

WARNING: Using tempo RNAMP parameter: setting TNRedC to 100!
✓ Loaded J2145-0750 (18675 TOAs)
✓ Loaded J2214+3000 (7406 TOAs)
✓ Loaded J2229+2643 (3711 TOAs)

WARNING: Using tempo RNAMP parameter: setting TNRedC to 100!
✓ Loaded J2234+0611 (3566 TOAs)
✓ Loaded J2234+0944 (7535 TOAs)
✓ Loaded J2302+4442 (10211 TOAs)
✓ Loaded J2317+1439 (13927 TOAs)
✓ Loaded J2322+2057 (3088 TOAs)
⚠ Could not save cache: no default __reduce__ due to non-trivial __cinit__

✓ Loaded 76 pulsars
✗ Failed: 0 — []
[MEM] After loading pulsars: 8864.7 MB

🔍 Filtering pulsars...

Filtered: 76 → 67 pulsars
[MEM] After filtering pulsars: 8865.8 MB
[MEM] After garbage collection: 8865.9 MB

======================================================================
SMBHB POPULATION ANALYSIS
======================================================================

Configuration: realistic
  Medium mass, medium spread in distance, medium population
  N_binaries: 20000

======================================================================
CONSISTENT POPULATION SYNTHESIS
======================================================================

======================================================================
GENERATING SNR-CONSISTENT POPULATIONS
======================================================================
Target SNR:          4.0
Simulations:         1
======================================================================


──────────────────────────────────────────────────────────────────────
SIMULATION 1/1
──────────────────────────────────────────────────────────────────────
  [B1855+09] zeroing residuals...
  [B1855+09] adding red noise...
  [B1855+09] white noise for 430_PUPPI (1185 TOAs)...
  [B1855+09] white noise for 430_ASP (390 TOAs)...
  [B1855+09] white noise for L-wide_PUPPI (5005 TOAs)...
  [B1855+09] white noise for L-wide_ASP (1178 TOAs)...
  [B1937+21] zeroing residuals...
  [B1937+21] adding red noise...
  [B1937+21] white noise for Rcvr1_2_GUPPI (7048 TOAs)...
  [B1937+21] white noise for Rcvr_800_GUPPI (7140 TOAs)...
  [B1937+21] white noise for S-wide_PUPPI (2251 TOAs)...
  [B1937+21] white noise for S-wide_ASP (344 TOAs)...
  [B1937+21] white noise for Rcvr_800_GASP (586 TOAs)...
  [B1937+21] white noise for Rcvr1_2_GASP (1069 TOAs)...
  [B1937+21] white noise for L-wide_ASP (452 TOAs)...
  [B1937+21] white noise for L-wide_PUPPI (4133 TOAs)...
  [B1953+29] zeroing residuals...
  [B1953+29] adding red noise...
  [B1953+29] white noise for 430_PUPPI (941 TOAs)...
  [B1953+29] white noise for 430_ASP (29 TOAs)...
  [B1953+29] white noise for S-wide_ASP (25 TOAs)...
  [B1953+29] white noise for L-wide_ASP (94 TOAs)...
  [B1953+29] white noise for L-wide_PUPPI (4037 TOAs)...
  [J0023+0923] zeroing residuals...
  [J0023+0923] adding red noise...
  [J0023+0923] white noise for 430_PUPPI (4564 TOAs)...
  [J0023+0923] white noise for 430_ASP (90 TOAs)...
  [J0023+0923] white noise for L-wide_PUPPI (11123 TOAs)...
  [J0023+0923] white noise for L-wide_ASP (119 TOAs)...
  [J0030+0451] zeroing residuals...
  [J0030+0451] adding red noise...
  [J0030+0451] white noise for 430_PUPPI (3068 TOAs)...
  [J0030+0451] white noise for S-wide_PUPPI (2673 TOAs)...
  [J0030+0451] white noise for 430_ASP (267 TOAs)...
  [J0030+0451] white noise for L-wide_ASP (789 TOAs)...
  [J0030+0451] white noise for L-wide_PUPPI (12774 TOAs)...
  [J0340+4130] zeroing residuals...
  [J0340+4130] adding red noise...
  [J0340+4130] white noise for Rcvr_800_GUPPI (6056 TOAs)...
  [J0340+4130] white noise for Rcvr1_2_GUPPI (5037 TOAs)...
  [J0406+3039] zeroing residuals...
  [J0406+3039] adding red noise...
  [J0406+3039] white noise for L-wide_PUPPI (1871 TOAs)...
  [J0406+3039] white noise for S-wide_PUPPI (575 TOAs)...
  [J0437-4715] zeroing residuals...
  [J0437-4715] adding red noise...
  [J0437-4715] white noise for 3GHz_YUPPI (3696 TOAs)...
  [J0437-4715] white noise for 1.5GHz_YUPPI (2134 TOAs)...
  [J0509+0856] zeroing residuals...
  [J0509+0856] adding red noise...
  [J0509+0856] white noise for L-wide_PUPPI (1625 TOAs)...
  [J0509+0856] white noise for S-wide_PUPPI (544 TOAs)...
  [J0557+1551] zeroing residuals...
  [J0557+1551] adding red noise...
  [J0557+1551] white noise for L-wide_PUPPI (467 TOAs)...
  [J0557+1551] white noise for S-wide_PUPPI (58 TOAs)...
  [J0605+3757] zeroing residuals...
  [J0605+3757] adding red noise...
  [J0605+3757] white noise for Rcvr_800_GUPPI (236 TOAs)...
  [J0605+3757] white noise for Rcvr1_2_GUPPI (318 TOAs)...
  [J0610-2100] zeroing residuals...
  [J0610-2100] adding red noise...
  [J0610-2100] white noise for Rcvr_800_GUPPI (2484 TOAs)...
  [J0610-2100] white noise for Rcvr1_2_GUPPI (2401 TOAs)...
  [J0613-0200] zeroing residuals...
  [J0613-0200] adding red noise...
  [J0613-0200] white noise for Rcvr_800_GUPPI (7900 TOAs)...
  [J0613-0200] white noise for Rcvr1_2_GUPPI (7423 TOAs)...
  [J0613-0200] white noise for Rcvr_800_GASP (809 TOAs)...
  [J0613-0200] white noise for Rcvr1_2_GASP (992 TOAs)...
  [J0636+5128] zeroing residuals...
  [J0636+5128] adding red noise...
  [J0636+5128] white noise for Rcvr_800_GUPPI (17419 TOAs)...
  [J0636+5128] white noise for Rcvr1_2_GUPPI (14803 TOAs)...
  [J0645+5158] zeroing residuals...
  [J0645+5158] adding red noise...
  [J0645+5158] white noise for Rcvr_800_GUPPI (4682 TOAs)...
  [J0645+5158] white noise for Rcvr1_2_GUPPI (5721 TOAs)...
  [J0709+0458] zeroing residuals...
  [J0709+0458] adding red noise...
  [J0709+0458] white noise for L-wide_PUPPI (2435 TOAs)...
  [J0709+0458] white noise for S-wide_PUPPI (595 TOAs)...
  [J0740+6620] zeroing residuals...
  [J0740+6620] adding red noise...
  [J0740+6620] white noise for Rcvr_800_GUPPI (5136 TOAs)...
  [J0740+6620] white noise for Rcvr1_2_GUPPI (8265 TOAs)...
  [J0931-1902] zeroing residuals...
  [J0931-1902] adding red noise...
  [J0931-1902] white noise for Rcvr_800_GUPPI (3419 TOAs)...
  [J0931-1902] white noise for Rcvr1_2_GUPPI (2054 TOAs)...
  [J1012+5307] zeroing residuals...
  [J1012+5307] adding red noise...
  [J1012+5307] white noise for Rcvr_800_GUPPI (10299 TOAs)...
  [J1012+5307] white noise for Rcvr1_2_GUPPI (12849 TOAs)...
  [J1012+5307] white noise for Rcvr_800_GASP (1210 TOAs)...
  [J1012+5307] white noise for Rcvr1_2_GASP (1479 TOAs)...
  [J1012-4235] zeroing residuals...
  [J1012-4235] adding red noise...
  [J1012-4235] white noise for Rcvr_800_GUPPI (342 TOAs)...
  [J1012-4235] white noise for Rcvr1_2_GUPPI (455 TOAs)...
  [J1022+1001] zeroing residuals...
  [J1022+1001] adding red noise...
  [J1022+1001] white noise for 430_PUPPI (232 TOAs)...
  [J1022+1001] white noise for L-wide_PUPPI (2592 TOAs)...
  [J1022+1001] white noise for S-wide_PUPPI (1154 TOAs)...
  [J1024-0719] zeroing residuals...
  [J1024-0719] adding red noise...
  [J1024-0719] white noise for Rcvr_800_GUPPI (5455 TOAs)...
  [J1024-0719] white noise for Rcvr1_2_GUPPI (7086 TOAs)...
  [J1024-0719] white noise for Rcvr_800_GASP (51 TOAs)...
  [J1024-0719] white noise for Rcvr1_2_GASP (43 TOAs)...
  [J1125+7819] zeroing residuals...
  [J1125+7819] adding red noise...
  [J1125+7819] white noise for Rcvr_800_GUPPI (4707 TOAs)...
  [J1125+7819] white noise for Rcvr1_2_GUPPI (4016 TOAs)...
  [J1312+0051] zeroing residuals...
  [J1312+0051] adding red noise...
  [J1312+0051] white noise for L-wide_PUPPI (1289 TOAs)...
  [J1312+0051] white noise for S-wide_PUPPI (416 TOAs)...
  [J1453+1902] zeroing residuals...
  [J1453+1902] adding red noise...
  [J1453+1902] white noise for 430_PUPPI (425 TOAs)...
  [J1453+1902] white noise for L-wide_PUPPI (2122 TOAs)...
  [J1453+1902] white noise for S-wide_PUPPI (4 TOAs)...
  [J1455-3330] zeroing residuals...
  [J1455-3330] adding red noise...
  [J1455-3330] white noise for Rcvr_800_GUPPI (4843 TOAs)...
  [J1455-3330] white noise for Rcvr1_2_GUPPI (4932 TOAs)...
  [J1455-3330] white noise for Rcvr_800_GASP (479 TOAs)...
  [J1455-3330] white noise for Rcvr1_2_GASP (564 TOAs)...
  [J1600-3053] zeroing residuals...
  [J1600-3053] adding red noise...
  [J1600-3053] white noise for Rcvr1_2_GUPPI (10168 TOAs)...
  [J1600-3053] white noise for Rcvr_800_GUPPI (8796 TOAs)...
  [J1600-3053] white noise for 3GHz_YUPPI (3237 TOAs)...
  [J1600-3053] white noise for Rcvr_800_GASP (297 TOAs)...
  [J1600-3053] white noise for Rcvr1_2_GASP (457 TOAs)...
  [J1614-2230] zeroing residuals...
  [J1614-2230] adding red noise...
  [J1614-2230] white noise for Rcvr_800_GUPPI (7768 TOAs)...
  [J1614-2230] white noise for Rcvr1_2_GUPPI (10509 TOAs)...
  [J1614-2230] white noise for Rcvr_800_GASP (84 TOAs)...
  [J1614-2230] white noise for Rcvr1_2_GASP (84 TOAs)...
  [J1630+3734] zeroing residuals...
  [J1630+3734] adding red noise...
  [J1630+3734] white noise for Rcvr_800_GUPPI (906 TOAs)...
  [J1630+3734] white noise for Rcvr1_2_GUPPI (909 TOAs)...
  [J1640+2224] zeroing residuals...
  [J1640+2224] adding red noise...
  [J1640+2224] white noise for 430_PUPPI (3157 TOAs)...
  [J1640+2224] white noise for 430_ASP (340 TOAs)...
  [J1640+2224] white noise for L-wide_PUPPI (9847 TOAs)...
  [J1640+2224] white noise for L-wide_ASP (722 TOAs)...
  [J1643-1224] zeroing residuals...
  [J1643-1224] adding red noise...
  [J1643-1224] white noise for Rcvr1_2_GUPPI (8803 TOAs)...
  [J1643-1224] white noise for Rcvr_800_GUPPI (7734 TOAs)...
  [J1643-1224] white noise for 3GHz_YUPPI (4215 TOAs)...
  [J1643-1224] white noise for Rcvr_800_GASP (559 TOAs)...
  [J1643-1224] white noise for Rcvr1_2_GASP (833 TOAs)...
  [J1705-1903] zeroing residuals...
  [J1705-1903] adding red noise...
  [J1705-1903] white noise for Rcvr_800_GUPPI (3521 TOAs)...
  [J1705-1903] white noise for Rcvr1_2_GUPPI (6350 TOAs)...
  [J1713+0747] zeroing residuals...
  [J1713+0747] adding red noise...
  [J1713+0747] white noise for Rcvr1_2_GUPPI (22334 TOAs)...
  [J1713+0747] white noise for Rcvr_800_GUPPI (8479 TOAs)...
  [J1713+0747] white noise for S-wide_PUPPI (7482 TOAs)...
  [J1713+0747] white noise for 3GHz_YUPPI (3282 TOAs)...
  [J1713+0747] white noise for S-wide_ASP (624 TOAs)...
  [J1713+0747] white noise for 1.5GHz_YUPPI (1461 TOAs)...
  [J1713+0747] white noise for Rcvr_800_GASP (1032 TOAs)...
  [J1713+0747] white noise for Rcvr1_2_GASP (1109 TOAs)...
  [J1713+0747] white noise for L-wide_ASP (843 TOAs)...
  [J1713+0747] white noise for L-wide_PUPPI (12743 TOAs)...
  [J1719-1438] zeroing residuals...
  [J1719-1438] adding red noise...
  [J1719-1438] white noise for Rcvr_800_GUPPI (3634 TOAs)...
  [J1719-1438] white noise for Rcvr1_2_GUPPI (2722 TOAs)...
  [J1730-2304] zeroing residuals...
  [J1730-2304] adding red noise...
  [J1730-2304] white noise for Rcvr_800_GUPPI (2503 TOAs)...
  [J1730-2304] white noise for Rcvr1_2_GUPPI (2367 TOAs)...
  [J1738+0333] zeroing residuals...
  [J1738+0333] adding red noise...
  [J1738+0333] white noise for L-wide_PUPPI (6718 TOAs)...
  [J1738+0333] white noise for S-wide_ASP (134 TOAs)...
  [J1738+0333] white noise for S-wide_PUPPI (1737 TOAs)...
  [J1738+0333] white noise for L-wide_ASP (201 TOAs)...
  [J1741+1351] zeroing residuals...
  [J1741+1351] adding red noise...
  [J1741+1351] white noise for 430_PUPPI (1159 TOAs)...
  [J1741+1351] white noise for 430_ASP (27 TOAs)...
  [J1741+1351] white noise for S-wide_ASP (115 TOAs)...
  [J1741+1351] white noise for L-wide_ASP (236 TOAs)...
  [J1741+1351] white noise for L-wide_PUPPI (4045 TOAs)...
  [J1744-1134] zeroing residuals...
  [J1744-1134] adding red noise...
  [J1744-1134] white noise for Rcvr_800_GUPPI (7899 TOAs)...
  [J1744-1134] white noise for Rcvr1_2_GUPPI (8109 TOAs)...
  [J1744-1134] white noise for Rcvr_800_GASP (930 TOAs)...
  [J1744-1134] white noise for Rcvr1_2_GASP (807 TOAs)...
  [J1745+1017] zeroing residuals...
  [J1745+1017] adding red noise...
  [J1745+1017] white noise for L-wide_PUPPI (2179 TOAs)...
  [J1745+1017] white noise for S-wide_PUPPI (838 TOAs)...
  [J1747-4036] zeroing residuals...
  [J1747-4036] adding red noise...
  [J1747-4036] white noise for Rcvr_800_GUPPI (5816 TOAs)...
  [J1747-4036] white noise for Rcvr1_2_GUPPI (5239 TOAs)...
  [J1751-2857] zeroing residuals...
  [J1751-2857] adding red noise...
  [J1751-2857] white noise for Rcvr_800_GUPPI (239 TOAs)...
  [J1751-2857] white noise for Rcvr1_2_GUPPI (1786 TOAs)...
  [J1802-2124] zeroing residuals...
  [J1802-2124] adding red noise...
  [J1802-2124] white noise for Rcvr_800_GUPPI (3565 TOAs)...
  [J1802-2124] white noise for Rcvr1_2_GUPPI (3231 TOAs)...
  [J1811-2405] zeroing residuals...
  [J1811-2405] adding red noise...
  [J1811-2405] white noise for Rcvr_800_GUPPI (2628 TOAs)...
  [J1811-2405] white noise for Rcvr1_2_GUPPI (2638 TOAs)...
  [J1832-0836] zeroing residuals...
  [J1832-0836] adding red noise...
  [J1832-0836] white noise for Rcvr_800_GUPPI (3078 TOAs)...
  [J1832-0836] white noise for Rcvr1_2_GUPPI (4661 TOAs)...
  [J1843-1113] zeroing residuals...
  [J1843-1113] adding red noise...
  [J1843-1113] white noise for Rcvr_800_GUPPI (2201 TOAs)...
  [J1843-1113] white noise for Rcvr1_2_GUPPI (2394 TOAs)...
  [J1853+1303] zeroing residuals...
  [J1853+1303] adding red noise...
  [J1853+1303] white noise for 430_PUPPI (1151 TOAs)...
  [J1853+1303] white noise for 430_ASP (24 TOAs)...
  [J1853+1303] white noise for L-wide_PUPPI (3362 TOAs)...
  [J1853+1303] white noise for L-wide_ASP (33 TOAs)...
  [J1903+0327] zeroing residuals...
  [J1903+0327] adding red noise...
  [J1903+0327] white noise for S-wide_PUPPI (2282 TOAs)...
  [J1903+0327] white noise for 3GHz_YUPPI (439 TOAs)...
  [J1903+0327] white noise for S-wide_ASP (151 TOAs)...
  [J1903+0327] white noise for L-wide_ASP (139 TOAs)...
  [J1903+0327] white noise for L-wide_PUPPI (3845 TOAs)...
  [J1909-3744] zeroing residuals...
  [J1909-3744] adding red noise...
  [J1909-3744] white noise for Rcvr1_2_GUPPI (20439 TOAs)...
  [J1909-3744] white noise for Rcvr_800_GUPPI (9399 TOAs)...
  [J1909-3744] white noise for 3GHz_YUPPI (3525 TOAs)...
  [J1909-3744] white noise for Rcvr_800_GASP (866 TOAs)...
  [J1909-3744] white noise for Rcvr1_2_GASP (808 TOAs)...
  [J1910+1256] zeroing residuals...
  [J1910+1256] adding red noise...
  [J1910+1256] white noise for L-wide_PUPPI (4124 TOAs)...
  [J1910+1256] white noise for S-wide_ASP (208 TOAs)...
  [J1910+1256] white noise for S-wide_PUPPI (1857 TOAs)...
  [J1910+1256] white noise for L-wide_ASP (297 TOAs)...
  [J1911+1347] zeroing residuals...
  [J1911+1347] adding red noise...
  [J1911+1347] white noise for 430_PUPPI (753 TOAs)...
  [J1911+1347] white noise for L-wide_PUPPI (3033 TOAs)...
  [J1918-0642] zeroing residuals...
  [J1918-0642] adding red noise...
  [J1918-0642] white noise for Rcvr_800_GUPPI (8352 TOAs)...
  [J1918-0642] white noise for Rcvr1_2_GUPPI (8910 TOAs)...
  [J1918-0642] white noise for Rcvr_800_GASP (835 TOAs)...
  [J1918-0642] white noise for Rcvr1_2_GASP (778 TOAs)...
  [J1923+2515] zeroing residuals...
  [J1923+2515] adding red noise...
  [J1923+2515] white noise for 430_PUPPI (922 TOAs)...
  [J1923+2515] white noise for 430_ASP (10 TOAs)...
  [J1923+2515] white noise for L-wide_PUPPI (3028 TOAs)...
  [J1923+2515] white noise for L-wide_ASP (14 TOAs)...
  [J1944+0907] zeroing residuals...
  [J1944+0907] adding red noise...
  [J1944+0907] white noise for 430_PUPPI (1017 TOAs)...
  [J1944+0907] white noise for 430_ASP (38 TOAs)...
  [J1944+0907] white noise for S-wide_ASP (116 TOAs)...
  [J1944+0907] white noise for L-wide_ASP (257 TOAs)...
  [J1944+0907] white noise for L-wide_PUPPI (3900 TOAs)...
  [J1946+3417] zeroing residuals...
  [J1946+3417] adding red noise...
  [J1946+3417] white noise for L-wide_PUPPI (3197 TOAs)...
  [J1946+3417] white noise for S-wide_PUPPI (1546 TOAs)...
  [J2010-1323] zeroing residuals...
  [J2010-1323] adding red noise...
  [J2010-1323] white noise for Rcvr_800_GUPPI (9158 TOAs)...
  [J2010-1323] white noise for Rcvr1_2_GUPPI (7779 TOAs)...
  [J2010-1323] white noise for Rcvr_800_GASP (70 TOAs)...
  [J2010-1323] white noise for Rcvr1_2_GASP (70 TOAs)...
  [J2017+0603] zeroing residuals...
  [J2017+0603] adding red noise...
  [J2017+0603] white noise for 430_PUPPI (78 TOAs)...
  [J2017+0603] white noise for L-wide_PUPPI (2569 TOAs)...
  [J2017+0603] white noise for S-wide_PUPPI (849 TOAs)...
  [J2017+0603] white noise for L-wide_ASP (16 TOAs)...
  [J2033+1734] zeroing residuals...
  [J2033+1734] adding red noise...
  [J2033+1734] white noise for 430_PUPPI (797 TOAs)...
  [J2033+1734] white noise for L-wide_PUPPI (3050 TOAs)...
  [J2043+1711] zeroing residuals...
  [J2043+1711] adding red noise...
  [J2043+1711] white noise for 430_PUPPI (2908 TOAs)...
  [J2043+1711] white noise for 430_ASP (30 TOAs)...
  [J2043+1711] white noise for L-wide_PUPPI (4419 TOAs)...
  [J2043+1711] white noise for L-wide_ASP (40 TOAs)...
  [J2124-3358] zeroing residuals...
  [J2124-3358] adding red noise...
  [J2124-3358] white noise for Rcvr_800_GUPPI (2025 TOAs)...
  [J2124-3358] white noise for Rcvr1_2_GUPPI (2957 TOAs)...
  [J2145-0750] zeroing residuals...
  [J2145-0750] adding red noise...
  [J2145-0750] white noise for Rcvr_800_GUPPI (8728 TOAs)...
  [J2145-0750] white noise for Rcvr1_2_GUPPI (9158 TOAs)...
  [J2145-0750] white noise for Rcvr_800_GASP (362 TOAs)...
  [J2145-0750] white noise for Rcvr1_2_GASP (427 TOAs)...
  [J2214+3000] zeroing residuals...
  [J2214+3000] adding red noise...
  [J2214+3000] white noise for L-wide_PUPPI (5829 TOAs)...
  [J2214+3000] white noise for S-wide_PUPPI (1568 TOAs)...
  [J2214+3000] white noise for L-wide_ASP (9 TOAs)...
  [J2229+2643] zeroing residuals...
  [J2229+2643] adding red noise...
  [J2229+2643] white noise for 430_PUPPI (956 TOAs)...
  [J2229+2643] white noise for L-wide_PUPPI (2755 TOAs)...
  [J2234+0611] zeroing residuals...
  [J2234+0611] adding red noise...
  [J2234+0611] white noise for 430_PUPPI (653 TOAs)...
  [J2234+0611] white noise for L-wide_PUPPI (2913 TOAs)...
  [J2234+0944] zeroing residuals...
  [J2234+0944] adding red noise...
  [J2234+0944] white noise for L-wide_PUPPI (5003 TOAs)...
  [J2234+0944] white noise for S-wide_PUPPI (2532 TOAs)...
  [J2302+4442] zeroing residuals...
  [J2302+4442] adding red noise...
  [J2302+4442] white noise for Rcvr_800_GUPPI (6432 TOAs)...
  [J2302+4442] white noise for Rcvr1_2_GUPPI (3779 TOAs)...
  [J2317+1439] zeroing residuals...
  [J2317+1439] adding red noise...
  [J2317+1439] white noise for 327_ASP (413 TOAs)...
  [J2317+1439] white noise for 430_PUPPI (3217 TOAs)...
  [J2317+1439] white noise for 430_ASP (458 TOAs)...
  [J2317+1439] white noise for 327_PUPPI (276 TOAs)...
  [J2317+1439] white noise for L-wide_PUPPI (9563 TOAs)...
  [J2322+2057] zeroing residuals...
  [J2322+2057] adding red noise...
  [J2322+2057] white noise for 430_PUPPI (752 TOAs)...
  [J2322+2057] white noise for L-wide_PUPPI (2196 TOAs)...
  [J2322+2057] white noise for S-wide_PUPPI (140 TOAs)...
Resetting pulsars to clean stoas...
Restore: 0.00 s
Inject: 0.00 s
Snapshotting into enterprise Pulsar objects...
Building PTA...
PTA build: 494.52 s
Computing optimal statistic...
OS time: 43.60 s
Total: 538.12 s
Noise-only SNR baseline: -0.0390

Generating SNR-consistent population...
Target SNR: 4.0
Resetting pulsars to clean stoas...
Restore: 0.00 s
Injecting population...
  B1855+09: RMS = 1674.437 ns
  B1937+21: RMS = 2712.561 ns
  B1953+29: RMS = 3805.834 ns
  J0023+0923: RMS = 1938.615 ns
  J0030+0451: RMS = 2044.040 ns
  J0340+4130: RMS = 4306.355 ns
  J0406+3039: RMS = 1580.143 ns
  J0437-4715: RMS = 3224.501 ns
  J0509+0856: RMS = 678.782 ns
  J0557+1551: RMS = 2864.077 ns
  J0605+3757: RMS = 2260.334 ns
  J0610-2100: RMS = 2759.331 ns
  J0613-0200: RMS = 2259.678 ns
  J0636+5128: RMS = 2675.929 ns
  J0645+5158: RMS = 3397.191 ns
  J0709+0458: RMS = 2287.676 ns
  J0740+6620: RMS = 1762.329 ns
  J0931-1902: RMS = 1868.250 ns
  J1012+5307: RMS = 1976.444 ns
  J1012-4235: RMS = 666.684 ns
  J1022+1001: RMS = 1449.438 ns
  J1024-0719: RMS = 1340.480 ns
  J1125+7819: RMS = 856.541 ns
  J1312+0051: RMS = 259.683 ns
  J1453+1902: RMS = 1309.963 ns
  J1455-3330: RMS = 829.207 ns
  J1600-3053: RMS = 1552.848 ns
  J1614-2230: RMS = 1665.492 ns
  J1630+3734: RMS = 551.430 ns
  J1640+2224: RMS = 1110.651 ns
  J1643-1224: RMS = 2272.585 ns
  J1705-1903: RMS = 1531.613 ns
  J1713+0747: RMS = 1285.686 ns
  J1719-1438: RMS = 2232.839 ns
  J1730-2304: RMS = 2099.517 ns
  J1738+0333: RMS = 1463.965 ns
  J1741+1351: RMS = 1871.461 ns
  J1744-1134: RMS = 2321.464 ns
  J1745+1017: RMS = 1132.331 ns
  J1747-4036: RMS = 3786.338 ns
  J1751-2857: RMS = 1538.134 ns
  J1802-2124: RMS = 2325.702 ns
  J1811-2405: RMS = 2699.819 ns
  J1832-0836: RMS = 2643.973 ns
  J1843-1113: RMS = 2613.787 ns
  J1853+1303: RMS = 3161.810 ns
  J1903+0327: RMS = 1620.333 ns
  J1909-3744: RMS = 2938.864 ns
  J1910+1256: RMS = 1931.097 ns
  J1911+1347: RMS = 3364.462 ns
  J1918-0642: RMS = 1602.492 ns
  J1923+2515: RMS = 3643.135 ns
  J1944+0907: RMS = 2536.580 ns
  J1946+3417: RMS = 3672.090 ns
  J2010-1323: RMS = 2138.419 ns
  J2017+0603: RMS = 2428.043 ns
  J2033+1734: RMS = 3605.808 ns
  J2043+1711: RMS = 2279.737 ns
  J2124-3358: RMS = 423.718 ns
  J2145-0750: RMS = 735.198 ns
  J2214+3000: RMS = 1244.421 ns
  J2229+2643: RMS = 1020.299 ns
  J2234+0611: RMS = 1010.918 ns
  J2234+0944: RMS = 1987.946 ns
  J2302+4442: RMS = 1353.502 ns
  J2317+1439: RMS = 1387.524 ns
  J2322+2057: RMS = 1192.181 ns
Inject: 0.86 s
Snapshotting into enterprise Pulsar objects...
Building PTA...
PTA build: 527.47 s
Computing optimal statistic...
OS time: 43.53 s
Total: 571.86 s
Initial SNR: 53.5926, Target SNR: 4.0000
  Initial SNR 53.5926 outside of provided SNR_range [3.5, 4.25] — rescaling.
Scaling distances by factor 3.6439 to achieve target SNR...
Resetting pulsars to clean stoas...
Restore: 0.00 s
Injecting population...
  B1855+09: RMS = 459.513 ns
  B1937+21: RMS = 744.403 ns
  B1953+29: RMS = 1044.428 ns
  J0023+0923: RMS = 532.010 ns
  J0030+0451: RMS = 560.942 ns
  J0340+4130: RMS = 1181.785 ns
  J0406+3039: RMS = 433.635 ns
  J0437-4715: RMS = 884.893 ns
  J0509+0856: RMS = 186.277 ns
  J0557+1551: RMS = 785.983 ns
  J0605+3757: RMS = 620.299 ns
  J0610-2100: RMS = 757.238 ns
  J0613-0200: RMS = 620.119 ns
  J0636+5128: RMS = 734.350 ns
  J0645+5158: RMS = 932.284 ns
  J0709+0458: RMS = 627.802 ns
  J0740+6620: RMS = 483.632 ns
  J0931-1902: RMS = 512.700 ns
  J1012+5307: RMS = 542.392 ns
  J1012-4235: RMS = 182.957 ns
  J1022+1001: RMS = 397.766 ns
  J1024-0719: RMS = 367.865 ns
  J1125+7819: RMS = 235.059 ns
  J1312+0051: RMS = 71.264 ns
  J1453+1902: RMS = 359.491 ns
  J1455-3330: RMS = 227.558 ns
  J1600-3053: RMS = 426.145 ns
  J1614-2230: RMS = 457.058 ns
  J1630+3734: RMS = 151.328 ns
  J1640+2224: RMS = 304.794 ns
  J1643-1224: RMS = 623.661 ns
  J1705-1903: RMS = 420.317 ns
  J1713+0747: RMS = 352.828 ns
  J1719-1438: RMS = 612.754 ns
  J1730-2304: RMS = 576.166 ns
  J1738+0333: RMS = 401.753 ns
  J1741+1351: RMS = 513.581 ns
  J1744-1134: RMS = 637.075 ns
  J1745+1017: RMS = 310.743 ns
  J1747-4036: RMS = 1039.077 ns
  J1751-2857: RMS = 422.107 ns
  J1802-2124: RMS = 638.238 ns
  J1811-2405: RMS = 740.906 ns
  J1832-0836: RMS = 725.580 ns
  J1843-1113: RMS = 717.296 ns
  J1853+1303: RMS = 867.689 ns
  J1903+0327: RMS = 444.665 ns
  J1909-3744: RMS = 806.507 ns
  J1910+1256: RMS = 529.947 ns
  J1911+1347: RMS = 923.303 ns
  J1918-0642: RMS = 439.769 ns
  J1923+2515: RMS = 999.778 ns
  J1944+0907: RMS = 696.109 ns
  J1946+3417: RMS = 1007.724 ns
  J2010-1323: RMS = 586.842 ns
  J2017+0603: RMS = 666.323 ns
  J2033+1734: RMS = 989.535 ns
  J2043+1711: RMS = 625.624 ns
  J2124-3358: RMS = 116.280 ns
  J2145-0750: RMS = 201.759 ns
  J2214+3000: RMS = 341.504 ns
  J2229+2643: RMS = 279.999 ns
  J2234+0611: RMS = 277.424 ns
  J2234+0944: RMS = 545.548 ns
  J2302+4442: RMS = 371.439 ns
  J2317+1439: RMS = 380.775 ns
  J2322+2057: RMS = 327.168 ns
Inject: 0.77 s
Snapshotting into enterprise Pulsar objects...
Building PTA...
PTA build: 520.71 s
Computing optimal statistic...
OS time: 42.36 s
Total: 563.85 s
  ✓ SNR is within the provided SNR_range: 3.7876 ∈ [3.5, 4.25]

Final SNR history:
  it 0: cumulative_scale=1.0000×  SNR=53.5926
  it 1: cumulative_scale=3.6439×  SNR=3.7876
✓ Simulation 1 done (1137.5 s)

======================================================================
ENSEMBLE SUMMARY
======================================================================
Success rate: 100.0% (1/1)

Binaries per population:
  Mean ± std : 20000 ± 0
  Range      : [20000, 20000]

SNR achieved:
  Mean ± std : 3.7876 ± 0.0000
  Range      : [3.7876, 3.7876]

Total time: 1714.6 s (28.6 min)
======================================================================

💾 Saved: data/2026-04-29/realistic_run_191/consistent_population_realistic_targetSNR4.25_sims1.json
💾 Saved compressed pickle: data/2026-04-29/realistic_run_191/consistent_population_realistic_targetSNR4.25_sims1.pkl.gz

======================================================================
CONTINUOUS WAVE SNR ANALYSIS
======================================================================

--- Population 1 ---
Precomputation of phiinvs, TNTs, Ts, Nvecs, Sigmas took 0.03 seconds.
Total SNR computation for population took 362.34 seconds.
Top 50 CGW candidates:
   1. proxy_rank=   4  sky_w=0.69  f=3.84e-09 Hz  Mc=4.13e+10 Msun  h0=7.70e-15  SNR=4.853
   2. proxy_rank=   2  sky_w=1.19  f=3.24e-09 Hz  Mc=3.30e+10 Msun  h0=5.73e-15  SNR=3.579
   3. proxy_rank=   5  sky_w=0.88  f=3.62e-09 Hz  Mc=2.79e+10 Msun  h0=5.60e-15  SNR=3.424
   4. proxy_rank= 162  sky_w=0.60  f=1.14e-08 Hz  Mc=1.55e+10 Msun  h0=3.08e-15  SNR=2.816
   5. proxy_rank=   3  sky_w=0.90  f=2.83e-09 Hz  Mc=2.60e+10 Msun  h0=4.62e-15  SNR=2.478
   6. proxy_rank= 107  sky_w=1.47  f=8.54e-09 Hz  Mc=9.43e+09 Msun  h0=1.28e-15  SNR=2.161
   7. proxy_rank=  36  sky_w=1.53  f=4.58e-09 Hz  Mc=5.60e+09 Msun  h0=1.46e-15  SNR=2.130
   8. proxy_rank=  26  sky_w=1.57  f=4.11e-09 Hz  Mc=1.25e+10 Msun  h0=1.55e-15  SNR=2.067
   9. proxy_rank=   6  sky_w=0.78  f=4.13e-09 Hz  Mc=3.38e+10 Msun  h0=5.85e-15  SNR=1.724
  10. proxy_rank=  40  sky_w=1.45  f=4.48e-09 Hz  Mc=1.41e+10 Msun  h0=1.44e-15  SNR=1.709
  11. proxy_rank=  11  sky_w=1.42  f=3.49e-09 Hz  Mc=1.94e+10 Msun  h0=2.10e-15  SNR=1.701
  12. proxy_rank=  17  sky_w=0.84  f=3.03e-09 Hz  Mc=2.31e+10 Msun  h0=2.51e-15  SNR=1.583
  13. proxy_rank=  15  sky_w=0.65  f=2.94e-09 Hz  Mc=1.82e+10 Msun  h0=3.21e-15  SNR=1.387
  14. proxy_rank=  82  sky_w=1.29  f=4.74e-09 Hz  Mc=9.90e+09 Msun  h0=1.04e-15  SNR=1.340
  15. proxy_rank=  65  sky_w=1.29  f=4.39e-09 Hz  Mc=1.11e+10 Msun  h0=1.12e-15  SNR=1.334
  16. proxy_rank= 129  sky_w=1.61  f=8.83e-09 Hz  Mc=9.09e+09 Msun  h0=1.09e-15  SNR=1.329
  17. proxy_rank=  64  sky_w=0.86  f=4.28e-09 Hz  Mc=1.56e+10 Msun  h0=1.69e-15  SNR=1.267
  18. proxy_rank=  30  sky_w=1.18  f=3.37e-09 Hz  Mc=1.69e+10 Msun  h0=1.59e-15  SNR=1.213
  19. proxy_rank=  16  sky_w=1.24  f=2.76e-09 Hz  Mc=1.80e+10 Msun  h0=1.58e-15  SNR=1.118
  20. proxy_rank= 524  sky_w=0.62  f=2.61e-08 Hz  Mc=6.81e+09 Msun  h0=1.94e-15  SNR=1.117
  21. proxy_rank= 785  sky_w=0.82  f=4.10e-08 Hz  Mc=5.64e+09 Msun  h0=1.40e-15  SNR=1.074
  22. proxy_rank= 161  sky_w=1.28  f=5.87e-09 Hz  Mc=8.61e+09 Msun  h0=7.47e-16  SNR=1.065
  23. proxy_rank=   7  sky_w=1.27  f=3.07e-09 Hz  Mc=1.78e+10 Msun  h0=2.45e-15  SNR=1.062
  24. proxy_rank=  35  sky_w=0.50  f=3.79e-09 Hz  Mc=2.65e+10 Msun  h0=3.79e-15  SNR=1.025
  25. proxy_rank= 103  sky_w=0.77  f=4.83e-09 Hz  Mc=1.23e+10 Msun  h0=1.44e-15  SNR=1.004
  26. proxy_rank=  25  sky_w=1.42  f=2.77e-09 Hz  Mc=1.54e+10 Msun  h0=1.17e-15  SNR=1.003
  27. proxy_rank= 128  sky_w=0.78  f=5.20e-09 Hz  Mc=1.23e+10 Msun  h0=1.33e-15  SNR=0.999
  28. proxy_rank=  41  sky_w=0.89  f=3.76e-09 Hz  Mc=1.39e+10 Msun  h0=1.94e-15  SNR=0.948
  29. proxy_rank=  28  sky_w=1.05  f=2.86e-09 Hz  Mc=1.66e+10 Msun  h0=1.56e-15  SNR=0.945
  30. proxy_rank=  66  sky_w=1.60  f=4.83e-09 Hz  Mc=1.10e+10 Msun  h0=9.83e-16  SNR=0.923
  31. proxy_rank= 274  sky_w=1.46  f=9.91e-09 Hz  Mc=4.68e+09 Msun  h0=6.43e-16  SNR=0.898
  32. proxy_rank=  93  sky_w=1.41  f=5.80e-09 Hz  Mc=9.76e+09 Msun  h0=1.01e-15  SNR=0.890
  33. proxy_rank=  13  sky_w=1.27  f=2.35e-09 Hz  Mc=1.84e+10 Msun  h0=1.44e-15  SNR=0.877
  34. proxy_rank=  47  sky_w=1.02  f=3.02e-09 Hz  Mc=1.41e+10 Msun  h0=1.20e-15  SNR=0.851
  35. proxy_rank= 339  sky_w=1.14  f=9.41e-09 Hz  Mc=5.60e+09 Msun  h0=5.92e-16  SNR=0.847
  36. proxy_rank=  10  sky_w=1.28  f=3.12e-09 Hz  Mc=1.66e+10 Msun  h0=2.10e-15  SNR=0.841
  37. proxy_rank=  43  sky_w=1.00  f=4.91e-09 Hz  Mc=1.25e+10 Msun  h0=2.21e-15  SNR=0.838
  38. proxy_rank= 176  sky_w=0.62  f=1.66e-08 Hz  Mc=1.06e+10 Msun  h0=3.92e-15  SNR=0.805
  39. proxy_rank= 296  sky_w=1.47  f=7.25e-09 Hz  Mc=5.70e+09 Msun  h0=4.31e-16  SNR=0.804
  40. proxy_rank=   9  sky_w=1.19  f=2.05e-09 Hz  Mc=2.06e+10 Msun  h0=1.66e-15  SNR=0.795
  41. proxy_rank=  83  sky_w=0.90  f=3.40e-09 Hz  Mc=1.30e+10 Msun  h0=1.03e-15  SNR=0.789
  42. proxy_rank= 225  sky_w=0.92  f=6.32e-09 Hz  Mc=8.43e+09 Msun  h0=7.84e-16  SNR=0.788
  43. proxy_rank= 117  sky_w=0.78  f=4.20e-09 Hz  Mc=8.71e+09 Msun  h0=1.14e-15  SNR=0.768
  44. proxy_rank=  89  sky_w=1.34  f=3.70e-09 Hz  Mc=9.92e+09 Msun  h0=7.04e-16  SNR=0.754
  45. proxy_rank=  73  sky_w=1.49  f=4.28e-09 Hz  Mc=5.42e+09 Msun  h0=8.99e-16  SNR=0.733
  46. proxy_rank=  33  sky_w=1.31  f=4.20e-09 Hz  Mc=1.52e+10 Msun  h0=1.64e-15  SNR=0.718
  47. proxy_rank= 313  sky_w=1.37  f=9.46e-09 Hz  Mc=5.13e+09 Msun  h0=5.68e-16  SNR=0.673
  48. proxy_rank=  57  sky_w=1.24  f=2.93e-09 Hz  Mc=1.15e+10 Msun  h0=8.62e-16  SNR=0.672
  49. proxy_rank=  80  sky_w=0.71  f=3.55e-09 Hz  Mc=1.53e+10 Msun  h0=1.46e-15  SNR=0.670
  50. proxy_rank= 330  sky_w=0.86  f=6.42e-09 Hz  Mc=6.54e+09 Msun  h0=5.59e-16  SNR=0.663
💾 Saved: data/2026-04-29/realistic_run_191/consistent_population_realistic_targetSNR4.25_sims1.json
💾 Saved compressed pickle: data/2026-04-29/realistic_run_191/consistent_population_realistic_targetSNR4.25_sims1.pkl.gz
Saved to figures/cgw_analysis_realistic.pdf

======================================================================
ANALYSIS COMPLETE
Results saved to: data/2026-04-29/realistic_run_191
======================================================================

==========================================
Job finished at: Wed Apr 29 14:10:53 AEST 2026
Exit code: 0
==========================================

+------------------ Job Report: 11737324 (COMPLETED) ------------------+
| Memory (RAM)  [################### ] 96.9% (31 GB peak / 32 GB)      |
| CPU           [##############      ] 73.9% average                   |
| Time          [--------->          ] 47.9% (0-00:38:18 / 0-01:20:00) |
|                                                                      |
| Lustre Filesystem:                                                   |
|   Path    Total Read    Total Write    Total IOPS                    |
|   ------  ------------  -------------  ------------                  |
|   /apps   25.9 MB       0 B            2.2 K                         |
|   /fred   317.9 MB      6.4 MB         416                           |
|   /home   222.3 MB      0 B            9.8 K                         |
|   OS      0 B           0 B            9                             |
|                                                                      |
| Warnings:                                                            |
|   - CPU usage is low                                                 |
|   - Too much time requested                                          |
+----------------------------------------------------------------------+
