==========================================
Job ID: 11717948
Job Name: smbhb_realistic
Node: dave307
Start Time: Tue Apr 28 17:01:11 AEST 2026
==========================================

/home/bhoulden/.conda/envs/smbhb312/share/tempo2
Working directory: /fred/oz005/users/bhoulden/SMBHB_population_injections

Loaded modules:

Starting SMBHB analysis...
==========================================

📁 Save directory: data/2026-04-28/realistic_run_93
📝 Run name: realistic_run_93

[MEM] Start: 244.0 MB

📡 Loading pulsars...
======================================================================
LOADING NANOGRAV PULSARS (libstempo)
======================================================================

📦 Loading from cache: nanograv_pulsars_cache.pkl
⚠ Cache load failed: Ran out of input
[DEBUG] Found 76 .par files
[tempo2Util.C:396] Warning: [MISC1] Unknown parameter in par file:  DMDATA
[tempo2Util.C:401] Warning: [DUP1] duplicated warnings have been suppressed.

WARNING: Using tempo RNAMP parameter: setting TNRedC to 100!
[observatory.C:271] Warning: Assuming site 'arecibo' means 'ao'
✓ Loaded B1855+09 (7758 TOAs)

WARNING: Using tempo RNAMP parameter: setting TNRedC to 100!
✓ Loaded B1937+21 (23023 TOAs)

WARNING: Using tempo RNAMP parameter: setting TNRedC to 100!
✓ Loaded B1937+21ao (7241 TOAs)

WARNING: Using tempo RNAMP parameter: setting TNRedC to 100!
✓ Loaded B1937+21gbt (16048 TOAs)

WARNING: Using tempo RNAMP parameter: setting TNRedC to 100!
✓ Loaded B1953+29 (5126 TOAs)
✓ Loaded J0023+0923 (15896 TOAs)

WARNING: Using tempo RNAMP parameter: setting TNRedC to 100!
✓ Loaded J0030+0451 (19571 TOAs)
✓ Loaded J0340+4130 (11093 TOAs)
✓ Loaded J0406+3039 (2446 TOAs)

WARNING: Using tempo RNAMP parameter: setting TNRedC to 100!
✓ Loaded J0437-4715 (5830 TOAs)
✓ Loaded J0509+0856 (2169 TOAs)
✓ Loaded J0557+1551 (525 TOAs)
✓ Loaded J0605+3757 (554 TOAs)

WARNING: Using tempo RNAMP parameter: setting TNRedC to 100!
✓ Loaded J0610-2100 (4885 TOAs)

WARNING: Using tempo RNAMP parameter: setting TNRedC to 100!
✓ Loaded J0613-0200 (17124 TOAs)
✓ Loaded J0614-3329 (1714 TOAs)
✓ Loaded J0636+5128 (32222 TOAs)
✓ Loaded J0645+5158 (10403 TOAs)
✓ Loaded J0709+0458 (3030 TOAs)
✓ Loaded J0740+6620 (13401 TOAs)
✓ Loaded J0931-1902 (5473 TOAs)

WARNING: Using tempo RNAMP parameter: setting TNRedC to 100!
✓ Loaded J1012+5307 (25837 TOAs)
✓ Loaded J1012-4235 (797 TOAs)
✓ Loaded J1022+1001 (3978 TOAs)
✓ Loaded J1024-0719 (12635 TOAs)
✓ Loaded J1125+7819 (8723 TOAs)
✓ Loaded J1312+0051 (1705 TOAs)
✓ Loaded J1453+1902 (2551 TOAs)
✓ Loaded J1455-3330 (10818 TOAs)

WARNING: Using tempo RNAMP parameter: setting TNRedC to 100!
✓ Loaded J1600-3053 (22955 TOAs)

WARNING: Using tempo RNAMP parameter: setting TNRedC to 100!
✓ Loaded J1600-3053gbt (19725 TOAs)

WARNING: Using tempo RNAMP parameter: setting TNRedC to 100!
✓ Loaded J1614-2230 (18445 TOAs)
✓ Loaded J1630+3734 (1815 TOAs)
✓ Loaded J1640+2224 (14066 TOAs)

WARNING: Using tempo RNAMP parameter: setting TNRedC to 100!
✓ Loaded J1643-1224 (22144 TOAs)

WARNING: Using tempo RNAMP parameter: setting TNRedC to 100!
✓ Loaded J1643-1224gbt (17932 TOAs)

WARNING: Using tempo RNAMP parameter: setting TNRedC to 100!
✓ Loaded J1705-1903 (9871 TOAs)

WARNING: Using tempo RNAMP parameter: setting TNRedC to 100!
✓ Loaded J1713+0747 (59389 TOAs)

WARNING: Using tempo RNAMP parameter: setting TNRedC to 100!
✓ Loaded J1713+0747ao (21362 TOAs)

WARNING: Using tempo RNAMP parameter: setting TNRedC to 100!
✓ Loaded J1713+0747gbt (32963 TOAs)
✓ Loaded J1719-1438 (6356 TOAs)
✓ Loaded J1730-2304 (4870 TOAs)
✓ Loaded J1738+0333 (8790 TOAs)
✓ Loaded J1741+1351 (5582 TOAs)

WARNING: Using tempo RNAMP parameter: setting TNRedC to 100!
✓ Loaded J1744-1134 (17745 TOAs)

WARNING: Using tempo RNAMP parameter: setting TNRedC to 100!
✓ Loaded J1745+1017 (3017 TOAs)

WARNING: Using tempo RNAMP parameter: setting TNRedC to 100!
✓ Loaded J1747-4036 (11055 TOAs)
✓ Loaded J1751-2857 (2025 TOAs)

WARNING: Using tempo RNAMP parameter: setting TNRedC to 100!
✓ Loaded J1802-2124 (6796 TOAs)
✓ Loaded J1811-2405 (5266 TOAs)
✓ Loaded J1832-0836 (7739 TOAs)
✓ Loaded J1843-1113 (4595 TOAs)

WARNING: Using tempo RNAMP parameter: setting TNRedC to 100!
✓ Loaded J1853+1303 (4570 TOAs)

WARNING: Using tempo RNAMP parameter: setting TNRedC to 100!
✓ Loaded J1903+0327 (6856 TOAs)

WARNING: Using tempo RNAMP parameter: setting TNRedC to 100!
✓ Loaded J1903+0327ao (6423 TOAs)

WARNING: Using tempo RNAMP parameter: setting TNRedC to 100!
✓ Loaded J1909-3744 (35037 TOAs)

WARNING: Using tempo RNAMP parameter: setting TNRedC to 100!
✓ Loaded J1909-3744gbt (31526 TOAs)
✓ Loaded J1910+1256 (6486 TOAs)
✓ Loaded J1911+1347 (3786 TOAs)
✓ Loaded J1918-0642 (18875 TOAs)
✓ Loaded J1923+2515 (3974 TOAs)
✓ Loaded J1944+0907 (5328 TOAs)

WARNING: Using tempo RNAMP parameter: setting TNRedC to 100!
✓ Loaded J1946+3417 (4743 TOAs)
✓ Loaded J2010-1323 (17077 TOAs)
✓ Loaded J2017+0603 (3512 TOAs)
✓ Loaded J2033+1734 (3847 TOAs)
✓ Loaded J2043+1711 (7397 TOAs)
✓ Loaded J2124-3358 (4982 TOAs)

WARNING: Using tempo RNAMP parameter: setting TNRedC to 100!
✓ Loaded J2145-0750 (18675 TOAs)
✓ Loaded J2214+3000 (7406 TOAs)
✓ Loaded J2229+2643 (3711 TOAs)

WARNING: Using tempo RNAMP parameter: setting TNRedC to 100!
✓ Loaded J2234+0611 (3566 TOAs)
✓ Loaded J2234+0944 (7535 TOAs)
✓ Loaded J2302+4442 (10211 TOAs)
✓ Loaded J2317+1439 (13927 TOAs)
✓ Loaded J2322+2057 (3088 TOAs)
⚠ Could not save cache: no default __reduce__ due to non-trivial __cinit__

✓ Loaded 76 pulsars
✗ Failed: 0 — []
[MEM] After loading pulsars: 8862.5 MB

🔍 Filtering pulsars...

Filtered: 76 → 67 pulsars
[MEM] After filtering pulsars: 8865.3 MB
[MEM] After garbage collection: 8865.4 MB

======================================================================
SMBHB POPULATION ANALYSIS
======================================================================

Configuration: realistic
  Medium mass, medium spread in distance, medium population
  N_binaries: 20000

======================================================================
CONSISTENT POPULATION SYNTHESIS
======================================================================

======================================================================
GENERATING SNR-CONSISTENT POPULATIONS
======================================================================
Target SNR:          4.0
Simulations:         1
======================================================================


──────────────────────────────────────────────────────────────────────
SIMULATION 1/1
──────────────────────────────────────────────────────────────────────
  [B1855+09] zeroing residuals...
  [B1855+09] adding red noise...
  [B1855+09] white noise for 430_ASP (390 TOAs)...
  [B1855+09] white noise for 430_PUPPI (1185 TOAs)...
  [B1855+09] white noise for L-wide_PUPPI (5005 TOAs)...
  [B1855+09] white noise for L-wide_ASP (1178 TOAs)...
  [B1937+21] zeroing residuals...
  [B1937+21] adding red noise...
  [B1937+21] white noise for Rcvr_800_GASP (586 TOAs)...
  [B1937+21] white noise for Rcvr1_2_GUPPI (7048 TOAs)...
  [B1937+21] white noise for L-wide_PUPPI (4133 TOAs)...
  [B1937+21] white noise for S-wide_ASP (344 TOAs)...
  [B1937+21] white noise for Rcvr1_2_GASP (1069 TOAs)...
  [B1937+21] white noise for L-wide_ASP (452 TOAs)...
  [B1937+21] white noise for Rcvr_800_GUPPI (7140 TOAs)...
  [B1937+21] white noise for S-wide_PUPPI (2251 TOAs)...
  [B1953+29] zeroing residuals...
  [B1953+29] adding red noise...
  [B1953+29] white noise for 430_ASP (29 TOAs)...
  [B1953+29] white noise for L-wide_PUPPI (4037 TOAs)...
  [B1953+29] white noise for S-wide_ASP (25 TOAs)...
  [B1953+29] white noise for L-wide_ASP (94 TOAs)...
  [B1953+29] white noise for 430_PUPPI (941 TOAs)...
  [J0023+0923] zeroing residuals...
  [J0023+0923] adding red noise...
  [J0023+0923] white noise for 430_ASP (90 TOAs)...
  [J0023+0923] white noise for 430_PUPPI (4564 TOAs)...
  [J0023+0923] white noise for L-wide_PUPPI (11123 TOAs)...
  [J0023+0923] white noise for L-wide_ASP (119 TOAs)...
  [J0030+0451] zeroing residuals...
  [J0030+0451] adding red noise...
  [J0030+0451] white noise for 430_ASP (267 TOAs)...
  [J0030+0451] white noise for L-wide_PUPPI (12774 TOAs)...
  [J0030+0451] white noise for L-wide_ASP (789 TOAs)...
  [J0030+0451] white noise for S-wide_PUPPI (2673 TOAs)...
  [J0030+0451] white noise for 430_PUPPI (3068 TOAs)...
  [J0340+4130] zeroing residuals...
  [J0340+4130] adding red noise...
  [J0340+4130] white noise for Rcvr1_2_GUPPI (5037 TOAs)...
  [J0340+4130] white noise for Rcvr_800_GUPPI (6056 TOAs)...
  [J0406+3039] zeroing residuals...
  [J0406+3039] adding red noise...
  [J0406+3039] white noise for L-wide_PUPPI (1871 TOAs)...
  [J0406+3039] white noise for S-wide_PUPPI (575 TOAs)...
  [J0437-4715] zeroing residuals...
  [J0437-4715] adding red noise...
  [J0437-4715] white noise for 3GHz_YUPPI (3696 TOAs)...
  [J0437-4715] white noise for 1.5GHz_YUPPI (2134 TOAs)...
  [J0509+0856] zeroing residuals...
  [J0509+0856] adding red noise...
  [J0509+0856] white noise for L-wide_PUPPI (1625 TOAs)...
  [J0509+0856] white noise for S-wide_PUPPI (544 TOAs)...
  [J0557+1551] zeroing residuals...
  [J0557+1551] adding red noise...
  [J0557+1551] white noise for L-wide_PUPPI (467 TOAs)...
  [J0557+1551] white noise for S-wide_PUPPI (58 TOAs)...
  [J0605+3757] zeroing residuals...
  [J0605+3757] adding red noise...
  [J0605+3757] white noise for Rcvr1_2_GUPPI (318 TOAs)...
  [J0605+3757] white noise for Rcvr_800_GUPPI (236 TOAs)...
  [J0610-2100] zeroing residuals...
  [J0610-2100] adding red noise...
  [J0610-2100] white noise for Rcvr1_2_GUPPI (2401 TOAs)...
  [J0610-2100] white noise for Rcvr_800_GUPPI (2484 TOAs)...
  [J0613-0200] zeroing residuals...
  [J0613-0200] adding red noise...
  [J0613-0200] white noise for Rcvr_800_GASP (809 TOAs)...
  [J0613-0200] white noise for Rcvr1_2_GUPPI (7423 TOAs)...
  [J0613-0200] white noise for Rcvr_800_GUPPI (7900 TOAs)...
  [J0613-0200] white noise for Rcvr1_2_GASP (992 TOAs)...
  [J0636+5128] zeroing residuals...
  [J0636+5128] adding red noise...
  [J0636+5128] white noise for Rcvr1_2_GUPPI (14803 TOAs)...
  [J0636+5128] white noise for Rcvr_800_GUPPI (17419 TOAs)...
  [J0645+5158] zeroing residuals...
  [J0645+5158] adding red noise...
  [J0645+5158] white noise for Rcvr1_2_GUPPI (5721 TOAs)...
  [J0645+5158] white noise for Rcvr_800_GUPPI (4682 TOAs)...
  [J0709+0458] zeroing residuals...
  [J0709+0458] adding red noise...
  [J0709+0458] white noise for L-wide_PUPPI (2435 TOAs)...
  [J0709+0458] white noise for S-wide_PUPPI (595 TOAs)...
  [J0740+6620] zeroing residuals...
  [J0740+6620] adding red noise...
  [J0740+6620] white noise for Rcvr1_2_GUPPI (8265 TOAs)...
  [J0740+6620] white noise for Rcvr_800_GUPPI (5136 TOAs)...
  [J0931-1902] zeroing residuals...
  [J0931-1902] adding red noise...
  [J0931-1902] white noise for Rcvr1_2_GUPPI (2054 TOAs)...
  [J0931-1902] white noise for Rcvr_800_GUPPI (3419 TOAs)...
  [J1012+5307] zeroing residuals...
  [J1012+5307] adding red noise...
  [J1012+5307] white noise for Rcvr_800_GASP (1210 TOAs)...
  [J1012+5307] white noise for Rcvr1_2_GUPPI (12849 TOAs)...
  [J1012+5307] white noise for Rcvr_800_GUPPI (10299 TOAs)...
  [J1012+5307] white noise for Rcvr1_2_GASP (1479 TOAs)...
  [J1012-4235] zeroing residuals...
  [J1012-4235] adding red noise...
  [J1012-4235] white noise for Rcvr1_2_GUPPI (455 TOAs)...
  [J1012-4235] white noise for Rcvr_800_GUPPI (342 TOAs)...
  [J1022+1001] zeroing residuals...
  [J1022+1001] adding red noise...
  [J1022+1001] white noise for 430_PUPPI (232 TOAs)...
  [J1022+1001] white noise for L-wide_PUPPI (2592 TOAs)...
  [J1022+1001] white noise for S-wide_PUPPI (1154 TOAs)...
  [J1024-0719] zeroing residuals...
  [J1024-0719] adding red noise...
  [J1024-0719] white noise for Rcvr_800_GASP (51 TOAs)...
  [J1024-0719] white noise for Rcvr1_2_GUPPI (7086 TOAs)...
  [J1024-0719] white noise for Rcvr_800_GUPPI (5455 TOAs)...
  [J1024-0719] white noise for Rcvr1_2_GASP (43 TOAs)...
  [J1125+7819] zeroing residuals...
  [J1125+7819] adding red noise...
  [J1125+7819] white noise for Rcvr1_2_GUPPI (4016 TOAs)...
  [J1125+7819] white noise for Rcvr_800_GUPPI (4707 TOAs)...
  [J1312+0051] zeroing residuals...
  [J1312+0051] adding red noise...
  [J1312+0051] white noise for L-wide_PUPPI (1289 TOAs)...
  [J1312+0051] white noise for S-wide_PUPPI (416 TOAs)...
  [J1453+1902] zeroing residuals...
  [J1453+1902] adding red noise...
  [J1453+1902] white noise for 430_PUPPI (425 TOAs)...
  [J1453+1902] white noise for L-wide_PUPPI (2122 TOAs)...
  [J1453+1902] white noise for S-wide_PUPPI (4 TOAs)...
  [J1455-3330] zeroing residuals...
  [J1455-3330] adding red noise...
  [J1455-3330] white noise for Rcvr_800_GASP (479 TOAs)...
  [J1455-3330] white noise for Rcvr1_2_GUPPI (4932 TOAs)...
  [J1455-3330] white noise for Rcvr_800_GUPPI (4843 TOAs)...
  [J1455-3330] white noise for Rcvr1_2_GASP (564 TOAs)...
  [J1600-3053] zeroing residuals...
  [J1600-3053] adding red noise...
  [J1600-3053] white noise for Rcvr_800_GASP (297 TOAs)...
  [J1600-3053] white noise for Rcvr1_2_GUPPI (10168 TOAs)...
  [J1600-3053] white noise for Rcvr1_2_GASP (457 TOAs)...
  [J1600-3053] white noise for 3GHz_YUPPI (3237 TOAs)...
  [J1600-3053] white noise for Rcvr_800_GUPPI (8796 TOAs)...
  [J1614-2230] zeroing residuals...
  [J1614-2230] adding red noise...
  [J1614-2230] white noise for Rcvr_800_GASP (84 TOAs)...
  [J1614-2230] white noise for Rcvr1_2_GUPPI (10509 TOAs)...
  [J1614-2230] white noise for Rcvr_800_GUPPI (7768 TOAs)...
  [J1614-2230] white noise for Rcvr1_2_GASP (84 TOAs)...
  [J1630+3734] zeroing residuals...
  [J1630+3734] adding red noise...
  [J1630+3734] white noise for Rcvr1_2_GUPPI (909 TOAs)...
  [J1630+3734] white noise for Rcvr_800_GUPPI (906 TOAs)...
  [J1640+2224] zeroing residuals...
  [J1640+2224] adding red noise...
  [J1640+2224] white noise for 430_ASP (340 TOAs)...
  [J1640+2224] white noise for 430_PUPPI (3157 TOAs)...
  [J1640+2224] white noise for L-wide_PUPPI (9847 TOAs)...
  [J1640+2224] white noise for L-wide_ASP (722 TOAs)...
  [J1643-1224] zeroing residuals...
  [J1643-1224] adding red noise...
  [J1643-1224] white noise for Rcvr_800_GASP (559 TOAs)...
  [J1643-1224] white noise for Rcvr1_2_GUPPI (8803 TOAs)...
  [J1643-1224] white noise for Rcvr1_2_GASP (833 TOAs)...
  [J1643-1224] white noise for 3GHz_YUPPI (4215 TOAs)...
  [J1643-1224] white noise for Rcvr_800_GUPPI (7734 TOAs)...
  [J1705-1903] zeroing residuals...
  [J1705-1903] adding red noise...
  [J1705-1903] white noise for Rcvr1_2_GUPPI (6350 TOAs)...
  [J1705-1903] white noise for Rcvr_800_GUPPI (3521 TOAs)...
  [J1713+0747] zeroing residuals...
  [J1713+0747] adding red noise...
  [J1713+0747] white noise for Rcvr_800_GASP (1032 TOAs)...
  [J1713+0747] white noise for Rcvr1_2_GUPPI (22334 TOAs)...
  [J1713+0747] white noise for 1.5GHz_YUPPI (1461 TOAs)...
  [J1713+0747] white noise for L-wide_PUPPI (12743 TOAs)...
  [J1713+0747] white noise for S-wide_ASP (624 TOAs)...
  [J1713+0747] white noise for Rcvr1_2_GASP (1109 TOAs)...
  [J1713+0747] white noise for 3GHz_YUPPI (3282 TOAs)...
  [J1713+0747] white noise for L-wide_ASP (843 TOAs)...
  [J1713+0747] white noise for Rcvr_800_GUPPI (8479 TOAs)...
  [J1713+0747] white noise for S-wide_PUPPI (7482 TOAs)...
  [J1719-1438] zeroing residuals...
  [J1719-1438] adding red noise...
  [J1719-1438] white noise for Rcvr1_2_GUPPI (2722 TOAs)...
  [J1719-1438] white noise for Rcvr_800_GUPPI (3634 TOAs)...
  [J1730-2304] zeroing residuals...
  [J1730-2304] adding red noise...
  [J1730-2304] white noise for Rcvr1_2_GUPPI (2367 TOAs)...
  [J1730-2304] white noise for Rcvr_800_GUPPI (2503 TOAs)...
  [J1738+0333] zeroing residuals...
  [J1738+0333] adding red noise...
  [J1738+0333] white noise for S-wide_PUPPI (1737 TOAs)...
  [J1738+0333] white noise for L-wide_PUPPI (6718 TOAs)...
  [J1738+0333] white noise for L-wide_ASP (201 TOAs)...
  [J1738+0333] white noise for S-wide_ASP (134 TOAs)...
  [J1741+1351] zeroing residuals...
  [J1741+1351] adding red noise...
  [J1741+1351] white noise for 430_ASP (27 TOAs)...
  [J1741+1351] white noise for L-wide_PUPPI (4045 TOAs)...
  [J1741+1351] white noise for S-wide_ASP (115 TOAs)...
  [J1741+1351] white noise for L-wide_ASP (236 TOAs)...
  [J1741+1351] white noise for 430_PUPPI (1159 TOAs)...
  [J1744-1134] zeroing residuals...
  [J1744-1134] adding red noise...
  [J1744-1134] white noise for Rcvr_800_GASP (930 TOAs)...
  [J1744-1134] white noise for Rcvr1_2_GUPPI (8109 TOAs)...
  [J1744-1134] white noise for Rcvr_800_GUPPI (7899 TOAs)...
  [J1744-1134] white noise for Rcvr1_2_GASP (807 TOAs)...
  [J1745+1017] zeroing residuals...
  [J1745+1017] adding red noise...
  [J1745+1017] white noise for L-wide_PUPPI (2179 TOAs)...
  [J1745+1017] white noise for S-wide_PUPPI (838 TOAs)...
  [J1747-4036] zeroing residuals...
  [J1747-4036] adding red noise...
  [J1747-4036] white noise for Rcvr1_2_GUPPI (5239 TOAs)...
  [J1747-4036] white noise for Rcvr_800_GUPPI (5816 TOAs)...
  [J1751-2857] zeroing residuals...
  [J1751-2857] adding red noise...
  [J1751-2857] white noise for Rcvr1_2_GUPPI (1786 TOAs)...
  [J1751-2857] white noise for Rcvr_800_GUPPI (239 TOAs)...
  [J1802-2124] zeroing residuals...
  [J1802-2124] adding red noise...
  [J1802-2124] white noise for Rcvr1_2_GUPPI (3231 TOAs)...
  [J1802-2124] white noise for Rcvr_800_GUPPI (3565 TOAs)...
  [J1811-2405] zeroing residuals...
  [J1811-2405] adding red noise...
  [J1811-2405] white noise for Rcvr1_2_GUPPI (2638 TOAs)...
  [J1811-2405] white noise for Rcvr_800_GUPPI (2628 TOAs)...
  [J1832-0836] zeroing residuals...
  [J1832-0836] adding red noise...
  [J1832-0836] white noise for Rcvr1_2_GUPPI (4661 TOAs)...
  [J1832-0836] white noise for Rcvr_800_GUPPI (3078 TOAs)...
  [J1843-1113] zeroing residuals...
  [J1843-1113] adding red noise...
  [J1843-1113] white noise for Rcvr1_2_GUPPI (2394 TOAs)...
  [J1843-1113] white noise for Rcvr_800_GUPPI (2201 TOAs)...
  [J1853+1303] zeroing residuals...
  [J1853+1303] adding red noise...
  [J1853+1303] white noise for 430_ASP (24 TOAs)...
  [J1853+1303] white noise for 430_PUPPI (1151 TOAs)...
  [J1853+1303] white noise for L-wide_PUPPI (3362 TOAs)...
  [J1853+1303] white noise for L-wide_ASP (33 TOAs)...
  [J1903+0327] zeroing residuals...
  [J1903+0327] adding red noise...
  [J1903+0327] white noise for L-wide_PUPPI (3845 TOAs)...
  [J1903+0327] white noise for S-wide_ASP (151 TOAs)...
  [J1903+0327] white noise for 3GHz_YUPPI (439 TOAs)...
  [J1903+0327] white noise for L-wide_ASP (139 TOAs)...
  [J1903+0327] white noise for S-wide_PUPPI (2282 TOAs)...
  [J1909-3744] zeroing residuals...
  [J1909-3744] adding red noise...
  [J1909-3744] white noise for Rcvr_800_GASP (866 TOAs)...
  [J1909-3744] white noise for Rcvr1_2_GUPPI (20439 TOAs)...
  [J1909-3744] white noise for Rcvr1_2_GASP (808 TOAs)...
  [J1909-3744] white noise for 3GHz_YUPPI (3525 TOAs)...
  [J1909-3744] white noise for Rcvr_800_GUPPI (9399 TOAs)...
  [J1910+1256] zeroing residuals...
  [J1910+1256] adding red noise...
  [J1910+1256] white noise for S-wide_PUPPI (1857 TOAs)...
  [J1910+1256] white noise for L-wide_PUPPI (4124 TOAs)...
  [J1910+1256] white noise for L-wide_ASP (297 TOAs)...
  [J1910+1256] white noise for S-wide_ASP (208 TOAs)...
  [J1911+1347] zeroing residuals...
  [J1911+1347] adding red noise...
  [J1911+1347] white noise for 430_PUPPI (753 TOAs)...
  [J1911+1347] white noise for L-wide_PUPPI (3033 TOAs)...
  [J1918-0642] zeroing residuals...
  [J1918-0642] adding red noise...
  [J1918-0642] white noise for Rcvr_800_GASP (835 TOAs)...
  [J1918-0642] white noise for Rcvr1_2_GUPPI (8910 TOAs)...
  [J1918-0642] white noise for Rcvr_800_GUPPI (8352 TOAs)...
  [J1918-0642] white noise for Rcvr1_2_GASP (778 TOAs)...
  [J1923+2515] zeroing residuals...
  [J1923+2515] adding red noise...
  [J1923+2515] white noise for 430_ASP (10 TOAs)...
  [J1923+2515] white noise for 430_PUPPI (922 TOAs)...
  [J1923+2515] white noise for L-wide_PUPPI (3028 TOAs)...
  [J1923+2515] white noise for L-wide_ASP (14 TOAs)...
  [J1944+0907] zeroing residuals...
  [J1944+0907] adding red noise...
  [J1944+0907] white noise for 430_ASP (38 TOAs)...
  [J1944+0907] white noise for L-wide_PUPPI (3900 TOAs)...
  [J1944+0907] white noise for S-wide_ASP (116 TOAs)...
  [J1944+0907] white noise for L-wide_ASP (257 TOAs)...
  [J1944+0907] white noise for 430_PUPPI (1017 TOAs)...
  [J1946+3417] zeroing residuals...
  [J1946+3417] adding red noise...
  [J1946+3417] white noise for L-wide_PUPPI (3197 TOAs)...
  [J1946+3417] white noise for S-wide_PUPPI (1546 TOAs)...
  [J2010-1323] zeroing residuals...
  [J2010-1323] adding red noise...
  [J2010-1323] white noise for Rcvr_800_GASP (70 TOAs)...
  [J2010-1323] white noise for Rcvr1_2_GUPPI (7779 TOAs)...
  [J2010-1323] white noise for Rcvr_800_GUPPI (9158 TOAs)...
  [J2010-1323] white noise for Rcvr1_2_GASP (70 TOAs)...
  [J2017+0603] zeroing residuals...
  [J2017+0603] adding red noise...
  [J2017+0603] white noise for 430_PUPPI (78 TOAs)...
  [J2017+0603] white noise for L-wide_PUPPI (2569 TOAs)...
  [J2017+0603] white noise for L-wide_ASP (16 TOAs)...
  [J2017+0603] white noise for S-wide_PUPPI (849 TOAs)...
  [J2033+1734] zeroing residuals...
  [J2033+1734] adding red noise...
  [J2033+1734] white noise for 430_PUPPI (797 TOAs)...
  [J2033+1734] white noise for L-wide_PUPPI (3050 TOAs)...
  [J2043+1711] zeroing residuals...
  [J2043+1711] adding red noise...
  [J2043+1711] white noise for 430_ASP (30 TOAs)...
  [J2043+1711] white noise for 430_PUPPI (2908 TOAs)...
  [J2043+1711] white noise for L-wide_PUPPI (4419 TOAs)...
  [J2043+1711] white noise for L-wide_ASP (40 TOAs)...
  [J2124-3358] zeroing residuals...
  [J2124-3358] adding red noise...
  [J2124-3358] white noise for Rcvr1_2_GUPPI (2957 TOAs)...
  [J2124-3358] white noise for Rcvr_800_GUPPI (2025 TOAs)...
  [J2145-0750] zeroing residuals...
  [J2145-0750] adding red noise...
  [J2145-0750] white noise for Rcvr_800_GASP (362 TOAs)...
  [J2145-0750] white noise for Rcvr1_2_GUPPI (9158 TOAs)...
  [J2145-0750] white noise for Rcvr_800_GUPPI (8728 TOAs)...
  [J2145-0750] white noise for Rcvr1_2_GASP (427 TOAs)...
  [J2214+3000] zeroing residuals...
  [J2214+3000] adding red noise...
  [J2214+3000] white noise for L-wide_PUPPI (5829 TOAs)...
  [J2214+3000] white noise for L-wide_ASP (9 TOAs)...
  [J2214+3000] white noise for S-wide_PUPPI (1568 TOAs)...
  [J2229+2643] zeroing residuals...
  [J2229+2643] adding red noise...
  [J2229+2643] white noise for 430_PUPPI (956 TOAs)...
  [J2229+2643] white noise for L-wide_PUPPI (2755 TOAs)...
  [J2234+0611] zeroing residuals...
  [J2234+0611] adding red noise...
  [J2234+0611] white noise for 430_PUPPI (653 TOAs)...
  [J2234+0611] white noise for L-wide_PUPPI (2913 TOAs)...
  [J2234+0944] zeroing residuals...
  [J2234+0944] adding red noise...
  [J2234+0944] white noise for L-wide_PUPPI (5003 TOAs)...
  [J2234+0944] white noise for S-wide_PUPPI (2532 TOAs)...
  [J2302+4442] zeroing residuals...
  [J2302+4442] adding red noise...
  [J2302+4442] white noise for Rcvr1_2_GUPPI (3779 TOAs)...
  [J2302+4442] white noise for Rcvr_800_GUPPI (6432 TOAs)...
  [J2317+1439] zeroing residuals...
  [J2317+1439] adding red noise...
  [J2317+1439] white noise for 430_ASP (458 TOAs)...
  [J2317+1439] white noise for L-wide_PUPPI (9563 TOAs)...
  [J2317+1439] white noise for 327_ASP (413 TOAs)...
  [J2317+1439] white noise for 430_PUPPI (3217 TOAs)...
  [J2317+1439] white noise for 327_PUPPI (276 TOAs)...
  [J2322+2057] zeroing residuals...
  [J2322+2057] adding red noise...
  [J2322+2057] white noise for 430_PUPPI (752 TOAs)...
  [J2322+2057] white noise for L-wide_PUPPI (2196 TOAs)...
  [J2322+2057] white noise for S-wide_PUPPI (140 TOAs)...
Resetting pulsars to clean stoas...
Restore: 0.00 s
Inject: 0.00 s
Snapshotting into enterprise Pulsar objects...
Building PTA...
PTA build: 473.50 s
Computing optimal statistic...
OS time: 51.80 s
Total: 525.31 s
Noise-only SNR baseline: 0.0283

Generating SNR-consistent population...
Target SNR: 4.0
Resetting pulsars to clean stoas...
Restore: 0.81 s
Injecting population...
  B1855+09: RMS = 1154.826 ns
  B1937+21: RMS = 2609.413 ns
  B1953+29: RMS = 3450.375 ns
  J0023+0923: RMS = 1847.172 ns
  J0030+0451: RMS = 1839.425 ns
  J0340+4130: RMS = 1109.098 ns
  J0406+3039: RMS = 659.736 ns
  J0437-4715: RMS = 935.690 ns
  J0509+0856: RMS = 256.148 ns
  J0557+1551: RMS = 2785.081 ns
  J0605+3757: RMS = 1573.202 ns
  J0610-2100: RMS = 1546.841 ns
  J0613-0200: RMS = 677.862 ns
  J0636+5128: RMS = 2060.210 ns
  J0645+5158: RMS = 2332.660 ns
  J0709+0458: RMS = 933.668 ns
  J0740+6620: RMS = 1043.207 ns
  J0931-1902: RMS = 2893.578 ns
  J1012+5307: RMS = 1111.284 ns
  J1012-4235: RMS = 2360.531 ns
  J1022+1001: RMS = 255.981 ns
  J1024-0719: RMS = 1576.447 ns
  J1125+7819: RMS = 1666.068 ns
  J1312+0051: RMS = 795.618 ns
  J1453+1902: RMS = 985.623 ns
  J1455-3330: RMS = 1144.478 ns
  J1600-3053: RMS = 1865.358 ns
  J1614-2230: RMS = 2285.055 ns
  J1630+3734: RMS = 331.291 ns
  J1640+2224: RMS = 2241.817 ns
  J1643-1224: RMS = 3020.153 ns
  J1705-1903: RMS = 1430.409 ns
  J1713+0747: RMS = 2325.299 ns
  J1719-1438: RMS = 1403.218 ns
  J1730-2304: RMS = 877.781 ns
  J1738+0333: RMS = 1716.800 ns
  J1741+1351: RMS = 1670.604 ns
  J1744-1134: RMS = 1992.054 ns
  J1745+1017: RMS = 359.230 ns
  J1747-4036: RMS = 1926.566 ns
  J1751-2857: RMS = 815.370 ns
  J1802-2124: RMS = 302.749 ns
  J1811-2405: RMS = 167.634 ns
  J1832-0836: RMS = 1096.960 ns
  J1843-1113: RMS = 940.722 ns
  J1853+1303: RMS = 1204.004 ns
  J1903+0327: RMS = 676.501 ns
  J1909-3744: RMS = 1603.229 ns
  J1910+1256: RMS = 1526.489 ns
  J1911+1347: RMS = 1855.471 ns
  J1918-0642: RMS = 1233.905 ns
  J1923+2515: RMS = 2827.866 ns
  J1944+0907: RMS = 2482.528 ns
  J1946+3417: RMS = 2175.506 ns
  J2010-1323: RMS = 2036.566 ns
  J2017+0603: RMS = 2372.107 ns
  J2033+1734: RMS = 1874.703 ns
  J2043+1711: RMS = 3580.815 ns
  J2124-3358: RMS = 340.550 ns
  J2145-0750: RMS = 2642.368 ns
  J2214+3000: RMS = 1299.093 ns
  J2229+2643: RMS = 1931.716 ns
  J2234+0611: RMS = 980.265 ns
  J2234+0944: RMS = 1740.184 ns
  J2302+4442: RMS = 1758.212 ns
  J2317+1439: RMS = 1286.490 ns
  J2322+2057: RMS = 879.203 ns
Inject: 0.94 s
Snapshotting into enterprise Pulsar objects...
Building PTA...
PTA build: 451.53 s
Computing optimal statistic...
OS time: 51.87 s
Total: 505.16 s
Initial SNR: 24.2903, Target SNR: 4.0000
  Initial SNR 24.2903 outside of provided SNR_range [3.5, 4.25] — rescaling.
Scaling distances by factor 2.4716 to achieve target SNR...
Resetting pulsars to clean stoas...
Restore: 0.01 s
Injecting population...
  B1855+09: RMS = 467.243 ns
  B1937+21: RMS = 1055.770 ns
  B1953+29: RMS = 1396.023 ns
  J0023+0923: RMS = 747.367 ns
  J0030+0451: RMS = 744.232 ns
  J0340+4130: RMS = 448.742 ns
  J0406+3039: RMS = 266.929 ns
  J0437-4715: RMS = 378.581 ns
  J0509+0856: RMS = 103.638 ns
  J0557+1551: RMS = 1126.845 ns
  J0605+3757: RMS = 636.518 ns
  J0610-2100: RMS = 625.853 ns
  J0613-0200: RMS = 274.263 ns
  J0636+5128: RMS = 833.562 ns
  J0645+5158: RMS = 943.795 ns
  J0709+0458: RMS = 377.762 ns
  J0740+6620: RMS = 422.082 ns
  J0931-1902: RMS = 1170.743 ns
  J1012+5307: RMS = 449.626 ns
  J1012-4235: RMS = 955.072 ns
  J1022+1001: RMS = 103.570 ns
  J1024-0719: RMS = 637.831 ns
  J1125+7819: RMS = 674.092 ns
  J1312+0051: RMS = 321.907 ns
  J1453+1902: RMS = 398.784 ns
  J1455-3330: RMS = 463.056 ns
  J1600-3053: RMS = 754.725 ns
  J1614-2230: RMS = 924.534 ns
  J1630+3734: RMS = 134.040 ns
  J1640+2224: RMS = 907.040 ns
  J1643-1224: RMS = 1221.955 ns
  J1705-1903: RMS = 578.744 ns
  J1713+0747: RMS = 940.817 ns
  J1719-1438: RMS = 567.743 ns
  J1730-2304: RMS = 355.150 ns
  J1738+0333: RMS = 694.618 ns
  J1741+1351: RMS = 675.927 ns
  J1744-1134: RMS = 805.986 ns
  J1745+1017: RMS = 145.345 ns
  J1747-4036: RMS = 779.490 ns
  J1751-2857: RMS = 329.899 ns
  J1802-2124: RMS = 122.492 ns
  J1811-2405: RMS = 67.825 ns
  J1832-0836: RMS = 443.831 ns
  J1843-1113: RMS = 380.617 ns
  J1853+1303: RMS = 487.141 ns
  J1903+0327: RMS = 273.712 ns
  J1909-3744: RMS = 648.667 ns
  J1910+1256: RMS = 617.618 ns
  J1911+1347: RMS = 750.724 ns
  J1918-0642: RMS = 499.239 ns
  J1923+2515: RMS = 1144.156 ns
  J1944+0907: RMS = 1004.432 ns
  J1946+3417: RMS = 880.211 ns
  J2010-1323: RMS = 823.995 ns
  J2017+0603: RMS = 959.756 ns
  J2033+1734: RMS = 758.506 ns
  J2043+1711: RMS = 1448.800 ns
  J2124-3358: RMS = 137.787 ns
  J2145-0750: RMS = 1069.103 ns
  J2214+3000: RMS = 525.614 ns
  J2229+2643: RMS = 781.573 ns
  J2234+0611: RMS = 396.616 ns
  J2234+0944: RMS = 704.079 ns
  J2302+4442: RMS = 711.373 ns
  J2317+1439: RMS = 520.514 ns
  J2322+2057: RMS = 355.726 ns
Inject: 0.97 s
Snapshotting into enterprise Pulsar objects...
Building PTA...
PTA build: 448.21 s
Computing optimal statistic...
OS time: 47.34 s
Total: 496.52 s
  ✓ SNR is within the provided SNR_range: 4.0549 ∈ [3.5, 4.25]

Final SNR history:
  it 0: cumulative_scale=1.0000×  SNR=24.2903
  it 1: cumulative_scale=2.4716×  SNR=4.0549
✓ Simulation 1 done (1003.9 s)

======================================================================
ENSEMBLE SUMMARY
======================================================================
Success rate: 100.0% (1/1)

Binaries per population:
  Mean ± std : 20000 ± 0
  Range      : [20000, 20000]

SNR achieved:
  Mean ± std : 4.0549 ± 0.0000
  Range      : [4.0549, 4.0549]

Total time: 1570.6 s (26.2 min)
======================================================================

💾 Saved: data/2026-04-28/realistic_run_93/consistent_population_realistic_targetSNR4.25_sims1.json
💾 Saved compressed pickle: data/2026-04-28/realistic_run_93/consistent_population_realistic_targetSNR4.25_sims1.pkl.gz

======================================================================
CONTINUOUS WAVE SNR ANALYSIS
======================================================================

--- Population 1 ---
Precomputation of phiinvs, TNTs, Ts, Nvecs, Sigmas took 0.04 seconds.
Total SNR computation for population took 426.19 seconds.
Top 50 CGW candidates:
   1. proxy_rank=   1  sky_w=1.34  f=2.75e-09 Hz  Mc=2.87e+10 Msun  h0=2.05e-14  SNR=7.766
   2. proxy_rank=  28  sky_w=1.31  f=1.05e-08 Hz  Mc=1.91e+10 Msun  h0=6.18e-15  SNR=6.334
   3. proxy_rank= 115  sky_w=1.11  f=1.11e-08 Hz  Mc=1.18e+10 Msun  h0=3.06e-15  SNR=5.304
   4. proxy_rank=   3  sky_w=1.30  f=3.24e-09 Hz  Mc=2.91e+10 Msun  h0=5.96e-15  SNR=4.769
   5. proxy_rank=  49  sky_w=1.39  f=6.74e-09 Hz  Mc=1.23e+10 Msun  h0=2.58e-15  SNR=4.672
   6. proxy_rank=   7  sky_w=1.41  f=3.89e-09 Hz  Mc=1.98e+10 Msun  h0=3.90e-15  SNR=4.000
   7. proxy_rank=  25  sky_w=1.53  f=4.85e-09 Hz  Mc=9.16e+09 Msun  h0=2.61e-15  SNR=3.995
   8. proxy_rank=  39  sky_w=0.77  f=5.37e-09 Hz  Mc=1.99e+10 Msun  h0=4.46e-15  SNR=3.721
   9. proxy_rank=  94  sky_w=1.05  f=6.83e-09 Hz  Mc=1.13e+10 Msun  h0=2.25e-15  SNR=3.395
  10. proxy_rank=   8  sky_w=1.14  f=5.72e-09 Hz  Mc=2.37e+10 Msun  h0=6.78e-15  SNR=3.297
  11. proxy_rank=   4  sky_w=1.33  f=4.21e-09 Hz  Mc=2.99e+10 Msun  h0=7.35e-15  SNR=3.146
  12. proxy_rank=  53  sky_w=1.21  f=6.95e-09 Hz  Mc=1.34e+10 Msun  h0=2.98e-15  SNR=2.964
  13. proxy_rank=  16  sky_w=1.37  f=3.33e-09 Hz  Mc=1.53e+10 Msun  h0=2.26e-15  SNR=2.396
  14. proxy_rank=  74  sky_w=1.27  f=5.17e-09 Hz  Mc=9.33e+09 Msun  h0=1.66e-15  SNR=2.357
  15. proxy_rank=  13  sky_w=1.61  f=4.27e-09 Hz  Mc=1.68e+10 Msun  h0=2.81e-15  SNR=2.325
  16. proxy_rank=  33  sky_w=1.03  f=3.94e-09 Hz  Mc=1.14e+10 Msun  h0=2.70e-15  SNR=2.098
  17. proxy_rank= 108  sky_w=1.41  f=6.96e-09 Hz  Mc=9.45e+09 Msun  h0=1.60e-15  SNR=1.880
  18. proxy_rank=  29  sky_w=0.79  f=3.88e-09 Hz  Mc=2.02e+10 Msun  h0=3.77e-15  SNR=1.856
  19. proxy_rank= 185  sky_w=0.95  f=6.94e-09 Hz  Mc=7.75e+09 Msun  h0=1.43e-15  SNR=1.752
  20. proxy_rank=  75  sky_w=1.31  f=5.31e-09 Hz  Mc=8.03e+09 Msun  h0=1.65e-15  SNR=1.748
  21. proxy_rank=  18  sky_w=1.23  f=4.18e-09 Hz  Mc=9.00e+09 Msun  h0=2.99e-15  SNR=1.716
  22. proxy_rank=  22  sky_w=0.82  f=2.88e-09 Hz  Mc=6.54e+09 Msun  h0=3.00e-15  SNR=1.699
  23. proxy_rank= 139  sky_w=1.13  f=5.94e-09 Hz  Mc=9.22e+09 Msun  h0=1.30e-15  SNR=1.682
  24. proxy_rank=   9  sky_w=0.87  f=2.45e-09 Hz  Mc=2.28e+10 Msun  h0=3.58e-15  SNR=1.566
  25. proxy_rank= 111  sky_w=1.60  f=4.84e-09 Hz  Mc=8.60e+09 Msun  h0=9.70e-16  SNR=1.497
  26. proxy_rank=  26  sky_w=1.29  f=3.09e-09 Hz  Mc=1.30e+10 Msun  h0=1.97e-15  SNR=1.406
  27. proxy_rank= 129  sky_w=1.48  f=8.84e-09 Hz  Mc=8.96e+09 Msun  h0=1.60e-15  SNR=1.336
  28. proxy_rank=  24  sky_w=0.81  f=4.09e-09 Hz  Mc=2.17e+10 Msun  h0=4.19e-15  SNR=1.307
  29. proxy_rank= 198  sky_w=0.58  f=5.45e-09 Hz  Mc=1.16e+10 Msun  h0=1.75e-15  SNR=1.306
  30. proxy_rank= 119  sky_w=1.46  f=5.16e-09 Hz  Mc=4.05e+09 Msun  h0=1.03e-15  SNR=1.280
  31. proxy_rank=  55  sky_w=1.20  f=4.66e-09 Hz  Mc=1.08e+10 Msun  h0=1.94e-15  SNR=1.192
  32. proxy_rank= 165  sky_w=1.39  f=5.45e-09 Hz  Mc=6.95e+09 Msun  h0=8.51e-16  SNR=1.190
  33. proxy_rank= 624  sky_w=1.16  f=1.36e-08 Hz  Mc=4.43e+09 Msun  h0=6.39e-16  SNR=1.171
  34. proxy_rank=  60  sky_w=0.78  f=3.42e-09 Hz  Mc=1.45e+10 Msun  h0=2.10e-15  SNR=1.132
  35. proxy_rank=  84  sky_w=1.01  f=3.88e-09 Hz  Mc=1.20e+10 Msun  h0=1.45e-15  SNR=1.128
  36. proxy_rank= 155  sky_w=0.63  f=4.31e-09 Hz  Mc=1.16e+10 Msun  h0=1.55e-15  SNR=1.126
  37. proxy_rank=   6  sky_w=0.96  f=2.31e-09 Hz  Mc=2.49e+10 Msun  h0=3.45e-15  SNR=1.091
  38. proxy_rank= 393  sky_w=1.08  f=8.55e-09 Hz  Mc=4.88e+09 Msun  h0=7.09e-16  SNR=1.088
  39. proxy_rank=  30  sky_w=1.30  f=2.79e-09 Hz  Mc=1.47e+10 Msun  h0=1.62e-15  SNR=1.080
  40. proxy_rank=  43  sky_w=0.50  f=3.52e-09 Hz  Mc=1.91e+10 Msun  h0=4.17e-15  SNR=1.072
  41. proxy_rank= 253  sky_w=1.00  f=6.90e-09 Hz  Mc=6.69e+09 Msun  h0=9.91e-16  SNR=1.072
  42. proxy_rank=  15  sky_w=1.57  f=2.50e-09 Hz  Mc=1.32e+10 Msun  h0=1.64e-15  SNR=1.071
  43. proxy_rank= 726  sky_w=1.00  f=2.77e-08 Hz  Mc=4.90e+09 Msun  h0=1.21e-15  SNR=1.038
  44. proxy_rank=  31  sky_w=1.60  f=2.62e-09 Hz  Mc=1.15e+10 Msun  h0=1.21e-15  SNR=1.032
  45. proxy_rank= 409  sky_w=0.69  f=8.08e-09 Hz  Mc=7.08e+09 Msun  h0=1.01e-15  SNR=1.005
  46. proxy_rank= 279  sky_w=1.16  f=7.66e-09 Hz  Mc=6.08e+09 Msun  h0=8.69e-16  SNR=0.991
  47. proxy_rank= 206  sky_w=1.43  f=5.22e-09 Hz  Mc=6.37e+09 Msun  h0=6.54e-16  SNR=0.942
  48. proxy_rank=  17  sky_w=1.59  f=2.95e-09 Hz  Mc=1.46e+10 Msun  h0=1.68e-15  SNR=0.939
  49. proxy_rank= 167  sky_w=1.41  f=4.30e-09 Hz  Mc=6.58e+09 Msun  h0=6.57e-16  SNR=0.912
  50. proxy_rank=  21  sky_w=1.43  f=2.41e-09 Hz  Mc=1.44e+10 Msun  h0=1.43e-15  SNR=0.912
💾 Saved: data/2026-04-28/realistic_run_93/consistent_population_realistic_targetSNR4.25_sims1.json
💾 Saved compressed pickle: data/2026-04-28/realistic_run_93/consistent_population_realistic_targetSNR4.25_sims1.pkl.gz
Saved to figures/cgw_analysis_realistic.pdf

======================================================================
ANALYSIS COMPLETE
Results saved to: data/2026-04-28/realistic_run_93
======================================================================

==========================================
Job finished at: Tue Apr 28 17:36:51 AEST 2026
Exit code: 0
==========================================

+------------------ Job Report: 11717948 (COMPLETED) ------------------+
| Memory (RAM)  [#################   ] 89.3% (28.6 GB peak / 32 GB)    |
| CPU           [################    ] 84.5% average                   |
| Time          [---------->         ] 55.0% (0-00:35:44 / 0-01:05:00) |
|                                                                      |
| Lustre Filesystem:                                                   |
|   Path    Total Read    Total Write    Total IOPS                    |
|   ------  ------------  -------------  ------------                  |
|   /apps   0 B           0 B            429                           |
|   /fred   92 KB         6.4 MB         127                           |
|   /home   4.9 MB        0 B            2.4 K                         |
|   OS      0 B           0 B            2                             |
|                                                                      |
| Warnings:                                                            |
|   - Too much time requested                                          |
+----------------------------------------------------------------------+
