==========================================
Job ID: 11738969
Job Name: smbhb_optimistic
Node: gina304
Start Time: Wed Apr 29 13:56:46 AEST 2026
==========================================

/home/bhoulden/.conda/envs/smbhb312/share/tempo2
Working directory: /fred/oz005/users/bhoulden/SMBHB_population_injections

Loaded modules:

Starting SMBHB analysis...
==========================================

📁 Save directory: data/2026-04-29/optimistic_run_167
📝 Run name: optimistic_run_167

[MEM] Start: 243.5 MB

📡 Loading pulsars...
======================================================================
LOADING NANOGRAV PULSARS (libstempo)
======================================================================

📦 Loading from cache: nanograv_pulsars_cache.pkl
⚠ Cache load failed: Ran out of input
[DEBUG] Found 76 .par files
[tempo2Util.C:396] Warning: [MISC1] Unknown parameter in par file:  DMDATA
[tempo2Util.C:401] Warning: [DUP1] duplicated warnings have been suppressed.

WARNING: Using tempo RNAMP parameter: setting TNRedC to 100!
[observatory.C:271] Warning: Assuming site 'arecibo' means 'ao'
✓ Loaded B1855+09 (7758 TOAs)

WARNING: Using tempo RNAMP parameter: setting TNRedC to 100!
✓ Loaded B1937+21 (23023 TOAs)

WARNING: Using tempo RNAMP parameter: setting TNRedC to 100!
✓ Loaded B1937+21ao (7241 TOAs)

WARNING: Using tempo RNAMP parameter: setting TNRedC to 100!
✓ Loaded B1937+21gbt (16048 TOAs)

WARNING: Using tempo RNAMP parameter: setting TNRedC to 100!
✓ Loaded B1953+29 (5126 TOAs)
✓ Loaded J0023+0923 (15896 TOAs)

WARNING: Using tempo RNAMP parameter: setting TNRedC to 100!
✓ Loaded J0030+0451 (19571 TOAs)
✓ Loaded J0340+4130 (11093 TOAs)
✓ Loaded J0406+3039 (2446 TOAs)

WARNING: Using tempo RNAMP parameter: setting TNRedC to 100!
✓ Loaded J0437-4715 (5830 TOAs)
✓ Loaded J0509+0856 (2169 TOAs)
✓ Loaded J0557+1551 (525 TOAs)
✓ Loaded J0605+3757 (554 TOAs)

WARNING: Using tempo RNAMP parameter: setting TNRedC to 100!
✓ Loaded J0610-2100 (4885 TOAs)

WARNING: Using tempo RNAMP parameter: setting TNRedC to 100!
✓ Loaded J0613-0200 (17124 TOAs)
✓ Loaded J0614-3329 (1714 TOAs)
✓ Loaded J0636+5128 (32222 TOAs)
✓ Loaded J0645+5158 (10403 TOAs)
✓ Loaded J0709+0458 (3030 TOAs)
✓ Loaded J0740+6620 (13401 TOAs)
✓ Loaded J0931-1902 (5473 TOAs)

WARNING: Using tempo RNAMP parameter: setting TNRedC to 100!
✓ Loaded J1012+5307 (25837 TOAs)
✓ Loaded J1012-4235 (797 TOAs)
✓ Loaded J1022+1001 (3978 TOAs)
✓ Loaded J1024-0719 (12635 TOAs)
✓ Loaded J1125+7819 (8723 TOAs)
✓ Loaded J1312+0051 (1705 TOAs)
✓ Loaded J1453+1902 (2551 TOAs)
✓ Loaded J1455-3330 (10818 TOAs)

WARNING: Using tempo RNAMP parameter: setting TNRedC to 100!
✓ Loaded J1600-3053 (22955 TOAs)

WARNING: Using tempo RNAMP parameter: setting TNRedC to 100!
✓ Loaded J1600-3053gbt (19725 TOAs)

WARNING: Using tempo RNAMP parameter: setting TNRedC to 100!
✓ Loaded J1614-2230 (18445 TOAs)
✓ Loaded J1630+3734 (1815 TOAs)
✓ Loaded J1640+2224 (14066 TOAs)

WARNING: Using tempo RNAMP parameter: setting TNRedC to 100!
✓ Loaded J1643-1224 (22144 TOAs)

WARNING: Using tempo RNAMP parameter: setting TNRedC to 100!
✓ Loaded J1643-1224gbt (17932 TOAs)

WARNING: Using tempo RNAMP parameter: setting TNRedC to 100!
✓ Loaded J1705-1903 (9871 TOAs)

WARNING: Using tempo RNAMP parameter: setting TNRedC to 100!
✓ Loaded J1713+0747 (59389 TOAs)

WARNING: Using tempo RNAMP parameter: setting TNRedC to 100!
✓ Loaded J1713+0747ao (21362 TOAs)

WARNING: Using tempo RNAMP parameter: setting TNRedC to 100!
✓ Loaded J1713+0747gbt (32963 TOAs)
✓ Loaded J1719-1438 (6356 TOAs)
✓ Loaded J1730-2304 (4870 TOAs)
✓ Loaded J1738+0333 (8790 TOAs)
✓ Loaded J1741+1351 (5582 TOAs)

WARNING: Using tempo RNAMP parameter: setting TNRedC to 100!
✓ Loaded J1744-1134 (17745 TOAs)

WARNING: Using tempo RNAMP parameter: setting TNRedC to 100!
✓ Loaded J1745+1017 (3017 TOAs)

WARNING: Using tempo RNAMP parameter: setting TNRedC to 100!
✓ Loaded J1747-4036 (11055 TOAs)
✓ Loaded J1751-2857 (2025 TOAs)

WARNING: Using tempo RNAMP parameter: setting TNRedC to 100!
✓ Loaded J1802-2124 (6796 TOAs)
✓ Loaded J1811-2405 (5266 TOAs)
✓ Loaded J1832-0836 (7739 TOAs)
✓ Loaded J1843-1113 (4595 TOAs)

WARNING: Using tempo RNAMP parameter: setting TNRedC to 100!
✓ Loaded J1853+1303 (4570 TOAs)

WARNING: Using tempo RNAMP parameter: setting TNRedC to 100!
✓ Loaded J1903+0327 (6856 TOAs)

WARNING: Using tempo RNAMP parameter: setting TNRedC to 100!
✓ Loaded J1903+0327ao (6423 TOAs)

WARNING: Using tempo RNAMP parameter: setting TNRedC to 100!
✓ Loaded J1909-3744 (35037 TOAs)

WARNING: Using tempo RNAMP parameter: setting TNRedC to 100!
✓ Loaded J1909-3744gbt (31526 TOAs)
✓ Loaded J1910+1256 (6486 TOAs)
✓ Loaded J1911+1347 (3786 TOAs)
✓ Loaded J1918-0642 (18875 TOAs)
✓ Loaded J1923+2515 (3974 TOAs)
✓ Loaded J1944+0907 (5328 TOAs)

WARNING: Using tempo RNAMP parameter: setting TNRedC to 100!
✓ Loaded J1946+3417 (4743 TOAs)
✓ Loaded J2010-1323 (17077 TOAs)
✓ Loaded J2017+0603 (3512 TOAs)
✓ Loaded J2033+1734 (3847 TOAs)
✓ Loaded J2043+1711 (7397 TOAs)
✓ Loaded J2124-3358 (4982 TOAs)

WARNING: Using tempo RNAMP parameter: setting TNRedC to 100!
✓ Loaded J2145-0750 (18675 TOAs)
✓ Loaded J2214+3000 (7406 TOAs)
✓ Loaded J2229+2643 (3711 TOAs)

WARNING: Using tempo RNAMP parameter: setting TNRedC to 100!
✓ Loaded J2234+0611 (3566 TOAs)
✓ Loaded J2234+0944 (7535 TOAs)
✓ Loaded J2302+4442 (10211 TOAs)
✓ Loaded J2317+1439 (13927 TOAs)
✓ Loaded J2322+2057 (3088 TOAs)
⚠ Could not save cache: no default __reduce__ due to non-trivial __cinit__

✓ Loaded 76 pulsars
✗ Failed: 0 — []
[MEM] After loading pulsars: 8858.8 MB

🔍 Filtering pulsars...

Filtered: 76 → 67 pulsars
[MEM] After filtering pulsars: 8861.3 MB
[MEM] After garbage collection: 8861.5 MB

======================================================================
SMBHB POPULATION ANALYSIS
======================================================================

Configuration: optimistic
  Larger mass, higher spread in distance, small population
  N_binaries: 500

======================================================================
CONSISTENT POPULATION SYNTHESIS
======================================================================

======================================================================
GENERATING SNR-CONSISTENT POPULATIONS
======================================================================
Target SNR:          4.0
Simulations:         1
======================================================================


──────────────────────────────────────────────────────────────────────
SIMULATION 1/1
──────────────────────────────────────────────────────────────────────
  [B1855+09] zeroing residuals...
  [B1855+09] adding red noise...
  [B1855+09] white noise for L-wide_ASP (1178 TOAs)...
  [B1855+09] white noise for 430_ASP (390 TOAs)...
  [B1855+09] white noise for 430_PUPPI (1185 TOAs)...
  [B1855+09] white noise for L-wide_PUPPI (5005 TOAs)...
  [B1937+21] zeroing residuals...
  [B1937+21] adding red noise...
  [B1937+21] white noise for L-wide_ASP (452 TOAs)...
  [B1937+21] white noise for L-wide_PUPPI (4133 TOAs)...
  [B1937+21] white noise for Rcvr1_2_GUPPI (7048 TOAs)...
  [B1937+21] white noise for Rcvr1_2_GASP (1069 TOAs)...
  [B1937+21] white noise for Rcvr_800_GASP (586 TOAs)...
  [B1937+21] white noise for Rcvr_800_GUPPI (7140 TOAs)...
  [B1937+21] white noise for S-wide_ASP (344 TOAs)...
  [B1937+21] white noise for S-wide_PUPPI (2251 TOAs)...
  [B1953+29] zeroing residuals...
  [B1953+29] adding red noise...
  [B1953+29] white noise for L-wide_ASP (94 TOAs)...
  [B1953+29] white noise for L-wide_PUPPI (4037 TOAs)...
  [B1953+29] white noise for 430_ASP (29 TOAs)...
  [B1953+29] white noise for S-wide_ASP (25 TOAs)...
  [B1953+29] white noise for 430_PUPPI (941 TOAs)...
  [J0023+0923] zeroing residuals...
  [J0023+0923] adding red noise...
  [J0023+0923] white noise for L-wide_ASP (119 TOAs)...
  [J0023+0923] white noise for 430_ASP (90 TOAs)...
  [J0023+0923] white noise for 430_PUPPI (4564 TOAs)...
  [J0023+0923] white noise for L-wide_PUPPI (11123 TOAs)...
  [J0030+0451] zeroing residuals...
  [J0030+0451] adding red noise...
  [J0030+0451] white noise for L-wide_ASP (789 TOAs)...
  [J0030+0451] white noise for L-wide_PUPPI (12774 TOAs)...
  [J0030+0451] white noise for 430_ASP (267 TOAs)...
  [J0030+0451] white noise for 430_PUPPI (3068 TOAs)...
  [J0030+0451] white noise for S-wide_PUPPI (2673 TOAs)...
  [J0340+4130] zeroing residuals...
  [J0340+4130] adding red noise...
  [J0340+4130] white noise for Rcvr1_2_GUPPI (5037 TOAs)...
  [J0340+4130] white noise for Rcvr_800_GUPPI (6056 TOAs)...
  [J0406+3039] zeroing residuals...
  [J0406+3039] adding red noise...
  [J0406+3039] white noise for S-wide_PUPPI (575 TOAs)...
  [J0406+3039] white noise for L-wide_PUPPI (1871 TOAs)...
  [J0437-4715] zeroing residuals...
  [J0437-4715] adding red noise...
  [J0437-4715] white noise for 1.5GHz_YUPPI (2134 TOAs)...
  [J0437-4715] white noise for 3GHz_YUPPI (3696 TOAs)...
  [J0509+0856] zeroing residuals...
  [J0509+0856] adding red noise...
  [J0509+0856] white noise for S-wide_PUPPI (544 TOAs)...
  [J0509+0856] white noise for L-wide_PUPPI (1625 TOAs)...
  [J0557+1551] zeroing residuals...
  [J0557+1551] adding red noise...
  [J0557+1551] white noise for S-wide_PUPPI (58 TOAs)...
  [J0557+1551] white noise for L-wide_PUPPI (467 TOAs)...
  [J0605+3757] zeroing residuals...
  [J0605+3757] adding red noise...
  [J0605+3757] white noise for Rcvr1_2_GUPPI (318 TOAs)...
  [J0605+3757] white noise for Rcvr_800_GUPPI (236 TOAs)...
  [J0610-2100] zeroing residuals...
  [J0610-2100] adding red noise...
  [J0610-2100] white noise for Rcvr1_2_GUPPI (2401 TOAs)...
  [J0610-2100] white noise for Rcvr_800_GUPPI (2484 TOAs)...
  [J0613-0200] zeroing residuals...
  [J0613-0200] adding red noise...
  [J0613-0200] white noise for Rcvr1_2_GASP (992 TOAs)...
  [J0613-0200] white noise for Rcvr1_2_GUPPI (7423 TOAs)...
  [J0613-0200] white noise for Rcvr_800_GASP (809 TOAs)...
  [J0613-0200] white noise for Rcvr_800_GUPPI (7900 TOAs)...
  [J0636+5128] zeroing residuals...
  [J0636+5128] adding red noise...
  [J0636+5128] white noise for Rcvr1_2_GUPPI (14803 TOAs)...
  [J0636+5128] white noise for Rcvr_800_GUPPI (17419 TOAs)...
  [J0645+5158] zeroing residuals...
  [J0645+5158] adding red noise...
  [J0645+5158] white noise for Rcvr1_2_GUPPI (5721 TOAs)...
  [J0645+5158] white noise for Rcvr_800_GUPPI (4682 TOAs)...
  [J0709+0458] zeroing residuals...
  [J0709+0458] adding red noise...
  [J0709+0458] white noise for S-wide_PUPPI (595 TOAs)...
  [J0709+0458] white noise for L-wide_PUPPI (2435 TOAs)...
  [J0740+6620] zeroing residuals...
  [J0740+6620] adding red noise...
  [J0740+6620] white noise for Rcvr1_2_GUPPI (8265 TOAs)...
  [J0740+6620] white noise for Rcvr_800_GUPPI (5136 TOAs)...
  [J0931-1902] zeroing residuals...
  [J0931-1902] adding red noise...
  [J0931-1902] white noise for Rcvr1_2_GUPPI (2054 TOAs)...
  [J0931-1902] white noise for Rcvr_800_GUPPI (3419 TOAs)...
  [J1012+5307] zeroing residuals...
  [J1012+5307] adding red noise...
  [J1012+5307] white noise for Rcvr1_2_GASP (1479 TOAs)...
  [J1012+5307] white noise for Rcvr1_2_GUPPI (12849 TOAs)...
  [J1012+5307] white noise for Rcvr_800_GASP (1210 TOAs)...
  [J1012+5307] white noise for Rcvr_800_GUPPI (10299 TOAs)...
  [J1012-4235] zeroing residuals...
  [J1012-4235] adding red noise...
  [J1012-4235] white noise for Rcvr1_2_GUPPI (455 TOAs)...
  [J1012-4235] white noise for Rcvr_800_GUPPI (342 TOAs)...
  [J1022+1001] zeroing residuals...
  [J1022+1001] adding red noise...
  [J1022+1001] white noise for S-wide_PUPPI (1154 TOAs)...
  [J1022+1001] white noise for 430_PUPPI (232 TOAs)...
  [J1022+1001] white noise for L-wide_PUPPI (2592 TOAs)...
  [J1024-0719] zeroing residuals...
  [J1024-0719] adding red noise...
  [J1024-0719] white noise for Rcvr1_2_GASP (43 TOAs)...
  [J1024-0719] white noise for Rcvr1_2_GUPPI (7086 TOAs)...
  [J1024-0719] white noise for Rcvr_800_GASP (51 TOAs)...
  [J1024-0719] white noise for Rcvr_800_GUPPI (5455 TOAs)...
  [J1125+7819] zeroing residuals...
  [J1125+7819] adding red noise...
  [J1125+7819] white noise for Rcvr1_2_GUPPI (4016 TOAs)...
  [J1125+7819] white noise for Rcvr_800_GUPPI (4707 TOAs)...
  [J1312+0051] zeroing residuals...
  [J1312+0051] adding red noise...
  [J1312+0051] white noise for S-wide_PUPPI (416 TOAs)...
  [J1312+0051] white noise for L-wide_PUPPI (1289 TOAs)...
  [J1453+1902] zeroing residuals...
  [J1453+1902] adding red noise...
  [J1453+1902] white noise for S-wide_PUPPI (4 TOAs)...
  [J1453+1902] white noise for 430_PUPPI (425 TOAs)...
  [J1453+1902] white noise for L-wide_PUPPI (2122 TOAs)...
  [J1455-3330] zeroing residuals...
  [J1455-3330] adding red noise...
  [J1455-3330] white noise for Rcvr1_2_GASP (564 TOAs)...
  [J1455-3330] white noise for Rcvr1_2_GUPPI (4932 TOAs)...
  [J1455-3330] white noise for Rcvr_800_GASP (479 TOAs)...
  [J1455-3330] white noise for Rcvr_800_GUPPI (4843 TOAs)...
  [J1600-3053] zeroing residuals...
  [J1600-3053] adding red noise...
  [J1600-3053] white noise for Rcvr1_2_GUPPI (10168 TOAs)...
  [J1600-3053] white noise for 3GHz_YUPPI (3237 TOAs)...
  [J1600-3053] white noise for Rcvr1_2_GASP (457 TOAs)...
  [J1600-3053] white noise for Rcvr_800_GASP (297 TOAs)...
  [J1600-3053] white noise for Rcvr_800_GUPPI (8796 TOAs)...
  [J1614-2230] zeroing residuals...
  [J1614-2230] adding red noise...
  [J1614-2230] white noise for Rcvr1_2_GASP (84 TOAs)...
  [J1614-2230] white noise for Rcvr1_2_GUPPI (10509 TOAs)...
  [J1614-2230] white noise for Rcvr_800_GASP (84 TOAs)...
  [J1614-2230] white noise for Rcvr_800_GUPPI (7768 TOAs)...
  [J1630+3734] zeroing residuals...
  [J1630+3734] adding red noise...
  [J1630+3734] white noise for Rcvr1_2_GUPPI (909 TOAs)...
  [J1630+3734] white noise for Rcvr_800_GUPPI (906 TOAs)...
  [J1640+2224] zeroing residuals...
  [J1640+2224] adding red noise...
  [J1640+2224] white noise for L-wide_ASP (722 TOAs)...
  [J1640+2224] white noise for 430_ASP (340 TOAs)...
  [J1640+2224] white noise for 430_PUPPI (3157 TOAs)...
  [J1640+2224] white noise for L-wide_PUPPI (9847 TOAs)...
  [J1643-1224] zeroing residuals...
  [J1643-1224] adding red noise...
  [J1643-1224] white noise for Rcvr1_2_GUPPI (8803 TOAs)...
  [J1643-1224] white noise for 3GHz_YUPPI (4215 TOAs)...
  [J1643-1224] white noise for Rcvr1_2_GASP (833 TOAs)...
  [J1643-1224] white noise for Rcvr_800_GASP (559 TOAs)...
  [J1643-1224] white noise for Rcvr_800_GUPPI (7734 TOAs)...
  [J1705-1903] zeroing residuals...
  [J1705-1903] adding red noise...
  [J1705-1903] white noise for Rcvr1_2_GUPPI (6350 TOAs)...
  [J1705-1903] white noise for Rcvr_800_GUPPI (3521 TOAs)...
  [J1713+0747] zeroing residuals...
  [J1713+0747] adding red noise...
  [J1713+0747] white noise for L-wide_ASP (843 TOAs)...
  [J1713+0747] white noise for L-wide_PUPPI (12743 TOAs)...
  [J1713+0747] white noise for Rcvr1_2_GUPPI (22334 TOAs)...
  [J1713+0747] white noise for 3GHz_YUPPI (3282 TOAs)...
  [J1713+0747] white noise for Rcvr1_2_GASP (1109 TOAs)...
  [J1713+0747] white noise for Rcvr_800_GASP (1032 TOAs)...
  [J1713+0747] white noise for Rcvr_800_GUPPI (8479 TOAs)...
  [J1713+0747] white noise for S-wide_ASP (624 TOAs)...
  [J1713+0747] white noise for 1.5GHz_YUPPI (1461 TOAs)...
  [J1713+0747] white noise for S-wide_PUPPI (7482 TOAs)...
  [J1719-1438] zeroing residuals...
  [J1719-1438] adding red noise...
  [J1719-1438] white noise for Rcvr1_2_GUPPI (2722 TOAs)...
  [J1719-1438] white noise for Rcvr_800_GUPPI (3634 TOAs)...
  [J1730-2304] zeroing residuals...
  [J1730-2304] adding red noise...
  [J1730-2304] white noise for Rcvr1_2_GUPPI (2367 TOAs)...
  [J1730-2304] white noise for Rcvr_800_GUPPI (2503 TOAs)...
  [J1738+0333] zeroing residuals...
  [J1738+0333] adding red noise...
  [J1738+0333] white noise for L-wide_ASP (201 TOAs)...
  [J1738+0333] white noise for S-wide_PUPPI (1737 TOAs)...
  [J1738+0333] white noise for L-wide_PUPPI (6718 TOAs)...
  [J1738+0333] white noise for S-wide_ASP (134 TOAs)...
  [J1741+1351] zeroing residuals...
  [J1741+1351] adding red noise...
  [J1741+1351] white noise for L-wide_ASP (236 TOAs)...
  [J1741+1351] white noise for L-wide_PUPPI (4045 TOAs)...
  [J1741+1351] white noise for 430_ASP (27 TOAs)...
  [J1741+1351] white noise for S-wide_ASP (115 TOAs)...
  [J1741+1351] white noise for 430_PUPPI (1159 TOAs)...
  [J1744-1134] zeroing residuals...
  [J1744-1134] adding red noise...
  [J1744-1134] white noise for Rcvr1_2_GASP (807 TOAs)...
  [J1744-1134] white noise for Rcvr1_2_GUPPI (8109 TOAs)...
  [J1744-1134] white noise for Rcvr_800_GASP (930 TOAs)...
  [J1744-1134] white noise for Rcvr_800_GUPPI (7899 TOAs)...
  [J1745+1017] zeroing residuals...
  [J1745+1017] adding red noise...
  [J1745+1017] white noise for S-wide_PUPPI (838 TOAs)...
  [J1745+1017] white noise for L-wide_PUPPI (2179 TOAs)...
  [J1747-4036] zeroing residuals...
  [J1747-4036] adding red noise...
  [J1747-4036] white noise for Rcvr1_2_GUPPI (5239 TOAs)...
  [J1747-4036] white noise for Rcvr_800_GUPPI (5816 TOAs)...
  [J1751-2857] zeroing residuals...
  [J1751-2857] adding red noise...
  [J1751-2857] white noise for Rcvr1_2_GUPPI (1786 TOAs)...
  [J1751-2857] white noise for Rcvr_800_GUPPI (239 TOAs)...
  [J1802-2124] zeroing residuals...
  [J1802-2124] adding red noise...
  [J1802-2124] white noise for Rcvr1_2_GUPPI (3231 TOAs)...
  [J1802-2124] white noise for Rcvr_800_GUPPI (3565 TOAs)...
  [J1811-2405] zeroing residuals...
  [J1811-2405] adding red noise...
  [J1811-2405] white noise for Rcvr1_2_GUPPI (2638 TOAs)...
  [J1811-2405] white noise for Rcvr_800_GUPPI (2628 TOAs)...
  [J1832-0836] zeroing residuals...
  [J1832-0836] adding red noise...
  [J1832-0836] white noise for Rcvr1_2_GUPPI (4661 TOAs)...
  [J1832-0836] white noise for Rcvr_800_GUPPI (3078 TOAs)...
  [J1843-1113] zeroing residuals...
  [J1843-1113] adding red noise...
  [J1843-1113] white noise for Rcvr1_2_GUPPI (2394 TOAs)...
  [J1843-1113] white noise for Rcvr_800_GUPPI (2201 TOAs)...
  [J1853+1303] zeroing residuals...
  [J1853+1303] adding red noise...
  [J1853+1303] white noise for L-wide_ASP (33 TOAs)...
  [J1853+1303] white noise for 430_ASP (24 TOAs)...
  [J1853+1303] white noise for 430_PUPPI (1151 TOAs)...
  [J1853+1303] white noise for L-wide_PUPPI (3362 TOAs)...
  [J1903+0327] zeroing residuals...
  [J1903+0327] adding red noise...
  [J1903+0327] white noise for L-wide_ASP (139 TOAs)...
  [J1903+0327] white noise for L-wide_PUPPI (3845 TOAs)...
  [J1903+0327] white noise for 3GHz_YUPPI (439 TOAs)...
  [J1903+0327] white noise for S-wide_ASP (151 TOAs)...
  [J1903+0327] white noise for S-wide_PUPPI (2282 TOAs)...
  [J1909-3744] zeroing residuals...
  [J1909-3744] adding red noise...
  [J1909-3744] white noise for Rcvr1_2_GUPPI (20439 TOAs)...
  [J1909-3744] white noise for 3GHz_YUPPI (3525 TOAs)...
  [J1909-3744] white noise for Rcvr1_2_GASP (808 TOAs)...
  [J1909-3744] white noise for Rcvr_800_GASP (866 TOAs)...
  [J1909-3744] white noise for Rcvr_800_GUPPI (9399 TOAs)...
  [J1910+1256] zeroing residuals...
  [J1910+1256] adding red noise...
  [J1910+1256] white noise for L-wide_ASP (297 TOAs)...
  [J1910+1256] white noise for S-wide_PUPPI (1857 TOAs)...
  [J1910+1256] white noise for L-wide_PUPPI (4124 TOAs)...
  [J1910+1256] white noise for S-wide_ASP (208 TOAs)...
  [J1911+1347] zeroing residuals...
  [J1911+1347] adding red noise...
  [J1911+1347] white noise for 430_PUPPI (753 TOAs)...
  [J1911+1347] white noise for L-wide_PUPPI (3033 TOAs)...
  [J1918-0642] zeroing residuals...
  [J1918-0642] adding red noise...
  [J1918-0642] white noise for Rcvr1_2_GASP (778 TOAs)...
  [J1918-0642] white noise for Rcvr1_2_GUPPI (8910 TOAs)...
  [J1918-0642] white noise for Rcvr_800_GASP (835 TOAs)...
  [J1918-0642] white noise for Rcvr_800_GUPPI (8352 TOAs)...
  [J1923+2515] zeroing residuals...
  [J1923+2515] adding red noise...
  [J1923+2515] white noise for L-wide_ASP (14 TOAs)...
  [J1923+2515] white noise for 430_ASP (10 TOAs)...
  [J1923+2515] white noise for 430_PUPPI (922 TOAs)...
  [J1923+2515] white noise for L-wide_PUPPI (3028 TOAs)...
  [J1944+0907] zeroing residuals...
  [J1944+0907] adding red noise...
  [J1944+0907] white noise for L-wide_ASP (257 TOAs)...
  [J1944+0907] white noise for L-wide_PUPPI (3900 TOAs)...
  [J1944+0907] white noise for 430_ASP (38 TOAs)...
  [J1944+0907] white noise for S-wide_ASP (116 TOAs)...
  [J1944+0907] white noise for 430_PUPPI (1017 TOAs)...
  [J1946+3417] zeroing residuals...
  [J1946+3417] adding red noise...
  [J1946+3417] white noise for S-wide_PUPPI (1546 TOAs)...
  [J1946+3417] white noise for L-wide_PUPPI (3197 TOAs)...
  [J2010-1323] zeroing residuals...
  [J2010-1323] adding red noise...
  [J2010-1323] white noise for Rcvr1_2_GASP (70 TOAs)...
  [J2010-1323] white noise for Rcvr1_2_GUPPI (7779 TOAs)...
  [J2010-1323] white noise for Rcvr_800_GASP (70 TOAs)...
  [J2010-1323] white noise for Rcvr_800_GUPPI (9158 TOAs)...
  [J2017+0603] zeroing residuals...
  [J2017+0603] adding red noise...
  [J2017+0603] white noise for L-wide_ASP (16 TOAs)...
  [J2017+0603] white noise for S-wide_PUPPI (849 TOAs)...
  [J2017+0603] white noise for 430_PUPPI (78 TOAs)...
  [J2017+0603] white noise for L-wide_PUPPI (2569 TOAs)...
  [J2033+1734] zeroing residuals...
  [J2033+1734] adding red noise...
  [J2033+1734] white noise for 430_PUPPI (797 TOAs)...
  [J2033+1734] white noise for L-wide_PUPPI (3050 TOAs)...
  [J2043+1711] zeroing residuals...
  [J2043+1711] adding red noise...
  [J2043+1711] white noise for L-wide_ASP (40 TOAs)...
  [J2043+1711] white noise for 430_ASP (30 TOAs)...
  [J2043+1711] white noise for 430_PUPPI (2908 TOAs)...
  [J2043+1711] white noise for L-wide_PUPPI (4419 TOAs)...
  [J2124-3358] zeroing residuals...
  [J2124-3358] adding red noise...
  [J2124-3358] white noise for Rcvr1_2_GUPPI (2957 TOAs)...
  [J2124-3358] white noise for Rcvr_800_GUPPI (2025 TOAs)...
  [J2145-0750] zeroing residuals...
  [J2145-0750] adding red noise...
  [J2145-0750] white noise for Rcvr1_2_GASP (427 TOAs)...
  [J2145-0750] white noise for Rcvr1_2_GUPPI (9158 TOAs)...
  [J2145-0750] white noise for Rcvr_800_GASP (362 TOAs)...
  [J2145-0750] white noise for Rcvr_800_GUPPI (8728 TOAs)...
  [J2214+3000] zeroing residuals...
  [J2214+3000] adding red noise...
  [J2214+3000] white noise for L-wide_ASP (9 TOAs)...
  [J2214+3000] white noise for S-wide_PUPPI (1568 TOAs)...
  [J2214+3000] white noise for L-wide_PUPPI (5829 TOAs)...
  [J2229+2643] zeroing residuals...
  [J2229+2643] adding red noise...
  [J2229+2643] white noise for 430_PUPPI (956 TOAs)...
  [J2229+2643] white noise for L-wide_PUPPI (2755 TOAs)...
  [J2234+0611] zeroing residuals...
  [J2234+0611] adding red noise...
  [J2234+0611] white noise for 430_PUPPI (653 TOAs)...
  [J2234+0611] white noise for L-wide_PUPPI (2913 TOAs)...
  [J2234+0944] zeroing residuals...
  [J2234+0944] adding red noise...
  [J2234+0944] white noise for S-wide_PUPPI (2532 TOAs)...
  [J2234+0944] white noise for L-wide_PUPPI (5003 TOAs)...
  [J2302+4442] zeroing residuals...
  [J2302+4442] adding red noise...
  [J2302+4442] white noise for Rcvr1_2_GUPPI (3779 TOAs)...
  [J2302+4442] white noise for Rcvr_800_GUPPI (6432 TOAs)...
  [J2317+1439] zeroing residuals...
  [J2317+1439] adding red noise...
  [J2317+1439] white noise for L-wide_PUPPI (9563 TOAs)...
  [J2317+1439] white noise for 430_ASP (458 TOAs)...
  [J2317+1439] white noise for 430_PUPPI (3217 TOAs)...
  [J2317+1439] white noise for 327_ASP (413 TOAs)...
  [J2317+1439] white noise for 327_PUPPI (276 TOAs)...
  [J2322+2057] zeroing residuals...
  [J2322+2057] adding red noise...
  [J2322+2057] white noise for S-wide_PUPPI (140 TOAs)...
  [J2322+2057] white noise for 430_PUPPI (752 TOAs)...
  [J2322+2057] white noise for L-wide_PUPPI (2196 TOAs)...
Resetting pulsars to clean stoas...
Restore: 0.00 s
Inject: 0.00 s
Snapshotting into enterprise Pulsar objects...
Building PTA...
PTA build: 450.17 s
Computing optimal statistic...
OS time: 64.16 s
Total: 514.33 s
Noise-only SNR baseline: -0.5252

Generating SNR-consistent population...
Target SNR: 4.0
Resetting pulsars to clean stoas...
Restore: 0.00 s
Injecting population...
  B1855+09: RMS = 2201.041 ns
  B1937+21: RMS = 2642.178 ns
  B1953+29: RMS = 2827.747 ns
  J0023+0923: RMS = 8623.947 ns
  J0030+0451: RMS = 6850.553 ns
  J0340+4130: RMS = 7831.165 ns
  J0406+3039: RMS = 5388.478 ns
  J0437-4715: RMS = 2973.246 ns
  J0509+0856: RMS = 753.225 ns
  J0557+1551: RMS = 1273.077 ns
  J0605+3757: RMS = 3890.911 ns
  J0610-2100: RMS = 1078.735 ns
  J0613-0200: RMS = 5081.972 ns
  J0636+5128: RMS = 4314.130 ns
  J0645+5158: RMS = 6083.625 ns
  J0709+0458: RMS = 3948.732 ns
  J0740+6620: RMS = 5039.809 ns
  J0931-1902: RMS = 2442.081 ns
  J1012+5307: RMS = 5223.714 ns
  J1012-4235: RMS = 361.581 ns
  J1022+1001: RMS = 7029.321 ns
  J1024-0719: RMS = 2491.792 ns
  J1125+7819: RMS = 4765.588 ns
  J1312+0051: RMS = 1330.896 ns
  J1453+1902: RMS = 2631.980 ns
  J1455-3330: RMS = 2749.549 ns
  J1600-3053: RMS = 2882.900 ns
  J1614-2230: RMS = 2793.920 ns
  J1630+3734: RMS = 1376.992 ns
  J1640+2224: RMS = 4087.174 ns
  J1643-1224: RMS = 2434.320 ns
  J1705-1903: RMS = 1902.669 ns
  J1713+0747: RMS = 2762.835 ns
  J1719-1438: RMS = 1849.778 ns
  J1730-2304: RMS = 1935.724 ns
  J1738+0333: RMS = 2784.054 ns
  J1741+1351: RMS = 3033.177 ns
  J1744-1134: RMS = 1880.606 ns
  J1745+1017: RMS = 3285.507 ns
  J1747-4036: RMS = 4243.303 ns
  J1751-2857: RMS = 1925.632 ns
  J1802-2124: RMS = 2633.629 ns
  J1811-2405: RMS = 3101.179 ns
  J1832-0836: RMS = 1832.883 ns
  J1843-1113: RMS = 1240.648 ns
  J1853+1303: RMS = 1583.941 ns
  J1903+0327: RMS = 2203.799 ns
  J1909-3744: RMS = 2758.570 ns
  J1910+1256: RMS = 2374.715 ns
  J1911+1347: RMS = 1502.406 ns
  J1918-0642: RMS = 1463.392 ns
  J1923+2515: RMS = 1939.419 ns
  J1944+0907: RMS = 1088.802 ns
  J1946+3417: RMS = 4012.647 ns
  J2010-1323: RMS = 3052.111 ns
  J2017+0603: RMS = 2548.446 ns
  J2033+1734: RMS = 1404.793 ns
  J2043+1711: RMS = 4074.716 ns
  J2124-3358: RMS = 2712.183 ns
  J2145-0750: RMS = 4842.117 ns
  J2214+3000: RMS = 6656.993 ns
  J2229+2643: RMS = 7256.923 ns
  J2234+0611: RMS = 4839.968 ns
  J2234+0944: RMS = 5219.330 ns
  J2302+4442: RMS = 3534.397 ns
  J2317+1439: RMS = 11656.284 ns
  J2322+2057: RMS = 9697.175 ns
Inject: 0.58 s
Snapshotting into enterprise Pulsar objects...
Building PTA...
PTA build: 442.82 s
Computing optimal statistic...
OS time: 63.48 s
Total: 506.88 s
Initial SNR: 68.9596, Target SNR: 4.0000
  Initial SNR 68.9596 outside of provided SNR_range [3.5, 4.25] — rescaling.
Scaling distances by factor 3.9186 to achieve target SNR...
Resetting pulsars to clean stoas...
Restore: 0.01 s
Injecting population...
  B1855+09: RMS = 561.694 ns
  B1937+21: RMS = 674.270 ns
  B1953+29: RMS = 721.627 ns
  J0023+0923: RMS = 2200.787 ns
  J0030+0451: RMS = 1748.226 ns
  J0340+4130: RMS = 1998.473 ns
  J0406+3039: RMS = 1375.112 ns
  J0437-4715: RMS = 758.757 ns
  J0509+0856: RMS = 192.219 ns
  J0557+1551: RMS = 324.883 ns
  J0605+3757: RMS = 992.941 ns
  J0610-2100: RMS = 275.288 ns
  J0613-0200: RMS = 1296.893 ns
  J0636+5128: RMS = 1100.944 ns
  J0645+5158: RMS = 1552.510 ns
  J0709+0458: RMS = 1007.696 ns
  J0740+6620: RMS = 1286.133 ns
  J0931-1902: RMS = 623.207 ns
  J1012+5307: RMS = 1333.065 ns
  J1012-4235: RMS = 92.274 ns
  J1022+1001: RMS = 1793.847 ns
  J1024-0719: RMS = 635.892 ns
  J1125+7819: RMS = 1216.154 ns
  J1312+0051: RMS = 339.638 ns
  J1453+1902: RMS = 671.668 ns
  J1455-3330: RMS = 701.671 ns
  J1600-3053: RMS = 735.701 ns
  J1614-2230: RMS = 712.994 ns
  J1630+3734: RMS = 351.401 ns
  J1640+2224: RMS = 1043.026 ns
  J1643-1224: RMS = 621.226 ns
  J1705-1903: RMS = 485.551 ns
  J1713+0747: RMS = 705.061 ns
  J1719-1438: RMS = 472.054 ns
  J1730-2304: RMS = 493.987 ns
  J1738+0333: RMS = 710.476 ns
  J1741+1351: RMS = 774.051 ns
  J1744-1134: RMS = 479.921 ns
  J1745+1017: RMS = 838.445 ns
  J1747-4036: RMS = 1082.869 ns
  J1751-2857: RMS = 491.411 ns
  J1802-2124: RMS = 672.089 ns
  J1811-2405: RMS = 791.405 ns
  J1832-0836: RMS = 467.742 ns
  J1843-1113: RMS = 316.607 ns
  J1853+1303: RMS = 404.213 ns
  J1903+0327: RMS = 562.398 ns
  J1909-3744: RMS = 703.973 ns
  J1910+1256: RMS = 606.015 ns
  J1911+1347: RMS = 383.406 ns
  J1918-0642: RMS = 373.450 ns
  J1923+2515: RMS = 494.930 ns
  J1944+0907: RMS = 277.857 ns
  J1946+3417: RMS = 1024.007 ns
  J2010-1323: RMS = 778.883 ns
  J2017+0603: RMS = 650.350 ns
  J2033+1734: RMS = 358.496 ns
  J2043+1711: RMS = 1039.847 ns
  J2124-3358: RMS = 692.135 ns
  J2145-0750: RMS = 1235.683 ns
  J2214+3000: RMS = 1698.830 ns
  J2229+2643: RMS = 1851.929 ns
  J2234+0611: RMS = 1235.135 ns
  J2234+0944: RMS = 1331.946 ns
  J2302+4442: RMS = 901.960 ns
  J2317+1439: RMS = 2974.624 ns
  J2322+2057: RMS = 2474.669 ns
Inject: 0.58 s
Snapshotting into enterprise Pulsar objects...
Building PTA...
PTA build: 437.79 s
Computing optimal statistic...
OS time: 64.40 s
Total: 502.78 s
  SNR 6.2478 outside of provided SNR_range [3.5, 4.25] — rescaling.
[Iteration 1/4] SNR after scaling: 6.2478 (target: 4.0000)
  SNR history: it0→68.9596@1.0000x, it1→6.2478@3.9186x
  Re-scaling distances by factor 1.2669  (cumulative after: 4.9645×)
Resetting pulsars to clean stoas...
Restore: 25.64 s
Injecting population...
  B1855+09: RMS = 443.360 ns
  B1937+21: RMS = 532.219 ns
  B1953+29: RMS = 569.599 ns
  J0023+0923: RMS = 1737.139 ns
  J0030+0451: RMS = 1379.921 ns
  J0340+4130: RMS = 1577.448 ns
  J0406+3039: RMS = 1085.412 ns
  J0437-4715: RMS = 598.907 ns
  J0509+0856: RMS = 151.724 ns
  J0557+1551: RMS = 256.438 ns
  J0605+3757: RMS = 783.754 ns
  J0610-2100: RMS = 217.292 ns
  J0613-0200: RMS = 1023.672 ns
  J0636+5128: RMS = 869.004 ns
  J0645+5158: RMS = 1225.437 ns
  J0709+0458: RMS = 795.401 ns
  J0740+6620: RMS = 1015.179 ns
  J0931-1902: RMS = 491.913 ns
  J1012+5307: RMS = 1052.223 ns
  J1012-4235: RMS = 72.834 ns
  J1022+1001: RMS = 1415.931 ns
  J1024-0719: RMS = 501.927 ns
  J1125+7819: RMS = 959.942 ns
  J1312+0051: RMS = 268.085 ns
  J1453+1902: RMS = 530.165 ns
  J1455-3330: RMS = 553.847 ns
  J1600-3053: RMS = 580.709 ns
  J1614-2230: RMS = 562.785 ns
  J1630+3734: RMS = 277.370 ns
  J1640+2224: RMS = 823.288 ns
  J1643-1224: RMS = 490.350 ns
  J1705-1903: RMS = 383.259 ns
  J1713+0747: RMS = 556.524 ns
  J1719-1438: RMS = 372.605 ns
  J1730-2304: RMS = 389.917 ns
  J1738+0333: RMS = 560.798 ns
  J1741+1351: RMS = 610.979 ns
  J1744-1134: RMS = 378.814 ns
  J1745+1017: RMS = 661.806 ns
  J1747-4036: RMS = 854.737 ns
  J1751-2857: RMS = 387.884 ns
  J1802-2124: RMS = 530.497 ns
  J1811-2405: RMS = 624.677 ns
  J1832-0836: RMS = 369.201 ns
  J1843-1113: RMS = 249.906 ns
  J1853+1303: RMS = 319.056 ns
  J1903+0327: RMS = 443.916 ns
  J1909-3744: RMS = 555.664 ns
  J1910+1256: RMS = 478.344 ns
  J1911+1347: RMS = 302.633 ns
  J1918-0642: RMS = 294.774 ns
  J1923+2515: RMS = 390.661 ns
  J1944+0907: RMS = 219.320 ns
  J1946+3417: RMS = 808.276 ns
  J2010-1323: RMS = 614.793 ns
  J2017+0603: RMS = 513.339 ns
  J2033+1734: RMS = 282.970 ns
  J2043+1711: RMS = 820.778 ns
  J2124-3358: RMS = 546.321 ns
  J2145-0750: RMS = 975.358 ns
  J2214+3000: RMS = 1340.932 ns
  J2229+2643: RMS = 1461.777 ns
  J2234+0611: RMS = 974.925 ns
  J2234+0944: RMS = 1051.340 ns
  J2302+4442: RMS = 711.941 ns
  J2317+1439: RMS = 2347.949 ns
  J2322+2057: RMS = 1953.322 ns
Inject: 0.61 s
Snapshotting into enterprise Pulsar objects...
Building PTA...
PTA build: 470.65 s
Computing optimal statistic...
OS time: 69.23 s
Total: 566.13 s
  ✓ SNR is within the provided SNR_range: 4.1971 ∈ [3.5, 4.25]

Final SNR history:
  it 0: cumulative_scale=1.0000×  SNR=68.9596
  it 1: cumulative_scale=3.9186×  SNR=6.2478
  it 2: cumulative_scale=4.9645×  SNR=4.1971
✓ Simulation 1 done (1581.1 s)

======================================================================
ENSEMBLE SUMMARY
======================================================================
Success rate: 100.0% (1/1)

Binaries per population:
  Mean ± std : 500 ± 0
  Range      : [500, 500]

SNR achieved:
  Mean ± std : 4.1971 ± 0.0000
  Range      : [4.1971, 4.1971]

Total time: 2136.2 s (35.6 min)
======================================================================

💾 Saved: data/2026-04-29/optimistic_run_167/consistent_population_optimistic_targetSNR4.25_sims1.json
💾 Saved compressed pickle: data/2026-04-29/optimistic_run_167/consistent_population_optimistic_targetSNR4.25_sims1.pkl.gz

======================================================================
CONTINUOUS WAVE SNR ANALYSIS
======================================================================

--- Population 1 ---
Precomputation of phiinvs, TNTs, Ts, Nvecs, Sigmas took 0.19 seconds.
Total SNR computation for population took 230.83 seconds.
Top 50 CGW candidates:
   1. proxy_rank=   5  sky_w=1.40  f=6.57e-09 Hz  Mc=5.97e+10 Msun  h0=1.63e-14  SNR=24.743
   2. proxy_rank=   3  sky_w=0.87  f=6.59e-09 Hz  Mc=8.01e+10 Msun  h0=2.71e-14  SNR=16.532
   3. proxy_rank=   7  sky_w=0.94  f=2.86e-09 Hz  Mc=3.86e+10 Msun  h0=6.66e-15  SNR=3.831
   4. proxy_rank=   1  sky_w=0.66  f=2.78e-09 Hz  Mc=6.77e+10 Msun  h0=1.61e-14  SNR=3.218
   5. proxy_rank=   6  sky_w=1.38  f=2.34e-09 Hz  Mc=4.16e+10 Msun  h0=5.24e-15  SNR=3.128
   6. proxy_rank=  12  sky_w=0.62  f=4.81e-09 Hz  Mc=5.36e+10 Msun  h0=1.08e-14  SNR=3.068
   7. proxy_rank=   2  sky_w=1.30  f=2.29e-09 Hz  Mc=4.89e+10 Msun  h0=6.35e-15  SNR=2.927
   8. proxy_rank=  13  sky_w=0.60  f=3.16e-09 Hz  Mc=4.95e+10 Msun  h0=6.93e-15  SNR=2.751
   9. proxy_rank=   4  sky_w=0.81  f=2.08e-09 Hz  Mc=5.83e+10 Msun  h0=9.05e-15  SNR=2.667
  10. proxy_rank=  15  sky_w=1.19  f=4.33e-09 Hz  Mc=3.27e+10 Msun  h0=4.24e-15  SNR=2.298
  11. proxy_rank=  14  sky_w=0.63  f=2.90e-09 Hz  Mc=4.42e+10 Msun  h0=5.42e-15  SNR=2.048
  12. proxy_rank=  19  sky_w=1.12  f=3.33e-09 Hz  Mc=2.66e+10 Msun  h0=2.53e-15  SNR=1.611
  13. proxy_rank=  10  sky_w=0.71  f=2.13e-09 Hz  Mc=3.45e+10 Msun  h0=4.86e-15  SNR=1.574
  14. proxy_rank=  17  sky_w=0.75  f=2.86e-09 Hz  Mc=3.39e+10 Msun  h0=3.64e-15  SNR=1.566
  15. proxy_rank=   9  sky_w=1.10  f=2.05e-09 Hz  Mc=2.59e+10 Msun  h0=3.33e-15  SNR=1.532
  16. proxy_rank=  16  sky_w=1.48  f=2.96e-09 Hz  Mc=2.56e+10 Msun  h0=2.11e-15  SNR=1.496
  17. proxy_rank=   8  sky_w=1.49  f=1.99e-09 Hz  Mc=3.10e+10 Msun  h0=2.82e-15  SNR=1.409
  18. proxy_rank=  23  sky_w=0.51  f=3.71e-09 Hz  Mc=3.26e+10 Msun  h0=3.74e-15  SNR=1.231
  19. proxy_rank=  26  sky_w=1.04  f=5.22e-09 Hz  Mc=1.98e+10 Msun  h0=2.06e-15  SNR=1.045
  20. proxy_rank=  20  sky_w=1.06  f=2.35e-09 Hz  Mc=1.52e+10 Msun  h0=1.89e-15  SNR=0.918
  21. proxy_rank=  22  sky_w=0.49  f=2.38e-09 Hz  Mc=3.06e+10 Msun  h0=3.64e-15  SNR=0.885
  22. proxy_rank=  39  sky_w=0.77  f=4.29e-09 Hz  Mc=1.49e+10 Msun  h0=1.12e-15  SNR=0.764
  23. proxy_rank=  31  sky_w=0.71  f=3.22e-09 Hz  Mc=2.07e+10 Msun  h0=1.58e-15  SNR=0.725
  24. proxy_rank=  32  sky_w=0.92  f=3.33e-09 Hz  Mc=1.47e+10 Msun  h0=1.19e-15  SNR=0.716
  25. proxy_rank=  18  sky_w=0.77  f=2.34e-09 Hz  Mc=2.99e+10 Msun  h0=2.75e-15  SNR=0.703
  26. proxy_rank=  28  sky_w=1.34  f=2.72e-09 Hz  Mc=1.46e+10 Msun  h0=7.99e-16  SNR=0.645
  27. proxy_rank=  45  sky_w=0.51  f=1.20e-08 Hz  Mc=1.19e+10 Msun  h0=1.95e-15  SNR=0.628
  28. proxy_rank=  21  sky_w=1.41  f=2.26e-09 Hz  Mc=1.52e+10 Msun  h0=1.27e-15  SNR=0.611
  29. proxy_rank=  29  sky_w=0.86  f=2.82e-09 Hz  Mc=1.93e+10 Msun  h0=1.27e-15  SNR=0.580
  30. proxy_rank=  34  sky_w=0.98  f=2.79e-09 Hz  Mc=1.07e+10 Msun  h0=7.17e-16  SNR=0.487
  31. proxy_rank=  11  sky_w=1.54  f=2.06e-09 Hz  Mc=2.72e+10 Msun  h0=1.91e-15  SNR=0.400
  32. proxy_rank=  30  sky_w=0.93  f=3.13e-09 Hz  Mc=1.72e+10 Msun  h0=1.29e-15  SNR=0.393
  33. proxy_rank=  27  sky_w=1.11  f=2.01e-09 Hz  Mc=1.48e+10 Msun  h0=7.32e-16  SNR=0.351
  34. proxy_rank=  36  sky_w=0.80  f=2.46e-09 Hz  Mc=1.28e+10 Msun  h0=6.92e-16  SNR=0.311
  35. proxy_rank=  25  sky_w=1.04  f=2.06e-09 Hz  Mc=1.48e+10 Msun  h0=9.51e-16  SNR=0.255
  36. proxy_rank=  35  sky_w=0.99  f=3.32e-09 Hz  Mc=1.29e+10 Msun  h0=8.11e-16  SNR=0.244
  37. proxy_rank=  24  sky_w=1.08  f=2.47e-09 Hz  Mc=1.87e+10 Msun  h0=1.16e-15  SNR=0.214
  38. proxy_rank=  38  sky_w=1.50  f=2.44e-09 Hz  Mc=9.13e+09 Msun  h0=3.48e-16  SNR=0.205
  39. proxy_rank=  52  sky_w=0.83  f=3.87e-09 Hz  Mc=6.38e+09 Msun  h0=2.76e-16  SNR=0.175
  40. proxy_rank=  33  sky_w=1.34  f=2.25e-09 Hz  Mc=1.23e+10 Msun  h0=5.34e-16  SNR=0.165
  41. proxy_rank=  81  sky_w=0.51  f=8.05e-09 Hz  Mc=4.08e+09 Msun  h0=1.95e-16  SNR=0.152
  42. proxy_rank=  88  sky_w=0.61  f=1.30e-08 Hz  Mc=3.05e+09 Msun  h0=1.83e-16  SNR=0.149
  43. proxy_rank=  37  sky_w=1.31  f=2.62e-09 Hz  Mc=9.57e+09 Msun  h0=4.41e-16  SNR=0.139
  44. proxy_rank=  46  sky_w=0.64  f=2.74e-09 Hz  Mc=8.93e+09 Msun  h0=3.47e-16  SNR=0.101
  45. proxy_rank=  62  sky_w=1.11  f=4.14e-09 Hz  Mc=3.56e+09 Msun  h0=1.04e-16  SNR=0.099
  46. proxy_rank=  49  sky_w=1.15  f=3.41e-09 Hz  Mc=5.89e+09 Msun  h0=2.10e-16  SNR=0.090
  47. proxy_rank=  48  sky_w=1.11  f=2.51e-09 Hz  Mc=5.95e+09 Msun  h0=1.66e-16  SNR=0.083
  48. proxy_rank=  87  sky_w=0.81  f=1.38e-08 Hz  Mc=2.81e+09 Msun  h0=1.50e-16  SNR=0.077
  49. proxy_rank=  41  sky_w=0.49  f=2.21e-09 Hz  Mc=1.31e+10 Msun  h0=6.44e-16  SNR=0.077
  50. proxy_rank=  40  sky_w=0.67  f=2.31e-09 Hz  Mc=1.20e+10 Msun  h0=5.36e-16  SNR=0.075
💾 Saved: data/2026-04-29/optimistic_run_167/consistent_population_optimistic_targetSNR4.25_sims1.json
💾 Saved compressed pickle: data/2026-04-29/optimistic_run_167/consistent_population_optimistic_targetSNR4.25_sims1.pkl.gz
Saved to figures/cgw_analysis_optimistic.pdf

======================================================================
ANALYSIS COMPLETE
Results saved to: data/2026-04-29/optimistic_run_167
======================================================================

==========================================
Job finished at: Wed Apr 29 14:38:46 AEST 2026
Exit code: 0
==========================================

+------------------ Job Report: 11738969 (COMPLETED) ------------------+
| Memory (RAM)  [##################  ] 94.0% (32 GB peak / 34 GB)      |
| CPU           [###############     ] 78.1% average                   |
| Time          [---------->         ] 52.6% (0-00:42:05 / 0-01:20:00) |
|                                                                      |
| Lustre Filesystem:                                                   |
|   Path    Total Read    Total Write    Total IOPS                    |
|   ------  ------------  -------------  ------------                  |
|   /apps   0 B           0 B            400                           |
|   /fred   144.8 MB      324.4 KB       243                           |
|   /home   9.2 MB        0 B            3.2 K                         |
|                                                                      |
| Warnings:                                                            |
|   - Too much time requested                                          |
+----------------------------------------------------------------------+
