==========================================
Job ID: 11740164
Job Name: smbhb_optimistic
Node: gina303
Start Time: Wed Apr 29 14:13:17 AEST 2026
==========================================

/home/bhoulden/.conda/envs/smbhb312/share/tempo2
Working directory: /fred/oz005/users/bhoulden/SMBHB_population_injections

Loaded modules:

Starting SMBHB analysis...
==========================================

📁 Save directory: data/2026-04-29/optimistic_run_204
📝 Run name: optimistic_run_204

[MEM] Start: 243.4 MB

📡 Loading pulsars...
======================================================================
LOADING NANOGRAV PULSARS (libstempo)
======================================================================

📦 Loading from cache: nanograv_pulsars_cache.pkl
⚠ Cache load failed: Ran out of input
[DEBUG] Found 76 .par files
[tempo2Util.C:396] Warning: [MISC1] Unknown parameter in par file:  DMDATA
[tempo2Util.C:401] Warning: [DUP1] duplicated warnings have been suppressed.

WARNING: Using tempo RNAMP parameter: setting TNRedC to 100!
[observatory.C:271] Warning: Assuming site 'arecibo' means 'ao'
✓ Loaded B1855+09 (7758 TOAs)

WARNING: Using tempo RNAMP parameter: setting TNRedC to 100!
✓ Loaded B1937+21 (23023 TOAs)

WARNING: Using tempo RNAMP parameter: setting TNRedC to 100!
✓ Loaded B1937+21ao (7241 TOAs)

WARNING: Using tempo RNAMP parameter: setting TNRedC to 100!
✓ Loaded B1937+21gbt (16048 TOAs)

WARNING: Using tempo RNAMP parameter: setting TNRedC to 100!
✓ Loaded B1953+29 (5126 TOAs)
✓ Loaded J0023+0923 (15896 TOAs)

WARNING: Using tempo RNAMP parameter: setting TNRedC to 100!
✓ Loaded J0030+0451 (19571 TOAs)
✓ Loaded J0340+4130 (11093 TOAs)
✓ Loaded J0406+3039 (2446 TOAs)

WARNING: Using tempo RNAMP parameter: setting TNRedC to 100!
✓ Loaded J0437-4715 (5830 TOAs)
✓ Loaded J0509+0856 (2169 TOAs)
✓ Loaded J0557+1551 (525 TOAs)
✓ Loaded J0605+3757 (554 TOAs)

WARNING: Using tempo RNAMP parameter: setting TNRedC to 100!
✓ Loaded J0610-2100 (4885 TOAs)

WARNING: Using tempo RNAMP parameter: setting TNRedC to 100!
✓ Loaded J0613-0200 (17124 TOAs)
✓ Loaded J0614-3329 (1714 TOAs)
✓ Loaded J0636+5128 (32222 TOAs)
✓ Loaded J0645+5158 (10403 TOAs)
✓ Loaded J0709+0458 (3030 TOAs)
✓ Loaded J0740+6620 (13401 TOAs)
✓ Loaded J0931-1902 (5473 TOAs)

WARNING: Using tempo RNAMP parameter: setting TNRedC to 100!
✓ Loaded J1012+5307 (25837 TOAs)
✓ Loaded J1012-4235 (797 TOAs)
✓ Loaded J1022+1001 (3978 TOAs)
✓ Loaded J1024-0719 (12635 TOAs)
✓ Loaded J1125+7819 (8723 TOAs)
✓ Loaded J1312+0051 (1705 TOAs)
✓ Loaded J1453+1902 (2551 TOAs)
✓ Loaded J1455-3330 (10818 TOAs)

WARNING: Using tempo RNAMP parameter: setting TNRedC to 100!
✓ Loaded J1600-3053 (22955 TOAs)

WARNING: Using tempo RNAMP parameter: setting TNRedC to 100!
✓ Loaded J1600-3053gbt (19725 TOAs)

WARNING: Using tempo RNAMP parameter: setting TNRedC to 100!
✓ Loaded J1614-2230 (18445 TOAs)
✓ Loaded J1630+3734 (1815 TOAs)
✓ Loaded J1640+2224 (14066 TOAs)

WARNING: Using tempo RNAMP parameter: setting TNRedC to 100!
✓ Loaded J1643-1224 (22144 TOAs)

WARNING: Using tempo RNAMP parameter: setting TNRedC to 100!
✓ Loaded J1643-1224gbt (17932 TOAs)

WARNING: Using tempo RNAMP parameter: setting TNRedC to 100!
✓ Loaded J1705-1903 (9871 TOAs)

WARNING: Using tempo RNAMP parameter: setting TNRedC to 100!
✓ Loaded J1713+0747 (59389 TOAs)

WARNING: Using tempo RNAMP parameter: setting TNRedC to 100!
✓ Loaded J1713+0747ao (21362 TOAs)

WARNING: Using tempo RNAMP parameter: setting TNRedC to 100!
✓ Loaded J1713+0747gbt (32963 TOAs)
✓ Loaded J1719-1438 (6356 TOAs)
✓ Loaded J1730-2304 (4870 TOAs)
✓ Loaded J1738+0333 (8790 TOAs)
✓ Loaded J1741+1351 (5582 TOAs)

WARNING: Using tempo RNAMP parameter: setting TNRedC to 100!
✓ Loaded J1744-1134 (17745 TOAs)

WARNING: Using tempo RNAMP parameter: setting TNRedC to 100!
✓ Loaded J1745+1017 (3017 TOAs)

WARNING: Using tempo RNAMP parameter: setting TNRedC to 100!
✓ Loaded J1747-4036 (11055 TOAs)
✓ Loaded J1751-2857 (2025 TOAs)

WARNING: Using tempo RNAMP parameter: setting TNRedC to 100!
✓ Loaded J1802-2124 (6796 TOAs)
✓ Loaded J1811-2405 (5266 TOAs)
✓ Loaded J1832-0836 (7739 TOAs)
✓ Loaded J1843-1113 (4595 TOAs)

WARNING: Using tempo RNAMP parameter: setting TNRedC to 100!
✓ Loaded J1853+1303 (4570 TOAs)

WARNING: Using tempo RNAMP parameter: setting TNRedC to 100!
✓ Loaded J1903+0327 (6856 TOAs)

WARNING: Using tempo RNAMP parameter: setting TNRedC to 100!
✓ Loaded J1903+0327ao (6423 TOAs)

WARNING: Using tempo RNAMP parameter: setting TNRedC to 100!
✓ Loaded J1909-3744 (35037 TOAs)

WARNING: Using tempo RNAMP parameter: setting TNRedC to 100!
✓ Loaded J1909-3744gbt (31526 TOAs)
✓ Loaded J1910+1256 (6486 TOAs)
✓ Loaded J1911+1347 (3786 TOAs)
✓ Loaded J1918-0642 (18875 TOAs)
✓ Loaded J1923+2515 (3974 TOAs)
✓ Loaded J1944+0907 (5328 TOAs)

WARNING: Using tempo RNAMP parameter: setting TNRedC to 100!
✓ Loaded J1946+3417 (4743 TOAs)
✓ Loaded J2010-1323 (17077 TOAs)
✓ Loaded J2017+0603 (3512 TOAs)
✓ Loaded J2033+1734 (3847 TOAs)
✓ Loaded J2043+1711 (7397 TOAs)
✓ Loaded J2124-3358 (4982 TOAs)

WARNING: Using tempo RNAMP parameter: setting TNRedC to 100!
✓ Loaded J2145-0750 (18675 TOAs)
✓ Loaded J2214+3000 (7406 TOAs)
✓ Loaded J2229+2643 (3711 TOAs)

WARNING: Using tempo RNAMP parameter: setting TNRedC to 100!
✓ Loaded J2234+0611 (3566 TOAs)
✓ Loaded J2234+0944 (7535 TOAs)
✓ Loaded J2302+4442 (10211 TOAs)
✓ Loaded J2317+1439 (13927 TOAs)
✓ Loaded J2322+2057 (3088 TOAs)
⚠ Could not save cache: no default __reduce__ due to non-trivial __cinit__

✓ Loaded 76 pulsars
✗ Failed: 0 — []
[MEM] After loading pulsars: 8863.2 MB

🔍 Filtering pulsars...

Filtered: 76 → 67 pulsars
[MEM] After filtering pulsars: 8866.0 MB
[MEM] After garbage collection: 8866.0 MB

======================================================================
SMBHB POPULATION ANALYSIS
======================================================================

Configuration: optimistic
  Larger mass, higher spread in distance, small population
  N_binaries: 500

======================================================================
CONSISTENT POPULATION SYNTHESIS
======================================================================

======================================================================
GENERATING SNR-CONSISTENT POPULATIONS
======================================================================
Target SNR:          4.0
Simulations:         1
======================================================================


──────────────────────────────────────────────────────────────────────
SIMULATION 1/1
──────────────────────────────────────────────────────────────────────
  [B1855+09] zeroing residuals...
  [B1855+09] adding red noise...
  [B1855+09] white noise for 430_ASP (390 TOAs)...
  [B1855+09] white noise for 430_PUPPI (1185 TOAs)...
  [B1855+09] white noise for L-wide_PUPPI (5005 TOAs)...
  [B1855+09] white noise for L-wide_ASP (1178 TOAs)...
  [B1937+21] zeroing residuals...
  [B1937+21] adding red noise...
  [B1937+21] white noise for Rcvr1_2_GUPPI (7048 TOAs)...
  [B1937+21] white noise for Rcvr_800_GUPPI (7140 TOAs)...
  [B1937+21] white noise for Rcvr1_2_GASP (1069 TOAs)...
  [B1937+21] white noise for S-wide_ASP (344 TOAs)...
  [B1937+21] white noise for L-wide_ASP (452 TOAs)...
  [B1937+21] white noise for S-wide_PUPPI (2251 TOAs)...
  [B1937+21] white noise for Rcvr_800_GASP (586 TOAs)...
  [B1937+21] white noise for L-wide_PUPPI (4133 TOAs)...
  [B1953+29] zeroing residuals...
  [B1953+29] adding red noise...
  [B1953+29] white noise for S-wide_ASP (25 TOAs)...
  [B1953+29] white noise for L-wide_ASP (94 TOAs)...
  [B1953+29] white noise for 430_PUPPI (941 TOAs)...
  [B1953+29] white noise for 430_ASP (29 TOAs)...
  [B1953+29] white noise for L-wide_PUPPI (4037 TOAs)...
  [J0023+0923] zeroing residuals...
  [J0023+0923] adding red noise...
  [J0023+0923] white noise for 430_ASP (90 TOAs)...
  [J0023+0923] white noise for 430_PUPPI (4564 TOAs)...
  [J0023+0923] white noise for L-wide_PUPPI (11123 TOAs)...
  [J0023+0923] white noise for L-wide_ASP (119 TOAs)...
  [J0030+0451] zeroing residuals...
  [J0030+0451] adding red noise...
  [J0030+0451] white noise for L-wide_ASP (789 TOAs)...
  [J0030+0451] white noise for 430_PUPPI (3068 TOAs)...
  [J0030+0451] white noise for S-wide_PUPPI (2673 TOAs)...
  [J0030+0451] white noise for 430_ASP (267 TOAs)...
  [J0030+0451] white noise for L-wide_PUPPI (12774 TOAs)...
  [J0340+4130] zeroing residuals...
  [J0340+4130] adding red noise...
  [J0340+4130] white noise for Rcvr1_2_GUPPI (5037 TOAs)...
  [J0340+4130] white noise for Rcvr_800_GUPPI (6056 TOAs)...
  [J0406+3039] zeroing residuals...
  [J0406+3039] adding red noise...
  [J0406+3039] white noise for S-wide_PUPPI (575 TOAs)...
  [J0406+3039] white noise for L-wide_PUPPI (1871 TOAs)...
  [J0437-4715] zeroing residuals...
  [J0437-4715] adding red noise...
  [J0437-4715] white noise for 1.5GHz_YUPPI (2134 TOAs)...
  [J0437-4715] white noise for 3GHz_YUPPI (3696 TOAs)...
  [J0509+0856] zeroing residuals...
  [J0509+0856] adding red noise...
  [J0509+0856] white noise for S-wide_PUPPI (544 TOAs)...
  [J0509+0856] white noise for L-wide_PUPPI (1625 TOAs)...
  [J0557+1551] zeroing residuals...
  [J0557+1551] adding red noise...
  [J0557+1551] white noise for S-wide_PUPPI (58 TOAs)...
  [J0557+1551] white noise for L-wide_PUPPI (467 TOAs)...
  [J0605+3757] zeroing residuals...
  [J0605+3757] adding red noise...
  [J0605+3757] white noise for Rcvr1_2_GUPPI (318 TOAs)...
  [J0605+3757] white noise for Rcvr_800_GUPPI (236 TOAs)...
  [J0610-2100] zeroing residuals...
  [J0610-2100] adding red noise...
  [J0610-2100] white noise for Rcvr1_2_GUPPI (2401 TOAs)...
  [J0610-2100] white noise for Rcvr_800_GUPPI (2484 TOAs)...
  [J0613-0200] zeroing residuals...
  [J0613-0200] adding red noise...
  [J0613-0200] white noise for Rcvr1_2_GUPPI (7423 TOAs)...
  [J0613-0200] white noise for Rcvr_800_GUPPI (7900 TOAs)...
  [J0613-0200] white noise for Rcvr1_2_GASP (992 TOAs)...
  [J0613-0200] white noise for Rcvr_800_GASP (809 TOAs)...
  [J0636+5128] zeroing residuals...
  [J0636+5128] adding red noise...
  [J0636+5128] white noise for Rcvr1_2_GUPPI (14803 TOAs)...
  [J0636+5128] white noise for Rcvr_800_GUPPI (17419 TOAs)...
  [J0645+5158] zeroing residuals...
  [J0645+5158] adding red noise...
  [J0645+5158] white noise for Rcvr1_2_GUPPI (5721 TOAs)...
  [J0645+5158] white noise for Rcvr_800_GUPPI (4682 TOAs)...
  [J0709+0458] zeroing residuals...
  [J0709+0458] adding red noise...
  [J0709+0458] white noise for S-wide_PUPPI (595 TOAs)...
  [J0709+0458] white noise for L-wide_PUPPI (2435 TOAs)...
  [J0740+6620] zeroing residuals...
  [J0740+6620] adding red noise...
  [J0740+6620] white noise for Rcvr1_2_GUPPI (8265 TOAs)...
  [J0740+6620] white noise for Rcvr_800_GUPPI (5136 TOAs)...
  [J0931-1902] zeroing residuals...
  [J0931-1902] adding red noise...
  [J0931-1902] white noise for Rcvr1_2_GUPPI (2054 TOAs)...
  [J0931-1902] white noise for Rcvr_800_GUPPI (3419 TOAs)...
  [J1012+5307] zeroing residuals...
  [J1012+5307] adding red noise...
  [J1012+5307] white noise for Rcvr1_2_GUPPI (12849 TOAs)...
  [J1012+5307] white noise for Rcvr_800_GUPPI (10299 TOAs)...
  [J1012+5307] white noise for Rcvr1_2_GASP (1479 TOAs)...
  [J1012+5307] white noise for Rcvr_800_GASP (1210 TOAs)...
  [J1012-4235] zeroing residuals...
  [J1012-4235] adding red noise...
  [J1012-4235] white noise for Rcvr1_2_GUPPI (455 TOAs)...
  [J1012-4235] white noise for Rcvr_800_GUPPI (342 TOAs)...
  [J1022+1001] zeroing residuals...
  [J1022+1001] adding red noise...
  [J1022+1001] white noise for S-wide_PUPPI (1154 TOAs)...
  [J1022+1001] white noise for 430_PUPPI (232 TOAs)...
  [J1022+1001] white noise for L-wide_PUPPI (2592 TOAs)...
  [J1024-0719] zeroing residuals...
  [J1024-0719] adding red noise...
  [J1024-0719] white noise for Rcvr1_2_GUPPI (7086 TOAs)...
  [J1024-0719] white noise for Rcvr_800_GUPPI (5455 TOAs)...
  [J1024-0719] white noise for Rcvr1_2_GASP (43 TOAs)...
  [J1024-0719] white noise for Rcvr_800_GASP (51 TOAs)...
  [J1125+7819] zeroing residuals...
  [J1125+7819] adding red noise...
  [J1125+7819] white noise for Rcvr1_2_GUPPI (4016 TOAs)...
  [J1125+7819] white noise for Rcvr_800_GUPPI (4707 TOAs)...
  [J1312+0051] zeroing residuals...
  [J1312+0051] adding red noise...
  [J1312+0051] white noise for S-wide_PUPPI (416 TOAs)...
  [J1312+0051] white noise for L-wide_PUPPI (1289 TOAs)...
  [J1453+1902] zeroing residuals...
  [J1453+1902] adding red noise...
  [J1453+1902] white noise for S-wide_PUPPI (4 TOAs)...
  [J1453+1902] white noise for 430_PUPPI (425 TOAs)...
  [J1453+1902] white noise for L-wide_PUPPI (2122 TOAs)...
  [J1455-3330] zeroing residuals...
  [J1455-3330] adding red noise...
  [J1455-3330] white noise for Rcvr1_2_GUPPI (4932 TOAs)...
  [J1455-3330] white noise for Rcvr_800_GUPPI (4843 TOAs)...
  [J1455-3330] white noise for Rcvr1_2_GASP (564 TOAs)...
  [J1455-3330] white noise for Rcvr_800_GASP (479 TOAs)...
  [J1600-3053] zeroing residuals...
  [J1600-3053] adding red noise...
  [J1600-3053] white noise for Rcvr1_2_GUPPI (10168 TOAs)...
  [J1600-3053] white noise for Rcvr_800_GUPPI (8796 TOAs)...
  [J1600-3053] white noise for Rcvr1_2_GASP (457 TOAs)...
  [J1600-3053] white noise for 3GHz_YUPPI (3237 TOAs)...
  [J1600-3053] white noise for Rcvr_800_GASP (297 TOAs)...
  [J1614-2230] zeroing residuals...
  [J1614-2230] adding red noise...
  [J1614-2230] white noise for Rcvr1_2_GUPPI (10509 TOAs)...
  [J1614-2230] white noise for Rcvr_800_GUPPI (7768 TOAs)...
  [J1614-2230] white noise for Rcvr1_2_GASP (84 TOAs)...
  [J1614-2230] white noise for Rcvr_800_GASP (84 TOAs)...
  [J1630+3734] zeroing residuals...
  [J1630+3734] adding red noise...
  [J1630+3734] white noise for Rcvr1_2_GUPPI (909 TOAs)...
  [J1630+3734] white noise for Rcvr_800_GUPPI (906 TOAs)...
  [J1640+2224] zeroing residuals...
  [J1640+2224] adding red noise...
  [J1640+2224] white noise for 430_ASP (340 TOAs)...
  [J1640+2224] white noise for 430_PUPPI (3157 TOAs)...
  [J1640+2224] white noise for L-wide_PUPPI (9847 TOAs)...
  [J1640+2224] white noise for L-wide_ASP (722 TOAs)...
  [J1643-1224] zeroing residuals...
  [J1643-1224] adding red noise...
  [J1643-1224] white noise for Rcvr1_2_GUPPI (8803 TOAs)...
  [J1643-1224] white noise for Rcvr_800_GUPPI (7734 TOAs)...
  [J1643-1224] white noise for Rcvr1_2_GASP (833 TOAs)...
  [J1643-1224] white noise for 3GHz_YUPPI (4215 TOAs)...
  [J1643-1224] white noise for Rcvr_800_GASP (559 TOAs)...
  [J1705-1903] zeroing residuals...
  [J1705-1903] adding red noise...
  [J1705-1903] white noise for Rcvr1_2_GUPPI (6350 TOAs)...
  [J1705-1903] white noise for Rcvr_800_GUPPI (3521 TOAs)...
  [J1713+0747] zeroing residuals...
  [J1713+0747] adding red noise...
  [J1713+0747] white noise for Rcvr1_2_GUPPI (22334 TOAs)...
  [J1713+0747] white noise for Rcvr_800_GUPPI (8479 TOAs)...
  [J1713+0747] white noise for Rcvr1_2_GASP (1109 TOAs)...
  [J1713+0747] white noise for S-wide_ASP (624 TOAs)...
  [J1713+0747] white noise for 3GHz_YUPPI (3282 TOAs)...
  [J1713+0747] white noise for 1.5GHz_YUPPI (1461 TOAs)...
  [J1713+0747] white noise for L-wide_ASP (843 TOAs)...
  [J1713+0747] white noise for S-wide_PUPPI (7482 TOAs)...
  [J1713+0747] white noise for Rcvr_800_GASP (1032 TOAs)...
  [J1713+0747] white noise for L-wide_PUPPI (12743 TOAs)...
  [J1719-1438] zeroing residuals...
  [J1719-1438] adding red noise...
  [J1719-1438] white noise for Rcvr1_2_GUPPI (2722 TOAs)...
  [J1719-1438] white noise for Rcvr_800_GUPPI (3634 TOAs)...
  [J1730-2304] zeroing residuals...
  [J1730-2304] adding red noise...
  [J1730-2304] white noise for Rcvr1_2_GUPPI (2367 TOAs)...
  [J1730-2304] white noise for Rcvr_800_GUPPI (2503 TOAs)...
  [J1738+0333] zeroing residuals...
  [J1738+0333] adding red noise...
  [J1738+0333] white noise for S-wide_ASP (134 TOAs)...
  [J1738+0333] white noise for L-wide_ASP (201 TOAs)...
  [J1738+0333] white noise for S-wide_PUPPI (1737 TOAs)...
  [J1738+0333] white noise for L-wide_PUPPI (6718 TOAs)...
  [J1741+1351] zeroing residuals...
  [J1741+1351] adding red noise...
  [J1741+1351] white noise for S-wide_ASP (115 TOAs)...
  [J1741+1351] white noise for L-wide_ASP (236 TOAs)...
  [J1741+1351] white noise for 430_PUPPI (1159 TOAs)...
  [J1741+1351] white noise for 430_ASP (27 TOAs)...
  [J1741+1351] white noise for L-wide_PUPPI (4045 TOAs)...
  [J1744-1134] zeroing residuals...
  [J1744-1134] adding red noise...
  [J1744-1134] white noise for Rcvr1_2_GUPPI (8109 TOAs)...
  [J1744-1134] white noise for Rcvr_800_GUPPI (7899 TOAs)...
  [J1744-1134] white noise for Rcvr1_2_GASP (807 TOAs)...
  [J1744-1134] white noise for Rcvr_800_GASP (930 TOAs)...
  [J1745+1017] zeroing residuals...
  [J1745+1017] adding red noise...
  [J1745+1017] white noise for S-wide_PUPPI (838 TOAs)...
  [J1745+1017] white noise for L-wide_PUPPI (2179 TOAs)...
  [J1747-4036] zeroing residuals...
  [J1747-4036] adding red noise...
  [J1747-4036] white noise for Rcvr1_2_GUPPI (5239 TOAs)...
  [J1747-4036] white noise for Rcvr_800_GUPPI (5816 TOAs)...
  [J1751-2857] zeroing residuals...
  [J1751-2857] adding red noise...
  [J1751-2857] white noise for Rcvr1_2_GUPPI (1786 TOAs)...
  [J1751-2857] white noise for Rcvr_800_GUPPI (239 TOAs)...
  [J1802-2124] zeroing residuals...
  [J1802-2124] adding red noise...
  [J1802-2124] white noise for Rcvr1_2_GUPPI (3231 TOAs)...
  [J1802-2124] white noise for Rcvr_800_GUPPI (3565 TOAs)...
  [J1811-2405] zeroing residuals...
  [J1811-2405] adding red noise...
  [J1811-2405] white noise for Rcvr1_2_GUPPI (2638 TOAs)...
  [J1811-2405] white noise for Rcvr_800_GUPPI (2628 TOAs)...
  [J1832-0836] zeroing residuals...
  [J1832-0836] adding red noise...
  [J1832-0836] white noise for Rcvr1_2_GUPPI (4661 TOAs)...
  [J1832-0836] white noise for Rcvr_800_GUPPI (3078 TOAs)...
  [J1843-1113] zeroing residuals...
  [J1843-1113] adding red noise...
  [J1843-1113] white noise for Rcvr1_2_GUPPI (2394 TOAs)...
  [J1843-1113] white noise for Rcvr_800_GUPPI (2201 TOAs)...
  [J1853+1303] zeroing residuals...
  [J1853+1303] adding red noise...
  [J1853+1303] white noise for 430_ASP (24 TOAs)...
  [J1853+1303] white noise for 430_PUPPI (1151 TOAs)...
  [J1853+1303] white noise for L-wide_PUPPI (3362 TOAs)...
  [J1853+1303] white noise for L-wide_ASP (33 TOAs)...
  [J1903+0327] zeroing residuals...
  [J1903+0327] adding red noise...
  [J1903+0327] white noise for S-wide_ASP (151 TOAs)...
  [J1903+0327] white noise for 3GHz_YUPPI (439 TOAs)...
  [J1903+0327] white noise for L-wide_ASP (139 TOAs)...
  [J1903+0327] white noise for S-wide_PUPPI (2282 TOAs)...
  [J1903+0327] white noise for L-wide_PUPPI (3845 TOAs)...
  [J1909-3744] zeroing residuals...
  [J1909-3744] adding red noise...
  [J1909-3744] white noise for Rcvr1_2_GUPPI (20439 TOAs)...
  [J1909-3744] white noise for Rcvr_800_GUPPI (9399 TOAs)...
  [J1909-3744] white noise for Rcvr1_2_GASP (808 TOAs)...
  [J1909-3744] white noise for 3GHz_YUPPI (3525 TOAs)...
  [J1909-3744] white noise for Rcvr_800_GASP (866 TOAs)...
  [J1910+1256] zeroing residuals...
  [J1910+1256] adding red noise...
  [J1910+1256] white noise for S-wide_ASP (208 TOAs)...
  [J1910+1256] white noise for L-wide_ASP (297 TOAs)...
  [J1910+1256] white noise for S-wide_PUPPI (1857 TOAs)...
  [J1910+1256] white noise for L-wide_PUPPI (4124 TOAs)...
  [J1911+1347] zeroing residuals...
  [J1911+1347] adding red noise...
  [J1911+1347] white noise for 430_PUPPI (753 TOAs)...
  [J1911+1347] white noise for L-wide_PUPPI (3033 TOAs)...
  [J1918-0642] zeroing residuals...
  [J1918-0642] adding red noise...
  [J1918-0642] white noise for Rcvr1_2_GUPPI (8910 TOAs)...
  [J1918-0642] white noise for Rcvr_800_GUPPI (8352 TOAs)...
  [J1918-0642] white noise for Rcvr1_2_GASP (778 TOAs)...
  [J1918-0642] white noise for Rcvr_800_GASP (835 TOAs)...
  [J1923+2515] zeroing residuals...
  [J1923+2515] adding red noise...
  [J1923+2515] white noise for 430_ASP (10 TOAs)...
  [J1923+2515] white noise for 430_PUPPI (922 TOAs)...
  [J1923+2515] white noise for L-wide_PUPPI (3028 TOAs)...
  [J1923+2515] white noise for L-wide_ASP (14 TOAs)...
  [J1944+0907] zeroing residuals...
  [J1944+0907] adding red noise...
  [J1944+0907] white noise for S-wide_ASP (116 TOAs)...
  [J1944+0907] white noise for L-wide_ASP (257 TOAs)...
  [J1944+0907] white noise for 430_PUPPI (1017 TOAs)...
  [J1944+0907] white noise for 430_ASP (38 TOAs)...
  [J1944+0907] white noise for L-wide_PUPPI (3900 TOAs)...
  [J1946+3417] zeroing residuals...
  [J1946+3417] adding red noise...
  [J1946+3417] white noise for S-wide_PUPPI (1546 TOAs)...
  [J1946+3417] white noise for L-wide_PUPPI (3197 TOAs)...
  [J2010-1323] zeroing residuals...
  [J2010-1323] adding red noise...
  [J2010-1323] white noise for Rcvr1_2_GUPPI (7779 TOAs)...
  [J2010-1323] white noise for Rcvr_800_GUPPI (9158 TOAs)...
  [J2010-1323] white noise for Rcvr1_2_GASP (70 TOAs)...
  [J2010-1323] white noise for Rcvr_800_GASP (70 TOAs)...
  [J2017+0603] zeroing residuals...
  [J2017+0603] adding red noise...
  [J2017+0603] white noise for S-wide_PUPPI (849 TOAs)...
  [J2017+0603] white noise for L-wide_ASP (16 TOAs)...
  [J2017+0603] white noise for 430_PUPPI (78 TOAs)...
  [J2017+0603] white noise for L-wide_PUPPI (2569 TOAs)...
  [J2033+1734] zeroing residuals...
  [J2033+1734] adding red noise...
  [J2033+1734] white noise for 430_PUPPI (797 TOAs)...
  [J2033+1734] white noise for L-wide_PUPPI (3050 TOAs)...
  [J2043+1711] zeroing residuals...
  [J2043+1711] adding red noise...
  [J2043+1711] white noise for 430_ASP (30 TOAs)...
  [J2043+1711] white noise for 430_PUPPI (2908 TOAs)...
  [J2043+1711] white noise for L-wide_PUPPI (4419 TOAs)...
  [J2043+1711] white noise for L-wide_ASP (40 TOAs)...
  [J2124-3358] zeroing residuals...
  [J2124-3358] adding red noise...
  [J2124-3358] white noise for Rcvr1_2_GUPPI (2957 TOAs)...
  [J2124-3358] white noise for Rcvr_800_GUPPI (2025 TOAs)...
  [J2145-0750] zeroing residuals...
  [J2145-0750] adding red noise...
  [J2145-0750] white noise for Rcvr1_2_GUPPI (9158 TOAs)...
  [J2145-0750] white noise for Rcvr_800_GUPPI (8728 TOAs)...
  [J2145-0750] white noise for Rcvr1_2_GASP (427 TOAs)...
  [J2145-0750] white noise for Rcvr_800_GASP (362 TOAs)...
  [J2214+3000] zeroing residuals...
  [J2214+3000] adding red noise...
  [J2214+3000] white noise for S-wide_PUPPI (1568 TOAs)...
  [J2214+3000] white noise for L-wide_ASP (9 TOAs)...
  [J2214+3000] white noise for L-wide_PUPPI (5829 TOAs)...
  [J2229+2643] zeroing residuals...
  [J2229+2643] adding red noise...
  [J2229+2643] white noise for 430_PUPPI (956 TOAs)...
  [J2229+2643] white noise for L-wide_PUPPI (2755 TOAs)...
  [J2234+0611] zeroing residuals...
  [J2234+0611] adding red noise...
  [J2234+0611] white noise for 430_PUPPI (653 TOAs)...
  [J2234+0611] white noise for L-wide_PUPPI (2913 TOAs)...
  [J2234+0944] zeroing residuals...
  [J2234+0944] adding red noise...
  [J2234+0944] white noise for S-wide_PUPPI (2532 TOAs)...
  [J2234+0944] white noise for L-wide_PUPPI (5003 TOAs)...
  [J2302+4442] zeroing residuals...
  [J2302+4442] adding red noise...
  [J2302+4442] white noise for Rcvr1_2_GUPPI (3779 TOAs)...
  [J2302+4442] white noise for Rcvr_800_GUPPI (6432 TOAs)...
  [J2317+1439] zeroing residuals...
  [J2317+1439] adding red noise...
  [J2317+1439] white noise for 430_PUPPI (3217 TOAs)...
  [J2317+1439] white noise for 430_ASP (458 TOAs)...
  [J2317+1439] white noise for 327_ASP (413 TOAs)...
  [J2317+1439] white noise for 327_PUPPI (276 TOAs)...
  [J2317+1439] white noise for L-wide_PUPPI (9563 TOAs)...
  [J2322+2057] zeroing residuals...
  [J2322+2057] adding red noise...
  [J2322+2057] white noise for S-wide_PUPPI (140 TOAs)...
  [J2322+2057] white noise for 430_PUPPI (752 TOAs)...
  [J2322+2057] white noise for L-wide_PUPPI (2196 TOAs)...
Resetting pulsars to clean stoas...
Restore: 0.00 s
Inject: 0.00 s
Snapshotting into enterprise Pulsar objects...
Building PTA...
PTA build: 469.25 s
Computing optimal statistic...
OS time: 62.71 s
Total: 531.96 s
Noise-only SNR baseline: 0.8002

Generating SNR-consistent population...
Target SNR: 4.0
Resetting pulsars to clean stoas...
Restore: 0.00 s
Injecting population...
  B1855+09: RMS = 6278.008 ns
  B1937+21: RMS = 9402.092 ns
  B1953+29: RMS = 6716.379 ns
  J0023+0923: RMS = 1169.508 ns
  J0030+0451: RMS = 2284.872 ns
  J0340+4130: RMS = 1807.678 ns
  J0406+3039: RMS = 1223.589 ns
  J0437-4715: RMS = 3801.711 ns
  J0509+0856: RMS = 1586.725 ns
  J0557+1551: RMS = 905.561 ns
  J0605+3757: RMS = 791.318 ns
  J0610-2100: RMS = 2703.722 ns
  J0613-0200: RMS = 1965.483 ns
  J0636+5128: RMS = 1617.804 ns
  J0645+5158: RMS = 2557.000 ns
  J0709+0458: RMS = 2218.705 ns
  J0740+6620: RMS = 5391.521 ns
  J0931-1902: RMS = 563.042 ns
  J1012+5307: RMS = 3798.368 ns
  J1012-4235: RMS = 2983.093 ns
  J1022+1001: RMS = 2134.112 ns
  J1024-0719: RMS = 5104.861 ns
  J1125+7819: RMS = 6855.233 ns
  J1312+0051: RMS = 3876.749 ns
  J1453+1902: RMS = 490.147 ns
  J1455-3330: RMS = 3091.629 ns
  J1600-3053: RMS = 2633.093 ns
  J1614-2230: RMS = 1110.719 ns
  J1630+3734: RMS = 1878.427 ns
  J1640+2224: RMS = 6700.233 ns
  J1643-1224: RMS = 2955.033 ns
  J1705-1903: RMS = 2147.642 ns
  J1713+0747: RMS = 4008.273 ns
  J1719-1438: RMS = 2528.604 ns
  J1730-2304: RMS = 1022.821 ns
  J1738+0333: RMS = 2476.548 ns
  J1741+1351: RMS = 4271.231 ns
  J1744-1134: RMS = 2184.325 ns
  J1745+1017: RMS = 3099.714 ns
  J1747-4036: RMS = 5007.552 ns
  J1751-2857: RMS = 603.709 ns
  J1802-2124: RMS = 252.272 ns
  J1811-2405: RMS = 466.176 ns
  J1832-0836: RMS = 2983.543 ns
  J1843-1113: RMS = 1308.020 ns
  J1853+1303: RMS = 5322.852 ns
  J1903+0327: RMS = 4782.146 ns
  J1909-3744: RMS = 3805.178 ns
  J1910+1256: RMS = 7275.736 ns
  J1911+1347: RMS = 7113.120 ns
  J1918-0642: RMS = 4533.478 ns
  J1923+2515: RMS = 6993.408 ns
  J1944+0907: RMS = 6251.816 ns
  J1946+3417: RMS = 8028.131 ns
  J2010-1323: RMS = 6469.955 ns
  J2017+0603: RMS = 6879.441 ns
  J2033+1734: RMS = 7781.302 ns
  J2043+1711: RMS = 6164.917 ns
  J2124-3358: RMS = 1231.587 ns
  J2145-0750: RMS = 7897.999 ns
  J2214+3000: RMS = 6692.090 ns
  J2229+2643: RMS = 5245.386 ns
  J2234+0611: RMS = 5771.840 ns
  J2234+0944: RMS = 2791.960 ns
  J2302+4442: RMS = 6279.881 ns
  J2317+1439: RMS = 3834.832 ns
  J2322+2057: RMS = 3963.401 ns
Inject: 0.55 s
Snapshotting into enterprise Pulsar objects...
Building PTA...
PTA build: 470.14 s
Computing optimal statistic...
OS time: 59.17 s
Total: 529.86 s
Initial SNR: 160.0279, Target SNR: 4.0000
  Initial SNR 160.0279 outside of provided SNR_range [3.5, 4.25] — rescaling.
Scaling distances by factor 7.0542 to achieve target SNR...
Resetting pulsars to clean stoas...
Restore: 0.00 s
Injecting population...
  B1855+09: RMS = 889.972 ns
  B1937+21: RMS = 1332.843 ns
  B1953+29: RMS = 952.116 ns
  J0023+0923: RMS = 165.790 ns
  J0030+0451: RMS = 323.904 ns
  J0340+4130: RMS = 256.257 ns
  J0406+3039: RMS = 173.456 ns
  J0437-4715: RMS = 538.932 ns
  J0509+0856: RMS = 224.935 ns
  J0557+1551: RMS = 128.373 ns
  J0605+3757: RMS = 112.177 ns
  J0610-2100: RMS = 383.280 ns
  J0613-0200: RMS = 278.627 ns
  J0636+5128: RMS = 229.340 ns
  J0645+5158: RMS = 362.481 ns
  J0709+0458: RMS = 314.524 ns
  J0740+6620: RMS = 764.304 ns
  J0931-1902: RMS = 79.817 ns
  J1012+5307: RMS = 538.458 ns
  J1012-4235: RMS = 422.884 ns
  J1022+1001: RMS = 302.532 ns
  J1024-0719: RMS = 723.667 ns
  J1125+7819: RMS = 971.800 ns
  J1312+0051: RMS = 549.569 ns
  J1453+1902: RMS = 69.483 ns
  J1455-3330: RMS = 438.270 ns
  J1600-3053: RMS = 373.268 ns
  J1614-2230: RMS = 157.456 ns
  J1630+3734: RMS = 266.286 ns
  J1640+2224: RMS = 949.827 ns
  J1643-1224: RMS = 418.906 ns
  J1705-1903: RMS = 304.450 ns
  J1713+0747: RMS = 568.214 ns
  J1719-1438: RMS = 358.456 ns
  J1730-2304: RMS = 144.995 ns
  J1738+0333: RMS = 351.076 ns
  J1741+1351: RMS = 605.491 ns
  J1744-1134: RMS = 309.651 ns
  J1745+1017: RMS = 439.416 ns
  J1747-4036: RMS = 709.872 ns
  J1751-2857: RMS = 85.582 ns
  J1802-2124: RMS = 35.762 ns
  J1811-2405: RMS = 66.085 ns
  J1832-0836: RMS = 422.948 ns
  J1843-1113: RMS = 185.425 ns
  J1853+1303: RMS = 754.569 ns
  J1903+0327: RMS = 677.918 ns
  J1909-3744: RMS = 539.423 ns
  J1910+1256: RMS = 1031.410 ns
  J1911+1347: RMS = 1008.358 ns
  J1918-0642: RMS = 642.667 ns
  J1923+2515: RMS = 991.387 ns
  J1944+0907: RMS = 886.259 ns
  J1946+3417: RMS = 1138.070 ns
  J2010-1323: RMS = 917.183 ns
  J2017+0603: RMS = 975.231 ns
  J2033+1734: RMS = 1103.080 ns
  J2043+1711: RMS = 873.940 ns
  J2124-3358: RMS = 174.590 ns
  J2145-0750: RMS = 1119.623 ns
  J2214+3000: RMS = 948.673 ns
  J2229+2643: RMS = 743.587 ns
  J2234+0611: RMS = 818.218 ns
  J2234+0944: RMS = 395.789 ns
  J2302+4442: RMS = 890.238 ns
  J2317+1439: RMS = 543.627 ns
  J2322+2057: RMS = 561.853 ns
Inject: 0.54 s
Snapshotting into enterprise Pulsar objects...
Building PTA...
PTA build: 483.77 s
Computing optimal statistic...
OS time: 68.89 s
Total: 553.20 s
  SNR 5.6959 outside of provided SNR_range [3.5, 4.25] — rescaling.
[Iteration 1/4] SNR after scaling: 5.6959 (target: 4.0000)
  SNR history: it0→160.0279@1.0000x, it1→5.6959@7.0542x
  Re-scaling distances by factor 1.2695  (cumulative after: 8.9551×)
Resetting pulsars to clean stoas...
Restore: 3.03 s
Injecting population...
  B1855+09: RMS = 701.054 ns
  B1937+21: RMS = 1049.915 ns
  B1953+29: RMS = 750.006 ns
  J0023+0923: RMS = 130.597 ns
  J0030+0451: RMS = 255.147 ns
  J0340+4130: RMS = 201.860 ns
  J0406+3039: RMS = 136.636 ns
  J0437-4715: RMS = 424.530 ns
  J0509+0856: RMS = 177.187 ns
  J0557+1551: RMS = 101.122 ns
  J0605+3757: RMS = 88.365 ns
  J0610-2100: RMS = 301.920 ns
  J0613-0200: RMS = 219.482 ns
  J0636+5128: RMS = 180.657 ns
  J0645+5158: RMS = 285.536 ns
  J0709+0458: RMS = 247.759 ns
  J0740+6620: RMS = 602.061 ns
  J0931-1902: RMS = 62.874 ns
  J1012+5307: RMS = 424.157 ns
  J1012-4235: RMS = 333.117 ns
  J1022+1001: RMS = 238.312 ns
  J1024-0719: RMS = 570.051 ns
  J1125+7819: RMS = 765.511 ns
  J1312+0051: RMS = 432.910 ns
  J1453+1902: RMS = 54.734 ns
  J1455-3330: RMS = 345.237 ns
  J1600-3053: RMS = 294.033 ns
  J1614-2230: RMS = 124.032 ns
  J1630+3734: RMS = 209.761 ns
  J1640+2224: RMS = 748.203 ns
  J1643-1224: RMS = 329.983 ns
  J1705-1903: RMS = 239.823 ns
  J1713+0747: RMS = 447.597 ns
  J1719-1438: RMS = 282.365 ns
  J1730-2304: RMS = 114.217 ns
  J1738+0333: RMS = 276.552 ns
  J1741+1351: RMS = 476.961 ns
  J1744-1134: RMS = 243.920 ns
  J1745+1017: RMS = 346.140 ns
  J1747-4036: RMS = 559.184 ns
  J1751-2857: RMS = 67.415 ns
  J1802-2124: RMS = 28.171 ns
  J1811-2405: RMS = 52.057 ns
  J1832-0836: RMS = 333.167 ns
  J1843-1113: RMS = 146.064 ns
  J1853+1303: RMS = 594.393 ns
  J1903+0327: RMS = 534.014 ns
  J1909-3744: RMS = 424.917 ns
  J1910+1256: RMS = 812.468 ns
  J1911+1347: RMS = 794.309 ns
  J1918-0642: RMS = 506.245 ns
  J1923+2515: RMS = 780.941 ns
  J1944+0907: RMS = 698.129 ns
  J1946+3417: RMS = 896.487 ns
  J2010-1323: RMS = 722.488 ns
  J2017+0603: RMS = 768.215 ns
  J2033+1734: RMS = 868.924 ns
  J2043+1711: RMS = 688.425 ns
  J2124-3358: RMS = 137.529 ns
  J2145-0750: RMS = 881.955 ns
  J2214+3000: RMS = 747.294 ns
  J2229+2643: RMS = 585.743 ns
  J2234+0611: RMS = 644.531 ns
  J2234+0944: RMS = 311.773 ns
  J2302+4442: RMS = 701.263 ns
  J2317+1439: RMS = 428.229 ns
  J2322+2057: RMS = 442.586 ns
Inject: 0.74 s
Snapshotting into enterprise Pulsar objects...
Building PTA...
PTA build: 453.70 s
Computing optimal statistic...
OS time: 48.23 s
Total: 505.70 s
  ✓ SNR is within the provided SNR_range: 4.1693 ∈ [3.5, 4.25]

Final SNR history:
  it 0: cumulative_scale=1.0000×  SNR=160.0279
  it 1: cumulative_scale=7.0542×  SNR=5.6959
  it 2: cumulative_scale=8.9551×  SNR=4.1693
✓ Simulation 1 done (1590.1 s)

======================================================================
ENSEMBLE SUMMARY
======================================================================
Success rate: 100.0% (1/1)

Binaries per population:
  Mean ± std : 500 ± 0
  Range      : [500, 500]

SNR achieved:
  Mean ± std : 4.1693 ± 0.0000
  Range      : [4.1693, 4.1693]

Total time: 2162.4 s (36.0 min)
======================================================================

💾 Saved: data/2026-04-29/optimistic_run_204/consistent_population_optimistic_targetSNR4.25_sims1.json
💾 Saved compressed pickle: data/2026-04-29/optimistic_run_204/consistent_population_optimistic_targetSNR4.25_sims1.pkl.gz

======================================================================
CONTINUOUS WAVE SNR ANALYSIS
======================================================================

--- Population 1 ---
Precomputation of phiinvs, TNTs, Ts, Nvecs, Sigmas took 0.06 seconds.
Total SNR computation for population took 198.14 seconds.
Top 50 CGW candidates:
   1. proxy_rank=   2  sky_w=1.37  f=2.74e-09 Hz  Mc=5.28e+10 Msun  h0=5.02e-15  SNR=3.087
   2. proxy_rank=  15  sky_w=0.52  f=4.43e-09 Hz  Mc=5.42e+10 Msun  h0=5.83e-15  SNR=2.626
   3. proxy_rank=  10  sky_w=0.71  f=3.40e-09 Hz  Mc=5.20e+10 Msun  h0=4.49e-15  SNR=2.251
   4. proxy_rank=   4  sky_w=1.15  f=2.62e-09 Hz  Mc=4.95e+10 Msun  h0=3.43e-15  SNR=2.090
   5. proxy_rank=   3  sky_w=1.24  f=2.77e-09 Hz  Mc=6.31e+10 Msun  h0=5.59e-15  SNR=1.764
   6. proxy_rank=   1  sky_w=1.51  f=2.29e-09 Hz  Mc=5.94e+10 Msun  h0=4.49e-15  SNR=1.715
   7. proxy_rank=   5  sky_w=1.61  f=2.48e-09 Hz  Mc=2.98e+10 Msun  h0=2.23e-15  SNR=1.482
   8. proxy_rank=   6  sky_w=1.18  f=2.37e-09 Hz  Mc=4.32e+10 Msun  h0=2.60e-15  SNR=1.439
   9. proxy_rank=   9  sky_w=1.23  f=2.22e-09 Hz  Mc=3.39e+10 Msun  h0=1.72e-15  SNR=1.010
  10. proxy_rank=  19  sky_w=0.89  f=3.33e-09 Hz  Mc=2.84e+10 Msun  h0=1.57e-15  SNR=0.913
  11. proxy_rank=  22  sky_w=0.91  f=3.29e-09 Hz  Mc=2.09e+10 Msun  h0=1.22e-15  SNR=0.791
  12. proxy_rank=  16  sky_w=1.11  f=3.71e-09 Hz  Mc=3.22e+10 Msun  h0=2.00e-15  SNR=0.764
  13. proxy_rank=   7  sky_w=1.40  f=2.20e-09 Hz  Mc=3.69e+10 Msun  h0=1.91e-15  SNR=0.735
  14. proxy_rank=  12  sky_w=1.56  f=2.33e-09 Hz  Mc=2.78e+10 Msun  h0=1.17e-15  SNR=0.731
  15. proxy_rank=  35  sky_w=0.67  f=7.57e-09 Hz  Mc=1.96e+10 Msun  h0=1.42e-15  SNR=0.726
  16. proxy_rank=   8  sky_w=1.24  f=1.98e-09 Hz  Mc=2.64e+10 Msun  h0=1.53e-15  SNR=0.693
  17. proxy_rank=  13  sky_w=0.74  f=3.02e-09 Hz  Mc=4.38e+10 Msun  h0=3.18e-15  SNR=0.548
  18. proxy_rank=  14  sky_w=1.43  f=2.32e-09 Hz  Mc=2.75e+10 Msun  h0=1.13e-15  SNR=0.485
  19. proxy_rank=  24  sky_w=0.75  f=2.57e-09 Hz  Mc=2.45e+10 Msun  h0=1.04e-15  SNR=0.445
  20. proxy_rank=  11  sky_w=1.26  f=2.18e-09 Hz  Mc=1.68e+10 Msun  h0=1.47e-15  SNR=0.441
  21. proxy_rank=  23  sky_w=0.88  f=2.74e-09 Hz  Mc=2.31e+10 Msun  h0=9.50e-16  SNR=0.389
  22. proxy_rank=  21  sky_w=0.60  f=2.61e-09 Hz  Mc=3.25e+10 Msun  h0=1.66e-15  SNR=0.369
  23. proxy_rank=  18  sky_w=1.15  f=2.11e-09 Hz  Mc=2.46e+10 Msun  h0=9.85e-16  SNR=0.341
  24. proxy_rank=  17  sky_w=1.53  f=2.41e-09 Hz  Mc=2.17e+10 Msun  h0=8.77e-16  SNR=0.298
  25. proxy_rank=  20  sky_w=0.85  f=2.23e-09 Hz  Mc=2.28e+10 Msun  h0=1.08e-15  SNR=0.241
  26. proxy_rank=  40  sky_w=1.61  f=3.29e-09 Hz  Mc=8.54e+09 Msun  h0=2.26e-16  SNR=0.233
  27. proxy_rank=  26  sky_w=1.45  f=2.01e-09 Hz  Mc=1.52e+10 Msun  h0=3.80e-16  SNR=0.212
  28. proxy_rank=  52  sky_w=1.32  f=4.22e-09 Hz  Mc=5.86e+09 Msun  h0=1.76e-16  SNR=0.200
  29. proxy_rank=  79  sky_w=0.91  f=3.88e-08 Hz  Mc=5.71e+09 Msun  h0=5.89e-16  SNR=0.190
  30. proxy_rank=  50  sky_w=0.61  f=5.72e-09 Hz  Mc=1.24e+10 Msun  h0=5.45e-16  SNR=0.185
  31. proxy_rank=  74  sky_w=1.40  f=2.12e-08 Hz  Mc=4.16e+09 Msun  h0=2.45e-16  SNR=0.183
  32. proxy_rank=  34  sky_w=1.29  f=2.28e-09 Hz  Mc=1.08e+10 Msun  h0=2.58e-16  SNR=0.164
  33. proxy_rank=  27  sky_w=1.49  f=2.75e-09 Hz  Mc=1.34e+10 Msun  h0=4.11e-16  SNR=0.161
  34. proxy_rank=  42  sky_w=0.65  f=3.04e-09 Hz  Mc=1.29e+10 Msun  h0=3.83e-16  SNR=0.155
  35. proxy_rank=  76  sky_w=0.62  f=6.98e-09 Hz  Mc=5.60e+09 Msun  h0=1.70e-16  SNR=0.148
  36. proxy_rank=  75  sky_w=0.54  f=6.65e-09 Hz  Mc=5.69e+09 Msun  h0=1.91e-16  SNR=0.145
  37. proxy_rank=  30  sky_w=1.16  f=2.30e-09 Hz  Mc=1.17e+10 Msun  h0=3.21e-16  SNR=0.143
  38. proxy_rank=  29  sky_w=0.58  f=2.64e-09 Hz  Mc=2.07e+10 Msun  h0=7.93e-16  SNR=0.141
  39. proxy_rank=  25  sky_w=1.08  f=2.09e-09 Hz  Mc=1.58e+10 Msun  h0=5.61e-16  SNR=0.140
  40. proxy_rank=  43  sky_w=1.46  f=3.02e-09 Hz  Mc=7.05e+09 Msun  h0=1.57e-16  SNR=0.136
  41. proxy_rank=  32  sky_w=0.52  f=2.44e-09 Hz  Mc=1.95e+10 Msun  h0=7.02e-16  SNR=0.133
  42. proxy_rank=  90  sky_w=1.38  f=9.19e-09 Hz  Mc=2.77e+09 Msun  h0=6.20e-17  SNR=0.126
  43. proxy_rank=  38  sky_w=1.21  f=2.30e-09 Hz  Mc=1.04e+10 Msun  h0=2.24e-16  SNR=0.126
  44. proxy_rank=  48  sky_w=1.17  f=2.83e-09 Hz  Mc=6.10e+09 Msun  h0=1.44e-16  SNR=0.114
  45. proxy_rank=  60  sky_w=0.51  f=3.99e-09 Hz  Mc=6.19e+09 Msun  h0=2.10e-16  SNR=0.096
  46. proxy_rank=  28  sky_w=0.76  f=2.39e-09 Hz  Mc=1.10e+10 Msun  h0=5.69e-16  SNR=0.087
  47. proxy_rank=  46  sky_w=1.22  f=2.33e-09 Hz  Mc=5.55e+09 Msun  h0=1.21e-16  SNR=0.078
  48. proxy_rank=  31  sky_w=1.16  f=2.30e-09 Hz  Mc=1.19e+10 Msun  h0=3.16e-16  SNR=0.077
  49. proxy_rank=  55  sky_w=0.58  f=3.90e-09 Hz  Mc=8.47e+09 Msun  h0=2.61e-16  SNR=0.067
  50. proxy_rank=  51  sky_w=0.79  f=2.48e-09 Hz  Mc=8.20e+09 Msun  h0=1.75e-16  SNR=0.066
💾 Saved: data/2026-04-29/optimistic_run_204/consistent_population_optimistic_targetSNR4.25_sims1.json
💾 Saved compressed pickle: data/2026-04-29/optimistic_run_204/consistent_population_optimistic_targetSNR4.25_sims1.pkl.gz
Saved to figures/cgw_analysis_optimistic.pdf

======================================================================
ANALYSIS COMPLETE
Results saved to: data/2026-04-29/optimistic_run_204
======================================================================

==========================================
Job finished at: Wed Apr 29 14:55:12 AEST 2026
Exit code: 0
==========================================

+------------------ Job Report: 11740164 (COMPLETED) ------------------+
| Memory (RAM)  [##################  ] 94.6% (32.2 GB peak / 34 GB)    |
| CPU           [###############     ] 77.8% average                   |
| Time          [---------->         ] 52.5% (0-00:42:01 / 0-01:20:00) |
|                                                                      |
| Lustre Filesystem:                                                   |
|   Path    Total Read    Total Write      Total IOPS                  |
|   ------  ------------  -------------  ------------                  |
|   /apps   0 B           0 B                     23                   |
|   /fred   64 KB         316.3 KB                23                   |
|   /home   77.9 MB       0 B                     28                   |
|                                                                      |
| Warnings:                                                            |
|   - Too much time requested                                          |
+----------------------------------------------------------------------+
