==========================================
Job ID: 11717873
Job Name: smbhb_pessimistic
Node: gina302
Start Time: Tue Apr 28 17:02:52 AEST 2026
==========================================

/home/bhoulden/.conda/envs/smbhb312/share/tempo2
Working directory: /fred/oz005/users/bhoulden/SMBHB_population_injections

Loaded modules:

Starting SMBHB analysis...
==========================================

📁 Save directory: data/2026-04-28/pessimistic_run_2
📝 Run name: pessimistic_run_2

[MEM] Start: 244.2 MB

📡 Loading pulsars...
======================================================================
LOADING NANOGRAV PULSARS (libstempo)
======================================================================

📦 Loading from cache: nanograv_pulsars_cache.pkl
⚠ Cache load failed: Ran out of input
[DEBUG] Found 76 .par files
[tempo2Util.C:396] Warning: [MISC1] Unknown parameter in par file:  DMDATA
[tempo2Util.C:401] Warning: [DUP1] duplicated warnings have been suppressed.

WARNING: Using tempo RNAMP parameter: setting TNRedC to 100!
[observatory.C:271] Warning: Assuming site 'arecibo' means 'ao'
✓ Loaded B1855+09 (7758 TOAs)

WARNING: Using tempo RNAMP parameter: setting TNRedC to 100!
✓ Loaded B1937+21 (23023 TOAs)

WARNING: Using tempo RNAMP parameter: setting TNRedC to 100!
✓ Loaded B1937+21ao (7241 TOAs)

WARNING: Using tempo RNAMP parameter: setting TNRedC to 100!
✓ Loaded B1937+21gbt (16048 TOAs)

WARNING: Using tempo RNAMP parameter: setting TNRedC to 100!
✓ Loaded B1953+29 (5126 TOAs)
✓ Loaded J0023+0923 (15896 TOAs)

WARNING: Using tempo RNAMP parameter: setting TNRedC to 100!
✓ Loaded J0030+0451 (19571 TOAs)
✓ Loaded J0340+4130 (11093 TOAs)
✓ Loaded J0406+3039 (2446 TOAs)

WARNING: Using tempo RNAMP parameter: setting TNRedC to 100!
✓ Loaded J0437-4715 (5830 TOAs)
✓ Loaded J0509+0856 (2169 TOAs)
✓ Loaded J0557+1551 (525 TOAs)
✓ Loaded J0605+3757 (554 TOAs)

WARNING: Using tempo RNAMP parameter: setting TNRedC to 100!
✓ Loaded J0610-2100 (4885 TOAs)

WARNING: Using tempo RNAMP parameter: setting TNRedC to 100!
✓ Loaded J0613-0200 (17124 TOAs)
✓ Loaded J0614-3329 (1714 TOAs)
✓ Loaded J0636+5128 (32222 TOAs)
✓ Loaded J0645+5158 (10403 TOAs)
✓ Loaded J0709+0458 (3030 TOAs)
✓ Loaded J0740+6620 (13401 TOAs)
✓ Loaded J0931-1902 (5473 TOAs)

WARNING: Using tempo RNAMP parameter: setting TNRedC to 100!
✓ Loaded J1012+5307 (25837 TOAs)
✓ Loaded J1012-4235 (797 TOAs)
✓ Loaded J1022+1001 (3978 TOAs)
✓ Loaded J1024-0719 (12635 TOAs)
✓ Loaded J1125+7819 (8723 TOAs)
✓ Loaded J1312+0051 (1705 TOAs)
✓ Loaded J1453+1902 (2551 TOAs)
✓ Loaded J1455-3330 (10818 TOAs)

WARNING: Using tempo RNAMP parameter: setting TNRedC to 100!
✓ Loaded J1600-3053 (22955 TOAs)

WARNING: Using tempo RNAMP parameter: setting TNRedC to 100!
✓ Loaded J1600-3053gbt (19725 TOAs)

WARNING: Using tempo RNAMP parameter: setting TNRedC to 100!
✓ Loaded J1614-2230 (18445 TOAs)
✓ Loaded J1630+3734 (1815 TOAs)
✓ Loaded J1640+2224 (14066 TOAs)

WARNING: Using tempo RNAMP parameter: setting TNRedC to 100!
✓ Loaded J1643-1224 (22144 TOAs)

WARNING: Using tempo RNAMP parameter: setting TNRedC to 100!
✓ Loaded J1643-1224gbt (17932 TOAs)

WARNING: Using tempo RNAMP parameter: setting TNRedC to 100!
✓ Loaded J1705-1903 (9871 TOAs)

WARNING: Using tempo RNAMP parameter: setting TNRedC to 100!
✓ Loaded J1713+0747 (59389 TOAs)

WARNING: Using tempo RNAMP parameter: setting TNRedC to 100!
✓ Loaded J1713+0747ao (21362 TOAs)

WARNING: Using tempo RNAMP parameter: setting TNRedC to 100!
✓ Loaded J1713+0747gbt (32963 TOAs)
✓ Loaded J1719-1438 (6356 TOAs)
✓ Loaded J1730-2304 (4870 TOAs)
✓ Loaded J1738+0333 (8790 TOAs)
✓ Loaded J1741+1351 (5582 TOAs)

WARNING: Using tempo RNAMP parameter: setting TNRedC to 100!
✓ Loaded J1744-1134 (17745 TOAs)

WARNING: Using tempo RNAMP parameter: setting TNRedC to 100!
✓ Loaded J1745+1017 (3017 TOAs)

WARNING: Using tempo RNAMP parameter: setting TNRedC to 100!
✓ Loaded J1747-4036 (11055 TOAs)
✓ Loaded J1751-2857 (2025 TOAs)

WARNING: Using tempo RNAMP parameter: setting TNRedC to 100!
✓ Loaded J1802-2124 (6796 TOAs)
✓ Loaded J1811-2405 (5266 TOAs)
✓ Loaded J1832-0836 (7739 TOAs)
✓ Loaded J1843-1113 (4595 TOAs)

WARNING: Using tempo RNAMP parameter: setting TNRedC to 100!
✓ Loaded J1853+1303 (4570 TOAs)

WARNING: Using tempo RNAMP parameter: setting TNRedC to 100!
✓ Loaded J1903+0327 (6856 TOAs)

WARNING: Using tempo RNAMP parameter: setting TNRedC to 100!
✓ Loaded J1903+0327ao (6423 TOAs)

WARNING: Using tempo RNAMP parameter: setting TNRedC to 100!
✓ Loaded J1909-3744 (35037 TOAs)

WARNING: Using tempo RNAMP parameter: setting TNRedC to 100!
✓ Loaded J1909-3744gbt (31526 TOAs)
✓ Loaded J1910+1256 (6486 TOAs)
✓ Loaded J1911+1347 (3786 TOAs)
✓ Loaded J1918-0642 (18875 TOAs)
✓ Loaded J1923+2515 (3974 TOAs)
✓ Loaded J1944+0907 (5328 TOAs)

WARNING: Using tempo RNAMP parameter: setting TNRedC to 100!
✓ Loaded J1946+3417 (4743 TOAs)
✓ Loaded J2010-1323 (17077 TOAs)
✓ Loaded J2017+0603 (3512 TOAs)
✓ Loaded J2033+1734 (3847 TOAs)
✓ Loaded J2043+1711 (7397 TOAs)
✓ Loaded J2124-3358 (4982 TOAs)

WARNING: Using tempo RNAMP parameter: setting TNRedC to 100!
✓ Loaded J2145-0750 (18675 TOAs)
✓ Loaded J2214+3000 (7406 TOAs)
✓ Loaded J2229+2643 (3711 TOAs)

WARNING: Using tempo RNAMP parameter: setting TNRedC to 100!
✓ Loaded J2234+0611 (3566 TOAs)
✓ Loaded J2234+0944 (7535 TOAs)
✓ Loaded J2302+4442 (10211 TOAs)
✓ Loaded J2317+1439 (13927 TOAs)
✓ Loaded J2322+2057 (3088 TOAs)
⚠ Could not save cache: no default __reduce__ due to non-trivial __cinit__

✓ Loaded 76 pulsars
✗ Failed: 0 — []
[MEM] After loading pulsars: 8873.1 MB

🔍 Filtering pulsars...

Filtered: 76 → 67 pulsars
[MEM] After filtering pulsars: 8876.1 MB
[MEM] After garbage collection: 8876.3 MB

======================================================================
SMBHB POPULATION ANALYSIS
======================================================================

Configuration: pessimistic
  Lower mass, lower spread in distance, large population
  N_binaries: 10000000

======================================================================
CONSISTENT POPULATION SYNTHESIS
======================================================================

======================================================================
GENERATING SNR-CONSISTENT POPULATIONS
======================================================================
Target SNR:          4.0
Simulations:         1
======================================================================


──────────────────────────────────────────────────────────────────────
SIMULATION 1/1
──────────────────────────────────────────────────────────────────────
  [B1855+09] zeroing residuals...
  [B1855+09] adding red noise...
  [B1855+09] white noise for L-wide_ASP (1178 TOAs)...
  [B1855+09] white noise for 430_PUPPI (1185 TOAs)...
  [B1855+09] white noise for L-wide_PUPPI (5005 TOAs)...
  [B1855+09] white noise for 430_ASP (390 TOAs)...
  [B1937+21] zeroing residuals...
  [B1937+21] adding red noise...
  [B1937+21] white noise for L-wide_ASP (452 TOAs)...
  [B1937+21] white noise for Rcvr1_2_GUPPI (7048 TOAs)...
  [B1937+21] white noise for S-wide_ASP (344 TOAs)...
  [B1937+21] white noise for Rcvr_800_GASP (586 TOAs)...
  [B1937+21] white noise for L-wide_PUPPI (4133 TOAs)...
  [B1937+21] white noise for S-wide_PUPPI (2251 TOAs)...
  [B1937+21] white noise for Rcvr_800_GUPPI (7140 TOAs)...
  [B1937+21] white noise for Rcvr1_2_GASP (1069 TOAs)...
  [B1953+29] zeroing residuals...
  [B1953+29] adding red noise...
  [B1953+29] white noise for L-wide_ASP (94 TOAs)...
  [B1953+29] white noise for S-wide_ASP (25 TOAs)...
  [B1953+29] white noise for 430_PUPPI (941 TOAs)...
  [B1953+29] white noise for L-wide_PUPPI (4037 TOAs)...
  [B1953+29] white noise for 430_ASP (29 TOAs)...
  [J0023+0923] zeroing residuals...
  [J0023+0923] adding red noise...
  [J0023+0923] white noise for L-wide_ASP (119 TOAs)...
  [J0023+0923] white noise for 430_PUPPI (4564 TOAs)...
  [J0023+0923] white noise for L-wide_PUPPI (11123 TOAs)...
  [J0023+0923] white noise for 430_ASP (90 TOAs)...
  [J0030+0451] zeroing residuals...
  [J0030+0451] adding red noise...
  [J0030+0451] white noise for L-wide_ASP (789 TOAs)...
  [J0030+0451] white noise for 430_PUPPI (3068 TOAs)...
  [J0030+0451] white noise for L-wide_PUPPI (12774 TOAs)...
  [J0030+0451] white noise for S-wide_PUPPI (2673 TOAs)...
  [J0030+0451] white noise for 430_ASP (267 TOAs)...
  [J0340+4130] zeroing residuals...
  [J0340+4130] adding red noise...
  [J0340+4130] white noise for Rcvr1_2_GUPPI (5037 TOAs)...
  [J0340+4130] white noise for Rcvr_800_GUPPI (6056 TOAs)...
  [J0406+3039] zeroing residuals...
  [J0406+3039] adding red noise...
  [J0406+3039] white noise for S-wide_PUPPI (575 TOAs)...
  [J0406+3039] white noise for L-wide_PUPPI (1871 TOAs)...
  [J0437-4715] zeroing residuals...
  [J0437-4715] adding red noise...
  [J0437-4715] white noise for 1.5GHz_YUPPI (2134 TOAs)...
  [J0437-4715] white noise for 3GHz_YUPPI (3696 TOAs)...
  [J0509+0856] zeroing residuals...
  [J0509+0856] adding red noise...
  [J0509+0856] white noise for S-wide_PUPPI (544 TOAs)...
  [J0509+0856] white noise for L-wide_PUPPI (1625 TOAs)...
  [J0557+1551] zeroing residuals...
  [J0557+1551] adding red noise...
  [J0557+1551] white noise for S-wide_PUPPI (58 TOAs)...
  [J0557+1551] white noise for L-wide_PUPPI (467 TOAs)...
  [J0605+3757] zeroing residuals...
  [J0605+3757] adding red noise...
  [J0605+3757] white noise for Rcvr1_2_GUPPI (318 TOAs)...
  [J0605+3757] white noise for Rcvr_800_GUPPI (236 TOAs)...
  [J0610-2100] zeroing residuals...
  [J0610-2100] adding red noise...
  [J0610-2100] white noise for Rcvr1_2_GUPPI (2401 TOAs)...
  [J0610-2100] white noise for Rcvr_800_GUPPI (2484 TOAs)...
  [J0613-0200] zeroing residuals...
  [J0613-0200] adding red noise...
  [J0613-0200] white noise for Rcvr1_2_GASP (992 TOAs)...
  [J0613-0200] white noise for Rcvr1_2_GUPPI (7423 TOAs)...
  [J0613-0200] white noise for Rcvr_800_GUPPI (7900 TOAs)...
  [J0613-0200] white noise for Rcvr_800_GASP (809 TOAs)...
  [J0636+5128] zeroing residuals...
  [J0636+5128] adding red noise...
  [J0636+5128] white noise for Rcvr1_2_GUPPI (14803 TOAs)...
  [J0636+5128] white noise for Rcvr_800_GUPPI (17419 TOAs)...
  [J0645+5158] zeroing residuals...
  [J0645+5158] adding red noise...
  [J0645+5158] white noise for Rcvr1_2_GUPPI (5721 TOAs)...
  [J0645+5158] white noise for Rcvr_800_GUPPI (4682 TOAs)...
  [J0709+0458] zeroing residuals...
  [J0709+0458] adding red noise...
  [J0709+0458] white noise for S-wide_PUPPI (595 TOAs)...
  [J0709+0458] white noise for L-wide_PUPPI (2435 TOAs)...
  [J0740+6620] zeroing residuals...
  [J0740+6620] adding red noise...
  [J0740+6620] white noise for Rcvr1_2_GUPPI (8265 TOAs)...
  [J0740+6620] white noise for Rcvr_800_GUPPI (5136 TOAs)...
  [J0931-1902] zeroing residuals...
  [J0931-1902] adding red noise...
  [J0931-1902] white noise for Rcvr1_2_GUPPI (2054 TOAs)...
  [J0931-1902] white noise for Rcvr_800_GUPPI (3419 TOAs)...
  [J1012+5307] zeroing residuals...
  [J1012+5307] adding red noise...
  [J1012+5307] white noise for Rcvr1_2_GASP (1479 TOAs)...
  [J1012+5307] white noise for Rcvr1_2_GUPPI (12849 TOAs)...
  [J1012+5307] white noise for Rcvr_800_GUPPI (10299 TOAs)...
  [J1012+5307] white noise for Rcvr_800_GASP (1210 TOAs)...
  [J1012-4235] zeroing residuals...
  [J1012-4235] adding red noise...
  [J1012-4235] white noise for Rcvr1_2_GUPPI (455 TOAs)...
  [J1012-4235] white noise for Rcvr_800_GUPPI (342 TOAs)...
  [J1022+1001] zeroing residuals...
  [J1022+1001] adding red noise...
  [J1022+1001] white noise for S-wide_PUPPI (1154 TOAs)...
  [J1022+1001] white noise for 430_PUPPI (232 TOAs)...
  [J1022+1001] white noise for L-wide_PUPPI (2592 TOAs)...
  [J1024-0719] zeroing residuals...
  [J1024-0719] adding red noise...
  [J1024-0719] white noise for Rcvr1_2_GASP (43 TOAs)...
  [J1024-0719] white noise for Rcvr1_2_GUPPI (7086 TOAs)...
  [J1024-0719] white noise for Rcvr_800_GUPPI (5455 TOAs)...
  [J1024-0719] white noise for Rcvr_800_GASP (51 TOAs)...
  [J1125+7819] zeroing residuals...
  [J1125+7819] adding red noise...
  [J1125+7819] white noise for Rcvr1_2_GUPPI (4016 TOAs)...
  [J1125+7819] white noise for Rcvr_800_GUPPI (4707 TOAs)...
  [J1312+0051] zeroing residuals...
  [J1312+0051] adding red noise...
  [J1312+0051] white noise for S-wide_PUPPI (416 TOAs)...
  [J1312+0051] white noise for L-wide_PUPPI (1289 TOAs)...
  [J1453+1902] zeroing residuals...
  [J1453+1902] adding red noise...
  [J1453+1902] white noise for S-wide_PUPPI (4 TOAs)...
  [J1453+1902] white noise for 430_PUPPI (425 TOAs)...
  [J1453+1902] white noise for L-wide_PUPPI (2122 TOAs)...
  [J1455-3330] zeroing residuals...
  [J1455-3330] adding red noise...
  [J1455-3330] white noise for Rcvr1_2_GASP (564 TOAs)...
  [J1455-3330] white noise for Rcvr1_2_GUPPI (4932 TOAs)...
  [J1455-3330] white noise for Rcvr_800_GUPPI (4843 TOAs)...
  [J1455-3330] white noise for Rcvr_800_GASP (479 TOAs)...
  [J1600-3053] zeroing residuals...
  [J1600-3053] adding red noise...
  [J1600-3053] white noise for Rcvr1_2_GUPPI (10168 TOAs)...
  [J1600-3053] white noise for 3GHz_YUPPI (3237 TOAs)...
  [J1600-3053] white noise for Rcvr_800_GASP (297 TOAs)...
  [J1600-3053] white noise for Rcvr_800_GUPPI (8796 TOAs)...
  [J1600-3053] white noise for Rcvr1_2_GASP (457 TOAs)...
  [J1614-2230] zeroing residuals...
  [J1614-2230] adding red noise...
  [J1614-2230] white noise for Rcvr1_2_GASP (84 TOAs)...
  [J1614-2230] white noise for Rcvr1_2_GUPPI (10509 TOAs)...
  [J1614-2230] white noise for Rcvr_800_GUPPI (7768 TOAs)...
  [J1614-2230] white noise for Rcvr_800_GASP (84 TOAs)...
  [J1630+3734] zeroing residuals...
  [J1630+3734] adding red noise...
  [J1630+3734] white noise for Rcvr1_2_GUPPI (909 TOAs)...
  [J1630+3734] white noise for Rcvr_800_GUPPI (906 TOAs)...
  [J1640+2224] zeroing residuals...
  [J1640+2224] adding red noise...
  [J1640+2224] white noise for L-wide_ASP (722 TOAs)...
  [J1640+2224] white noise for 430_PUPPI (3157 TOAs)...
  [J1640+2224] white noise for L-wide_PUPPI (9847 TOAs)...
  [J1640+2224] white noise for 430_ASP (340 TOAs)...
  [J1643-1224] zeroing residuals...
  [J1643-1224] adding red noise...
  [J1643-1224] white noise for Rcvr1_2_GUPPI (8803 TOAs)...
  [J1643-1224] white noise for 3GHz_YUPPI (4215 TOAs)...
  [J1643-1224] white noise for Rcvr_800_GASP (559 TOAs)...
  [J1643-1224] white noise for Rcvr_800_GUPPI (7734 TOAs)...
  [J1643-1224] white noise for Rcvr1_2_GASP (833 TOAs)...
  [J1705-1903] zeroing residuals...
  [J1705-1903] adding red noise...
  [J1705-1903] white noise for Rcvr1_2_GUPPI (6350 TOAs)...
  [J1705-1903] white noise for Rcvr_800_GUPPI (3521 TOAs)...
  [J1713+0747] zeroing residuals...
  [J1713+0747] adding red noise...
  [J1713+0747] white noise for L-wide_ASP (843 TOAs)...
  [J1713+0747] white noise for Rcvr1_2_GUPPI (22334 TOAs)...
  [J1713+0747] white noise for 3GHz_YUPPI (3282 TOAs)...
  [J1713+0747] white noise for S-wide_ASP (624 TOAs)...
  [J1713+0747] white noise for Rcvr_800_GASP (1032 TOAs)...
  [J1713+0747] white noise for L-wide_PUPPI (12743 TOAs)...
  [J1713+0747] white noise for S-wide_PUPPI (7482 TOAs)...
  [J1713+0747] white noise for 1.5GHz_YUPPI (1461 TOAs)...
  [J1713+0747] white noise for Rcvr_800_GUPPI (8479 TOAs)...
  [J1713+0747] white noise for Rcvr1_2_GASP (1109 TOAs)...
  [J1719-1438] zeroing residuals...
  [J1719-1438] adding red noise...
  [J1719-1438] white noise for Rcvr1_2_GUPPI (2722 TOAs)...
  [J1719-1438] white noise for Rcvr_800_GUPPI (3634 TOAs)...
  [J1730-2304] zeroing residuals...
  [J1730-2304] adding red noise...
  [J1730-2304] white noise for Rcvr1_2_GUPPI (2367 TOAs)...
  [J1730-2304] white noise for Rcvr_800_GUPPI (2503 TOAs)...
  [J1738+0333] zeroing residuals...
  [J1738+0333] adding red noise...
  [J1738+0333] white noise for S-wide_PUPPI (1737 TOAs)...
  [J1738+0333] white noise for L-wide_ASP (201 TOAs)...
  [J1738+0333] white noise for L-wide_PUPPI (6718 TOAs)...
  [J1738+0333] white noise for S-wide_ASP (134 TOAs)...
  [J1741+1351] zeroing residuals...
  [J1741+1351] adding red noise...
  [J1741+1351] white noise for L-wide_ASP (236 TOAs)...
  [J1741+1351] white noise for S-wide_ASP (115 TOAs)...
  [J1741+1351] white noise for 430_PUPPI (1159 TOAs)...
  [J1741+1351] white noise for L-wide_PUPPI (4045 TOAs)...
  [J1741+1351] white noise for 430_ASP (27 TOAs)...
  [J1744-1134] zeroing residuals...
  [J1744-1134] adding red noise...
  [J1744-1134] white noise for Rcvr1_2_GASP (807 TOAs)...
  [J1744-1134] white noise for Rcvr1_2_GUPPI (8109 TOAs)...
  [J1744-1134] white noise for Rcvr_800_GUPPI (7899 TOAs)...
  [J1744-1134] white noise for Rcvr_800_GASP (930 TOAs)...
  [J1745+1017] zeroing residuals...
  [J1745+1017] adding red noise...
  [J1745+1017] white noise for S-wide_PUPPI (838 TOAs)...
  [J1745+1017] white noise for L-wide_PUPPI (2179 TOAs)...
  [J1747-4036] zeroing residuals...
  [J1747-4036] adding red noise...
  [J1747-4036] white noise for Rcvr1_2_GUPPI (5239 TOAs)...
  [J1747-4036] white noise for Rcvr_800_GUPPI (5816 TOAs)...
  [J1751-2857] zeroing residuals...
  [J1751-2857] adding red noise...
  [J1751-2857] white noise for Rcvr1_2_GUPPI (1786 TOAs)...
  [J1751-2857] white noise for Rcvr_800_GUPPI (239 TOAs)...
  [J1802-2124] zeroing residuals...
  [J1802-2124] adding red noise...
  [J1802-2124] white noise for Rcvr1_2_GUPPI (3231 TOAs)...
  [J1802-2124] white noise for Rcvr_800_GUPPI (3565 TOAs)...
  [J1811-2405] zeroing residuals...
  [J1811-2405] adding red noise...
  [J1811-2405] white noise for Rcvr1_2_GUPPI (2638 TOAs)...
  [J1811-2405] white noise for Rcvr_800_GUPPI (2628 TOAs)...
  [J1832-0836] zeroing residuals...
  [J1832-0836] adding red noise...
  [J1832-0836] white noise for Rcvr1_2_GUPPI (4661 TOAs)...
  [J1832-0836] white noise for Rcvr_800_GUPPI (3078 TOAs)...
  [J1843-1113] zeroing residuals...
  [J1843-1113] adding red noise...
  [J1843-1113] white noise for Rcvr1_2_GUPPI (2394 TOAs)...
  [J1843-1113] white noise for Rcvr_800_GUPPI (2201 TOAs)...
  [J1853+1303] zeroing residuals...
  [J1853+1303] adding red noise...
  [J1853+1303] white noise for L-wide_ASP (33 TOAs)...
  [J1853+1303] white noise for 430_PUPPI (1151 TOAs)...
  [J1853+1303] white noise for L-wide_PUPPI (3362 TOAs)...
  [J1853+1303] white noise for 430_ASP (24 TOAs)...
  [J1903+0327] zeroing residuals...
  [J1903+0327] adding red noise...
  [J1903+0327] white noise for L-wide_ASP (139 TOAs)...
  [J1903+0327] white noise for 3GHz_YUPPI (439 TOAs)...
  [J1903+0327] white noise for S-wide_ASP (151 TOAs)...
  [J1903+0327] white noise for L-wide_PUPPI (3845 TOAs)...
  [J1903+0327] white noise for S-wide_PUPPI (2282 TOAs)...
  [J1909-3744] zeroing residuals...
  [J1909-3744] adding red noise...
  [J1909-3744] white noise for Rcvr1_2_GUPPI (20439 TOAs)...
  [J1909-3744] white noise for 3GHz_YUPPI (3525 TOAs)...
  [J1909-3744] white noise for Rcvr_800_GASP (866 TOAs)...
  [J1909-3744] white noise for Rcvr_800_GUPPI (9399 TOAs)...
  [J1909-3744] white noise for Rcvr1_2_GASP (808 TOAs)...
  [J1910+1256] zeroing residuals...
  [J1910+1256] adding red noise...
  [J1910+1256] white noise for S-wide_PUPPI (1857 TOAs)...
  [J1910+1256] white noise for L-wide_ASP (297 TOAs)...
  [J1910+1256] white noise for L-wide_PUPPI (4124 TOAs)...
  [J1910+1256] white noise for S-wide_ASP (208 TOAs)...
  [J1911+1347] zeroing residuals...
  [J1911+1347] adding red noise...
  [J1911+1347] white noise for 430_PUPPI (753 TOAs)...
  [J1911+1347] white noise for L-wide_PUPPI (3033 TOAs)...
  [J1918-0642] zeroing residuals...
  [J1918-0642] adding red noise...
  [J1918-0642] white noise for Rcvr1_2_GASP (778 TOAs)...
  [J1918-0642] white noise for Rcvr1_2_GUPPI (8910 TOAs)...
  [J1918-0642] white noise for Rcvr_800_GUPPI (8352 TOAs)...
  [J1918-0642] white noise for Rcvr_800_GASP (835 TOAs)...
  [J1923+2515] zeroing residuals...
  [J1923+2515] adding red noise...
  [J1923+2515] white noise for L-wide_ASP (14 TOAs)...
  [J1923+2515] white noise for 430_PUPPI (922 TOAs)...
  [J1923+2515] white noise for L-wide_PUPPI (3028 TOAs)...
  [J1923+2515] white noise for 430_ASP (10 TOAs)...
  [J1944+0907] zeroing residuals...
  [J1944+0907] adding red noise...
  [J1944+0907] white noise for L-wide_ASP (257 TOAs)...
  [J1944+0907] white noise for S-wide_ASP (116 TOAs)...
  [J1944+0907] white noise for 430_PUPPI (1017 TOAs)...
  [J1944+0907] white noise for L-wide_PUPPI (3900 TOAs)...
  [J1944+0907] white noise for 430_ASP (38 TOAs)...
  [J1946+3417] zeroing residuals...
  [J1946+3417] adding red noise...
  [J1946+3417] white noise for S-wide_PUPPI (1546 TOAs)...
  [J1946+3417] white noise for L-wide_PUPPI (3197 TOAs)...
  [J2010-1323] zeroing residuals...
  [J2010-1323] adding red noise...
  [J2010-1323] white noise for Rcvr1_2_GASP (70 TOAs)...
  [J2010-1323] white noise for Rcvr1_2_GUPPI (7779 TOAs)...
  [J2010-1323] white noise for Rcvr_800_GUPPI (9158 TOAs)...
  [J2010-1323] white noise for Rcvr_800_GASP (70 TOAs)...
  [J2017+0603] zeroing residuals...
  [J2017+0603] adding red noise...
  [J2017+0603] white noise for S-wide_PUPPI (849 TOAs)...
  [J2017+0603] white noise for L-wide_ASP (16 TOAs)...
  [J2017+0603] white noise for 430_PUPPI (78 TOAs)...
  [J2017+0603] white noise for L-wide_PUPPI (2569 TOAs)...
  [J2033+1734] zeroing residuals...
  [J2033+1734] adding red noise...
  [J2033+1734] white noise for 430_PUPPI (797 TOAs)...
  [J2033+1734] white noise for L-wide_PUPPI (3050 TOAs)...
  [J2043+1711] zeroing residuals...
  [J2043+1711] adding red noise...
  [J2043+1711] white noise for L-wide_ASP (40 TOAs)...
  [J2043+1711] white noise for 430_PUPPI (2908 TOAs)...
  [J2043+1711] white noise for L-wide_PUPPI (4419 TOAs)...
  [J2043+1711] white noise for 430_ASP (30 TOAs)...
  [J2124-3358] zeroing residuals...
  [J2124-3358] adding red noise...
  [J2124-3358] white noise for Rcvr1_2_GUPPI (2957 TOAs)...
  [J2124-3358] white noise for Rcvr_800_GUPPI (2025 TOAs)...
  [J2145-0750] zeroing residuals...
  [J2145-0750] adding red noise...
  [J2145-0750] white noise for Rcvr1_2_GASP (427 TOAs)...
  [J2145-0750] white noise for Rcvr1_2_GUPPI (9158 TOAs)...
  [J2145-0750] white noise for Rcvr_800_GUPPI (8728 TOAs)...
  [J2145-0750] white noise for Rcvr_800_GASP (362 TOAs)...
  [J2214+3000] zeroing residuals...
  [J2214+3000] adding red noise...
  [J2214+3000] white noise for S-wide_PUPPI (1568 TOAs)...
  [J2214+3000] white noise for L-wide_ASP (9 TOAs)...
  [J2214+3000] white noise for L-wide_PUPPI (5829 TOAs)...
  [J2229+2643] zeroing residuals...
  [J2229+2643] adding red noise...
  [J2229+2643] white noise for 430_PUPPI (956 TOAs)...
  [J2229+2643] white noise for L-wide_PUPPI (2755 TOAs)...
  [J2234+0611] zeroing residuals...
  [J2234+0611] adding red noise...
  [J2234+0611] white noise for 430_PUPPI (653 TOAs)...
  [J2234+0611] white noise for L-wide_PUPPI (2913 TOAs)...
  [J2234+0944] zeroing residuals...
  [J2234+0944] adding red noise...
  [J2234+0944] white noise for S-wide_PUPPI (2532 TOAs)...
  [J2234+0944] white noise for L-wide_PUPPI (5003 TOAs)...
  [J2302+4442] zeroing residuals...
  [J2302+4442] adding red noise...
  [J2302+4442] white noise for Rcvr1_2_GUPPI (3779 TOAs)...
  [J2302+4442] white noise for Rcvr_800_GUPPI (6432 TOAs)...
  [J2317+1439] zeroing residuals...
  [J2317+1439] adding red noise...
  [J2317+1439] white noise for L-wide_PUPPI (9563 TOAs)...
  [J2317+1439] white noise for 430_PUPPI (3217 TOAs)...
  [J2317+1439] white noise for 327_PUPPI (276 TOAs)...
  [J2317+1439] white noise for 327_ASP (413 TOAs)...
  [J2317+1439] white noise for 430_ASP (458 TOAs)...
  [J2322+2057] zeroing residuals...
  [J2322+2057] adding red noise...
  [J2322+2057] white noise for S-wide_PUPPI (140 TOAs)...
  [J2322+2057] white noise for 430_PUPPI (752 TOAs)...
  [J2322+2057] white noise for L-wide_PUPPI (2196 TOAs)...
Resetting pulsars to clean stoas...
Restore: 0.00 s
Inject: 0.00 s
Snapshotting into enterprise Pulsar objects...
Building PTA...
PTA build: 398.37 s
Computing optimal statistic...
OS time: 41.34 s
Total: 439.72 s
Noise-only SNR baseline: 0.4359

Generating SNR-consistent population...
Target SNR: 4.0
Resetting pulsars to clean stoas...
Restore: 0.00 s
Injecting population...
  B1855+09: RMS = 993.133 ns
  B1937+21: RMS = 1790.488 ns
  B1953+29: RMS = 2619.876 ns
  J0023+0923: RMS = 2095.956 ns
  J0030+0451: RMS = 983.367 ns
  J0340+4130: RMS = 664.477 ns
  J0406+3039: RMS = 302.439 ns
  J0437-4715: RMS = 1654.430 ns
  J0509+0856: RMS = 257.460 ns
  J0557+1551: RMS = 1245.366 ns
  J0605+3757: RMS = 905.488 ns
  J0610-2100: RMS = 1081.229 ns
  J0613-0200: RMS = 2509.034 ns
  J0636+5128: RMS = 605.310 ns
  J0645+5158: RMS = 703.297 ns
  J0709+0458: RMS = 1667.157 ns
  J0740+6620: RMS = 637.696 ns
  J0931-1902: RMS = 1463.461 ns
  J1012+5307: RMS = 3050.376 ns
  J1012-4235: RMS = 970.503 ns
  J1022+1001: RMS = 1326.194 ns
  J1024-0719: RMS = 1035.286 ns
  J1125+7819: RMS = 795.897 ns
  J1312+0051: RMS = 1258.319 ns
  J1453+1902: RMS = 950.150 ns
  J1455-3330: RMS = 734.140 ns
  J1600-3053: RMS = 1024.669 ns
  J1614-2230: RMS = 1052.465 ns
  J1630+3734: RMS = 1224.764 ns
  J1640+2224: RMS = 1259.042 ns
  J1643-1224: RMS = 1862.225 ns
  J1705-1903: RMS = 766.124 ns
  J1713+0747: RMS = 667.417 ns
  J1719-1438: RMS = 831.098 ns
  J1730-2304: RMS = 371.009 ns
  J1738+0333: RMS = 1005.817 ns
  J1741+1351: RMS = 1025.802 ns
  J1744-1134: RMS = 2608.831 ns
  J1745+1017: RMS = 551.469 ns
  J1747-4036: RMS = 593.406 ns
  J1751-2857: RMS = 369.750 ns
  J1802-2124: RMS = 366.696 ns
  J1811-2405: RMS = 277.868 ns
  J1832-0836: RMS = 521.655 ns
  J1843-1113: RMS = 478.936 ns
  J1853+1303: RMS = 1546.215 ns
  J1903+0327: RMS = 877.161 ns
  J1909-3744: RMS = 1519.826 ns
  J1910+1256: RMS = 1394.301 ns
  J1911+1347: RMS = 1250.747 ns
  J1918-0642: RMS = 1091.551 ns
  J1923+2515: RMS = 1782.153 ns
  J1944+0907: RMS = 1961.661 ns
  J1946+3417: RMS = 903.323 ns
  J2010-1323: RMS = 1773.631 ns
  J2017+0603: RMS = 2024.746 ns
  J2033+1734: RMS = 867.724 ns
  J2043+1711: RMS = 2822.325 ns
  J2124-3358: RMS = 453.321 ns
  J2145-0750: RMS = 2706.633 ns
  J2214+3000: RMS = 2851.594 ns
  J2229+2643: RMS = 1689.060 ns
  J2234+0611: RMS = 2100.935 ns
  J2234+0944: RMS = 1807.085 ns
  J2302+4442: RMS = 1071.088 ns
  J2317+1439: RMS = 2795.144 ns
  J2322+2057: RMS = 400.250 ns
Inject: 142.81 s
Snapshotting into enterprise Pulsar objects...
Building PTA...
PTA build: 395.80 s
Computing optimal statistic...
OS time: 41.70 s
Total: 580.31 s
Initial SNR: 12.1945, Target SNR: 4.0000
  Initial SNR 12.1945 outside of provided SNR_range [3.5, 4.25] — rescaling.
Scaling distances by factor 1.8164 to achieve target SNR...
Resetting pulsars to clean stoas...
Restore: 0.00 s
Injecting population...
  B1855+09: RMS = 546.773 ns
  B1937+21: RMS = 985.760 ns
  B1953+29: RMS = 1442.382 ns
  J0023+0923: RMS = 1153.936 ns
  J0030+0451: RMS = 541.396 ns
  J0340+4130: RMS = 365.830 ns
  J0406+3039: RMS = 166.509 ns
  J0437-4715: RMS = 910.852 ns
  J0509+0856: RMS = 141.746 ns
  J0557+1551: RMS = 685.640 ns
  J0605+3757: RMS = 498.520 ns
  J0610-2100: RMS = 595.275 ns
  J0613-0200: RMS = 1381.358 ns
  J0636+5128: RMS = 333.255 ns
  J0645+5158: RMS = 387.203 ns
  J0709+0458: RMS = 917.859 ns
  J0740+6620: RMS = 351.086 ns
  J0931-1902: RMS = 805.714 ns
  J1012+5307: RMS = 1679.395 ns
  J1012-4235: RMS = 534.314 ns
  J1022+1001: RMS = 730.141 ns
  J1024-0719: RMS = 569.980 ns
  J1125+7819: RMS = 438.184 ns
  J1312+0051: RMS = 692.772 ns
  J1453+1902: RMS = 523.109 ns
  J1455-3330: RMS = 404.183 ns
  J1600-3053: RMS = 564.135 ns
  J1614-2230: RMS = 579.438 ns
  J1630+3734: RMS = 674.298 ns
  J1640+2224: RMS = 693.170 ns
  J1643-1224: RMS = 1025.255 ns
  J1705-1903: RMS = 421.792 ns
  J1713+0747: RMS = 367.449 ns
  J1719-1438: RMS = 457.564 ns
  J1730-2304: RMS = 204.261 ns
  J1738+0333: RMS = 553.756 ns
  J1741+1351: RMS = 564.759 ns
  J1744-1134: RMS = 1436.301 ns
  J1745+1017: RMS = 303.613 ns
  J1747-4036: RMS = 326.702 ns
  J1751-2857: RMS = 203.567 ns
  J1802-2124: RMS = 201.886 ns
  J1811-2405: RMS = 152.981 ns
  J1832-0836: RMS = 287.199 ns
  J1843-1113: RMS = 263.680 ns
  J1853+1303: RMS = 851.274 ns
  J1903+0327: RMS = 482.924 ns
  J1909-3744: RMS = 836.746 ns
  J1910+1256: RMS = 767.638 ns
  J1911+1347: RMS = 688.603 ns
  J1918-0642: RMS = 600.957 ns
  J1923+2515: RMS = 981.171 ns
  J1944+0907: RMS = 1080.000 ns
  J1946+3417: RMS = 497.327 ns
  J2010-1323: RMS = 976.479 ns
  J2017+0603: RMS = 1114.731 ns
  J2033+1734: RMS = 477.728 ns
  J2043+1711: RMS = 1553.841 ns
  J2124-3358: RMS = 249.577 ns
  J2145-0750: RMS = 1490.146 ns
  J2214+3000: RMS = 1569.955 ns
  J2229+2643: RMS = 929.918 ns
  J2234+0611: RMS = 1156.677 ns
  J2234+0944: RMS = 994.897 ns
  J2302+4442: RMS = 589.691 ns
  J2317+1439: RMS = 1538.877 ns
  J2322+2057: RMS = 220.359 ns
Inject: 162.43 s
Snapshotting into enterprise Pulsar objects...
Building PTA...
PTA build: 397.88 s
Computing optimal statistic...
OS time: 41.51 s
Total: 601.82 s
  SNR 2.7266 outside of provided SNR_range [3.5, 4.25] — rescaling.
[Iteration 1/4] SNR after scaling: 2.7266 (target: 4.0000)
  SNR history: it0→12.1945@1.0000x, it1→2.7266@1.8164x
  Re-scaling distances by factor 0.7420  (cumulative after: 1.3477×)
Resetting pulsars to clean stoas...
Restore: 0.00 s
Injecting population...
  B1855+09: RMS = 736.898 ns
  B1937+21: RMS = 1328.530 ns
  B1953+29: RMS = 1943.930 ns
  J0023+0923: RMS = 1555.185 ns
  J0030+0451: RMS = 729.652 ns
  J0340+4130: RMS = 493.037 ns
  J0406+3039: RMS = 224.407 ns
  J0437-4715: RMS = 1227.575 ns
  J0509+0856: RMS = 191.034 ns
  J0557+1551: RMS = 924.053 ns
  J0605+3757: RMS = 671.866 ns
  J0610-2100: RMS = 802.264 ns
  J0613-0200: RMS = 1861.685 ns
  J0636+5128: RMS = 449.136 ns
  J0645+5158: RMS = 521.841 ns
  J0709+0458: RMS = 1237.019 ns
  J0740+6620: RMS = 473.166 ns
  J0931-1902: RMS = 1085.878 ns
  J1012+5307: RMS = 2263.357 ns
  J1012-4235: RMS = 720.107 ns
  J1022+1001: RMS = 984.027 ns
  J1024-0719: RMS = 768.175 ns
  J1125+7819: RMS = 590.550 ns
  J1312+0051: RMS = 933.664 ns
  J1453+1902: RMS = 705.005 ns
  J1455-3330: RMS = 544.727 ns
  J1600-3053: RMS = 760.298 ns
  J1614-2230: RMS = 780.922 ns
  J1630+3734: RMS = 908.766 ns
  J1640+2224: RMS = 934.200 ns
  J1643-1224: RMS = 1381.758 ns
  J1705-1903: RMS = 568.458 ns
  J1713+0747: RMS = 495.219 ns
  J1719-1438: RMS = 616.669 ns
  J1730-2304: RMS = 275.286 ns
  J1738+0333: RMS = 746.309 ns
  J1741+1351: RMS = 761.138 ns
  J1744-1134: RMS = 1935.734 ns
  J1745+1017: RMS = 409.186 ns
  J1747-4036: RMS = 440.303 ns
  J1751-2857: RMS = 274.352 ns
  J1802-2124: RMS = 272.086 ns
  J1811-2405: RMS = 206.176 ns
  J1832-0836: RMS = 387.064 ns
  J1843-1113: RMS = 355.367 ns
  J1853+1303: RMS = 1147.281 ns
  J1903+0327: RMS = 650.847 ns
  J1909-3744: RMS = 1127.700 ns
  J1910+1256: RMS = 1034.562 ns
  J1911+1347: RMS = 928.046 ns
  J1918-0642: RMS = 809.923 ns
  J1923+2515: RMS = 1322.345 ns
  J1944+0907: RMS = 1455.539 ns
  J1946+3417: RMS = 670.259 ns
  J2010-1323: RMS = 1316.022 ns
  J2017+0603: RMS = 1502.348 ns
  J2033+1734: RMS = 643.845 ns
  J2043+1711: RMS = 2094.145 ns
  J2124-3358: RMS = 336.361 ns
  J2145-0750: RMS = 2008.302 ns
  J2214+3000: RMS = 2115.863 ns
  J2229+2643: RMS = 1253.270 ns
  J2234+0611: RMS = 1558.879 ns
  J2234+0944: RMS = 1340.844 ns
  J2302+4442: RMS = 794.740 ns
  J2317+1439: RMS = 2073.977 ns
  J2322+2057: RMS = 296.982 ns
Inject: 142.21 s
Snapshotting into enterprise Pulsar objects...
Building PTA...
PTA build: 397.09 s
Computing optimal statistic...
OS time: 41.29 s
Total: 580.60 s
  SNR 5.9246 outside of provided SNR_range [3.5, 4.25] — rescaling.
[Iteration 2/4] SNR after scaling: 5.9246 (target: 4.0000)
  SNR history: it0→12.1945@1.0000x, it1→2.7266@1.8164x, it2→5.9246@1.3477x
  Re-scaling distances by factor 1.1609  (cumulative after: 1.5646×)
Resetting pulsars to clean stoas...
Restore: 0.00 s
Injecting population...
  B1855+09: RMS = 634.756 ns
  B1937+21: RMS = 1144.382 ns
  B1953+29: RMS = 1674.482 ns
  J0023+0923: RMS = 1339.621 ns
  J0030+0451: RMS = 628.515 ns
  J0340+4130: RMS = 424.697 ns
  J0406+3039: RMS = 193.302 ns
  J0437-4715: RMS = 1057.421 ns
  J0509+0856: RMS = 164.555 ns
  J0557+1551: RMS = 795.970 ns
  J0605+3757: RMS = 578.739 ns
  J0610-2100: RMS = 691.063 ns
  J0613-0200: RMS = 1603.638 ns
  J0636+5128: RMS = 386.881 ns
  J0645+5158: RMS = 449.509 ns
  J0709+0458: RMS = 1065.556 ns
  J0740+6620: RMS = 407.580 ns
  J0931-1902: RMS = 935.365 ns
  J1012+5307: RMS = 1949.634 ns
  J1012-4235: RMS = 620.293 ns
  J1022+1001: RMS = 847.631 ns
  J1024-0719: RMS = 661.698 ns
  J1125+7819: RMS = 508.694 ns
  J1312+0051: RMS = 804.249 ns
  J1453+1902: RMS = 607.284 ns
  J1455-3330: RMS = 469.222 ns
  J1600-3053: RMS = 654.913 ns
  J1614-2230: RMS = 672.678 ns
  J1630+3734: RMS = 782.802 ns
  J1640+2224: RMS = 804.711 ns
  J1643-1224: RMS = 1190.232 ns
  J1705-1903: RMS = 489.664 ns
  J1713+0747: RMS = 426.576 ns
  J1719-1438: RMS = 531.193 ns
  J1730-2304: RMS = 237.129 ns
  J1738+0333: RMS = 642.863 ns
  J1741+1351: RMS = 655.636 ns
  J1744-1134: RMS = 1667.422 ns
  J1745+1017: RMS = 352.469 ns
  J1747-4036: RMS = 379.273 ns
  J1751-2857: RMS = 236.324 ns
  J1802-2124: RMS = 234.372 ns
  J1811-2405: RMS = 177.598 ns
  J1832-0836: RMS = 333.413 ns
  J1843-1113: RMS = 306.110 ns
  J1853+1303: RMS = 988.256 ns
  J1903+0327: RMS = 560.633 ns
  J1909-3744: RMS = 971.390 ns
  J1910+1256: RMS = 891.161 ns
  J1911+1347: RMS = 799.409 ns
  J1918-0642: RMS = 697.660 ns
  J1923+2515: RMS = 1139.055 ns
  J1944+0907: RMS = 1253.787 ns
  J1946+3417: RMS = 577.354 ns
  J2010-1323: RMS = 1133.608 ns
  J2017+0603: RMS = 1294.107 ns
  J2033+1734: RMS = 554.602 ns
  J2043+1711: RMS = 1803.876 ns
  J2124-3358: RMS = 289.738 ns
  J2145-0750: RMS = 1729.932 ns
  J2214+3000: RMS = 1822.583 ns
  J2229+2643: RMS = 1079.555 ns
  J2234+0611: RMS = 1342.803 ns
  J2234+0944: RMS = 1154.990 ns
  J2302+4442: RMS = 684.581 ns
  J2317+1439: RMS = 1786.504 ns
  J2322+2057: RMS = 255.818 ns
Inject: 142.25 s
Snapshotting into enterprise Pulsar objects...
Building PTA...
PTA build: 396.84 s
Computing optimal statistic...
OS time: 41.11 s
Total: 580.20 s
  ✓ SNR is within the provided SNR_range: 4.0518 ∈ [3.5, 4.25]

Final SNR history:
  it 0: cumulative_scale=1.0000×  SNR=12.1945
  it 1: cumulative_scale=1.8164×  SNR=2.7266
  it 2: cumulative_scale=1.3477×  SNR=5.9246
  it 3: cumulative_scale=1.5646×  SNR=4.0518
✓ Simulation 1 done (2377.3 s)

======================================================================
ENSEMBLE SUMMARY
======================================================================
Success rate: 100.0% (1/1)

Binaries per population:
  Mean ± std : 10000000 ± 0
  Range      : [10000000, 10000000]

SNR achieved:
  Mean ± std : 4.0518 ± 0.0000
  Range      : [4.0518, 4.0518]

Total time: 2855.0 s (47.6 min)
======================================================================

💾 Saved: data/2026-04-28/pessimistic_run_2/consistent_population_pessimistic_targetSNR4.25_sims1.json
💾 Saved compressed pickle: data/2026-04-28/pessimistic_run_2/consistent_population_pessimistic_targetSNR4.25_sims1.pkl.gz

======================================================================
CONTINUOUS WAVE SNR ANALYSIS
======================================================================

--- Population 1 ---
Precomputation of phiinvs, TNTs, Ts, Nvecs, Sigmas took 0.06 seconds.
Total SNR computation for population took 298.21 seconds.
Top 50 CGW candidates:
   1. proxy_rank=  20  sky_w=1.60  f=1.01e-08 Hz  Mc=5.32e+09 Msun  h0=2.30e-15  SNR=4.960
   2. proxy_rank= 106  sky_w=1.38  f=7.91e-09 Hz  Mc=6.06e+09 Msun  h0=1.34e-15  SNR=2.470
   3. proxy_rank= 918  sky_w=0.96  f=1.22e-08 Hz  Mc=2.90e+09 Msun  h0=1.55e-15  SNR=2.084
   4. proxy_rank= 102  sky_w=1.54  f=5.80e-09 Hz  Mc=3.07e+09 Msun  h0=8.89e-16  SNR=1.473
   5. proxy_rank= 245  sky_w=1.62  f=6.95e-09 Hz  Mc=4.43e+09 Msun  h0=8.02e-16  SNR=1.447
   6. proxy_rank=  63  sky_w=0.51  f=4.52e-09 Hz  Mc=4.93e+09 Msun  h0=2.47e-15  SNR=1.438
   7. proxy_rank= 607  sky_w=1.57  f=7.62e-09 Hz  Mc=4.38e+09 Msun  h0=6.82e-16  SNR=1.401
   8. proxy_rank= 103  sky_w=1.27  f=6.12e-09 Hz  Mc=6.24e+09 Msun  h0=1.13e-15  SNR=1.388
   9. proxy_rank=   3  sky_w=1.16  f=4.95e-09 Hz  Mc=3.31e+09 Msun  h0=2.54e-15  SNR=1.348
  10. proxy_rank=  50  sky_w=1.26  f=5.94e-09 Hz  Mc=2.39e+09 Msun  h0=1.35e-15  SNR=1.297
  11. proxy_rank=   6  sky_w=1.62  f=3.82e-09 Hz  Mc=7.70e+09 Msun  h0=1.09e-15  SNR=1.282
  12. proxy_rank= 381  sky_w=1.62  f=6.64e-09 Hz  Mc=4.59e+09 Msun  h0=6.69e-16  SNR=1.281
  13. proxy_rank= 412  sky_w=1.41  f=7.26e-09 Hz  Mc=4.53e+09 Msun  h0=8.24e-16  SNR=1.240
  14. proxy_rank= 564  sky_w=1.11  f=6.37e-09 Hz  Mc=2.00e+09 Msun  h0=8.28e-16  SNR=1.219
  15. proxy_rank= 928  sky_w=1.47  f=1.10e-08 Hz  Mc=4.34e+09 Msun  h0=9.02e-16  SNR=1.215
  16. proxy_rank=   4  sky_w=1.49  f=3.54e-09 Hz  Mc=1.53e+09 Msun  h0=1.37e-15  SNR=1.190
  17. proxy_rank=  66  sky_w=1.01  f=4.27e-09 Hz  Mc=2.93e+09 Msun  h0=1.15e-15  SNR=1.170
  18. proxy_rank= 714  sky_w=1.24  f=6.67e-09 Hz  Mc=3.58e+09 Msun  h0=7.16e-16  SNR=1.126
  19. proxy_rank=  82  sky_w=1.52  f=4.44e-09 Hz  Mc=4.39e+09 Msun  h0=7.55e-16  SNR=1.068
  20. proxy_rank= 917  sky_w=1.34  f=9.16e-09 Hz  Mc=2.56e+09 Msun  h0=8.29e-16  SNR=1.054
  21. proxy_rank=  15  sky_w=1.54  f=4.64e-09 Hz  Mc=7.55e+09 Msun  h0=1.18e-15  SNR=1.019
  22. proxy_rank=   1  sky_w=1.46  f=1.99e-09 Hz  Mc=1.44e+09 Msun  h0=2.06e-15  SNR=1.010
  23. proxy_rank= 431  sky_w=1.46  f=5.86e-09 Hz  Mc=4.44e+09 Msun  h0=6.31e-16  SNR=0.973
  24. proxy_rank= 129  sky_w=1.61  f=4.79e-09 Hz  Mc=5.14e+09 Msun  h0=6.59e-16  SNR=0.939
  25. proxy_rank= 621  sky_w=0.64  f=6.09e-09 Hz  Mc=3.55e+09 Msun  h0=1.31e-15  SNR=0.920
  26. proxy_rank= 183  sky_w=1.58  f=4.79e-09 Hz  Mc=4.71e+09 Msun  h0=6.12e-16  SNR=0.914
  27. proxy_rank= 311  sky_w=1.04  f=4.92e-09 Hz  Mc=5.73e+09 Msun  h0=8.22e-16  SNR=0.889
  28. proxy_rank= 117  sky_w=1.61  f=4.74e-09 Hz  Mc=4.58e+09 Msun  h0=6.73e-16  SNR=0.880
  29. proxy_rank=  31  sky_w=0.92  f=3.65e-09 Hz  Mc=1.84e+09 Msun  h0=1.30e-15  SNR=0.875
  30. proxy_rank= 996  sky_w=1.07  f=1.26e-08 Hz  Mc=3.37e+09 Msun  h0=1.40e-15  SNR=0.861
  31. proxy_rank= 813  sky_w=1.47  f=8.37e-09 Hz  Mc=4.38e+09 Msun  h0=7.15e-16  SNR=0.842
  32. proxy_rank= 725  sky_w=1.26  f=5.66e-09 Hz  Mc=2.31e+09 Msun  h0=5.96e-16  SNR=0.825
  33. proxy_rank= 177  sky_w=1.30  f=4.50e-09 Hz  Mc=5.44e+09 Msun  h0=7.08e-16  SNR=0.809
  34. proxy_rank= 143  sky_w=1.54  f=4.22e-09 Hz  Mc=5.22e+09 Msun  h0=6.00e-16  SNR=0.795
  35. proxy_rank= 857  sky_w=1.45  f=5.43e-09 Hz  Mc=2.83e+09 Msun  h0=4.62e-16  SNR=0.794
  36. proxy_rank= 154  sky_w=1.50  f=5.19e-09 Hz  Mc=4.84e+09 Msun  h0=7.41e-16  SNR=0.763
  37. proxy_rank= 513  sky_w=1.32  f=5.83e-09 Hz  Mc=4.44e+09 Msun  h0=6.56e-16  SNR=0.763
  38. proxy_rank= 874  sky_w=1.28  f=6.58e-09 Hz  Mc=3.14e+09 Msun  h0=6.31e-16  SNR=0.762
  39. proxy_rank= 932  sky_w=1.57  f=5.24e-09 Hz  Mc=2.60e+09 Msun  h0=4.03e-16  SNR=0.710
  40. proxy_rank= 978  sky_w=1.18  f=5.44e-09 Hz  Mc=2.65e+09 Msun  h0=5.44e-16  SNR=0.702
  41. proxy_rank= 286  sky_w=1.53  f=7.07e-09 Hz  Mc=5.13e+09 Msun  h0=8.21e-16  SNR=0.683
  42. proxy_rank= 229  sky_w=1.46  f=4.78e-09 Hz  Mc=4.05e+09 Msun  h0=6.31e-16  SNR=0.677
  43. proxy_rank= 936  sky_w=1.49  f=8.24e-09 Hz  Mc=3.53e+09 Msun  h0=6.62e-16  SNR=0.661
  44. proxy_rank= 169  sky_w=0.60  f=3.66e-09 Hz  Mc=9.25e+08 Msun  h0=1.27e-15  SNR=0.660
  45. proxy_rank= 986  sky_w=0.94  f=4.83e-09 Hz  Mc=4.45e+09 Msun  h0=6.06e-16  SNR=0.660
  46. proxy_rank=  78  sky_w=0.91  f=3.27e-09 Hz  Mc=2.75e+09 Msun  h0=9.39e-16  SNR=0.647
  47. proxy_rank=  24  sky_w=1.61  f=3.00e-09 Hz  Mc=5.09e+09 Msun  h0=6.47e-16  SNR=0.638
  48. proxy_rank= 323  sky_w=1.29  f=4.17e-09 Hz  Mc=3.13e+09 Msun  h0=5.52e-16  SNR=0.630
  49. proxy_rank= 107  sky_w=1.61  f=3.77e-09 Hz  Mc=3.48e+09 Msun  h0=5.43e-16  SNR=0.630
  50. proxy_rank=  29  sky_w=0.53  f=2.83e-09 Hz  Mc=2.62e+09 Msun  h0=1.78e-15  SNR=0.603
💾 Saved: data/2026-04-28/pessimistic_run_2/consistent_population_pessimistic_targetSNR4.25_sims1.json
💾 Saved compressed pickle: data/2026-04-28/pessimistic_run_2/consistent_population_pessimistic_targetSNR4.25_sims1.pkl.gz
Saved to figures/cgw_analysis_pessimistic.pdf

======================================================================
ANALYSIS COMPLETE
Results saved to: data/2026-04-28/pessimistic_run_2
======================================================================

==========================================
Job finished at: Tue Apr 28 18:02:01 AEST 2026
Exit code: 0
==========================================

+------------------ Job Report: 11717873 (COMPLETED) ------------------+
| Memory (RAM)  [####################] 102.0% (40.8 GB peak / 40 GB)   |
| CPU           [#################   ] 89.7% average                   |
| Time          [--------------->    ] 79.0% (0-00:59:15 / 0-01:15:00) |
|                                                                      |
| Lustre Filesystem:                                                   |
|   Path    Total Read    Total Write    Total IOPS                    |
|   ------  ------------  -------------  ------------                  |
|   /apps   24.9 MB       0 B            436                           |
|   /fred   317.9 MB      6.7 MB         133                           |
|   /home   169.8 MB      0 B            2.7 K                         |
|   OS      0 B           0 B            3                             |
+----------------------------------------------------------------------+
