==========================================
Job ID: 11740974
Job Name: smbhb_pessimistic
Node: gina6
Start Time: Wed Apr 29 15:14:24 AEST 2026
==========================================

/home/bhoulden/.conda/envs/smbhb312/share/tempo2
Working directory: /fred/oz005/users/bhoulden/SMBHB_population_injections

Loaded modules:

Starting SMBHB analysis...
==========================================

📁 Save directory: data/2026-04-29/pessimistic_run_256
📝 Run name: pessimistic_run_256

[MEM] Start: 244.3 MB

📡 Loading pulsars...
======================================================================
LOADING NANOGRAV PULSARS (libstempo)
======================================================================

📦 Loading from cache: nanograv_pulsars_cache.pkl
⚠ Cache load failed: Ran out of input
[DEBUG] Found 76 .par files
[tempo2Util.C:396] Warning: [MISC1] Unknown parameter in par file:  DMDATA
[tempo2Util.C:401] Warning: [DUP1] duplicated warnings have been suppressed.

WARNING: Using tempo RNAMP parameter: setting TNRedC to 100!
[observatory.C:271] Warning: Assuming site 'arecibo' means 'ao'
✓ Loaded B1855+09 (7758 TOAs)

WARNING: Using tempo RNAMP parameter: setting TNRedC to 100!
✓ Loaded B1937+21 (23023 TOAs)

WARNING: Using tempo RNAMP parameter: setting TNRedC to 100!
✓ Loaded B1937+21ao (7241 TOAs)

WARNING: Using tempo RNAMP parameter: setting TNRedC to 100!
✓ Loaded B1937+21gbt (16048 TOAs)

WARNING: Using tempo RNAMP parameter: setting TNRedC to 100!
✓ Loaded B1953+29 (5126 TOAs)
✓ Loaded J0023+0923 (15896 TOAs)

WARNING: Using tempo RNAMP parameter: setting TNRedC to 100!
✓ Loaded J0030+0451 (19571 TOAs)
✓ Loaded J0340+4130 (11093 TOAs)
✓ Loaded J0406+3039 (2446 TOAs)

WARNING: Using tempo RNAMP parameter: setting TNRedC to 100!
✓ Loaded J0437-4715 (5830 TOAs)
✓ Loaded J0509+0856 (2169 TOAs)
✓ Loaded J0557+1551 (525 TOAs)
✓ Loaded J0605+3757 (554 TOAs)

WARNING: Using tempo RNAMP parameter: setting TNRedC to 100!
✓ Loaded J0610-2100 (4885 TOAs)

WARNING: Using tempo RNAMP parameter: setting TNRedC to 100!
✓ Loaded J0613-0200 (17124 TOAs)
✓ Loaded J0614-3329 (1714 TOAs)
✓ Loaded J0636+5128 (32222 TOAs)
✓ Loaded J0645+5158 (10403 TOAs)
✓ Loaded J0709+0458 (3030 TOAs)
✓ Loaded J0740+6620 (13401 TOAs)
✓ Loaded J0931-1902 (5473 TOAs)

WARNING: Using tempo RNAMP parameter: setting TNRedC to 100!
✓ Loaded J1012+5307 (25837 TOAs)
✓ Loaded J1012-4235 (797 TOAs)
✓ Loaded J1022+1001 (3978 TOAs)
✓ Loaded J1024-0719 (12635 TOAs)
✓ Loaded J1125+7819 (8723 TOAs)
✓ Loaded J1312+0051 (1705 TOAs)
✓ Loaded J1453+1902 (2551 TOAs)
✓ Loaded J1455-3330 (10818 TOAs)

WARNING: Using tempo RNAMP parameter: setting TNRedC to 100!
✓ Loaded J1600-3053 (22955 TOAs)

WARNING: Using tempo RNAMP parameter: setting TNRedC to 100!
✓ Loaded J1600-3053gbt (19725 TOAs)

WARNING: Using tempo RNAMP parameter: setting TNRedC to 100!
✓ Loaded J1614-2230 (18445 TOAs)
✓ Loaded J1630+3734 (1815 TOAs)
✓ Loaded J1640+2224 (14066 TOAs)

WARNING: Using tempo RNAMP parameter: setting TNRedC to 100!
✓ Loaded J1643-1224 (22144 TOAs)

WARNING: Using tempo RNAMP parameter: setting TNRedC to 100!
✓ Loaded J1643-1224gbt (17932 TOAs)

WARNING: Using tempo RNAMP parameter: setting TNRedC to 100!
✓ Loaded J1705-1903 (9871 TOAs)

WARNING: Using tempo RNAMP parameter: setting TNRedC to 100!
✓ Loaded J1713+0747 (59389 TOAs)

WARNING: Using tempo RNAMP parameter: setting TNRedC to 100!
✓ Loaded J1713+0747ao (21362 TOAs)

WARNING: Using tempo RNAMP parameter: setting TNRedC to 100!
✓ Loaded J1713+0747gbt (32963 TOAs)
✓ Loaded J1719-1438 (6356 TOAs)
✓ Loaded J1730-2304 (4870 TOAs)
✓ Loaded J1738+0333 (8790 TOAs)
✓ Loaded J1741+1351 (5582 TOAs)

WARNING: Using tempo RNAMP parameter: setting TNRedC to 100!
✓ Loaded J1744-1134 (17745 TOAs)

WARNING: Using tempo RNAMP parameter: setting TNRedC to 100!
✓ Loaded J1745+1017 (3017 TOAs)

WARNING: Using tempo RNAMP parameter: setting TNRedC to 100!
✓ Loaded J1747-4036 (11055 TOAs)
✓ Loaded J1751-2857 (2025 TOAs)

WARNING: Using tempo RNAMP parameter: setting TNRedC to 100!
✓ Loaded J1802-2124 (6796 TOAs)
✓ Loaded J1811-2405 (5266 TOAs)
✓ Loaded J1832-0836 (7739 TOAs)
✓ Loaded J1843-1113 (4595 TOAs)

WARNING: Using tempo RNAMP parameter: setting TNRedC to 100!
✓ Loaded J1853+1303 (4570 TOAs)

WARNING: Using tempo RNAMP parameter: setting TNRedC to 100!
✓ Loaded J1903+0327 (6856 TOAs)

WARNING: Using tempo RNAMP parameter: setting TNRedC to 100!
✓ Loaded J1903+0327ao (6423 TOAs)

WARNING: Using tempo RNAMP parameter: setting TNRedC to 100!
✓ Loaded J1909-3744 (35037 TOAs)

WARNING: Using tempo RNAMP parameter: setting TNRedC to 100!
✓ Loaded J1909-3744gbt (31526 TOAs)
✓ Loaded J1910+1256 (6486 TOAs)
✓ Loaded J1911+1347 (3786 TOAs)
✓ Loaded J1918-0642 (18875 TOAs)
✓ Loaded J1923+2515 (3974 TOAs)
✓ Loaded J1944+0907 (5328 TOAs)

WARNING: Using tempo RNAMP parameter: setting TNRedC to 100!
✓ Loaded J1946+3417 (4743 TOAs)
✓ Loaded J2010-1323 (17077 TOAs)
✓ Loaded J2017+0603 (3512 TOAs)
✓ Loaded J2033+1734 (3847 TOAs)
✓ Loaded J2043+1711 (7397 TOAs)
✓ Loaded J2124-3358 (4982 TOAs)

WARNING: Using tempo RNAMP parameter: setting TNRedC to 100!
✓ Loaded J2145-0750 (18675 TOAs)
✓ Loaded J2214+3000 (7406 TOAs)
✓ Loaded J2229+2643 (3711 TOAs)

WARNING: Using tempo RNAMP parameter: setting TNRedC to 100!
✓ Loaded J2234+0611 (3566 TOAs)
✓ Loaded J2234+0944 (7535 TOAs)
✓ Loaded J2302+4442 (10211 TOAs)
✓ Loaded J2317+1439 (13927 TOAs)
✓ Loaded J2322+2057 (3088 TOAs)
⚠ Could not save cache: no default __reduce__ due to non-trivial __cinit__

✓ Loaded 76 pulsars
✗ Failed: 0 — []
[MEM] After loading pulsars: 8829.1 MB

🔍 Filtering pulsars...

Filtered: 76 → 67 pulsars
[MEM] After filtering pulsars: 8830.4 MB
[MEM] After garbage collection: 8830.4 MB

======================================================================
SMBHB POPULATION ANALYSIS
======================================================================

Configuration: pessimistic
  Lower mass, lower spread in distance, large population
  N_binaries: 10000000

======================================================================
CONSISTENT POPULATION SYNTHESIS
======================================================================

======================================================================
GENERATING SNR-CONSISTENT POPULATIONS
======================================================================
Target SNR:          4.0
Simulations:         1
======================================================================


──────────────────────────────────────────────────────────────────────
SIMULATION 1/1
──────────────────────────────────────────────────────────────────────
  [B1855+09] zeroing residuals...
  [B1855+09] adding red noise...
  [B1855+09] white noise for L-wide_PUPPI (5005 TOAs)...
  [B1855+09] white noise for L-wide_ASP (1178 TOAs)...
  [B1855+09] white noise for 430_PUPPI (1185 TOAs)...
  [B1855+09] white noise for 430_ASP (390 TOAs)...
  [B1937+21] zeroing residuals...
  [B1937+21] adding red noise...
  [B1937+21] white noise for L-wide_PUPPI (4133 TOAs)...
  [B1937+21] white noise for Rcvr1_2_GASP (1069 TOAs)...
  [B1937+21] white noise for Rcvr1_2_GUPPI (7048 TOAs)...
  [B1937+21] white noise for S-wide_ASP (344 TOAs)...
  [B1937+21] white noise for Rcvr_800_GASP (586 TOAs)...
  [B1937+21] white noise for S-wide_PUPPI (2251 TOAs)...
  [B1937+21] white noise for Rcvr_800_GUPPI (7140 TOAs)...
  [B1937+21] white noise for L-wide_ASP (452 TOAs)...
  [B1953+29] zeroing residuals...
  [B1953+29] adding red noise...
  [B1953+29] white noise for L-wide_PUPPI (4037 TOAs)...
  [B1953+29] white noise for 430_ASP (29 TOAs)...
  [B1953+29] white noise for S-wide_ASP (25 TOAs)...
  [B1953+29] white noise for 430_PUPPI (941 TOAs)...
  [B1953+29] white noise for L-wide_ASP (94 TOAs)...
  [J0023+0923] zeroing residuals...
  [J0023+0923] adding red noise...
  [J0023+0923] white noise for L-wide_PUPPI (11123 TOAs)...
  [J0023+0923] white noise for L-wide_ASP (119 TOAs)...
  [J0023+0923] white noise for 430_PUPPI (4564 TOAs)...
  [J0023+0923] white noise for 430_ASP (90 TOAs)...
  [J0030+0451] zeroing residuals...
  [J0030+0451] adding red noise...
  [J0030+0451] white noise for L-wide_PUPPI (12774 TOAs)...
  [J0030+0451] white noise for 430_ASP (267 TOAs)...
  [J0030+0451] white noise for S-wide_PUPPI (2673 TOAs)...
  [J0030+0451] white noise for 430_PUPPI (3068 TOAs)...
  [J0030+0451] white noise for L-wide_ASP (789 TOAs)...
  [J0340+4130] zeroing residuals...
  [J0340+4130] adding red noise...
  [J0340+4130] white noise for Rcvr_800_GUPPI (6056 TOAs)...
  [J0340+4130] white noise for Rcvr1_2_GUPPI (5037 TOAs)...
  [J0406+3039] zeroing residuals...
  [J0406+3039] adding red noise...
  [J0406+3039] white noise for L-wide_PUPPI (1871 TOAs)...
  [J0406+3039] white noise for S-wide_PUPPI (575 TOAs)...
  [J0437-4715] zeroing residuals...
  [J0437-4715] adding red noise...
  [J0437-4715] white noise for 3GHz_YUPPI (3696 TOAs)...
  [J0437-4715] white noise for 1.5GHz_YUPPI (2134 TOAs)...
  [J0509+0856] zeroing residuals...
  [J0509+0856] adding red noise...
  [J0509+0856] white noise for L-wide_PUPPI (1625 TOAs)...
  [J0509+0856] white noise for S-wide_PUPPI (544 TOAs)...
  [J0557+1551] zeroing residuals...
  [J0557+1551] adding red noise...
  [J0557+1551] white noise for L-wide_PUPPI (467 TOAs)...
  [J0557+1551] white noise for S-wide_PUPPI (58 TOAs)...
  [J0605+3757] zeroing residuals...
  [J0605+3757] adding red noise...
  [J0605+3757] white noise for Rcvr_800_GUPPI (236 TOAs)...
  [J0605+3757] white noise for Rcvr1_2_GUPPI (318 TOAs)...
  [J0610-2100] zeroing residuals...
  [J0610-2100] adding red noise...
  [J0610-2100] white noise for Rcvr_800_GUPPI (2484 TOAs)...
  [J0610-2100] white noise for Rcvr1_2_GUPPI (2401 TOAs)...
  [J0613-0200] zeroing residuals...
  [J0613-0200] adding red noise...
  [J0613-0200] white noise for Rcvr_800_GUPPI (7900 TOAs)...
  [J0613-0200] white noise for Rcvr1_2_GASP (992 TOAs)...
  [J0613-0200] white noise for Rcvr1_2_GUPPI (7423 TOAs)...
  [J0613-0200] white noise for Rcvr_800_GASP (809 TOAs)...
  [J0636+5128] zeroing residuals...
  [J0636+5128] adding red noise...
  [J0636+5128] white noise for Rcvr_800_GUPPI (17419 TOAs)...
  [J0636+5128] white noise for Rcvr1_2_GUPPI (14803 TOAs)...
  [J0645+5158] zeroing residuals...
  [J0645+5158] adding red noise...
  [J0645+5158] white noise for Rcvr_800_GUPPI (4682 TOAs)...
  [J0645+5158] white noise for Rcvr1_2_GUPPI (5721 TOAs)...
  [J0709+0458] zeroing residuals...
  [J0709+0458] adding red noise...
  [J0709+0458] white noise for L-wide_PUPPI (2435 TOAs)...
  [J0709+0458] white noise for S-wide_PUPPI (595 TOAs)...
  [J0740+6620] zeroing residuals...
  [J0740+6620] adding red noise...
  [J0740+6620] white noise for Rcvr_800_GUPPI (5136 TOAs)...
  [J0740+6620] white noise for Rcvr1_2_GUPPI (8265 TOAs)...
  [J0931-1902] zeroing residuals...
  [J0931-1902] adding red noise...
  [J0931-1902] white noise for Rcvr_800_GUPPI (3419 TOAs)...
  [J0931-1902] white noise for Rcvr1_2_GUPPI (2054 TOAs)...
  [J1012+5307] zeroing residuals...
  [J1012+5307] adding red noise...
  [J1012+5307] white noise for Rcvr_800_GUPPI (10299 TOAs)...
  [J1012+5307] white noise for Rcvr1_2_GASP (1479 TOAs)...
  [J1012+5307] white noise for Rcvr1_2_GUPPI (12849 TOAs)...
  [J1012+5307] white noise for Rcvr_800_GASP (1210 TOAs)...
  [J1012-4235] zeroing residuals...
  [J1012-4235] adding red noise...
  [J1012-4235] white noise for Rcvr_800_GUPPI (342 TOAs)...
  [J1012-4235] white noise for Rcvr1_2_GUPPI (455 TOAs)...
  [J1022+1001] zeroing residuals...
  [J1022+1001] adding red noise...
  [J1022+1001] white noise for L-wide_PUPPI (2592 TOAs)...
  [J1022+1001] white noise for 430_PUPPI (232 TOAs)...
  [J1022+1001] white noise for S-wide_PUPPI (1154 TOAs)...
  [J1024-0719] zeroing residuals...
  [J1024-0719] adding red noise...
  [J1024-0719] white noise for Rcvr_800_GUPPI (5455 TOAs)...
  [J1024-0719] white noise for Rcvr1_2_GASP (43 TOAs)...
  [J1024-0719] white noise for Rcvr1_2_GUPPI (7086 TOAs)...
  [J1024-0719] white noise for Rcvr_800_GASP (51 TOAs)...
  [J1125+7819] zeroing residuals...
  [J1125+7819] adding red noise...
  [J1125+7819] white noise for Rcvr_800_GUPPI (4707 TOAs)...
  [J1125+7819] white noise for Rcvr1_2_GUPPI (4016 TOAs)...
  [J1312+0051] zeroing residuals...
  [J1312+0051] adding red noise...
  [J1312+0051] white noise for L-wide_PUPPI (1289 TOAs)...
  [J1312+0051] white noise for S-wide_PUPPI (416 TOAs)...
  [J1453+1902] zeroing residuals...
  [J1453+1902] adding red noise...
  [J1453+1902] white noise for L-wide_PUPPI (2122 TOAs)...
  [J1453+1902] white noise for 430_PUPPI (425 TOAs)...
  [J1453+1902] white noise for S-wide_PUPPI (4 TOAs)...
  [J1455-3330] zeroing residuals...
  [J1455-3330] adding red noise...
  [J1455-3330] white noise for Rcvr_800_GUPPI (4843 TOAs)...
  [J1455-3330] white noise for Rcvr1_2_GASP (564 TOAs)...
  [J1455-3330] white noise for Rcvr1_2_GUPPI (4932 TOAs)...
  [J1455-3330] white noise for Rcvr_800_GASP (479 TOAs)...
  [J1600-3053] zeroing residuals...
  [J1600-3053] adding red noise...
  [J1600-3053] white noise for Rcvr1_2_GASP (457 TOAs)...
  [J1600-3053] white noise for Rcvr1_2_GUPPI (10168 TOAs)...
  [J1600-3053] white noise for Rcvr_800_GASP (297 TOAs)...
  [J1600-3053] white noise for Rcvr_800_GUPPI (8796 TOAs)...
  [J1600-3053] white noise for 3GHz_YUPPI (3237 TOAs)...
  [J1614-2230] zeroing residuals...
  [J1614-2230] adding red noise...
  [J1614-2230] white noise for Rcvr_800_GUPPI (7768 TOAs)...
  [J1614-2230] white noise for Rcvr1_2_GASP (84 TOAs)...
  [J1614-2230] white noise for Rcvr1_2_GUPPI (10509 TOAs)...
  [J1614-2230] white noise for Rcvr_800_GASP (84 TOAs)...
  [J1630+3734] zeroing residuals...
  [J1630+3734] adding red noise...
  [J1630+3734] white noise for Rcvr_800_GUPPI (906 TOAs)...
  [J1630+3734] white noise for Rcvr1_2_GUPPI (909 TOAs)...
  [J1640+2224] zeroing residuals...
  [J1640+2224] adding red noise...
  [J1640+2224] white noise for L-wide_PUPPI (9847 TOAs)...
  [J1640+2224] white noise for L-wide_ASP (722 TOAs)...
  [J1640+2224] white noise for 430_PUPPI (3157 TOAs)...
  [J1640+2224] white noise for 430_ASP (340 TOAs)...
  [J1643-1224] zeroing residuals...
  [J1643-1224] adding red noise...
  [J1643-1224] white noise for Rcvr1_2_GASP (833 TOAs)...
  [J1643-1224] white noise for Rcvr1_2_GUPPI (8803 TOAs)...
  [J1643-1224] white noise for Rcvr_800_GASP (559 TOAs)...
  [J1643-1224] white noise for Rcvr_800_GUPPI (7734 TOAs)...
  [J1643-1224] white noise for 3GHz_YUPPI (4215 TOAs)...
  [J1705-1903] zeroing residuals...
  [J1705-1903] adding red noise...
  [J1705-1903] white noise for Rcvr_800_GUPPI (3521 TOAs)...
  [J1705-1903] white noise for Rcvr1_2_GUPPI (6350 TOAs)...
  [J1713+0747] zeroing residuals...
  [J1713+0747] adding red noise...
  [J1713+0747] white noise for L-wide_PUPPI (12743 TOAs)...
  [J1713+0747] white noise for Rcvr1_2_GASP (1109 TOAs)...
  [J1713+0747] white noise for Rcvr1_2_GUPPI (22334 TOAs)...
  [J1713+0747] white noise for S-wide_ASP (624 TOAs)...
  [J1713+0747] white noise for Rcvr_800_GASP (1032 TOAs)...
  [J1713+0747] white noise for S-wide_PUPPI (7482 TOAs)...
  [J1713+0747] white noise for Rcvr_800_GUPPI (8479 TOAs)...
  [J1713+0747] white noise for 1.5GHz_YUPPI (1461 TOAs)...
  [J1713+0747] white noise for L-wide_ASP (843 TOAs)...
  [J1713+0747] white noise for 3GHz_YUPPI (3282 TOAs)...
  [J1719-1438] zeroing residuals...
  [J1719-1438] adding red noise...
  [J1719-1438] white noise for Rcvr_800_GUPPI (3634 TOAs)...
  [J1719-1438] white noise for Rcvr1_2_GUPPI (2722 TOAs)...
  [J1730-2304] zeroing residuals...
  [J1730-2304] adding red noise...
  [J1730-2304] white noise for Rcvr_800_GUPPI (2503 TOAs)...
  [J1730-2304] white noise for Rcvr1_2_GUPPI (2367 TOAs)...
  [J1738+0333] zeroing residuals...
  [J1738+0333] adding red noise...
  [J1738+0333] white noise for L-wide_PUPPI (6718 TOAs)...
  [J1738+0333] white noise for L-wide_ASP (201 TOAs)...
  [J1738+0333] white noise for S-wide_ASP (134 TOAs)...
  [J1738+0333] white noise for S-wide_PUPPI (1737 TOAs)...
  [J1741+1351] zeroing residuals...
  [J1741+1351] adding red noise...
  [J1741+1351] white noise for L-wide_PUPPI (4045 TOAs)...
  [J1741+1351] white noise for 430_ASP (27 TOAs)...
  [J1741+1351] white noise for S-wide_ASP (115 TOAs)...
  [J1741+1351] white noise for 430_PUPPI (1159 TOAs)...
  [J1741+1351] white noise for L-wide_ASP (236 TOAs)...
  [J1744-1134] zeroing residuals...
  [J1744-1134] adding red noise...
  [J1744-1134] white noise for Rcvr_800_GUPPI (7899 TOAs)...
  [J1744-1134] white noise for Rcvr1_2_GASP (807 TOAs)...
  [J1744-1134] white noise for Rcvr1_2_GUPPI (8109 TOAs)...
  [J1744-1134] white noise for Rcvr_800_GASP (930 TOAs)...
  [J1745+1017] zeroing residuals...
  [J1745+1017] adding red noise...
  [J1745+1017] white noise for L-wide_PUPPI (2179 TOAs)...
  [J1745+1017] white noise for S-wide_PUPPI (838 TOAs)...
  [J1747-4036] zeroing residuals...
  [J1747-4036] adding red noise...
  [J1747-4036] white noise for Rcvr_800_GUPPI (5816 TOAs)...
  [J1747-4036] white noise for Rcvr1_2_GUPPI (5239 TOAs)...
  [J1751-2857] zeroing residuals...
  [J1751-2857] adding red noise...
  [J1751-2857] white noise for Rcvr_800_GUPPI (239 TOAs)...
  [J1751-2857] white noise for Rcvr1_2_GUPPI (1786 TOAs)...
  [J1802-2124] zeroing residuals...
  [J1802-2124] adding red noise...
  [J1802-2124] white noise for Rcvr_800_GUPPI (3565 TOAs)...
  [J1802-2124] white noise for Rcvr1_2_GUPPI (3231 TOAs)...
  [J1811-2405] zeroing residuals...
  [J1811-2405] adding red noise...
  [J1811-2405] white noise for Rcvr_800_GUPPI (2628 TOAs)...
  [J1811-2405] white noise for Rcvr1_2_GUPPI (2638 TOAs)...
  [J1832-0836] zeroing residuals...
  [J1832-0836] adding red noise...
  [J1832-0836] white noise for Rcvr_800_GUPPI (3078 TOAs)...
  [J1832-0836] white noise for Rcvr1_2_GUPPI (4661 TOAs)...
  [J1843-1113] zeroing residuals...
  [J1843-1113] adding red noise...
  [J1843-1113] white noise for Rcvr_800_GUPPI (2201 TOAs)...
  [J1843-1113] white noise for Rcvr1_2_GUPPI (2394 TOAs)...
  [J1853+1303] zeroing residuals...
  [J1853+1303] adding red noise...
  [J1853+1303] white noise for L-wide_PUPPI (3362 TOAs)...
  [J1853+1303] white noise for L-wide_ASP (33 TOAs)...
  [J1853+1303] white noise for 430_PUPPI (1151 TOAs)...
  [J1853+1303] white noise for 430_ASP (24 TOAs)...
  [J1903+0327] zeroing residuals...
  [J1903+0327] adding red noise...
  [J1903+0327] white noise for L-wide_PUPPI (3845 TOAs)...
  [J1903+0327] white noise for S-wide_ASP (151 TOAs)...
  [J1903+0327] white noise for S-wide_PUPPI (2282 TOAs)...
  [J1903+0327] white noise for L-wide_ASP (139 TOAs)...
  [J1903+0327] white noise for 3GHz_YUPPI (439 TOAs)...
  [J1909-3744] zeroing residuals...
  [J1909-3744] adding red noise...
  [J1909-3744] white noise for Rcvr1_2_GASP (808 TOAs)...
  [J1909-3744] white noise for Rcvr1_2_GUPPI (20439 TOAs)...
  [J1909-3744] white noise for Rcvr_800_GASP (866 TOAs)...
  [J1909-3744] white noise for Rcvr_800_GUPPI (9399 TOAs)...
  [J1909-3744] white noise for 3GHz_YUPPI (3525 TOAs)...
  [J1910+1256] zeroing residuals...
  [J1910+1256] adding red noise...
  [J1910+1256] white noise for L-wide_PUPPI (4124 TOAs)...
  [J1910+1256] white noise for L-wide_ASP (297 TOAs)...
  [J1910+1256] white noise for S-wide_ASP (208 TOAs)...
  [J1910+1256] white noise for S-wide_PUPPI (1857 TOAs)...
  [J1911+1347] zeroing residuals...
  [J1911+1347] adding red noise...
  [J1911+1347] white noise for L-wide_PUPPI (3033 TOAs)...
  [J1911+1347] white noise for 430_PUPPI (753 TOAs)...
  [J1918-0642] zeroing residuals...
  [J1918-0642] adding red noise...
  [J1918-0642] white noise for Rcvr_800_GUPPI (8352 TOAs)...
  [J1918-0642] white noise for Rcvr1_2_GASP (778 TOAs)...
  [J1918-0642] white noise for Rcvr1_2_GUPPI (8910 TOAs)...
  [J1918-0642] white noise for Rcvr_800_GASP (835 TOAs)...
  [J1923+2515] zeroing residuals...
  [J1923+2515] adding red noise...
  [J1923+2515] white noise for L-wide_PUPPI (3028 TOAs)...
  [J1923+2515] white noise for L-wide_ASP (14 TOAs)...
  [J1923+2515] white noise for 430_PUPPI (922 TOAs)...
  [J1923+2515] white noise for 430_ASP (10 TOAs)...
  [J1944+0907] zeroing residuals...
  [J1944+0907] adding red noise...
  [J1944+0907] white noise for L-wide_PUPPI (3900 TOAs)...
  [J1944+0907] white noise for 430_ASP (38 TOAs)...
  [J1944+0907] white noise for S-wide_ASP (116 TOAs)...
  [J1944+0907] white noise for 430_PUPPI (1017 TOAs)...
  [J1944+0907] white noise for L-wide_ASP (257 TOAs)...
  [J1946+3417] zeroing residuals...
  [J1946+3417] adding red noise...
  [J1946+3417] white noise for L-wide_PUPPI (3197 TOAs)...
  [J1946+3417] white noise for S-wide_PUPPI (1546 TOAs)...
  [J2010-1323] zeroing residuals...
  [J2010-1323] adding red noise...
  [J2010-1323] white noise for Rcvr_800_GUPPI (9158 TOAs)...
  [J2010-1323] white noise for Rcvr1_2_GASP (70 TOAs)...
  [J2010-1323] white noise for Rcvr1_2_GUPPI (7779 TOAs)...
  [J2010-1323] white noise for Rcvr_800_GASP (70 TOAs)...
  [J2017+0603] zeroing residuals...
  [J2017+0603] adding red noise...
  [J2017+0603] white noise for L-wide_PUPPI (2569 TOAs)...
  [J2017+0603] white noise for L-wide_ASP (16 TOAs)...
  [J2017+0603] white noise for 430_PUPPI (78 TOAs)...
  [J2017+0603] white noise for S-wide_PUPPI (849 TOAs)...
  [J2033+1734] zeroing residuals...
  [J2033+1734] adding red noise...
  [J2033+1734] white noise for L-wide_PUPPI (3050 TOAs)...
  [J2033+1734] white noise for 430_PUPPI (797 TOAs)...
  [J2043+1711] zeroing residuals...
  [J2043+1711] adding red noise...
  [J2043+1711] white noise for L-wide_PUPPI (4419 TOAs)...
  [J2043+1711] white noise for L-wide_ASP (40 TOAs)...
  [J2043+1711] white noise for 430_PUPPI (2908 TOAs)...
  [J2043+1711] white noise for 430_ASP (30 TOAs)...
  [J2124-3358] zeroing residuals...
  [J2124-3358] adding red noise...
  [J2124-3358] white noise for Rcvr_800_GUPPI (2025 TOAs)...
  [J2124-3358] white noise for Rcvr1_2_GUPPI (2957 TOAs)...
  [J2145-0750] zeroing residuals...
  [J2145-0750] adding red noise...
  [J2145-0750] white noise for Rcvr_800_GUPPI (8728 TOAs)...
  [J2145-0750] white noise for Rcvr1_2_GASP (427 TOAs)...
  [J2145-0750] white noise for Rcvr1_2_GUPPI (9158 TOAs)...
  [J2145-0750] white noise for Rcvr_800_GASP (362 TOAs)...
  [J2214+3000] zeroing residuals...
  [J2214+3000] adding red noise...
  [J2214+3000] white noise for L-wide_PUPPI (5829 TOAs)...
  [J2214+3000] white noise for L-wide_ASP (9 TOAs)...
  [J2214+3000] white noise for S-wide_PUPPI (1568 TOAs)...
  [J2229+2643] zeroing residuals...
  [J2229+2643] adding red noise...
  [J2229+2643] white noise for L-wide_PUPPI (2755 TOAs)...
  [J2229+2643] white noise for 430_PUPPI (956 TOAs)...
  [J2234+0611] zeroing residuals...
  [J2234+0611] adding red noise...
  [J2234+0611] white noise for L-wide_PUPPI (2913 TOAs)...
  [J2234+0611] white noise for 430_PUPPI (653 TOAs)...
  [J2234+0944] zeroing residuals...
  [J2234+0944] adding red noise...
  [J2234+0944] white noise for L-wide_PUPPI (5003 TOAs)...
  [J2234+0944] white noise for S-wide_PUPPI (2532 TOAs)...
  [J2302+4442] zeroing residuals...
  [J2302+4442] adding red noise...
  [J2302+4442] white noise for Rcvr_800_GUPPI (6432 TOAs)...
  [J2302+4442] white noise for Rcvr1_2_GUPPI (3779 TOAs)...
  [J2317+1439] zeroing residuals...
  [J2317+1439] adding red noise...
  [J2317+1439] white noise for L-wide_PUPPI (9563 TOAs)...
  [J2317+1439] white noise for 430_ASP (458 TOAs)...
  [J2317+1439] white noise for 430_PUPPI (3217 TOAs)...
  [J2317+1439] white noise for 327_PUPPI (276 TOAs)...
  [J2317+1439] white noise for 327_ASP (413 TOAs)...
  [J2322+2057] zeroing residuals...
  [J2322+2057] adding red noise...
  [J2322+2057] white noise for L-wide_PUPPI (2196 TOAs)...
  [J2322+2057] white noise for 430_PUPPI (752 TOAs)...
  [J2322+2057] white noise for S-wide_PUPPI (140 TOAs)...
Resetting pulsars to clean stoas...
Restore: 0.00 s
Inject: 0.00 s
Snapshotting into enterprise Pulsar objects...
Building PTA...
PTA build: 479.86 s
Computing optimal statistic...
OS time: 49.53 s
Total: 529.39 s
Noise-only SNR baseline: -0.6743

Generating SNR-consistent population...
Target SNR: 4.0
Resetting pulsars to clean stoas...
Restore: 0.01 s
Injecting population...
  B1855+09: RMS = 1524.882 ns
  B1937+21: RMS = 838.212 ns
  B1953+29: RMS = 1082.460 ns
  J0023+0923: RMS = 900.362 ns
  J0030+0451: RMS = 1612.068 ns
  J0340+4130: RMS = 2548.265 ns
  J0406+3039: RMS = 1018.316 ns
  J0437-4715: RMS = 1098.984 ns
  J0509+0856: RMS = 187.206 ns
  J0557+1551: RMS = 1444.753 ns
  J0605+3757: RMS = 1805.059 ns
  J0610-2100: RMS = 583.978 ns
  J0613-0200: RMS = 1093.957 ns
  J0636+5128: RMS = 2511.879 ns
  J0645+5158: RMS = 3175.420 ns
  J0709+0458: RMS = 2298.858 ns
  J0740+6620: RMS = 1299.458 ns
  J0931-1902: RMS = 2742.682 ns
  J1012+5307: RMS = 807.718 ns
  J1012-4235: RMS = 787.730 ns
  J1022+1001: RMS = 1396.810 ns
  J1024-0719: RMS = 1318.286 ns
  J1125+7819: RMS = 430.190 ns
  J1312+0051: RMS = 910.201 ns
  J1453+1902: RMS = 1516.428 ns
  J1455-3330: RMS = 1584.241 ns
  J1600-3053: RMS = 1524.930 ns
  J1614-2230: RMS = 1348.141 ns
  J1630+3734: RMS = 433.418 ns
  J1640+2224: RMS = 1071.384 ns
  J1643-1224: RMS = 1361.893 ns
  J1705-1903: RMS = 386.245 ns
  J1713+0747: RMS = 479.388 ns
  J1719-1438: RMS = 711.177 ns
  J1730-2304: RMS = 505.368 ns
  J1738+0333: RMS = 786.507 ns
  J1741+1351: RMS = 624.626 ns
  J1744-1134: RMS = 1475.636 ns
  J1745+1017: RMS = 550.835 ns
  J1747-4036: RMS = 716.966 ns
  J1751-2857: RMS = 428.963 ns
  J1802-2124: RMS = 727.745 ns
  J1811-2405: RMS = 987.893 ns
  J1832-0836: RMS = 1603.925 ns
  J1843-1113: RMS = 1056.289 ns
  J1853+1303: RMS = 743.624 ns
  J1903+0327: RMS = 897.910 ns
  J1909-3744: RMS = 1197.012 ns
  J1910+1256: RMS = 786.762 ns
  J1911+1347: RMS = 435.783 ns
  J1918-0642: RMS = 1582.959 ns
  J1923+2515: RMS = 957.635 ns
  J1944+0907: RMS = 1368.639 ns
  J1946+3417: RMS = 1514.392 ns
  J2010-1323: RMS = 2814.005 ns
  J2017+0603: RMS = 1489.763 ns
  J2033+1734: RMS = 1221.031 ns
  J2043+1711: RMS = 1190.398 ns
  J2124-3358: RMS = 1535.319 ns
  J2145-0750: RMS = 3837.553 ns
  J2214+3000: RMS = 681.971 ns
  J2229+2643: RMS = 493.784 ns
  J2234+0611: RMS = 1336.273 ns
  J2234+0944: RMS = 435.638 ns
  J2302+4442: RMS = 1391.470 ns
  J2317+1439: RMS = 2099.815 ns
  J2322+2057: RMS = 414.375 ns
Inject: 166.15 s
Snapshotting into enterprise Pulsar objects...
Building PTA...
PTA build: 484.48 s
Computing optimal statistic...
OS time: 50.65 s
Total: 701.29 s
Initial SNR: 9.0394, Target SNR: 4.0000
  Initial SNR 9.0394 outside of provided SNR_range [3.5, 4.25] — rescaling.
Scaling distances by factor 1.4416 to achieve target SNR...
Resetting pulsars to clean stoas...
Restore: 0.01 s
Injecting population...
  B1855+09: RMS = 1057.794 ns
  B1937+21: RMS = 581.458 ns
  B1953+29: RMS = 750.891 ns
  J0023+0923: RMS = 624.571 ns
  J0030+0451: RMS = 1118.274 ns
  J0340+4130: RMS = 1767.704 ns
  J0406+3039: RMS = 706.395 ns
  J0437-4715: RMS = 762.353 ns
  J0509+0856: RMS = 129.863 ns
  J0557+1551: RMS = 1002.210 ns
  J0605+3757: RMS = 1252.150 ns
  J0610-2100: RMS = 405.099 ns
  J0613-0200: RMS = 758.866 ns
  J0636+5128: RMS = 1742.463 ns
  J0645+5158: RMS = 2202.755 ns
  J0709+0458: RMS = 1594.693 ns
  J0740+6620: RMS = 901.420 ns
  J0931-1902: RMS = 1902.569 ns
  J1012+5307: RMS = 560.305 ns
  J1012-4235: RMS = 546.440 ns
  J1022+1001: RMS = 968.952 ns
  J1024-0719: RMS = 914.481 ns
  J1125+7819: RMS = 298.418 ns
  J1312+0051: RMS = 631.397 ns
  J1453+1902: RMS = 1051.930 ns
  J1455-3330: RMS = 1098.971 ns
  J1600-3053: RMS = 1057.828 ns
  J1614-2230: RMS = 935.191 ns
  J1630+3734: RMS = 300.657 ns
  J1640+2224: RMS = 743.208 ns
  J1643-1224: RMS = 944.731 ns
  J1705-1903: RMS = 267.934 ns
  J1713+0747: RMS = 332.547 ns
  J1719-1438: RMS = 493.336 ns
  J1730-2304: RMS = 350.569 ns
  J1738+0333: RMS = 545.592 ns
  J1741+1351: RMS = 433.296 ns
  J1744-1134: RMS = 1023.633 ns
  J1745+1017: RMS = 382.109 ns
  J1747-4036: RMS = 497.352 ns
  J1751-2857: RMS = 297.567 ns
  J1802-2124: RMS = 504.829 ns
  J1811-2405: RMS = 685.290 ns
  J1832-0836: RMS = 1112.626 ns
  J1843-1113: RMS = 732.736 ns
  J1853+1303: RMS = 515.844 ns
  J1903+0327: RMS = 622.871 ns
  J1909-3744: RMS = 830.354 ns
  J1910+1256: RMS = 545.768 ns
  J1911+1347: RMS = 302.298 ns
  J1918-0642: RMS = 1098.082 ns
  J1923+2515: RMS = 664.301 ns
  J1944+0907: RMS = 949.410 ns
  J1946+3417: RMS = 1050.517 ns
  J2010-1323: RMS = 1952.045 ns
  J2017+0603: RMS = 1033.433 ns
  J2033+1734: RMS = 847.016 ns
  J2043+1711: RMS = 825.766 ns
  J2124-3358: RMS = 1065.034 ns
  J2145-0750: RMS = 2662.069 ns
  J2214+3000: RMS = 473.076 ns
  J2229+2643: RMS = 342.532 ns
  J2234+0611: RMS = 926.958 ns
  J2234+0944: RMS = 302.197 ns
  J2302+4442: RMS = 965.248 ns
  J2317+1439: RMS = 1456.619 ns
  J2322+2057: RMS = 287.448 ns
Inject: 200.20 s
Snapshotting into enterprise Pulsar objects...
Building PTA...
PTA build: 489.81 s
Computing optimal statistic...
OS time: 52.85 s
Total: 742.87 s
  SNR 3.0188 outside of provided SNR_range [3.5, 4.25] — rescaling.
[Iteration 1/4] SNR after scaling: 3.0188 (target: 4.0000)
  SNR history: it0→9.0394@1.0000x, it1→3.0188@1.4416x
  Re-scaling distances by factor 0.8329  (cumulative after: 1.2007×)
Resetting pulsars to clean stoas...
Restore: 0.01 s
Injecting population...
  B1855+09: RMS = 1270.044 ns
  B1937+21: RMS = 698.130 ns
  B1953+29: RMS = 901.560 ns
  J0023+0923: RMS = 749.894 ns
  J0030+0451: RMS = 1342.660 ns
  J0340+4130: RMS = 2122.399 ns
  J0406+3039: RMS = 848.135 ns
  J0437-4715: RMS = 915.322 ns
  J0509+0856: RMS = 155.920 ns
  J0557+1551: RMS = 1203.306 ns
  J0605+3757: RMS = 1503.398 ns
  J0610-2100: RMS = 486.384 ns
  J0613-0200: RMS = 911.135 ns
  J0636+5128: RMS = 2092.094 ns
  J0645+5158: RMS = 2644.744 ns
  J0709+0458: RMS = 1914.673 ns
  J0740+6620: RMS = 1082.293 ns
  J0931-1902: RMS = 2284.325 ns
  J1012+5307: RMS = 672.732 ns
  J1012-4235: RMS = 656.085 ns
  J1022+1001: RMS = 1163.375 ns
  J1024-0719: RMS = 1097.974 ns
  J1125+7819: RMS = 358.296 ns
  J1312+0051: RMS = 758.088 ns
  J1453+1902: RMS = 1263.002 ns
  J1455-3330: RMS = 1319.483 ns
  J1600-3053: RMS = 1270.084 ns
  J1614-2230: RMS = 1122.840 ns
  J1630+3734: RMS = 360.985 ns
  J1640+2224: RMS = 892.335 ns
  J1643-1224: RMS = 1134.294 ns
  J1705-1903: RMS = 321.696 ns
  J1713+0747: RMS = 399.273 ns
  J1719-1438: RMS = 592.325 ns
  J1730-2304: RMS = 420.911 ns
  J1738+0333: RMS = 655.066 ns
  J1741+1351: RMS = 520.238 ns
  J1744-1134: RMS = 1229.028 ns
  J1745+1017: RMS = 458.780 ns
  J1747-4036: RMS = 597.147 ns
  J1751-2857: RMS = 357.275 ns
  J1802-2124: RMS = 606.124 ns
  J1811-2405: RMS = 822.796 ns
  J1832-0836: RMS = 1335.877 ns
  J1843-1113: RMS = 879.762 ns
  J1853+1303: RMS = 619.350 ns
  J1903+0327: RMS = 747.852 ns
  J1909-3744: RMS = 996.967 ns
  J1910+1256: RMS = 655.278 ns
  J1911+1347: RMS = 362.955 ns
  J1918-0642: RMS = 1318.415 ns
  J1923+2515: RMS = 797.595 ns
  J1944+0907: RMS = 1139.912 ns
  J1946+3417: RMS = 1261.307 ns
  J2010-1323: RMS = 2343.728 ns
  J2017+0603: RMS = 1240.794 ns
  J2033+1734: RMS = 1016.973 ns
  J2043+1711: RMS = 991.459 ns
  J2124-3358: RMS = 1278.737 ns
  J2145-0750: RMS = 3196.221 ns
  J2214+3000: RMS = 568.000 ns
  J2229+2643: RMS = 411.263 ns
  J2234+0611: RMS = 1112.955 ns
  J2234+0944: RMS = 362.834 ns
  J2302+4442: RMS = 1158.928 ns
  J2317+1439: RMS = 1748.894 ns
  J2322+2057: RMS = 345.125 ns
Inject: 174.92 s
Snapshotting into enterprise Pulsar objects...
Building PTA...
PTA build: 482.18 s
Computing optimal statistic...
OS time: 49.86 s
Total: 706.96 s
  SNR 5.4188 outside of provided SNR_range [3.5, 4.25] — rescaling.
[Iteration 2/4] SNR after scaling: 5.4188 (target: 4.0000)
  SNR history: it0→9.0394@1.0000x, it1→3.0188@1.4416x, it2→5.4188@1.2007x
  Re-scaling distances by factor 1.0957  (cumulative after: 1.3156×)
Resetting pulsars to clean stoas...
Restore: 0.01 s
Injecting population...
  B1855+09: RMS = 1159.071 ns
  B1937+21: RMS = 637.129 ns
  B1953+29: RMS = 822.784 ns
  J0023+0923: RMS = 684.370 ns
  J0030+0451: RMS = 1225.341 ns
  J0340+4130: RMS = 1936.950 ns
  J0406+3039: RMS = 774.028 ns
  J0437-4715: RMS = 835.343 ns
  J0509+0856: RMS = 142.297 ns
  J0557+1551: RMS = 1098.165 ns
  J0605+3757: RMS = 1372.035 ns
  J0610-2100: RMS = 443.885 ns
  J0613-0200: RMS = 831.522 ns
  J0636+5128: RMS = 1909.292 ns
  J0645+5158: RMS = 2413.653 ns
  J0709+0458: RMS = 1747.374 ns
  J0740+6620: RMS = 987.725 ns
  J0931-1902: RMS = 2084.727 ns
  J1012+5307: RMS = 613.950 ns
  J1012-4235: RMS = 598.758 ns
  J1022+1001: RMS = 1061.722 ns
  J1024-0719: RMS = 1002.036 ns
  J1125+7819: RMS = 326.989 ns
  J1312+0051: RMS = 691.849 ns
  J1453+1902: RMS = 1152.645 ns
  J1455-3330: RMS = 1204.190 ns
  J1600-3053: RMS = 1159.107 ns
  J1614-2230: RMS = 1024.729 ns
  J1630+3734: RMS = 329.443 ns
  J1640+2224: RMS = 814.365 ns
  J1643-1224: RMS = 1035.182 ns
  J1705-1903: RMS = 293.587 ns
  J1713+0747: RMS = 364.386 ns
  J1719-1438: RMS = 540.570 ns
  J1730-2304: RMS = 384.133 ns
  J1738+0333: RMS = 597.828 ns
  J1741+1351: RMS = 474.781 ns
  J1744-1134: RMS = 1121.639 ns
  J1745+1017: RMS = 418.693 ns
  J1747-4036: RMS = 544.969 ns
  J1751-2857: RMS = 326.057 ns
  J1802-2124: RMS = 553.163 ns
  J1811-2405: RMS = 750.902 ns
  J1832-0836: RMS = 1219.152 ns
  J1843-1113: RMS = 802.891 ns
  J1853+1303: RMS = 565.233 ns
  J1903+0327: RMS = 682.506 ns
  J1909-3744: RMS = 909.855 ns
  J1910+1256: RMS = 598.022 ns
  J1911+1347: RMS = 331.241 ns
  J1918-0642: RMS = 1203.215 ns
  J1923+2515: RMS = 727.904 ns
  J1944+0907: RMS = 1040.310 ns
  J1946+3417: RMS = 1151.097 ns
  J2010-1323: RMS = 2138.940 ns
  J2017+0603: RMS = 1132.377 ns
  J2033+1734: RMS = 928.112 ns
  J2043+1711: RMS = 904.828 ns
  J2124-3358: RMS = 1167.004 ns
  J2145-0750: RMS = 2916.944 ns
  J2214+3000: RMS = 518.369 ns
  J2229+2643: RMS = 375.328 ns
  J2234+0611: RMS = 1015.708 ns
  J2234+0944: RMS = 331.130 ns
  J2302+4442: RMS = 1057.664 ns
  J2317+1439: RMS = 1596.080 ns
  J2322+2057: RMS = 314.969 ns
Inject: 181.61 s
Snapshotting into enterprise Pulsar objects...
Building PTA...
PTA build: 484.81 s
Computing optimal statistic...
OS time: 50.26 s
Total: 716.68 s
  ✓ SNR is within the provided SNR_range: 4.0943 ∈ [3.5, 4.25]

Final SNR history:
  it 0: cumulative_scale=1.0000×  SNR=9.0394
  it 1: cumulative_scale=1.4416×  SNR=3.0188
  it 2: cumulative_scale=1.2007×  SNR=5.4188
  it 3: cumulative_scale=1.3156×  SNR=4.0943
✓ Simulation 1 done (2906.3 s)

======================================================================
ENSEMBLE SUMMARY
======================================================================
Success rate: 100.0% (1/1)

Binaries per population:
  Mean ± std : 10000000 ± 0
  Range      : [10000000, 10000000]

SNR achieved:
  Mean ± std : 4.0943 ± 0.0000
  Range      : [4.0943, 4.0943]

Total time: 3480.7 s (58.0 min)
======================================================================

💾 Saved: data/2026-04-29/pessimistic_run_256/consistent_population_pessimistic_targetSNR4.25_sims1.json
💾 Saved compressed pickle: data/2026-04-29/pessimistic_run_256/consistent_population_pessimistic_targetSNR4.25_sims1.pkl.gz

======================================================================
CONTINUOUS WAVE SNR ANALYSIS
======================================================================

--- Population 1 ---
Precomputation of phiinvs, TNTs, Ts, Nvecs, Sigmas took 0.08 seconds.
Total SNR computation for population took 440.51 seconds.
Top 50 CGW candidates:
   1. proxy_rank=  17  sky_w=1.16  f=1.44e-08 Hz  Mc=2.54e+09 Msun  h0=6.25e-15  SNR=4.514
   2. proxy_rank=   1  sky_w=1.54  f=2.68e-09 Hz  Mc=5.30e+09 Msun  h0=2.80e-15  SNR=2.437
   3. proxy_rank= 231  sky_w=1.36  f=9.01e-09 Hz  Mc=3.08e+09 Msun  h0=1.53e-15  SNR=2.244
   4. proxy_rank=  82  sky_w=1.54  f=5.83e-09 Hz  Mc=6.21e+09 Msun  h0=1.21e-15  SNR=2.174
   5. proxy_rank=   3  sky_w=1.34  f=3.81e-09 Hz  Mc=3.32e+09 Msun  h0=2.48e-15  SNR=2.008
   6. proxy_rank= 501  sky_w=0.80  f=8.02e-09 Hz  Mc=7.06e+09 Msun  h0=1.81e-15  SNR=1.969
   7. proxy_rank= 423  sky_w=1.49  f=7.57e-09 Hz  Mc=2.97e+09 Msun  h0=9.65e-16  SNR=1.927
   8. proxy_rank=  23  sky_w=1.28  f=5.32e-09 Hz  Mc=3.15e+09 Msun  h0=1.83e-15  SNR=1.759
   9. proxy_rank=  16  sky_w=1.27  f=3.91e-09 Hz  Mc=5.15e+09 Msun  h0=1.55e-15  SNR=1.755
  10. proxy_rank=  44  sky_w=1.60  f=4.98e-09 Hz  Mc=4.08e+09 Msun  h0=1.18e-15  SNR=1.690
  11. proxy_rank=   5  sky_w=1.55  f=4.57e-09 Hz  Mc=3.92e+09 Msun  h0=1.89e-15  SNR=1.678
  12. proxy_rank= 229  sky_w=1.24  f=5.71e-09 Hz  Mc=2.28e+09 Msun  h0=1.07e-15  SNR=1.496
  13. proxy_rank=   2  sky_w=1.12  f=2.71e-09 Hz  Mc=4.60e+09 Msun  h0=3.53e-15  SNR=1.470
  14. proxy_rank= 821  sky_w=1.62  f=7.21e-09 Hz  Mc=3.73e+09 Msun  h0=6.74e-16  SNR=1.430
  15. proxy_rank= 738  sky_w=1.06  f=8.91e-09 Hz  Mc=4.57e+09 Msun  h0=1.34e-15  SNR=1.426
  16. proxy_rank= 473  sky_w=1.50  f=7.37e-09 Hz  Mc=4.58e+09 Msun  h0=9.05e-16  SNR=1.340
  17. proxy_rank=  30  sky_w=1.49  f=3.95e-09 Hz  Mc=6.84e+09 Msun  h0=1.09e-15  SNR=1.323
  18. proxy_rank= 157  sky_w=1.50  f=4.81e-09 Hz  Mc=4.76e+09 Msun  h0=8.38e-16  SNR=1.248
  19. proxy_rank= 365  sky_w=1.18  f=5.30e-09 Hz  Mc=3.96e+09 Msun  h0=8.97e-16  SNR=1.205
  20. proxy_rank=   6  sky_w=0.80  f=2.94e-09 Hz  Mc=2.00e+09 Msun  h0=2.28e-15  SNR=1.186
  21. proxy_rank= 295  sky_w=1.50  f=8.14e-09 Hz  Mc=4.43e+09 Msun  h0=1.16e-15  SNR=1.178
  22. proxy_rank=   9  sky_w=0.90  f=3.11e-09 Hz  Mc=3.41e+09 Msun  h0=1.94e-15  SNR=1.154
  23. proxy_rank=  18  sky_w=1.39  f=3.85e-09 Hz  Mc=7.76e+09 Msun  h0=1.33e-15  SNR=1.128
  24. proxy_rank= 165  sky_w=1.13  f=4.09e-09 Hz  Mc=5.72e+09 Msun  h0=9.33e-16  SNR=1.018
  25. proxy_rank= 175  sky_w=0.91  f=4.24e-09 Hz  Mc=5.56e+09 Msun  h0=1.18e-15  SNR=1.016
  26. proxy_rank= 326  sky_w=1.42  f=4.87e-09 Hz  Mc=4.82e+09 Msun  h0=7.12e-16  SNR=1.014
  27. proxy_rank= 291  sky_w=1.50  f=5.21e-09 Hz  Mc=4.91e+09 Msun  h0=7.46e-16  SNR=0.990
  28. proxy_rank= 701  sky_w=0.92  f=7.17e-09 Hz  Mc=5.75e+09 Msun  h0=1.26e-15  SNR=0.965
  29. proxy_rank= 975  sky_w=1.23  f=1.09e-08 Hz  Mc=2.64e+09 Msun  h0=1.26e-15  SNR=0.944
  30. proxy_rank= 549  sky_w=1.31  f=5.16e-09 Hz  Mc=2.09e+09 Msun  h0=6.93e-16  SNR=0.938
  31. proxy_rank=  78  sky_w=1.60  f=3.69e-09 Hz  Mc=4.56e+09 Msun  h0=7.44e-16  SNR=0.901
  32. proxy_rank=  33  sky_w=1.40  f=3.74e-09 Hz  Mc=3.72e+09 Msun  h0=1.08e-15  SNR=0.893
  33. proxy_rank= 214  sky_w=1.26  f=4.49e-09 Hz  Mc=2.97e+09 Msun  h0=8.50e-16  SNR=0.884
  34. proxy_rank= 682  sky_w=1.33  f=4.90e-09 Hz  Mc=4.03e+09 Msun  h0=6.02e-16  SNR=0.865
  35. proxy_rank= 640  sky_w=1.19  f=7.28e-09 Hz  Mc=4.81e+09 Msun  h0=1.02e-15  SNR=0.854
  36. proxy_rank= 222  sky_w=1.51  f=4.66e-09 Hz  Mc=3.94e+09 Msun  h0=7.29e-16  SNR=0.841
  37. proxy_rank= 727  sky_w=1.61  f=5.03e-09 Hz  Mc=3.46e+09 Msun  h0=4.98e-16  SNR=0.812
  38. proxy_rank= 172  sky_w=1.39  f=3.81e-09 Hz  Mc=2.48e+09 Msun  h0=7.01e-16  SNR=0.803
  39. proxy_rank=  39  sky_w=1.08  f=2.98e-09 Hz  Mc=3.66e+09 Msun  h0=1.08e-15  SNR=0.781
  40. proxy_rank= 875  sky_w=1.49  f=5.14e-09 Hz  Mc=1.68e+09 Msun  h0=5.09e-16  SNR=0.775
  41. proxy_rank= 870  sky_w=1.29  f=5.19e-09 Hz  Mc=4.26e+09 Msun  h0=5.98e-16  SNR=0.772
  42. proxy_rank=  25  sky_w=1.62  f=3.75e-09 Hz  Mc=2.32e+09 Msun  h0=1.00e-15  SNR=0.757
  43. proxy_rank= 676  sky_w=1.58  f=5.52e-09 Hz  Mc=3.65e+09 Msun  h0=5.73e-16  SNR=0.749
  44. proxy_rank= 406  sky_w=1.23  f=5.48e-09 Hz  Mc=5.22e+09 Msun  h0=8.61e-16  SNR=0.748
  45. proxy_rank=  53  sky_w=1.61  f=4.17e-09 Hz  Mc=2.42e+09 Msun  h0=9.28e-16  SNR=0.741
  46. proxy_rank=  24  sky_w=1.50  f=2.86e-09 Hz  Mc=6.08e+09 Msun  h0=8.35e-16  SNR=0.701
  47. proxy_rank= 543  sky_w=0.77  f=4.84e-09 Hz  Mc=6.43e+09 Msun  h0=1.12e-15  SNR=0.696
  48. proxy_rank= 763  sky_w=1.59  f=6.91e-09 Hz  Mc=3.91e+09 Msun  h0=6.79e-16  SNR=0.689
  49. proxy_rank= 583  sky_w=1.25  f=4.66e-09 Hz  Mc=4.04e+09 Msun  h0=6.44e-16  SNR=0.686
  50. proxy_rank=  20  sky_w=0.92  f=2.52e-09 Hz  Mc=4.62e+09 Msun  h0=1.29e-15  SNR=0.685
💾 Saved: data/2026-04-29/pessimistic_run_256/consistent_population_pessimistic_targetSNR4.25_sims1.json
💾 Saved compressed pickle: data/2026-04-29/pessimistic_run_256/consistent_population_pessimistic_targetSNR4.25_sims1.pkl.gz
Saved to figures/cgw_analysis_pessimistic.pdf

======================================================================
ANALYSIS COMPLETE
Results saved to: data/2026-04-29/pessimistic_run_256
======================================================================

==========================================
Job finished at: Wed Apr 29 16:27:40 AEST 2026
Exit code: 0
==========================================

+------------------ Job Report: 11740974 (COMPLETED) ------------------+
| Memory (RAM)  [################### ] 99.2% (39.7 GB peak / 40 GB)    |
| CPU           [#################   ] 86.3% average                   |
| Time          [----------------->  ] 86.3% (0-01:13:22 / 0-01:25:00) |
|                                                                      |
| Lustre Filesystem:                                                   |
|   Path    Total Read    Total Write    Total IOPS                    |
|   ------  ------------  -------------  ------------                  |
|   /apps   0 B           0 B            907                           |
|   /fred   315 MB        6.8 MB         128                           |
|   /home   41.2 MB       0 B            2.6 K                         |
|   OS      0 B           0 B            4                             |
+----------------------------------------------------------------------+
