==========================================
Job ID: 11717559
Job Name: smbhb_optimistic
Node: dave311
Start Time: Tue Apr 28 16:12:17 AEST 2026
==========================================

/home/bhoulden/.conda/envs/smbhb312/share/tempo2
Working directory: /fred/oz005/users/bhoulden/SMBHB_population_injections

Loaded modules:

Starting SMBHB analysis...
==========================================

📁 Save directory: data/2026-04-28/optimistic_run_44
📝 Run name: optimistic_run_44

[MEM] Start: 246.0 MB

📡 Loading pulsars...
======================================================================
LOADING NANOGRAV PULSARS (libstempo)
======================================================================

📦 Loading from cache: nanograv_pulsars_cache.pkl
⚠ Cache load failed: Ran out of input
[DEBUG] Found 76 .par files
[tempo2Util.C:396] Warning: [MISC1] Unknown parameter in par file:  DMDATA
[tempo2Util.C:401] Warning: [DUP1] duplicated warnings have been suppressed.

WARNING: Using tempo RNAMP parameter: setting TNRedC to 100!
[observatory.C:271] Warning: Assuming site 'arecibo' means 'ao'
✓ Loaded B1855+09 (7758 TOAs)

WARNING: Using tempo RNAMP parameter: setting TNRedC to 100!
✓ Loaded B1937+21 (23023 TOAs)

WARNING: Using tempo RNAMP parameter: setting TNRedC to 100!
✓ Loaded B1937+21ao (7241 TOAs)

WARNING: Using tempo RNAMP parameter: setting TNRedC to 100!
✓ Loaded B1937+21gbt (16048 TOAs)

WARNING: Using tempo RNAMP parameter: setting TNRedC to 100!
✓ Loaded B1953+29 (5126 TOAs)
✓ Loaded J0023+0923 (15896 TOAs)

WARNING: Using tempo RNAMP parameter: setting TNRedC to 100!
✓ Loaded J0030+0451 (19571 TOAs)
✓ Loaded J0340+4130 (11093 TOAs)
✓ Loaded J0406+3039 (2446 TOAs)

WARNING: Using tempo RNAMP parameter: setting TNRedC to 100!
✓ Loaded J0437-4715 (5830 TOAs)
✓ Loaded J0509+0856 (2169 TOAs)
✓ Loaded J0557+1551 (525 TOAs)
✓ Loaded J0605+3757 (554 TOAs)

WARNING: Using tempo RNAMP parameter: setting TNRedC to 100!
✓ Loaded J0610-2100 (4885 TOAs)

WARNING: Using tempo RNAMP parameter: setting TNRedC to 100!
✓ Loaded J0613-0200 (17124 TOAs)
✓ Loaded J0614-3329 (1714 TOAs)
✓ Loaded J0636+5128 (32222 TOAs)
✓ Loaded J0645+5158 (10403 TOAs)
✓ Loaded J0709+0458 (3030 TOAs)
✓ Loaded J0740+6620 (13401 TOAs)
✓ Loaded J0931-1902 (5473 TOAs)

WARNING: Using tempo RNAMP parameter: setting TNRedC to 100!
✓ Loaded J1012+5307 (25837 TOAs)
✓ Loaded J1012-4235 (797 TOAs)
✓ Loaded J1022+1001 (3978 TOAs)
✓ Loaded J1024-0719 (12635 TOAs)
✓ Loaded J1125+7819 (8723 TOAs)
✓ Loaded J1312+0051 (1705 TOAs)
✓ Loaded J1453+1902 (2551 TOAs)
✓ Loaded J1455-3330 (10818 TOAs)

WARNING: Using tempo RNAMP parameter: setting TNRedC to 100!
✓ Loaded J1600-3053 (22955 TOAs)

WARNING: Using tempo RNAMP parameter: setting TNRedC to 100!
✓ Loaded J1600-3053gbt (19725 TOAs)

WARNING: Using tempo RNAMP parameter: setting TNRedC to 100!
✓ Loaded J1614-2230 (18445 TOAs)
✓ Loaded J1630+3734 (1815 TOAs)
✓ Loaded J1640+2224 (14066 TOAs)

WARNING: Using tempo RNAMP parameter: setting TNRedC to 100!
✓ Loaded J1643-1224 (22144 TOAs)

WARNING: Using tempo RNAMP parameter: setting TNRedC to 100!
✓ Loaded J1643-1224gbt (17932 TOAs)

WARNING: Using tempo RNAMP parameter: setting TNRedC to 100!
✓ Loaded J1705-1903 (9871 TOAs)

WARNING: Using tempo RNAMP parameter: setting TNRedC to 100!
✓ Loaded J1713+0747 (59389 TOAs)

WARNING: Using tempo RNAMP parameter: setting TNRedC to 100!
✓ Loaded J1713+0747ao (21362 TOAs)

WARNING: Using tempo RNAMP parameter: setting TNRedC to 100!
✓ Loaded J1713+0747gbt (32963 TOAs)
✓ Loaded J1719-1438 (6356 TOAs)
✓ Loaded J1730-2304 (4870 TOAs)
✓ Loaded J1738+0333 (8790 TOAs)
✓ Loaded J1741+1351 (5582 TOAs)

WARNING: Using tempo RNAMP parameter: setting TNRedC to 100!
✓ Loaded J1744-1134 (17745 TOAs)

WARNING: Using tempo RNAMP parameter: setting TNRedC to 100!
✓ Loaded J1745+1017 (3017 TOAs)

WARNING: Using tempo RNAMP parameter: setting TNRedC to 100!
✓ Loaded J1747-4036 (11055 TOAs)
✓ Loaded J1751-2857 (2025 TOAs)

WARNING: Using tempo RNAMP parameter: setting TNRedC to 100!
✓ Loaded J1802-2124 (6796 TOAs)
✓ Loaded J1811-2405 (5266 TOAs)
✓ Loaded J1832-0836 (7739 TOAs)
✓ Loaded J1843-1113 (4595 TOAs)

WARNING: Using tempo RNAMP parameter: setting TNRedC to 100!
✓ Loaded J1853+1303 (4570 TOAs)

WARNING: Using tempo RNAMP parameter: setting TNRedC to 100!
✓ Loaded J1903+0327 (6856 TOAs)

WARNING: Using tempo RNAMP parameter: setting TNRedC to 100!
✓ Loaded J1903+0327ao (6423 TOAs)

WARNING: Using tempo RNAMP parameter: setting TNRedC to 100!
✓ Loaded J1909-3744 (35037 TOAs)

WARNING: Using tempo RNAMP parameter: setting TNRedC to 100!
✓ Loaded J1909-3744gbt (31526 TOAs)
✓ Loaded J1910+1256 (6486 TOAs)
✓ Loaded J1911+1347 (3786 TOAs)
✓ Loaded J1918-0642 (18875 TOAs)
✓ Loaded J1923+2515 (3974 TOAs)
✓ Loaded J1944+0907 (5328 TOAs)

WARNING: Using tempo RNAMP parameter: setting TNRedC to 100!
✓ Loaded J1946+3417 (4743 TOAs)
✓ Loaded J2010-1323 (17077 TOAs)
✓ Loaded J2017+0603 (3512 TOAs)
✓ Loaded J2033+1734 (3847 TOAs)
✓ Loaded J2043+1711 (7397 TOAs)
✓ Loaded J2124-3358 (4982 TOAs)

WARNING: Using tempo RNAMP parameter: setting TNRedC to 100!
✓ Loaded J2145-0750 (18675 TOAs)
✓ Loaded J2214+3000 (7406 TOAs)
✓ Loaded J2229+2643 (3711 TOAs)

WARNING: Using tempo RNAMP parameter: setting TNRedC to 100!
✓ Loaded J2234+0611 (3566 TOAs)
✓ Loaded J2234+0944 (7535 TOAs)
✓ Loaded J2302+4442 (10211 TOAs)
✓ Loaded J2317+1439 (13927 TOAs)
✓ Loaded J2322+2057 (3088 TOAs)
⚠ Could not save cache: no default __reduce__ due to non-trivial __cinit__

✓ Loaded 76 pulsars
✗ Failed: 0 — []
[MEM] After loading pulsars: 8861.8 MB

🔍 Filtering pulsars...

Filtered: 76 → 67 pulsars
[MEM] After filtering pulsars: 8864.1 MB
[MEM] After garbage collection: 8864.2 MB

======================================================================
SMBHB POPULATION ANALYSIS
======================================================================

Configuration: optimistic
  Larger mass, higher spread in distance, small population
  N_binaries: 500

======================================================================
CONSISTENT POPULATION SYNTHESIS
======================================================================

======================================================================
GENERATING SNR-CONSISTENT POPULATIONS
======================================================================
Target SNR:          4.0
Simulations:         1
======================================================================


──────────────────────────────────────────────────────────────────────
SIMULATION 1/1
──────────────────────────────────────────────────────────────────────
  [B1855+09] zeroing residuals...
  [B1855+09] adding red noise...
  [B1855+09] white noise for L-wide_PUPPI (5005 TOAs)...
  [B1855+09] white noise for 430_ASP (390 TOAs)...
  [B1855+09] white noise for L-wide_ASP (1178 TOAs)...
  [B1855+09] white noise for 430_PUPPI (1185 TOAs)...
  [B1937+21] zeroing residuals...
  [B1937+21] adding red noise...
  [B1937+21] white noise for Rcvr_800_GASP (586 TOAs)...
  [B1937+21] white noise for L-wide_ASP (452 TOAs)...
  [B1937+21] white noise for Rcvr1_2_GUPPI (7048 TOAs)...
  [B1937+21] white noise for Rcvr1_2_GASP (1069 TOAs)...
  [B1937+21] white noise for S-wide_ASP (344 TOAs)...
  [B1937+21] white noise for L-wide_PUPPI (4133 TOAs)...
  [B1937+21] white noise for Rcvr_800_GUPPI (7140 TOAs)...
  [B1937+21] white noise for S-wide_PUPPI (2251 TOAs)...
  [B1953+29] zeroing residuals...
  [B1953+29] adding red noise...
  [B1953+29] white noise for L-wide_ASP (94 TOAs)...
  [B1953+29] white noise for 430_PUPPI (941 TOAs)...
  [B1953+29] white noise for 430_ASP (29 TOAs)...
  [B1953+29] white noise for S-wide_ASP (25 TOAs)...
  [B1953+29] white noise for L-wide_PUPPI (4037 TOAs)...
  [J0023+0923] zeroing residuals...
  [J0023+0923] adding red noise...
  [J0023+0923] white noise for L-wide_PUPPI (11123 TOAs)...
  [J0023+0923] white noise for 430_ASP (90 TOAs)...
  [J0023+0923] white noise for L-wide_ASP (119 TOAs)...
  [J0023+0923] white noise for 430_PUPPI (4564 TOAs)...
  [J0030+0451] zeroing residuals...
  [J0030+0451] adding red noise...
  [J0030+0451] white noise for L-wide_ASP (789 TOAs)...
  [J0030+0451] white noise for 430_PUPPI (3068 TOAs)...
  [J0030+0451] white noise for 430_ASP (267 TOAs)...
  [J0030+0451] white noise for L-wide_PUPPI (12774 TOAs)...
  [J0030+0451] white noise for S-wide_PUPPI (2673 TOAs)...
  [J0340+4130] zeroing residuals...
  [J0340+4130] adding red noise...
  [J0340+4130] white noise for Rcvr1_2_GUPPI (5037 TOAs)...
  [J0340+4130] white noise for Rcvr_800_GUPPI (6056 TOAs)...
  [J0406+3039] zeroing residuals...
  [J0406+3039] adding red noise...
  [J0406+3039] white noise for L-wide_PUPPI (1871 TOAs)...
  [J0406+3039] white noise for S-wide_PUPPI (575 TOAs)...
  [J0437-4715] zeroing residuals...
  [J0437-4715] adding red noise...
  [J0437-4715] white noise for 1.5GHz_YUPPI (2134 TOAs)...
  [J0437-4715] white noise for 3GHz_YUPPI (3696 TOAs)...
  [J0509+0856] zeroing residuals...
  [J0509+0856] adding red noise...
  [J0509+0856] white noise for L-wide_PUPPI (1625 TOAs)...
  [J0509+0856] white noise for S-wide_PUPPI (544 TOAs)...
  [J0557+1551] zeroing residuals...
  [J0557+1551] adding red noise...
  [J0557+1551] white noise for L-wide_PUPPI (467 TOAs)...
  [J0557+1551] white noise for S-wide_PUPPI (58 TOAs)...
  [J0605+3757] zeroing residuals...
  [J0605+3757] adding red noise...
  [J0605+3757] white noise for Rcvr1_2_GUPPI (318 TOAs)...
  [J0605+3757] white noise for Rcvr_800_GUPPI (236 TOAs)...
  [J0610-2100] zeroing residuals...
  [J0610-2100] adding red noise...
  [J0610-2100] white noise for Rcvr1_2_GUPPI (2401 TOAs)...
  [J0610-2100] white noise for Rcvr_800_GUPPI (2484 TOAs)...
  [J0613-0200] zeroing residuals...
  [J0613-0200] adding red noise...
  [J0613-0200] white noise for Rcvr_800_GUPPI (7900 TOAs)...
  [J0613-0200] white noise for Rcvr_800_GASP (809 TOAs)...
  [J0613-0200] white noise for Rcvr1_2_GUPPI (7423 TOAs)...
  [J0613-0200] white noise for Rcvr1_2_GASP (992 TOAs)...
  [J0636+5128] zeroing residuals...
  [J0636+5128] adding red noise...
  [J0636+5128] white noise for Rcvr1_2_GUPPI (14803 TOAs)...
  [J0636+5128] white noise for Rcvr_800_GUPPI (17419 TOAs)...
  [J0645+5158] zeroing residuals...
  [J0645+5158] adding red noise...
  [J0645+5158] white noise for Rcvr1_2_GUPPI (5721 TOAs)...
  [J0645+5158] white noise for Rcvr_800_GUPPI (4682 TOAs)...
  [J0709+0458] zeroing residuals...
  [J0709+0458] adding red noise...
  [J0709+0458] white noise for L-wide_PUPPI (2435 TOAs)...
  [J0709+0458] white noise for S-wide_PUPPI (595 TOAs)...
  [J0740+6620] zeroing residuals...
  [J0740+6620] adding red noise...
  [J0740+6620] white noise for Rcvr1_2_GUPPI (8265 TOAs)...
  [J0740+6620] white noise for Rcvr_800_GUPPI (5136 TOAs)...
  [J0931-1902] zeroing residuals...
  [J0931-1902] adding red noise...
  [J0931-1902] white noise for Rcvr1_2_GUPPI (2054 TOAs)...
  [J0931-1902] white noise for Rcvr_800_GUPPI (3419 TOAs)...
  [J1012+5307] zeroing residuals...
  [J1012+5307] adding red noise...
  [J1012+5307] white noise for Rcvr_800_GUPPI (10299 TOAs)...
  [J1012+5307] white noise for Rcvr_800_GASP (1210 TOAs)...
  [J1012+5307] white noise for Rcvr1_2_GUPPI (12849 TOAs)...
  [J1012+5307] white noise for Rcvr1_2_GASP (1479 TOAs)...
  [J1012-4235] zeroing residuals...
  [J1012-4235] adding red noise...
  [J1012-4235] white noise for Rcvr1_2_GUPPI (455 TOAs)...
  [J1012-4235] white noise for Rcvr_800_GUPPI (342 TOAs)...
  [J1022+1001] zeroing residuals...
  [J1022+1001] adding red noise...
  [J1022+1001] white noise for L-wide_PUPPI (2592 TOAs)...
  [J1022+1001] white noise for 430_PUPPI (232 TOAs)...
  [J1022+1001] white noise for S-wide_PUPPI (1154 TOAs)...
  [J1024-0719] zeroing residuals...
  [J1024-0719] adding red noise...
  [J1024-0719] white noise for Rcvr_800_GUPPI (5455 TOAs)...
  [J1024-0719] white noise for Rcvr_800_GASP (51 TOAs)...
  [J1024-0719] white noise for Rcvr1_2_GUPPI (7086 TOAs)...
  [J1024-0719] white noise for Rcvr1_2_GASP (43 TOAs)...
  [J1125+7819] zeroing residuals...
  [J1125+7819] adding red noise...
  [J1125+7819] white noise for Rcvr1_2_GUPPI (4016 TOAs)...
  [J1125+7819] white noise for Rcvr_800_GUPPI (4707 TOAs)...
  [J1312+0051] zeroing residuals...
  [J1312+0051] adding red noise...
  [J1312+0051] white noise for L-wide_PUPPI (1289 TOAs)...
  [J1312+0051] white noise for S-wide_PUPPI (416 TOAs)...
  [J1453+1902] zeroing residuals...
  [J1453+1902] adding red noise...
  [J1453+1902] white noise for L-wide_PUPPI (2122 TOAs)...
  [J1453+1902] white noise for 430_PUPPI (425 TOAs)...
  [J1453+1902] white noise for S-wide_PUPPI (4 TOAs)...
  [J1455-3330] zeroing residuals...
  [J1455-3330] adding red noise...
  [J1455-3330] white noise for Rcvr_800_GUPPI (4843 TOAs)...
  [J1455-3330] white noise for Rcvr_800_GASP (479 TOAs)...
  [J1455-3330] white noise for Rcvr1_2_GUPPI (4932 TOAs)...
  [J1455-3330] white noise for Rcvr1_2_GASP (564 TOAs)...
  [J1600-3053] zeroing residuals...
  [J1600-3053] adding red noise...
  [J1600-3053] white noise for Rcvr_800_GASP (297 TOAs)...
  [J1600-3053] white noise for Rcvr1_2_GUPPI (10168 TOAs)...
  [J1600-3053] white noise for Rcvr1_2_GASP (457 TOAs)...
  [J1600-3053] white noise for 3GHz_YUPPI (3237 TOAs)...
  [J1600-3053] white noise for Rcvr_800_GUPPI (8796 TOAs)...
  [J1614-2230] zeroing residuals...
  [J1614-2230] adding red noise...
  [J1614-2230] white noise for Rcvr_800_GUPPI (7768 TOAs)...
  [J1614-2230] white noise for Rcvr_800_GASP (84 TOAs)...
  [J1614-2230] white noise for Rcvr1_2_GUPPI (10509 TOAs)...
  [J1614-2230] white noise for Rcvr1_2_GASP (84 TOAs)...
  [J1630+3734] zeroing residuals...
  [J1630+3734] adding red noise...
  [J1630+3734] white noise for Rcvr1_2_GUPPI (909 TOAs)...
  [J1630+3734] white noise for Rcvr_800_GUPPI (906 TOAs)...
  [J1640+2224] zeroing residuals...
  [J1640+2224] adding red noise...
  [J1640+2224] white noise for L-wide_PUPPI (9847 TOAs)...
  [J1640+2224] white noise for 430_ASP (340 TOAs)...
  [J1640+2224] white noise for L-wide_ASP (722 TOAs)...
  [J1640+2224] white noise for 430_PUPPI (3157 TOAs)...
  [J1643-1224] zeroing residuals...
  [J1643-1224] adding red noise...
  [J1643-1224] white noise for Rcvr_800_GASP (559 TOAs)...
  [J1643-1224] white noise for Rcvr1_2_GUPPI (8803 TOAs)...
  [J1643-1224] white noise for Rcvr1_2_GASP (833 TOAs)...
  [J1643-1224] white noise for 3GHz_YUPPI (4215 TOAs)...
  [J1643-1224] white noise for Rcvr_800_GUPPI (7734 TOAs)...
  [J1705-1903] zeroing residuals...
  [J1705-1903] adding red noise...
  [J1705-1903] white noise for Rcvr1_2_GUPPI (6350 TOAs)...
  [J1705-1903] white noise for Rcvr_800_GUPPI (3521 TOAs)...
  [J1713+0747] zeroing residuals...
  [J1713+0747] adding red noise...
  [J1713+0747] white noise for Rcvr_800_GASP (1032 TOAs)...
  [J1713+0747] white noise for L-wide_ASP (843 TOAs)...
  [J1713+0747] white noise for Rcvr1_2_GUPPI (22334 TOAs)...
  [J1713+0747] white noise for Rcvr1_2_GASP (1109 TOAs)...
  [J1713+0747] white noise for 1.5GHz_YUPPI (1461 TOAs)...
  [J1713+0747] white noise for 3GHz_YUPPI (3282 TOAs)...
  [J1713+0747] white noise for S-wide_ASP (624 TOAs)...
  [J1713+0747] white noise for L-wide_PUPPI (12743 TOAs)...
  [J1713+0747] white noise for Rcvr_800_GUPPI (8479 TOAs)...
  [J1713+0747] white noise for S-wide_PUPPI (7482 TOAs)...
  [J1719-1438] zeroing residuals...
  [J1719-1438] adding red noise...
  [J1719-1438] white noise for Rcvr1_2_GUPPI (2722 TOAs)...
  [J1719-1438] white noise for Rcvr_800_GUPPI (3634 TOAs)...
  [J1730-2304] zeroing residuals...
  [J1730-2304] adding red noise...
  [J1730-2304] white noise for Rcvr1_2_GUPPI (2367 TOAs)...
  [J1730-2304] white noise for Rcvr_800_GUPPI (2503 TOAs)...
  [J1738+0333] zeroing residuals...
  [J1738+0333] adding red noise...
  [J1738+0333] white noise for L-wide_PUPPI (6718 TOAs)...
  [J1738+0333] white noise for L-wide_ASP (201 TOAs)...
  [J1738+0333] white noise for S-wide_ASP (134 TOAs)...
  [J1738+0333] white noise for S-wide_PUPPI (1737 TOAs)...
  [J1741+1351] zeroing residuals...
  [J1741+1351] adding red noise...
  [J1741+1351] white noise for L-wide_ASP (236 TOAs)...
  [J1741+1351] white noise for 430_PUPPI (1159 TOAs)...
  [J1741+1351] white noise for 430_ASP (27 TOAs)...
  [J1741+1351] white noise for S-wide_ASP (115 TOAs)...
  [J1741+1351] white noise for L-wide_PUPPI (4045 TOAs)...
  [J1744-1134] zeroing residuals...
  [J1744-1134] adding red noise...
  [J1744-1134] white noise for Rcvr_800_GUPPI (7899 TOAs)...
  [J1744-1134] white noise for Rcvr_800_GASP (930 TOAs)...
  [J1744-1134] white noise for Rcvr1_2_GUPPI (8109 TOAs)...
  [J1744-1134] white noise for Rcvr1_2_GASP (807 TOAs)...
  [J1745+1017] zeroing residuals...
  [J1745+1017] adding red noise...
  [J1745+1017] white noise for L-wide_PUPPI (2179 TOAs)...
  [J1745+1017] white noise for S-wide_PUPPI (838 TOAs)...
  [J1747-4036] zeroing residuals...
  [J1747-4036] adding red noise...
  [J1747-4036] white noise for Rcvr1_2_GUPPI (5239 TOAs)...
  [J1747-4036] white noise for Rcvr_800_GUPPI (5816 TOAs)...
  [J1751-2857] zeroing residuals...
  [J1751-2857] adding red noise...
  [J1751-2857] white noise for Rcvr1_2_GUPPI (1786 TOAs)...
  [J1751-2857] white noise for Rcvr_800_GUPPI (239 TOAs)...
  [J1802-2124] zeroing residuals...
  [J1802-2124] adding red noise...
  [J1802-2124] white noise for Rcvr1_2_GUPPI (3231 TOAs)...
  [J1802-2124] white noise for Rcvr_800_GUPPI (3565 TOAs)...
  [J1811-2405] zeroing residuals...
  [J1811-2405] adding red noise...
  [J1811-2405] white noise for Rcvr1_2_GUPPI (2638 TOAs)...
  [J1811-2405] white noise for Rcvr_800_GUPPI (2628 TOAs)...
  [J1832-0836] zeroing residuals...
  [J1832-0836] adding red noise...
  [J1832-0836] white noise for Rcvr1_2_GUPPI (4661 TOAs)...
  [J1832-0836] white noise for Rcvr_800_GUPPI (3078 TOAs)...
  [J1843-1113] zeroing residuals...
  [J1843-1113] adding red noise...
  [J1843-1113] white noise for Rcvr1_2_GUPPI (2394 TOAs)...
  [J1843-1113] white noise for Rcvr_800_GUPPI (2201 TOAs)...
  [J1853+1303] zeroing residuals...
  [J1853+1303] adding red noise...
  [J1853+1303] white noise for L-wide_PUPPI (3362 TOAs)...
  [J1853+1303] white noise for 430_ASP (24 TOAs)...
  [J1853+1303] white noise for L-wide_ASP (33 TOAs)...
  [J1853+1303] white noise for 430_PUPPI (1151 TOAs)...
  [J1903+0327] zeroing residuals...
  [J1903+0327] adding red noise...
  [J1903+0327] white noise for L-wide_ASP (139 TOAs)...
  [J1903+0327] white noise for 3GHz_YUPPI (439 TOAs)...
  [J1903+0327] white noise for S-wide_ASP (151 TOAs)...
  [J1903+0327] white noise for L-wide_PUPPI (3845 TOAs)...
  [J1903+0327] white noise for S-wide_PUPPI (2282 TOAs)...
  [J1909-3744] zeroing residuals...
  [J1909-3744] adding red noise...
  [J1909-3744] white noise for Rcvr_800_GASP (866 TOAs)...
  [J1909-3744] white noise for Rcvr1_2_GUPPI (20439 TOAs)...
  [J1909-3744] white noise for Rcvr1_2_GASP (808 TOAs)...
  [J1909-3744] white noise for 3GHz_YUPPI (3525 TOAs)...
  [J1909-3744] white noise for Rcvr_800_GUPPI (9399 TOAs)...
  [J1910+1256] zeroing residuals...
  [J1910+1256] adding red noise...
  [J1910+1256] white noise for L-wide_PUPPI (4124 TOAs)...
  [J1910+1256] white noise for L-wide_ASP (297 TOAs)...
  [J1910+1256] white noise for S-wide_ASP (208 TOAs)...
  [J1910+1256] white noise for S-wide_PUPPI (1857 TOAs)...
  [J1911+1347] zeroing residuals...
  [J1911+1347] adding red noise...
  [J1911+1347] white noise for L-wide_PUPPI (3033 TOAs)...
  [J1911+1347] white noise for 430_PUPPI (753 TOAs)...
  [J1918-0642] zeroing residuals...
  [J1918-0642] adding red noise...
  [J1918-0642] white noise for Rcvr_800_GUPPI (8352 TOAs)...
  [J1918-0642] white noise for Rcvr_800_GASP (835 TOAs)...
  [J1918-0642] white noise for Rcvr1_2_GUPPI (8910 TOAs)...
  [J1918-0642] white noise for Rcvr1_2_GASP (778 TOAs)...
  [J1923+2515] zeroing residuals...
  [J1923+2515] adding red noise...
  [J1923+2515] white noise for L-wide_PUPPI (3028 TOAs)...
  [J1923+2515] white noise for 430_ASP (10 TOAs)...
  [J1923+2515] white noise for L-wide_ASP (14 TOAs)...
  [J1923+2515] white noise for 430_PUPPI (922 TOAs)...
  [J1944+0907] zeroing residuals...
  [J1944+0907] adding red noise...
  [J1944+0907] white noise for L-wide_ASP (257 TOAs)...
  [J1944+0907] white noise for 430_PUPPI (1017 TOAs)...
  [J1944+0907] white noise for 430_ASP (38 TOAs)...
  [J1944+0907] white noise for S-wide_ASP (116 TOAs)...
  [J1944+0907] white noise for L-wide_PUPPI (3900 TOAs)...
  [J1946+3417] zeroing residuals...
  [J1946+3417] adding red noise...
  [J1946+3417] white noise for L-wide_PUPPI (3197 TOAs)...
  [J1946+3417] white noise for S-wide_PUPPI (1546 TOAs)...
  [J2010-1323] zeroing residuals...
  [J2010-1323] adding red noise...
  [J2010-1323] white noise for Rcvr_800_GUPPI (9158 TOAs)...
  [J2010-1323] white noise for Rcvr_800_GASP (70 TOAs)...
  [J2010-1323] white noise for Rcvr1_2_GUPPI (7779 TOAs)...
  [J2010-1323] white noise for Rcvr1_2_GASP (70 TOAs)...
  [J2017+0603] zeroing residuals...
  [J2017+0603] adding red noise...
  [J2017+0603] white noise for L-wide_PUPPI (2569 TOAs)...
  [J2017+0603] white noise for L-wide_ASP (16 TOAs)...
  [J2017+0603] white noise for 430_PUPPI (78 TOAs)...
  [J2017+0603] white noise for S-wide_PUPPI (849 TOAs)...
  [J2033+1734] zeroing residuals...
  [J2033+1734] adding red noise...
  [J2033+1734] white noise for L-wide_PUPPI (3050 TOAs)...
  [J2033+1734] white noise for 430_PUPPI (797 TOAs)...
  [J2043+1711] zeroing residuals...
  [J2043+1711] adding red noise...
  [J2043+1711] white noise for L-wide_PUPPI (4419 TOAs)...
  [J2043+1711] white noise for 430_ASP (30 TOAs)...
  [J2043+1711] white noise for L-wide_ASP (40 TOAs)...
  [J2043+1711] white noise for 430_PUPPI (2908 TOAs)...
  [J2124-3358] zeroing residuals...
  [J2124-3358] adding red noise...
  [J2124-3358] white noise for Rcvr1_2_GUPPI (2957 TOAs)...
  [J2124-3358] white noise for Rcvr_800_GUPPI (2025 TOAs)...
  [J2145-0750] zeroing residuals...
  [J2145-0750] adding red noise...
  [J2145-0750] white noise for Rcvr_800_GUPPI (8728 TOAs)...
  [J2145-0750] white noise for Rcvr_800_GASP (362 TOAs)...
  [J2145-0750] white noise for Rcvr1_2_GUPPI (9158 TOAs)...
  [J2145-0750] white noise for Rcvr1_2_GASP (427 TOAs)...
  [J2214+3000] zeroing residuals...
  [J2214+3000] adding red noise...
  [J2214+3000] white noise for L-wide_PUPPI (5829 TOAs)...
  [J2214+3000] white noise for L-wide_ASP (9 TOAs)...
  [J2214+3000] white noise for S-wide_PUPPI (1568 TOAs)...
  [J2229+2643] zeroing residuals...
  [J2229+2643] adding red noise...
  [J2229+2643] white noise for L-wide_PUPPI (2755 TOAs)...
  [J2229+2643] white noise for 430_PUPPI (956 TOAs)...
  [J2234+0611] zeroing residuals...
  [J2234+0611] adding red noise...
  [J2234+0611] white noise for L-wide_PUPPI (2913 TOAs)...
  [J2234+0611] white noise for 430_PUPPI (653 TOAs)...
  [J2234+0944] zeroing residuals...
  [J2234+0944] adding red noise...
  [J2234+0944] white noise for L-wide_PUPPI (5003 TOAs)...
  [J2234+0944] white noise for S-wide_PUPPI (2532 TOAs)...
  [J2302+4442] zeroing residuals...
  [J2302+4442] adding red noise...
  [J2302+4442] white noise for Rcvr1_2_GUPPI (3779 TOAs)...
  [J2302+4442] white noise for Rcvr_800_GUPPI (6432 TOAs)...
  [J2317+1439] zeroing residuals...
  [J2317+1439] adding red noise...
  [J2317+1439] white noise for 327_ASP (413 TOAs)...
  [J2317+1439] white noise for 430_PUPPI (3217 TOAs)...
  [J2317+1439] white noise for 430_ASP (458 TOAs)...
  [J2317+1439] white noise for 327_PUPPI (276 TOAs)...
  [J2317+1439] white noise for L-wide_PUPPI (9563 TOAs)...
  [J2322+2057] zeroing residuals...
  [J2322+2057] adding red noise...
  [J2322+2057] white noise for L-wide_PUPPI (2196 TOAs)...
  [J2322+2057] white noise for 430_PUPPI (752 TOAs)...
  [J2322+2057] white noise for S-wide_PUPPI (140 TOAs)...
Resetting pulsars to clean stoas...
Restore: 0.00 s
Inject: 0.00 s
Snapshotting into enterprise Pulsar objects...
Building PTA...
PTA build: 499.55 s
Computing optimal statistic...
OS time: 62.13 s
Total: 561.68 s
Noise-only SNR baseline: 0.8778

Generating SNR-consistent population...
Target SNR: 4.0
Resetting pulsars to clean stoas...
Restore: 0.01 s
Injecting population...
  B1855+09: RMS = 3915.544 ns
  B1937+21: RMS = 3632.940 ns
  B1953+29: RMS = 3354.191 ns
  J0023+0923: RMS = 5253.615 ns
  J0030+0451: RMS = 3184.389 ns
  J0340+4130: RMS = 4557.420 ns
  J0406+3039: RMS = 907.326 ns
  J0437-4715: RMS = 1114.203 ns
  J0509+0856: RMS = 1525.518 ns
  J0557+1551: RMS = 2770.709 ns
  J0605+3757: RMS = 2279.483 ns
  J0610-2100: RMS = 1797.861 ns
  J0613-0200: RMS = 6254.096 ns
  J0636+5128: RMS = 5296.419 ns
  J0645+5158: RMS = 6624.894 ns
  J0709+0458: RMS = 4287.552 ns
  J0740+6620: RMS = 4322.985 ns
  J0931-1902: RMS = 3766.740 ns
  J1012+5307: RMS = 3900.216 ns
  J1012-4235: RMS = 2013.575 ns
  J1022+1001: RMS = 4586.903 ns
  J1024-0719: RMS = 3573.845 ns
  J1125+7819: RMS = 1682.310 ns
  J1312+0051: RMS = 1020.658 ns
  J1453+1902: RMS = 3477.572 ns
  J1455-3330: RMS = 2438.702 ns
  J1600-3053: RMS = 1759.226 ns
  J1614-2230: RMS = 1536.821 ns
  J1630+3734: RMS = 688.908 ns
  J1640+2224: RMS = 4264.924 ns
  J1643-1224: RMS = 3202.462 ns
  J1705-1903: RMS = 1472.077 ns
  J1713+0747: RMS = 3406.193 ns
  J1719-1438: RMS = 1258.159 ns
  J1730-2304: RMS = 1340.362 ns
  J1738+0333: RMS = 3822.346 ns
  J1741+1351: RMS = 3452.054 ns
  J1744-1134: RMS = 3141.436 ns
  J1745+1017: RMS = 1022.902 ns
  J1747-4036: RMS = 3879.053 ns
  J1751-2857: RMS = 1851.344 ns
  J1802-2124: RMS = 1445.023 ns
  J1811-2405: RMS = 1222.502 ns
  J1832-0836: RMS = 2350.297 ns
  J1843-1113: RMS = 1307.561 ns
  J1853+1303: RMS = 3551.240 ns
  J1903+0327: RMS = 3266.528 ns
  J1909-3744: RMS = 2568.567 ns
  J1910+1256: RMS = 3912.293 ns
  J1911+1347: RMS = 4643.317 ns
  J1918-0642: RMS = 2570.529 ns
  J1923+2515: RMS = 4112.814 ns
  J1944+0907: RMS = 3454.859 ns
  J1946+3417: RMS = 4675.516 ns
  J2010-1323: RMS = 3707.325 ns
  J2017+0603: RMS = 2094.895 ns
  J2033+1734: RMS = 1578.471 ns
  J2043+1711: RMS = 1046.610 ns
  J2124-3358: RMS = 906.822 ns
  J2145-0750: RMS = 1872.572 ns
  J2214+3000: RMS = 3074.459 ns
  J2229+2643: RMS = 2404.861 ns
  J2234+0611: RMS = 2445.483 ns
  J2234+0944: RMS = 4304.354 ns
  J2302+4442: RMS = 2382.228 ns
  J2317+1439: RMS = 2827.695 ns
  J2322+2057: RMS = 2322.679 ns
Inject: 0.69 s
Snapshotting into enterprise Pulsar objects...
Building PTA...
PTA build: 485.24 s
Computing optimal statistic...
OS time: 57.32 s
Total: 543.25 s
Initial SNR: 63.2862, Target SNR: 4.0000
  Initial SNR 63.2862 outside of provided SNR_range [3.5, 4.25] — rescaling.
Scaling distances by factor 4.4709 to achieve target SNR...
Resetting pulsars to clean stoas...
Restore: 0.01 s
Injecting population...
  B1855+09: RMS = 875.786 ns
  B1937+21: RMS = 812.576 ns
  B1953+29: RMS = 750.229 ns
  J0023+0923: RMS = 1175.071 ns
  J0030+0451: RMS = 712.249 ns
  J0340+4130: RMS = 1019.354 ns
  J0406+3039: RMS = 202.941 ns
  J0437-4715: RMS = 249.213 ns
  J0509+0856: RMS = 341.211 ns
  J0557+1551: RMS = 619.722 ns
  J0605+3757: RMS = 509.850 ns
  J0610-2100: RMS = 402.126 ns
  J0613-0200: RMS = 1398.847 ns
  J0636+5128: RMS = 1184.645 ns
  J0645+5158: RMS = 1481.784 ns
  J0709+0458: RMS = 958.992 ns
  J0740+6620: RMS = 966.918 ns
  J0931-1902: RMS = 842.503 ns
  J1012+5307: RMS = 872.358 ns
  J1012-4235: RMS = 450.374 ns
  J1022+1001: RMS = 1025.948 ns
  J1024-0719: RMS = 799.358 ns
  J1125+7819: RMS = 376.281 ns
  J1312+0051: RMS = 228.290 ns
  J1453+1902: RMS = 777.825 ns
  J1455-3330: RMS = 545.462 ns
  J1600-3053: RMS = 393.484 ns
  J1614-2230: RMS = 343.739 ns
  J1630+3734: RMS = 154.087 ns
  J1640+2224: RMS = 953.931 ns
  J1643-1224: RMS = 716.292 ns
  J1705-1903: RMS = 329.258 ns
  J1713+0747: RMS = 761.860 ns
  J1719-1438: RMS = 281.411 ns
  J1730-2304: RMS = 299.797 ns
  J1738+0333: RMS = 854.940 ns
  J1741+1351: RMS = 772.117 ns
  J1744-1134: RMS = 702.642 ns
  J1745+1017: RMS = 228.791 ns
  J1747-4036: RMS = 867.624 ns
  J1751-2857: RMS = 414.088 ns
  J1802-2124: RMS = 323.207 ns
  J1811-2405: RMS = 273.436 ns
  J1832-0836: RMS = 525.689 ns
  J1843-1113: RMS = 292.461 ns
  J1853+1303: RMS = 794.302 ns
  J1903+0327: RMS = 730.621 ns
  J1909-3744: RMS = 574.509 ns
  J1910+1256: RMS = 875.059 ns
  J1911+1347: RMS = 1038.566 ns
  J1918-0642: RMS = 574.948 ns
  J1923+2515: RMS = 919.909 ns
  J1944+0907: RMS = 772.745 ns
  J1946+3417: RMS = 1045.768 ns
  J2010-1323: RMS = 829.214 ns
  J2017+0603: RMS = 468.563 ns
  J2033+1734: RMS = 353.055 ns
  J2043+1711: RMS = 234.094 ns
  J2124-3358: RMS = 202.828 ns
  J2145-0750: RMS = 418.836 ns
  J2214+3000: RMS = 687.661 ns
  J2229+2643: RMS = 537.893 ns
  J2234+0611: RMS = 546.979 ns
  J2234+0944: RMS = 962.751 ns
  J2302+4442: RMS = 532.831 ns
  J2317+1439: RMS = 632.468 ns
  J2322+2057: RMS = 519.511 ns
Inject: 0.60 s
Snapshotting into enterprise Pulsar objects...
Building PTA...
PTA build: 498.99 s
Computing optimal statistic...
OS time: 58.05 s
Total: 557.65 s
  SNR 2.0079 outside of provided SNR_range [3.5, 4.25] — rescaling.
[Iteration 1/4] SNR after scaling: 2.0079 (target: 4.0000)
  SNR history: it0→63.2862@1.0000x, it1→2.0079@4.4709x
  Re-scaling distances by factor 0.4729  (cumulative after: 2.1144×)
Resetting pulsars to clean stoas...
Restore: 21.36 s
Injecting population...
  B1855+09: RMS = 1851.804 ns
  B1937+21: RMS = 1718.150 ns
  B1953+29: RMS = 1586.320 ns
  J0023+0923: RMS = 2484.627 ns
  J0030+0451: RMS = 1506.014 ns
  J0340+4130: RMS = 2155.371 ns
  J0406+3039: RMS = 429.108 ns
  J0437-4715: RMS = 526.947 ns
  J0509+0856: RMS = 721.473 ns
  J0557+1551: RMS = 1310.370 ns
  J0605+3757: RMS = 1078.051 ns
  J0610-2100: RMS = 850.274 ns
  J0613-0200: RMS = 2957.791 ns
  J0636+5128: RMS = 2504.870 ns
  J0645+5158: RMS = 3133.155 ns
  J0709+0458: RMS = 2027.740 ns
  J0740+6620: RMS = 2044.498 ns
  J0931-1902: RMS = 1781.429 ns
  J1012+5307: RMS = 1844.555 ns
  J1012-4235: RMS = 952.293 ns
  J1022+1001: RMS = 2169.314 ns
  J1024-0719: RMS = 1690.202 ns
  J1125+7819: RMS = 795.626 ns
  J1312+0051: RMS = 482.707 ns
  J1453+1902: RMS = 1644.671 ns
  J1455-3330: RMS = 1153.352 ns
  J1600-3053: RMS = 832.002 ns
  J1614-2230: RMS = 726.819 ns
  J1630+3734: RMS = 325.810 ns
  J1640+2224: RMS = 2017.039 ns
  J1643-1224: RMS = 1514.562 ns
  J1705-1903: RMS = 696.199 ns
  J1713+0747: RMS = 1610.913 ns
  J1719-1438: RMS = 595.029 ns
  J1730-2304: RMS = 633.906 ns
  J1738+0333: RMS = 1807.727 ns
  J1741+1351: RMS = 1632.602 ns
  J1744-1134: RMS = 1485.700 ns
  J1745+1017: RMS = 483.768 ns
  J1747-4036: RMS = 1834.546 ns
  J1751-2857: RMS = 875.568 ns
  J1802-2124: RMS = 683.404 ns
  J1811-2405: RMS = 578.166 ns
  J1832-0836: RMS = 1111.541 ns
  J1843-1113: RMS = 618.393 ns
  J1853+1303: RMS = 1679.511 ns
  J1903+0327: RMS = 1544.861 ns
  J1909-3744: RMS = 1214.769 ns
  J1910+1256: RMS = 1850.266 ns
  J1911+1347: RMS = 2195.995 ns
  J1918-0642: RMS = 1215.697 ns
  J1923+2515: RMS = 1945.100 ns
  J1944+0907: RMS = 1633.929 ns
  J1946+3417: RMS = 2211.222 ns
  J2010-1323: RMS = 1753.329 ns
  J2017+0603: RMS = 990.753 ns
  J2033+1734: RMS = 746.517 ns
  J2043+1711: RMS = 494.980 ns
  J2124-3358: RMS = 428.869 ns
  J2145-0750: RMS = 885.608 ns
  J2214+3000: RMS = 1454.024 ns
  J2229+2643: RMS = 1137.347 ns
  J2234+0611: RMS = 1156.558 ns
  J2234+0944: RMS = 2035.687 ns
  J2302+4442: RMS = 1126.643 ns
  J2317+1439: RMS = 1337.321 ns
  J2322+2057: RMS = 1098.480 ns
Inject: 0.74 s
Snapshotting into enterprise Pulsar objects...
Building PTA...
PTA build: 490.11 s
Computing optimal statistic...
OS time: 50.93 s
Total: 563.13 s
  SNR 11.9769 outside of provided SNR_range [3.5, 4.25] — rescaling.
[Iteration 2/4] SNR after scaling: 11.9769 (target: 4.0000)
  SNR history: it0→63.2862@1.0000x, it1→2.0079@4.4709x, it2→11.9769@2.1144x
  Re-scaling distances by factor 1.4541  (cumulative after: 3.0746×)
Resetting pulsars to clean stoas...
Restore: 0.01 s
Injecting population...
  B1855+09: RMS = 1273.493 ns
  B1937+21: RMS = 1181.578 ns
  B1953+29: RMS = 1090.918 ns
  J0023+0923: RMS = 1708.687 ns
  J0030+0451: RMS = 1035.692 ns
  J0340+4130: RMS = 1482.257 ns
  J0406+3039: RMS = 295.099 ns
  J0437-4715: RMS = 362.384 ns
  J0509+0856: RMS = 496.160 ns
  J0557+1551: RMS = 901.146 ns
  J0605+3757: RMS = 741.380 ns
  J0610-2100: RMS = 584.737 ns
  J0613-0200: RMS = 2034.084 ns
  J0636+5128: RMS = 1722.609 ns
  J0645+5158: RMS = 2154.683 ns
  J0709+0458: RMS = 1394.485 ns
  J0740+6620: RMS = 1406.009 ns
  J0931-1902: RMS = 1225.096 ns
  J1012+5307: RMS = 1268.508 ns
  J1012-4235: RMS = 654.896 ns
  J1022+1001: RMS = 1491.846 ns
  J1024-0719: RMS = 1162.358 ns
  J1125+7819: RMS = 547.155 ns
  J1312+0051: RMS = 331.959 ns
  J1453+1902: RMS = 1131.047 ns
  J1455-3330: RMS = 793.164 ns
  J1600-3053: RMS = 572.171 ns
  J1614-2230: RMS = 499.836 ns
  J1630+3734: RMS = 224.061 ns
  J1640+2224: RMS = 1387.125 ns
  J1643-1224: RMS = 1041.570 ns
  J1705-1903: RMS = 478.779 ns
  J1713+0747: RMS = 1107.831 ns
  J1719-1438: RMS = 409.204 ns
  J1730-2304: RMS = 435.940 ns
  J1738+0333: RMS = 1243.181 ns
  J1741+1351: RMS = 1122.747 ns
  J1744-1134: RMS = 1021.722 ns
  J1745+1017: RMS = 332.689 ns
  J1747-4036: RMS = 1261.625 ns
  J1751-2857: RMS = 602.132 ns
  J1802-2124: RMS = 469.980 ns
  J1811-2405: RMS = 397.607 ns
  J1832-0836: RMS = 764.411 ns
  J1843-1113: RMS = 425.271 ns
  J1853+1303: RMS = 1155.006 ns
  J1903+0327: RMS = 1062.407 ns
  J1909-3744: RMS = 835.401 ns
  J1910+1256: RMS = 1272.435 ns
  J1911+1347: RMS = 1510.194 ns
  J1918-0642: RMS = 836.040 ns
  J1923+2515: RMS = 1337.653 ns
  J1944+0907: RMS = 1123.660 ns
  J1946+3417: RMS = 1520.666 ns
  J2010-1323: RMS = 1205.771 ns
  J2017+0603: RMS = 681.344 ns
  J2033+1734: RMS = 513.382 ns
  J2043+1711: RMS = 340.400 ns
  J2124-3358: RMS = 294.935 ns
  J2145-0750: RMS = 609.036 ns
  J2214+3000: RMS = 999.938 ns
  J2229+2643: RMS = 782.158 ns
  J2234+0611: RMS = 795.370 ns
  J2234+0944: RMS = 1399.949 ns
  J2302+4442: RMS = 774.797 ns
  J2317+1439: RMS = 919.681 ns
  J2322+2057: RMS = 755.429 ns
Inject: 0.59 s
Snapshotting into enterprise Pulsar objects...
Building PTA...
PTA build: 485.27 s
Computing optimal statistic...
OS time: 49.20 s
Total: 535.06 s
  SNR 4.9620 outside of provided SNR_range [3.5, 4.25] — rescaling.
[Iteration 3/4] SNR after scaling: 4.9620 (target: 4.0000)
  SNR history: it0→63.2862@1.0000x, it1→2.0079@4.4709x, it2→11.9769@2.1144x, it3→4.9620@3.0746x
  Re-scaling distances by factor 1.2059  (cumulative after: 3.7076×)
Resetting pulsars to clean stoas...
Restore: 0.01 s
Injecting population...
  B1855+09: RMS = 1056.081 ns
  B1937+21: RMS = 979.858 ns
  B1953+29: RMS = 904.676 ns
  J0023+0923: RMS = 1416.979 ns
  J0030+0451: RMS = 858.877 ns
  J0340+4130: RMS = 1229.204 ns
  J0406+3039: RMS = 244.719 ns
  J0437-4715: RMS = 300.517 ns
  J0509+0856: RMS = 411.455 ns
  J0557+1551: RMS = 747.302 ns
  J0605+3757: RMS = 614.811 ns
  J0610-2100: RMS = 484.910 ns
  J0613-0200: RMS = 1686.823 ns
  J0636+5128: RMS = 1428.524 ns
  J0645+5158: RMS = 1786.833 ns
  J0709+0458: RMS = 1156.417 ns
  J0740+6620: RMS = 1165.974 ns
  J0931-1902: RMS = 1015.946 ns
  J1012+5307: RMS = 1051.947 ns
  J1012-4235: RMS = 543.091 ns
  J1022+1001: RMS = 1237.157 ns
  J1024-0719: RMS = 963.920 ns
  J1125+7819: RMS = 453.744 ns
  J1312+0051: RMS = 275.287 ns
  J1453+1902: RMS = 937.953 ns
  J1455-3330: RMS = 657.755 ns
  J1600-3053: RMS = 474.490 ns
  J1614-2230: RMS = 414.504 ns
  J1630+3734: RMS = 185.809 ns
  J1640+2224: RMS = 1150.314 ns
  J1643-1224: RMS = 863.752 ns
  J1705-1903: RMS = 397.041 ns
  J1713+0747: RMS = 918.701 ns
  J1719-1438: RMS = 339.344 ns
  J1730-2304: RMS = 361.516 ns
  J1738+0333: RMS = 1030.944 ns
  J1741+1351: RMS = 931.071 ns
  J1744-1134: RMS = 847.292 ns
  J1745+1017: RMS = 275.892 ns
  J1747-4036: RMS = 1046.239 ns
  J1751-2857: RMS = 499.335 ns
  J1802-2124: RMS = 389.744 ns
  J1811-2405: RMS = 329.727 ns
  J1832-0836: RMS = 633.910 ns
  J1843-1113: RMS = 352.669 ns
  J1853+1303: RMS = 957.823 ns
  J1903+0327: RMS = 881.032 ns
  J1909-3744: RMS = 692.781 ns
  J1910+1256: RMS = 1055.204 ns
  J1911+1347: RMS = 1252.372 ns
  J1918-0642: RMS = 693.310 ns
  J1923+2515: RMS = 1109.288 ns
  J1944+0907: RMS = 931.827 ns
  J1946+3417: RMS = 1261.057 ns
  J2010-1323: RMS = 999.921 ns
  J2017+0603: RMS = 565.025 ns
  J2033+1734: RMS = 425.737 ns
  J2043+1711: RMS = 282.287 ns
  J2124-3358: RMS = 244.584 ns
  J2145-0750: RMS = 505.061 ns
  J2214+3000: RMS = 829.228 ns
  J2229+2643: RMS = 648.627 ns
  J2234+0611: RMS = 659.583 ns
  J2234+0944: RMS = 1160.949 ns
  J2302+4442: RMS = 642.523 ns
  J2317+1439: RMS = 762.672 ns
  J2322+2057: RMS = 626.461 ns
Inject: 0.53 s
Snapshotting into enterprise Pulsar objects...
Building PTA...
PTA build: 487.75 s
Computing optimal statistic...
OS time: 51.87 s
Total: 540.15 s
  SNR 3.1577 outside of provided SNR_range [3.5, 4.25] — rescaling.
[Iteration 4/4] SNR after scaling: 3.1577 (target: 4.0000)
  SNR history: it0→63.2862@1.0000x, it1→2.0079@4.4709x, it2→11.9769@2.1144x, it3→4.9620@3.0746x, it4→3.1577@3.7076x

Final SNR history:
  it 0: cumulative_scale=1.0000×  SNR=63.2862
  it 1: cumulative_scale=4.4709×  SNR=2.0079
  it 2: cumulative_scale=2.1144×  SNR=11.9769
  it 3: cumulative_scale=3.0746×  SNR=4.9620
  it 4: cumulative_scale=3.7076×  SNR=3.1577
✓ Simulation 1 done (2741.0 s)

======================================================================
ENSEMBLE SUMMARY
======================================================================
Success rate: 100.0% (1/1)

Binaries per population:
  Mean ± std : 500 ± 0
  Range      : [500, 500]

SNR achieved:
  Mean ± std : 3.1577 ± 0.0000
  Range      : [3.1577, 3.1577]

Total time: 3344.7 s (55.7 min)
======================================================================

💾 Saved: data/2026-04-28/optimistic_run_44/consistent_population_optimistic_targetSNR4.25_sims1.json
💾 Saved compressed pickle: data/2026-04-28/optimistic_run_44/consistent_population_optimistic_targetSNR4.25_sims1.pkl.gz

======================================================================
CONTINUOUS WAVE SNR ANALYSIS
======================================================================

--- Population 1 ---
Precomputation of phiinvs, TNTs, Ts, Nvecs, Sigmas took 0.06 seconds.
Total SNR computation for population took 219.65 seconds.
Top 50 CGW candidates:
   1. proxy_rank=   7  sky_w=0.61  f=4.43e-09 Hz  Mc=3.79e+10 Msun  h0=1.41e-14  SNR=9.144
   2. proxy_rank=   8  sky_w=1.60  f=4.38e-09 Hz  Mc=3.13e+10 Msun  h0=5.20e-15  SNR=7.974
   3. proxy_rank=  22  sky_w=0.76  f=8.63e-09 Hz  Mc=2.54e+10 Msun  h0=6.88e-15  SNR=7.724
   4. proxy_rank=   3  sky_w=1.39  f=3.98e-09 Hz  Mc=4.19e+10 Msun  h0=9.73e-15  SNR=7.023
   5. proxy_rank=   4  sky_w=0.51  f=3.93e-09 Hz  Mc=7.43e+10 Msun  h0=2.04e-14  SNR=5.022
   6. proxy_rank=   2  sky_w=1.43  f=2.21e-09 Hz  Mc=4.89e+10 Msun  h0=7.06e-15  SNR=4.055
   7. proxy_rank=   1  sky_w=0.91  f=2.50e-09 Hz  Mc=6.08e+10 Msun  h0=1.63e-14  SNR=3.761
   8. proxy_rank=  23  sky_w=0.56  f=5.71e-09 Hz  Mc=2.81e+10 Msun  h0=5.61e-15  SNR=3.493
   9. proxy_rank=   5  sky_w=0.57  f=2.87e-09 Hz  Mc=6.45e+10 Msun  h0=1.34e-14  SNR=2.830
  10. proxy_rank=   6  sky_w=1.30  f=3.08e-09 Hz  Mc=3.03e+10 Msun  h0=4.73e-15  SNR=2.575
  11. proxy_rank=  21  sky_w=1.45  f=4.11e-09 Hz  Mc=2.01e+10 Msun  h0=2.48e-15  SNR=2.066
  12. proxy_rank=   9  sky_w=1.62  f=2.62e-09 Hz  Mc=1.76e+10 Msun  h0=3.04e-15  SNR=1.983
  13. proxy_rank=  16  sky_w=1.06  f=2.67e-09 Hz  Mc=2.67e+10 Msun  h0=2.87e-15  SNR=1.776
  14. proxy_rank=  12  sky_w=0.88  f=2.79e-09 Hz  Mc=3.62e+10 Msun  h0=4.84e-15  SNR=1.716
  15. proxy_rank=  11  sky_w=1.01  f=3.22e-09 Hz  Mc=3.43e+10 Msun  h0=5.27e-15  SNR=1.684
  16. proxy_rank=  10  sky_w=1.12  f=2.09e-09 Hz  Mc=2.86e+10 Msun  h0=3.13e-15  SNR=1.439
  17. proxy_rank=  18  sky_w=0.57  f=3.24e-09 Hz  Mc=3.70e+10 Msun  h0=5.64e-15  SNR=1.364
  18. proxy_rank=  13  sky_w=1.26  f=2.11e-09 Hz  Mc=2.32e+10 Msun  h0=2.38e-15  SNR=1.351
  19. proxy_rank=  14  sky_w=1.21  f=3.44e-09 Hz  Mc=9.76e+09 Msun  h0=3.73e-15  SNR=1.091
  20. proxy_rank=  20  sky_w=0.73  f=2.54e-09 Hz  Mc=2.55e+10 Msun  h0=3.06e-15  SNR=0.774
  21. proxy_rank=  43  sky_w=0.64  f=4.11e-09 Hz  Mc=1.00e+10 Msun  h0=8.74e-16  SNR=0.616
  22. proxy_rank=  19  sky_w=0.98  f=2.51e-09 Hz  Mc=2.53e+10 Msun  h0=2.50e-15  SNR=0.611
  23. proxy_rank=  17  sky_w=0.76  f=2.09e-09 Hz  Mc=2.35e+10 Msun  h0=2.77e-15  SNR=0.604
  24. proxy_rank=  15  sky_w=0.92  f=2.31e-09 Hz  Mc=2.60e+10 Msun  h0=2.91e-15  SNR=0.567
  25. proxy_rank=  26  sky_w=0.54  f=2.54e-09 Hz  Mc=1.99e+10 Msun  h0=1.67e-15  SNR=0.460
  26. proxy_rank=  24  sky_w=1.12  f=3.56e-09 Hz  Mc=1.51e+10 Msun  h0=1.43e-15  SNR=0.419
  27. proxy_rank=  25  sky_w=0.82  f=2.01e-09 Hz  Mc=1.60e+10 Msun  h0=1.03e-15  SNR=0.323
  28. proxy_rank=  44  sky_w=1.38  f=3.10e-09 Hz  Mc=3.80e+09 Msun  h0=3.07e-16  SNR=0.290
  29. proxy_rank=  29  sky_w=0.84  f=2.60e-09 Hz  Mc=1.10e+10 Msun  h0=8.19e-16  SNR=0.246
  30. proxy_rank=  80  sky_w=0.69  f=1.93e-08 Hz  Mc=2.71e+09 Msun  h0=2.79e-16  SNR=0.239
  31. proxy_rank=  36  sky_w=1.52  f=2.87e-09 Hz  Mc=6.44e+09 Msun  h0=3.17e-16  SNR=0.214
  32. proxy_rank=  38  sky_w=1.25  f=2.45e-09 Hz  Mc=6.75e+09 Msun  h0=3.15e-16  SNR=0.192
  33. proxy_rank=  59  sky_w=0.61  f=4.13e-09 Hz  Mc=5.46e+09 Msun  h0=2.81e-16  SNR=0.156
  34. proxy_rank=  27  sky_w=1.16  f=2.19e-09 Hz  Mc=1.13e+10 Msun  h0=6.58e-16  SNR=0.153
  35. proxy_rank=  54  sky_w=0.93  f=3.59e-09 Hz  Mc=5.51e+09 Msun  h0=2.55e-16  SNR=0.134
  36. proxy_rank=  30  sky_w=1.13  f=2.23e-09 Hz  Mc=1.02e+10 Msun  h0=5.11e-16  SNR=0.134
  37. proxy_rank=  34  sky_w=1.52  f=2.44e-09 Hz  Mc=5.00e+09 Msun  h0=2.76e-16  SNR=0.130
  38. proxy_rank=  39  sky_w=1.36  f=2.29e-09 Hz  Mc=6.54e+09 Msun  h0=2.71e-16  SNR=0.129
  39. proxy_rank=  45  sky_w=0.78  f=2.20e-09 Hz  Mc=7.21e+09 Msun  h0=3.70e-16  SNR=0.127
  40. proxy_rank=  37  sky_w=0.57  f=2.00e-09 Hz  Mc=9.49e+09 Msun  h0=5.83e-16  SNR=0.127
  41. proxy_rank=  47  sky_w=0.61  f=2.21e-09 Hz  Mc=7.45e+09 Msun  h0=4.31e-16  SNR=0.121
  42. proxy_rank=  49  sky_w=1.07  f=2.71e-09 Hz  Mc=6.08e+09 Msun  h0=2.67e-16  SNR=0.119
  43. proxy_rank=  46  sky_w=0.93  f=2.17e-09 Hz  Mc=7.52e+09 Msun  h0=3.01e-16  SNR=0.119
  44. proxy_rank=  28  sky_w=0.78  f=2.07e-09 Hz  Mc=9.44e+09 Msun  h0=7.43e-16  SNR=0.117
  45. proxy_rank=  42  sky_w=0.62  f=2.16e-09 Hz  Mc=9.50e+09 Msun  h0=4.79e-16  SNR=0.116
  46. proxy_rank=  48  sky_w=1.30  f=3.07e-09 Hz  Mc=5.85e+09 Msun  h0=2.72e-16  SNR=0.108
  47. proxy_rank=  32  sky_w=1.26  f=2.48e-09 Hz  Mc=6.86e+09 Msun  h0=3.69e-16  SNR=0.104
  48. proxy_rank=  41  sky_w=0.96  f=2.04e-09 Hz  Mc=7.94e+09 Msun  h0=3.20e-16  SNR=0.085
  49. proxy_rank=  55  sky_w=1.14  f=3.55e-09 Hz  Mc=4.54e+09 Msun  h0=1.82e-16  SNR=0.082
  50. proxy_rank=  50  sky_w=0.50  f=2.13e-09 Hz  Mc=8.32e+09 Msun  h0=4.17e-16  SNR=0.078
💾 Saved: data/2026-04-28/optimistic_run_44/consistent_population_optimistic_targetSNR4.25_sims1.json
💾 Saved compressed pickle: data/2026-04-28/optimistic_run_44/consistent_population_optimistic_targetSNR4.25_sims1.pkl.gz
Saved to figures/cgw_analysis_optimistic.pdf

======================================================================
ANALYSIS COMPLETE
Results saved to: data/2026-04-28/optimistic_run_44
======================================================================

==========================================
Job finished at: Tue Apr 28 17:15:15 AEST 2026
Exit code: 0
==========================================

+------------------ Job Report: 11717559 (COMPLETED) ------------------+
| Memory (RAM)  [####################] 104.5% (33.4 GB peak / 32 GB)   |
| CPU           [###############     ] 75.9% average                   |
| Time          [------------------> ] 90.0% (0-01:03:02 / 0-01:10:00) |
|                                                                      |
| Lustre Filesystem:                                                   |
|   Path    Total Read    Total Write    Total IOPS                    |
|   ------  ------------  -------------  ------------                  |
|   /apps   0 B           0 B            360                           |
|   /fred   196 KB        373 KB         84                            |
|   /home   62.7 MB       0 B            3.5 K                         |
|   OS      0 B           0 B            2                             |
+----------------------------------------------------------------------+
