==========================================
Job ID: 11740686
Job Name: smbhb_pessimistic
Node: dave305
Start Time: Wed Apr 29 14:54:25 AEST 2026
==========================================

/home/bhoulden/.conda/envs/smbhb312/share/tempo2
Working directory: /fred/oz005/users/bhoulden/SMBHB_population_injections

Loaded modules:

Starting SMBHB analysis...
==========================================

📁 Save directory: data/2026-04-29/pessimistic_run_170
📝 Run name: pessimistic_run_170

[MEM] Start: 244.8 MB

📡 Loading pulsars...
======================================================================
LOADING NANOGRAV PULSARS (libstempo)
======================================================================

📦 Loading from cache: nanograv_pulsars_cache.pkl
⚠ Cache load failed: Ran out of input
[DEBUG] Found 76 .par files
[tempo2Util.C:396] Warning: [MISC1] Unknown parameter in par file:  DMDATA
[tempo2Util.C:401] Warning: [DUP1] duplicated warnings have been suppressed.

WARNING: Using tempo RNAMP parameter: setting TNRedC to 100!
[observatory.C:271] Warning: Assuming site 'arecibo' means 'ao'
✓ Loaded B1855+09 (7758 TOAs)

WARNING: Using tempo RNAMP parameter: setting TNRedC to 100!
✓ Loaded B1937+21 (23023 TOAs)

WARNING: Using tempo RNAMP parameter: setting TNRedC to 100!
✓ Loaded B1937+21ao (7241 TOAs)

WARNING: Using tempo RNAMP parameter: setting TNRedC to 100!
✓ Loaded B1937+21gbt (16048 TOAs)

WARNING: Using tempo RNAMP parameter: setting TNRedC to 100!
✓ Loaded B1953+29 (5126 TOAs)
✓ Loaded J0023+0923 (15896 TOAs)

WARNING: Using tempo RNAMP parameter: setting TNRedC to 100!
✓ Loaded J0030+0451 (19571 TOAs)
✓ Loaded J0340+4130 (11093 TOAs)
✓ Loaded J0406+3039 (2446 TOAs)

WARNING: Using tempo RNAMP parameter: setting TNRedC to 100!
✓ Loaded J0437-4715 (5830 TOAs)
✓ Loaded J0509+0856 (2169 TOAs)
✓ Loaded J0557+1551 (525 TOAs)
✓ Loaded J0605+3757 (554 TOAs)

WARNING: Using tempo RNAMP parameter: setting TNRedC to 100!
✓ Loaded J0610-2100 (4885 TOAs)

WARNING: Using tempo RNAMP parameter: setting TNRedC to 100!
✓ Loaded J0613-0200 (17124 TOAs)
✓ Loaded J0614-3329 (1714 TOAs)
✓ Loaded J0636+5128 (32222 TOAs)
✓ Loaded J0645+5158 (10403 TOAs)
✓ Loaded J0709+0458 (3030 TOAs)
✓ Loaded J0740+6620 (13401 TOAs)
✓ Loaded J0931-1902 (5473 TOAs)

WARNING: Using tempo RNAMP parameter: setting TNRedC to 100!
✓ Loaded J1012+5307 (25837 TOAs)
✓ Loaded J1012-4235 (797 TOAs)
✓ Loaded J1022+1001 (3978 TOAs)
✓ Loaded J1024-0719 (12635 TOAs)
✓ Loaded J1125+7819 (8723 TOAs)
✓ Loaded J1312+0051 (1705 TOAs)
✓ Loaded J1453+1902 (2551 TOAs)
✓ Loaded J1455-3330 (10818 TOAs)

WARNING: Using tempo RNAMP parameter: setting TNRedC to 100!
✓ Loaded J1600-3053 (22955 TOAs)

WARNING: Using tempo RNAMP parameter: setting TNRedC to 100!
✓ Loaded J1600-3053gbt (19725 TOAs)

WARNING: Using tempo RNAMP parameter: setting TNRedC to 100!
✓ Loaded J1614-2230 (18445 TOAs)
✓ Loaded J1630+3734 (1815 TOAs)
✓ Loaded J1640+2224 (14066 TOAs)

WARNING: Using tempo RNAMP parameter: setting TNRedC to 100!
✓ Loaded J1643-1224 (22144 TOAs)

WARNING: Using tempo RNAMP parameter: setting TNRedC to 100!
✓ Loaded J1643-1224gbt (17932 TOAs)

WARNING: Using tempo RNAMP parameter: setting TNRedC to 100!
✓ Loaded J1705-1903 (9871 TOAs)

WARNING: Using tempo RNAMP parameter: setting TNRedC to 100!
✓ Loaded J1713+0747 (59389 TOAs)

WARNING: Using tempo RNAMP parameter: setting TNRedC to 100!
✓ Loaded J1713+0747ao (21362 TOAs)

WARNING: Using tempo RNAMP parameter: setting TNRedC to 100!
✓ Loaded J1713+0747gbt (32963 TOAs)
✓ Loaded J1719-1438 (6356 TOAs)
✓ Loaded J1730-2304 (4870 TOAs)
✓ Loaded J1738+0333 (8790 TOAs)
✓ Loaded J1741+1351 (5582 TOAs)

WARNING: Using tempo RNAMP parameter: setting TNRedC to 100!
✓ Loaded J1744-1134 (17745 TOAs)

WARNING: Using tempo RNAMP parameter: setting TNRedC to 100!
✓ Loaded J1745+1017 (3017 TOAs)

WARNING: Using tempo RNAMP parameter: setting TNRedC to 100!
✓ Loaded J1747-4036 (11055 TOAs)
✓ Loaded J1751-2857 (2025 TOAs)

WARNING: Using tempo RNAMP parameter: setting TNRedC to 100!
✓ Loaded J1802-2124 (6796 TOAs)
✓ Loaded J1811-2405 (5266 TOAs)
✓ Loaded J1832-0836 (7739 TOAs)
✓ Loaded J1843-1113 (4595 TOAs)

WARNING: Using tempo RNAMP parameter: setting TNRedC to 100!
✓ Loaded J1853+1303 (4570 TOAs)

WARNING: Using tempo RNAMP parameter: setting TNRedC to 100!
✓ Loaded J1903+0327 (6856 TOAs)

WARNING: Using tempo RNAMP parameter: setting TNRedC to 100!
✓ Loaded J1903+0327ao (6423 TOAs)

WARNING: Using tempo RNAMP parameter: setting TNRedC to 100!
✓ Loaded J1909-3744 (35037 TOAs)

WARNING: Using tempo RNAMP parameter: setting TNRedC to 100!
✓ Loaded J1909-3744gbt (31526 TOAs)
✓ Loaded J1910+1256 (6486 TOAs)
✓ Loaded J1911+1347 (3786 TOAs)
✓ Loaded J1918-0642 (18875 TOAs)
✓ Loaded J1923+2515 (3974 TOAs)
✓ Loaded J1944+0907 (5328 TOAs)

WARNING: Using tempo RNAMP parameter: setting TNRedC to 100!
✓ Loaded J1946+3417 (4743 TOAs)
✓ Loaded J2010-1323 (17077 TOAs)
✓ Loaded J2017+0603 (3512 TOAs)
✓ Loaded J2033+1734 (3847 TOAs)
✓ Loaded J2043+1711 (7397 TOAs)
✓ Loaded J2124-3358 (4982 TOAs)

WARNING: Using tempo RNAMP parameter: setting TNRedC to 100!
✓ Loaded J2145-0750 (18675 TOAs)
✓ Loaded J2214+3000 (7406 TOAs)
✓ Loaded J2229+2643 (3711 TOAs)

WARNING: Using tempo RNAMP parameter: setting TNRedC to 100!
✓ Loaded J2234+0611 (3566 TOAs)
✓ Loaded J2234+0944 (7535 TOAs)
✓ Loaded J2302+4442 (10211 TOAs)
✓ Loaded J2317+1439 (13927 TOAs)
✓ Loaded J2322+2057 (3088 TOAs)
⚠ Could not save cache: no default __reduce__ due to non-trivial __cinit__

✓ Loaded 76 pulsars
✗ Failed: 0 — []
[MEM] After loading pulsars: 8860.9 MB

🔍 Filtering pulsars...

Filtered: 76 → 67 pulsars
[MEM] After filtering pulsars: 8861.9 MB
[MEM] After garbage collection: 8861.9 MB

======================================================================
SMBHB POPULATION ANALYSIS
======================================================================

Configuration: pessimistic
  Lower mass, lower spread in distance, large population
  N_binaries: 10000000

======================================================================
CONSISTENT POPULATION SYNTHESIS
======================================================================

======================================================================
GENERATING SNR-CONSISTENT POPULATIONS
======================================================================
Target SNR:          4.0
Simulations:         1
======================================================================


──────────────────────────────────────────────────────────────────────
SIMULATION 1/1
──────────────────────────────────────────────────────────────────────
  [B1855+09] zeroing residuals...
  [B1855+09] adding red noise...
  [B1855+09] white noise for 430_PUPPI (1185 TOAs)...
  [B1855+09] white noise for L-wide_ASP (1178 TOAs)...
  [B1855+09] white noise for 430_ASP (390 TOAs)...
  [B1855+09] white noise for L-wide_PUPPI (5005 TOAs)...
  [B1937+21] zeroing residuals...
  [B1937+21] adding red noise...
  [B1937+21] white noise for Rcvr1_2_GASP (1069 TOAs)...
  [B1937+21] white noise for S-wide_PUPPI (2251 TOAs)...
  [B1937+21] white noise for Rcvr_800_GASP (586 TOAs)...
  [B1937+21] white noise for Rcvr1_2_GUPPI (7048 TOAs)...
  [B1937+21] white noise for S-wide_ASP (344 TOAs)...
  [B1937+21] white noise for L-wide_ASP (452 TOAs)...
  [B1937+21] white noise for L-wide_PUPPI (4133 TOAs)...
  [B1937+21] white noise for Rcvr_800_GUPPI (7140 TOAs)...
  [B1953+29] zeroing residuals...
  [B1953+29] adding red noise...
  [B1953+29] white noise for S-wide_ASP (25 TOAs)...
  [B1953+29] white noise for L-wide_ASP (94 TOAs)...
  [B1953+29] white noise for L-wide_PUPPI (4037 TOAs)...
  [B1953+29] white noise for 430_PUPPI (941 TOAs)...
  [B1953+29] white noise for 430_ASP (29 TOAs)...
  [J0023+0923] zeroing residuals...
  [J0023+0923] adding red noise...
  [J0023+0923] white noise for 430_PUPPI (4564 TOAs)...
  [J0023+0923] white noise for L-wide_ASP (119 TOAs)...
  [J0023+0923] white noise for 430_ASP (90 TOAs)...
  [J0023+0923] white noise for L-wide_PUPPI (11123 TOAs)...
  [J0030+0451] zeroing residuals...
  [J0030+0451] adding red noise...
  [J0030+0451] white noise for S-wide_PUPPI (2673 TOAs)...
  [J0030+0451] white noise for L-wide_ASP (789 TOAs)...
  [J0030+0451] white noise for L-wide_PUPPI (12774 TOAs)...
  [J0030+0451] white noise for 430_PUPPI (3068 TOAs)...
  [J0030+0451] white noise for 430_ASP (267 TOAs)...
  [J0340+4130] zeroing residuals...
  [J0340+4130] adding red noise...
  [J0340+4130] white noise for Rcvr1_2_GUPPI (5037 TOAs)...
  [J0340+4130] white noise for Rcvr_800_GUPPI (6056 TOAs)...
  [J0406+3039] zeroing residuals...
  [J0406+3039] adding red noise...
  [J0406+3039] white noise for S-wide_PUPPI (575 TOAs)...
  [J0406+3039] white noise for L-wide_PUPPI (1871 TOAs)...
  [J0437-4715] zeroing residuals...
  [J0437-4715] adding red noise...
  [J0437-4715] white noise for 3GHz_YUPPI (3696 TOAs)...
  [J0437-4715] white noise for 1.5GHz_YUPPI (2134 TOAs)...
  [J0509+0856] zeroing residuals...
  [J0509+0856] adding red noise...
  [J0509+0856] white noise for S-wide_PUPPI (544 TOAs)...
  [J0509+0856] white noise for L-wide_PUPPI (1625 TOAs)...
  [J0557+1551] zeroing residuals...
  [J0557+1551] adding red noise...
  [J0557+1551] white noise for S-wide_PUPPI (58 TOAs)...
  [J0557+1551] white noise for L-wide_PUPPI (467 TOAs)...
  [J0605+3757] zeroing residuals...
  [J0605+3757] adding red noise...
  [J0605+3757] white noise for Rcvr1_2_GUPPI (318 TOAs)...
  [J0605+3757] white noise for Rcvr_800_GUPPI (236 TOAs)...
  [J0610-2100] zeroing residuals...
  [J0610-2100] adding red noise...
  [J0610-2100] white noise for Rcvr1_2_GUPPI (2401 TOAs)...
  [J0610-2100] white noise for Rcvr_800_GUPPI (2484 TOAs)...
  [J0613-0200] zeroing residuals...
  [J0613-0200] adding red noise...
  [J0613-0200] white noise for Rcvr1_2_GASP (992 TOAs)...
  [J0613-0200] white noise for Rcvr1_2_GUPPI (7423 TOAs)...
  [J0613-0200] white noise for Rcvr_800_GUPPI (7900 TOAs)...
  [J0613-0200] white noise for Rcvr_800_GASP (809 TOAs)...
  [J0636+5128] zeroing residuals...
  [J0636+5128] adding red noise...
  [J0636+5128] white noise for Rcvr1_2_GUPPI (14803 TOAs)...
  [J0636+5128] white noise for Rcvr_800_GUPPI (17419 TOAs)...
  [J0645+5158] zeroing residuals...
  [J0645+5158] adding red noise...
  [J0645+5158] white noise for Rcvr1_2_GUPPI (5721 TOAs)...
  [J0645+5158] white noise for Rcvr_800_GUPPI (4682 TOAs)...
  [J0709+0458] zeroing residuals...
  [J0709+0458] adding red noise...
  [J0709+0458] white noise for S-wide_PUPPI (595 TOAs)...
  [J0709+0458] white noise for L-wide_PUPPI (2435 TOAs)...
  [J0740+6620] zeroing residuals...
  [J0740+6620] adding red noise...
  [J0740+6620] white noise for Rcvr1_2_GUPPI (8265 TOAs)...
  [J0740+6620] white noise for Rcvr_800_GUPPI (5136 TOAs)...
  [J0931-1902] zeroing residuals...
  [J0931-1902] adding red noise...
  [J0931-1902] white noise for Rcvr1_2_GUPPI (2054 TOAs)...
  [J0931-1902] white noise for Rcvr_800_GUPPI (3419 TOAs)...
  [J1012+5307] zeroing residuals...
  [J1012+5307] adding red noise...
  [J1012+5307] white noise for Rcvr1_2_GASP (1479 TOAs)...
  [J1012+5307] white noise for Rcvr1_2_GUPPI (12849 TOAs)...
  [J1012+5307] white noise for Rcvr_800_GUPPI (10299 TOAs)...
  [J1012+5307] white noise for Rcvr_800_GASP (1210 TOAs)...
  [J1012-4235] zeroing residuals...
  [J1012-4235] adding red noise...
  [J1012-4235] white noise for Rcvr1_2_GUPPI (455 TOAs)...
  [J1012-4235] white noise for Rcvr_800_GUPPI (342 TOAs)...
  [J1022+1001] zeroing residuals...
  [J1022+1001] adding red noise...
  [J1022+1001] white noise for 430_PUPPI (232 TOAs)...
  [J1022+1001] white noise for S-wide_PUPPI (1154 TOAs)...
  [J1022+1001] white noise for L-wide_PUPPI (2592 TOAs)...
  [J1024-0719] zeroing residuals...
  [J1024-0719] adding red noise...
  [J1024-0719] white noise for Rcvr1_2_GASP (43 TOAs)...
  [J1024-0719] white noise for Rcvr1_2_GUPPI (7086 TOAs)...
  [J1024-0719] white noise for Rcvr_800_GUPPI (5455 TOAs)...
  [J1024-0719] white noise for Rcvr_800_GASP (51 TOAs)...
  [J1125+7819] zeroing residuals...
  [J1125+7819] adding red noise...
  [J1125+7819] white noise for Rcvr1_2_GUPPI (4016 TOAs)...
  [J1125+7819] white noise for Rcvr_800_GUPPI (4707 TOAs)...
  [J1312+0051] zeroing residuals...
  [J1312+0051] adding red noise...
  [J1312+0051] white noise for S-wide_PUPPI (416 TOAs)...
  [J1312+0051] white noise for L-wide_PUPPI (1289 TOAs)...
  [J1453+1902] zeroing residuals...
  [J1453+1902] adding red noise...
  [J1453+1902] white noise for 430_PUPPI (425 TOAs)...
  [J1453+1902] white noise for S-wide_PUPPI (4 TOAs)...
  [J1453+1902] white noise for L-wide_PUPPI (2122 TOAs)...
  [J1455-3330] zeroing residuals...
  [J1455-3330] adding red noise...
  [J1455-3330] white noise for Rcvr1_2_GASP (564 TOAs)...
  [J1455-3330] white noise for Rcvr1_2_GUPPI (4932 TOAs)...
  [J1455-3330] white noise for Rcvr_800_GUPPI (4843 TOAs)...
  [J1455-3330] white noise for Rcvr_800_GASP (479 TOAs)...
  [J1600-3053] zeroing residuals...
  [J1600-3053] adding red noise...
  [J1600-3053] white noise for Rcvr1_2_GASP (457 TOAs)...
  [J1600-3053] white noise for Rcvr_800_GASP (297 TOAs)...
  [J1600-3053] white noise for 3GHz_YUPPI (3237 TOAs)...
  [J1600-3053] white noise for Rcvr1_2_GUPPI (10168 TOAs)...
  [J1600-3053] white noise for Rcvr_800_GUPPI (8796 TOAs)...
  [J1614-2230] zeroing residuals...
  [J1614-2230] adding red noise...
  [J1614-2230] white noise for Rcvr1_2_GASP (84 TOAs)...
  [J1614-2230] white noise for Rcvr1_2_GUPPI (10509 TOAs)...
  [J1614-2230] white noise for Rcvr_800_GUPPI (7768 TOAs)...
  [J1614-2230] white noise for Rcvr_800_GASP (84 TOAs)...
  [J1630+3734] zeroing residuals...
  [J1630+3734] adding red noise...
  [J1630+3734] white noise for Rcvr1_2_GUPPI (909 TOAs)...
  [J1630+3734] white noise for Rcvr_800_GUPPI (906 TOAs)...
  [J1640+2224] zeroing residuals...
  [J1640+2224] adding red noise...
  [J1640+2224] white noise for 430_PUPPI (3157 TOAs)...
  [J1640+2224] white noise for L-wide_ASP (722 TOAs)...
  [J1640+2224] white noise for 430_ASP (340 TOAs)...
  [J1640+2224] white noise for L-wide_PUPPI (9847 TOAs)...
  [J1643-1224] zeroing residuals...
  [J1643-1224] adding red noise...
  [J1643-1224] white noise for Rcvr1_2_GASP (833 TOAs)...
  [J1643-1224] white noise for Rcvr_800_GASP (559 TOAs)...
  [J1643-1224] white noise for 3GHz_YUPPI (4215 TOAs)...
  [J1643-1224] white noise for Rcvr1_2_GUPPI (8803 TOAs)...
  [J1643-1224] white noise for Rcvr_800_GUPPI (7734 TOAs)...
  [J1705-1903] zeroing residuals...
  [J1705-1903] adding red noise...
  [J1705-1903] white noise for Rcvr1_2_GUPPI (6350 TOAs)...
  [J1705-1903] white noise for Rcvr_800_GUPPI (3521 TOAs)...
  [J1713+0747] zeroing residuals...
  [J1713+0747] adding red noise...
  [J1713+0747] white noise for Rcvr1_2_GASP (1109 TOAs)...
  [J1713+0747] white noise for S-wide_PUPPI (7482 TOAs)...
  [J1713+0747] white noise for Rcvr_800_GASP (1032 TOAs)...
  [J1713+0747] white noise for 3GHz_YUPPI (3282 TOAs)...
  [J1713+0747] white noise for Rcvr1_2_GUPPI (22334 TOAs)...
  [J1713+0747] white noise for 1.5GHz_YUPPI (1461 TOAs)...
  [J1713+0747] white noise for S-wide_ASP (624 TOAs)...
  [J1713+0747] white noise for L-wide_ASP (843 TOAs)...
  [J1713+0747] white noise for L-wide_PUPPI (12743 TOAs)...
  [J1713+0747] white noise for Rcvr_800_GUPPI (8479 TOAs)...
  [J1719-1438] zeroing residuals...
  [J1719-1438] adding red noise...
  [J1719-1438] white noise for Rcvr1_2_GUPPI (2722 TOAs)...
  [J1719-1438] white noise for Rcvr_800_GUPPI (3634 TOAs)...
  [J1730-2304] zeroing residuals...
  [J1730-2304] adding red noise...
  [J1730-2304] white noise for Rcvr1_2_GUPPI (2367 TOAs)...
  [J1730-2304] white noise for Rcvr_800_GUPPI (2503 TOAs)...
  [J1738+0333] zeroing residuals...
  [J1738+0333] adding red noise...
  [J1738+0333] white noise for S-wide_PUPPI (1737 TOAs)...
  [J1738+0333] white noise for L-wide_ASP (201 TOAs)...
  [J1738+0333] white noise for S-wide_ASP (134 TOAs)...
  [J1738+0333] white noise for L-wide_PUPPI (6718 TOAs)...
  [J1741+1351] zeroing residuals...
  [J1741+1351] adding red noise...
  [J1741+1351] white noise for S-wide_ASP (115 TOAs)...
  [J1741+1351] white noise for L-wide_ASP (236 TOAs)...
  [J1741+1351] white noise for L-wide_PUPPI (4045 TOAs)...
  [J1741+1351] white noise for 430_PUPPI (1159 TOAs)...
  [J1741+1351] white noise for 430_ASP (27 TOAs)...
  [J1744-1134] zeroing residuals...
  [J1744-1134] adding red noise...
  [J1744-1134] white noise for Rcvr1_2_GASP (807 TOAs)...
  [J1744-1134] white noise for Rcvr1_2_GUPPI (8109 TOAs)...
  [J1744-1134] white noise for Rcvr_800_GUPPI (7899 TOAs)...
  [J1744-1134] white noise for Rcvr_800_GASP (930 TOAs)...
  [J1745+1017] zeroing residuals...
  [J1745+1017] adding red noise...
  [J1745+1017] white noise for S-wide_PUPPI (838 TOAs)...
  [J1745+1017] white noise for L-wide_PUPPI (2179 TOAs)...
  [J1747-4036] zeroing residuals...
  [J1747-4036] adding red noise...
  [J1747-4036] white noise for Rcvr1_2_GUPPI (5239 TOAs)...
  [J1747-4036] white noise for Rcvr_800_GUPPI (5816 TOAs)...
  [J1751-2857] zeroing residuals...
  [J1751-2857] adding red noise...
  [J1751-2857] white noise for Rcvr1_2_GUPPI (1786 TOAs)...
  [J1751-2857] white noise for Rcvr_800_GUPPI (239 TOAs)...
  [J1802-2124] zeroing residuals...
  [J1802-2124] adding red noise...
  [J1802-2124] white noise for Rcvr1_2_GUPPI (3231 TOAs)...
  [J1802-2124] white noise for Rcvr_800_GUPPI (3565 TOAs)...
  [J1811-2405] zeroing residuals...
  [J1811-2405] adding red noise...
  [J1811-2405] white noise for Rcvr1_2_GUPPI (2638 TOAs)...
  [J1811-2405] white noise for Rcvr_800_GUPPI (2628 TOAs)...
  [J1832-0836] zeroing residuals...
  [J1832-0836] adding red noise...
  [J1832-0836] white noise for Rcvr1_2_GUPPI (4661 TOAs)...
  [J1832-0836] white noise for Rcvr_800_GUPPI (3078 TOAs)...
  [J1843-1113] zeroing residuals...
  [J1843-1113] adding red noise...
  [J1843-1113] white noise for Rcvr1_2_GUPPI (2394 TOAs)...
  [J1843-1113] white noise for Rcvr_800_GUPPI (2201 TOAs)...
  [J1853+1303] zeroing residuals...
  [J1853+1303] adding red noise...
  [J1853+1303] white noise for 430_PUPPI (1151 TOAs)...
  [J1853+1303] white noise for L-wide_ASP (33 TOAs)...
  [J1853+1303] white noise for 430_ASP (24 TOAs)...
  [J1853+1303] white noise for L-wide_PUPPI (3362 TOAs)...
  [J1903+0327] zeroing residuals...
  [J1903+0327] adding red noise...
  [J1903+0327] white noise for S-wide_PUPPI (2282 TOAs)...
  [J1903+0327] white noise for 3GHz_YUPPI (439 TOAs)...
  [J1903+0327] white noise for S-wide_ASP (151 TOAs)...
  [J1903+0327] white noise for L-wide_ASP (139 TOAs)...
  [J1903+0327] white noise for L-wide_PUPPI (3845 TOAs)...
  [J1909-3744] zeroing residuals...
  [J1909-3744] adding red noise...
  [J1909-3744] white noise for Rcvr1_2_GASP (808 TOAs)...
  [J1909-3744] white noise for Rcvr_800_GASP (866 TOAs)...
  [J1909-3744] white noise for 3GHz_YUPPI (3525 TOAs)...
  [J1909-3744] white noise for Rcvr1_2_GUPPI (20439 TOAs)...
  [J1909-3744] white noise for Rcvr_800_GUPPI (9399 TOAs)...
  [J1910+1256] zeroing residuals...
  [J1910+1256] adding red noise...
  [J1910+1256] white noise for S-wide_PUPPI (1857 TOAs)...
  [J1910+1256] white noise for L-wide_ASP (297 TOAs)...
  [J1910+1256] white noise for S-wide_ASP (208 TOAs)...
  [J1910+1256] white noise for L-wide_PUPPI (4124 TOAs)...
  [J1911+1347] zeroing residuals...
  [J1911+1347] adding red noise...
  [J1911+1347] white noise for 430_PUPPI (753 TOAs)...
  [J1911+1347] white noise for L-wide_PUPPI (3033 TOAs)...
  [J1918-0642] zeroing residuals...
  [J1918-0642] adding red noise...
  [J1918-0642] white noise for Rcvr1_2_GASP (778 TOAs)...
  [J1918-0642] white noise for Rcvr1_2_GUPPI (8910 TOAs)...
  [J1918-0642] white noise for Rcvr_800_GUPPI (8352 TOAs)...
  [J1918-0642] white noise for Rcvr_800_GASP (835 TOAs)...
  [J1923+2515] zeroing residuals...
  [J1923+2515] adding red noise...
  [J1923+2515] white noise for 430_PUPPI (922 TOAs)...
  [J1923+2515] white noise for L-wide_ASP (14 TOAs)...
  [J1923+2515] white noise for 430_ASP (10 TOAs)...
  [J1923+2515] white noise for L-wide_PUPPI (3028 TOAs)...
  [J1944+0907] zeroing residuals...
  [J1944+0907] adding red noise...
  [J1944+0907] white noise for S-wide_ASP (116 TOAs)...
  [J1944+0907] white noise for L-wide_ASP (257 TOAs)...
  [J1944+0907] white noise for L-wide_PUPPI (3900 TOAs)...
  [J1944+0907] white noise for 430_PUPPI (1017 TOAs)...
  [J1944+0907] white noise for 430_ASP (38 TOAs)...
  [J1946+3417] zeroing residuals...
  [J1946+3417] adding red noise...
  [J1946+3417] white noise for S-wide_PUPPI (1546 TOAs)...
  [J1946+3417] white noise for L-wide_PUPPI (3197 TOAs)...
  [J2010-1323] zeroing residuals...
  [J2010-1323] adding red noise...
  [J2010-1323] white noise for Rcvr1_2_GASP (70 TOAs)...
  [J2010-1323] white noise for Rcvr1_2_GUPPI (7779 TOAs)...
  [J2010-1323] white noise for Rcvr_800_GUPPI (9158 TOAs)...
  [J2010-1323] white noise for Rcvr_800_GASP (70 TOAs)...
  [J2017+0603] zeroing residuals...
  [J2017+0603] adding red noise...
  [J2017+0603] white noise for S-wide_PUPPI (849 TOAs)...
  [J2017+0603] white noise for 430_PUPPI (78 TOAs)...
  [J2017+0603] white noise for L-wide_ASP (16 TOAs)...
  [J2017+0603] white noise for L-wide_PUPPI (2569 TOAs)...
  [J2033+1734] zeroing residuals...
  [J2033+1734] adding red noise...
  [J2033+1734] white noise for 430_PUPPI (797 TOAs)...
  [J2033+1734] white noise for L-wide_PUPPI (3050 TOAs)...
  [J2043+1711] zeroing residuals...
  [J2043+1711] adding red noise...
  [J2043+1711] white noise for 430_PUPPI (2908 TOAs)...
  [J2043+1711] white noise for L-wide_ASP (40 TOAs)...
  [J2043+1711] white noise for 430_ASP (30 TOAs)...
  [J2043+1711] white noise for L-wide_PUPPI (4419 TOAs)...
  [J2124-3358] zeroing residuals...
  [J2124-3358] adding red noise...
  [J2124-3358] white noise for Rcvr1_2_GUPPI (2957 TOAs)...
  [J2124-3358] white noise for Rcvr_800_GUPPI (2025 TOAs)...
  [J2145-0750] zeroing residuals...
  [J2145-0750] adding red noise...
  [J2145-0750] white noise for Rcvr1_2_GASP (427 TOAs)...
  [J2145-0750] white noise for Rcvr1_2_GUPPI (9158 TOAs)...
  [J2145-0750] white noise for Rcvr_800_GUPPI (8728 TOAs)...
  [J2145-0750] white noise for Rcvr_800_GASP (362 TOAs)...
  [J2214+3000] zeroing residuals...
  [J2214+3000] adding red noise...
  [J2214+3000] white noise for S-wide_PUPPI (1568 TOAs)...
  [J2214+3000] white noise for L-wide_ASP (9 TOAs)...
  [J2214+3000] white noise for L-wide_PUPPI (5829 TOAs)...
  [J2229+2643] zeroing residuals...
  [J2229+2643] adding red noise...
  [J2229+2643] white noise for 430_PUPPI (956 TOAs)...
  [J2229+2643] white noise for L-wide_PUPPI (2755 TOAs)...
  [J2234+0611] zeroing residuals...
  [J2234+0611] adding red noise...
  [J2234+0611] white noise for 430_PUPPI (653 TOAs)...
  [J2234+0611] white noise for L-wide_PUPPI (2913 TOAs)...
  [J2234+0944] zeroing residuals...
  [J2234+0944] adding red noise...
  [J2234+0944] white noise for S-wide_PUPPI (2532 TOAs)...
  [J2234+0944] white noise for L-wide_PUPPI (5003 TOAs)...
  [J2302+4442] zeroing residuals...
  [J2302+4442] adding red noise...
  [J2302+4442] white noise for Rcvr1_2_GUPPI (3779 TOAs)...
  [J2302+4442] white noise for Rcvr_800_GUPPI (6432 TOAs)...
  [J2317+1439] zeroing residuals...
  [J2317+1439] adding red noise...
  [J2317+1439] white noise for 327_PUPPI (276 TOAs)...
  [J2317+1439] white noise for 327_ASP (413 TOAs)...
  [J2317+1439] white noise for L-wide_PUPPI (9563 TOAs)...
  [J2317+1439] white noise for 430_PUPPI (3217 TOAs)...
  [J2317+1439] white noise for 430_ASP (458 TOAs)...
  [J2322+2057] zeroing residuals...
  [J2322+2057] adding red noise...
  [J2322+2057] white noise for 430_PUPPI (752 TOAs)...
  [J2322+2057] white noise for S-wide_PUPPI (140 TOAs)...
  [J2322+2057] white noise for L-wide_PUPPI (2196 TOAs)...
Resetting pulsars to clean stoas...
Restore: 0.00 s
Inject: 0.00 s
Snapshotting into enterprise Pulsar objects...
Building PTA...
PTA build: 518.13 s
Computing optimal statistic...
OS time: 54.10 s
Total: 572.23 s
Noise-only SNR baseline: 0.5193

Generating SNR-consistent population...
Target SNR: 4.0
Resetting pulsars to clean stoas...
Restore: 2.41 s
Injecting population...
  B1855+09: RMS = 2949.678 ns
  B1937+21: RMS = 3498.585 ns
  B1953+29: RMS = 2862.537 ns
  J0023+0923: RMS = 1120.107 ns
  J0030+0451: RMS = 1359.277 ns
  J0340+4130: RMS = 1406.886 ns
  J0406+3039: RMS = 1043.974 ns
  J0437-4715: RMS = 362.849 ns
  J0509+0856: RMS = 410.529 ns
  J0557+1551: RMS = 922.096 ns
  J0605+3757: RMS = 919.169 ns
  J0610-2100: RMS = 1589.686 ns
  J0613-0200: RMS = 811.065 ns
  J0636+5128: RMS = 1685.059 ns
  J0645+5158: RMS = 2003.457 ns
  J0709+0458: RMS = 1087.687 ns
  J0740+6620: RMS = 1032.298 ns
  J0931-1902: RMS = 1306.216 ns
  J1012+5307: RMS = 985.513 ns
  J1012-4235: RMS = 243.894 ns
  J1022+1001: RMS = 526.864 ns
  J1024-0719: RMS = 1506.704 ns
  J1125+7819: RMS = 880.258 ns
  J1312+0051: RMS = 609.224 ns
  J1453+1902: RMS = 389.700 ns
  J1455-3330: RMS = 786.608 ns
  J1600-3053: RMS = 486.305 ns
  J1614-2230: RMS = 439.635 ns
  J1630+3734: RMS = 247.242 ns
  J1640+2224: RMS = 1061.326 ns
  J1643-1224: RMS = 921.689 ns
  J1705-1903: RMS = 473.557 ns
  J1713+0747: RMS = 2458.898 ns
  J1719-1438: RMS = 867.157 ns
  J1730-2304: RMS = 888.062 ns
  J1738+0333: RMS = 2260.886 ns
  J1741+1351: RMS = 2407.415 ns
  J1744-1134: RMS = 1098.332 ns
  J1745+1017: RMS = 2230.089 ns
  J1747-4036: RMS = 1458.390 ns
  J1751-2857: RMS = 1196.949 ns
  J1802-2124: RMS = 983.444 ns
  J1811-2405: RMS = 691.266 ns
  J1832-0836: RMS = 2121.455 ns
  J1843-1113: RMS = 770.856 ns
  J1853+1303: RMS = 2611.897 ns
  J1903+0327: RMS = 1769.086 ns
  J1909-3744: RMS = 2235.753 ns
  J1910+1256: RMS = 3260.850 ns
  J1911+1347: RMS = 2620.345 ns
  J1918-0642: RMS = 617.584 ns
  J1923+2515: RMS = 2889.725 ns
  J1944+0907: RMS = 2110.736 ns
  J1946+3417: RMS = 2903.653 ns
  J2010-1323: RMS = 810.544 ns
  J2017+0603: RMS = 1242.409 ns
  J2033+1734: RMS = 1117.223 ns
  J2043+1711: RMS = 1397.374 ns
  J2124-3358: RMS = 711.180 ns
  J2145-0750: RMS = 1640.925 ns
  J2214+3000: RMS = 784.394 ns
  J2229+2643: RMS = 917.491 ns
  J2234+0611: RMS = 779.979 ns
  J2234+0944: RMS = 570.149 ns
  J2302+4442: RMS = 1694.448 ns
  J2317+1439: RMS = 380.303 ns
  J2322+2057: RMS = 341.916 ns
Inject: 166.22 s
Snapshotting into enterprise Pulsar objects...
Building PTA...
PTA build: 514.90 s
Computing optimal statistic...
OS time: 53.38 s
Total: 736.92 s
Initial SNR: -10.0142, Target SNR: 4.0000
  ✗ Initial SNR -10.0142 is non-positive, cannot scale distances.
✗ Simulation 1, trial 1 FAILED, retrying...

Generating SNR-consistent population...
Target SNR: 4.0
Resetting pulsars to clean stoas...
Restore: 2.74 s
Injecting population...
  B1855+09: RMS = 2678.676 ns
  B1937+21: RMS = 2535.621 ns
  B1953+29: RMS = 1960.222 ns
  J0023+0923: RMS = 1216.993 ns
  J0030+0451: RMS = 784.374 ns
  J0340+4130: RMS = 1857.127 ns
  J0406+3039: RMS = 879.092 ns
  J0437-4715: RMS = 1453.816 ns
  J0509+0856: RMS = 628.181 ns
  J0557+1551: RMS = 1344.350 ns
  J0605+3757: RMS = 546.009 ns
  J0610-2100: RMS = 639.279 ns
  J0613-0200: RMS = 1394.247 ns
  J0636+5128: RMS = 636.806 ns
  J0645+5158: RMS = 1144.098 ns
  J0709+0458: RMS = 335.119 ns
  J0740+6620: RMS = 308.394 ns
  J0931-1902: RMS = 994.567 ns
  J1012+5307: RMS = 1004.789 ns
  J1012-4235: RMS = 728.470 ns
  J1022+1001: RMS = 628.284 ns
  J1024-0719: RMS = 1472.158 ns
  J1125+7819: RMS = 1032.116 ns
  J1312+0051: RMS = 1116.825 ns
  J1453+1902: RMS = 1732.271 ns
  J1455-3330: RMS = 1922.687 ns
  J1600-3053: RMS = 1836.649 ns
  J1614-2230: RMS = 2059.060 ns
  J1630+3734: RMS = 810.202 ns
  J1640+2224: RMS = 3664.314 ns
  J1643-1224: RMS = 1579.047 ns
  J1705-1903: RMS = 803.387 ns
  J1713+0747: RMS = 3494.616 ns
  J1719-1438: RMS = 965.381 ns
  J1730-2304: RMS = 935.264 ns
  J1738+0333: RMS = 2780.509 ns
  J1741+1351: RMS = 3379.369 ns
  J1744-1134: RMS = 1361.464 ns
  J1745+1017: RMS = 1293.730 ns
  J1747-4036: RMS = 1354.134 ns
  J1751-2857: RMS = 965.514 ns
  J1802-2124: RMS = 1048.187 ns
  J1811-2405: RMS = 1486.694 ns
  J1832-0836: RMS = 703.563 ns
  J1843-1113: RMS = 438.912 ns
  J1853+1303: RMS = 3258.572 ns
  J1903+0327: RMS = 2031.730 ns
  J1909-3744: RMS = 2389.145 ns
  J1910+1256: RMS = 2631.857 ns
  J1911+1347: RMS = 1303.569 ns
  J1918-0642: RMS = 1099.990 ns
  J1923+2515: RMS = 3042.030 ns
  J1944+0907: RMS = 1331.684 ns
  J1946+3417: RMS = 2105.964 ns
  J2010-1323: RMS = 745.379 ns
  J2017+0603: RMS = 855.885 ns
  J2033+1734: RMS = 1518.860 ns
  J2043+1711: RMS = 609.881 ns
  J2124-3358: RMS = 175.369 ns
  J2145-0750: RMS = 1648.758 ns
  J2214+3000: RMS = 2355.952 ns
  J2229+2643: RMS = 2413.148 ns
  J2234+0611: RMS = 898.611 ns
  J2234+0944: RMS = 876.791 ns
  J2302+4442: RMS = 3106.847 ns
  J2317+1439: RMS = 2337.875 ns
  J2322+2057: RMS = 2281.622 ns
Inject: 142.84 s
Snapshotting into enterprise Pulsar objects...
Building PTA...
PTA build: 503.70 s
Computing optimal statistic...
OS time: 48.48 s
Total: 697.76 s
Initial SNR: 38.8947, Target SNR: 4.0000
  Initial SNR 38.8947 outside of provided SNR_range [3.5, 4.25] — rescaling.
Scaling distances by factor 3.3204 to achieve target SNR...
Resetting pulsars to clean stoas...
Restore: 0.01 s
Injecting population...
  B1855+09: RMS = 806.728 ns
  B1937+21: RMS = 763.644 ns
  B1953+29: RMS = 590.353 ns
  J0023+0923: RMS = 366.518 ns
  J0030+0451: RMS = 236.227 ns
  J0340+4130: RMS = 559.305 ns
  J0406+3039: RMS = 264.753 ns
  J0437-4715: RMS = 437.841 ns
  J0509+0856: RMS = 189.187 ns
  J0557+1551: RMS = 404.873 ns
  J0605+3757: RMS = 164.440 ns
  J0610-2100: RMS = 192.529 ns
  J0613-0200: RMS = 419.901 ns
  J0636+5128: RMS = 191.785 ns
  J0645+5158: RMS = 344.564 ns
  J0709+0458: RMS = 100.927 ns
  J0740+6620: RMS = 92.878 ns
  J0931-1902: RMS = 299.530 ns
  J1012+5307: RMS = 302.609 ns
  J1012-4235: RMS = 219.391 ns
  J1022+1001: RMS = 189.218 ns
  J1024-0719: RMS = 443.365 ns
  J1125+7819: RMS = 310.839 ns
  J1312+0051: RMS = 336.350 ns
  J1453+1902: RMS = 521.702 ns
  J1455-3330: RMS = 579.049 ns
  J1600-3053: RMS = 553.137 ns
  J1614-2230: RMS = 620.120 ns
  J1630+3734: RMS = 244.006 ns
  J1640+2224: RMS = 1103.569 ns
  J1643-1224: RMS = 475.556 ns
  J1705-1903: RMS = 241.953 ns
  J1713+0747: RMS = 1052.462 ns
  J1719-1438: RMS = 290.740 ns
  J1730-2304: RMS = 281.670 ns
  J1738+0333: RMS = 837.396 ns
  J1741+1351: RMS = 1017.753 ns
  J1744-1134: RMS = 410.028 ns
  J1745+1017: RMS = 389.628 ns
  J1747-4036: RMS = 407.820 ns
  J1751-2857: RMS = 290.781 ns
  J1802-2124: RMS = 315.679 ns
  J1811-2405: RMS = 447.743 ns
  J1832-0836: RMS = 211.890 ns
  J1843-1113: RMS = 132.186 ns
  J1853+1303: RMS = 981.373 ns
  J1903+0327: RMS = 611.889 ns
  J1909-3744: RMS = 719.531 ns
  J1910+1256: RMS = 792.627 ns
  J1911+1347: RMS = 392.591 ns
  J1918-0642: RMS = 331.280 ns
  J1923+2515: RMS = 916.158 ns
  J1944+0907: RMS = 401.059 ns
  J1946+3417: RMS = 634.246 ns
  J2010-1323: RMS = 224.483 ns
  J2017+0603: RMS = 257.764 ns
  J2033+1734: RMS = 457.430 ns
  J2043+1711: RMS = 183.676 ns
  J2124-3358: RMS = 52.815 ns
  J2145-0750: RMS = 496.551 ns
  J2214+3000: RMS = 709.534 ns
  J2229+2643: RMS = 726.759 ns
  J2234+0611: RMS = 270.632 ns
  J2234+0944: RMS = 264.060 ns
  J2302+4442: RMS = 935.678 ns
  J2317+1439: RMS = 704.090 ns
  J2322+2057: RMS = 687.148 ns
Inject: 195.17 s
Snapshotting into enterprise Pulsar objects...
Building PTA...
PTA build: 446.39 s
Computing optimal statistic...
OS time: 43.53 s
Total: 685.09 s
  SNR 4.8171 outside of provided SNR_range [3.5, 4.25] — rescaling.
[Iteration 1/4] SNR after scaling: 4.8171 (target: 4.0000)
  SNR history: it0→38.8947@1.0000x, it1→4.8171@3.3204x
  Re-scaling distances by factor 1.1225  (cumulative after: 3.7273×)
Resetting pulsars to clean stoas...
Restore: 0.00 s
Injecting population...
  B1855+09: RMS = 718.670 ns
  B1937+21: RMS = 680.289 ns
  B1953+29: RMS = 525.914 ns
  J0023+0923: RMS = 326.511 ns
  J0030+0451: RMS = 210.442 ns
  J0340+4130: RMS = 498.254 ns
  J0406+3039: RMS = 235.854 ns
  J0437-4715: RMS = 390.049 ns
  J0509+0856: RMS = 168.537 ns
  J0557+1551: RMS = 360.680 ns
  J0605+3757: RMS = 146.490 ns
  J0610-2100: RMS = 171.514 ns
  J0613-0200: RMS = 374.067 ns
  J0636+5128: RMS = 170.851 ns
  J0645+5158: RMS = 306.953 ns
  J0709+0458: RMS = 89.910 ns
  J0740+6620: RMS = 82.740 ns
  J0931-1902: RMS = 266.835 ns
  J1012+5307: RMS = 269.578 ns
  J1012-4235: RMS = 195.443 ns
  J1022+1001: RMS = 168.564 ns
  J1024-0719: RMS = 394.970 ns
  J1125+7819: RMS = 276.910 ns
  J1312+0051: RMS = 299.636 ns
  J1453+1902: RMS = 464.756 ns
  J1455-3330: RMS = 515.844 ns
  J1600-3053: RMS = 492.760 ns
  J1614-2230: RMS = 552.431 ns
  J1630+3734: RMS = 217.371 ns
  J1640+2224: RMS = 983.110 ns
  J1643-1224: RMS = 423.647 ns
  J1705-1903: RMS = 215.543 ns
  J1713+0747: RMS = 937.581 ns
  J1719-1438: RMS = 259.005 ns
  J1730-2304: RMS = 250.925 ns
  J1738+0333: RMS = 745.991 ns
  J1741+1351: RMS = 906.661 ns
  J1744-1134: RMS = 365.271 ns
  J1745+1017: RMS = 347.099 ns
  J1747-4036: RMS = 363.305 ns
  J1751-2857: RMS = 259.041 ns
  J1802-2124: RMS = 281.221 ns
  J1811-2405: RMS = 398.870 ns
  J1832-0836: RMS = 188.761 ns
  J1843-1113: RMS = 117.757 ns
  J1853+1303: RMS = 874.252 ns
  J1903+0327: RMS = 545.099 ns
  J1909-3744: RMS = 640.991 ns
  J1910+1256: RMS = 706.109 ns
  J1911+1347: RMS = 349.738 ns
  J1918-0642: RMS = 295.120 ns
  J1923+2515: RMS = 816.156 ns
  J1944+0907: RMS = 357.281 ns
  J1946+3417: RMS = 565.015 ns
  J2010-1323: RMS = 199.980 ns
  J2017+0603: RMS = 229.628 ns
  J2033+1734: RMS = 407.500 ns
  J2043+1711: RMS = 163.627 ns
  J2124-3358: RMS = 47.050 ns
  J2145-0750: RMS = 442.350 ns
  J2214+3000: RMS = 632.086 ns
  J2229+2643: RMS = 647.431 ns
  J2234+0611: RMS = 241.091 ns
  J2234+0944: RMS = 235.237 ns
  J2302+4442: RMS = 833.545 ns
  J2317+1439: RMS = 627.236 ns
  J2322+2057: RMS = 612.143 ns
Inject: 145.17 s
Snapshotting into enterprise Pulsar objects...
Building PTA...
PTA build: 459.75 s
Computing optimal statistic...
OS time: 60.07 s
Total: 664.99 s
  ✓ SNR is within the provided SNR_range: 4.0434 ∈ [3.5, 4.25]

Final SNR history:
  it 0: cumulative_scale=1.0000×  SNR=38.8947
  it 1: cumulative_scale=3.3204×  SNR=4.8171
  it 2: cumulative_scale=3.7273×  SNR=4.0434
✓ Simulation 1 done (2855.2 s)

======================================================================
ENSEMBLE SUMMARY
======================================================================
Success rate: 100.0% (1/1)

Binaries per population:
  Mean ± std : 10000000 ± 0
  Range      : [10000000, 10000000]

SNR achieved:
  Mean ± std : 4.0434 ± 0.0000
  Range      : [4.0434, 4.0434]

Total time: 3466.8 s (57.8 min)
======================================================================

💾 Saved: data/2026-04-29/pessimistic_run_170/consistent_population_pessimistic_targetSNR4.25_sims1.json
💾 Saved compressed pickle: data/2026-04-29/pessimistic_run_170/consistent_population_pessimistic_targetSNR4.25_sims1.pkl.gz

======================================================================
CONTINUOUS WAVE SNR ANALYSIS
======================================================================

--- Population 1 ---
Precomputation of phiinvs, TNTs, Ts, Nvecs, Sigmas took 0.04 seconds.
Total SNR computation for population took 414.31 seconds.
Top 50 CGW candidates:
   1. proxy_rank=   9  sky_w=1.07  f=8.21e-09 Hz  Mc=4.77e+09 Msun  h0=1.81e-15  SNR=2.493
   2. proxy_rank=   1  sky_w=1.28  f=4.86e-09 Hz  Mc=4.15e+09 Msun  h0=1.69e-15  SNR=1.421
   3. proxy_rank= 862  sky_w=1.29  f=9.54e-09 Hz  Mc=4.94e+09 Msun  h0=3.97e-16  SNR=0.665
   4. proxy_rank=  79  sky_w=1.18  f=5.13e-09 Hz  Mc=2.06e+09 Msun  h0=4.75e-16  SNR=0.611
   5. proxy_rank= 740  sky_w=1.24  f=8.14e-09 Hz  Mc=4.94e+09 Msun  h0=3.67e-16  SNR=0.569
   6. proxy_rank= 487  sky_w=1.47  f=8.06e-09 Hz  Mc=3.78e+09 Msun  h0=3.52e-16  SNR=0.567
   7. proxy_rank= 488  sky_w=1.52  f=8.17e-09 Hz  Mc=3.93e+09 Msun  h0=3.46e-16  SNR=0.454
   8. proxy_rank= 843  sky_w=1.40  f=8.65e-09 Hz  Mc=3.07e+09 Msun  h0=3.34e-16  SNR=0.449
   9. proxy_rank= 290  sky_w=1.51  f=5.38e-09 Hz  Mc=4.41e+09 Msun  h0=2.71e-16  SNR=0.449
  10. proxy_rank= 901  sky_w=0.55  f=1.14e-08 Hz  Mc=2.64e+09 Msun  h0=1.10e-15  SNR=0.446
  11. proxy_rank= 313  sky_w=1.40  f=1.05e-08 Hz  Mc=1.95e+09 Msun  h0=5.53e-16  SNR=0.430
  12. proxy_rank= 470  sky_w=0.90  f=5.97e-09 Hz  Mc=3.64e+09 Msun  h0=4.32e-16  SNR=0.419
  13. proxy_rank= 259  sky_w=1.10  f=5.21e-09 Hz  Mc=5.66e+09 Msun  h0=3.74e-16  SNR=0.392
  14. proxy_rank= 794  sky_w=1.34  f=5.90e-09 Hz  Mc=2.38e+09 Msun  h0=2.43e-16  SNR=0.374
  15. proxy_rank= 283  sky_w=1.52  f=6.10e-09 Hz  Mc=3.07e+09 Msun  h0=3.08e-16  SNR=0.372
  16. proxy_rank= 427  sky_w=1.44  f=5.77e-09 Hz  Mc=3.68e+09 Msun  h0=2.71e-16  SNR=0.366
  17. proxy_rank= 230  sky_w=1.61  f=4.92e-09 Hz  Mc=3.46e+09 Msun  h0=2.52e-16  SNR=0.343
  18. proxy_rank=   8  sky_w=1.58  f=3.29e-09 Hz  Mc=4.87e+09 Msun  h0=5.11e-16  SNR=0.343
  19. proxy_rank= 156  sky_w=1.62  f=4.26e-09 Hz  Mc=1.75e+09 Msun  h0=2.44e-16  SNR=0.342
  20. proxy_rank= 312  sky_w=1.34  f=6.49e-09 Hz  Mc=1.47e+09 Msun  h0=3.58e-16  SNR=0.338
  21. proxy_rank= 623  sky_w=1.35  f=5.54e-09 Hz  Mc=3.43e+09 Msun  h0=2.46e-16  SNR=0.335
  22. proxy_rank= 845  sky_w=0.58  f=4.98e-09 Hz  Mc=6.77e+09 Msun  h0=4.59e-16  SNR=0.328
  23. proxy_rank= 174  sky_w=1.37  f=4.10e-09 Hz  Mc=3.69e+09 Msun  h0=2.69e-16  SNR=0.319
  24. proxy_rank= 771  sky_w=1.02  f=5.05e-09 Hz  Mc=2.52e+09 Msun  h0=2.74e-16  SNR=0.315
  25. proxy_rank= 583  sky_w=0.86  f=4.64e-09 Hz  Mc=2.99e+09 Msun  h0=3.29e-16  SNR=0.313
  26. proxy_rank=  57  sky_w=1.14  f=3.31e-09 Hz  Mc=5.24e+09 Msun  h0=3.55e-16  SNR=0.310
  27. proxy_rank= 481  sky_w=1.27  f=4.81e-09 Hz  Mc=3.39e+09 Msun  h0=2.45e-16  SNR=0.308
  28. proxy_rank= 715  sky_w=0.90  f=5.54e-09 Hz  Mc=5.16e+09 Msun  h0=3.48e-16  SNR=0.306
  29. proxy_rank= 805  sky_w=1.09  f=5.23e-09 Hz  Mc=3.59e+09 Msun  h0=2.62e-16  SNR=0.303
  30. proxy_rank=  47  sky_w=1.58  f=4.19e-09 Hz  Mc=3.25e+09 Msun  h0=3.51e-16  SNR=0.289
  31. proxy_rank=   6  sky_w=1.12  f=2.34e-09 Hz  Mc=2.45e+09 Msun  h0=5.29e-16  SNR=0.288
  32. proxy_rank= 476  sky_w=1.45  f=5.47e-09 Hz  Mc=4.57e+09 Msun  h0=2.45e-16  SNR=0.282
  33. proxy_rank= 532  sky_w=1.44  f=7.36e-09 Hz  Mc=4.50e+09 Msun  h0=3.21e-16  SNR=0.281
  34. proxy_rank=  10  sky_w=1.60  f=2.54e-09 Hz  Mc=2.77e+09 Msun  h0=3.40e-16  SNR=0.279
  35. proxy_rank= 823  sky_w=1.27  f=4.82e-09 Hz  Mc=3.70e+09 Msun  h0=2.06e-16  SNR=0.276
  36. proxy_rank= 969  sky_w=1.15  f=4.74e-09 Hz  Mc=2.51e+09 Msun  h0=2.11e-16  SNR=0.275
  37. proxy_rank= 387  sky_w=1.32  f=5.28e-09 Hz  Mc=5.04e+09 Msun  h0=2.82e-16  SNR=0.275
  38. proxy_rank= 975  sky_w=1.35  f=5.20e-09 Hz  Mc=3.39e+09 Msun  h0=1.96e-16  SNR=0.267
  39. proxy_rank= 244  sky_w=0.72  f=5.57e-09 Hz  Mc=4.57e+09 Msun  h0=6.20e-16  SNR=0.261
  40. proxy_rank=  33  sky_w=1.12  f=3.06e-09 Hz  Mc=3.58e+09 Msun  h0=3.97e-16  SNR=0.260
  41. proxy_rank= 217  sky_w=0.83  f=4.23e-09 Hz  Mc=3.12e+09 Msun  h0=4.25e-16  SNR=0.259
  42. proxy_rank= 660  sky_w=1.19  f=4.61e-09 Hz  Mc=4.50e+09 Msun  h0=2.26e-16  SNR=0.257
  43. proxy_rank=   2  sky_w=1.45  f=2.10e-09 Hz  Mc=5.83e+09 Msun  h0=6.02e-16  SNR=0.255
  44. proxy_rank= 479  sky_w=1.59  f=4.81e-09 Hz  Mc=4.27e+09 Msun  h0=1.96e-16  SNR=0.254
  45. proxy_rank= 113  sky_w=1.34  f=5.52e-09 Hz  Mc=3.71e+09 Msun  h0=4.17e-16  SNR=0.253
  46. proxy_rank= 385  sky_w=0.79  f=6.68e-09 Hz  Mc=1.53e+09 Msun  h0=5.98e-16  SNR=0.250
  47. proxy_rank=  51  sky_w=1.41  f=3.91e-09 Hz  Mc=4.26e+09 Msun  h0=3.64e-16  SNR=0.249
  48. proxy_rank=  48  sky_w=1.35  f=3.73e-09 Hz  Mc=6.50e+09 Msun  h0=3.65e-16  SNR=0.243
  49. proxy_rank=  13  sky_w=1.57  f=2.69e-09 Hz  Mc=7.45e+09 Msun  h0=3.44e-16  SNR=0.242
  50. proxy_rank=  29  sky_w=1.11  f=2.76e-09 Hz  Mc=5.89e+09 Msun  h0=3.69e-16  SNR=0.239
💾 Saved: data/2026-04-29/pessimistic_run_170/consistent_population_pessimistic_targetSNR4.25_sims1.json
💾 Saved compressed pickle: data/2026-04-29/pessimistic_run_170/consistent_population_pessimistic_targetSNR4.25_sims1.pkl.gz
Saved to figures/cgw_analysis_pessimistic.pdf

======================================================================
ANALYSIS COMPLETE
Results saved to: data/2026-04-29/pessimistic_run_170
======================================================================

==========================================
Job finished at: Wed Apr 29 16:07:17 AEST 2026
Exit code: 0
==========================================

+------------------ Job Report: 11740686 (COMPLETED) ------------------+
| Memory (RAM)  [##################  ] 92.1% (36.9 GB peak / 40 GB)    |
| CPU           [################    ] 81.5% average                   |
| Time          [----------------->  ] 85.8% (0-01:12:57 / 0-01:25:00) |
|                                                                      |
| Lustre Filesystem:                                                   |
|   Path    Total Read    Total Write    Total IOPS                    |
|   ------  ------------  -------------  ------------                  |
|   /apps   0 B           0 B            420                           |
|   /fred   104 KB        6.7 MB         100                           |
|   /home   0 B           0 B            2.1 K                         |
|   OS      0 B           0 B            2                             |
+----------------------------------------------------------------------+
