==========================================
Job ID: 11717561
Job Name: smbhb_optimistic
Node: dave311
Start Time: Tue Apr 28 16:12:19 AEST 2026
==========================================

/home/bhoulden/.conda/envs/smbhb312/share/tempo2
Working directory: /fred/oz005/users/bhoulden/SMBHB_population_injections

Loaded modules:

Starting SMBHB analysis...
==========================================

📁 Save directory: data/2026-04-28/optimistic_run_46
📝 Run name: optimistic_run_46

[MEM] Start: 244.6 MB

📡 Loading pulsars...
======================================================================
LOADING NANOGRAV PULSARS (libstempo)
======================================================================

📦 Loading from cache: nanograv_pulsars_cache.pkl
⚠ Cache load failed: Ran out of input
[DEBUG] Found 76 .par files
[tempo2Util.C:396] Warning: [MISC1] Unknown parameter in par file:  DMDATA
[tempo2Util.C:401] Warning: [DUP1] duplicated warnings have been suppressed.

WARNING: Using tempo RNAMP parameter: setting TNRedC to 100!
[observatory.C:271] Warning: Assuming site 'arecibo' means 'ao'
✓ Loaded B1855+09 (7758 TOAs)

WARNING: Using tempo RNAMP parameter: setting TNRedC to 100!
✓ Loaded B1937+21 (23023 TOAs)

WARNING: Using tempo RNAMP parameter: setting TNRedC to 100!
✓ Loaded B1937+21ao (7241 TOAs)

WARNING: Using tempo RNAMP parameter: setting TNRedC to 100!
✓ Loaded B1937+21gbt (16048 TOAs)

WARNING: Using tempo RNAMP parameter: setting TNRedC to 100!
✓ Loaded B1953+29 (5126 TOAs)
✓ Loaded J0023+0923 (15896 TOAs)

WARNING: Using tempo RNAMP parameter: setting TNRedC to 100!
✓ Loaded J0030+0451 (19571 TOAs)
✓ Loaded J0340+4130 (11093 TOAs)
✓ Loaded J0406+3039 (2446 TOAs)

WARNING: Using tempo RNAMP parameter: setting TNRedC to 100!
✓ Loaded J0437-4715 (5830 TOAs)
✓ Loaded J0509+0856 (2169 TOAs)
✓ Loaded J0557+1551 (525 TOAs)
✓ Loaded J0605+3757 (554 TOAs)

WARNING: Using tempo RNAMP parameter: setting TNRedC to 100!
✓ Loaded J0610-2100 (4885 TOAs)

WARNING: Using tempo RNAMP parameter: setting TNRedC to 100!
✓ Loaded J0613-0200 (17124 TOAs)
✓ Loaded J0614-3329 (1714 TOAs)
✓ Loaded J0636+5128 (32222 TOAs)
✓ Loaded J0645+5158 (10403 TOAs)
✓ Loaded J0709+0458 (3030 TOAs)
✓ Loaded J0740+6620 (13401 TOAs)
✓ Loaded J0931-1902 (5473 TOAs)

WARNING: Using tempo RNAMP parameter: setting TNRedC to 100!
✓ Loaded J1012+5307 (25837 TOAs)
✓ Loaded J1012-4235 (797 TOAs)
✓ Loaded J1022+1001 (3978 TOAs)
✓ Loaded J1024-0719 (12635 TOAs)
✓ Loaded J1125+7819 (8723 TOAs)
✓ Loaded J1312+0051 (1705 TOAs)
✓ Loaded J1453+1902 (2551 TOAs)
✓ Loaded J1455-3330 (10818 TOAs)

WARNING: Using tempo RNAMP parameter: setting TNRedC to 100!
✓ Loaded J1600-3053 (22955 TOAs)

WARNING: Using tempo RNAMP parameter: setting TNRedC to 100!
✓ Loaded J1600-3053gbt (19725 TOAs)

WARNING: Using tempo RNAMP parameter: setting TNRedC to 100!
✓ Loaded J1614-2230 (18445 TOAs)
✓ Loaded J1630+3734 (1815 TOAs)
✓ Loaded J1640+2224 (14066 TOAs)

WARNING: Using tempo RNAMP parameter: setting TNRedC to 100!
✓ Loaded J1643-1224 (22144 TOAs)

WARNING: Using tempo RNAMP parameter: setting TNRedC to 100!
✓ Loaded J1643-1224gbt (17932 TOAs)

WARNING: Using tempo RNAMP parameter: setting TNRedC to 100!
✓ Loaded J1705-1903 (9871 TOAs)

WARNING: Using tempo RNAMP parameter: setting TNRedC to 100!
✓ Loaded J1713+0747 (59389 TOAs)

WARNING: Using tempo RNAMP parameter: setting TNRedC to 100!
✓ Loaded J1713+0747ao (21362 TOAs)

WARNING: Using tempo RNAMP parameter: setting TNRedC to 100!
✓ Loaded J1713+0747gbt (32963 TOAs)
✓ Loaded J1719-1438 (6356 TOAs)
✓ Loaded J1730-2304 (4870 TOAs)
✓ Loaded J1738+0333 (8790 TOAs)
✓ Loaded J1741+1351 (5582 TOAs)

WARNING: Using tempo RNAMP parameter: setting TNRedC to 100!
✓ Loaded J1744-1134 (17745 TOAs)

WARNING: Using tempo RNAMP parameter: setting TNRedC to 100!
✓ Loaded J1745+1017 (3017 TOAs)

WARNING: Using tempo RNAMP parameter: setting TNRedC to 100!
✓ Loaded J1747-4036 (11055 TOAs)
✓ Loaded J1751-2857 (2025 TOAs)

WARNING: Using tempo RNAMP parameter: setting TNRedC to 100!
✓ Loaded J1802-2124 (6796 TOAs)
✓ Loaded J1811-2405 (5266 TOAs)
✓ Loaded J1832-0836 (7739 TOAs)
✓ Loaded J1843-1113 (4595 TOAs)

WARNING: Using tempo RNAMP parameter: setting TNRedC to 100!
✓ Loaded J1853+1303 (4570 TOAs)

WARNING: Using tempo RNAMP parameter: setting TNRedC to 100!
✓ Loaded J1903+0327 (6856 TOAs)

WARNING: Using tempo RNAMP parameter: setting TNRedC to 100!
✓ Loaded J1903+0327ao (6423 TOAs)

WARNING: Using tempo RNAMP parameter: setting TNRedC to 100!
✓ Loaded J1909-3744 (35037 TOAs)

WARNING: Using tempo RNAMP parameter: setting TNRedC to 100!
✓ Loaded J1909-3744gbt (31526 TOAs)
✓ Loaded J1910+1256 (6486 TOAs)
✓ Loaded J1911+1347 (3786 TOAs)
✓ Loaded J1918-0642 (18875 TOAs)
✓ Loaded J1923+2515 (3974 TOAs)
✓ Loaded J1944+0907 (5328 TOAs)

WARNING: Using tempo RNAMP parameter: setting TNRedC to 100!
✓ Loaded J1946+3417 (4743 TOAs)
✓ Loaded J2010-1323 (17077 TOAs)
✓ Loaded J2017+0603 (3512 TOAs)
✓ Loaded J2033+1734 (3847 TOAs)
✓ Loaded J2043+1711 (7397 TOAs)
✓ Loaded J2124-3358 (4982 TOAs)

WARNING: Using tempo RNAMP parameter: setting TNRedC to 100!
✓ Loaded J2145-0750 (18675 TOAs)
✓ Loaded J2214+3000 (7406 TOAs)
✓ Loaded J2229+2643 (3711 TOAs)

WARNING: Using tempo RNAMP parameter: setting TNRedC to 100!
✓ Loaded J2234+0611 (3566 TOAs)
✓ Loaded J2234+0944 (7535 TOAs)
✓ Loaded J2302+4442 (10211 TOAs)
✓ Loaded J2317+1439 (13927 TOAs)
✓ Loaded J2322+2057 (3088 TOAs)
⚠ Could not save cache: no default __reduce__ due to non-trivial __cinit__

✓ Loaded 76 pulsars
✗ Failed: 0 — []
[MEM] After loading pulsars: 8868.5 MB

🔍 Filtering pulsars...

Filtered: 76 → 67 pulsars
[MEM] After filtering pulsars: 8869.4 MB
[MEM] After garbage collection: 8869.5 MB

======================================================================
SMBHB POPULATION ANALYSIS
======================================================================

Configuration: optimistic
  Larger mass, higher spread in distance, small population
  N_binaries: 500

======================================================================
CONSISTENT POPULATION SYNTHESIS
======================================================================

======================================================================
GENERATING SNR-CONSISTENT POPULATIONS
======================================================================
Target SNR:          4.0
Simulations:         1
======================================================================


──────────────────────────────────────────────────────────────────────
SIMULATION 1/1
──────────────────────────────────────────────────────────────────────
  [B1855+09] zeroing residuals...
  [B1855+09] adding red noise...
  [B1855+09] white noise for 430_ASP (390 TOAs)...
  [B1855+09] white noise for L-wide_ASP (1178 TOAs)...
  [B1855+09] white noise for L-wide_PUPPI (5005 TOAs)...
  [B1855+09] white noise for 430_PUPPI (1185 TOAs)...
  [B1937+21] zeroing residuals...
  [B1937+21] adding red noise...
  [B1937+21] white noise for Rcvr1_2_GUPPI (7048 TOAs)...
  [B1937+21] white noise for Rcvr1_2_GASP (1069 TOAs)...
  [B1937+21] white noise for L-wide_ASP (452 TOAs)...
  [B1937+21] white noise for Rcvr_800_GUPPI (7140 TOAs)...
  [B1937+21] white noise for S-wide_PUPPI (2251 TOAs)...
  [B1937+21] white noise for S-wide_ASP (344 TOAs)...
  [B1937+21] white noise for L-wide_PUPPI (4133 TOAs)...
  [B1937+21] white noise for Rcvr_800_GASP (586 TOAs)...
  [B1953+29] zeroing residuals...
  [B1953+29] adding red noise...
  [B1953+29] white noise for 430_ASP (29 TOAs)...
  [B1953+29] white noise for 430_PUPPI (941 TOAs)...
  [B1953+29] white noise for L-wide_ASP (94 TOAs)...
  [B1953+29] white noise for S-wide_ASP (25 TOAs)...
  [B1953+29] white noise for L-wide_PUPPI (4037 TOAs)...
  [J0023+0923] zeroing residuals...
  [J0023+0923] adding red noise...
  [J0023+0923] white noise for 430_ASP (90 TOAs)...
  [J0023+0923] white noise for L-wide_ASP (119 TOAs)...
  [J0023+0923] white noise for L-wide_PUPPI (11123 TOAs)...
  [J0023+0923] white noise for 430_PUPPI (4564 TOAs)...
  [J0030+0451] zeroing residuals...
  [J0030+0451] adding red noise...
  [J0030+0451] white noise for 430_ASP (267 TOAs)...
  [J0030+0451] white noise for 430_PUPPI (3068 TOAs)...
  [J0030+0451] white noise for L-wide_ASP (789 TOAs)...
  [J0030+0451] white noise for S-wide_PUPPI (2673 TOAs)...
  [J0030+0451] white noise for L-wide_PUPPI (12774 TOAs)...
  [J0340+4130] zeroing residuals...
  [J0340+4130] adding red noise...
  [J0340+4130] white noise for Rcvr1_2_GUPPI (5037 TOAs)...
  [J0340+4130] white noise for Rcvr_800_GUPPI (6056 TOAs)...
  [J0406+3039] zeroing residuals...
  [J0406+3039] adding red noise...
  [J0406+3039] white noise for L-wide_PUPPI (1871 TOAs)...
  [J0406+3039] white noise for S-wide_PUPPI (575 TOAs)...
  [J0437-4715] zeroing residuals...
  [J0437-4715] adding red noise...
  [J0437-4715] white noise for 1.5GHz_YUPPI (2134 TOAs)...
  [J0437-4715] white noise for 3GHz_YUPPI (3696 TOAs)...
  [J0509+0856] zeroing residuals...
  [J0509+0856] adding red noise...
  [J0509+0856] white noise for L-wide_PUPPI (1625 TOAs)...
  [J0509+0856] white noise for S-wide_PUPPI (544 TOAs)...
  [J0557+1551] zeroing residuals...
  [J0557+1551] adding red noise...
  [J0557+1551] white noise for L-wide_PUPPI (467 TOAs)...
  [J0557+1551] white noise for S-wide_PUPPI (58 TOAs)...
  [J0605+3757] zeroing residuals...
  [J0605+3757] adding red noise...
  [J0605+3757] white noise for Rcvr1_2_GUPPI (318 TOAs)...
  [J0605+3757] white noise for Rcvr_800_GUPPI (236 TOAs)...
  [J0610-2100] zeroing residuals...
  [J0610-2100] adding red noise...
  [J0610-2100] white noise for Rcvr1_2_GUPPI (2401 TOAs)...
  [J0610-2100] white noise for Rcvr_800_GUPPI (2484 TOAs)...
  [J0613-0200] zeroing residuals...
  [J0613-0200] adding red noise...
  [J0613-0200] white noise for Rcvr1_2_GUPPI (7423 TOAs)...
  [J0613-0200] white noise for Rcvr_800_GUPPI (7900 TOAs)...
  [J0613-0200] white noise for Rcvr_800_GASP (809 TOAs)...
  [J0613-0200] white noise for Rcvr1_2_GASP (992 TOAs)...
  [J0636+5128] zeroing residuals...
  [J0636+5128] adding red noise...
  [J0636+5128] white noise for Rcvr1_2_GUPPI (14803 TOAs)...
  [J0636+5128] white noise for Rcvr_800_GUPPI (17419 TOAs)...
  [J0645+5158] zeroing residuals...
  [J0645+5158] adding red noise...
  [J0645+5158] white noise for Rcvr1_2_GUPPI (5721 TOAs)...
  [J0645+5158] white noise for Rcvr_800_GUPPI (4682 TOAs)...
  [J0709+0458] zeroing residuals...
  [J0709+0458] adding red noise...
  [J0709+0458] white noise for L-wide_PUPPI (2435 TOAs)...
  [J0709+0458] white noise for S-wide_PUPPI (595 TOAs)...
  [J0740+6620] zeroing residuals...
  [J0740+6620] adding red noise...
  [J0740+6620] white noise for Rcvr1_2_GUPPI (8265 TOAs)...
  [J0740+6620] white noise for Rcvr_800_GUPPI (5136 TOAs)...
  [J0931-1902] zeroing residuals...
  [J0931-1902] adding red noise...
  [J0931-1902] white noise for Rcvr1_2_GUPPI (2054 TOAs)...
  [J0931-1902] white noise for Rcvr_800_GUPPI (3419 TOAs)...
  [J1012+5307] zeroing residuals...
  [J1012+5307] adding red noise...
  [J1012+5307] white noise for Rcvr1_2_GUPPI (12849 TOAs)...
  [J1012+5307] white noise for Rcvr_800_GUPPI (10299 TOAs)...
  [J1012+5307] white noise for Rcvr_800_GASP (1210 TOAs)...
  [J1012+5307] white noise for Rcvr1_2_GASP (1479 TOAs)...
  [J1012-4235] zeroing residuals...
  [J1012-4235] adding red noise...
  [J1012-4235] white noise for Rcvr1_2_GUPPI (455 TOAs)...
  [J1012-4235] white noise for Rcvr_800_GUPPI (342 TOAs)...
  [J1022+1001] zeroing residuals...
  [J1022+1001] adding red noise...
  [J1022+1001] white noise for L-wide_PUPPI (2592 TOAs)...
  [J1022+1001] white noise for 430_PUPPI (232 TOAs)...
  [J1022+1001] white noise for S-wide_PUPPI (1154 TOAs)...
  [J1024-0719] zeroing residuals...
  [J1024-0719] adding red noise...
  [J1024-0719] white noise for Rcvr1_2_GUPPI (7086 TOAs)...
  [J1024-0719] white noise for Rcvr_800_GUPPI (5455 TOAs)...
  [J1024-0719] white noise for Rcvr_800_GASP (51 TOAs)...
  [J1024-0719] white noise for Rcvr1_2_GASP (43 TOAs)...
  [J1125+7819] zeroing residuals...
  [J1125+7819] adding red noise...
  [J1125+7819] white noise for Rcvr1_2_GUPPI (4016 TOAs)...
  [J1125+7819] white noise for Rcvr_800_GUPPI (4707 TOAs)...
  [J1312+0051] zeroing residuals...
  [J1312+0051] adding red noise...
  [J1312+0051] white noise for L-wide_PUPPI (1289 TOAs)...
  [J1312+0051] white noise for S-wide_PUPPI (416 TOAs)...
  [J1453+1902] zeroing residuals...
  [J1453+1902] adding red noise...
  [J1453+1902] white noise for L-wide_PUPPI (2122 TOAs)...
  [J1453+1902] white noise for 430_PUPPI (425 TOAs)...
  [J1453+1902] white noise for S-wide_PUPPI (4 TOAs)...
  [J1455-3330] zeroing residuals...
  [J1455-3330] adding red noise...
  [J1455-3330] white noise for Rcvr1_2_GUPPI (4932 TOAs)...
  [J1455-3330] white noise for Rcvr_800_GUPPI (4843 TOAs)...
  [J1455-3330] white noise for Rcvr_800_GASP (479 TOAs)...
  [J1455-3330] white noise for Rcvr1_2_GASP (564 TOAs)...
  [J1600-3053] zeroing residuals...
  [J1600-3053] adding red noise...
  [J1600-3053] white noise for Rcvr1_2_GUPPI (10168 TOAs)...
  [J1600-3053] white noise for Rcvr1_2_GASP (457 TOAs)...
  [J1600-3053] white noise for Rcvr_800_GUPPI (8796 TOAs)...
  [J1600-3053] white noise for 3GHz_YUPPI (3237 TOAs)...
  [J1600-3053] white noise for Rcvr_800_GASP (297 TOAs)...
  [J1614-2230] zeroing residuals...
  [J1614-2230] adding red noise...
  [J1614-2230] white noise for Rcvr1_2_GUPPI (10509 TOAs)...
  [J1614-2230] white noise for Rcvr_800_GUPPI (7768 TOAs)...
  [J1614-2230] white noise for Rcvr_800_GASP (84 TOAs)...
  [J1614-2230] white noise for Rcvr1_2_GASP (84 TOAs)...
  [J1630+3734] zeroing residuals...
  [J1630+3734] adding red noise...
  [J1630+3734] white noise for Rcvr1_2_GUPPI (909 TOAs)...
  [J1630+3734] white noise for Rcvr_800_GUPPI (906 TOAs)...
  [J1640+2224] zeroing residuals...
  [J1640+2224] adding red noise...
  [J1640+2224] white noise for 430_ASP (340 TOAs)...
  [J1640+2224] white noise for L-wide_ASP (722 TOAs)...
  [J1640+2224] white noise for L-wide_PUPPI (9847 TOAs)...
  [J1640+2224] white noise for 430_PUPPI (3157 TOAs)...
  [J1643-1224] zeroing residuals...
  [J1643-1224] adding red noise...
  [J1643-1224] white noise for Rcvr1_2_GUPPI (8803 TOAs)...
  [J1643-1224] white noise for Rcvr1_2_GASP (833 TOAs)...
  [J1643-1224] white noise for Rcvr_800_GUPPI (7734 TOAs)...
  [J1643-1224] white noise for 3GHz_YUPPI (4215 TOAs)...
  [J1643-1224] white noise for Rcvr_800_GASP (559 TOAs)...
  [J1705-1903] zeroing residuals...
  [J1705-1903] adding red noise...
  [J1705-1903] white noise for Rcvr1_2_GUPPI (6350 TOAs)...
  [J1705-1903] white noise for Rcvr_800_GUPPI (3521 TOAs)...
  [J1713+0747] zeroing residuals...
  [J1713+0747] adding red noise...
  [J1713+0747] white noise for 1.5GHz_YUPPI (1461 TOAs)...
  [J1713+0747] white noise for Rcvr1_2_GUPPI (22334 TOAs)...
  [J1713+0747] white noise for Rcvr1_2_GASP (1109 TOAs)...
  [J1713+0747] white noise for L-wide_ASP (843 TOAs)...
  [J1713+0747] white noise for Rcvr_800_GUPPI (8479 TOAs)...
  [J1713+0747] white noise for S-wide_PUPPI (7482 TOAs)...
  [J1713+0747] white noise for 3GHz_YUPPI (3282 TOAs)...
  [J1713+0747] white noise for S-wide_ASP (624 TOAs)...
  [J1713+0747] white noise for L-wide_PUPPI (12743 TOAs)...
  [J1713+0747] white noise for Rcvr_800_GASP (1032 TOAs)...
  [J1719-1438] zeroing residuals...
  [J1719-1438] adding red noise...
  [J1719-1438] white noise for Rcvr1_2_GUPPI (2722 TOAs)...
  [J1719-1438] white noise for Rcvr_800_GUPPI (3634 TOAs)...
  [J1730-2304] zeroing residuals...
  [J1730-2304] adding red noise...
  [J1730-2304] white noise for Rcvr1_2_GUPPI (2367 TOAs)...
  [J1730-2304] white noise for Rcvr_800_GUPPI (2503 TOAs)...
  [J1738+0333] zeroing residuals...
  [J1738+0333] adding red noise...
  [J1738+0333] white noise for L-wide_ASP (201 TOAs)...
  [J1738+0333] white noise for L-wide_PUPPI (6718 TOAs)...
  [J1738+0333] white noise for S-wide_ASP (134 TOAs)...
  [J1738+0333] white noise for S-wide_PUPPI (1737 TOAs)...
  [J1741+1351] zeroing residuals...
  [J1741+1351] adding red noise...
  [J1741+1351] white noise for 430_ASP (27 TOAs)...
  [J1741+1351] white noise for 430_PUPPI (1159 TOAs)...
  [J1741+1351] white noise for L-wide_ASP (236 TOAs)...
  [J1741+1351] white noise for S-wide_ASP (115 TOAs)...
  [J1741+1351] white noise for L-wide_PUPPI (4045 TOAs)...
  [J1744-1134] zeroing residuals...
  [J1744-1134] adding red noise...
  [J1744-1134] white noise for Rcvr1_2_GUPPI (8109 TOAs)...
  [J1744-1134] white noise for Rcvr_800_GUPPI (7899 TOAs)...
  [J1744-1134] white noise for Rcvr_800_GASP (930 TOAs)...
  [J1744-1134] white noise for Rcvr1_2_GASP (807 TOAs)...
  [J1745+1017] zeroing residuals...
  [J1745+1017] adding red noise...
  [J1745+1017] white noise for L-wide_PUPPI (2179 TOAs)...
  [J1745+1017] white noise for S-wide_PUPPI (838 TOAs)...
  [J1747-4036] zeroing residuals...
  [J1747-4036] adding red noise...
  [J1747-4036] white noise for Rcvr1_2_GUPPI (5239 TOAs)...
  [J1747-4036] white noise for Rcvr_800_GUPPI (5816 TOAs)...
  [J1751-2857] zeroing residuals...
  [J1751-2857] adding red noise...
  [J1751-2857] white noise for Rcvr1_2_GUPPI (1786 TOAs)...
  [J1751-2857] white noise for Rcvr_800_GUPPI (239 TOAs)...
  [J1802-2124] zeroing residuals...
  [J1802-2124] adding red noise...
  [J1802-2124] white noise for Rcvr1_2_GUPPI (3231 TOAs)...
  [J1802-2124] white noise for Rcvr_800_GUPPI (3565 TOAs)...
  [J1811-2405] zeroing residuals...
  [J1811-2405] adding red noise...
  [J1811-2405] white noise for Rcvr1_2_GUPPI (2638 TOAs)...
  [J1811-2405] white noise for Rcvr_800_GUPPI (2628 TOAs)...
  [J1832-0836] zeroing residuals...
  [J1832-0836] adding red noise...
  [J1832-0836] white noise for Rcvr1_2_GUPPI (4661 TOAs)...
  [J1832-0836] white noise for Rcvr_800_GUPPI (3078 TOAs)...
  [J1843-1113] zeroing residuals...
  [J1843-1113] adding red noise...
  [J1843-1113] white noise for Rcvr1_2_GUPPI (2394 TOAs)...
  [J1843-1113] white noise for Rcvr_800_GUPPI (2201 TOAs)...
  [J1853+1303] zeroing residuals...
  [J1853+1303] adding red noise...
  [J1853+1303] white noise for 430_ASP (24 TOAs)...
  [J1853+1303] white noise for L-wide_ASP (33 TOAs)...
  [J1853+1303] white noise for L-wide_PUPPI (3362 TOAs)...
  [J1853+1303] white noise for 430_PUPPI (1151 TOAs)...
  [J1903+0327] zeroing residuals...
  [J1903+0327] adding red noise...
  [J1903+0327] white noise for L-wide_ASP (139 TOAs)...
  [J1903+0327] white noise for S-wide_PUPPI (2282 TOAs)...
  [J1903+0327] white noise for 3GHz_YUPPI (439 TOAs)...
  [J1903+0327] white noise for S-wide_ASP (151 TOAs)...
  [J1903+0327] white noise for L-wide_PUPPI (3845 TOAs)...
  [J1909-3744] zeroing residuals...
  [J1909-3744] adding red noise...
  [J1909-3744] white noise for Rcvr1_2_GUPPI (20439 TOAs)...
  [J1909-3744] white noise for Rcvr1_2_GASP (808 TOAs)...
  [J1909-3744] white noise for Rcvr_800_GUPPI (9399 TOAs)...
  [J1909-3744] white noise for 3GHz_YUPPI (3525 TOAs)...
  [J1909-3744] white noise for Rcvr_800_GASP (866 TOAs)...
  [J1910+1256] zeroing residuals...
  [J1910+1256] adding red noise...
  [J1910+1256] white noise for L-wide_ASP (297 TOAs)...
  [J1910+1256] white noise for L-wide_PUPPI (4124 TOAs)...
  [J1910+1256] white noise for S-wide_ASP (208 TOAs)...
  [J1910+1256] white noise for S-wide_PUPPI (1857 TOAs)...
  [J1911+1347] zeroing residuals...
  [J1911+1347] adding red noise...
  [J1911+1347] white noise for L-wide_PUPPI (3033 TOAs)...
  [J1911+1347] white noise for 430_PUPPI (753 TOAs)...
  [J1918-0642] zeroing residuals...
  [J1918-0642] adding red noise...
  [J1918-0642] white noise for Rcvr1_2_GUPPI (8910 TOAs)...
  [J1918-0642] white noise for Rcvr_800_GUPPI (8352 TOAs)...
  [J1918-0642] white noise for Rcvr_800_GASP (835 TOAs)...
  [J1918-0642] white noise for Rcvr1_2_GASP (778 TOAs)...
  [J1923+2515] zeroing residuals...
  [J1923+2515] adding red noise...
  [J1923+2515] white noise for 430_ASP (10 TOAs)...
  [J1923+2515] white noise for L-wide_ASP (14 TOAs)...
  [J1923+2515] white noise for L-wide_PUPPI (3028 TOAs)...
  [J1923+2515] white noise for 430_PUPPI (922 TOAs)...
  [J1944+0907] zeroing residuals...
  [J1944+0907] adding red noise...
  [J1944+0907] white noise for 430_ASP (38 TOAs)...
  [J1944+0907] white noise for 430_PUPPI (1017 TOAs)...
  [J1944+0907] white noise for L-wide_ASP (257 TOAs)...
  [J1944+0907] white noise for S-wide_ASP (116 TOAs)...
  [J1944+0907] white noise for L-wide_PUPPI (3900 TOAs)...
  [J1946+3417] zeroing residuals...
  [J1946+3417] adding red noise...
  [J1946+3417] white noise for L-wide_PUPPI (3197 TOAs)...
  [J1946+3417] white noise for S-wide_PUPPI (1546 TOAs)...
  [J2010-1323] zeroing residuals...
  [J2010-1323] adding red noise...
  [J2010-1323] white noise for Rcvr1_2_GUPPI (7779 TOAs)...
  [J2010-1323] white noise for Rcvr_800_GUPPI (9158 TOAs)...
  [J2010-1323] white noise for Rcvr_800_GASP (70 TOAs)...
  [J2010-1323] white noise for Rcvr1_2_GASP (70 TOAs)...
  [J2017+0603] zeroing residuals...
  [J2017+0603] adding red noise...
  [J2017+0603] white noise for L-wide_ASP (16 TOAs)...
  [J2017+0603] white noise for L-wide_PUPPI (2569 TOAs)...
  [J2017+0603] white noise for 430_PUPPI (78 TOAs)...
  [J2017+0603] white noise for S-wide_PUPPI (849 TOAs)...
  [J2033+1734] zeroing residuals...
  [J2033+1734] adding red noise...
  [J2033+1734] white noise for L-wide_PUPPI (3050 TOAs)...
  [J2033+1734] white noise for 430_PUPPI (797 TOAs)...
  [J2043+1711] zeroing residuals...
  [J2043+1711] adding red noise...
  [J2043+1711] white noise for 430_ASP (30 TOAs)...
  [J2043+1711] white noise for L-wide_ASP (40 TOAs)...
  [J2043+1711] white noise for L-wide_PUPPI (4419 TOAs)...
  [J2043+1711] white noise for 430_PUPPI (2908 TOAs)...
  [J2124-3358] zeroing residuals...
  [J2124-3358] adding red noise...
  [J2124-3358] white noise for Rcvr1_2_GUPPI (2957 TOAs)...
  [J2124-3358] white noise for Rcvr_800_GUPPI (2025 TOAs)...
  [J2145-0750] zeroing residuals...
  [J2145-0750] adding red noise...
  [J2145-0750] white noise for Rcvr1_2_GUPPI (9158 TOAs)...
  [J2145-0750] white noise for Rcvr_800_GUPPI (8728 TOAs)...
  [J2145-0750] white noise for Rcvr_800_GASP (362 TOAs)...
  [J2145-0750] white noise for Rcvr1_2_GASP (427 TOAs)...
  [J2214+3000] zeroing residuals...
  [J2214+3000] adding red noise...
  [J2214+3000] white noise for L-wide_ASP (9 TOAs)...
  [J2214+3000] white noise for L-wide_PUPPI (5829 TOAs)...
  [J2214+3000] white noise for S-wide_PUPPI (1568 TOAs)...
  [J2229+2643] zeroing residuals...
  [J2229+2643] adding red noise...
  [J2229+2643] white noise for L-wide_PUPPI (2755 TOAs)...
  [J2229+2643] white noise for 430_PUPPI (956 TOAs)...
  [J2234+0611] zeroing residuals...
  [J2234+0611] adding red noise...
  [J2234+0611] white noise for L-wide_PUPPI (2913 TOAs)...
  [J2234+0611] white noise for 430_PUPPI (653 TOAs)...
  [J2234+0944] zeroing residuals...
  [J2234+0944] adding red noise...
  [J2234+0944] white noise for L-wide_PUPPI (5003 TOAs)...
  [J2234+0944] white noise for S-wide_PUPPI (2532 TOAs)...
  [J2302+4442] zeroing residuals...
  [J2302+4442] adding red noise...
  [J2302+4442] white noise for Rcvr1_2_GUPPI (3779 TOAs)...
  [J2302+4442] white noise for Rcvr_800_GUPPI (6432 TOAs)...
  [J2317+1439] zeroing residuals...
  [J2317+1439] adding red noise...
  [J2317+1439] white noise for 430_ASP (458 TOAs)...
  [J2317+1439] white noise for 327_ASP (413 TOAs)...
  [J2317+1439] white noise for 430_PUPPI (3217 TOAs)...
  [J2317+1439] white noise for L-wide_PUPPI (9563 TOAs)...
  [J2317+1439] white noise for 327_PUPPI (276 TOAs)...
  [J2322+2057] zeroing residuals...
  [J2322+2057] adding red noise...
  [J2322+2057] white noise for L-wide_PUPPI (2196 TOAs)...
  [J2322+2057] white noise for 430_PUPPI (752 TOAs)...
  [J2322+2057] white noise for S-wide_PUPPI (140 TOAs)...
Resetting pulsars to clean stoas...
Restore: 0.00 s
Inject: 0.00 s
Snapshotting into enterprise Pulsar objects...
Building PTA...
PTA build: 497.61 s
Computing optimal statistic...
OS time: 62.12 s
Total: 559.74 s
Noise-only SNR baseline: -0.5238

Generating SNR-consistent population...
Target SNR: 4.0
Resetting pulsars to clean stoas...
Restore: 0.01 s
Injecting population...
  B1855+09: RMS = 4478.760 ns
  B1937+21: RMS = 3386.952 ns
  B1953+29: RMS = 1684.582 ns
  J0023+0923: RMS = 1681.777 ns
  J0030+0451: RMS = 1821.284 ns
  J0340+4130: RMS = 1211.639 ns
  J0406+3039: RMS = 336.631 ns
  J0437-4715: RMS = 1458.502 ns
  J0509+0856: RMS = 263.206 ns
  J0557+1551: RMS = 257.996 ns
  J0605+3757: RMS = 507.876 ns
  J0610-2100: RMS = 1312.160 ns
  J0613-0200: RMS = 1916.128 ns
  J0636+5128: RMS = 1915.276 ns
  J0645+5158: RMS = 2232.909 ns
  J0709+0458: RMS = 2800.630 ns
  J0740+6620: RMS = 3105.962 ns
  J0931-1902: RMS = 1738.377 ns
  J1012+5307: RMS = 621.202 ns
  J1012-4235: RMS = 1250.300 ns
  J1022+1001: RMS = 3350.365 ns
  J1024-0719: RMS = 3497.585 ns
  J1125+7819: RMS = 2957.275 ns
  J1312+0051: RMS = 553.309 ns
  J1453+1902: RMS = 2882.893 ns
  J1455-3330: RMS = 5268.573 ns
  J1600-3053: RMS = 4767.760 ns
  J1614-2230: RMS = 4434.241 ns
  J1630+3734: RMS = 2144.309 ns
  J1640+2224: RMS = 2836.377 ns
  J1643-1224: RMS = 2886.661 ns
  J1705-1903: RMS = 3187.749 ns
  J1713+0747: RMS = 3145.578 ns
  J1719-1438: RMS = 1221.788 ns
  J1730-2304: RMS = 1554.307 ns
  J1738+0333: RMS = 4503.467 ns
  J1741+1351: RMS = 3531.604 ns
  J1744-1134: RMS = 2143.834 ns
  J1745+1017: RMS = 3514.545 ns
  J1747-4036: RMS = 3091.213 ns
  J1751-2857: RMS = 1308.077 ns
  J1802-2124: RMS = 2298.777 ns
  J1811-2405: RMS = 1853.346 ns
  J1832-0836: RMS = 1124.154 ns
  J1843-1113: RMS = 353.805 ns
  J1853+1303: RMS = 3146.581 ns
  J1903+0327: RMS = 4239.868 ns
  J1909-3744: RMS = 1591.128 ns
  J1910+1256: RMS = 3616.549 ns
  J1911+1347: RMS = 3317.187 ns
  J1918-0642: RMS = 4179.720 ns
  J1923+2515: RMS = 1776.658 ns
  J1944+0907: RMS = 3011.135 ns
  J1946+3417: RMS = 573.276 ns
  J2010-1323: RMS = 3479.756 ns
  J2017+0603: RMS = 2558.823 ns
  J2033+1734: RMS = 1474.388 ns
  J2043+1711: RMS = 2568.595 ns
  J2124-3358: RMS = 2639.987 ns
  J2145-0750: RMS = 4318.677 ns
  J2214+3000: RMS = 972.015 ns
  J2229+2643: RMS = 697.396 ns
  J2234+0611: RMS = 1830.329 ns
  J2234+0944: RMS = 1810.689 ns
  J2302+4442: RMS = 1920.957 ns
  J2317+1439: RMS = 2039.812 ns
  J2322+2057: RMS = 1549.863 ns
Inject: 0.72 s
Snapshotting into enterprise Pulsar objects...
Building PTA...
PTA build: 485.93 s
Computing optimal statistic...
OS time: 56.98 s
Total: 543.64 s
Initial SNR: 72.6459, Target SNR: 4.0000
  Initial SNR 72.6459 outside of provided SNR_range [3.5, 4.25] — rescaling.
Scaling distances by factor 4.0217 to achieve target SNR...
Resetting pulsars to clean stoas...
Restore: 0.00 s
Injecting population...
  B1855+09: RMS = 1113.643 ns
  B1937+21: RMS = 842.165 ns
  B1953+29: RMS = 418.871 ns
  J0023+0923: RMS = 418.174 ns
  J0030+0451: RMS = 452.862 ns
  J0340+4130: RMS = 301.274 ns
  J0406+3039: RMS = 83.703 ns
  J0437-4715: RMS = 362.656 ns
  J0509+0856: RMS = 65.446 ns
  J0557+1551: RMS = 64.151 ns
  J0605+3757: RMS = 126.283 ns
  J0610-2100: RMS = 326.268 ns
  J0613-0200: RMS = 476.445 ns
  J0636+5128: RMS = 476.233 ns
  J0645+5158: RMS = 555.213 ns
  J0709+0458: RMS = 696.376 ns
  J0740+6620: RMS = 772.297 ns
  J0931-1902: RMS = 432.247 ns
  J1012+5307: RMS = 154.462 ns
  J1012-4235: RMS = 310.887 ns
  J1022+1001: RMS = 833.068 ns
  J1024-0719: RMS = 869.674 ns
  J1125+7819: RMS = 735.326 ns
  J1312+0051: RMS = 137.580 ns
  J1453+1902: RMS = 716.831 ns
  J1455-3330: RMS = 1310.030 ns
  J1600-3053: RMS = 1185.503 ns
  J1614-2230: RMS = 1102.573 ns
  J1630+3734: RMS = 533.182 ns
  J1640+2224: RMS = 705.265 ns
  J1643-1224: RMS = 717.768 ns
  J1705-1903: RMS = 792.633 ns
  J1713+0747: RMS = 782.147 ns
  J1719-1438: RMS = 303.797 ns
  J1730-2304: RMS = 386.478 ns
  J1738+0333: RMS = 1119.786 ns
  J1741+1351: RMS = 878.133 ns
  J1744-1134: RMS = 533.064 ns
  J1745+1017: RMS = 873.891 ns
  J1747-4036: RMS = 768.630 ns
  J1751-2857: RMS = 325.253 ns
  J1802-2124: RMS = 571.591 ns
  J1811-2405: RMS = 460.834 ns
  J1832-0836: RMS = 279.521 ns
  J1843-1113: RMS = 87.973 ns
  J1853+1303: RMS = 782.397 ns
  J1903+0327: RMS = 1054.242 ns
  J1909-3744: RMS = 395.634 ns
  J1910+1256: RMS = 899.254 ns
  J1911+1347: RMS = 824.818 ns
  J1918-0642: RMS = 1039.287 ns
  J1923+2515: RMS = 441.766 ns
  J1944+0907: RMS = 748.718 ns
  J1946+3417: RMS = 142.545 ns
  J2010-1323: RMS = 865.241 ns
  J2017+0603: RMS = 636.251 ns
  J2033+1734: RMS = 366.606 ns
  J2043+1711: RMS = 638.681 ns
  J2124-3358: RMS = 656.432 ns
  J2145-0750: RMS = 1073.838 ns
  J2214+3000: RMS = 241.691 ns
  J2229+2643: RMS = 173.407 ns
  J2234+0611: RMS = 455.111 ns
  J2234+0944: RMS = 450.227 ns
  J2302+4442: RMS = 477.646 ns
  J2317+1439: RMS = 507.199 ns
  J2322+2057: RMS = 385.373 ns
Inject: 0.63 s
Snapshotting into enterprise Pulsar objects...
Building PTA...
PTA build: 485.80 s
Computing optimal statistic...
OS time: 59.68 s
Total: 546.11 s
  SNR 0.9149 outside of provided SNR_range [3.5, 4.25] — rescaling.
[Iteration 1/4] SNR after scaling: 0.9149 (target: 4.0000)
  SNR history: it0→72.6459@1.0000x, it1→0.9149@4.0217x
  Re-scaling distances by factor 0.4986  (cumulative after: 2.0054×)
Resetting pulsars to clean stoas...
Restore: 7.03 s
Injecting population...
  B1855+09: RMS = 2233.325 ns
  B1937+21: RMS = 1688.897 ns
  B1953+29: RMS = 840.014 ns
  J0023+0923: RMS = 838.615 ns
  J0030+0451: RMS = 908.180 ns
  J0340+4130: RMS = 604.182 ns
  J0406+3039: RMS = 167.860 ns
  J0437-4715: RMS = 727.279 ns
  J0509+0856: RMS = 131.247 ns
  J0557+1551: RMS = 128.649 ns
  J0605+3757: RMS = 253.251 ns
  J0610-2100: RMS = 654.306 ns
  J0613-0200: RMS = 955.473 ns
  J0636+5128: RMS = 955.049 ns
  J0645+5158: RMS = 1113.436 ns
  J0709+0458: RMS = 1396.529 ns
  J0740+6620: RMS = 1548.782 ns
  J0931-1902: RMS = 866.838 ns
  J1012+5307: RMS = 309.761 ns
  J1012-4235: RMS = 623.459 ns
  J1022+1001: RMS = 1670.653 ns
  J1024-0719: RMS = 1744.064 ns
  J1125+7819: RMS = 1474.639 ns
  J1312+0051: RMS = 275.907 ns
  J1453+1902: RMS = 1437.549 ns
  J1455-3330: RMS = 2627.164 ns
  J1600-3053: RMS = 2377.434 ns
  J1614-2230: RMS = 2211.125 ns
  J1630+3734: RMS = 1069.255 ns
  J1640+2224: RMS = 1414.354 ns
  J1643-1224: RMS = 1439.428 ns
  J1705-1903: RMS = 1589.565 ns
  J1713+0747: RMS = 1568.536 ns
  J1719-1438: RMS = 609.242 ns
  J1730-2304: RMS = 775.052 ns
  J1738+0333: RMS = 2245.645 ns
  J1741+1351: RMS = 1761.027 ns
  J1744-1134: RMS = 1069.019 ns
  J1745+1017: RMS = 1752.521 ns
  J1747-4036: RMS = 1541.427 ns
  J1751-2857: RMS = 652.270 ns
  J1802-2124: RMS = 1146.281 ns
  J1811-2405: RMS = 924.167 ns
  J1832-0836: RMS = 560.557 ns
  J1843-1113: RMS = 176.424 ns
  J1853+1303: RMS = 1569.036 ns
  J1903+0327: RMS = 2114.202 ns
  J1909-3744: RMS = 793.413 ns
  J1910+1256: RMS = 1803.385 ns
  J1911+1347: RMS = 1654.109 ns
  J1918-0642: RMS = 2084.209 ns
  J1923+2515: RMS = 885.927 ns
  J1944+0907: RMS = 1501.496 ns
  J1946+3417: RMS = 285.863 ns
  J2010-1323: RMS = 1735.174 ns
  J2017+0603: RMS = 1275.952 ns
  J2033+1734: RMS = 735.201 ns
  J2043+1711: RMS = 1280.825 ns
  J2124-3358: RMS = 1316.424 ns
  J2145-0750: RMS = 2153.500 ns
  J2214+3000: RMS = 484.694 ns
  J2229+2643: RMS = 347.755 ns
  J2234+0611: RMS = 912.690 ns
  J2234+0944: RMS = 902.896 ns
  J2302+4442: RMS = 957.881 ns
  J2317+1439: RMS = 1017.148 ns
  J2322+2057: RMS = 772.836 ns
Inject: 1.08 s
Snapshotting into enterprise Pulsar objects...
Building PTA...
PTA build: 484.06 s
Computing optimal statistic...
OS time: 46.60 s
Total: 538.78 s
  SNR 13.5353 outside of provided SNR_range [3.5, 4.25] — rescaling.
[Iteration 2/4] SNR after scaling: 13.5353 (target: 4.0000)
  SNR history: it0→72.6459@1.0000x, it1→0.9149@4.0217x, it2→13.5353@2.0054x
  Re-scaling distances by factor 1.4161  (cumulative after: 2.8399×)
Resetting pulsars to clean stoas...
Restore: 0.01 s
Injecting population...
  B1855+09: RMS = 1577.063 ns
  B1937+21: RMS = 1192.615 ns
  B1953+29: RMS = 593.176 ns
  J0023+0923: RMS = 592.188 ns
  J0030+0451: RMS = 641.311 ns
  J0340+4130: RMS = 426.643 ns
  J0406+3039: RMS = 118.535 ns
  J0437-4715: RMS = 513.568 ns
  J0509+0856: RMS = 92.680 ns
  J0557+1551: RMS = 90.845 ns
  J0605+3757: RMS = 178.833 ns
  J0610-2100: RMS = 462.038 ns
  J0613-0200: RMS = 674.708 ns
  J0636+5128: RMS = 674.408 ns
  J0645+5158: RMS = 786.253 ns
  J0709+0458: RMS = 986.159 ns
  J0740+6620: RMS = 1093.672 ns
  J0931-1902: RMS = 612.118 ns
  J1012+5307: RMS = 218.738 ns
  J1012-4235: RMS = 440.256 ns
  J1022+1001: RMS = 1179.732 ns
  J1024-0719: RMS = 1231.571 ns
  J1125+7819: RMS = 1041.317 ns
  J1312+0051: RMS = 194.831 ns
  J1453+1902: RMS = 1015.125 ns
  J1455-3330: RMS = 1855.172 ns
  J1600-3053: RMS = 1678.825 ns
  J1614-2230: RMS = 1561.386 ns
  J1630+3734: RMS = 755.055 ns
  J1640+2224: RMS = 998.746 ns
  J1643-1224: RMS = 1016.452 ns
  J1705-1903: RMS = 1122.471 ns
  J1713+0747: RMS = 1107.622 ns
  J1719-1438: RMS = 430.216 ns
  J1730-2304: RMS = 547.303 ns
  J1738+0333: RMS = 1585.762 ns
  J1741+1351: RMS = 1243.550 ns
  J1744-1134: RMS = 754.888 ns
  J1745+1017: RMS = 1237.543 ns
  J1747-4036: RMS = 1088.479 ns
  J1751-2857: RMS = 460.600 ns
  J1802-2124: RMS = 809.446 ns
  J1811-2405: RMS = 652.601 ns
  J1832-0836: RMS = 395.837 ns
  J1843-1113: RMS = 124.582 ns
  J1853+1303: RMS = 1107.975 ns
  J1903+0327: RMS = 1492.944 ns
  J1909-3744: RMS = 560.268 ns
  J1910+1256: RMS = 1273.461 ns
  J1911+1347: RMS = 1168.049 ns
  J1918-0642: RMS = 1471.764 ns
  J1923+2515: RMS = 625.598 ns
  J1944+0907: RMS = 1060.282 ns
  J1946+3417: RMS = 201.862 ns
  J2010-1323: RMS = 1225.293 ns
  J2017+0603: RMS = 901.014 ns
  J2033+1734: RMS = 519.162 ns
  J2043+1711: RMS = 904.455 ns
  J2124-3358: RMS = 929.593 ns
  J2145-0750: RMS = 1520.694 ns
  J2214+3000: RMS = 342.266 ns
  J2229+2643: RMS = 245.567 ns
  J2234+0611: RMS = 644.496 ns
  J2234+0944: RMS = 637.580 ns
  J2302+4442: RMS = 676.408 ns
  J2317+1439: RMS = 718.259 ns
  J2322+2057: RMS = 545.738 ns
Inject: 0.70 s
Snapshotting into enterprise Pulsar objects...
Building PTA...
PTA build: 485.25 s
Computing optimal statistic...
OS time: 47.15 s
Total: 533.10 s
  SNR 4.7861 outside of provided SNR_range [3.5, 4.25] — rescaling.
[Iteration 3/4] SNR after scaling: 4.7861 (target: 4.0000)
  SNR history: it0→72.6459@1.0000x, it1→0.9149@4.0217x, it2→13.5353@2.0054x, it3→4.7861@2.8399x
  Re-scaling distances by factor 1.1900  (cumulative after: 3.3796×)
Resetting pulsars to clean stoas...
Restore: 0.00 s
Injecting population...
  B1855+09: RMS = 1325.249 ns
  B1937+21: RMS = 1002.187 ns
  B1953+29: RMS = 498.462 ns
  J0023+0923: RMS = 497.632 ns
  J0030+0451: RMS = 538.911 ns
  J0340+4130: RMS = 358.520 ns
  J0406+3039: RMS = 99.608 ns
  J0437-4715: RMS = 431.565 ns
  J0509+0856: RMS = 77.882 ns
  J0557+1551: RMS = 76.340 ns
  J0605+3757: RMS = 150.279 ns
  J0610-2100: RMS = 388.263 ns
  J0613-0200: RMS = 566.975 ns
  J0636+5128: RMS = 566.723 ns
  J0645+5158: RMS = 660.710 ns
  J0709+0458: RMS = 828.696 ns
  J0740+6620: RMS = 919.043 ns
  J0931-1902: RMS = 514.379 ns
  J1012+5307: RMS = 183.811 ns
  J1012-4235: RMS = 369.959 ns
  J1022+1001: RMS = 991.361 ns
  J1024-0719: RMS = 1034.923 ns
  J1125+7819: RMS = 875.047 ns
  J1312+0051: RMS = 163.722 ns
  J1453+1902: RMS = 853.037 ns
  J1455-3330: RMS = 1558.952 ns
  J1600-3053: RMS = 1410.763 ns
  J1614-2230: RMS = 1312.076 ns
  J1630+3734: RMS = 634.493 ns
  J1640+2224: RMS = 839.274 ns
  J1643-1224: RMS = 854.153 ns
  J1705-1903: RMS = 943.243 ns
  J1713+0747: RMS = 930.765 ns
  J1719-1438: RMS = 361.523 ns
  J1730-2304: RMS = 459.914 ns
  J1738+0333: RMS = 1332.559 ns
  J1741+1351: RMS = 1044.989 ns
  J1744-1134: RMS = 634.353 ns
  J1745+1017: RMS = 1039.941 ns
  J1747-4036: RMS = 914.679 ns
  J1751-2857: RMS = 387.055 ns
  J1802-2124: RMS = 680.200 ns
  J1811-2405: RMS = 548.398 ns
  J1832-0836: RMS = 332.633 ns
  J1843-1113: RMS = 104.690 ns
  J1853+1303: RMS = 931.062 ns
  J1903+0327: RMS = 1254.562 ns
  J1909-3744: RMS = 470.809 ns
  J1910+1256: RMS = 1070.124 ns
  J1911+1347: RMS = 981.544 ns
  J1918-0642: RMS = 1236.764 ns
  J1923+2515: RMS = 525.707 ns
  J1944+0907: RMS = 890.984 ns
  J1946+3417: RMS = 169.630 ns
  J2010-1323: RMS = 1029.647 ns
  J2017+0603: RMS = 757.147 ns
  J2033+1734: RMS = 436.266 ns
  J2043+1711: RMS = 760.038 ns
  J2124-3358: RMS = 781.163 ns
  J2145-0750: RMS = 1277.881 ns
  J2214+3000: RMS = 287.616 ns
  J2229+2643: RMS = 206.357 ns
  J2234+0611: RMS = 541.588 ns
  J2234+0944: RMS = 535.776 ns
  J2302+4442: RMS = 568.404 ns
  J2317+1439: RMS = 603.573 ns
  J2322+2057: RMS = 458.599 ns
Inject: 0.62 s
Snapshotting into enterprise Pulsar objects...
Building PTA...
PTA build: 487.73 s
Computing optimal statistic...
OS time: 48.37 s
Total: 536.73 s
  SNR 2.4469 outside of provided SNR_range [3.5, 4.25] — rescaling.
[Iteration 4/4] SNR after scaling: 2.4469 (target: 4.0000)
  SNR history: it0→72.6459@1.0000x, it1→0.9149@4.0217x, it2→13.5353@2.0054x, it3→4.7861@2.8399x, it4→2.4469@3.3796x

Final SNR history:
  it 0: cumulative_scale=1.0000×  SNR=72.6459
  it 1: cumulative_scale=4.0217×  SNR=0.9149
  it 2: cumulative_scale=2.0054×  SNR=13.5353
  it 3: cumulative_scale=2.8399×  SNR=4.7861
  it 4: cumulative_scale=3.3796×  SNR=2.4469
✓ Simulation 1 done (2701.7 s)

======================================================================
ENSEMBLE SUMMARY
======================================================================
Success rate: 100.0% (1/1)

Binaries per population:
  Mean ± std : 500 ± 0
  Range      : [500, 500]

SNR achieved:
  Mean ± std : 2.4469 ± 0.0000
  Range      : [2.4469, 2.4469]

Total time: 3303.0 s (55.1 min)
======================================================================

💾 Saved: data/2026-04-28/optimistic_run_46/consistent_population_optimistic_targetSNR4.25_sims1.json
💾 Saved compressed pickle: data/2026-04-28/optimistic_run_46/consistent_population_optimistic_targetSNR4.25_sims1.pkl.gz

======================================================================
CONTINUOUS WAVE SNR ANALYSIS
======================================================================

--- Population 1 ---
Precomputation of phiinvs, TNTs, Ts, Nvecs, Sigmas took 0.05 seconds.
Total SNR computation for population took 222.20 seconds.
Top 50 CGW candidates:
   1. proxy_rank=   5  sky_w=1.35  f=5.47e-09 Hz  Mc=3.10e+10 Msun  h0=1.01e-14  SNR=15.328
   2. proxy_rank=   1  sky_w=1.56  f=4.87e-09 Hz  Mc=7.02e+10 Msun  h0=2.35e-14  SNR=11.792
   3. proxy_rank=  25  sky_w=1.19  f=1.22e-08 Hz  Mc=2.36e+10 Msun  h0=7.25e-15  SNR=11.274
   4. proxy_rank=   2  sky_w=1.34  f=2.74e-09 Hz  Mc=4.70e+10 Msun  h0=1.24e-14  SNR=8.884
   5. proxy_rank=   6  sky_w=1.28  f=3.82e-09 Hz  Mc=3.48e+10 Msun  h0=6.39e-15  SNR=7.095
   6. proxy_rank=  26  sky_w=0.89  f=7.35e-09 Hz  Mc=2.37e+10 Msun  h0=5.03e-15  SNR=5.356
   7. proxy_rank=   4  sky_w=1.31  f=3.70e-09 Hz  Mc=4.00e+10 Msun  h0=8.33e-15  SNR=4.368
   8. proxy_rank=  36  sky_w=1.04  f=6.68e-09 Hz  Mc=1.58e+10 Msun  h0=2.39e-15  SNR=3.131
   9. proxy_rank=   3  sky_w=1.62  f=2.31e-09 Hz  Mc=3.34e+10 Msun  h0=4.24e-15  SNR=2.587
  10. proxy_rank=  23  sky_w=0.58  f=4.61e-09 Hz  Mc=3.07e+10 Msun  h0=5.72e-15  SNR=2.499
  11. proxy_rank=   9  sky_w=0.96  f=2.73e-09 Hz  Mc=3.46e+10 Msun  h0=5.08e-15  SNR=2.387
  12. proxy_rank=  47  sky_w=0.82  f=9.63e-09 Hz  Mc=1.43e+10 Msun  h0=2.66e-15  SNR=2.282
  13. proxy_rank=  18  sky_w=0.92  f=3.31e-09 Hz  Mc=1.95e+10 Msun  h0=3.60e-15  SNR=2.218
  14. proxy_rank=   7  sky_w=0.61  f=2.76e-09 Hz  Mc=3.31e+10 Msun  h0=9.30e-15  SNR=1.908
  15. proxy_rank=  10  sky_w=1.57  f=2.52e-09 Hz  Mc=2.56e+10 Msun  h0=2.80e-15  SNR=1.654
  16. proxy_rank=  34  sky_w=1.15  f=6.54e-09 Hz  Mc=1.51e+10 Msun  h0=2.20e-15  SNR=1.649
  17. proxy_rank=  24  sky_w=0.69  f=4.44e-09 Hz  Mc=2.75e+10 Msun  h0=4.64e-15  SNR=1.378
  18. proxy_rank=  13  sky_w=1.13  f=2.11e-09 Hz  Mc=2.70e+10 Msun  h0=2.76e-15  SNR=1.352
  19. proxy_rank=  30  sky_w=1.52  f=4.25e-09 Hz  Mc=1.32e+10 Msun  h0=1.41e-15  SNR=1.260
  20. proxy_rank=   8  sky_w=1.29  f=2.34e-09 Hz  Mc=3.10e+10 Msun  h0=3.63e-15  SNR=1.204
  21. proxy_rank=  27  sky_w=1.40  f=3.14e-09 Hz  Mc=1.23e+10 Msun  h0=1.24e-15  SNR=1.131
  22. proxy_rank=  11  sky_w=1.11  f=2.65e-09 Hz  Mc=2.94e+10 Msun  h0=3.96e-15  SNR=1.127
  23. proxy_rank=  19  sky_w=1.36  f=2.26e-09 Hz  Mc=1.90e+10 Msun  h0=1.58e-15  SNR=0.990
  24. proxy_rank=  39  sky_w=0.98  f=3.58e-09 Hz  Mc=1.38e+10 Msun  h0=1.29e-15  SNR=0.924
  25. proxy_rank=  40  sky_w=0.53  f=3.18e-09 Hz  Mc=1.97e+10 Msun  h0=2.10e-15  SNR=0.861
  26. proxy_rank=  21  sky_w=1.48  f=2.59e-09 Hz  Mc=1.64e+10 Msun  h0=1.40e-15  SNR=0.782
  27. proxy_rank=  17  sky_w=1.09  f=2.07e-09 Hz  Mc=2.24e+10 Msun  h0=2.09e-15  SNR=0.761
  28. proxy_rank=  15  sky_w=1.05  f=2.09e-09 Hz  Mc=1.97e+10 Msun  h0=2.38e-15  SNR=0.753
  29. proxy_rank=  12  sky_w=1.31  f=2.16e-09 Hz  Mc=2.11e+10 Msun  h0=2.60e-15  SNR=0.744
  30. proxy_rank=  53  sky_w=1.28  f=5.14e-09 Hz  Mc=5.31e+09 Msun  h0=5.18e-16  SNR=0.704
  31. proxy_rank=  22  sky_w=0.90  f=2.09e-09 Hz  Mc=1.68e+10 Msun  h0=1.68e-15  SNR=0.632
  32. proxy_rank=  32  sky_w=0.91  f=2.82e-09 Hz  Mc=1.52e+10 Msun  h0=1.39e-15  SNR=0.548
  33. proxy_rank=  29  sky_w=1.31  f=2.65e-09 Hz  Mc=1.39e+10 Msun  h0=1.05e-15  SNR=0.516
  34. proxy_rank=  35  sky_w=0.53  f=2.53e-09 Hz  Mc=1.94e+10 Msun  h0=1.81e-15  SNR=0.511
  35. proxy_rank=  62  sky_w=0.94  f=5.16e-09 Hz  Mc=6.45e+09 Msun  h0=4.75e-16  SNR=0.493
  36. proxy_rank=  57  sky_w=1.26  f=4.40e-09 Hz  Mc=6.20e+09 Msun  h0=3.95e-16  SNR=0.450
  37. proxy_rank=  14  sky_w=1.45  f=2.26e-09 Hz  Mc=2.17e+10 Msun  h0=2.05e-15  SNR=0.446
  38. proxy_rank=  20  sky_w=1.19  f=2.27e-09 Hz  Mc=1.80e+10 Msun  h0=1.72e-15  SNR=0.445
  39. proxy_rank=  46  sky_w=1.39  f=2.92e-09 Hz  Mc=7.74e+09 Msun  h0=4.99e-16  SNR=0.439
  40. proxy_rank=  41  sky_w=1.50  f=2.74e-09 Hz  Mc=9.18e+09 Msun  h0=5.93e-16  SNR=0.405
  41. proxy_rank=  45  sky_w=0.85  f=2.72e-09 Hz  Mc=9.64e+09 Msun  h0=7.75e-16  SNR=0.393
  42. proxy_rank=  48  sky_w=0.58  f=3.14e-09 Hz  Mc=1.26e+10 Msun  h0=1.00e-15  SNR=0.381
  43. proxy_rank=  73  sky_w=0.59  f=9.64e-09 Hz  Mc=6.86e+09 Msun  h0=7.74e-16  SNR=0.368
  44. proxy_rank=  28  sky_w=1.52  f=2.31e-09 Hz  Mc=1.26e+10 Msun  h0=8.24e-16  SNR=0.350
  45. proxy_rank=  61  sky_w=1.52  f=4.16e-09 Hz  Mc=4.60e+09 Msun  h0=2.55e-16  SNR=0.338
  46. proxy_rank=  16  sky_w=1.25  f=2.16e-09 Hz  Mc=1.98e+10 Msun  h0=1.98e-15  SNR=0.331
  47. proxy_rank=  31  sky_w=0.52  f=2.47e-09 Hz  Mc=2.25e+10 Msun  h0=2.27e-15  SNR=0.307
  48. proxy_rank=  42  sky_w=0.99  f=2.19e-09 Hz  Mc=1.11e+10 Msun  h0=6.87e-16  SNR=0.284
  49. proxy_rank=  37  sky_w=1.28  f=2.02e-09 Hz  Mc=1.03e+10 Msun  h0=5.83e-16  SNR=0.272
  50. proxy_rank=  50  sky_w=1.51  f=3.02e-09 Hz  Mc=5.83e+09 Msun  h0=2.88e-16  SNR=0.267
💾 Saved: data/2026-04-28/optimistic_run_46/consistent_population_optimistic_targetSNR4.25_sims1.json
💾 Saved compressed pickle: data/2026-04-28/optimistic_run_46/consistent_population_optimistic_targetSNR4.25_sims1.pkl.gz
Saved to figures/cgw_analysis_optimistic.pdf

======================================================================
ANALYSIS COMPLETE
Results saved to: data/2026-04-28/optimistic_run_46
======================================================================

==========================================
Job finished at: Tue Apr 28 17:14:36 AEST 2026
Exit code: 0
==========================================

+------------------ Job Report: 11717561 (COMPLETED) ------------------+
| Memory (RAM)  [####################] 101.4% (32.4 GB peak / 32 GB)   |
| CPU           [###############     ] 76.3% average                   |
| Time          [----------------->  ] 89.1% (0-01:02:23 / 0-01:10:00) |
|                                                                      |
| Lustre Filesystem:                                                   |
|   Path    Total Read    Total Write    Total IOPS                    |
|   ------  ------------  -------------  ------------                  |
|   /apps   0 B           0 B            5                             |
|   /fred   7.3 MB        378.5 KB       110                           |
|   /home   22.3 MB       0 B            2.9 K                         |
|   OS      0 B           0 B            3                             |
+----------------------------------------------------------------------+
