==========================================
Job ID: 11736960
Job Name: smbhb_pessimistic
Node: gina304
Start Time: Wed Apr 29 12:52:57 AEST 2026
==========================================

/home/bhoulden/.conda/envs/smbhb312/share/tempo2
Working directory: /fred/oz005/users/bhoulden/SMBHB_population_injections

Loaded modules:

Starting SMBHB analysis...
==========================================

📁 Save directory: data/2026-04-29/pessimistic_run_120
📝 Run name: pessimistic_run_120

[MEM] Start: 244.6 MB

📡 Loading pulsars...
======================================================================
LOADING NANOGRAV PULSARS (libstempo)
======================================================================

📦 Loading from cache: nanograv_pulsars_cache.pkl
⚠ Cache load failed: Ran out of input
[DEBUG] Found 76 .par files
[tempo2Util.C:396] Warning: [MISC1] Unknown parameter in par file:  DMDATA
[tempo2Util.C:401] Warning: [DUP1] duplicated warnings have been suppressed.

WARNING: Using tempo RNAMP parameter: setting TNRedC to 100!
[observatory.C:271] Warning: Assuming site 'arecibo' means 'ao'
✓ Loaded B1855+09 (7758 TOAs)

WARNING: Using tempo RNAMP parameter: setting TNRedC to 100!
✓ Loaded B1937+21 (23023 TOAs)

WARNING: Using tempo RNAMP parameter: setting TNRedC to 100!
✓ Loaded B1937+21ao (7241 TOAs)

WARNING: Using tempo RNAMP parameter: setting TNRedC to 100!
✓ Loaded B1937+21gbt (16048 TOAs)

WARNING: Using tempo RNAMP parameter: setting TNRedC to 100!
✓ Loaded B1953+29 (5126 TOAs)
✓ Loaded J0023+0923 (15896 TOAs)

WARNING: Using tempo RNAMP parameter: setting TNRedC to 100!
✓ Loaded J0030+0451 (19571 TOAs)
✓ Loaded J0340+4130 (11093 TOAs)
✓ Loaded J0406+3039 (2446 TOAs)

WARNING: Using tempo RNAMP parameter: setting TNRedC to 100!
✓ Loaded J0437-4715 (5830 TOAs)
✓ Loaded J0509+0856 (2169 TOAs)
✓ Loaded J0557+1551 (525 TOAs)
✓ Loaded J0605+3757 (554 TOAs)

WARNING: Using tempo RNAMP parameter: setting TNRedC to 100!
✓ Loaded J0610-2100 (4885 TOAs)

WARNING: Using tempo RNAMP parameter: setting TNRedC to 100!
✓ Loaded J0613-0200 (17124 TOAs)
✓ Loaded J0614-3329 (1714 TOAs)
✓ Loaded J0636+5128 (32222 TOAs)
✓ Loaded J0645+5158 (10403 TOAs)
✓ Loaded J0709+0458 (3030 TOAs)
✓ Loaded J0740+6620 (13401 TOAs)
✓ Loaded J0931-1902 (5473 TOAs)

WARNING: Using tempo RNAMP parameter: setting TNRedC to 100!
✓ Loaded J1012+5307 (25837 TOAs)
✓ Loaded J1012-4235 (797 TOAs)
✓ Loaded J1022+1001 (3978 TOAs)
✓ Loaded J1024-0719 (12635 TOAs)
✓ Loaded J1125+7819 (8723 TOAs)
✓ Loaded J1312+0051 (1705 TOAs)
✓ Loaded J1453+1902 (2551 TOAs)
✓ Loaded J1455-3330 (10818 TOAs)

WARNING: Using tempo RNAMP parameter: setting TNRedC to 100!
✓ Loaded J1600-3053 (22955 TOAs)

WARNING: Using tempo RNAMP parameter: setting TNRedC to 100!
✓ Loaded J1600-3053gbt (19725 TOAs)

WARNING: Using tempo RNAMP parameter: setting TNRedC to 100!
✓ Loaded J1614-2230 (18445 TOAs)
✓ Loaded J1630+3734 (1815 TOAs)
✓ Loaded J1640+2224 (14066 TOAs)

WARNING: Using tempo RNAMP parameter: setting TNRedC to 100!
✓ Loaded J1643-1224 (22144 TOAs)

WARNING: Using tempo RNAMP parameter: setting TNRedC to 100!
✓ Loaded J1643-1224gbt (17932 TOAs)

WARNING: Using tempo RNAMP parameter: setting TNRedC to 100!
✓ Loaded J1705-1903 (9871 TOAs)

WARNING: Using tempo RNAMP parameter: setting TNRedC to 100!
✓ Loaded J1713+0747 (59389 TOAs)

WARNING: Using tempo RNAMP parameter: setting TNRedC to 100!
✓ Loaded J1713+0747ao (21362 TOAs)

WARNING: Using tempo RNAMP parameter: setting TNRedC to 100!
✓ Loaded J1713+0747gbt (32963 TOAs)
✓ Loaded J1719-1438 (6356 TOAs)
✓ Loaded J1730-2304 (4870 TOAs)
✓ Loaded J1738+0333 (8790 TOAs)
✓ Loaded J1741+1351 (5582 TOAs)

WARNING: Using tempo RNAMP parameter: setting TNRedC to 100!
✓ Loaded J1744-1134 (17745 TOAs)

WARNING: Using tempo RNAMP parameter: setting TNRedC to 100!
✓ Loaded J1745+1017 (3017 TOAs)

WARNING: Using tempo RNAMP parameter: setting TNRedC to 100!
✓ Loaded J1747-4036 (11055 TOAs)
✓ Loaded J1751-2857 (2025 TOAs)

WARNING: Using tempo RNAMP parameter: setting TNRedC to 100!
✓ Loaded J1802-2124 (6796 TOAs)
✓ Loaded J1811-2405 (5266 TOAs)
✓ Loaded J1832-0836 (7739 TOAs)
✓ Loaded J1843-1113 (4595 TOAs)

WARNING: Using tempo RNAMP parameter: setting TNRedC to 100!
✓ Loaded J1853+1303 (4570 TOAs)

WARNING: Using tempo RNAMP parameter: setting TNRedC to 100!
✓ Loaded J1903+0327 (6856 TOAs)

WARNING: Using tempo RNAMP parameter: setting TNRedC to 100!
✓ Loaded J1903+0327ao (6423 TOAs)

WARNING: Using tempo RNAMP parameter: setting TNRedC to 100!
✓ Loaded J1909-3744 (35037 TOAs)

WARNING: Using tempo RNAMP parameter: setting TNRedC to 100!
✓ Loaded J1909-3744gbt (31526 TOAs)
✓ Loaded J1910+1256 (6486 TOAs)
✓ Loaded J1911+1347 (3786 TOAs)
✓ Loaded J1918-0642 (18875 TOAs)
✓ Loaded J1923+2515 (3974 TOAs)
✓ Loaded J1944+0907 (5328 TOAs)

WARNING: Using tempo RNAMP parameter: setting TNRedC to 100!
✓ Loaded J1946+3417 (4743 TOAs)
✓ Loaded J2010-1323 (17077 TOAs)
✓ Loaded J2017+0603 (3512 TOAs)
✓ Loaded J2033+1734 (3847 TOAs)
✓ Loaded J2043+1711 (7397 TOAs)
✓ Loaded J2124-3358 (4982 TOAs)

WARNING: Using tempo RNAMP parameter: setting TNRedC to 100!
✓ Loaded J2145-0750 (18675 TOAs)
✓ Loaded J2214+3000 (7406 TOAs)
✓ Loaded J2229+2643 (3711 TOAs)

WARNING: Using tempo RNAMP parameter: setting TNRedC to 100!
✓ Loaded J2234+0611 (3566 TOAs)
✓ Loaded J2234+0944 (7535 TOAs)
✓ Loaded J2302+4442 (10211 TOAs)
✓ Loaded J2317+1439 (13927 TOAs)
✓ Loaded J2322+2057 (3088 TOAs)
⚠ Could not save cache: no default __reduce__ due to non-trivial __cinit__

✓ Loaded 76 pulsars
✗ Failed: 0 — []
[MEM] After loading pulsars: 8863.2 MB

🔍 Filtering pulsars...

Filtered: 76 → 67 pulsars
[MEM] After filtering pulsars: 8864.3 MB
[MEM] After garbage collection: 8864.5 MB

======================================================================
SMBHB POPULATION ANALYSIS
======================================================================

Configuration: pessimistic
  Lower mass, lower spread in distance, large population
  N_binaries: 10000000

======================================================================
CONSISTENT POPULATION SYNTHESIS
======================================================================

======================================================================
GENERATING SNR-CONSISTENT POPULATIONS
======================================================================
Target SNR:          4.0
Simulations:         1
======================================================================


──────────────────────────────────────────────────────────────────────
SIMULATION 1/1
──────────────────────────────────────────────────────────────────────
  [B1855+09] zeroing residuals...
  [B1855+09] adding red noise...
  [B1855+09] white noise for L-wide_PUPPI (5005 TOAs)...
  [B1855+09] white noise for 430_ASP (390 TOAs)...
  [B1855+09] white noise for L-wide_ASP (1178 TOAs)...
  [B1855+09] white noise for 430_PUPPI (1185 TOAs)...
  [B1937+21] zeroing residuals...
  [B1937+21] adding red noise...
  [B1937+21] white noise for Rcvr1_2_GUPPI (7048 TOAs)...
  [B1937+21] white noise for L-wide_ASP (452 TOAs)...
  [B1937+21] white noise for L-wide_PUPPI (4133 TOAs)...
  [B1937+21] white noise for S-wide_ASP (344 TOAs)...
  [B1937+21] white noise for Rcvr1_2_GASP (1069 TOAs)...
  [B1937+21] white noise for Rcvr_800_GUPPI (7140 TOAs)...
  [B1937+21] white noise for S-wide_PUPPI (2251 TOAs)...
  [B1937+21] white noise for Rcvr_800_GASP (586 TOAs)...
  [B1953+29] zeroing residuals...
  [B1953+29] adding red noise...
  [B1953+29] white noise for L-wide_ASP (94 TOAs)...
  [B1953+29] white noise for L-wide_PUPPI (4037 TOAs)...
  [B1953+29] white noise for S-wide_ASP (25 TOAs)...
  [B1953+29] white noise for 430_ASP (29 TOAs)...
  [B1953+29] white noise for 430_PUPPI (941 TOAs)...
  [J0023+0923] zeroing residuals...
  [J0023+0923] adding red noise...
  [J0023+0923] white noise for L-wide_PUPPI (11123 TOAs)...
  [J0023+0923] white noise for 430_ASP (90 TOAs)...
  [J0023+0923] white noise for L-wide_ASP (119 TOAs)...
  [J0023+0923] white noise for 430_PUPPI (4564 TOAs)...
  [J0030+0451] zeroing residuals...
  [J0030+0451] adding red noise...
  [J0030+0451] white noise for L-wide_ASP (789 TOAs)...
  [J0030+0451] white noise for L-wide_PUPPI (12774 TOAs)...
  [J0030+0451] white noise for S-wide_PUPPI (2673 TOAs)...
  [J0030+0451] white noise for 430_ASP (267 TOAs)...
  [J0030+0451] white noise for 430_PUPPI (3068 TOAs)...
  [J0340+4130] zeroing residuals...
  [J0340+4130] adding red noise...
  [J0340+4130] white noise for Rcvr_800_GUPPI (6056 TOAs)...
  [J0340+4130] white noise for Rcvr1_2_GUPPI (5037 TOAs)...
  [J0406+3039] zeroing residuals...
  [J0406+3039] adding red noise...
  [J0406+3039] white noise for S-wide_PUPPI (575 TOAs)...
  [J0406+3039] white noise for L-wide_PUPPI (1871 TOAs)...
  [J0437-4715] zeroing residuals...
  [J0437-4715] adding red noise...
  [J0437-4715] white noise for 3GHz_YUPPI (3696 TOAs)...
  [J0437-4715] white noise for 1.5GHz_YUPPI (2134 TOAs)...
  [J0509+0856] zeroing residuals...
  [J0509+0856] adding red noise...
  [J0509+0856] white noise for S-wide_PUPPI (544 TOAs)...
  [J0509+0856] white noise for L-wide_PUPPI (1625 TOAs)...
  [J0557+1551] zeroing residuals...
  [J0557+1551] adding red noise...
  [J0557+1551] white noise for S-wide_PUPPI (58 TOAs)...
  [J0557+1551] white noise for L-wide_PUPPI (467 TOAs)...
  [J0605+3757] zeroing residuals...
  [J0605+3757] adding red noise...
  [J0605+3757] white noise for Rcvr_800_GUPPI (236 TOAs)...
  [J0605+3757] white noise for Rcvr1_2_GUPPI (318 TOAs)...
  [J0610-2100] zeroing residuals...
  [J0610-2100] adding red noise...
  [J0610-2100] white noise for Rcvr_800_GUPPI (2484 TOAs)...
  [J0610-2100] white noise for Rcvr1_2_GUPPI (2401 TOAs)...
  [J0613-0200] zeroing residuals...
  [J0613-0200] adding red noise...
  [J0613-0200] white noise for Rcvr1_2_GUPPI (7423 TOAs)...
  [J0613-0200] white noise for Rcvr_800_GASP (809 TOAs)...
  [J0613-0200] white noise for Rcvr_800_GUPPI (7900 TOAs)...
  [J0613-0200] white noise for Rcvr1_2_GASP (992 TOAs)...
  [J0636+5128] zeroing residuals...
  [J0636+5128] adding red noise...
  [J0636+5128] white noise for Rcvr_800_GUPPI (17419 TOAs)...
  [J0636+5128] white noise for Rcvr1_2_GUPPI (14803 TOAs)...
  [J0645+5158] zeroing residuals...
  [J0645+5158] adding red noise...
  [J0645+5158] white noise for Rcvr_800_GUPPI (4682 TOAs)...
  [J0645+5158] white noise for Rcvr1_2_GUPPI (5721 TOAs)...
  [J0709+0458] zeroing residuals...
  [J0709+0458] adding red noise...
  [J0709+0458] white noise for S-wide_PUPPI (595 TOAs)...
  [J0709+0458] white noise for L-wide_PUPPI (2435 TOAs)...
  [J0740+6620] zeroing residuals...
  [J0740+6620] adding red noise...
  [J0740+6620] white noise for Rcvr_800_GUPPI (5136 TOAs)...
  [J0740+6620] white noise for Rcvr1_2_GUPPI (8265 TOAs)...
  [J0931-1902] zeroing residuals...
  [J0931-1902] adding red noise...
  [J0931-1902] white noise for Rcvr_800_GUPPI (3419 TOAs)...
  [J0931-1902] white noise for Rcvr1_2_GUPPI (2054 TOAs)...
  [J1012+5307] zeroing residuals...
  [J1012+5307] adding red noise...
  [J1012+5307] white noise for Rcvr1_2_GUPPI (12849 TOAs)...
  [J1012+5307] white noise for Rcvr_800_GASP (1210 TOAs)...
  [J1012+5307] white noise for Rcvr_800_GUPPI (10299 TOAs)...
  [J1012+5307] white noise for Rcvr1_2_GASP (1479 TOAs)...
  [J1012-4235] zeroing residuals...
  [J1012-4235] adding red noise...
  [J1012-4235] white noise for Rcvr_800_GUPPI (342 TOAs)...
  [J1012-4235] white noise for Rcvr1_2_GUPPI (455 TOAs)...
  [J1022+1001] zeroing residuals...
  [J1022+1001] adding red noise...
  [J1022+1001] white noise for S-wide_PUPPI (1154 TOAs)...
  [J1022+1001] white noise for L-wide_PUPPI (2592 TOAs)...
  [J1022+1001] white noise for 430_PUPPI (232 TOAs)...
  [J1024-0719] zeroing residuals...
  [J1024-0719] adding red noise...
  [J1024-0719] white noise for Rcvr1_2_GUPPI (7086 TOAs)...
  [J1024-0719] white noise for Rcvr_800_GASP (51 TOAs)...
  [J1024-0719] white noise for Rcvr_800_GUPPI (5455 TOAs)...
  [J1024-0719] white noise for Rcvr1_2_GASP (43 TOAs)...
  [J1125+7819] zeroing residuals...
  [J1125+7819] adding red noise...
  [J1125+7819] white noise for Rcvr_800_GUPPI (4707 TOAs)...
  [J1125+7819] white noise for Rcvr1_2_GUPPI (4016 TOAs)...
  [J1312+0051] zeroing residuals...
  [J1312+0051] adding red noise...
  [J1312+0051] white noise for S-wide_PUPPI (416 TOAs)...
  [J1312+0051] white noise for L-wide_PUPPI (1289 TOAs)...
  [J1453+1902] zeroing residuals...
  [J1453+1902] adding red noise...
  [J1453+1902] white noise for S-wide_PUPPI (4 TOAs)...
  [J1453+1902] white noise for L-wide_PUPPI (2122 TOAs)...
  [J1453+1902] white noise for 430_PUPPI (425 TOAs)...
  [J1455-3330] zeroing residuals...
  [J1455-3330] adding red noise...
  [J1455-3330] white noise for Rcvr1_2_GUPPI (4932 TOAs)...
  [J1455-3330] white noise for Rcvr_800_GASP (479 TOAs)...
  [J1455-3330] white noise for Rcvr_800_GUPPI (4843 TOAs)...
  [J1455-3330] white noise for Rcvr1_2_GASP (564 TOAs)...
  [J1600-3053] zeroing residuals...
  [J1600-3053] adding red noise...
  [J1600-3053] white noise for Rcvr1_2_GUPPI (10168 TOAs)...
  [J1600-3053] white noise for Rcvr1_2_GASP (457 TOAs)...
  [J1600-3053] white noise for 3GHz_YUPPI (3237 TOAs)...
  [J1600-3053] white noise for Rcvr_800_GUPPI (8796 TOAs)...
  [J1600-3053] white noise for Rcvr_800_GASP (297 TOAs)...
  [J1614-2230] zeroing residuals...
  [J1614-2230] adding red noise...
  [J1614-2230] white noise for Rcvr1_2_GUPPI (10509 TOAs)...
  [J1614-2230] white noise for Rcvr_800_GASP (84 TOAs)...
  [J1614-2230] white noise for Rcvr_800_GUPPI (7768 TOAs)...
  [J1614-2230] white noise for Rcvr1_2_GASP (84 TOAs)...
  [J1630+3734] zeroing residuals...
  [J1630+3734] adding red noise...
  [J1630+3734] white noise for Rcvr_800_GUPPI (906 TOAs)...
  [J1630+3734] white noise for Rcvr1_2_GUPPI (909 TOAs)...
  [J1640+2224] zeroing residuals...
  [J1640+2224] adding red noise...
  [J1640+2224] white noise for L-wide_PUPPI (9847 TOAs)...
  [J1640+2224] white noise for 430_ASP (340 TOAs)...
  [J1640+2224] white noise for L-wide_ASP (722 TOAs)...
  [J1640+2224] white noise for 430_PUPPI (3157 TOAs)...
  [J1643-1224] zeroing residuals...
  [J1643-1224] adding red noise...
  [J1643-1224] white noise for Rcvr1_2_GUPPI (8803 TOAs)...
  [J1643-1224] white noise for Rcvr1_2_GASP (833 TOAs)...
  [J1643-1224] white noise for 3GHz_YUPPI (4215 TOAs)...
  [J1643-1224] white noise for Rcvr_800_GUPPI (7734 TOAs)...
  [J1643-1224] white noise for Rcvr_800_GASP (559 TOAs)...
  [J1705-1903] zeroing residuals...
  [J1705-1903] adding red noise...
  [J1705-1903] white noise for Rcvr_800_GUPPI (3521 TOAs)...
  [J1705-1903] white noise for Rcvr1_2_GUPPI (6350 TOAs)...
  [J1713+0747] zeroing residuals...
  [J1713+0747] adding red noise...
  [J1713+0747] white noise for L-wide_ASP (843 TOAs)...
  [J1713+0747] white noise for L-wide_PUPPI (12743 TOAs)...
  [J1713+0747] white noise for Rcvr1_2_GUPPI (22334 TOAs)...
  [J1713+0747] white noise for S-wide_ASP (624 TOAs)...
  [J1713+0747] white noise for Rcvr1_2_GASP (1109 TOAs)...
  [J1713+0747] white noise for 3GHz_YUPPI (3282 TOAs)...
  [J1713+0747] white noise for Rcvr_800_GUPPI (8479 TOAs)...
  [J1713+0747] white noise for S-wide_PUPPI (7482 TOAs)...
  [J1713+0747] white noise for 1.5GHz_YUPPI (1461 TOAs)...
  [J1713+0747] white noise for Rcvr_800_GASP (1032 TOAs)...
  [J1719-1438] zeroing residuals...
  [J1719-1438] adding red noise...
  [J1719-1438] white noise for Rcvr_800_GUPPI (3634 TOAs)...
  [J1719-1438] white noise for Rcvr1_2_GUPPI (2722 TOAs)...
  [J1730-2304] zeroing residuals...
  [J1730-2304] adding red noise...
  [J1730-2304] white noise for Rcvr_800_GUPPI (2503 TOAs)...
  [J1730-2304] white noise for Rcvr1_2_GUPPI (2367 TOAs)...
  [J1738+0333] zeroing residuals...
  [J1738+0333] adding red noise...
  [J1738+0333] white noise for S-wide_ASP (134 TOAs)...
  [J1738+0333] white noise for S-wide_PUPPI (1737 TOAs)...
  [J1738+0333] white noise for L-wide_ASP (201 TOAs)...
  [J1738+0333] white noise for L-wide_PUPPI (6718 TOAs)...
  [J1741+1351] zeroing residuals...
  [J1741+1351] adding red noise...
  [J1741+1351] white noise for L-wide_ASP (236 TOAs)...
  [J1741+1351] white noise for L-wide_PUPPI (4045 TOAs)...
  [J1741+1351] white noise for S-wide_ASP (115 TOAs)...
  [J1741+1351] white noise for 430_ASP (27 TOAs)...
  [J1741+1351] white noise for 430_PUPPI (1159 TOAs)...
  [J1744-1134] zeroing residuals...
  [J1744-1134] adding red noise...
  [J1744-1134] white noise for Rcvr1_2_GUPPI (8109 TOAs)...
  [J1744-1134] white noise for Rcvr_800_GASP (930 TOAs)...
  [J1744-1134] white noise for Rcvr_800_GUPPI (7899 TOAs)...
  [J1744-1134] white noise for Rcvr1_2_GASP (807 TOAs)...
  [J1745+1017] zeroing residuals...
  [J1745+1017] adding red noise...
  [J1745+1017] white noise for S-wide_PUPPI (838 TOAs)...
  [J1745+1017] white noise for L-wide_PUPPI (2179 TOAs)...
  [J1747-4036] zeroing residuals...
  [J1747-4036] adding red noise...
  [J1747-4036] white noise for Rcvr_800_GUPPI (5816 TOAs)...
  [J1747-4036] white noise for Rcvr1_2_GUPPI (5239 TOAs)...
  [J1751-2857] zeroing residuals...
  [J1751-2857] adding red noise...
  [J1751-2857] white noise for Rcvr_800_GUPPI (239 TOAs)...
  [J1751-2857] white noise for Rcvr1_2_GUPPI (1786 TOAs)...
  [J1802-2124] zeroing residuals...
  [J1802-2124] adding red noise...
  [J1802-2124] white noise for Rcvr_800_GUPPI (3565 TOAs)...
  [J1802-2124] white noise for Rcvr1_2_GUPPI (3231 TOAs)...
  [J1811-2405] zeroing residuals...
  [J1811-2405] adding red noise...
  [J1811-2405] white noise for Rcvr_800_GUPPI (2628 TOAs)...
  [J1811-2405] white noise for Rcvr1_2_GUPPI (2638 TOAs)...
  [J1832-0836] zeroing residuals...
  [J1832-0836] adding red noise...
  [J1832-0836] white noise for Rcvr_800_GUPPI (3078 TOAs)...
  [J1832-0836] white noise for Rcvr1_2_GUPPI (4661 TOAs)...
  [J1843-1113] zeroing residuals...
  [J1843-1113] adding red noise...
  [J1843-1113] white noise for Rcvr_800_GUPPI (2201 TOAs)...
  [J1843-1113] white noise for Rcvr1_2_GUPPI (2394 TOAs)...
  [J1853+1303] zeroing residuals...
  [J1853+1303] adding red noise...
  [J1853+1303] white noise for L-wide_PUPPI (3362 TOAs)...
  [J1853+1303] white noise for 430_ASP (24 TOAs)...
  [J1853+1303] white noise for L-wide_ASP (33 TOAs)...
  [J1853+1303] white noise for 430_PUPPI (1151 TOAs)...
  [J1903+0327] zeroing residuals...
  [J1903+0327] adding red noise...
  [J1903+0327] white noise for L-wide_ASP (139 TOAs)...
  [J1903+0327] white noise for L-wide_PUPPI (3845 TOAs)...
  [J1903+0327] white noise for S-wide_ASP (151 TOAs)...
  [J1903+0327] white noise for 3GHz_YUPPI (439 TOAs)...
  [J1903+0327] white noise for S-wide_PUPPI (2282 TOAs)...
  [J1909-3744] zeroing residuals...
  [J1909-3744] adding red noise...
  [J1909-3744] white noise for Rcvr1_2_GUPPI (20439 TOAs)...
  [J1909-3744] white noise for Rcvr1_2_GASP (808 TOAs)...
  [J1909-3744] white noise for 3GHz_YUPPI (3525 TOAs)...
  [J1909-3744] white noise for Rcvr_800_GUPPI (9399 TOAs)...
  [J1909-3744] white noise for Rcvr_800_GASP (866 TOAs)...
  [J1910+1256] zeroing residuals...
  [J1910+1256] adding red noise...
  [J1910+1256] white noise for S-wide_ASP (208 TOAs)...
  [J1910+1256] white noise for S-wide_PUPPI (1857 TOAs)...
  [J1910+1256] white noise for L-wide_ASP (297 TOAs)...
  [J1910+1256] white noise for L-wide_PUPPI (4124 TOAs)...
  [J1911+1347] zeroing residuals...
  [J1911+1347] adding red noise...
  [J1911+1347] white noise for L-wide_PUPPI (3033 TOAs)...
  [J1911+1347] white noise for 430_PUPPI (753 TOAs)...
  [J1918-0642] zeroing residuals...
  [J1918-0642] adding red noise...
  [J1918-0642] white noise for Rcvr1_2_GUPPI (8910 TOAs)...
  [J1918-0642] white noise for Rcvr_800_GASP (835 TOAs)...
  [J1918-0642] white noise for Rcvr_800_GUPPI (8352 TOAs)...
  [J1918-0642] white noise for Rcvr1_2_GASP (778 TOAs)...
  [J1923+2515] zeroing residuals...
  [J1923+2515] adding red noise...
  [J1923+2515] white noise for L-wide_PUPPI (3028 TOAs)...
  [J1923+2515] white noise for 430_ASP (10 TOAs)...
  [J1923+2515] white noise for L-wide_ASP (14 TOAs)...
  [J1923+2515] white noise for 430_PUPPI (922 TOAs)...
  [J1944+0907] zeroing residuals...
  [J1944+0907] adding red noise...
  [J1944+0907] white noise for L-wide_ASP (257 TOAs)...
  [J1944+0907] white noise for L-wide_PUPPI (3900 TOAs)...
  [J1944+0907] white noise for S-wide_ASP (116 TOAs)...
  [J1944+0907] white noise for 430_ASP (38 TOAs)...
  [J1944+0907] white noise for 430_PUPPI (1017 TOAs)...
  [J1946+3417] zeroing residuals...
  [J1946+3417] adding red noise...
  [J1946+3417] white noise for S-wide_PUPPI (1546 TOAs)...
  [J1946+3417] white noise for L-wide_PUPPI (3197 TOAs)...
  [J2010-1323] zeroing residuals...
  [J2010-1323] adding red noise...
  [J2010-1323] white noise for Rcvr1_2_GUPPI (7779 TOAs)...
  [J2010-1323] white noise for Rcvr_800_GASP (70 TOAs)...
  [J2010-1323] white noise for Rcvr_800_GUPPI (9158 TOAs)...
  [J2010-1323] white noise for Rcvr1_2_GASP (70 TOAs)...
  [J2017+0603] zeroing residuals...
  [J2017+0603] adding red noise...
  [J2017+0603] white noise for S-wide_PUPPI (849 TOAs)...
  [J2017+0603] white noise for L-wide_PUPPI (2569 TOAs)...
  [J2017+0603] white noise for L-wide_ASP (16 TOAs)...
  [J2017+0603] white noise for 430_PUPPI (78 TOAs)...
  [J2033+1734] zeroing residuals...
  [J2033+1734] adding red noise...
  [J2033+1734] white noise for L-wide_PUPPI (3050 TOAs)...
  [J2033+1734] white noise for 430_PUPPI (797 TOAs)...
  [J2043+1711] zeroing residuals...
  [J2043+1711] adding red noise...
  [J2043+1711] white noise for L-wide_PUPPI (4419 TOAs)...
  [J2043+1711] white noise for 430_ASP (30 TOAs)...
  [J2043+1711] white noise for L-wide_ASP (40 TOAs)...
  [J2043+1711] white noise for 430_PUPPI (2908 TOAs)...
  [J2124-3358] zeroing residuals...
  [J2124-3358] adding red noise...
  [J2124-3358] white noise for Rcvr_800_GUPPI (2025 TOAs)...
  [J2124-3358] white noise for Rcvr1_2_GUPPI (2957 TOAs)...
  [J2145-0750] zeroing residuals...
  [J2145-0750] adding red noise...
  [J2145-0750] white noise for Rcvr1_2_GUPPI (9158 TOAs)...
  [J2145-0750] white noise for Rcvr_800_GASP (362 TOAs)...
  [J2145-0750] white noise for Rcvr_800_GUPPI (8728 TOAs)...
  [J2145-0750] white noise for Rcvr1_2_GASP (427 TOAs)...
  [J2214+3000] zeroing residuals...
  [J2214+3000] adding red noise...
  [J2214+3000] white noise for S-wide_PUPPI (1568 TOAs)...
  [J2214+3000] white noise for L-wide_ASP (9 TOAs)...
  [J2214+3000] white noise for L-wide_PUPPI (5829 TOAs)...
  [J2229+2643] zeroing residuals...
  [J2229+2643] adding red noise...
  [J2229+2643] white noise for L-wide_PUPPI (2755 TOAs)...
  [J2229+2643] white noise for 430_PUPPI (956 TOAs)...
  [J2234+0611] zeroing residuals...
  [J2234+0611] adding red noise...
  [J2234+0611] white noise for L-wide_PUPPI (2913 TOAs)...
  [J2234+0611] white noise for 430_PUPPI (653 TOAs)...
  [J2234+0944] zeroing residuals...
  [J2234+0944] adding red noise...
  [J2234+0944] white noise for S-wide_PUPPI (2532 TOAs)...
  [J2234+0944] white noise for L-wide_PUPPI (5003 TOAs)...
  [J2302+4442] zeroing residuals...
  [J2302+4442] adding red noise...
  [J2302+4442] white noise for Rcvr_800_GUPPI (6432 TOAs)...
  [J2302+4442] white noise for Rcvr1_2_GUPPI (3779 TOAs)...
  [J2317+1439] zeroing residuals...
  [J2317+1439] adding red noise...
  [J2317+1439] white noise for L-wide_PUPPI (9563 TOAs)...
  [J2317+1439] white noise for 327_ASP (413 TOAs)...
  [J2317+1439] white noise for 327_PUPPI (276 TOAs)...
  [J2317+1439] white noise for 430_ASP (458 TOAs)...
  [J2317+1439] white noise for 430_PUPPI (3217 TOAs)...
  [J2322+2057] zeroing residuals...
  [J2322+2057] adding red noise...
  [J2322+2057] white noise for S-wide_PUPPI (140 TOAs)...
  [J2322+2057] white noise for L-wide_PUPPI (2196 TOAs)...
  [J2322+2057] white noise for 430_PUPPI (752 TOAs)...
Resetting pulsars to clean stoas...
Restore: 0.00 s
Inject: 0.00 s
Snapshotting into enterprise Pulsar objects...
Building PTA...
PTA build: 453.03 s
Computing optimal statistic...
OS time: 47.32 s
Total: 500.36 s
Noise-only SNR baseline: 0.5523

Generating SNR-consistent population...
Target SNR: 4.0
Resetting pulsars to clean stoas...
Restore: 0.00 s
Injecting population...
  B1855+09: RMS = 872.776 ns
  B1937+21: RMS = 658.914 ns
  B1953+29: RMS = 596.194 ns
  J0023+0923: RMS = 1475.963 ns
  J0030+0451: RMS = 518.331 ns
  J0340+4130: RMS = 2186.603 ns
  J0406+3039: RMS = 1948.468 ns
  J0437-4715: RMS = 2066.650 ns
  J0509+0856: RMS = 369.802 ns
  J0557+1551: RMS = 1616.148 ns
  J0605+3757: RMS = 776.890 ns
  J0610-2100: RMS = 761.215 ns
  J0613-0200: RMS = 1045.135 ns
  J0636+5128: RMS = 1809.206 ns
  J0645+5158: RMS = 1931.458 ns
  J0709+0458: RMS = 248.229 ns
  J0740+6620: RMS = 2159.963 ns
  J0931-1902: RMS = 1184.819 ns
  J1012+5307: RMS = 1176.534 ns
  J1012-4235: RMS = 203.889 ns
  J1022+1001: RMS = 623.298 ns
  J1024-0719: RMS = 794.631 ns
  J1125+7819: RMS = 389.457 ns
  J1312+0051: RMS = 1166.468 ns
  J1453+1902: RMS = 917.178 ns
  J1455-3330: RMS = 783.794 ns
  J1600-3053: RMS = 1136.747 ns
  J1614-2230: RMS = 1117.458 ns
  J1630+3734: RMS = 1072.636 ns
  J1640+2224: RMS = 920.124 ns
  J1643-1224: RMS = 838.289 ns
  J1705-1903: RMS = 893.331 ns
  J1713+0747: RMS = 891.413 ns
  J1719-1438: RMS = 542.930 ns
  J1730-2304: RMS = 878.642 ns
  J1738+0333: RMS = 691.776 ns
  J1741+1351: RMS = 1071.611 ns
  J1744-1134: RMS = 821.018 ns
  J1745+1017: RMS = 674.655 ns
  J1747-4036: RMS = 3847.430 ns
  J1751-2857: RMS = 1824.146 ns
  J1802-2124: RMS = 1318.090 ns
  J1811-2405: RMS = 999.671 ns
  J1832-0836: RMS = 942.290 ns
  J1843-1113: RMS = 702.410 ns
  J1853+1303: RMS = 1171.692 ns
  J1903+0327: RMS = 608.496 ns
  J1909-3744: RMS = 947.095 ns
  J1910+1256: RMS = 1088.920 ns
  J1911+1347: RMS = 1091.067 ns
  J1918-0642: RMS = 603.595 ns
  J1923+2515: RMS = 841.643 ns
  J1944+0907: RMS = 855.601 ns
  J1946+3417: RMS = 846.558 ns
  J2010-1323: RMS = 592.350 ns
  J2017+0603: RMS = 526.897 ns
  J2033+1734: RMS = 608.356 ns
  J2043+1711: RMS = 483.848 ns
  J2124-3358: RMS = 531.434 ns
  J2145-0750: RMS = 2151.129 ns
  J2214+3000: RMS = 768.020 ns
  J2229+2643: RMS = 560.051 ns
  J2234+0611: RMS = 1128.487 ns
  J2234+0944: RMS = 1739.712 ns
  J2302+4442: RMS = 961.330 ns
  J2317+1439: RMS = 1448.315 ns
  J2322+2057: RMS = 897.334 ns
Inject: 175.50 s
Snapshotting into enterprise Pulsar objects...
Building PTA...
PTA build: 441.14 s
Computing optimal statistic...
OS time: 46.13 s
Total: 662.77 s
Initial SNR: 11.3630, Target SNR: 4.0000
  Initial SNR 11.3630 outside of provided SNR_range [3.5, 4.25] — rescaling.
Scaling distances by factor 1.7708 to achieve target SNR...
Resetting pulsars to clean stoas...
Restore: 0.01 s
Injecting population...
  B1855+09: RMS = 492.880 ns
  B1937+21: RMS = 372.107 ns
  B1953+29: RMS = 336.687 ns
  J0023+0923: RMS = 833.516 ns
  J0030+0451: RMS = 292.716 ns
  J0340+4130: RMS = 1234.834 ns
  J0406+3039: RMS = 1100.353 ns
  J0437-4715: RMS = 1167.094 ns
  J0509+0856: RMS = 208.837 ns
  J0557+1551: RMS = 912.683 ns
  J0605+3757: RMS = 438.731 ns
  J0610-2100: RMS = 429.879 ns
  J0613-0200: RMS = 590.217 ns
  J0636+5128: RMS = 1021.708 ns
  J0645+5158: RMS = 1090.747 ns
  J0709+0458: RMS = 140.182 ns
  J0740+6620: RMS = 1219.790 ns
  J0931-1902: RMS = 669.100 ns
  J1012+5307: RMS = 664.421 ns
  J1012-4235: RMS = 115.141 ns
  J1022+1001: RMS = 351.993 ns
  J1024-0719: RMS = 448.750 ns
  J1125+7819: RMS = 219.937 ns
  J1312+0051: RMS = 658.736 ns
  J1453+1902: RMS = 517.955 ns
  J1455-3330: RMS = 442.630 ns
  J1600-3053: RMS = 641.952 ns
  J1614-2230: RMS = 631.059 ns
  J1630+3734: RMS = 605.747 ns
  J1640+2224: RMS = 519.619 ns
  J1643-1224: RMS = 473.405 ns
  J1705-1903: RMS = 504.489 ns
  J1713+0747: RMS = 503.405 ns
  J1719-1438: RMS = 306.607 ns
  J1730-2304: RMS = 496.193 ns
  J1738+0333: RMS = 390.665 ns
  J1741+1351: RMS = 605.168 ns
  J1744-1134: RMS = 463.651 ns
  J1745+1017: RMS = 380.996 ns
  J1747-4036: RMS = 2172.749 ns
  J1751-2857: RMS = 1030.145 ns
  J1802-2124: RMS = 744.361 ns
  J1811-2405: RMS = 564.541 ns
  J1832-0836: RMS = 532.137 ns
  J1843-1113: RMS = 396.670 ns
  J1853+1303: RMS = 661.687 ns
  J1903+0327: RMS = 343.634 ns
  J1909-3744: RMS = 534.850 ns
  J1910+1256: RMS = 614.943 ns
  J1911+1347: RMS = 616.155 ns
  J1918-0642: RMS = 340.867 ns
  J1923+2515: RMS = 475.299 ns
  J1944+0907: RMS = 483.181 ns
  J1946+3417: RMS = 478.074 ns
  J2010-1323: RMS = 334.516 ns
  J2017+0603: RMS = 297.553 ns
  J2033+1734: RMS = 343.555 ns
  J2043+1711: RMS = 273.242 ns
  J2124-3358: RMS = 300.115 ns
  J2145-0750: RMS = 1214.801 ns
  J2214+3000: RMS = 433.722 ns
  J2229+2643: RMS = 316.276 ns
  J2234+0611: RMS = 637.287 ns
  J2234+0944: RMS = 982.463 ns
  J2302+4442: RMS = 542.889 ns
  J2317+1439: RMS = 817.903 ns
  J2322+2057: RMS = 506.749 ns
Inject: 199.40 s
Snapshotting into enterprise Pulsar objects...
Building PTA...
PTA build: 428.31 s
Computing optimal statistic...
OS time: 51.71 s
Total: 679.42 s
  SNR 3.0456 outside of provided SNR_range [3.5, 4.25] — rescaling.
[Iteration 1/4] SNR after scaling: 3.0456 (target: 4.0000)
  SNR history: it0→11.3630@1.0000x, it1→3.0456@1.7708x
  Re-scaling distances by factor 0.7515  (cumulative after: 1.3307×)
Resetting pulsars to clean stoas...
Restore: 0.00 s
Injecting population...
  B1855+09: RMS = 655.877 ns
  B1937+21: RMS = 495.163 ns
  B1953+29: RMS = 448.030 ns
  J0023+0923: RMS = 1109.161 ns
  J0030+0451: RMS = 389.517 ns
  J0340+4130: RMS = 1643.196 ns
  J0406+3039: RMS = 1464.241 ns
  J0437-4715: RMS = 1553.053 ns
  J0509+0856: RMS = 277.900 ns
  J0557+1551: RMS = 1214.509 ns
  J0605+3757: RMS = 583.820 ns
  J0610-2100: RMS = 572.040 ns
  J0613-0200: RMS = 785.402 ns
  J0636+5128: RMS = 1359.589 ns
  J0645+5158: RMS = 1451.459 ns
  J0709+0458: RMS = 186.540 ns
  J0740+6620: RMS = 1623.177 ns
  J0931-1902: RMS = 890.372 ns
  J1012+5307: RMS = 884.146 ns
  J1012-4235: RMS = 153.219 ns
  J1022+1001: RMS = 468.398 ns
  J1024-0719: RMS = 597.152 ns
  J1125+7819: RMS = 292.670 ns
  J1312+0051: RMS = 876.581 ns
  J1453+1902: RMS = 689.244 ns
  J1455-3330: RMS = 589.008 ns
  J1600-3053: RMS = 854.246 ns
  J1614-2230: RMS = 839.751 ns
  J1630+3734: RMS = 806.068 ns
  J1640+2224: RMS = 691.458 ns
  J1643-1224: RMS = 629.960 ns
  J1705-1903: RMS = 671.324 ns
  J1713+0747: RMS = 669.882 ns
  J1719-1438: RMS = 408.003 ns
  J1730-2304: RMS = 660.285 ns
  J1738+0333: RMS = 519.858 ns
  J1741+1351: RMS = 805.298 ns
  J1744-1134: RMS = 616.981 ns
  J1745+1017: RMS = 506.992 ns
  J1747-4036: RMS = 2891.280 ns
  J1751-2857: RMS = 1370.815 ns
  J1802-2124: RMS = 990.523 ns
  J1811-2405: RMS = 751.236 ns
  J1832-0836: RMS = 708.115 ns
  J1843-1113: RMS = 527.850 ns
  J1853+1303: RMS = 880.507 ns
  J1903+0327: RMS = 457.275 ns
  J1909-3744: RMS = 711.726 ns
  J1910+1256: RMS = 818.305 ns
  J1911+1347: RMS = 819.919 ns
  J1918-0642: RMS = 453.592 ns
  J1923+2515: RMS = 632.481 ns
  J1944+0907: RMS = 642.970 ns
  J1946+3417: RMS = 636.174 ns
  J2010-1323: RMS = 445.141 ns
  J2017+0603: RMS = 395.955 ns
  J2033+1734: RMS = 457.169 ns
  J2043+1711: RMS = 363.604 ns
  J2124-3358: RMS = 399.364 ns
  J2145-0750: RMS = 1616.538 ns
  J2214+3000: RMS = 577.154 ns
  J2229+2643: RMS = 420.869 ns
  J2234+0611: RMS = 848.039 ns
  J2234+0944: RMS = 1307.365 ns
  J2302+4442: RMS = 722.424 ns
  J2317+1439: RMS = 1088.385 ns
  J2322+2057: RMS = 674.331 ns
Inject: 178.12 s
Snapshotting into enterprise Pulsar objects...
Building PTA...
PTA build: 479.94 s
Computing optimal statistic...
OS time: 48.53 s
Total: 706.59 s
  SNR 5.9318 outside of provided SNR_range [3.5, 4.25] — rescaling.
[Iteration 2/4] SNR after scaling: 5.9318 (target: 4.0000)
  SNR history: it0→11.3630@1.0000x, it1→3.0456@1.7708x, it2→5.9318@1.3307x
  Re-scaling distances by factor 1.1536  (cumulative after: 1.5350×)
Resetting pulsars to clean stoas...
Restore: 0.01 s
Injecting population...
  B1855+09: RMS = 568.567 ns
  B1937+21: RMS = 429.247 ns
  B1953+29: RMS = 388.388 ns
  J0023+0923: RMS = 961.511 ns
  J0030+0451: RMS = 337.665 ns
  J0340+4130: RMS = 1424.456 ns
  J0406+3039: RMS = 1269.324 ns
  J0437-4715: RMS = 1346.313 ns
  J0509+0856: RMS = 240.906 ns
  J0557+1551: RMS = 1052.835 ns
  J0605+3757: RMS = 506.103 ns
  J0610-2100: RMS = 495.891 ns
  J0613-0200: RMS = 680.850 ns
  J0636+5128: RMS = 1178.602 ns
  J0645+5158: RMS = 1258.242 ns
  J0709+0458: RMS = 161.708 ns
  J0740+6620: RMS = 1407.102 ns
  J0931-1902: RMS = 771.847 ns
  J1012+5307: RMS = 766.450 ns
  J1012-4235: RMS = 132.823 ns
  J1022+1001: RMS = 406.045 ns
  J1024-0719: RMS = 517.660 ns
  J1125+7819: RMS = 253.710 ns
  J1312+0051: RMS = 759.892 ns
  J1453+1902: RMS = 597.493 ns
  J1455-3330: RMS = 510.600 ns
  J1600-3053: RMS = 740.530 ns
  J1614-2230: RMS = 727.964 ns
  J1630+3734: RMS = 698.765 ns
  J1640+2224: RMS = 599.412 ns
  J1643-1224: RMS = 546.101 ns
  J1705-1903: RMS = 581.958 ns
  J1713+0747: RMS = 580.708 ns
  J1719-1438: RMS = 353.690 ns
  J1730-2304: RMS = 572.388 ns
  J1738+0333: RMS = 450.655 ns
  J1741+1351: RMS = 698.098 ns
  J1744-1134: RMS = 534.849 ns
  J1745+1017: RMS = 439.502 ns
  J1747-4036: RMS = 2506.397 ns
  J1751-2857: RMS = 1188.334 ns
  J1802-2124: RMS = 858.666 ns
  J1811-2405: RMS = 651.233 ns
  J1832-0836: RMS = 613.852 ns
  J1843-1113: RMS = 457.583 ns
  J1853+1303: RMS = 763.295 ns
  J1903+0327: RMS = 396.403 ns
  J1909-3744: RMS = 616.982 ns
  J1910+1256: RMS = 709.374 ns
  J1911+1347: RMS = 710.772 ns
  J1918-0642: RMS = 393.210 ns
  J1923+2515: RMS = 548.286 ns
  J1944+0907: RMS = 557.378 ns
  J1946+3417: RMS = 551.487 ns
  J2010-1323: RMS = 385.885 ns
  J2017+0603: RMS = 343.246 ns
  J2033+1734: RMS = 396.312 ns
  J2043+1711: RMS = 315.201 ns
  J2124-3358: RMS = 346.201 ns
  J2145-0750: RMS = 1401.347 ns
  J2214+3000: RMS = 500.324 ns
  J2229+2643: RMS = 364.844 ns
  J2234+0611: RMS = 735.149 ns
  J2234+0944: RMS = 1133.330 ns
  J2302+4442: RMS = 626.256 ns
  J2317+1439: RMS = 943.500 ns
  J2322+2057: RMS = 584.565 ns
Inject: 163.19 s
Snapshotting into enterprise Pulsar objects...
Building PTA...
PTA build: 418.76 s
Computing optimal statistic...
OS time: 43.67 s
Total: 625.63 s
  SNR 4.2569 outside of provided SNR_range [3.5, 4.25] — rescaling.
[Iteration 3/4] SNR after scaling: 4.2569 (target: 4.0000)
  SNR history: it0→11.3630@1.0000x, it1→3.0456@1.7708x, it2→5.9318@1.3307x, it3→4.2569@1.5350x
  Re-scaling distances by factor 1.0740  (cumulative after: 1.6487×)
Resetting pulsars to clean stoas...
Restore: 0.00 s
Injecting population...
  B1855+09: RMS = 529.373 ns
  B1937+21: RMS = 399.657 ns
  B1953+29: RMS = 361.615 ns
  J0023+0923: RMS = 895.229 ns
  J0030+0451: RMS = 314.388 ns
  J0340+4130: RMS = 1326.261 ns
  J0406+3039: RMS = 1181.822 ns
  J0437-4715: RMS = 1253.504 ns
  J0509+0856: RMS = 224.299 ns
  J0557+1551: RMS = 980.258 ns
  J0605+3757: RMS = 471.215 ns
  J0610-2100: RMS = 461.707 ns
  J0613-0200: RMS = 633.916 ns
  J0636+5128: RMS = 1097.355 ns
  J0645+5158: RMS = 1171.505 ns
  J0709+0458: RMS = 150.561 ns
  J0740+6620: RMS = 1310.103 ns
  J0931-1902: RMS = 718.639 ns
  J1012+5307: RMS = 713.614 ns
  J1012-4235: RMS = 123.666 ns
  J1022+1001: RMS = 378.055 ns
  J1024-0719: RMS = 481.975 ns
  J1125+7819: RMS = 236.221 ns
  J1312+0051: RMS = 707.509 ns
  J1453+1902: RMS = 556.305 ns
  J1455-3330: RMS = 475.402 ns
  J1600-3053: RMS = 689.482 ns
  J1614-2230: RMS = 677.782 ns
  J1630+3734: RMS = 650.596 ns
  J1640+2224: RMS = 558.092 ns
  J1643-1224: RMS = 508.455 ns
  J1705-1903: RMS = 541.840 ns
  J1713+0747: RMS = 540.677 ns
  J1719-1438: RMS = 329.308 ns
  J1730-2304: RMS = 532.931 ns
  J1738+0333: RMS = 419.589 ns
  J1741+1351: RMS = 649.974 ns
  J1744-1134: RMS = 497.979 ns
  J1745+1017: RMS = 409.205 ns
  J1747-4036: RMS = 2333.617 ns
  J1751-2857: RMS = 1106.416 ns
  J1802-2124: RMS = 799.473 ns
  J1811-2405: RMS = 606.340 ns
  J1832-0836: RMS = 571.536 ns
  J1843-1113: RMS = 426.039 ns
  J1853+1303: RMS = 710.677 ns
  J1903+0327: RMS = 369.077 ns
  J1909-3744: RMS = 574.450 ns
  J1910+1256: RMS = 660.473 ns
  J1911+1347: RMS = 661.775 ns
  J1918-0642: RMS = 366.104 ns
  J1923+2515: RMS = 510.490 ns
  J1944+0907: RMS = 518.955 ns
  J1946+3417: RMS = 513.470 ns
  J2010-1323: RMS = 359.284 ns
  J2017+0603: RMS = 319.584 ns
  J2033+1734: RMS = 368.992 ns
  J2043+1711: RMS = 293.473 ns
  J2124-3358: RMS = 322.336 ns
  J2145-0750: RMS = 1304.744 ns
  J2214+3000: RMS = 465.834 ns
  J2229+2643: RMS = 339.693 ns
  J2234+0611: RMS = 684.471 ns
  J2234+0944: RMS = 1055.204 ns
  J2302+4442: RMS = 583.084 ns
  J2317+1439: RMS = 878.460 ns
  J2322+2057: RMS = 544.268 ns
Inject: 145.47 s
Snapshotting into enterprise Pulsar objects...
Building PTA...
PTA build: 431.45 s
Computing optimal statistic...
OS time: 43.49 s
Total: 620.42 s
  ✓ SNR is within the provided SNR_range: 3.6017 ∈ [3.5, 4.25]

Final SNR history:
  it 0: cumulative_scale=1.0000×  SNR=11.3630
  it 1: cumulative_scale=1.7708×  SNR=3.0456
  it 2: cumulative_scale=1.3307×  SNR=5.9318
  it 3: cumulative_scale=1.5350×  SNR=4.2569
  it 4: cumulative_scale=1.6487×  SNR=3.6017
✓ Simulation 1 done (3330.7 s)

======================================================================
ENSEMBLE SUMMARY
======================================================================
Success rate: 100.0% (1/1)

Binaries per population:
  Mean ± std : 10000000 ± 0
  Range      : [10000000, 10000000]

SNR achieved:
  Mean ± std : 3.6017 ± 0.0000
  Range      : [3.6017, 3.6017]

Total time: 3870.3 s (64.5 min)
======================================================================

💾 Saved: data/2026-04-29/pessimistic_run_120/consistent_population_pessimistic_targetSNR4.25_sims1.json
💾 Saved compressed pickle: data/2026-04-29/pessimistic_run_120/consistent_population_pessimistic_targetSNR4.25_sims1.pkl.gz

======================================================================
CONTINUOUS WAVE SNR ANALYSIS
======================================================================

--- Population 1 ---
Precomputation of phiinvs, TNTs, Ts, Nvecs, Sigmas took 0.04 seconds.
Total SNR computation for population took 332.55 seconds.
Top 50 CGW candidates:
   1. proxy_rank=  55  sky_w=1.49  f=9.46e-09 Hz  Mc=3.45e+09 Msun  h0=1.78e-15  SNR=3.367
   2. proxy_rank=  62  sky_w=1.47  f=7.20e-09 Hz  Mc=2.93e+09 Msun  h0=1.34e-15  SNR=2.585
   3. proxy_rank=   2  sky_w=1.26  f=3.78e-09 Hz  Mc=4.24e+09 Msun  h0=2.01e-15  SNR=2.174
   4. proxy_rank= 465  sky_w=1.56  f=9.66e-09 Hz  Mc=4.05e+09 Msun  h0=9.15e-16  SNR=1.954
   5. proxy_rank=   8  sky_w=1.45  f=4.16e-09 Hz  Mc=3.43e+09 Msun  h0=1.36e-15  SNR=1.735
   6. proxy_rank=   6  sky_w=1.06  f=3.47e-09 Hz  Mc=1.27e+09 Msun  h0=1.71e-15  SNR=1.526
   7. proxy_rank=  92  sky_w=1.21  f=4.94e-09 Hz  Mc=1.22e+09 Msun  h0=9.61e-16  SNR=1.326
   8. proxy_rank=  81  sky_w=1.53  f=5.07e-09 Hz  Mc=3.72e+09 Msun  h0=8.09e-16  SNR=1.315
   9. proxy_rank= 436  sky_w=1.00  f=6.25e-09 Hz  Mc=5.64e+09 Msun  h0=9.39e-16  SNR=1.219
  10. proxy_rank= 629  sky_w=0.93  f=7.22e-09 Hz  Mc=5.80e+09 Msun  h0=1.03e-15  SNR=1.071
  11. proxy_rank= 357  sky_w=1.34  f=6.63e-09 Hz  Mc=3.62e+09 Msun  h0=7.87e-16  SNR=1.006
  12. proxy_rank=  49  sky_w=1.34  f=4.89e-09 Hz  Mc=3.28e+09 Msun  h0=1.05e-15  SNR=0.963
  13. proxy_rank=  46  sky_w=1.38  f=4.20e-09 Hz  Mc=1.93e+09 Msun  h0=8.87e-16  SNR=0.962
  14. proxy_rank= 158  sky_w=1.51  f=4.60e-09 Hz  Mc=4.93e+09 Msun  h0=6.17e-16  SNR=0.854
  15. proxy_rank=  80  sky_w=0.61  f=4.07e-09 Hz  Mc=5.01e+09 Msun  h0=1.64e-15  SNR=0.847
  16. proxy_rank= 983  sky_w=1.57  f=7.49e-09 Hz  Mc=3.89e+09 Msun  h0=5.49e-16  SNR=0.825
  17. proxy_rank= 575  sky_w=1.23  f=5.81e-09 Hz  Mc=4.31e+09 Msun  h0=6.47e-16  SNR=0.823
  18. proxy_rank= 907  sky_w=1.24  f=6.46e-09 Hz  Mc=4.49e+09 Msun  h0=6.16e-16  SNR=0.814
  19. proxy_rank= 541  sky_w=0.73  f=6.82e-09 Hz  Mc=3.31e+09 Msun  h0=1.32e-15  SNR=0.791
  20. proxy_rank=   1  sky_w=1.42  f=2.26e-09 Hz  Mc=1.20e+09 Msun  h0=1.11e-15  SNR=0.753
  21. proxy_rank= 915  sky_w=0.93  f=5.65e-09 Hz  Mc=1.10e+09 Msun  h0=7.13e-16  SNR=0.749
  22. proxy_rank= 434  sky_w=1.11  f=4.75e-09 Hz  Mc=4.97e+09 Msun  h0=6.43e-16  SNR=0.734
  23. proxy_rank= 723  sky_w=1.09  f=5.56e-09 Hz  Mc=5.02e+09 Msun  h0=6.47e-16  SNR=0.728
  24. proxy_rank=  98  sky_w=1.39  f=4.45e-09 Hz  Mc=3.63e+09 Msun  h0=7.40e-16  SNR=0.725
  25. proxy_rank= 707  sky_w=1.34  f=5.86e-09 Hz  Mc=2.59e+09 Msun  h0=5.58e-16  SNR=0.717
  26. proxy_rank= 200  sky_w=1.52  f=4.07e-09 Hz  Mc=4.83e+09 Msun  h0=4.93e-16  SNR=0.680
  27. proxy_rank=  51  sky_w=0.92  f=5.19e-09 Hz  Mc=8.36e+09 Msun  h0=1.60e-15  SNR=0.633
  28. proxy_rank= 111  sky_w=1.34  f=3.54e-09 Hz  Mc=5.55e+09 Msun  h0=5.88e-16  SNR=0.629
  29. proxy_rank=  20  sky_w=1.60  f=4.19e-09 Hz  Mc=6.37e+09 Msun  h0=9.39e-16  SNR=0.625
  30. proxy_rank= 688  sky_w=1.08  f=9.08e-09 Hz  Mc=4.31e+09 Msun  h0=1.08e-15  SNR=0.621
  31. proxy_rank=   4  sky_w=1.47  f=2.28e-09 Hz  Mc=2.72e+09 Msun  h0=9.05e-16  SNR=0.617
  32. proxy_rank= 904  sky_w=1.29  f=5.19e-09 Hz  Mc=3.71e+09 Msun  h0=4.77e-16  SNR=0.616
  33. proxy_rank=  23  sky_w=1.03  f=2.97e-09 Hz  Mc=5.49e+09 Msun  h0=1.01e-15  SNR=0.602
  34. proxy_rank= 409  sky_w=1.07  f=4.65e-09 Hz  Mc=5.26e+09 Msun  h0=6.69e-16  SNR=0.599
  35. proxy_rank= 572  sky_w=1.56  f=4.67e-09 Hz  Mc=4.00e+09 Msun  h0=4.11e-16  SNR=0.585
  36. proxy_rank= 480  sky_w=1.62  f=4.68e-09 Hz  Mc=4.04e+09 Msun  h0=4.25e-16  SNR=0.569
  37. proxy_rank= 895  sky_w=1.42  f=4.69e-09 Hz  Mc=3.74e+09 Msun  h0=3.93e-16  SNR=0.564
  38. proxy_rank= 388  sky_w=1.41  f=5.57e-09 Hz  Mc=3.63e+09 Msun  h0=6.15e-16  SNR=0.562
  39. proxy_rank= 188  sky_w=1.56  f=3.99e-09 Hz  Mc=4.61e+09 Msun  h0=4.83e-16  SNR=0.557
  40. proxy_rank= 164  sky_w=1.40  f=4.35e-09 Hz  Mc=1.63e+09 Msun  h0=6.17e-16  SNR=0.528
  41. proxy_rank= 987  sky_w=1.57  f=4.93e-09 Hz  Mc=3.18e+09 Msun  h0=3.62e-16  SNR=0.527
  42. proxy_rank=  12  sky_w=1.13  f=2.49e-09 Hz  Mc=4.27e+09 Msun  h0=8.92e-16  SNR=0.515
  43. proxy_rank= 637  sky_w=1.44  f=5.02e-09 Hz  Mc=2.88e+09 Msun  h0=4.59e-16  SNR=0.515
  44. proxy_rank= 661  sky_w=1.61  f=4.60e-09 Hz  Mc=3.21e+09 Msun  h0=3.72e-16  SNR=0.511
  45. proxy_rank=   3  sky_w=1.33  f=1.99e-09 Hz  Mc=3.46e+09 Msun  h0=9.78e-16  SNR=0.510
  46. proxy_rank= 214  sky_w=1.32  f=3.69e-09 Hz  Mc=4.26e+09 Msun  h0=5.01e-16  SNR=0.510
  47. proxy_rank=  14  sky_w=1.44  f=2.76e-09 Hz  Mc=3.37e+09 Msun  h0=7.45e-16  SNR=0.508
  48. proxy_rank= 881  sky_w=0.85  f=4.88e-09 Hz  Mc=4.90e+09 Msun  h0=6.84e-16  SNR=0.506
  49. proxy_rank= 407  sky_w=1.42  f=3.99e-09 Hz  Mc=2.81e+09 Msun  h0=4.33e-16  SNR=0.505
  50. proxy_rank= 109  sky_w=1.48  f=3.53e-09 Hz  Mc=1.57e+09 Msun  h0=5.33e-16  SNR=0.501
💾 Saved: data/2026-04-29/pessimistic_run_120/consistent_population_pessimistic_targetSNR4.25_sims1.json
💾 Saved compressed pickle: data/2026-04-29/pessimistic_run_120/consistent_population_pessimistic_targetSNR4.25_sims1.pkl.gz
Saved to figures/cgw_analysis_pessimistic.pdf

======================================================================
ANALYSIS COMPLETE
Results saved to: data/2026-04-29/pessimistic_run_120
======================================================================

==========================================
Job finished at: Wed Apr 29 14:10:09 AEST 2026
Exit code: 0
==========================================

+------------------ Job Report: 11736960 (COMPLETED) ------------------+
| Memory (RAM)  [################### ] 96.3% (38.5 GB peak / 40 GB)    |
| CPU           [#################   ] 85.4% average                   |
| Time          [------------------> ] 90.9% (0-01:17:18 / 0-01:25:00) |
|                                                                      |
| Lustre Filesystem:                                                   |
|   Path    Total Read    Total Write    Total IOPS                    |
|   ------  ------------  -------------  ------------                  |
|   /apps   0 B           0 B            5                             |
|   /fred   64 KB         6.8 MB         42                            |
|   /home   761 MB        0 B            2.6 K                         |
|   OS      0 B           0 B            2                             |
+----------------------------------------------------------------------+
