==========================================
Job ID: 11717776
Job Name: smbhb_optimistic
Node: dave307
Start Time: Tue Apr 28 16:24:09 AEST 2026
==========================================

/home/bhoulden/.conda/envs/smbhb312/share/tempo2
Working directory: /fred/oz005/users/bhoulden/SMBHB_population_injections

Loaded modules:

Starting SMBHB analysis...
==========================================

📁 Save directory: data/2026-04-28/optimistic_run_87
📝 Run name: optimistic_run_87

[MEM] Start: 244.2 MB

📡 Loading pulsars...
======================================================================
LOADING NANOGRAV PULSARS (libstempo)
======================================================================

📦 Loading from cache: nanograv_pulsars_cache.pkl
⚠ Cache load failed: Ran out of input
[DEBUG] Found 76 .par files
[tempo2Util.C:396] Warning: [MISC1] Unknown parameter in par file:  DMDATA
[tempo2Util.C:401] Warning: [DUP1] duplicated warnings have been suppressed.

WARNING: Using tempo RNAMP parameter: setting TNRedC to 100!
[observatory.C:271] Warning: Assuming site 'arecibo' means 'ao'
✓ Loaded B1855+09 (7758 TOAs)

WARNING: Using tempo RNAMP parameter: setting TNRedC to 100!
✓ Loaded B1937+21 (23023 TOAs)

WARNING: Using tempo RNAMP parameter: setting TNRedC to 100!
✓ Loaded B1937+21ao (7241 TOAs)

WARNING: Using tempo RNAMP parameter: setting TNRedC to 100!
✓ Loaded B1937+21gbt (16048 TOAs)

WARNING: Using tempo RNAMP parameter: setting TNRedC to 100!
✓ Loaded B1953+29 (5126 TOAs)
✓ Loaded J0023+0923 (15896 TOAs)

WARNING: Using tempo RNAMP parameter: setting TNRedC to 100!
✓ Loaded J0030+0451 (19571 TOAs)
✓ Loaded J0340+4130 (11093 TOAs)
✓ Loaded J0406+3039 (2446 TOAs)

WARNING: Using tempo RNAMP parameter: setting TNRedC to 100!
✓ Loaded J0437-4715 (5830 TOAs)
✓ Loaded J0509+0856 (2169 TOAs)
✓ Loaded J0557+1551 (525 TOAs)
✓ Loaded J0605+3757 (554 TOAs)

WARNING: Using tempo RNAMP parameter: setting TNRedC to 100!
✓ Loaded J0610-2100 (4885 TOAs)

WARNING: Using tempo RNAMP parameter: setting TNRedC to 100!
✓ Loaded J0613-0200 (17124 TOAs)
✓ Loaded J0614-3329 (1714 TOAs)
✓ Loaded J0636+5128 (32222 TOAs)
✓ Loaded J0645+5158 (10403 TOAs)
✓ Loaded J0709+0458 (3030 TOAs)
✓ Loaded J0740+6620 (13401 TOAs)
✓ Loaded J0931-1902 (5473 TOAs)

WARNING: Using tempo RNAMP parameter: setting TNRedC to 100!
✓ Loaded J1012+5307 (25837 TOAs)
✓ Loaded J1012-4235 (797 TOAs)
✓ Loaded J1022+1001 (3978 TOAs)
✓ Loaded J1024-0719 (12635 TOAs)
✓ Loaded J1125+7819 (8723 TOAs)
✓ Loaded J1312+0051 (1705 TOAs)
✓ Loaded J1453+1902 (2551 TOAs)
✓ Loaded J1455-3330 (10818 TOAs)

WARNING: Using tempo RNAMP parameter: setting TNRedC to 100!
✓ Loaded J1600-3053 (22955 TOAs)

WARNING: Using tempo RNAMP parameter: setting TNRedC to 100!
✓ Loaded J1600-3053gbt (19725 TOAs)

WARNING: Using tempo RNAMP parameter: setting TNRedC to 100!
✓ Loaded J1614-2230 (18445 TOAs)
✓ Loaded J1630+3734 (1815 TOAs)
✓ Loaded J1640+2224 (14066 TOAs)

WARNING: Using tempo RNAMP parameter: setting TNRedC to 100!
✓ Loaded J1643-1224 (22144 TOAs)

WARNING: Using tempo RNAMP parameter: setting TNRedC to 100!
✓ Loaded J1643-1224gbt (17932 TOAs)

WARNING: Using tempo RNAMP parameter: setting TNRedC to 100!
✓ Loaded J1705-1903 (9871 TOAs)

WARNING: Using tempo RNAMP parameter: setting TNRedC to 100!
✓ Loaded J1713+0747 (59389 TOAs)

WARNING: Using tempo RNAMP parameter: setting TNRedC to 100!
✓ Loaded J1713+0747ao (21362 TOAs)

WARNING: Using tempo RNAMP parameter: setting TNRedC to 100!
✓ Loaded J1713+0747gbt (32963 TOAs)
✓ Loaded J1719-1438 (6356 TOAs)
✓ Loaded J1730-2304 (4870 TOAs)
✓ Loaded J1738+0333 (8790 TOAs)
✓ Loaded J1741+1351 (5582 TOAs)

WARNING: Using tempo RNAMP parameter: setting TNRedC to 100!
✓ Loaded J1744-1134 (17745 TOAs)

WARNING: Using tempo RNAMP parameter: setting TNRedC to 100!
✓ Loaded J1745+1017 (3017 TOAs)

WARNING: Using tempo RNAMP parameter: setting TNRedC to 100!
✓ Loaded J1747-4036 (11055 TOAs)
✓ Loaded J1751-2857 (2025 TOAs)

WARNING: Using tempo RNAMP parameter: setting TNRedC to 100!
✓ Loaded J1802-2124 (6796 TOAs)
✓ Loaded J1811-2405 (5266 TOAs)
✓ Loaded J1832-0836 (7739 TOAs)
✓ Loaded J1843-1113 (4595 TOAs)

WARNING: Using tempo RNAMP parameter: setting TNRedC to 100!
✓ Loaded J1853+1303 (4570 TOAs)

WARNING: Using tempo RNAMP parameter: setting TNRedC to 100!
✓ Loaded J1903+0327 (6856 TOAs)

WARNING: Using tempo RNAMP parameter: setting TNRedC to 100!
✓ Loaded J1903+0327ao (6423 TOAs)

WARNING: Using tempo RNAMP parameter: setting TNRedC to 100!
✓ Loaded J1909-3744 (35037 TOAs)

WARNING: Using tempo RNAMP parameter: setting TNRedC to 100!
✓ Loaded J1909-3744gbt (31526 TOAs)
✓ Loaded J1910+1256 (6486 TOAs)
✓ Loaded J1911+1347 (3786 TOAs)
✓ Loaded J1918-0642 (18875 TOAs)
✓ Loaded J1923+2515 (3974 TOAs)
✓ Loaded J1944+0907 (5328 TOAs)

WARNING: Using tempo RNAMP parameter: setting TNRedC to 100!
✓ Loaded J1946+3417 (4743 TOAs)
✓ Loaded J2010-1323 (17077 TOAs)
✓ Loaded J2017+0603 (3512 TOAs)
✓ Loaded J2033+1734 (3847 TOAs)
✓ Loaded J2043+1711 (7397 TOAs)
✓ Loaded J2124-3358 (4982 TOAs)

WARNING: Using tempo RNAMP parameter: setting TNRedC to 100!
✓ Loaded J2145-0750 (18675 TOAs)
✓ Loaded J2214+3000 (7406 TOAs)
✓ Loaded J2229+2643 (3711 TOAs)

WARNING: Using tempo RNAMP parameter: setting TNRedC to 100!
✓ Loaded J2234+0611 (3566 TOAs)
✓ Loaded J2234+0944 (7535 TOAs)
✓ Loaded J2302+4442 (10211 TOAs)
✓ Loaded J2317+1439 (13927 TOAs)
✓ Loaded J2322+2057 (3088 TOAs)
⚠ Could not save cache: no default __reduce__ due to non-trivial __cinit__

✓ Loaded 76 pulsars
✗ Failed: 0 — []
[MEM] After loading pulsars: 8871.1 MB

🔍 Filtering pulsars...

Filtered: 76 → 67 pulsars
[MEM] After filtering pulsars: 8873.7 MB
[MEM] After garbage collection: 8873.7 MB

======================================================================
SMBHB POPULATION ANALYSIS
======================================================================

Configuration: optimistic
  Larger mass, higher spread in distance, small population
  N_binaries: 500

======================================================================
CONSISTENT POPULATION SYNTHESIS
======================================================================

======================================================================
GENERATING SNR-CONSISTENT POPULATIONS
======================================================================
Target SNR:          4.0
Simulations:         1
======================================================================


──────────────────────────────────────────────────────────────────────
SIMULATION 1/1
──────────────────────────────────────────────────────────────────────
  [B1855+09] zeroing residuals...
  [B1855+09] adding red noise...
  [B1855+09] white noise for 430_PUPPI (1185 TOAs)...
  [B1855+09] white noise for L-wide_PUPPI (5005 TOAs)...
  [B1855+09] white noise for L-wide_ASP (1178 TOAs)...
  [B1855+09] white noise for 430_ASP (390 TOAs)...
  [B1937+21] zeroing residuals...
  [B1937+21] adding red noise...
  [B1937+21] white noise for Rcvr1_2_GASP (1069 TOAs)...
  [B1937+21] white noise for Rcvr_800_GASP (586 TOAs)...
  [B1937+21] white noise for L-wide_ASP (452 TOAs)...
  [B1937+21] white noise for L-wide_PUPPI (4133 TOAs)...
  [B1937+21] white noise for S-wide_PUPPI (2251 TOAs)...
  [B1937+21] white noise for Rcvr_800_GUPPI (7140 TOAs)...
  [B1937+21] white noise for Rcvr1_2_GUPPI (7048 TOAs)...
  [B1937+21] white noise for S-wide_ASP (344 TOAs)...
  [B1953+29] zeroing residuals...
  [B1953+29] adding red noise...
  [B1953+29] white noise for 430_ASP (29 TOAs)...
  [B1953+29] white noise for L-wide_ASP (94 TOAs)...
  [B1953+29] white noise for L-wide_PUPPI (4037 TOAs)...
  [B1953+29] white noise for S-wide_ASP (25 TOAs)...
  [B1953+29] white noise for 430_PUPPI (941 TOAs)...
  [J0023+0923] zeroing residuals...
  [J0023+0923] adding red noise...
  [J0023+0923] white noise for 430_PUPPI (4564 TOAs)...
  [J0023+0923] white noise for L-wide_PUPPI (11123 TOAs)...
  [J0023+0923] white noise for L-wide_ASP (119 TOAs)...
  [J0023+0923] white noise for 430_ASP (90 TOAs)...
  [J0030+0451] zeroing residuals...
  [J0030+0451] adding red noise...
  [J0030+0451] white noise for 430_ASP (267 TOAs)...
  [J0030+0451] white noise for L-wide_ASP (789 TOAs)...
  [J0030+0451] white noise for L-wide_PUPPI (12774 TOAs)...
  [J0030+0451] white noise for S-wide_PUPPI (2673 TOAs)...
  [J0030+0451] white noise for 430_PUPPI (3068 TOAs)...
  [J0340+4130] zeroing residuals...
  [J0340+4130] adding red noise...
  [J0340+4130] white noise for Rcvr_800_GUPPI (6056 TOAs)...
  [J0340+4130] white noise for Rcvr1_2_GUPPI (5037 TOAs)...
  [J0406+3039] zeroing residuals...
  [J0406+3039] adding red noise...
  [J0406+3039] white noise for L-wide_PUPPI (1871 TOAs)...
  [J0406+3039] white noise for S-wide_PUPPI (575 TOAs)...
  [J0437-4715] zeroing residuals...
  [J0437-4715] adding red noise...
  [J0437-4715] white noise for 3GHz_YUPPI (3696 TOAs)...
  [J0437-4715] white noise for 1.5GHz_YUPPI (2134 TOAs)...
  [J0509+0856] zeroing residuals...
  [J0509+0856] adding red noise...
  [J0509+0856] white noise for L-wide_PUPPI (1625 TOAs)...
  [J0509+0856] white noise for S-wide_PUPPI (544 TOAs)...
  [J0557+1551] zeroing residuals...
  [J0557+1551] adding red noise...
  [J0557+1551] white noise for L-wide_PUPPI (467 TOAs)...
  [J0557+1551] white noise for S-wide_PUPPI (58 TOAs)...
  [J0605+3757] zeroing residuals...
  [J0605+3757] adding red noise...
  [J0605+3757] white noise for Rcvr_800_GUPPI (236 TOAs)...
  [J0605+3757] white noise for Rcvr1_2_GUPPI (318 TOAs)...
  [J0610-2100] zeroing residuals...
  [J0610-2100] adding red noise...
  [J0610-2100] white noise for Rcvr_800_GUPPI (2484 TOAs)...
  [J0610-2100] white noise for Rcvr1_2_GUPPI (2401 TOAs)...
  [J0613-0200] zeroing residuals...
  [J0613-0200] adding red noise...
  [J0613-0200] white noise for Rcvr1_2_GASP (992 TOAs)...
  [J0613-0200] white noise for Rcvr_800_GASP (809 TOAs)...
  [J0613-0200] white noise for Rcvr_800_GUPPI (7900 TOAs)...
  [J0613-0200] white noise for Rcvr1_2_GUPPI (7423 TOAs)...
  [J0636+5128] zeroing residuals...
  [J0636+5128] adding red noise...
  [J0636+5128] white noise for Rcvr_800_GUPPI (17419 TOAs)...
  [J0636+5128] white noise for Rcvr1_2_GUPPI (14803 TOAs)...
  [J0645+5158] zeroing residuals...
  [J0645+5158] adding red noise...
  [J0645+5158] white noise for Rcvr_800_GUPPI (4682 TOAs)...
  [J0645+5158] white noise for Rcvr1_2_GUPPI (5721 TOAs)...
  [J0709+0458] zeroing residuals...
  [J0709+0458] adding red noise...
  [J0709+0458] white noise for L-wide_PUPPI (2435 TOAs)...
  [J0709+0458] white noise for S-wide_PUPPI (595 TOAs)...
  [J0740+6620] zeroing residuals...
  [J0740+6620] adding red noise...
  [J0740+6620] white noise for Rcvr_800_GUPPI (5136 TOAs)...
  [J0740+6620] white noise for Rcvr1_2_GUPPI (8265 TOAs)...
  [J0931-1902] zeroing residuals...
  [J0931-1902] adding red noise...
  [J0931-1902] white noise for Rcvr_800_GUPPI (3419 TOAs)...
  [J0931-1902] white noise for Rcvr1_2_GUPPI (2054 TOAs)...
  [J1012+5307] zeroing residuals...
  [J1012+5307] adding red noise...
  [J1012+5307] white noise for Rcvr1_2_GASP (1479 TOAs)...
  [J1012+5307] white noise for Rcvr_800_GASP (1210 TOAs)...
  [J1012+5307] white noise for Rcvr_800_GUPPI (10299 TOAs)...
  [J1012+5307] white noise for Rcvr1_2_GUPPI (12849 TOAs)...
  [J1012-4235] zeroing residuals...
  [J1012-4235] adding red noise...
  [J1012-4235] white noise for Rcvr_800_GUPPI (342 TOAs)...
  [J1012-4235] white noise for Rcvr1_2_GUPPI (455 TOAs)...
  [J1022+1001] zeroing residuals...
  [J1022+1001] adding red noise...
  [J1022+1001] white noise for L-wide_PUPPI (2592 TOAs)...
  [J1022+1001] white noise for S-wide_PUPPI (1154 TOAs)...
  [J1022+1001] white noise for 430_PUPPI (232 TOAs)...
  [J1024-0719] zeroing residuals...
  [J1024-0719] adding red noise...
  [J1024-0719] white noise for Rcvr1_2_GASP (43 TOAs)...
  [J1024-0719] white noise for Rcvr_800_GASP (51 TOAs)...
  [J1024-0719] white noise for Rcvr_800_GUPPI (5455 TOAs)...
  [J1024-0719] white noise for Rcvr1_2_GUPPI (7086 TOAs)...
  [J1125+7819] zeroing residuals...
  [J1125+7819] adding red noise...
  [J1125+7819] white noise for Rcvr_800_GUPPI (4707 TOAs)...
  [J1125+7819] white noise for Rcvr1_2_GUPPI (4016 TOAs)...
  [J1312+0051] zeroing residuals...
  [J1312+0051] adding red noise...
  [J1312+0051] white noise for L-wide_PUPPI (1289 TOAs)...
  [J1312+0051] white noise for S-wide_PUPPI (416 TOAs)...
  [J1453+1902] zeroing residuals...
  [J1453+1902] adding red noise...
  [J1453+1902] white noise for L-wide_PUPPI (2122 TOAs)...
  [J1453+1902] white noise for S-wide_PUPPI (4 TOAs)...
  [J1453+1902] white noise for 430_PUPPI (425 TOAs)...
  [J1455-3330] zeroing residuals...
  [J1455-3330] adding red noise...
  [J1455-3330] white noise for Rcvr1_2_GASP (564 TOAs)...
  [J1455-3330] white noise for Rcvr_800_GASP (479 TOAs)...
  [J1455-3330] white noise for Rcvr_800_GUPPI (4843 TOAs)...
  [J1455-3330] white noise for Rcvr1_2_GUPPI (4932 TOAs)...
  [J1600-3053] zeroing residuals...
  [J1600-3053] adding red noise...
  [J1600-3053] white noise for Rcvr1_2_GASP (457 TOAs)...
  [J1600-3053] white noise for Rcvr_800_GASP (297 TOAs)...
  [J1600-3053] white noise for Rcvr_800_GUPPI (8796 TOAs)...
  [J1600-3053] white noise for Rcvr1_2_GUPPI (10168 TOAs)...
  [J1600-3053] white noise for 3GHz_YUPPI (3237 TOAs)...
  [J1614-2230] zeroing residuals...
  [J1614-2230] adding red noise...
  [J1614-2230] white noise for Rcvr1_2_GASP (84 TOAs)...
  [J1614-2230] white noise for Rcvr_800_GASP (84 TOAs)...
  [J1614-2230] white noise for Rcvr_800_GUPPI (7768 TOAs)...
  [J1614-2230] white noise for Rcvr1_2_GUPPI (10509 TOAs)...
  [J1630+3734] zeroing residuals...
  [J1630+3734] adding red noise...
  [J1630+3734] white noise for Rcvr_800_GUPPI (906 TOAs)...
  [J1630+3734] white noise for Rcvr1_2_GUPPI (909 TOAs)...
  [J1640+2224] zeroing residuals...
  [J1640+2224] adding red noise...
  [J1640+2224] white noise for 430_PUPPI (3157 TOAs)...
  [J1640+2224] white noise for L-wide_PUPPI (9847 TOAs)...
  [J1640+2224] white noise for L-wide_ASP (722 TOAs)...
  [J1640+2224] white noise for 430_ASP (340 TOAs)...
  [J1643-1224] zeroing residuals...
  [J1643-1224] adding red noise...
  [J1643-1224] white noise for Rcvr1_2_GASP (833 TOAs)...
  [J1643-1224] white noise for Rcvr_800_GASP (559 TOAs)...
  [J1643-1224] white noise for Rcvr_800_GUPPI (7734 TOAs)...
  [J1643-1224] white noise for Rcvr1_2_GUPPI (8803 TOAs)...
  [J1643-1224] white noise for 3GHz_YUPPI (4215 TOAs)...
  [J1705-1903] zeroing residuals...
  [J1705-1903] adding red noise...
  [J1705-1903] white noise for Rcvr_800_GUPPI (3521 TOAs)...
  [J1705-1903] white noise for Rcvr1_2_GUPPI (6350 TOAs)...
  [J1713+0747] zeroing residuals...
  [J1713+0747] adding red noise...
  [J1713+0747] white noise for Rcvr1_2_GASP (1109 TOAs)...
  [J1713+0747] white noise for Rcvr_800_GASP (1032 TOAs)...
  [J1713+0747] white noise for L-wide_ASP (843 TOAs)...
  [J1713+0747] white noise for L-wide_PUPPI (12743 TOAs)...
  [J1713+0747] white noise for S-wide_PUPPI (7482 TOAs)...
  [J1713+0747] white noise for 1.5GHz_YUPPI (1461 TOAs)...
  [J1713+0747] white noise for Rcvr_800_GUPPI (8479 TOAs)...
  [J1713+0747] white noise for Rcvr1_2_GUPPI (22334 TOAs)...
  [J1713+0747] white noise for S-wide_ASP (624 TOAs)...
  [J1713+0747] white noise for 3GHz_YUPPI (3282 TOAs)...
  [J1719-1438] zeroing residuals...
  [J1719-1438] adding red noise...
  [J1719-1438] white noise for Rcvr_800_GUPPI (3634 TOAs)...
  [J1719-1438] white noise for Rcvr1_2_GUPPI (2722 TOAs)...
  [J1730-2304] zeroing residuals...
  [J1730-2304] adding red noise...
  [J1730-2304] white noise for Rcvr_800_GUPPI (2503 TOAs)...
  [J1730-2304] white noise for Rcvr1_2_GUPPI (2367 TOAs)...
  [J1738+0333] zeroing residuals...
  [J1738+0333] adding red noise...
  [J1738+0333] white noise for L-wide_ASP (201 TOAs)...
  [J1738+0333] white noise for L-wide_PUPPI (6718 TOAs)...
  [J1738+0333] white noise for S-wide_ASP (134 TOAs)...
  [J1738+0333] white noise for S-wide_PUPPI (1737 TOAs)...
  [J1741+1351] zeroing residuals...
  [J1741+1351] adding red noise...
  [J1741+1351] white noise for 430_ASP (27 TOAs)...
  [J1741+1351] white noise for L-wide_ASP (236 TOAs)...
  [J1741+1351] white noise for L-wide_PUPPI (4045 TOAs)...
  [J1741+1351] white noise for S-wide_ASP (115 TOAs)...
  [J1741+1351] white noise for 430_PUPPI (1159 TOAs)...
  [J1744-1134] zeroing residuals...
  [J1744-1134] adding red noise...
  [J1744-1134] white noise for Rcvr1_2_GASP (807 TOAs)...
  [J1744-1134] white noise for Rcvr_800_GASP (930 TOAs)...
  [J1744-1134] white noise for Rcvr_800_GUPPI (7899 TOAs)...
  [J1744-1134] white noise for Rcvr1_2_GUPPI (8109 TOAs)...
  [J1745+1017] zeroing residuals...
  [J1745+1017] adding red noise...
  [J1745+1017] white noise for L-wide_PUPPI (2179 TOAs)...
  [J1745+1017] white noise for S-wide_PUPPI (838 TOAs)...
  [J1747-4036] zeroing residuals...
  [J1747-4036] adding red noise...
  [J1747-4036] white noise for Rcvr_800_GUPPI (5816 TOAs)...
  [J1747-4036] white noise for Rcvr1_2_GUPPI (5239 TOAs)...
  [J1751-2857] zeroing residuals...
  [J1751-2857] adding red noise...
  [J1751-2857] white noise for Rcvr_800_GUPPI (239 TOAs)...
  [J1751-2857] white noise for Rcvr1_2_GUPPI (1786 TOAs)...
  [J1802-2124] zeroing residuals...
  [J1802-2124] adding red noise...
  [J1802-2124] white noise for Rcvr_800_GUPPI (3565 TOAs)...
  [J1802-2124] white noise for Rcvr1_2_GUPPI (3231 TOAs)...
  [J1811-2405] zeroing residuals...
  [J1811-2405] adding red noise...
  [J1811-2405] white noise for Rcvr_800_GUPPI (2628 TOAs)...
  [J1811-2405] white noise for Rcvr1_2_GUPPI (2638 TOAs)...
  [J1832-0836] zeroing residuals...
  [J1832-0836] adding red noise...
  [J1832-0836] white noise for Rcvr_800_GUPPI (3078 TOAs)...
  [J1832-0836] white noise for Rcvr1_2_GUPPI (4661 TOAs)...
  [J1843-1113] zeroing residuals...
  [J1843-1113] adding red noise...
  [J1843-1113] white noise for Rcvr_800_GUPPI (2201 TOAs)...
  [J1843-1113] white noise for Rcvr1_2_GUPPI (2394 TOAs)...
  [J1853+1303] zeroing residuals...
  [J1853+1303] adding red noise...
  [J1853+1303] white noise for 430_PUPPI (1151 TOAs)...
  [J1853+1303] white noise for L-wide_PUPPI (3362 TOAs)...
  [J1853+1303] white noise for L-wide_ASP (33 TOAs)...
  [J1853+1303] white noise for 430_ASP (24 TOAs)...
  [J1903+0327] zeroing residuals...
  [J1903+0327] adding red noise...
  [J1903+0327] white noise for L-wide_ASP (139 TOAs)...
  [J1903+0327] white noise for L-wide_PUPPI (3845 TOAs)...
  [J1903+0327] white noise for S-wide_PUPPI (2282 TOAs)...
  [J1903+0327] white noise for S-wide_ASP (151 TOAs)...
  [J1903+0327] white noise for 3GHz_YUPPI (439 TOAs)...
  [J1909-3744] zeroing residuals...
  [J1909-3744] adding red noise...
  [J1909-3744] white noise for Rcvr1_2_GASP (808 TOAs)...
  [J1909-3744] white noise for Rcvr_800_GASP (866 TOAs)...
  [J1909-3744] white noise for Rcvr_800_GUPPI (9399 TOAs)...
  [J1909-3744] white noise for Rcvr1_2_GUPPI (20439 TOAs)...
  [J1909-3744] white noise for 3GHz_YUPPI (3525 TOAs)...
  [J1910+1256] zeroing residuals...
  [J1910+1256] adding red noise...
  [J1910+1256] white noise for L-wide_ASP (297 TOAs)...
  [J1910+1256] white noise for L-wide_PUPPI (4124 TOAs)...
  [J1910+1256] white noise for S-wide_ASP (208 TOAs)...
  [J1910+1256] white noise for S-wide_PUPPI (1857 TOAs)...
  [J1911+1347] zeroing residuals...
  [J1911+1347] adding red noise...
  [J1911+1347] white noise for L-wide_PUPPI (3033 TOAs)...
  [J1911+1347] white noise for 430_PUPPI (753 TOAs)...
  [J1918-0642] zeroing residuals...
  [J1918-0642] adding red noise...
  [J1918-0642] white noise for Rcvr1_2_GASP (778 TOAs)...
  [J1918-0642] white noise for Rcvr_800_GASP (835 TOAs)...
  [J1918-0642] white noise for Rcvr_800_GUPPI (8352 TOAs)...
  [J1918-0642] white noise for Rcvr1_2_GUPPI (8910 TOAs)...
  [J1923+2515] zeroing residuals...
  [J1923+2515] adding red noise...
  [J1923+2515] white noise for 430_PUPPI (922 TOAs)...
  [J1923+2515] white noise for L-wide_PUPPI (3028 TOAs)...
  [J1923+2515] white noise for L-wide_ASP (14 TOAs)...
  [J1923+2515] white noise for 430_ASP (10 TOAs)...
  [J1944+0907] zeroing residuals...
  [J1944+0907] adding red noise...
  [J1944+0907] white noise for 430_ASP (38 TOAs)...
  [J1944+0907] white noise for L-wide_ASP (257 TOAs)...
  [J1944+0907] white noise for L-wide_PUPPI (3900 TOAs)...
  [J1944+0907] white noise for S-wide_ASP (116 TOAs)...
  [J1944+0907] white noise for 430_PUPPI (1017 TOAs)...
  [J1946+3417] zeroing residuals...
  [J1946+3417] adding red noise...
  [J1946+3417] white noise for L-wide_PUPPI (3197 TOAs)...
  [J1946+3417] white noise for S-wide_PUPPI (1546 TOAs)...
  [J2010-1323] zeroing residuals...
  [J2010-1323] adding red noise...
  [J2010-1323] white noise for Rcvr1_2_GASP (70 TOAs)...
  [J2010-1323] white noise for Rcvr_800_GASP (70 TOAs)...
  [J2010-1323] white noise for Rcvr_800_GUPPI (9158 TOAs)...
  [J2010-1323] white noise for Rcvr1_2_GUPPI (7779 TOAs)...
  [J2017+0603] zeroing residuals...
  [J2017+0603] adding red noise...
  [J2017+0603] white noise for L-wide_ASP (16 TOAs)...
  [J2017+0603] white noise for L-wide_PUPPI (2569 TOAs)...
  [J2017+0603] white noise for S-wide_PUPPI (849 TOAs)...
  [J2017+0603] white noise for 430_PUPPI (78 TOAs)...
  [J2033+1734] zeroing residuals...
  [J2033+1734] adding red noise...
  [J2033+1734] white noise for L-wide_PUPPI (3050 TOAs)...
  [J2033+1734] white noise for 430_PUPPI (797 TOAs)...
  [J2043+1711] zeroing residuals...
  [J2043+1711] adding red noise...
  [J2043+1711] white noise for 430_PUPPI (2908 TOAs)...
  [J2043+1711] white noise for L-wide_PUPPI (4419 TOAs)...
  [J2043+1711] white noise for L-wide_ASP (40 TOAs)...
  [J2043+1711] white noise for 430_ASP (30 TOAs)...
  [J2124-3358] zeroing residuals...
  [J2124-3358] adding red noise...
  [J2124-3358] white noise for Rcvr_800_GUPPI (2025 TOAs)...
  [J2124-3358] white noise for Rcvr1_2_GUPPI (2957 TOAs)...
  [J2145-0750] zeroing residuals...
  [J2145-0750] adding red noise...
  [J2145-0750] white noise for Rcvr1_2_GASP (427 TOAs)...
  [J2145-0750] white noise for Rcvr_800_GASP (362 TOAs)...
  [J2145-0750] white noise for Rcvr_800_GUPPI (8728 TOAs)...
  [J2145-0750] white noise for Rcvr1_2_GUPPI (9158 TOAs)...
  [J2214+3000] zeroing residuals...
  [J2214+3000] adding red noise...
  [J2214+3000] white noise for L-wide_ASP (9 TOAs)...
  [J2214+3000] white noise for L-wide_PUPPI (5829 TOAs)...
  [J2214+3000] white noise for S-wide_PUPPI (1568 TOAs)...
  [J2229+2643] zeroing residuals...
  [J2229+2643] adding red noise...
  [J2229+2643] white noise for L-wide_PUPPI (2755 TOAs)...
  [J2229+2643] white noise for 430_PUPPI (956 TOAs)...
  [J2234+0611] zeroing residuals...
  [J2234+0611] adding red noise...
  [J2234+0611] white noise for L-wide_PUPPI (2913 TOAs)...
  [J2234+0611] white noise for 430_PUPPI (653 TOAs)...
  [J2234+0944] zeroing residuals...
  [J2234+0944] adding red noise...
  [J2234+0944] white noise for L-wide_PUPPI (5003 TOAs)...
  [J2234+0944] white noise for S-wide_PUPPI (2532 TOAs)...
  [J2302+4442] zeroing residuals...
  [J2302+4442] adding red noise...
  [J2302+4442] white noise for Rcvr_800_GUPPI (6432 TOAs)...
  [J2302+4442] white noise for Rcvr1_2_GUPPI (3779 TOAs)...
  [J2317+1439] zeroing residuals...
  [J2317+1439] adding red noise...
  [J2317+1439] white noise for 430_ASP (458 TOAs)...
  [J2317+1439] white noise for 327_PUPPI (276 TOAs)...
  [J2317+1439] white noise for L-wide_PUPPI (9563 TOAs)...
  [J2317+1439] white noise for 327_ASP (413 TOAs)...
  [J2317+1439] white noise for 430_PUPPI (3217 TOAs)...
  [J2322+2057] zeroing residuals...
  [J2322+2057] adding red noise...
  [J2322+2057] white noise for L-wide_PUPPI (2196 TOAs)...
  [J2322+2057] white noise for S-wide_PUPPI (140 TOAs)...
  [J2322+2057] white noise for 430_PUPPI (752 TOAs)...
Resetting pulsars to clean stoas...
Restore: 0.00 s
Inject: 0.00 s
Snapshotting into enterprise Pulsar objects...
Building PTA...
PTA build: 457.83 s
Computing optimal statistic...
OS time: 66.69 s
Total: 524.52 s
Noise-only SNR baseline: -0.6182

Generating SNR-consistent population...
Target SNR: 4.0
Resetting pulsars to clean stoas...
Restore: 24.50 s
Injecting population...
  B1855+09: RMS = 2610.209 ns
  B1937+21: RMS = 2879.080 ns
  B1953+29: RMS = 4040.830 ns
  J0023+0923: RMS = 3542.248 ns
  J0030+0451: RMS = 3495.740 ns
  J0340+4130: RMS = 1747.307 ns
  J0406+3039: RMS = 609.862 ns
  J0437-4715: RMS = 3742.739 ns
  J0509+0856: RMS = 1933.815 ns
  J0557+1551: RMS = 1200.120 ns
  J0605+3757: RMS = 788.435 ns
  J0610-2100: RMS = 627.549 ns
  J0613-0200: RMS = 2344.598 ns
  J0636+5128: RMS = 2631.879 ns
  J0645+5158: RMS = 2930.143 ns
  J0709+0458: RMS = 725.684 ns
  J0740+6620: RMS = 1104.699 ns
  J0931-1902: RMS = 4051.422 ns
  J1012+5307: RMS = 2010.946 ns
  J1012-4235: RMS = 4953.227 ns
  J1022+1001: RMS = 2959.803 ns
  J1024-0719: RMS = 2790.103 ns
  J1125+7819: RMS = 1685.728 ns
  J1312+0051: RMS = 1527.258 ns
  J1453+1902: RMS = 1237.525 ns
  J1455-3330: RMS = 2794.751 ns
  J1600-3053: RMS = 2213.084 ns
  J1614-2230: RMS = 2369.547 ns
  J1630+3734: RMS = 1167.227 ns
  J1640+2224: RMS = 1457.021 ns
  J1643-1224: RMS = 1809.214 ns
  J1705-1903: RMS = 1515.825 ns
  J1713+0747: RMS = 2341.349 ns
  J1719-1438: RMS = 1298.852 ns
  J1730-2304: RMS = 1488.097 ns
  J1738+0333: RMS = 2287.699 ns
  J1741+1351: RMS = 3477.052 ns
  J1744-1134: RMS = 1353.786 ns
  J1745+1017: RMS = 1787.336 ns
  J1747-4036: RMS = 2721.436 ns
  J1751-2857: RMS = 1335.314 ns
  J1802-2124: RMS = 1715.090 ns
  J1811-2405: RMS = 2161.392 ns
  J1832-0836: RMS = 1630.089 ns
  J1843-1113: RMS = 1879.394 ns
  J1853+1303: RMS = 2184.537 ns
  J1903+0327: RMS = 3016.809 ns
  J1909-3744: RMS = 1892.423 ns
  J1910+1256: RMS = 1918.883 ns
  J1911+1347: RMS = 1212.869 ns
  J1918-0642: RMS = 3118.224 ns
  J1923+2515: RMS = 3088.644 ns
  J1944+0907: RMS = 1737.296 ns
  J1946+3417: RMS = 3677.004 ns
  J2010-1323: RMS = 2299.878 ns
  J2017+0603: RMS = 1612.207 ns
  J2033+1734: RMS = 961.416 ns
  J2043+1711: RMS = 2309.666 ns
  J2124-3358: RMS = 2095.021 ns
  J2145-0750: RMS = 3693.138 ns
  J2214+3000: RMS = 1397.352 ns
  J2229+2643: RMS = 2017.918 ns
  J2234+0611: RMS = 4059.320 ns
  J2234+0944: RMS = 2045.584 ns
  J2302+4442: RMS = 3661.482 ns
  J2317+1439: RMS = 2610.759 ns
  J2322+2057: RMS = 1240.363 ns
Inject: 0.64 s
Snapshotting into enterprise Pulsar objects...
Building PTA...
PTA build: 458.40 s
Computing optimal statistic...
OS time: 60.02 s
Total: 543.57 s
Initial SNR: -139.8659, Target SNR: 4.0000
  ✗ Initial SNR -139.8659 is non-positive, cannot scale distances.
✗ Simulation 1, trial 1 FAILED, retrying...

Generating SNR-consistent population...
Target SNR: 4.0
Resetting pulsars to clean stoas...
Restore: 0.01 s
Injecting population...
  B1855+09: RMS = 1941.901 ns
  B1937+21: RMS = 3901.109 ns
  B1953+29: RMS = 7056.492 ns
  J0023+0923: RMS = 2105.913 ns
  J0030+0451: RMS = 1850.295 ns
  J0340+4130: RMS = 1802.248 ns
  J0406+3039: RMS = 1961.517 ns
  J0437-4715: RMS = 2138.403 ns
  J0509+0856: RMS = 2024.337 ns
  J0557+1551: RMS = 1948.157 ns
  J0605+3757: RMS = 713.451 ns
  J0610-2100: RMS = 4687.977 ns
  J0613-0200: RMS = 3844.877 ns
  J0636+5128: RMS = 4119.124 ns
  J0645+5158: RMS = 4529.687 ns
  J0709+0458: RMS = 3036.684 ns
  J0740+6620: RMS = 3081.768 ns
  J0931-1902: RMS = 3002.859 ns
  J1012+5307: RMS = 4320.085 ns
  J1012-4235: RMS = 2448.770 ns
  J1022+1001: RMS = 4209.180 ns
  J1024-0719: RMS = 6637.782 ns
  J1125+7819: RMS = 2396.626 ns
  J1312+0051: RMS = 1481.311 ns
  J1453+1902: RMS = 3832.509 ns
  J1455-3330: RMS = 3447.105 ns
  J1600-3053: RMS = 3489.872 ns
  J1614-2230: RMS = 3930.752 ns
  J1630+3734: RMS = 734.663 ns
  J1640+2224: RMS = 5266.770 ns
  J1643-1224: RMS = 5026.334 ns
  J1705-1903: RMS = 706.111 ns
  J1713+0747: RMS = 2180.260 ns
  J1719-1438: RMS = 239.750 ns
  J1730-2304: RMS = 824.122 ns
  J1738+0333: RMS = 1517.781 ns
  J1741+1351: RMS = 1740.476 ns
  J1744-1134: RMS = 2385.093 ns
  J1745+1017: RMS = 2078.815 ns
  J1747-4036: RMS = 2130.095 ns
  J1751-2857: RMS = 1485.183 ns
  J1802-2124: RMS = 1259.102 ns
  J1811-2405: RMS = 1276.165 ns
  J1832-0836: RMS = 1788.095 ns
  J1843-1113: RMS = 1180.322 ns
  J1853+1303: RMS = 772.190 ns
  J1903+0327: RMS = 2439.984 ns
  J1909-3744: RMS = 4500.630 ns
  J1910+1256: RMS = 1855.822 ns
  J1911+1347: RMS = 691.343 ns
  J1918-0642: RMS = 3245.416 ns
  J1923+2515: RMS = 5367.400 ns
  J1944+0907: RMS = 937.656 ns
  J1946+3417: RMS = 6127.137 ns
  J2010-1323: RMS = 4887.142 ns
  J2017+0603: RMS = 1036.192 ns
  J2033+1734: RMS = 1934.384 ns
  J2043+1711: RMS = 3082.798 ns
  J2124-3358: RMS = 932.039 ns
  J2145-0750: RMS = 4387.614 ns
  J2214+3000: RMS = 5687.663 ns
  J2229+2643: RMS = 5787.069 ns
  J2234+0611: RMS = 977.564 ns
  J2234+0944: RMS = 2441.565 ns
  J2302+4442: RMS = 4185.171 ns
  J2317+1439: RMS = 2679.241 ns
  J2322+2057: RMS = 3551.765 ns
Inject: 0.63 s
Snapshotting into enterprise Pulsar objects...
Building PTA...
PTA build: 525.79 s
Computing optimal statistic...
OS time: 59.22 s
Total: 585.65 s
Initial SNR: 9.0452, Target SNR: 4.0000
  Initial SNR 9.0452 outside of provided SNR_range [3.5, 4.25] — rescaling.
Scaling distances by factor 1.4465 to achieve target SNR...
Resetting pulsars to clean stoas...
Restore: 53.38 s
Injecting population...
  B1855+09: RMS = 1342.450 ns
  B1937+21: RMS = 2696.865 ns
  B1953+29: RMS = 4878.204 ns
  J0023+0923: RMS = 1455.833 ns
  J0030+0451: RMS = 1279.122 ns
  J0340+4130: RMS = 1245.908 ns
  J0406+3039: RMS = 1356.011 ns
  J0437-4715: RMS = 1478.294 ns
  J0509+0856: RMS = 1399.439 ns
  J0557+1551: RMS = 1346.775 ns
  J0605+3757: RMS = 493.214 ns
  J0610-2100: RMS = 3240.833 ns
  J0613-0200: RMS = 2657.992 ns
  J0636+5128: RMS = 2847.581 ns
  J0645+5158: RMS = 3131.406 ns
  J0709+0458: RMS = 2099.282 ns
  J0740+6620: RMS = 2130.449 ns
  J0931-1902: RMS = 2075.898 ns
  J1012+5307: RMS = 2986.507 ns
  J1012-4235: RMS = 1692.852 ns
  J1022+1001: RMS = 2909.837 ns
  J1024-0719: RMS = 4588.748 ns
  J1125+7819: RMS = 1656.805 ns
  J1312+0051: RMS = 1024.041 ns
  J1453+1902: RMS = 2649.441 ns
  J1455-3330: RMS = 2383.009 ns
  J1600-3053: RMS = 2412.574 ns
  J1614-2230: RMS = 2717.358 ns
  J1630+3734: RMS = 507.878 ns
  J1640+2224: RMS = 3640.956 ns
  J1643-1224: RMS = 3474.742 ns
  J1705-1903: RMS = 488.140 ns
  J1713+0747: RMS = 1507.229 ns
  J1719-1438: RMS = 165.741 ns
  J1730-2304: RMS = 569.722 ns
  J1738+0333: RMS = 1049.253 ns
  J1741+1351: RMS = 1203.204 ns
  J1744-1134: RMS = 1648.832 ns
  J1745+1017: RMS = 1437.100 ns
  J1747-4036: RMS = 1472.550 ns
  J1751-2857: RMS = 1026.718 ns
  J1802-2124: RMS = 870.427 ns
  J1811-2405: RMS = 882.223 ns
  J1832-0836: RMS = 1236.124 ns
  J1843-1113: RMS = 815.965 ns
  J1853+1303: RMS = 533.821 ns
  J1903+0327: RMS = 1686.779 ns
  J1909-3744: RMS = 3111.318 ns
  J1910+1256: RMS = 1282.943 ns
  J1911+1347: RMS = 477.931 ns
  J1918-0642: RMS = 2243.580 ns
  J1923+2515: RMS = 3710.523 ns
  J1944+0907: RMS = 648.208 ns
  J1946+3417: RMS = 4235.734 ns
  J2010-1323: RMS = 3378.517 ns
  J2017+0603: RMS = 716.327 ns
  J2033+1734: RMS = 1337.254 ns
  J2043+1711: RMS = 2131.161 ns
  J2124-3358: RMS = 644.325 ns
  J2145-0750: RMS = 3033.190 ns
  J2214+3000: RMS = 3931.923 ns
  J2229+2643: RMS = 4000.643 ns
  J2234+0611: RMS = 675.797 ns
  J2234+0944: RMS = 1687.872 ns
  J2302+4442: RMS = 2893.239 ns
  J2317+1439: RMS = 1852.179 ns
  J2322+2057: RMS = 2455.361 ns
Inject: 3.40 s
Snapshotting into enterprise Pulsar objects...
Building PTA...
PTA build: 488.61 s
Computing optimal statistic...
OS time: 63.89 s
Total: 609.28 s
  SNR 1.2541 outside of provided SNR_range [3.5, 4.25] — rescaling.
[Iteration 1/4] SNR after scaling: 1.2541 (target: 4.0000)
  SNR history: it0→9.0452@1.0000x, it1→1.2541@1.4465x
  Re-scaling distances by factor 0.8314  (cumulative after: 1.2027×)
Resetting pulsars to clean stoas...
Restore: 0.08 s
Injecting population...
  B1855+09: RMS = 1614.591 ns
  B1937+21: RMS = 3243.573 ns
  B1953+29: RMS = 5867.112 ns
  J0023+0923: RMS = 1750.959 ns
  J0030+0451: RMS = 1538.426 ns
  J0340+4130: RMS = 1498.478 ns
  J0406+3039: RMS = 1630.901 ns
  J0437-4715: RMS = 1777.973 ns
  J0509+0856: RMS = 1683.133 ns
  J0557+1551: RMS = 1619.793 ns
  J0605+3757: RMS = 593.198 ns
  J0610-2100: RMS = 3897.813 ns
  J0613-0200: RMS = 3196.819 ns
  J0636+5128: RMS = 3424.841 ns
  J0645+5158: RMS = 3766.204 ns
  J0709+0458: RMS = 2524.848 ns
  J0740+6620: RMS = 2562.333 ns
  J0931-1902: RMS = 2496.724 ns
  J1012+5307: RMS = 3591.930 ns
  J1012-4235: RMS = 2036.027 ns
  J1022+1001: RMS = 3499.718 ns
  J1024-0719: RMS = 5518.977 ns
  J1125+7819: RMS = 1992.672 ns
  J1312+0051: RMS = 1231.634 ns
  J1453+1902: RMS = 3186.535 ns
  J1455-3330: RMS = 2866.092 ns
  J1600-3053: RMS = 2901.650 ns
  J1614-2230: RMS = 3268.220 ns
  J1630+3734: RMS = 610.835 ns
  J1640+2224: RMS = 4379.050 ns
  J1643-1224: RMS = 4179.140 ns
  J1705-1903: RMS = 587.095 ns
  J1713+0747: RMS = 1812.775 ns
  J1719-1438: RMS = 199.340 ns
  J1730-2304: RMS = 685.215 ns
  J1738+0333: RMS = 1261.957 ns
  J1741+1351: RMS = 1447.117 ns
  J1744-1134: RMS = 1983.083 ns
  J1745+1017: RMS = 1728.429 ns
  J1747-4036: RMS = 1771.065 ns
  J1751-2857: RMS = 1234.854 ns
  J1802-2124: RMS = 1046.879 ns
  J1811-2405: RMS = 1061.066 ns
  J1832-0836: RMS = 1486.710 ns
  J1843-1113: RMS = 981.377 ns
  J1853+1303: RMS = 642.037 ns
  J1903+0327: RMS = 2028.722 ns
  J1909-3744: RMS = 3742.044 ns
  J1910+1256: RMS = 1543.021 ns
  J1911+1347: RMS = 574.817 ns
  J1918-0642: RMS = 2698.398 ns
  J1923+2515: RMS = 4462.719 ns
  J1944+0907: RMS = 779.613 ns
  J1946+3417: RMS = 5094.401 ns
  J2010-1323: RMS = 4063.409 ns
  J2017+0603: RMS = 861.541 ns
  J2033+1734: RMS = 1608.342 ns
  J2043+1711: RMS = 2563.189 ns
  J2124-3358: RMS = 774.943 ns
  J2145-0750: RMS = 3648.077 ns
  J2214+3000: RMS = 4729.001 ns
  J2229+2643: RMS = 4811.653 ns
  J2234+0611: RMS = 812.795 ns
  J2234+0944: RMS = 2030.037 ns
  J2302+4442: RMS = 3479.756 ns
  J2317+1439: RMS = 2227.652 ns
  J2322+2057: RMS = 2953.111 ns
Inject: 1.30 s
Snapshotting into enterprise Pulsar objects...
Building PTA...
PTA build: 477.90 s
Computing optimal statistic...
OS time: 53.78 s
Total: 533.07 s
  SNR 4.2572 outside of provided SNR_range [3.5, 4.25] — rescaling.
[Iteration 2/4] SNR after scaling: 4.2572 (target: 4.0000)
  SNR history: it0→9.0452@1.0000x, it1→1.2541@1.4465x, it2→4.2572@1.2027x
  Re-scaling distances by factor 1.0967  (cumulative after: 1.3190×)
Resetting pulsars to clean stoas...
Restore: 0.91 s
Injecting population...
  B1855+09: RMS = 1472.246 ns
  B1937+21: RMS = 2957.613 ns
  B1953+29: RMS = 5349.857 ns
  J0023+0923: RMS = 1596.591 ns
  J0030+0451: RMS = 1402.795 ns
  J0340+4130: RMS = 1366.369 ns
  J0406+3039: RMS = 1487.118 ns
  J0437-4715: RMS = 1621.224 ns
  J0509+0856: RMS = 1534.745 ns
  J0557+1551: RMS = 1476.989 ns
  J0605+3757: RMS = 540.901 ns
  J0610-2100: RMS = 3554.175 ns
  J0613-0200: RMS = 2914.982 ns
  J0636+5128: RMS = 3122.901 ns
  J0645+5158: RMS = 3434.169 ns
  J0709+0458: RMS = 2302.253 ns
  J0740+6620: RMS = 2336.433 ns
  J0931-1902: RMS = 2276.608 ns
  J1012+5307: RMS = 3275.259 ns
  J1012-4235: RMS = 1856.527 ns
  J1022+1001: RMS = 3191.177 ns
  J1024-0719: RMS = 5032.414 ns
  J1125+7819: RMS = 1816.995 ns
  J1312+0051: RMS = 1123.051 ns
  J1453+1902: RMS = 2905.605 ns
  J1455-3330: RMS = 2613.412 ns
  J1600-3053: RMS = 2645.836 ns
  J1614-2230: RMS = 2980.088 ns
  J1630+3734: RMS = 556.982 ns
  J1640+2224: RMS = 3992.985 ns
  J1643-1224: RMS = 3810.700 ns
  J1705-1903: RMS = 535.336 ns
  J1713+0747: RMS = 1652.957 ns
  J1719-1438: RMS = 181.766 ns
  J1730-2304: RMS = 624.806 ns
  J1738+0333: RMS = 1150.701 ns
  J1741+1351: RMS = 1319.537 ns
  J1744-1134: RMS = 1808.251 ns
  J1745+1017: RMS = 1576.047 ns
  J1747-4036: RMS = 1614.925 ns
  J1751-2857: RMS = 1125.987 ns
  J1802-2124: RMS = 954.584 ns
  J1811-2405: RMS = 967.521 ns
  J1832-0836: RMS = 1355.639 ns
  J1843-1113: RMS = 894.858 ns
  J1853+1303: RMS = 585.434 ns
  J1903+0327: RMS = 1849.866 ns
  J1909-3744: RMS = 3412.139 ns
  J1910+1256: RMS = 1406.986 ns
  J1911+1347: RMS = 524.140 ns
  J1918-0642: RMS = 2460.502 ns
  J1923+2515: RMS = 4069.278 ns
  J1944+0907: RMS = 710.881 ns
  J1946+3417: RMS = 4645.270 ns
  J2010-1323: RMS = 3705.172 ns
  J2017+0603: RMS = 785.586 ns
  J2033+1734: RMS = 1466.547 ns
  J2043+1711: RMS = 2337.214 ns
  J2124-3358: RMS = 706.623 ns
  J2145-0750: RMS = 3326.456 ns
  J2214+3000: RMS = 4312.084 ns
  J2229+2643: RMS = 4387.449 ns
  J2234+0611: RMS = 741.137 ns
  J2234+0944: RMS = 1851.065 ns
  J2302+4442: RMS = 3172.975 ns
  J2317+1439: RMS = 2031.258 ns
  J2322+2057: RMS = 2692.760 ns
Inject: 0.57 s
Snapshotting into enterprise Pulsar objects...
Building PTA...
PTA build: 453.19 s
Computing optimal statistic...
OS time: 61.35 s
Total: 516.02 s
  SNR 2.5721 outside of provided SNR_range [3.5, 4.25] — rescaling.
[Iteration 3/4] SNR after scaling: 2.5721 (target: 4.0000)
  SNR history: it0→9.0452@1.0000x, it1→1.2541@1.4465x, it2→4.2572@1.2027x, it3→2.5721@1.3190x
  Re-scaling distances by factor 0.9549  (cumulative after: 1.2595×)
Resetting pulsars to clean stoas...
Restore: 0.02 s
Injecting population...
  B1855+09: RMS = 1541.777 ns
  B1937+21: RMS = 3097.295 ns
  B1953+29: RMS = 5602.518 ns
  J0023+0923: RMS = 1671.995 ns
  J0030+0451: RMS = 1469.046 ns
  J0340+4130: RMS = 1430.899 ns
  J0406+3039: RMS = 1557.351 ns
  J0437-4715: RMS = 1697.790 ns
  J0509+0856: RMS = 1607.227 ns
  J0557+1551: RMS = 1546.744 ns
  J0605+3757: RMS = 566.446 ns
  J0610-2100: RMS = 3722.031 ns
  J0613-0200: RMS = 3052.649 ns
  J0636+5128: RMS = 3270.389 ns
  J0645+5158: RMS = 3596.356 ns
  J0709+0458: RMS = 2410.983 ns
  J0740+6620: RMS = 2446.777 ns
  J0931-1902: RMS = 2384.127 ns
  J1012+5307: RMS = 3429.942 ns
  J1012-4235: RMS = 1944.207 ns
  J1022+1001: RMS = 3341.889 ns
  J1024-0719: RMS = 5270.083 ns
  J1125+7819: RMS = 1902.807 ns
  J1312+0051: RMS = 1176.090 ns
  J1453+1902: RMS = 3042.829 ns
  J1455-3330: RMS = 2736.837 ns
  J1600-3053: RMS = 2770.792 ns
  J1614-2230: RMS = 3120.830 ns
  J1630+3734: RMS = 583.287 ns
  J1640+2224: RMS = 4181.564 ns
  J1643-1224: RMS = 3990.670 ns
  J1705-1903: RMS = 560.619 ns
  J1713+0747: RMS = 1731.022 ns
  J1719-1438: RMS = 190.350 ns
  J1730-2304: RMS = 654.314 ns
  J1738+0333: RMS = 1205.046 ns
  J1741+1351: RMS = 1381.855 ns
  J1744-1134: RMS = 1893.650 ns
  J1745+1017: RMS = 1650.481 ns
  J1747-4036: RMS = 1691.194 ns
  J1751-2857: RMS = 1179.164 ns
  J1802-2124: RMS = 999.667 ns
  J1811-2405: RMS = 1013.215 ns
  J1832-0836: RMS = 1419.663 ns
  J1843-1113: RMS = 937.120 ns
  J1853+1303: RMS = 613.082 ns
  J1903+0327: RMS = 1937.231 ns
  J1909-3744: RMS = 3573.286 ns
  J1910+1256: RMS = 1473.434 ns
  J1911+1347: RMS = 548.894 ns
  J1918-0642: RMS = 2576.706 ns
  J1923+2515: RMS = 4261.460 ns
  J1944+0907: RMS = 744.454 ns
  J1946+3417: RMS = 4864.655 ns
  J2010-1323: RMS = 3880.158 ns
  J2017+0603: RMS = 822.687 ns
  J2033+1734: RMS = 1535.809 ns
  J2043+1711: RMS = 2447.595 ns
  J2124-3358: RMS = 739.995 ns
  J2145-0750: RMS = 3483.557 ns
  J2214+3000: RMS = 4515.734 ns
  J2229+2643: RMS = 4594.658 ns
  J2234+0611: RMS = 776.139 ns
  J2234+0944: RMS = 1938.487 ns
  J2302+4442: RMS = 3322.827 ns
  J2317+1439: RMS = 2127.190 ns
  J2322+2057: RMS = 2819.932 ns
Inject: 1.18 s
Snapshotting into enterprise Pulsar objects...
Building PTA...
PTA build: 449.04 s
Computing optimal statistic...
OS time: 56.34 s
Total: 506.59 s
  SNR 3.3645 outside of provided SNR_range [3.5, 4.25] — rescaling.
[Iteration 4/4] SNR after scaling: 3.3645 (target: 4.0000)
  SNR history: it0→9.0452@1.0000x, it1→1.2541@1.4465x, it2→4.2572@1.2027x, it3→2.5721@1.3190x, it4→3.3645@1.2595x

Final SNR history:
  it 0: cumulative_scale=1.0000×  SNR=9.0452
  it 1: cumulative_scale=1.4465×  SNR=1.2541
  it 2: cumulative_scale=1.2027×  SNR=4.2572
  it 3: cumulative_scale=1.3190×  SNR=2.5721
  it 4: cumulative_scale=1.2595×  SNR=3.3645
✓ Simulation 1 done (3298.2 s)

======================================================================
ENSEMBLE SUMMARY
======================================================================
Success rate: 100.0% (1/1)

Binaries per population:
  Mean ± std : 500 ± 0
  Range      : [500, 500]

SNR achieved:
  Mean ± std : 3.3645 ± 0.0000
  Range      : [3.3645, 3.3645]

Total time: 3868.0 s (64.5 min)
======================================================================

💾 Saved: data/2026-04-28/optimistic_run_87/consistent_population_optimistic_targetSNR4.25_sims1.json
💾 Saved compressed pickle: data/2026-04-28/optimistic_run_87/consistent_population_optimistic_targetSNR4.25_sims1.pkl.gz

======================================================================
CONTINUOUS WAVE SNR ANALYSIS
======================================================================

--- Population 1 ---
Precomputation of phiinvs, TNTs, Ts, Nvecs, Sigmas took 0.05 seconds.

+------------------- Job Report: 11717776 (TIMEOUT) --------------------+
| Memory (RAM)  [####################] 103.9% (33.2 GB peak / 32 GB)    |
| CPU           [###############     ] 77.0% average                    |
| Time          [------------------->] 100.2% (0-01:10:08 / 0-01:10:00) |
|                                                                       |
| Lustre Filesystem:                                                    |
|   Path    Total Read    Total Write    Total IOPS                     |
|   ------  ------------  -------------  ------------                   |
|   /apps   0 B           0 B            5                              |
|   /fred   272 KB        369.5 KB       35                             |
|   /home   517.3 MB      0 B            1.7 K                          |
|   OS      0 B           0 B            2                              |
+-----------------------------------------------------------------------+
