==========================================
Job ID: 11728638
Job Name: smbhb_realistic
Node: gina6
Start Time: Wed Apr 29 10:06:11 AEST 2026
==========================================

/home/bhoulden/.conda/envs/smbhb312/share/tempo2
Working directory: /fred/oz005/users/bhoulden/SMBHB_population_injections

Loaded modules:

Starting SMBHB analysis...
==========================================

📁 Save directory: data/2026-04-29/realistic_run_4
📝 Run name: realistic_run_4

[MEM] Start: 244.5 MB

📡 Loading pulsars...
======================================================================
LOADING NANOGRAV PULSARS (libstempo)
======================================================================

📦 Loading from cache: nanograv_pulsars_cache.pkl
⚠ Cache load failed: Ran out of input
[DEBUG] Found 76 .par files
[tempo2Util.C:396] Warning: [MISC1] Unknown parameter in par file:  DMDATA
[tempo2Util.C:401] Warning: [DUP1] duplicated warnings have been suppressed.

WARNING: Using tempo RNAMP parameter: setting TNRedC to 100!
[observatory.C:271] Warning: Assuming site 'arecibo' means 'ao'
✓ Loaded B1855+09 (7758 TOAs)

WARNING: Using tempo RNAMP parameter: setting TNRedC to 100!
✓ Loaded B1937+21 (23023 TOAs)

WARNING: Using tempo RNAMP parameter: setting TNRedC to 100!
✓ Loaded B1937+21ao (7241 TOAs)

WARNING: Using tempo RNAMP parameter: setting TNRedC to 100!
✓ Loaded B1937+21gbt (16048 TOAs)

WARNING: Using tempo RNAMP parameter: setting TNRedC to 100!
✓ Loaded B1953+29 (5126 TOAs)
✓ Loaded J0023+0923 (15896 TOAs)

WARNING: Using tempo RNAMP parameter: setting TNRedC to 100!
✓ Loaded J0030+0451 (19571 TOAs)
✓ Loaded J0340+4130 (11093 TOAs)
✓ Loaded J0406+3039 (2446 TOAs)

WARNING: Using tempo RNAMP parameter: setting TNRedC to 100!
✓ Loaded J0437-4715 (5830 TOAs)
✓ Loaded J0509+0856 (2169 TOAs)
✓ Loaded J0557+1551 (525 TOAs)
✓ Loaded J0605+3757 (554 TOAs)

WARNING: Using tempo RNAMP parameter: setting TNRedC to 100!
✓ Loaded J0610-2100 (4885 TOAs)

WARNING: Using tempo RNAMP parameter: setting TNRedC to 100!
✓ Loaded J0613-0200 (17124 TOAs)
✓ Loaded J0614-3329 (1714 TOAs)
✓ Loaded J0636+5128 (32222 TOAs)
✓ Loaded J0645+5158 (10403 TOAs)
✓ Loaded J0709+0458 (3030 TOAs)
✓ Loaded J0740+6620 (13401 TOAs)
✓ Loaded J0931-1902 (5473 TOAs)

WARNING: Using tempo RNAMP parameter: setting TNRedC to 100!
✓ Loaded J1012+5307 (25837 TOAs)
✓ Loaded J1012-4235 (797 TOAs)
✓ Loaded J1022+1001 (3978 TOAs)
✓ Loaded J1024-0719 (12635 TOAs)
✓ Loaded J1125+7819 (8723 TOAs)
✓ Loaded J1312+0051 (1705 TOAs)
✓ Loaded J1453+1902 (2551 TOAs)
✓ Loaded J1455-3330 (10818 TOAs)

WARNING: Using tempo RNAMP parameter: setting TNRedC to 100!
✓ Loaded J1600-3053 (22955 TOAs)

WARNING: Using tempo RNAMP parameter: setting TNRedC to 100!
✓ Loaded J1600-3053gbt (19725 TOAs)

WARNING: Using tempo RNAMP parameter: setting TNRedC to 100!
✓ Loaded J1614-2230 (18445 TOAs)
✓ Loaded J1630+3734 (1815 TOAs)
✓ Loaded J1640+2224 (14066 TOAs)

WARNING: Using tempo RNAMP parameter: setting TNRedC to 100!
✓ Loaded J1643-1224 (22144 TOAs)

WARNING: Using tempo RNAMP parameter: setting TNRedC to 100!
✓ Loaded J1643-1224gbt (17932 TOAs)

WARNING: Using tempo RNAMP parameter: setting TNRedC to 100!
✓ Loaded J1705-1903 (9871 TOAs)

WARNING: Using tempo RNAMP parameter: setting TNRedC to 100!
✓ Loaded J1713+0747 (59389 TOAs)

WARNING: Using tempo RNAMP parameter: setting TNRedC to 100!
✓ Loaded J1713+0747ao (21362 TOAs)

WARNING: Using tempo RNAMP parameter: setting TNRedC to 100!
✓ Loaded J1713+0747gbt (32963 TOAs)
✓ Loaded J1719-1438 (6356 TOAs)
✓ Loaded J1730-2304 (4870 TOAs)
✓ Loaded J1738+0333 (8790 TOAs)
✓ Loaded J1741+1351 (5582 TOAs)

WARNING: Using tempo RNAMP parameter: setting TNRedC to 100!
✓ Loaded J1744-1134 (17745 TOAs)

WARNING: Using tempo RNAMP parameter: setting TNRedC to 100!
✓ Loaded J1745+1017 (3017 TOAs)

WARNING: Using tempo RNAMP parameter: setting TNRedC to 100!
✓ Loaded J1747-4036 (11055 TOAs)
✓ Loaded J1751-2857 (2025 TOAs)

WARNING: Using tempo RNAMP parameter: setting TNRedC to 100!
✓ Loaded J1802-2124 (6796 TOAs)
✓ Loaded J1811-2405 (5266 TOAs)
✓ Loaded J1832-0836 (7739 TOAs)
✓ Loaded J1843-1113 (4595 TOAs)

WARNING: Using tempo RNAMP parameter: setting TNRedC to 100!
✓ Loaded J1853+1303 (4570 TOAs)

WARNING: Using tempo RNAMP parameter: setting TNRedC to 100!
✓ Loaded J1903+0327 (6856 TOAs)

WARNING: Using tempo RNAMP parameter: setting TNRedC to 100!
✓ Loaded J1903+0327ao (6423 TOAs)

WARNING: Using tempo RNAMP parameter: setting TNRedC to 100!
✓ Loaded J1909-3744 (35037 TOAs)

WARNING: Using tempo RNAMP parameter: setting TNRedC to 100!
✓ Loaded J1909-3744gbt (31526 TOAs)
✓ Loaded J1910+1256 (6486 TOAs)
✓ Loaded J1911+1347 (3786 TOAs)
✓ Loaded J1918-0642 (18875 TOAs)
✓ Loaded J1923+2515 (3974 TOAs)
✓ Loaded J1944+0907 (5328 TOAs)

WARNING: Using tempo RNAMP parameter: setting TNRedC to 100!
✓ Loaded J1946+3417 (4743 TOAs)
✓ Loaded J2010-1323 (17077 TOAs)
✓ Loaded J2017+0603 (3512 TOAs)
✓ Loaded J2033+1734 (3847 TOAs)
✓ Loaded J2043+1711 (7397 TOAs)
✓ Loaded J2124-3358 (4982 TOAs)

WARNING: Using tempo RNAMP parameter: setting TNRedC to 100!
✓ Loaded J2145-0750 (18675 TOAs)
✓ Loaded J2214+3000 (7406 TOAs)
✓ Loaded J2229+2643 (3711 TOAs)

WARNING: Using tempo RNAMP parameter: setting TNRedC to 100!
✓ Loaded J2234+0611 (3566 TOAs)
✓ Loaded J2234+0944 (7535 TOAs)
✓ Loaded J2302+4442 (10211 TOAs)
✓ Loaded J2317+1439 (13927 TOAs)
✓ Loaded J2322+2057 (3088 TOAs)
⚠ Could not save cache: no default __reduce__ due to non-trivial __cinit__

✓ Loaded 76 pulsars
✗ Failed: 0 — []
[MEM] After loading pulsars: 8873.4 MB

🔍 Filtering pulsars...

Filtered: 76 → 67 pulsars
[MEM] After filtering pulsars: 8874.5 MB
[MEM] After garbage collection: 8874.6 MB

======================================================================
SMBHB POPULATION ANALYSIS
======================================================================

Configuration: realistic
  Medium mass, medium spread in distance, medium population
  N_binaries: 20000

======================================================================
CONSISTENT POPULATION SYNTHESIS
======================================================================

======================================================================
GENERATING SNR-CONSISTENT POPULATIONS
======================================================================
Target SNR:          4.0
Simulations:         1
======================================================================


──────────────────────────────────────────────────────────────────────
SIMULATION 1/1
──────────────────────────────────────────────────────────────────────
  [B1855+09] zeroing residuals...
  [B1855+09] adding red noise...
  [B1855+09] white noise for L-wide_PUPPI (5005 TOAs)...
  [B1855+09] white noise for L-wide_ASP (1178 TOAs)...
  [B1855+09] white noise for 430_PUPPI (1185 TOAs)...
  [B1855+09] white noise for 430_ASP (390 TOAs)...
  [B1937+21] zeroing residuals...
  [B1937+21] adding red noise...
  [B1937+21] white noise for L-wide_ASP (452 TOAs)...
  [B1937+21] white noise for Rcvr_800_GASP (586 TOAs)...
  [B1937+21] white noise for S-wide_PUPPI (2251 TOAs)...
  [B1937+21] white noise for Rcvr_800_GUPPI (7140 TOAs)...
  [B1937+21] white noise for S-wide_ASP (344 TOAs)...
  [B1937+21] white noise for Rcvr1_2_GUPPI (7048 TOAs)...
  [B1937+21] white noise for Rcvr1_2_GASP (1069 TOAs)...
  [B1937+21] white noise for L-wide_PUPPI (4133 TOAs)...
  [B1953+29] zeroing residuals...
  [B1953+29] adding red noise...
  [B1953+29] white noise for L-wide_ASP (94 TOAs)...
  [B1953+29] white noise for 430_PUPPI (941 TOAs)...
  [B1953+29] white noise for S-wide_ASP (25 TOAs)...
  [B1953+29] white noise for L-wide_PUPPI (4037 TOAs)...
  [B1953+29] white noise for 430_ASP (29 TOAs)...
  [J0023+0923] zeroing residuals...
  [J0023+0923] adding red noise...
  [J0023+0923] white noise for L-wide_PUPPI (11123 TOAs)...
  [J0023+0923] white noise for L-wide_ASP (119 TOAs)...
  [J0023+0923] white noise for 430_PUPPI (4564 TOAs)...
  [J0023+0923] white noise for 430_ASP (90 TOAs)...
  [J0030+0451] zeroing residuals...
  [J0030+0451] adding red noise...
  [J0030+0451] white noise for L-wide_ASP (789 TOAs)...
  [J0030+0451] white noise for S-wide_PUPPI (2673 TOAs)...
  [J0030+0451] white noise for 430_PUPPI (3068 TOAs)...
  [J0030+0451] white noise for L-wide_PUPPI (12774 TOAs)...
  [J0030+0451] white noise for 430_ASP (267 TOAs)...
  [J0340+4130] zeroing residuals...
  [J0340+4130] adding red noise...
  [J0340+4130] white noise for Rcvr1_2_GUPPI (5037 TOAs)...
  [J0340+4130] white noise for Rcvr_800_GUPPI (6056 TOAs)...
  [J0406+3039] zeroing residuals...
  [J0406+3039] adding red noise...
  [J0406+3039] white noise for L-wide_PUPPI (1871 TOAs)...
  [J0406+3039] white noise for S-wide_PUPPI (575 TOAs)...
  [J0437-4715] zeroing residuals...
  [J0437-4715] adding red noise...
  [J0437-4715] white noise for 3GHz_YUPPI (3696 TOAs)...
  [J0437-4715] white noise for 1.5GHz_YUPPI (2134 TOAs)...
  [J0509+0856] zeroing residuals...
  [J0509+0856] adding red noise...
  [J0509+0856] white noise for L-wide_PUPPI (1625 TOAs)...
  [J0509+0856] white noise for S-wide_PUPPI (544 TOAs)...
  [J0557+1551] zeroing residuals...
  [J0557+1551] adding red noise...
  [J0557+1551] white noise for L-wide_PUPPI (467 TOAs)...
  [J0557+1551] white noise for S-wide_PUPPI (58 TOAs)...
  [J0605+3757] zeroing residuals...
  [J0605+3757] adding red noise...
  [J0605+3757] white noise for Rcvr1_2_GUPPI (318 TOAs)...
  [J0605+3757] white noise for Rcvr_800_GUPPI (236 TOAs)...
  [J0610-2100] zeroing residuals...
  [J0610-2100] adding red noise...
  [J0610-2100] white noise for Rcvr1_2_GUPPI (2401 TOAs)...
  [J0610-2100] white noise for Rcvr_800_GUPPI (2484 TOAs)...
  [J0613-0200] zeroing residuals...
  [J0613-0200] adding red noise...
  [J0613-0200] white noise for Rcvr1_2_GUPPI (7423 TOAs)...
  [J0613-0200] white noise for Rcvr_800_GASP (809 TOAs)...
  [J0613-0200] white noise for Rcvr1_2_GASP (992 TOAs)...
  [J0613-0200] white noise for Rcvr_800_GUPPI (7900 TOAs)...
  [J0636+5128] zeroing residuals...
  [J0636+5128] adding red noise...
  [J0636+5128] white noise for Rcvr1_2_GUPPI (14803 TOAs)...
  [J0636+5128] white noise for Rcvr_800_GUPPI (17419 TOAs)...
  [J0645+5158] zeroing residuals...
  [J0645+5158] adding red noise...
  [J0645+5158] white noise for Rcvr1_2_GUPPI (5721 TOAs)...
  [J0645+5158] white noise for Rcvr_800_GUPPI (4682 TOAs)...
  [J0709+0458] zeroing residuals...
  [J0709+0458] adding red noise...
  [J0709+0458] white noise for L-wide_PUPPI (2435 TOAs)...
  [J0709+0458] white noise for S-wide_PUPPI (595 TOAs)...
  [J0740+6620] zeroing residuals...
  [J0740+6620] adding red noise...
  [J0740+6620] white noise for Rcvr1_2_GUPPI (8265 TOAs)...
  [J0740+6620] white noise for Rcvr_800_GUPPI (5136 TOAs)...
  [J0931-1902] zeroing residuals...
  [J0931-1902] adding red noise...
  [J0931-1902] white noise for Rcvr1_2_GUPPI (2054 TOAs)...
  [J0931-1902] white noise for Rcvr_800_GUPPI (3419 TOAs)...
  [J1012+5307] zeroing residuals...
  [J1012+5307] adding red noise...
  [J1012+5307] white noise for Rcvr1_2_GUPPI (12849 TOAs)...
  [J1012+5307] white noise for Rcvr_800_GASP (1210 TOAs)...
  [J1012+5307] white noise for Rcvr1_2_GASP (1479 TOAs)...
  [J1012+5307] white noise for Rcvr_800_GUPPI (10299 TOAs)...
  [J1012-4235] zeroing residuals...
  [J1012-4235] adding red noise...
  [J1012-4235] white noise for Rcvr1_2_GUPPI (455 TOAs)...
  [J1012-4235] white noise for Rcvr_800_GUPPI (342 TOAs)...
  [J1022+1001] zeroing residuals...
  [J1022+1001] adding red noise...
  [J1022+1001] white noise for L-wide_PUPPI (2592 TOAs)...
  [J1022+1001] white noise for 430_PUPPI (232 TOAs)...
  [J1022+1001] white noise for S-wide_PUPPI (1154 TOAs)...
  [J1024-0719] zeroing residuals...
  [J1024-0719] adding red noise...
  [J1024-0719] white noise for Rcvr1_2_GUPPI (7086 TOAs)...
  [J1024-0719] white noise for Rcvr_800_GASP (51 TOAs)...
  [J1024-0719] white noise for Rcvr1_2_GASP (43 TOAs)...
  [J1024-0719] white noise for Rcvr_800_GUPPI (5455 TOAs)...
  [J1125+7819] zeroing residuals...
  [J1125+7819] adding red noise...
  [J1125+7819] white noise for Rcvr1_2_GUPPI (4016 TOAs)...
  [J1125+7819] white noise for Rcvr_800_GUPPI (4707 TOAs)...
  [J1312+0051] zeroing residuals...
  [J1312+0051] adding red noise...
  [J1312+0051] white noise for L-wide_PUPPI (1289 TOAs)...
  [J1312+0051] white noise for S-wide_PUPPI (416 TOAs)...
  [J1453+1902] zeroing residuals...
  [J1453+1902] adding red noise...
  [J1453+1902] white noise for L-wide_PUPPI (2122 TOAs)...
  [J1453+1902] white noise for 430_PUPPI (425 TOAs)...
  [J1453+1902] white noise for S-wide_PUPPI (4 TOAs)...
  [J1455-3330] zeroing residuals...
  [J1455-3330] adding red noise...
  [J1455-3330] white noise for Rcvr1_2_GUPPI (4932 TOAs)...
  [J1455-3330] white noise for Rcvr_800_GASP (479 TOAs)...
  [J1455-3330] white noise for Rcvr1_2_GASP (564 TOAs)...
  [J1455-3330] white noise for Rcvr_800_GUPPI (4843 TOAs)...
  [J1600-3053] zeroing residuals...
  [J1600-3053] adding red noise...
  [J1600-3053] white noise for Rcvr_800_GASP (297 TOAs)...
  [J1600-3053] white noise for 3GHz_YUPPI (3237 TOAs)...
  [J1600-3053] white noise for Rcvr_800_GUPPI (8796 TOAs)...
  [J1600-3053] white noise for Rcvr1_2_GUPPI (10168 TOAs)...
  [J1600-3053] white noise for Rcvr1_2_GASP (457 TOAs)...
  [J1614-2230] zeroing residuals...
  [J1614-2230] adding red noise...
  [J1614-2230] white noise for Rcvr1_2_GUPPI (10509 TOAs)...
  [J1614-2230] white noise for Rcvr_800_GASP (84 TOAs)...
  [J1614-2230] white noise for Rcvr1_2_GASP (84 TOAs)...
  [J1614-2230] white noise for Rcvr_800_GUPPI (7768 TOAs)...
  [J1630+3734] zeroing residuals...
  [J1630+3734] adding red noise...
  [J1630+3734] white noise for Rcvr1_2_GUPPI (909 TOAs)...
  [J1630+3734] white noise for Rcvr_800_GUPPI (906 TOAs)...
  [J1640+2224] zeroing residuals...
  [J1640+2224] adding red noise...
  [J1640+2224] white noise for L-wide_PUPPI (9847 TOAs)...
  [J1640+2224] white noise for L-wide_ASP (722 TOAs)...
  [J1640+2224] white noise for 430_PUPPI (3157 TOAs)...
  [J1640+2224] white noise for 430_ASP (340 TOAs)...
  [J1643-1224] zeroing residuals...
  [J1643-1224] adding red noise...
  [J1643-1224] white noise for Rcvr_800_GASP (559 TOAs)...
  [J1643-1224] white noise for 3GHz_YUPPI (4215 TOAs)...
  [J1643-1224] white noise for Rcvr_800_GUPPI (7734 TOAs)...
  [J1643-1224] white noise for Rcvr1_2_GUPPI (8803 TOAs)...
  [J1643-1224] white noise for Rcvr1_2_GASP (833 TOAs)...
  [J1705-1903] zeroing residuals...
  [J1705-1903] adding red noise...
  [J1705-1903] white noise for Rcvr1_2_GUPPI (6350 TOAs)...
  [J1705-1903] white noise for Rcvr_800_GUPPI (3521 TOAs)...
  [J1713+0747] zeroing residuals...
  [J1713+0747] adding red noise...
  [J1713+0747] white noise for 1.5GHz_YUPPI (1461 TOAs)...
  [J1713+0747] white noise for L-wide_ASP (843 TOAs)...
  [J1713+0747] white noise for Rcvr_800_GASP (1032 TOAs)...
  [J1713+0747] white noise for S-wide_PUPPI (7482 TOAs)...
  [J1713+0747] white noise for 3GHz_YUPPI (3282 TOAs)...
  [J1713+0747] white noise for Rcvr_800_GUPPI (8479 TOAs)...
  [J1713+0747] white noise for S-wide_ASP (624 TOAs)...
  [J1713+0747] white noise for Rcvr1_2_GUPPI (22334 TOAs)...
  [J1713+0747] white noise for Rcvr1_2_GASP (1109 TOAs)...
  [J1713+0747] white noise for L-wide_PUPPI (12743 TOAs)...
  [J1719-1438] zeroing residuals...
  [J1719-1438] adding red noise...
  [J1719-1438] white noise for Rcvr1_2_GUPPI (2722 TOAs)...
  [J1719-1438] white noise for Rcvr_800_GUPPI (3634 TOAs)...
  [J1730-2304] zeroing residuals...
  [J1730-2304] adding red noise...
  [J1730-2304] white noise for Rcvr1_2_GUPPI (2367 TOAs)...
  [J1730-2304] white noise for Rcvr_800_GUPPI (2503 TOAs)...
  [J1738+0333] zeroing residuals...
  [J1738+0333] adding red noise...
  [J1738+0333] white noise for S-wide_ASP (134 TOAs)...
  [J1738+0333] white noise for L-wide_ASP (201 TOAs)...
  [J1738+0333] white noise for L-wide_PUPPI (6718 TOAs)...
  [J1738+0333] white noise for S-wide_PUPPI (1737 TOAs)...
  [J1741+1351] zeroing residuals...
  [J1741+1351] adding red noise...
  [J1741+1351] white noise for L-wide_ASP (236 TOAs)...
  [J1741+1351] white noise for 430_PUPPI (1159 TOAs)...
  [J1741+1351] white noise for S-wide_ASP (115 TOAs)...
  [J1741+1351] white noise for L-wide_PUPPI (4045 TOAs)...
  [J1741+1351] white noise for 430_ASP (27 TOAs)...
  [J1744-1134] zeroing residuals...
  [J1744-1134] adding red noise...
  [J1744-1134] white noise for Rcvr1_2_GUPPI (8109 TOAs)...
  [J1744-1134] white noise for Rcvr_800_GASP (930 TOAs)...
  [J1744-1134] white noise for Rcvr1_2_GASP (807 TOAs)...
  [J1744-1134] white noise for Rcvr_800_GUPPI (7899 TOAs)...
  [J1745+1017] zeroing residuals...
  [J1745+1017] adding red noise...
  [J1745+1017] white noise for L-wide_PUPPI (2179 TOAs)...
  [J1745+1017] white noise for S-wide_PUPPI (838 TOAs)...
  [J1747-4036] zeroing residuals...
  [J1747-4036] adding red noise...
  [J1747-4036] white noise for Rcvr1_2_GUPPI (5239 TOAs)...
  [J1747-4036] white noise for Rcvr_800_GUPPI (5816 TOAs)...
  [J1751-2857] zeroing residuals...
  [J1751-2857] adding red noise...
  [J1751-2857] white noise for Rcvr1_2_GUPPI (1786 TOAs)...
  [J1751-2857] white noise for Rcvr_800_GUPPI (239 TOAs)...
  [J1802-2124] zeroing residuals...
  [J1802-2124] adding red noise...
  [J1802-2124] white noise for Rcvr1_2_GUPPI (3231 TOAs)...
  [J1802-2124] white noise for Rcvr_800_GUPPI (3565 TOAs)...
  [J1811-2405] zeroing residuals...
  [J1811-2405] adding red noise...
  [J1811-2405] white noise for Rcvr1_2_GUPPI (2638 TOAs)...
  [J1811-2405] white noise for Rcvr_800_GUPPI (2628 TOAs)...
  [J1832-0836] zeroing residuals...
  [J1832-0836] adding red noise...
  [J1832-0836] white noise for Rcvr1_2_GUPPI (4661 TOAs)...
  [J1832-0836] white noise for Rcvr_800_GUPPI (3078 TOAs)...
  [J1843-1113] zeroing residuals...
  [J1843-1113] adding red noise...
  [J1843-1113] white noise for Rcvr1_2_GUPPI (2394 TOAs)...
  [J1843-1113] white noise for Rcvr_800_GUPPI (2201 TOAs)...
  [J1853+1303] zeroing residuals...
  [J1853+1303] adding red noise...
  [J1853+1303] white noise for L-wide_PUPPI (3362 TOAs)...
  [J1853+1303] white noise for L-wide_ASP (33 TOAs)...
  [J1853+1303] white noise for 430_PUPPI (1151 TOAs)...
  [J1853+1303] white noise for 430_ASP (24 TOAs)...
  [J1903+0327] zeroing residuals...
  [J1903+0327] adding red noise...
  [J1903+0327] white noise for L-wide_ASP (139 TOAs)...
  [J1903+0327] white noise for S-wide_PUPPI (2282 TOAs)...
  [J1903+0327] white noise for 3GHz_YUPPI (439 TOAs)...
  [J1903+0327] white noise for S-wide_ASP (151 TOAs)...
  [J1903+0327] white noise for L-wide_PUPPI (3845 TOAs)...
  [J1909-3744] zeroing residuals...
  [J1909-3744] adding red noise...
  [J1909-3744] white noise for Rcvr_800_GASP (866 TOAs)...
  [J1909-3744] white noise for 3GHz_YUPPI (3525 TOAs)...
  [J1909-3744] white noise for Rcvr_800_GUPPI (9399 TOAs)...
  [J1909-3744] white noise for Rcvr1_2_GUPPI (20439 TOAs)...
  [J1909-3744] white noise for Rcvr1_2_GASP (808 TOAs)...
  [J1910+1256] zeroing residuals...
  [J1910+1256] adding red noise...
  [J1910+1256] white noise for S-wide_ASP (208 TOAs)...
  [J1910+1256] white noise for L-wide_ASP (297 TOAs)...
  [J1910+1256] white noise for L-wide_PUPPI (4124 TOAs)...
  [J1910+1256] white noise for S-wide_PUPPI (1857 TOAs)...
  [J1911+1347] zeroing residuals...
  [J1911+1347] adding red noise...
  [J1911+1347] white noise for L-wide_PUPPI (3033 TOAs)...
  [J1911+1347] white noise for 430_PUPPI (753 TOAs)...
  [J1918-0642] zeroing residuals...
  [J1918-0642] adding red noise...
  [J1918-0642] white noise for Rcvr1_2_GUPPI (8910 TOAs)...
  [J1918-0642] white noise for Rcvr_800_GASP (835 TOAs)...
  [J1918-0642] white noise for Rcvr1_2_GASP (778 TOAs)...
  [J1918-0642] white noise for Rcvr_800_GUPPI (8352 TOAs)...
  [J1923+2515] zeroing residuals...
  [J1923+2515] adding red noise...
  [J1923+2515] white noise for L-wide_PUPPI (3028 TOAs)...
  [J1923+2515] white noise for L-wide_ASP (14 TOAs)...
  [J1923+2515] white noise for 430_PUPPI (922 TOAs)...
  [J1923+2515] white noise for 430_ASP (10 TOAs)...
  [J1944+0907] zeroing residuals...
  [J1944+0907] adding red noise...
  [J1944+0907] white noise for L-wide_ASP (257 TOAs)...
  [J1944+0907] white noise for 430_PUPPI (1017 TOAs)...
  [J1944+0907] white noise for S-wide_ASP (116 TOAs)...
  [J1944+0907] white noise for L-wide_PUPPI (3900 TOAs)...
  [J1944+0907] white noise for 430_ASP (38 TOAs)...
  [J1946+3417] zeroing residuals...
  [J1946+3417] adding red noise...
  [J1946+3417] white noise for L-wide_PUPPI (3197 TOAs)...
  [J1946+3417] white noise for S-wide_PUPPI (1546 TOAs)...
  [J2010-1323] zeroing residuals...
  [J2010-1323] adding red noise...
  [J2010-1323] white noise for Rcvr1_2_GUPPI (7779 TOAs)...
  [J2010-1323] white noise for Rcvr_800_GASP (70 TOAs)...
  [J2010-1323] white noise for Rcvr1_2_GASP (70 TOAs)...
  [J2010-1323] white noise for Rcvr_800_GUPPI (9158 TOAs)...
  [J2017+0603] zeroing residuals...
  [J2017+0603] adding red noise...
  [J2017+0603] white noise for L-wide_PUPPI (2569 TOAs)...
  [J2017+0603] white noise for L-wide_ASP (16 TOAs)...
  [J2017+0603] white noise for 430_PUPPI (78 TOAs)...
  [J2017+0603] white noise for S-wide_PUPPI (849 TOAs)...
  [J2033+1734] zeroing residuals...
  [J2033+1734] adding red noise...
  [J2033+1734] white noise for L-wide_PUPPI (3050 TOAs)...
  [J2033+1734] white noise for 430_PUPPI (797 TOAs)...
  [J2043+1711] zeroing residuals...
  [J2043+1711] adding red noise...
  [J2043+1711] white noise for L-wide_PUPPI (4419 TOAs)...
  [J2043+1711] white noise for L-wide_ASP (40 TOAs)...
  [J2043+1711] white noise for 430_PUPPI (2908 TOAs)...
  [J2043+1711] white noise for 430_ASP (30 TOAs)...
  [J2124-3358] zeroing residuals...
  [J2124-3358] adding red noise...
  [J2124-3358] white noise for Rcvr1_2_GUPPI (2957 TOAs)...
  [J2124-3358] white noise for Rcvr_800_GUPPI (2025 TOAs)...
  [J2145-0750] zeroing residuals...
  [J2145-0750] adding red noise...
  [J2145-0750] white noise for Rcvr1_2_GUPPI (9158 TOAs)...
  [J2145-0750] white noise for Rcvr_800_GASP (362 TOAs)...
  [J2145-0750] white noise for Rcvr1_2_GASP (427 TOAs)...
  [J2145-0750] white noise for Rcvr_800_GUPPI (8728 TOAs)...
  [J2214+3000] zeroing residuals...
  [J2214+3000] adding red noise...
  [J2214+3000] white noise for L-wide_ASP (9 TOAs)...
  [J2214+3000] white noise for L-wide_PUPPI (5829 TOAs)...
  [J2214+3000] white noise for S-wide_PUPPI (1568 TOAs)...
  [J2229+2643] zeroing residuals...
  [J2229+2643] adding red noise...
  [J2229+2643] white noise for L-wide_PUPPI (2755 TOAs)...
  [J2229+2643] white noise for 430_PUPPI (956 TOAs)...
  [J2234+0611] zeroing residuals...
  [J2234+0611] adding red noise...
  [J2234+0611] white noise for L-wide_PUPPI (2913 TOAs)...
  [J2234+0611] white noise for 430_PUPPI (653 TOAs)...
  [J2234+0944] zeroing residuals...
  [J2234+0944] adding red noise...
  [J2234+0944] white noise for L-wide_PUPPI (5003 TOAs)...
  [J2234+0944] white noise for S-wide_PUPPI (2532 TOAs)...
  [J2302+4442] zeroing residuals...
  [J2302+4442] adding red noise...
  [J2302+4442] white noise for Rcvr1_2_GUPPI (3779 TOAs)...
  [J2302+4442] white noise for Rcvr_800_GUPPI (6432 TOAs)...
  [J2317+1439] zeroing residuals...
  [J2317+1439] adding red noise...
  [J2317+1439] white noise for 327_ASP (413 TOAs)...
  [J2317+1439] white noise for 430_PUPPI (3217 TOAs)...
  [J2317+1439] white noise for 327_PUPPI (276 TOAs)...
  [J2317+1439] white noise for L-wide_PUPPI (9563 TOAs)...
  [J2317+1439] white noise for 430_ASP (458 TOAs)...
  [J2322+2057] zeroing residuals...
  [J2322+2057] adding red noise...
  [J2322+2057] white noise for L-wide_PUPPI (2196 TOAs)...
  [J2322+2057] white noise for 430_PUPPI (752 TOAs)...
  [J2322+2057] white noise for S-wide_PUPPI (140 TOAs)...
Resetting pulsars to clean stoas...
Restore: 0.00 s
Inject: 0.00 s
Snapshotting into enterprise Pulsar objects...
Building PTA...
PTA build: 468.38 s
Computing optimal statistic...
OS time: 66.22 s
Total: 534.61 s
Noise-only SNR baseline: -0.3982

Generating SNR-consistent population...
Target SNR: 4.0
Resetting pulsars to clean stoas...
Restore: 0.01 s
Injecting population...
  B1855+09: RMS = 2992.611 ns
  B1937+21: RMS = 507.895 ns
  B1953+29: RMS = 2219.404 ns
  J0023+0923: RMS = 1408.930 ns
  J0030+0451: RMS = 1774.177 ns
  J0340+4130: RMS = 1257.712 ns
  J0406+3039: RMS = 441.353 ns
  J0437-4715: RMS = 1327.750 ns
  J0509+0856: RMS = 963.027 ns
  J0557+1551: RMS = 689.505 ns
  J0605+3757: RMS = 891.559 ns
  J0610-2100: RMS = 622.430 ns
  J0613-0200: RMS = 1239.709 ns
  J0636+5128: RMS = 1269.514 ns
  J0645+5158: RMS = 1568.872 ns
  J0709+0458: RMS = 2354.989 ns
  J0740+6620: RMS = 421.226 ns
  J0931-1902: RMS = 2136.938 ns
  J1012+5307: RMS = 2031.380 ns
  J1012-4235: RMS = 774.791 ns
  J1022+1001: RMS = 1461.924 ns
  J1024-0719: RMS = 699.774 ns
  J1125+7819: RMS = 904.222 ns
  J1312+0051: RMS = 994.721 ns
  J1453+1902: RMS = 1812.192 ns
  J1455-3330: RMS = 2820.181 ns
  J1600-3053: RMS = 1605.425 ns
  J1614-2230: RMS = 1538.212 ns
  J1630+3734: RMS = 1354.328 ns
  J1640+2224: RMS = 4674.983 ns
  J1643-1224: RMS = 774.421 ns
  J1705-1903: RMS = 454.923 ns
  J1713+0747: RMS = 3931.608 ns
  J1719-1438: RMS = 532.702 ns
  J1730-2304: RMS = 1007.374 ns
  J1738+0333: RMS = 3603.287 ns
  J1741+1351: RMS = 5052.392 ns
  J1744-1134: RMS = 1532.157 ns
  J1745+1017: RMS = 1014.986 ns
  J1747-4036: RMS = 4579.399 ns
  J1751-2857: RMS = 2142.101 ns
  J1802-2124: RMS = 1260.952 ns
  J1811-2405: RMS = 1839.855 ns
  J1832-0836: RMS = 1779.174 ns
  J1843-1113: RMS = 1830.594 ns
  J1853+1303: RMS = 1811.349 ns
  J1903+0327: RMS = 2869.249 ns
  J1909-3744: RMS = 2523.640 ns
  J1910+1256: RMS = 2469.249 ns
  J1911+1347: RMS = 1546.301 ns
  J1918-0642: RMS = 3595.134 ns
  J1923+2515: RMS = 561.984 ns
  J1944+0907: RMS = 2057.803 ns
  J1946+3417: RMS = 720.409 ns
  J2010-1323: RMS = 1669.888 ns
  J2017+0603: RMS = 2151.074 ns
  J2033+1734: RMS = 835.607 ns
  J2043+1711: RMS = 1550.465 ns
  J2124-3358: RMS = 1526.772 ns
  J2145-0750: RMS = 867.879 ns
  J2214+3000: RMS = 1973.805 ns
  J2229+2643: RMS = 1612.690 ns
  J2234+0611: RMS = 1371.876 ns
  J2234+0944: RMS = 1714.272 ns
  J2302+4442: RMS = 3170.274 ns
  J2317+1439: RMS = 1299.518 ns
  J2322+2057: RMS = 1170.480 ns
Inject: 0.88 s
Snapshotting into enterprise Pulsar objects...
Building PTA...
PTA build: 466.56 s
Computing optimal statistic...
OS time: 62.22 s
Total: 529.66 s
Initial SNR: 41.0177, Target SNR: 4.0000
  Initial SNR 41.0177 outside of provided SNR_range [3.5, 4.25] — rescaling.
Scaling distances by factor 3.0686 to achieve target SNR...
Resetting pulsars to clean stoas...
Restore: 0.00 s
Injecting population...
  B1855+09: RMS = 975.223 ns
  B1937+21: RMS = 165.511 ns
  B1953+29: RMS = 723.252 ns
  J0023+0923: RMS = 459.138 ns
  J0030+0451: RMS = 578.163 ns
  J0340+4130: RMS = 409.859 ns
  J0406+3039: RMS = 143.827 ns
  J0437-4715: RMS = 432.683 ns
  J0509+0856: RMS = 313.828 ns
  J0557+1551: RMS = 224.694 ns
  J0605+3757: RMS = 290.538 ns
  J0610-2100: RMS = 202.836 ns
  J0613-0200: RMS = 403.992 ns
  J0636+5128: RMS = 413.705 ns
  J0645+5158: RMS = 511.259 ns
  J0709+0458: RMS = 767.437 ns
  J0740+6620: RMS = 137.268 ns
  J0931-1902: RMS = 696.379 ns
  J1012+5307: RMS = 661.980 ns
  J1012-4235: RMS = 252.487 ns
  J1022+1001: RMS = 476.407 ns
  J1024-0719: RMS = 228.040 ns
  J1125+7819: RMS = 294.665 ns
  J1312+0051: RMS = 324.157 ns
  J1453+1902: RMS = 590.552 ns
  J1455-3330: RMS = 919.032 ns
  J1600-3053: RMS = 523.171 ns
  J1614-2230: RMS = 501.268 ns
  J1630+3734: RMS = 441.344 ns
  J1640+2224: RMS = 1523.469 ns
  J1643-1224: RMS = 252.366 ns
  J1705-1903: RMS = 148.249 ns
  J1713+0747: RMS = 1281.220 ns
  J1719-1438: RMS = 173.595 ns
  J1730-2304: RMS = 328.280 ns
  J1738+0333: RMS = 1174.228 ns
  J1741+1351: RMS = 1646.458 ns
  J1744-1134: RMS = 499.294 ns
  J1745+1017: RMS = 330.760 ns
  J1747-4036: RMS = 1492.320 ns
  J1751-2857: RMS = 698.061 ns
  J1802-2124: RMS = 410.915 ns
  J1811-2405: RMS = 599.566 ns
  J1832-0836: RMS = 579.792 ns
  J1843-1113: RMS = 596.548 ns
  J1853+1303: RMS = 590.277 ns
  J1903+0327: RMS = 935.022 ns
  J1909-3744: RMS = 822.396 ns
  J1910+1256: RMS = 804.671 ns
  J1911+1347: RMS = 503.904 ns
  J1918-0642: RMS = 1171.571 ns
  J1923+2515: RMS = 183.137 ns
  J1944+0907: RMS = 670.590 ns
  J1946+3417: RMS = 234.765 ns
  J2010-1323: RMS = 544.178 ns
  J2017+0603: RMS = 700.985 ns
  J2033+1734: RMS = 272.305 ns
  J2043+1711: RMS = 505.261 ns
  J2124-3358: RMS = 497.540 ns
  J2145-0750: RMS = 282.822 ns
  J2214+3000: RMS = 643.217 ns
  J2229+2643: RMS = 525.539 ns
  J2234+0611: RMS = 447.063 ns
  J2234+0944: RMS = 558.642 ns
  J2302+4442: RMS = 1033.119 ns
  J2317+1439: RMS = 423.483 ns
  J2322+2057: RMS = 381.432 ns
Inject: 0.92 s
Snapshotting into enterprise Pulsar objects...
Building PTA...
PTA build: 459.81 s
Computing optimal statistic...
OS time: 56.72 s
Total: 517.45 s
  SNR 5.2856 outside of provided SNR_range [3.5, 4.25] — rescaling.
[Iteration 1/4] SNR after scaling: 5.2856 (target: 4.0000)
  SNR history: it0→41.0177@1.0000x, it1→5.2856@3.0686x
  Re-scaling distances by factor 1.1558  (cumulative after: 3.5467×)
Resetting pulsars to clean stoas...
Restore: 0.01 s
Injecting population...
  B1855+09: RMS = 843.783 ns
  B1937+21: RMS = 143.204 ns
  B1953+29: RMS = 625.773 ns
  J0023+0923: RMS = 397.255 ns
  J0030+0451: RMS = 500.239 ns
  J0340+4130: RMS = 354.619 ns
  J0406+3039: RMS = 124.442 ns
  J0437-4715: RMS = 374.366 ns
  J0509+0856: RMS = 271.531 ns
  J0557+1551: RMS = 194.410 ns
  J0605+3757: RMS = 251.380 ns
  J0610-2100: RMS = 175.498 ns
  J0613-0200: RMS = 349.543 ns
  J0636+5128: RMS = 357.946 ns
  J0645+5158: RMS = 442.352 ns
  J0709+0458: RMS = 664.002 ns
  J0740+6620: RMS = 118.767 ns
  J0931-1902: RMS = 602.521 ns
  J1012+5307: RMS = 572.758 ns
  J1012-4235: RMS = 218.457 ns
  J1022+1001: RMS = 412.197 ns
  J1024-0719: RMS = 197.305 ns
  J1125+7819: RMS = 254.950 ns
  J1312+0051: RMS = 280.467 ns
  J1453+1902: RMS = 510.957 ns
  J1455-3330: RMS = 795.165 ns
  J1600-3053: RMS = 452.658 ns
  J1614-2230: RMS = 433.707 ns
  J1630+3734: RMS = 381.860 ns
  J1640+2224: RMS = 1318.136 ns
  J1643-1224: RMS = 218.352 ns
  J1705-1903: RMS = 128.268 ns
  J1713+0747: RMS = 1108.538 ns
  J1719-1438: RMS = 150.198 ns
  J1730-2304: RMS = 284.034 ns
  J1738+0333: RMS = 1015.966 ns
  J1741+1351: RMS = 1424.549 ns
  J1744-1134: RMS = 432.000 ns
  J1745+1017: RMS = 286.181 ns
  J1747-4036: RMS = 1291.186 ns
  J1751-2857: RMS = 603.977 ns
  J1802-2124: RMS = 355.532 ns
  J1811-2405: RMS = 518.757 ns
  J1832-0836: RMS = 501.648 ns
  J1843-1113: RMS = 516.146 ns
  J1853+1303: RMS = 510.720 ns
  J1903+0327: RMS = 809.000 ns
  J1909-3744: RMS = 711.554 ns
  J1910+1256: RMS = 696.218 ns
  J1911+1347: RMS = 435.988 ns
  J1918-0642: RMS = 1013.667 ns
  J1923+2515: RMS = 158.454 ns
  J1944+0907: RMS = 580.208 ns
  J1946+3417: RMS = 203.123 ns
  J2010-1323: RMS = 470.834 ns
  J2017+0603: RMS = 606.507 ns
  J2033+1734: RMS = 235.604 ns
  J2043+1711: RMS = 437.162 ns
  J2124-3358: RMS = 430.482 ns
  J2145-0750: RMS = 244.703 ns
  J2214+3000: RMS = 556.525 ns
  J2229+2643: RMS = 454.707 ns
  J2234+0611: RMS = 386.808 ns
  J2234+0944: RMS = 483.348 ns
  J2302+4442: RMS = 893.876 ns
  J2317+1439: RMS = 366.406 ns
  J2322+2057: RMS = 330.023 ns
Inject: 0.89 s
Snapshotting into enterprise Pulsar objects...
Building PTA...
PTA build: 435.08 s
Computing optimal statistic...
OS time: 47.17 s
Total: 483.14 s
  ✓ SNR is within the provided SNR_range: 4.0813 ∈ [3.5, 4.25]

Final SNR history:
  it 0: cumulative_scale=1.0000×  SNR=41.0177
  it 1: cumulative_scale=3.0686×  SNR=5.2856
  it 2: cumulative_scale=3.5467×  SNR=4.0813
✓ Simulation 1 done (1532.3 s)

======================================================================
ENSEMBLE SUMMARY
======================================================================
Success rate: 100.0% (1/1)

Binaries per population:
  Mean ± std : 20000 ± 0
  Range      : [20000, 20000]

SNR achieved:
  Mean ± std : 4.0813 ± 0.0000
  Range      : [4.0813, 4.0813]

Total time: 2117.4 s (35.3 min)
======================================================================

💾 Saved: data/2026-04-29/realistic_run_4/consistent_population_realistic_targetSNR4.25_sims1.json
💾 Saved compressed pickle: data/2026-04-29/realistic_run_4/consistent_population_realistic_targetSNR4.25_sims1.pkl.gz

======================================================================
CONTINUOUS WAVE SNR ANALYSIS
======================================================================

--- Population 1 ---
Precomputation of phiinvs, TNTs, Ts, Nvecs, Sigmas took 0.04 seconds.
Total SNR computation for population took 463.52 seconds.
Top 50 CGW candidates:
   1. proxy_rank=   1  sky_w=1.43  f=2.86e-09 Hz  Mc=4.17e+10 Msun  h0=6.59e-15  SNR=5.633
   2. proxy_rank=  36  sky_w=0.55  f=6.02e-09 Hz  Mc=2.94e+10 Msun  h0=6.22e-15  SNR=4.769
   3. proxy_rank=  83  sky_w=0.94  f=7.12e-09 Hz  Mc=1.36e+10 Msun  h0=2.34e-15  SNR=3.153
   4. proxy_rank= 182  sky_w=1.41  f=2.45e-08 Hz  Mc=1.01e+10 Msun  h0=2.86e-15  SNR=2.895
   5. proxy_rank=  45  sky_w=1.39  f=6.51e-09 Hz  Mc=1.31e+10 Msun  h0=2.26e-15  SNR=2.719
   6. proxy_rank=  47  sky_w=1.30  f=5.24e-09 Hz  Mc=1.50e+10 Msun  h0=1.85e-15  SNR=2.543
   7. proxy_rank=   3  sky_w=1.52  f=2.22e-09 Hz  Mc=3.27e+10 Msun  h0=4.22e-15  SNR=2.518
   8. proxy_rank= 114  sky_w=1.34  f=6.73e-09 Hz  Mc=9.88e+09 Msun  h0=1.25e-15  SNR=2.236
   9. proxy_rank=   5  sky_w=1.59  f=2.20e-09 Hz  Mc=2.71e+10 Msun  h0=3.39e-15  SNR=2.060
  10. proxy_rank=  91  sky_w=0.66  f=5.79e-09 Hz  Mc=1.57e+10 Msun  h0=2.55e-15  SNR=2.057
  11. proxy_rank= 414  sky_w=1.09  f=2.81e-08 Hz  Mc=7.00e+09 Msun  h0=1.77e-15  SNR=1.979
  12. proxy_rank=  11  sky_w=1.20  f=3.17e-09 Hz  Mc=2.17e+10 Msun  h0=2.69e-15  SNR=1.963
  13. proxy_rank=  78  sky_w=1.29  f=7.80e-09 Hz  Mc=9.77e+09 Msun  h0=2.01e-15  SNR=1.924
  14. proxy_rank=  39  sky_w=0.73  f=3.79e-09 Hz  Mc=1.85e+10 Msun  h0=2.69e-15  SNR=1.911
  15. proxy_rank= 262  sky_w=1.17  f=1.13e-08 Hz  Mc=8.02e+09 Msun  h0=1.11e-15  SNR=1.907
  16. proxy_rank=  46  sky_w=1.53  f=4.13e-09 Hz  Mc=1.27e+10 Msun  h0=1.27e-15  SNR=1.765
  17. proxy_rank=  64  sky_w=1.47  f=5.16e-09 Hz  Mc=9.27e+09 Msun  h0=1.38e-15  SNR=1.763
  18. proxy_rank=  22  sky_w=1.56  f=4.03e-09 Hz  Mc=1.51e+10 Msun  h0=1.95e-15  SNR=1.646
  19. proxy_rank= 148  sky_w=1.30  f=6.79e-09 Hz  Mc=9.39e+09 Msun  h0=9.73e-16  SNR=1.597
  20. proxy_rank= 135  sky_w=1.02  f=7.75e-09 Hz  Mc=1.18e+10 Msun  h0=1.54e-15  SNR=1.592
  21. proxy_rank=  29  sky_w=1.37  f=3.35e-09 Hz  Mc=1.36e+10 Msun  h0=1.60e-15  SNR=1.564
  22. proxy_rank= 239  sky_w=0.88  f=8.22e-09 Hz  Mc=9.50e+09 Msun  h0=1.22e-15  SNR=1.508
  23. proxy_rank=  44  sky_w=1.17  f=4.45e-09 Hz  Mc=1.52e+10 Msun  h0=1.86e-15  SNR=1.442
  24. proxy_rank= 132  sky_w=1.47  f=5.68e-09 Hz  Mc=8.59e+09 Msun  h0=8.05e-16  SNR=1.427
  25. proxy_rank=   7  sky_w=1.62  f=2.12e-09 Hz  Mc=2.32e+10 Msun  h0=2.10e-15  SNR=1.413
  26. proxy_rank= 181  sky_w=0.89  f=6.63e-09 Hz  Mc=1.05e+10 Msun  h0=1.23e-15  SNR=1.356
  27. proxy_rank=  63  sky_w=0.92  f=4.05e-09 Hz  Mc=1.59e+10 Msun  h0=1.73e-15  SNR=1.333
  28. proxy_rank=  30  sky_w=1.55  f=3.23e-09 Hz  Mc=1.52e+10 Msun  h0=1.35e-15  SNR=1.332
  29. proxy_rank= 245  sky_w=1.23  f=7.22e-09 Hz  Mc=4.66e+09 Msun  h0=7.37e-16  SNR=1.251
  30. proxy_rank=   4  sky_w=0.93  f=2.02e-09 Hz  Mc=3.37e+10 Msun  h0=6.15e-15  SNR=1.251
  31. proxy_rank=  28  sky_w=1.51  f=3.01e-09 Hz  Mc=1.58e+10 Msun  h0=1.34e-15  SNR=1.228
  32. proxy_rank=   6  sky_w=1.55  f=2.33e-09 Hz  Mc=2.30e+10 Msun  h0=3.38e-15  SNR=1.194
  33. proxy_rank= 136  sky_w=0.89  f=5.03e-09 Hz  Mc=9.94e+09 Msun  h0=1.14e-15  SNR=1.188
  34. proxy_rank=  52  sky_w=1.56  f=4.05e-09 Hz  Mc=7.06e+09 Msun  h0=1.14e-15  SNR=1.171
  35. proxy_rank= 165  sky_w=1.32  f=5.85e-09 Hz  Mc=8.61e+09 Msun  h0=7.72e-16  SNR=1.139
  36. proxy_rank= 104  sky_w=0.72  f=4.42e-09 Hz  Mc=1.25e+10 Msun  h0=1.67e-15  SNR=1.135
  37. proxy_rank=  19  sky_w=0.57  f=2.76e-09 Hz  Mc=3.06e+10 Msun  h0=3.82e-15  SNR=1.091
  38. proxy_rank=  92  sky_w=0.98  f=4.91e-09 Hz  Mc=1.27e+10 Msun  h0=1.43e-15  SNR=1.086
  39. proxy_rank=   2  sky_w=1.57  f=2.09e-09 Hz  Mc=3.22e+10 Msun  h0=3.87e-15  SNR=1.073
  40. proxy_rank=  66  sky_w=1.10  f=3.80e-09 Hz  Mc=1.42e+10 Msun  h0=1.32e-15  SNR=1.018
  41. proxy_rank=  20  sky_w=1.58  f=2.53e-09 Hz  Mc=1.62e+10 Msun  h0=1.25e-15  SNR=0.981
  42. proxy_rank=   9  sky_w=1.25  f=2.60e-09 Hz  Mc=2.57e+10 Msun  h0=2.75e-15  SNR=0.931
  43. proxy_rank= 195  sky_w=1.62  f=5.68e-09 Hz  Mc=5.12e+09 Msun  h0=5.50e-16  SNR=0.930
  44. proxy_rank=  25  sky_w=1.37  f=3.63e-09 Hz  Mc=1.74e+10 Msun  h0=1.96e-15  SNR=0.908
  45. proxy_rank= 175  sky_w=1.11  f=4.96e-09 Hz  Mc=8.93e+09 Msun  h0=7.53e-16  SNR=0.896
  46. proxy_rank=  10  sky_w=0.74  f=2.19e-09 Hz  Mc=2.02e+10 Msun  h0=3.74e-15  SNR=0.883
  47. proxy_rank= 222  sky_w=1.25  f=5.49e-09 Hz  Mc=7.78e+09 Msun  h0=6.16e-16  SNR=0.843
  48. proxy_rank= 139  sky_w=1.46  f=4.56e-09 Hz  Mc=8.30e+09 Msun  h0=6.13e-16  SNR=0.841
  49. proxy_rank= 385  sky_w=1.34  f=9.26e-09 Hz  Mc=4.92e+09 Msun  h0=5.11e-16  SNR=0.835
  50. proxy_rank=  81  sky_w=1.43  f=4.38e-09 Hz  Mc=1.06e+10 Msun  h0=9.66e-16  SNR=0.825
💾 Saved: data/2026-04-29/realistic_run_4/consistent_population_realistic_targetSNR4.25_sims1.json
💾 Saved compressed pickle: data/2026-04-29/realistic_run_4/consistent_population_realistic_targetSNR4.25_sims1.pkl.gz
Saved to figures/cgw_analysis_realistic.pdf

======================================================================
ANALYSIS COMPLETE
Results saved to: data/2026-04-29/realistic_run_4
======================================================================

==========================================
Job finished at: Wed Apr 29 10:51:42 AEST 2026
Exit code: 0
==========================================

+------------------ Job Report: 11728638 (COMPLETED) ------------------+
| Memory (RAM)  [################### ] 98.7% (31.6 GB peak / 32 GB)    |
| CPU           [#################   ] 86.3% average                   |
| Time          [-------------->     ] 70.2% (0-00:45:36 / 0-01:05:00) |
|                                                                      |
| Lustre Filesystem:                                                   |
|   Path    Total Read    Total Write    Total IOPS                    |
|   ------  ------------  -------------  ------------                  |
|   /apps   32 KB         0 B            117                           |
|   /fred   81.8 MB       6.4 MB         185                           |
|   /home   102.7 MB      0 B            5.3 K                         |
|   OS      0 B           0 B            3                             |
+----------------------------------------------------------------------+
