==========================================
Job ID: 11735195
Job Name: smbhb_pessimistic
Node: dave305
Start Time: Wed Apr 29 11:12:48 AEST 2026
==========================================

/home/bhoulden/.conda/envs/smbhb312/share/tempo2
Working directory: /fred/oz005/users/bhoulden/SMBHB_population_injections

Loaded modules:

Starting SMBHB analysis...
==========================================

📁 Save directory: data/2026-04-29/pessimistic_run_62
📝 Run name: pessimistic_run_62

[MEM] Start: 243.8 MB

📡 Loading pulsars...
======================================================================
LOADING NANOGRAV PULSARS (libstempo)
======================================================================

📦 Loading from cache: nanograv_pulsars_cache.pkl
⚠ Cache load failed: Ran out of input
[DEBUG] Found 76 .par files
[tempo2Util.C:396] Warning: [MISC1] Unknown parameter in par file:  DMDATA
[tempo2Util.C:401] Warning: [DUP1] duplicated warnings have been suppressed.

WARNING: Using tempo RNAMP parameter: setting TNRedC to 100!
[observatory.C:271] Warning: Assuming site 'arecibo' means 'ao'
✓ Loaded B1855+09 (7758 TOAs)

WARNING: Using tempo RNAMP parameter: setting TNRedC to 100!
✓ Loaded B1937+21 (23023 TOAs)

WARNING: Using tempo RNAMP parameter: setting TNRedC to 100!
✓ Loaded B1937+21ao (7241 TOAs)

WARNING: Using tempo RNAMP parameter: setting TNRedC to 100!
✓ Loaded B1937+21gbt (16048 TOAs)

WARNING: Using tempo RNAMP parameter: setting TNRedC to 100!
✓ Loaded B1953+29 (5126 TOAs)
✓ Loaded J0023+0923 (15896 TOAs)

WARNING: Using tempo RNAMP parameter: setting TNRedC to 100!
✓ Loaded J0030+0451 (19571 TOAs)
✓ Loaded J0340+4130 (11093 TOAs)
✓ Loaded J0406+3039 (2446 TOAs)

WARNING: Using tempo RNAMP parameter: setting TNRedC to 100!
✓ Loaded J0437-4715 (5830 TOAs)
✓ Loaded J0509+0856 (2169 TOAs)
✓ Loaded J0557+1551 (525 TOAs)
✓ Loaded J0605+3757 (554 TOAs)

WARNING: Using tempo RNAMP parameter: setting TNRedC to 100!
✓ Loaded J0610-2100 (4885 TOAs)

WARNING: Using tempo RNAMP parameter: setting TNRedC to 100!
✓ Loaded J0613-0200 (17124 TOAs)
✓ Loaded J0614-3329 (1714 TOAs)
✓ Loaded J0636+5128 (32222 TOAs)
✓ Loaded J0645+5158 (10403 TOAs)
✓ Loaded J0709+0458 (3030 TOAs)
✓ Loaded J0740+6620 (13401 TOAs)
✓ Loaded J0931-1902 (5473 TOAs)

WARNING: Using tempo RNAMP parameter: setting TNRedC to 100!
✓ Loaded J1012+5307 (25837 TOAs)
✓ Loaded J1012-4235 (797 TOAs)
✓ Loaded J1022+1001 (3978 TOAs)
✓ Loaded J1024-0719 (12635 TOAs)
✓ Loaded J1125+7819 (8723 TOAs)
✓ Loaded J1312+0051 (1705 TOAs)
✓ Loaded J1453+1902 (2551 TOAs)
✓ Loaded J1455-3330 (10818 TOAs)

WARNING: Using tempo RNAMP parameter: setting TNRedC to 100!
✓ Loaded J1600-3053 (22955 TOAs)

WARNING: Using tempo RNAMP parameter: setting TNRedC to 100!
✓ Loaded J1600-3053gbt (19725 TOAs)

WARNING: Using tempo RNAMP parameter: setting TNRedC to 100!
✓ Loaded J1614-2230 (18445 TOAs)
✓ Loaded J1630+3734 (1815 TOAs)
✓ Loaded J1640+2224 (14066 TOAs)

WARNING: Using tempo RNAMP parameter: setting TNRedC to 100!
✓ Loaded J1643-1224 (22144 TOAs)

WARNING: Using tempo RNAMP parameter: setting TNRedC to 100!
✓ Loaded J1643-1224gbt (17932 TOAs)

WARNING: Using tempo RNAMP parameter: setting TNRedC to 100!
✓ Loaded J1705-1903 (9871 TOAs)

WARNING: Using tempo RNAMP parameter: setting TNRedC to 100!
✓ Loaded J1713+0747 (59389 TOAs)

WARNING: Using tempo RNAMP parameter: setting TNRedC to 100!
✓ Loaded J1713+0747ao (21362 TOAs)

WARNING: Using tempo RNAMP parameter: setting TNRedC to 100!
✓ Loaded J1713+0747gbt (32963 TOAs)
✓ Loaded J1719-1438 (6356 TOAs)
✓ Loaded J1730-2304 (4870 TOAs)
✓ Loaded J1738+0333 (8790 TOAs)
✓ Loaded J1741+1351 (5582 TOAs)

WARNING: Using tempo RNAMP parameter: setting TNRedC to 100!
✓ Loaded J1744-1134 (17745 TOAs)

WARNING: Using tempo RNAMP parameter: setting TNRedC to 100!
✓ Loaded J1745+1017 (3017 TOAs)

WARNING: Using tempo RNAMP parameter: setting TNRedC to 100!
✓ Loaded J1747-4036 (11055 TOAs)
✓ Loaded J1751-2857 (2025 TOAs)

WARNING: Using tempo RNAMP parameter: setting TNRedC to 100!
✓ Loaded J1802-2124 (6796 TOAs)
✓ Loaded J1811-2405 (5266 TOAs)
✓ Loaded J1832-0836 (7739 TOAs)
✓ Loaded J1843-1113 (4595 TOAs)

WARNING: Using tempo RNAMP parameter: setting TNRedC to 100!
✓ Loaded J1853+1303 (4570 TOAs)

WARNING: Using tempo RNAMP parameter: setting TNRedC to 100!
✓ Loaded J1903+0327 (6856 TOAs)

WARNING: Using tempo RNAMP parameter: setting TNRedC to 100!
✓ Loaded J1903+0327ao (6423 TOAs)

WARNING: Using tempo RNAMP parameter: setting TNRedC to 100!
✓ Loaded J1909-3744 (35037 TOAs)

WARNING: Using tempo RNAMP parameter: setting TNRedC to 100!
✓ Loaded J1909-3744gbt (31526 TOAs)
✓ Loaded J1910+1256 (6486 TOAs)
✓ Loaded J1911+1347 (3786 TOAs)
✓ Loaded J1918-0642 (18875 TOAs)
✓ Loaded J1923+2515 (3974 TOAs)
✓ Loaded J1944+0907 (5328 TOAs)

WARNING: Using tempo RNAMP parameter: setting TNRedC to 100!
✓ Loaded J1946+3417 (4743 TOAs)
✓ Loaded J2010-1323 (17077 TOAs)
✓ Loaded J2017+0603 (3512 TOAs)
✓ Loaded J2033+1734 (3847 TOAs)
✓ Loaded J2043+1711 (7397 TOAs)
✓ Loaded J2124-3358 (4982 TOAs)

WARNING: Using tempo RNAMP parameter: setting TNRedC to 100!
✓ Loaded J2145-0750 (18675 TOAs)
✓ Loaded J2214+3000 (7406 TOAs)
✓ Loaded J2229+2643 (3711 TOAs)

WARNING: Using tempo RNAMP parameter: setting TNRedC to 100!
✓ Loaded J2234+0611 (3566 TOAs)
✓ Loaded J2234+0944 (7535 TOAs)
✓ Loaded J2302+4442 (10211 TOAs)
✓ Loaded J2317+1439 (13927 TOAs)
✓ Loaded J2322+2057 (3088 TOAs)
⚠ Could not save cache: no default __reduce__ due to non-trivial __cinit__

✓ Loaded 76 pulsars
✗ Failed: 0 — []
[MEM] After loading pulsars: 8860.6 MB

🔍 Filtering pulsars...

Filtered: 76 → 67 pulsars
[MEM] After filtering pulsars: 8863.3 MB
[MEM] After garbage collection: 8863.5 MB

======================================================================
SMBHB POPULATION ANALYSIS
======================================================================

Configuration: pessimistic
  Lower mass, lower spread in distance, large population
  N_binaries: 10000000

======================================================================
CONSISTENT POPULATION SYNTHESIS
======================================================================

======================================================================
GENERATING SNR-CONSISTENT POPULATIONS
======================================================================
Target SNR:          4.0
Simulations:         1
======================================================================


──────────────────────────────────────────────────────────────────────
SIMULATION 1/1
──────────────────────────────────────────────────────────────────────
  [B1855+09] zeroing residuals...
  [B1855+09] adding red noise...
  [B1855+09] white noise for L-wide_PUPPI (5005 TOAs)...
  [B1855+09] white noise for 430_PUPPI (1185 TOAs)...
  [B1855+09] white noise for 430_ASP (390 TOAs)...
  [B1855+09] white noise for L-wide_ASP (1178 TOAs)...
  [B1937+21] zeroing residuals...
  [B1937+21] adding red noise...
  [B1937+21] white noise for L-wide_PUPPI (4133 TOAs)...
  [B1937+21] white noise for L-wide_ASP (452 TOAs)...
  [B1937+21] white noise for S-wide_PUPPI (2251 TOAs)...
  [B1937+21] white noise for Rcvr_800_GUPPI (7140 TOAs)...
  [B1937+21] white noise for S-wide_ASP (344 TOAs)...
  [B1937+21] white noise for Rcvr_800_GASP (586 TOAs)...
  [B1937+21] white noise for Rcvr1_2_GUPPI (7048 TOAs)...
  [B1937+21] white noise for Rcvr1_2_GASP (1069 TOAs)...
  [B1953+29] zeroing residuals...
  [B1953+29] adding red noise...
  [B1953+29] white noise for 430_PUPPI (941 TOAs)...
  [B1953+29] white noise for L-wide_PUPPI (4037 TOAs)...
  [B1953+29] white noise for L-wide_ASP (94 TOAs)...
  [B1953+29] white noise for S-wide_ASP (25 TOAs)...
  [B1953+29] white noise for 430_ASP (29 TOAs)...
  [J0023+0923] zeroing residuals...
  [J0023+0923] adding red noise...
  [J0023+0923] white noise for L-wide_PUPPI (11123 TOAs)...
  [J0023+0923] white noise for 430_PUPPI (4564 TOAs)...
  [J0023+0923] white noise for 430_ASP (90 TOAs)...
  [J0023+0923] white noise for L-wide_ASP (119 TOAs)...
  [J0030+0451] zeroing residuals...
  [J0030+0451] adding red noise...
  [J0030+0451] white noise for 430_PUPPI (3068 TOAs)...
  [J0030+0451] white noise for L-wide_PUPPI (12774 TOAs)...
  [J0030+0451] white noise for S-wide_PUPPI (2673 TOAs)...
  [J0030+0451] white noise for L-wide_ASP (789 TOAs)...
  [J0030+0451] white noise for 430_ASP (267 TOAs)...
  [J0340+4130] zeroing residuals...
  [J0340+4130] adding red noise...
  [J0340+4130] white noise for Rcvr1_2_GUPPI (5037 TOAs)...
  [J0340+4130] white noise for Rcvr_800_GUPPI (6056 TOAs)...
  [J0406+3039] zeroing residuals...
  [J0406+3039] adding red noise...
  [J0406+3039] white noise for S-wide_PUPPI (575 TOAs)...
  [J0406+3039] white noise for L-wide_PUPPI (1871 TOAs)...
  [J0437-4715] zeroing residuals...
  [J0437-4715] adding red noise...
  [J0437-4715] white noise for 1.5GHz_YUPPI (2134 TOAs)...
  [J0437-4715] white noise for 3GHz_YUPPI (3696 TOAs)...
  [J0509+0856] zeroing residuals...
  [J0509+0856] adding red noise...
  [J0509+0856] white noise for S-wide_PUPPI (544 TOAs)...
  [J0509+0856] white noise for L-wide_PUPPI (1625 TOAs)...
  [J0557+1551] zeroing residuals...
  [J0557+1551] adding red noise...
  [J0557+1551] white noise for S-wide_PUPPI (58 TOAs)...
  [J0557+1551] white noise for L-wide_PUPPI (467 TOAs)...
  [J0605+3757] zeroing residuals...
  [J0605+3757] adding red noise...
  [J0605+3757] white noise for Rcvr1_2_GUPPI (318 TOAs)...
  [J0605+3757] white noise for Rcvr_800_GUPPI (236 TOAs)...
  [J0610-2100] zeroing residuals...
  [J0610-2100] adding red noise...
  [J0610-2100] white noise for Rcvr1_2_GUPPI (2401 TOAs)...
  [J0610-2100] white noise for Rcvr_800_GUPPI (2484 TOAs)...
  [J0613-0200] zeroing residuals...
  [J0613-0200] adding red noise...
  [J0613-0200] white noise for Rcvr1_2_GUPPI (7423 TOAs)...
  [J0613-0200] white noise for Rcvr1_2_GASP (992 TOAs)...
  [J0613-0200] white noise for Rcvr_800_GASP (809 TOAs)...
  [J0613-0200] white noise for Rcvr_800_GUPPI (7900 TOAs)...
  [J0636+5128] zeroing residuals...
  [J0636+5128] adding red noise...
  [J0636+5128] white noise for Rcvr1_2_GUPPI (14803 TOAs)...
  [J0636+5128] white noise for Rcvr_800_GUPPI (17419 TOAs)...
  [J0645+5158] zeroing residuals...
  [J0645+5158] adding red noise...
  [J0645+5158] white noise for Rcvr1_2_GUPPI (5721 TOAs)...
  [J0645+5158] white noise for Rcvr_800_GUPPI (4682 TOAs)...
  [J0709+0458] zeroing residuals...
  [J0709+0458] adding red noise...
  [J0709+0458] white noise for S-wide_PUPPI (595 TOAs)...
  [J0709+0458] white noise for L-wide_PUPPI (2435 TOAs)...
  [J0740+6620] zeroing residuals...
  [J0740+6620] adding red noise...
  [J0740+6620] white noise for Rcvr1_2_GUPPI (8265 TOAs)...
  [J0740+6620] white noise for Rcvr_800_GUPPI (5136 TOAs)...
  [J0931-1902] zeroing residuals...
  [J0931-1902] adding red noise...
  [J0931-1902] white noise for Rcvr1_2_GUPPI (2054 TOAs)...
  [J0931-1902] white noise for Rcvr_800_GUPPI (3419 TOAs)...
  [J1012+5307] zeroing residuals...
  [J1012+5307] adding red noise...
  [J1012+5307] white noise for Rcvr1_2_GUPPI (12849 TOAs)...
  [J1012+5307] white noise for Rcvr1_2_GASP (1479 TOAs)...
  [J1012+5307] white noise for Rcvr_800_GASP (1210 TOAs)...
  [J1012+5307] white noise for Rcvr_800_GUPPI (10299 TOAs)...
  [J1012-4235] zeroing residuals...
  [J1012-4235] adding red noise...
  [J1012-4235] white noise for Rcvr1_2_GUPPI (455 TOAs)...
  [J1012-4235] white noise for Rcvr_800_GUPPI (342 TOAs)...
  [J1022+1001] zeroing residuals...
  [J1022+1001] adding red noise...
  [J1022+1001] white noise for 430_PUPPI (232 TOAs)...
  [J1022+1001] white noise for S-wide_PUPPI (1154 TOAs)...
  [J1022+1001] white noise for L-wide_PUPPI (2592 TOAs)...
  [J1024-0719] zeroing residuals...
  [J1024-0719] adding red noise...
  [J1024-0719] white noise for Rcvr1_2_GUPPI (7086 TOAs)...
  [J1024-0719] white noise for Rcvr1_2_GASP (43 TOAs)...
  [J1024-0719] white noise for Rcvr_800_GASP (51 TOAs)...
  [J1024-0719] white noise for Rcvr_800_GUPPI (5455 TOAs)...
  [J1125+7819] zeroing residuals...
  [J1125+7819] adding red noise...
  [J1125+7819] white noise for Rcvr1_2_GUPPI (4016 TOAs)...
  [J1125+7819] white noise for Rcvr_800_GUPPI (4707 TOAs)...
  [J1312+0051] zeroing residuals...
  [J1312+0051] adding red noise...
  [J1312+0051] white noise for S-wide_PUPPI (416 TOAs)...
  [J1312+0051] white noise for L-wide_PUPPI (1289 TOAs)...
  [J1453+1902] zeroing residuals...
  [J1453+1902] adding red noise...
  [J1453+1902] white noise for 430_PUPPI (425 TOAs)...
  [J1453+1902] white noise for S-wide_PUPPI (4 TOAs)...
  [J1453+1902] white noise for L-wide_PUPPI (2122 TOAs)...
  [J1455-3330] zeroing residuals...
  [J1455-3330] adding red noise...
  [J1455-3330] white noise for Rcvr1_2_GUPPI (4932 TOAs)...
  [J1455-3330] white noise for Rcvr1_2_GASP (564 TOAs)...
  [J1455-3330] white noise for Rcvr_800_GASP (479 TOAs)...
  [J1455-3330] white noise for Rcvr_800_GUPPI (4843 TOAs)...
  [J1600-3053] zeroing residuals...
  [J1600-3053] adding red noise...
  [J1600-3053] white noise for Rcvr_800_GUPPI (8796 TOAs)...
  [J1600-3053] white noise for Rcvr_800_GASP (297 TOAs)...
  [J1600-3053] white noise for 3GHz_YUPPI (3237 TOAs)...
  [J1600-3053] white noise for Rcvr1_2_GUPPI (10168 TOAs)...
  [J1600-3053] white noise for Rcvr1_2_GASP (457 TOAs)...
  [J1614-2230] zeroing residuals...
  [J1614-2230] adding red noise...
  [J1614-2230] white noise for Rcvr1_2_GUPPI (10509 TOAs)...
  [J1614-2230] white noise for Rcvr1_2_GASP (84 TOAs)...
  [J1614-2230] white noise for Rcvr_800_GASP (84 TOAs)...
  [J1614-2230] white noise for Rcvr_800_GUPPI (7768 TOAs)...
  [J1630+3734] zeroing residuals...
  [J1630+3734] adding red noise...
  [J1630+3734] white noise for Rcvr1_2_GUPPI (909 TOAs)...
  [J1630+3734] white noise for Rcvr_800_GUPPI (906 TOAs)...
  [J1640+2224] zeroing residuals...
  [J1640+2224] adding red noise...
  [J1640+2224] white noise for L-wide_PUPPI (9847 TOAs)...
  [J1640+2224] white noise for 430_PUPPI (3157 TOAs)...
  [J1640+2224] white noise for 430_ASP (340 TOAs)...
  [J1640+2224] white noise for L-wide_ASP (722 TOAs)...
  [J1643-1224] zeroing residuals...
  [J1643-1224] adding red noise...
  [J1643-1224] white noise for Rcvr_800_GUPPI (7734 TOAs)...
  [J1643-1224] white noise for Rcvr_800_GASP (559 TOAs)...
  [J1643-1224] white noise for 3GHz_YUPPI (4215 TOAs)...
  [J1643-1224] white noise for Rcvr1_2_GUPPI (8803 TOAs)...
  [J1643-1224] white noise for Rcvr1_2_GASP (833 TOAs)...
  [J1705-1903] zeroing residuals...
  [J1705-1903] adding red noise...
  [J1705-1903] white noise for Rcvr1_2_GUPPI (6350 TOAs)...
  [J1705-1903] white noise for Rcvr_800_GUPPI (3521 TOAs)...
  [J1713+0747] zeroing residuals...
  [J1713+0747] adding red noise...
  [J1713+0747] white noise for L-wide_PUPPI (12743 TOAs)...
  [J1713+0747] white noise for L-wide_ASP (843 TOAs)...
  [J1713+0747] white noise for S-wide_PUPPI (7482 TOAs)...
  [J1713+0747] white noise for 1.5GHz_YUPPI (1461 TOAs)...
  [J1713+0747] white noise for Rcvr_800_GUPPI (8479 TOAs)...
  [J1713+0747] white noise for S-wide_ASP (624 TOAs)...
  [J1713+0747] white noise for Rcvr_800_GASP (1032 TOAs)...
  [J1713+0747] white noise for 3GHz_YUPPI (3282 TOAs)...
  [J1713+0747] white noise for Rcvr1_2_GUPPI (22334 TOAs)...
  [J1713+0747] white noise for Rcvr1_2_GASP (1109 TOAs)...
  [J1719-1438] zeroing residuals...
  [J1719-1438] adding red noise...
  [J1719-1438] white noise for Rcvr1_2_GUPPI (2722 TOAs)...
  [J1719-1438] white noise for Rcvr_800_GUPPI (3634 TOAs)...
  [J1730-2304] zeroing residuals...
  [J1730-2304] adding red noise...
  [J1730-2304] white noise for Rcvr1_2_GUPPI (2367 TOAs)...
  [J1730-2304] white noise for Rcvr_800_GUPPI (2503 TOAs)...
  [J1738+0333] zeroing residuals...
  [J1738+0333] adding red noise...
  [J1738+0333] white noise for S-wide_ASP (134 TOAs)...
  [J1738+0333] white noise for S-wide_PUPPI (1737 TOAs)...
  [J1738+0333] white noise for L-wide_PUPPI (6718 TOAs)...
  [J1738+0333] white noise for L-wide_ASP (201 TOAs)...
  [J1741+1351] zeroing residuals...
  [J1741+1351] adding red noise...
  [J1741+1351] white noise for 430_PUPPI (1159 TOAs)...
  [J1741+1351] white noise for L-wide_PUPPI (4045 TOAs)...
  [J1741+1351] white noise for L-wide_ASP (236 TOAs)...
  [J1741+1351] white noise for S-wide_ASP (115 TOAs)...
  [J1741+1351] white noise for 430_ASP (27 TOAs)...
  [J1744-1134] zeroing residuals...
  [J1744-1134] adding red noise...
  [J1744-1134] white noise for Rcvr1_2_GUPPI (8109 TOAs)...
  [J1744-1134] white noise for Rcvr1_2_GASP (807 TOAs)...
  [J1744-1134] white noise for Rcvr_800_GASP (930 TOAs)...
  [J1744-1134] white noise for Rcvr_800_GUPPI (7899 TOAs)...
  [J1745+1017] zeroing residuals...
  [J1745+1017] adding red noise...
  [J1745+1017] white noise for S-wide_PUPPI (838 TOAs)...
  [J1745+1017] white noise for L-wide_PUPPI (2179 TOAs)...
  [J1747-4036] zeroing residuals...
  [J1747-4036] adding red noise...
  [J1747-4036] white noise for Rcvr1_2_GUPPI (5239 TOAs)...
  [J1747-4036] white noise for Rcvr_800_GUPPI (5816 TOAs)...
  [J1751-2857] zeroing residuals...
  [J1751-2857] adding red noise...
  [J1751-2857] white noise for Rcvr1_2_GUPPI (1786 TOAs)...
  [J1751-2857] white noise for Rcvr_800_GUPPI (239 TOAs)...
  [J1802-2124] zeroing residuals...
  [J1802-2124] adding red noise...
  [J1802-2124] white noise for Rcvr1_2_GUPPI (3231 TOAs)...
  [J1802-2124] white noise for Rcvr_800_GUPPI (3565 TOAs)...
  [J1811-2405] zeroing residuals...
  [J1811-2405] adding red noise...
  [J1811-2405] white noise for Rcvr1_2_GUPPI (2638 TOAs)...
  [J1811-2405] white noise for Rcvr_800_GUPPI (2628 TOAs)...
  [J1832-0836] zeroing residuals...
  [J1832-0836] adding red noise...
  [J1832-0836] white noise for Rcvr1_2_GUPPI (4661 TOAs)...
  [J1832-0836] white noise for Rcvr_800_GUPPI (3078 TOAs)...
  [J1843-1113] zeroing residuals...
  [J1843-1113] adding red noise...
  [J1843-1113] white noise for Rcvr1_2_GUPPI (2394 TOAs)...
  [J1843-1113] white noise for Rcvr_800_GUPPI (2201 TOAs)...
  [J1853+1303] zeroing residuals...
  [J1853+1303] adding red noise...
  [J1853+1303] white noise for L-wide_PUPPI (3362 TOAs)...
  [J1853+1303] white noise for 430_PUPPI (1151 TOAs)...
  [J1853+1303] white noise for 430_ASP (24 TOAs)...
  [J1853+1303] white noise for L-wide_ASP (33 TOAs)...
  [J1903+0327] zeroing residuals...
  [J1903+0327] adding red noise...
  [J1903+0327] white noise for L-wide_PUPPI (3845 TOAs)...
  [J1903+0327] white noise for S-wide_PUPPI (2282 TOAs)...
  [J1903+0327] white noise for L-wide_ASP (139 TOAs)...
  [J1903+0327] white noise for S-wide_ASP (151 TOAs)...
  [J1903+0327] white noise for 3GHz_YUPPI (439 TOAs)...
  [J1909-3744] zeroing residuals...
  [J1909-3744] adding red noise...
  [J1909-3744] white noise for Rcvr_800_GUPPI (9399 TOAs)...
  [J1909-3744] white noise for Rcvr_800_GASP (866 TOAs)...
  [J1909-3744] white noise for 3GHz_YUPPI (3525 TOAs)...
  [J1909-3744] white noise for Rcvr1_2_GUPPI (20439 TOAs)...
  [J1909-3744] white noise for Rcvr1_2_GASP (808 TOAs)...
  [J1910+1256] zeroing residuals...
  [J1910+1256] adding red noise...
  [J1910+1256] white noise for S-wide_ASP (208 TOAs)...
  [J1910+1256] white noise for S-wide_PUPPI (1857 TOAs)...
  [J1910+1256] white noise for L-wide_PUPPI (4124 TOAs)...
  [J1910+1256] white noise for L-wide_ASP (297 TOAs)...
  [J1911+1347] zeroing residuals...
  [J1911+1347] adding red noise...
  [J1911+1347] white noise for 430_PUPPI (753 TOAs)...
  [J1911+1347] white noise for L-wide_PUPPI (3033 TOAs)...
  [J1918-0642] zeroing residuals...
  [J1918-0642] adding red noise...
  [J1918-0642] white noise for Rcvr1_2_GUPPI (8910 TOAs)...
  [J1918-0642] white noise for Rcvr1_2_GASP (778 TOAs)...
  [J1918-0642] white noise for Rcvr_800_GASP (835 TOAs)...
  [J1918-0642] white noise for Rcvr_800_GUPPI (8352 TOAs)...
  [J1923+2515] zeroing residuals...
  [J1923+2515] adding red noise...
  [J1923+2515] white noise for L-wide_PUPPI (3028 TOAs)...
  [J1923+2515] white noise for 430_PUPPI (922 TOAs)...
  [J1923+2515] white noise for 430_ASP (10 TOAs)...
  [J1923+2515] white noise for L-wide_ASP (14 TOAs)...
  [J1944+0907] zeroing residuals...
  [J1944+0907] adding red noise...
  [J1944+0907] white noise for 430_PUPPI (1017 TOAs)...
  [J1944+0907] white noise for L-wide_PUPPI (3900 TOAs)...
  [J1944+0907] white noise for L-wide_ASP (257 TOAs)...
  [J1944+0907] white noise for S-wide_ASP (116 TOAs)...
  [J1944+0907] white noise for 430_ASP (38 TOAs)...
  [J1946+3417] zeroing residuals...
  [J1946+3417] adding red noise...
  [J1946+3417] white noise for S-wide_PUPPI (1546 TOAs)...
  [J1946+3417] white noise for L-wide_PUPPI (3197 TOAs)...
  [J2010-1323] zeroing residuals...
  [J2010-1323] adding red noise...
  [J2010-1323] white noise for Rcvr1_2_GUPPI (7779 TOAs)...
  [J2010-1323] white noise for Rcvr1_2_GASP (70 TOAs)...
  [J2010-1323] white noise for Rcvr_800_GASP (70 TOAs)...
  [J2010-1323] white noise for Rcvr_800_GUPPI (9158 TOAs)...
  [J2017+0603] zeroing residuals...
  [J2017+0603] adding red noise...
  [J2017+0603] white noise for 430_PUPPI (78 TOAs)...
  [J2017+0603] white noise for S-wide_PUPPI (849 TOAs)...
  [J2017+0603] white noise for L-wide_PUPPI (2569 TOAs)...
  [J2017+0603] white noise for L-wide_ASP (16 TOAs)...
  [J2033+1734] zeroing residuals...
  [J2033+1734] adding red noise...
  [J2033+1734] white noise for 430_PUPPI (797 TOAs)...
  [J2033+1734] white noise for L-wide_PUPPI (3050 TOAs)...
  [J2043+1711] zeroing residuals...
  [J2043+1711] adding red noise...
  [J2043+1711] white noise for L-wide_PUPPI (4419 TOAs)...
  [J2043+1711] white noise for 430_PUPPI (2908 TOAs)...
  [J2043+1711] white noise for 430_ASP (30 TOAs)...
  [J2043+1711] white noise for L-wide_ASP (40 TOAs)...
  [J2124-3358] zeroing residuals...
  [J2124-3358] adding red noise...
  [J2124-3358] white noise for Rcvr1_2_GUPPI (2957 TOAs)...
  [J2124-3358] white noise for Rcvr_800_GUPPI (2025 TOAs)...
  [J2145-0750] zeroing residuals...
  [J2145-0750] adding red noise...
  [J2145-0750] white noise for Rcvr1_2_GUPPI (9158 TOAs)...
  [J2145-0750] white noise for Rcvr1_2_GASP (427 TOAs)...
  [J2145-0750] white noise for Rcvr_800_GASP (362 TOAs)...
  [J2145-0750] white noise for Rcvr_800_GUPPI (8728 TOAs)...
  [J2214+3000] zeroing residuals...
  [J2214+3000] adding red noise...
  [J2214+3000] white noise for S-wide_PUPPI (1568 TOAs)...
  [J2214+3000] white noise for L-wide_PUPPI (5829 TOAs)...
  [J2214+3000] white noise for L-wide_ASP (9 TOAs)...
  [J2229+2643] zeroing residuals...
  [J2229+2643] adding red noise...
  [J2229+2643] white noise for 430_PUPPI (956 TOAs)...
  [J2229+2643] white noise for L-wide_PUPPI (2755 TOAs)...
  [J2234+0611] zeroing residuals...
  [J2234+0611] adding red noise...
  [J2234+0611] white noise for 430_PUPPI (653 TOAs)...
  [J2234+0611] white noise for L-wide_PUPPI (2913 TOAs)...
  [J2234+0944] zeroing residuals...
  [J2234+0944] adding red noise...
  [J2234+0944] white noise for S-wide_PUPPI (2532 TOAs)...
  [J2234+0944] white noise for L-wide_PUPPI (5003 TOAs)...
  [J2302+4442] zeroing residuals...
  [J2302+4442] adding red noise...
  [J2302+4442] white noise for Rcvr1_2_GUPPI (3779 TOAs)...
  [J2302+4442] white noise for Rcvr_800_GUPPI (6432 TOAs)...
  [J2317+1439] zeroing residuals...
  [J2317+1439] adding red noise...
  [J2317+1439] white noise for 430_PUPPI (3217 TOAs)...
  [J2317+1439] white noise for 327_PUPPI (276 TOAs)...
  [J2317+1439] white noise for L-wide_PUPPI (9563 TOAs)...
  [J2317+1439] white noise for 327_ASP (413 TOAs)...
  [J2317+1439] white noise for 430_ASP (458 TOAs)...
  [J2322+2057] zeroing residuals...
  [J2322+2057] adding red noise...
  [J2322+2057] white noise for 430_PUPPI (752 TOAs)...
  [J2322+2057] white noise for S-wide_PUPPI (140 TOAs)...
  [J2322+2057] white noise for L-wide_PUPPI (2196 TOAs)...
Resetting pulsars to clean stoas...
Restore: 0.00 s
Inject: 0.00 s
Snapshotting into enterprise Pulsar objects...
Building PTA...
PTA build: 482.47 s
Computing optimal statistic...
OS time: 42.66 s
Total: 525.13 s
Noise-only SNR baseline: 1.0037

Generating SNR-consistent population...
Target SNR: 4.0
Resetting pulsars to clean stoas...
Restore: 0.00 s
Injecting population...
  B1855+09: RMS = 1950.212 ns
  B1937+21: RMS = 1397.550 ns
  B1953+29: RMS = 642.732 ns
  J0023+0923: RMS = 914.957 ns
  J0030+0451: RMS = 433.816 ns
  J0340+4130: RMS = 348.504 ns
  J0406+3039: RMS = 604.486 ns
  J0437-4715: RMS = 618.858 ns
  J0509+0856: RMS = 393.505 ns
  J0557+1551: RMS = 3029.092 ns
  J0605+3757: RMS = 1489.409 ns
  J0610-2100: RMS = 215.641 ns
  J0613-0200: RMS = 2822.641 ns
  J0636+5128: RMS = 1931.536 ns
  J0645+5158: RMS = 2263.218 ns
  J0709+0458: RMS = 1392.348 ns
  J0740+6620: RMS = 991.356 ns
  J0931-1902: RMS = 681.910 ns
  J1012+5307: RMS = 1383.355 ns
  J1012-4235: RMS = 182.702 ns
  J1022+1001: RMS = 1366.638 ns
  J1024-0719: RMS = 1434.057 ns
  J1125+7819: RMS = 236.454 ns
  J1312+0051: RMS = 1003.288 ns
  J1453+1902: RMS = 921.556 ns
  J1455-3330: RMS = 1420.720 ns
  J1600-3053: RMS = 1748.163 ns
  J1614-2230: RMS = 868.547 ns
  J1630+3734: RMS = 516.873 ns
  J1640+2224: RMS = 1545.030 ns
  J1643-1224: RMS = 2836.973 ns
  J1705-1903: RMS = 249.410 ns
  J1713+0747: RMS = 1024.098 ns
  J1719-1438: RMS = 450.565 ns
  J1730-2304: RMS = 452.159 ns
  J1738+0333: RMS = 1339.353 ns
  J1741+1351: RMS = 1522.323 ns
  J1744-1134: RMS = 1941.035 ns
  J1745+1017: RMS = 734.449 ns
  J1747-4036: RMS = 1939.493 ns
  J1751-2857: RMS = 809.482 ns
  J1802-2124: RMS = 638.513 ns
  J1811-2405: RMS = 894.155 ns
  J1832-0836: RMS = 917.472 ns
  J1843-1113: RMS = 632.340 ns
  J1853+1303: RMS = 1314.732 ns
  J1903+0327: RMS = 2093.817 ns
  J1909-3744: RMS = 2565.713 ns
  J1910+1256: RMS = 1991.943 ns
  J1911+1347: RMS = 707.590 ns
  J1918-0642: RMS = 2157.281 ns
  J1923+2515: RMS = 811.913 ns
  J1944+0907: RMS = 1723.323 ns
  J1946+3417: RMS = 450.920 ns
  J2010-1323: RMS = 3089.141 ns
  J2017+0603: RMS = 1633.981 ns
  J2033+1734: RMS = 358.771 ns
  J2043+1711: RMS = 2257.231 ns
  J2124-3358: RMS = 619.959 ns
  J2145-0750: RMS = 2557.530 ns
  J2214+3000: RMS = 701.579 ns
  J2229+2643: RMS = 417.504 ns
  J2234+0611: RMS = 820.763 ns
  J2234+0944: RMS = 587.054 ns
  J2302+4442: RMS = 350.346 ns
  J2317+1439: RMS = 1415.552 ns
  J2322+2057: RMS = 213.561 ns
Inject: 163.76 s
Snapshotting into enterprise Pulsar objects...
Building PTA...
PTA build: 452.11 s
Computing optimal statistic...
OS time: 42.96 s
Total: 658.84 s
Initial SNR: 24.3281, Target SNR: 4.0000
  Initial SNR 24.3281 outside of provided SNR_range [3.5, 4.25] — rescaling.
Scaling distances by factor 2.7901 to achieve target SNR...
Resetting pulsars to clean stoas...
Restore: 0.00 s
Injecting population...
  B1855+09: RMS = 698.982 ns
  B1937+21: RMS = 500.901 ns
  B1953+29: RMS = 230.364 ns
  J0023+0923: RMS = 327.933 ns
  J0030+0451: RMS = 155.485 ns
  J0340+4130: RMS = 124.908 ns
  J0406+3039: RMS = 216.656 ns
  J0437-4715: RMS = 221.807 ns
  J0509+0856: RMS = 141.038 ns
  J0557+1551: RMS = 1085.668 ns
  J0605+3757: RMS = 533.824 ns
  J0610-2100: RMS = 77.289 ns
  J0613-0200: RMS = 1011.673 ns
  J0636+5128: RMS = 692.289 ns
  J0645+5158: RMS = 811.168 ns
  J0709+0458: RMS = 499.037 ns
  J0740+6620: RMS = 355.316 ns
  J0931-1902: RMS = 244.406 ns
  J1012+5307: RMS = 495.813 ns
  J1012-4235: RMS = 65.483 ns
  J1022+1001: RMS = 489.822 ns
  J1024-0719: RMS = 513.985 ns
  J1125+7819: RMS = 84.748 ns
  J1312+0051: RMS = 359.592 ns
  J1453+1902: RMS = 330.298 ns
  J1455-3330: RMS = 509.205 ns
  J1600-3053: RMS = 626.565 ns
  J1614-2230: RMS = 311.299 ns
  J1630+3734: RMS = 185.254 ns
  J1640+2224: RMS = 553.760 ns
  J1643-1224: RMS = 1016.810 ns
  J1705-1903: RMS = 89.392 ns
  J1713+0747: RMS = 367.051 ns
  J1719-1438: RMS = 161.489 ns
  J1730-2304: RMS = 162.060 ns
  J1738+0333: RMS = 480.042 ns
  J1741+1351: RMS = 545.621 ns
  J1744-1134: RMS = 695.693 ns
  J1745+1017: RMS = 263.237 ns
  J1747-4036: RMS = 695.141 ns
  J1751-2857: RMS = 290.129 ns
  J1802-2124: RMS = 228.852 ns
  J1811-2405: RMS = 320.477 ns
  J1832-0836: RMS = 328.835 ns
  J1843-1113: RMS = 226.639 ns
  J1853+1303: RMS = 471.218 ns
  J1903+0327: RMS = 750.452 ns
  J1909-3744: RMS = 919.586 ns
  J1910+1256: RMS = 713.940 ns
  J1911+1347: RMS = 253.610 ns
  J1918-0642: RMS = 773.199 ns
  J1923+2515: RMS = 291.001 ns
  J1944+0907: RMS = 617.662 ns
  J1946+3417: RMS = 161.616 ns
  J2010-1323: RMS = 1107.190 ns
  J2017+0603: RMS = 585.641 ns
  J2033+1734: RMS = 128.588 ns
  J2043+1711: RMS = 809.022 ns
  J2124-3358: RMS = 222.202 ns
  J2145-0750: RMS = 916.653 ns
  J2214+3000: RMS = 251.456 ns
  J2229+2643: RMS = 149.639 ns
  J2234+0611: RMS = 294.173 ns
  J2234+0944: RMS = 210.408 ns
  J2302+4442: RMS = 125.569 ns
  J2317+1439: RMS = 507.353 ns
  J2322+2057: RMS = 76.543 ns
Inject: 183.40 s
Snapshotting into enterprise Pulsar objects...
Building PTA...
PTA build: 439.02 s
Computing optimal statistic...
OS time: 43.04 s
Total: 665.46 s
  SNR 5.3895 outside of provided SNR_range [3.5, 4.25] — rescaling.
[Iteration 1/4] SNR after scaling: 5.3895 (target: 4.0000)
  SNR history: it0→24.3281@1.0000x, it1→5.3895@2.7901x
  Re-scaling distances by factor 1.2636  (cumulative after: 3.5254×)
Resetting pulsars to clean stoas...
Restore: 0.00 s
Injecting population...
  B1855+09: RMS = 553.189 ns
  B1937+21: RMS = 396.423 ns
  B1953+29: RMS = 182.315 ns
  J0023+0923: RMS = 259.533 ns
  J0030+0451: RMS = 123.054 ns
  J0340+4130: RMS = 98.855 ns
  J0406+3039: RMS = 171.466 ns
  J0437-4715: RMS = 175.543 ns
  J0509+0856: RMS = 111.620 ns
  J0557+1551: RMS = 859.219 ns
  J0605+3757: RMS = 422.479 ns
  J0610-2100: RMS = 61.168 ns
  J0613-0200: RMS = 800.658 ns
  J0636+5128: RMS = 547.891 ns
  J0645+5158: RMS = 641.975 ns
  J0709+0458: RMS = 394.948 ns
  J0740+6620: RMS = 281.204 ns
  J0931-1902: RMS = 193.428 ns
  J1012+5307: RMS = 392.397 ns
  J1012-4235: RMS = 51.825 ns
  J1022+1001: RMS = 387.655 ns
  J1024-0719: RMS = 406.778 ns
  J1125+7819: RMS = 67.071 ns
  J1312+0051: RMS = 284.588 ns
  J1453+1902: RMS = 261.405 ns
  J1455-3330: RMS = 402.995 ns
  J1600-3053: RMS = 495.877 ns
  J1614-2230: RMS = 246.368 ns
  J1630+3734: RMS = 146.614 ns
  J1640+2224: RMS = 438.257 ns
  J1643-1224: RMS = 804.724 ns
  J1705-1903: RMS = 70.746 ns
  J1713+0747: RMS = 290.491 ns
  J1719-1438: RMS = 127.805 ns
  J1730-2304: RMS = 128.257 ns
  J1738+0333: RMS = 379.915 ns
  J1741+1351: RMS = 431.816 ns
  J1744-1134: RMS = 550.586 ns
  J1745+1017: RMS = 208.331 ns
  J1747-4036: RMS = 550.148 ns
  J1751-2857: RMS = 229.614 ns
  J1802-2124: RMS = 181.118 ns
  J1811-2405: RMS = 253.632 ns
  J1832-0836: RMS = 260.246 ns
  J1843-1113: RMS = 179.367 ns
  J1853+1303: RMS = 372.931 ns
  J1903+0327: RMS = 593.923 ns
  J1909-3744: RMS = 727.779 ns
  J1910+1256: RMS = 565.026 ns
  J1911+1347: RMS = 200.712 ns
  J1918-0642: RMS = 611.925 ns
  J1923+2515: RMS = 230.304 ns
  J1944+0907: RMS = 488.830 ns
  J1946+3417: RMS = 127.906 ns
  J2010-1323: RMS = 876.253 ns
  J2017+0603: RMS = 463.488 ns
  J2033+1734: RMS = 101.767 ns
  J2043+1711: RMS = 640.277 ns
  J2124-3358: RMS = 175.855 ns
  J2145-0750: RMS = 725.458 ns
  J2214+3000: RMS = 199.007 ns
  J2229+2643: RMS = 118.427 ns
  J2234+0611: RMS = 232.814 ns
  J2234+0944: RMS = 166.521 ns
  J2302+4442: RMS = 99.378 ns
  J2317+1439: RMS = 401.530 ns
  J2322+2057: RMS = 60.578 ns
Inject: 152.95 s
Snapshotting into enterprise Pulsar objects...
Building PTA...
PTA build: 431.39 s
Computing optimal statistic...
OS time: 57.51 s
Total: 641.85 s
  ✓ SNR is within the provided SNR_range: 4.1078 ∈ [3.5, 4.25]

Final SNR history:
  it 0: cumulative_scale=1.0000×  SNR=24.3281
  it 1: cumulative_scale=2.7901×  SNR=5.3895
  it 2: cumulative_scale=3.5254×  SNR=4.1078
✓ Simulation 1 done (2001.5 s)

======================================================================
ENSEMBLE SUMMARY
======================================================================
Success rate: 100.0% (1/1)

Binaries per population:
  Mean ± std : 10000000 ± 0
  Range      : [10000000, 10000000]

SNR achieved:
  Mean ± std : 4.1078 ± 0.0000
  Range      : [4.1078, 4.1078]

Total time: 2565.4 s (42.8 min)
======================================================================

💾 Saved: data/2026-04-29/pessimistic_run_62/consistent_population_pessimistic_targetSNR4.25_sims1.json
💾 Saved compressed pickle: data/2026-04-29/pessimistic_run_62/consistent_population_pessimistic_targetSNR4.25_sims1.pkl.gz

======================================================================
CONTINUOUS WAVE SNR ANALYSIS
======================================================================

--- Population 1 ---
Precomputation of phiinvs, TNTs, Ts, Nvecs, Sigmas took 0.03 seconds.
Total SNR computation for population took 289.50 seconds.
Top 50 CGW candidates:
   1. proxy_rank= 175  sky_w=1.62  f=8.84e-09 Hz  Mc=5.74e+09 Msun  h0=5.21e-16  SNR=1.215
   2. proxy_rank= 195  sky_w=0.75  f=7.34e-09 Hz  Mc=2.43e+09 Msun  h0=8.99e-16  SNR=0.928
   3. proxy_rank=   8  sky_w=1.20  f=3.98e-09 Hz  Mc=3.18e+09 Msun  h0=7.84e-16  SNR=0.877
   4. proxy_rank= 965  sky_w=1.51  f=1.11e-08 Hz  Mc=4.43e+09 Msun  h0=3.93e-16  SNR=0.826
   5. proxy_rank=  21  sky_w=1.38  f=4.60e-09 Hz  Mc=1.15e+09 Msun  h0=6.03e-16  SNR=0.780
   6. proxy_rank=   6  sky_w=1.30  f=4.99e-09 Hz  Mc=4.12e+09 Msun  h0=1.08e-15  SNR=0.746
   7. proxy_rank= 584  sky_w=0.57  f=7.59e-09 Hz  Mc=3.27e+09 Msun  h0=8.37e-16  SNR=0.685
   8. proxy_rank= 122  sky_w=1.42  f=5.98e-09 Hz  Mc=5.46e+09 Msun  h0=4.54e-16  SNR=0.680
   9. proxy_rank= 120  sky_w=0.95  f=5.48e-09 Hz  Mc=1.41e+09 Msun  h0=6.26e-16  SNR=0.677
  10. proxy_rank= 289  sky_w=0.98  f=6.64e-09 Hz  Mc=4.13e+09 Msun  h0=5.47e-16  SNR=0.646
  11. proxy_rank= 842  sky_w=1.32  f=9.01e-09 Hz  Mc=4.65e+09 Msun  h0=3.82e-16  SNR=0.633
  12. proxy_rank=   2  sky_w=1.16  f=2.40e-09 Hz  Mc=4.10e+09 Msun  h0=1.16e-15  SNR=0.628
  13. proxy_rank= 254  sky_w=0.75  f=6.98e-09 Hz  Mc=5.53e+09 Msun  h0=7.83e-16  SNR=0.599
  14. proxy_rank=  27  sky_w=1.53  f=4.08e-09 Hz  Mc=2.72e+09 Msun  h0=4.52e-16  SNR=0.555
  15. proxy_rank= 417  sky_w=0.79  f=6.20e-09 Hz  Mc=1.73e+09 Msun  h0=5.62e-16  SNR=0.551
  16. proxy_rank= 922  sky_w=1.56  f=1.46e-08 Hz  Mc=3.09e+09 Msun  h0=5.10e-16  SNR=0.518
  17. proxy_rank= 166  sky_w=1.41  f=4.93e-09 Hz  Mc=2.89e+09 Msun  h0=3.40e-16  SNR=0.509
  18. proxy_rank= 215  sky_w=1.30  f=5.19e-09 Hz  Mc=5.50e+09 Msun  h0=3.59e-16  SNR=0.508
  19. proxy_rank= 605  sky_w=1.13  f=7.40e-09 Hz  Mc=2.77e+09 Msun  h0=4.10e-16  SNR=0.469
  20. proxy_rank=  19  sky_w=1.49  f=3.66e-09 Hz  Mc=2.96e+09 Msun  h0=4.61e-16  SNR=0.452
  21. proxy_rank=   1  sky_w=1.40  f=2.09e-09 Hz  Mc=2.26e+09 Msun  h0=1.40e-15  SNR=0.434
  22. proxy_rank= 378  sky_w=1.57  f=9.48e-09 Hz  Mc=2.69e+09 Msun  h0=4.48e-16  SNR=0.430
  23. proxy_rank= 110  sky_w=0.80  f=4.94e-09 Hz  Mc=2.99e+09 Msun  h0=6.91e-16  SNR=0.418
  24. proxy_rank=  72  sky_w=1.18  f=4.47e-09 Hz  Mc=4.87e+09 Msun  h0=4.76e-16  SNR=0.412
  25. proxy_rank=  16  sky_w=1.09  f=3.84e-09 Hz  Mc=6.12e+09 Msun  h0=6.87e-16  SNR=0.411
  26. proxy_rank= 165  sky_w=1.42  f=5.35e-09 Hz  Mc=3.90e+09 Msun  h0=3.66e-16  SNR=0.405
  27. proxy_rank= 256  sky_w=1.08  f=5.01e-09 Hz  Mc=6.09e+09 Msun  h0=3.90e-16  SNR=0.402
  28. proxy_rank= 766  sky_w=1.29  f=6.07e-09 Hz  Mc=4.49e+09 Msun  h0=2.72e-16  SNR=0.395
  29. proxy_rank=  44  sky_w=1.47  f=3.53e-09 Hz  Mc=6.09e+09 Msun  h0=3.49e-16  SNR=0.391
  30. proxy_rank= 225  sky_w=1.44  f=7.73e-09 Hz  Mc=5.55e+09 Msun  h0=4.73e-16  SNR=0.383
  31. proxy_rank= 474  sky_w=1.48  f=5.73e-09 Hz  Mc=3.34e+09 Msun  h0=2.64e-16  SNR=0.383
  32. proxy_rank= 534  sky_w=1.44  f=5.73e-09 Hz  Mc=2.83e+09 Msun  h0=2.61e-16  SNR=0.382
  33. proxy_rank= 400  sky_w=0.99  f=5.15e-09 Hz  Mc=5.69e+09 Msun  h0=3.77e-16  SNR=0.377
  34. proxy_rank= 391  sky_w=0.80  f=5.36e-09 Hz  Mc=1.90e+09 Msun  h0=4.91e-16  SNR=0.376
  35. proxy_rank= 692  sky_w=1.20  f=6.49e-09 Hz  Mc=4.50e+09 Msun  h0=3.25e-16  SNR=0.370
  36. proxy_rank= 641  sky_w=1.34  f=5.49e-09 Hz  Mc=3.80e+09 Msun  h0=2.53e-16  SNR=0.361
  37. proxy_rank= 677  sky_w=1.17  f=6.99e-09 Hz  Mc=4.29e+09 Msun  h0=3.63e-16  SNR=0.355
  38. proxy_rank=  33  sky_w=1.51  f=3.74e-09 Hz  Mc=6.20e+09 Msun  h0=3.83e-16  SNR=0.353
  39. proxy_rank=  49  sky_w=1.52  f=3.51e-09 Hz  Mc=6.18e+09 Msun  h0=3.19e-16  SNR=0.348
  40. proxy_rank=  14  sky_w=1.55  f=3.45e-09 Hz  Mc=4.98e+09 Msun  h0=4.41e-16  SNR=0.342
  41. proxy_rank= 933  sky_w=1.61  f=5.63e-09 Hz  Mc=3.20e+09 Msun  h0=1.89e-16  SNR=0.339
  42. proxy_rank= 482  sky_w=1.56  f=5.19e-09 Hz  Mc=4.14e+09 Msun  h0=2.25e-16  SNR=0.326
  43. proxy_rank= 109  sky_w=1.56  f=3.89e-09 Hz  Mc=4.27e+09 Msun  h0=2.81e-16  SNR=0.320
  44. proxy_rank= 310  sky_w=1.44  f=4.43e-09 Hz  Mc=2.67e+09 Msun  h0=2.45e-16  SNR=0.310
  45. proxy_rank= 502  sky_w=1.41  f=5.33e-09 Hz  Mc=4.38e+09 Msun  h0=2.53e-16  SNR=0.306
  46. proxy_rank=  85  sky_w=1.58  f=3.53e-09 Hz  Mc=5.42e+09 Msun  h0=2.69e-16  SNR=0.301
  47. proxy_rank=  15  sky_w=1.07  f=2.71e-09 Hz  Mc=4.07e+09 Msun  h0=5.02e-16  SNR=0.299
  48. proxy_rank= 675  sky_w=1.30  f=4.80e-09 Hz  Mc=4.06e+09 Msun  h0=2.23e-16  SNR=0.296
  49. proxy_rank=  24  sky_w=1.55  f=3.58e-09 Hz  Mc=3.83e+09 Msun  h0=4.12e-16  SNR=0.291
  50. proxy_rank= 845  sky_w=1.14  f=6.93e-09 Hz  Mc=3.31e+09 Msun  h0=3.40e-16  SNR=0.286
💾 Saved: data/2026-04-29/pessimistic_run_62/consistent_population_pessimistic_targetSNR4.25_sims1.json
💾 Saved compressed pickle: data/2026-04-29/pessimistic_run_62/consistent_population_pessimistic_targetSNR4.25_sims1.pkl.gz
Saved to figures/cgw_analysis_pessimistic.pdf

======================================================================
ANALYSIS COMPLETE
Results saved to: data/2026-04-29/pessimistic_run_62
======================================================================

==========================================
Job finished at: Wed Apr 29 12:07:13 AEST 2026
Exit code: 0
==========================================

+------------------ Job Report: 11735195 (COMPLETED) ------------------+
| Memory (RAM)  [#################   ] 89.3% (35.7 GB peak / 40 GB)    |
| CPU           [################    ] 84.5% average                   |
| Time          [-------------->     ] 72.7% (0-00:54:30 / 0-01:15:00) |
|                                                                      |
| Lustre Filesystem:                                                   |
|   Path    Total Read    Total Write      Total IOPS                  |
|   ------  ------------  -------------  ------------                  |
|   /apps   8 KB          0 B                    163                   |
|   /fred   283.1 MB      6.6 MB                  77                   |
|   /home   624 KB        0 B                    443                   |
|   OS      0 B           0 B                      2                   |
+----------------------------------------------------------------------+
