==========================================
Job ID: 11738997
Job Name: smbhb_optimistic
Node: gina304
Start Time: Wed Apr 29 13:59:03 AEST 2026
==========================================

/home/bhoulden/.conda/envs/smbhb312/share/tempo2
Working directory: /fred/oz005/users/bhoulden/SMBHB_population_injections

Loaded modules:

Starting SMBHB analysis...
==========================================

📁 Save directory: data/2026-04-29/optimistic_run_182
📝 Run name: optimistic_run_182

[MEM] Start: 243.7 MB

📡 Loading pulsars...
======================================================================
LOADING NANOGRAV PULSARS (libstempo)
======================================================================

📦 Loading from cache: nanograv_pulsars_cache.pkl
⚠ Cache load failed: Ran out of input
[DEBUG] Found 76 .par files
[tempo2Util.C:396] Warning: [MISC1] Unknown parameter in par file:  DMDATA
[tempo2Util.C:401] Warning: [DUP1] duplicated warnings have been suppressed.

WARNING: Using tempo RNAMP parameter: setting TNRedC to 100!
[observatory.C:271] Warning: Assuming site 'arecibo' means 'ao'
✓ Loaded B1855+09 (7758 TOAs)

WARNING: Using tempo RNAMP parameter: setting TNRedC to 100!
✓ Loaded B1937+21 (23023 TOAs)

WARNING: Using tempo RNAMP parameter: setting TNRedC to 100!
✓ Loaded B1937+21ao (7241 TOAs)

WARNING: Using tempo RNAMP parameter: setting TNRedC to 100!
✓ Loaded B1937+21gbt (16048 TOAs)

WARNING: Using tempo RNAMP parameter: setting TNRedC to 100!
✓ Loaded B1953+29 (5126 TOAs)
✓ Loaded J0023+0923 (15896 TOAs)

WARNING: Using tempo RNAMP parameter: setting TNRedC to 100!
✓ Loaded J0030+0451 (19571 TOAs)
✓ Loaded J0340+4130 (11093 TOAs)
✓ Loaded J0406+3039 (2446 TOAs)

WARNING: Using tempo RNAMP parameter: setting TNRedC to 100!
✓ Loaded J0437-4715 (5830 TOAs)
✓ Loaded J0509+0856 (2169 TOAs)
✓ Loaded J0557+1551 (525 TOAs)
✓ Loaded J0605+3757 (554 TOAs)

WARNING: Using tempo RNAMP parameter: setting TNRedC to 100!
✓ Loaded J0610-2100 (4885 TOAs)

WARNING: Using tempo RNAMP parameter: setting TNRedC to 100!
✓ Loaded J0613-0200 (17124 TOAs)
✓ Loaded J0614-3329 (1714 TOAs)
✓ Loaded J0636+5128 (32222 TOAs)
✓ Loaded J0645+5158 (10403 TOAs)
✓ Loaded J0709+0458 (3030 TOAs)
✓ Loaded J0740+6620 (13401 TOAs)
✓ Loaded J0931-1902 (5473 TOAs)

WARNING: Using tempo RNAMP parameter: setting TNRedC to 100!
✓ Loaded J1012+5307 (25837 TOAs)
✓ Loaded J1012-4235 (797 TOAs)
✓ Loaded J1022+1001 (3978 TOAs)
✓ Loaded J1024-0719 (12635 TOAs)
✓ Loaded J1125+7819 (8723 TOAs)
✓ Loaded J1312+0051 (1705 TOAs)
✓ Loaded J1453+1902 (2551 TOAs)
✓ Loaded J1455-3330 (10818 TOAs)

WARNING: Using tempo RNAMP parameter: setting TNRedC to 100!
✓ Loaded J1600-3053 (22955 TOAs)

WARNING: Using tempo RNAMP parameter: setting TNRedC to 100!
✓ Loaded J1600-3053gbt (19725 TOAs)

WARNING: Using tempo RNAMP parameter: setting TNRedC to 100!
✓ Loaded J1614-2230 (18445 TOAs)
✓ Loaded J1630+3734 (1815 TOAs)
✓ Loaded J1640+2224 (14066 TOAs)

WARNING: Using tempo RNAMP parameter: setting TNRedC to 100!
✓ Loaded J1643-1224 (22144 TOAs)

WARNING: Using tempo RNAMP parameter: setting TNRedC to 100!
✓ Loaded J1643-1224gbt (17932 TOAs)

WARNING: Using tempo RNAMP parameter: setting TNRedC to 100!
✓ Loaded J1705-1903 (9871 TOAs)

WARNING: Using tempo RNAMP parameter: setting TNRedC to 100!
✓ Loaded J1713+0747 (59389 TOAs)

WARNING: Using tempo RNAMP parameter: setting TNRedC to 100!
✓ Loaded J1713+0747ao (21362 TOAs)

WARNING: Using tempo RNAMP parameter: setting TNRedC to 100!
✓ Loaded J1713+0747gbt (32963 TOAs)
✓ Loaded J1719-1438 (6356 TOAs)
✓ Loaded J1730-2304 (4870 TOAs)
✓ Loaded J1738+0333 (8790 TOAs)
✓ Loaded J1741+1351 (5582 TOAs)

WARNING: Using tempo RNAMP parameter: setting TNRedC to 100!
✓ Loaded J1744-1134 (17745 TOAs)

WARNING: Using tempo RNAMP parameter: setting TNRedC to 100!
✓ Loaded J1745+1017 (3017 TOAs)

WARNING: Using tempo RNAMP parameter: setting TNRedC to 100!
✓ Loaded J1747-4036 (11055 TOAs)
✓ Loaded J1751-2857 (2025 TOAs)

WARNING: Using tempo RNAMP parameter: setting TNRedC to 100!
✓ Loaded J1802-2124 (6796 TOAs)
✓ Loaded J1811-2405 (5266 TOAs)
✓ Loaded J1832-0836 (7739 TOAs)
✓ Loaded J1843-1113 (4595 TOAs)

WARNING: Using tempo RNAMP parameter: setting TNRedC to 100!
✓ Loaded J1853+1303 (4570 TOAs)

WARNING: Using tempo RNAMP parameter: setting TNRedC to 100!
✓ Loaded J1903+0327 (6856 TOAs)

WARNING: Using tempo RNAMP parameter: setting TNRedC to 100!
✓ Loaded J1903+0327ao (6423 TOAs)

WARNING: Using tempo RNAMP parameter: setting TNRedC to 100!
✓ Loaded J1909-3744 (35037 TOAs)

WARNING: Using tempo RNAMP parameter: setting TNRedC to 100!
✓ Loaded J1909-3744gbt (31526 TOAs)
✓ Loaded J1910+1256 (6486 TOAs)
✓ Loaded J1911+1347 (3786 TOAs)
✓ Loaded J1918-0642 (18875 TOAs)
✓ Loaded J1923+2515 (3974 TOAs)
✓ Loaded J1944+0907 (5328 TOAs)

WARNING: Using tempo RNAMP parameter: setting TNRedC to 100!
✓ Loaded J1946+3417 (4743 TOAs)
✓ Loaded J2010-1323 (17077 TOAs)
✓ Loaded J2017+0603 (3512 TOAs)
✓ Loaded J2033+1734 (3847 TOAs)
✓ Loaded J2043+1711 (7397 TOAs)
✓ Loaded J2124-3358 (4982 TOAs)

WARNING: Using tempo RNAMP parameter: setting TNRedC to 100!
✓ Loaded J2145-0750 (18675 TOAs)
✓ Loaded J2214+3000 (7406 TOAs)
✓ Loaded J2229+2643 (3711 TOAs)

WARNING: Using tempo RNAMP parameter: setting TNRedC to 100!
✓ Loaded J2234+0611 (3566 TOAs)
✓ Loaded J2234+0944 (7535 TOAs)
✓ Loaded J2302+4442 (10211 TOAs)
✓ Loaded J2317+1439 (13927 TOAs)
✓ Loaded J2322+2057 (3088 TOAs)
⚠ Could not save cache: no default __reduce__ due to non-trivial __cinit__

✓ Loaded 76 pulsars
✗ Failed: 0 — []
[MEM] After loading pulsars: 8869.8 MB

🔍 Filtering pulsars...

Filtered: 76 → 67 pulsars
[MEM] After filtering pulsars: 8870.8 MB
[MEM] After garbage collection: 8870.8 MB

======================================================================
SMBHB POPULATION ANALYSIS
======================================================================

Configuration: optimistic
  Larger mass, higher spread in distance, small population
  N_binaries: 500

======================================================================
CONSISTENT POPULATION SYNTHESIS
======================================================================

======================================================================
GENERATING SNR-CONSISTENT POPULATIONS
======================================================================
Target SNR:          4.0
Simulations:         1
======================================================================


──────────────────────────────────────────────────────────────────────
SIMULATION 1/1
──────────────────────────────────────────────────────────────────────
  [B1855+09] zeroing residuals...
  [B1855+09] adding red noise...
  [B1855+09] white noise for L-wide_ASP (1178 TOAs)...
  [B1855+09] white noise for L-wide_PUPPI (5005 TOAs)...
  [B1855+09] white noise for 430_PUPPI (1185 TOAs)...
  [B1855+09] white noise for 430_ASP (390 TOAs)...
  [B1937+21] zeroing residuals...
  [B1937+21] adding red noise...
  [B1937+21] white noise for L-wide_PUPPI (4133 TOAs)...
  [B1937+21] white noise for Rcvr_800_GUPPI (7140 TOAs)...
  [B1937+21] white noise for L-wide_ASP (452 TOAs)...
  [B1937+21] white noise for Rcvr_800_GASP (586 TOAs)...
  [B1937+21] white noise for S-wide_ASP (344 TOAs)...
  [B1937+21] white noise for Rcvr1_2_GUPPI (7048 TOAs)...
  [B1937+21] white noise for S-wide_PUPPI (2251 TOAs)...
  [B1937+21] white noise for Rcvr1_2_GASP (1069 TOAs)...
  [B1953+29] zeroing residuals...
  [B1953+29] adding red noise...
  [B1953+29] white noise for L-wide_PUPPI (4037 TOAs)...
  [B1953+29] white noise for L-wide_ASP (94 TOAs)...
  [B1953+29] white noise for S-wide_ASP (25 TOAs)...
  [B1953+29] white noise for 430_PUPPI (941 TOAs)...
  [B1953+29] white noise for 430_ASP (29 TOAs)...
  [J0023+0923] zeroing residuals...
  [J0023+0923] adding red noise...
  [J0023+0923] white noise for L-wide_ASP (119 TOAs)...
  [J0023+0923] white noise for L-wide_PUPPI (11123 TOAs)...
  [J0023+0923] white noise for 430_PUPPI (4564 TOAs)...
  [J0023+0923] white noise for 430_ASP (90 TOAs)...
  [J0030+0451] zeroing residuals...
  [J0030+0451] adding red noise...
  [J0030+0451] white noise for L-wide_PUPPI (12774 TOAs)...
  [J0030+0451] white noise for L-wide_ASP (789 TOAs)...
  [J0030+0451] white noise for S-wide_PUPPI (2673 TOAs)...
  [J0030+0451] white noise for 430_PUPPI (3068 TOAs)...
  [J0030+0451] white noise for 430_ASP (267 TOAs)...
  [J0340+4130] zeroing residuals...
  [J0340+4130] adding red noise...
  [J0340+4130] white noise for Rcvr_800_GUPPI (6056 TOAs)...
  [J0340+4130] white noise for Rcvr1_2_GUPPI (5037 TOAs)...
  [J0406+3039] zeroing residuals...
  [J0406+3039] adding red noise...
  [J0406+3039] white noise for S-wide_PUPPI (575 TOAs)...
  [J0406+3039] white noise for L-wide_PUPPI (1871 TOAs)...
  [J0437-4715] zeroing residuals...
  [J0437-4715] adding red noise...
  [J0437-4715] white noise for 3GHz_YUPPI (3696 TOAs)...
  [J0437-4715] white noise for 1.5GHz_YUPPI (2134 TOAs)...
  [J0509+0856] zeroing residuals...
  [J0509+0856] adding red noise...
  [J0509+0856] white noise for S-wide_PUPPI (544 TOAs)...
  [J0509+0856] white noise for L-wide_PUPPI (1625 TOAs)...
  [J0557+1551] zeroing residuals...
  [J0557+1551] adding red noise...
  [J0557+1551] white noise for S-wide_PUPPI (58 TOAs)...
  [J0557+1551] white noise for L-wide_PUPPI (467 TOAs)...
  [J0605+3757] zeroing residuals...
  [J0605+3757] adding red noise...
  [J0605+3757] white noise for Rcvr_800_GUPPI (236 TOAs)...
  [J0605+3757] white noise for Rcvr1_2_GUPPI (318 TOAs)...
  [J0610-2100] zeroing residuals...
  [J0610-2100] adding red noise...
  [J0610-2100] white noise for Rcvr_800_GUPPI (2484 TOAs)...
  [J0610-2100] white noise for Rcvr1_2_GUPPI (2401 TOAs)...
  [J0613-0200] zeroing residuals...
  [J0613-0200] adding red noise...
  [J0613-0200] white noise for Rcvr_800_GUPPI (7900 TOAs)...
  [J0613-0200] white noise for Rcvr_800_GASP (809 TOAs)...
  [J0613-0200] white noise for Rcvr1_2_GUPPI (7423 TOAs)...
  [J0613-0200] white noise for Rcvr1_2_GASP (992 TOAs)...
  [J0636+5128] zeroing residuals...
  [J0636+5128] adding red noise...
  [J0636+5128] white noise for Rcvr_800_GUPPI (17419 TOAs)...
  [J0636+5128] white noise for Rcvr1_2_GUPPI (14803 TOAs)...
  [J0645+5158] zeroing residuals...
  [J0645+5158] adding red noise...
  [J0645+5158] white noise for Rcvr_800_GUPPI (4682 TOAs)...
  [J0645+5158] white noise for Rcvr1_2_GUPPI (5721 TOAs)...
  [J0709+0458] zeroing residuals...
  [J0709+0458] adding red noise...
  [J0709+0458] white noise for S-wide_PUPPI (595 TOAs)...
  [J0709+0458] white noise for L-wide_PUPPI (2435 TOAs)...
  [J0740+6620] zeroing residuals...
  [J0740+6620] adding red noise...
  [J0740+6620] white noise for Rcvr_800_GUPPI (5136 TOAs)...
  [J0740+6620] white noise for Rcvr1_2_GUPPI (8265 TOAs)...
  [J0931-1902] zeroing residuals...
  [J0931-1902] adding red noise...
  [J0931-1902] white noise for Rcvr_800_GUPPI (3419 TOAs)...
  [J0931-1902] white noise for Rcvr1_2_GUPPI (2054 TOAs)...
  [J1012+5307] zeroing residuals...
  [J1012+5307] adding red noise...
  [J1012+5307] white noise for Rcvr_800_GUPPI (10299 TOAs)...
  [J1012+5307] white noise for Rcvr_800_GASP (1210 TOAs)...
  [J1012+5307] white noise for Rcvr1_2_GUPPI (12849 TOAs)...
  [J1012+5307] white noise for Rcvr1_2_GASP (1479 TOAs)...
  [J1012-4235] zeroing residuals...
  [J1012-4235] adding red noise...
  [J1012-4235] white noise for Rcvr_800_GUPPI (342 TOAs)...
  [J1012-4235] white noise for Rcvr1_2_GUPPI (455 TOAs)...
  [J1022+1001] zeroing residuals...
  [J1022+1001] adding red noise...
  [J1022+1001] white noise for S-wide_PUPPI (1154 TOAs)...
  [J1022+1001] white noise for L-wide_PUPPI (2592 TOAs)...
  [J1022+1001] white noise for 430_PUPPI (232 TOAs)...
  [J1024-0719] zeroing residuals...
  [J1024-0719] adding red noise...
  [J1024-0719] white noise for Rcvr_800_GUPPI (5455 TOAs)...
  [J1024-0719] white noise for Rcvr_800_GASP (51 TOAs)...
  [J1024-0719] white noise for Rcvr1_2_GUPPI (7086 TOAs)...
  [J1024-0719] white noise for Rcvr1_2_GASP (43 TOAs)...
  [J1125+7819] zeroing residuals...
  [J1125+7819] adding red noise...
  [J1125+7819] white noise for Rcvr_800_GUPPI (4707 TOAs)...
  [J1125+7819] white noise for Rcvr1_2_GUPPI (4016 TOAs)...
  [J1312+0051] zeroing residuals...
  [J1312+0051] adding red noise...
  [J1312+0051] white noise for S-wide_PUPPI (416 TOAs)...
  [J1312+0051] white noise for L-wide_PUPPI (1289 TOAs)...
  [J1453+1902] zeroing residuals...
  [J1453+1902] adding red noise...
  [J1453+1902] white noise for S-wide_PUPPI (4 TOAs)...
  [J1453+1902] white noise for L-wide_PUPPI (2122 TOAs)...
  [J1453+1902] white noise for 430_PUPPI (425 TOAs)...
  [J1455-3330] zeroing residuals...
  [J1455-3330] adding red noise...
  [J1455-3330] white noise for Rcvr_800_GUPPI (4843 TOAs)...
  [J1455-3330] white noise for Rcvr_800_GASP (479 TOAs)...
  [J1455-3330] white noise for Rcvr1_2_GUPPI (4932 TOAs)...
  [J1455-3330] white noise for Rcvr1_2_GASP (564 TOAs)...
  [J1600-3053] zeroing residuals...
  [J1600-3053] adding red noise...
  [J1600-3053] white noise for 3GHz_YUPPI (3237 TOAs)...
  [J1600-3053] white noise for Rcvr_800_GUPPI (8796 TOAs)...
  [J1600-3053] white noise for Rcvr_800_GASP (297 TOAs)...
  [J1600-3053] white noise for Rcvr1_2_GUPPI (10168 TOAs)...
  [J1600-3053] white noise for Rcvr1_2_GASP (457 TOAs)...
  [J1614-2230] zeroing residuals...
  [J1614-2230] adding red noise...
  [J1614-2230] white noise for Rcvr_800_GUPPI (7768 TOAs)...
  [J1614-2230] white noise for Rcvr_800_GASP (84 TOAs)...
  [J1614-2230] white noise for Rcvr1_2_GUPPI (10509 TOAs)...
  [J1614-2230] white noise for Rcvr1_2_GASP (84 TOAs)...
  [J1630+3734] zeroing residuals...
  [J1630+3734] adding red noise...
  [J1630+3734] white noise for Rcvr_800_GUPPI (906 TOAs)...
  [J1630+3734] white noise for Rcvr1_2_GUPPI (909 TOAs)...
  [J1640+2224] zeroing residuals...
  [J1640+2224] adding red noise...
  [J1640+2224] white noise for L-wide_ASP (722 TOAs)...
  [J1640+2224] white noise for L-wide_PUPPI (9847 TOAs)...
  [J1640+2224] white noise for 430_PUPPI (3157 TOAs)...
  [J1640+2224] white noise for 430_ASP (340 TOAs)...
  [J1643-1224] zeroing residuals...
  [J1643-1224] adding red noise...
  [J1643-1224] white noise for 3GHz_YUPPI (4215 TOAs)...
  [J1643-1224] white noise for Rcvr_800_GUPPI (7734 TOAs)...
  [J1643-1224] white noise for Rcvr_800_GASP (559 TOAs)...
  [J1643-1224] white noise for Rcvr1_2_GUPPI (8803 TOAs)...
  [J1643-1224] white noise for Rcvr1_2_GASP (833 TOAs)...
  [J1705-1903] zeroing residuals...
  [J1705-1903] adding red noise...
  [J1705-1903] white noise for Rcvr_800_GUPPI (3521 TOAs)...
  [J1705-1903] white noise for Rcvr1_2_GUPPI (6350 TOAs)...
  [J1713+0747] zeroing residuals...
  [J1713+0747] adding red noise...
  [J1713+0747] white noise for 3GHz_YUPPI (3282 TOAs)...
  [J1713+0747] white noise for L-wide_PUPPI (12743 TOAs)...
  [J1713+0747] white noise for Rcvr_800_GUPPI (8479 TOAs)...
  [J1713+0747] white noise for 1.5GHz_YUPPI (1461 TOAs)...
  [J1713+0747] white noise for L-wide_ASP (843 TOAs)...
  [J1713+0747] white noise for Rcvr_800_GASP (1032 TOAs)...
  [J1713+0747] white noise for S-wide_ASP (624 TOAs)...
  [J1713+0747] white noise for Rcvr1_2_GUPPI (22334 TOAs)...
  [J1713+0747] white noise for S-wide_PUPPI (7482 TOAs)...
  [J1713+0747] white noise for Rcvr1_2_GASP (1109 TOAs)...
  [J1719-1438] zeroing residuals...
  [J1719-1438] adding red noise...
  [J1719-1438] white noise for Rcvr_800_GUPPI (3634 TOAs)...
  [J1719-1438] white noise for Rcvr1_2_GUPPI (2722 TOAs)...
  [J1730-2304] zeroing residuals...
  [J1730-2304] adding red noise...
  [J1730-2304] white noise for Rcvr_800_GUPPI (2503 TOAs)...
  [J1730-2304] white noise for Rcvr1_2_GUPPI (2367 TOAs)...
  [J1738+0333] zeroing residuals...
  [J1738+0333] adding red noise...
  [J1738+0333] white noise for L-wide_ASP (201 TOAs)...
  [J1738+0333] white noise for S-wide_PUPPI (1737 TOAs)...
  [J1738+0333] white noise for L-wide_PUPPI (6718 TOAs)...
  [J1738+0333] white noise for S-wide_ASP (134 TOAs)...
  [J1741+1351] zeroing residuals...
  [J1741+1351] adding red noise...
  [J1741+1351] white noise for L-wide_PUPPI (4045 TOAs)...
  [J1741+1351] white noise for L-wide_ASP (236 TOAs)...
  [J1741+1351] white noise for S-wide_ASP (115 TOAs)...
  [J1741+1351] white noise for 430_PUPPI (1159 TOAs)...
  [J1741+1351] white noise for 430_ASP (27 TOAs)...
  [J1744-1134] zeroing residuals...
  [J1744-1134] adding red noise...
  [J1744-1134] white noise for Rcvr_800_GUPPI (7899 TOAs)...
  [J1744-1134] white noise for Rcvr_800_GASP (930 TOAs)...
  [J1744-1134] white noise for Rcvr1_2_GUPPI (8109 TOAs)...
  [J1744-1134] white noise for Rcvr1_2_GASP (807 TOAs)...
  [J1745+1017] zeroing residuals...
  [J1745+1017] adding red noise...
  [J1745+1017] white noise for S-wide_PUPPI (838 TOAs)...
  [J1745+1017] white noise for L-wide_PUPPI (2179 TOAs)...
  [J1747-4036] zeroing residuals...
  [J1747-4036] adding red noise...
  [J1747-4036] white noise for Rcvr_800_GUPPI (5816 TOAs)...
  [J1747-4036] white noise for Rcvr1_2_GUPPI (5239 TOAs)...
  [J1751-2857] zeroing residuals...
  [J1751-2857] adding red noise...
  [J1751-2857] white noise for Rcvr_800_GUPPI (239 TOAs)...
  [J1751-2857] white noise for Rcvr1_2_GUPPI (1786 TOAs)...
  [J1802-2124] zeroing residuals...
  [J1802-2124] adding red noise...
  [J1802-2124] white noise for Rcvr_800_GUPPI (3565 TOAs)...
  [J1802-2124] white noise for Rcvr1_2_GUPPI (3231 TOAs)...
  [J1811-2405] zeroing residuals...
  [J1811-2405] adding red noise...
  [J1811-2405] white noise for Rcvr_800_GUPPI (2628 TOAs)...
  [J1811-2405] white noise for Rcvr1_2_GUPPI (2638 TOAs)...
  [J1832-0836] zeroing residuals...
  [J1832-0836] adding red noise...
  [J1832-0836] white noise for Rcvr_800_GUPPI (3078 TOAs)...
  [J1832-0836] white noise for Rcvr1_2_GUPPI (4661 TOAs)...
  [J1843-1113] zeroing residuals...
  [J1843-1113] adding red noise...
  [J1843-1113] white noise for Rcvr_800_GUPPI (2201 TOAs)...
  [J1843-1113] white noise for Rcvr1_2_GUPPI (2394 TOAs)...
  [J1853+1303] zeroing residuals...
  [J1853+1303] adding red noise...
  [J1853+1303] white noise for L-wide_ASP (33 TOAs)...
  [J1853+1303] white noise for L-wide_PUPPI (3362 TOAs)...
  [J1853+1303] white noise for 430_PUPPI (1151 TOAs)...
  [J1853+1303] white noise for 430_ASP (24 TOAs)...
  [J1903+0327] zeroing residuals...
  [J1903+0327] adding red noise...
  [J1903+0327] white noise for 3GHz_YUPPI (439 TOAs)...
  [J1903+0327] white noise for L-wide_PUPPI (3845 TOAs)...
  [J1903+0327] white noise for L-wide_ASP (139 TOAs)...
  [J1903+0327] white noise for S-wide_PUPPI (2282 TOAs)...
  [J1903+0327] white noise for S-wide_ASP (151 TOAs)...
  [J1909-3744] zeroing residuals...
  [J1909-3744] adding red noise...
  [J1909-3744] white noise for 3GHz_YUPPI (3525 TOAs)...
  [J1909-3744] white noise for Rcvr_800_GUPPI (9399 TOAs)...
  [J1909-3744] white noise for Rcvr_800_GASP (866 TOAs)...
  [J1909-3744] white noise for Rcvr1_2_GUPPI (20439 TOAs)...
  [J1909-3744] white noise for Rcvr1_2_GASP (808 TOAs)...
  [J1910+1256] zeroing residuals...
  [J1910+1256] adding red noise...
  [J1910+1256] white noise for L-wide_ASP (297 TOAs)...
  [J1910+1256] white noise for S-wide_PUPPI (1857 TOAs)...
  [J1910+1256] white noise for L-wide_PUPPI (4124 TOAs)...
  [J1910+1256] white noise for S-wide_ASP (208 TOAs)...
  [J1911+1347] zeroing residuals...
  [J1911+1347] adding red noise...
  [J1911+1347] white noise for L-wide_PUPPI (3033 TOAs)...
  [J1911+1347] white noise for 430_PUPPI (753 TOAs)...
  [J1918-0642] zeroing residuals...
  [J1918-0642] adding red noise...
  [J1918-0642] white noise for Rcvr_800_GUPPI (8352 TOAs)...
  [J1918-0642] white noise for Rcvr_800_GASP (835 TOAs)...
  [J1918-0642] white noise for Rcvr1_2_GUPPI (8910 TOAs)...
  [J1918-0642] white noise for Rcvr1_2_GASP (778 TOAs)...
  [J1923+2515] zeroing residuals...
  [J1923+2515] adding red noise...
  [J1923+2515] white noise for L-wide_ASP (14 TOAs)...
  [J1923+2515] white noise for L-wide_PUPPI (3028 TOAs)...
  [J1923+2515] white noise for 430_PUPPI (922 TOAs)...
  [J1923+2515] white noise for 430_ASP (10 TOAs)...
  [J1944+0907] zeroing residuals...
  [J1944+0907] adding red noise...
  [J1944+0907] white noise for L-wide_PUPPI (3900 TOAs)...
  [J1944+0907] white noise for L-wide_ASP (257 TOAs)...
  [J1944+0907] white noise for S-wide_ASP (116 TOAs)...
  [J1944+0907] white noise for 430_PUPPI (1017 TOAs)...
  [J1944+0907] white noise for 430_ASP (38 TOAs)...
  [J1946+3417] zeroing residuals...
  [J1946+3417] adding red noise...
  [J1946+3417] white noise for S-wide_PUPPI (1546 TOAs)...
  [J1946+3417] white noise for L-wide_PUPPI (3197 TOAs)...
  [J2010-1323] zeroing residuals...
  [J2010-1323] adding red noise...
  [J2010-1323] white noise for Rcvr_800_GUPPI (9158 TOAs)...
  [J2010-1323] white noise for Rcvr_800_GASP (70 TOAs)...
  [J2010-1323] white noise for Rcvr1_2_GUPPI (7779 TOAs)...
  [J2010-1323] white noise for Rcvr1_2_GASP (70 TOAs)...
  [J2017+0603] zeroing residuals...
  [J2017+0603] adding red noise...
  [J2017+0603] white noise for L-wide_ASP (16 TOAs)...
  [J2017+0603] white noise for S-wide_PUPPI (849 TOAs)...
  [J2017+0603] white noise for L-wide_PUPPI (2569 TOAs)...
  [J2017+0603] white noise for 430_PUPPI (78 TOAs)...
  [J2033+1734] zeroing residuals...
  [J2033+1734] adding red noise...
  [J2033+1734] white noise for L-wide_PUPPI (3050 TOAs)...
  [J2033+1734] white noise for 430_PUPPI (797 TOAs)...
  [J2043+1711] zeroing residuals...
  [J2043+1711] adding red noise...
  [J2043+1711] white noise for L-wide_ASP (40 TOAs)...
  [J2043+1711] white noise for L-wide_PUPPI (4419 TOAs)...
  [J2043+1711] white noise for 430_PUPPI (2908 TOAs)...
  [J2043+1711] white noise for 430_ASP (30 TOAs)...
  [J2124-3358] zeroing residuals...
  [J2124-3358] adding red noise...
  [J2124-3358] white noise for Rcvr_800_GUPPI (2025 TOAs)...
  [J2124-3358] white noise for Rcvr1_2_GUPPI (2957 TOAs)...
  [J2145-0750] zeroing residuals...
  [J2145-0750] adding red noise...
  [J2145-0750] white noise for Rcvr_800_GUPPI (8728 TOAs)...
  [J2145-0750] white noise for Rcvr_800_GASP (362 TOAs)...
  [J2145-0750] white noise for Rcvr1_2_GUPPI (9158 TOAs)...
  [J2145-0750] white noise for Rcvr1_2_GASP (427 TOAs)...
  [J2214+3000] zeroing residuals...
  [J2214+3000] adding red noise...
  [J2214+3000] white noise for L-wide_ASP (9 TOAs)...
  [J2214+3000] white noise for S-wide_PUPPI (1568 TOAs)...
  [J2214+3000] white noise for L-wide_PUPPI (5829 TOAs)...
  [J2229+2643] zeroing residuals...
  [J2229+2643] adding red noise...
  [J2229+2643] white noise for L-wide_PUPPI (2755 TOAs)...
  [J2229+2643] white noise for 430_PUPPI (956 TOAs)...
  [J2234+0611] zeroing residuals...
  [J2234+0611] adding red noise...
  [J2234+0611] white noise for L-wide_PUPPI (2913 TOAs)...
  [J2234+0611] white noise for 430_PUPPI (653 TOAs)...
  [J2234+0944] zeroing residuals...
  [J2234+0944] adding red noise...
  [J2234+0944] white noise for S-wide_PUPPI (2532 TOAs)...
  [J2234+0944] white noise for L-wide_PUPPI (5003 TOAs)...
  [J2302+4442] zeroing residuals...
  [J2302+4442] adding red noise...
  [J2302+4442] white noise for Rcvr_800_GUPPI (6432 TOAs)...
  [J2302+4442] white noise for Rcvr1_2_GUPPI (3779 TOAs)...
  [J2317+1439] zeroing residuals...
  [J2317+1439] adding red noise...
  [J2317+1439] white noise for 327_ASP (413 TOAs)...
  [J2317+1439] white noise for L-wide_PUPPI (9563 TOAs)...
  [J2317+1439] white noise for 327_PUPPI (276 TOAs)...
  [J2317+1439] white noise for 430_PUPPI (3217 TOAs)...
  [J2317+1439] white noise for 430_ASP (458 TOAs)...
  [J2322+2057] zeroing residuals...
  [J2322+2057] adding red noise...
  [J2322+2057] white noise for S-wide_PUPPI (140 TOAs)...
  [J2322+2057] white noise for L-wide_PUPPI (2196 TOAs)...
  [J2322+2057] white noise for 430_PUPPI (752 TOAs)...
Resetting pulsars to clean stoas...
Restore: 0.00 s
Inject: 0.00 s
Snapshotting into enterprise Pulsar objects...
Building PTA...
PTA build: 454.35 s
Computing optimal statistic...
OS time: 56.00 s
Total: 510.35 s
Noise-only SNR baseline: 1.2780

Generating SNR-consistent population...
Target SNR: 4.0
Resetting pulsars to clean stoas...
Restore: 0.00 s
Injecting population...
  B1855+09: RMS = 4504.536 ns
  B1937+21: RMS = 4869.423 ns
  B1953+29: RMS = 2959.423 ns
  J0023+0923: RMS = 3248.180 ns
  J0030+0451: RMS = 3604.002 ns
  J0340+4130: RMS = 4319.355 ns
  J0406+3039: RMS = 1671.129 ns
  J0437-4715: RMS = 2355.549 ns
  J0509+0856: RMS = 3048.070 ns
  J0557+1551: RMS = 1141.691 ns
  J0605+3757: RMS = 1468.657 ns
  J0610-2100: RMS = 2473.499 ns
  J0613-0200: RMS = 7241.761 ns
  J0636+5128: RMS = 1972.915 ns
  J0645+5158: RMS = 2065.179 ns
  J0709+0458: RMS = 4203.671 ns
  J0740+6620: RMS = 3980.017 ns
  J0931-1902: RMS = 3768.232 ns
  J1012+5307: RMS = 2877.029 ns
  J1012-4235: RMS = 3019.005 ns
  J1022+1001: RMS = 6113.223 ns
  J1024-0719: RMS = 6785.676 ns
  J1125+7819: RMS = 5061.237 ns
  J1312+0051: RMS = 8040.306 ns
  J1453+1902: RMS = 4671.628 ns
  J1455-3330: RMS = 4075.717 ns
  J1600-3053: RMS = 3076.804 ns
  J1614-2230: RMS = 3175.994 ns
  J1630+3734: RMS = 1971.649 ns
  J1640+2224: RMS = 4851.766 ns
  J1643-1224: RMS = 4036.040 ns
  J1705-1903: RMS = 854.604 ns
  J1713+0747: RMS = 6145.484 ns
  J1719-1438: RMS = 498.399 ns
  J1730-2304: RMS = 378.072 ns
  J1738+0333: RMS = 5622.406 ns
  J1741+1351: RMS = 4165.755 ns
  J1744-1134: RMS = 3167.808 ns
  J1745+1017: RMS = 348.601 ns
  J1747-4036: RMS = 2006.088 ns
  J1751-2857: RMS = 553.094 ns
  J1802-2124: RMS = 209.091 ns
  J1811-2405: RMS = 336.242 ns
  J1832-0836: RMS = 2313.869 ns
  J1843-1113: RMS = 872.090 ns
  J1853+1303: RMS = 3911.499 ns
  J1903+0327: RMS = 4515.418 ns
  J1909-3744: RMS = 3289.838 ns
  J1910+1256: RMS = 4557.372 ns
  J1911+1347: RMS = 4168.386 ns
  J1918-0642: RMS = 4054.665 ns
  J1923+2515: RMS = 2649.758 ns
  J1944+0907: RMS = 5094.521 ns
  J1946+3417: RMS = 4064.086 ns
  J2010-1323: RMS = 4439.079 ns
  J2017+0603: RMS = 5385.202 ns
  J2033+1734: RMS = 4402.183 ns
  J2043+1711: RMS = 3376.902 ns
  J2124-3358: RMS = 1614.946 ns
  J2145-0750: RMS = 4734.378 ns
  J2214+3000: RMS = 4748.664 ns
  J2229+2643: RMS = 3970.634 ns
  J2234+0611: RMS = 1283.013 ns
  J2234+0944: RMS = 2950.552 ns
  J2302+4442: RMS = 2025.378 ns
  J2317+1439: RMS = 2481.749 ns
  J2322+2057: RMS = 2595.423 ns
Inject: 0.54 s
Snapshotting into enterprise Pulsar objects...
Building PTA...
PTA build: 440.65 s
Computing optimal statistic...
OS time: 54.48 s
Total: 495.67 s
Initial SNR: 133.5651, Target SNR: 4.0000
  Initial SNR 133.5651 outside of provided SNR_range [3.5, 4.25] — rescaling.
Scaling distances by factor 6.9714 to achieve target SNR...
Resetting pulsars to clean stoas...
Restore: 0.00 s
Injecting population...
  B1855+09: RMS = 646.149 ns
  B1937+21: RMS = 698.490 ns
  B1953+29: RMS = 424.511 ns
  J0023+0923: RMS = 465.932 ns
  J0030+0451: RMS = 516.973 ns
  J0340+4130: RMS = 619.586 ns
  J0406+3039: RMS = 239.713 ns
  J0437-4715: RMS = 337.889 ns
  J0509+0856: RMS = 437.227 ns
  J0557+1551: RMS = 163.769 ns
  J0605+3757: RMS = 210.670 ns
  J0610-2100: RMS = 354.809 ns
  J0613-0200: RMS = 1038.787 ns
  J0636+5128: RMS = 283.003 ns
  J0645+5158: RMS = 296.238 ns
  J0709+0458: RMS = 602.991 ns
  J0740+6620: RMS = 570.910 ns
  J0931-1902: RMS = 540.530 ns
  J1012+5307: RMS = 412.693 ns
  J1012-4235: RMS = 433.058 ns
  J1022+1001: RMS = 876.905 ns
  J1024-0719: RMS = 973.365 ns
  J1125+7819: RMS = 726.004 ns
  J1312+0051: RMS = 1153.334 ns
  J1453+1902: RMS = 670.117 ns
  J1455-3330: RMS = 584.637 ns
  J1600-3053: RMS = 441.349 ns
  J1614-2230: RMS = 455.577 ns
  J1630+3734: RMS = 282.821 ns
  J1640+2224: RMS = 695.957 ns
  J1643-1224: RMS = 578.946 ns
  J1705-1903: RMS = 122.588 ns
  J1713+0747: RMS = 881.533 ns
  J1719-1438: RMS = 71.492 ns
  J1730-2304: RMS = 54.232 ns
  J1738+0333: RMS = 806.500 ns
  J1741+1351: RMS = 597.553 ns
  J1744-1134: RMS = 454.403 ns
  J1745+1017: RMS = 50.005 ns
  J1747-4036: RMS = 287.761 ns
  J1751-2857: RMS = 79.338 ns
  J1802-2124: RMS = 29.993 ns
  J1811-2405: RMS = 48.232 ns
  J1832-0836: RMS = 331.911 ns
  J1843-1113: RMS = 125.096 ns
  J1853+1303: RMS = 561.081 ns
  J1903+0327: RMS = 647.710 ns
  J1909-3744: RMS = 471.908 ns
  J1910+1256: RMS = 653.728 ns
  J1911+1347: RMS = 597.930 ns
  J1918-0642: RMS = 581.617 ns
  J1923+2515: RMS = 380.092 ns
  J1944+0907: RMS = 730.778 ns
  J1946+3417: RMS = 582.969 ns
  J2010-1323: RMS = 636.759 ns
  J2017+0603: RMS = 772.475 ns
  J2033+1734: RMS = 631.467 ns
  J2043+1711: RMS = 484.396 ns
  J2124-3358: RMS = 231.654 ns
  J2145-0750: RMS = 679.118 ns
  J2214+3000: RMS = 681.167 ns
  J2229+2643: RMS = 569.564 ns
  J2234+0611: RMS = 184.040 ns
  J2234+0944: RMS = 423.239 ns
  J2302+4442: RMS = 290.528 ns
  J2317+1439: RMS = 355.992 ns
  J2322+2057: RMS = 372.298 ns
Inject: 0.52 s
Snapshotting into enterprise Pulsar objects...
Building PTA...
PTA build: 442.92 s
Computing optimal statistic...
OS time: 49.18 s
Total: 492.63 s
  SNR 1.5815 outside of provided SNR_range [3.5, 4.25] — rescaling.
[Iteration 1/4] SNR after scaling: 1.5815 (target: 4.0000)
  SNR history: it0→133.5651@1.0000x, it1→1.5815@6.9714x
  Re-scaling distances by factor 0.3787  (cumulative after: 2.6403×)
Resetting pulsars to clean stoas...
Restore: 18.06 s
Injecting population...
  B1855+09: RMS = 1706.048 ns
  B1937+21: RMS = 1844.245 ns
  B1953+29: RMS = 1120.852 ns
  J0023+0923: RMS = 1230.216 ns
  J0030+0451: RMS = 1364.980 ns
  J0340+4130: RMS = 1635.913 ns
  J0406+3039: RMS = 632.924 ns
  J0437-4715: RMS = 892.141 ns
  J0509+0856: RMS = 1154.426 ns
  J0557+1551: RMS = 432.404 ns
  J0605+3757: RMS = 556.239 ns
  J0610-2100: RMS = 936.813 ns
  J0613-0200: RMS = 2742.745 ns
  J0636+5128: RMS = 747.222 ns
  J0645+5158: RMS = 782.166 ns
  J0709+0458: RMS = 1592.098 ns
  J0740+6620: RMS = 1507.392 ns
  J0931-1902: RMS = 1427.180 ns
  J1012+5307: RMS = 1089.646 ns
  J1012-4235: RMS = 1143.418 ns
  J1022+1001: RMS = 2315.322 ns
  J1024-0719: RMS = 2570.007 ns
  J1125+7819: RMS = 1916.893 ns
  J1312+0051: RMS = 3045.186 ns
  J1453+1902: RMS = 1769.333 ns
  J1455-3330: RMS = 1543.637 ns
  J1600-3053: RMS = 1165.309 ns
  J1614-2230: RMS = 1202.876 ns
  J1630+3734: RMS = 746.742 ns
  J1640+2224: RMS = 1837.558 ns
  J1643-1224: RMS = 1528.610 ns
  J1705-1903: RMS = 323.673 ns
  J1713+0747: RMS = 2327.541 ns
  J1719-1438: RMS = 188.764 ns
  J1730-2304: RMS = 143.191 ns
  J1738+0333: RMS = 2129.430 ns
  J1741+1351: RMS = 1577.738 ns
  J1744-1134: RMS = 1199.776 ns
  J1745+1017: RMS = 132.029 ns
  J1747-4036: RMS = 759.786 ns
  J1751-2857: RMS = 209.479 ns
  J1802-2124: RMS = 79.191 ns
  J1811-2405: RMS = 127.348 ns
  J1832-0836: RMS = 876.355 ns
  J1843-1113: RMS = 330.295 ns
  J1853+1303: RMS = 1481.441 ns
  J1903+0327: RMS = 1710.170 ns
  J1909-3744: RMS = 1245.993 ns
  J1910+1256: RMS = 1726.059 ns
  J1911+1347: RMS = 1578.735 ns
  J1918-0642: RMS = 1535.664 ns
  J1923+2515: RMS = 1003.569 ns
  J1944+0907: RMS = 1929.499 ns
  J1946+3417: RMS = 1539.232 ns
  J2010-1323: RMS = 1681.257 ns
  J2017+0603: RMS = 2039.592 ns
  J2033+1734: RMS = 1667.283 ns
  J2043+1711: RMS = 1278.968 ns
  J2124-3358: RMS = 611.645 ns
  J2145-0750: RMS = 1793.099 ns
  J2214+3000: RMS = 1798.509 ns
  J2229+2643: RMS = 1503.838 ns
  J2234+0611: RMS = 485.928 ns
  J2234+0944: RMS = 1117.492 ns
  J2302+4442: RMS = 767.092 ns
  J2317+1439: RMS = 939.938 ns
  J2322+2057: RMS = 982.991 ns
Inject: 0.72 s
Snapshotting into enterprise Pulsar objects...
Building PTA...
PTA build: 465.28 s
Computing optimal statistic...
OS time: 55.55 s
Total: 539.60 s
  SNR 15.6258 outside of provided SNR_range [3.5, 4.25] — rescaling.
[Iteration 2/4] SNR after scaling: 15.6258 (target: 4.0000)
  SNR history: it0→133.5651@1.0000x, it1→1.5815@6.9714x, it2→15.6258@2.6403x
  Re-scaling distances by factor 1.6249  (cumulative after: 4.2903×)
Resetting pulsars to clean stoas...
Restore: 0.01 s
Injecting population...
  B1855+09: RMS = 1049.934 ns
  B1937+21: RMS = 1134.983 ns
  B1953+29: RMS = 689.793 ns
  J0023+0923: RMS = 757.098 ns
  J0030+0451: RMS = 840.034 ns
  J0340+4130: RMS = 1006.771 ns
  J0406+3039: RMS = 389.513 ns
  J0437-4715: RMS = 549.040 ns
  J0509+0856: RMS = 710.455 ns
  J0557+1551: RMS = 266.110 ns
  J0605+3757: RMS = 342.320 ns
  J0610-2100: RMS = 576.532 ns
  J0613-0200: RMS = 1687.936 ns
  J0636+5128: RMS = 459.854 ns
  J0645+5158: RMS = 481.360 ns
  J0709+0458: RMS = 979.807 ns
  J0740+6620: RMS = 927.677 ns
  J0931-1902: RMS = 878.313 ns
  J1012+5307: RMS = 670.588 ns
  J1012-4235: RMS = 703.681 ns
  J1022+1001: RMS = 1424.892 ns
  J1024-0719: RMS = 1581.630 ns
  J1125+7819: RMS = 1179.691 ns
  J1312+0051: RMS = 1874.064 ns
  J1453+1902: RMS = 1088.880 ns
  J1455-3330: RMS = 949.983 ns
  J1600-3053: RMS = 717.153 ns
  J1614-2230: RMS = 740.272 ns
  J1630+3734: RMS = 459.559 ns
  J1640+2224: RMS = 1130.867 ns
  J1643-1224: RMS = 940.735 ns
  J1705-1903: RMS = 199.194 ns
  J1713+0747: RMS = 1432.412 ns
  J1719-1438: RMS = 116.169 ns
  J1730-2304: RMS = 88.122 ns
  J1738+0333: RMS = 1310.491 ns
  J1741+1351: RMS = 970.969 ns
  J1744-1134: RMS = 738.364 ns
  J1745+1017: RMS = 81.253 ns
  J1747-4036: RMS = 467.586 ns
  J1751-2857: RMS = 128.917 ns
  J1802-2124: RMS = 48.736 ns
  J1811-2405: RMS = 78.373 ns
  J1832-0836: RMS = 539.325 ns
  J1843-1113: RMS = 203.270 ns
  J1853+1303: RMS = 911.707 ns
  J1903+0327: RMS = 1052.470 ns
  J1909-3744: RMS = 766.807 ns
  J1910+1256: RMS = 1062.249 ns
  J1911+1347: RMS = 971.583 ns
  J1918-0642: RMS = 945.076 ns
  J1923+2515: RMS = 617.615 ns
  J1944+0907: RMS = 1187.449 ns
  J1946+3417: RMS = 947.272 ns
  J2010-1323: RMS = 1034.677 ns
  J2017+0603: RMS = 1255.203 ns
  J2033+1734: RMS = 1026.077 ns
  J2043+1711: RMS = 787.101 ns
  J2124-3358: RMS = 376.417 ns
  J2145-0750: RMS = 1103.506 ns
  J2214+3000: RMS = 1106.836 ns
  J2229+2643: RMS = 925.490 ns
  J2234+0611: RMS = 299.049 ns
  J2234+0944: RMS = 687.725 ns
  J2302+4442: RMS = 472.082 ns
  J2317+1439: RMS = 578.455 ns
  J2322+2057: RMS = 604.951 ns
Inject: 0.69 s
Snapshotting into enterprise Pulsar objects...
Building PTA...
PTA build: 447.28 s
Computing optimal statistic...
OS time: 43.11 s
Total: 491.09 s
  SNR 4.9468 outside of provided SNR_range [3.5, 4.25] — rescaling.
[Iteration 3/4] SNR after scaling: 4.9468 (target: 4.0000)
  SNR history: it0→133.5651@1.0000x, it1→1.5815@6.9714x, it2→15.6258@2.6403x, it3→4.9468@4.2903x
  Re-scaling distances by factor 1.2747  (cumulative after: 5.4689×)
Resetting pulsars to clean stoas...
Restore: 0.00 s
Injecting population...
  B1855+09: RMS = 823.658 ns
  B1937+21: RMS = 890.378 ns
  B1953+29: RMS = 541.133 ns
  J0023+0923: RMS = 593.933 ns
  J0030+0451: RMS = 658.995 ns
  J0340+4130: RMS = 789.798 ns
  J0406+3039: RMS = 305.568 ns
  J0437-4715: RMS = 430.714 ns
  J0509+0856: RMS = 557.342 ns
  J0557+1551: RMS = 208.759 ns
  J0605+3757: RMS = 268.545 ns
  J0610-2100: RMS = 452.282 ns
  J0613-0200: RMS = 1324.163 ns
  J0636+5128: RMS = 360.749 ns
  J0645+5158: RMS = 377.620 ns
  J0709+0458: RMS = 768.645 ns
  J0740+6620: RMS = 727.750 ns
  J0931-1902: RMS = 689.025 ns
  J1012+5307: RMS = 526.067 ns
  J1012-4235: RMS = 552.028 ns
  J1022+1001: RMS = 1117.808 ns
  J1024-0719: RMS = 1240.767 ns
  J1125+7819: RMS = 925.452 ns
  J1312+0051: RMS = 1470.177 ns
  J1453+1902: RMS = 854.211 ns
  J1455-3330: RMS = 745.248 ns
  J1600-3053: RMS = 562.596 ns
  J1614-2230: RMS = 580.733 ns
  J1630+3734: RMS = 360.518 ns
  J1640+2224: RMS = 887.150 ns
  J1643-1224: RMS = 737.994 ns
  J1705-1903: RMS = 156.265 ns
  J1713+0747: RMS = 1123.707 ns
  J1719-1438: RMS = 91.133 ns
  J1730-2304: RMS = 69.131 ns
  J1738+0333: RMS = 1028.062 ns
  J1741+1351: RMS = 761.712 ns
  J1744-1134: RMS = 579.237 ns
  J1745+1017: RMS = 63.742 ns
  J1747-4036: RMS = 366.815 ns
  J1751-2857: RMS = 101.134 ns
  J1802-2124: RMS = 38.232 ns
  J1811-2405: RMS = 61.482 ns
  J1832-0836: RMS = 423.093 ns
  J1843-1113: RMS = 159.462 ns
  J1853+1303: RMS = 715.221 ns
  J1903+0327: RMS = 825.648 ns
  J1909-3744: RMS = 601.550 ns
  J1910+1256: RMS = 833.320 ns
  J1911+1347: RMS = 762.193 ns
  J1918-0642: RMS = 741.399 ns
  J1923+2515: RMS = 484.511 ns
  J1944+0907: RMS = 931.538 ns
  J1946+3417: RMS = 743.122 ns
  J2010-1323: RMS = 811.690 ns
  J2017+0603: RMS = 984.689 ns
  J2033+1734: RMS = 804.943 ns
  J2043+1711: RMS = 617.470 ns
  J2124-3358: RMS = 295.294 ns
  J2145-0750: RMS = 865.685 ns
  J2214+3000: RMS = 868.298 ns
  J2229+2643: RMS = 726.034 ns
  J2234+0611: RMS = 234.600 ns
  J2234+0944: RMS = 539.511 ns
  J2302+4442: RMS = 370.342 ns
  J2317+1439: RMS = 453.790 ns
  J2322+2057: RMS = 474.575 ns
Inject: 0.52 s
Snapshotting into enterprise Pulsar objects...
Building PTA...
PTA build: 457.79 s
Computing optimal statistic...
OS time: 44.82 s
Total: 503.13 s
  SNR 2.7608 outside of provided SNR_range [3.5, 4.25] — rescaling.
[Iteration 4/4] SNR after scaling: 2.7608 (target: 4.0000)
  SNR history: it0→133.5651@1.0000x, it1→1.5815@6.9714x, it2→15.6258@2.6403x, it3→4.9468@4.2903x, it4→2.7608@5.4689x

Final SNR history:
  it 0: cumulative_scale=1.0000×  SNR=133.5651
  it 1: cumulative_scale=6.9714×  SNR=1.5815
  it 2: cumulative_scale=2.6403×  SNR=15.6258
  it 3: cumulative_scale=4.2903×  SNR=4.9468
  it 4: cumulative_scale=5.4689×  SNR=2.7608
✓ Simulation 1 done (2523.6 s)

======================================================================
ENSEMBLE SUMMARY
======================================================================
Success rate: 100.0% (1/1)

Binaries per population:
  Mean ± std : 500 ± 0
  Range      : [500, 500]

SNR achieved:
  Mean ± std : 2.7608 ± 0.0000
  Range      : [2.7608, 2.7608]

Total time: 3073.3 s (51.2 min)
======================================================================

💾 Saved: data/2026-04-29/optimistic_run_182/consistent_population_optimistic_targetSNR4.25_sims1.json
💾 Saved compressed pickle: data/2026-04-29/optimistic_run_182/consistent_population_optimistic_targetSNR4.25_sims1.pkl.gz

======================================================================
CONTINUOUS WAVE SNR ANALYSIS
======================================================================

--- Population 1 ---
Precomputation of phiinvs, TNTs, Ts, Nvecs, Sigmas took 0.03 seconds.
Total SNR computation for population took 190.90 seconds.
Top 50 CGW candidates:
   1. proxy_rank=   6  sky_w=0.96  f=3.73e-09 Hz  Mc=6.10e+10 Msun  h0=9.55e-15  SNR=6.314
   2. proxy_rank=   1  sky_w=1.31  f=2.92e-09 Hz  Mc=6.88e+10 Msun  h0=1.42e-14  SNR=6.159
   3. proxy_rank=   4  sky_w=0.72  f=2.69e-09 Hz  Mc=7.23e+10 Msun  h0=1.06e-14  SNR=4.044
   4. proxy_rank=   2  sky_w=0.88  f=2.24e-09 Hz  Mc=8.15e+10 Msun  h0=1.11e-14  SNR=3.996
   5. proxy_rank=  19  sky_w=0.82  f=6.42e-09 Hz  Mc=2.77e+10 Msun  h0=3.69e-15  SNR=2.923
   6. proxy_rank=  33  sky_w=1.32  f=1.09e-08 Hz  Mc=1.30e+10 Msun  h0=1.48e-15  SNR=2.885
   7. proxy_rank=   8  sky_w=1.17  f=2.42e-09 Hz  Mc=3.96e+10 Msun  h0=3.61e-15  SNR=1.906
   8. proxy_rank=  11  sky_w=1.36  f=2.81e-09 Hz  Mc=2.31e+10 Msun  h0=2.21e-15  SNR=1.899
   9. proxy_rank=  13  sky_w=0.69  f=3.61e-09 Hz  Mc=3.89e+10 Msun  h0=4.45e-15  SNR=1.817
  10. proxy_rank=   3  sky_w=0.72  f=2.68e-09 Hz  Mc=6.21e+10 Msun  h0=1.22e-14  SNR=1.701
  11. proxy_rank=   7  sky_w=1.61  f=2.46e-09 Hz  Mc=3.84e+10 Msun  h0=3.36e-15  SNR=1.659
  12. proxy_rank=  20  sky_w=1.40  f=6.27e-09 Hz  Mc=1.98e+10 Msun  h0=2.05e-15  SNR=1.563
  13. proxy_rank=  14  sky_w=0.79  f=2.52e-09 Hz  Mc=2.92e+10 Msun  h0=2.59e-15  SNR=1.265
  14. proxy_rank=   5  sky_w=0.87  f=2.15e-09 Hz  Mc=5.98e+10 Msun  h0=6.41e-15  SNR=1.116
  15. proxy_rank=  16  sky_w=1.02  f=2.71e-09 Hz  Mc=2.49e+10 Msun  h0=1.75e-15  SNR=1.084
  16. proxy_rank=  25  sky_w=1.50  f=4.23e-09 Hz  Mc=1.44e+10 Msun  h0=9.84e-16  SNR=0.952
  17. proxy_rank=  21  sky_w=1.60  f=4.51e-09 Hz  Mc=1.51e+10 Msun  h0=1.25e-15  SNR=0.895
  18. proxy_rank=  12  sky_w=0.65  f=2.17e-09 Hz  Mc=3.97e+10 Msun  h0=3.28e-15  SNR=0.744
  19. proxy_rank=  27  sky_w=1.56  f=3.18e-09 Hz  Mc=1.28e+10 Msun  h0=6.44e-16  SNR=0.672
  20. proxy_rank=  41  sky_w=1.49  f=5.96e-09 Hz  Mc=6.61e+09 Msun  h0=3.44e-16  SNR=0.611
  21. proxy_rank=   9  sky_w=1.55  f=2.51e-09 Hz  Mc=2.70e+10 Msun  h0=2.08e-15  SNR=0.604
  22. proxy_rank=  38  sky_w=0.71  f=5.57e-09 Hz  Mc=1.04e+10 Msun  h0=8.11e-16  SNR=0.583
  23. proxy_rank=  10  sky_w=1.28  f=2.03e-09 Hz  Mc=2.36e+10 Msun  h0=1.75e-15  SNR=0.533
  24. proxy_rank=  26  sky_w=1.42  f=2.83e-09 Hz  Mc=7.03e+09 Msun  h0=6.43e-16  SNR=0.507
  25. proxy_rank=  44  sky_w=1.20  f=9.75e-09 Hz  Mc=7.64e+09 Msun  h0=6.33e-16  SNR=0.492
  26. proxy_rank=  28  sky_w=1.27  f=3.03e-09 Hz  Mc=1.29e+10 Msun  h0=6.52e-16  SNR=0.373
  27. proxy_rank=  32  sky_w=1.23  f=2.92e-09 Hz  Mc=1.10e+10 Msun  h0=4.81e-16  SNR=0.312
  28. proxy_rank=  18  sky_w=0.82  f=2.12e-09 Hz  Mc=2.22e+10 Msun  h0=1.23e-15  SNR=0.298
  29. proxy_rank=  24  sky_w=1.59  f=2.10e-09 Hz  Mc=1.19e+10 Msun  h0=4.72e-16  SNR=0.295
  30. proxy_rank=  34  sky_w=1.04  f=3.49e-09 Hz  Mc=1.06e+10 Msun  h0=5.62e-16  SNR=0.276
  31. proxy_rank=  15  sky_w=1.36  f=2.04e-09 Hz  Mc=1.94e+10 Msun  h0=1.20e-15  SNR=0.246
  32. proxy_rank=  22  sky_w=1.48  f=2.25e-09 Hz  Mc=1.42e+10 Msun  h0=6.12e-16  SNR=0.241
  33. proxy_rank=  31  sky_w=0.92  f=2.47e-09 Hz  Mc=1.30e+10 Msun  h0=5.83e-16  SNR=0.216
  34. proxy_rank=  17  sky_w=0.98  f=2.08e-09 Hz  Mc=1.66e+10 Msun  h0=1.04e-15  SNR=0.203
  35. proxy_rank=  23  sky_w=0.57  f=1.98e-09 Hz  Mc=2.25e+10 Msun  h0=1.35e-15  SNR=0.193
  36. proxy_rank=  49  sky_w=1.49  f=5.74e-09 Hz  Mc=4.31e+09 Msun  h0=1.58e-16  SNR=0.192
  37. proxy_rank=  29  sky_w=1.36  f=2.04e-09 Hz  Mc=1.10e+10 Msun  h0=3.77e-16  SNR=0.173
  38. proxy_rank=  30  sky_w=1.07  f=2.13e-09 Hz  Mc=1.25e+10 Msun  h0=4.94e-16  SNR=0.162
  39. proxy_rank=  35  sky_w=1.49  f=3.13e-09 Hz  Mc=8.70e+09 Msun  h0=3.48e-16  SNR=0.138
  40. proxy_rank=  36  sky_w=0.92  f=2.16e-09 Hz  Mc=9.34e+09 Msun  h0=3.50e-16  SNR=0.134
  41. proxy_rank=  39  sky_w=0.66  f=2.52e-09 Hz  Mc=1.01e+10 Msun  h0=3.77e-16  SNR=0.125
  42. proxy_rank=  51  sky_w=0.81  f=3.46e-09 Hz  Mc=5.57e+09 Msun  h0=1.70e-16  SNR=0.112
  43. proxy_rank=  68  sky_w=0.60  f=4.05e-09 Hz  Mc=3.37e+09 Msun  h0=1.28e-16  SNR=0.079
  44. proxy_rank=  43  sky_w=0.55  f=2.15e-09 Hz  Mc=9.45e+09 Msun  h0=3.18e-16  SNR=0.074
  45. proxy_rank=  48  sky_w=1.01  f=2.94e-09 Hz  Mc=4.77e+09 Msun  h0=1.27e-16  SNR=0.072
  46. proxy_rank=  45  sky_w=0.88  f=2.16e-09 Hz  Mc=6.46e+09 Msun  h0=1.80e-16  SNR=0.071
  47. proxy_rank=  42  sky_w=0.62  f=2.49e-09 Hz  Mc=9.11e+09 Msun  h0=3.44e-16  SNR=0.070
  48. proxy_rank=  37  sky_w=0.73  f=2.15e-09 Hz  Mc=1.10e+10 Msun  h0=4.05e-16  SNR=0.058
  49. proxy_rank=  47  sky_w=1.46  f=2.78e-09 Hz  Mc=4.65e+09 Msun  h0=1.14e-16  SNR=0.057
  50. proxy_rank=  74  sky_w=1.49  f=4.49e-09 Hz  Mc=1.98e+09 Msun  h0=4.30e-17  SNR=0.055
💾 Saved: data/2026-04-29/optimistic_run_182/consistent_population_optimistic_targetSNR4.25_sims1.json
💾 Saved compressed pickle: data/2026-04-29/optimistic_run_182/consistent_population_optimistic_targetSNR4.25_sims1.pkl.gz
Saved to figures/cgw_analysis_optimistic.pdf

======================================================================
ANALYSIS COMPLETE
Results saved to: data/2026-04-29/optimistic_run_182
======================================================================

==========================================
Job finished at: Wed Apr 29 14:55:44 AEST 2026
Exit code: 0
==========================================

+------------------ Job Report: 11738997 (COMPLETED) ------------------+
| Memory (RAM)  [################### ] 96.9% (32.9 GB peak / 34 GB)    |
| CPU           [###############     ] 79.9% average                   |
| Time          [-------------->     ] 71.0% (0-00:56:49 / 0-01:20:00) |
|                                                                      |
| Lustre Filesystem:                                                   |
|   Path    Total Read    Total Write      Total IOPS                  |
|   ------  ------------  -------------  ------------                  |
|   /apps   0 B           0 B                      4                   |
|   /fred   68 KB         332.1 KB                39                   |
|   /home   1.5 MB        0 B                    578                   |
+----------------------------------------------------------------------+
