==========================================
Job ID: 11728632
Job Name: smbhb_optimistic
Node: gina4
Start Time: Wed Apr 29 10:06:09 AEST 2026
==========================================

/home/bhoulden/.conda/envs/smbhb312/share/tempo2
Working directory: /fred/oz005/users/bhoulden/SMBHB_population_injections

Loaded modules:

Starting SMBHB analysis...
==========================================

📁 Save directory: data/2026-04-29/optimistic_run_98
📝 Run name: optimistic_run_98

[MEM] Start: 244.0 MB

📡 Loading pulsars...
======================================================================
LOADING NANOGRAV PULSARS (libstempo)
======================================================================

📦 Loading from cache: nanograv_pulsars_cache.pkl
⚠ Cache load failed: Ran out of input
[DEBUG] Found 76 .par files
[tempo2Util.C:396] Warning: [MISC1] Unknown parameter in par file:  DMDATA
[tempo2Util.C:401] Warning: [DUP1] duplicated warnings have been suppressed.

WARNING: Using tempo RNAMP parameter: setting TNRedC to 100!
[observatory.C:271] Warning: Assuming site 'arecibo' means 'ao'
✓ Loaded B1855+09 (7758 TOAs)

WARNING: Using tempo RNAMP parameter: setting TNRedC to 100!
✓ Loaded B1937+21 (23023 TOAs)

WARNING: Using tempo RNAMP parameter: setting TNRedC to 100!
✓ Loaded B1937+21ao (7241 TOAs)

WARNING: Using tempo RNAMP parameter: setting TNRedC to 100!
✓ Loaded B1937+21gbt (16048 TOAs)

WARNING: Using tempo RNAMP parameter: setting TNRedC to 100!
✓ Loaded B1953+29 (5126 TOAs)
✓ Loaded J0023+0923 (15896 TOAs)

WARNING: Using tempo RNAMP parameter: setting TNRedC to 100!
✓ Loaded J0030+0451 (19571 TOAs)
✓ Loaded J0340+4130 (11093 TOAs)
✓ Loaded J0406+3039 (2446 TOAs)

WARNING: Using tempo RNAMP parameter: setting TNRedC to 100!
✓ Loaded J0437-4715 (5830 TOAs)
✓ Loaded J0509+0856 (2169 TOAs)
✓ Loaded J0557+1551 (525 TOAs)
✓ Loaded J0605+3757 (554 TOAs)

WARNING: Using tempo RNAMP parameter: setting TNRedC to 100!
✓ Loaded J0610-2100 (4885 TOAs)

WARNING: Using tempo RNAMP parameter: setting TNRedC to 100!
✓ Loaded J0613-0200 (17124 TOAs)
✓ Loaded J0614-3329 (1714 TOAs)
✓ Loaded J0636+5128 (32222 TOAs)
✓ Loaded J0645+5158 (10403 TOAs)
✓ Loaded J0709+0458 (3030 TOAs)
✓ Loaded J0740+6620 (13401 TOAs)
✓ Loaded J0931-1902 (5473 TOAs)

WARNING: Using tempo RNAMP parameter: setting TNRedC to 100!
✓ Loaded J1012+5307 (25837 TOAs)
✓ Loaded J1012-4235 (797 TOAs)
✓ Loaded J1022+1001 (3978 TOAs)
✓ Loaded J1024-0719 (12635 TOAs)
✓ Loaded J1125+7819 (8723 TOAs)
✓ Loaded J1312+0051 (1705 TOAs)
✓ Loaded J1453+1902 (2551 TOAs)
✓ Loaded J1455-3330 (10818 TOAs)

WARNING: Using tempo RNAMP parameter: setting TNRedC to 100!
✓ Loaded J1600-3053 (22955 TOAs)

WARNING: Using tempo RNAMP parameter: setting TNRedC to 100!
✓ Loaded J1600-3053gbt (19725 TOAs)

WARNING: Using tempo RNAMP parameter: setting TNRedC to 100!
✓ Loaded J1614-2230 (18445 TOAs)
✓ Loaded J1630+3734 (1815 TOAs)
✓ Loaded J1640+2224 (14066 TOAs)

WARNING: Using tempo RNAMP parameter: setting TNRedC to 100!
✓ Loaded J1643-1224 (22144 TOAs)

WARNING: Using tempo RNAMP parameter: setting TNRedC to 100!
✓ Loaded J1643-1224gbt (17932 TOAs)

WARNING: Using tempo RNAMP parameter: setting TNRedC to 100!
✓ Loaded J1705-1903 (9871 TOAs)

WARNING: Using tempo RNAMP parameter: setting TNRedC to 100!
✓ Loaded J1713+0747 (59389 TOAs)

WARNING: Using tempo RNAMP parameter: setting TNRedC to 100!
✓ Loaded J1713+0747ao (21362 TOAs)

WARNING: Using tempo RNAMP parameter: setting TNRedC to 100!
✓ Loaded J1713+0747gbt (32963 TOAs)
✓ Loaded J1719-1438 (6356 TOAs)
✓ Loaded J1730-2304 (4870 TOAs)
✓ Loaded J1738+0333 (8790 TOAs)
✓ Loaded J1741+1351 (5582 TOAs)

WARNING: Using tempo RNAMP parameter: setting TNRedC to 100!
✓ Loaded J1744-1134 (17745 TOAs)

WARNING: Using tempo RNAMP parameter: setting TNRedC to 100!
✓ Loaded J1745+1017 (3017 TOAs)

WARNING: Using tempo RNAMP parameter: setting TNRedC to 100!
✓ Loaded J1747-4036 (11055 TOAs)
✓ Loaded J1751-2857 (2025 TOAs)

WARNING: Using tempo RNAMP parameter: setting TNRedC to 100!
✓ Loaded J1802-2124 (6796 TOAs)
✓ Loaded J1811-2405 (5266 TOAs)
✓ Loaded J1832-0836 (7739 TOAs)
✓ Loaded J1843-1113 (4595 TOAs)

WARNING: Using tempo RNAMP parameter: setting TNRedC to 100!
✓ Loaded J1853+1303 (4570 TOAs)

WARNING: Using tempo RNAMP parameter: setting TNRedC to 100!
✓ Loaded J1903+0327 (6856 TOAs)

WARNING: Using tempo RNAMP parameter: setting TNRedC to 100!
✓ Loaded J1903+0327ao (6423 TOAs)

WARNING: Using tempo RNAMP parameter: setting TNRedC to 100!
✓ Loaded J1909-3744 (35037 TOAs)

WARNING: Using tempo RNAMP parameter: setting TNRedC to 100!
✓ Loaded J1909-3744gbt (31526 TOAs)
✓ Loaded J1910+1256 (6486 TOAs)
✓ Loaded J1911+1347 (3786 TOAs)
✓ Loaded J1918-0642 (18875 TOAs)
✓ Loaded J1923+2515 (3974 TOAs)
✓ Loaded J1944+0907 (5328 TOAs)

WARNING: Using tempo RNAMP parameter: setting TNRedC to 100!
✓ Loaded J1946+3417 (4743 TOAs)
✓ Loaded J2010-1323 (17077 TOAs)
✓ Loaded J2017+0603 (3512 TOAs)
✓ Loaded J2033+1734 (3847 TOAs)
✓ Loaded J2043+1711 (7397 TOAs)
✓ Loaded J2124-3358 (4982 TOAs)

WARNING: Using tempo RNAMP parameter: setting TNRedC to 100!
✓ Loaded J2145-0750 (18675 TOAs)
✓ Loaded J2214+3000 (7406 TOAs)
✓ Loaded J2229+2643 (3711 TOAs)

WARNING: Using tempo RNAMP parameter: setting TNRedC to 100!
✓ Loaded J2234+0611 (3566 TOAs)
✓ Loaded J2234+0944 (7535 TOAs)
✓ Loaded J2302+4442 (10211 TOAs)
✓ Loaded J2317+1439 (13927 TOAs)
✓ Loaded J2322+2057 (3088 TOAs)
⚠ Could not save cache: no default __reduce__ due to non-trivial __cinit__

✓ Loaded 76 pulsars
✗ Failed: 0 — []
[MEM] After loading pulsars: 8853.4 MB

🔍 Filtering pulsars...

Filtered: 76 → 67 pulsars
[MEM] After filtering pulsars: 8854.4 MB
[MEM] After garbage collection: 8854.4 MB

======================================================================
SMBHB POPULATION ANALYSIS
======================================================================

Configuration: optimistic
  Larger mass, higher spread in distance, small population
  N_binaries: 500

======================================================================
CONSISTENT POPULATION SYNTHESIS
======================================================================

======================================================================
GENERATING SNR-CONSISTENT POPULATIONS
======================================================================
Target SNR:          4.0
Simulations:         1
======================================================================


──────────────────────────────────────────────────────────────────────
SIMULATION 1/1
──────────────────────────────────────────────────────────────────────
  [B1855+09] zeroing residuals...
  [B1855+09] adding red noise...
  [B1855+09] white noise for 430_PUPPI (1185 TOAs)...
  [B1855+09] white noise for 430_ASP (390 TOAs)...
  [B1855+09] white noise for L-wide_PUPPI (5005 TOAs)...
  [B1855+09] white noise for L-wide_ASP (1178 TOAs)...
  [B1937+21] zeroing residuals...
  [B1937+21] adding red noise...
  [B1937+21] white noise for Rcvr_800_GUPPI (7140 TOAs)...
  [B1937+21] white noise for S-wide_ASP (344 TOAs)...
  [B1937+21] white noise for S-wide_PUPPI (2251 TOAs)...
  [B1937+21] white noise for Rcvr_800_GASP (586 TOAs)...
  [B1937+21] white noise for Rcvr1_2_GUPPI (7048 TOAs)...
  [B1937+21] white noise for L-wide_ASP (452 TOAs)...
  [B1937+21] white noise for Rcvr1_2_GASP (1069 TOAs)...
  [B1937+21] white noise for L-wide_PUPPI (4133 TOAs)...
  [B1953+29] zeroing residuals...
  [B1953+29] adding red noise...
  [B1953+29] white noise for S-wide_ASP (25 TOAs)...
  [B1953+29] white noise for 430_PUPPI (941 TOAs)...
  [B1953+29] white noise for 430_ASP (29 TOAs)...
  [B1953+29] white noise for L-wide_ASP (94 TOAs)...
  [B1953+29] white noise for L-wide_PUPPI (4037 TOAs)...
  [J0023+0923] zeroing residuals...
  [J0023+0923] adding red noise...
  [J0023+0923] white noise for 430_PUPPI (4564 TOAs)...
  [J0023+0923] white noise for 430_ASP (90 TOAs)...
  [J0023+0923] white noise for L-wide_PUPPI (11123 TOAs)...
  [J0023+0923] white noise for L-wide_ASP (119 TOAs)...
  [J0030+0451] zeroing residuals...
  [J0030+0451] adding red noise...
  [J0030+0451] white noise for 430_PUPPI (3068 TOAs)...
  [J0030+0451] white noise for S-wide_PUPPI (2673 TOAs)...
  [J0030+0451] white noise for 430_ASP (267 TOAs)...
  [J0030+0451] white noise for L-wide_ASP (789 TOAs)...
  [J0030+0451] white noise for L-wide_PUPPI (12774 TOAs)...
  [J0340+4130] zeroing residuals...
  [J0340+4130] adding red noise...
  [J0340+4130] white noise for Rcvr1_2_GUPPI (5037 TOAs)...
  [J0340+4130] white noise for Rcvr_800_GUPPI (6056 TOAs)...
  [J0406+3039] zeroing residuals...
  [J0406+3039] adding red noise...
  [J0406+3039] white noise for S-wide_PUPPI (575 TOAs)...
  [J0406+3039] white noise for L-wide_PUPPI (1871 TOAs)...
  [J0437-4715] zeroing residuals...
  [J0437-4715] adding red noise...
  [J0437-4715] white noise for 1.5GHz_YUPPI (2134 TOAs)...
  [J0437-4715] white noise for 3GHz_YUPPI (3696 TOAs)...
  [J0509+0856] zeroing residuals...
  [J0509+0856] adding red noise...
  [J0509+0856] white noise for S-wide_PUPPI (544 TOAs)...
  [J0509+0856] white noise for L-wide_PUPPI (1625 TOAs)...
  [J0557+1551] zeroing residuals...
  [J0557+1551] adding red noise...
  [J0557+1551] white noise for S-wide_PUPPI (58 TOAs)...
  [J0557+1551] white noise for L-wide_PUPPI (467 TOAs)...
  [J0605+3757] zeroing residuals...
  [J0605+3757] adding red noise...
  [J0605+3757] white noise for Rcvr1_2_GUPPI (318 TOAs)...
  [J0605+3757] white noise for Rcvr_800_GUPPI (236 TOAs)...
  [J0610-2100] zeroing residuals...
  [J0610-2100] adding red noise...
  [J0610-2100] white noise for Rcvr1_2_GUPPI (2401 TOAs)...
  [J0610-2100] white noise for Rcvr_800_GUPPI (2484 TOAs)...
  [J0613-0200] zeroing residuals...
  [J0613-0200] adding red noise...
  [J0613-0200] white noise for Rcvr1_2_GUPPI (7423 TOAs)...
  [J0613-0200] white noise for Rcvr1_2_GASP (992 TOAs)...
  [J0613-0200] white noise for Rcvr_800_GASP (809 TOAs)...
  [J0613-0200] white noise for Rcvr_800_GUPPI (7900 TOAs)...
  [J0636+5128] zeroing residuals...
  [J0636+5128] adding red noise...
  [J0636+5128] white noise for Rcvr1_2_GUPPI (14803 TOAs)...
  [J0636+5128] white noise for Rcvr_800_GUPPI (17419 TOAs)...
  [J0645+5158] zeroing residuals...
  [J0645+5158] adding red noise...
  [J0645+5158] white noise for Rcvr1_2_GUPPI (5721 TOAs)...
  [J0645+5158] white noise for Rcvr_800_GUPPI (4682 TOAs)...
  [J0709+0458] zeroing residuals...
  [J0709+0458] adding red noise...
  [J0709+0458] white noise for S-wide_PUPPI (595 TOAs)...
  [J0709+0458] white noise for L-wide_PUPPI (2435 TOAs)...
  [J0740+6620] zeroing residuals...
  [J0740+6620] adding red noise...
  [J0740+6620] white noise for Rcvr1_2_GUPPI (8265 TOAs)...
  [J0740+6620] white noise for Rcvr_800_GUPPI (5136 TOAs)...
  [J0931-1902] zeroing residuals...
  [J0931-1902] adding red noise...
  [J0931-1902] white noise for Rcvr1_2_GUPPI (2054 TOAs)...
  [J0931-1902] white noise for Rcvr_800_GUPPI (3419 TOAs)...
  [J1012+5307] zeroing residuals...
  [J1012+5307] adding red noise...
  [J1012+5307] white noise for Rcvr1_2_GUPPI (12849 TOAs)...
  [J1012+5307] white noise for Rcvr1_2_GASP (1479 TOAs)...
  [J1012+5307] white noise for Rcvr_800_GASP (1210 TOAs)...
  [J1012+5307] white noise for Rcvr_800_GUPPI (10299 TOAs)...
  [J1012-4235] zeroing residuals...
  [J1012-4235] adding red noise...
  [J1012-4235] white noise for Rcvr1_2_GUPPI (455 TOAs)...
  [J1012-4235] white noise for Rcvr_800_GUPPI (342 TOAs)...
  [J1022+1001] zeroing residuals...
  [J1022+1001] adding red noise...
  [J1022+1001] white noise for 430_PUPPI (232 TOAs)...
  [J1022+1001] white noise for S-wide_PUPPI (1154 TOAs)...
  [J1022+1001] white noise for L-wide_PUPPI (2592 TOAs)...
  [J1024-0719] zeroing residuals...
  [J1024-0719] adding red noise...
  [J1024-0719] white noise for Rcvr1_2_GUPPI (7086 TOAs)...
  [J1024-0719] white noise for Rcvr1_2_GASP (43 TOAs)...
  [J1024-0719] white noise for Rcvr_800_GASP (51 TOAs)...
  [J1024-0719] white noise for Rcvr_800_GUPPI (5455 TOAs)...
  [J1125+7819] zeroing residuals...
  [J1125+7819] adding red noise...
  [J1125+7819] white noise for Rcvr1_2_GUPPI (4016 TOAs)...
  [J1125+7819] white noise for Rcvr_800_GUPPI (4707 TOAs)...
  [J1312+0051] zeroing residuals...
  [J1312+0051] adding red noise...
  [J1312+0051] white noise for S-wide_PUPPI (416 TOAs)...
  [J1312+0051] white noise for L-wide_PUPPI (1289 TOAs)...
  [J1453+1902] zeroing residuals...
  [J1453+1902] adding red noise...
  [J1453+1902] white noise for 430_PUPPI (425 TOAs)...
  [J1453+1902] white noise for S-wide_PUPPI (4 TOAs)...
  [J1453+1902] white noise for L-wide_PUPPI (2122 TOAs)...
  [J1455-3330] zeroing residuals...
  [J1455-3330] adding red noise...
  [J1455-3330] white noise for Rcvr1_2_GUPPI (4932 TOAs)...
  [J1455-3330] white noise for Rcvr1_2_GASP (564 TOAs)...
  [J1455-3330] white noise for Rcvr_800_GASP (479 TOAs)...
  [J1455-3330] white noise for Rcvr_800_GUPPI (4843 TOAs)...
  [J1600-3053] zeroing residuals...
  [J1600-3053] adding red noise...
  [J1600-3053] white noise for Rcvr_800_GUPPI (8796 TOAs)...
  [J1600-3053] white noise for Rcvr_800_GASP (297 TOAs)...
  [J1600-3053] white noise for Rcvr1_2_GUPPI (10168 TOAs)...
  [J1600-3053] white noise for Rcvr1_2_GASP (457 TOAs)...
  [J1600-3053] white noise for 3GHz_YUPPI (3237 TOAs)...
  [J1614-2230] zeroing residuals...
  [J1614-2230] adding red noise...
  [J1614-2230] white noise for Rcvr1_2_GUPPI (10509 TOAs)...
  [J1614-2230] white noise for Rcvr1_2_GASP (84 TOAs)...
  [J1614-2230] white noise for Rcvr_800_GASP (84 TOAs)...
  [J1614-2230] white noise for Rcvr_800_GUPPI (7768 TOAs)...
  [J1630+3734] zeroing residuals...
  [J1630+3734] adding red noise...
  [J1630+3734] white noise for Rcvr1_2_GUPPI (909 TOAs)...
  [J1630+3734] white noise for Rcvr_800_GUPPI (906 TOAs)...
  [J1640+2224] zeroing residuals...
  [J1640+2224] adding red noise...
  [J1640+2224] white noise for 430_PUPPI (3157 TOAs)...
  [J1640+2224] white noise for 430_ASP (340 TOAs)...
  [J1640+2224] white noise for L-wide_PUPPI (9847 TOAs)...
  [J1640+2224] white noise for L-wide_ASP (722 TOAs)...
  [J1643-1224] zeroing residuals...
  [J1643-1224] adding red noise...
  [J1643-1224] white noise for Rcvr_800_GUPPI (7734 TOAs)...
  [J1643-1224] white noise for Rcvr_800_GASP (559 TOAs)...
  [J1643-1224] white noise for Rcvr1_2_GUPPI (8803 TOAs)...
  [J1643-1224] white noise for Rcvr1_2_GASP (833 TOAs)...
  [J1643-1224] white noise for 3GHz_YUPPI (4215 TOAs)...
  [J1705-1903] zeroing residuals...
  [J1705-1903] adding red noise...
  [J1705-1903] white noise for Rcvr1_2_GUPPI (6350 TOAs)...
  [J1705-1903] white noise for Rcvr_800_GUPPI (3521 TOAs)...
  [J1713+0747] zeroing residuals...
  [J1713+0747] adding red noise...
  [J1713+0747] white noise for Rcvr_800_GUPPI (8479 TOAs)...
  [J1713+0747] white noise for S-wide_ASP (624 TOAs)...
  [J1713+0747] white noise for S-wide_PUPPI (7482 TOAs)...
  [J1713+0747] white noise for Rcvr_800_GASP (1032 TOAs)...
  [J1713+0747] white noise for Rcvr1_2_GUPPI (22334 TOAs)...
  [J1713+0747] white noise for L-wide_ASP (843 TOAs)...
  [J1713+0747] white noise for 1.5GHz_YUPPI (1461 TOAs)...
  [J1713+0747] white noise for Rcvr1_2_GASP (1109 TOAs)...
  [J1713+0747] white noise for 3GHz_YUPPI (3282 TOAs)...
  [J1713+0747] white noise for L-wide_PUPPI (12743 TOAs)...
  [J1719-1438] zeroing residuals...
  [J1719-1438] adding red noise...
  [J1719-1438] white noise for Rcvr1_2_GUPPI (2722 TOAs)...
  [J1719-1438] white noise for Rcvr_800_GUPPI (3634 TOAs)...
  [J1730-2304] zeroing residuals...
  [J1730-2304] adding red noise...
  [J1730-2304] white noise for Rcvr1_2_GUPPI (2367 TOAs)...
  [J1730-2304] white noise for Rcvr_800_GUPPI (2503 TOAs)...
  [J1738+0333] zeroing residuals...
  [J1738+0333] adding red noise...
  [J1738+0333] white noise for S-wide_ASP (134 TOAs)...
  [J1738+0333] white noise for S-wide_PUPPI (1737 TOAs)...
  [J1738+0333] white noise for L-wide_PUPPI (6718 TOAs)...
  [J1738+0333] white noise for L-wide_ASP (201 TOAs)...
  [J1741+1351] zeroing residuals...
  [J1741+1351] adding red noise...
  [J1741+1351] white noise for S-wide_ASP (115 TOAs)...
  [J1741+1351] white noise for 430_PUPPI (1159 TOAs)...
  [J1741+1351] white noise for 430_ASP (27 TOAs)...
  [J1741+1351] white noise for L-wide_ASP (236 TOAs)...
  [J1741+1351] white noise for L-wide_PUPPI (4045 TOAs)...
  [J1744-1134] zeroing residuals...
  [J1744-1134] adding red noise...
  [J1744-1134] white noise for Rcvr1_2_GUPPI (8109 TOAs)...
  [J1744-1134] white noise for Rcvr1_2_GASP (807 TOAs)...
  [J1744-1134] white noise for Rcvr_800_GASP (930 TOAs)...
  [J1744-1134] white noise for Rcvr_800_GUPPI (7899 TOAs)...
  [J1745+1017] zeroing residuals...
  [J1745+1017] adding red noise...
  [J1745+1017] white noise for S-wide_PUPPI (838 TOAs)...
  [J1745+1017] white noise for L-wide_PUPPI (2179 TOAs)...
  [J1747-4036] zeroing residuals...
  [J1747-4036] adding red noise...
  [J1747-4036] white noise for Rcvr1_2_GUPPI (5239 TOAs)...
  [J1747-4036] white noise for Rcvr_800_GUPPI (5816 TOAs)...
  [J1751-2857] zeroing residuals...
  [J1751-2857] adding red noise...
  [J1751-2857] white noise for Rcvr1_2_GUPPI (1786 TOAs)...
  [J1751-2857] white noise for Rcvr_800_GUPPI (239 TOAs)...
  [J1802-2124] zeroing residuals...
  [J1802-2124] adding red noise...
  [J1802-2124] white noise for Rcvr1_2_GUPPI (3231 TOAs)...
  [J1802-2124] white noise for Rcvr_800_GUPPI (3565 TOAs)...
  [J1811-2405] zeroing residuals...
  [J1811-2405] adding red noise...
  [J1811-2405] white noise for Rcvr1_2_GUPPI (2638 TOAs)...
  [J1811-2405] white noise for Rcvr_800_GUPPI (2628 TOAs)...
  [J1832-0836] zeroing residuals...
  [J1832-0836] adding red noise...
  [J1832-0836] white noise for Rcvr1_2_GUPPI (4661 TOAs)...
  [J1832-0836] white noise for Rcvr_800_GUPPI (3078 TOAs)...
  [J1843-1113] zeroing residuals...
  [J1843-1113] adding red noise...
  [J1843-1113] white noise for Rcvr1_2_GUPPI (2394 TOAs)...
  [J1843-1113] white noise for Rcvr_800_GUPPI (2201 TOAs)...
  [J1853+1303] zeroing residuals...
  [J1853+1303] adding red noise...
  [J1853+1303] white noise for 430_PUPPI (1151 TOAs)...
  [J1853+1303] white noise for 430_ASP (24 TOAs)...
  [J1853+1303] white noise for L-wide_PUPPI (3362 TOAs)...
  [J1853+1303] white noise for L-wide_ASP (33 TOAs)...
  [J1903+0327] zeroing residuals...
  [J1903+0327] adding red noise...
  [J1903+0327] white noise for S-wide_ASP (151 TOAs)...
  [J1903+0327] white noise for S-wide_PUPPI (2282 TOAs)...
  [J1903+0327] white noise for L-wide_ASP (139 TOAs)...
  [J1903+0327] white noise for 3GHz_YUPPI (439 TOAs)...
  [J1903+0327] white noise for L-wide_PUPPI (3845 TOAs)...
  [J1909-3744] zeroing residuals...
  [J1909-3744] adding red noise...
  [J1909-3744] white noise for Rcvr_800_GUPPI (9399 TOAs)...
  [J1909-3744] white noise for Rcvr_800_GASP (866 TOAs)...
  [J1909-3744] white noise for Rcvr1_2_GUPPI (20439 TOAs)...
  [J1909-3744] white noise for Rcvr1_2_GASP (808 TOAs)...
  [J1909-3744] white noise for 3GHz_YUPPI (3525 TOAs)...
  [J1910+1256] zeroing residuals...
  [J1910+1256] adding red noise...
  [J1910+1256] white noise for S-wide_ASP (208 TOAs)...
  [J1910+1256] white noise for S-wide_PUPPI (1857 TOAs)...
  [J1910+1256] white noise for L-wide_PUPPI (4124 TOAs)...
  [J1910+1256] white noise for L-wide_ASP (297 TOAs)...
  [J1911+1347] zeroing residuals...
  [J1911+1347] adding red noise...
  [J1911+1347] white noise for 430_PUPPI (753 TOAs)...
  [J1911+1347] white noise for L-wide_PUPPI (3033 TOAs)...
  [J1918-0642] zeroing residuals...
  [J1918-0642] adding red noise...
  [J1918-0642] white noise for Rcvr1_2_GUPPI (8910 TOAs)...
  [J1918-0642] white noise for Rcvr1_2_GASP (778 TOAs)...
  [J1918-0642] white noise for Rcvr_800_GASP (835 TOAs)...
  [J1918-0642] white noise for Rcvr_800_GUPPI (8352 TOAs)...
  [J1923+2515] zeroing residuals...
  [J1923+2515] adding red noise...
  [J1923+2515] white noise for 430_PUPPI (922 TOAs)...
  [J1923+2515] white noise for 430_ASP (10 TOAs)...
  [J1923+2515] white noise for L-wide_PUPPI (3028 TOAs)...
  [J1923+2515] white noise for L-wide_ASP (14 TOAs)...
  [J1944+0907] zeroing residuals...
  [J1944+0907] adding red noise...
  [J1944+0907] white noise for S-wide_ASP (116 TOAs)...
  [J1944+0907] white noise for 430_PUPPI (1017 TOAs)...
  [J1944+0907] white noise for 430_ASP (38 TOAs)...
  [J1944+0907] white noise for L-wide_ASP (257 TOAs)...
  [J1944+0907] white noise for L-wide_PUPPI (3900 TOAs)...
  [J1946+3417] zeroing residuals...
  [J1946+3417] adding red noise...
  [J1946+3417] white noise for S-wide_PUPPI (1546 TOAs)...
  [J1946+3417] white noise for L-wide_PUPPI (3197 TOAs)...
  [J2010-1323] zeroing residuals...
  [J2010-1323] adding red noise...
  [J2010-1323] white noise for Rcvr1_2_GUPPI (7779 TOAs)...
  [J2010-1323] white noise for Rcvr1_2_GASP (70 TOAs)...
  [J2010-1323] white noise for Rcvr_800_GASP (70 TOAs)...
  [J2010-1323] white noise for Rcvr_800_GUPPI (9158 TOAs)...
  [J2017+0603] zeroing residuals...
  [J2017+0603] adding red noise...
  [J2017+0603] white noise for 430_PUPPI (78 TOAs)...
  [J2017+0603] white noise for S-wide_PUPPI (849 TOAs)...
  [J2017+0603] white noise for L-wide_PUPPI (2569 TOAs)...
  [J2017+0603] white noise for L-wide_ASP (16 TOAs)...
  [J2033+1734] zeroing residuals...
  [J2033+1734] adding red noise...
  [J2033+1734] white noise for 430_PUPPI (797 TOAs)...
  [J2033+1734] white noise for L-wide_PUPPI (3050 TOAs)...
  [J2043+1711] zeroing residuals...
  [J2043+1711] adding red noise...
  [J2043+1711] white noise for 430_PUPPI (2908 TOAs)...
  [J2043+1711] white noise for 430_ASP (30 TOAs)...
  [J2043+1711] white noise for L-wide_PUPPI (4419 TOAs)...
  [J2043+1711] white noise for L-wide_ASP (40 TOAs)...
  [J2124-3358] zeroing residuals...
  [J2124-3358] adding red noise...
  [J2124-3358] white noise for Rcvr1_2_GUPPI (2957 TOAs)...
  [J2124-3358] white noise for Rcvr_800_GUPPI (2025 TOAs)...
  [J2145-0750] zeroing residuals...
  [J2145-0750] adding red noise...
  [J2145-0750] white noise for Rcvr1_2_GUPPI (9158 TOAs)...
  [J2145-0750] white noise for Rcvr1_2_GASP (427 TOAs)...
  [J2145-0750] white noise for Rcvr_800_GASP (362 TOAs)...
  [J2145-0750] white noise for Rcvr_800_GUPPI (8728 TOAs)...
  [J2214+3000] zeroing residuals...
  [J2214+3000] adding red noise...
  [J2214+3000] white noise for S-wide_PUPPI (1568 TOAs)...
  [J2214+3000] white noise for L-wide_PUPPI (5829 TOAs)...
  [J2214+3000] white noise for L-wide_ASP (9 TOAs)...
  [J2229+2643] zeroing residuals...
  [J2229+2643] adding red noise...
  [J2229+2643] white noise for 430_PUPPI (956 TOAs)...
  [J2229+2643] white noise for L-wide_PUPPI (2755 TOAs)...
  [J2234+0611] zeroing residuals...
  [J2234+0611] adding red noise...
  [J2234+0611] white noise for 430_PUPPI (653 TOAs)...
  [J2234+0611] white noise for L-wide_PUPPI (2913 TOAs)...
  [J2234+0944] zeroing residuals...
  [J2234+0944] adding red noise...
  [J2234+0944] white noise for S-wide_PUPPI (2532 TOAs)...
  [J2234+0944] white noise for L-wide_PUPPI (5003 TOAs)...
  [J2302+4442] zeroing residuals...
  [J2302+4442] adding red noise...
  [J2302+4442] white noise for Rcvr1_2_GUPPI (3779 TOAs)...
  [J2302+4442] white noise for Rcvr_800_GUPPI (6432 TOAs)...
  [J2317+1439] zeroing residuals...
  [J2317+1439] adding red noise...
  [J2317+1439] white noise for 430_PUPPI (3217 TOAs)...
  [J2317+1439] white noise for 327_ASP (413 TOAs)...
  [J2317+1439] white noise for 430_ASP (458 TOAs)...
  [J2317+1439] white noise for 327_PUPPI (276 TOAs)...
  [J2317+1439] white noise for L-wide_PUPPI (9563 TOAs)...
  [J2322+2057] zeroing residuals...
  [J2322+2057] adding red noise...
  [J2322+2057] white noise for 430_PUPPI (752 TOAs)...
  [J2322+2057] white noise for S-wide_PUPPI (140 TOAs)...
  [J2322+2057] white noise for L-wide_PUPPI (2196 TOAs)...
Resetting pulsars to clean stoas...
Restore: 0.01 s
Inject: 0.00 s
Snapshotting into enterprise Pulsar objects...
Building PTA...
PTA build: 515.14 s
Computing optimal statistic...
OS time: 74.28 s
Total: 589.43 s
Noise-only SNR baseline: -0.3392

Generating SNR-consistent population...
Target SNR: 4.0
Resetting pulsars to clean stoas...
Restore: 0.01 s
Injecting population...
  B1855+09: RMS = 1029.404 ns
  B1937+21: RMS = 844.790 ns
  B1953+29: RMS = 751.987 ns
  J0023+0923: RMS = 1806.651 ns
  J0030+0451: RMS = 2481.358 ns
  J0340+4130: RMS = 3058.119 ns
  J0406+3039: RMS = 4812.689 ns
  J0437-4715: RMS = 1996.093 ns
  J0509+0856: RMS = 2216.724 ns
  J0557+1551: RMS = 1969.041 ns
  J0605+3757: RMS = 1340.970 ns
  J0610-2100: RMS = 298.160 ns
  J0613-0200: RMS = 4397.185 ns
  J0636+5128: RMS = 1320.020 ns
  J0645+5158: RMS = 1721.241 ns
  J0709+0458: RMS = 1244.907 ns
  J0740+6620: RMS = 1689.331 ns
  J0931-1902: RMS = 2400.129 ns
  J1012+5307: RMS = 2218.137 ns
  J1012-4235: RMS = 1007.605 ns
  J1022+1001: RMS = 1880.713 ns
  J1024-0719: RMS = 1529.654 ns
  J1125+7819: RMS = 3711.895 ns
  J1312+0051: RMS = 1257.960 ns
  J1453+1902: RMS = 2962.249 ns
  J1455-3330: RMS = 4814.568 ns
  J1600-3053: RMS = 4928.056 ns
  J1614-2230: RMS = 3677.223 ns
  J1630+3734: RMS = 3016.880 ns
  J1640+2224: RMS = 3585.020 ns
  J1643-1224: RMS = 1253.042 ns
  J1705-1903: RMS = 2475.618 ns
  J1713+0747: RMS = 2775.521 ns
  J1719-1438: RMS = 1363.746 ns
  J1730-2304: RMS = 943.455 ns
  J1738+0333: RMS = 2321.360 ns
  J1741+1351: RMS = 2449.791 ns
  J1744-1134: RMS = 1466.188 ns
  J1745+1017: RMS = 1315.674 ns
  J1747-4036: RMS = 3973.108 ns
  J1751-2857: RMS = 2441.376 ns
  J1802-2124: RMS = 429.285 ns
  J1811-2405: RMS = 897.620 ns
  J1832-0836: RMS = 876.335 ns
  J1843-1113: RMS = 513.012 ns
  J1853+1303: RMS = 779.391 ns
  J1903+0327: RMS = 840.839 ns
  J1909-3744: RMS = 3942.024 ns
  J1910+1256: RMS = 503.490 ns
  J1911+1347: RMS = 1084.224 ns
  J1918-0642: RMS = 1939.925 ns
  J1923+2515: RMS = 991.172 ns
  J1944+0907: RMS = 1599.866 ns
  J1946+3417: RMS = 1053.706 ns
  J2010-1323: RMS = 1800.068 ns
  J2017+0603: RMS = 3019.180 ns
  J2033+1734: RMS = 4106.829 ns
  J2043+1711: RMS = 1804.321 ns
  J2124-3358: RMS = 708.966 ns
  J2145-0750: RMS = 2832.121 ns
  J2214+3000: RMS = 2246.646 ns
  J2229+2643: RMS = 1516.712 ns
  J2234+0611: RMS = 2284.437 ns
  J2234+0944: RMS = 2588.341 ns
  J2302+4442: RMS = 1311.417 ns
  J2317+1439: RMS = 2432.120 ns
  J2322+2057: RMS = 1234.041 ns
Inject: 0.71 s
Snapshotting into enterprise Pulsar objects...
Building PTA...
PTA build: 504.98 s
Computing optimal statistic...
OS time: 73.69 s
Total: 579.39 s
Initial SNR: 37.6762, Target SNR: 4.0000
  Initial SNR 37.6762 outside of provided SNR_range [3.5, 4.25] — rescaling.
Scaling distances by factor 2.9599 to achieve target SNR...
Resetting pulsars to clean stoas...
Restore: 0.00 s
Injecting population...
  B1855+09: RMS = 347.784 ns
  B1937+21: RMS = 285.412 ns
  B1953+29: RMS = 254.059 ns
  J0023+0923: RMS = 610.377 ns
  J0030+0451: RMS = 838.326 ns
  J0340+4130: RMS = 1033.185 ns
  J0406+3039: RMS = 1625.966 ns
  J0437-4715: RMS = 674.380 ns
  J0509+0856: RMS = 748.920 ns
  J0557+1551: RMS = 665.240 ns
  J0605+3757: RMS = 453.046 ns
  J0610-2100: RMS = 100.733 ns
  J0613-0200: RMS = 1485.588 ns
  J0636+5128: RMS = 445.969 ns
  J0645+5158: RMS = 581.521 ns
  J0709+0458: RMS = 420.592 ns
  J0740+6620: RMS = 570.740 ns
  J0931-1902: RMS = 810.883 ns
  J1012+5307: RMS = 749.397 ns
  J1012-4235: RMS = 340.419 ns
  J1022+1001: RMS = 635.399 ns
  J1024-0719: RMS = 516.793 ns
  J1125+7819: RMS = 1254.063 ns
  J1312+0051: RMS = 425.002 ns
  J1453+1902: RMS = 1000.795 ns
  J1455-3330: RMS = 1626.601 ns
  J1600-3053: RMS = 1664.943 ns
  J1614-2230: RMS = 1242.349 ns
  J1630+3734: RMS = 1019.252 ns
  J1640+2224: RMS = 1211.199 ns
  J1643-1224: RMS = 423.340 ns
  J1705-1903: RMS = 836.387 ns
  J1713+0747: RMS = 937.710 ns
  J1719-1438: RMS = 460.741 ns
  J1730-2304: RMS = 318.746 ns
  J1738+0333: RMS = 784.271 ns
  J1741+1351: RMS = 827.662 ns
  J1744-1134: RMS = 495.352 ns
  J1745+1017: RMS = 444.500 ns
  J1747-4036: RMS = 1342.314 ns
  J1751-2857: RMS = 824.819 ns
  J1802-2124: RMS = 145.034 ns
  J1811-2405: RMS = 303.261 ns
  J1832-0836: RMS = 296.070 ns
  J1843-1113: RMS = 173.321 ns
  J1853+1303: RMS = 263.317 ns
  J1903+0327: RMS = 284.077 ns
  J1909-3744: RMS = 1331.812 ns
  J1910+1256: RMS = 170.104 ns
  J1911+1347: RMS = 366.305 ns
  J1918-0642: RMS = 655.404 ns
  J1923+2515: RMS = 334.867 ns
  J1944+0907: RMS = 540.514 ns
  J1946+3417: RMS = 355.994 ns
  J2010-1323: RMS = 608.153 ns
  J2017+0603: RMS = 1020.029 ns
  J2033+1734: RMS = 1387.491 ns
  J2043+1711: RMS = 609.590 ns
  J2124-3358: RMS = 239.524 ns
  J2145-0750: RMS = 956.832 ns
  J2214+3000: RMS = 759.029 ns
  J2229+2643: RMS = 512.421 ns
  J2234+0611: RMS = 771.797 ns
  J2234+0944: RMS = 874.471 ns
  J2302+4442: RMS = 443.062 ns
  J2317+1439: RMS = 821.691 ns
  J2322+2057: RMS = 416.921 ns
Inject: 0.71 s
Snapshotting into enterprise Pulsar objects...
Building PTA...
PTA build: 511.37 s
Computing optimal statistic...
OS time: 75.91 s
Total: 587.99 s
  SNR 4.7694 outside of provided SNR_range [3.5, 4.25] — rescaling.
[Iteration 1/4] SNR after scaling: 4.7694 (target: 4.0000)
  SNR history: it0→37.6762@1.0000x, it1→4.7694@2.9599x
  Re-scaling distances by factor 1.0923  (cumulative after: 3.2330×)
Resetting pulsars to clean stoas...
Restore: 0.01 s
Injecting population...
  B1855+09: RMS = 318.406 ns
  B1937+21: RMS = 261.302 ns
  B1953+29: RMS = 232.597 ns
  J0023+0923: RMS = 558.816 ns
  J0030+0451: RMS = 767.510 ns
  J0340+4130: RMS = 945.908 ns
  J0406+3039: RMS = 1488.616 ns
  J0437-4715: RMS = 617.413 ns
  J0509+0856: RMS = 685.656 ns
  J0557+1551: RMS = 609.045 ns
  J0605+3757: RMS = 414.776 ns
  J0610-2100: RMS = 92.224 ns
  J0613-0200: RMS = 1360.096 ns
  J0636+5128: RMS = 408.296 ns
  J0645+5158: RMS = 532.398 ns
  J0709+0458: RMS = 385.063 ns
  J0740+6620: RMS = 522.528 ns
  J0931-1902: RMS = 742.385 ns
  J1012+5307: RMS = 686.093 ns
  J1012-4235: RMS = 311.663 ns
  J1022+1001: RMS = 581.725 ns
  J1024-0719: RMS = 473.138 ns
  J1125+7819: RMS = 1148.128 ns
  J1312+0051: RMS = 389.100 ns
  J1453+1902: RMS = 916.255 ns
  J1455-3330: RMS = 1489.197 ns
  J1600-3053: RMS = 1524.300 ns
  J1614-2230: RMS = 1137.404 ns
  J1630+3734: RMS = 933.153 ns
  J1640+2224: RMS = 1108.885 ns
  J1643-1224: RMS = 387.579 ns
  J1705-1903: RMS = 765.735 ns
  J1713+0747: RMS = 858.498 ns
  J1719-1438: RMS = 421.821 ns
  J1730-2304: RMS = 291.821 ns
  J1738+0333: RMS = 718.021 ns
  J1741+1351: RMS = 757.746 ns
  J1744-1134: RMS = 453.508 ns
  J1745+1017: RMS = 406.952 ns
  J1747-4036: RMS = 1228.924 ns
  J1751-2857: RMS = 755.144 ns
  J1802-2124: RMS = 132.782 ns
  J1811-2405: RMS = 277.643 ns
  J1832-0836: RMS = 271.060 ns
  J1843-1113: RMS = 158.680 ns
  J1853+1303: RMS = 241.074 ns
  J1903+0327: RMS = 260.080 ns
  J1909-3744: RMS = 1219.310 ns
  J1910+1256: RMS = 155.735 ns
  J1911+1347: RMS = 335.362 ns
  J1918-0642: RMS = 600.039 ns
  J1923+2515: RMS = 306.580 ns
  J1944+0907: RMS = 494.855 ns
  J1946+3417: RMS = 325.922 ns
  J2010-1323: RMS = 556.780 ns
  J2017+0603: RMS = 933.864 ns
  J2033+1734: RMS = 1270.286 ns
  J2043+1711: RMS = 558.096 ns
  J2124-3358: RMS = 219.291 ns
  J2145-0750: RMS = 876.005 ns
  J2214+3000: RMS = 694.911 ns
  J2229+2643: RMS = 469.135 ns
  J2234+0611: RMS = 706.600 ns
  J2234+0944: RMS = 800.601 ns
  J2302+4442: RMS = 405.635 ns
  J2317+1439: RMS = 752.280 ns
  J2322+2057: RMS = 381.702 ns
Inject: 0.73 s
Snapshotting into enterprise Pulsar objects...
Building PTA...
PTA build: 496.74 s
Computing optimal statistic...
OS time: 59.53 s
Total: 557.00 s
  ✓ SNR is within the provided SNR_range: 4.0332 ∈ [3.5, 4.25]

Final SNR history:
  it 0: cumulative_scale=1.0000×  SNR=37.6762
  it 1: cumulative_scale=2.9599×  SNR=4.7694
  it 2: cumulative_scale=3.2330×  SNR=4.0332
✓ Simulation 1 done (1727.2 s)

======================================================================
ENSEMBLE SUMMARY
======================================================================
Success rate: 100.0% (1/1)

Binaries per population:
  Mean ± std : 500 ± 0
  Range      : [500, 500]

SNR achieved:
  Mean ± std : 4.0332 ± 0.0000
  Range      : [4.0332, 4.0332]

Total time: 2371.8 s (39.5 min)
======================================================================

💾 Saved: data/2026-04-29/optimistic_run_98/consistent_population_optimistic_targetSNR4.25_sims1.json
💾 Saved compressed pickle: data/2026-04-29/optimistic_run_98/consistent_population_optimistic_targetSNR4.25_sims1.pkl.gz

======================================================================
CONTINUOUS WAVE SNR ANALYSIS
======================================================================

--- Population 1 ---
Precomputation of phiinvs, TNTs, Ts, Nvecs, Sigmas took 0.08 seconds.
Total SNR computation for population took 259.26 seconds.
Top 50 CGW candidates:
   1. proxy_rank=   9  sky_w=1.45  f=4.66e-09 Hz  Mc=3.08e+10 Msun  h0=6.49e-15  SNR=9.270
   2. proxy_rank=   1  sky_w=1.37  f=3.37e-09 Hz  Mc=4.43e+10 Msun  h0=1.69e-14  SNR=7.209
   3. proxy_rank=   6  sky_w=1.47  f=3.63e-09 Hz  Mc=3.45e+10 Msun  h0=6.11e-15  SNR=7.204
   4. proxy_rank=   2  sky_w=1.55  f=2.96e-09 Hz  Mc=3.58e+10 Msun  h0=1.01e-14  SNR=6.954
   5. proxy_rank=  11  sky_w=1.19  f=4.92e-09 Hz  Mc=2.57e+10 Msun  h0=5.21e-15  SNR=5.983
   6. proxy_rank=   3  sky_w=1.02  f=3.29e-09 Hz  Mc=5.87e+10 Msun  h0=1.39e-14  SNR=3.523
   7. proxy_rank=  21  sky_w=0.80  f=5.92e-09 Hz  Mc=2.21e+10 Msun  h0=4.06e-15  SNR=3.426
   8. proxy_rank=   7  sky_w=0.70  f=2.71e-09 Hz  Mc=3.84e+10 Msun  h0=8.20e-15  SNR=3.330
   9. proxy_rank=  13  sky_w=0.79  f=3.46e-09 Hz  Mc=3.09e+10 Msun  h0=5.37e-15  SNR=3.106
  10. proxy_rank=  17  sky_w=0.56  f=3.88e-09 Hz  Mc=2.79e+10 Msun  h0=5.80e-15  SNR=2.854
  11. proxy_rank=   4  sky_w=1.22  f=2.31e-09 Hz  Mc=4.41e+10 Msun  h0=7.22e-15  SNR=2.430
  12. proxy_rank=  22  sky_w=1.28  f=5.03e-09 Hz  Mc=1.46e+10 Msun  h0=1.82e-15  SNR=2.376
  13. proxy_rank=   5  sky_w=0.74  f=2.30e-09 Hz  Mc=4.89e+10 Msun  h0=1.18e-14  SNR=1.932
  14. proxy_rank=  12  sky_w=0.67  f=3.08e-09 Hz  Mc=3.34e+10 Msun  h0=5.66e-15  SNR=1.441
  15. proxy_rank=   8  sky_w=1.02  f=2.42e-09 Hz  Mc=3.42e+10 Msun  h0=4.87e-15  SNR=1.308
  16. proxy_rank=  53  sky_w=1.14  f=8.50e-09 Hz  Mc=6.80e+09 Msun  h0=7.42e-16  SNR=1.207
  17. proxy_rank=  18  sky_w=0.85  f=2.28e-09 Hz  Mc=2.23e+10 Msun  h0=2.20e-15  SNR=0.928
  18. proxy_rank=  16  sky_w=1.49  f=2.59e-09 Hz  Mc=1.62e+10 Msun  h0=1.61e-15  SNR=0.919
  19. proxy_rank=  14  sky_w=0.77  f=1.99e-09 Hz  Mc=2.90e+10 Msun  h0=3.08e-15  SNR=0.896
  20. proxy_rank=  10  sky_w=0.57  f=2.01e-09 Hz  Mc=4.37e+10 Msun  h0=6.41e-15  SNR=0.793
  21. proxy_rank=  63  sky_w=0.50  f=1.20e-08 Hz  Mc=9.10e+09 Msun  h0=1.50e-15  SNR=0.747
  22. proxy_rank=  37  sky_w=0.73  f=3.87e-09 Hz  Mc=1.21e+10 Msun  h0=1.12e-15  SNR=0.746
  23. proxy_rank=  15  sky_w=0.97  f=2.03e-09 Hz  Mc=2.47e+10 Msun  h0=2.44e-15  SNR=0.615
  24. proxy_rank=  23  sky_w=0.98  f=3.31e-09 Hz  Mc=1.44e+10 Msun  h0=1.42e-15  SNR=0.564
  25. proxy_rank=  41  sky_w=1.32  f=3.88e-09 Hz  Mc=7.54e+09 Msun  h0=5.15e-16  SNR=0.551
  26. proxy_rank=  20  sky_w=1.38  f=2.31e-09 Hz  Mc=1.41e+10 Msun  h0=1.06e-15  SNR=0.550
  27. proxy_rank=  47  sky_w=1.44  f=6.38e-09 Hz  Mc=6.58e+09 Msun  h0=5.74e-16  SNR=0.522
  28. proxy_rank=  42  sky_w=1.20  f=4.57e-09 Hz  Mc=5.86e+09 Msun  h0=5.99e-16  SNR=0.517
  29. proxy_rank=  26  sky_w=0.99  f=3.45e-09 Hz  Mc=1.43e+10 Msun  h0=1.38e-15  SNR=0.493
  30. proxy_rank=  29  sky_w=0.50  f=2.89e-09 Hz  Mc=1.92e+10 Msun  h0=2.02e-15  SNR=0.447
  31. proxy_rank=  30  sky_w=0.58  f=2.29e-09 Hz  Mc=1.10e+10 Msun  h0=1.34e-15  SNR=0.362
  32. proxy_rank=  28  sky_w=1.38  f=3.43e-09 Hz  Mc=1.05e+10 Msun  h0=8.76e-16  SNR=0.350
  33. proxy_rank=  32  sky_w=1.21  f=2.32e-09 Hz  Mc=7.31e+09 Msun  h0=6.20e-16  SNR=0.336
  34. proxy_rank=  19  sky_w=1.27  f=2.11e-09 Hz  Mc=1.15e+10 Msun  h0=1.17e-15  SNR=0.312
  35. proxy_rank=  24  sky_w=0.82  f=2.01e-09 Hz  Mc=8.93e+09 Msun  h0=1.02e-15  SNR=0.289
  36. proxy_rank=  33  sky_w=1.41  f=2.07e-09 Hz  Mc=9.29e+09 Msun  h0=4.71e-16  SNR=0.269
  37. proxy_rank=  56  sky_w=0.94  f=3.71e-09 Hz  Mc=6.40e+09 Msun  h0=3.76e-16  SNR=0.260
  38. proxy_rank=  58  sky_w=1.43  f=3.67e-09 Hz  Mc=4.77e+09 Msun  h0=2.35e-16  SNR=0.252
  39. proxy_rank=  34  sky_w=1.01  f=2.10e-09 Hz  Mc=7.56e+09 Msun  h0=6.21e-16  SNR=0.236
  40. proxy_rank=  27  sky_w=1.14  f=2.05e-09 Hz  Mc=1.11e+10 Msun  h0=6.60e-16  SNR=0.200
  41. proxy_rank=  35  sky_w=0.56  f=2.06e-09 Hz  Mc=1.44e+10 Msun  h0=9.78e-16  SNR=0.198
  42. proxy_rank=  49  sky_w=0.95  f=2.68e-09 Hz  Mc=6.21e+09 Msun  h0=3.36e-16  SNR=0.190
  43. proxy_rank=  39  sky_w=0.98  f=3.29e-09 Hz  Mc=9.82e+09 Msun  h0=7.04e-16  SNR=0.185
  44. proxy_rank=  38  sky_w=0.65  f=2.13e-09 Hz  Mc=9.49e+09 Msun  h0=6.91e-16  SNR=0.177
  45. proxy_rank=  45  sky_w=1.39  f=2.48e-09 Hz  Mc=4.53e+09 Msun  h0=2.34e-16  SNR=0.177
  46. proxy_rank=  57  sky_w=1.08  f=3.15e-09 Hz  Mc=5.18e+09 Msun  h0=2.75e-16  SNR=0.174
  47. proxy_rank=  66  sky_w=1.16  f=7.00e-09 Hz  Mc=4.26e+09 Msun  h0=3.44e-16  SNR=0.168
  48. proxy_rank=  31  sky_w=0.65  f=2.05e-09 Hz  Mc=1.45e+10 Msun  h0=1.04e-15  SNR=0.157
  49. proxy_rank=  25  sky_w=0.56  f=2.04e-09 Hz  Mc=1.86e+10 Msun  h0=1.49e-15  SNR=0.145
  50. proxy_rank=  40  sky_w=0.97  f=2.13e-09 Hz  Mc=8.53e+09 Msun  h0=4.26e-16  SNR=0.144
💾 Saved: data/2026-04-29/optimistic_run_98/consistent_population_optimistic_targetSNR4.25_sims1.json
💾 Saved compressed pickle: data/2026-04-29/optimistic_run_98/consistent_population_optimistic_targetSNR4.25_sims1.pkl.gz
Saved to figures/cgw_analysis_optimistic.pdf

======================================================================
ANALYSIS COMPLETE
Results saved to: data/2026-04-29/optimistic_run_98
======================================================================

==========================================
Job finished at: Wed Apr 29 10:52:44 AEST 2026
Exit code: 0
==========================================

+------------------ Job Report: 11728632 (COMPLETED) ------------------+
| Memory (RAM)  [####################] 100.3% (32.1 GB peak / 32 GB)   |
| CPU           [################    ] 82.7% average                   |
| Time          [------------->      ] 66.7% (0-00:46:40 / 0-01:10:00) |
|                                                                      |
| Lustre Filesystem:                                                   |
|   Path    Total Read    Total Write    Total IOPS                    |
|   ------  ------------  -------------  ------------                  |
|   /apps   0 B           0 B            5                             |
|   /fred   21 MB         288.1 KB       106                           |
|   /home   32.2 MB       0 B            2.7 K                         |
|   OS      0 B           0 B            3                             |
|                                                                      |
| Warnings:                                                            |
|   - Too much time requested                                          |
+----------------------------------------------------------------------+
