==========================================
Job ID: 11717853
Job Name: smbhb_realistic
Node: dave311
Start Time: Tue Apr 28 16:47:49 AEST 2026
==========================================

/home/bhoulden/.conda/envs/smbhb312/share/tempo2
Working directory: /fred/oz005/users/bhoulden/SMBHB_population_injections

Loaded modules:

Starting SMBHB analysis...
==========================================

📁 Save directory: data/2026-04-28/realistic_run_53
📝 Run name: realistic_run_53

[MEM] Start: 244.1 MB

📡 Loading pulsars...
======================================================================
LOADING NANOGRAV PULSARS (libstempo)
======================================================================

📦 Loading from cache: nanograv_pulsars_cache.pkl
⚠ Cache load failed: Ran out of input
[DEBUG] Found 76 .par files
[tempo2Util.C:396] Warning: [MISC1] Unknown parameter in par file:  DMDATA
[tempo2Util.C:401] Warning: [DUP1] duplicated warnings have been suppressed.

WARNING: Using tempo RNAMP parameter: setting TNRedC to 100!
[observatory.C:271] Warning: Assuming site 'arecibo' means 'ao'
✓ Loaded B1855+09 (7758 TOAs)

WARNING: Using tempo RNAMP parameter: setting TNRedC to 100!
✓ Loaded B1937+21 (23023 TOAs)

WARNING: Using tempo RNAMP parameter: setting TNRedC to 100!
✓ Loaded B1937+21ao (7241 TOAs)

WARNING: Using tempo RNAMP parameter: setting TNRedC to 100!
✓ Loaded B1937+21gbt (16048 TOAs)

WARNING: Using tempo RNAMP parameter: setting TNRedC to 100!
✓ Loaded B1953+29 (5126 TOAs)
✓ Loaded J0023+0923 (15896 TOAs)

WARNING: Using tempo RNAMP parameter: setting TNRedC to 100!
✓ Loaded J0030+0451 (19571 TOAs)
✓ Loaded J0340+4130 (11093 TOAs)
✓ Loaded J0406+3039 (2446 TOAs)

WARNING: Using tempo RNAMP parameter: setting TNRedC to 100!
✓ Loaded J0437-4715 (5830 TOAs)
✓ Loaded J0509+0856 (2169 TOAs)
✓ Loaded J0557+1551 (525 TOAs)
✓ Loaded J0605+3757 (554 TOAs)

WARNING: Using tempo RNAMP parameter: setting TNRedC to 100!
✓ Loaded J0610-2100 (4885 TOAs)

WARNING: Using tempo RNAMP parameter: setting TNRedC to 100!
✓ Loaded J0613-0200 (17124 TOAs)
✓ Loaded J0614-3329 (1714 TOAs)
✓ Loaded J0636+5128 (32222 TOAs)
✓ Loaded J0645+5158 (10403 TOAs)
✓ Loaded J0709+0458 (3030 TOAs)
✓ Loaded J0740+6620 (13401 TOAs)
✓ Loaded J0931-1902 (5473 TOAs)

WARNING: Using tempo RNAMP parameter: setting TNRedC to 100!
✓ Loaded J1012+5307 (25837 TOAs)
✓ Loaded J1012-4235 (797 TOAs)
✓ Loaded J1022+1001 (3978 TOAs)
✓ Loaded J1024-0719 (12635 TOAs)
✓ Loaded J1125+7819 (8723 TOAs)
✓ Loaded J1312+0051 (1705 TOAs)
✓ Loaded J1453+1902 (2551 TOAs)
✓ Loaded J1455-3330 (10818 TOAs)

WARNING: Using tempo RNAMP parameter: setting TNRedC to 100!
✓ Loaded J1600-3053 (22955 TOAs)

WARNING: Using tempo RNAMP parameter: setting TNRedC to 100!
✓ Loaded J1600-3053gbt (19725 TOAs)

WARNING: Using tempo RNAMP parameter: setting TNRedC to 100!
✓ Loaded J1614-2230 (18445 TOAs)
✓ Loaded J1630+3734 (1815 TOAs)
✓ Loaded J1640+2224 (14066 TOAs)

WARNING: Using tempo RNAMP parameter: setting TNRedC to 100!
✓ Loaded J1643-1224 (22144 TOAs)

WARNING: Using tempo RNAMP parameter: setting TNRedC to 100!
✓ Loaded J1643-1224gbt (17932 TOAs)

WARNING: Using tempo RNAMP parameter: setting TNRedC to 100!
✓ Loaded J1705-1903 (9871 TOAs)

WARNING: Using tempo RNAMP parameter: setting TNRedC to 100!
✓ Loaded J1713+0747 (59389 TOAs)

WARNING: Using tempo RNAMP parameter: setting TNRedC to 100!
✓ Loaded J1713+0747ao (21362 TOAs)

WARNING: Using tempo RNAMP parameter: setting TNRedC to 100!
✓ Loaded J1713+0747gbt (32963 TOAs)
✓ Loaded J1719-1438 (6356 TOAs)
✓ Loaded J1730-2304 (4870 TOAs)
✓ Loaded J1738+0333 (8790 TOAs)
✓ Loaded J1741+1351 (5582 TOAs)

WARNING: Using tempo RNAMP parameter: setting TNRedC to 100!
✓ Loaded J1744-1134 (17745 TOAs)

WARNING: Using tempo RNAMP parameter: setting TNRedC to 100!
✓ Loaded J1745+1017 (3017 TOAs)

WARNING: Using tempo RNAMP parameter: setting TNRedC to 100!
✓ Loaded J1747-4036 (11055 TOAs)
✓ Loaded J1751-2857 (2025 TOAs)

WARNING: Using tempo RNAMP parameter: setting TNRedC to 100!
✓ Loaded J1802-2124 (6796 TOAs)
✓ Loaded J1811-2405 (5266 TOAs)
✓ Loaded J1832-0836 (7739 TOAs)
✓ Loaded J1843-1113 (4595 TOAs)

WARNING: Using tempo RNAMP parameter: setting TNRedC to 100!
✓ Loaded J1853+1303 (4570 TOAs)

WARNING: Using tempo RNAMP parameter: setting TNRedC to 100!
✓ Loaded J1903+0327 (6856 TOAs)

WARNING: Using tempo RNAMP parameter: setting TNRedC to 100!
✓ Loaded J1903+0327ao (6423 TOAs)

WARNING: Using tempo RNAMP parameter: setting TNRedC to 100!
✓ Loaded J1909-3744 (35037 TOAs)

WARNING: Using tempo RNAMP parameter: setting TNRedC to 100!
✓ Loaded J1909-3744gbt (31526 TOAs)
✓ Loaded J1910+1256 (6486 TOAs)
✓ Loaded J1911+1347 (3786 TOAs)
✓ Loaded J1918-0642 (18875 TOAs)
✓ Loaded J1923+2515 (3974 TOAs)
✓ Loaded J1944+0907 (5328 TOAs)

WARNING: Using tempo RNAMP parameter: setting TNRedC to 100!
✓ Loaded J1946+3417 (4743 TOAs)
✓ Loaded J2010-1323 (17077 TOAs)
✓ Loaded J2017+0603 (3512 TOAs)
✓ Loaded J2033+1734 (3847 TOAs)
✓ Loaded J2043+1711 (7397 TOAs)
✓ Loaded J2124-3358 (4982 TOAs)

WARNING: Using tempo RNAMP parameter: setting TNRedC to 100!
✓ Loaded J2145-0750 (18675 TOAs)
✓ Loaded J2214+3000 (7406 TOAs)
✓ Loaded J2229+2643 (3711 TOAs)

WARNING: Using tempo RNAMP parameter: setting TNRedC to 100!
✓ Loaded J2234+0611 (3566 TOAs)
✓ Loaded J2234+0944 (7535 TOAs)
✓ Loaded J2302+4442 (10211 TOAs)
✓ Loaded J2317+1439 (13927 TOAs)
✓ Loaded J2322+2057 (3088 TOAs)
⚠ Could not save cache: no default __reduce__ due to non-trivial __cinit__

✓ Loaded 76 pulsars
✗ Failed: 0 — []
[MEM] After loading pulsars: 8877.0 MB

🔍 Filtering pulsars...

Filtered: 76 → 67 pulsars
[MEM] After filtering pulsars: 8879.2 MB
[MEM] After garbage collection: 8879.3 MB

======================================================================
SMBHB POPULATION ANALYSIS
======================================================================

Configuration: realistic
  Medium mass, medium spread in distance, medium population
  N_binaries: 20000

======================================================================
CONSISTENT POPULATION SYNTHESIS
======================================================================

======================================================================
GENERATING SNR-CONSISTENT POPULATIONS
======================================================================
Target SNR:          4.0
Simulations:         1
======================================================================


──────────────────────────────────────────────────────────────────────
SIMULATION 1/1
──────────────────────────────────────────────────────────────────────
  [B1855+09] zeroing residuals...
  [B1855+09] adding red noise...
  [B1855+09] white noise for L-wide_PUPPI (5005 TOAs)...
  [B1855+09] white noise for 430_ASP (390 TOAs)...
  [B1855+09] white noise for 430_PUPPI (1185 TOAs)...
  [B1855+09] white noise for L-wide_ASP (1178 TOAs)...
  [B1937+21] zeroing residuals...
  [B1937+21] adding red noise...
  [B1937+21] white noise for Rcvr1_2_GASP (1069 TOAs)...
  [B1937+21] white noise for S-wide_PUPPI (2251 TOAs)...
  [B1937+21] white noise for L-wide_ASP (452 TOAs)...
  [B1937+21] white noise for Rcvr_800_GUPPI (7140 TOAs)...
  [B1937+21] white noise for L-wide_PUPPI (4133 TOAs)...
  [B1937+21] white noise for Rcvr_800_GASP (586 TOAs)...
  [B1937+21] white noise for S-wide_ASP (344 TOAs)...
  [B1937+21] white noise for Rcvr1_2_GUPPI (7048 TOAs)...
  [B1953+29] zeroing residuals...
  [B1953+29] adding red noise...
  [B1953+29] white noise for L-wide_ASP (94 TOAs)...
  [B1953+29] white noise for 430_ASP (29 TOAs)...
  [B1953+29] white noise for L-wide_PUPPI (4037 TOAs)...
  [B1953+29] white noise for 430_PUPPI (941 TOAs)...
  [B1953+29] white noise for S-wide_ASP (25 TOAs)...
  [J0023+0923] zeroing residuals...
  [J0023+0923] adding red noise...
  [J0023+0923] white noise for L-wide_PUPPI (11123 TOAs)...
  [J0023+0923] white noise for 430_ASP (90 TOAs)...
  [J0023+0923] white noise for 430_PUPPI (4564 TOAs)...
  [J0023+0923] white noise for L-wide_ASP (119 TOAs)...
  [J0030+0451] zeroing residuals...
  [J0030+0451] adding red noise...
  [J0030+0451] white noise for S-wide_PUPPI (2673 TOAs)...
  [J0030+0451] white noise for L-wide_ASP (789 TOAs)...
  [J0030+0451] white noise for 430_ASP (267 TOAs)...
  [J0030+0451] white noise for L-wide_PUPPI (12774 TOAs)...
  [J0030+0451] white noise for 430_PUPPI (3068 TOAs)...
  [J0340+4130] zeroing residuals...
  [J0340+4130] adding red noise...
  [J0340+4130] white noise for Rcvr_800_GUPPI (6056 TOAs)...
  [J0340+4130] white noise for Rcvr1_2_GUPPI (5037 TOAs)...
  [J0406+3039] zeroing residuals...
  [J0406+3039] adding red noise...
  [J0406+3039] white noise for S-wide_PUPPI (575 TOAs)...
  [J0406+3039] white noise for L-wide_PUPPI (1871 TOAs)...
  [J0437-4715] zeroing residuals...
  [J0437-4715] adding red noise...
  [J0437-4715] white noise for 1.5GHz_YUPPI (2134 TOAs)...
  [J0437-4715] white noise for 3GHz_YUPPI (3696 TOAs)...
  [J0509+0856] zeroing residuals...
  [J0509+0856] adding red noise...
  [J0509+0856] white noise for S-wide_PUPPI (544 TOAs)...
  [J0509+0856] white noise for L-wide_PUPPI (1625 TOAs)...
  [J0557+1551] zeroing residuals...
  [J0557+1551] adding red noise...
  [J0557+1551] white noise for S-wide_PUPPI (58 TOAs)...
  [J0557+1551] white noise for L-wide_PUPPI (467 TOAs)...
  [J0605+3757] zeroing residuals...
  [J0605+3757] adding red noise...
  [J0605+3757] white noise for Rcvr_800_GUPPI (236 TOAs)...
  [J0605+3757] white noise for Rcvr1_2_GUPPI (318 TOAs)...
  [J0610-2100] zeroing residuals...
  [J0610-2100] adding red noise...
  [J0610-2100] white noise for Rcvr_800_GUPPI (2484 TOAs)...
  [J0610-2100] white noise for Rcvr1_2_GUPPI (2401 TOAs)...
  [J0613-0200] zeroing residuals...
  [J0613-0200] adding red noise...
  [J0613-0200] white noise for Rcvr_800_GUPPI (7900 TOAs)...
  [J0613-0200] white noise for Rcvr_800_GASP (809 TOAs)...
  [J0613-0200] white noise for Rcvr1_2_GASP (992 TOAs)...
  [J0613-0200] white noise for Rcvr1_2_GUPPI (7423 TOAs)...
  [J0636+5128] zeroing residuals...
  [J0636+5128] adding red noise...
  [J0636+5128] white noise for Rcvr_800_GUPPI (17419 TOAs)...
  [J0636+5128] white noise for Rcvr1_2_GUPPI (14803 TOAs)...
  [J0645+5158] zeroing residuals...
  [J0645+5158] adding red noise...
  [J0645+5158] white noise for Rcvr_800_GUPPI (4682 TOAs)...
  [J0645+5158] white noise for Rcvr1_2_GUPPI (5721 TOAs)...
  [J0709+0458] zeroing residuals...
  [J0709+0458] adding red noise...
  [J0709+0458] white noise for S-wide_PUPPI (595 TOAs)...
  [J0709+0458] white noise for L-wide_PUPPI (2435 TOAs)...
  [J0740+6620] zeroing residuals...
  [J0740+6620] adding red noise...
  [J0740+6620] white noise for Rcvr_800_GUPPI (5136 TOAs)...
  [J0740+6620] white noise for Rcvr1_2_GUPPI (8265 TOAs)...
  [J0931-1902] zeroing residuals...
  [J0931-1902] adding red noise...
  [J0931-1902] white noise for Rcvr_800_GUPPI (3419 TOAs)...
  [J0931-1902] white noise for Rcvr1_2_GUPPI (2054 TOAs)...
  [J1012+5307] zeroing residuals...
  [J1012+5307] adding red noise...
  [J1012+5307] white noise for Rcvr_800_GUPPI (10299 TOAs)...
  [J1012+5307] white noise for Rcvr_800_GASP (1210 TOAs)...
  [J1012+5307] white noise for Rcvr1_2_GASP (1479 TOAs)...
  [J1012+5307] white noise for Rcvr1_2_GUPPI (12849 TOAs)...
  [J1012-4235] zeroing residuals...
  [J1012-4235] adding red noise...
  [J1012-4235] white noise for Rcvr_800_GUPPI (342 TOAs)...
  [J1012-4235] white noise for Rcvr1_2_GUPPI (455 TOAs)...
  [J1022+1001] zeroing residuals...
  [J1022+1001] adding red noise...
  [J1022+1001] white noise for S-wide_PUPPI (1154 TOAs)...
  [J1022+1001] white noise for 430_PUPPI (232 TOAs)...
  [J1022+1001] white noise for L-wide_PUPPI (2592 TOAs)...
  [J1024-0719] zeroing residuals...
  [J1024-0719] adding red noise...
  [J1024-0719] white noise for Rcvr_800_GUPPI (5455 TOAs)...
  [J1024-0719] white noise for Rcvr_800_GASP (51 TOAs)...
  [J1024-0719] white noise for Rcvr1_2_GASP (43 TOAs)...
  [J1024-0719] white noise for Rcvr1_2_GUPPI (7086 TOAs)...
  [J1125+7819] zeroing residuals...
  [J1125+7819] adding red noise...
  [J1125+7819] white noise for Rcvr_800_GUPPI (4707 TOAs)...
  [J1125+7819] white noise for Rcvr1_2_GUPPI (4016 TOAs)...
  [J1312+0051] zeroing residuals...
  [J1312+0051] adding red noise...
  [J1312+0051] white noise for S-wide_PUPPI (416 TOAs)...
  [J1312+0051] white noise for L-wide_PUPPI (1289 TOAs)...
  [J1453+1902] zeroing residuals...
  [J1453+1902] adding red noise...
  [J1453+1902] white noise for S-wide_PUPPI (4 TOAs)...
  [J1453+1902] white noise for 430_PUPPI (425 TOAs)...
  [J1453+1902] white noise for L-wide_PUPPI (2122 TOAs)...
  [J1455-3330] zeroing residuals...
  [J1455-3330] adding red noise...
  [J1455-3330] white noise for Rcvr_800_GUPPI (4843 TOAs)...
  [J1455-3330] white noise for Rcvr_800_GASP (479 TOAs)...
  [J1455-3330] white noise for Rcvr1_2_GASP (564 TOAs)...
  [J1455-3330] white noise for Rcvr1_2_GUPPI (4932 TOAs)...
  [J1600-3053] zeroing residuals...
  [J1600-3053] adding red noise...
  [J1600-3053] white noise for Rcvr1_2_GASP (457 TOAs)...
  [J1600-3053] white noise for Rcvr_800_GUPPI (8796 TOAs)...
  [J1600-3053] white noise for 3GHz_YUPPI (3237 TOAs)...
  [J1600-3053] white noise for Rcvr_800_GASP (297 TOAs)...
  [J1600-3053] white noise for Rcvr1_2_GUPPI (10168 TOAs)...
  [J1614-2230] zeroing residuals...
  [J1614-2230] adding red noise...
  [J1614-2230] white noise for Rcvr_800_GUPPI (7768 TOAs)...
  [J1614-2230] white noise for Rcvr_800_GASP (84 TOAs)...
  [J1614-2230] white noise for Rcvr1_2_GASP (84 TOAs)...
  [J1614-2230] white noise for Rcvr1_2_GUPPI (10509 TOAs)...
  [J1630+3734] zeroing residuals...
  [J1630+3734] adding red noise...
  [J1630+3734] white noise for Rcvr_800_GUPPI (906 TOAs)...
  [J1630+3734] white noise for Rcvr1_2_GUPPI (909 TOAs)...
  [J1640+2224] zeroing residuals...
  [J1640+2224] adding red noise...
  [J1640+2224] white noise for L-wide_PUPPI (9847 TOAs)...
  [J1640+2224] white noise for 430_ASP (340 TOAs)...
  [J1640+2224] white noise for 430_PUPPI (3157 TOAs)...
  [J1640+2224] white noise for L-wide_ASP (722 TOAs)...
  [J1643-1224] zeroing residuals...
  [J1643-1224] adding red noise...
  [J1643-1224] white noise for Rcvr1_2_GASP (833 TOAs)...
  [J1643-1224] white noise for Rcvr_800_GUPPI (7734 TOAs)...
  [J1643-1224] white noise for 3GHz_YUPPI (4215 TOAs)...
  [J1643-1224] white noise for Rcvr_800_GASP (559 TOAs)...
  [J1643-1224] white noise for Rcvr1_2_GUPPI (8803 TOAs)...
  [J1705-1903] zeroing residuals...
  [J1705-1903] adding red noise...
  [J1705-1903] white noise for Rcvr_800_GUPPI (3521 TOAs)...
  [J1705-1903] white noise for Rcvr1_2_GUPPI (6350 TOAs)...
  [J1713+0747] zeroing residuals...
  [J1713+0747] adding red noise...
  [J1713+0747] white noise for Rcvr1_2_GASP (1109 TOAs)...
  [J1713+0747] white noise for S-wide_PUPPI (7482 TOAs)...
  [J1713+0747] white noise for L-wide_ASP (843 TOAs)...
  [J1713+0747] white noise for 1.5GHz_YUPPI (1461 TOAs)...
  [J1713+0747] white noise for Rcvr_800_GUPPI (8479 TOAs)...
  [J1713+0747] white noise for L-wide_PUPPI (12743 TOAs)...
  [J1713+0747] white noise for 3GHz_YUPPI (3282 TOAs)...
  [J1713+0747] white noise for Rcvr_800_GASP (1032 TOAs)...
  [J1713+0747] white noise for S-wide_ASP (624 TOAs)...
  [J1713+0747] white noise for Rcvr1_2_GUPPI (22334 TOAs)...
  [J1719-1438] zeroing residuals...
  [J1719-1438] adding red noise...
  [J1719-1438] white noise for Rcvr_800_GUPPI (3634 TOAs)...
  [J1719-1438] white noise for Rcvr1_2_GUPPI (2722 TOAs)...
  [J1730-2304] zeroing residuals...
  [J1730-2304] adding red noise...
  [J1730-2304] white noise for Rcvr_800_GUPPI (2503 TOAs)...
  [J1730-2304] white noise for Rcvr1_2_GUPPI (2367 TOAs)...
  [J1738+0333] zeroing residuals...
  [J1738+0333] adding red noise...
  [J1738+0333] white noise for S-wide_ASP (134 TOAs)...
  [J1738+0333] white noise for S-wide_PUPPI (1737 TOAs)...
  [J1738+0333] white noise for L-wide_PUPPI (6718 TOAs)...
  [J1738+0333] white noise for L-wide_ASP (201 TOAs)...
  [J1741+1351] zeroing residuals...
  [J1741+1351] adding red noise...
  [J1741+1351] white noise for L-wide_ASP (236 TOAs)...
  [J1741+1351] white noise for 430_ASP (27 TOAs)...
  [J1741+1351] white noise for L-wide_PUPPI (4045 TOAs)...
  [J1741+1351] white noise for 430_PUPPI (1159 TOAs)...
  [J1741+1351] white noise for S-wide_ASP (115 TOAs)...
  [J1744-1134] zeroing residuals...
  [J1744-1134] adding red noise...
  [J1744-1134] white noise for Rcvr_800_GUPPI (7899 TOAs)...
  [J1744-1134] white noise for Rcvr_800_GASP (930 TOAs)...
  [J1744-1134] white noise for Rcvr1_2_GASP (807 TOAs)...
  [J1744-1134] white noise for Rcvr1_2_GUPPI (8109 TOAs)...
  [J1745+1017] zeroing residuals...
  [J1745+1017] adding red noise...
  [J1745+1017] white noise for S-wide_PUPPI (838 TOAs)...
  [J1745+1017] white noise for L-wide_PUPPI (2179 TOAs)...
  [J1747-4036] zeroing residuals...
  [J1747-4036] adding red noise...
  [J1747-4036] white noise for Rcvr_800_GUPPI (5816 TOAs)...
  [J1747-4036] white noise for Rcvr1_2_GUPPI (5239 TOAs)...
  [J1751-2857] zeroing residuals...
  [J1751-2857] adding red noise...
  [J1751-2857] white noise for Rcvr_800_GUPPI (239 TOAs)...
  [J1751-2857] white noise for Rcvr1_2_GUPPI (1786 TOAs)...
  [J1802-2124] zeroing residuals...
  [J1802-2124] adding red noise...
  [J1802-2124] white noise for Rcvr_800_GUPPI (3565 TOAs)...
  [J1802-2124] white noise for Rcvr1_2_GUPPI (3231 TOAs)...
  [J1811-2405] zeroing residuals...
  [J1811-2405] adding red noise...
  [J1811-2405] white noise for Rcvr_800_GUPPI (2628 TOAs)...
  [J1811-2405] white noise for Rcvr1_2_GUPPI (2638 TOAs)...
  [J1832-0836] zeroing residuals...
  [J1832-0836] adding red noise...
  [J1832-0836] white noise for Rcvr_800_GUPPI (3078 TOAs)...
  [J1832-0836] white noise for Rcvr1_2_GUPPI (4661 TOAs)...
  [J1843-1113] zeroing residuals...
  [J1843-1113] adding red noise...
  [J1843-1113] white noise for Rcvr_800_GUPPI (2201 TOAs)...
  [J1843-1113] white noise for Rcvr1_2_GUPPI (2394 TOAs)...
  [J1853+1303] zeroing residuals...
  [J1853+1303] adding red noise...
  [J1853+1303] white noise for L-wide_PUPPI (3362 TOAs)...
  [J1853+1303] white noise for 430_ASP (24 TOAs)...
  [J1853+1303] white noise for 430_PUPPI (1151 TOAs)...
  [J1853+1303] white noise for L-wide_ASP (33 TOAs)...
  [J1903+0327] zeroing residuals...
  [J1903+0327] adding red noise...
  [J1903+0327] white noise for S-wide_PUPPI (2282 TOAs)...
  [J1903+0327] white noise for L-wide_ASP (139 TOAs)...
  [J1903+0327] white noise for L-wide_PUPPI (3845 TOAs)...
  [J1903+0327] white noise for 3GHz_YUPPI (439 TOAs)...
  [J1903+0327] white noise for S-wide_ASP (151 TOAs)...
  [J1909-3744] zeroing residuals...
  [J1909-3744] adding red noise...
  [J1909-3744] white noise for Rcvr1_2_GASP (808 TOAs)...
  [J1909-3744] white noise for Rcvr_800_GUPPI (9399 TOAs)...
  [J1909-3744] white noise for 3GHz_YUPPI (3525 TOAs)...
  [J1909-3744] white noise for Rcvr_800_GASP (866 TOAs)...
  [J1909-3744] white noise for Rcvr1_2_GUPPI (20439 TOAs)...
  [J1910+1256] zeroing residuals...
  [J1910+1256] adding red noise...
  [J1910+1256] white noise for S-wide_ASP (208 TOAs)...
  [J1910+1256] white noise for S-wide_PUPPI (1857 TOAs)...
  [J1910+1256] white noise for L-wide_PUPPI (4124 TOAs)...
  [J1910+1256] white noise for L-wide_ASP (297 TOAs)...
  [J1911+1347] zeroing residuals...
  [J1911+1347] adding red noise...
  [J1911+1347] white noise for 430_PUPPI (753 TOAs)...
  [J1911+1347] white noise for L-wide_PUPPI (3033 TOAs)...
  [J1918-0642] zeroing residuals...
  [J1918-0642] adding red noise...
  [J1918-0642] white noise for Rcvr_800_GUPPI (8352 TOAs)...
  [J1918-0642] white noise for Rcvr_800_GASP (835 TOAs)...
  [J1918-0642] white noise for Rcvr1_2_GASP (778 TOAs)...
  [J1918-0642] white noise for Rcvr1_2_GUPPI (8910 TOAs)...
  [J1923+2515] zeroing residuals...
  [J1923+2515] adding red noise...
  [J1923+2515] white noise for L-wide_PUPPI (3028 TOAs)...
  [J1923+2515] white noise for 430_ASP (10 TOAs)...
  [J1923+2515] white noise for 430_PUPPI (922 TOAs)...
  [J1923+2515] white noise for L-wide_ASP (14 TOAs)...
  [J1944+0907] zeroing residuals...
  [J1944+0907] adding red noise...
  [J1944+0907] white noise for L-wide_ASP (257 TOAs)...
  [J1944+0907] white noise for 430_ASP (38 TOAs)...
  [J1944+0907] white noise for L-wide_PUPPI (3900 TOAs)...
  [J1944+0907] white noise for 430_PUPPI (1017 TOAs)...
  [J1944+0907] white noise for S-wide_ASP (116 TOAs)...
  [J1946+3417] zeroing residuals...
  [J1946+3417] adding red noise...
  [J1946+3417] white noise for S-wide_PUPPI (1546 TOAs)...
  [J1946+3417] white noise for L-wide_PUPPI (3197 TOAs)...
  [J2010-1323] zeroing residuals...
  [J2010-1323] adding red noise...
  [J2010-1323] white noise for Rcvr_800_GUPPI (9158 TOAs)...
  [J2010-1323] white noise for Rcvr_800_GASP (70 TOAs)...
  [J2010-1323] white noise for Rcvr1_2_GASP (70 TOAs)...
  [J2010-1323] white noise for Rcvr1_2_GUPPI (7779 TOAs)...
  [J2017+0603] zeroing residuals...
  [J2017+0603] adding red noise...
  [J2017+0603] white noise for S-wide_PUPPI (849 TOAs)...
  [J2017+0603] white noise for 430_PUPPI (78 TOAs)...
  [J2017+0603] white noise for L-wide_PUPPI (2569 TOAs)...
  [J2017+0603] white noise for L-wide_ASP (16 TOAs)...
  [J2033+1734] zeroing residuals...
  [J2033+1734] adding red noise...
  [J2033+1734] white noise for 430_PUPPI (797 TOAs)...
  [J2033+1734] white noise for L-wide_PUPPI (3050 TOAs)...
  [J2043+1711] zeroing residuals...
  [J2043+1711] adding red noise...
  [J2043+1711] white noise for L-wide_PUPPI (4419 TOAs)...
  [J2043+1711] white noise for 430_ASP (30 TOAs)...
  [J2043+1711] white noise for 430_PUPPI (2908 TOAs)...
  [J2043+1711] white noise for L-wide_ASP (40 TOAs)...
  [J2124-3358] zeroing residuals...
  [J2124-3358] adding red noise...
  [J2124-3358] white noise for Rcvr_800_GUPPI (2025 TOAs)...
  [J2124-3358] white noise for Rcvr1_2_GUPPI (2957 TOAs)...
  [J2145-0750] zeroing residuals...
  [J2145-0750] adding red noise...
  [J2145-0750] white noise for Rcvr_800_GUPPI (8728 TOAs)...
  [J2145-0750] white noise for Rcvr_800_GASP (362 TOAs)...
  [J2145-0750] white noise for Rcvr1_2_GASP (427 TOAs)...
  [J2145-0750] white noise for Rcvr1_2_GUPPI (9158 TOAs)...
  [J2214+3000] zeroing residuals...
  [J2214+3000] adding red noise...
  [J2214+3000] white noise for S-wide_PUPPI (1568 TOAs)...
  [J2214+3000] white noise for L-wide_PUPPI (5829 TOAs)...
  [J2214+3000] white noise for L-wide_ASP (9 TOAs)...
  [J2229+2643] zeroing residuals...
  [J2229+2643] adding red noise...
  [J2229+2643] white noise for 430_PUPPI (956 TOAs)...
  [J2229+2643] white noise for L-wide_PUPPI (2755 TOAs)...
  [J2234+0611] zeroing residuals...
  [J2234+0611] adding red noise...
  [J2234+0611] white noise for 430_PUPPI (653 TOAs)...
  [J2234+0611] white noise for L-wide_PUPPI (2913 TOAs)...
  [J2234+0944] zeroing residuals...
  [J2234+0944] adding red noise...
  [J2234+0944] white noise for S-wide_PUPPI (2532 TOAs)...
  [J2234+0944] white noise for L-wide_PUPPI (5003 TOAs)...
  [J2302+4442] zeroing residuals...
  [J2302+4442] adding red noise...
  [J2302+4442] white noise for Rcvr_800_GUPPI (6432 TOAs)...
  [J2302+4442] white noise for Rcvr1_2_GUPPI (3779 TOAs)...
  [J2317+1439] zeroing residuals...
  [J2317+1439] adding red noise...
  [J2317+1439] white noise for 430_ASP (458 TOAs)...
  [J2317+1439] white noise for L-wide_PUPPI (9563 TOAs)...
  [J2317+1439] white noise for 327_ASP (413 TOAs)...
  [J2317+1439] white noise for 430_PUPPI (3217 TOAs)...
  [J2317+1439] white noise for 327_PUPPI (276 TOAs)...
  [J2322+2057] zeroing residuals...
  [J2322+2057] adding red noise...
  [J2322+2057] white noise for S-wide_PUPPI (140 TOAs)...
  [J2322+2057] white noise for 430_PUPPI (752 TOAs)...
  [J2322+2057] white noise for L-wide_PUPPI (2196 TOAs)...
Resetting pulsars to clean stoas...
Restore: 0.00 s
Inject: 0.00 s
Snapshotting into enterprise Pulsar objects...
Building PTA...
PTA build: 487.76 s
Computing optimal statistic...
OS time: 46.67 s
Total: 534.43 s
Noise-only SNR baseline: -0.1092

Generating SNR-consistent population...
Target SNR: 4.0
Resetting pulsars to clean stoas...
Restore: 0.00 s
Injecting population...
  B1855+09: RMS = 1257.922 ns
  B1937+21: RMS = 1158.346 ns
  B1953+29: RMS = 1700.700 ns
  J0023+0923: RMS = 1186.740 ns
  J0030+0451: RMS = 2689.400 ns
  J0340+4130: RMS = 1997.684 ns
  J0406+3039: RMS = 852.090 ns
  J0437-4715: RMS = 412.237 ns
  J0509+0856: RMS = 501.762 ns
  J0557+1551: RMS = 736.628 ns
  J0605+3757: RMS = 941.355 ns
  J0610-2100: RMS = 1095.535 ns
  J0613-0200: RMS = 2128.291 ns
  J0636+5128: RMS = 1110.585 ns
  J0645+5158: RMS = 1276.566 ns
  J0709+0458: RMS = 459.044 ns
  J0740+6620: RMS = 2625.763 ns
  J0931-1902: RMS = 1127.594 ns
  J1012+5307: RMS = 2704.718 ns
  J1012-4235: RMS = 1147.097 ns
  J1022+1001: RMS = 1763.929 ns
  J1024-0719: RMS = 1549.405 ns
  J1125+7819: RMS = 2626.610 ns
  J1312+0051: RMS = 1085.779 ns
  J1453+1902: RMS = 1787.409 ns
  J1455-3330: RMS = 1676.630 ns
  J1600-3053: RMS = 1006.627 ns
  J1614-2230: RMS = 2482.869 ns
  J1630+3734: RMS = 790.304 ns
  J1640+2224: RMS = 1908.219 ns
  J1643-1224: RMS = 1934.003 ns
  J1705-1903: RMS = 2867.565 ns
  J1713+0747: RMS = 2301.878 ns
  J1719-1438: RMS = 1871.791 ns
  J1730-2304: RMS = 2010.300 ns
  J1738+0333: RMS = 1209.226 ns
  J1741+1351: RMS = 2438.627 ns
  J1744-1134: RMS = 1031.718 ns
  J1745+1017: RMS = 771.201 ns
  J1747-4036: RMS = 2832.329 ns
  J1751-2857: RMS = 2142.522 ns
  J1802-2124: RMS = 1177.087 ns
  J1811-2405: RMS = 1096.437 ns
  J1832-0836: RMS = 2354.976 ns
  J1843-1113: RMS = 2053.513 ns
  J1853+1303: RMS = 1003.228 ns
  J1903+0327: RMS = 788.709 ns
  J1909-3744: RMS = 2528.094 ns
  J1910+1256: RMS = 1136.997 ns
  J1911+1347: RMS = 1073.392 ns
  J1918-0642: RMS = 2292.391 ns
  J1923+2515: RMS = 1247.611 ns
  J1944+0907: RMS = 1042.027 ns
  J1946+3417: RMS = 757.360 ns
  J2010-1323: RMS = 2426.064 ns
  J2017+0603: RMS = 1498.151 ns
  J2033+1734: RMS = 567.810 ns
  J2043+1711: RMS = 1591.003 ns
  J2124-3358: RMS = 1475.750 ns
  J2145-0750: RMS = 552.881 ns
  J2214+3000: RMS = 1745.186 ns
  J2229+2643: RMS = 1064.589 ns
  J2234+0611: RMS = 1167.161 ns
  J2234+0944: RMS = 940.030 ns
  J2302+4442: RMS = 1036.931 ns
  J2317+1439: RMS = 818.277 ns
  J2322+2057: RMS = 1372.071 ns
Inject: 0.84 s
Snapshotting into enterprise Pulsar objects...
Building PTA...
PTA build: 490.82 s
Computing optimal statistic...
OS time: 49.34 s
Total: 541.01 s
Initial SNR: 23.8847, Target SNR: 4.0000
  Initial SNR 23.8847 outside of provided SNR_range [3.5, 4.25] — rescaling.
Scaling distances by factor 2.4164 to achieve target SNR...
Resetting pulsars to clean stoas...
Restore: 0.01 s
Injecting population...
  B1855+09: RMS = 520.575 ns
  B1937+21: RMS = 479.367 ns
  B1953+29: RMS = 703.813 ns
  J0023+0923: RMS = 491.117 ns
  J0030+0451: RMS = 1112.974 ns
  J0340+4130: RMS = 826.716 ns
  J0406+3039: RMS = 352.626 ns
  J0437-4715: RMS = 170.599 ns
  J0509+0856: RMS = 207.648 ns
  J0557+1551: RMS = 304.844 ns
  J0605+3757: RMS = 389.568 ns
  J0610-2100: RMS = 453.373 ns
  J0613-0200: RMS = 880.766 ns
  J0636+5128: RMS = 459.601 ns
  J0645+5158: RMS = 528.291 ns
  J0709+0458: RMS = 189.970 ns
  J0740+6620: RMS = 1086.639 ns
  J0931-1902: RMS = 466.640 ns
  J1012+5307: RMS = 1119.313 ns
  J1012-4235: RMS = 474.712 ns
  J1022+1001: RMS = 729.979 ns
  J1024-0719: RMS = 641.201 ns
  J1125+7819: RMS = 1086.989 ns
  J1312+0051: RMS = 449.336 ns
  J1453+1902: RMS = 739.697 ns
  J1455-3330: RMS = 693.852 ns
  J1600-3053: RMS = 416.580 ns
  J1614-2230: RMS = 1027.504 ns
  J1630+3734: RMS = 327.057 ns
  J1640+2224: RMS = 789.692 ns
  J1643-1224: RMS = 800.362 ns
  J1705-1903: RMS = 1186.705 ns
  J1713+0747: RMS = 952.603 ns
  J1719-1438: RMS = 774.617 ns
  J1730-2304: RMS = 831.937 ns
  J1738+0333: RMS = 500.423 ns
  J1741+1351: RMS = 1009.194 ns
  J1744-1134: RMS = 426.963 ns
  J1745+1017: RMS = 319.152 ns
  J1747-4036: RMS = 1172.123 ns
  J1751-2857: RMS = 886.655 ns
  J1802-2124: RMS = 487.122 ns
  J1811-2405: RMS = 453.746 ns
  J1832-0836: RMS = 974.577 ns
  J1843-1113: RMS = 849.820 ns
  J1853+1303: RMS = 415.173 ns
  J1903+0327: RMS = 326.397 ns
  J1909-3744: RMS = 1046.219 ns
  J1910+1256: RMS = 470.532 ns
  J1911+1347: RMS = 444.210 ns
  J1918-0642: RMS = 948.677 ns
  J1923+2515: RMS = 516.308 ns
  J1944+0907: RMS = 431.229 ns
  J1946+3417: RMS = 313.424 ns
  J2010-1323: RMS = 1003.996 ns
  J2017+0603: RMS = 619.991 ns
  J2033+1734: RMS = 234.981 ns
  J2043+1711: RMS = 658.416 ns
  J2124-3358: RMS = 610.720 ns
  J2145-0750: RMS = 228.803 ns
  J2214+3000: RMS = 722.223 ns
  J2229+2643: RMS = 440.566 ns
  J2234+0611: RMS = 483.015 ns
  J2234+0944: RMS = 389.019 ns
  J2302+4442: RMS = 429.121 ns
  J2317+1439: RMS = 338.634 ns
  J2322+2057: RMS = 567.814 ns
Inject: 0.88 s
Snapshotting into enterprise Pulsar objects...
Building PTA...
PTA build: 495.23 s
Computing optimal statistic...
OS time: 45.84 s
Total: 541.96 s
  SNR 3.0829 outside of provided SNR_range [3.5, 4.25] — rescaling.
[Iteration 1/4] SNR after scaling: 3.0829 (target: 4.0000)
  SNR history: it0→23.8847@1.0000x, it1→3.0829@2.4164x
  Re-scaling distances by factor 0.6433  (cumulative after: 1.5545×)
Resetting pulsars to clean stoas...
Restore: 0.01 s
Injecting population...
  B1855+09: RMS = 809.224 ns
  B1937+21: RMS = 745.166 ns
  B1953+29: RMS = 1094.064 ns
  J0023+0923: RMS = 763.432 ns
  J0030+0451: RMS = 1730.096 ns
  J0340+4130: RMS = 1285.114 ns
  J0406+3039: RMS = 548.151 ns
  J0437-4715: RMS = 265.193 ns
  J0509+0856: RMS = 322.784 ns
  J0557+1551: RMS = 473.874 ns
  J0605+3757: RMS = 605.575 ns
  J0610-2100: RMS = 704.760 ns
  J0613-0200: RMS = 1369.134 ns
  J0636+5128: RMS = 714.441 ns
  J0645+5158: RMS = 821.217 ns
  J0709+0458: RMS = 295.304 ns
  J0740+6620: RMS = 1689.158 ns
  J0931-1902: RMS = 725.383 ns
  J1012+5307: RMS = 1739.950 ns
  J1012-4235: RMS = 737.930 ns
  J1022+1001: RMS = 1134.739 ns
  J1024-0719: RMS = 996.735 ns
  J1125+7819: RMS = 1689.703 ns
  J1312+0051: RMS = 698.484 ns
  J1453+1902: RMS = 1149.844 ns
  J1455-3330: RMS = 1078.579 ns
  J1600-3053: RMS = 647.565 ns
  J1614-2230: RMS = 1597.234 ns
  J1630+3734: RMS = 508.404 ns
  J1640+2224: RMS = 1227.561 ns
  J1643-1224: RMS = 1244.147 ns
  J1705-1903: RMS = 1844.710 ns
  J1713+0747: RMS = 1480.802 ns
  J1719-1438: RMS = 1204.127 ns
  J1730-2304: RMS = 1293.230 ns
  J1738+0333: RMS = 777.897 ns
  J1741+1351: RMS = 1568.773 ns
  J1744-1134: RMS = 663.706 ns
  J1745+1017: RMS = 496.115 ns
  J1747-4036: RMS = 1822.042 ns
  J1751-2857: RMS = 1378.288 ns
  J1802-2124: RMS = 757.222 ns
  J1811-2405: RMS = 705.340 ns
  J1832-0836: RMS = 1514.960 ns
  J1843-1113: RMS = 1321.029 ns
  J1853+1303: RMS = 645.379 ns
  J1903+0327: RMS = 507.378 ns
  J1909-3744: RMS = 1626.327 ns
  J1910+1256: RMS = 731.432 ns
  J1911+1347: RMS = 690.515 ns
  J1918-0642: RMS = 1474.699 ns
  J1923+2515: RMS = 802.591 ns
  J1944+0907: RMS = 670.338 ns
  J1946+3417: RMS = 487.211 ns
  J2010-1323: RMS = 1560.692 ns
  J2017+0603: RMS = 963.763 ns
  J2033+1734: RMS = 365.273 ns
  J2043+1711: RMS = 1023.495 ns
  J2124-3358: RMS = 949.352 ns
  J2145-0750: RMS = 355.669 ns
  J2214+3000: RMS = 1122.681 ns
  J2229+2643: RMS = 684.852 ns
  J2234+0611: RMS = 750.837 ns
  J2234+0944: RMS = 604.723 ns
  J2302+4442: RMS = 667.060 ns
  J2317+1439: RMS = 526.399 ns
  J2322+2057: RMS = 882.656 ns
Inject: 0.99 s
Snapshotting into enterprise Pulsar objects...
Building PTA...
PTA build: 482.37 s
Computing optimal statistic...
OS time: 53.76 s
Total: 537.12 s
  SNR 8.9556 outside of provided SNR_range [3.5, 4.25] — rescaling.
[Iteration 2/4] SNR after scaling: 8.9556 (target: 4.0000)
  SNR history: it0→23.8847@1.0000x, it1→3.0829@2.4164x, it2→8.9556@1.5545x
  Re-scaling distances by factor 1.2468  (cumulative after: 1.9381×)
Resetting pulsars to clean stoas...
Restore: 10.61 s
Injecting population...
  B1855+09: RMS = 649.047 ns
  B1937+21: RMS = 597.669 ns
  B1953+29: RMS = 877.506 ns
  J0023+0923: RMS = 612.319 ns
  J0030+0451: RMS = 1387.642 ns
  J0340+4130: RMS = 1030.740 ns
  J0406+3039: RMS = 439.650 ns
  J0437-4715: RMS = 212.701 ns
  J0509+0856: RMS = 258.893 ns
  J0557+1551: RMS = 380.076 ns
  J0605+3757: RMS = 485.708 ns
  J0610-2100: RMS = 565.260 ns
  J0613-0200: RMS = 1098.129 ns
  J0636+5128: RMS = 573.025 ns
  J0645+5158: RMS = 658.666 ns
  J0709+0458: RMS = 236.852 ns
  J0740+6620: RMS = 1354.808 ns
  J0931-1902: RMS = 581.801 ns
  J1012+5307: RMS = 1395.546 ns
  J1012-4235: RMS = 591.865 ns
  J1022+1001: RMS = 910.130 ns
  J1024-0719: RMS = 799.442 ns
  J1125+7819: RMS = 1355.245 ns
  J1312+0051: RMS = 560.226 ns
  J1453+1902: RMS = 922.245 ns
  J1455-3330: RMS = 865.086 ns
  J1600-3053: RMS = 519.386 ns
  J1614-2230: RMS = 1281.079 ns
  J1630+3734: RMS = 407.771 ns
  J1640+2224: RMS = 984.579 ns
  J1643-1224: RMS = 997.882 ns
  J1705-1903: RMS = 1479.570 ns
  J1713+0747: RMS = 1187.694 ns
  J1719-1438: RMS = 965.783 ns
  J1730-2304: RMS = 1037.249 ns
  J1738+0333: RMS = 623.921 ns
  J1741+1351: RMS = 1258.252 ns
  J1744-1134: RMS = 532.333 ns
  J1745+1017: RMS = 397.914 ns
  J1747-4036: RMS = 1461.389 ns
  J1751-2857: RMS = 1105.471 ns
  J1802-2124: RMS = 607.338 ns
  J1811-2405: RMS = 565.726 ns
  J1832-0836: RMS = 1215.091 ns
  J1843-1113: RMS = 1059.545 ns
  J1853+1303: RMS = 517.633 ns
  J1903+0327: RMS = 406.948 ns
  J1909-3744: RMS = 1304.414 ns
  J1910+1256: RMS = 586.653 ns
  J1911+1347: RMS = 553.835 ns
  J1918-0642: RMS = 1182.799 ns
  J1923+2515: RMS = 643.727 ns
  J1944+0907: RMS = 537.652 ns
  J1946+3417: RMS = 390.773 ns
  J2010-1323: RMS = 1251.770 ns
  J2017+0603: RMS = 772.997 ns
  J2033+1734: RMS = 292.972 ns
  J2043+1711: RMS = 820.905 ns
  J2124-3358: RMS = 761.439 ns
  J2145-0750: RMS = 285.268 ns
  J2214+3000: RMS = 900.459 ns
  J2229+2643: RMS = 549.293 ns
  J2234+0611: RMS = 602.217 ns
  J2234+0944: RMS = 485.025 ns
  J2302+4442: RMS = 535.022 ns
  J2317+1439: RMS = 422.204 ns
  J2322+2057: RMS = 707.944 ns
Inject: 1.11 s
Snapshotting into enterprise Pulsar objects...
Building PTA...
PTA build: 484.80 s
Computing optimal statistic...
OS time: 48.95 s
Total: 545.47 s
  SNR 5.3371 outside of provided SNR_range [3.5, 4.25] — rescaling.
[Iteration 3/4] SNR after scaling: 5.3371 (target: 4.0000)
  SNR history: it0→23.8847@1.0000x, it1→3.0829@2.4164x, it2→8.9556@1.5545x, it3→5.3371@1.9381x
  Re-scaling distances by factor 1.1166  (cumulative after: 2.1641×)
Resetting pulsars to clean stoas...
Restore: 0.01 s
Injecting population...
  B1855+09: RMS = 581.272 ns
  B1937+21: RMS = 535.259 ns
  B1953+29: RMS = 785.875 ns
  J0023+0923: RMS = 548.380 ns
  J0030+0451: RMS = 1242.743 ns
  J0340+4130: RMS = 923.109 ns
  J0406+3039: RMS = 393.741 ns
  J0437-4715: RMS = 190.490 ns
  J0509+0856: RMS = 231.859 ns
  J0557+1551: RMS = 340.388 ns
  J0605+3757: RMS = 434.990 ns
  J0610-2100: RMS = 506.235 ns
  J0613-0200: RMS = 983.461 ns
  J0636+5128: RMS = 513.189 ns
  J0645+5158: RMS = 589.887 ns
  J0709+0458: RMS = 212.119 ns
  J0740+6620: RMS = 1213.337 ns
  J0931-1902: RMS = 521.049 ns
  J1012+5307: RMS = 1249.821 ns
  J1012-4235: RMS = 530.061 ns
  J1022+1001: RMS = 815.093 ns
  J1024-0719: RMS = 715.963 ns
  J1125+7819: RMS = 1213.728 ns
  J1312+0051: RMS = 501.727 ns
  J1453+1902: RMS = 825.943 ns
  J1455-3330: RMS = 774.753 ns
  J1600-3053: RMS = 465.151 ns
  J1614-2230: RMS = 1147.307 ns
  J1630+3734: RMS = 365.191 ns
  J1640+2224: RMS = 881.767 ns
  J1643-1224: RMS = 893.682 ns
  J1705-1903: RMS = 1325.071 ns
  J1713+0747: RMS = 1063.673 ns
  J1719-1438: RMS = 864.935 ns
  J1730-2304: RMS = 928.938 ns
  J1738+0333: RMS = 558.770 ns
  J1741+1351: RMS = 1126.863 ns
  J1744-1134: RMS = 476.746 ns
  J1745+1017: RMS = 356.363 ns
  J1747-4036: RMS = 1308.789 ns
  J1751-2857: RMS = 990.036 ns
  J1802-2124: RMS = 543.919 ns
  J1811-2405: RMS = 506.652 ns
  J1832-0836: RMS = 1088.209 ns
  J1843-1113: RMS = 948.906 ns
  J1853+1303: RMS = 463.581 ns
  J1903+0327: RMS = 364.454 ns
  J1909-3744: RMS = 1168.205 ns
  J1910+1256: RMS = 525.394 ns
  J1911+1347: RMS = 496.003 ns
  J1918-0642: RMS = 1059.289 ns
  J1923+2515: RMS = 576.508 ns
  J1944+0907: RMS = 481.509 ns
  J1946+3417: RMS = 349.968 ns
  J2010-1323: RMS = 1121.058 ns
  J2017+0603: RMS = 692.279 ns
  J2033+1734: RMS = 262.379 ns
  J2043+1711: RMS = 735.185 ns
  J2124-3358: RMS = 681.928 ns
  J2145-0750: RMS = 255.480 ns
  J2214+3000: RMS = 806.432 ns
  J2229+2643: RMS = 491.935 ns
  J2234+0611: RMS = 539.333 ns
  J2234+0944: RMS = 434.378 ns
  J2302+4442: RMS = 479.155 ns
  J2317+1439: RMS = 378.117 ns
  J2322+2057: RMS = 634.019 ns
Inject: 0.92 s
Snapshotting into enterprise Pulsar objects...
Building PTA...
PTA build: 483.06 s
Computing optimal statistic...
OS time: 46.25 s
Total: 530.25 s
  ✓ SNR is within the provided SNR_range: 4.0770 ∈ [3.5, 4.25]

Final SNR history:
  it 0: cumulative_scale=1.0000×  SNR=23.8847
  it 1: cumulative_scale=2.4164×  SNR=3.0829
  it 2: cumulative_scale=1.5545×  SNR=8.9556
  it 3: cumulative_scale=1.9381×  SNR=5.3371
  it 4: cumulative_scale=2.1641×  SNR=4.0770
✓ Simulation 1 done (2698.4 s)

======================================================================
ENSEMBLE SUMMARY
======================================================================
Success rate: 100.0% (1/1)

Binaries per population:
  Mean ± std : 20000 ± 0
  Range      : [20000, 20000]

SNR achieved:
  Mean ± std : 4.0770 ± 0.0000
  Range      : [4.0770, 4.0770]

Total time: 3272.4 s (54.5 min)
======================================================================

💾 Saved: data/2026-04-28/realistic_run_53/consistent_population_realistic_targetSNR4.25_sims1.json
💾 Saved compressed pickle: data/2026-04-28/realistic_run_53/consistent_population_realistic_targetSNR4.25_sims1.pkl.gz

======================================================================
CONTINUOUS WAVE SNR ANALYSIS
======================================================================

--- Population 1 ---
Precomputation of phiinvs, TNTs, Ts, Nvecs, Sigmas took 0.03 seconds.
Total SNR computation for population took 336.46 seconds.
Top 50 CGW candidates:
   1. proxy_rank=   4  sky_w=0.89  f=1.25e-08 Hz  Mc=2.03e+10 Msun  h0=2.59e-14  SNR=34.111
   2. proxy_rank= 137  sky_w=1.11  f=1.62e-08 Hz  Mc=1.23e+10 Msun  h0=4.85e-15  SNR=7.868
   3. proxy_rank=  17  sky_w=1.00  f=9.28e-09 Hz  Mc=2.60e+10 Msun  h0=1.07e-14  SNR=6.114
   4. proxy_rank=  94  sky_w=0.74  f=8.42e-09 Hz  Mc=1.49e+10 Msun  h0=4.89e-15  SNR=5.141
   5. proxy_rank= 169  sky_w=1.06  f=1.00e-08 Hz  Mc=1.01e+10 Msun  h0=2.64e-15  SNR=3.923
   6. proxy_rank=  11  sky_w=1.19  f=5.21e-09 Hz  Mc=1.38e+10 Msun  h0=5.90e-15  SNR=3.857
   7. proxy_rank= 198  sky_w=0.74  f=1.35e-08 Hz  Mc=1.29e+10 Msun  h0=4.45e-15  SNR=3.805
   8. proxy_rank=  58  sky_w=1.04  f=5.80e-09 Hz  Mc=1.56e+10 Msun  h0=3.32e-15  SNR=3.758
   9. proxy_rank=  39  sky_w=1.38  f=5.38e-09 Hz  Mc=1.19e+10 Msun  h0=2.86e-15  SNR=3.737
  10. proxy_rank= 192  sky_w=0.86  f=8.67e-09 Hz  Mc=1.02e+10 Msun  h0=2.52e-15  SNR=3.081
  11. proxy_rank=   2  sky_w=1.43  f=3.05e-09 Hz  Mc=2.40e+10 Msun  h0=4.53e-15  SNR=3.040
  12. proxy_rank=   9  sky_w=0.64  f=3.34e-09 Hz  Mc=2.80e+10 Msun  h0=7.49e-15  SNR=2.847
  13. proxy_rank=  99  sky_w=1.32  f=1.18e-08 Hz  Mc=1.23e+10 Msun  h0=3.65e-15  SNR=2.811
  14. proxy_rank=   1  sky_w=1.56  f=2.13e-09 Hz  Mc=2.44e+10 Msun  h0=4.50e-15  SNR=2.687
  15. proxy_rank=  27  sky_w=0.94  f=3.74e-09 Hz  Mc=1.82e+10 Msun  h0=3.47e-15  SNR=2.558
  16. proxy_rank=  36  sky_w=1.37  f=3.77e-09 Hz  Mc=1.41e+10 Msun  h0=2.13e-15  SNR=2.281
  17. proxy_rank= 145  sky_w=1.45  f=5.87e-09 Hz  Mc=8.08e+09 Msun  h0=1.27e-15  SNR=2.162
  18. proxy_rank= 260  sky_w=0.50  f=7.57e-09 Hz  Mc=1.25e+10 Msun  h0=2.97e-15  SNR=2.123
  19. proxy_rank= 232  sky_w=0.50  f=9.14e-09 Hz  Mc=1.43e+10 Msun  h0=3.90e-15  SNR=2.102
  20. proxy_rank=  50  sky_w=1.54  f=3.86e-09 Hz  Mc=1.18e+10 Msun  h0=1.63e-15  SNR=2.048
  21. proxy_rank=  12  sky_w=1.58  f=2.74e-09 Hz  Mc=9.49e+09 Msun  h0=2.27e-15  SNR=2.033
  22. proxy_rank=  34  sky_w=1.42  f=4.16e-09 Hz  Mc=1.05e+10 Msun  h0=2.37e-15  SNR=1.951
  23. proxy_rank=  32  sky_w=1.31  f=3.38e-09 Hz  Mc=1.17e+10 Msun  h0=2.14e-15  SNR=1.935
  24. proxy_rank= 142  sky_w=0.59  f=6.09e-09 Hz  Mc=1.46e+10 Msun  h0=3.35e-15  SNR=1.929
  25. proxy_rank= 363  sky_w=1.41  f=9.89e-09 Hz  Mc=5.92e+09 Msun  h0=9.46e-16  SNR=1.929
  26. proxy_rank=  25  sky_w=1.32  f=4.54e-09 Hz  Mc=1.64e+10 Msun  h0=3.07e-15  SNR=1.923
  27. proxy_rank= 222  sky_w=0.76  f=8.88e-09 Hz  Mc=1.11e+10 Msun  h0=2.56e-15  SNR=1.903
  28. proxy_rank=  21  sky_w=1.56  f=3.03e-09 Hz  Mc=1.23e+10 Msun  h0=1.91e-15  SNR=1.848
  29. proxy_rank=  14  sky_w=1.31  f=2.68e-09 Hz  Mc=1.76e+10 Msun  h0=2.54e-15  SNR=1.782
  30. proxy_rank= 189  sky_w=1.38  f=1.30e-08 Hz  Mc=9.33e+09 Msun  h0=2.42e-15  SNR=1.762
  31. proxy_rank= 161  sky_w=0.72  f=6.16e-09 Hz  Mc=1.26e+10 Msun  h0=2.47e-15  SNR=1.736
  32. proxy_rank=  98  sky_w=1.10  f=8.40e-09 Hz  Mc=1.30e+10 Msun  h0=3.15e-15  SNR=1.715
  33. proxy_rank= 153  sky_w=1.07  f=5.28e-09 Hz  Mc=6.63e+09 Msun  h0=1.51e-15  SNR=1.685
  34. proxy_rank= 228  sky_w=0.62  f=5.50e-09 Hz  Mc=1.03e+10 Msun  h0=1.92e-15  SNR=1.595
  35. proxy_rank= 151  sky_w=1.29  f=7.01e-09 Hz  Mc=7.73e+09 Msun  h0=1.68e-15  SNR=1.568
  36. proxy_rank=  67  sky_w=0.98  f=4.81e-09 Hz  Mc=1.36e+10 Msun  h0=2.75e-15  SNR=1.545
  37. proxy_rank=   8  sky_w=1.36  f=2.33e-09 Hz  Mc=1.40e+10 Msun  h0=2.48e-15  SNR=1.535
  38. proxy_rank=   3  sky_w=1.53  f=2.14e-09 Hz  Mc=1.87e+10 Msun  h0=2.64e-15  SNR=1.465
  39. proxy_rank= 103  sky_w=1.28  f=4.99e-09 Hz  Mc=9.68e+09 Msun  h0=1.57e-15  SNR=1.387
  40. proxy_rank=   5  sky_w=1.27  f=2.10e-09 Hz  Mc=2.04e+10 Msun  h0=2.69e-15  SNR=1.378
  41. proxy_rank= 402  sky_w=1.15  f=9.39e-09 Hz  Mc=5.97e+09 Msun  h0=9.55e-16  SNR=1.377
  42. proxy_rank= 216  sky_w=0.55  f=5.32e-09 Hz  Mc=1.23e+10 Msun  h0=2.22e-15  SNR=1.357
  43. proxy_rank= 374  sky_w=1.22  f=7.31e-09 Hz  Mc=6.02e+09 Msun  h0=7.99e-16  SNR=1.315
  44. proxy_rank=  26  sky_w=0.66  f=2.50e-09 Hz  Mc=1.70e+10 Msun  h0=3.28e-15  SNR=1.207
  45. proxy_rank=  41  sky_w=1.48  f=2.90e-09 Hz  Mc=9.90e+09 Msun  h0=1.39e-15  SNR=1.205
  46. proxy_rank= 238  sky_w=1.00  f=5.57e-09 Hz  Mc=8.18e+09 Msun  h0=1.16e-15  SNR=1.196
  47. proxy_rank= 488  sky_w=0.54  f=1.16e-08 Hz  Mc=8.24e+09 Msun  h0=1.96e-15  SNR=1.190
  48. proxy_rank= 128  sky_w=1.02  f=3.62e-09 Hz  Mc=6.31e+09 Msun  h0=1.24e-15  SNR=1.179
  49. proxy_rank=  63  sky_w=1.02  f=3.10e-09 Hz  Mc=7.14e+09 Msun  h0=1.73e-15  SNR=1.163
  50. proxy_rank=  22  sky_w=1.00  f=2.31e-09 Hz  Mc=1.38e+10 Msun  h0=2.24e-15  SNR=1.140
💾 Saved: data/2026-04-28/realistic_run_53/consistent_population_realistic_targetSNR4.25_sims1.json
💾 Saved compressed pickle: data/2026-04-28/realistic_run_53/consistent_population_realistic_targetSNR4.25_sims1.pkl.gz
Saved to figures/cgw_analysis_realistic.pdf

======================================================================
ANALYSIS COMPLETE
Results saved to: data/2026-04-28/realistic_run_53
======================================================================

==========================================
Job finished at: Tue Apr 28 17:50:39 AEST 2026
Exit code: 0
==========================================

+------------------ Job Report: 11717853 (COMPLETED) ------------------+
| Memory (RAM)  [####################] 105.0% (33.6 GB peak / 32 GB)   |
| CPU           [###############     ] 79.0% average                   |
| Time          [------------------->] 96.8% (0-01:02:57 / 0-01:05:00) |
|                                                                      |
| Lustre Filesystem:                                                   |
|   Path    Total Read    Total Write    Total IOPS                    |
|   ------  ------------  -------------  ------------                  |
|   /apps   0 B           0 B            7                             |
|   /fred   160 KB        6.4 MB         87                            |
|   /home   5.5 MB        0 B            2.1 K                         |
|   OS      0 B           0 B            2                             |
+----------------------------------------------------------------------+
