==========================================
Job ID: 11728584
Job Name: smbhb_optimistic
Node: dave310
Start Time: Wed Apr 29 10:06:05 AEST 2026
==========================================

/home/bhoulden/.conda/envs/smbhb312/share/tempo2
Working directory: /fred/oz005/users/bhoulden/SMBHB_population_injections

Loaded modules:

Starting SMBHB analysis...
==========================================

📁 Save directory: data/2026-04-29/optimistic_run_50
📝 Run name: optimistic_run_50

[MEM] Start: 244.1 MB

📡 Loading pulsars...
======================================================================
LOADING NANOGRAV PULSARS (libstempo)
======================================================================

📦 Loading from cache: nanograv_pulsars_cache.pkl
⚠ Cache load failed: Ran out of input
[DEBUG] Found 76 .par files
[tempo2Util.C:396] Warning: [MISC1] Unknown parameter in par file:  DMDATA
[tempo2Util.C:401] Warning: [DUP1] duplicated warnings have been suppressed.

WARNING: Using tempo RNAMP parameter: setting TNRedC to 100!
[observatory.C:271] Warning: Assuming site 'arecibo' means 'ao'
✓ Loaded B1855+09 (7758 TOAs)

WARNING: Using tempo RNAMP parameter: setting TNRedC to 100!
✓ Loaded B1937+21 (23023 TOAs)

WARNING: Using tempo RNAMP parameter: setting TNRedC to 100!
✓ Loaded B1937+21ao (7241 TOAs)

WARNING: Using tempo RNAMP parameter: setting TNRedC to 100!
✓ Loaded B1937+21gbt (16048 TOAs)

WARNING: Using tempo RNAMP parameter: setting TNRedC to 100!
✓ Loaded B1953+29 (5126 TOAs)
✓ Loaded J0023+0923 (15896 TOAs)

WARNING: Using tempo RNAMP parameter: setting TNRedC to 100!
✓ Loaded J0030+0451 (19571 TOAs)
✓ Loaded J0340+4130 (11093 TOAs)
✓ Loaded J0406+3039 (2446 TOAs)

WARNING: Using tempo RNAMP parameter: setting TNRedC to 100!
✓ Loaded J0437-4715 (5830 TOAs)
✓ Loaded J0509+0856 (2169 TOAs)
✓ Loaded J0557+1551 (525 TOAs)
✓ Loaded J0605+3757 (554 TOAs)

WARNING: Using tempo RNAMP parameter: setting TNRedC to 100!
✓ Loaded J0610-2100 (4885 TOAs)

WARNING: Using tempo RNAMP parameter: setting TNRedC to 100!
✓ Loaded J0613-0200 (17124 TOAs)
✓ Loaded J0614-3329 (1714 TOAs)
✓ Loaded J0636+5128 (32222 TOAs)
✓ Loaded J0645+5158 (10403 TOAs)
✓ Loaded J0709+0458 (3030 TOAs)
✓ Loaded J0740+6620 (13401 TOAs)
✓ Loaded J0931-1902 (5473 TOAs)

WARNING: Using tempo RNAMP parameter: setting TNRedC to 100!
✓ Loaded J1012+5307 (25837 TOAs)
✓ Loaded J1012-4235 (797 TOAs)
✓ Loaded J1022+1001 (3978 TOAs)
✓ Loaded J1024-0719 (12635 TOAs)
✓ Loaded J1125+7819 (8723 TOAs)
✓ Loaded J1312+0051 (1705 TOAs)
✓ Loaded J1453+1902 (2551 TOAs)
✓ Loaded J1455-3330 (10818 TOAs)

WARNING: Using tempo RNAMP parameter: setting TNRedC to 100!
✓ Loaded J1600-3053 (22955 TOAs)

WARNING: Using tempo RNAMP parameter: setting TNRedC to 100!
✓ Loaded J1600-3053gbt (19725 TOAs)

WARNING: Using tempo RNAMP parameter: setting TNRedC to 100!
✓ Loaded J1614-2230 (18445 TOAs)
✓ Loaded J1630+3734 (1815 TOAs)
✓ Loaded J1640+2224 (14066 TOAs)

WARNING: Using tempo RNAMP parameter: setting TNRedC to 100!
✓ Loaded J1643-1224 (22144 TOAs)

WARNING: Using tempo RNAMP parameter: setting TNRedC to 100!
✓ Loaded J1643-1224gbt (17932 TOAs)

WARNING: Using tempo RNAMP parameter: setting TNRedC to 100!
✓ Loaded J1705-1903 (9871 TOAs)

WARNING: Using tempo RNAMP parameter: setting TNRedC to 100!
✓ Loaded J1713+0747 (59389 TOAs)

WARNING: Using tempo RNAMP parameter: setting TNRedC to 100!
✓ Loaded J1713+0747ao (21362 TOAs)

WARNING: Using tempo RNAMP parameter: setting TNRedC to 100!
✓ Loaded J1713+0747gbt (32963 TOAs)
✓ Loaded J1719-1438 (6356 TOAs)
✓ Loaded J1730-2304 (4870 TOAs)
✓ Loaded J1738+0333 (8790 TOAs)
✓ Loaded J1741+1351 (5582 TOAs)

WARNING: Using tempo RNAMP parameter: setting TNRedC to 100!
✓ Loaded J1744-1134 (17745 TOAs)

WARNING: Using tempo RNAMP parameter: setting TNRedC to 100!
✓ Loaded J1745+1017 (3017 TOAs)

WARNING: Using tempo RNAMP parameter: setting TNRedC to 100!
✓ Loaded J1747-4036 (11055 TOAs)
✓ Loaded J1751-2857 (2025 TOAs)

WARNING: Using tempo RNAMP parameter: setting TNRedC to 100!
✓ Loaded J1802-2124 (6796 TOAs)
✓ Loaded J1811-2405 (5266 TOAs)
✓ Loaded J1832-0836 (7739 TOAs)
✓ Loaded J1843-1113 (4595 TOAs)

WARNING: Using tempo RNAMP parameter: setting TNRedC to 100!
✓ Loaded J1853+1303 (4570 TOAs)

WARNING: Using tempo RNAMP parameter: setting TNRedC to 100!
✓ Loaded J1903+0327 (6856 TOAs)

WARNING: Using tempo RNAMP parameter: setting TNRedC to 100!
✓ Loaded J1903+0327ao (6423 TOAs)

WARNING: Using tempo RNAMP parameter: setting TNRedC to 100!
✓ Loaded J1909-3744 (35037 TOAs)

WARNING: Using tempo RNAMP parameter: setting TNRedC to 100!
✓ Loaded J1909-3744gbt (31526 TOAs)
✓ Loaded J1910+1256 (6486 TOAs)
✓ Loaded J1911+1347 (3786 TOAs)
✓ Loaded J1918-0642 (18875 TOAs)
✓ Loaded J1923+2515 (3974 TOAs)
✓ Loaded J1944+0907 (5328 TOAs)

WARNING: Using tempo RNAMP parameter: setting TNRedC to 100!
✓ Loaded J1946+3417 (4743 TOAs)
✓ Loaded J2010-1323 (17077 TOAs)
✓ Loaded J2017+0603 (3512 TOAs)
✓ Loaded J2033+1734 (3847 TOAs)
✓ Loaded J2043+1711 (7397 TOAs)
✓ Loaded J2124-3358 (4982 TOAs)

WARNING: Using tempo RNAMP parameter: setting TNRedC to 100!
✓ Loaded J2145-0750 (18675 TOAs)
✓ Loaded J2214+3000 (7406 TOAs)
✓ Loaded J2229+2643 (3711 TOAs)

WARNING: Using tempo RNAMP parameter: setting TNRedC to 100!
✓ Loaded J2234+0611 (3566 TOAs)
✓ Loaded J2234+0944 (7535 TOAs)
✓ Loaded J2302+4442 (10211 TOAs)
✓ Loaded J2317+1439 (13927 TOAs)
✓ Loaded J2322+2057 (3088 TOAs)
⚠ Could not save cache: no default __reduce__ due to non-trivial __cinit__

✓ Loaded 76 pulsars
✗ Failed: 0 — []
[MEM] After loading pulsars: 8865.7 MB

🔍 Filtering pulsars...

Filtered: 76 → 67 pulsars
[MEM] After filtering pulsars: 8868.4 MB
[MEM] After garbage collection: 8868.4 MB

======================================================================
SMBHB POPULATION ANALYSIS
======================================================================

Configuration: optimistic
  Larger mass, higher spread in distance, small population
  N_binaries: 500

======================================================================
CONSISTENT POPULATION SYNTHESIS
======================================================================

======================================================================
GENERATING SNR-CONSISTENT POPULATIONS
======================================================================
Target SNR:          4.0
Simulations:         1
======================================================================


──────────────────────────────────────────────────────────────────────
SIMULATION 1/1
──────────────────────────────────────────────────────────────────────
  [B1855+09] zeroing residuals...
  [B1855+09] adding red noise...
  [B1855+09] white noise for 430_PUPPI (1185 TOAs)...
  [B1855+09] white noise for L-wide_ASP (1178 TOAs)...
  [B1855+09] white noise for 430_ASP (390 TOAs)...
  [B1855+09] white noise for L-wide_PUPPI (5005 TOAs)...
  [B1937+21] zeroing residuals...
  [B1937+21] adding red noise...
  [B1937+21] white noise for Rcvr_800_GASP (586 TOAs)...
  [B1937+21] white noise for L-wide_PUPPI (4133 TOAs)...
  [B1937+21] white noise for L-wide_ASP (452 TOAs)...
  [B1937+21] white noise for S-wide_ASP (344 TOAs)...
  [B1937+21] white noise for Rcvr1_2_GASP (1069 TOAs)...
  [B1937+21] white noise for Rcvr1_2_GUPPI (7048 TOAs)...
  [B1937+21] white noise for Rcvr_800_GUPPI (7140 TOAs)...
  [B1937+21] white noise for S-wide_PUPPI (2251 TOAs)...
  [B1953+29] zeroing residuals...
  [B1953+29] adding red noise...
  [B1953+29] white noise for 430_PUPPI (941 TOAs)...
  [B1953+29] white noise for 430_ASP (29 TOAs)...
  [B1953+29] white noise for L-wide_PUPPI (4037 TOAs)...
  [B1953+29] white noise for L-wide_ASP (94 TOAs)...
  [B1953+29] white noise for S-wide_ASP (25 TOAs)...
  [J0023+0923] zeroing residuals...
  [J0023+0923] adding red noise...
  [J0023+0923] white noise for 430_PUPPI (4564 TOAs)...
  [J0023+0923] white noise for L-wide_ASP (119 TOAs)...
  [J0023+0923] white noise for 430_ASP (90 TOAs)...
  [J0023+0923] white noise for L-wide_PUPPI (11123 TOAs)...
  [J0030+0451] zeroing residuals...
  [J0030+0451] adding red noise...
  [J0030+0451] white noise for 430_PUPPI (3068 TOAs)...
  [J0030+0451] white noise for 430_ASP (267 TOAs)...
  [J0030+0451] white noise for L-wide_PUPPI (12774 TOAs)...
  [J0030+0451] white noise for L-wide_ASP (789 TOAs)...
  [J0030+0451] white noise for S-wide_PUPPI (2673 TOAs)...
  [J0340+4130] zeroing residuals...
  [J0340+4130] adding red noise...
  [J0340+4130] white noise for Rcvr1_2_GUPPI (5037 TOAs)...
  [J0340+4130] white noise for Rcvr_800_GUPPI (6056 TOAs)...
  [J0406+3039] zeroing residuals...
  [J0406+3039] adding red noise...
  [J0406+3039] white noise for S-wide_PUPPI (575 TOAs)...
  [J0406+3039] white noise for L-wide_PUPPI (1871 TOAs)...
  [J0437-4715] zeroing residuals...
  [J0437-4715] adding red noise...
  [J0437-4715] white noise for 3GHz_YUPPI (3696 TOAs)...
  [J0437-4715] white noise for 1.5GHz_YUPPI (2134 TOAs)...
  [J0509+0856] zeroing residuals...
  [J0509+0856] adding red noise...
  [J0509+0856] white noise for S-wide_PUPPI (544 TOAs)...
  [J0509+0856] white noise for L-wide_PUPPI (1625 TOAs)...
  [J0557+1551] zeroing residuals...
  [J0557+1551] adding red noise...
  [J0557+1551] white noise for S-wide_PUPPI (58 TOAs)...
  [J0557+1551] white noise for L-wide_PUPPI (467 TOAs)...
  [J0605+3757] zeroing residuals...
  [J0605+3757] adding red noise...
  [J0605+3757] white noise for Rcvr1_2_GUPPI (318 TOAs)...
  [J0605+3757] white noise for Rcvr_800_GUPPI (236 TOAs)...
  [J0610-2100] zeroing residuals...
  [J0610-2100] adding red noise...
  [J0610-2100] white noise for Rcvr1_2_GUPPI (2401 TOAs)...
  [J0610-2100] white noise for Rcvr_800_GUPPI (2484 TOAs)...
  [J0613-0200] zeroing residuals...
  [J0613-0200] adding red noise...
  [J0613-0200] white noise for Rcvr_800_GASP (809 TOAs)...
  [J0613-0200] white noise for Rcvr1_2_GASP (992 TOAs)...
  [J0613-0200] white noise for Rcvr1_2_GUPPI (7423 TOAs)...
  [J0613-0200] white noise for Rcvr_800_GUPPI (7900 TOAs)...
  [J0636+5128] zeroing residuals...
  [J0636+5128] adding red noise...
  [J0636+5128] white noise for Rcvr1_2_GUPPI (14803 TOAs)...
  [J0636+5128] white noise for Rcvr_800_GUPPI (17419 TOAs)...
  [J0645+5158] zeroing residuals...
  [J0645+5158] adding red noise...
  [J0645+5158] white noise for Rcvr1_2_GUPPI (5721 TOAs)...
  [J0645+5158] white noise for Rcvr_800_GUPPI (4682 TOAs)...
  [J0709+0458] zeroing residuals...
  [J0709+0458] adding red noise...
  [J0709+0458] white noise for S-wide_PUPPI (595 TOAs)...
  [J0709+0458] white noise for L-wide_PUPPI (2435 TOAs)...
  [J0740+6620] zeroing residuals...
  [J0740+6620] adding red noise...
  [J0740+6620] white noise for Rcvr1_2_GUPPI (8265 TOAs)...
  [J0740+6620] white noise for Rcvr_800_GUPPI (5136 TOAs)...
  [J0931-1902] zeroing residuals...
  [J0931-1902] adding red noise...
  [J0931-1902] white noise for Rcvr1_2_GUPPI (2054 TOAs)...
  [J0931-1902] white noise for Rcvr_800_GUPPI (3419 TOAs)...
  [J1012+5307] zeroing residuals...
  [J1012+5307] adding red noise...
  [J1012+5307] white noise for Rcvr_800_GASP (1210 TOAs)...
  [J1012+5307] white noise for Rcvr1_2_GASP (1479 TOAs)...
  [J1012+5307] white noise for Rcvr1_2_GUPPI (12849 TOAs)...
  [J1012+5307] white noise for Rcvr_800_GUPPI (10299 TOAs)...
  [J1012-4235] zeroing residuals...
  [J1012-4235] adding red noise...
  [J1012-4235] white noise for Rcvr1_2_GUPPI (455 TOAs)...
  [J1012-4235] white noise for Rcvr_800_GUPPI (342 TOAs)...
  [J1022+1001] zeroing residuals...
  [J1022+1001] adding red noise...
  [J1022+1001] white noise for 430_PUPPI (232 TOAs)...
  [J1022+1001] white noise for S-wide_PUPPI (1154 TOAs)...
  [J1022+1001] white noise for L-wide_PUPPI (2592 TOAs)...
  [J1024-0719] zeroing residuals...
  [J1024-0719] adding red noise...
  [J1024-0719] white noise for Rcvr_800_GASP (51 TOAs)...
  [J1024-0719] white noise for Rcvr1_2_GASP (43 TOAs)...
  [J1024-0719] white noise for Rcvr1_2_GUPPI (7086 TOAs)...
  [J1024-0719] white noise for Rcvr_800_GUPPI (5455 TOAs)...
  [J1125+7819] zeroing residuals...
  [J1125+7819] adding red noise...
  [J1125+7819] white noise for Rcvr1_2_GUPPI (4016 TOAs)...
  [J1125+7819] white noise for Rcvr_800_GUPPI (4707 TOAs)...
  [J1312+0051] zeroing residuals...
  [J1312+0051] adding red noise...
  [J1312+0051] white noise for S-wide_PUPPI (416 TOAs)...
  [J1312+0051] white noise for L-wide_PUPPI (1289 TOAs)...
  [J1453+1902] zeroing residuals...
  [J1453+1902] adding red noise...
  [J1453+1902] white noise for 430_PUPPI (425 TOAs)...
  [J1453+1902] white noise for S-wide_PUPPI (4 TOAs)...
  [J1453+1902] white noise for L-wide_PUPPI (2122 TOAs)...
  [J1455-3330] zeroing residuals...
  [J1455-3330] adding red noise...
  [J1455-3330] white noise for Rcvr_800_GASP (479 TOAs)...
  [J1455-3330] white noise for Rcvr1_2_GASP (564 TOAs)...
  [J1455-3330] white noise for Rcvr1_2_GUPPI (4932 TOAs)...
  [J1455-3330] white noise for Rcvr_800_GUPPI (4843 TOAs)...
  [J1600-3053] zeroing residuals...
  [J1600-3053] adding red noise...
  [J1600-3053] white noise for Rcvr_800_GASP (297 TOAs)...
  [J1600-3053] white noise for Rcvr1_2_GASP (457 TOAs)...
  [J1600-3053] white noise for 3GHz_YUPPI (3237 TOAs)...
  [J1600-3053] white noise for Rcvr1_2_GUPPI (10168 TOAs)...
  [J1600-3053] white noise for Rcvr_800_GUPPI (8796 TOAs)...
  [J1614-2230] zeroing residuals...
  [J1614-2230] adding red noise...
  [J1614-2230] white noise for Rcvr_800_GASP (84 TOAs)...
  [J1614-2230] white noise for Rcvr1_2_GASP (84 TOAs)...
  [J1614-2230] white noise for Rcvr1_2_GUPPI (10509 TOAs)...
  [J1614-2230] white noise for Rcvr_800_GUPPI (7768 TOAs)...
  [J1630+3734] zeroing residuals...
  [J1630+3734] adding red noise...
  [J1630+3734] white noise for Rcvr1_2_GUPPI (909 TOAs)...
  [J1630+3734] white noise for Rcvr_800_GUPPI (906 TOAs)...
  [J1640+2224] zeroing residuals...
  [J1640+2224] adding red noise...
  [J1640+2224] white noise for 430_PUPPI (3157 TOAs)...
  [J1640+2224] white noise for L-wide_ASP (722 TOAs)...
  [J1640+2224] white noise for 430_ASP (340 TOAs)...
  [J1640+2224] white noise for L-wide_PUPPI (9847 TOAs)...
  [J1643-1224] zeroing residuals...
  [J1643-1224] adding red noise...
  [J1643-1224] white noise for Rcvr_800_GASP (559 TOAs)...
  [J1643-1224] white noise for Rcvr1_2_GASP (833 TOAs)...
  [J1643-1224] white noise for 3GHz_YUPPI (4215 TOAs)...
  [J1643-1224] white noise for Rcvr1_2_GUPPI (8803 TOAs)...
  [J1643-1224] white noise for Rcvr_800_GUPPI (7734 TOAs)...
  [J1705-1903] zeroing residuals...
  [J1705-1903] adding red noise...
  [J1705-1903] white noise for Rcvr1_2_GUPPI (6350 TOAs)...
  [J1705-1903] white noise for Rcvr_800_GUPPI (3521 TOAs)...
  [J1713+0747] zeroing residuals...
  [J1713+0747] adding red noise...
  [J1713+0747] white noise for Rcvr_800_GASP (1032 TOAs)...
  [J1713+0747] white noise for L-wide_PUPPI (12743 TOAs)...
  [J1713+0747] white noise for L-wide_ASP (843 TOAs)...
  [J1713+0747] white noise for 1.5GHz_YUPPI (1461 TOAs)...
  [J1713+0747] white noise for S-wide_ASP (624 TOAs)...
  [J1713+0747] white noise for Rcvr1_2_GASP (1109 TOAs)...
  [J1713+0747] white noise for 3GHz_YUPPI (3282 TOAs)...
  [J1713+0747] white noise for Rcvr1_2_GUPPI (22334 TOAs)...
  [J1713+0747] white noise for Rcvr_800_GUPPI (8479 TOAs)...
  [J1713+0747] white noise for S-wide_PUPPI (7482 TOAs)...
  [J1719-1438] zeroing residuals...
  [J1719-1438] adding red noise...
  [J1719-1438] white noise for Rcvr1_2_GUPPI (2722 TOAs)...
  [J1719-1438] white noise for Rcvr_800_GUPPI (3634 TOAs)...
  [J1730-2304] zeroing residuals...
  [J1730-2304] adding red noise...
  [J1730-2304] white noise for Rcvr1_2_GUPPI (2367 TOAs)...
  [J1730-2304] white noise for Rcvr_800_GUPPI (2503 TOAs)...
  [J1738+0333] zeroing residuals...
  [J1738+0333] adding red noise...
  [J1738+0333] white noise for L-wide_ASP (201 TOAs)...
  [J1738+0333] white noise for S-wide_PUPPI (1737 TOAs)...
  [J1738+0333] white noise for L-wide_PUPPI (6718 TOAs)...
  [J1738+0333] white noise for S-wide_ASP (134 TOAs)...
  [J1741+1351] zeroing residuals...
  [J1741+1351] adding red noise...
  [J1741+1351] white noise for 430_PUPPI (1159 TOAs)...
  [J1741+1351] white noise for 430_ASP (27 TOAs)...
  [J1741+1351] white noise for L-wide_PUPPI (4045 TOAs)...
  [J1741+1351] white noise for L-wide_ASP (236 TOAs)...
  [J1741+1351] white noise for S-wide_ASP (115 TOAs)...
  [J1744-1134] zeroing residuals...
  [J1744-1134] adding red noise...
  [J1744-1134] white noise for Rcvr_800_GASP (930 TOAs)...
  [J1744-1134] white noise for Rcvr1_2_GASP (807 TOAs)...
  [J1744-1134] white noise for Rcvr1_2_GUPPI (8109 TOAs)...
  [J1744-1134] white noise for Rcvr_800_GUPPI (7899 TOAs)...
  [J1745+1017] zeroing residuals...
  [J1745+1017] adding red noise...
  [J1745+1017] white noise for S-wide_PUPPI (838 TOAs)...
  [J1745+1017] white noise for L-wide_PUPPI (2179 TOAs)...
  [J1747-4036] zeroing residuals...
  [J1747-4036] adding red noise...
  [J1747-4036] white noise for Rcvr1_2_GUPPI (5239 TOAs)...
  [J1747-4036] white noise for Rcvr_800_GUPPI (5816 TOAs)...
  [J1751-2857] zeroing residuals...
  [J1751-2857] adding red noise...
  [J1751-2857] white noise for Rcvr1_2_GUPPI (1786 TOAs)...
  [J1751-2857] white noise for Rcvr_800_GUPPI (239 TOAs)...
  [J1802-2124] zeroing residuals...
  [J1802-2124] adding red noise...
  [J1802-2124] white noise for Rcvr1_2_GUPPI (3231 TOAs)...
  [J1802-2124] white noise for Rcvr_800_GUPPI (3565 TOAs)...
  [J1811-2405] zeroing residuals...
  [J1811-2405] adding red noise...
  [J1811-2405] white noise for Rcvr1_2_GUPPI (2638 TOAs)...
  [J1811-2405] white noise for Rcvr_800_GUPPI (2628 TOAs)...
  [J1832-0836] zeroing residuals...
  [J1832-0836] adding red noise...
  [J1832-0836] white noise for Rcvr1_2_GUPPI (4661 TOAs)...
  [J1832-0836] white noise for Rcvr_800_GUPPI (3078 TOAs)...
  [J1843-1113] zeroing residuals...
  [J1843-1113] adding red noise...
  [J1843-1113] white noise for Rcvr1_2_GUPPI (2394 TOAs)...
  [J1843-1113] white noise for Rcvr_800_GUPPI (2201 TOAs)...
  [J1853+1303] zeroing residuals...
  [J1853+1303] adding red noise...
  [J1853+1303] white noise for 430_PUPPI (1151 TOAs)...
  [J1853+1303] white noise for L-wide_ASP (33 TOAs)...
  [J1853+1303] white noise for 430_ASP (24 TOAs)...
  [J1853+1303] white noise for L-wide_PUPPI (3362 TOAs)...
  [J1903+0327] zeroing residuals...
  [J1903+0327] adding red noise...
  [J1903+0327] white noise for L-wide_PUPPI (3845 TOAs)...
  [J1903+0327] white noise for L-wide_ASP (139 TOAs)...
  [J1903+0327] white noise for S-wide_ASP (151 TOAs)...
  [J1903+0327] white noise for 3GHz_YUPPI (439 TOAs)...
  [J1903+0327] white noise for S-wide_PUPPI (2282 TOAs)...
  [J1909-3744] zeroing residuals...
  [J1909-3744] adding red noise...
  [J1909-3744] white noise for Rcvr_800_GASP (866 TOAs)...
  [J1909-3744] white noise for Rcvr1_2_GASP (808 TOAs)...
  [J1909-3744] white noise for 3GHz_YUPPI (3525 TOAs)...
  [J1909-3744] white noise for Rcvr1_2_GUPPI (20439 TOAs)...
  [J1909-3744] white noise for Rcvr_800_GUPPI (9399 TOAs)...
  [J1910+1256] zeroing residuals...
  [J1910+1256] adding red noise...
  [J1910+1256] white noise for L-wide_ASP (297 TOAs)...
  [J1910+1256] white noise for S-wide_PUPPI (1857 TOAs)...
  [J1910+1256] white noise for L-wide_PUPPI (4124 TOAs)...
  [J1910+1256] white noise for S-wide_ASP (208 TOAs)...
  [J1911+1347] zeroing residuals...
  [J1911+1347] adding red noise...
  [J1911+1347] white noise for 430_PUPPI (753 TOAs)...
  [J1911+1347] white noise for L-wide_PUPPI (3033 TOAs)...
  [J1918-0642] zeroing residuals...
  [J1918-0642] adding red noise...
  [J1918-0642] white noise for Rcvr_800_GASP (835 TOAs)...
  [J1918-0642] white noise for Rcvr1_2_GASP (778 TOAs)...
  [J1918-0642] white noise for Rcvr1_2_GUPPI (8910 TOAs)...
  [J1918-0642] white noise for Rcvr_800_GUPPI (8352 TOAs)...
  [J1923+2515] zeroing residuals...
  [J1923+2515] adding red noise...
  [J1923+2515] white noise for 430_PUPPI (922 TOAs)...
  [J1923+2515] white noise for L-wide_ASP (14 TOAs)...
  [J1923+2515] white noise for 430_ASP (10 TOAs)...
  [J1923+2515] white noise for L-wide_PUPPI (3028 TOAs)...
  [J1944+0907] zeroing residuals...
  [J1944+0907] adding red noise...
  [J1944+0907] white noise for 430_PUPPI (1017 TOAs)...
  [J1944+0907] white noise for 430_ASP (38 TOAs)...
  [J1944+0907] white noise for L-wide_PUPPI (3900 TOAs)...
  [J1944+0907] white noise for L-wide_ASP (257 TOAs)...
  [J1944+0907] white noise for S-wide_ASP (116 TOAs)...
  [J1946+3417] zeroing residuals...
  [J1946+3417] adding red noise...
  [J1946+3417] white noise for S-wide_PUPPI (1546 TOAs)...
  [J1946+3417] white noise for L-wide_PUPPI (3197 TOAs)...
  [J2010-1323] zeroing residuals...
  [J2010-1323] adding red noise...
  [J2010-1323] white noise for Rcvr_800_GASP (70 TOAs)...
  [J2010-1323] white noise for Rcvr1_2_GASP (70 TOAs)...
  [J2010-1323] white noise for Rcvr1_2_GUPPI (7779 TOAs)...
  [J2010-1323] white noise for Rcvr_800_GUPPI (9158 TOAs)...
  [J2017+0603] zeroing residuals...
  [J2017+0603] adding red noise...
  [J2017+0603] white noise for 430_PUPPI (78 TOAs)...
  [J2017+0603] white noise for L-wide_ASP (16 TOAs)...
  [J2017+0603] white noise for S-wide_PUPPI (849 TOAs)...
  [J2017+0603] white noise for L-wide_PUPPI (2569 TOAs)...
  [J2033+1734] zeroing residuals...
  [J2033+1734] adding red noise...
  [J2033+1734] white noise for 430_PUPPI (797 TOAs)...
  [J2033+1734] white noise for L-wide_PUPPI (3050 TOAs)...
  [J2043+1711] zeroing residuals...
  [J2043+1711] adding red noise...
  [J2043+1711] white noise for 430_PUPPI (2908 TOAs)...
  [J2043+1711] white noise for L-wide_ASP (40 TOAs)...
  [J2043+1711] white noise for 430_ASP (30 TOAs)...
  [J2043+1711] white noise for L-wide_PUPPI (4419 TOAs)...
  [J2124-3358] zeroing residuals...
  [J2124-3358] adding red noise...
  [J2124-3358] white noise for Rcvr1_2_GUPPI (2957 TOAs)...
  [J2124-3358] white noise for Rcvr_800_GUPPI (2025 TOAs)...
  [J2145-0750] zeroing residuals...
  [J2145-0750] adding red noise...
  [J2145-0750] white noise for Rcvr_800_GASP (362 TOAs)...
  [J2145-0750] white noise for Rcvr1_2_GASP (427 TOAs)...
  [J2145-0750] white noise for Rcvr1_2_GUPPI (9158 TOAs)...
  [J2145-0750] white noise for Rcvr_800_GUPPI (8728 TOAs)...
  [J2214+3000] zeroing residuals...
  [J2214+3000] adding red noise...
  [J2214+3000] white noise for L-wide_ASP (9 TOAs)...
  [J2214+3000] white noise for S-wide_PUPPI (1568 TOAs)...
  [J2214+3000] white noise for L-wide_PUPPI (5829 TOAs)...
  [J2229+2643] zeroing residuals...
  [J2229+2643] adding red noise...
  [J2229+2643] white noise for 430_PUPPI (956 TOAs)...
  [J2229+2643] white noise for L-wide_PUPPI (2755 TOAs)...
  [J2234+0611] zeroing residuals...
  [J2234+0611] adding red noise...
  [J2234+0611] white noise for 430_PUPPI (653 TOAs)...
  [J2234+0611] white noise for L-wide_PUPPI (2913 TOAs)...
  [J2234+0944] zeroing residuals...
  [J2234+0944] adding red noise...
  [J2234+0944] white noise for S-wide_PUPPI (2532 TOAs)...
  [J2234+0944] white noise for L-wide_PUPPI (5003 TOAs)...
  [J2302+4442] zeroing residuals...
  [J2302+4442] adding red noise...
  [J2302+4442] white noise for Rcvr1_2_GUPPI (3779 TOAs)...
  [J2302+4442] white noise for Rcvr_800_GUPPI (6432 TOAs)...
  [J2317+1439] zeroing residuals...
  [J2317+1439] adding red noise...
  [J2317+1439] white noise for 430_PUPPI (3217 TOAs)...
  [J2317+1439] white noise for 430_ASP (458 TOAs)...
  [J2317+1439] white noise for 327_ASP (413 TOAs)...
  [J2317+1439] white noise for L-wide_PUPPI (9563 TOAs)...
  [J2317+1439] white noise for 327_PUPPI (276 TOAs)...
  [J2322+2057] zeroing residuals...
  [J2322+2057] adding red noise...
  [J2322+2057] white noise for 430_PUPPI (752 TOAs)...
  [J2322+2057] white noise for S-wide_PUPPI (140 TOAs)...
  [J2322+2057] white noise for L-wide_PUPPI (2196 TOAs)...
Resetting pulsars to clean stoas...
Restore: 0.00 s
Inject: 0.00 s
Snapshotting into enterprise Pulsar objects...
Building PTA...
PTA build: 473.22 s
Computing optimal statistic...
OS time: 79.65 s
Total: 552.87 s
Noise-only SNR baseline: 0.2919

Generating SNR-consistent population...
Target SNR: 4.0
Resetting pulsars to clean stoas...
Restore: 0.01 s
Injecting population...
  B1855+09: RMS = 5391.315 ns
  B1937+21: RMS = 6097.728 ns
  B1953+29: RMS = 4454.886 ns
  J0023+0923: RMS = 3716.722 ns
  J0030+0451: RMS = 1676.433 ns
  J0340+4130: RMS = 4581.562 ns
  J0406+3039: RMS = 3326.953 ns
  J0437-4715: RMS = 1846.113 ns
  J0509+0856: RMS = 5618.754 ns
  J0557+1551: RMS = 4839.570 ns
  J0605+3757: RMS = 1713.557 ns
  J0610-2100: RMS = 1889.015 ns
  J0613-0200: RMS = 6685.045 ns
  J0636+5128: RMS = 2021.870 ns
  J0645+5158: RMS = 3092.594 ns
  J0709+0458: RMS = 486.770 ns
  J0740+6620: RMS = 5983.460 ns
  J0931-1902: RMS = 4621.298 ns
  J1012+5307: RMS = 6834.470 ns
  J1012-4235: RMS = 1182.971 ns
  J1022+1001: RMS = 3253.539 ns
  J1024-0719: RMS = 3821.874 ns
  J1125+7819: RMS = 4742.698 ns
  J1312+0051: RMS = 8782.888 ns
  J1453+1902: RMS = 8652.039 ns
  J1455-3330: RMS = 9541.328 ns
  J1600-3053: RMS = 7025.034 ns
  J1614-2230: RMS = 4936.078 ns
  J1630+3734: RMS = 4550.179 ns
  J1640+2224: RMS = 4827.903 ns
  J1643-1224: RMS = 5827.794 ns
  J1705-1903: RMS = 2678.681 ns
  J1713+0747: RMS = 6478.628 ns
  J1719-1438: RMS = 1385.791 ns
  J1730-2304: RMS = 1887.821 ns
  J1738+0333: RMS = 5907.707 ns
  J1741+1351: RMS = 6494.414 ns
  J1744-1134: RMS = 4524.420 ns
  J1745+1017: RMS = 5001.021 ns
  J1747-4036: RMS = 3717.416 ns
  J1751-2857: RMS = 2413.242 ns
  J1802-2124: RMS = 744.508 ns
  J1811-2405: RMS = 509.548 ns
  J1832-0836: RMS = 1720.013 ns
  J1843-1113: RMS = 939.799 ns
  J1853+1303: RMS = 5096.866 ns
  J1903+0327: RMS = 4772.222 ns
  J1909-3744: RMS = 2649.715 ns
  J1910+1256: RMS = 5429.065 ns
  J1911+1347: RMS = 3407.625 ns
  J1918-0642: RMS = 3996.953 ns
  J1923+2515: RMS = 4598.188 ns
  J1944+0907: RMS = 4051.827 ns
  J1946+3417: RMS = 1783.506 ns
  J2010-1323: RMS = 2055.617 ns
  J2017+0603: RMS = 2783.137 ns
  J2033+1734: RMS = 2576.102 ns
  J2043+1711: RMS = 2218.599 ns
  J2124-3358: RMS = 385.486 ns
  J2145-0750: RMS = 2409.969 ns
  J2214+3000: RMS = 3895.139 ns
  J2229+2643: RMS = 3633.988 ns
  J2234+0611: RMS = 1472.788 ns
  J2234+0944: RMS = 4458.917 ns
  J2302+4442: RMS = 4761.316 ns
  J2317+1439: RMS = 5024.810 ns
  J2322+2057: RMS = 3397.658 ns
Inject: 0.64 s
Snapshotting into enterprise Pulsar objects...
Building PTA...
PTA build: 453.52 s
Computing optimal statistic...
OS time: 47.44 s
Total: 501.60 s
Initial SNR: 481.2746, Target SNR: 4.0000
  Initial SNR 481.2746 outside of provided SNR_range [3.5, 4.25] — rescaling.
Scaling distances by factor 11.3890 to achieve target SNR...
Resetting pulsars to clean stoas...
Restore: 0.01 s
Injecting population...
  B1855+09: RMS = 473.379 ns
  B1937+21: RMS = 535.404 ns
  B1953+29: RMS = 391.156 ns
  J0023+0923: RMS = 326.343 ns
  J0030+0451: RMS = 147.197 ns
  J0340+4130: RMS = 402.279 ns
  J0406+3039: RMS = 292.119 ns
  J0437-4715: RMS = 162.096 ns
  J0509+0856: RMS = 493.349 ns
  J0557+1551: RMS = 424.933 ns
  J0605+3757: RMS = 150.457 ns
  J0610-2100: RMS = 165.863 ns
  J0613-0200: RMS = 586.973 ns
  J0636+5128: RMS = 177.528 ns
  J0645+5158: RMS = 271.542 ns
  J0709+0458: RMS = 42.740 ns
  J0740+6620: RMS = 525.371 ns
  J0931-1902: RMS = 405.768 ns
  J1012+5307: RMS = 600.093 ns
  J1012-4235: RMS = 103.870 ns
  J1022+1001: RMS = 285.673 ns
  J1024-0719: RMS = 335.575 ns
  J1125+7819: RMS = 416.427 ns
  J1312+0051: RMS = 771.172 ns
  J1453+1902: RMS = 759.683 ns
  J1455-3330: RMS = 837.766 ns
  J1600-3053: RMS = 616.825 ns
  J1614-2230: RMS = 433.407 ns
  J1630+3734: RMS = 399.524 ns
  J1640+2224: RMS = 423.909 ns
  J1643-1224: RMS = 511.703 ns
  J1705-1903: RMS = 235.199 ns
  J1713+0747: RMS = 568.849 ns
  J1719-1438: RMS = 121.678 ns
  J1730-2304: RMS = 165.758 ns
  J1738+0333: RMS = 518.720 ns
  J1741+1351: RMS = 570.235 ns
  J1744-1134: RMS = 397.262 ns
  J1745+1017: RMS = 439.109 ns
  J1747-4036: RMS = 326.404 ns
  J1751-2857: RMS = 211.892 ns
  J1802-2124: RMS = 65.371 ns
  J1811-2405: RMS = 44.740 ns
  J1832-0836: RMS = 151.024 ns
  J1843-1113: RMS = 82.518 ns
  J1853+1303: RMS = 447.525 ns
  J1903+0327: RMS = 419.020 ns
  J1909-3744: RMS = 232.655 ns
  J1910+1256: RMS = 476.693 ns
  J1911+1347: RMS = 299.203 ns
  J1918-0642: RMS = 350.948 ns
  J1923+2515: RMS = 403.739 ns
  J1944+0907: RMS = 355.766 ns
  J1946+3417: RMS = 156.599 ns
  J2010-1323: RMS = 180.491 ns
  J2017+0603: RMS = 244.370 ns
  J2033+1734: RMS = 226.192 ns
  J2043+1711: RMS = 194.802 ns
  J2124-3358: RMS = 33.847 ns
  J2145-0750: RMS = 211.605 ns
  J2214+3000: RMS = 342.008 ns
  J2229+2643: RMS = 319.078 ns
  J2234+0611: RMS = 129.317 ns
  J2234+0944: RMS = 391.510 ns
  J2302+4442: RMS = 418.062 ns
  J2317+1439: RMS = 441.198 ns
  J2322+2057: RMS = 298.328 ns
Inject: 0.70 s
Snapshotting into enterprise Pulsar objects...
Building PTA...
PTA build: 464.81 s
Computing optimal statistic...
OS time: 61.47 s
Total: 526.99 s
  SNR 1.0818 outside of provided SNR_range [3.5, 4.25] — rescaling.
[Iteration 1/4] SNR after scaling: 1.0818 (target: 4.0000)
  SNR history: it0→481.2746@1.0000x, it1→1.0818@11.3890x
  Re-scaling distances by factor 0.2963  (cumulative after: 3.3748×)
Resetting pulsars to clean stoas...
Restore: 2.66 s
Injecting population...
  B1855+09: RMS = 1597.540 ns
  B1937+21: RMS = 1806.862 ns
  B1953+29: RMS = 1320.060 ns
  J0023+0923: RMS = 1101.329 ns
  J0030+0451: RMS = 496.756 ns
  J0340+4130: RMS = 1357.596 ns
  J0406+3039: RMS = 985.834 ns
  J0437-4715: RMS = 547.035 ns
  J0509+0856: RMS = 1664.934 ns
  J0557+1551: RMS = 1434.048 ns
  J0605+3757: RMS = 507.757 ns
  J0610-2100: RMS = 559.748 ns
  J0613-0200: RMS = 1980.894 ns
  J0636+5128: RMS = 599.115 ns
  J0645+5158: RMS = 916.389 ns
  J0709+0458: RMS = 144.238 ns
  J0740+6620: RMS = 1773.003 ns
  J0931-1902: RMS = 1369.370 ns
  J1012+5307: RMS = 2025.171 ns
  J1012-4235: RMS = 350.535 ns
  J1022+1001: RMS = 964.080 ns
  J1024-0719: RMS = 1132.487 ns
  J1125+7819: RMS = 1405.343 ns
  J1312+0051: RMS = 2602.521 ns
  J1453+1902: RMS = 2563.748 ns
  J1455-3330: RMS = 2827.260 ns
  J1600-3053: RMS = 2081.639 ns
  J1614-2230: RMS = 1462.645 ns
  J1630+3734: RMS = 1348.297 ns
  J1640+2224: RMS = 1430.591 ns
  J1643-1224: RMS = 1726.876 ns
  J1705-1903: RMS = 793.740 ns
  J1713+0747: RMS = 1919.729 ns
  J1719-1438: RMS = 410.634 ns
  J1730-2304: RMS = 559.394 ns
  J1738+0333: RMS = 1750.556 ns
  J1741+1351: RMS = 1924.407 ns
  J1744-1134: RMS = 1340.664 ns
  J1745+1017: RMS = 1481.889 ns
  J1747-4036: RMS = 1101.534 ns
  J1751-2857: RMS = 715.085 ns
  J1802-2124: RMS = 220.611 ns
  J1811-2405: RMS = 150.988 ns
  J1832-0836: RMS = 509.669 ns
  J1843-1113: RMS = 278.479 ns
  J1853+1303: RMS = 1510.289 ns
  J1903+0327: RMS = 1414.092 ns
  J1909-3744: RMS = 785.156 ns
  J1910+1256: RMS = 1608.726 ns
  J1911+1347: RMS = 1009.738 ns
  J1918-0642: RMS = 1184.366 ns
  J1923+2515: RMS = 1362.522 ns
  J1944+0907: RMS = 1200.626 ns
  J1946+3417: RMS = 528.484 ns
  J2010-1323: RMS = 609.115 ns
  J2017+0603: RMS = 824.692 ns
  J2033+1734: RMS = 763.344 ns
  J2043+1711: RMS = 657.409 ns
  J2124-3358: RMS = 114.226 ns
  J2145-0750: RMS = 714.115 ns
  J2214+3000: RMS = 1154.197 ns
  J2229+2643: RMS = 1076.813 ns
  J2234+0611: RMS = 436.413 ns
  J2234+0944: RMS = 1321.254 ns
  J2302+4442: RMS = 1410.860 ns
  J2317+1439: RMS = 1488.938 ns
  J2322+2057: RMS = 1006.785 ns
Inject: 0.82 s
Snapshotting into enterprise Pulsar objects...
Building PTA...
PTA build: 490.11 s
Computing optimal statistic...
OS time: 48.94 s
Total: 542.53 s
  SNR 34.9272 outside of provided SNR_range [3.5, 4.25] — rescaling.
[Iteration 2/4] SNR after scaling: 34.9272 (target: 4.0000)
  SNR history: it0→481.2746@1.0000x, it1→1.0818@11.3890x, it2→34.9272@3.3748x
  Re-scaling distances by factor 1.8371  (cumulative after: 6.1996×)
Resetting pulsars to clean stoas...
Restore: 0.01 s
Injecting population...
  B1855+09: RMS = 869.621 ns
  B1937+21: RMS = 983.566 ns
  B1953+29: RMS = 718.575 ns
  J0023+0923: RMS = 599.509 ns
  J0030+0451: RMS = 270.409 ns
  J0340+4130: RMS = 739.008 ns
  J0406+3039: RMS = 536.639 ns
  J0437-4715: RMS = 297.779 ns
  J0509+0856: RMS = 906.307 ns
  J0557+1551: RMS = 780.625 ns
  J0605+3757: RMS = 276.397 ns
  J0610-2100: RMS = 304.699 ns
  J0613-0200: RMS = 1078.300 ns
  J0636+5128: RMS = 326.128 ns
  J0645+5158: RMS = 498.837 ns
  J0709+0458: RMS = 78.516 ns
  J0740+6620: RMS = 965.134 ns
  J0931-1902: RMS = 745.417 ns
  J1012+5307: RMS = 1102.403 ns
  J1012-4235: RMS = 190.814 ns
  J1022+1001: RMS = 524.797 ns
  J1024-0719: RMS = 616.470 ns
  J1125+7819: RMS = 764.999 ns
  J1312+0051: RMS = 1416.683 ns
  J1453+1902: RMS = 1395.577 ns
  J1455-3330: RMS = 1539.020 ns
  J1600-3053: RMS = 1133.141 ns
  J1614-2230: RMS = 796.191 ns
  J1630+3734: RMS = 733.946 ns
  J1640+2224: RMS = 778.743 ns
  J1643-1224: RMS = 940.025 ns
  J1705-1903: RMS = 432.072 ns
  J1713+0747: RMS = 1045.005 ns
  J1719-1438: RMS = 223.529 ns
  J1730-2304: RMS = 304.506 ns
  J1738+0333: RMS = 952.915 ns
  J1741+1351: RMS = 1047.552 ns
  J1744-1134: RMS = 729.791 ns
  J1745+1017: RMS = 806.667 ns
  J1747-4036: RMS = 599.621 ns
  J1751-2857: RMS = 389.257 ns
  J1802-2124: RMS = 120.089 ns
  J1811-2405: RMS = 82.190 ns
  J1832-0836: RMS = 277.439 ns
  J1843-1113: RMS = 151.590 ns
  J1853+1303: RMS = 822.126 ns
  J1903+0327: RMS = 769.761 ns
  J1909-3744: RMS = 427.400 ns
  J1910+1256: RMS = 875.710 ns
  J1911+1347: RMS = 549.651 ns
  J1918-0642: RMS = 644.710 ns
  J1923+2515: RMS = 741.689 ns
  J1944+0907: RMS = 653.561 ns
  J1946+3417: RMS = 287.680 ns
  J2010-1323: RMS = 331.572 ns
  J2017+0603: RMS = 448.921 ns
  J2033+1734: RMS = 415.526 ns
  J2043+1711: RMS = 357.861 ns
  J2124-3358: RMS = 62.179 ns
  J2145-0750: RMS = 388.729 ns
  J2214+3000: RMS = 628.287 ns
  J2229+2643: RMS = 586.164 ns
  J2234+0611: RMS = 237.561 ns
  J2234+0944: RMS = 719.225 ns
  J2302+4442: RMS = 768.002 ns
  J2317+1439: RMS = 810.504 ns
  J2322+2057: RMS = 548.044 ns
Inject: 0.80 s
Snapshotting into enterprise Pulsar objects...
Building PTA...
PTA build: 470.85 s
Computing optimal statistic...
OS time: 59.98 s
Total: 531.63 s
  SNR 7.8769 outside of provided SNR_range [3.5, 4.25] — rescaling.
[Iteration 3/4] SNR after scaling: 7.8769 (target: 4.0000)
  SNR history: it0→481.2746@1.0000x, it1→1.0818@11.3890x, it2→34.9272@3.3748x, it3→7.8769@6.1996x
  Re-scaling distances by factor 1.3554  (cumulative after: 8.4028×)
Resetting pulsars to clean stoas...
Restore: 0.03 s
Injecting population...
  B1855+09: RMS = 641.607 ns
  B1937+21: RMS = 725.676 ns
  B1953+29: RMS = 530.165 ns
  J0023+0923: RMS = 442.318 ns
  J0030+0451: RMS = 199.508 ns
  J0340+4130: RMS = 545.241 ns
  J0406+3039: RMS = 395.933 ns
  J0437-4715: RMS = 219.701 ns
  J0509+0856: RMS = 668.674 ns
  J0557+1551: RMS = 575.946 ns
  J0605+3757: RMS = 203.926 ns
  J0610-2100: RMS = 224.807 ns
  J0613-0200: RMS = 795.571 ns
  J0636+5128: RMS = 240.618 ns
  J0645+5158: RMS = 368.042 ns
  J0709+0458: RMS = 57.929 ns
  J0740+6620: RMS = 712.077 ns
  J0931-1902: RMS = 549.970 ns
  J1012+5307: RMS = 813.354 ns
  J1012-4235: RMS = 140.783 ns
  J1022+1001: RMS = 387.196 ns
  J1024-0719: RMS = 454.832 ns
  J1125+7819: RMS = 564.417 ns
  J1312+0051: RMS = 1045.230 ns
  J1453+1902: RMS = 1029.658 ns
  J1455-3330: RMS = 1135.490 ns
  J1600-3053: RMS = 836.032 ns
  J1614-2230: RMS = 587.431 ns
  J1630+3734: RMS = 541.506 ns
  J1640+2224: RMS = 574.557 ns
  J1643-1224: RMS = 693.552 ns
  J1705-1903: RMS = 318.783 ns
  J1713+0747: RMS = 771.006 ns
  J1719-1438: RMS = 164.920 ns
  J1730-2304: RMS = 224.665 ns
  J1738+0333: RMS = 703.062 ns
  J1741+1351: RMS = 772.885 ns
  J1744-1134: RMS = 538.440 ns
  J1745+1017: RMS = 595.159 ns
  J1747-4036: RMS = 442.401 ns
  J1751-2857: RMS = 287.194 ns
  J1802-2124: RMS = 88.602 ns
  J1811-2405: RMS = 60.640 ns
  J1832-0836: RMS = 204.695 ns
  J1843-1113: RMS = 111.843 ns
  J1853+1303: RMS = 606.566 ns
  J1903+0327: RMS = 567.931 ns
  J1909-3744: RMS = 315.336 ns
  J1910+1256: RMS = 646.100 ns
  J1911+1347: RMS = 405.533 ns
  J1918-0642: RMS = 475.668 ns
  J1923+2515: RMS = 547.219 ns
  J1944+0907: RMS = 482.198 ns
  J1946+3417: RMS = 212.251 ns
  J2010-1323: RMS = 244.634 ns
  J2017+0603: RMS = 331.214 ns
  J2033+1734: RMS = 306.576 ns
  J2043+1711: RMS = 264.030 ns
  J2124-3358: RMS = 45.876 ns
  J2145-0750: RMS = 286.805 ns
  J2214+3000: RMS = 463.551 ns
  J2229+2643: RMS = 432.472 ns
  J2234+0611: RMS = 175.273 ns
  J2234+0944: RMS = 530.645 ns
  J2302+4442: RMS = 566.633 ns
  J2317+1439: RMS = 597.991 ns
  J2322+2057: RMS = 404.347 ns
Inject: 1.33 s
Snapshotting into enterprise Pulsar objects...
Building PTA...
PTA build: 462.54 s
Computing optimal statistic...
OS time: 69.52 s
Total: 533.42 s
  SNR 3.2845 outside of provided SNR_range [3.5, 4.25] — rescaling.
[Iteration 4/4] SNR after scaling: 3.2845 (target: 4.0000)
  SNR history: it0→481.2746@1.0000x, it1→1.0818@11.3890x, it2→34.9272@3.3748x, it3→7.8769@6.1996x, it4→3.2845@8.4028x

Final SNR history:
  it 0: cumulative_scale=1.0000×  SNR=481.2746
  it 1: cumulative_scale=11.3890×  SNR=1.0818
  it 2: cumulative_scale=3.3748×  SNR=34.9272
  it 3: cumulative_scale=6.1996×  SNR=7.8769
  it 4: cumulative_scale=8.4028×  SNR=3.2845
✓ Simulation 1 done (2638.8 s)

======================================================================
ENSEMBLE SUMMARY
======================================================================
Success rate: 100.0% (1/1)

Binaries per population:
  Mean ± std : 500 ± 0
  Range      : [500, 500]

SNR achieved:
  Mean ± std : 3.2845 ± 0.0000
  Range      : [3.2845, 3.2845]

Total time: 3233.3 s (53.9 min)
======================================================================

💾 Saved: data/2026-04-29/optimistic_run_50/consistent_population_optimistic_targetSNR4.25_sims1.json
💾 Saved compressed pickle: data/2026-04-29/optimistic_run_50/consistent_population_optimistic_targetSNR4.25_sims1.pkl.gz

======================================================================
CONTINUOUS WAVE SNR ANALYSIS
======================================================================

--- Population 1 ---
Precomputation of phiinvs, TNTs, Ts, Nvecs, Sigmas took 0.12 seconds.
Total SNR computation for population took 408.08 seconds.
Top 50 CGW candidates:
   1. proxy_rank=   2  sky_w=1.04  f=3.50e-09 Hz  Mc=8.22e+10 Msun  h0=1.30e-14  SNR=6.733
   2. proxy_rank=   8  sky_w=0.79  f=4.19e-09 Hz  Mc=4.72e+10 Msun  h0=5.55e-15  SNR=3.888
   3. proxy_rank=   4  sky_w=0.55  f=2.11e-09 Hz  Mc=7.43e+10 Msun  h0=7.55e-15  SNR=1.738
   4. proxy_rank=   9  sky_w=1.56  f=3.00e-09 Hz  Mc=3.13e+10 Msun  h0=1.82e-15  SNR=1.687
   5. proxy_rank=   1  sky_w=0.89  f=2.34e-09 Hz  Mc=8.46e+10 Msun  h0=1.06e-14  SNR=1.651
   6. proxy_rank=   5  sky_w=0.76  f=2.56e-09 Hz  Mc=6.77e+10 Msun  h0=5.81e-15  SNR=1.517
   7. proxy_rank=  19  sky_w=1.05  f=4.05e-09 Hz  Mc=2.92e+10 Msun  h0=1.99e-15  SNR=1.389
   8. proxy_rank=  16  sky_w=0.71  f=5.13e-09 Hz  Mc=4.12e+10 Msun  h0=4.17e-15  SNR=1.220
   9. proxy_rank=  26  sky_w=1.12  f=4.08e-09 Hz  Mc=1.76e+10 Msun  h0=8.54e-16  SNR=0.936
  10. proxy_rank=   6  sky_w=0.92  f=2.15e-09 Hz  Mc=4.64e+10 Msun  h0=3.97e-15  SNR=0.915
  11. proxy_rank=   3  sky_w=1.38  f=2.11e-09 Hz  Mc=5.31e+10 Msun  h0=3.38e-15  SNR=0.901
  12. proxy_rank=   7  sky_w=1.22  f=2.55e-09 Hz  Mc=4.78e+10 Msun  h0=3.30e-15  SNR=0.885
  13. proxy_rank=  23  sky_w=1.57  f=4.11e-09 Hz  Mc=1.51e+10 Msun  h0=6.95e-16  SNR=0.857
  14. proxy_rank=  10  sky_w=0.87  f=2.47e-09 Hz  Mc=3.06e+10 Msun  h0=2.68e-15  SNR=0.799
  15. proxy_rank=  12  sky_w=0.57  f=2.16e-09 Hz  Mc=3.72e+10 Msun  h0=2.66e-15  SNR=0.686
  16. proxy_rank=  17  sky_w=1.05  f=3.68e-09 Hz  Mc=3.00e+10 Msun  h0=2.02e-15  SNR=0.674
  17. proxy_rank=  14  sky_w=1.31  f=2.67e-09 Hz  Mc=2.67e+10 Msun  h0=1.26e-15  SNR=0.575
  18. proxy_rank=  27  sky_w=1.33  f=3.29e-09 Hz  Mc=1.35e+10 Msun  h0=5.26e-16  SNR=0.522
  19. proxy_rank=  15  sky_w=1.41  f=2.26e-09 Hz  Mc=2.38e+10 Msun  h0=9.26e-16  SNR=0.491
  20. proxy_rank=  30  sky_w=0.96  f=3.54e-09 Hz  Mc=1.56e+10 Msun  h0=6.33e-16  SNR=0.468
  21. proxy_rank=  22  sky_w=0.83  f=3.63e-09 Hz  Mc=2.34e+10 Msun  h0=1.48e-15  SNR=0.466
  22. proxy_rank=  11  sky_w=1.20  f=2.11e-09 Hz  Mc=3.34e+10 Msun  h0=1.64e-15  SNR=0.297
  23. proxy_rank=  24  sky_w=0.96  f=2.50e-09 Hz  Mc=1.78e+10 Msun  h0=6.12e-16  SNR=0.292
  24. proxy_rank=  32  sky_w=0.56  f=3.68e-09 Hz  Mc=1.38e+10 Msun  h0=6.63e-16  SNR=0.291
  25. proxy_rank=  25  sky_w=1.45  f=2.57e-09 Hz  Mc=1.01e+10 Msun  h0=4.15e-16  SNR=0.276
  26. proxy_rank=  20  sky_w=1.05  f=2.58e-09 Hz  Mc=2.20e+10 Msun  h0=9.82e-16  SNR=0.252
  27. proxy_rank=  28  sky_w=0.89  f=2.41e-09 Hz  Mc=1.06e+10 Msun  h0=5.65e-16  SNR=0.242
  28. proxy_rank=  47  sky_w=1.21  f=1.09e-08 Hz  Mc=6.48e+09 Msun  h0=3.03e-16  SNR=0.229
  29. proxy_rank=  37  sky_w=0.52  f=3.62e-09 Hz  Mc=1.25e+10 Msun  h0=5.39e-16  SNR=0.214
  30. proxy_rank=  13  sky_w=1.48  f=2.01e-09 Hz  Mc=2.41e+10 Msun  h0=8.93e-16  SNR=0.196
  31. proxy_rank=  31  sky_w=1.31  f=2.59e-09 Hz  Mc=1.09e+10 Msun  h0=2.86e-16  SNR=0.190
  32. proxy_rank=  18  sky_w=1.56  f=2.20e-09 Hz  Mc=1.90e+10 Msun  h0=7.93e-16  SNR=0.173
  33. proxy_rank=  21  sky_w=1.04  f=2.26e-09 Hz  Mc=1.74e+10 Msun  h0=8.66e-16  SNR=0.159
  34. proxy_rank=  38  sky_w=1.16  f=3.12e-09 Hz  Mc=8.42e+09 Msun  h0=2.02e-16  SNR=0.155
  35. proxy_rank=  36  sky_w=0.66  f=3.58e-09 Hz  Mc=1.23e+10 Msun  h0=4.21e-16  SNR=0.122
  36. proxy_rank=  44  sky_w=0.63  f=3.22e-09 Hz  Mc=7.69e+09 Msun  h0=1.88e-16  SNR=0.092
  37. proxy_rank=  29  sky_w=1.00  f=2.27e-09 Hz  Mc=1.47e+10 Msun  h0=4.24e-16  SNR=0.082
  38. proxy_rank=  42  sky_w=1.16  f=4.21e-09 Hz  Mc=6.22e+09 Msun  h0=1.53e-16  SNR=0.081
  39. proxy_rank=  40  sky_w=0.90  f=4.89e-09 Hz  Mc=5.33e+09 Msun  h0=2.55e-16  SNR=0.081
  40. proxy_rank=  55  sky_w=0.68  f=5.15e-09 Hz  Mc=5.07e+09 Msun  h0=1.23e-16  SNR=0.076
  41. proxy_rank=  33  sky_w=0.91  f=2.59e-09 Hz  Mc=1.10e+10 Msun  h0=2.80e-16  SNR=0.075
  42. proxy_rank=  35  sky_w=1.02  f=2.13e-09 Hz  Mc=7.36e+09 Msun  h0=1.64e-16  SNR=0.063
  43. proxy_rank=  43  sky_w=1.31  f=2.65e-09 Hz  Mc=5.18e+09 Msun  h0=8.21e-17  SNR=0.059
  44. proxy_rank=  34  sky_w=1.39  f=2.23e-09 Hz  Mc=6.84e+09 Msun  h0=1.27e-16  SNR=0.055
  45. proxy_rank=  58  sky_w=0.97  f=4.45e-09 Hz  Mc=3.32e+09 Msun  h0=7.07e-17  SNR=0.055
  46. proxy_rank=  54  sky_w=1.36  f=4.03e-09 Hz  Mc=3.10e+09 Msun  h0=4.89e-17  SNR=0.055
  47. proxy_rank=  82  sky_w=1.46  f=9.35e-09 Hz  Mc=1.52e+09 Msun  h0=2.49e-17  SNR=0.054
  48. proxy_rank=  39  sky_w=0.50  f=2.09e-09 Hz  Mc=9.12e+09 Msun  h0=2.03e-16  SNR=0.051
  49. proxy_rank=  48  sky_w=0.64  f=3.17e-09 Hz  Mc=6.54e+09 Msun  h0=1.41e-16  SNR=0.049
  50. proxy_rank=  60  sky_w=1.45  f=3.93e-09 Hz  Mc=2.41e+09 Msun  h0=3.77e-17  SNR=0.048
💾 Saved: data/2026-04-29/optimistic_run_50/consistent_population_optimistic_targetSNR4.25_sims1.json
💾 Saved compressed pickle: data/2026-04-29/optimistic_run_50/consistent_population_optimistic_targetSNR4.25_sims1.pkl.gz
Saved to figures/cgw_analysis_optimistic.pdf

======================================================================
ANALYSIS COMPLETE
Results saved to: data/2026-04-29/optimistic_run_50
======================================================================

==========================================
Job finished at: Wed Apr 29 11:10:06 AEST 2026
Exit code: 0
==========================================

+------------------ Job Report: 11728584 (COMPLETED) ------------------+
| Memory (RAM)  [####################] 104.6% (33.5 GB peak / 32 GB)   |
| CPU           [################    ] 80.2% average                   |
| Time          [------------------> ] 91.5% (0-01:04:04 / 0-01:10:00) |
|                                                                      |
| Lustre Filesystem:                                                   |
|   Path    Total Read    Total Write    Total IOPS                    |
|   ------  ------------  -------------  ------------                  |
|   /apps   0 B           0 B            5                             |
|   /fred   216 KB        352.8 KB       35                            |
|   /home   173.7 MB      0 B            2.1 K                         |
|   OS      0 B           0 B            2                             |
+----------------------------------------------------------------------+
