==========================================
Job ID: 11738649
Job Name: smbhb_realistic
Node: dave305
Start Time: Wed Apr 29 13:45:46 AEST 2026
==========================================

/home/bhoulden/.conda/envs/smbhb312/share/tempo2
Working directory: /fred/oz005/users/bhoulden/SMBHB_population_injections

Loaded modules:

Starting SMBHB analysis...
==========================================

📁 Save directory: data/2026-04-29/realistic_run_225
📝 Run name: realistic_run_225

[MEM] Start: 243.8 MB

📡 Loading pulsars...
======================================================================
LOADING NANOGRAV PULSARS (libstempo)
======================================================================

📦 Loading from cache: nanograv_pulsars_cache.pkl
⚠ Cache load failed: Ran out of input
[DEBUG] Found 76 .par files
[tempo2Util.C:396] Warning: [MISC1] Unknown parameter in par file:  DMDATA
[tempo2Util.C:401] Warning: [DUP1] duplicated warnings have been suppressed.

WARNING: Using tempo RNAMP parameter: setting TNRedC to 100!
[observatory.C:271] Warning: Assuming site 'arecibo' means 'ao'
✓ Loaded B1855+09 (7758 TOAs)

WARNING: Using tempo RNAMP parameter: setting TNRedC to 100!
✓ Loaded B1937+21 (23023 TOAs)

WARNING: Using tempo RNAMP parameter: setting TNRedC to 100!
✓ Loaded B1937+21ao (7241 TOAs)

WARNING: Using tempo RNAMP parameter: setting TNRedC to 100!
✓ Loaded B1937+21gbt (16048 TOAs)

WARNING: Using tempo RNAMP parameter: setting TNRedC to 100!
✓ Loaded B1953+29 (5126 TOAs)
✓ Loaded J0023+0923 (15896 TOAs)

WARNING: Using tempo RNAMP parameter: setting TNRedC to 100!
✓ Loaded J0030+0451 (19571 TOAs)
✓ Loaded J0340+4130 (11093 TOAs)
✓ Loaded J0406+3039 (2446 TOAs)

WARNING: Using tempo RNAMP parameter: setting TNRedC to 100!
✓ Loaded J0437-4715 (5830 TOAs)
✓ Loaded J0509+0856 (2169 TOAs)
✓ Loaded J0557+1551 (525 TOAs)
✓ Loaded J0605+3757 (554 TOAs)

WARNING: Using tempo RNAMP parameter: setting TNRedC to 100!
✓ Loaded J0610-2100 (4885 TOAs)

WARNING: Using tempo RNAMP parameter: setting TNRedC to 100!
✓ Loaded J0613-0200 (17124 TOAs)
✓ Loaded J0614-3329 (1714 TOAs)
✓ Loaded J0636+5128 (32222 TOAs)
✓ Loaded J0645+5158 (10403 TOAs)
✓ Loaded J0709+0458 (3030 TOAs)
✓ Loaded J0740+6620 (13401 TOAs)
✓ Loaded J0931-1902 (5473 TOAs)

WARNING: Using tempo RNAMP parameter: setting TNRedC to 100!
✓ Loaded J1012+5307 (25837 TOAs)
✓ Loaded J1012-4235 (797 TOAs)
✓ Loaded J1022+1001 (3978 TOAs)
✓ Loaded J1024-0719 (12635 TOAs)
✓ Loaded J1125+7819 (8723 TOAs)
✓ Loaded J1312+0051 (1705 TOAs)
✓ Loaded J1453+1902 (2551 TOAs)
✓ Loaded J1455-3330 (10818 TOAs)

WARNING: Using tempo RNAMP parameter: setting TNRedC to 100!
✓ Loaded J1600-3053 (22955 TOAs)

WARNING: Using tempo RNAMP parameter: setting TNRedC to 100!
✓ Loaded J1600-3053gbt (19725 TOAs)

WARNING: Using tempo RNAMP parameter: setting TNRedC to 100!
✓ Loaded J1614-2230 (18445 TOAs)
✓ Loaded J1630+3734 (1815 TOAs)
✓ Loaded J1640+2224 (14066 TOAs)

WARNING: Using tempo RNAMP parameter: setting TNRedC to 100!
✓ Loaded J1643-1224 (22144 TOAs)

WARNING: Using tempo RNAMP parameter: setting TNRedC to 100!
✓ Loaded J1643-1224gbt (17932 TOAs)

WARNING: Using tempo RNAMP parameter: setting TNRedC to 100!
✓ Loaded J1705-1903 (9871 TOAs)

WARNING: Using tempo RNAMP parameter: setting TNRedC to 100!
✓ Loaded J1713+0747 (59389 TOAs)

WARNING: Using tempo RNAMP parameter: setting TNRedC to 100!
✓ Loaded J1713+0747ao (21362 TOAs)

WARNING: Using tempo RNAMP parameter: setting TNRedC to 100!
✓ Loaded J1713+0747gbt (32963 TOAs)
✓ Loaded J1719-1438 (6356 TOAs)
✓ Loaded J1730-2304 (4870 TOAs)
✓ Loaded J1738+0333 (8790 TOAs)
✓ Loaded J1741+1351 (5582 TOAs)

WARNING: Using tempo RNAMP parameter: setting TNRedC to 100!
✓ Loaded J1744-1134 (17745 TOAs)

WARNING: Using tempo RNAMP parameter: setting TNRedC to 100!
✓ Loaded J1745+1017 (3017 TOAs)

WARNING: Using tempo RNAMP parameter: setting TNRedC to 100!
✓ Loaded J1747-4036 (11055 TOAs)
✓ Loaded J1751-2857 (2025 TOAs)

WARNING: Using tempo RNAMP parameter: setting TNRedC to 100!
✓ Loaded J1802-2124 (6796 TOAs)
✓ Loaded J1811-2405 (5266 TOAs)
✓ Loaded J1832-0836 (7739 TOAs)
✓ Loaded J1843-1113 (4595 TOAs)

WARNING: Using tempo RNAMP parameter: setting TNRedC to 100!
✓ Loaded J1853+1303 (4570 TOAs)

WARNING: Using tempo RNAMP parameter: setting TNRedC to 100!
✓ Loaded J1903+0327 (6856 TOAs)

WARNING: Using tempo RNAMP parameter: setting TNRedC to 100!
✓ Loaded J1903+0327ao (6423 TOAs)

WARNING: Using tempo RNAMP parameter: setting TNRedC to 100!
✓ Loaded J1909-3744 (35037 TOAs)

WARNING: Using tempo RNAMP parameter: setting TNRedC to 100!
✓ Loaded J1909-3744gbt (31526 TOAs)
✓ Loaded J1910+1256 (6486 TOAs)
✓ Loaded J1911+1347 (3786 TOAs)
✓ Loaded J1918-0642 (18875 TOAs)
✓ Loaded J1923+2515 (3974 TOAs)
✓ Loaded J1944+0907 (5328 TOAs)

WARNING: Using tempo RNAMP parameter: setting TNRedC to 100!
✓ Loaded J1946+3417 (4743 TOAs)
✓ Loaded J2010-1323 (17077 TOAs)
✓ Loaded J2017+0603 (3512 TOAs)
✓ Loaded J2033+1734 (3847 TOAs)
✓ Loaded J2043+1711 (7397 TOAs)
✓ Loaded J2124-3358 (4982 TOAs)

WARNING: Using tempo RNAMP parameter: setting TNRedC to 100!
✓ Loaded J2145-0750 (18675 TOAs)
✓ Loaded J2214+3000 (7406 TOAs)
✓ Loaded J2229+2643 (3711 TOAs)

WARNING: Using tempo RNAMP parameter: setting TNRedC to 100!
✓ Loaded J2234+0611 (3566 TOAs)
✓ Loaded J2234+0944 (7535 TOAs)
✓ Loaded J2302+4442 (10211 TOAs)
✓ Loaded J2317+1439 (13927 TOAs)
✓ Loaded J2322+2057 (3088 TOAs)
⚠ Could not save cache: no default __reduce__ due to non-trivial __cinit__

✓ Loaded 76 pulsars
✗ Failed: 0 — []
[MEM] After loading pulsars: 8872.1 MB

🔍 Filtering pulsars...

Filtered: 76 → 67 pulsars
[MEM] After filtering pulsars: 8874.8 MB
[MEM] After garbage collection: 8874.9 MB

======================================================================
SMBHB POPULATION ANALYSIS
======================================================================

Configuration: realistic
  Medium mass, medium spread in distance, medium population
  N_binaries: 20000

======================================================================
CONSISTENT POPULATION SYNTHESIS
======================================================================

======================================================================
GENERATING SNR-CONSISTENT POPULATIONS
======================================================================
Target SNR:          4.0
Simulations:         1
======================================================================


──────────────────────────────────────────────────────────────────────
SIMULATION 1/1
──────────────────────────────────────────────────────────────────────
  [B1855+09] zeroing residuals...
  [B1855+09] adding red noise...
  [B1855+09] white noise for L-wide_PUPPI (5005 TOAs)...
  [B1855+09] white noise for 430_ASP (390 TOAs)...
  [B1855+09] white noise for L-wide_ASP (1178 TOAs)...
  [B1855+09] white noise for 430_PUPPI (1185 TOAs)...
  [B1937+21] zeroing residuals...
  [B1937+21] adding red noise...
  [B1937+21] white noise for S-wide_PUPPI (2251 TOAs)...
  [B1937+21] white noise for S-wide_ASP (344 TOAs)...
  [B1937+21] white noise for L-wide_ASP (452 TOAs)...
  [B1937+21] white noise for Rcvr1_2_GUPPI (7048 TOAs)...
  [B1937+21] white noise for Rcvr_800_GASP (586 TOAs)...
  [B1937+21] white noise for Rcvr_800_GUPPI (7140 TOAs)...
  [B1937+21] white noise for L-wide_PUPPI (4133 TOAs)...
  [B1937+21] white noise for Rcvr1_2_GASP (1069 TOAs)...
  [B1953+29] zeroing residuals...
  [B1953+29] adding red noise...
  [B1953+29] white noise for S-wide_ASP (25 TOAs)...
  [B1953+29] white noise for L-wide_ASP (94 TOAs)...
  [B1953+29] white noise for L-wide_PUPPI (4037 TOAs)...
  [B1953+29] white noise for 430_ASP (29 TOAs)...
  [B1953+29] white noise for 430_PUPPI (941 TOAs)...
  [J0023+0923] zeroing residuals...
  [J0023+0923] adding red noise...
  [J0023+0923] white noise for L-wide_PUPPI (11123 TOAs)...
  [J0023+0923] white noise for 430_ASP (90 TOAs)...
  [J0023+0923] white noise for L-wide_ASP (119 TOAs)...
  [J0023+0923] white noise for 430_PUPPI (4564 TOAs)...
  [J0030+0451] zeroing residuals...
  [J0030+0451] adding red noise...
  [J0030+0451] white noise for S-wide_PUPPI (2673 TOAs)...
  [J0030+0451] white noise for L-wide_ASP (789 TOAs)...
  [J0030+0451] white noise for L-wide_PUPPI (12774 TOAs)...
  [J0030+0451] white noise for 430_ASP (267 TOAs)...
  [J0030+0451] white noise for 430_PUPPI (3068 TOAs)...
  [J0340+4130] zeroing residuals...
  [J0340+4130] adding red noise...
  [J0340+4130] white noise for Rcvr_800_GUPPI (6056 TOAs)...
  [J0340+4130] white noise for Rcvr1_2_GUPPI (5037 TOAs)...
  [J0406+3039] zeroing residuals...
  [J0406+3039] adding red noise...
  [J0406+3039] white noise for S-wide_PUPPI (575 TOAs)...
  [J0406+3039] white noise for L-wide_PUPPI (1871 TOAs)...
  [J0437-4715] zeroing residuals...
  [J0437-4715] adding red noise...
  [J0437-4715] white noise for 1.5GHz_YUPPI (2134 TOAs)...
  [J0437-4715] white noise for 3GHz_YUPPI (3696 TOAs)...
  [J0509+0856] zeroing residuals...
  [J0509+0856] adding red noise...
  [J0509+0856] white noise for S-wide_PUPPI (544 TOAs)...
  [J0509+0856] white noise for L-wide_PUPPI (1625 TOAs)...
  [J0557+1551] zeroing residuals...
  [J0557+1551] adding red noise...
  [J0557+1551] white noise for S-wide_PUPPI (58 TOAs)...
  [J0557+1551] white noise for L-wide_PUPPI (467 TOAs)...
  [J0605+3757] zeroing residuals...
  [J0605+3757] adding red noise...
  [J0605+3757] white noise for Rcvr_800_GUPPI (236 TOAs)...
  [J0605+3757] white noise for Rcvr1_2_GUPPI (318 TOAs)...
  [J0610-2100] zeroing residuals...
  [J0610-2100] adding red noise...
  [J0610-2100] white noise for Rcvr_800_GUPPI (2484 TOAs)...
  [J0610-2100] white noise for Rcvr1_2_GUPPI (2401 TOAs)...
  [J0613-0200] zeroing residuals...
  [J0613-0200] adding red noise...
  [J0613-0200] white noise for Rcvr_800_GUPPI (7900 TOAs)...
  [J0613-0200] white noise for Rcvr1_2_GASP (992 TOAs)...
  [J0613-0200] white noise for Rcvr1_2_GUPPI (7423 TOAs)...
  [J0613-0200] white noise for Rcvr_800_GASP (809 TOAs)...
  [J0636+5128] zeroing residuals...
  [J0636+5128] adding red noise...
  [J0636+5128] white noise for Rcvr_800_GUPPI (17419 TOAs)...
  [J0636+5128] white noise for Rcvr1_2_GUPPI (14803 TOAs)...
  [J0645+5158] zeroing residuals...
  [J0645+5158] adding red noise...
  [J0645+5158] white noise for Rcvr_800_GUPPI (4682 TOAs)...
  [J0645+5158] white noise for Rcvr1_2_GUPPI (5721 TOAs)...
  [J0709+0458] zeroing residuals...
  [J0709+0458] adding red noise...
  [J0709+0458] white noise for S-wide_PUPPI (595 TOAs)...
  [J0709+0458] white noise for L-wide_PUPPI (2435 TOAs)...
  [J0740+6620] zeroing residuals...
  [J0740+6620] adding red noise...
  [J0740+6620] white noise for Rcvr_800_GUPPI (5136 TOAs)...
  [J0740+6620] white noise for Rcvr1_2_GUPPI (8265 TOAs)...
  [J0931-1902] zeroing residuals...
  [J0931-1902] adding red noise...
  [J0931-1902] white noise for Rcvr_800_GUPPI (3419 TOAs)...
  [J0931-1902] white noise for Rcvr1_2_GUPPI (2054 TOAs)...
  [J1012+5307] zeroing residuals...
  [J1012+5307] adding red noise...
  [J1012+5307] white noise for Rcvr_800_GUPPI (10299 TOAs)...
  [J1012+5307] white noise for Rcvr1_2_GASP (1479 TOAs)...
  [J1012+5307] white noise for Rcvr1_2_GUPPI (12849 TOAs)...
  [J1012+5307] white noise for Rcvr_800_GASP (1210 TOAs)...
  [J1012-4235] zeroing residuals...
  [J1012-4235] adding red noise...
  [J1012-4235] white noise for Rcvr_800_GUPPI (342 TOAs)...
  [J1012-4235] white noise for Rcvr1_2_GUPPI (455 TOAs)...
  [J1022+1001] zeroing residuals...
  [J1022+1001] adding red noise...
  [J1022+1001] white noise for S-wide_PUPPI (1154 TOAs)...
  [J1022+1001] white noise for L-wide_PUPPI (2592 TOAs)...
  [J1022+1001] white noise for 430_PUPPI (232 TOAs)...
  [J1024-0719] zeroing residuals...
  [J1024-0719] adding red noise...
  [J1024-0719] white noise for Rcvr_800_GUPPI (5455 TOAs)...
  [J1024-0719] white noise for Rcvr1_2_GASP (43 TOAs)...
  [J1024-0719] white noise for Rcvr1_2_GUPPI (7086 TOAs)...
  [J1024-0719] white noise for Rcvr_800_GASP (51 TOAs)...
  [J1125+7819] zeroing residuals...
  [J1125+7819] adding red noise...
  [J1125+7819] white noise for Rcvr_800_GUPPI (4707 TOAs)...
  [J1125+7819] white noise for Rcvr1_2_GUPPI (4016 TOAs)...
  [J1312+0051] zeroing residuals...
  [J1312+0051] adding red noise...
  [J1312+0051] white noise for S-wide_PUPPI (416 TOAs)...
  [J1312+0051] white noise for L-wide_PUPPI (1289 TOAs)...
  [J1453+1902] zeroing residuals...
  [J1453+1902] adding red noise...
  [J1453+1902] white noise for S-wide_PUPPI (4 TOAs)...
  [J1453+1902] white noise for L-wide_PUPPI (2122 TOAs)...
  [J1453+1902] white noise for 430_PUPPI (425 TOAs)...
  [J1455-3330] zeroing residuals...
  [J1455-3330] adding red noise...
  [J1455-3330] white noise for Rcvr_800_GUPPI (4843 TOAs)...
  [J1455-3330] white noise for Rcvr1_2_GASP (564 TOAs)...
  [J1455-3330] white noise for Rcvr1_2_GUPPI (4932 TOAs)...
  [J1455-3330] white noise for Rcvr_800_GASP (479 TOAs)...
  [J1600-3053] zeroing residuals...
  [J1600-3053] adding red noise...
  [J1600-3053] white noise for 3GHz_YUPPI (3237 TOAs)...
  [J1600-3053] white noise for Rcvr_800_GASP (297 TOAs)...
  [J1600-3053] white noise for Rcvr1_2_GUPPI (10168 TOAs)...
  [J1600-3053] white noise for Rcvr_800_GUPPI (8796 TOAs)...
  [J1600-3053] white noise for Rcvr1_2_GASP (457 TOAs)...
  [J1614-2230] zeroing residuals...
  [J1614-2230] adding red noise...
  [J1614-2230] white noise for Rcvr_800_GUPPI (7768 TOAs)...
  [J1614-2230] white noise for Rcvr1_2_GASP (84 TOAs)...
  [J1614-2230] white noise for Rcvr1_2_GUPPI (10509 TOAs)...
  [J1614-2230] white noise for Rcvr_800_GASP (84 TOAs)...
  [J1630+3734] zeroing residuals...
  [J1630+3734] adding red noise...
  [J1630+3734] white noise for Rcvr_800_GUPPI (906 TOAs)...
  [J1630+3734] white noise for Rcvr1_2_GUPPI (909 TOAs)...
  [J1640+2224] zeroing residuals...
  [J1640+2224] adding red noise...
  [J1640+2224] white noise for L-wide_PUPPI (9847 TOAs)...
  [J1640+2224] white noise for 430_ASP (340 TOAs)...
  [J1640+2224] white noise for L-wide_ASP (722 TOAs)...
  [J1640+2224] white noise for 430_PUPPI (3157 TOAs)...
  [J1643-1224] zeroing residuals...
  [J1643-1224] adding red noise...
  [J1643-1224] white noise for 3GHz_YUPPI (4215 TOAs)...
  [J1643-1224] white noise for Rcvr_800_GASP (559 TOAs)...
  [J1643-1224] white noise for Rcvr1_2_GUPPI (8803 TOAs)...
  [J1643-1224] white noise for Rcvr_800_GUPPI (7734 TOAs)...
  [J1643-1224] white noise for Rcvr1_2_GASP (833 TOAs)...
  [J1705-1903] zeroing residuals...
  [J1705-1903] adding red noise...
  [J1705-1903] white noise for Rcvr_800_GUPPI (3521 TOAs)...
  [J1705-1903] white noise for Rcvr1_2_GUPPI (6350 TOAs)...
  [J1713+0747] zeroing residuals...
  [J1713+0747] adding red noise...
  [J1713+0747] white noise for 1.5GHz_YUPPI (1461 TOAs)...
  [J1713+0747] white noise for S-wide_PUPPI (7482 TOAs)...
  [J1713+0747] white noise for S-wide_ASP (624 TOAs)...
  [J1713+0747] white noise for L-wide_ASP (843 TOAs)...
  [J1713+0747] white noise for 3GHz_YUPPI (3282 TOAs)...
  [J1713+0747] white noise for Rcvr1_2_GUPPI (22334 TOAs)...
  [J1713+0747] white noise for Rcvr_800_GASP (1032 TOAs)...
  [J1713+0747] white noise for Rcvr_800_GUPPI (8479 TOAs)...
  [J1713+0747] white noise for L-wide_PUPPI (12743 TOAs)...
  [J1713+0747] white noise for Rcvr1_2_GASP (1109 TOAs)...
  [J1719-1438] zeroing residuals...
  [J1719-1438] adding red noise...
  [J1719-1438] white noise for Rcvr_800_GUPPI (3634 TOAs)...
  [J1719-1438] white noise for Rcvr1_2_GUPPI (2722 TOAs)...
  [J1730-2304] zeroing residuals...
  [J1730-2304] adding red noise...
  [J1730-2304] white noise for Rcvr_800_GUPPI (2503 TOAs)...
  [J1730-2304] white noise for Rcvr1_2_GUPPI (2367 TOAs)...
  [J1738+0333] zeroing residuals...
  [J1738+0333] adding red noise...
  [J1738+0333] white noise for S-wide_PUPPI (1737 TOAs)...
  [J1738+0333] white noise for S-wide_ASP (134 TOAs)...
  [J1738+0333] white noise for L-wide_ASP (201 TOAs)...
  [J1738+0333] white noise for L-wide_PUPPI (6718 TOAs)...
  [J1741+1351] zeroing residuals...
  [J1741+1351] adding red noise...
  [J1741+1351] white noise for S-wide_ASP (115 TOAs)...
  [J1741+1351] white noise for L-wide_ASP (236 TOAs)...
  [J1741+1351] white noise for L-wide_PUPPI (4045 TOAs)...
  [J1741+1351] white noise for 430_ASP (27 TOAs)...
  [J1741+1351] white noise for 430_PUPPI (1159 TOAs)...
  [J1744-1134] zeroing residuals...
  [J1744-1134] adding red noise...
  [J1744-1134] white noise for Rcvr_800_GUPPI (7899 TOAs)...
  [J1744-1134] white noise for Rcvr1_2_GASP (807 TOAs)...
  [J1744-1134] white noise for Rcvr1_2_GUPPI (8109 TOAs)...
  [J1744-1134] white noise for Rcvr_800_GASP (930 TOAs)...
  [J1745+1017] zeroing residuals...
  [J1745+1017] adding red noise...
  [J1745+1017] white noise for S-wide_PUPPI (838 TOAs)...
  [J1745+1017] white noise for L-wide_PUPPI (2179 TOAs)...
  [J1747-4036] zeroing residuals...
  [J1747-4036] adding red noise...
  [J1747-4036] white noise for Rcvr_800_GUPPI (5816 TOAs)...
  [J1747-4036] white noise for Rcvr1_2_GUPPI (5239 TOAs)...
  [J1751-2857] zeroing residuals...
  [J1751-2857] adding red noise...
  [J1751-2857] white noise for Rcvr_800_GUPPI (239 TOAs)...
  [J1751-2857] white noise for Rcvr1_2_GUPPI (1786 TOAs)...
  [J1802-2124] zeroing residuals...
  [J1802-2124] adding red noise...
  [J1802-2124] white noise for Rcvr_800_GUPPI (3565 TOAs)...
  [J1802-2124] white noise for Rcvr1_2_GUPPI (3231 TOAs)...
  [J1811-2405] zeroing residuals...
  [J1811-2405] adding red noise...
  [J1811-2405] white noise for Rcvr_800_GUPPI (2628 TOAs)...
  [J1811-2405] white noise for Rcvr1_2_GUPPI (2638 TOAs)...
  [J1832-0836] zeroing residuals...
  [J1832-0836] adding red noise...
  [J1832-0836] white noise for Rcvr_800_GUPPI (3078 TOAs)...
  [J1832-0836] white noise for Rcvr1_2_GUPPI (4661 TOAs)...
  [J1843-1113] zeroing residuals...
  [J1843-1113] adding red noise...
  [J1843-1113] white noise for Rcvr_800_GUPPI (2201 TOAs)...
  [J1843-1113] white noise for Rcvr1_2_GUPPI (2394 TOAs)...
  [J1853+1303] zeroing residuals...
  [J1853+1303] adding red noise...
  [J1853+1303] white noise for L-wide_PUPPI (3362 TOAs)...
  [J1853+1303] white noise for 430_ASP (24 TOAs)...
  [J1853+1303] white noise for L-wide_ASP (33 TOAs)...
  [J1853+1303] white noise for 430_PUPPI (1151 TOAs)...
  [J1903+0327] zeroing residuals...
  [J1903+0327] adding red noise...
  [J1903+0327] white noise for S-wide_PUPPI (2282 TOAs)...
  [J1903+0327] white noise for S-wide_ASP (151 TOAs)...
  [J1903+0327] white noise for L-wide_ASP (139 TOAs)...
  [J1903+0327] white noise for 3GHz_YUPPI (439 TOAs)...
  [J1903+0327] white noise for L-wide_PUPPI (3845 TOAs)...
  [J1909-3744] zeroing residuals...
  [J1909-3744] adding red noise...
  [J1909-3744] white noise for 3GHz_YUPPI (3525 TOAs)...
  [J1909-3744] white noise for Rcvr_800_GASP (866 TOAs)...
  [J1909-3744] white noise for Rcvr1_2_GUPPI (20439 TOAs)...
  [J1909-3744] white noise for Rcvr_800_GUPPI (9399 TOAs)...
  [J1909-3744] white noise for Rcvr1_2_GASP (808 TOAs)...
  [J1910+1256] zeroing residuals...
  [J1910+1256] adding red noise...
  [J1910+1256] white noise for S-wide_PUPPI (1857 TOAs)...
  [J1910+1256] white noise for S-wide_ASP (208 TOAs)...
  [J1910+1256] white noise for L-wide_ASP (297 TOAs)...
  [J1910+1256] white noise for L-wide_PUPPI (4124 TOAs)...
  [J1911+1347] zeroing residuals...
  [J1911+1347] adding red noise...
  [J1911+1347] white noise for L-wide_PUPPI (3033 TOAs)...
  [J1911+1347] white noise for 430_PUPPI (753 TOAs)...
  [J1918-0642] zeroing residuals...
  [J1918-0642] adding red noise...
  [J1918-0642] white noise for Rcvr_800_GUPPI (8352 TOAs)...
  [J1918-0642] white noise for Rcvr1_2_GASP (778 TOAs)...
  [J1918-0642] white noise for Rcvr1_2_GUPPI (8910 TOAs)...
  [J1918-0642] white noise for Rcvr_800_GASP (835 TOAs)...
  [J1923+2515] zeroing residuals...
  [J1923+2515] adding red noise...
  [J1923+2515] white noise for L-wide_PUPPI (3028 TOAs)...
  [J1923+2515] white noise for 430_ASP (10 TOAs)...
  [J1923+2515] white noise for L-wide_ASP (14 TOAs)...
  [J1923+2515] white noise for 430_PUPPI (922 TOAs)...
  [J1944+0907] zeroing residuals...
  [J1944+0907] adding red noise...
  [J1944+0907] white noise for S-wide_ASP (116 TOAs)...
  [J1944+0907] white noise for L-wide_ASP (257 TOAs)...
  [J1944+0907] white noise for L-wide_PUPPI (3900 TOAs)...
  [J1944+0907] white noise for 430_ASP (38 TOAs)...
  [J1944+0907] white noise for 430_PUPPI (1017 TOAs)...
  [J1946+3417] zeroing residuals...
  [J1946+3417] adding red noise...
  [J1946+3417] white noise for S-wide_PUPPI (1546 TOAs)...
  [J1946+3417] white noise for L-wide_PUPPI (3197 TOAs)...
  [J2010-1323] zeroing residuals...
  [J2010-1323] adding red noise...
  [J2010-1323] white noise for Rcvr_800_GUPPI (9158 TOAs)...
  [J2010-1323] white noise for Rcvr1_2_GASP (70 TOAs)...
  [J2010-1323] white noise for Rcvr1_2_GUPPI (7779 TOAs)...
  [J2010-1323] white noise for Rcvr_800_GASP (70 TOAs)...
  [J2017+0603] zeroing residuals...
  [J2017+0603] adding red noise...
  [J2017+0603] white noise for L-wide_PUPPI (2569 TOAs)...
  [J2017+0603] white noise for S-wide_PUPPI (849 TOAs)...
  [J2017+0603] white noise for L-wide_ASP (16 TOAs)...
  [J2017+0603] white noise for 430_PUPPI (78 TOAs)...
  [J2033+1734] zeroing residuals...
  [J2033+1734] adding red noise...
  [J2033+1734] white noise for L-wide_PUPPI (3050 TOAs)...
  [J2033+1734] white noise for 430_PUPPI (797 TOAs)...
  [J2043+1711] zeroing residuals...
  [J2043+1711] adding red noise...
  [J2043+1711] white noise for L-wide_PUPPI (4419 TOAs)...
  [J2043+1711] white noise for 430_ASP (30 TOAs)...
  [J2043+1711] white noise for L-wide_ASP (40 TOAs)...
  [J2043+1711] white noise for 430_PUPPI (2908 TOAs)...
  [J2124-3358] zeroing residuals...
  [J2124-3358] adding red noise...
  [J2124-3358] white noise for Rcvr_800_GUPPI (2025 TOAs)...
  [J2124-3358] white noise for Rcvr1_2_GUPPI (2957 TOAs)...
  [J2145-0750] zeroing residuals...
  [J2145-0750] adding red noise...
  [J2145-0750] white noise for Rcvr_800_GUPPI (8728 TOAs)...
  [J2145-0750] white noise for Rcvr1_2_GASP (427 TOAs)...
  [J2145-0750] white noise for Rcvr1_2_GUPPI (9158 TOAs)...
  [J2145-0750] white noise for Rcvr_800_GASP (362 TOAs)...
  [J2214+3000] zeroing residuals...
  [J2214+3000] adding red noise...
  [J2214+3000] white noise for S-wide_PUPPI (1568 TOAs)...
  [J2214+3000] white noise for L-wide_ASP (9 TOAs)...
  [J2214+3000] white noise for L-wide_PUPPI (5829 TOAs)...
  [J2229+2643] zeroing residuals...
  [J2229+2643] adding red noise...
  [J2229+2643] white noise for L-wide_PUPPI (2755 TOAs)...
  [J2229+2643] white noise for 430_PUPPI (956 TOAs)...
  [J2234+0611] zeroing residuals...
  [J2234+0611] adding red noise...
  [J2234+0611] white noise for L-wide_PUPPI (2913 TOAs)...
  [J2234+0611] white noise for 430_PUPPI (653 TOAs)...
  [J2234+0944] zeroing residuals...
  [J2234+0944] adding red noise...
  [J2234+0944] white noise for S-wide_PUPPI (2532 TOAs)...
  [J2234+0944] white noise for L-wide_PUPPI (5003 TOAs)...
  [J2302+4442] zeroing residuals...
  [J2302+4442] adding red noise...
  [J2302+4442] white noise for Rcvr_800_GUPPI (6432 TOAs)...
  [J2302+4442] white noise for Rcvr1_2_GUPPI (3779 TOAs)...
  [J2317+1439] zeroing residuals...
  [J2317+1439] adding red noise...
  [J2317+1439] white noise for 327_ASP (413 TOAs)...
  [J2317+1439] white noise for L-wide_PUPPI (9563 TOAs)...
  [J2317+1439] white noise for 327_PUPPI (276 TOAs)...
  [J2317+1439] white noise for 430_ASP (458 TOAs)...
  [J2317+1439] white noise for 430_PUPPI (3217 TOAs)...
  [J2322+2057] zeroing residuals...
  [J2322+2057] adding red noise...
  [J2322+2057] white noise for S-wide_PUPPI (140 TOAs)...
  [J2322+2057] white noise for L-wide_PUPPI (2196 TOAs)...
  [J2322+2057] white noise for 430_PUPPI (752 TOAs)...
Resetting pulsars to clean stoas...
Restore: 0.00 s
Inject: 0.00 s
Snapshotting into enterprise Pulsar objects...
Building PTA...
PTA build: 532.66 s
Computing optimal statistic...
OS time: 44.85 s
Total: 577.52 s
Noise-only SNR baseline: -1.4753

Generating SNR-consistent population...
Target SNR: 4.0
Resetting pulsars to clean stoas...
Restore: 0.00 s
Injecting population...
  B1855+09: RMS = 1741.945 ns
  B1937+21: RMS = 1112.118 ns
  B1953+29: RMS = 1304.609 ns
  J0023+0923: RMS = 2912.619 ns
  J0030+0451: RMS = 4095.832 ns
  J0340+4130: RMS = 3564.303 ns
  J0406+3039: RMS = 925.678 ns
  J0437-4715: RMS = 660.908 ns
  J0509+0856: RMS = 2659.324 ns
  J0557+1551: RMS = 3089.792 ns
  J0605+3757: RMS = 2734.444 ns
  J0610-2100: RMS = 728.715 ns
  J0613-0200: RMS = 1781.632 ns
  J0636+5128: RMS = 3775.256 ns
  J0645+5158: RMS = 3643.673 ns
  J0709+0458: RMS = 756.501 ns
  J0740+6620: RMS = 1451.919 ns
  J0931-1902: RMS = 945.985 ns
  J1012+5307: RMS = 1565.321 ns
  J1012-4235: RMS = 717.327 ns
  J1022+1001: RMS = 1358.010 ns
  J1024-0719: RMS = 2555.701 ns
  J1125+7819: RMS = 1183.783 ns
  J1312+0051: RMS = 589.412 ns
  J1453+1902: RMS = 516.193 ns
  J1455-3330: RMS = 3536.765 ns
  J1600-3053: RMS = 3916.493 ns
  J1614-2230: RMS = 3559.319 ns
  J1630+3734: RMS = 1595.542 ns
  J1640+2224: RMS = 663.167 ns
  J1643-1224: RMS = 2322.088 ns
  J1705-1903: RMS = 954.973 ns
  J1713+0747: RMS = 1260.584 ns
  J1719-1438: RMS = 1054.325 ns
  J1730-2304: RMS = 1561.687 ns
  J1738+0333: RMS = 1257.377 ns
  J1741+1351: RMS = 1173.466 ns
  J1744-1134: RMS = 2030.740 ns
  J1745+1017: RMS = 867.550 ns
  J1747-4036: RMS = 3179.660 ns
  J1751-2857: RMS = 1860.708 ns
  J1802-2124: RMS = 2070.512 ns
  J1811-2405: RMS = 2656.440 ns
  J1832-0836: RMS = 2168.721 ns
  J1843-1113: RMS = 2582.732 ns
  J1853+1303: RMS = 1416.121 ns
  J1903+0327: RMS = 1943.142 ns
  J1909-3744: RMS = 5450.010 ns
  J1910+1256: RMS = 1401.231 ns
  J1911+1347: RMS = 467.059 ns
  J1918-0642: RMS = 2178.036 ns
  J1923+2515: RMS = 896.626 ns
  J1944+0907: RMS = 1725.108 ns
  J1946+3417: RMS = 1097.301 ns
  J2010-1323: RMS = 1142.842 ns
  J2017+0603: RMS = 2919.886 ns
  J2033+1734: RMS = 3507.986 ns
  J2043+1711: RMS = 1343.146 ns
  J2124-3358: RMS = 1087.833 ns
  J2145-0750: RMS = 2321.774 ns
  J2214+3000: RMS = 2913.336 ns
  J2229+2643: RMS = 3123.838 ns
  J2234+0611: RMS = 3034.742 ns
  J2234+0944: RMS = 2087.293 ns
  J2302+4442: RMS = 3291.541 ns
  J2317+1439: RMS = 3986.803 ns
  J2322+2057: RMS = 3194.719 ns
Inject: 0.85 s
Snapshotting into enterprise Pulsar objects...
Building PTA...
PTA build: 540.32 s
Computing optimal statistic...
OS time: 43.11 s
Total: 584.28 s
Initial SNR: 65.7139, Target SNR: 4.0000
  Initial SNR 65.7139 outside of provided SNR_range [3.5, 4.25] — rescaling.
Scaling distances by factor 3.5030 to achieve target SNR...
Resetting pulsars to clean stoas...
Restore: 0.00 s
Injecting population...
  B1855+09: RMS = 497.268 ns
  B1937+21: RMS = 317.473 ns
  B1953+29: RMS = 372.423 ns
  J0023+0923: RMS = 831.456 ns
  J0030+0451: RMS = 1169.224 ns
  J0340+4130: RMS = 1017.490 ns
  J0406+3039: RMS = 264.250 ns
  J0437-4715: RMS = 188.667 ns
  J0509+0856: RMS = 759.149 ns
  J0557+1551: RMS = 882.033 ns
  J0605+3757: RMS = 780.593 ns
  J0610-2100: RMS = 208.024 ns
  J0613-0200: RMS = 508.597 ns
  J0636+5128: RMS = 1077.711 ns
  J0645+5158: RMS = 1040.148 ns
  J0709+0458: RMS = 215.956 ns
  J0740+6620: RMS = 414.475 ns
  J0931-1902: RMS = 270.047 ns
  J1012+5307: RMS = 446.847 ns
  J1012-4235: RMS = 204.773 ns
  J1022+1001: RMS = 387.667 ns
  J1024-0719: RMS = 729.568 ns
  J1125+7819: RMS = 337.931 ns
  J1312+0051: RMS = 168.258 ns
  J1453+1902: RMS = 147.356 ns
  J1455-3330: RMS = 1009.629 ns
  J1600-3053: RMS = 1118.029 ns
  J1614-2230: RMS = 1016.067 ns
  J1630+3734: RMS = 455.474 ns
  J1640+2224: RMS = 189.312 ns
  J1643-1224: RMS = 662.879 ns
  J1705-1903: RMS = 272.613 ns
  J1713+0747: RMS = 359.855 ns
  J1719-1438: RMS = 300.975 ns
  J1730-2304: RMS = 445.810 ns
  J1738+0333: RMS = 358.939 ns
  J1741+1351: RMS = 334.986 ns
  J1744-1134: RMS = 579.709 ns
  J1745+1017: RMS = 247.657 ns
  J1747-4036: RMS = 907.687 ns
  J1751-2857: RMS = 531.171 ns
  J1802-2124: RMS = 591.063 ns
  J1811-2405: RMS = 758.325 ns
  J1832-0836: RMS = 619.098 ns
  J1843-1113: RMS = 737.284 ns
  J1853+1303: RMS = 404.256 ns
  J1903+0327: RMS = 554.703 ns
  J1909-3744: RMS = 1555.797 ns
  J1910+1256: RMS = 400.005 ns
  J1911+1347: RMS = 133.330 ns
  J1918-0642: RMS = 621.757 ns
  J1923+2515: RMS = 255.957 ns
  J1944+0907: RMS = 492.461 ns
  J1946+3417: RMS = 313.243 ns
  J2010-1323: RMS = 326.243 ns
  J2017+0603: RMS = 833.531 ns
  J2033+1734: RMS = 1001.414 ns
  J2043+1711: RMS = 383.424 ns
  J2124-3358: RMS = 310.540 ns
  J2145-0750: RMS = 662.789 ns
  J2214+3000: RMS = 831.661 ns
  J2229+2643: RMS = 891.752 ns
  J2234+0611: RMS = 866.318 ns
  J2234+0944: RMS = 595.853 ns
  J2302+4442: RMS = 939.626 ns
  J2317+1439: RMS = 1138.100 ns
  J2322+2057: RMS = 911.986 ns
Inject: 0.77 s
Snapshotting into enterprise Pulsar objects...
Building PTA...
PTA build: 525.22 s
Computing optimal statistic...
OS time: 44.58 s
Total: 570.57 s
  SNR 6.2946 outside of provided SNR_range [3.5, 4.25] — rescaling.
[Iteration 1/4] SNR after scaling: 6.2946 (target: 4.0000)
  SNR history: it0→65.7139@1.0000x, it1→6.2946@3.5030x
  Re-scaling distances by factor 1.2256  (cumulative after: 4.2932×)
Resetting pulsars to clean stoas...
Restore: 0.01 s
Injecting population...
  B1855+09: RMS = 405.747 ns
  B1937+21: RMS = 259.043 ns
  B1953+29: RMS = 303.880 ns
  J0023+0923: RMS = 678.430 ns
  J0030+0451: RMS = 954.033 ns
  J0340+4130: RMS = 830.225 ns
  J0406+3039: RMS = 215.616 ns
  J0437-4715: RMS = 153.944 ns
  J0509+0856: RMS = 619.430 ns
  J0557+1551: RMS = 719.699 ns
  J0605+3757: RMS = 636.928 ns
  J0610-2100: RMS = 169.738 ns
  J0613-0200: RMS = 414.992 ns
  J0636+5128: RMS = 879.362 ns
  J0645+5158: RMS = 848.713 ns
  J0709+0458: RMS = 176.210 ns
  J0740+6620: RMS = 338.192 ns
  J0931-1902: RMS = 220.346 ns
  J1012+5307: RMS = 364.607 ns
  J1012-4235: RMS = 167.085 ns
  J1022+1001: RMS = 316.318 ns
  J1024-0719: RMS = 595.294 ns
  J1125+7819: RMS = 275.736 ns
  J1312+0051: RMS = 137.291 ns
  J1453+1902: RMS = 120.236 ns
  J1455-3330: RMS = 823.811 ns
  J1600-3053: RMS = 912.260 ns
  J1614-2230: RMS = 829.064 ns
  J1630+3734: RMS = 371.646 ns
  J1640+2224: RMS = 154.470 ns
  J1643-1224: RMS = 540.879 ns
  J1705-1903: RMS = 222.440 ns
  J1713+0747: RMS = 293.625 ns
  J1719-1438: RMS = 245.582 ns
  J1730-2304: RMS = 363.760 ns
  J1738+0333: RMS = 292.878 ns
  J1741+1351: RMS = 273.333 ns
  J1744-1134: RMS = 473.016 ns
  J1745+1017: RMS = 202.077 ns
  J1747-4036: RMS = 740.631 ns
  J1751-2857: RMS = 433.411 ns
  J1802-2124: RMS = 482.280 ns
  J1811-2405: RMS = 618.759 ns
  J1832-0836: RMS = 505.155 ns
  J1843-1113: RMS = 601.590 ns
  J1853+1303: RMS = 329.854 ns
  J1903+0327: RMS = 452.612 ns
  J1909-3744: RMS = 1269.459 ns
  J1910+1256: RMS = 326.386 ns
  J1911+1347: RMS = 108.791 ns
  J1918-0642: RMS = 507.325 ns
  J1923+2515: RMS = 208.849 ns
  J1944+0907: RMS = 401.826 ns
  J1946+3417: RMS = 255.592 ns
  J2010-1323: RMS = 266.200 ns
  J2017+0603: RMS = 680.123 ns
  J2033+1734: RMS = 817.108 ns
  J2043+1711: RMS = 312.856 ns
  J2124-3358: RMS = 253.387 ns
  J2145-0750: RMS = 540.806 ns
  J2214+3000: RMS = 678.597 ns
  J2229+2643: RMS = 727.629 ns
  J2234+0611: RMS = 706.876 ns
  J2234+0944: RMS = 486.189 ns
  J2302+4442: RMS = 766.691 ns
  J2317+1439: RMS = 928.637 ns
  J2322+2057: RMS = 744.139 ns
Inject: 0.84 s
Snapshotting into enterprise Pulsar objects...
Building PTA...
PTA build: 528.89 s
Computing optimal statistic...
OS time: 48.35 s
Total: 578.09 s
  ✓ SNR is within the provided SNR_range: 4.1805 ∈ [3.5, 4.25]

Final SNR history:
  it 0: cumulative_scale=1.0000×  SNR=65.7139
  it 1: cumulative_scale=3.5030×  SNR=6.2946
  it 2: cumulative_scale=4.2932×  SNR=4.1805
✓ Simulation 1 done (1736.4 s)

======================================================================
ENSEMBLE SUMMARY
======================================================================
Success rate: 100.0% (1/1)

Binaries per population:
  Mean ± std : 20000 ± 0
  Range      : [20000, 20000]

SNR achieved:
  Mean ± std : 4.1805 ± 0.0000
  Range      : [4.1805, 4.1805]

Total time: 2354.3 s (39.2 min)
======================================================================

💾 Saved: data/2026-04-29/realistic_run_225/consistent_population_realistic_targetSNR4.25_sims1.json
💾 Saved compressed pickle: data/2026-04-29/realistic_run_225/consistent_population_realistic_targetSNR4.25_sims1.pkl.gz

======================================================================
CONTINUOUS WAVE SNR ANALYSIS
======================================================================

--- Population 1 ---
Precomputation of phiinvs, TNTs, Ts, Nvecs, Sigmas took 0.03 seconds.
Total SNR computation for population took 533.90 seconds.
Top 50 CGW candidates:
   1. proxy_rank=   3  sky_w=1.59  f=4.33e-09 Hz  Mc=3.17e+10 Msun  h0=4.96e-15  SNR=7.567
   2. proxy_rank=   1  sky_w=1.62  f=2.54e-09 Hz  Mc=3.59e+10 Msun  h0=8.57e-15  SNR=4.202
   3. proxy_rank=  44  sky_w=1.44  f=9.26e-09 Hz  Mc=1.52e+10 Msun  h0=2.25e-15  SNR=3.711
   4. proxy_rank=   2  sky_w=1.05  f=2.50e-09 Hz  Mc=5.37e+10 Msun  h0=7.51e-15  SNR=2.575
   5. proxy_rank=  12  sky_w=1.22  f=4.71e-09 Hz  Mc=2.40e+10 Msun  h0=3.29e-15  SNR=2.033
   6. proxy_rank= 127  sky_w=1.08  f=7.95e-09 Hz  Mc=1.04e+10 Msun  h0=1.18e-15  SNR=1.638
   7. proxy_rank= 104  sky_w=0.74  f=6.06e-09 Hz  Mc=1.48e+10 Msun  h0=1.59e-15  SNR=1.320
   8. proxy_rank=  46  sky_w=1.49  f=4.00e-09 Hz  Mc=1.21e+10 Msun  h0=9.21e-16  SNR=1.185
   9. proxy_rank= 105  sky_w=0.72  f=5.72e-09 Hz  Mc=6.45e+09 Msun  h0=1.54e-15  SNR=1.170
  10. proxy_rank=   6  sky_w=1.31  f=2.26e-09 Hz  Mc=2.63e+10 Msun  h0=2.15e-15  SNR=1.120
  11. proxy_rank=  28  sky_w=0.61  f=3.24e-09 Hz  Mc=2.60e+10 Msun  h0=2.68e-15  SNR=1.082
  12. proxy_rank=   4  sky_w=1.00  f=2.14e-09 Hz  Mc=3.51e+10 Msun  h0=3.49e-15  SNR=0.993
  13. proxy_rank=   8  sky_w=1.53  f=2.52e-09 Hz  Mc=2.00e+10 Msun  h0=1.83e-15  SNR=0.975
  14. proxy_rank=  29  sky_w=1.01  f=3.18e-09 Hz  Mc=1.14e+10 Msun  h0=1.51e-15  SNR=0.944
  15. proxy_rank= 165  sky_w=1.59  f=6.07e-09 Hz  Mc=5.25e+09 Msun  h0=4.96e-16  SNR=0.925
  16. proxy_rank= 148  sky_w=1.40  f=8.07e-09 Hz  Mc=8.24e+09 Msun  h0=8.42e-16  SNR=0.888
  17. proxy_rank=  50  sky_w=0.63  f=3.80e-09 Hz  Mc=1.95e+10 Msun  h0=1.92e-15  SNR=0.888
  18. proxy_rank=   5  sky_w=1.62  f=2.01e-09 Hz  Mc=1.92e+10 Msun  h0=1.54e-15  SNR=0.874
  19. proxy_rank=  53  sky_w=1.04  f=3.75e-09 Hz  Mc=1.23e+10 Msun  h0=1.12e-15  SNR=0.872
  20. proxy_rank= 554  sky_w=0.72  f=2.10e-08 Hz  Mc=4.98e+09 Msun  h0=1.04e-15  SNR=0.851
  21. proxy_rank=  37  sky_w=0.98  f=3.34e-09 Hz  Mc=1.68e+10 Msun  h0=1.34e-15  SNR=0.823
  22. proxy_rank=   7  sky_w=1.19  f=2.30e-09 Hz  Mc=2.60e+10 Msun  h0=2.35e-15  SNR=0.815
  23. proxy_rank= 572  sky_w=1.47  f=1.52e-08 Hz  Mc=3.85e+09 Msun  h0=3.56e-16  SNR=0.803
  24. proxy_rank= 368  sky_w=0.52  f=2.87e-08 Hz  Mc=1.15e+10 Msun  h0=3.12e-15  SNR=0.797
  25. proxy_rank= 664  sky_w=1.42  f=1.84e-08 Hz  Mc=3.88e+09 Msun  h0=3.69e-16  SNR=0.791
  26. proxy_rank=  23  sky_w=0.59  f=3.95e-09 Hz  Mc=2.48e+10 Msun  h0=3.83e-15  SNR=0.791
  27. proxy_rank=  17  sky_w=1.09  f=3.91e-09 Hz  Mc=1.98e+10 Msun  h0=2.35e-15  SNR=0.772
  28. proxy_rank=  65  sky_w=0.52  f=4.03e-09 Hz  Mc=1.41e+10 Msun  h0=2.13e-15  SNR=0.771
  29. proxy_rank=  34  sky_w=1.51  f=3.32e-09 Hz  Mc=1.37e+10 Msun  h0=9.29e-16  SNR=0.762
  30. proxy_rank= 154  sky_w=0.71  f=5.42e-09 Hz  Mc=1.21e+10 Msun  h0=1.10e-15  SNR=0.710
  31. proxy_rank=  14  sky_w=1.48  f=2.29e-09 Hz  Mc=1.62e+10 Msun  h0=1.11e-15  SNR=0.698
  32. proxy_rank=  60  sky_w=1.16  f=3.50e-09 Hz  Mc=7.60e+09 Msun  h0=8.71e-16  SNR=0.690
  33. proxy_rank=  48  sky_w=1.11  f=3.04e-09 Hz  Mc=1.39e+10 Msun  h0=9.09e-16  SNR=0.681
  34. proxy_rank=  13  sky_w=1.59  f=2.02e-09 Hz  Mc=1.62e+10 Msun  h0=1.03e-15  SNR=0.627
  35. proxy_rank=  18  sky_w=1.53  f=2.93e-09 Hz  Mc=1.63e+10 Msun  h0=1.21e-15  SNR=0.620
  36. proxy_rank=  94  sky_w=0.76  f=4.48e-09 Hz  Mc=1.32e+10 Msun  h0=1.23e-15  SNR=0.617
  37. proxy_rank=  30  sky_w=1.43  f=3.97e-09 Hz  Mc=1.51e+10 Msun  h0=1.33e-15  SNR=0.611
  38. proxy_rank= 151  sky_w=1.19  f=4.22e-09 Hz  Mc=8.22e+09 Msun  h0=5.12e-16  SNR=0.607
  39. proxy_rank=  22  sky_w=1.48  f=2.31e-09 Hz  Mc=1.40e+10 Msun  h0=9.00e-16  SNR=0.606
  40. proxy_rank=  79  sky_w=1.19  f=4.54e-09 Hz  Mc=1.16e+10 Msun  h0=8.89e-16  SNR=0.592
  41. proxy_rank=  76  sky_w=1.50  f=5.01e-09 Hz  Mc=1.01e+10 Msun  h0=8.05e-16  SNR=0.591
  42. proxy_rank= 132  sky_w=1.44  f=4.94e-09 Hz  Mc=6.06e+09 Msun  h0=5.26e-16  SNR=0.588
  43. proxy_rank=  21  sky_w=1.46  f=2.25e-09 Hz  Mc=1.53e+10 Msun  h0=9.02e-16  SNR=0.588
  44. proxy_rank=  49  sky_w=1.58  f=2.98e-09 Hz  Mc=1.05e+10 Msun  h0=6.04e-16  SNR=0.587
  45. proxy_rank= 147  sky_w=1.19  f=4.52e-09 Hz  Mc=8.89e+09 Msun  h0=5.56e-16  SNR=0.586
  46. proxy_rank= 135  sky_w=1.01  f=4.83e-09 Hz  Mc=9.42e+09 Msun  h0=7.27e-16  SNR=0.586
  47. proxy_rank= 164  sky_w=0.93  f=4.54e-09 Hz  Mc=9.38e+09 Msun  h0=6.38e-16  SNR=0.582
  48. proxy_rank= 170  sky_w=1.52  f=5.31e-09 Hz  Mc=5.60e+09 Msun  h0=4.27e-16  SNR=0.580
  49. proxy_rank=  26  sky_w=0.57  f=2.25e-09 Hz  Mc=2.55e+10 Msun  h0=2.10e-15  SNR=0.557
  50. proxy_rank= 431  sky_w=0.93  f=8.01e-09 Hz  Mc=5.67e+09 Msun  h0=4.15e-16  SNR=0.538
💾 Saved: data/2026-04-29/realistic_run_225/consistent_population_realistic_targetSNR4.25_sims1.json
💾 Saved compressed pickle: data/2026-04-29/realistic_run_225/consistent_population_realistic_targetSNR4.25_sims1.pkl.gz
Saved to figures/cgw_analysis_realistic.pdf

======================================================================
ANALYSIS COMPLETE
Results saved to: data/2026-04-29/realistic_run_225
======================================================================

==========================================
Job finished at: Wed Apr 29 14:37:16 AEST 2026
Exit code: 0
==========================================

+------------------ Job Report: 11738649 (COMPLETED) ------------------+
| Memory (RAM)  [##################  ] 93.5% (29.9 GB peak / 32 GB)    |
| CPU           [##############      ] 73.6% average                   |
| Time          [------------>       ] 64.5% (0-00:51:34 / 0-01:20:00) |
|                                                                      |
| Lustre Filesystem:                                                   |
|   Path    Total Read    Total Write      Total IOPS                  |
|   ------  ------------  -------------  ------------                  |
|   /apps   0 B           0 B                      5                   |
|   /fred   100 KB        6.4 MB                  22                   |
|   /home   8.9 MB        0 B                     27                   |
|   OS      0 B           0 B                      2                   |
|                                                                      |
| Warnings:                                                            |
|   - CPU usage is low                                                 |
|   - Too much time requested                                          |
+----------------------------------------------------------------------+
