==========================================
Job ID: 11728695
Job Name: smbhb_realistic
Node: gina303
Start Time: Wed Apr 29 10:06:10 AEST 2026
==========================================

/home/bhoulden/.conda/envs/smbhb312/share/tempo2
Working directory: /fred/oz005/users/bhoulden/SMBHB_population_injections

Loaded modules:

Starting SMBHB analysis...
==========================================

📁 Save directory: data/2026-04-29/realistic_run_61
📝 Run name: realistic_run_61

[MEM] Start: 244.2 MB

📡 Loading pulsars...
======================================================================
LOADING NANOGRAV PULSARS (libstempo)
======================================================================

📦 Loading from cache: nanograv_pulsars_cache.pkl
⚠ Cache load failed: Ran out of input
[DEBUG] Found 76 .par files
[tempo2Util.C:396] Warning: [MISC1] Unknown parameter in par file:  DMDATA
[tempo2Util.C:401] Warning: [DUP1] duplicated warnings have been suppressed.

WARNING: Using tempo RNAMP parameter: setting TNRedC to 100!
[observatory.C:271] Warning: Assuming site 'arecibo' means 'ao'
✓ Loaded B1855+09 (7758 TOAs)

WARNING: Using tempo RNAMP parameter: setting TNRedC to 100!
✓ Loaded B1937+21 (23023 TOAs)

WARNING: Using tempo RNAMP parameter: setting TNRedC to 100!
✓ Loaded B1937+21ao (7241 TOAs)

WARNING: Using tempo RNAMP parameter: setting TNRedC to 100!
✓ Loaded B1937+21gbt (16048 TOAs)

WARNING: Using tempo RNAMP parameter: setting TNRedC to 100!
✓ Loaded B1953+29 (5126 TOAs)
✓ Loaded J0023+0923 (15896 TOAs)

WARNING: Using tempo RNAMP parameter: setting TNRedC to 100!
✓ Loaded J0030+0451 (19571 TOAs)
✓ Loaded J0340+4130 (11093 TOAs)
✓ Loaded J0406+3039 (2446 TOAs)

WARNING: Using tempo RNAMP parameter: setting TNRedC to 100!
✓ Loaded J0437-4715 (5830 TOAs)
✓ Loaded J0509+0856 (2169 TOAs)
✓ Loaded J0557+1551 (525 TOAs)
✓ Loaded J0605+3757 (554 TOAs)

WARNING: Using tempo RNAMP parameter: setting TNRedC to 100!
✓ Loaded J0610-2100 (4885 TOAs)

WARNING: Using tempo RNAMP parameter: setting TNRedC to 100!
✓ Loaded J0613-0200 (17124 TOAs)
✓ Loaded J0614-3329 (1714 TOAs)
✓ Loaded J0636+5128 (32222 TOAs)
✓ Loaded J0645+5158 (10403 TOAs)
✓ Loaded J0709+0458 (3030 TOAs)
✓ Loaded J0740+6620 (13401 TOAs)
✓ Loaded J0931-1902 (5473 TOAs)

WARNING: Using tempo RNAMP parameter: setting TNRedC to 100!
✓ Loaded J1012+5307 (25837 TOAs)
✓ Loaded J1012-4235 (797 TOAs)
✓ Loaded J1022+1001 (3978 TOAs)
✓ Loaded J1024-0719 (12635 TOAs)
✓ Loaded J1125+7819 (8723 TOAs)
✓ Loaded J1312+0051 (1705 TOAs)
✓ Loaded J1453+1902 (2551 TOAs)
✓ Loaded J1455-3330 (10818 TOAs)

WARNING: Using tempo RNAMP parameter: setting TNRedC to 100!
✓ Loaded J1600-3053 (22955 TOAs)

WARNING: Using tempo RNAMP parameter: setting TNRedC to 100!
✓ Loaded J1600-3053gbt (19725 TOAs)

WARNING: Using tempo RNAMP parameter: setting TNRedC to 100!
✓ Loaded J1614-2230 (18445 TOAs)
✓ Loaded J1630+3734 (1815 TOAs)
✓ Loaded J1640+2224 (14066 TOAs)

WARNING: Using tempo RNAMP parameter: setting TNRedC to 100!
✓ Loaded J1643-1224 (22144 TOAs)

WARNING: Using tempo RNAMP parameter: setting TNRedC to 100!
✓ Loaded J1643-1224gbt (17932 TOAs)

WARNING: Using tempo RNAMP parameter: setting TNRedC to 100!
✓ Loaded J1705-1903 (9871 TOAs)

WARNING: Using tempo RNAMP parameter: setting TNRedC to 100!
✓ Loaded J1713+0747 (59389 TOAs)

WARNING: Using tempo RNAMP parameter: setting TNRedC to 100!
✓ Loaded J1713+0747ao (21362 TOAs)

WARNING: Using tempo RNAMP parameter: setting TNRedC to 100!
✓ Loaded J1713+0747gbt (32963 TOAs)
✓ Loaded J1719-1438 (6356 TOAs)
✓ Loaded J1730-2304 (4870 TOAs)
✓ Loaded J1738+0333 (8790 TOAs)
✓ Loaded J1741+1351 (5582 TOAs)

WARNING: Using tempo RNAMP parameter: setting TNRedC to 100!
✓ Loaded J1744-1134 (17745 TOAs)

WARNING: Using tempo RNAMP parameter: setting TNRedC to 100!
✓ Loaded J1745+1017 (3017 TOAs)

WARNING: Using tempo RNAMP parameter: setting TNRedC to 100!
✓ Loaded J1747-4036 (11055 TOAs)
✓ Loaded J1751-2857 (2025 TOAs)

WARNING: Using tempo RNAMP parameter: setting TNRedC to 100!
✓ Loaded J1802-2124 (6796 TOAs)
✓ Loaded J1811-2405 (5266 TOAs)
✓ Loaded J1832-0836 (7739 TOAs)
✓ Loaded J1843-1113 (4595 TOAs)

WARNING: Using tempo RNAMP parameter: setting TNRedC to 100!
✓ Loaded J1853+1303 (4570 TOAs)

WARNING: Using tempo RNAMP parameter: setting TNRedC to 100!
✓ Loaded J1903+0327 (6856 TOAs)

WARNING: Using tempo RNAMP parameter: setting TNRedC to 100!
✓ Loaded J1903+0327ao (6423 TOAs)

WARNING: Using tempo RNAMP parameter: setting TNRedC to 100!
✓ Loaded J1909-3744 (35037 TOAs)

WARNING: Using tempo RNAMP parameter: setting TNRedC to 100!
✓ Loaded J1909-3744gbt (31526 TOAs)
✓ Loaded J1910+1256 (6486 TOAs)
✓ Loaded J1911+1347 (3786 TOAs)
✓ Loaded J1918-0642 (18875 TOAs)
✓ Loaded J1923+2515 (3974 TOAs)
✓ Loaded J1944+0907 (5328 TOAs)

WARNING: Using tempo RNAMP parameter: setting TNRedC to 100!
✓ Loaded J1946+3417 (4743 TOAs)
✓ Loaded J2010-1323 (17077 TOAs)
✓ Loaded J2017+0603 (3512 TOAs)
✓ Loaded J2033+1734 (3847 TOAs)
✓ Loaded J2043+1711 (7397 TOAs)
✓ Loaded J2124-3358 (4982 TOAs)

WARNING: Using tempo RNAMP parameter: setting TNRedC to 100!
✓ Loaded J2145-0750 (18675 TOAs)
✓ Loaded J2214+3000 (7406 TOAs)
✓ Loaded J2229+2643 (3711 TOAs)

WARNING: Using tempo RNAMP parameter: setting TNRedC to 100!
✓ Loaded J2234+0611 (3566 TOAs)
✓ Loaded J2234+0944 (7535 TOAs)
✓ Loaded J2302+4442 (10211 TOAs)
✓ Loaded J2317+1439 (13927 TOAs)
✓ Loaded J2322+2057 (3088 TOAs)
⚠ Could not save cache: no default __reduce__ due to non-trivial __cinit__

✓ Loaded 76 pulsars
✗ Failed: 0 — []
[MEM] After loading pulsars: 8782.8 MB

🔍 Filtering pulsars...

Filtered: 76 → 67 pulsars
[MEM] After filtering pulsars: 8783.9 MB
[MEM] After garbage collection: 8784.1 MB

======================================================================
SMBHB POPULATION ANALYSIS
======================================================================

Configuration: realistic
  Medium mass, medium spread in distance, medium population
  N_binaries: 20000

======================================================================
CONSISTENT POPULATION SYNTHESIS
======================================================================

======================================================================
GENERATING SNR-CONSISTENT POPULATIONS
======================================================================
Target SNR:          4.0
Simulations:         1
======================================================================


──────────────────────────────────────────────────────────────────────
SIMULATION 1/1
──────────────────────────────────────────────────────────────────────
  [B1855+09] zeroing residuals...
  [B1855+09] adding red noise...
  [B1855+09] white noise for L-wide_ASP (1178 TOAs)...
  [B1855+09] white noise for 430_ASP (390 TOAs)...
  [B1855+09] white noise for 430_PUPPI (1185 TOAs)...
  [B1855+09] white noise for L-wide_PUPPI (5005 TOAs)...
  [B1937+21] zeroing residuals...
  [B1937+21] adding red noise...
  [B1937+21] white noise for L-wide_ASP (452 TOAs)...
  [B1937+21] white noise for Rcvr1_2_GASP (1069 TOAs)...
  [B1937+21] white noise for Rcvr_800_GUPPI (7140 TOAs)...
  [B1937+21] white noise for S-wide_ASP (344 TOAs)...
  [B1937+21] white noise for Rcvr_800_GASP (586 TOAs)...
  [B1937+21] white noise for Rcvr1_2_GUPPI (7048 TOAs)...
  [B1937+21] white noise for L-wide_PUPPI (4133 TOAs)...
  [B1937+21] white noise for S-wide_PUPPI (2251 TOAs)...
  [B1953+29] zeroing residuals...
  [B1953+29] adding red noise...
  [B1953+29] white noise for L-wide_ASP (94 TOAs)...
  [B1953+29] white noise for 430_ASP (29 TOAs)...
  [B1953+29] white noise for 430_PUPPI (941 TOAs)...
  [B1953+29] white noise for S-wide_ASP (25 TOAs)...
  [B1953+29] white noise for L-wide_PUPPI (4037 TOAs)...
  [J0023+0923] zeroing residuals...
  [J0023+0923] adding red noise...
  [J0023+0923] white noise for L-wide_ASP (119 TOAs)...
  [J0023+0923] white noise for 430_ASP (90 TOAs)...
  [J0023+0923] white noise for 430_PUPPI (4564 TOAs)...
  [J0023+0923] white noise for L-wide_PUPPI (11123 TOAs)...
  [J0030+0451] zeroing residuals...
  [J0030+0451] adding red noise...
  [J0030+0451] white noise for L-wide_ASP (789 TOAs)...
  [J0030+0451] white noise for 430_ASP (267 TOAs)...
  [J0030+0451] white noise for 430_PUPPI (3068 TOAs)...
  [J0030+0451] white noise for L-wide_PUPPI (12774 TOAs)...
  [J0030+0451] white noise for S-wide_PUPPI (2673 TOAs)...
  [J0340+4130] zeroing residuals...
  [J0340+4130] adding red noise...
  [J0340+4130] white noise for Rcvr1_2_GUPPI (5037 TOAs)...
  [J0340+4130] white noise for Rcvr_800_GUPPI (6056 TOAs)...
  [J0406+3039] zeroing residuals...
  [J0406+3039] adding red noise...
  [J0406+3039] white noise for L-wide_PUPPI (1871 TOAs)...
  [J0406+3039] white noise for S-wide_PUPPI (575 TOAs)...
  [J0437-4715] zeroing residuals...
  [J0437-4715] adding red noise...
  [J0437-4715] white noise for 3GHz_YUPPI (3696 TOAs)...
  [J0437-4715] white noise for 1.5GHz_YUPPI (2134 TOAs)...
  [J0509+0856] zeroing residuals...
  [J0509+0856] adding red noise...
  [J0509+0856] white noise for L-wide_PUPPI (1625 TOAs)...
  [J0509+0856] white noise for S-wide_PUPPI (544 TOAs)...
  [J0557+1551] zeroing residuals...
  [J0557+1551] adding red noise...
  [J0557+1551] white noise for L-wide_PUPPI (467 TOAs)...
  [J0557+1551] white noise for S-wide_PUPPI (58 TOAs)...
  [J0605+3757] zeroing residuals...
  [J0605+3757] adding red noise...
  [J0605+3757] white noise for Rcvr1_2_GUPPI (318 TOAs)...
  [J0605+3757] white noise for Rcvr_800_GUPPI (236 TOAs)...
  [J0610-2100] zeroing residuals...
  [J0610-2100] adding red noise...
  [J0610-2100] white noise for Rcvr1_2_GUPPI (2401 TOAs)...
  [J0610-2100] white noise for Rcvr_800_GUPPI (2484 TOAs)...
  [J0613-0200] zeroing residuals...
  [J0613-0200] adding red noise...
  [J0613-0200] white noise for Rcvr_800_GASP (809 TOAs)...
  [J0613-0200] white noise for Rcvr1_2_GUPPI (7423 TOAs)...
  [J0613-0200] white noise for Rcvr1_2_GASP (992 TOAs)...
  [J0613-0200] white noise for Rcvr_800_GUPPI (7900 TOAs)...
  [J0636+5128] zeroing residuals...
  [J0636+5128] adding red noise...
  [J0636+5128] white noise for Rcvr1_2_GUPPI (14803 TOAs)...
  [J0636+5128] white noise for Rcvr_800_GUPPI (17419 TOAs)...
  [J0645+5158] zeroing residuals...
  [J0645+5158] adding red noise...
  [J0645+5158] white noise for Rcvr1_2_GUPPI (5721 TOAs)...
  [J0645+5158] white noise for Rcvr_800_GUPPI (4682 TOAs)...
  [J0709+0458] zeroing residuals...
  [J0709+0458] adding red noise...
  [J0709+0458] white noise for L-wide_PUPPI (2435 TOAs)...
  [J0709+0458] white noise for S-wide_PUPPI (595 TOAs)...
  [J0740+6620] zeroing residuals...
  [J0740+6620] adding red noise...
  [J0740+6620] white noise for Rcvr1_2_GUPPI (8265 TOAs)...
  [J0740+6620] white noise for Rcvr_800_GUPPI (5136 TOAs)...
  [J0931-1902] zeroing residuals...
  [J0931-1902] adding red noise...
  [J0931-1902] white noise for Rcvr1_2_GUPPI (2054 TOAs)...
  [J0931-1902] white noise for Rcvr_800_GUPPI (3419 TOAs)...
  [J1012+5307] zeroing residuals...
  [J1012+5307] adding red noise...
  [J1012+5307] white noise for Rcvr_800_GASP (1210 TOAs)...
  [J1012+5307] white noise for Rcvr1_2_GUPPI (12849 TOAs)...
  [J1012+5307] white noise for Rcvr1_2_GASP (1479 TOAs)...
  [J1012+5307] white noise for Rcvr_800_GUPPI (10299 TOAs)...
  [J1012-4235] zeroing residuals...
  [J1012-4235] adding red noise...
  [J1012-4235] white noise for Rcvr1_2_GUPPI (455 TOAs)...
  [J1012-4235] white noise for Rcvr_800_GUPPI (342 TOAs)...
  [J1022+1001] zeroing residuals...
  [J1022+1001] adding red noise...
  [J1022+1001] white noise for 430_PUPPI (232 TOAs)...
  [J1022+1001] white noise for L-wide_PUPPI (2592 TOAs)...
  [J1022+1001] white noise for S-wide_PUPPI (1154 TOAs)...
  [J1024-0719] zeroing residuals...
  [J1024-0719] adding red noise...
  [J1024-0719] white noise for Rcvr_800_GASP (51 TOAs)...
  [J1024-0719] white noise for Rcvr1_2_GUPPI (7086 TOAs)...
  [J1024-0719] white noise for Rcvr1_2_GASP (43 TOAs)...
  [J1024-0719] white noise for Rcvr_800_GUPPI (5455 TOAs)...
  [J1125+7819] zeroing residuals...
  [J1125+7819] adding red noise...
  [J1125+7819] white noise for Rcvr1_2_GUPPI (4016 TOAs)...
  [J1125+7819] white noise for Rcvr_800_GUPPI (4707 TOAs)...
  [J1312+0051] zeroing residuals...
  [J1312+0051] adding red noise...
  [J1312+0051] white noise for L-wide_PUPPI (1289 TOAs)...
  [J1312+0051] white noise for S-wide_PUPPI (416 TOAs)...
  [J1453+1902] zeroing residuals...
  [J1453+1902] adding red noise...
  [J1453+1902] white noise for 430_PUPPI (425 TOAs)...
  [J1453+1902] white noise for L-wide_PUPPI (2122 TOAs)...
  [J1453+1902] white noise for S-wide_PUPPI (4 TOAs)...
  [J1455-3330] zeroing residuals...
  [J1455-3330] adding red noise...
  [J1455-3330] white noise for Rcvr_800_GASP (479 TOAs)...
  [J1455-3330] white noise for Rcvr1_2_GUPPI (4932 TOAs)...
  [J1455-3330] white noise for Rcvr1_2_GASP (564 TOAs)...
  [J1455-3330] white noise for Rcvr_800_GUPPI (4843 TOAs)...
  [J1600-3053] zeroing residuals...
  [J1600-3053] adding red noise...
  [J1600-3053] white noise for 3GHz_YUPPI (3237 TOAs)...
  [J1600-3053] white noise for Rcvr1_2_GASP (457 TOAs)...
  [J1600-3053] white noise for Rcvr_800_GUPPI (8796 TOAs)...
  [J1600-3053] white noise for Rcvr_800_GASP (297 TOAs)...
  [J1600-3053] white noise for Rcvr1_2_GUPPI (10168 TOAs)...
  [J1614-2230] zeroing residuals...
  [J1614-2230] adding red noise...
  [J1614-2230] white noise for Rcvr_800_GASP (84 TOAs)...
  [J1614-2230] white noise for Rcvr1_2_GUPPI (10509 TOAs)...
  [J1614-2230] white noise for Rcvr1_2_GASP (84 TOAs)...
  [J1614-2230] white noise for Rcvr_800_GUPPI (7768 TOAs)...
  [J1630+3734] zeroing residuals...
  [J1630+3734] adding red noise...
  [J1630+3734] white noise for Rcvr1_2_GUPPI (909 TOAs)...
  [J1630+3734] white noise for Rcvr_800_GUPPI (906 TOAs)...
  [J1640+2224] zeroing residuals...
  [J1640+2224] adding red noise...
  [J1640+2224] white noise for L-wide_ASP (722 TOAs)...
  [J1640+2224] white noise for 430_ASP (340 TOAs)...
  [J1640+2224] white noise for 430_PUPPI (3157 TOAs)...
  [J1640+2224] white noise for L-wide_PUPPI (9847 TOAs)...
  [J1643-1224] zeroing residuals...
  [J1643-1224] adding red noise...
  [J1643-1224] white noise for 3GHz_YUPPI (4215 TOAs)...
  [J1643-1224] white noise for Rcvr1_2_GASP (833 TOAs)...
  [J1643-1224] white noise for Rcvr_800_GUPPI (7734 TOAs)...
  [J1643-1224] white noise for Rcvr_800_GASP (559 TOAs)...
  [J1643-1224] white noise for Rcvr1_2_GUPPI (8803 TOAs)...
  [J1705-1903] zeroing residuals...
  [J1705-1903] adding red noise...
  [J1705-1903] white noise for Rcvr1_2_GUPPI (6350 TOAs)...
  [J1705-1903] white noise for Rcvr_800_GUPPI (3521 TOAs)...
  [J1713+0747] zeroing residuals...
  [J1713+0747] adding red noise...
  [J1713+0747] white noise for 3GHz_YUPPI (3282 TOAs)...
  [J1713+0747] white noise for L-wide_ASP (843 TOAs)...
  [J1713+0747] white noise for 1.5GHz_YUPPI (1461 TOAs)...
  [J1713+0747] white noise for Rcvr1_2_GASP (1109 TOAs)...
  [J1713+0747] white noise for Rcvr_800_GUPPI (8479 TOAs)...
  [J1713+0747] white noise for S-wide_ASP (624 TOAs)...
  [J1713+0747] white noise for Rcvr1_2_GUPPI (22334 TOAs)...
  [J1713+0747] white noise for Rcvr_800_GASP (1032 TOAs)...
  [J1713+0747] white noise for L-wide_PUPPI (12743 TOAs)...
  [J1713+0747] white noise for S-wide_PUPPI (7482 TOAs)...
  [J1719-1438] zeroing residuals...
  [J1719-1438] adding red noise...
  [J1719-1438] white noise for Rcvr1_2_GUPPI (2722 TOAs)...
  [J1719-1438] white noise for Rcvr_800_GUPPI (3634 TOAs)...
  [J1730-2304] zeroing residuals...
  [J1730-2304] adding red noise...
  [J1730-2304] white noise for Rcvr1_2_GUPPI (2367 TOAs)...
  [J1730-2304] white noise for Rcvr_800_GUPPI (2503 TOAs)...
  [J1738+0333] zeroing residuals...
  [J1738+0333] adding red noise...
  [J1738+0333] white noise for L-wide_ASP (201 TOAs)...
  [J1738+0333] white noise for S-wide_ASP (134 TOAs)...
  [J1738+0333] white noise for L-wide_PUPPI (6718 TOAs)...
  [J1738+0333] white noise for S-wide_PUPPI (1737 TOAs)...
  [J1741+1351] zeroing residuals...
  [J1741+1351] adding red noise...
  [J1741+1351] white noise for L-wide_ASP (236 TOAs)...
  [J1741+1351] white noise for 430_ASP (27 TOAs)...
  [J1741+1351] white noise for 430_PUPPI (1159 TOAs)...
  [J1741+1351] white noise for S-wide_ASP (115 TOAs)...
  [J1741+1351] white noise for L-wide_PUPPI (4045 TOAs)...
  [J1744-1134] zeroing residuals...
  [J1744-1134] adding red noise...
  [J1744-1134] white noise for Rcvr_800_GASP (930 TOAs)...
  [J1744-1134] white noise for Rcvr1_2_GUPPI (8109 TOAs)...
  [J1744-1134] white noise for Rcvr1_2_GASP (807 TOAs)...
  [J1744-1134] white noise for Rcvr_800_GUPPI (7899 TOAs)...
  [J1745+1017] zeroing residuals...
  [J1745+1017] adding red noise...
  [J1745+1017] white noise for L-wide_PUPPI (2179 TOAs)...
  [J1745+1017] white noise for S-wide_PUPPI (838 TOAs)...
  [J1747-4036] zeroing residuals...
  [J1747-4036] adding red noise...
  [J1747-4036] white noise for Rcvr1_2_GUPPI (5239 TOAs)...
  [J1747-4036] white noise for Rcvr_800_GUPPI (5816 TOAs)...
  [J1751-2857] zeroing residuals...
  [J1751-2857] adding red noise...
  [J1751-2857] white noise for Rcvr1_2_GUPPI (1786 TOAs)...
  [J1751-2857] white noise for Rcvr_800_GUPPI (239 TOAs)...
  [J1802-2124] zeroing residuals...
  [J1802-2124] adding red noise...
  [J1802-2124] white noise for Rcvr1_2_GUPPI (3231 TOAs)...
  [J1802-2124] white noise for Rcvr_800_GUPPI (3565 TOAs)...
  [J1811-2405] zeroing residuals...
  [J1811-2405] adding red noise...
  [J1811-2405] white noise for Rcvr1_2_GUPPI (2638 TOAs)...
  [J1811-2405] white noise for Rcvr_800_GUPPI (2628 TOAs)...
  [J1832-0836] zeroing residuals...
  [J1832-0836] adding red noise...
  [J1832-0836] white noise for Rcvr1_2_GUPPI (4661 TOAs)...
  [J1832-0836] white noise for Rcvr_800_GUPPI (3078 TOAs)...
  [J1843-1113] zeroing residuals...
  [J1843-1113] adding red noise...
  [J1843-1113] white noise for Rcvr1_2_GUPPI (2394 TOAs)...
  [J1843-1113] white noise for Rcvr_800_GUPPI (2201 TOAs)...
  [J1853+1303] zeroing residuals...
  [J1853+1303] adding red noise...
  [J1853+1303] white noise for L-wide_ASP (33 TOAs)...
  [J1853+1303] white noise for 430_ASP (24 TOAs)...
  [J1853+1303] white noise for 430_PUPPI (1151 TOAs)...
  [J1853+1303] white noise for L-wide_PUPPI (3362 TOAs)...
  [J1903+0327] zeroing residuals...
  [J1903+0327] adding red noise...
  [J1903+0327] white noise for 3GHz_YUPPI (439 TOAs)...
  [J1903+0327] white noise for L-wide_ASP (139 TOAs)...
  [J1903+0327] white noise for S-wide_ASP (151 TOAs)...
  [J1903+0327] white noise for L-wide_PUPPI (3845 TOAs)...
  [J1903+0327] white noise for S-wide_PUPPI (2282 TOAs)...
  [J1909-3744] zeroing residuals...
  [J1909-3744] adding red noise...
  [J1909-3744] white noise for 3GHz_YUPPI (3525 TOAs)...
  [J1909-3744] white noise for Rcvr1_2_GASP (808 TOAs)...
  [J1909-3744] white noise for Rcvr_800_GUPPI (9399 TOAs)...
  [J1909-3744] white noise for Rcvr_800_GASP (866 TOAs)...
  [J1909-3744] white noise for Rcvr1_2_GUPPI (20439 TOAs)...
  [J1910+1256] zeroing residuals...
  [J1910+1256] adding red noise...
  [J1910+1256] white noise for L-wide_ASP (297 TOAs)...
  [J1910+1256] white noise for S-wide_ASP (208 TOAs)...
  [J1910+1256] white noise for L-wide_PUPPI (4124 TOAs)...
  [J1910+1256] white noise for S-wide_PUPPI (1857 TOAs)...
  [J1911+1347] zeroing residuals...
  [J1911+1347] adding red noise...
  [J1911+1347] white noise for 430_PUPPI (753 TOAs)...
  [J1911+1347] white noise for L-wide_PUPPI (3033 TOAs)...
  [J1918-0642] zeroing residuals...
  [J1918-0642] adding red noise...
  [J1918-0642] white noise for Rcvr_800_GASP (835 TOAs)...
  [J1918-0642] white noise for Rcvr1_2_GUPPI (8910 TOAs)...
  [J1918-0642] white noise for Rcvr1_2_GASP (778 TOAs)...
  [J1918-0642] white noise for Rcvr_800_GUPPI (8352 TOAs)...
  [J1923+2515] zeroing residuals...
  [J1923+2515] adding red noise...
  [J1923+2515] white noise for L-wide_ASP (14 TOAs)...
  [J1923+2515] white noise for 430_ASP (10 TOAs)...
  [J1923+2515] white noise for 430_PUPPI (922 TOAs)...
  [J1923+2515] white noise for L-wide_PUPPI (3028 TOAs)...
  [J1944+0907] zeroing residuals...
  [J1944+0907] adding red noise...
  [J1944+0907] white noise for L-wide_ASP (257 TOAs)...
  [J1944+0907] white noise for 430_ASP (38 TOAs)...
  [J1944+0907] white noise for 430_PUPPI (1017 TOAs)...
  [J1944+0907] white noise for S-wide_ASP (116 TOAs)...
  [J1944+0907] white noise for L-wide_PUPPI (3900 TOAs)...
  [J1946+3417] zeroing residuals...
  [J1946+3417] adding red noise...
  [J1946+3417] white noise for L-wide_PUPPI (3197 TOAs)...
  [J1946+3417] white noise for S-wide_PUPPI (1546 TOAs)...
  [J2010-1323] zeroing residuals...
  [J2010-1323] adding red noise...
  [J2010-1323] white noise for Rcvr_800_GASP (70 TOAs)...
  [J2010-1323] white noise for Rcvr1_2_GUPPI (7779 TOAs)...
  [J2010-1323] white noise for Rcvr1_2_GASP (70 TOAs)...
  [J2010-1323] white noise for Rcvr_800_GUPPI (9158 TOAs)...
  [J2017+0603] zeroing residuals...
  [J2017+0603] adding red noise...
  [J2017+0603] white noise for L-wide_ASP (16 TOAs)...
  [J2017+0603] white noise for 430_PUPPI (78 TOAs)...
  [J2017+0603] white noise for L-wide_PUPPI (2569 TOAs)...
  [J2017+0603] white noise for S-wide_PUPPI (849 TOAs)...
  [J2033+1734] zeroing residuals...
  [J2033+1734] adding red noise...
  [J2033+1734] white noise for 430_PUPPI (797 TOAs)...
  [J2033+1734] white noise for L-wide_PUPPI (3050 TOAs)...
  [J2043+1711] zeroing residuals...
  [J2043+1711] adding red noise...
  [J2043+1711] white noise for L-wide_ASP (40 TOAs)...
  [J2043+1711] white noise for 430_ASP (30 TOAs)...
  [J2043+1711] white noise for 430_PUPPI (2908 TOAs)...
  [J2043+1711] white noise for L-wide_PUPPI (4419 TOAs)...
  [J2124-3358] zeroing residuals...
  [J2124-3358] adding red noise...
  [J2124-3358] white noise for Rcvr1_2_GUPPI (2957 TOAs)...
  [J2124-3358] white noise for Rcvr_800_GUPPI (2025 TOAs)...
  [J2145-0750] zeroing residuals...
  [J2145-0750] adding red noise...
  [J2145-0750] white noise for Rcvr_800_GASP (362 TOAs)...
  [J2145-0750] white noise for Rcvr1_2_GUPPI (9158 TOAs)...
  [J2145-0750] white noise for Rcvr1_2_GASP (427 TOAs)...
  [J2145-0750] white noise for Rcvr_800_GUPPI (8728 TOAs)...
  [J2214+3000] zeroing residuals...
  [J2214+3000] adding red noise...
  [J2214+3000] white noise for L-wide_ASP (9 TOAs)...
  [J2214+3000] white noise for L-wide_PUPPI (5829 TOAs)...
  [J2214+3000] white noise for S-wide_PUPPI (1568 TOAs)...
  [J2229+2643] zeroing residuals...
  [J2229+2643] adding red noise...
  [J2229+2643] white noise for 430_PUPPI (956 TOAs)...
  [J2229+2643] white noise for L-wide_PUPPI (2755 TOAs)...
  [J2234+0611] zeroing residuals...
  [J2234+0611] adding red noise...
  [J2234+0611] white noise for 430_PUPPI (653 TOAs)...
  [J2234+0611] white noise for L-wide_PUPPI (2913 TOAs)...
  [J2234+0944] zeroing residuals...
  [J2234+0944] adding red noise...
  [J2234+0944] white noise for L-wide_PUPPI (5003 TOAs)...
  [J2234+0944] white noise for S-wide_PUPPI (2532 TOAs)...
  [J2302+4442] zeroing residuals...
  [J2302+4442] adding red noise...
  [J2302+4442] white noise for Rcvr1_2_GUPPI (3779 TOAs)...
  [J2302+4442] white noise for Rcvr_800_GUPPI (6432 TOAs)...
  [J2317+1439] zeroing residuals...
  [J2317+1439] adding red noise...
  [J2317+1439] white noise for 327_ASP (413 TOAs)...
  [J2317+1439] white noise for 327_PUPPI (276 TOAs)...
  [J2317+1439] white noise for 430_ASP (458 TOAs)...
  [J2317+1439] white noise for 430_PUPPI (3217 TOAs)...
  [J2317+1439] white noise for L-wide_PUPPI (9563 TOAs)...
  [J2322+2057] zeroing residuals...
  [J2322+2057] adding red noise...
  [J2322+2057] white noise for 430_PUPPI (752 TOAs)...
  [J2322+2057] white noise for L-wide_PUPPI (2196 TOAs)...
  [J2322+2057] white noise for S-wide_PUPPI (140 TOAs)...
Resetting pulsars to clean stoas...
Restore: 0.01 s
Inject: 0.00 s
Snapshotting into enterprise Pulsar objects...
Building PTA...
PTA build: 454.21 s
Computing optimal statistic...
OS time: 66.68 s
Total: 520.90 s
Noise-only SNR baseline: -0.1534

Generating SNR-consistent population...
Target SNR: 4.0
Resetting pulsars to clean stoas...
Restore: 0.01 s
Injecting population...
  B1855+09: RMS = 1694.737 ns
  B1937+21: RMS = 922.225 ns
  B1953+29: RMS = 292.982 ns
  J0023+0923: RMS = 1078.447 ns
  J0030+0451: RMS = 1988.533 ns
  J0340+4130: RMS = 1486.855 ns
  J0406+3039: RMS = 1230.484 ns
  J0437-4715: RMS = 1027.655 ns
  J0509+0856: RMS = 640.327 ns
  J0557+1551: RMS = 345.822 ns
  J0605+3757: RMS = 312.018 ns
  J0610-2100: RMS = 348.330 ns
  J0613-0200: RMS = 2687.747 ns
  J0636+5128: RMS = 504.404 ns
  J0645+5158: RMS = 694.071 ns
  J0709+0458: RMS = 1270.097 ns
  J0740+6620: RMS = 426.669 ns
  J0931-1902: RMS = 1441.695 ns
  J1012+5307: RMS = 755.252 ns
  J1012-4235: RMS = 379.922 ns
  J1022+1001: RMS = 2156.443 ns
  J1024-0719: RMS = 1176.188 ns
  J1125+7819: RMS = 487.406 ns
  J1312+0051: RMS = 118.885 ns
  J1453+1902: RMS = 645.444 ns
  J1455-3330: RMS = 764.048 ns
  J1600-3053: RMS = 493.997 ns
  J1614-2230: RMS = 430.493 ns
  J1630+3734: RMS = 555.024 ns
  J1640+2224: RMS = 1245.667 ns
  J1643-1224: RMS = 537.384 ns
  J1705-1903: RMS = 1247.087 ns
  J1713+0747: RMS = 1310.390 ns
  J1719-1438: RMS = 952.243 ns
  J1730-2304: RMS = 1221.069 ns
  J1738+0333: RMS = 850.241 ns
  J1741+1351: RMS = 896.226 ns
  J1744-1134: RMS = 1070.317 ns
  J1745+1017: RMS = 504.132 ns
  J1747-4036: RMS = 2554.939 ns
  J1751-2857: RMS = 1490.604 ns
  J1802-2124: RMS = 1093.822 ns
  J1811-2405: RMS = 912.025 ns
  J1832-0836: RMS = 911.914 ns
  J1843-1113: RMS = 382.013 ns
  J1853+1303: RMS = 1668.847 ns
  J1903+0327: RMS = 2492.729 ns
  J1909-3744: RMS = 2255.575 ns
  J1910+1256: RMS = 1728.053 ns
  J1911+1347: RMS = 1787.197 ns
  J1918-0642: RMS = 3006.552 ns
  J1923+2515: RMS = 603.958 ns
  J1944+0907: RMS = 2843.075 ns
  J1946+3417: RMS = 721.492 ns
  J2010-1323: RMS = 2661.549 ns
  J2017+0603: RMS = 2432.996 ns
  J2033+1734: RMS = 1591.656 ns
  J2043+1711: RMS = 2563.225 ns
  J2124-3358: RMS = 254.529 ns
  J2145-0750: RMS = 1928.601 ns
  J2214+3000: RMS = 1456.480 ns
  J2229+2643: RMS = 1366.882 ns
  J2234+0611: RMS = 1222.020 ns
  J2234+0944: RMS = 864.826 ns
  J2302+4442: RMS = 2776.337 ns
  J2317+1439: RMS = 733.448 ns
  J2322+2057: RMS = 1673.117 ns
Inject: 0.83 s
Snapshotting into enterprise Pulsar objects...
Building PTA...
PTA build: 448.97 s
Computing optimal statistic...
OS time: 61.87 s
Total: 511.68 s
Initial SNR: -15.7809, Target SNR: 4.0000
  ✗ Initial SNR -15.7809 is non-positive, cannot scale distances.
✗ Simulation 1, trial 1 FAILED, retrying...

Generating SNR-consistent population...
Target SNR: 4.0
Resetting pulsars to clean stoas...
Restore: 0.01 s
Injecting population...
  B1855+09: RMS = 1201.896 ns
  B1937+21: RMS = 963.230 ns
  B1953+29: RMS = 1010.032 ns
  J0023+0923: RMS = 1081.490 ns
  J0030+0451: RMS = 782.000 ns
  J0340+4130: RMS = 2109.397 ns
  J0406+3039: RMS = 1376.715 ns
  J0437-4715: RMS = 1411.107 ns
  J0509+0856: RMS = 521.742 ns
  J0557+1551: RMS = 1530.757 ns
  J0605+3757: RMS = 548.818 ns
  J0610-2100: RMS = 650.314 ns
  J0613-0200: RMS = 1335.594 ns
  J0636+5128: RMS = 743.361 ns
  J0645+5158: RMS = 1100.566 ns
  J0709+0458: RMS = 735.961 ns
  J0740+6620: RMS = 2130.453 ns
  J0931-1902: RMS = 1171.506 ns
  J1012+5307: RMS = 2573.201 ns
  J1012-4235: RMS = 439.329 ns
  J1022+1001: RMS = 907.168 ns
  J1024-0719: RMS = 1315.919 ns
  J1125+7819: RMS = 2743.286 ns
  J1312+0051: RMS = 1285.825 ns
  J1453+1902: RMS = 545.617 ns
  J1455-3330: RMS = 1334.560 ns
  J1600-3053: RMS = 1023.693 ns
  J1614-2230: RMS = 1579.107 ns
  J1630+3734: RMS = 463.031 ns
  J1640+2224: RMS = 1370.420 ns
  J1643-1224: RMS = 1121.343 ns
  J1705-1903: RMS = 872.347 ns
  J1713+0747: RMS = 1018.702 ns
  J1719-1438: RMS = 396.326 ns
  J1730-2304: RMS = 411.089 ns
  J1738+0333: RMS = 1111.814 ns
  J1741+1351: RMS = 1280.713 ns
  J1744-1134: RMS = 1618.134 ns
  J1745+1017: RMS = 1099.582 ns
  J1747-4036: RMS = 1517.171 ns
  J1751-2857: RMS = 358.889 ns
  J1802-2124: RMS = 823.341 ns
  J1811-2405: RMS = 1025.489 ns
  J1832-0836: RMS = 1389.178 ns
  J1843-1113: RMS = 1089.873 ns
  J1853+1303: RMS = 1286.231 ns
  J1903+0327: RMS = 1653.529 ns
  J1909-3744: RMS = 3098.798 ns
  J1910+1256: RMS = 1108.983 ns
  J1911+1347: RMS = 1185.728 ns
  J1918-0642: RMS = 2546.200 ns
  J1923+2515: RMS = 880.804 ns
  J1944+0907: RMS = 1149.391 ns
  J1946+3417: RMS = 1661.301 ns
  J2010-1323: RMS = 1400.643 ns
  J2017+0603: RMS = 404.502 ns
  J2033+1734: RMS = 1111.721 ns
  J2043+1711: RMS = 575.926 ns
  J2124-3358: RMS = 426.225 ns
  J2145-0750: RMS = 1422.060 ns
  J2214+3000: RMS = 2096.304 ns
  J2229+2643: RMS = 1410.993 ns
  J2234+0611: RMS = 1014.387 ns
  J2234+0944: RMS = 1775.128 ns
  J2302+4442: RMS = 1712.719 ns
  J2317+1439: RMS = 629.096 ns
  J2322+2057: RMS = 1148.966 ns
Inject: 0.82 s
Snapshotting into enterprise Pulsar objects...
Building PTA...
PTA build: 449.83 s
Computing optimal statistic...
OS time: 61.95 s
Total: 512.61 s
Initial SNR: 14.1043, Target SNR: 4.0000
  Initial SNR 14.1043 outside of provided SNR_range [3.5, 4.25] — rescaling.
Scaling distances by factor 1.8528 to achieve target SNR...
Resetting pulsars to clean stoas...
Restore: 0.01 s
Injecting population...
  B1855+09: RMS = 648.700 ns
  B1937+21: RMS = 519.885 ns
  B1953+29: RMS = 545.145 ns
  J0023+0923: RMS = 583.714 ns
  J0030+0451: RMS = 422.070 ns
  J0340+4130: RMS = 1138.507 ns
  J0406+3039: RMS = 743.055 ns
  J0437-4715: RMS = 761.618 ns
  J0509+0856: RMS = 281.600 ns
  J0557+1551: RMS = 826.197 ns
  J0605+3757: RMS = 296.214 ns
  J0610-2100: RMS = 350.995 ns
  J0613-0200: RMS = 720.861 ns
  J0636+5128: RMS = 401.215 ns
  J0645+5158: RMS = 594.009 ns
  J0709+0458: RMS = 397.221 ns
  J0740+6620: RMS = 1149.871 ns
  J0931-1902: RMS = 632.298 ns
  J1012+5307: RMS = 1388.836 ns
  J1012-4235: RMS = 237.119 ns
  J1022+1001: RMS = 489.626 ns
  J1024-0719: RMS = 710.242 ns
  J1125+7819: RMS = 1480.636 ns
  J1312+0051: RMS = 694.000 ns
  J1453+1902: RMS = 294.486 ns
  J1455-3330: RMS = 720.303 ns
  J1600-3053: RMS = 552.519 ns
  J1614-2230: RMS = 852.293 ns
  J1630+3734: RMS = 249.912 ns
  J1640+2224: RMS = 739.658 ns
  J1643-1224: RMS = 605.224 ns
  J1705-1903: RMS = 470.833 ns
  J1713+0747: RMS = 549.825 ns
  J1719-1438: RMS = 213.909 ns
  J1730-2304: RMS = 221.877 ns
  J1738+0333: RMS = 600.080 ns
  J1741+1351: RMS = 691.240 ns
  J1744-1134: RMS = 873.357 ns
  J1745+1017: RMS = 593.479 ns
  J1747-4036: RMS = 818.864 ns
  J1751-2857: RMS = 193.703 ns
  J1802-2124: RMS = 444.383 ns
  J1811-2405: RMS = 553.488 ns
  J1832-0836: RMS = 749.782 ns
  J1843-1113: RMS = 588.238 ns
  J1853+1303: RMS = 694.219 ns
  J1903+0327: RMS = 892.460 ns
  J1909-3744: RMS = 1672.517 ns
  J1910+1256: RMS = 598.552 ns
  J1911+1347: RMS = 639.974 ns
  J1918-0642: RMS = 1374.263 ns
  J1923+2515: RMS = 475.397 ns
  J1944+0907: RMS = 620.362 ns
  J1946+3417: RMS = 896.655 ns
  J2010-1323: RMS = 755.970 ns
  J2017+0603: RMS = 218.322 ns
  J2033+1734: RMS = 600.030 ns
  J2043+1711: RMS = 310.845 ns
  J2124-3358: RMS = 230.047 ns
  J2145-0750: RMS = 767.530 ns
  J2214+3000: RMS = 1131.440 ns
  J2229+2643: RMS = 761.557 ns
  J2234+0611: RMS = 547.496 ns
  J2234+0944: RMS = 958.091 ns
  J2302+4442: RMS = 924.407 ns
  J2317+1439: RMS = 339.543 ns
  J2322+2057: RMS = 620.132 ns
Inject: 1.13 s
Snapshotting into enterprise Pulsar objects...
Building PTA...
PTA build: 509.01 s
Computing optimal statistic...
OS time: 46.59 s
Total: 556.74 s
  ✓ SNR is within the provided SNR_range: 3.5015 ∈ [3.5, 4.25]

Final SNR history:
  it 0: cumulative_scale=1.0000×  SNR=14.1043
  it 1: cumulative_scale=1.8528×  SNR=3.5015
✓ Simulation 1 done (1582.9 s)

======================================================================
ENSEMBLE SUMMARY
======================================================================
Success rate: 100.0% (1/1)

Binaries per population:
  Mean ± std : 20000 ± 0
  Range      : [20000, 20000]

SNR achieved:
  Mean ± std : 3.5015 ± 0.0000
  Range      : [3.5015, 3.5015]

Total time: 2152.3 s (35.9 min)
======================================================================

💾 Saved: data/2026-04-29/realistic_run_61/consistent_population_realistic_targetSNR4.25_sims1.json
💾 Saved compressed pickle: data/2026-04-29/realistic_run_61/consistent_population_realistic_targetSNR4.25_sims1.pkl.gz

======================================================================
CONTINUOUS WAVE SNR ANALYSIS
======================================================================

--- Population 1 ---
Precomputation of phiinvs, TNTs, Ts, Nvecs, Sigmas took 0.05 seconds.
Total SNR computation for population took 541.29 seconds.
Top 50 CGW candidates:
   1. proxy_rank=  25  sky_w=0.90  f=7.23e-09 Hz  Mc=2.25e+10 Msun  h0=8.43e-15  SNR=8.294
   2. proxy_rank=  76  sky_w=0.51  f=1.01e-08 Hz  Mc=7.97e+09 Msun  h0=1.02e-14  SNR=6.269
   3. proxy_rank=   9  sky_w=1.07  f=4.19e-09 Hz  Mc=2.42e+10 Msun  h0=6.73e-15  SNR=6.229
   4. proxy_rank=  36  sky_w=1.56  f=1.11e-08 Hz  Mc=1.41e+10 Msun  h0=5.33e-15  SNR=5.602
   5. proxy_rank= 396  sky_w=1.55  f=2.50e-08 Hz  Mc=5.92e+09 Msun  h0=2.10e-15  SNR=3.450
   6. proxy_rank=  32  sky_w=0.57  f=5.23e-09 Hz  Mc=2.46e+10 Msun  h0=7.79e-15  SNR=2.884
   7. proxy_rank= 155  sky_w=1.31  f=7.75e-09 Hz  Mc=8.02e+09 Msun  h0=1.85e-15  SNR=2.587
   8. proxy_rank=  39  sky_w=1.42  f=4.79e-09 Hz  Mc=1.26e+10 Msun  h0=2.48e-15  SNR=2.433
   9. proxy_rank=   1  sky_w=1.55  f=2.11e-09 Hz  Mc=3.07e+10 Msun  h0=7.16e-15  SNR=2.336
  10. proxy_rank=   6  sky_w=1.31  f=2.46e-09 Hz  Mc=2.12e+10 Msun  h0=3.83e-15  SNR=2.144
  11. proxy_rank= 235  sky_w=0.95  f=7.00e-09 Hz  Mc=8.27e+09 Msun  h0=1.67e-15  SNR=2.091
  12. proxy_rank= 201  sky_w=0.55  f=6.77e-09 Hz  Mc=1.27e+10 Msun  h0=3.19e-15  SNR=2.040
  13. proxy_rank=  93  sky_w=1.07  f=5.22e-09 Hz  Mc=1.11e+10 Msun  h0=2.11e-15  SNR=1.949
  14. proxy_rank= 482  sky_w=1.46  f=1.77e-08 Hz  Mc=4.86e+09 Msun  h0=1.20e-15  SNR=1.944
  15. proxy_rank= 343  sky_w=1.53  f=9.31e-09 Hz  Mc=4.99e+09 Msun  h0=9.07e-16  SNR=1.893
  16. proxy_rank=  29  sky_w=1.39  f=3.24e-09 Hz  Mc=1.07e+10 Msun  h0=2.06e-15  SNR=1.815
  17. proxy_rank= 191  sky_w=0.95  f=5.80e-09 Hz  Mc=8.38e+09 Msun  h0=1.65e-15  SNR=1.797
  18. proxy_rank=  72  sky_w=1.05  f=4.19e-09 Hz  Mc=1.21e+10 Msun  h0=2.14e-15  SNR=1.788
  19. proxy_rank= 179  sky_w=1.63  f=5.37e-09 Hz  Mc=6.76e+09 Msun  h0=9.55e-16  SNR=1.717
  20. proxy_rank= 124  sky_w=1.56  f=4.63e-09 Hz  Mc=7.81e+09 Msun  h0=1.13e-15  SNR=1.711
  21. proxy_rank= 164  sky_w=1.24  f=5.43e-09 Hz  Mc=7.65e+09 Msun  h0=1.32e-15  SNR=1.686
  22. proxy_rank=  13  sky_w=1.38  f=2.54e-09 Hz  Mc=1.76e+10 Msun  h0=2.73e-15  SNR=1.674
  23. proxy_rank=  10  sky_w=1.29  f=3.09e-09 Hz  Mc=2.01e+10 Msun  h0=4.11e-15  SNR=1.580
  24. proxy_rank= 276  sky_w=0.67  f=8.25e-09 Hz  Mc=9.24e+09 Msun  h0=2.32e-15  SNR=1.572
  25. proxy_rank=   5  sky_w=1.55  f=2.21e-09 Hz  Mc=1.71e+10 Msun  h0=3.06e-15  SNR=1.530
  26. proxy_rank=   2  sky_w=1.03  f=2.33e-09 Hz  Mc=3.50e+10 Msun  h0=8.75e-15  SNR=1.501
  27. proxy_rank=  87  sky_w=1.58  f=4.38e-09 Hz  Mc=9.02e+09 Msun  h0=1.29e-15  SNR=1.479
  28. proxy_rank=  14  sky_w=0.92  f=2.94e-09 Hz  Mc=2.11e+10 Msun  h0=4.18e-15  SNR=1.465
  29. proxy_rank=  85  sky_w=1.30  f=3.83e-09 Hz  Mc=9.51e+09 Msun  h0=1.38e-15  SNR=1.450
  30. proxy_rank=  73  sky_w=1.63  f=3.80e-09 Hz  Mc=8.82e+09 Msun  h0=1.24e-15  SNR=1.438
  31. proxy_rank=  11  sky_w=1.16  f=2.19e-09 Hz  Mc=1.76e+10 Msun  h0=2.92e-15  SNR=1.409
  32. proxy_rank=  54  sky_w=1.17  f=3.62e-09 Hz  Mc=1.15e+10 Msun  h0=1.89e-15  SNR=1.393
  33. proxy_rank=  12  sky_w=0.58  f=2.36e-09 Hz  Mc=2.92e+10 Msun  h0=6.07e-15  SNR=1.367
  34. proxy_rank=  38  sky_w=0.70  f=3.18e-09 Hz  Mc=1.65e+10 Msun  h0=3.36e-15  SNR=1.364
  35. proxy_rank= 214  sky_w=1.31  f=5.29e-09 Hz  Mc=7.11e+09 Msun  h0=9.86e-16  SNR=1.307
  36. proxy_rank=  81  sky_w=0.53  f=3.37e-09 Hz  Mc=1.28e+10 Msun  h0=3.12e-15  SNR=1.305
  37. proxy_rank= 424  sky_w=0.73  f=7.28e-09 Hz  Mc=6.59e+09 Msun  h0=1.20e-15  SNR=1.287
  38. proxy_rank= 146  sky_w=1.52  f=4.35e-09 Hz  Mc=7.38e+09 Msun  h0=9.28e-16  SNR=1.281
  39. proxy_rank= 105  sky_w=1.09  f=3.61e-09 Hz  Mc=9.86e+09 Msun  h0=1.37e-15  SNR=1.261
  40. proxy_rank= 145  sky_w=0.63  f=4.17e-09 Hz  Mc=1.00e+10 Msun  h0=2.16e-15  SNR=1.257
  41. proxy_rank= 300  sky_w=1.22  f=6.01e-09 Hz  Mc=6.10e+09 Msun  h0=8.48e-16  SNR=1.248
  42. proxy_rank=   4  sky_w=0.72  f=2.18e-09 Hz  Mc=1.51e+10 Msun  h0=7.55e-15  SNR=1.228
  43. proxy_rank= 211  sky_w=1.42  f=4.99e-09 Hz  Mc=6.40e+09 Msun  h0=8.67e-16  SNR=1.227
  44. proxy_rank=  75  sky_w=1.14  f=3.38e-09 Hz  Mc=9.75e+09 Msun  h0=1.52e-15  SNR=1.195
  45. proxy_rank= 216  sky_w=1.59  f=6.15e-09 Hz  Mc=6.05e+09 Msun  h0=9.36e-16  SNR=1.186
  46. proxy_rank= 860  sky_w=1.32  f=1.73e-08 Hz  Mc=3.24e+09 Msun  h0=6.07e-16  SNR=1.168
  47. proxy_rank= 358  sky_w=0.75  f=6.08e-09 Hz  Mc=6.91e+09 Msun  h0=1.17e-15  SNR=1.147
  48. proxy_rank= 229  sky_w=1.17  f=4.99e-09 Hz  Mc=7.12e+09 Msun  h0=9.90e-16  SNR=1.137
  49. proxy_rank=   7  sky_w=1.16  f=1.98e-09 Hz  Mc=1.57e+10 Msun  h0=3.18e-15  SNR=1.115
  50. proxy_rank=  19  sky_w=1.51  f=2.24e-09 Hz  Mc=1.25e+10 Msun  h0=1.74e-15  SNR=1.107
💾 Saved: data/2026-04-29/realistic_run_61/consistent_population_realistic_targetSNR4.25_sims1.json
💾 Saved compressed pickle: data/2026-04-29/realistic_run_61/consistent_population_realistic_targetSNR4.25_sims1.pkl.gz
Saved to figures/cgw_analysis_realistic.pdf

======================================================================
ANALYSIS COMPLETE
Results saved to: data/2026-04-29/realistic_run_61
======================================================================

==========================================
Job finished at: Wed Apr 29 10:53:52 AEST 2026
Exit code: 0
==========================================

+------------------ Job Report: 11728695 (COMPLETED) ------------------+
| Memory (RAM)  [################### ] 98.7% (31.6 GB peak / 32 GB)    |
| CPU           [###############     ] 79.3% average                   |
| Time          [-------------->     ] 73.5% (0-00:47:45 / 0-01:05:00) |
|                                                                      |
| Lustre Filesystem:                                                   |
|   Path    Total Read    Total Write    Total IOPS                    |
|   ------  ------------  -------------  ------------                  |
|   /apps   21.1 MB       0 B            1 K                           |
|   /fred   45.8 MB       6.4 MB         198                           |
|   /home   2.4 GB        0 B            3.6 K                         |
|   OS      0 B           0 B            2                             |
+----------------------------------------------------------------------+
