==========================================
Job ID: 11717546
Job Name: smbhb_optimistic
Node: dave310
Start Time: Tue Apr 28 16:12:19 AEST 2026
==========================================

/home/bhoulden/.conda/envs/smbhb312/share/tempo2
Working directory: /fred/oz005/users/bhoulden/SMBHB_population_injections

Loaded modules:

Starting SMBHB analysis...
==========================================

📁 Save directory: data/2026-04-28/optimistic_run_31
📝 Run name: optimistic_run_31

[MEM] Start: 244.5 MB

📡 Loading pulsars...
======================================================================
LOADING NANOGRAV PULSARS (libstempo)
======================================================================

📦 Loading from cache: nanograv_pulsars_cache.pkl
⚠ Cache load failed: Ran out of input
[DEBUG] Found 76 .par files
[tempo2Util.C:396] Warning: [MISC1] Unknown parameter in par file:  DMDATA
[tempo2Util.C:401] Warning: [DUP1] duplicated warnings have been suppressed.

WARNING: Using tempo RNAMP parameter: setting TNRedC to 100!
[observatory.C:271] Warning: Assuming site 'arecibo' means 'ao'
✓ Loaded B1855+09 (7758 TOAs)

WARNING: Using tempo RNAMP parameter: setting TNRedC to 100!
✓ Loaded B1937+21 (23023 TOAs)

WARNING: Using tempo RNAMP parameter: setting TNRedC to 100!
✓ Loaded B1937+21ao (7241 TOAs)

WARNING: Using tempo RNAMP parameter: setting TNRedC to 100!
✓ Loaded B1937+21gbt (16048 TOAs)

WARNING: Using tempo RNAMP parameter: setting TNRedC to 100!
✓ Loaded B1953+29 (5126 TOAs)
✓ Loaded J0023+0923 (15896 TOAs)

WARNING: Using tempo RNAMP parameter: setting TNRedC to 100!
✓ Loaded J0030+0451 (19571 TOAs)
✓ Loaded J0340+4130 (11093 TOAs)
✓ Loaded J0406+3039 (2446 TOAs)

WARNING: Using tempo RNAMP parameter: setting TNRedC to 100!
✓ Loaded J0437-4715 (5830 TOAs)
✓ Loaded J0509+0856 (2169 TOAs)
✓ Loaded J0557+1551 (525 TOAs)
✓ Loaded J0605+3757 (554 TOAs)

WARNING: Using tempo RNAMP parameter: setting TNRedC to 100!
✓ Loaded J0610-2100 (4885 TOAs)

WARNING: Using tempo RNAMP parameter: setting TNRedC to 100!
✓ Loaded J0613-0200 (17124 TOAs)
✓ Loaded J0614-3329 (1714 TOAs)
✓ Loaded J0636+5128 (32222 TOAs)
✓ Loaded J0645+5158 (10403 TOAs)
✓ Loaded J0709+0458 (3030 TOAs)
✓ Loaded J0740+6620 (13401 TOAs)
✓ Loaded J0931-1902 (5473 TOAs)

WARNING: Using tempo RNAMP parameter: setting TNRedC to 100!
✓ Loaded J1012+5307 (25837 TOAs)
✓ Loaded J1012-4235 (797 TOAs)
✓ Loaded J1022+1001 (3978 TOAs)
✓ Loaded J1024-0719 (12635 TOAs)
✓ Loaded J1125+7819 (8723 TOAs)
✓ Loaded J1312+0051 (1705 TOAs)
✓ Loaded J1453+1902 (2551 TOAs)
✓ Loaded J1455-3330 (10818 TOAs)

WARNING: Using tempo RNAMP parameter: setting TNRedC to 100!
✓ Loaded J1600-3053 (22955 TOAs)

WARNING: Using tempo RNAMP parameter: setting TNRedC to 100!
✓ Loaded J1600-3053gbt (19725 TOAs)

WARNING: Using tempo RNAMP parameter: setting TNRedC to 100!
✓ Loaded J1614-2230 (18445 TOAs)
✓ Loaded J1630+3734 (1815 TOAs)
✓ Loaded J1640+2224 (14066 TOAs)

WARNING: Using tempo RNAMP parameter: setting TNRedC to 100!
✓ Loaded J1643-1224 (22144 TOAs)

WARNING: Using tempo RNAMP parameter: setting TNRedC to 100!
✓ Loaded J1643-1224gbt (17932 TOAs)

WARNING: Using tempo RNAMP parameter: setting TNRedC to 100!
✓ Loaded J1705-1903 (9871 TOAs)

WARNING: Using tempo RNAMP parameter: setting TNRedC to 100!
✓ Loaded J1713+0747 (59389 TOAs)

WARNING: Using tempo RNAMP parameter: setting TNRedC to 100!
✓ Loaded J1713+0747ao (21362 TOAs)

WARNING: Using tempo RNAMP parameter: setting TNRedC to 100!
✓ Loaded J1713+0747gbt (32963 TOAs)
✓ Loaded J1719-1438 (6356 TOAs)
✓ Loaded J1730-2304 (4870 TOAs)
✓ Loaded J1738+0333 (8790 TOAs)
✓ Loaded J1741+1351 (5582 TOAs)

WARNING: Using tempo RNAMP parameter: setting TNRedC to 100!
✓ Loaded J1744-1134 (17745 TOAs)

WARNING: Using tempo RNAMP parameter: setting TNRedC to 100!
✓ Loaded J1745+1017 (3017 TOAs)

WARNING: Using tempo RNAMP parameter: setting TNRedC to 100!
✓ Loaded J1747-4036 (11055 TOAs)
✓ Loaded J1751-2857 (2025 TOAs)

WARNING: Using tempo RNAMP parameter: setting TNRedC to 100!
✓ Loaded J1802-2124 (6796 TOAs)
✓ Loaded J1811-2405 (5266 TOAs)
✓ Loaded J1832-0836 (7739 TOAs)
✓ Loaded J1843-1113 (4595 TOAs)

WARNING: Using tempo RNAMP parameter: setting TNRedC to 100!
✓ Loaded J1853+1303 (4570 TOAs)

WARNING: Using tempo RNAMP parameter: setting TNRedC to 100!
✓ Loaded J1903+0327 (6856 TOAs)

WARNING: Using tempo RNAMP parameter: setting TNRedC to 100!
✓ Loaded J1903+0327ao (6423 TOAs)

WARNING: Using tempo RNAMP parameter: setting TNRedC to 100!
✓ Loaded J1909-3744 (35037 TOAs)

WARNING: Using tempo RNAMP parameter: setting TNRedC to 100!
✓ Loaded J1909-3744gbt (31526 TOAs)
✓ Loaded J1910+1256 (6486 TOAs)
✓ Loaded J1911+1347 (3786 TOAs)
✓ Loaded J1918-0642 (18875 TOAs)
✓ Loaded J1923+2515 (3974 TOAs)
✓ Loaded J1944+0907 (5328 TOAs)

WARNING: Using tempo RNAMP parameter: setting TNRedC to 100!
✓ Loaded J1946+3417 (4743 TOAs)
✓ Loaded J2010-1323 (17077 TOAs)
✓ Loaded J2017+0603 (3512 TOAs)
✓ Loaded J2033+1734 (3847 TOAs)
✓ Loaded J2043+1711 (7397 TOAs)
✓ Loaded J2124-3358 (4982 TOAs)

WARNING: Using tempo RNAMP parameter: setting TNRedC to 100!
✓ Loaded J2145-0750 (18675 TOAs)
✓ Loaded J2214+3000 (7406 TOAs)
✓ Loaded J2229+2643 (3711 TOAs)

WARNING: Using tempo RNAMP parameter: setting TNRedC to 100!
✓ Loaded J2234+0611 (3566 TOAs)
✓ Loaded J2234+0944 (7535 TOAs)
✓ Loaded J2302+4442 (10211 TOAs)
✓ Loaded J2317+1439 (13927 TOAs)
✓ Loaded J2322+2057 (3088 TOAs)
⚠ Could not save cache: no default __reduce__ due to non-trivial __cinit__

✓ Loaded 76 pulsars
✗ Failed: 0 — []
[MEM] After loading pulsars: 8865.9 MB

🔍 Filtering pulsars...

Filtered: 76 → 67 pulsars
[MEM] After filtering pulsars: 8868.8 MB
[MEM] After garbage collection: 8868.8 MB

======================================================================
SMBHB POPULATION ANALYSIS
======================================================================

Configuration: optimistic
  Larger mass, higher spread in distance, small population
  N_binaries: 500

======================================================================
CONSISTENT POPULATION SYNTHESIS
======================================================================

======================================================================
GENERATING SNR-CONSISTENT POPULATIONS
======================================================================
Target SNR:          4.0
Simulations:         1
======================================================================


──────────────────────────────────────────────────────────────────────
SIMULATION 1/1
──────────────────────────────────────────────────────────────────────
  [B1855+09] zeroing residuals...
  [B1855+09] adding red noise...
  [B1855+09] white noise for 430_PUPPI (1185 TOAs)...
  [B1855+09] white noise for L-wide_PUPPI (5005 TOAs)...
  [B1855+09] white noise for 430_ASP (390 TOAs)...
  [B1855+09] white noise for L-wide_ASP (1178 TOAs)...
  [B1937+21] zeroing residuals...
  [B1937+21] adding red noise...
  [B1937+21] white noise for Rcvr1_2_GASP (1069 TOAs)...
  [B1937+21] white noise for S-wide_ASP (344 TOAs)...
  [B1937+21] white noise for Rcvr1_2_GUPPI (7048 TOAs)...
  [B1937+21] white noise for S-wide_PUPPI (2251 TOAs)...
  [B1937+21] white noise for Rcvr_800_GUPPI (7140 TOAs)...
  [B1937+21] white noise for Rcvr_800_GASP (586 TOAs)...
  [B1937+21] white noise for L-wide_PUPPI (4133 TOAs)...
  [B1937+21] white noise for L-wide_ASP (452 TOAs)...
  [B1953+29] zeroing residuals...
  [B1953+29] adding red noise...
  [B1953+29] white noise for 430_PUPPI (941 TOAs)...
  [B1953+29] white noise for S-wide_ASP (25 TOAs)...
  [B1953+29] white noise for L-wide_PUPPI (4037 TOAs)...
  [B1953+29] white noise for L-wide_ASP (94 TOAs)...
  [B1953+29] white noise for 430_ASP (29 TOAs)...
  [J0023+0923] zeroing residuals...
  [J0023+0923] adding red noise...
  [J0023+0923] white noise for 430_PUPPI (4564 TOAs)...
  [J0023+0923] white noise for L-wide_PUPPI (11123 TOAs)...
  [J0023+0923] white noise for 430_ASP (90 TOAs)...
  [J0023+0923] white noise for L-wide_ASP (119 TOAs)...
  [J0030+0451] zeroing residuals...
  [J0030+0451] adding red noise...
  [J0030+0451] white noise for 430_PUPPI (3068 TOAs)...
  [J0030+0451] white noise for S-wide_PUPPI (2673 TOAs)...
  [J0030+0451] white noise for L-wide_PUPPI (12774 TOAs)...
  [J0030+0451] white noise for L-wide_ASP (789 TOAs)...
  [J0030+0451] white noise for 430_ASP (267 TOAs)...
  [J0340+4130] zeroing residuals...
  [J0340+4130] adding red noise...
  [J0340+4130] white noise for Rcvr_800_GUPPI (6056 TOAs)...
  [J0340+4130] white noise for Rcvr1_2_GUPPI (5037 TOAs)...
  [J0406+3039] zeroing residuals...
  [J0406+3039] adding red noise...
  [J0406+3039] white noise for S-wide_PUPPI (575 TOAs)...
  [J0406+3039] white noise for L-wide_PUPPI (1871 TOAs)...
  [J0437-4715] zeroing residuals...
  [J0437-4715] adding red noise...
  [J0437-4715] white noise for 1.5GHz_YUPPI (2134 TOAs)...
  [J0437-4715] white noise for 3GHz_YUPPI (3696 TOAs)...
  [J0509+0856] zeroing residuals...
  [J0509+0856] adding red noise...
  [J0509+0856] white noise for S-wide_PUPPI (544 TOAs)...
  [J0509+0856] white noise for L-wide_PUPPI (1625 TOAs)...
  [J0557+1551] zeroing residuals...
  [J0557+1551] adding red noise...
  [J0557+1551] white noise for S-wide_PUPPI (58 TOAs)...
  [J0557+1551] white noise for L-wide_PUPPI (467 TOAs)...
  [J0605+3757] zeroing residuals...
  [J0605+3757] adding red noise...
  [J0605+3757] white noise for Rcvr_800_GUPPI (236 TOAs)...
  [J0605+3757] white noise for Rcvr1_2_GUPPI (318 TOAs)...
  [J0610-2100] zeroing residuals...
  [J0610-2100] adding red noise...
  [J0610-2100] white noise for Rcvr_800_GUPPI (2484 TOAs)...
  [J0610-2100] white noise for Rcvr1_2_GUPPI (2401 TOAs)...
  [J0613-0200] zeroing residuals...
  [J0613-0200] adding red noise...
  [J0613-0200] white noise for Rcvr1_2_GASP (992 TOAs)...
  [J0613-0200] white noise for Rcvr1_2_GUPPI (7423 TOAs)...
  [J0613-0200] white noise for Rcvr_800_GASP (809 TOAs)...
  [J0613-0200] white noise for Rcvr_800_GUPPI (7900 TOAs)...
  [J0636+5128] zeroing residuals...
  [J0636+5128] adding red noise...
  [J0636+5128] white noise for Rcvr_800_GUPPI (17419 TOAs)...
  [J0636+5128] white noise for Rcvr1_2_GUPPI (14803 TOAs)...
  [J0645+5158] zeroing residuals...
  [J0645+5158] adding red noise...
  [J0645+5158] white noise for Rcvr_800_GUPPI (4682 TOAs)...
  [J0645+5158] white noise for Rcvr1_2_GUPPI (5721 TOAs)...
  [J0709+0458] zeroing residuals...
  [J0709+0458] adding red noise...
  [J0709+0458] white noise for S-wide_PUPPI (595 TOAs)...
  [J0709+0458] white noise for L-wide_PUPPI (2435 TOAs)...
  [J0740+6620] zeroing residuals...
  [J0740+6620] adding red noise...
  [J0740+6620] white noise for Rcvr_800_GUPPI (5136 TOAs)...
  [J0740+6620] white noise for Rcvr1_2_GUPPI (8265 TOAs)...
  [J0931-1902] zeroing residuals...
  [J0931-1902] adding red noise...
  [J0931-1902] white noise for Rcvr_800_GUPPI (3419 TOAs)...
  [J0931-1902] white noise for Rcvr1_2_GUPPI (2054 TOAs)...
  [J1012+5307] zeroing residuals...
  [J1012+5307] adding red noise...
  [J1012+5307] white noise for Rcvr1_2_GASP (1479 TOAs)...
  [J1012+5307] white noise for Rcvr1_2_GUPPI (12849 TOAs)...
  [J1012+5307] white noise for Rcvr_800_GASP (1210 TOAs)...
  [J1012+5307] white noise for Rcvr_800_GUPPI (10299 TOAs)...
  [J1012-4235] zeroing residuals...
  [J1012-4235] adding red noise...
  [J1012-4235] white noise for Rcvr_800_GUPPI (342 TOAs)...
  [J1012-4235] white noise for Rcvr1_2_GUPPI (455 TOAs)...
  [J1022+1001] zeroing residuals...
  [J1022+1001] adding red noise...
  [J1022+1001] white noise for 430_PUPPI (232 TOAs)...
  [J1022+1001] white noise for S-wide_PUPPI (1154 TOAs)...
  [J1022+1001] white noise for L-wide_PUPPI (2592 TOAs)...
  [J1024-0719] zeroing residuals...
  [J1024-0719] adding red noise...
  [J1024-0719] white noise for Rcvr1_2_GASP (43 TOAs)...
  [J1024-0719] white noise for Rcvr1_2_GUPPI (7086 TOAs)...
  [J1024-0719] white noise for Rcvr_800_GASP (51 TOAs)...
  [J1024-0719] white noise for Rcvr_800_GUPPI (5455 TOAs)...
  [J1125+7819] zeroing residuals...
  [J1125+7819] adding red noise...
  [J1125+7819] white noise for Rcvr_800_GUPPI (4707 TOAs)...
  [J1125+7819] white noise for Rcvr1_2_GUPPI (4016 TOAs)...
  [J1312+0051] zeroing residuals...
  [J1312+0051] adding red noise...
  [J1312+0051] white noise for S-wide_PUPPI (416 TOAs)...
  [J1312+0051] white noise for L-wide_PUPPI (1289 TOAs)...
  [J1453+1902] zeroing residuals...
  [J1453+1902] adding red noise...
  [J1453+1902] white noise for 430_PUPPI (425 TOAs)...
  [J1453+1902] white noise for S-wide_PUPPI (4 TOAs)...
  [J1453+1902] white noise for L-wide_PUPPI (2122 TOAs)...
  [J1455-3330] zeroing residuals...
  [J1455-3330] adding red noise...
  [J1455-3330] white noise for Rcvr1_2_GASP (564 TOAs)...
  [J1455-3330] white noise for Rcvr1_2_GUPPI (4932 TOAs)...
  [J1455-3330] white noise for Rcvr_800_GASP (479 TOAs)...
  [J1455-3330] white noise for Rcvr_800_GUPPI (4843 TOAs)...
  [J1600-3053] zeroing residuals...
  [J1600-3053] adding red noise...
  [J1600-3053] white noise for Rcvr1_2_GASP (457 TOAs)...
  [J1600-3053] white noise for Rcvr1_2_GUPPI (10168 TOAs)...
  [J1600-3053] white noise for Rcvr_800_GASP (297 TOAs)...
  [J1600-3053] white noise for 3GHz_YUPPI (3237 TOAs)...
  [J1600-3053] white noise for Rcvr_800_GUPPI (8796 TOAs)...
  [J1614-2230] zeroing residuals...
  [J1614-2230] adding red noise...
  [J1614-2230] white noise for Rcvr1_2_GASP (84 TOAs)...
  [J1614-2230] white noise for Rcvr1_2_GUPPI (10509 TOAs)...
  [J1614-2230] white noise for Rcvr_800_GASP (84 TOAs)...
  [J1614-2230] white noise for Rcvr_800_GUPPI (7768 TOAs)...
  [J1630+3734] zeroing residuals...
  [J1630+3734] adding red noise...
  [J1630+3734] white noise for Rcvr_800_GUPPI (906 TOAs)...
  [J1630+3734] white noise for Rcvr1_2_GUPPI (909 TOAs)...
  [J1640+2224] zeroing residuals...
  [J1640+2224] adding red noise...
  [J1640+2224] white noise for 430_PUPPI (3157 TOAs)...
  [J1640+2224] white noise for L-wide_PUPPI (9847 TOAs)...
  [J1640+2224] white noise for 430_ASP (340 TOAs)...
  [J1640+2224] white noise for L-wide_ASP (722 TOAs)...
  [J1643-1224] zeroing residuals...
  [J1643-1224] adding red noise...
  [J1643-1224] white noise for Rcvr1_2_GASP (833 TOAs)...
  [J1643-1224] white noise for Rcvr1_2_GUPPI (8803 TOAs)...
  [J1643-1224] white noise for Rcvr_800_GASP (559 TOAs)...
  [J1643-1224] white noise for 3GHz_YUPPI (4215 TOAs)...
  [J1643-1224] white noise for Rcvr_800_GUPPI (7734 TOAs)...
  [J1705-1903] zeroing residuals...
  [J1705-1903] adding red noise...
  [J1705-1903] white noise for Rcvr_800_GUPPI (3521 TOAs)...
  [J1705-1903] white noise for Rcvr1_2_GUPPI (6350 TOAs)...
  [J1713+0747] zeroing residuals...
  [J1713+0747] adding red noise...
  [J1713+0747] white noise for Rcvr1_2_GASP (1109 TOAs)...
  [J1713+0747] white noise for 1.5GHz_YUPPI (1461 TOAs)...
  [J1713+0747] white noise for S-wide_ASP (624 TOAs)...
  [J1713+0747] white noise for Rcvr1_2_GUPPI (22334 TOAs)...
  [J1713+0747] white noise for S-wide_PUPPI (7482 TOAs)...
  [J1713+0747] white noise for Rcvr_800_GUPPI (8479 TOAs)...
  [J1713+0747] white noise for L-wide_PUPPI (12743 TOAs)...
  [J1713+0747] white noise for Rcvr_800_GASP (1032 TOAs)...
  [J1713+0747] white noise for 3GHz_YUPPI (3282 TOAs)...
  [J1713+0747] white noise for L-wide_ASP (843 TOAs)...
  [J1719-1438] zeroing residuals...
  [J1719-1438] adding red noise...
  [J1719-1438] white noise for Rcvr_800_GUPPI (3634 TOAs)...
  [J1719-1438] white noise for Rcvr1_2_GUPPI (2722 TOAs)...
  [J1730-2304] zeroing residuals...
  [J1730-2304] adding red noise...
  [J1730-2304] white noise for Rcvr_800_GUPPI (2503 TOAs)...
  [J1730-2304] white noise for Rcvr1_2_GUPPI (2367 TOAs)...
  [J1738+0333] zeroing residuals...
  [J1738+0333] adding red noise...
  [J1738+0333] white noise for L-wide_ASP (201 TOAs)...
  [J1738+0333] white noise for S-wide_PUPPI (1737 TOAs)...
  [J1738+0333] white noise for L-wide_PUPPI (6718 TOAs)...
  [J1738+0333] white noise for S-wide_ASP (134 TOAs)...
  [J1741+1351] zeroing residuals...
  [J1741+1351] adding red noise...
  [J1741+1351] white noise for 430_PUPPI (1159 TOAs)...
  [J1741+1351] white noise for S-wide_ASP (115 TOAs)...
  [J1741+1351] white noise for L-wide_PUPPI (4045 TOAs)...
  [J1741+1351] white noise for L-wide_ASP (236 TOAs)...
  [J1741+1351] white noise for 430_ASP (27 TOAs)...
  [J1744-1134] zeroing residuals...
  [J1744-1134] adding red noise...
  [J1744-1134] white noise for Rcvr1_2_GASP (807 TOAs)...
  [J1744-1134] white noise for Rcvr1_2_GUPPI (8109 TOAs)...
  [J1744-1134] white noise for Rcvr_800_GASP (930 TOAs)...
  [J1744-1134] white noise for Rcvr_800_GUPPI (7899 TOAs)...
  [J1745+1017] zeroing residuals...
  [J1745+1017] adding red noise...
  [J1745+1017] white noise for S-wide_PUPPI (838 TOAs)...
  [J1745+1017] white noise for L-wide_PUPPI (2179 TOAs)...
  [J1747-4036] zeroing residuals...
  [J1747-4036] adding red noise...
  [J1747-4036] white noise for Rcvr_800_GUPPI (5816 TOAs)...
  [J1747-4036] white noise for Rcvr1_2_GUPPI (5239 TOAs)...
  [J1751-2857] zeroing residuals...
  [J1751-2857] adding red noise...
  [J1751-2857] white noise for Rcvr_800_GUPPI (239 TOAs)...
  [J1751-2857] white noise for Rcvr1_2_GUPPI (1786 TOAs)...
  [J1802-2124] zeroing residuals...
  [J1802-2124] adding red noise...
  [J1802-2124] white noise for Rcvr_800_GUPPI (3565 TOAs)...
  [J1802-2124] white noise for Rcvr1_2_GUPPI (3231 TOAs)...
  [J1811-2405] zeroing residuals...
  [J1811-2405] adding red noise...
  [J1811-2405] white noise for Rcvr_800_GUPPI (2628 TOAs)...
  [J1811-2405] white noise for Rcvr1_2_GUPPI (2638 TOAs)...
  [J1832-0836] zeroing residuals...
  [J1832-0836] adding red noise...
  [J1832-0836] white noise for Rcvr_800_GUPPI (3078 TOAs)...
  [J1832-0836] white noise for Rcvr1_2_GUPPI (4661 TOAs)...
  [J1843-1113] zeroing residuals...
  [J1843-1113] adding red noise...
  [J1843-1113] white noise for Rcvr_800_GUPPI (2201 TOAs)...
  [J1843-1113] white noise for Rcvr1_2_GUPPI (2394 TOAs)...
  [J1853+1303] zeroing residuals...
  [J1853+1303] adding red noise...
  [J1853+1303] white noise for 430_PUPPI (1151 TOAs)...
  [J1853+1303] white noise for L-wide_PUPPI (3362 TOAs)...
  [J1853+1303] white noise for 430_ASP (24 TOAs)...
  [J1853+1303] white noise for L-wide_ASP (33 TOAs)...
  [J1903+0327] zeroing residuals...
  [J1903+0327] adding red noise...
  [J1903+0327] white noise for S-wide_PUPPI (2282 TOAs)...
  [J1903+0327] white noise for S-wide_ASP (151 TOAs)...
  [J1903+0327] white noise for L-wide_PUPPI (3845 TOAs)...
  [J1903+0327] white noise for 3GHz_YUPPI (439 TOAs)...
  [J1903+0327] white noise for L-wide_ASP (139 TOAs)...
  [J1909-3744] zeroing residuals...
  [J1909-3744] adding red noise...
  [J1909-3744] white noise for Rcvr1_2_GASP (808 TOAs)...
  [J1909-3744] white noise for Rcvr1_2_GUPPI (20439 TOAs)...
  [J1909-3744] white noise for Rcvr_800_GASP (866 TOAs)...
  [J1909-3744] white noise for 3GHz_YUPPI (3525 TOAs)...
  [J1909-3744] white noise for Rcvr_800_GUPPI (9399 TOAs)...
  [J1910+1256] zeroing residuals...
  [J1910+1256] adding red noise...
  [J1910+1256] white noise for L-wide_ASP (297 TOAs)...
  [J1910+1256] white noise for S-wide_PUPPI (1857 TOAs)...
  [J1910+1256] white noise for L-wide_PUPPI (4124 TOAs)...
  [J1910+1256] white noise for S-wide_ASP (208 TOAs)...
  [J1911+1347] zeroing residuals...
  [J1911+1347] adding red noise...
  [J1911+1347] white noise for 430_PUPPI (753 TOAs)...
  [J1911+1347] white noise for L-wide_PUPPI (3033 TOAs)...
  [J1918-0642] zeroing residuals...
  [J1918-0642] adding red noise...
  [J1918-0642] white noise for Rcvr1_2_GASP (778 TOAs)...
  [J1918-0642] white noise for Rcvr1_2_GUPPI (8910 TOAs)...
  [J1918-0642] white noise for Rcvr_800_GASP (835 TOAs)...
  [J1918-0642] white noise for Rcvr_800_GUPPI (8352 TOAs)...
  [J1923+2515] zeroing residuals...
  [J1923+2515] adding red noise...
  [J1923+2515] white noise for 430_PUPPI (922 TOAs)...
  [J1923+2515] white noise for L-wide_PUPPI (3028 TOAs)...
  [J1923+2515] white noise for 430_ASP (10 TOAs)...
  [J1923+2515] white noise for L-wide_ASP (14 TOAs)...
  [J1944+0907] zeroing residuals...
  [J1944+0907] adding red noise...
  [J1944+0907] white noise for 430_PUPPI (1017 TOAs)...
  [J1944+0907] white noise for S-wide_ASP (116 TOAs)...
  [J1944+0907] white noise for L-wide_PUPPI (3900 TOAs)...
  [J1944+0907] white noise for L-wide_ASP (257 TOAs)...
  [J1944+0907] white noise for 430_ASP (38 TOAs)...
  [J1946+3417] zeroing residuals...
  [J1946+3417] adding red noise...
  [J1946+3417] white noise for S-wide_PUPPI (1546 TOAs)...
  [J1946+3417] white noise for L-wide_PUPPI (3197 TOAs)...
  [J2010-1323] zeroing residuals...
  [J2010-1323] adding red noise...
  [J2010-1323] white noise for Rcvr1_2_GASP (70 TOAs)...
  [J2010-1323] white noise for Rcvr1_2_GUPPI (7779 TOAs)...
  [J2010-1323] white noise for Rcvr_800_GASP (70 TOAs)...
  [J2010-1323] white noise for Rcvr_800_GUPPI (9158 TOAs)...
  [J2017+0603] zeroing residuals...
  [J2017+0603] adding red noise...
  [J2017+0603] white noise for 430_PUPPI (78 TOAs)...
  [J2017+0603] white noise for S-wide_PUPPI (849 TOAs)...
  [J2017+0603] white noise for L-wide_PUPPI (2569 TOAs)...
  [J2017+0603] white noise for L-wide_ASP (16 TOAs)...
  [J2033+1734] zeroing residuals...
  [J2033+1734] adding red noise...
  [J2033+1734] white noise for 430_PUPPI (797 TOAs)...
  [J2033+1734] white noise for L-wide_PUPPI (3050 TOAs)...
  [J2043+1711] zeroing residuals...
  [J2043+1711] adding red noise...
  [J2043+1711] white noise for 430_PUPPI (2908 TOAs)...
  [J2043+1711] white noise for L-wide_PUPPI (4419 TOAs)...
  [J2043+1711] white noise for 430_ASP (30 TOAs)...
  [J2043+1711] white noise for L-wide_ASP (40 TOAs)...
  [J2124-3358] zeroing residuals...
  [J2124-3358] adding red noise...
  [J2124-3358] white noise for Rcvr_800_GUPPI (2025 TOAs)...
  [J2124-3358] white noise for Rcvr1_2_GUPPI (2957 TOAs)...
  [J2145-0750] zeroing residuals...
  [J2145-0750] adding red noise...
  [J2145-0750] white noise for Rcvr1_2_GASP (427 TOAs)...
  [J2145-0750] white noise for Rcvr1_2_GUPPI (9158 TOAs)...
  [J2145-0750] white noise for Rcvr_800_GASP (362 TOAs)...
  [J2145-0750] white noise for Rcvr_800_GUPPI (8728 TOAs)...
  [J2214+3000] zeroing residuals...
  [J2214+3000] adding red noise...
  [J2214+3000] white noise for L-wide_ASP (9 TOAs)...
  [J2214+3000] white noise for S-wide_PUPPI (1568 TOAs)...
  [J2214+3000] white noise for L-wide_PUPPI (5829 TOAs)...
  [J2229+2643] zeroing residuals...
  [J2229+2643] adding red noise...
  [J2229+2643] white noise for 430_PUPPI (956 TOAs)...
  [J2229+2643] white noise for L-wide_PUPPI (2755 TOAs)...
  [J2234+0611] zeroing residuals...
  [J2234+0611] adding red noise...
  [J2234+0611] white noise for 430_PUPPI (653 TOAs)...
  [J2234+0611] white noise for L-wide_PUPPI (2913 TOAs)...
  [J2234+0944] zeroing residuals...
  [J2234+0944] adding red noise...
  [J2234+0944] white noise for S-wide_PUPPI (2532 TOAs)...
  [J2234+0944] white noise for L-wide_PUPPI (5003 TOAs)...
  [J2302+4442] zeroing residuals...
  [J2302+4442] adding red noise...
  [J2302+4442] white noise for Rcvr_800_GUPPI (6432 TOAs)...
  [J2302+4442] white noise for Rcvr1_2_GUPPI (3779 TOAs)...
  [J2317+1439] zeroing residuals...
  [J2317+1439] adding red noise...
  [J2317+1439] white noise for 430_PUPPI (3217 TOAs)...
  [J2317+1439] white noise for 327_PUPPI (276 TOAs)...
  [J2317+1439] white noise for 327_ASP (413 TOAs)...
  [J2317+1439] white noise for L-wide_PUPPI (9563 TOAs)...
  [J2317+1439] white noise for 430_ASP (458 TOAs)...
  [J2322+2057] zeroing residuals...
  [J2322+2057] adding red noise...
  [J2322+2057] white noise for 430_PUPPI (752 TOAs)...
  [J2322+2057] white noise for S-wide_PUPPI (140 TOAs)...
  [J2322+2057] white noise for L-wide_PUPPI (2196 TOAs)...
Resetting pulsars to clean stoas...
Restore: 0.00 s
Inject: 0.00 s
Snapshotting into enterprise Pulsar objects...
Building PTA...
PTA build: 474.61 s
Computing optimal statistic...
OS time: 81.25 s
Total: 555.86 s
Noise-only SNR baseline: 0.4724

Generating SNR-consistent population...
Target SNR: 4.0
Resetting pulsars to clean stoas...
Restore: 17.14 s
Injecting population...
  B1855+09: RMS = 4160.251 ns
  B1937+21: RMS = 2156.926 ns
  B1953+29: RMS = 471.000 ns
  J0023+0923: RMS = 1362.069 ns
  J0030+0451: RMS = 1810.446 ns
  J0340+4130: RMS = 3617.417 ns
  J0406+3039: RMS = 773.329 ns
  J0437-4715: RMS = 671.480 ns
  J0509+0856: RMS = 2021.365 ns
  J0557+1551: RMS = 576.361 ns
  J0605+3757: RMS = 1338.093 ns
  J0610-2100: RMS = 1221.848 ns
  J0613-0200: RMS = 3388.749 ns
  J0636+5128: RMS = 3443.175 ns
  J0645+5158: RMS = 4042.818 ns
  J0709+0458: RMS = 1107.860 ns
  J0740+6620: RMS = 624.501 ns
  J0931-1902: RMS = 970.561 ns
  J1012+5307: RMS = 4490.521 ns
  J1012-4235: RMS = 1022.995 ns
  J1022+1001: RMS = 2882.391 ns
  J1024-0719: RMS = 1231.456 ns
  J1125+7819: RMS = 1342.794 ns
  J1312+0051: RMS = 3477.154 ns
  J1453+1902: RMS = 1856.881 ns
  J1455-3330: RMS = 5116.742 ns
  J1600-3053: RMS = 5360.586 ns
  J1614-2230: RMS = 3633.768 ns
  J1630+3734: RMS = 372.247 ns
  J1640+2224: RMS = 2009.899 ns
  J1643-1224: RMS = 4013.715 ns
  J1705-1903: RMS = 2773.463 ns
  J1713+0747: RMS = 1126.103 ns
  J1719-1438: RMS = 2984.788 ns
  J1730-2304: RMS = 2522.926 ns
  J1738+0333: RMS = 1959.986 ns
  J1741+1351: RMS = 1657.258 ns
  J1744-1134: RMS = 7296.382 ns
  J1745+1017: RMS = 972.999 ns
  J1747-4036: RMS = 2092.282 ns
  J1751-2857: RMS = 1810.383 ns
  J1802-2124: RMS = 2473.579 ns
  J1811-2405: RMS = 2171.929 ns
  J1832-0836: RMS = 3360.477 ns
  J1843-1113: RMS = 1100.268 ns
  J1853+1303: RMS = 2738.560 ns
  J1903+0327: RMS = 4936.515 ns
  J1909-3744: RMS = 996.446 ns
  J1910+1256: RMS = 3531.604 ns
  J1911+1347: RMS = 1020.608 ns
  J1918-0642: RMS = 4451.194 ns
  J1923+2515: RMS = 985.416 ns
  J1944+0907: RMS = 3766.430 ns
  J1946+3417: RMS = 815.888 ns
  J2010-1323: RMS = 4168.417 ns
  J2017+0603: RMS = 4054.725 ns
  J2033+1734: RMS = 2940.711 ns
  J2043+1711: RMS = 1919.004 ns
  J2124-3358: RMS = 392.584 ns
  J2145-0750: RMS = 3401.976 ns
  J2214+3000: RMS = 2009.778 ns
  J2229+2643: RMS = 938.731 ns
  J2234+0611: RMS = 1886.066 ns
  J2234+0944: RMS = 1463.800 ns
  J2302+4442: RMS = 935.764 ns
  J2317+1439: RMS = 484.857 ns
  J2322+2057: RMS = 1206.436 ns
Inject: 0.62 s
Snapshotting into enterprise Pulsar objects...
Building PTA...
PTA build: 464.19 s
Computing optimal statistic...
OS time: 76.06 s
Total: 558.01 s
Initial SNR: 22.9033, Target SNR: 4.0000
  Initial SNR 22.9033 outside of provided SNR_range [3.5, 4.25] — rescaling.
Scaling distances by factor 2.5216 to achieve target SNR...
Resetting pulsars to clean stoas...
Restore: 4.63 s
Injecting population...
  B1855+09: RMS = 1649.818 ns
  B1937+21: RMS = 855.365 ns
  B1953+29: RMS = 186.783 ns
  J0023+0923: RMS = 540.152 ns
  J0030+0451: RMS = 717.963 ns
  J0340+4130: RMS = 1434.548 ns
  J0406+3039: RMS = 306.677 ns
  J0437-4715: RMS = 266.287 ns
  J0509+0856: RMS = 801.606 ns
  J0557+1551: RMS = 228.566 ns
  J0605+3757: RMS = 530.643 ns
  J0610-2100: RMS = 484.544 ns
  J0613-0200: RMS = 1343.866 ns
  J0636+5128: RMS = 1365.449 ns
  J0645+5158: RMS = 1603.248 ns
  J0709+0458: RMS = 439.341 ns
  J0740+6620: RMS = 247.656 ns
  J0931-1902: RMS = 384.892 ns
  J1012+5307: RMS = 1780.792 ns
  J1012-4235: RMS = 405.686 ns
  J1022+1001: RMS = 1143.061 ns
  J1024-0719: RMS = 488.355 ns
  J1125+7819: RMS = 532.508 ns
  J1312+0051: RMS = 1378.924 ns
  J1453+1902: RMS = 736.378 ns
  J1455-3330: RMS = 2029.131 ns
  J1600-3053: RMS = 2125.831 ns
  J1614-2230: RMS = 1441.032 ns
  J1630+3734: RMS = 147.621 ns
  J1640+2224: RMS = 797.060 ns
  J1643-1224: RMS = 1591.706 ns
  J1705-1903: RMS = 1099.864 ns
  J1713+0747: RMS = 446.575 ns
  J1719-1438: RMS = 1183.668 ns
  J1730-2304: RMS = 1000.509 ns
  J1738+0333: RMS = 777.265 ns
  J1741+1351: RMS = 657.214 ns
  J1744-1134: RMS = 2893.503 ns
  J1745+1017: RMS = 385.859 ns
  J1747-4036: RMS = 829.730 ns
  J1751-2857: RMS = 717.938 ns
  J1802-2124: RMS = 980.939 ns
  J1811-2405: RMS = 861.315 ns
  J1832-0836: RMS = 1332.654 ns
  J1843-1113: RMS = 436.330 ns
  J1853+1303: RMS = 1086.022 ns
  J1903+0327: RMS = 1957.659 ns
  J1909-3744: RMS = 395.157 ns
  J1910+1256: RMS = 1400.517 ns
  J1911+1347: RMS = 404.739 ns
  J1918-0642: RMS = 1765.196 ns
  J1923+2515: RMS = 390.783 ns
  J1944+0907: RMS = 1493.641 ns
  J1946+3417: RMS = 323.554 ns
  J2010-1323: RMS = 1653.056 ns
  J2017+0603: RMS = 1607.970 ns
  J2033+1734: RMS = 1166.189 ns
  J2043+1711: RMS = 761.014 ns
  J2124-3358: RMS = 155.686 ns
  J2145-0750: RMS = 1349.111 ns
  J2214+3000: RMS = 797.011 ns
  J2229+2643: RMS = 372.270 ns
  J2234+0611: RMS = 747.951 ns
  J2234+0944: RMS = 580.495 ns
  J2302+4442: RMS = 371.093 ns
  J2317+1439: RMS = 192.278 ns
  J2322+2057: RMS = 478.433 ns
Inject: 0.57 s
Snapshotting into enterprise Pulsar objects...
Building PTA...
PTA build: 489.04 s
Computing optimal statistic...
OS time: 102.80 s
Total: 597.04 s
  SNR 5.5126 outside of provided SNR_range [3.5, 4.25] — rescaling.
[Iteration 1/4] SNR after scaling: 5.5126 (target: 4.0000)
  SNR history: it0→22.9033@1.0000x, it1→5.5126@2.5216x
  Re-scaling distances by factor 1.2474  (cumulative after: 3.1455×)
Resetting pulsars to clean stoas...
Restore: 16.18 s
Injecting population...
  B1855+09: RMS = 1322.616 ns
  B1937+21: RMS = 685.724 ns
  B1953+29: RMS = 149.739 ns
  J0023+0923: RMS = 433.025 ns
  J0030+0451: RMS = 575.572 ns
  J0340+4130: RMS = 1150.040 ns
  J0406+3039: RMS = 245.855 ns
  J0437-4715: RMS = 213.475 ns
  J0509+0856: RMS = 642.627 ns
  J0557+1551: RMS = 183.235 ns
  J0605+3757: RMS = 425.403 ns
  J0610-2100: RMS = 388.447 ns
  J0613-0200: RMS = 1077.342 ns
  J0636+5128: RMS = 1094.645 ns
  J0645+5158: RMS = 1285.282 ns
  J0709+0458: RMS = 352.208 ns
  J0740+6620: RMS = 198.540 ns
  J0931-1902: RMS = 308.558 ns
  J1012+5307: RMS = 1427.615 ns
  J1012-4235: RMS = 325.228 ns
  J1022+1001: RMS = 916.362 ns
  J1024-0719: RMS = 391.501 ns
  J1125+7819: RMS = 426.897 ns
  J1312+0051: RMS = 1105.447 ns
  J1453+1902: RMS = 590.335 ns
  J1455-3330: RMS = 1626.701 ns
  J1600-3053: RMS = 1704.223 ns
  J1614-2230: RMS = 1155.238 ns
  J1630+3734: RMS = 118.344 ns
  J1640+2224: RMS = 638.982 ns
  J1643-1224: RMS = 1276.030 ns
  J1705-1903: RMS = 881.732 ns
  J1713+0747: RMS = 358.008 ns
  J1719-1438: RMS = 948.916 ns
  J1730-2304: RMS = 802.082 ns
  J1738+0333: RMS = 623.113 ns
  J1741+1351: RMS = 526.871 ns
  J1744-1134: RMS = 2319.646 ns
  J1745+1017: RMS = 309.333 ns
  J1747-4036: RMS = 665.173 ns
  J1751-2857: RMS = 575.552 ns
  J1802-2124: RMS = 786.394 ns
  J1811-2405: RMS = 690.494 ns
  J1832-0836: RMS = 1068.354 ns
  J1843-1113: RMS = 349.794 ns
  J1853+1303: RMS = 870.636 ns
  J1903+0327: RMS = 1569.404 ns
  J1909-3744: RMS = 316.787 ns
  J1910+1256: RMS = 1122.758 ns
  J1911+1347: RMS = 324.469 ns
  J1918-0642: RMS = 1415.112 ns
  J1923+2515: RMS = 313.281 ns
  J1944+0907: RMS = 1197.413 ns
  J1946+3417: RMS = 259.385 ns
  J2010-1323: RMS = 1325.212 ns
  J2017+0603: RMS = 1289.067 ns
  J2033+1734: RMS = 934.903 ns
  J2043+1711: RMS = 610.085 ns
  J2124-3358: RMS = 124.809 ns
  J2145-0750: RMS = 1081.547 ns
  J2214+3000: RMS = 638.943 ns
  J2229+2643: RMS = 298.439 ns
  J2234+0611: RMS = 599.613 ns
  J2234+0944: RMS = 465.367 ns
  J2302+4442: RMS = 297.495 ns
  J2317+1439: RMS = 154.144 ns
  J2322+2057: RMS = 383.547 ns
Inject: 2.36 s
Snapshotting into enterprise Pulsar objects...
Building PTA...
PTA build: 480.69 s
Computing optimal statistic...
OS time: 93.21 s
Total: 592.44 s
  ✓ SNR is within the provided SNR_range: 4.1113 ∈ [3.5, 4.25]

Final SNR history:
  it 0: cumulative_scale=1.0000×  SNR=22.9033
  it 1: cumulative_scale=2.5216×  SNR=5.5126
  it 2: cumulative_scale=3.1455×  SNR=4.1113
✓ Simulation 1 done (1749.3 s)

======================================================================
ENSEMBLE SUMMARY
======================================================================
Success rate: 100.0% (1/1)

Binaries per population:
  Mean ± std : 500 ± 0
  Range      : [500, 500]

SNR achieved:
  Mean ± std : 4.1113 ± 0.0000
  Range      : [4.1113, 4.1113]

Total time: 2347.7 s (39.1 min)
======================================================================

💾 Saved: data/2026-04-28/optimistic_run_31/consistent_population_optimistic_targetSNR4.25_sims1.json
💾 Saved compressed pickle: data/2026-04-28/optimistic_run_31/consistent_population_optimistic_targetSNR4.25_sims1.pkl.gz

======================================================================
CONTINUOUS WAVE SNR ANALYSIS
======================================================================

--- Population 1 ---
Precomputation of phiinvs, TNTs, Ts, Nvecs, Sigmas took 0.20 seconds.
Total SNR computation for population took 360.82 seconds.
Top 50 CGW candidates:
   1. proxy_rank=   1  sky_w=1.62  f=2.07e-09 Hz  Mc=5.88e+10 Msun  h0=1.05e-14  SNR=7.126
   2. proxy_rank=   2  sky_w=1.26  f=2.23e-09 Hz  Mc=4.64e+10 Msun  h0=1.16e-14  SNR=5.306
   3. proxy_rank=   4  sky_w=0.95  f=2.48e-09 Hz  Mc=4.30e+10 Msun  h0=8.61e-15  SNR=4.226
   4. proxy_rank=   5  sky_w=1.47  f=2.49e-09 Hz  Mc=3.64e+10 Msun  h0=5.37e-15  SNR=3.837
   5. proxy_rank=  14  sky_w=0.64  f=3.66e-09 Hz  Mc=3.75e+10 Msun  h0=1.00e-14  SNR=3.512
   6. proxy_rank=   6  sky_w=1.63  f=2.49e-09 Hz  Mc=3.21e+10 Msun  h0=4.35e-15  SNR=3.295
   7. proxy_rank=  18  sky_w=0.96  f=3.94e-09 Hz  Mc=1.85e+10 Msun  h0=5.15e-15  SNR=2.625
   8. proxy_rank=  12  sky_w=0.94  f=2.94e-09 Hz  Mc=2.94e+10 Msun  h0=6.18e-15  SNR=2.127
   9. proxy_rank=   8  sky_w=0.87  f=2.21e-09 Hz  Mc=3.44e+10 Msun  h0=6.27e-15  SNR=2.113
  10. proxy_rank=   9  sky_w=0.53  f=2.08e-09 Hz  Mc=3.32e+10 Msun  h0=9.17e-15  SNR=2.027
  11. proxy_rank=   3  sky_w=1.32  f=2.20e-09 Hz  Mc=4.78e+10 Msun  h0=9.47e-15  SNR=1.989
  12. proxy_rank=  17  sky_w=0.78  f=2.53e-09 Hz  Mc=3.18e+10 Msun  h0=4.31e-15  SNR=1.856
  13. proxy_rank=  16  sky_w=1.18  f=2.31e-09 Hz  Mc=2.60e+10 Msun  h0=2.95e-15  SNR=1.742
  14. proxy_rank=   7  sky_w=0.87  f=2.12e-09 Hz  Mc=3.95e+10 Msun  h0=6.62e-15  SNR=1.727
  15. proxy_rank=  10  sky_w=0.96  f=2.68e-09 Hz  Mc=3.95e+10 Msun  h0=6.44e-15  SNR=1.717
  16. proxy_rank=  11  sky_w=0.95  f=2.91e-09 Hz  Mc=3.77e+10 Msun  h0=6.41e-15  SNR=1.693
  17. proxy_rank=  30  sky_w=0.85  f=4.78e-09 Hz  Mc=1.46e+10 Msun  h0=1.83e-15  SNR=1.511
  18. proxy_rank=  42  sky_w=1.31  f=9.27e-09 Hz  Mc=8.46e+09 Msun  h0=1.18e-15  SNR=1.297
  19. proxy_rank=  20  sky_w=1.24  f=2.52e-09 Hz  Mc=2.11e+10 Msun  h0=2.20e-15  SNR=1.088
  20. proxy_rank=  13  sky_w=1.34  f=2.25e-09 Hz  Mc=2.47e+10 Msun  h0=3.06e-15  SNR=1.040
  21. proxy_rank=  49  sky_w=1.16  f=6.10e-09 Hz  Mc=6.05e+09 Msun  h0=5.63e-16  SNR=0.676
  22. proxy_rank=  28  sky_w=1.23  f=3.51e-09 Hz  Mc=1.41e+10 Msun  h0=1.39e-15  SNR=0.651
  23. proxy_rank=  35  sky_w=0.82  f=3.84e-09 Hz  Mc=1.18e+10 Msun  h0=1.21e-15  SNR=0.592
  24. proxy_rank=  15  sky_w=0.85  f=2.01e-09 Hz  Mc=3.34e+10 Msun  h0=4.10e-15  SNR=0.530
  25. proxy_rank=  26  sky_w=1.15  f=2.72e-09 Hz  Mc=1.47e+10 Msun  h0=1.33e-15  SNR=0.509
  26. proxy_rank=  21  sky_w=0.94  f=2.53e-09 Hz  Mc=2.27e+10 Msun  h0=2.51e-15  SNR=0.504
  27. proxy_rank=  25  sky_w=1.36  f=2.18e-09 Hz  Mc=1.33e+10 Msun  h0=9.45e-16  SNR=0.496
  28. proxy_rank=  52  sky_w=0.65  f=5.55e-09 Hz  Mc=7.54e+09 Msun  h0=8.00e-16  SNR=0.437
  29. proxy_rank=  24  sky_w=1.38  f=2.52e-09 Hz  Mc=1.45e+10 Msun  h0=1.18e-15  SNR=0.431
  30. proxy_rank=  27  sky_w=0.99  f=3.21e-09 Hz  Mc=1.58e+10 Msun  h0=1.70e-15  SNR=0.407
  31. proxy_rank=  23  sky_w=0.83  f=2.28e-09 Hz  Mc=1.87e+10 Msun  h0=1.84e-15  SNR=0.400
  32. proxy_rank=  32  sky_w=0.80  f=3.07e-09 Hz  Mc=1.23e+10 Msun  h0=1.16e-15  SNR=0.354
  33. proxy_rank=  22  sky_w=0.70  f=2.17e-09 Hz  Mc=2.44e+10 Msun  h0=2.57e-15  SNR=0.322
  34. proxy_rank=  19  sky_w=1.36  f=2.16e-09 Hz  Mc=1.87e+10 Msun  h0=1.76e-15  SNR=0.308
  35. proxy_rank=  67  sky_w=0.60  f=4.88e-09 Hz  Mc=5.41e+09 Msun  h0=3.98e-16  SNR=0.298
  36. proxy_rank=  33  sky_w=0.77  f=3.21e-09 Hz  Mc=1.27e+10 Msun  h0=1.24e-15  SNR=0.271
  37. proxy_rank=  37  sky_w=0.54  f=3.11e-09 Hz  Mc=1.22e+10 Msun  h0=1.26e-15  SNR=0.235
  38. proxy_rank=  31  sky_w=1.37  f=2.01e-09 Hz  Mc=8.16e+09 Msun  h0=4.65e-16  SNR=0.220
  39. proxy_rank=  34  sky_w=0.63  f=2.31e-09 Hz  Mc=1.33e+10 Msun  h0=9.54e-16  SNR=0.209
  40. proxy_rank=  55  sky_w=0.89  f=3.53e-09 Hz  Mc=4.84e+09 Msun  h0=3.24e-16  SNR=0.198
  41. proxy_rank=  58  sky_w=1.04  f=4.69e-09 Hz  Mc=4.97e+09 Msun  h0=3.20e-16  SNR=0.197
  42. proxy_rank=  38  sky_w=0.88  f=2.13e-09 Hz  Mc=7.05e+09 Msun  h0=4.94e-16  SNR=0.180
  43. proxy_rank=  44  sky_w=0.71  f=2.39e-09 Hz  Mc=6.47e+09 Msun  h0=5.19e-16  SNR=0.171
  44. proxy_rank=  60  sky_w=1.07  f=3.59e-09 Hz  Mc=4.42e+09 Msun  h0=2.09e-16  SNR=0.165
  45. proxy_rank=  36  sky_w=0.49  f=2.01e-09 Hz  Mc=1.44e+10 Msun  h0=1.04e-15  SNR=0.154
  46. proxy_rank=  47  sky_w=1.45  f=3.01e-09 Hz  Mc=5.73e+09 Msun  h0=2.81e-16  SNR=0.148
  47. proxy_rank=  29  sky_w=1.52  f=2.12e-09 Hz  Mc=8.82e+09 Msun  h0=5.74e-16  SNR=0.143
  48. proxy_rank=  54  sky_w=0.95  f=2.98e-09 Hz  Mc=4.91e+09 Msun  h0=2.67e-16  SNR=0.139
  49. proxy_rank=  61  sky_w=1.13  f=4.23e-09 Hz  Mc=3.95e+09 Msun  h0=2.25e-16  SNR=0.127
  50. proxy_rank=  92  sky_w=0.96  f=6.71e-09 Hz  Mc=2.40e+09 Msun  h0=1.11e-16  SNR=0.120
💾 Saved: data/2026-04-28/optimistic_run_31/consistent_population_optimistic_targetSNR4.25_sims1.json
💾 Saved compressed pickle: data/2026-04-28/optimistic_run_31/consistent_population_optimistic_targetSNR4.25_sims1.pkl.gz
Saved to figures/cgw_analysis_optimistic.pdf

======================================================================
ANALYSIS COMPLETE
Results saved to: data/2026-04-28/optimistic_run_31
======================================================================

==========================================
Job finished at: Tue Apr 28 17:00:40 AEST 2026
Exit code: 0
==========================================

+------------------ Job Report: 11717546 (COMPLETED) ------------------+
| Memory (RAM)  [####################] 100.7% (32.2 GB peak / 32 GB)   |
| CPU           [##############      ] 74.9% average                   |
| Time          [------------->      ] 69.2% (0-00:48:27 / 0-01:10:00) |
|                                                                      |
| Lustre Filesystem:                                                   |
|   Path    Total Read    Total Write    Total IOPS                    |
|   ------  ------------  -------------  ------------                  |
|   /apps   0 B           0 B            10                            |
|   /fred   244 KB        340.3 KB       62                            |
|   /home   657 MB        0 B            2 K                           |
|   OS      0 B           0 B            3                             |
|                                                                      |
| Warnings:                                                            |
|   - CPU usage is low                                                 |
|   - Too much time requested                                          |
+----------------------------------------------------------------------+
