==========================================
Job ID: 11736941
Job Name: smbhb_realistic
Node: dave310
Start Time: Wed Apr 29 12:52:57 AEST 2026
==========================================

/home/bhoulden/.conda/envs/smbhb312/share/tempo2
Working directory: /fred/oz005/users/bhoulden/SMBHB_population_injections

Loaded modules:

Starting SMBHB analysis...
==========================================

📁 Save directory: data/2026-04-29/realistic_run_141
📝 Run name: realistic_run_141

[MEM] Start: 244.5 MB

📡 Loading pulsars...
======================================================================
LOADING NANOGRAV PULSARS (libstempo)
======================================================================

📦 Loading from cache: nanograv_pulsars_cache.pkl
⚠ Cache load failed: Ran out of input
[DEBUG] Found 76 .par files
[tempo2Util.C:396] Warning: [MISC1] Unknown parameter in par file:  DMDATA
[tempo2Util.C:401] Warning: [DUP1] duplicated warnings have been suppressed.

WARNING: Using tempo RNAMP parameter: setting TNRedC to 100!
[observatory.C:271] Warning: Assuming site 'arecibo' means 'ao'
✓ Loaded B1855+09 (7758 TOAs)

WARNING: Using tempo RNAMP parameter: setting TNRedC to 100!
✓ Loaded B1937+21 (23023 TOAs)

WARNING: Using tempo RNAMP parameter: setting TNRedC to 100!
✓ Loaded B1937+21ao (7241 TOAs)

WARNING: Using tempo RNAMP parameter: setting TNRedC to 100!
✓ Loaded B1937+21gbt (16048 TOAs)

WARNING: Using tempo RNAMP parameter: setting TNRedC to 100!
✓ Loaded B1953+29 (5126 TOAs)
✓ Loaded J0023+0923 (15896 TOAs)

WARNING: Using tempo RNAMP parameter: setting TNRedC to 100!
✓ Loaded J0030+0451 (19571 TOAs)
✓ Loaded J0340+4130 (11093 TOAs)
✓ Loaded J0406+3039 (2446 TOAs)

WARNING: Using tempo RNAMP parameter: setting TNRedC to 100!
✓ Loaded J0437-4715 (5830 TOAs)
✓ Loaded J0509+0856 (2169 TOAs)
✓ Loaded J0557+1551 (525 TOAs)
✓ Loaded J0605+3757 (554 TOAs)

WARNING: Using tempo RNAMP parameter: setting TNRedC to 100!
✓ Loaded J0610-2100 (4885 TOAs)

WARNING: Using tempo RNAMP parameter: setting TNRedC to 100!
✓ Loaded J0613-0200 (17124 TOAs)
✓ Loaded J0614-3329 (1714 TOAs)
✓ Loaded J0636+5128 (32222 TOAs)
✓ Loaded J0645+5158 (10403 TOAs)
✓ Loaded J0709+0458 (3030 TOAs)
✓ Loaded J0740+6620 (13401 TOAs)
✓ Loaded J0931-1902 (5473 TOAs)

WARNING: Using tempo RNAMP parameter: setting TNRedC to 100!
✓ Loaded J1012+5307 (25837 TOAs)
✓ Loaded J1012-4235 (797 TOAs)
✓ Loaded J1022+1001 (3978 TOAs)
✓ Loaded J1024-0719 (12635 TOAs)
✓ Loaded J1125+7819 (8723 TOAs)
✓ Loaded J1312+0051 (1705 TOAs)
✓ Loaded J1453+1902 (2551 TOAs)
✓ Loaded J1455-3330 (10818 TOAs)

WARNING: Using tempo RNAMP parameter: setting TNRedC to 100!
✓ Loaded J1600-3053 (22955 TOAs)

WARNING: Using tempo RNAMP parameter: setting TNRedC to 100!
✓ Loaded J1600-3053gbt (19725 TOAs)

WARNING: Using tempo RNAMP parameter: setting TNRedC to 100!
✓ Loaded J1614-2230 (18445 TOAs)
✓ Loaded J1630+3734 (1815 TOAs)
✓ Loaded J1640+2224 (14066 TOAs)

WARNING: Using tempo RNAMP parameter: setting TNRedC to 100!
✓ Loaded J1643-1224 (22144 TOAs)

WARNING: Using tempo RNAMP parameter: setting TNRedC to 100!
✓ Loaded J1643-1224gbt (17932 TOAs)

WARNING: Using tempo RNAMP parameter: setting TNRedC to 100!
✓ Loaded J1705-1903 (9871 TOAs)

WARNING: Using tempo RNAMP parameter: setting TNRedC to 100!
✓ Loaded J1713+0747 (59389 TOAs)

WARNING: Using tempo RNAMP parameter: setting TNRedC to 100!
✓ Loaded J1713+0747ao (21362 TOAs)

WARNING: Using tempo RNAMP parameter: setting TNRedC to 100!
✓ Loaded J1713+0747gbt (32963 TOAs)
✓ Loaded J1719-1438 (6356 TOAs)
✓ Loaded J1730-2304 (4870 TOAs)
✓ Loaded J1738+0333 (8790 TOAs)
✓ Loaded J1741+1351 (5582 TOAs)

WARNING: Using tempo RNAMP parameter: setting TNRedC to 100!
✓ Loaded J1744-1134 (17745 TOAs)

WARNING: Using tempo RNAMP parameter: setting TNRedC to 100!
✓ Loaded J1745+1017 (3017 TOAs)

WARNING: Using tempo RNAMP parameter: setting TNRedC to 100!
✓ Loaded J1747-4036 (11055 TOAs)
✓ Loaded J1751-2857 (2025 TOAs)

WARNING: Using tempo RNAMP parameter: setting TNRedC to 100!
✓ Loaded J1802-2124 (6796 TOAs)
✓ Loaded J1811-2405 (5266 TOAs)
✓ Loaded J1832-0836 (7739 TOAs)
✓ Loaded J1843-1113 (4595 TOAs)

WARNING: Using tempo RNAMP parameter: setting TNRedC to 100!
✓ Loaded J1853+1303 (4570 TOAs)

WARNING: Using tempo RNAMP parameter: setting TNRedC to 100!
✓ Loaded J1903+0327 (6856 TOAs)

WARNING: Using tempo RNAMP parameter: setting TNRedC to 100!
✓ Loaded J1903+0327ao (6423 TOAs)

WARNING: Using tempo RNAMP parameter: setting TNRedC to 100!
✓ Loaded J1909-3744 (35037 TOAs)

WARNING: Using tempo RNAMP parameter: setting TNRedC to 100!
✓ Loaded J1909-3744gbt (31526 TOAs)
✓ Loaded J1910+1256 (6486 TOAs)
✓ Loaded J1911+1347 (3786 TOAs)
✓ Loaded J1918-0642 (18875 TOAs)
✓ Loaded J1923+2515 (3974 TOAs)
✓ Loaded J1944+0907 (5328 TOAs)

WARNING: Using tempo RNAMP parameter: setting TNRedC to 100!
✓ Loaded J1946+3417 (4743 TOAs)
✓ Loaded J2010-1323 (17077 TOAs)
✓ Loaded J2017+0603 (3512 TOAs)
✓ Loaded J2033+1734 (3847 TOAs)
✓ Loaded J2043+1711 (7397 TOAs)
✓ Loaded J2124-3358 (4982 TOAs)

WARNING: Using tempo RNAMP parameter: setting TNRedC to 100!
✓ Loaded J2145-0750 (18675 TOAs)
✓ Loaded J2214+3000 (7406 TOAs)
✓ Loaded J2229+2643 (3711 TOAs)

WARNING: Using tempo RNAMP parameter: setting TNRedC to 100!
✓ Loaded J2234+0611 (3566 TOAs)
✓ Loaded J2234+0944 (7535 TOAs)
✓ Loaded J2302+4442 (10211 TOAs)
✓ Loaded J2317+1439 (13927 TOAs)
✓ Loaded J2322+2057 (3088 TOAs)
⚠ Could not save cache: no default __reduce__ due to non-trivial __cinit__

✓ Loaded 76 pulsars
✗ Failed: 0 — []
[MEM] After loading pulsars: 8883.7 MB

🔍 Filtering pulsars...

Filtered: 76 → 67 pulsars
[MEM] After filtering pulsars: 8884.7 MB
[MEM] After garbage collection: 8884.7 MB

======================================================================
SMBHB POPULATION ANALYSIS
======================================================================

Configuration: realistic
  Medium mass, medium spread in distance, medium population
  N_binaries: 20000

======================================================================
CONSISTENT POPULATION SYNTHESIS
======================================================================

======================================================================
GENERATING SNR-CONSISTENT POPULATIONS
======================================================================
Target SNR:          4.0
Simulations:         1
======================================================================


──────────────────────────────────────────────────────────────────────
SIMULATION 1/1
──────────────────────────────────────────────────────────────────────
  [B1855+09] zeroing residuals...
  [B1855+09] adding red noise...
  [B1855+09] white noise for L-wide_PUPPI (5005 TOAs)...
  [B1855+09] white noise for 430_ASP (390 TOAs)...
  [B1855+09] white noise for L-wide_ASP (1178 TOAs)...
  [B1855+09] white noise for 430_PUPPI (1185 TOAs)...
  [B1937+21] zeroing residuals...
  [B1937+21] adding red noise...
  [B1937+21] white noise for Rcvr_800_GASP (586 TOAs)...
  [B1937+21] white noise for S-wide_PUPPI (2251 TOAs)...
  [B1937+21] white noise for Rcvr_800_GUPPI (7140 TOAs)...
  [B1937+21] white noise for Rcvr1_2_GUPPI (7048 TOAs)...
  [B1937+21] white noise for L-wide_PUPPI (4133 TOAs)...
  [B1937+21] white noise for Rcvr1_2_GASP (1069 TOAs)...
  [B1937+21] white noise for S-wide_ASP (344 TOAs)...
  [B1937+21] white noise for L-wide_ASP (452 TOAs)...
  [B1953+29] zeroing residuals...
  [B1953+29] adding red noise...
  [B1953+29] white noise for 430_ASP (29 TOAs)...
  [B1953+29] white noise for 430_PUPPI (941 TOAs)...
  [B1953+29] white noise for L-wide_PUPPI (4037 TOAs)...
  [B1953+29] white noise for S-wide_ASP (25 TOAs)...
  [B1953+29] white noise for L-wide_ASP (94 TOAs)...
  [J0023+0923] zeroing residuals...
  [J0023+0923] adding red noise...
  [J0023+0923] white noise for L-wide_PUPPI (11123 TOAs)...
  [J0023+0923] white noise for 430_ASP (90 TOAs)...
  [J0023+0923] white noise for L-wide_ASP (119 TOAs)...
  [J0023+0923] white noise for 430_PUPPI (4564 TOAs)...
  [J0030+0451] zeroing residuals...
  [J0030+0451] adding red noise...
  [J0030+0451] white noise for 430_ASP (267 TOAs)...
  [J0030+0451] white noise for S-wide_PUPPI (2673 TOAs)...
  [J0030+0451] white noise for 430_PUPPI (3068 TOAs)...
  [J0030+0451] white noise for L-wide_PUPPI (12774 TOAs)...
  [J0030+0451] white noise for L-wide_ASP (789 TOAs)...
  [J0340+4130] zeroing residuals...
  [J0340+4130] adding red noise...
  [J0340+4130] white noise for Rcvr1_2_GUPPI (5037 TOAs)...
  [J0340+4130] white noise for Rcvr_800_GUPPI (6056 TOAs)...
  [J0406+3039] zeroing residuals...
  [J0406+3039] adding red noise...
  [J0406+3039] white noise for L-wide_PUPPI (1871 TOAs)...
  [J0406+3039] white noise for S-wide_PUPPI (575 TOAs)...
  [J0437-4715] zeroing residuals...
  [J0437-4715] adding red noise...
  [J0437-4715] white noise for 3GHz_YUPPI (3696 TOAs)...
  [J0437-4715] white noise for 1.5GHz_YUPPI (2134 TOAs)...
  [J0509+0856] zeroing residuals...
  [J0509+0856] adding red noise...
  [J0509+0856] white noise for L-wide_PUPPI (1625 TOAs)...
  [J0509+0856] white noise for S-wide_PUPPI (544 TOAs)...
  [J0557+1551] zeroing residuals...
  [J0557+1551] adding red noise...
  [J0557+1551] white noise for L-wide_PUPPI (467 TOAs)...
  [J0557+1551] white noise for S-wide_PUPPI (58 TOAs)...
  [J0605+3757] zeroing residuals...
  [J0605+3757] adding red noise...
  [J0605+3757] white noise for Rcvr1_2_GUPPI (318 TOAs)...
  [J0605+3757] white noise for Rcvr_800_GUPPI (236 TOAs)...
  [J0610-2100] zeroing residuals...
  [J0610-2100] adding red noise...
  [J0610-2100] white noise for Rcvr1_2_GUPPI (2401 TOAs)...
  [J0610-2100] white noise for Rcvr_800_GUPPI (2484 TOAs)...
  [J0613-0200] zeroing residuals...
  [J0613-0200] adding red noise...
  [J0613-0200] white noise for Rcvr_800_GASP (809 TOAs)...
  [J0613-0200] white noise for Rcvr1_2_GASP (992 TOAs)...
  [J0613-0200] white noise for Rcvr1_2_GUPPI (7423 TOAs)...
  [J0613-0200] white noise for Rcvr_800_GUPPI (7900 TOAs)...
  [J0636+5128] zeroing residuals...
  [J0636+5128] adding red noise...
  [J0636+5128] white noise for Rcvr1_2_GUPPI (14803 TOAs)...
  [J0636+5128] white noise for Rcvr_800_GUPPI (17419 TOAs)...
  [J0645+5158] zeroing residuals...
  [J0645+5158] adding red noise...
  [J0645+5158] white noise for Rcvr1_2_GUPPI (5721 TOAs)...
  [J0645+5158] white noise for Rcvr_800_GUPPI (4682 TOAs)...
  [J0709+0458] zeroing residuals...
  [J0709+0458] adding red noise...
  [J0709+0458] white noise for L-wide_PUPPI (2435 TOAs)...
  [J0709+0458] white noise for S-wide_PUPPI (595 TOAs)...
  [J0740+6620] zeroing residuals...
  [J0740+6620] adding red noise...
  [J0740+6620] white noise for Rcvr1_2_GUPPI (8265 TOAs)...
  [J0740+6620] white noise for Rcvr_800_GUPPI (5136 TOAs)...
  [J0931-1902] zeroing residuals...
  [J0931-1902] adding red noise...
  [J0931-1902] white noise for Rcvr1_2_GUPPI (2054 TOAs)...
  [J0931-1902] white noise for Rcvr_800_GUPPI (3419 TOAs)...
  [J1012+5307] zeroing residuals...
  [J1012+5307] adding red noise...
  [J1012+5307] white noise for Rcvr_800_GASP (1210 TOAs)...
  [J1012+5307] white noise for Rcvr1_2_GASP (1479 TOAs)...
  [J1012+5307] white noise for Rcvr1_2_GUPPI (12849 TOAs)...
  [J1012+5307] white noise for Rcvr_800_GUPPI (10299 TOAs)...
  [J1012-4235] zeroing residuals...
  [J1012-4235] adding red noise...
  [J1012-4235] white noise for Rcvr1_2_GUPPI (455 TOAs)...
  [J1012-4235] white noise for Rcvr_800_GUPPI (342 TOAs)...
  [J1022+1001] zeroing residuals...
  [J1022+1001] adding red noise...
  [J1022+1001] white noise for L-wide_PUPPI (2592 TOAs)...
  [J1022+1001] white noise for S-wide_PUPPI (1154 TOAs)...
  [J1022+1001] white noise for 430_PUPPI (232 TOAs)...
  [J1024-0719] zeroing residuals...
  [J1024-0719] adding red noise...
  [J1024-0719] white noise for Rcvr_800_GASP (51 TOAs)...
  [J1024-0719] white noise for Rcvr1_2_GASP (43 TOAs)...
  [J1024-0719] white noise for Rcvr1_2_GUPPI (7086 TOAs)...
  [J1024-0719] white noise for Rcvr_800_GUPPI (5455 TOAs)...
  [J1125+7819] zeroing residuals...
  [J1125+7819] adding red noise...
  [J1125+7819] white noise for Rcvr1_2_GUPPI (4016 TOAs)...
  [J1125+7819] white noise for Rcvr_800_GUPPI (4707 TOAs)...
  [J1312+0051] zeroing residuals...
  [J1312+0051] adding red noise...
  [J1312+0051] white noise for L-wide_PUPPI (1289 TOAs)...
  [J1312+0051] white noise for S-wide_PUPPI (416 TOAs)...
  [J1453+1902] zeroing residuals...
  [J1453+1902] adding red noise...
  [J1453+1902] white noise for L-wide_PUPPI (2122 TOAs)...
  [J1453+1902] white noise for S-wide_PUPPI (4 TOAs)...
  [J1453+1902] white noise for 430_PUPPI (425 TOAs)...
  [J1455-3330] zeroing residuals...
  [J1455-3330] adding red noise...
  [J1455-3330] white noise for Rcvr_800_GASP (479 TOAs)...
  [J1455-3330] white noise for Rcvr1_2_GASP (564 TOAs)...
  [J1455-3330] white noise for Rcvr1_2_GUPPI (4932 TOAs)...
  [J1455-3330] white noise for Rcvr_800_GUPPI (4843 TOAs)...
  [J1600-3053] zeroing residuals...
  [J1600-3053] adding red noise...
  [J1600-3053] white noise for Rcvr_800_GASP (297 TOAs)...
  [J1600-3053] white noise for 3GHz_YUPPI (3237 TOAs)...
  [J1600-3053] white noise for Rcvr1_2_GUPPI (10168 TOAs)...
  [J1600-3053] white noise for Rcvr1_2_GASP (457 TOAs)...
  [J1600-3053] white noise for Rcvr_800_GUPPI (8796 TOAs)...
  [J1614-2230] zeroing residuals...
  [J1614-2230] adding red noise...
  [J1614-2230] white noise for Rcvr_800_GASP (84 TOAs)...
  [J1614-2230] white noise for Rcvr1_2_GASP (84 TOAs)...
  [J1614-2230] white noise for Rcvr1_2_GUPPI (10509 TOAs)...
  [J1614-2230] white noise for Rcvr_800_GUPPI (7768 TOAs)...
  [J1630+3734] zeroing residuals...
  [J1630+3734] adding red noise...
  [J1630+3734] white noise for Rcvr1_2_GUPPI (909 TOAs)...
  [J1630+3734] white noise for Rcvr_800_GUPPI (906 TOAs)...
  [J1640+2224] zeroing residuals...
  [J1640+2224] adding red noise...
  [J1640+2224] white noise for L-wide_PUPPI (9847 TOAs)...
  [J1640+2224] white noise for 430_ASP (340 TOAs)...
  [J1640+2224] white noise for L-wide_ASP (722 TOAs)...
  [J1640+2224] white noise for 430_PUPPI (3157 TOAs)...
  [J1643-1224] zeroing residuals...
  [J1643-1224] adding red noise...
  [J1643-1224] white noise for Rcvr_800_GASP (559 TOAs)...
  [J1643-1224] white noise for 3GHz_YUPPI (4215 TOAs)...
  [J1643-1224] white noise for Rcvr1_2_GUPPI (8803 TOAs)...
  [J1643-1224] white noise for Rcvr1_2_GASP (833 TOAs)...
  [J1643-1224] white noise for Rcvr_800_GUPPI (7734 TOAs)...
  [J1705-1903] zeroing residuals...
  [J1705-1903] adding red noise...
  [J1705-1903] white noise for Rcvr1_2_GUPPI (6350 TOAs)...
  [J1705-1903] white noise for Rcvr_800_GUPPI (3521 TOAs)...
  [J1713+0747] zeroing residuals...
  [J1713+0747] adding red noise...
  [J1713+0747] white noise for Rcvr_800_GASP (1032 TOAs)...
  [J1713+0747] white noise for 3GHz_YUPPI (3282 TOAs)...
  [J1713+0747] white noise for S-wide_PUPPI (7482 TOAs)...
  [J1713+0747] white noise for 1.5GHz_YUPPI (1461 TOAs)...
  [J1713+0747] white noise for Rcvr_800_GUPPI (8479 TOAs)...
  [J1713+0747] white noise for Rcvr1_2_GUPPI (22334 TOAs)...
  [J1713+0747] white noise for L-wide_PUPPI (12743 TOAs)...
  [J1713+0747] white noise for Rcvr1_2_GASP (1109 TOAs)...
  [J1713+0747] white noise for S-wide_ASP (624 TOAs)...
  [J1713+0747] white noise for L-wide_ASP (843 TOAs)...
  [J1719-1438] zeroing residuals...
  [J1719-1438] adding red noise...
  [J1719-1438] white noise for Rcvr1_2_GUPPI (2722 TOAs)...
  [J1719-1438] white noise for Rcvr_800_GUPPI (3634 TOAs)...
  [J1730-2304] zeroing residuals...
  [J1730-2304] adding red noise...
  [J1730-2304] white noise for Rcvr1_2_GUPPI (2367 TOAs)...
  [J1730-2304] white noise for Rcvr_800_GUPPI (2503 TOAs)...
  [J1738+0333] zeroing residuals...
  [J1738+0333] adding red noise...
  [J1738+0333] white noise for L-wide_PUPPI (6718 TOAs)...
  [J1738+0333] white noise for S-wide_PUPPI (1737 TOAs)...
  [J1738+0333] white noise for S-wide_ASP (134 TOAs)...
  [J1738+0333] white noise for L-wide_ASP (201 TOAs)...
  [J1741+1351] zeroing residuals...
  [J1741+1351] adding red noise...
  [J1741+1351] white noise for 430_ASP (27 TOAs)...
  [J1741+1351] white noise for 430_PUPPI (1159 TOAs)...
  [J1741+1351] white noise for L-wide_PUPPI (4045 TOAs)...
  [J1741+1351] white noise for S-wide_ASP (115 TOAs)...
  [J1741+1351] white noise for L-wide_ASP (236 TOAs)...
  [J1744-1134] zeroing residuals...
  [J1744-1134] adding red noise...
  [J1744-1134] white noise for Rcvr_800_GASP (930 TOAs)...
  [J1744-1134] white noise for Rcvr1_2_GASP (807 TOAs)...
  [J1744-1134] white noise for Rcvr1_2_GUPPI (8109 TOAs)...
  [J1744-1134] white noise for Rcvr_800_GUPPI (7899 TOAs)...
  [J1745+1017] zeroing residuals...
  [J1745+1017] adding red noise...
  [J1745+1017] white noise for L-wide_PUPPI (2179 TOAs)...
  [J1745+1017] white noise for S-wide_PUPPI (838 TOAs)...
  [J1747-4036] zeroing residuals...
  [J1747-4036] adding red noise...
  [J1747-4036] white noise for Rcvr1_2_GUPPI (5239 TOAs)...
  [J1747-4036] white noise for Rcvr_800_GUPPI (5816 TOAs)...
  [J1751-2857] zeroing residuals...
  [J1751-2857] adding red noise...
  [J1751-2857] white noise for Rcvr1_2_GUPPI (1786 TOAs)...
  [J1751-2857] white noise for Rcvr_800_GUPPI (239 TOAs)...
  [J1802-2124] zeroing residuals...
  [J1802-2124] adding red noise...
  [J1802-2124] white noise for Rcvr1_2_GUPPI (3231 TOAs)...
  [J1802-2124] white noise for Rcvr_800_GUPPI (3565 TOAs)...
  [J1811-2405] zeroing residuals...
  [J1811-2405] adding red noise...
  [J1811-2405] white noise for Rcvr1_2_GUPPI (2638 TOAs)...
  [J1811-2405] white noise for Rcvr_800_GUPPI (2628 TOAs)...
  [J1832-0836] zeroing residuals...
  [J1832-0836] adding red noise...
  [J1832-0836] white noise for Rcvr1_2_GUPPI (4661 TOAs)...
  [J1832-0836] white noise for Rcvr_800_GUPPI (3078 TOAs)...
  [J1843-1113] zeroing residuals...
  [J1843-1113] adding red noise...
  [J1843-1113] white noise for Rcvr1_2_GUPPI (2394 TOAs)...
  [J1843-1113] white noise for Rcvr_800_GUPPI (2201 TOAs)...
  [J1853+1303] zeroing residuals...
  [J1853+1303] adding red noise...
  [J1853+1303] white noise for L-wide_PUPPI (3362 TOAs)...
  [J1853+1303] white noise for 430_ASP (24 TOAs)...
  [J1853+1303] white noise for L-wide_ASP (33 TOAs)...
  [J1853+1303] white noise for 430_PUPPI (1151 TOAs)...
  [J1903+0327] zeroing residuals...
  [J1903+0327] adding red noise...
  [J1903+0327] white noise for 3GHz_YUPPI (439 TOAs)...
  [J1903+0327] white noise for S-wide_PUPPI (2282 TOAs)...
  [J1903+0327] white noise for L-wide_PUPPI (3845 TOAs)...
  [J1903+0327] white noise for S-wide_ASP (151 TOAs)...
  [J1903+0327] white noise for L-wide_ASP (139 TOAs)...
  [J1909-3744] zeroing residuals...
  [J1909-3744] adding red noise...
  [J1909-3744] white noise for Rcvr_800_GASP (866 TOAs)...
  [J1909-3744] white noise for 3GHz_YUPPI (3525 TOAs)...
  [J1909-3744] white noise for Rcvr1_2_GUPPI (20439 TOAs)...
  [J1909-3744] white noise for Rcvr1_2_GASP (808 TOAs)...
  [J1909-3744] white noise for Rcvr_800_GUPPI (9399 TOAs)...
  [J1910+1256] zeroing residuals...
  [J1910+1256] adding red noise...
  [J1910+1256] white noise for L-wide_PUPPI (4124 TOAs)...
  [J1910+1256] white noise for S-wide_PUPPI (1857 TOAs)...
  [J1910+1256] white noise for S-wide_ASP (208 TOAs)...
  [J1910+1256] white noise for L-wide_ASP (297 TOAs)...
  [J1911+1347] zeroing residuals...
  [J1911+1347] adding red noise...
  [J1911+1347] white noise for L-wide_PUPPI (3033 TOAs)...
  [J1911+1347] white noise for 430_PUPPI (753 TOAs)...
  [J1918-0642] zeroing residuals...
  [J1918-0642] adding red noise...
  [J1918-0642] white noise for Rcvr_800_GASP (835 TOAs)...
  [J1918-0642] white noise for Rcvr1_2_GASP (778 TOAs)...
  [J1918-0642] white noise for Rcvr1_2_GUPPI (8910 TOAs)...
  [J1918-0642] white noise for Rcvr_800_GUPPI (8352 TOAs)...
  [J1923+2515] zeroing residuals...
  [J1923+2515] adding red noise...
  [J1923+2515] white noise for L-wide_PUPPI (3028 TOAs)...
  [J1923+2515] white noise for 430_ASP (10 TOAs)...
  [J1923+2515] white noise for L-wide_ASP (14 TOAs)...
  [J1923+2515] white noise for 430_PUPPI (922 TOAs)...
  [J1944+0907] zeroing residuals...
  [J1944+0907] adding red noise...
  [J1944+0907] white noise for 430_ASP (38 TOAs)...
  [J1944+0907] white noise for 430_PUPPI (1017 TOAs)...
  [J1944+0907] white noise for L-wide_PUPPI (3900 TOAs)...
  [J1944+0907] white noise for S-wide_ASP (116 TOAs)...
  [J1944+0907] white noise for L-wide_ASP (257 TOAs)...
  [J1946+3417] zeroing residuals...
  [J1946+3417] adding red noise...
  [J1946+3417] white noise for L-wide_PUPPI (3197 TOAs)...
  [J1946+3417] white noise for S-wide_PUPPI (1546 TOAs)...
  [J2010-1323] zeroing residuals...
  [J2010-1323] adding red noise...
  [J2010-1323] white noise for Rcvr_800_GASP (70 TOAs)...
  [J2010-1323] white noise for Rcvr1_2_GASP (70 TOAs)...
  [J2010-1323] white noise for Rcvr1_2_GUPPI (7779 TOAs)...
  [J2010-1323] white noise for Rcvr_800_GUPPI (9158 TOAs)...
  [J2017+0603] zeroing residuals...
  [J2017+0603] adding red noise...
  [J2017+0603] white noise for L-wide_PUPPI (2569 TOAs)...
  [J2017+0603] white noise for S-wide_PUPPI (849 TOAs)...
  [J2017+0603] white noise for L-wide_ASP (16 TOAs)...
  [J2017+0603] white noise for 430_PUPPI (78 TOAs)...
  [J2033+1734] zeroing residuals...
  [J2033+1734] adding red noise...
  [J2033+1734] white noise for L-wide_PUPPI (3050 TOAs)...
  [J2033+1734] white noise for 430_PUPPI (797 TOAs)...
  [J2043+1711] zeroing residuals...
  [J2043+1711] adding red noise...
  [J2043+1711] white noise for L-wide_PUPPI (4419 TOAs)...
  [J2043+1711] white noise for 430_ASP (30 TOAs)...
  [J2043+1711] white noise for L-wide_ASP (40 TOAs)...
  [J2043+1711] white noise for 430_PUPPI (2908 TOAs)...
  [J2124-3358] zeroing residuals...
  [J2124-3358] adding red noise...
  [J2124-3358] white noise for Rcvr1_2_GUPPI (2957 TOAs)...
  [J2124-3358] white noise for Rcvr_800_GUPPI (2025 TOAs)...
  [J2145-0750] zeroing residuals...
  [J2145-0750] adding red noise...
  [J2145-0750] white noise for Rcvr_800_GASP (362 TOAs)...
  [J2145-0750] white noise for Rcvr1_2_GASP (427 TOAs)...
  [J2145-0750] white noise for Rcvr1_2_GUPPI (9158 TOAs)...
  [J2145-0750] white noise for Rcvr_800_GUPPI (8728 TOAs)...
  [J2214+3000] zeroing residuals...
  [J2214+3000] adding red noise...
  [J2214+3000] white noise for L-wide_PUPPI (5829 TOAs)...
  [J2214+3000] white noise for S-wide_PUPPI (1568 TOAs)...
  [J2214+3000] white noise for L-wide_ASP (9 TOAs)...
  [J2229+2643] zeroing residuals...
  [J2229+2643] adding red noise...
  [J2229+2643] white noise for L-wide_PUPPI (2755 TOAs)...
  [J2229+2643] white noise for 430_PUPPI (956 TOAs)...
  [J2234+0611] zeroing residuals...
  [J2234+0611] adding red noise...
  [J2234+0611] white noise for L-wide_PUPPI (2913 TOAs)...
  [J2234+0611] white noise for 430_PUPPI (653 TOAs)...
  [J2234+0944] zeroing residuals...
  [J2234+0944] adding red noise...
  [J2234+0944] white noise for L-wide_PUPPI (5003 TOAs)...
  [J2234+0944] white noise for S-wide_PUPPI (2532 TOAs)...
  [J2302+4442] zeroing residuals...
  [J2302+4442] adding red noise...
  [J2302+4442] white noise for Rcvr1_2_GUPPI (3779 TOAs)...
  [J2302+4442] white noise for Rcvr_800_GUPPI (6432 TOAs)...
  [J2317+1439] zeroing residuals...
  [J2317+1439] adding red noise...
  [J2317+1439] white noise for 430_ASP (458 TOAs)...
  [J2317+1439] white noise for 327_PUPPI (276 TOAs)...
  [J2317+1439] white noise for 327_ASP (413 TOAs)...
  [J2317+1439] white noise for 430_PUPPI (3217 TOAs)...
  [J2317+1439] white noise for L-wide_PUPPI (9563 TOAs)...
  [J2322+2057] zeroing residuals...
  [J2322+2057] adding red noise...
  [J2322+2057] white noise for L-wide_PUPPI (2196 TOAs)...
  [J2322+2057] white noise for S-wide_PUPPI (140 TOAs)...
  [J2322+2057] white noise for 430_PUPPI (752 TOAs)...
Resetting pulsars to clean stoas...
Restore: 0.00 s
Inject: 0.00 s
Snapshotting into enterprise Pulsar objects...
Building PTA...
PTA build: 454.25 s
Computing optimal statistic...
OS time: 81.09 s
Total: 535.35 s
Noise-only SNR baseline: 0.7300

Generating SNR-consistent population...
Target SNR: 4.0
Resetting pulsars to clean stoas...
Restore: 16.52 s
Injecting population...
  B1855+09: RMS = 1918.426 ns
  B1937+21: RMS = 1284.884 ns
  B1953+29: RMS = 1334.919 ns
  J0023+0923: RMS = 1456.871 ns
  J0030+0451: RMS = 1804.606 ns
  J0340+4130: RMS = 3059.288 ns
  J0406+3039: RMS = 837.194 ns
  J0437-4715: RMS = 1015.374 ns
  J0509+0856: RMS = 1720.298 ns
  J0557+1551: RMS = 652.976 ns
  J0605+3757: RMS = 2239.102 ns
  J0610-2100: RMS = 2473.302 ns
  J0613-0200: RMS = 2285.178 ns
  J0636+5128: RMS = 1557.143 ns
  J0645+5158: RMS = 1986.643 ns
  J0709+0458: RMS = 2482.403 ns
  J0740+6620: RMS = 1302.040 ns
  J0931-1902: RMS = 676.189 ns
  J1012+5307: RMS = 1521.828 ns
  J1012-4235: RMS = 844.903 ns
  J1022+1001: RMS = 2607.648 ns
  J1024-0719: RMS = 2528.738 ns
  J1125+7819: RMS = 1542.233 ns
  J1312+0051: RMS = 2299.578 ns
  J1453+1902: RMS = 595.948 ns
  J1455-3330: RMS = 2028.016 ns
  J1600-3053: RMS = 3188.868 ns
  J1614-2230: RMS = 4615.835 ns
  J1630+3734: RMS = 1484.653 ns
  J1640+2224: RMS = 4696.648 ns
  J1643-1224: RMS = 3987.995 ns
  J1705-1903: RMS = 1073.451 ns
  J1713+0747: RMS = 3380.908 ns
  J1719-1438: RMS = 951.423 ns
  J1730-2304: RMS = 824.033 ns
  J1738+0333: RMS = 3121.542 ns
  J1741+1351: RMS = 3451.321 ns
  J1744-1134: RMS = 2436.673 ns
  J1745+1017: RMS = 1924.062 ns
  J1747-4036: RMS = 442.124 ns
  J1751-2857: RMS = 606.356 ns
  J1802-2124: RMS = 655.657 ns
  J1811-2405: RMS = 704.818 ns
  J1832-0836: RMS = 844.893 ns
  J1843-1113: RMS = 580.580 ns
  J1853+1303: RMS = 2848.733 ns
  J1903+0327: RMS = 1754.510 ns
  J1909-3744: RMS = 1590.901 ns
  J1910+1256: RMS = 1989.870 ns
  J1911+1347: RMS = 1596.566 ns
  J1918-0642: RMS = 2831.376 ns
  J1923+2515: RMS = 1765.086 ns
  J1944+0907: RMS = 1826.614 ns
  J1946+3417: RMS = 2425.371 ns
  J2010-1323: RMS = 1995.061 ns
  J2017+0603: RMS = 1923.253 ns
  J2033+1734: RMS = 1774.340 ns
  J2043+1711: RMS = 1227.392 ns
  J2124-3358: RMS = 710.824 ns
  J2145-0750: RMS = 2170.698 ns
  J2214+3000: RMS = 2028.482 ns
  J2229+2643: RMS = 2187.566 ns
  J2234+0611: RMS = 959.867 ns
  J2234+0944: RMS = 1076.228 ns
  J2302+4442: RMS = 1443.203 ns
  J2317+1439: RMS = 1012.723 ns
  J2322+2057: RMS = 1643.100 ns
Inject: 0.85 s
Snapshotting into enterprise Pulsar objects...
Building PTA...
PTA build: 456.53 s
Computing optimal statistic...
OS time: 65.74 s
Total: 539.64 s
Initial SNR: 25.1396, Target SNR: 4.0000
  Initial SNR 25.1396 outside of provided SNR_range [3.5, 4.25] — rescaling.
Scaling distances by factor 2.7321 to achieve target SNR...
Resetting pulsars to clean stoas...
Restore: 0.01 s
Injecting population...
  B1855+09: RMS = 702.167 ns
  B1937+21: RMS = 470.283 ns
  B1953+29: RMS = 488.596 ns
  J0023+0923: RMS = 533.233 ns
  J0030+0451: RMS = 660.508 ns
  J0340+4130: RMS = 1119.737 ns
  J0406+3039: RMS = 306.423 ns
  J0437-4715: RMS = 371.639 ns
  J0509+0856: RMS = 629.650 ns
  J0557+1551: RMS = 238.997 ns
  J0605+3757: RMS = 819.538 ns
  J0610-2100: RMS = 905.259 ns
  J0613-0200: RMS = 836.403 ns
  J0636+5128: RMS = 569.933 ns
  J0645+5158: RMS = 727.136 ns
  J0709+0458: RMS = 908.590 ns
  J0740+6620: RMS = 476.562 ns
  J0931-1902: RMS = 247.493 ns
  J1012+5307: RMS = 557.007 ns
  J1012-4235: RMS = 309.245 ns
  J1022+1001: RMS = 954.431 ns
  J1024-0719: RMS = 925.549 ns
  J1125+7819: RMS = 564.476 ns
  J1312+0051: RMS = 841.673 ns
  J1453+1902: RMS = 218.124 ns
  J1455-3330: RMS = 742.278 ns
  J1600-3053: RMS = 1167.164 ns
  J1614-2230: RMS = 1689.452 ns
  J1630+3734: RMS = 543.401 ns
  J1640+2224: RMS = 1719.030 ns
  J1643-1224: RMS = 1459.655 ns
  J1705-1903: RMS = 392.896 ns
  J1713+0747: RMS = 1237.453 ns
  J1719-1438: RMS = 348.232 ns
  J1730-2304: RMS = 301.606 ns
  J1738+0333: RMS = 1142.522 ns
  J1741+1351: RMS = 1263.225 ns
  J1744-1134: RMS = 891.852 ns
  J1745+1017: RMS = 704.230 ns
  J1747-4036: RMS = 161.823 ns
  J1751-2857: RMS = 221.933 ns
  J1802-2124: RMS = 239.978 ns
  J1811-2405: RMS = 257.972 ns
  J1832-0836: RMS = 309.241 ns
  J1843-1113: RMS = 212.499 ns
  J1853+1303: RMS = 1042.671 ns
  J1903+0327: RMS = 642.172 ns
  J1909-3744: RMS = 582.289 ns
  J1910+1256: RMS = 728.316 ns
  J1911+1347: RMS = 584.363 ns
  J1918-0642: RMS = 1036.318 ns
  J1923+2515: RMS = 646.043 ns
  J1944+0907: RMS = 668.563 ns
  J1946+3417: RMS = 887.715 ns
  J2010-1323: RMS = 730.217 ns
  J2017+0603: RMS = 703.934 ns
  J2033+1734: RMS = 649.430 ns
  J2043+1711: RMS = 449.240 ns
  J2124-3358: RMS = 260.170 ns
  J2145-0750: RMS = 794.502 ns
  J2214+3000: RMS = 742.449 ns
  J2229+2643: RMS = 800.676 ns
  J2234+0611: RMS = 351.323 ns
  J2234+0944: RMS = 393.912 ns
  J2302+4442: RMS = 528.230 ns
  J2317+1439: RMS = 370.669 ns
  J2322+2057: RMS = 601.395 ns
Inject: 0.88 s
Snapshotting into enterprise Pulsar objects...
Building PTA...
PTA build: 467.00 s
Computing optimal statistic...
OS time: 118.06 s
Total: 585.95 s
  SNR 4.8539 outside of provided SNR_range [3.5, 4.25] — rescaling.
[Iteration 1/4] SNR after scaling: 4.8539 (target: 4.0000)
  SNR history: it0→25.1396@1.0000x, it1→4.8539@2.7321x
  Re-scaling distances by factor 1.1401  (cumulative after: 3.1150×)
Resetting pulsars to clean stoas...
Restore: 0.75 s
Injecting population...
  B1855+09: RMS = 615.867 ns
  B1937+21: RMS = 412.483 ns
  B1953+29: RMS = 428.546 ns
  J0023+0923: RMS = 467.696 ns
  J0030+0451: RMS = 579.328 ns
  J0340+4130: RMS = 982.116 ns
  J0406+3039: RMS = 268.762 ns
  J0437-4715: RMS = 325.963 ns
  J0509+0856: RMS = 552.263 ns
  J0557+1551: RMS = 209.623 ns
  J0605+3757: RMS = 718.813 ns
  J0610-2100: RMS = 793.998 ns
  J0613-0200: RMS = 733.605 ns
  J0636+5128: RMS = 499.886 ns
  J0645+5158: RMS = 637.767 ns
  J0709+0458: RMS = 796.920 ns
  J0740+6620: RMS = 417.990 ns
  J0931-1902: RMS = 217.075 ns
  J1012+5307: RMS = 488.549 ns
  J1012-4235: RMS = 271.237 ns
  J1022+1001: RMS = 837.127 ns
  J1024-0719: RMS = 811.794 ns
  J1125+7819: RMS = 495.099 ns
  J1312+0051: RMS = 738.228 ns
  J1453+1902: RMS = 191.316 ns
  J1455-3330: RMS = 651.049 ns
  J1600-3053: RMS = 1023.714 ns
  J1614-2230: RMS = 1481.810 ns
  J1630+3734: RMS = 476.614 ns
  J1640+2224: RMS = 1507.753 ns
  J1643-1224: RMS = 1280.256 ns
  J1705-1903: RMS = 344.607 ns
  J1713+0747: RMS = 1085.364 ns
  J1719-1438: RMS = 305.433 ns
  J1730-2304: RMS = 264.537 ns
  J1738+0333: RMS = 1002.101 ns
  J1741+1351: RMS = 1107.969 ns
  J1744-1134: RMS = 782.239 ns
  J1745+1017: RMS = 617.677 ns
  J1747-4036: RMS = 141.934 ns
  J1751-2857: RMS = 194.657 ns
  J1802-2124: RMS = 210.484 ns
  J1811-2405: RMS = 226.266 ns
  J1832-0836: RMS = 271.234 ns
  J1843-1113: RMS = 186.382 ns
  J1853+1303: RMS = 914.522 ns
  J1903+0327: RMS = 563.246 ns
  J1909-3744: RMS = 510.723 ns
  J1910+1256: RMS = 638.803 ns
  J1911+1347: RMS = 512.542 ns
  J1918-0642: RMS = 908.949 ns
  J1923+2515: RMS = 566.641 ns
  J1944+0907: RMS = 586.393 ns
  J1946+3417: RMS = 778.611 ns
  J2010-1323: RMS = 640.470 ns
  J2017+0603: RMS = 617.417 ns
  J2033+1734: RMS = 569.612 ns
  J2043+1711: RMS = 394.027 ns
  J2124-3358: RMS = 228.194 ns
  J2145-0750: RMS = 696.854 ns
  J2214+3000: RMS = 651.199 ns
  J2229+2643: RMS = 702.269 ns
  J2234+0611: RMS = 308.144 ns
  J2234+0944: RMS = 345.499 ns
  J2302+4442: RMS = 463.308 ns
  J2317+1439: RMS = 325.112 ns
  J2322+2057: RMS = 527.480 ns
Inject: 1.30 s
Snapshotting into enterprise Pulsar objects...
Building PTA...
PTA build: 489.07 s
Computing optimal statistic...
OS time: 75.30 s
Total: 566.42 s
  ✓ SNR is within the provided SNR_range: 4.0458 ∈ [3.5, 4.25]

Final SNR history:
  it 0: cumulative_scale=1.0000×  SNR=25.1396
  it 1: cumulative_scale=2.7321×  SNR=4.8539
  it 2: cumulative_scale=3.1150×  SNR=4.0458
✓ Simulation 1 done (1694.8 s)

======================================================================
ENSEMBLE SUMMARY
======================================================================
Success rate: 100.0% (1/1)

Binaries per population:
  Mean ± std : 20000 ± 0
  Range      : [20000, 20000]

SNR achieved:
  Mean ± std : 4.0458 ± 0.0000
  Range      : [4.0458, 4.0458]

Total time: 2272.3 s (37.9 min)
======================================================================

💾 Saved: data/2026-04-29/realistic_run_141/consistent_population_realistic_targetSNR4.25_sims1.json
💾 Saved compressed pickle: data/2026-04-29/realistic_run_141/consistent_population_realistic_targetSNR4.25_sims1.pkl.gz

======================================================================
CONTINUOUS WAVE SNR ANALYSIS
======================================================================

--- Population 1 ---
Precomputation of phiinvs, TNTs, Ts, Nvecs, Sigmas took 0.22 seconds.
Total SNR computation for population took 552.73 seconds.
Top 50 CGW candidates:
   1. proxy_rank=  31  sky_w=1.56  f=2.89e-08 Hz  Mc=2.00e+10 Msun  h0=1.26e-14  SNR=11.094
   2. proxy_rank=  11  sky_w=1.32  f=7.25e-09 Hz  Mc=1.91e+10 Msun  h0=5.68e-15  SNR=9.869
   3. proxy_rank=   3  sky_w=0.96  f=4.12e-09 Hz  Mc=4.00e+10 Msun  h0=9.05e-15  SNR=6.925
   4. proxy_rank=  38  sky_w=0.51  f=1.06e-08 Hz  Mc=2.12e+10 Msun  h0=1.34e-14  SNR=5.566
   5. proxy_rank=  20  sky_w=1.47  f=5.96e-09 Hz  Mc=1.84e+10 Msun  h0=3.21e-15  SNR=5.184
   6. proxy_rank=   1  sky_w=1.52  f=2.04e-09 Hz  Mc=4.64e+10 Msun  h0=8.57e-15  SNR=4.702
   7. proxy_rank= 110  sky_w=1.60  f=8.48e-09 Hz  Mc=1.03e+10 Msun  h0=1.49e-15  SNR=3.448
   8. proxy_rank=  12  sky_w=1.28  f=4.26e-09 Hz  Mc=2.19e+10 Msun  h0=3.33e-15  SNR=3.220
   9. proxy_rank= 143  sky_w=1.26  f=9.98e-09 Hz  Mc=1.02e+10 Msun  h0=1.79e-15  SNR=2.751
  10. proxy_rank=   8  sky_w=1.32  f=4.77e-09 Hz  Mc=2.46e+10 Msun  h0=4.64e-15  SNR=2.687
  11. proxy_rank=  17  sky_w=1.18  f=6.41e-09 Hz  Mc=2.11e+10 Msun  h0=4.50e-15  SNR=2.648
  12. proxy_rank= 100  sky_w=1.48  f=6.90e-09 Hz  Mc=1.05e+10 Msun  h0=1.38e-15  SNR=2.483
  13. proxy_rank= 130  sky_w=0.91  f=7.25e-09 Hz  Mc=1.30e+10 Msun  h0=1.98e-15  SNR=2.338
  14. proxy_rank=  73  sky_w=1.52  f=5.69e-09 Hz  Mc=1.05e+10 Msun  h0=1.38e-15  SNR=2.177
  15. proxy_rank=  53  sky_w=1.14  f=4.80e-09 Hz  Mc=1.32e+10 Msun  h0=1.98e-15  SNR=2.171
  16. proxy_rank=  22  sky_w=1.04  f=3.85e-09 Hz  Mc=2.02e+10 Msun  h0=2.89e-15  SNR=2.170
  17. proxy_rank=  16  sky_w=1.53  f=3.41e-09 Hz  Mc=1.67e+10 Msun  h0=1.84e-15  SNR=2.107
  18. proxy_rank= 230  sky_w=1.28  f=1.04e-08 Hz  Mc=7.57e+09 Msun  h0=1.11e-15  SNR=1.798
  19. proxy_rank=  88  sky_w=1.36  f=4.93e-09 Hz  Mc=1.02e+10 Msun  h0=1.18e-15  SNR=1.708
  20. proxy_rank=  33  sky_w=0.59  f=3.48e-09 Hz  Mc=1.36e+10 Msun  h0=3.93e-15  SNR=1.654
  21. proxy_rank=   9  sky_w=1.60  f=2.69e-09 Hz  Mc=1.61e+10 Msun  h0=1.97e-15  SNR=1.520
  22. proxy_rank= 236  sky_w=1.32  f=8.60e-09 Hz  Mc=7.43e+09 Msun  h0=8.75e-16  SNR=1.492
  23. proxy_rank=  46  sky_w=0.54  f=3.67e-09 Hz  Mc=1.84e+10 Msun  h0=3.93e-15  SNR=1.339
  24. proxy_rank= 105  sky_w=1.62  f=4.60e-09 Hz  Mc=7.70e+09 Msun  h0=8.18e-16  SNR=1.328
  25. proxy_rank= 145  sky_w=0.54  f=5.58e-09 Hz  Mc=1.54e+10 Msun  h0=2.31e-15  SNR=1.301
  26. proxy_rank=  23  sky_w=0.94  f=2.78e-09 Hz  Mc=2.03e+10 Msun  h0=2.31e-15  SNR=1.231
  27. proxy_rank=  94  sky_w=0.67  f=4.74e-09 Hz  Mc=1.59e+10 Msun  h0=2.16e-15  SNR=1.213
  28. proxy_rank= 326  sky_w=1.25  f=8.67e-09 Hz  Mc=5.93e+09 Msun  h0=6.64e-16  SNR=1.190
  29. proxy_rank=  27  sky_w=1.28  f=3.35e-09 Hz  Mc=1.72e+10 Msun  h0=1.91e-15  SNR=1.176
  30. proxy_rank=  13  sky_w=0.57  f=2.92e-09 Hz  Mc=1.83e+10 Msun  h0=4.77e-15  SNR=1.156
  31. proxy_rank=  10  sky_w=1.02  f=2.30e-09 Hz  Mc=2.41e+10 Msun  h0=2.62e-15  SNR=1.156
  32. proxy_rank=  84  sky_w=1.05  f=3.79e-09 Hz  Mc=1.25e+10 Msun  h0=1.23e-15  SNR=1.082
  33. proxy_rank=  67  sky_w=0.90  f=3.25e-09 Hz  Mc=1.47e+10 Msun  h0=1.43e-15  SNR=1.015
  34. proxy_rank=  76  sky_w=1.01  f=3.82e-09 Hz  Mc=1.32e+10 Msun  h0=1.36e-15  SNR=1.003
  35. proxy_rank=   7  sky_w=1.38  f=1.99e-09 Hz  Mc=1.93e+10 Msun  h0=2.00e-15  SNR=0.999
  36. proxy_rank=  61  sky_w=0.56  f=3.76e-09 Hz  Mc=1.70e+10 Msun  h0=2.90e-15  SNR=0.998
  37. proxy_rank=  57  sky_w=0.54  f=3.07e-09 Hz  Mc=2.06e+10 Msun  h0=2.53e-15  SNR=0.996
  38. proxy_rank= 204  sky_w=1.59  f=5.75e-09 Hz  Mc=5.42e+09 Msun  h0=5.65e-16  SNR=0.983
  39. proxy_rank=  21  sky_w=0.57  f=3.04e-09 Hz  Mc=2.84e+10 Msun  h0=4.16e-15  SNR=0.961
  40. proxy_rank=   4  sky_w=1.03  f=2.01e-09 Hz  Mc=2.69e+10 Msun  h0=4.09e-15  SNR=0.950
  41. proxy_rank= 123  sky_w=1.52  f=4.30e-09 Hz  Mc=6.53e+09 Msun  h0=7.17e-16  SNR=0.938
  42. proxy_rank= 127  sky_w=1.00  f=5.30e-09 Hz  Mc=1.13e+10 Msun  h0=1.32e-15  SNR=0.933
  43. proxy_rank=  48  sky_w=1.05  f=4.25e-09 Hz  Mc=1.67e+10 Msun  h0=2.24e-15  SNR=0.930
  44. proxy_rank= 132  sky_w=0.54  f=4.12e-09 Hz  Mc=1.38e+10 Msun  h0=1.86e-15  SNR=0.926
  45. proxy_rank=  58  sky_w=1.36  f=4.61e-09 Hz  Mc=1.25e+10 Msun  h0=1.50e-15  SNR=0.913
  46. proxy_rank=   5  sky_w=1.62  f=2.15e-09 Hz  Mc=1.73e+10 Msun  h0=2.05e-15  SNR=0.884
  47. proxy_rank=  66  sky_w=1.46  f=3.37e-09 Hz  Mc=8.05e+09 Msun  h0=9.22e-16  SNR=0.870
  48. proxy_rank=   2  sky_w=1.46  f=2.18e-09 Hz  Mc=1.97e+10 Msun  h0=3.62e-15  SNR=0.866
  49. proxy_rank= 111  sky_w=1.40  f=3.60e-09 Hz  Mc=9.39e+09 Msun  h0=7.20e-16  SNR=0.785
  50. proxy_rank=  74  sky_w=1.13  f=3.32e-09 Hz  Mc=1.12e+10 Msun  h0=1.08e-15  SNR=0.779
💾 Saved: data/2026-04-29/realistic_run_141/consistent_population_realistic_targetSNR4.25_sims1.json
💾 Saved compressed pickle: data/2026-04-29/realistic_run_141/consistent_population_realistic_targetSNR4.25_sims1.pkl.gz
Saved to figures/cgw_analysis_realistic.pdf

======================================================================
ANALYSIS COMPLETE
Results saved to: data/2026-04-29/realistic_run_141
======================================================================

==========================================
Job finished at: Wed Apr 29 13:43:05 AEST 2026
Exit code: 0
==========================================

+------------------ Job Report: 11736941 (COMPLETED) ------------------+
| Memory (RAM)  [################### ] 99.6% (31.9 GB peak / 32 GB)    |
| CPU           [###############     ] 78.7% average                   |
| Time          [------------>       ] 62.8% (0-00:50:15 / 0-01:20:00) |
|                                                                      |
| Lustre Filesystem:                                                   |
|   Path    Total Read    Total Write    Total IOPS                    |
|   ------  ------------  -------------  ------------                  |
|   /apps   0 B           0 B            5                             |
|   /fred   260 KB        6.4 MB         35                            |
|   /home   22.2 MB       0 B            2.2 K                         |
|   OS      0 B           0 B            2                             |
|                                                                      |
| Warnings:                                                            |
|   - Too much time requested                                          |
+----------------------------------------------------------------------+
