==========================================
Job ID: 11711228
Job Name: smbhb_pessimistic
Node: dave311
Start Time: Tue Apr 28 12:08:11 AEST 2026
==========================================

/home/bhoulden/.conda/envs/smbhb312/share/tempo2
Working directory: /fred/oz005/users/bhoulden/SMBHB_population_injections

Loaded modules:

Starting SMBHB analysis...
==========================================

📁 Save directory: data/2026-04-28/pessimistic_run_8
📝 Run name: pessimistic_run_8

[MEM] Start: 244.5 MB

📡 Loading pulsars...
======================================================================
LOADING NANOGRAV PULSARS (libstempo)
======================================================================

📦 Loading from cache: nanograv_pulsars_cache.pkl
⚠ Cache load failed: Ran out of input
[DEBUG] Found 76 .par files
[tempo2Util.C:396] Warning: [MISC1] Unknown parameter in par file:  DMDATA
[tempo2Util.C:401] Warning: [DUP1] duplicated warnings have been suppressed.

WARNING: Using tempo RNAMP parameter: setting TNRedC to 100!
[observatory.C:271] Warning: Assuming site 'arecibo' means 'ao'
✓ Loaded B1855+09 (7758 TOAs)

WARNING: Using tempo RNAMP parameter: setting TNRedC to 100!
✓ Loaded B1937+21 (23023 TOAs)

WARNING: Using tempo RNAMP parameter: setting TNRedC to 100!
✓ Loaded B1937+21ao (7241 TOAs)

WARNING: Using tempo RNAMP parameter: setting TNRedC to 100!
✓ Loaded B1937+21gbt (16048 TOAs)

WARNING: Using tempo RNAMP parameter: setting TNRedC to 100!
✓ Loaded B1953+29 (5126 TOAs)
✓ Loaded J0023+0923 (15896 TOAs)

WARNING: Using tempo RNAMP parameter: setting TNRedC to 100!
✓ Loaded J0030+0451 (19571 TOAs)
✓ Loaded J0340+4130 (11093 TOAs)
✓ Loaded J0406+3039 (2446 TOAs)

WARNING: Using tempo RNAMP parameter: setting TNRedC to 100!
✓ Loaded J0437-4715 (5830 TOAs)
✓ Loaded J0509+0856 (2169 TOAs)
✓ Loaded J0557+1551 (525 TOAs)
✓ Loaded J0605+3757 (554 TOAs)

WARNING: Using tempo RNAMP parameter: setting TNRedC to 100!
✓ Loaded J0610-2100 (4885 TOAs)

WARNING: Using tempo RNAMP parameter: setting TNRedC to 100!
✓ Loaded J0613-0200 (17124 TOAs)
✓ Loaded J0614-3329 (1714 TOAs)
✓ Loaded J0636+5128 (32222 TOAs)
✓ Loaded J0645+5158 (10403 TOAs)
✓ Loaded J0709+0458 (3030 TOAs)
✓ Loaded J0740+6620 (13401 TOAs)
✓ Loaded J0931-1902 (5473 TOAs)

WARNING: Using tempo RNAMP parameter: setting TNRedC to 100!
✓ Loaded J1012+5307 (25837 TOAs)
✓ Loaded J1012-4235 (797 TOAs)
✓ Loaded J1022+1001 (3978 TOAs)
✓ Loaded J1024-0719 (12635 TOAs)
✓ Loaded J1125+7819 (8723 TOAs)
✓ Loaded J1312+0051 (1705 TOAs)
✓ Loaded J1453+1902 (2551 TOAs)
✓ Loaded J1455-3330 (10818 TOAs)

WARNING: Using tempo RNAMP parameter: setting TNRedC to 100!
✓ Loaded J1600-3053 (22955 TOAs)

WARNING: Using tempo RNAMP parameter: setting TNRedC to 100!
✓ Loaded J1600-3053gbt (19725 TOAs)

WARNING: Using tempo RNAMP parameter: setting TNRedC to 100!
✓ Loaded J1614-2230 (18445 TOAs)
✓ Loaded J1630+3734 (1815 TOAs)
✓ Loaded J1640+2224 (14066 TOAs)

WARNING: Using tempo RNAMP parameter: setting TNRedC to 100!
✓ Loaded J1643-1224 (22144 TOAs)

WARNING: Using tempo RNAMP parameter: setting TNRedC to 100!
✓ Loaded J1643-1224gbt (17932 TOAs)

WARNING: Using tempo RNAMP parameter: setting TNRedC to 100!
✓ Loaded J1705-1903 (9871 TOAs)

WARNING: Using tempo RNAMP parameter: setting TNRedC to 100!
✓ Loaded J1713+0747 (59389 TOAs)

WARNING: Using tempo RNAMP parameter: setting TNRedC to 100!
✓ Loaded J1713+0747ao (21362 TOAs)

WARNING: Using tempo RNAMP parameter: setting TNRedC to 100!
✓ Loaded J1713+0747gbt (32963 TOAs)
✓ Loaded J1719-1438 (6356 TOAs)
✓ Loaded J1730-2304 (4870 TOAs)
✓ Loaded J1738+0333 (8790 TOAs)
✓ Loaded J1741+1351 (5582 TOAs)

WARNING: Using tempo RNAMP parameter: setting TNRedC to 100!
✓ Loaded J1744-1134 (17745 TOAs)

WARNING: Using tempo RNAMP parameter: setting TNRedC to 100!
✓ Loaded J1745+1017 (3017 TOAs)

WARNING: Using tempo RNAMP parameter: setting TNRedC to 100!
✓ Loaded J1747-4036 (11055 TOAs)
✓ Loaded J1751-2857 (2025 TOAs)

WARNING: Using tempo RNAMP parameter: setting TNRedC to 100!
✓ Loaded J1802-2124 (6796 TOAs)
✓ Loaded J1811-2405 (5266 TOAs)
✓ Loaded J1832-0836 (7739 TOAs)
✓ Loaded J1843-1113 (4595 TOAs)

WARNING: Using tempo RNAMP parameter: setting TNRedC to 100!
✓ Loaded J1853+1303 (4570 TOAs)

WARNING: Using tempo RNAMP parameter: setting TNRedC to 100!
✓ Loaded J1903+0327 (6856 TOAs)

WARNING: Using tempo RNAMP parameter: setting TNRedC to 100!
✓ Loaded J1903+0327ao (6423 TOAs)

WARNING: Using tempo RNAMP parameter: setting TNRedC to 100!
✓ Loaded J1909-3744 (35037 TOAs)

WARNING: Using tempo RNAMP parameter: setting TNRedC to 100!
✓ Loaded J1909-3744gbt (31526 TOAs)
✓ Loaded J1910+1256 (6486 TOAs)
✓ Loaded J1911+1347 (3786 TOAs)
✓ Loaded J1918-0642 (18875 TOAs)
✓ Loaded J1923+2515 (3974 TOAs)
✓ Loaded J1944+0907 (5328 TOAs)

WARNING: Using tempo RNAMP parameter: setting TNRedC to 100!
✓ Loaded J1946+3417 (4743 TOAs)
✓ Loaded J2010-1323 (17077 TOAs)
✓ Loaded J2017+0603 (3512 TOAs)
✓ Loaded J2033+1734 (3847 TOAs)
✓ Loaded J2043+1711 (7397 TOAs)
✓ Loaded J2124-3358 (4982 TOAs)

WARNING: Using tempo RNAMP parameter: setting TNRedC to 100!
✓ Loaded J2145-0750 (18675 TOAs)
✓ Loaded J2214+3000 (7406 TOAs)
✓ Loaded J2229+2643 (3711 TOAs)

WARNING: Using tempo RNAMP parameter: setting TNRedC to 100!
✓ Loaded J2234+0611 (3566 TOAs)
✓ Loaded J2234+0944 (7535 TOAs)
✓ Loaded J2302+4442 (10211 TOAs)
✓ Loaded J2317+1439 (13927 TOAs)
✓ Loaded J2322+2057 (3088 TOAs)
⚠ Could not save cache: no default __reduce__ due to non-trivial __cinit__

✓ Loaded 76 pulsars
✗ Failed: 0 — []
[MEM] After loading pulsars: 8878.8 MB

🔍 Filtering pulsars...

Filtered: 76 → 67 pulsars
[MEM] After filtering pulsars: 8879.8 MB
[MEM] After garbage collection: 8879.8 MB

======================================================================
SMBHB POPULATION ANALYSIS
======================================================================

Configuration: pessimistic
  Lower mass, lower spread in distance, large population
  N_binaries: 10000000

======================================================================
CONSISTENT POPULATION SYNTHESIS
======================================================================

======================================================================
GENERATING SNR-CONSISTENT POPULATIONS
======================================================================
Target SNR:          4.0
Simulations:         1
======================================================================


──────────────────────────────────────────────────────────────────────
SIMULATION 1/1
──────────────────────────────────────────────────────────────────────
  [B1855+09] zeroing residuals...
  [B1855+09] adding red noise...
  [B1855+09] white noise for L-wide_PUPPI (5005 TOAs)...
  [B1855+09] white noise for 430_PUPPI (1185 TOAs)...
  [B1855+09] white noise for L-wide_ASP (1178 TOAs)...
  [B1855+09] white noise for 430_ASP (390 TOAs)...
  [B1937+21] zeroing residuals...
  [B1937+21] adding red noise...
  [B1937+21] white noise for S-wide_PUPPI (2251 TOAs)...
  [B1937+21] white noise for Rcvr1_2_GASP (1069 TOAs)...
  [B1937+21] white noise for Rcvr_800_GUPPI (7140 TOAs)...
  [B1937+21] white noise for S-wide_ASP (344 TOAs)...
  [B1937+21] white noise for L-wide_ASP (452 TOAs)...
  [B1937+21] white noise for L-wide_PUPPI (4133 TOAs)...
  [B1937+21] white noise for Rcvr_800_GASP (586 TOAs)...
  [B1937+21] white noise for Rcvr1_2_GUPPI (7048 TOAs)...
  [B1953+29] zeroing residuals...
  [B1953+29] adding red noise...
  [B1953+29] white noise for 430_PUPPI (941 TOAs)...
  [B1953+29] white noise for S-wide_ASP (25 TOAs)...
  [B1953+29] white noise for L-wide_ASP (94 TOAs)...
  [B1953+29] white noise for 430_ASP (29 TOAs)...
  [B1953+29] white noise for L-wide_PUPPI (4037 TOAs)...
  [J0023+0923] zeroing residuals...
  [J0023+0923] adding red noise...
  [J0023+0923] white noise for L-wide_PUPPI (11123 TOAs)...
  [J0023+0923] white noise for 430_PUPPI (4564 TOAs)...
  [J0023+0923] white noise for L-wide_ASP (119 TOAs)...
  [J0023+0923] white noise for 430_ASP (90 TOAs)...
  [J0030+0451] zeroing residuals...
  [J0030+0451] adding red noise...
  [J0030+0451] white noise for S-wide_PUPPI (2673 TOAs)...
  [J0030+0451] white noise for 430_PUPPI (3068 TOAs)...
  [J0030+0451] white noise for L-wide_ASP (789 TOAs)...
  [J0030+0451] white noise for 430_ASP (267 TOAs)...
  [J0030+0451] white noise for L-wide_PUPPI (12774 TOAs)...
  [J0340+4130] zeroing residuals...
  [J0340+4130] adding red noise...
  [J0340+4130] white noise for Rcvr_800_GUPPI (6056 TOAs)...
  [J0340+4130] white noise for Rcvr1_2_GUPPI (5037 TOAs)...
  [J0406+3039] zeroing residuals...
  [J0406+3039] adding red noise...
  [J0406+3039] white noise for L-wide_PUPPI (1871 TOAs)...
  [J0406+3039] white noise for S-wide_PUPPI (575 TOAs)...
  [J0437-4715] zeroing residuals...
  [J0437-4715] adding red noise...
  [J0437-4715] white noise for 1.5GHz_YUPPI (2134 TOAs)...
  [J0437-4715] white noise for 3GHz_YUPPI (3696 TOAs)...
  [J0509+0856] zeroing residuals...
  [J0509+0856] adding red noise...
  [J0509+0856] white noise for L-wide_PUPPI (1625 TOAs)...
  [J0509+0856] white noise for S-wide_PUPPI (544 TOAs)...
  [J0557+1551] zeroing residuals...
  [J0557+1551] adding red noise...
  [J0557+1551] white noise for L-wide_PUPPI (467 TOAs)...
  [J0557+1551] white noise for S-wide_PUPPI (58 TOAs)...
  [J0605+3757] zeroing residuals...
  [J0605+3757] adding red noise...
  [J0605+3757] white noise for Rcvr_800_GUPPI (236 TOAs)...
  [J0605+3757] white noise for Rcvr1_2_GUPPI (318 TOAs)...
  [J0610-2100] zeroing residuals...
  [J0610-2100] adding red noise...
  [J0610-2100] white noise for Rcvr_800_GUPPI (2484 TOAs)...
  [J0610-2100] white noise for Rcvr1_2_GUPPI (2401 TOAs)...
  [J0613-0200] zeroing residuals...
  [J0613-0200] adding red noise...
  [J0613-0200] white noise for Rcvr1_2_GASP (992 TOAs)...
  [J0613-0200] white noise for Rcvr_800_GUPPI (7900 TOAs)...
  [J0613-0200] white noise for Rcvr_800_GASP (809 TOAs)...
  [J0613-0200] white noise for Rcvr1_2_GUPPI (7423 TOAs)...
  [J0636+5128] zeroing residuals...
  [J0636+5128] adding red noise...
  [J0636+5128] white noise for Rcvr_800_GUPPI (17419 TOAs)...
  [J0636+5128] white noise for Rcvr1_2_GUPPI (14803 TOAs)...
  [J0645+5158] zeroing residuals...
  [J0645+5158] adding red noise...
  [J0645+5158] white noise for Rcvr_800_GUPPI (4682 TOAs)...
  [J0645+5158] white noise for Rcvr1_2_GUPPI (5721 TOAs)...
  [J0709+0458] zeroing residuals...
  [J0709+0458] adding red noise...
  [J0709+0458] white noise for L-wide_PUPPI (2435 TOAs)...
  [J0709+0458] white noise for S-wide_PUPPI (595 TOAs)...
  [J0740+6620] zeroing residuals...
  [J0740+6620] adding red noise...
  [J0740+6620] white noise for Rcvr_800_GUPPI (5136 TOAs)...
  [J0740+6620] white noise for Rcvr1_2_GUPPI (8265 TOAs)...
  [J0931-1902] zeroing residuals...
  [J0931-1902] adding red noise...
  [J0931-1902] white noise for Rcvr_800_GUPPI (3419 TOAs)...
  [J0931-1902] white noise for Rcvr1_2_GUPPI (2054 TOAs)...
  [J1012+5307] zeroing residuals...
  [J1012+5307] adding red noise...
  [J1012+5307] white noise for Rcvr1_2_GASP (1479 TOAs)...
  [J1012+5307] white noise for Rcvr_800_GUPPI (10299 TOAs)...
  [J1012+5307] white noise for Rcvr_800_GASP (1210 TOAs)...
  [J1012+5307] white noise for Rcvr1_2_GUPPI (12849 TOAs)...
  [J1012-4235] zeroing residuals...
  [J1012-4235] adding red noise...
  [J1012-4235] white noise for Rcvr_800_GUPPI (342 TOAs)...
  [J1012-4235] white noise for Rcvr1_2_GUPPI (455 TOAs)...
  [J1022+1001] zeroing residuals...
  [J1022+1001] adding red noise...
  [J1022+1001] white noise for L-wide_PUPPI (2592 TOAs)...
  [J1022+1001] white noise for 430_PUPPI (232 TOAs)...
  [J1022+1001] white noise for S-wide_PUPPI (1154 TOAs)...
  [J1024-0719] zeroing residuals...
  [J1024-0719] adding red noise...
  [J1024-0719] white noise for Rcvr1_2_GASP (43 TOAs)...
  [J1024-0719] white noise for Rcvr_800_GUPPI (5455 TOAs)...
  [J1024-0719] white noise for Rcvr_800_GASP (51 TOAs)...
  [J1024-0719] white noise for Rcvr1_2_GUPPI (7086 TOAs)...
  [J1125+7819] zeroing residuals...
  [J1125+7819] adding red noise...
  [J1125+7819] white noise for Rcvr_800_GUPPI (4707 TOAs)...
  [J1125+7819] white noise for Rcvr1_2_GUPPI (4016 TOAs)...
  [J1312+0051] zeroing residuals...
  [J1312+0051] adding red noise...
  [J1312+0051] white noise for L-wide_PUPPI (1289 TOAs)...
  [J1312+0051] white noise for S-wide_PUPPI (416 TOAs)...
  [J1453+1902] zeroing residuals...
  [J1453+1902] adding red noise...
  [J1453+1902] white noise for L-wide_PUPPI (2122 TOAs)...
  [J1453+1902] white noise for 430_PUPPI (425 TOAs)...
  [J1453+1902] white noise for S-wide_PUPPI (4 TOAs)...
  [J1455-3330] zeroing residuals...
  [J1455-3330] adding red noise...
  [J1455-3330] white noise for Rcvr1_2_GASP (564 TOAs)...
  [J1455-3330] white noise for Rcvr_800_GUPPI (4843 TOAs)...
  [J1455-3330] white noise for Rcvr_800_GASP (479 TOAs)...
  [J1455-3330] white noise for Rcvr1_2_GUPPI (4932 TOAs)...
  [J1600-3053] zeroing residuals...
  [J1600-3053] adding red noise...
  [J1600-3053] white noise for Rcvr1_2_GASP (457 TOAs)...
  [J1600-3053] white noise for Rcvr1_2_GUPPI (10168 TOAs)...
  [J1600-3053] white noise for 3GHz_YUPPI (3237 TOAs)...
  [J1600-3053] white noise for Rcvr_800_GASP (297 TOAs)...
  [J1600-3053] white noise for Rcvr_800_GUPPI (8796 TOAs)...
  [J1614-2230] zeroing residuals...
  [J1614-2230] adding red noise...
  [J1614-2230] white noise for Rcvr1_2_GASP (84 TOAs)...
  [J1614-2230] white noise for Rcvr_800_GUPPI (7768 TOAs)...
  [J1614-2230] white noise for Rcvr_800_GASP (84 TOAs)...
  [J1614-2230] white noise for Rcvr1_2_GUPPI (10509 TOAs)...
  [J1630+3734] zeroing residuals...
  [J1630+3734] adding red noise...
  [J1630+3734] white noise for Rcvr_800_GUPPI (906 TOAs)...
  [J1630+3734] white noise for Rcvr1_2_GUPPI (909 TOAs)...
  [J1640+2224] zeroing residuals...
  [J1640+2224] adding red noise...
  [J1640+2224] white noise for L-wide_PUPPI (9847 TOAs)...
  [J1640+2224] white noise for 430_PUPPI (3157 TOAs)...
  [J1640+2224] white noise for L-wide_ASP (722 TOAs)...
  [J1640+2224] white noise for 430_ASP (340 TOAs)...
  [J1643-1224] zeroing residuals...
  [J1643-1224] adding red noise...
  [J1643-1224] white noise for Rcvr1_2_GASP (833 TOAs)...
  [J1643-1224] white noise for Rcvr1_2_GUPPI (8803 TOAs)...
  [J1643-1224] white noise for 3GHz_YUPPI (4215 TOAs)...
  [J1643-1224] white noise for Rcvr_800_GASP (559 TOAs)...
  [J1643-1224] white noise for Rcvr_800_GUPPI (7734 TOAs)...
  [J1705-1903] zeroing residuals...
  [J1705-1903] adding red noise...
  [J1705-1903] white noise for Rcvr_800_GUPPI (3521 TOAs)...
  [J1705-1903] white noise for Rcvr1_2_GUPPI (6350 TOAs)...
  [J1713+0747] zeroing residuals...
  [J1713+0747] adding red noise...
  [J1713+0747] white noise for S-wide_PUPPI (7482 TOAs)...
  [J1713+0747] white noise for Rcvr1_2_GASP (1109 TOAs)...
  [J1713+0747] white noise for Rcvr_800_GUPPI (8479 TOAs)...
  [J1713+0747] white noise for S-wide_ASP (624 TOAs)...
  [J1713+0747] white noise for L-wide_ASP (843 TOAs)...
  [J1713+0747] white noise for 3GHz_YUPPI (3282 TOAs)...
  [J1713+0747] white noise for L-wide_PUPPI (12743 TOAs)...
  [J1713+0747] white noise for Rcvr_800_GASP (1032 TOAs)...
  [J1713+0747] white noise for 1.5GHz_YUPPI (1461 TOAs)...
  [J1713+0747] white noise for Rcvr1_2_GUPPI (22334 TOAs)...
  [J1719-1438] zeroing residuals...
  [J1719-1438] adding red noise...
  [J1719-1438] white noise for Rcvr_800_GUPPI (3634 TOAs)...
  [J1719-1438] white noise for Rcvr1_2_GUPPI (2722 TOAs)...
  [J1730-2304] zeroing residuals...
  [J1730-2304] adding red noise...
  [J1730-2304] white noise for Rcvr_800_GUPPI (2503 TOAs)...
  [J1730-2304] white noise for Rcvr1_2_GUPPI (2367 TOAs)...
  [J1738+0333] zeroing residuals...
  [J1738+0333] adding red noise...
  [J1738+0333] white noise for L-wide_PUPPI (6718 TOAs)...
  [J1738+0333] white noise for L-wide_ASP (201 TOAs)...
  [J1738+0333] white noise for S-wide_ASP (134 TOAs)...
  [J1738+0333] white noise for S-wide_PUPPI (1737 TOAs)...
  [J1741+1351] zeroing residuals...
  [J1741+1351] adding red noise...
  [J1741+1351] white noise for 430_PUPPI (1159 TOAs)...
  [J1741+1351] white noise for S-wide_ASP (115 TOAs)...
  [J1741+1351] white noise for L-wide_ASP (236 TOAs)...
  [J1741+1351] white noise for 430_ASP (27 TOAs)...
  [J1741+1351] white noise for L-wide_PUPPI (4045 TOAs)...
  [J1744-1134] zeroing residuals...
  [J1744-1134] adding red noise...
  [J1744-1134] white noise for Rcvr1_2_GASP (807 TOAs)...
  [J1744-1134] white noise for Rcvr_800_GUPPI (7899 TOAs)...
  [J1744-1134] white noise for Rcvr_800_GASP (930 TOAs)...
  [J1744-1134] white noise for Rcvr1_2_GUPPI (8109 TOAs)...
  [J1745+1017] zeroing residuals...
  [J1745+1017] adding red noise...
  [J1745+1017] white noise for L-wide_PUPPI (2179 TOAs)...
  [J1745+1017] white noise for S-wide_PUPPI (838 TOAs)...
  [J1747-4036] zeroing residuals...
  [J1747-4036] adding red noise...
  [J1747-4036] white noise for Rcvr_800_GUPPI (5816 TOAs)...
  [J1747-4036] white noise for Rcvr1_2_GUPPI (5239 TOAs)...
  [J1751-2857] zeroing residuals...
  [J1751-2857] adding red noise...
  [J1751-2857] white noise for Rcvr_800_GUPPI (239 TOAs)...
  [J1751-2857] white noise for Rcvr1_2_GUPPI (1786 TOAs)...
  [J1802-2124] zeroing residuals...
  [J1802-2124] adding red noise...
  [J1802-2124] white noise for Rcvr_800_GUPPI (3565 TOAs)...
  [J1802-2124] white noise for Rcvr1_2_GUPPI (3231 TOAs)...
  [J1811-2405] zeroing residuals...
  [J1811-2405] adding red noise...
  [J1811-2405] white noise for Rcvr_800_GUPPI (2628 TOAs)...
  [J1811-2405] white noise for Rcvr1_2_GUPPI (2638 TOAs)...
  [J1832-0836] zeroing residuals...
  [J1832-0836] adding red noise...
  [J1832-0836] white noise for Rcvr_800_GUPPI (3078 TOAs)...
  [J1832-0836] white noise for Rcvr1_2_GUPPI (4661 TOAs)...
  [J1843-1113] zeroing residuals...
  [J1843-1113] adding red noise...
  [J1843-1113] white noise for Rcvr_800_GUPPI (2201 TOAs)...
  [J1843-1113] white noise for Rcvr1_2_GUPPI (2394 TOAs)...
  [J1853+1303] zeroing residuals...
  [J1853+1303] adding red noise...
  [J1853+1303] white noise for L-wide_PUPPI (3362 TOAs)...
  [J1853+1303] white noise for 430_PUPPI (1151 TOAs)...
  [J1853+1303] white noise for L-wide_ASP (33 TOAs)...
  [J1853+1303] white noise for 430_ASP (24 TOAs)...
  [J1903+0327] zeroing residuals...
  [J1903+0327] adding red noise...
  [J1903+0327] white noise for S-wide_PUPPI (2282 TOAs)...
  [J1903+0327] white noise for S-wide_ASP (151 TOAs)...
  [J1903+0327] white noise for L-wide_ASP (139 TOAs)...
  [J1903+0327] white noise for 3GHz_YUPPI (439 TOAs)...
  [J1903+0327] white noise for L-wide_PUPPI (3845 TOAs)...
  [J1909-3744] zeroing residuals...
  [J1909-3744] adding red noise...
  [J1909-3744] white noise for Rcvr1_2_GASP (808 TOAs)...
  [J1909-3744] white noise for Rcvr1_2_GUPPI (20439 TOAs)...
  [J1909-3744] white noise for 3GHz_YUPPI (3525 TOAs)...
  [J1909-3744] white noise for Rcvr_800_GASP (866 TOAs)...
  [J1909-3744] white noise for Rcvr_800_GUPPI (9399 TOAs)...
  [J1910+1256] zeroing residuals...
  [J1910+1256] adding red noise...
  [J1910+1256] white noise for L-wide_PUPPI (4124 TOAs)...
  [J1910+1256] white noise for L-wide_ASP (297 TOAs)...
  [J1910+1256] white noise for S-wide_ASP (208 TOAs)...
  [J1910+1256] white noise for S-wide_PUPPI (1857 TOAs)...
  [J1911+1347] zeroing residuals...
  [J1911+1347] adding red noise...
  [J1911+1347] white noise for L-wide_PUPPI (3033 TOAs)...
  [J1911+1347] white noise for 430_PUPPI (753 TOAs)...
  [J1918-0642] zeroing residuals...
  [J1918-0642] adding red noise...
  [J1918-0642] white noise for Rcvr1_2_GASP (778 TOAs)...
  [J1918-0642] white noise for Rcvr_800_GUPPI (8352 TOAs)...
  [J1918-0642] white noise for Rcvr_800_GASP (835 TOAs)...
  [J1918-0642] white noise for Rcvr1_2_GUPPI (8910 TOAs)...
  [J1923+2515] zeroing residuals...
  [J1923+2515] adding red noise...
  [J1923+2515] white noise for L-wide_PUPPI (3028 TOAs)...
  [J1923+2515] white noise for 430_PUPPI (922 TOAs)...
  [J1923+2515] white noise for L-wide_ASP (14 TOAs)...
  [J1923+2515] white noise for 430_ASP (10 TOAs)...
  [J1944+0907] zeroing residuals...
  [J1944+0907] adding red noise...
  [J1944+0907] white noise for 430_PUPPI (1017 TOAs)...
  [J1944+0907] white noise for S-wide_ASP (116 TOAs)...
  [J1944+0907] white noise for L-wide_ASP (257 TOAs)...
  [J1944+0907] white noise for 430_ASP (38 TOAs)...
  [J1944+0907] white noise for L-wide_PUPPI (3900 TOAs)...
  [J1946+3417] zeroing residuals...
  [J1946+3417] adding red noise...
  [J1946+3417] white noise for L-wide_PUPPI (3197 TOAs)...
  [J1946+3417] white noise for S-wide_PUPPI (1546 TOAs)...
  [J2010-1323] zeroing residuals...
  [J2010-1323] adding red noise...
  [J2010-1323] white noise for Rcvr1_2_GASP (70 TOAs)...
  [J2010-1323] white noise for Rcvr_800_GUPPI (9158 TOAs)...
  [J2010-1323] white noise for Rcvr_800_GASP (70 TOAs)...
  [J2010-1323] white noise for Rcvr1_2_GUPPI (7779 TOAs)...
  [J2017+0603] zeroing residuals...
  [J2017+0603] adding red noise...
  [J2017+0603] white noise for L-wide_PUPPI (2569 TOAs)...
  [J2017+0603] white noise for 430_PUPPI (78 TOAs)...
  [J2017+0603] white noise for L-wide_ASP (16 TOAs)...
  [J2017+0603] white noise for S-wide_PUPPI (849 TOAs)...
  [J2033+1734] zeroing residuals...
  [J2033+1734] adding red noise...
  [J2033+1734] white noise for L-wide_PUPPI (3050 TOAs)...
  [J2033+1734] white noise for 430_PUPPI (797 TOAs)...
  [J2043+1711] zeroing residuals...
  [J2043+1711] adding red noise...
  [J2043+1711] white noise for L-wide_PUPPI (4419 TOAs)...
  [J2043+1711] white noise for 430_PUPPI (2908 TOAs)...
  [J2043+1711] white noise for L-wide_ASP (40 TOAs)...
  [J2043+1711] white noise for 430_ASP (30 TOAs)...
  [J2124-3358] zeroing residuals...
  [J2124-3358] adding red noise...
  [J2124-3358] white noise for Rcvr_800_GUPPI (2025 TOAs)...
  [J2124-3358] white noise for Rcvr1_2_GUPPI (2957 TOAs)...
  [J2145-0750] zeroing residuals...
  [J2145-0750] adding red noise...
  [J2145-0750] white noise for Rcvr1_2_GASP (427 TOAs)...
  [J2145-0750] white noise for Rcvr_800_GUPPI (8728 TOAs)...
  [J2145-0750] white noise for Rcvr_800_GASP (362 TOAs)...
  [J2145-0750] white noise for Rcvr1_2_GUPPI (9158 TOAs)...
  [J2214+3000] zeroing residuals...
  [J2214+3000] adding red noise...
  [J2214+3000] white noise for L-wide_PUPPI (5829 TOAs)...
  [J2214+3000] white noise for L-wide_ASP (9 TOAs)...
  [J2214+3000] white noise for S-wide_PUPPI (1568 TOAs)...
  [J2229+2643] zeroing residuals...
  [J2229+2643] adding red noise...
  [J2229+2643] white noise for L-wide_PUPPI (2755 TOAs)...
  [J2229+2643] white noise for 430_PUPPI (956 TOAs)...
  [J2234+0611] zeroing residuals...
  [J2234+0611] adding red noise...
  [J2234+0611] white noise for L-wide_PUPPI (2913 TOAs)...
  [J2234+0611] white noise for 430_PUPPI (653 TOAs)...
  [J2234+0944] zeroing residuals...
  [J2234+0944] adding red noise...
  [J2234+0944] white noise for L-wide_PUPPI (5003 TOAs)...
  [J2234+0944] white noise for S-wide_PUPPI (2532 TOAs)...
  [J2302+4442] zeroing residuals...
  [J2302+4442] adding red noise...
  [J2302+4442] white noise for Rcvr_800_GUPPI (6432 TOAs)...
  [J2302+4442] white noise for Rcvr1_2_GUPPI (3779 TOAs)...
  [J2317+1439] zeroing residuals...
  [J2317+1439] adding red noise...
  [J2317+1439] white noise for 430_PUPPI (3217 TOAs)...
  [J2317+1439] white noise for 430_ASP (458 TOAs)...
  [J2317+1439] white noise for 327_PUPPI (276 TOAs)...
  [J2317+1439] white noise for 327_ASP (413 TOAs)...
  [J2317+1439] white noise for L-wide_PUPPI (9563 TOAs)...
  [J2322+2057] zeroing residuals...
  [J2322+2057] adding red noise...
  [J2322+2057] white noise for L-wide_PUPPI (2196 TOAs)...
  [J2322+2057] white noise for 430_PUPPI (752 TOAs)...
  [J2322+2057] white noise for S-wide_PUPPI (140 TOAs)...
Resetting pulsars to clean stoas...
Restore: 0.00 s
Inject: 0.00 s
Snapshotting into enterprise Pulsar objects...
Building PTA...
PTA build: 437.19 s
Computing optimal statistic...
OS time: 49.70 s
Total: 486.89 s
Noise-only SNR baseline: -0.8443

Generating SNR-consistent population...
Target SNR: 4.0
Resetting pulsars to clean stoas...
Restore: 0.01 s
Injecting population...
  B1855+09: RMS = 1045.569 ns
  B1937+21: RMS = 1199.471 ns
  B1953+29: RMS = 1295.377 ns
  J0023+0923: RMS = 773.446 ns
  J0030+0451: RMS = 971.265 ns
  J0340+4130: RMS = 443.645 ns
  J0406+3039: RMS = 1952.383 ns
  J0437-4715: RMS = 2768.109 ns
  J0509+0856: RMS = 922.135 ns
  J0557+1551: RMS = 428.468 ns
  J0605+3757: RMS = 198.117 ns
  J0610-2100: RMS = 239.876 ns
  J0613-0200: RMS = 1513.661 ns
  J0636+5128: RMS = 353.565 ns
  J0645+5158: RMS = 434.947 ns
  J0709+0458: RMS = 1501.108 ns
  J0740+6620: RMS = 859.231 ns
  J0931-1902: RMS = 1551.755 ns
  J1012+5307: RMS = 1387.574 ns
  J1012-4235: RMS = 1319.104 ns
  J1022+1001: RMS = 327.793 ns
  J1024-0719: RMS = 838.028 ns
  J1125+7819: RMS = 890.545 ns
  J1312+0051: RMS = 222.268 ns
  J1453+1902: RMS = 609.614 ns
  J1455-3330: RMS = 1639.873 ns
  J1600-3053: RMS = 2076.593 ns
  J1614-2230: RMS = 1663.556 ns
  J1630+3734: RMS = 1554.871 ns
  J1640+2224: RMS = 1123.538 ns
  J1643-1224: RMS = 1459.108 ns
  J1705-1903: RMS = 1648.052 ns
  J1713+0747: RMS = 1450.783 ns
  J1719-1438: RMS = 1294.161 ns
  J1730-2304: RMS = 1311.233 ns
  J1738+0333: RMS = 1514.957 ns
  J1741+1351: RMS = 1540.600 ns
  J1744-1134: RMS = 1622.157 ns
  J1745+1017: RMS = 377.720 ns
  J1747-4036: RMS = 725.257 ns
  J1751-2857: RMS = 901.180 ns
  J1802-2124: RMS = 934.762 ns
  J1811-2405: RMS = 575.816 ns
  J1832-0836: RMS = 2601.971 ns
  J1843-1113: RMS = 406.946 ns
  J1853+1303: RMS = 1345.877 ns
  J1903+0327: RMS = 1361.108 ns
  J1909-3744: RMS = 1441.514 ns
  J1910+1256: RMS = 1043.977 ns
  J1911+1347: RMS = 1612.838 ns
  J1918-0642: RMS = 1283.151 ns
  J1923+2515: RMS = 936.465 ns
  J1944+0907: RMS = 1481.925 ns
  J1946+3417: RMS = 921.368 ns
  J2010-1323: RMS = 1275.115 ns
  J2017+0603: RMS = 821.578 ns
  J2033+1734: RMS = 386.064 ns
  J2043+1711: RMS = 957.845 ns
  J2124-3358: RMS = 617.233 ns
  J2145-0750: RMS = 662.116 ns
  J2214+3000: RMS = 1352.809 ns
  J2229+2643: RMS = 3132.565 ns
  J2234+0611: RMS = 315.326 ns
  J2234+0944: RMS = 432.183 ns
  J2302+4442: RMS = 3160.557 ns
  J2317+1439: RMS = 1721.602 ns
  J2322+2057: RMS = 2717.077 ns
Inject: 201.29 s
Snapshotting into enterprise Pulsar objects...
Building PTA...
PTA build: 434.79 s
Computing optimal statistic...
OS time: 48.31 s
Total: 684.39 s
Initial SNR: 6.6903, Target SNR: 4.0000
  Initial SNR 6.6903 outside of provided SNR_range [3.5, 4.25] — rescaling.
Scaling distances by factor 1.2471 to achieve target SNR...
Resetting pulsars to clean stoas...
Restore: 0.00 s
Injecting population...
  B1855+09: RMS = 838.373 ns
  B1937+21: RMS = 961.777 ns
  B1953+29: RMS = 1038.678 ns
  J0023+0923: RMS = 620.176 ns
  J0030+0451: RMS = 778.794 ns
  J0340+4130: RMS = 355.730 ns
  J0406+3039: RMS = 1565.488 ns
  J0437-4715: RMS = 2219.565 ns
  J0509+0856: RMS = 739.400 ns
  J0557+1551: RMS = 343.560 ns
  J0605+3757: RMS = 158.857 ns
  J0610-2100: RMS = 192.341 ns
  J0613-0200: RMS = 1213.705 ns
  J0636+5128: RMS = 283.501 ns
  J0645+5158: RMS = 348.756 ns
  J0709+0458: RMS = 1203.640 ns
  J0740+6620: RMS = 688.961 ns
  J0931-1902: RMS = 1244.251 ns
  J1012+5307: RMS = 1112.605 ns
  J1012-4235: RMS = 1057.703 ns
  J1022+1001: RMS = 262.836 ns
  J1024-0719: RMS = 671.960 ns
  J1125+7819: RMS = 714.069 ns
  J1312+0051: RMS = 178.222 ns
  J1453+1902: RMS = 488.809 ns
  J1455-3330: RMS = 1314.907 ns
  J1600-3053: RMS = 1665.084 ns
  J1614-2230: RMS = 1333.896 ns
  J1630+3734: RMS = 1246.749 ns
  J1640+2224: RMS = 900.891 ns
  J1643-1224: RMS = 1169.963 ns
  J1705-1903: RMS = 1321.465 ns
  J1713+0747: RMS = 1163.288 ns
  J1719-1438: RMS = 1037.703 ns
  J1730-2304: RMS = 1051.392 ns
  J1738+0333: RMS = 1214.745 ns
  J1741+1351: RMS = 1235.306 ns
  J1744-1134: RMS = 1300.701 ns
  J1745+1017: RMS = 302.869 ns
  J1747-4036: RMS = 581.536 ns
  J1751-2857: RMS = 722.597 ns
  J1802-2124: RMS = 749.525 ns
  J1811-2405: RMS = 461.709 ns
  J1832-0836: RMS = 2086.350 ns
  J1843-1113: RMS = 326.303 ns
  J1853+1303: RMS = 1079.170 ns
  J1903+0327: RMS = 1091.383 ns
  J1909-3744: RMS = 1155.855 ns
  J1910+1256: RMS = 837.097 ns
  J1911+1347: RMS = 1293.229 ns
  J1918-0642: RMS = 1028.874 ns
  J1923+2515: RMS = 750.890 ns
  J1944+0907: RMS = 1188.258 ns
  J1946+3417: RMS = 738.785 ns
  J2010-1323: RMS = 1022.431 ns
  J2017+0603: RMS = 658.770 ns
  J2033+1734: RMS = 309.559 ns
  J2043+1711: RMS = 768.033 ns
  J2124-3358: RMS = 494.919 ns
  J2145-0750: RMS = 530.908 ns
  J2214+3000: RMS = 1084.729 ns
  J2229+2643: RMS = 2511.798 ns
  J2234+0611: RMS = 252.840 ns
  J2234+0944: RMS = 346.539 ns
  J2302+4442: RMS = 2534.243 ns
  J2317+1439: RMS = 1380.440 ns
  J2322+2057: RMS = 2178.646 ns
Inject: 232.20 s
Snapshotting into enterprise Pulsar objects...
Building PTA...
PTA build: 434.42 s
Computing optimal statistic...
OS time: 49.14 s
Total: 715.77 s
  ✓ SNR is within the provided SNR_range: 4.1220 ∈ [3.5, 4.25]

Final SNR history:
  it 0: cumulative_scale=1.0000×  SNR=6.6903
  it 1: cumulative_scale=1.2471×  SNR=4.1220
✓ Simulation 1 done (1440.6 s)

======================================================================
ENSEMBLE SUMMARY
======================================================================
Success rate: 100.0% (1/1)

Binaries per population:
  Mean ± std : 10000000 ± 0
  Range      : [10000000, 10000000]

SNR achieved:
  Mean ± std : 4.1220 ± 0.0000
  Range      : [4.1220, 4.1220]

Total time: 1966.3 s (32.8 min)
======================================================================

💾 Saved: data/2026-04-28/pessimistic_run_8/consistent_population_pessimistic_targetSNR4.25_sims1.json
💾 Saved compressed pickle: data/2026-04-28/pessimistic_run_8/consistent_population_pessimistic_targetSNR4.25_sims1.pkl.gz

======================================================================
CONTINUOUS WAVE SNR ANALYSIS
======================================================================

--- Population 1 ---
Precomputation of phiinvs, TNTs, Ts, Nvecs, Sigmas took 0.03 seconds.
Total SNR computation for population took 420.46 seconds.
Top 50 CGW candidates:
   1. proxy_rank= 195  sky_w=1.11  f=1.03e-08 Hz  Mc=3.46e+09 Msun  h0=2.37e-15  SNR=3.556
   2. proxy_rank=  44  sky_w=1.58  f=6.95e-09 Hz  Mc=1.18e+09 Msun  h0=1.75e-15  SNR=3.414
   3. proxy_rank= 159  sky_w=1.58  f=8.28e-09 Hz  Mc=5.25e+09 Msun  h0=1.42e-15  SNR=3.144
   4. proxy_rank= 155  sky_w=1.56  f=7.42e-09 Hz  Mc=4.88e+09 Msun  h0=1.29e-15  SNR=2.628
   5. proxy_rank=  80  sky_w=1.49  f=8.12e-09 Hz  Mc=4.49e+09 Msun  h0=1.84e-15  SNR=2.475
   6. proxy_rank=  11  sky_w=0.74  f=4.25e-09 Hz  Mc=3.51e+09 Msun  h0=3.47e-15  SNR=2.363
   7. proxy_rank= 960  sky_w=1.08  f=1.01e-08 Hz  Mc=3.48e+09 Msun  h0=1.41e-15  SNR=2.121
   8. proxy_rank=  51  sky_w=1.31  f=4.91e-09 Hz  Mc=1.53e+09 Msun  h0=1.40e-15  SNR=2.005
   9. proxy_rank=  31  sky_w=1.28  f=4.66e-09 Hz  Mc=3.81e+09 Msun  h0=1.62e-15  SNR=1.616
  10. proxy_rank= 588  sky_w=1.48  f=1.09e-08 Hz  Mc=3.26e+09 Msun  h0=1.32e-15  SNR=1.614
  11. proxy_rank= 287  sky_w=1.49  f=7.36e-09 Hz  Mc=3.13e+09 Msun  h0=1.10e-15  SNR=1.591
  12. proxy_rank= 298  sky_w=1.00  f=5.89e-09 Hz  Mc=1.08e+09 Msun  h0=1.30e-15  SNR=1.551
  13. proxy_rank= 700  sky_w=1.11  f=8.15e-09 Hz  Mc=5.08e+09 Msun  h0=1.24e-15  SNR=1.485
  14. proxy_rank= 895  sky_w=1.43  f=6.99e-09 Hz  Mc=2.22e+09 Msun  h0=7.51e-16  SNR=1.440
  15. proxy_rank= 991  sky_w=1.19  f=7.79e-09 Hz  Mc=3.34e+09 Msun  h0=9.76e-16  SNR=1.438
  16. proxy_rank=  84  sky_w=1.55  f=4.56e-09 Hz  Mc=5.90e+09 Msun  h0=9.78e-16  SNR=1.406
  17. proxy_rank= 302  sky_w=1.55  f=5.60e-09 Hz  Mc=4.63e+09 Msun  h0=7.93e-16  SNR=1.385
  18. proxy_rank= 501  sky_w=0.93  f=5.74e-09 Hz  Mc=5.35e+09 Msun  h0=1.16e-15  SNR=1.328
  19. proxy_rank= 903  sky_w=0.55  f=6.10e-09 Hz  Mc=2.67e+09 Msun  h0=1.71e-15  SNR=1.293
  20. proxy_rank=   6  sky_w=1.55  f=2.96e-09 Hz  Mc=1.65e+09 Msun  h0=1.26e-15  SNR=1.238
  21. proxy_rank= 831  sky_w=1.48  f=6.61e-09 Hz  Mc=2.20e+09 Msun  h0=7.01e-16  SNR=1.228
  22. proxy_rank=   2  sky_w=1.45  f=2.51e-09 Hz  Mc=1.40e+09 Msun  h0=2.43e-15  SNR=1.200
  23. proxy_rank= 595  sky_w=1.54  f=6.08e-09 Hz  Mc=3.76e+09 Msun  h0=7.01e-16  SNR=1.149
  24. proxy_rank= 995  sky_w=1.43  f=6.05e-09 Hz  Mc=3.98e+09 Msun  h0=6.29e-16  SNR=1.082
  25. proxy_rank= 838  sky_w=1.57  f=6.13e-09 Hz  Mc=3.43e+09 Msun  h0=6.13e-16  SNR=1.071
  26. proxy_rank= 522  sky_w=1.50  f=6.26e-09 Hz  Mc=3.24e+09 Msun  h0=7.72e-16  SNR=1.060
  27. proxy_rank=  37  sky_w=1.52  f=4.66e-09 Hz  Mc=6.77e+09 Msun  h0=1.26e-15  SNR=1.057
  28. proxy_rank= 212  sky_w=1.29  f=4.66e-09 Hz  Mc=5.52e+09 Msun  h0=9.07e-16  SNR=1.048
  29. proxy_rank= 453  sky_w=1.41  f=5.18e-09 Hz  Mc=1.67e+09 Msun  h0=7.04e-16  SNR=1.039
  30. proxy_rank=  43  sky_w=1.61  f=3.47e-09 Hz  Mc=3.49e+09 Msun  h0=8.55e-16  SNR=1.006
  31. proxy_rank= 232  sky_w=1.27  f=4.20e-09 Hz  Mc=5.46e+09 Msun  h0=8.06e-16  SNR=0.979
  32. proxy_rank= 206  sky_w=1.14  f=5.35e-09 Hz  Mc=3.03e+09 Msun  h0=1.18e-15  SNR=0.977
  33. proxy_rank= 309  sky_w=1.48  f=5.85e-09 Hz  Mc=2.24e+09 Msun  h0=8.65e-16  SNR=0.970
  34. proxy_rank= 851  sky_w=1.37  f=5.39e-09 Hz  Mc=2.85e+09 Msun  h0=6.14e-16  SNR=0.954
  35. proxy_rank= 244  sky_w=1.35  f=5.46e-09 Hz  Mc=5.48e+09 Msun  h0=9.72e-16  SNR=0.952
  36. proxy_rank= 555  sky_w=1.54  f=5.09e-09 Hz  Mc=1.51e+09 Msun  h0=5.98e-16  SNR=0.945
  37. proxy_rank= 544  sky_w=1.44  f=4.89e-09 Hz  Mc=2.00e+09 Msun  h0=6.19e-16  SNR=0.916
  38. proxy_rank=  32  sky_w=1.58  f=3.10e-09 Hz  Mc=5.14e+09 Msun  h0=8.74e-16  SNR=0.906
  39. proxy_rank= 199  sky_w=1.28  f=3.89e-09 Hz  Mc=3.21e+09 Msun  h0=7.72e-16  SNR=0.850
  40. proxy_rank=  15  sky_w=1.51  f=3.32e-09 Hz  Mc=5.82e+09 Msun  h0=1.19e-15  SNR=0.849
  41. proxy_rank= 646  sky_w=1.32  f=5.36e-09 Hz  Mc=3.91e+09 Msun  h0=6.98e-16  SNR=0.843
  42. proxy_rank= 989  sky_w=1.37  f=8.16e-09 Hz  Mc=8.48e+08 Msun  h0=8.87e-16  SNR=0.824
  43. proxy_rank= 520  sky_w=0.97  f=4.55e-09 Hz  Mc=5.35e+09 Msun  h0=8.68e-16  SNR=0.808
  44. proxy_rank= 761  sky_w=1.46  f=5.19e-09 Hz  Mc=2.67e+09 Msun  h0=5.73e-16  SNR=0.803
  45. proxy_rank=  70  sky_w=1.53  f=3.59e-09 Hz  Mc=4.22e+09 Msun  h0=8.30e-16  SNR=0.801
  46. proxy_rank= 752  sky_w=1.27  f=5.23e-09 Hz  Mc=4.26e+09 Msun  h0=6.67e-16  SNR=0.800
  47. proxy_rank=  17  sky_w=0.68  f=2.70e-09 Hz  Mc=3.78e+09 Msun  h0=2.11e-15  SNR=0.779
  48. proxy_rank=  86  sky_w=1.48  f=3.28e-09 Hz  Mc=4.93e+09 Msun  h0=7.30e-16  SNR=0.773
  49. proxy_rank= 177  sky_w=1.13  f=4.11e-09 Hz  Mc=4.30e+09 Msun  h0=9.49e-16  SNR=0.764
  50. proxy_rank= 811  sky_w=0.94  f=4.58e-09 Hz  Mc=2.42e+09 Msun  h0=7.73e-16  SNR=0.756
💾 Saved: data/2026-04-28/pessimistic_run_8/consistent_population_pessimistic_targetSNR4.25_sims1.json
💾 Saved compressed pickle: data/2026-04-28/pessimistic_run_8/consistent_population_pessimistic_targetSNR4.25_sims1.pkl.gz
Saved to figures/cgw_analysis_pessimistic.pdf

======================================================================
ANALYSIS COMPLETE
Results saved to: data/2026-04-28/pessimistic_run_8
======================================================================

==========================================
Job finished at: Tue Apr 28 12:55:04 AEST 2026
Exit code: 0
==========================================

+------------------ Job Report: 11711228 (COMPLETED) ------------------+
| Memory (RAM)  [##################  ] 93.0% (37.2 GB peak / 40 GB)    |
| CPU           [################    ] 84.1% average                   |
| Time          [------------->      ] 67.1% (0-00:46:57 / 0-01:10:00) |
|                                                                      |
| Lustre Filesystem:                                                   |
|   Path    Total Read    Total Write      Total IOPS                  |
|   ------  ------------  -------------  ------------                  |
|   /apps   0 B           0 B                      4                   |
|   /fred   8 KB          6.6 MB                  22                   |
|   /home   0 B           0 B                    292                   |
|                                                                      |
| Warnings:                                                            |
|   - Too much time requested                                          |
+----------------------------------------------------------------------+
