==========================================
Job ID: 11728671
Job Name: smbhb_realistic
Node: gina12
Start Time: Wed Apr 29 10:06:09 AEST 2026
==========================================

/home/bhoulden/.conda/envs/smbhb312/share/tempo2
Working directory: /fred/oz005/users/bhoulden/SMBHB_population_injections

Loaded modules:

Starting SMBHB analysis...
==========================================

📁 Save directory: data/2026-04-29/realistic_run_37
📝 Run name: realistic_run_37

[MEM] Start: 243.6 MB

📡 Loading pulsars...
======================================================================
LOADING NANOGRAV PULSARS (libstempo)
======================================================================

📦 Loading from cache: nanograv_pulsars_cache.pkl
⚠ Cache load failed: Ran out of input
[DEBUG] Found 76 .par files
[tempo2Util.C:396] Warning: [MISC1] Unknown parameter in par file:  DMDATA
[tempo2Util.C:401] Warning: [DUP1] duplicated warnings have been suppressed.

WARNING: Using tempo RNAMP parameter: setting TNRedC to 100!
[observatory.C:271] Warning: Assuming site 'arecibo' means 'ao'
✓ Loaded B1855+09 (7758 TOAs)

WARNING: Using tempo RNAMP parameter: setting TNRedC to 100!
✓ Loaded B1937+21 (23023 TOAs)

WARNING: Using tempo RNAMP parameter: setting TNRedC to 100!
✓ Loaded B1937+21ao (7241 TOAs)

WARNING: Using tempo RNAMP parameter: setting TNRedC to 100!
✓ Loaded B1937+21gbt (16048 TOAs)

WARNING: Using tempo RNAMP parameter: setting TNRedC to 100!
✓ Loaded B1953+29 (5126 TOAs)
✓ Loaded J0023+0923 (15896 TOAs)

WARNING: Using tempo RNAMP parameter: setting TNRedC to 100!
✓ Loaded J0030+0451 (19571 TOAs)
✓ Loaded J0340+4130 (11093 TOAs)
✓ Loaded J0406+3039 (2446 TOAs)

WARNING: Using tempo RNAMP parameter: setting TNRedC to 100!
✓ Loaded J0437-4715 (5830 TOAs)
✓ Loaded J0509+0856 (2169 TOAs)
✓ Loaded J0557+1551 (525 TOAs)
✓ Loaded J0605+3757 (554 TOAs)

WARNING: Using tempo RNAMP parameter: setting TNRedC to 100!
✓ Loaded J0610-2100 (4885 TOAs)

WARNING: Using tempo RNAMP parameter: setting TNRedC to 100!
✓ Loaded J0613-0200 (17124 TOAs)
✓ Loaded J0614-3329 (1714 TOAs)
✓ Loaded J0636+5128 (32222 TOAs)
✓ Loaded J0645+5158 (10403 TOAs)
✓ Loaded J0709+0458 (3030 TOAs)
✓ Loaded J0740+6620 (13401 TOAs)
✓ Loaded J0931-1902 (5473 TOAs)

WARNING: Using tempo RNAMP parameter: setting TNRedC to 100!
✓ Loaded J1012+5307 (25837 TOAs)
✓ Loaded J1012-4235 (797 TOAs)
✓ Loaded J1022+1001 (3978 TOAs)
✓ Loaded J1024-0719 (12635 TOAs)
✓ Loaded J1125+7819 (8723 TOAs)
✓ Loaded J1312+0051 (1705 TOAs)
✓ Loaded J1453+1902 (2551 TOAs)
✓ Loaded J1455-3330 (10818 TOAs)

WARNING: Using tempo RNAMP parameter: setting TNRedC to 100!
✓ Loaded J1600-3053 (22955 TOAs)

WARNING: Using tempo RNAMP parameter: setting TNRedC to 100!
✓ Loaded J1600-3053gbt (19725 TOAs)

WARNING: Using tempo RNAMP parameter: setting TNRedC to 100!
✓ Loaded J1614-2230 (18445 TOAs)
✓ Loaded J1630+3734 (1815 TOAs)
✓ Loaded J1640+2224 (14066 TOAs)

WARNING: Using tempo RNAMP parameter: setting TNRedC to 100!
✓ Loaded J1643-1224 (22144 TOAs)

WARNING: Using tempo RNAMP parameter: setting TNRedC to 100!
✓ Loaded J1643-1224gbt (17932 TOAs)

WARNING: Using tempo RNAMP parameter: setting TNRedC to 100!
✓ Loaded J1705-1903 (9871 TOAs)

WARNING: Using tempo RNAMP parameter: setting TNRedC to 100!
✓ Loaded J1713+0747 (59389 TOAs)

WARNING: Using tempo RNAMP parameter: setting TNRedC to 100!
✓ Loaded J1713+0747ao (21362 TOAs)

WARNING: Using tempo RNAMP parameter: setting TNRedC to 100!
✓ Loaded J1713+0747gbt (32963 TOAs)
✓ Loaded J1719-1438 (6356 TOAs)
✓ Loaded J1730-2304 (4870 TOAs)
✓ Loaded J1738+0333 (8790 TOAs)
✓ Loaded J1741+1351 (5582 TOAs)

WARNING: Using tempo RNAMP parameter: setting TNRedC to 100!
✓ Loaded J1744-1134 (17745 TOAs)

WARNING: Using tempo RNAMP parameter: setting TNRedC to 100!
✓ Loaded J1745+1017 (3017 TOAs)

WARNING: Using tempo RNAMP parameter: setting TNRedC to 100!
✓ Loaded J1747-4036 (11055 TOAs)
✓ Loaded J1751-2857 (2025 TOAs)

WARNING: Using tempo RNAMP parameter: setting TNRedC to 100!
✓ Loaded J1802-2124 (6796 TOAs)
✓ Loaded J1811-2405 (5266 TOAs)
✓ Loaded J1832-0836 (7739 TOAs)
✓ Loaded J1843-1113 (4595 TOAs)

WARNING: Using tempo RNAMP parameter: setting TNRedC to 100!
✓ Loaded J1853+1303 (4570 TOAs)

WARNING: Using tempo RNAMP parameter: setting TNRedC to 100!
✓ Loaded J1903+0327 (6856 TOAs)

WARNING: Using tempo RNAMP parameter: setting TNRedC to 100!
✓ Loaded J1903+0327ao (6423 TOAs)

WARNING: Using tempo RNAMP parameter: setting TNRedC to 100!
✓ Loaded J1909-3744 (35037 TOAs)

WARNING: Using tempo RNAMP parameter: setting TNRedC to 100!
✓ Loaded J1909-3744gbt (31526 TOAs)
✓ Loaded J1910+1256 (6486 TOAs)
✓ Loaded J1911+1347 (3786 TOAs)
✓ Loaded J1918-0642 (18875 TOAs)
✓ Loaded J1923+2515 (3974 TOAs)
✓ Loaded J1944+0907 (5328 TOAs)

WARNING: Using tempo RNAMP parameter: setting TNRedC to 100!
✓ Loaded J1946+3417 (4743 TOAs)
✓ Loaded J2010-1323 (17077 TOAs)
✓ Loaded J2017+0603 (3512 TOAs)
✓ Loaded J2033+1734 (3847 TOAs)
✓ Loaded J2043+1711 (7397 TOAs)
✓ Loaded J2124-3358 (4982 TOAs)

WARNING: Using tempo RNAMP parameter: setting TNRedC to 100!
✓ Loaded J2145-0750 (18675 TOAs)
✓ Loaded J2214+3000 (7406 TOAs)
✓ Loaded J2229+2643 (3711 TOAs)

WARNING: Using tempo RNAMP parameter: setting TNRedC to 100!
✓ Loaded J2234+0611 (3566 TOAs)
✓ Loaded J2234+0944 (7535 TOAs)
✓ Loaded J2302+4442 (10211 TOAs)
✓ Loaded J2317+1439 (13927 TOAs)
✓ Loaded J2322+2057 (3088 TOAs)
⚠ Could not save cache: no default __reduce__ due to non-trivial __cinit__

✓ Loaded 76 pulsars
✗ Failed: 0 — []
[MEM] After loading pulsars: 8789.6 MB

🔍 Filtering pulsars...

Filtered: 76 → 67 pulsars
[MEM] After filtering pulsars: 8790.7 MB
[MEM] After garbage collection: 8790.9 MB

======================================================================
SMBHB POPULATION ANALYSIS
======================================================================

Configuration: realistic
  Medium mass, medium spread in distance, medium population
  N_binaries: 20000

======================================================================
CONSISTENT POPULATION SYNTHESIS
======================================================================

======================================================================
GENERATING SNR-CONSISTENT POPULATIONS
======================================================================
Target SNR:          4.0
Simulations:         1
======================================================================


──────────────────────────────────────────────────────────────────────
SIMULATION 1/1
──────────────────────────────────────────────────────────────────────
  [B1855+09] zeroing residuals...
  [B1855+09] adding red noise...
  [B1855+09] white noise for L-wide_PUPPI (5005 TOAs)...
  [B1855+09] white noise for L-wide_ASP (1178 TOAs)...
  [B1855+09] white noise for 430_ASP (390 TOAs)...
  [B1855+09] white noise for 430_PUPPI (1185 TOAs)...
  [B1937+21] zeroing residuals...
  [B1937+21] adding red noise...
  [B1937+21] white noise for Rcvr_800_GASP (586 TOAs)...
  [B1937+21] white noise for L-wide_ASP (452 TOAs)...
  [B1937+21] white noise for S-wide_PUPPI (2251 TOAs)...
  [B1937+21] white noise for S-wide_ASP (344 TOAs)...
  [B1937+21] white noise for L-wide_PUPPI (4133 TOAs)...
  [B1937+21] white noise for Rcvr1_2_GASP (1069 TOAs)...
  [B1937+21] white noise for Rcvr1_2_GUPPI (7048 TOAs)...
  [B1937+21] white noise for Rcvr_800_GUPPI (7140 TOAs)...
  [B1953+29] zeroing residuals...
  [B1953+29] adding red noise...
  [B1953+29] white noise for 430_ASP (29 TOAs)...
  [B1953+29] white noise for 430_PUPPI (941 TOAs)...
  [B1953+29] white noise for L-wide_ASP (94 TOAs)...
  [B1953+29] white noise for L-wide_PUPPI (4037 TOAs)...
  [B1953+29] white noise for S-wide_ASP (25 TOAs)...
  [J0023+0923] zeroing residuals...
  [J0023+0923] adding red noise...
  [J0023+0923] white noise for L-wide_PUPPI (11123 TOAs)...
  [J0023+0923] white noise for L-wide_ASP (119 TOAs)...
  [J0023+0923] white noise for 430_ASP (90 TOAs)...
  [J0023+0923] white noise for 430_PUPPI (4564 TOAs)...
  [J0030+0451] zeroing residuals...
  [J0030+0451] adding red noise...
  [J0030+0451] white noise for 430_ASP (267 TOAs)...
  [J0030+0451] white noise for 430_PUPPI (3068 TOAs)...
  [J0030+0451] white noise for L-wide_ASP (789 TOAs)...
  [J0030+0451] white noise for L-wide_PUPPI (12774 TOAs)...
  [J0030+0451] white noise for S-wide_PUPPI (2673 TOAs)...
  [J0340+4130] zeroing residuals...
  [J0340+4130] adding red noise...
  [J0340+4130] white noise for Rcvr1_2_GUPPI (5037 TOAs)...
  [J0340+4130] white noise for Rcvr_800_GUPPI (6056 TOAs)...
  [J0406+3039] zeroing residuals...
  [J0406+3039] adding red noise...
  [J0406+3039] white noise for L-wide_PUPPI (1871 TOAs)...
  [J0406+3039] white noise for S-wide_PUPPI (575 TOAs)...
  [J0437-4715] zeroing residuals...
  [J0437-4715] adding red noise...
  [J0437-4715] white noise for 1.5GHz_YUPPI (2134 TOAs)...
  [J0437-4715] white noise for 3GHz_YUPPI (3696 TOAs)...
  [J0509+0856] zeroing residuals...
  [J0509+0856] adding red noise...
  [J0509+0856] white noise for L-wide_PUPPI (1625 TOAs)...
  [J0509+0856] white noise for S-wide_PUPPI (544 TOAs)...
  [J0557+1551] zeroing residuals...
  [J0557+1551] adding red noise...
  [J0557+1551] white noise for L-wide_PUPPI (467 TOAs)...
  [J0557+1551] white noise for S-wide_PUPPI (58 TOAs)...
  [J0605+3757] zeroing residuals...
  [J0605+3757] adding red noise...
  [J0605+3757] white noise for Rcvr1_2_GUPPI (318 TOAs)...
  [J0605+3757] white noise for Rcvr_800_GUPPI (236 TOAs)...
  [J0610-2100] zeroing residuals...
  [J0610-2100] adding red noise...
  [J0610-2100] white noise for Rcvr1_2_GUPPI (2401 TOAs)...
  [J0610-2100] white noise for Rcvr_800_GUPPI (2484 TOAs)...
  [J0613-0200] zeroing residuals...
  [J0613-0200] adding red noise...
  [J0613-0200] white noise for Rcvr_800_GUPPI (7900 TOAs)...
  [J0613-0200] white noise for Rcvr1_2_GUPPI (7423 TOAs)...
  [J0613-0200] white noise for Rcvr_800_GASP (809 TOAs)...
  [J0613-0200] white noise for Rcvr1_2_GASP (992 TOAs)...
  [J0636+5128] zeroing residuals...
  [J0636+5128] adding red noise...
  [J0636+5128] white noise for Rcvr1_2_GUPPI (14803 TOAs)...
  [J0636+5128] white noise for Rcvr_800_GUPPI (17419 TOAs)...
  [J0645+5158] zeroing residuals...
  [J0645+5158] adding red noise...
  [J0645+5158] white noise for Rcvr1_2_GUPPI (5721 TOAs)...
  [J0645+5158] white noise for Rcvr_800_GUPPI (4682 TOAs)...
  [J0709+0458] zeroing residuals...
  [J0709+0458] adding red noise...
  [J0709+0458] white noise for L-wide_PUPPI (2435 TOAs)...
  [J0709+0458] white noise for S-wide_PUPPI (595 TOAs)...
  [J0740+6620] zeroing residuals...
  [J0740+6620] adding red noise...
  [J0740+6620] white noise for Rcvr1_2_GUPPI (8265 TOAs)...
  [J0740+6620] white noise for Rcvr_800_GUPPI (5136 TOAs)...
  [J0931-1902] zeroing residuals...
  [J0931-1902] adding red noise...
  [J0931-1902] white noise for Rcvr1_2_GUPPI (2054 TOAs)...
  [J0931-1902] white noise for Rcvr_800_GUPPI (3419 TOAs)...
  [J1012+5307] zeroing residuals...
  [J1012+5307] adding red noise...
  [J1012+5307] white noise for Rcvr_800_GUPPI (10299 TOAs)...
  [J1012+5307] white noise for Rcvr1_2_GUPPI (12849 TOAs)...
  [J1012+5307] white noise for Rcvr_800_GASP (1210 TOAs)...
  [J1012+5307] white noise for Rcvr1_2_GASP (1479 TOAs)...
  [J1012-4235] zeroing residuals...
  [J1012-4235] adding red noise...
  [J1012-4235] white noise for Rcvr1_2_GUPPI (455 TOAs)...
  [J1012-4235] white noise for Rcvr_800_GUPPI (342 TOAs)...
  [J1022+1001] zeroing residuals...
  [J1022+1001] adding red noise...
  [J1022+1001] white noise for L-wide_PUPPI (2592 TOAs)...
  [J1022+1001] white noise for 430_PUPPI (232 TOAs)...
  [J1022+1001] white noise for S-wide_PUPPI (1154 TOAs)...
  [J1024-0719] zeroing residuals...
  [J1024-0719] adding red noise...
  [J1024-0719] white noise for Rcvr_800_GUPPI (5455 TOAs)...
  [J1024-0719] white noise for Rcvr1_2_GUPPI (7086 TOAs)...
  [J1024-0719] white noise for Rcvr_800_GASP (51 TOAs)...
  [J1024-0719] white noise for Rcvr1_2_GASP (43 TOAs)...
  [J1125+7819] zeroing residuals...
  [J1125+7819] adding red noise...
  [J1125+7819] white noise for Rcvr1_2_GUPPI (4016 TOAs)...
  [J1125+7819] white noise for Rcvr_800_GUPPI (4707 TOAs)...
  [J1312+0051] zeroing residuals...
  [J1312+0051] adding red noise...
  [J1312+0051] white noise for L-wide_PUPPI (1289 TOAs)...
  [J1312+0051] white noise for S-wide_PUPPI (416 TOAs)...
  [J1453+1902] zeroing residuals...
  [J1453+1902] adding red noise...
  [J1453+1902] white noise for L-wide_PUPPI (2122 TOAs)...
  [J1453+1902] white noise for 430_PUPPI (425 TOAs)...
  [J1453+1902] white noise for S-wide_PUPPI (4 TOAs)...
  [J1455-3330] zeroing residuals...
  [J1455-3330] adding red noise...
  [J1455-3330] white noise for Rcvr_800_GUPPI (4843 TOAs)...
  [J1455-3330] white noise for Rcvr1_2_GUPPI (4932 TOAs)...
  [J1455-3330] white noise for Rcvr_800_GASP (479 TOAs)...
  [J1455-3330] white noise for Rcvr1_2_GASP (564 TOAs)...
  [J1600-3053] zeroing residuals...
  [J1600-3053] adding red noise...
  [J1600-3053] white noise for Rcvr_800_GASP (297 TOAs)...
  [J1600-3053] white noise for 3GHz_YUPPI (3237 TOAs)...
  [J1600-3053] white noise for Rcvr1_2_GASP (457 TOAs)...
  [J1600-3053] white noise for Rcvr1_2_GUPPI (10168 TOAs)...
  [J1600-3053] white noise for Rcvr_800_GUPPI (8796 TOAs)...
  [J1614-2230] zeroing residuals...
  [J1614-2230] adding red noise...
  [J1614-2230] white noise for Rcvr_800_GUPPI (7768 TOAs)...
  [J1614-2230] white noise for Rcvr1_2_GUPPI (10509 TOAs)...
  [J1614-2230] white noise for Rcvr_800_GASP (84 TOAs)...
  [J1614-2230] white noise for Rcvr1_2_GASP (84 TOAs)...
  [J1630+3734] zeroing residuals...
  [J1630+3734] adding red noise...
  [J1630+3734] white noise for Rcvr1_2_GUPPI (909 TOAs)...
  [J1630+3734] white noise for Rcvr_800_GUPPI (906 TOAs)...
  [J1640+2224] zeroing residuals...
  [J1640+2224] adding red noise...
  [J1640+2224] white noise for L-wide_PUPPI (9847 TOAs)...
  [J1640+2224] white noise for L-wide_ASP (722 TOAs)...
  [J1640+2224] white noise for 430_ASP (340 TOAs)...
  [J1640+2224] white noise for 430_PUPPI (3157 TOAs)...
  [J1643-1224] zeroing residuals...
  [J1643-1224] adding red noise...
  [J1643-1224] white noise for Rcvr_800_GASP (559 TOAs)...
  [J1643-1224] white noise for 3GHz_YUPPI (4215 TOAs)...
  [J1643-1224] white noise for Rcvr1_2_GASP (833 TOAs)...
  [J1643-1224] white noise for Rcvr1_2_GUPPI (8803 TOAs)...
  [J1643-1224] white noise for Rcvr_800_GUPPI (7734 TOAs)...
  [J1705-1903] zeroing residuals...
  [J1705-1903] adding red noise...
  [J1705-1903] white noise for Rcvr1_2_GUPPI (6350 TOAs)...
  [J1705-1903] white noise for Rcvr_800_GUPPI (3521 TOAs)...
  [J1713+0747] zeroing residuals...
  [J1713+0747] adding red noise...
  [J1713+0747] white noise for 1.5GHz_YUPPI (1461 TOAs)...
  [J1713+0747] white noise for Rcvr_800_GASP (1032 TOAs)...
  [J1713+0747] white noise for L-wide_ASP (843 TOAs)...
  [J1713+0747] white noise for 3GHz_YUPPI (3282 TOAs)...
  [J1713+0747] white noise for S-wide_PUPPI (7482 TOAs)...
  [J1713+0747] white noise for S-wide_ASP (624 TOAs)...
  [J1713+0747] white noise for L-wide_PUPPI (12743 TOAs)...
  [J1713+0747] white noise for Rcvr1_2_GASP (1109 TOAs)...
  [J1713+0747] white noise for Rcvr1_2_GUPPI (22334 TOAs)...
  [J1713+0747] white noise for Rcvr_800_GUPPI (8479 TOAs)...
  [J1719-1438] zeroing residuals...
  [J1719-1438] adding red noise...
  [J1719-1438] white noise for Rcvr1_2_GUPPI (2722 TOAs)...
  [J1719-1438] white noise for Rcvr_800_GUPPI (3634 TOAs)...
  [J1730-2304] zeroing residuals...
  [J1730-2304] adding red noise...
  [J1730-2304] white noise for Rcvr1_2_GUPPI (2367 TOAs)...
  [J1730-2304] white noise for Rcvr_800_GUPPI (2503 TOAs)...
  [J1738+0333] zeroing residuals...
  [J1738+0333] adding red noise...
  [J1738+0333] white noise for L-wide_PUPPI (6718 TOAs)...
  [J1738+0333] white noise for L-wide_ASP (201 TOAs)...
  [J1738+0333] white noise for S-wide_PUPPI (1737 TOAs)...
  [J1738+0333] white noise for S-wide_ASP (134 TOAs)...
  [J1741+1351] zeroing residuals...
  [J1741+1351] adding red noise...
  [J1741+1351] white noise for 430_ASP (27 TOAs)...
  [J1741+1351] white noise for 430_PUPPI (1159 TOAs)...
  [J1741+1351] white noise for L-wide_ASP (236 TOAs)...
  [J1741+1351] white noise for L-wide_PUPPI (4045 TOAs)...
  [J1741+1351] white noise for S-wide_ASP (115 TOAs)...
  [J1744-1134] zeroing residuals...
  [J1744-1134] adding red noise...
  [J1744-1134] white noise for Rcvr_800_GUPPI (7899 TOAs)...
  [J1744-1134] white noise for Rcvr1_2_GUPPI (8109 TOAs)...
  [J1744-1134] white noise for Rcvr_800_GASP (930 TOAs)...
  [J1744-1134] white noise for Rcvr1_2_GASP (807 TOAs)...
  [J1745+1017] zeroing residuals...
  [J1745+1017] adding red noise...
  [J1745+1017] white noise for L-wide_PUPPI (2179 TOAs)...
  [J1745+1017] white noise for S-wide_PUPPI (838 TOAs)...
  [J1747-4036] zeroing residuals...
  [J1747-4036] adding red noise...
  [J1747-4036] white noise for Rcvr1_2_GUPPI (5239 TOAs)...
  [J1747-4036] white noise for Rcvr_800_GUPPI (5816 TOAs)...
  [J1751-2857] zeroing residuals...
  [J1751-2857] adding red noise...
  [J1751-2857] white noise for Rcvr1_2_GUPPI (1786 TOAs)...
  [J1751-2857] white noise for Rcvr_800_GUPPI (239 TOAs)...
  [J1802-2124] zeroing residuals...
  [J1802-2124] adding red noise...
  [J1802-2124] white noise for Rcvr1_2_GUPPI (3231 TOAs)...
  [J1802-2124] white noise for Rcvr_800_GUPPI (3565 TOAs)...
  [J1811-2405] zeroing residuals...
  [J1811-2405] adding red noise...
  [J1811-2405] white noise for Rcvr1_2_GUPPI (2638 TOAs)...
  [J1811-2405] white noise for Rcvr_800_GUPPI (2628 TOAs)...
  [J1832-0836] zeroing residuals...
  [J1832-0836] adding red noise...
  [J1832-0836] white noise for Rcvr1_2_GUPPI (4661 TOAs)...
  [J1832-0836] white noise for Rcvr_800_GUPPI (3078 TOAs)...
  [J1843-1113] zeroing residuals...
  [J1843-1113] adding red noise...
  [J1843-1113] white noise for Rcvr1_2_GUPPI (2394 TOAs)...
  [J1843-1113] white noise for Rcvr_800_GUPPI (2201 TOAs)...
  [J1853+1303] zeroing residuals...
  [J1853+1303] adding red noise...
  [J1853+1303] white noise for L-wide_PUPPI (3362 TOAs)...
  [J1853+1303] white noise for L-wide_ASP (33 TOAs)...
  [J1853+1303] white noise for 430_ASP (24 TOAs)...
  [J1853+1303] white noise for 430_PUPPI (1151 TOAs)...
  [J1903+0327] zeroing residuals...
  [J1903+0327] adding red noise...
  [J1903+0327] white noise for L-wide_ASP (139 TOAs)...
  [J1903+0327] white noise for 3GHz_YUPPI (439 TOAs)...
  [J1903+0327] white noise for S-wide_ASP (151 TOAs)...
  [J1903+0327] white noise for L-wide_PUPPI (3845 TOAs)...
  [J1903+0327] white noise for S-wide_PUPPI (2282 TOAs)...
  [J1909-3744] zeroing residuals...
  [J1909-3744] adding red noise...
  [J1909-3744] white noise for Rcvr_800_GASP (866 TOAs)...
  [J1909-3744] white noise for 3GHz_YUPPI (3525 TOAs)...
  [J1909-3744] white noise for Rcvr1_2_GASP (808 TOAs)...
  [J1909-3744] white noise for Rcvr1_2_GUPPI (20439 TOAs)...
  [J1909-3744] white noise for Rcvr_800_GUPPI (9399 TOAs)...
  [J1910+1256] zeroing residuals...
  [J1910+1256] adding red noise...
  [J1910+1256] white noise for L-wide_PUPPI (4124 TOAs)...
  [J1910+1256] white noise for L-wide_ASP (297 TOAs)...
  [J1910+1256] white noise for S-wide_PUPPI (1857 TOAs)...
  [J1910+1256] white noise for S-wide_ASP (208 TOAs)...
  [J1911+1347] zeroing residuals...
  [J1911+1347] adding red noise...
  [J1911+1347] white noise for L-wide_PUPPI (3033 TOAs)...
  [J1911+1347] white noise for 430_PUPPI (753 TOAs)...
  [J1918-0642] zeroing residuals...
  [J1918-0642] adding red noise...
  [J1918-0642] white noise for Rcvr_800_GUPPI (8352 TOAs)...
  [J1918-0642] white noise for Rcvr1_2_GUPPI (8910 TOAs)...
  [J1918-0642] white noise for Rcvr_800_GASP (835 TOAs)...
  [J1918-0642] white noise for Rcvr1_2_GASP (778 TOAs)...
  [J1923+2515] zeroing residuals...
  [J1923+2515] adding red noise...
  [J1923+2515] white noise for L-wide_PUPPI (3028 TOAs)...
  [J1923+2515] white noise for L-wide_ASP (14 TOAs)...
  [J1923+2515] white noise for 430_ASP (10 TOAs)...
  [J1923+2515] white noise for 430_PUPPI (922 TOAs)...
  [J1944+0907] zeroing residuals...
  [J1944+0907] adding red noise...
  [J1944+0907] white noise for 430_ASP (38 TOAs)...
  [J1944+0907] white noise for 430_PUPPI (1017 TOAs)...
  [J1944+0907] white noise for L-wide_ASP (257 TOAs)...
  [J1944+0907] white noise for L-wide_PUPPI (3900 TOAs)...
  [J1944+0907] white noise for S-wide_ASP (116 TOAs)...
  [J1946+3417] zeroing residuals...
  [J1946+3417] adding red noise...
  [J1946+3417] white noise for L-wide_PUPPI (3197 TOAs)...
  [J1946+3417] white noise for S-wide_PUPPI (1546 TOAs)...
  [J2010-1323] zeroing residuals...
  [J2010-1323] adding red noise...
  [J2010-1323] white noise for Rcvr_800_GUPPI (9158 TOAs)...
  [J2010-1323] white noise for Rcvr1_2_GUPPI (7779 TOAs)...
  [J2010-1323] white noise for Rcvr_800_GASP (70 TOAs)...
  [J2010-1323] white noise for Rcvr1_2_GASP (70 TOAs)...
  [J2017+0603] zeroing residuals...
  [J2017+0603] adding red noise...
  [J2017+0603] white noise for L-wide_PUPPI (2569 TOAs)...
  [J2017+0603] white noise for L-wide_ASP (16 TOAs)...
  [J2017+0603] white noise for 430_PUPPI (78 TOAs)...
  [J2017+0603] white noise for S-wide_PUPPI (849 TOAs)...
  [J2033+1734] zeroing residuals...
  [J2033+1734] adding red noise...
  [J2033+1734] white noise for L-wide_PUPPI (3050 TOAs)...
  [J2033+1734] white noise for 430_PUPPI (797 TOAs)...
  [J2043+1711] zeroing residuals...
  [J2043+1711] adding red noise...
  [J2043+1711] white noise for L-wide_PUPPI (4419 TOAs)...
  [J2043+1711] white noise for L-wide_ASP (40 TOAs)...
  [J2043+1711] white noise for 430_ASP (30 TOAs)...
  [J2043+1711] white noise for 430_PUPPI (2908 TOAs)...
  [J2124-3358] zeroing residuals...
  [J2124-3358] adding red noise...
  [J2124-3358] white noise for Rcvr1_2_GUPPI (2957 TOAs)...
  [J2124-3358] white noise for Rcvr_800_GUPPI (2025 TOAs)...
  [J2145-0750] zeroing residuals...
  [J2145-0750] adding red noise...
  [J2145-0750] white noise for Rcvr_800_GUPPI (8728 TOAs)...
  [J2145-0750] white noise for Rcvr1_2_GUPPI (9158 TOAs)...
  [J2145-0750] white noise for Rcvr_800_GASP (362 TOAs)...
  [J2145-0750] white noise for Rcvr1_2_GASP (427 TOAs)...
  [J2214+3000] zeroing residuals...
  [J2214+3000] adding red noise...
  [J2214+3000] white noise for L-wide_PUPPI (5829 TOAs)...
  [J2214+3000] white noise for L-wide_ASP (9 TOAs)...
  [J2214+3000] white noise for S-wide_PUPPI (1568 TOAs)...
  [J2229+2643] zeroing residuals...
  [J2229+2643] adding red noise...
  [J2229+2643] white noise for L-wide_PUPPI (2755 TOAs)...
  [J2229+2643] white noise for 430_PUPPI (956 TOAs)...
  [J2234+0611] zeroing residuals...
  [J2234+0611] adding red noise...
  [J2234+0611] white noise for L-wide_PUPPI (2913 TOAs)...
  [J2234+0611] white noise for 430_PUPPI (653 TOAs)...
  [J2234+0944] zeroing residuals...
  [J2234+0944] adding red noise...
  [J2234+0944] white noise for L-wide_PUPPI (5003 TOAs)...
  [J2234+0944] white noise for S-wide_PUPPI (2532 TOAs)...
  [J2302+4442] zeroing residuals...
  [J2302+4442] adding red noise...
  [J2302+4442] white noise for Rcvr1_2_GUPPI (3779 TOAs)...
  [J2302+4442] white noise for Rcvr_800_GUPPI (6432 TOAs)...
  [J2317+1439] zeroing residuals...
  [J2317+1439] adding red noise...
  [J2317+1439] white noise for 430_ASP (458 TOAs)...
  [J2317+1439] white noise for 327_PUPPI (276 TOAs)...
  [J2317+1439] white noise for 430_PUPPI (3217 TOAs)...
  [J2317+1439] white noise for L-wide_PUPPI (9563 TOAs)...
  [J2317+1439] white noise for 327_ASP (413 TOAs)...
  [J2322+2057] zeroing residuals...
  [J2322+2057] adding red noise...
  [J2322+2057] white noise for L-wide_PUPPI (2196 TOAs)...
  [J2322+2057] white noise for 430_PUPPI (752 TOAs)...
  [J2322+2057] white noise for S-wide_PUPPI (140 TOAs)...
Resetting pulsars to clean stoas...
Restore: 0.01 s
Inject: 0.00 s
Snapshotting into enterprise Pulsar objects...
Building PTA...
PTA build: 454.77 s
Computing optimal statistic...
OS time: 79.85 s
Total: 534.63 s
Noise-only SNR baseline: -0.4945

Generating SNR-consistent population...
Target SNR: 4.0
Resetting pulsars to clean stoas...
Restore: 0.00 s
Injecting population...
  B1855+09: RMS = 1826.982 ns
  B1937+21: RMS = 3272.195 ns
  B1953+29: RMS = 3484.426 ns
  J0023+0923: RMS = 2387.155 ns
  J0030+0451: RMS = 2097.407 ns
  J0340+4130: RMS = 2097.952 ns
  J0406+3039: RMS = 1731.067 ns
  J0437-4715: RMS = 876.896 ns
  J0509+0856: RMS = 727.075 ns
  J0557+1551: RMS = 1204.562 ns
  J0605+3757: RMS = 953.677 ns
  J0610-2100: RMS = 694.940 ns
  J0613-0200: RMS = 4915.829 ns
  J0636+5128: RMS = 2575.676 ns
  J0645+5158: RMS = 3072.684 ns
  J0709+0458: RMS = 4125.085 ns
  J0740+6620: RMS = 1900.818 ns
  J0931-1902: RMS = 2603.428 ns
  J1012+5307: RMS = 1993.554 ns
  J1012-4235: RMS = 1397.942 ns
  J1022+1001: RMS = 1811.703 ns
  J1024-0719: RMS = 4199.776 ns
  J1125+7819: RMS = 1538.376 ns
  J1312+0051: RMS = 1838.440 ns
  J1453+1902: RMS = 3238.125 ns
  J1455-3330: RMS = 3125.343 ns
  J1600-3053: RMS = 1623.234 ns
  J1614-2230: RMS = 5049.233 ns
  J1630+3734: RMS = 835.645 ns
  J1640+2224: RMS = 2061.745 ns
  J1643-1224: RMS = 5452.959 ns
  J1705-1903: RMS = 1257.784 ns
  J1713+0747: RMS = 1821.104 ns
  J1719-1438: RMS = 1118.002 ns
  J1730-2304: RMS = 831.287 ns
  J1738+0333: RMS = 1872.945 ns
  J1741+1351: RMS = 417.921 ns
  J1744-1134: RMS = 4300.495 ns
  J1745+1017: RMS = 1320.501 ns
  J1747-4036: RMS = 1912.876 ns
  J1751-2857: RMS = 1031.540 ns
  J1802-2124: RMS = 1918.326 ns
  J1811-2405: RMS = 2440.734 ns
  J1832-0836: RMS = 1981.996 ns
  J1843-1113: RMS = 1955.637 ns
  J1853+1303: RMS = 2153.025 ns
  J1903+0327: RMS = 1387.475 ns
  J1909-3744: RMS = 1920.065 ns
  J1910+1256: RMS = 2412.024 ns
  J1911+1347: RMS = 1893.884 ns
  J1918-0642: RMS = 1135.442 ns
  J1923+2515: RMS = 3566.509 ns
  J1944+0907: RMS = 1947.016 ns
  J1946+3417: RMS = 2330.868 ns
  J2010-1323: RMS = 567.790 ns
  J2017+0603: RMS = 1670.725 ns
  J2033+1734: RMS = 1121.664 ns
  J2043+1711: RMS = 3169.642 ns
  J2124-3358: RMS = 740.216 ns
  J2145-0750: RMS = 631.748 ns
  J2214+3000: RMS = 1824.389 ns
  J2229+2643: RMS = 1186.373 ns
  J2234+0611: RMS = 1378.110 ns
  J2234+0944: RMS = 2420.869 ns
  J2302+4442: RMS = 1585.889 ns
  J2317+1439: RMS = 2178.891 ns
  J2322+2057: RMS = 1335.571 ns
Inject: 0.88 s
Snapshotting into enterprise Pulsar objects...
Building PTA...
PTA build: 447.71 s
Computing optimal statistic...
OS time: 64.24 s
Total: 512.83 s
Initial SNR: 30.5498, Target SNR: 4.0000
  Initial SNR 30.5498 outside of provided SNR_range [3.5, 4.25] — rescaling.
Scaling distances by factor 2.6281 to achieve target SNR...
Resetting pulsars to clean stoas...
Restore: 4.08 s
Injecting population...
  B1855+09: RMS = 695.160 ns
  B1937+21: RMS = 1245.057 ns
  B1953+29: RMS = 1325.810 ns
  J0023+0923: RMS = 908.303 ns
  J0030+0451: RMS = 798.055 ns
  J0340+4130: RMS = 798.262 ns
  J0406+3039: RMS = 658.664 ns
  J0437-4715: RMS = 333.656 ns
  J0509+0856: RMS = 276.649 ns
  J0557+1551: RMS = 458.331 ns
  J0605+3757: RMS = 362.870 ns
  J0610-2100: RMS = 264.422 ns
  J0613-0200: RMS = 1870.454 ns
  J0636+5128: RMS = 980.034 ns
  J0645+5158: RMS = 1169.144 ns
  J0709+0458: RMS = 1569.579 ns
  J0740+6620: RMS = 723.254 ns
  J0931-1902: RMS = 990.594 ns
  J1012+5307: RMS = 758.540 ns
  J1012-4235: RMS = 531.912 ns
  J1022+1001: RMS = 689.346 ns
  J1024-0719: RMS = 1597.998 ns
  J1125+7819: RMS = 585.346 ns
  J1312+0051: RMS = 699.519 ns
  J1453+1902: RMS = 1232.094 ns
  J1455-3330: RMS = 1189.181 ns
  J1600-3053: RMS = 617.634 ns
  J1614-2230: RMS = 1921.213 ns
  J1630+3734: RMS = 317.960 ns
  J1640+2224: RMS = 784.486 ns
  J1643-1224: RMS = 2074.829 ns
  J1705-1903: RMS = 478.582 ns
  J1713+0747: RMS = 692.923 ns
  J1719-1438: RMS = 425.395 ns
  J1730-2304: RMS = 316.301 ns
  J1738+0333: RMS = 712.648 ns
  J1741+1351: RMS = 159.017 ns
  J1744-1134: RMS = 1636.321 ns
  J1745+1017: RMS = 502.445 ns
  J1747-4036: RMS = 727.842 ns
  J1751-2857: RMS = 392.497 ns
  J1802-2124: RMS = 729.915 ns
  J1811-2405: RMS = 928.689 ns
  J1832-0836: RMS = 754.142 ns
  J1843-1113: RMS = 744.112 ns
  J1853+1303: RMS = 819.217 ns
  J1903+0327: RMS = 527.929 ns
  J1909-3744: RMS = 730.577 ns
  J1910+1256: RMS = 917.766 ns
  J1911+1347: RMS = 720.615 ns
  J1918-0642: RMS = 432.031 ns
  J1923+2515: RMS = 1357.043 ns
  J1944+0907: RMS = 740.832 ns
  J1946+3417: RMS = 886.886 ns
  J2010-1323: RMS = 216.042 ns
  J2017+0603: RMS = 635.704 ns
  J2033+1734: RMS = 426.789 ns
  J2043+1711: RMS = 1206.036 ns
  J2124-3358: RMS = 281.649 ns
  J2145-0750: RMS = 240.378 ns
  J2214+3000: RMS = 694.173 ns
  J2229+2643: RMS = 451.410 ns
  J2234+0611: RMS = 524.365 ns
  J2234+0944: RMS = 921.131 ns
  J2302+4442: RMS = 603.424 ns
  J2317+1439: RMS = 829.059 ns
  J2322+2057: RMS = 508.179 ns
Inject: 0.94 s
Snapshotting into enterprise Pulsar objects...
Building PTA...
PTA build: 521.23 s
Computing optimal statistic...
OS time: 113.04 s
Total: 639.29 s
  SNR 4.4924 outside of provided SNR_range [3.5, 4.25] — rescaling.
[Iteration 1/4] SNR after scaling: 4.4924 (target: 4.0000)
  SNR history: it0→30.5498@1.0000x, it1→4.4924@2.6281x
  Re-scaling distances by factor 1.0565  (cumulative after: 2.7766×)
Resetting pulsars to clean stoas...
Restore: 21.66 s
Injecting population...
  B1855+09: RMS = 658.000 ns
  B1937+21: RMS = 1178.504 ns
  B1953+29: RMS = 1254.940 ns
  J0023+0923: RMS = 859.750 ns
  J0030+0451: RMS = 755.395 ns
  J0340+4130: RMS = 755.592 ns
  J0406+3039: RMS = 623.456 ns
  J0437-4715: RMS = 315.820 ns
  J0509+0856: RMS = 261.861 ns
  J0557+1551: RMS = 433.831 ns
  J0605+3757: RMS = 343.473 ns
  J0610-2100: RMS = 250.287 ns
  J0613-0200: RMS = 1770.470 ns
  J0636+5128: RMS = 927.647 ns
  J0645+5158: RMS = 1106.648 ns
  J0709+0458: RMS = 1485.678 ns
  J0740+6620: RMS = 684.593 ns
  J0931-1902: RMS = 937.642 ns
  J1012+5307: RMS = 717.992 ns
  J1012-4235: RMS = 503.479 ns
  J1022+1001: RMS = 652.497 ns
  J1024-0719: RMS = 1512.578 ns
  J1125+7819: RMS = 554.057 ns
  J1312+0051: RMS = 662.127 ns
  J1453+1902: RMS = 1166.233 ns
  J1455-3330: RMS = 1125.614 ns
  J1600-3053: RMS = 584.619 ns
  J1614-2230: RMS = 1818.516 ns
  J1630+3734: RMS = 300.963 ns
  J1640+2224: RMS = 742.552 ns
  J1643-1224: RMS = 1963.921 ns
  J1705-1903: RMS = 453.000 ns
  J1713+0747: RMS = 655.883 ns
  J1719-1438: RMS = 402.656 ns
  J1730-2304: RMS = 299.394 ns
  J1738+0333: RMS = 674.554 ns
  J1741+1351: RMS = 150.517 ns
  J1744-1134: RMS = 1548.853 ns
  J1745+1017: RMS = 475.587 ns
  J1747-4036: RMS = 688.935 ns
  J1751-2857: RMS = 371.516 ns
  J1802-2124: RMS = 690.898 ns
  J1811-2405: RMS = 879.047 ns
  J1832-0836: RMS = 713.829 ns
  J1843-1113: RMS = 704.336 ns
  J1853+1303: RMS = 775.427 ns
  J1903+0327: RMS = 499.709 ns
  J1909-3744: RMS = 691.525 ns
  J1910+1256: RMS = 868.707 ns
  J1911+1347: RMS = 682.095 ns
  J1918-0642: RMS = 408.937 ns
  J1923+2515: RMS = 1284.503 ns
  J1944+0907: RMS = 701.231 ns
  J1946+3417: RMS = 839.478 ns
  J2010-1323: RMS = 204.493 ns
  J2017+0603: RMS = 601.723 ns
  J2033+1734: RMS = 403.975 ns
  J2043+1711: RMS = 1141.568 ns
  J2124-3358: RMS = 266.594 ns
  J2145-0750: RMS = 227.528 ns
  J2214+3000: RMS = 657.066 ns
  J2229+2643: RMS = 427.280 ns
  J2234+0611: RMS = 496.336 ns
  J2234+0944: RMS = 871.893 ns
  J2302+4442: RMS = 571.169 ns
  J2317+1439: RMS = 784.742 ns
  J2322+2057: RMS = 481.015 ns
Inject: 1.07 s
Snapshotting into enterprise Pulsar objects...
Building PTA...
PTA build: 487.33 s
Computing optimal statistic...
OS time: 58.98 s
Total: 569.04 s
  ✓ SNR is within the provided SNR_range: 4.0138 ∈ [3.5, 4.25]

Final SNR history:
  it 0: cumulative_scale=1.0000×  SNR=30.5498
  it 1: cumulative_scale=2.6281×  SNR=4.4924
  it 2: cumulative_scale=2.7766×  SNR=4.0138
✓ Simulation 1 done (1724.8 s)

======================================================================
ENSEMBLE SUMMARY
======================================================================
Success rate: 100.0% (1/1)

Binaries per population:
  Mean ± std : 20000 ± 0
  Range      : [20000, 20000]

SNR achieved:
  Mean ± std : 4.0138 ± 0.0000
  Range      : [4.0138, 4.0138]

Total time: 2307.3 s (38.5 min)
======================================================================

💾 Saved: data/2026-04-29/realistic_run_37/consistent_population_realistic_targetSNR4.25_sims1.json
💾 Saved compressed pickle: data/2026-04-29/realistic_run_37/consistent_population_realistic_targetSNR4.25_sims1.pkl.gz

======================================================================
CONTINUOUS WAVE SNR ANALYSIS
======================================================================

--- Population 1 ---
Precomputation of phiinvs, TNTs, Ts, Nvecs, Sigmas took 0.17 seconds.
Total SNR computation for population took 412.79 seconds.
Top 50 CGW candidates:
   1. proxy_rank=   1  sky_w=1.43  f=2.82e-09 Hz  Mc=5.25e+10 Msun  h0=1.27e-14  SNR=9.210
   2. proxy_rank=   2  sky_w=1.42  f=3.02e-09 Hz  Mc=2.80e+10 Msun  h0=5.44e-15  SNR=4.838
   3. proxy_rank=   4  sky_w=1.47  f=3.37e-09 Hz  Mc=2.58e+10 Msun  h0=4.25e-15  SNR=4.226
   4. proxy_rank= 129  sky_w=1.05  f=1.07e-08 Hz  Mc=1.26e+10 Msun  h0=2.79e-15  SNR=3.802
   5. proxy_rank=  12  sky_w=0.94  f=4.53e-09 Hz  Mc=1.59e+10 Msun  h0=5.57e-15  SNR=3.698
   6. proxy_rank=  56  sky_w=1.27  f=5.13e-09 Hz  Mc=1.45e+10 Msun  h0=2.12e-15  SNR=2.950
   7. proxy_rank=  58  sky_w=1.32  f=5.57e-09 Hz  Mc=1.34e+10 Msun  h0=2.20e-15  SNR=2.755
   8. proxy_rank=  53  sky_w=1.53  f=5.27e-09 Hz  Mc=1.33e+10 Msun  h0=1.88e-15  SNR=2.701
   9. proxy_rank= 341  sky_w=0.56  f=1.78e-08 Hz  Mc=1.22e+10 Msun  h0=3.78e-15  SNR=2.652
  10. proxy_rank=  33  sky_w=0.93  f=3.95e-09 Hz  Mc=1.96e+10 Msun  h0=3.07e-15  SNR=2.494
  11. proxy_rank=   9  sky_w=1.58  f=3.04e-09 Hz  Mc=1.97e+10 Msun  h0=2.52e-15  SNR=2.222
  12. proxy_rank=  15  sky_w=0.52  f=2.91e-09 Hz  Mc=1.81e+10 Msun  h0=5.96e-15  SNR=2.210
  13. proxy_rank=  34  sky_w=0.87  f=4.02e-09 Hz  Mc=1.98e+10 Msun  h0=3.32e-15  SNR=2.173
  14. proxy_rank= 219  sky_w=0.58  f=7.94e-09 Hz  Mc=1.31e+10 Msun  h0=2.50e-15  SNR=1.855
  15. proxy_rank=   8  sky_w=0.56  f=2.51e-09 Hz  Mc=3.51e+10 Msun  h0=6.31e-15  SNR=1.849
  16. proxy_rank= 156  sky_w=1.06  f=5.86e-09 Hz  Mc=1.01e+10 Msun  h0=1.32e-15  SNR=1.831
  17. proxy_rank=   3  sky_w=1.59  f=2.27e-09 Hz  Mc=1.16e+10 Msun  h0=2.77e-15  SNR=1.686
  18. proxy_rank=  45  sky_w=0.82  f=5.03e-09 Hz  Mc=1.91e+10 Msun  h0=3.77e-15  SNR=1.623
  19. proxy_rank=  27  sky_w=1.44  f=4.94e-09 Hz  Mc=1.57e+10 Msun  h0=2.70e-15  SNR=1.588
  20. proxy_rank= 162  sky_w=0.71  f=4.90e-09 Hz  Mc=1.06e+10 Msun  h0=1.59e-15  SNR=1.401
  21. proxy_rank= 226  sky_w=0.77  f=5.82e-09 Hz  Mc=1.01e+10 Msun  h0=1.34e-15  SNR=1.324
  22. proxy_rank=  79  sky_w=1.20  f=3.83e-09 Hz  Mc=7.84e+09 Msun  h0=1.23e-15  SNR=1.321
  23. proxy_rank=  69  sky_w=1.31  f=3.73e-09 Hz  Mc=7.33e+09 Msun  h0=1.22e-15  SNR=1.301
  24. proxy_rank= 134  sky_w=1.54  f=4.68e-09 Hz  Mc=8.38e+09 Msun  h0=8.21e-16  SNR=1.295
  25. proxy_rank=  26  sky_w=1.63  f=2.81e-09 Hz  Mc=1.40e+10 Msun  h0=1.38e-15  SNR=1.295
  26. proxy_rank=   6  sky_w=0.57  f=2.04e-09 Hz  Mc=1.95e+10 Msun  h0=5.75e-15  SNR=1.215
  27. proxy_rank= 120  sky_w=0.70  f=4.00e-09 Hz  Mc=1.32e+10 Msun  h0=1.65e-15  SNR=1.193
  28. proxy_rank=  21  sky_w=1.44  f=2.70e-09 Hz  Mc=1.54e+10 Msun  h0=1.56e-15  SNR=1.187
  29. proxy_rank= 229  sky_w=1.13  f=5.82e-09 Hz  Mc=7.74e+09 Msun  h0=9.03e-16  SNR=1.180
  30. proxy_rank= 159  sky_w=1.37  f=5.16e-09 Hz  Mc=8.57e+09 Msun  h0=8.82e-16  SNR=1.171
  31. proxy_rank= 590  sky_w=0.53  f=1.66e-08 Hz  Mc=6.55e+09 Msun  h0=1.80e-15  SNR=1.156
  32. proxy_rank=   5  sky_w=1.26  f=2.71e-09 Hz  Mc=2.63e+10 Msun  h0=3.84e-15  SNR=1.112
  33. proxy_rank=  13  sky_w=1.46  f=2.31e-09 Hz  Mc=1.59e+10 Msun  h0=1.78e-15  SNR=1.104
  34. proxy_rank=  82  sky_w=1.49  f=3.95e-09 Hz  Mc=9.76e+09 Msun  h0=1.01e-15  SNR=1.090
  35. proxy_rank= 304  sky_w=0.84  f=1.08e-08 Hz  Mc=9.48e+09 Msun  h0=1.72e-15  SNR=1.034
  36. proxy_rank=   7  sky_w=0.88  f=2.46e-09 Hz  Mc=2.07e+10 Msun  h0=4.04e-15  SNR=1.008
  37. proxy_rank= 140  sky_w=0.65  f=6.13e-09 Hz  Mc=1.42e+10 Msun  h0=2.52e-15  SNR=1.006
  38. proxy_rank= 171  sky_w=0.76  f=4.52e-09 Hz  Mc=1.14e+10 Msun  h0=1.34e-15  SNR=0.976
  39. proxy_rank=  36  sky_w=0.99  f=2.53e-09 Hz  Mc=1.67e+10 Msun  h0=1.81e-15  SNR=0.963
  40. proxy_rank=  60  sky_w=1.31  f=3.21e-09 Hz  Mc=1.18e+10 Msun  h0=1.20e-15  SNR=0.938
  41. proxy_rank=  44  sky_w=1.31  f=2.78e-09 Hz  Mc=1.11e+10 Msun  h0=1.31e-15  SNR=0.928
  42. proxy_rank= 594  sky_w=0.92  f=1.49e-08 Hz  Mc=5.57e+09 Msun  h0=9.28e-16  SNR=0.919
  43. proxy_rank=  42  sky_w=0.67  f=2.97e-09 Hz  Mc=2.13e+10 Msun  h0=2.86e-15  SNR=0.917
  44. proxy_rank= 153  sky_w=1.31  f=5.56e-09 Hz  Mc=8.36e+09 Msun  h0=1.07e-15  SNR=0.912
  45. proxy_rank= 168  sky_w=0.50  f=4.28e-09 Hz  Mc=1.46e+10 Msun  h0=1.92e-15  SNR=0.892
  46. proxy_rank=  35  sky_w=0.66  f=2.62e-09 Hz  Mc=1.87e+10 Msun  h0=2.85e-15  SNR=0.890
  47. proxy_rank=  23  sky_w=1.25  f=2.66e-09 Hz  Mc=1.46e+10 Msun  h0=1.73e-15  SNR=0.876
  48. proxy_rank= 231  sky_w=1.21  f=6.65e-09 Hz  Mc=8.08e+09 Msun  h0=9.55e-16  SNR=0.863
  49. proxy_rank=  18  sky_w=1.50  f=2.61e-09 Hz  Mc=1.59e+10 Msun  h0=1.58e-15  SNR=0.862
  50. proxy_rank=  78  sky_w=0.51  f=3.75e-09 Hz  Mc=1.94e+10 Msun  h0=2.81e-15  SNR=0.844
💾 Saved: data/2026-04-29/realistic_run_37/consistent_population_realistic_targetSNR4.25_sims1.json
💾 Saved compressed pickle: data/2026-04-29/realistic_run_37/consistent_population_realistic_targetSNR4.25_sims1.pkl.gz
Saved to figures/cgw_analysis_realistic.pdf

======================================================================
ANALYSIS COMPLETE
Results saved to: data/2026-04-29/realistic_run_37
======================================================================

==========================================
Job finished at: Wed Apr 29 10:53:59 AEST 2026
Exit code: 0
==========================================

+------------------ Job Report: 11728671 (COMPLETED) ------------------+
| Memory (RAM)  [##################  ] 94.4% (30.2 GB peak / 32 GB)    |
| CPU           [###############     ] 78.1% average                   |
| Time          [-------------->     ] 73.7% (0-00:47:54 / 0-01:05:00) |
|                                                                      |
| Lustre Filesystem:                                                   |
|   Path    Total Read    Total Write    Total IOPS                    |
|   ------  ------------  -------------  ------------                  |
|   /apps   24.9 MB       0 B            1.7 K                         |
|   /fred   9 MB          6.3 MB         90                            |
|   /home   8.8 GB        0 B            3.7 K                         |
+----------------------------------------------------------------------+
