==========================================
Job ID: 11728697
Job Name: smbhb_realistic
Node: gina303
Start Time: Wed Apr 29 10:06:11 AEST 2026
==========================================

/home/bhoulden/.conda/envs/smbhb312/share/tempo2
Working directory: /fred/oz005/users/bhoulden/SMBHB_population_injections

Loaded modules:

Starting SMBHB analysis...
==========================================

📁 Save directory: data/2026-04-29/realistic_run_63
📝 Run name: realistic_run_63

[MEM] Start: 244.2 MB

📡 Loading pulsars...
======================================================================
LOADING NANOGRAV PULSARS (libstempo)
======================================================================

📦 Loading from cache: nanograv_pulsars_cache.pkl
⚠ Cache load failed: Ran out of input
[DEBUG] Found 76 .par files
[tempo2Util.C:396] Warning: [MISC1] Unknown parameter in par file:  DMDATA
[tempo2Util.C:401] Warning: [DUP1] duplicated warnings have been suppressed.

WARNING: Using tempo RNAMP parameter: setting TNRedC to 100!
[observatory.C:271] Warning: Assuming site 'arecibo' means 'ao'
✓ Loaded B1855+09 (7758 TOAs)

WARNING: Using tempo RNAMP parameter: setting TNRedC to 100!
✓ Loaded B1937+21 (23023 TOAs)

WARNING: Using tempo RNAMP parameter: setting TNRedC to 100!
✓ Loaded B1937+21ao (7241 TOAs)

WARNING: Using tempo RNAMP parameter: setting TNRedC to 100!
✓ Loaded B1937+21gbt (16048 TOAs)

WARNING: Using tempo RNAMP parameter: setting TNRedC to 100!
✓ Loaded B1953+29 (5126 TOAs)
✓ Loaded J0023+0923 (15896 TOAs)

WARNING: Using tempo RNAMP parameter: setting TNRedC to 100!
✓ Loaded J0030+0451 (19571 TOAs)
✓ Loaded J0340+4130 (11093 TOAs)
✓ Loaded J0406+3039 (2446 TOAs)

WARNING: Using tempo RNAMP parameter: setting TNRedC to 100!
✓ Loaded J0437-4715 (5830 TOAs)
✓ Loaded J0509+0856 (2169 TOAs)
✓ Loaded J0557+1551 (525 TOAs)
✓ Loaded J0605+3757 (554 TOAs)

WARNING: Using tempo RNAMP parameter: setting TNRedC to 100!
✓ Loaded J0610-2100 (4885 TOAs)

WARNING: Using tempo RNAMP parameter: setting TNRedC to 100!
✓ Loaded J0613-0200 (17124 TOAs)
✓ Loaded J0614-3329 (1714 TOAs)
✓ Loaded J0636+5128 (32222 TOAs)
✓ Loaded J0645+5158 (10403 TOAs)
✓ Loaded J0709+0458 (3030 TOAs)
✓ Loaded J0740+6620 (13401 TOAs)
✓ Loaded J0931-1902 (5473 TOAs)

WARNING: Using tempo RNAMP parameter: setting TNRedC to 100!
✓ Loaded J1012+5307 (25837 TOAs)
✓ Loaded J1012-4235 (797 TOAs)
✓ Loaded J1022+1001 (3978 TOAs)
✓ Loaded J1024-0719 (12635 TOAs)
✓ Loaded J1125+7819 (8723 TOAs)
✓ Loaded J1312+0051 (1705 TOAs)
✓ Loaded J1453+1902 (2551 TOAs)
✓ Loaded J1455-3330 (10818 TOAs)

WARNING: Using tempo RNAMP parameter: setting TNRedC to 100!
✓ Loaded J1600-3053 (22955 TOAs)

WARNING: Using tempo RNAMP parameter: setting TNRedC to 100!
✓ Loaded J1600-3053gbt (19725 TOAs)

WARNING: Using tempo RNAMP parameter: setting TNRedC to 100!
✓ Loaded J1614-2230 (18445 TOAs)
✓ Loaded J1630+3734 (1815 TOAs)
✓ Loaded J1640+2224 (14066 TOAs)

WARNING: Using tempo RNAMP parameter: setting TNRedC to 100!
✓ Loaded J1643-1224 (22144 TOAs)

WARNING: Using tempo RNAMP parameter: setting TNRedC to 100!
✓ Loaded J1643-1224gbt (17932 TOAs)

WARNING: Using tempo RNAMP parameter: setting TNRedC to 100!
✓ Loaded J1705-1903 (9871 TOAs)

WARNING: Using tempo RNAMP parameter: setting TNRedC to 100!
✓ Loaded J1713+0747 (59389 TOAs)

WARNING: Using tempo RNAMP parameter: setting TNRedC to 100!
✓ Loaded J1713+0747ao (21362 TOAs)

WARNING: Using tempo RNAMP parameter: setting TNRedC to 100!
✓ Loaded J1713+0747gbt (32963 TOAs)
✓ Loaded J1719-1438 (6356 TOAs)
✓ Loaded J1730-2304 (4870 TOAs)
✓ Loaded J1738+0333 (8790 TOAs)
✓ Loaded J1741+1351 (5582 TOAs)

WARNING: Using tempo RNAMP parameter: setting TNRedC to 100!
✓ Loaded J1744-1134 (17745 TOAs)

WARNING: Using tempo RNAMP parameter: setting TNRedC to 100!
✓ Loaded J1745+1017 (3017 TOAs)

WARNING: Using tempo RNAMP parameter: setting TNRedC to 100!
✓ Loaded J1747-4036 (11055 TOAs)
✓ Loaded J1751-2857 (2025 TOAs)

WARNING: Using tempo RNAMP parameter: setting TNRedC to 100!
✓ Loaded J1802-2124 (6796 TOAs)
✓ Loaded J1811-2405 (5266 TOAs)
✓ Loaded J1832-0836 (7739 TOAs)
✓ Loaded J1843-1113 (4595 TOAs)

WARNING: Using tempo RNAMP parameter: setting TNRedC to 100!
✓ Loaded J1853+1303 (4570 TOAs)

WARNING: Using tempo RNAMP parameter: setting TNRedC to 100!
✓ Loaded J1903+0327 (6856 TOAs)

WARNING: Using tempo RNAMP parameter: setting TNRedC to 100!
✓ Loaded J1903+0327ao (6423 TOAs)

WARNING: Using tempo RNAMP parameter: setting TNRedC to 100!
✓ Loaded J1909-3744 (35037 TOAs)

WARNING: Using tempo RNAMP parameter: setting TNRedC to 100!
✓ Loaded J1909-3744gbt (31526 TOAs)
✓ Loaded J1910+1256 (6486 TOAs)
✓ Loaded J1911+1347 (3786 TOAs)
✓ Loaded J1918-0642 (18875 TOAs)
✓ Loaded J1923+2515 (3974 TOAs)
✓ Loaded J1944+0907 (5328 TOAs)

WARNING: Using tempo RNAMP parameter: setting TNRedC to 100!
✓ Loaded J1946+3417 (4743 TOAs)
✓ Loaded J2010-1323 (17077 TOAs)
✓ Loaded J2017+0603 (3512 TOAs)
✓ Loaded J2033+1734 (3847 TOAs)
✓ Loaded J2043+1711 (7397 TOAs)
✓ Loaded J2124-3358 (4982 TOAs)

WARNING: Using tempo RNAMP parameter: setting TNRedC to 100!
✓ Loaded J2145-0750 (18675 TOAs)
✓ Loaded J2214+3000 (7406 TOAs)
✓ Loaded J2229+2643 (3711 TOAs)

WARNING: Using tempo RNAMP parameter: setting TNRedC to 100!
✓ Loaded J2234+0611 (3566 TOAs)
✓ Loaded J2234+0944 (7535 TOAs)
✓ Loaded J2302+4442 (10211 TOAs)
✓ Loaded J2317+1439 (13927 TOAs)
✓ Loaded J2322+2057 (3088 TOAs)
⚠ Could not save cache: no default __reduce__ due to non-trivial __cinit__

✓ Loaded 76 pulsars
✗ Failed: 0 — []
[MEM] After loading pulsars: 8794.7 MB

🔍 Filtering pulsars...

Filtered: 76 → 67 pulsars
[MEM] After filtering pulsars: 8795.7 MB
[MEM] After garbage collection: 8795.8 MB

======================================================================
SMBHB POPULATION ANALYSIS
======================================================================

Configuration: realistic
  Medium mass, medium spread in distance, medium population
  N_binaries: 20000

======================================================================
CONSISTENT POPULATION SYNTHESIS
======================================================================

======================================================================
GENERATING SNR-CONSISTENT POPULATIONS
======================================================================
Target SNR:          4.0
Simulations:         1
======================================================================


──────────────────────────────────────────────────────────────────────
SIMULATION 1/1
──────────────────────────────────────────────────────────────────────
  [B1855+09] zeroing residuals...
  [B1855+09] adding red noise...
  [B1855+09] white noise for L-wide_ASP (1178 TOAs)...
  [B1855+09] white noise for 430_ASP (390 TOAs)...
  [B1855+09] white noise for L-wide_PUPPI (5005 TOAs)...
  [B1855+09] white noise for 430_PUPPI (1185 TOAs)...
  [B1937+21] zeroing residuals...
  [B1937+21] adding red noise...
  [B1937+21] white noise for Rcvr_800_GUPPI (7140 TOAs)...
  [B1937+21] white noise for Rcvr1_2_GUPPI (7048 TOAs)...
  [B1937+21] white noise for Rcvr_800_GASP (586 TOAs)...
  [B1937+21] white noise for S-wide_ASP (344 TOAs)...
  [B1937+21] white noise for L-wide_PUPPI (4133 TOAs)...
  [B1937+21] white noise for S-wide_PUPPI (2251 TOAs)...
  [B1937+21] white noise for L-wide_ASP (452 TOAs)...
  [B1937+21] white noise for Rcvr1_2_GASP (1069 TOAs)...
  [B1953+29] zeroing residuals...
  [B1953+29] adding red noise...
  [B1953+29] white noise for 430_PUPPI (941 TOAs)...
  [B1953+29] white noise for 430_ASP (29 TOAs)...
  [B1953+29] white noise for S-wide_ASP (25 TOAs)...
  [B1953+29] white noise for L-wide_PUPPI (4037 TOAs)...
  [B1953+29] white noise for L-wide_ASP (94 TOAs)...
  [J0023+0923] zeroing residuals...
  [J0023+0923] adding red noise...
  [J0023+0923] white noise for L-wide_ASP (119 TOAs)...
  [J0023+0923] white noise for 430_ASP (90 TOAs)...
  [J0023+0923] white noise for L-wide_PUPPI (11123 TOAs)...
  [J0023+0923] white noise for 430_PUPPI (4564 TOAs)...
  [J0030+0451] zeroing residuals...
  [J0030+0451] adding red noise...
  [J0030+0451] white noise for 430_PUPPI (3068 TOAs)...
  [J0030+0451] white noise for 430_ASP (267 TOAs)...
  [J0030+0451] white noise for S-wide_PUPPI (2673 TOAs)...
  [J0030+0451] white noise for L-wide_PUPPI (12774 TOAs)...
  [J0030+0451] white noise for L-wide_ASP (789 TOAs)...
  [J0340+4130] zeroing residuals...
  [J0340+4130] adding red noise...
  [J0340+4130] white noise for Rcvr1_2_GUPPI (5037 TOAs)...
  [J0340+4130] white noise for Rcvr_800_GUPPI (6056 TOAs)...
  [J0406+3039] zeroing residuals...
  [J0406+3039] adding red noise...
  [J0406+3039] white noise for S-wide_PUPPI (575 TOAs)...
  [J0406+3039] white noise for L-wide_PUPPI (1871 TOAs)...
  [J0437-4715] zeroing residuals...
  [J0437-4715] adding red noise...
  [J0437-4715] white noise for 1.5GHz_YUPPI (2134 TOAs)...
  [J0437-4715] white noise for 3GHz_YUPPI (3696 TOAs)...
  [J0509+0856] zeroing residuals...
  [J0509+0856] adding red noise...
  [J0509+0856] white noise for S-wide_PUPPI (544 TOAs)...
  [J0509+0856] white noise for L-wide_PUPPI (1625 TOAs)...
  [J0557+1551] zeroing residuals...
  [J0557+1551] adding red noise...
  [J0557+1551] white noise for S-wide_PUPPI (58 TOAs)...
  [J0557+1551] white noise for L-wide_PUPPI (467 TOAs)...
  [J0605+3757] zeroing residuals...
  [J0605+3757] adding red noise...
  [J0605+3757] white noise for Rcvr1_2_GUPPI (318 TOAs)...
  [J0605+3757] white noise for Rcvr_800_GUPPI (236 TOAs)...
  [J0610-2100] zeroing residuals...
  [J0610-2100] adding red noise...
  [J0610-2100] white noise for Rcvr1_2_GUPPI (2401 TOAs)...
  [J0610-2100] white noise for Rcvr_800_GUPPI (2484 TOAs)...
  [J0613-0200] zeroing residuals...
  [J0613-0200] adding red noise...
  [J0613-0200] white noise for Rcvr1_2_GUPPI (7423 TOAs)...
  [J0613-0200] white noise for Rcvr_800_GASP (809 TOAs)...
  [J0613-0200] white noise for Rcvr_800_GUPPI (7900 TOAs)...
  [J0613-0200] white noise for Rcvr1_2_GASP (992 TOAs)...
  [J0636+5128] zeroing residuals...
  [J0636+5128] adding red noise...
  [J0636+5128] white noise for Rcvr1_2_GUPPI (14803 TOAs)...
  [J0636+5128] white noise for Rcvr_800_GUPPI (17419 TOAs)...
  [J0645+5158] zeroing residuals...
  [J0645+5158] adding red noise...
  [J0645+5158] white noise for Rcvr1_2_GUPPI (5721 TOAs)...
  [J0645+5158] white noise for Rcvr_800_GUPPI (4682 TOAs)...
  [J0709+0458] zeroing residuals...
  [J0709+0458] adding red noise...
  [J0709+0458] white noise for S-wide_PUPPI (595 TOAs)...
  [J0709+0458] white noise for L-wide_PUPPI (2435 TOAs)...
  [J0740+6620] zeroing residuals...
  [J0740+6620] adding red noise...
  [J0740+6620] white noise for Rcvr1_2_GUPPI (8265 TOAs)...
  [J0740+6620] white noise for Rcvr_800_GUPPI (5136 TOAs)...
  [J0931-1902] zeroing residuals...
  [J0931-1902] adding red noise...
  [J0931-1902] white noise for Rcvr1_2_GUPPI (2054 TOAs)...
  [J0931-1902] white noise for Rcvr_800_GUPPI (3419 TOAs)...
  [J1012+5307] zeroing residuals...
  [J1012+5307] adding red noise...
  [J1012+5307] white noise for Rcvr1_2_GUPPI (12849 TOAs)...
  [J1012+5307] white noise for Rcvr_800_GASP (1210 TOAs)...
  [J1012+5307] white noise for Rcvr_800_GUPPI (10299 TOAs)...
  [J1012+5307] white noise for Rcvr1_2_GASP (1479 TOAs)...
  [J1012-4235] zeroing residuals...
  [J1012-4235] adding red noise...
  [J1012-4235] white noise for Rcvr1_2_GUPPI (455 TOAs)...
  [J1012-4235] white noise for Rcvr_800_GUPPI (342 TOAs)...
  [J1022+1001] zeroing residuals...
  [J1022+1001] adding red noise...
  [J1022+1001] white noise for S-wide_PUPPI (1154 TOAs)...
  [J1022+1001] white noise for L-wide_PUPPI (2592 TOAs)...
  [J1022+1001] white noise for 430_PUPPI (232 TOAs)...
  [J1024-0719] zeroing residuals...
  [J1024-0719] adding red noise...
  [J1024-0719] white noise for Rcvr1_2_GUPPI (7086 TOAs)...
  [J1024-0719] white noise for Rcvr_800_GASP (51 TOAs)...
  [J1024-0719] white noise for Rcvr_800_GUPPI (5455 TOAs)...
  [J1024-0719] white noise for Rcvr1_2_GASP (43 TOAs)...
  [J1125+7819] zeroing residuals...
  [J1125+7819] adding red noise...
  [J1125+7819] white noise for Rcvr1_2_GUPPI (4016 TOAs)...
  [J1125+7819] white noise for Rcvr_800_GUPPI (4707 TOAs)...
  [J1312+0051] zeroing residuals...
  [J1312+0051] adding red noise...
  [J1312+0051] white noise for S-wide_PUPPI (416 TOAs)...
  [J1312+0051] white noise for L-wide_PUPPI (1289 TOAs)...
  [J1453+1902] zeroing residuals...
  [J1453+1902] adding red noise...
  [J1453+1902] white noise for S-wide_PUPPI (4 TOAs)...
  [J1453+1902] white noise for L-wide_PUPPI (2122 TOAs)...
  [J1453+1902] white noise for 430_PUPPI (425 TOAs)...
  [J1455-3330] zeroing residuals...
  [J1455-3330] adding red noise...
  [J1455-3330] white noise for Rcvr1_2_GUPPI (4932 TOAs)...
  [J1455-3330] white noise for Rcvr_800_GASP (479 TOAs)...
  [J1455-3330] white noise for Rcvr_800_GUPPI (4843 TOAs)...
  [J1455-3330] white noise for Rcvr1_2_GASP (564 TOAs)...
  [J1600-3053] zeroing residuals...
  [J1600-3053] adding red noise...
  [J1600-3053] white noise for Rcvr_800_GUPPI (8796 TOAs)...
  [J1600-3053] white noise for 3GHz_YUPPI (3237 TOAs)...
  [J1600-3053] white noise for Rcvr1_2_GUPPI (10168 TOAs)...
  [J1600-3053] white noise for Rcvr_800_GASP (297 TOAs)...
  [J1600-3053] white noise for Rcvr1_2_GASP (457 TOAs)...
  [J1614-2230] zeroing residuals...
  [J1614-2230] adding red noise...
  [J1614-2230] white noise for Rcvr1_2_GUPPI (10509 TOAs)...
  [J1614-2230] white noise for Rcvr_800_GASP (84 TOAs)...
  [J1614-2230] white noise for Rcvr_800_GUPPI (7768 TOAs)...
  [J1614-2230] white noise for Rcvr1_2_GASP (84 TOAs)...
  [J1630+3734] zeroing residuals...
  [J1630+3734] adding red noise...
  [J1630+3734] white noise for Rcvr1_2_GUPPI (909 TOAs)...
  [J1630+3734] white noise for Rcvr_800_GUPPI (906 TOAs)...
  [J1640+2224] zeroing residuals...
  [J1640+2224] adding red noise...
  [J1640+2224] white noise for L-wide_ASP (722 TOAs)...
  [J1640+2224] white noise for 430_ASP (340 TOAs)...
  [J1640+2224] white noise for L-wide_PUPPI (9847 TOAs)...
  [J1640+2224] white noise for 430_PUPPI (3157 TOAs)...
  [J1643-1224] zeroing residuals...
  [J1643-1224] adding red noise...
  [J1643-1224] white noise for Rcvr_800_GUPPI (7734 TOAs)...
  [J1643-1224] white noise for 3GHz_YUPPI (4215 TOAs)...
  [J1643-1224] white noise for Rcvr1_2_GUPPI (8803 TOAs)...
  [J1643-1224] white noise for Rcvr_800_GASP (559 TOAs)...
  [J1643-1224] white noise for Rcvr1_2_GASP (833 TOAs)...
  [J1705-1903] zeroing residuals...
  [J1705-1903] adding red noise...
  [J1705-1903] white noise for Rcvr1_2_GUPPI (6350 TOAs)...
  [J1705-1903] white noise for Rcvr_800_GUPPI (3521 TOAs)...
  [J1713+0747] zeroing residuals...
  [J1713+0747] adding red noise...
  [J1713+0747] white noise for Rcvr_800_GUPPI (8479 TOAs)...
  [J1713+0747] white noise for 3GHz_YUPPI (3282 TOAs)...
  [J1713+0747] white noise for 1.5GHz_YUPPI (1461 TOAs)...
  [J1713+0747] white noise for Rcvr1_2_GUPPI (22334 TOAs)...
  [J1713+0747] white noise for Rcvr_800_GASP (1032 TOAs)...
  [J1713+0747] white noise for S-wide_ASP (624 TOAs)...
  [J1713+0747] white noise for L-wide_PUPPI (12743 TOAs)...
  [J1713+0747] white noise for S-wide_PUPPI (7482 TOAs)...
  [J1713+0747] white noise for L-wide_ASP (843 TOAs)...
  [J1713+0747] white noise for Rcvr1_2_GASP (1109 TOAs)...
  [J1719-1438] zeroing residuals...
  [J1719-1438] adding red noise...
  [J1719-1438] white noise for Rcvr1_2_GUPPI (2722 TOAs)...
  [J1719-1438] white noise for Rcvr_800_GUPPI (3634 TOAs)...
  [J1730-2304] zeroing residuals...
  [J1730-2304] adding red noise...
  [J1730-2304] white noise for Rcvr1_2_GUPPI (2367 TOAs)...
  [J1730-2304] white noise for Rcvr_800_GUPPI (2503 TOAs)...
  [J1738+0333] zeroing residuals...
  [J1738+0333] adding red noise...
  [J1738+0333] white noise for S-wide_ASP (134 TOAs)...
  [J1738+0333] white noise for L-wide_ASP (201 TOAs)...
  [J1738+0333] white noise for L-wide_PUPPI (6718 TOAs)...
  [J1738+0333] white noise for S-wide_PUPPI (1737 TOAs)...
  [J1741+1351] zeroing residuals...
  [J1741+1351] adding red noise...
  [J1741+1351] white noise for 430_PUPPI (1159 TOAs)...
  [J1741+1351] white noise for 430_ASP (27 TOAs)...
  [J1741+1351] white noise for S-wide_ASP (115 TOAs)...
  [J1741+1351] white noise for L-wide_PUPPI (4045 TOAs)...
  [J1741+1351] white noise for L-wide_ASP (236 TOAs)...
  [J1744-1134] zeroing residuals...
  [J1744-1134] adding red noise...
  [J1744-1134] white noise for Rcvr1_2_GUPPI (8109 TOAs)...
  [J1744-1134] white noise for Rcvr_800_GASP (930 TOAs)...
  [J1744-1134] white noise for Rcvr_800_GUPPI (7899 TOAs)...
  [J1744-1134] white noise for Rcvr1_2_GASP (807 TOAs)...
  [J1745+1017] zeroing residuals...
  [J1745+1017] adding red noise...
  [J1745+1017] white noise for S-wide_PUPPI (838 TOAs)...
  [J1745+1017] white noise for L-wide_PUPPI (2179 TOAs)...
  [J1747-4036] zeroing residuals...
  [J1747-4036] adding red noise...
  [J1747-4036] white noise for Rcvr1_2_GUPPI (5239 TOAs)...
  [J1747-4036] white noise for Rcvr_800_GUPPI (5816 TOAs)...
  [J1751-2857] zeroing residuals...
  [J1751-2857] adding red noise...
  [J1751-2857] white noise for Rcvr1_2_GUPPI (1786 TOAs)...
  [J1751-2857] white noise for Rcvr_800_GUPPI (239 TOAs)...
  [J1802-2124] zeroing residuals...
  [J1802-2124] adding red noise...
  [J1802-2124] white noise for Rcvr1_2_GUPPI (3231 TOAs)...
  [J1802-2124] white noise for Rcvr_800_GUPPI (3565 TOAs)...
  [J1811-2405] zeroing residuals...
  [J1811-2405] adding red noise...
  [J1811-2405] white noise for Rcvr1_2_GUPPI (2638 TOAs)...
  [J1811-2405] white noise for Rcvr_800_GUPPI (2628 TOAs)...
  [J1832-0836] zeroing residuals...
  [J1832-0836] adding red noise...
  [J1832-0836] white noise for Rcvr1_2_GUPPI (4661 TOAs)...
  [J1832-0836] white noise for Rcvr_800_GUPPI (3078 TOAs)...
  [J1843-1113] zeroing residuals...
  [J1843-1113] adding red noise...
  [J1843-1113] white noise for Rcvr1_2_GUPPI (2394 TOAs)...
  [J1843-1113] white noise for Rcvr_800_GUPPI (2201 TOAs)...
  [J1853+1303] zeroing residuals...
  [J1853+1303] adding red noise...
  [J1853+1303] white noise for L-wide_ASP (33 TOAs)...
  [J1853+1303] white noise for 430_ASP (24 TOAs)...
  [J1853+1303] white noise for L-wide_PUPPI (3362 TOAs)...
  [J1853+1303] white noise for 430_PUPPI (1151 TOAs)...
  [J1903+0327] zeroing residuals...
  [J1903+0327] adding red noise...
  [J1903+0327] white noise for 3GHz_YUPPI (439 TOAs)...
  [J1903+0327] white noise for S-wide_ASP (151 TOAs)...
  [J1903+0327] white noise for S-wide_PUPPI (2282 TOAs)...
  [J1903+0327] white noise for L-wide_PUPPI (3845 TOAs)...
  [J1903+0327] white noise for L-wide_ASP (139 TOAs)...
  [J1909-3744] zeroing residuals...
  [J1909-3744] adding red noise...
  [J1909-3744] white noise for Rcvr_800_GUPPI (9399 TOAs)...
  [J1909-3744] white noise for 3GHz_YUPPI (3525 TOAs)...
  [J1909-3744] white noise for Rcvr1_2_GUPPI (20439 TOAs)...
  [J1909-3744] white noise for Rcvr_800_GASP (866 TOAs)...
  [J1909-3744] white noise for Rcvr1_2_GASP (808 TOAs)...
  [J1910+1256] zeroing residuals...
  [J1910+1256] adding red noise...
  [J1910+1256] white noise for S-wide_ASP (208 TOAs)...
  [J1910+1256] white noise for L-wide_ASP (297 TOAs)...
  [J1910+1256] white noise for L-wide_PUPPI (4124 TOAs)...
  [J1910+1256] white noise for S-wide_PUPPI (1857 TOAs)...
  [J1911+1347] zeroing residuals...
  [J1911+1347] adding red noise...
  [J1911+1347] white noise for L-wide_PUPPI (3033 TOAs)...
  [J1911+1347] white noise for 430_PUPPI (753 TOAs)...
  [J1918-0642] zeroing residuals...
  [J1918-0642] adding red noise...
  [J1918-0642] white noise for Rcvr1_2_GUPPI (8910 TOAs)...
  [J1918-0642] white noise for Rcvr_800_GASP (835 TOAs)...
  [J1918-0642] white noise for Rcvr_800_GUPPI (8352 TOAs)...
  [J1918-0642] white noise for Rcvr1_2_GASP (778 TOAs)...
  [J1923+2515] zeroing residuals...
  [J1923+2515] adding red noise...
  [J1923+2515] white noise for L-wide_ASP (14 TOAs)...
  [J1923+2515] white noise for 430_ASP (10 TOAs)...
  [J1923+2515] white noise for L-wide_PUPPI (3028 TOAs)...
  [J1923+2515] white noise for 430_PUPPI (922 TOAs)...
  [J1944+0907] zeroing residuals...
  [J1944+0907] adding red noise...
  [J1944+0907] white noise for 430_PUPPI (1017 TOAs)...
  [J1944+0907] white noise for 430_ASP (38 TOAs)...
  [J1944+0907] white noise for S-wide_ASP (116 TOAs)...
  [J1944+0907] white noise for L-wide_PUPPI (3900 TOAs)...
  [J1944+0907] white noise for L-wide_ASP (257 TOAs)...
  [J1946+3417] zeroing residuals...
  [J1946+3417] adding red noise...
  [J1946+3417] white noise for S-wide_PUPPI (1546 TOAs)...
  [J1946+3417] white noise for L-wide_PUPPI (3197 TOAs)...
  [J2010-1323] zeroing residuals...
  [J2010-1323] adding red noise...
  [J2010-1323] white noise for Rcvr1_2_GUPPI (7779 TOAs)...
  [J2010-1323] white noise for Rcvr_800_GASP (70 TOAs)...
  [J2010-1323] white noise for Rcvr_800_GUPPI (9158 TOAs)...
  [J2010-1323] white noise for Rcvr1_2_GASP (70 TOAs)...
  [J2017+0603] zeroing residuals...
  [J2017+0603] adding red noise...
  [J2017+0603] white noise for L-wide_ASP (16 TOAs)...
  [J2017+0603] white noise for S-wide_PUPPI (849 TOAs)...
  [J2017+0603] white noise for L-wide_PUPPI (2569 TOAs)...
  [J2017+0603] white noise for 430_PUPPI (78 TOAs)...
  [J2033+1734] zeroing residuals...
  [J2033+1734] adding red noise...
  [J2033+1734] white noise for L-wide_PUPPI (3050 TOAs)...
  [J2033+1734] white noise for 430_PUPPI (797 TOAs)...
  [J2043+1711] zeroing residuals...
  [J2043+1711] adding red noise...
  [J2043+1711] white noise for L-wide_ASP (40 TOAs)...
  [J2043+1711] white noise for 430_ASP (30 TOAs)...
  [J2043+1711] white noise for L-wide_PUPPI (4419 TOAs)...
  [J2043+1711] white noise for 430_PUPPI (2908 TOAs)...
  [J2124-3358] zeroing residuals...
  [J2124-3358] adding red noise...
  [J2124-3358] white noise for Rcvr1_2_GUPPI (2957 TOAs)...
  [J2124-3358] white noise for Rcvr_800_GUPPI (2025 TOAs)...
  [J2145-0750] zeroing residuals...
  [J2145-0750] adding red noise...
  [J2145-0750] white noise for Rcvr1_2_GUPPI (9158 TOAs)...
  [J2145-0750] white noise for Rcvr_800_GASP (362 TOAs)...
  [J2145-0750] white noise for Rcvr_800_GUPPI (8728 TOAs)...
  [J2145-0750] white noise for Rcvr1_2_GASP (427 TOAs)...
  [J2214+3000] zeroing residuals...
  [J2214+3000] adding red noise...
  [J2214+3000] white noise for L-wide_ASP (9 TOAs)...
  [J2214+3000] white noise for L-wide_PUPPI (5829 TOAs)...
  [J2214+3000] white noise for S-wide_PUPPI (1568 TOAs)...
  [J2229+2643] zeroing residuals...
  [J2229+2643] adding red noise...
  [J2229+2643] white noise for L-wide_PUPPI (2755 TOAs)...
  [J2229+2643] white noise for 430_PUPPI (956 TOAs)...
  [J2234+0611] zeroing residuals...
  [J2234+0611] adding red noise...
  [J2234+0611] white noise for L-wide_PUPPI (2913 TOAs)...
  [J2234+0611] white noise for 430_PUPPI (653 TOAs)...
  [J2234+0944] zeroing residuals...
  [J2234+0944] adding red noise...
  [J2234+0944] white noise for S-wide_PUPPI (2532 TOAs)...
  [J2234+0944] white noise for L-wide_PUPPI (5003 TOAs)...
  [J2302+4442] zeroing residuals...
  [J2302+4442] adding red noise...
  [J2302+4442] white noise for Rcvr1_2_GUPPI (3779 TOAs)...
  [J2302+4442] white noise for Rcvr_800_GUPPI (6432 TOAs)...
  [J2317+1439] zeroing residuals...
  [J2317+1439] adding red noise...
  [J2317+1439] white noise for 430_PUPPI (3217 TOAs)...
  [J2317+1439] white noise for 430_ASP (458 TOAs)...
  [J2317+1439] white noise for 327_PUPPI (276 TOAs)...
  [J2317+1439] white noise for L-wide_PUPPI (9563 TOAs)...
  [J2317+1439] white noise for 327_ASP (413 TOAs)...
  [J2322+2057] zeroing residuals...
  [J2322+2057] adding red noise...
  [J2322+2057] white noise for S-wide_PUPPI (140 TOAs)...
  [J2322+2057] white noise for L-wide_PUPPI (2196 TOAs)...
  [J2322+2057] white noise for 430_PUPPI (752 TOAs)...
Resetting pulsars to clean stoas...
Restore: 0.01 s
Inject: 0.00 s
Snapshotting into enterprise Pulsar objects...
Building PTA...
PTA build: 451.78 s
Computing optimal statistic...
OS time: 67.25 s
Total: 519.04 s
Noise-only SNR baseline: -0.4532

Generating SNR-consistent population...
Target SNR: 4.0
Resetting pulsars to clean stoas...
Restore: 0.01 s
Injecting population...
  B1855+09: RMS = 3085.681 ns
  B1937+21: RMS = 2000.131 ns
  B1953+29: RMS = 1025.055 ns
  J0023+0923: RMS = 2385.715 ns
  J0030+0451: RMS = 1437.308 ns
  J0340+4130: RMS = 862.492 ns
  J0406+3039: RMS = 174.287 ns
  J0437-4715: RMS = 1546.748 ns
  J0509+0856: RMS = 106.619 ns
  J0557+1551: RMS = 2107.767 ns
  J0605+3757: RMS = 1593.441 ns
  J0610-2100: RMS = 522.919 ns
  J0613-0200: RMS = 1039.757 ns
  J0636+5128: RMS = 1277.428 ns
  J0645+5158: RMS = 1536.793 ns
  J0709+0458: RMS = 1919.486 ns
  J0740+6620: RMS = 2213.823 ns
  J0931-1902: RMS = 2297.871 ns
  J1012+5307: RMS = 1539.688 ns
  J1012-4235: RMS = 1359.220 ns
  J1022+1001: RMS = 612.011 ns
  J1024-0719: RMS = 2114.313 ns
  J1125+7819: RMS = 2151.232 ns
  J1312+0051: RMS = 3571.650 ns
  J1453+1902: RMS = 1696.710 ns
  J1455-3330: RMS = 1865.944 ns
  J1600-3053: RMS = 1673.370 ns
  J1614-2230: RMS = 1768.276 ns
  J1630+3734: RMS = 1241.643 ns
  J1640+2224: RMS = 4248.876 ns
  J1643-1224: RMS = 2519.377 ns
  J1705-1903: RMS = 2246.558 ns
  J1713+0747: RMS = 3511.081 ns
  J1719-1438: RMS = 2117.578 ns
  J1730-2304: RMS = 1948.541 ns
  J1738+0333: RMS = 3471.848 ns
  J1741+1351: RMS = 3177.963 ns
  J1744-1134: RMS = 2276.543 ns
  J1745+1017: RMS = 2852.350 ns
  J1747-4036: RMS = 1592.326 ns
  J1751-2857: RMS = 1833.300 ns
  J1802-2124: RMS = 1533.358 ns
  J1811-2405: RMS = 852.220 ns
  J1832-0836: RMS = 2277.358 ns
  J1843-1113: RMS = 963.891 ns
  J1853+1303: RMS = 3018.017 ns
  J1903+0327: RMS = 2236.004 ns
  J1909-3744: RMS = 3296.631 ns
  J1910+1256: RMS = 2737.872 ns
  J1911+1347: RMS = 2744.352 ns
  J1918-0642: RMS = 1789.135 ns
  J1923+2515: RMS = 2270.181 ns
  J1944+0907: RMS = 2623.414 ns
  J1946+3417: RMS = 1465.473 ns
  J2010-1323: RMS = 3237.165 ns
  J2017+0603: RMS = 2047.969 ns
  J2033+1734: RMS = 1139.897 ns
  J2043+1711: RMS = 1105.439 ns
  J2124-3358: RMS = 3478.452 ns
  J2145-0750: RMS = 2438.416 ns
  J2214+3000: RMS = 958.914 ns
  J2229+2643: RMS = 1205.828 ns
  J2234+0611: RMS = 653.383 ns
  J2234+0944: RMS = 1209.219 ns
  J2302+4442: RMS = 2223.332 ns
  J2317+1439: RMS = 997.698 ns
  J2322+2057: RMS = 1279.739 ns
Inject: 0.90 s
Snapshotting into enterprise Pulsar objects...
Building PTA...
PTA build: 451.49 s
Computing optimal statistic...
OS time: 62.63 s
Total: 515.03 s
Initial SNR: 49.1027, Target SNR: 4.0000
  Initial SNR 49.1027 outside of provided SNR_range [3.5, 4.25] — rescaling.
Scaling distances by factor 3.3359 to achieve target SNR...
Resetting pulsars to clean stoas...
Restore: 0.00 s
Injecting population...
  B1855+09: RMS = 924.994 ns
  B1937+21: RMS = 599.579 ns
  B1953+29: RMS = 307.281 ns
  J0023+0923: RMS = 715.166 ns
  J0030+0451: RMS = 430.862 ns
  J0340+4130: RMS = 258.549 ns
  J0406+3039: RMS = 52.246 ns
  J0437-4715: RMS = 463.668 ns
  J0509+0856: RMS = 31.961 ns
  J0557+1551: RMS = 631.845 ns
  J0605+3757: RMS = 477.666 ns
  J0610-2100: RMS = 156.756 ns
  J0613-0200: RMS = 311.688 ns
  J0636+5128: RMS = 382.934 ns
  J0645+5158: RMS = 460.684 ns
  J0709+0458: RMS = 575.404 ns
  J0740+6620: RMS = 663.637 ns
  J0931-1902: RMS = 688.833 ns
  J1012+5307: RMS = 461.552 ns
  J1012-4235: RMS = 407.453 ns
  J1022+1001: RMS = 183.462 ns
  J1024-0719: RMS = 633.808 ns
  J1125+7819: RMS = 644.875 ns
  J1312+0051: RMS = 1070.673 ns
  J1453+1902: RMS = 508.622 ns
  J1455-3330: RMS = 559.354 ns
  J1600-3053: RMS = 501.626 ns
  J1614-2230: RMS = 530.076 ns
  J1630+3734: RMS = 372.207 ns
  J1640+2224: RMS = 1273.685 ns
  J1643-1224: RMS = 755.233 ns
  J1705-1903: RMS = 673.451 ns
  J1713+0747: RMS = 1052.516 ns
  J1719-1438: RMS = 634.786 ns
  J1730-2304: RMS = 584.114 ns
  J1738+0333: RMS = 1040.756 ns
  J1741+1351: RMS = 952.658 ns
  J1744-1134: RMS = 682.439 ns
  J1745+1017: RMS = 855.049 ns
  J1747-4036: RMS = 477.332 ns
  J1751-2857: RMS = 549.568 ns
  J1802-2124: RMS = 459.655 ns
  J1811-2405: RMS = 255.470 ns
  J1832-0836: RMS = 682.684 ns
  J1843-1113: RMS = 288.946 ns
  J1853+1303: RMS = 904.711 ns
  J1903+0327: RMS = 670.287 ns
  J1909-3744: RMS = 988.231 ns
  J1910+1256: RMS = 820.732 ns
  J1911+1347: RMS = 822.674 ns
  J1918-0642: RMS = 536.329 ns
  J1923+2515: RMS = 680.532 ns
  J1944+0907: RMS = 786.421 ns
  J1946+3417: RMS = 439.305 ns
  J2010-1323: RMS = 970.405 ns
  J2017+0603: RMS = 613.920 ns
  J2033+1734: RMS = 341.707 ns
  J2043+1711: RMS = 331.377 ns
  J2124-3358: RMS = 1042.735 ns
  J2145-0750: RMS = 730.964 ns
  J2214+3000: RMS = 287.454 ns
  J2229+2643: RMS = 361.471 ns
  J2234+0611: RMS = 195.864 ns
  J2234+0944: RMS = 362.488 ns
  J2302+4442: RMS = 666.488 ns
  J2317+1439: RMS = 299.080 ns
  J2322+2057: RMS = 383.627 ns
Inject: 0.80 s
Snapshotting into enterprise Pulsar objects...
Building PTA...
PTA build: 450.50 s
Computing optimal statistic...
OS time: 65.49 s
Total: 516.80 s
  SNR 4.7770 outside of provided SNR_range [3.5, 4.25] — rescaling.
[Iteration 1/4] SNR after scaling: 4.7770 (target: 4.0000)
  SNR history: it0→49.1027@1.0000x, it1→4.7770@3.3359x
  Re-scaling distances by factor 1.0900  (cumulative after: 3.6361×)
Resetting pulsars to clean stoas...
Restore: 0.01 s
Injecting population...
  B1855+09: RMS = 848.631 ns
  B1937+21: RMS = 550.080 ns
  B1953+29: RMS = 281.913 ns
  J0023+0923: RMS = 656.125 ns
  J0030+0451: RMS = 395.292 ns
  J0340+4130: RMS = 237.205 ns
  J0406+3039: RMS = 47.933 ns
  J0437-4715: RMS = 425.390 ns
  J0509+0856: RMS = 29.323 ns
  J0557+1551: RMS = 579.683 ns
  J0605+3757: RMS = 438.232 ns
  J0610-2100: RMS = 143.814 ns
  J0613-0200: RMS = 285.956 ns
  J0636+5128: RMS = 351.321 ns
  J0645+5158: RMS = 422.652 ns
  J0709+0458: RMS = 527.901 ns
  J0740+6620: RMS = 608.851 ns
  J0931-1902: RMS = 631.966 ns
  J1012+5307: RMS = 423.449 ns
  J1012-4235: RMS = 373.816 ns
  J1022+1001: RMS = 168.317 ns
  J1024-0719: RMS = 581.483 ns
  J1125+7819: RMS = 591.637 ns
  J1312+0051: RMS = 982.283 ns
  J1453+1902: RMS = 466.633 ns
  J1455-3330: RMS = 513.176 ns
  J1600-3053: RMS = 460.214 ns
  J1614-2230: RMS = 486.315 ns
  J1630+3734: RMS = 341.479 ns
  J1640+2224: RMS = 1168.535 ns
  J1643-1224: RMS = 692.885 ns
  J1705-1903: RMS = 617.854 ns
  J1713+0747: RMS = 965.625 ns
  J1719-1438: RMS = 582.381 ns
  J1730-2304: RMS = 535.892 ns
  J1738+0333: RMS = 954.836 ns
  J1741+1351: RMS = 874.011 ns
  J1744-1134: RMS = 626.100 ns
  J1745+1017: RMS = 784.460 ns
  J1747-4036: RMS = 437.925 ns
  J1751-2857: RMS = 504.198 ns
  J1802-2124: RMS = 421.708 ns
  J1811-2405: RMS = 234.379 ns
  J1832-0836: RMS = 626.324 ns
  J1843-1113: RMS = 265.092 ns
  J1853+1303: RMS = 830.022 ns
  J1903+0327: RMS = 614.951 ns
  J1909-3744: RMS = 906.647 ns
  J1910+1256: RMS = 752.976 ns
  J1911+1347: RMS = 754.758 ns
  J1918-0642: RMS = 492.052 ns
  J1923+2515: RMS = 624.350 ns
  J1944+0907: RMS = 721.497 ns
  J1946+3417: RMS = 403.038 ns
  J2010-1323: RMS = 890.292 ns
  J2017+0603: RMS = 563.237 ns
  J2033+1734: RMS = 313.497 ns
  J2043+1711: RMS = 304.020 ns
  J2124-3358: RMS = 956.652 ns
  J2145-0750: RMS = 670.619 ns
  J2214+3000: RMS = 263.723 ns
  J2229+2643: RMS = 331.629 ns
  J2234+0611: RMS = 179.695 ns
  J2234+0944: RMS = 332.562 ns
  J2302+4442: RMS = 611.466 ns
  J2317+1439: RMS = 274.389 ns
  J2322+2057: RMS = 351.957 ns
Inject: 1.06 s
Snapshotting into enterprise Pulsar objects...
Building PTA...
PTA build: 514.67 s
Computing optimal statistic...
OS time: 48.37 s
Total: 564.11 s
  ✓ SNR is within the provided SNR_range: 4.0323 ∈ [3.5, 4.25]

Final SNR history:
  it 0: cumulative_scale=1.0000×  SNR=49.1027
  it 1: cumulative_scale=3.3359×  SNR=4.7770
  it 2: cumulative_scale=3.6361×  SNR=4.0323
✓ Simulation 1 done (1598.1 s)

======================================================================
ENSEMBLE SUMMARY
======================================================================
Success rate: 100.0% (1/1)

Binaries per population:
  Mean ± std : 20000 ± 0
  Range      : [20000, 20000]

SNR achieved:
  Mean ± std : 4.0323 ± 0.0000
  Range      : [4.0323, 4.0323]

Total time: 2165.8 s (36.1 min)
======================================================================

💾 Saved: data/2026-04-29/realistic_run_63/consistent_population_realistic_targetSNR4.25_sims1.json
💾 Saved compressed pickle: data/2026-04-29/realistic_run_63/consistent_population_realistic_targetSNR4.25_sims1.pkl.gz

======================================================================
CONTINUOUS WAVE SNR ANALYSIS
======================================================================

--- Population 1 ---
Precomputation of phiinvs, TNTs, Ts, Nvecs, Sigmas took 0.05 seconds.
Total SNR computation for population took 581.56 seconds.
Top 50 CGW candidates:
   1. proxy_rank=   1  sky_w=1.30  f=4.26e-09 Hz  Mc=3.53e+10 Msun  h0=1.07e-14  SNR=9.670
   2. proxy_rank=  39  sky_w=1.19  f=7.74e-09 Hz  Mc=1.65e+10 Msun  h0=3.10e-15  SNR=3.314
   3. proxy_rank= 137  sky_w=1.36  f=1.17e-08 Hz  Mc=1.02e+10 Msun  h0=1.79e-15  SNR=2.705
   4. proxy_rank=   4  sky_w=1.46  f=2.93e-09 Hz  Mc=2.53e+10 Msun  h0=2.83e-15  SNR=2.121
   5. proxy_rank= 118  sky_w=1.18  f=8.63e-09 Hz  Mc=1.17e+10 Msun  h0=1.68e-15  SNR=2.069
   6. proxy_rank=  12  sky_w=1.32  f=3.74e-09 Hz  Mc=1.92e+10 Msun  h0=2.16e-15  SNR=1.949
   7. proxy_rank=  59  sky_w=1.38  f=5.36e-09 Hz  Mc=1.24e+10 Msun  h0=1.44e-15  SNR=1.843
   8. proxy_rank=   5  sky_w=0.98  f=3.57e-09 Hz  Mc=3.13e+10 Msun  h0=4.99e-15  SNR=1.640
   9. proxy_rank=  43  sky_w=0.82  f=4.11e-09 Hz  Mc=1.86e+10 Msun  h0=2.33e-15  SNR=1.598
  10. proxy_rank= 334  sky_w=1.24  f=1.13e-08 Hz  Mc=6.75e+09 Msun  h0=8.06e-16  SNR=1.539
  11. proxy_rank=   2  sky_w=0.76  f=2.03e-09 Hz  Mc=4.01e+10 Msun  h0=6.15e-15  SNR=1.390
  12. proxy_rank= 178  sky_w=0.50  f=1.15e-08 Hz  Mc=1.36e+10 Msun  h0=3.56e-15  SNR=1.320
  13. proxy_rank=  11  sky_w=1.47  f=2.85e-09 Hz  Mc=6.50e+09 Msun  h0=1.54e-15  SNR=1.239
  14. proxy_rank=  54  sky_w=1.05  f=3.53e-09 Hz  Mc=1.50e+10 Msun  h0=1.32e-15  SNR=1.148
  15. proxy_rank=  17  sky_w=1.03  f=2.79e-09 Hz  Mc=1.86e+10 Msun  h0=1.76e-15  SNR=1.123
  16. proxy_rank=   9  sky_w=1.04  f=3.59e-09 Hz  Mc=2.45e+10 Msun  h0=3.21e-15  SNR=1.104
  17. proxy_rank=  30  sky_w=1.16  f=4.76e-09 Hz  Mc=1.75e+10 Msun  h0=2.14e-15  SNR=1.071
  18. proxy_rank= 274  sky_w=1.01  f=9.20e-09 Hz  Mc=8.48e+09 Msun  h0=9.86e-16  SNR=1.069
  19. proxy_rank=  16  sky_w=1.57  f=2.98e-09 Hz  Mc=1.16e+10 Msun  h0=1.25e-15  SNR=1.046
  20. proxy_rank=   6  sky_w=1.56  f=2.03e-09 Hz  Mc=1.90e+10 Msun  h0=1.71e-15  SNR=1.044
  21. proxy_rank=  10  sky_w=1.60  f=3.19e-09 Hz  Mc=1.24e+10 Msun  h0=1.65e-15  SNR=1.026
  22. proxy_rank=  20  sky_w=1.15  f=2.96e-09 Hz  Mc=1.32e+10 Msun  h0=1.52e-15  SNR=1.000
  23. proxy_rank= 189  sky_w=1.30  f=5.33e-09 Hz  Mc=7.71e+09 Msun  h0=6.04e-16  SNR=0.943
  24. proxy_rank=   7  sky_w=1.03  f=2.57e-09 Hz  Mc=2.63e+10 Msun  h0=2.77e-15  SNR=0.928
  25. proxy_rank=  18  sky_w=0.59  f=2.60e-09 Hz  Mc=1.64e+10 Msun  h0=2.81e-15  SNR=0.919
  26. proxy_rank= 183  sky_w=1.42  f=6.24e-09 Hz  Mc=6.90e+09 Msun  h0=6.60e-16  SNR=0.886
  27. proxy_rank= 252  sky_w=1.53  f=6.56e-09 Hz  Mc=6.31e+09 Msun  h0=4.99e-16  SNR=0.879
  28. proxy_rank= 126  sky_w=1.28  f=4.83e-09 Hz  Mc=9.99e+09 Msun  h0=8.46e-16  SNR=0.872
  29. proxy_rank=  22  sky_w=1.21  f=2.82e-09 Hz  Mc=1.61e+10 Msun  h0=1.37e-15  SNR=0.871
  30. proxy_rank=  34  sky_w=0.81  f=3.16e-09 Hz  Mc=1.98e+10 Msun  h0=1.97e-15  SNR=0.852
  31. proxy_rank=  74  sky_w=1.53  f=3.49e-09 Hz  Mc=9.36e+09 Msun  h0=7.47e-16  SNR=0.835
  32. proxy_rank=   8  sky_w=0.69  f=2.06e-09 Hz  Mc=1.79e+10 Msun  h0=3.03e-15  SNR=0.793
  33. proxy_rank= 340  sky_w=1.31  f=7.84e-09 Hz  Mc=6.10e+09 Msun  h0=5.07e-16  SNR=0.755
  34. proxy_rank=  13  sky_w=1.45  f=2.56e-09 Hz  Mc=1.39e+10 Msun  h0=1.20e-15  SNR=0.736
  35. proxy_rank=  51  sky_w=0.67  f=3.65e-09 Hz  Mc=2.01e+10 Msun  h0=2.21e-15  SNR=0.730
  36. proxy_rank=  83  sky_w=1.49  f=3.35e-09 Hz  Mc=6.84e+09 Msun  h0=6.86e-16  SNR=0.726
  37. proxy_rank= 160  sky_w=0.82  f=4.83e-09 Hz  Mc=1.06e+10 Msun  h0=1.06e-15  SNR=0.726
  38. proxy_rank=  60  sky_w=1.49  f=3.03e-09 Hz  Mc=1.04e+10 Msun  h0=7.47e-16  SNR=0.687
  39. proxy_rank=  41  sky_w=0.52  f=3.27e-09 Hz  Mc=2.18e+10 Msun  h0=2.99e-15  SNR=0.663
  40. proxy_rank= 148  sky_w=1.16  f=4.87e-09 Hz  Mc=9.58e+09 Msun  h0=7.98e-16  SNR=0.660
  41. proxy_rank= 383  sky_w=0.50  f=6.20e-09 Hz  Mc=7.61e+09 Msun  h0=9.08e-16  SNR=0.621
  42. proxy_rank=  42  sky_w=0.71  f=2.53e-09 Hz  Mc=1.82e+10 Msun  h0=1.66e-15  SNR=0.619
  43. proxy_rank=  56  sky_w=1.07  f=2.87e-09 Hz  Mc=1.34e+10 Msun  h0=1.01e-15  SNR=0.618
  44. proxy_rank=  19  sky_w=1.42  f=2.62e-09 Hz  Mc=8.38e+09 Msun  h0=1.13e-15  SNR=0.612
  45. proxy_rank=  31  sky_w=0.85  f=2.84e-09 Hz  Mc=1.85e+10 Msun  h0=1.74e-15  SNR=0.611
  46. proxy_rank= 174  sky_w=1.59  f=4.21e-09 Hz  Mc=7.06e+09 Msun  h0=4.32e-16  SNR=0.609
  47. proxy_rank=  24  sky_w=1.43  f=2.26e-09 Hz  Mc=1.42e+10 Msun  h0=9.07e-16  SNR=0.608
  48. proxy_rank=  68  sky_w=0.75  f=2.89e-09 Hz  Mc=1.51e+10 Msun  h0=1.29e-15  SNR=0.602
  49. proxy_rank=  92  sky_w=0.94  f=3.08e-09 Hz  Mc=6.50e+09 Msun  h0=8.88e-16  SNR=0.599
  50. proxy_rank= 312  sky_w=1.52  f=5.81e-09 Hz  Mc=4.23e+09 Msun  h0=3.60e-16  SNR=0.579
💾 Saved: data/2026-04-29/realistic_run_63/consistent_population_realistic_targetSNR4.25_sims1.json
💾 Saved compressed pickle: data/2026-04-29/realistic_run_63/consistent_population_realistic_targetSNR4.25_sims1.pkl.gz
Saved to figures/cgw_analysis_realistic.pdf

======================================================================
ANALYSIS COMPLETE
Results saved to: data/2026-04-29/realistic_run_63
======================================================================

==========================================
Job finished at: Wed Apr 29 10:54:44 AEST 2026
Exit code: 0
==========================================

+------------------ Job Report: 11728697 (COMPLETED) ------------------+
| Memory (RAM)  [################### ] 98.2% (31.4 GB peak / 32 GB)    |
| CPU           [###############     ] 79.3% average                   |
| Time          [-------------->     ] 74.8% (0-00:48:37 / 0-01:05:00) |
|                                                                      |
| Lustre Filesystem:                                                   |
|   Path    Total Read    Total Write    Total IOPS                    |
|   ------  ------------  -------------  ------------                  |
|   /apps   0 B           0 B            28                            |
|   /fred   161.6 MB      6.4 MB         229                           |
|   /home   504.4 MB      0 B            3.5 K                         |
|   OS      0 B           0 B            2                             |
+----------------------------------------------------------------------+
