==========================================
Job ID: 11718227
Job Name: smbhb_pessimistic
Node: dave310
Start Time: Tue Apr 28 17:35:34 AEST 2026
==========================================

/home/bhoulden/.conda/envs/smbhb312/share/tempo2
Working directory: /fred/oz005/users/bhoulden/SMBHB_population_injections

Loaded modules:

Starting SMBHB analysis...
==========================================

📁 Save directory: data/2026-04-28/pessimistic_run_68
📝 Run name: pessimistic_run_68

[MEM] Start: 244.2 MB

📡 Loading pulsars...
======================================================================
LOADING NANOGRAV PULSARS (libstempo)
======================================================================

📦 Loading from cache: nanograv_pulsars_cache.pkl
⚠ Cache load failed: Ran out of input
[DEBUG] Found 76 .par files
[tempo2Util.C:396] Warning: [MISC1] Unknown parameter in par file:  DMDATA
[tempo2Util.C:401] Warning: [DUP1] duplicated warnings have been suppressed.

WARNING: Using tempo RNAMP parameter: setting TNRedC to 100!
[observatory.C:271] Warning: Assuming site 'arecibo' means 'ao'
✓ Loaded B1855+09 (7758 TOAs)

WARNING: Using tempo RNAMP parameter: setting TNRedC to 100!
✓ Loaded B1937+21 (23023 TOAs)

WARNING: Using tempo RNAMP parameter: setting TNRedC to 100!
✓ Loaded B1937+21ao (7241 TOAs)

WARNING: Using tempo RNAMP parameter: setting TNRedC to 100!
✓ Loaded B1937+21gbt (16048 TOAs)

WARNING: Using tempo RNAMP parameter: setting TNRedC to 100!
✓ Loaded B1953+29 (5126 TOAs)
✓ Loaded J0023+0923 (15896 TOAs)

WARNING: Using tempo RNAMP parameter: setting TNRedC to 100!
✓ Loaded J0030+0451 (19571 TOAs)
✓ Loaded J0340+4130 (11093 TOAs)
✓ Loaded J0406+3039 (2446 TOAs)

WARNING: Using tempo RNAMP parameter: setting TNRedC to 100!
✓ Loaded J0437-4715 (5830 TOAs)
✓ Loaded J0509+0856 (2169 TOAs)
✓ Loaded J0557+1551 (525 TOAs)
✓ Loaded J0605+3757 (554 TOAs)

WARNING: Using tempo RNAMP parameter: setting TNRedC to 100!
✓ Loaded J0610-2100 (4885 TOAs)

WARNING: Using tempo RNAMP parameter: setting TNRedC to 100!
✓ Loaded J0613-0200 (17124 TOAs)
✓ Loaded J0614-3329 (1714 TOAs)
✓ Loaded J0636+5128 (32222 TOAs)
✓ Loaded J0645+5158 (10403 TOAs)
✓ Loaded J0709+0458 (3030 TOAs)
✓ Loaded J0740+6620 (13401 TOAs)
✓ Loaded J0931-1902 (5473 TOAs)

WARNING: Using tempo RNAMP parameter: setting TNRedC to 100!
✓ Loaded J1012+5307 (25837 TOAs)
✓ Loaded J1012-4235 (797 TOAs)
✓ Loaded J1022+1001 (3978 TOAs)
✓ Loaded J1024-0719 (12635 TOAs)
✓ Loaded J1125+7819 (8723 TOAs)
✓ Loaded J1312+0051 (1705 TOAs)
✓ Loaded J1453+1902 (2551 TOAs)
✓ Loaded J1455-3330 (10818 TOAs)

WARNING: Using tempo RNAMP parameter: setting TNRedC to 100!
✓ Loaded J1600-3053 (22955 TOAs)

WARNING: Using tempo RNAMP parameter: setting TNRedC to 100!
✓ Loaded J1600-3053gbt (19725 TOAs)

WARNING: Using tempo RNAMP parameter: setting TNRedC to 100!
✓ Loaded J1614-2230 (18445 TOAs)
✓ Loaded J1630+3734 (1815 TOAs)
✓ Loaded J1640+2224 (14066 TOAs)

WARNING: Using tempo RNAMP parameter: setting TNRedC to 100!
✓ Loaded J1643-1224 (22144 TOAs)

WARNING: Using tempo RNAMP parameter: setting TNRedC to 100!
✓ Loaded J1643-1224gbt (17932 TOAs)

WARNING: Using tempo RNAMP parameter: setting TNRedC to 100!
✓ Loaded J1705-1903 (9871 TOAs)

WARNING: Using tempo RNAMP parameter: setting TNRedC to 100!
✓ Loaded J1713+0747 (59389 TOAs)

WARNING: Using tempo RNAMP parameter: setting TNRedC to 100!
✓ Loaded J1713+0747ao (21362 TOAs)

WARNING: Using tempo RNAMP parameter: setting TNRedC to 100!
✓ Loaded J1713+0747gbt (32963 TOAs)
✓ Loaded J1719-1438 (6356 TOAs)
✓ Loaded J1730-2304 (4870 TOAs)
✓ Loaded J1738+0333 (8790 TOAs)
✓ Loaded J1741+1351 (5582 TOAs)

WARNING: Using tempo RNAMP parameter: setting TNRedC to 100!
✓ Loaded J1744-1134 (17745 TOAs)

WARNING: Using tempo RNAMP parameter: setting TNRedC to 100!
✓ Loaded J1745+1017 (3017 TOAs)

WARNING: Using tempo RNAMP parameter: setting TNRedC to 100!
✓ Loaded J1747-4036 (11055 TOAs)
✓ Loaded J1751-2857 (2025 TOAs)

WARNING: Using tempo RNAMP parameter: setting TNRedC to 100!
✓ Loaded J1802-2124 (6796 TOAs)
✓ Loaded J1811-2405 (5266 TOAs)
✓ Loaded J1832-0836 (7739 TOAs)
✓ Loaded J1843-1113 (4595 TOAs)

WARNING: Using tempo RNAMP parameter: setting TNRedC to 100!
✓ Loaded J1853+1303 (4570 TOAs)

WARNING: Using tempo RNAMP parameter: setting TNRedC to 100!
✓ Loaded J1903+0327 (6856 TOAs)

WARNING: Using tempo RNAMP parameter: setting TNRedC to 100!
✓ Loaded J1903+0327ao (6423 TOAs)

WARNING: Using tempo RNAMP parameter: setting TNRedC to 100!
✓ Loaded J1909-3744 (35037 TOAs)

WARNING: Using tempo RNAMP parameter: setting TNRedC to 100!
✓ Loaded J1909-3744gbt (31526 TOAs)
✓ Loaded J1910+1256 (6486 TOAs)
✓ Loaded J1911+1347 (3786 TOAs)
✓ Loaded J1918-0642 (18875 TOAs)
✓ Loaded J1923+2515 (3974 TOAs)
✓ Loaded J1944+0907 (5328 TOAs)

WARNING: Using tempo RNAMP parameter: setting TNRedC to 100!
✓ Loaded J1946+3417 (4743 TOAs)
✓ Loaded J2010-1323 (17077 TOAs)
✓ Loaded J2017+0603 (3512 TOAs)
✓ Loaded J2033+1734 (3847 TOAs)
✓ Loaded J2043+1711 (7397 TOAs)
✓ Loaded J2124-3358 (4982 TOAs)

WARNING: Using tempo RNAMP parameter: setting TNRedC to 100!
✓ Loaded J2145-0750 (18675 TOAs)
✓ Loaded J2214+3000 (7406 TOAs)
✓ Loaded J2229+2643 (3711 TOAs)

WARNING: Using tempo RNAMP parameter: setting TNRedC to 100!
✓ Loaded J2234+0611 (3566 TOAs)
✓ Loaded J2234+0944 (7535 TOAs)
✓ Loaded J2302+4442 (10211 TOAs)
✓ Loaded J2317+1439 (13927 TOAs)
✓ Loaded J2322+2057 (3088 TOAs)
⚠ Could not save cache: no default __reduce__ due to non-trivial __cinit__

✓ Loaded 76 pulsars
✗ Failed: 0 — []
[MEM] After loading pulsars: 8869.5 MB

🔍 Filtering pulsars...

Filtered: 76 → 67 pulsars
[MEM] After filtering pulsars: 8872.2 MB
[MEM] After garbage collection: 8872.2 MB

======================================================================
SMBHB POPULATION ANALYSIS
======================================================================

Configuration: pessimistic
  Lower mass, lower spread in distance, large population
  N_binaries: 10000000

======================================================================
CONSISTENT POPULATION SYNTHESIS
======================================================================

======================================================================
GENERATING SNR-CONSISTENT POPULATIONS
======================================================================
Target SNR:          4.0
Simulations:         1
======================================================================


──────────────────────────────────────────────────────────────────────
SIMULATION 1/1
──────────────────────────────────────────────────────────────────────
  [B1855+09] zeroing residuals...
  [B1855+09] adding red noise...
  [B1855+09] white noise for 430_ASP (390 TOAs)...
  [B1855+09] white noise for L-wide_PUPPI (5005 TOAs)...
  [B1855+09] white noise for 430_PUPPI (1185 TOAs)...
  [B1855+09] white noise for L-wide_ASP (1178 TOAs)...
  [B1937+21] zeroing residuals...
  [B1937+21] adding red noise...
  [B1937+21] white noise for Rcvr_800_GASP (586 TOAs)...
  [B1937+21] white noise for Rcvr1_2_GUPPI (7048 TOAs)...
  [B1937+21] white noise for Rcvr_800_GUPPI (7140 TOAs)...
  [B1937+21] white noise for Rcvr1_2_GASP (1069 TOAs)...
  [B1937+21] white noise for S-wide_ASP (344 TOAs)...
  [B1937+21] white noise for S-wide_PUPPI (2251 TOAs)...
  [B1937+21] white noise for L-wide_PUPPI (4133 TOAs)...
  [B1937+21] white noise for L-wide_ASP (452 TOAs)...
  [B1953+29] zeroing residuals...
  [B1953+29] adding red noise...
  [B1953+29] white noise for 430_PUPPI (941 TOAs)...
  [B1953+29] white noise for S-wide_ASP (25 TOAs)...
  [B1953+29] white noise for 430_ASP (29 TOAs)...
  [B1953+29] white noise for L-wide_PUPPI (4037 TOAs)...
  [B1953+29] white noise for L-wide_ASP (94 TOAs)...
  [J0023+0923] zeroing residuals...
  [J0023+0923] adding red noise...
  [J0023+0923] white noise for 430_ASP (90 TOAs)...
  [J0023+0923] white noise for L-wide_PUPPI (11123 TOAs)...
  [J0023+0923] white noise for 430_PUPPI (4564 TOAs)...
  [J0023+0923] white noise for L-wide_ASP (119 TOAs)...
  [J0030+0451] zeroing residuals...
  [J0030+0451] adding red noise...
  [J0030+0451] white noise for 430_PUPPI (3068 TOAs)...
  [J0030+0451] white noise for S-wide_PUPPI (2673 TOAs)...
  [J0030+0451] white noise for 430_ASP (267 TOAs)...
  [J0030+0451] white noise for L-wide_PUPPI (12774 TOAs)...
  [J0030+0451] white noise for L-wide_ASP (789 TOAs)...
  [J0340+4130] zeroing residuals...
  [J0340+4130] adding red noise...
  [J0340+4130] white noise for Rcvr1_2_GUPPI (5037 TOAs)...
  [J0340+4130] white noise for Rcvr_800_GUPPI (6056 TOAs)...
  [J0406+3039] zeroing residuals...
  [J0406+3039] adding red noise...
  [J0406+3039] white noise for L-wide_PUPPI (1871 TOAs)...
  [J0406+3039] white noise for S-wide_PUPPI (575 TOAs)...
  [J0437-4715] zeroing residuals...
  [J0437-4715] adding red noise...
  [J0437-4715] white noise for 1.5GHz_YUPPI (2134 TOAs)...
  [J0437-4715] white noise for 3GHz_YUPPI (3696 TOAs)...
  [J0509+0856] zeroing residuals...
  [J0509+0856] adding red noise...
  [J0509+0856] white noise for L-wide_PUPPI (1625 TOAs)...
  [J0509+0856] white noise for S-wide_PUPPI (544 TOAs)...
  [J0557+1551] zeroing residuals...
  [J0557+1551] adding red noise...
  [J0557+1551] white noise for L-wide_PUPPI (467 TOAs)...
  [J0557+1551] white noise for S-wide_PUPPI (58 TOAs)...
  [J0605+3757] zeroing residuals...
  [J0605+3757] adding red noise...
  [J0605+3757] white noise for Rcvr1_2_GUPPI (318 TOAs)...
  [J0605+3757] white noise for Rcvr_800_GUPPI (236 TOAs)...
  [J0610-2100] zeroing residuals...
  [J0610-2100] adding red noise...
  [J0610-2100] white noise for Rcvr1_2_GUPPI (2401 TOAs)...
  [J0610-2100] white noise for Rcvr_800_GUPPI (2484 TOAs)...
  [J0613-0200] zeroing residuals...
  [J0613-0200] adding red noise...
  [J0613-0200] white noise for Rcvr_800_GASP (809 TOAs)...
  [J0613-0200] white noise for Rcvr1_2_GUPPI (7423 TOAs)...
  [J0613-0200] white noise for Rcvr_800_GUPPI (7900 TOAs)...
  [J0613-0200] white noise for Rcvr1_2_GASP (992 TOAs)...
  [J0636+5128] zeroing residuals...
  [J0636+5128] adding red noise...
  [J0636+5128] white noise for Rcvr1_2_GUPPI (14803 TOAs)...
  [J0636+5128] white noise for Rcvr_800_GUPPI (17419 TOAs)...
  [J0645+5158] zeroing residuals...
  [J0645+5158] adding red noise...
  [J0645+5158] white noise for Rcvr1_2_GUPPI (5721 TOAs)...
  [J0645+5158] white noise for Rcvr_800_GUPPI (4682 TOAs)...
  [J0709+0458] zeroing residuals...
  [J0709+0458] adding red noise...
  [J0709+0458] white noise for L-wide_PUPPI (2435 TOAs)...
  [J0709+0458] white noise for S-wide_PUPPI (595 TOAs)...
  [J0740+6620] zeroing residuals...
  [J0740+6620] adding red noise...
  [J0740+6620] white noise for Rcvr1_2_GUPPI (8265 TOAs)...
  [J0740+6620] white noise for Rcvr_800_GUPPI (5136 TOAs)...
  [J0931-1902] zeroing residuals...
  [J0931-1902] adding red noise...
  [J0931-1902] white noise for Rcvr1_2_GUPPI (2054 TOAs)...
  [J0931-1902] white noise for Rcvr_800_GUPPI (3419 TOAs)...
  [J1012+5307] zeroing residuals...
  [J1012+5307] adding red noise...
  [J1012+5307] white noise for Rcvr_800_GASP (1210 TOAs)...
  [J1012+5307] white noise for Rcvr1_2_GUPPI (12849 TOAs)...
  [J1012+5307] white noise for Rcvr_800_GUPPI (10299 TOAs)...
  [J1012+5307] white noise for Rcvr1_2_GASP (1479 TOAs)...
  [J1012-4235] zeroing residuals...
  [J1012-4235] adding red noise...
  [J1012-4235] white noise for Rcvr1_2_GUPPI (455 TOAs)...
  [J1012-4235] white noise for Rcvr_800_GUPPI (342 TOAs)...
  [J1022+1001] zeroing residuals...
  [J1022+1001] adding red noise...
  [J1022+1001] white noise for L-wide_PUPPI (2592 TOAs)...
  [J1022+1001] white noise for 430_PUPPI (232 TOAs)...
  [J1022+1001] white noise for S-wide_PUPPI (1154 TOAs)...
  [J1024-0719] zeroing residuals...
  [J1024-0719] adding red noise...
  [J1024-0719] white noise for Rcvr_800_GASP (51 TOAs)...
  [J1024-0719] white noise for Rcvr1_2_GUPPI (7086 TOAs)...
  [J1024-0719] white noise for Rcvr_800_GUPPI (5455 TOAs)...
  [J1024-0719] white noise for Rcvr1_2_GASP (43 TOAs)...
  [J1125+7819] zeroing residuals...
  [J1125+7819] adding red noise...
  [J1125+7819] white noise for Rcvr1_2_GUPPI (4016 TOAs)...
  [J1125+7819] white noise for Rcvr_800_GUPPI (4707 TOAs)...
  [J1312+0051] zeroing residuals...
  [J1312+0051] adding red noise...
  [J1312+0051] white noise for L-wide_PUPPI (1289 TOAs)...
  [J1312+0051] white noise for S-wide_PUPPI (416 TOAs)...
  [J1453+1902] zeroing residuals...
  [J1453+1902] adding red noise...
  [J1453+1902] white noise for L-wide_PUPPI (2122 TOAs)...
  [J1453+1902] white noise for 430_PUPPI (425 TOAs)...
  [J1453+1902] white noise for S-wide_PUPPI (4 TOAs)...
  [J1455-3330] zeroing residuals...
  [J1455-3330] adding red noise...
  [J1455-3330] white noise for Rcvr_800_GASP (479 TOAs)...
  [J1455-3330] white noise for Rcvr1_2_GUPPI (4932 TOAs)...
  [J1455-3330] white noise for Rcvr_800_GUPPI (4843 TOAs)...
  [J1455-3330] white noise for Rcvr1_2_GASP (564 TOAs)...
  [J1600-3053] zeroing residuals...
  [J1600-3053] adding red noise...
  [J1600-3053] white noise for Rcvr_800_GASP (297 TOAs)...
  [J1600-3053] white noise for Rcvr1_2_GUPPI (10168 TOAs)...
  [J1600-3053] white noise for Rcvr_800_GUPPI (8796 TOAs)...
  [J1600-3053] white noise for Rcvr1_2_GASP (457 TOAs)...
  [J1600-3053] white noise for 3GHz_YUPPI (3237 TOAs)...
  [J1614-2230] zeroing residuals...
  [J1614-2230] adding red noise...
  [J1614-2230] white noise for Rcvr_800_GASP (84 TOAs)...
  [J1614-2230] white noise for Rcvr1_2_GUPPI (10509 TOAs)...
  [J1614-2230] white noise for Rcvr_800_GUPPI (7768 TOAs)...
  [J1614-2230] white noise for Rcvr1_2_GASP (84 TOAs)...
  [J1630+3734] zeroing residuals...
  [J1630+3734] adding red noise...
  [J1630+3734] white noise for Rcvr1_2_GUPPI (909 TOAs)...
  [J1630+3734] white noise for Rcvr_800_GUPPI (906 TOAs)...
  [J1640+2224] zeroing residuals...
  [J1640+2224] adding red noise...
  [J1640+2224] white noise for 430_ASP (340 TOAs)...
  [J1640+2224] white noise for L-wide_PUPPI (9847 TOAs)...
  [J1640+2224] white noise for 430_PUPPI (3157 TOAs)...
  [J1640+2224] white noise for L-wide_ASP (722 TOAs)...
  [J1643-1224] zeroing residuals...
  [J1643-1224] adding red noise...
  [J1643-1224] white noise for Rcvr_800_GASP (559 TOAs)...
  [J1643-1224] white noise for Rcvr1_2_GUPPI (8803 TOAs)...
  [J1643-1224] white noise for Rcvr_800_GUPPI (7734 TOAs)...
  [J1643-1224] white noise for Rcvr1_2_GASP (833 TOAs)...
  [J1643-1224] white noise for 3GHz_YUPPI (4215 TOAs)...
  [J1705-1903] zeroing residuals...
  [J1705-1903] adding red noise...
  [J1705-1903] white noise for Rcvr1_2_GUPPI (6350 TOAs)...
  [J1705-1903] white noise for Rcvr_800_GUPPI (3521 TOAs)...
  [J1713+0747] zeroing residuals...
  [J1713+0747] adding red noise...
  [J1713+0747] white noise for Rcvr_800_GASP (1032 TOAs)...
  [J1713+0747] white noise for Rcvr1_2_GUPPI (22334 TOAs)...
  [J1713+0747] white noise for Rcvr_800_GUPPI (8479 TOAs)...
  [J1713+0747] white noise for Rcvr1_2_GASP (1109 TOAs)...
  [J1713+0747] white noise for S-wide_ASP (624 TOAs)...
  [J1713+0747] white noise for S-wide_PUPPI (7482 TOAs)...
  [J1713+0747] white noise for 3GHz_YUPPI (3282 TOAs)...
  [J1713+0747] white noise for 1.5GHz_YUPPI (1461 TOAs)...
  [J1713+0747] white noise for L-wide_PUPPI (12743 TOAs)...
  [J1713+0747] white noise for L-wide_ASP (843 TOAs)...
  [J1719-1438] zeroing residuals...
  [J1719-1438] adding red noise...
  [J1719-1438] white noise for Rcvr1_2_GUPPI (2722 TOAs)...
  [J1719-1438] white noise for Rcvr_800_GUPPI (3634 TOAs)...
  [J1730-2304] zeroing residuals...
  [J1730-2304] adding red noise...
  [J1730-2304] white noise for Rcvr1_2_GUPPI (2367 TOAs)...
  [J1730-2304] white noise for Rcvr_800_GUPPI (2503 TOAs)...
  [J1738+0333] zeroing residuals...
  [J1738+0333] adding red noise...
  [J1738+0333] white noise for L-wide_PUPPI (6718 TOAs)...
  [J1738+0333] white noise for L-wide_ASP (201 TOAs)...
  [J1738+0333] white noise for S-wide_ASP (134 TOAs)...
  [J1738+0333] white noise for S-wide_PUPPI (1737 TOAs)...
  [J1741+1351] zeroing residuals...
  [J1741+1351] adding red noise...
  [J1741+1351] white noise for 430_PUPPI (1159 TOAs)...
  [J1741+1351] white noise for S-wide_ASP (115 TOAs)...
  [J1741+1351] white noise for 430_ASP (27 TOAs)...
  [J1741+1351] white noise for L-wide_PUPPI (4045 TOAs)...
  [J1741+1351] white noise for L-wide_ASP (236 TOAs)...
  [J1744-1134] zeroing residuals...
  [J1744-1134] adding red noise...
  [J1744-1134] white noise for Rcvr_800_GASP (930 TOAs)...
  [J1744-1134] white noise for Rcvr1_2_GUPPI (8109 TOAs)...
  [J1744-1134] white noise for Rcvr_800_GUPPI (7899 TOAs)...
  [J1744-1134] white noise for Rcvr1_2_GASP (807 TOAs)...
  [J1745+1017] zeroing residuals...
  [J1745+1017] adding red noise...
  [J1745+1017] white noise for L-wide_PUPPI (2179 TOAs)...
  [J1745+1017] white noise for S-wide_PUPPI (838 TOAs)...
  [J1747-4036] zeroing residuals...
  [J1747-4036] adding red noise...
  [J1747-4036] white noise for Rcvr1_2_GUPPI (5239 TOAs)...
  [J1747-4036] white noise for Rcvr_800_GUPPI (5816 TOAs)...
  [J1751-2857] zeroing residuals...
  [J1751-2857] adding red noise...
  [J1751-2857] white noise for Rcvr1_2_GUPPI (1786 TOAs)...
  [J1751-2857] white noise for Rcvr_800_GUPPI (239 TOAs)...
  [J1802-2124] zeroing residuals...
  [J1802-2124] adding red noise...
  [J1802-2124] white noise for Rcvr1_2_GUPPI (3231 TOAs)...
  [J1802-2124] white noise for Rcvr_800_GUPPI (3565 TOAs)...
  [J1811-2405] zeroing residuals...
  [J1811-2405] adding red noise...
  [J1811-2405] white noise for Rcvr1_2_GUPPI (2638 TOAs)...
  [J1811-2405] white noise for Rcvr_800_GUPPI (2628 TOAs)...
  [J1832-0836] zeroing residuals...
  [J1832-0836] adding red noise...
  [J1832-0836] white noise for Rcvr1_2_GUPPI (4661 TOAs)...
  [J1832-0836] white noise for Rcvr_800_GUPPI (3078 TOAs)...
  [J1843-1113] zeroing residuals...
  [J1843-1113] adding red noise...
  [J1843-1113] white noise for Rcvr1_2_GUPPI (2394 TOAs)...
  [J1843-1113] white noise for Rcvr_800_GUPPI (2201 TOAs)...
  [J1853+1303] zeroing residuals...
  [J1853+1303] adding red noise...
  [J1853+1303] white noise for 430_ASP (24 TOAs)...
  [J1853+1303] white noise for L-wide_PUPPI (3362 TOAs)...
  [J1853+1303] white noise for 430_PUPPI (1151 TOAs)...
  [J1853+1303] white noise for L-wide_ASP (33 TOAs)...
  [J1903+0327] zeroing residuals...
  [J1903+0327] adding red noise...
  [J1903+0327] white noise for S-wide_ASP (151 TOAs)...
  [J1903+0327] white noise for S-wide_PUPPI (2282 TOAs)...
  [J1903+0327] white noise for 3GHz_YUPPI (439 TOAs)...
  [J1903+0327] white noise for L-wide_PUPPI (3845 TOAs)...
  [J1903+0327] white noise for L-wide_ASP (139 TOAs)...
  [J1909-3744] zeroing residuals...
  [J1909-3744] adding red noise...
  [J1909-3744] white noise for Rcvr_800_GASP (866 TOAs)...
  [J1909-3744] white noise for Rcvr1_2_GUPPI (20439 TOAs)...
  [J1909-3744] white noise for Rcvr_800_GUPPI (9399 TOAs)...
  [J1909-3744] white noise for Rcvr1_2_GASP (808 TOAs)...
  [J1909-3744] white noise for 3GHz_YUPPI (3525 TOAs)...
  [J1910+1256] zeroing residuals...
  [J1910+1256] adding red noise...
  [J1910+1256] white noise for L-wide_PUPPI (4124 TOAs)...
  [J1910+1256] white noise for L-wide_ASP (297 TOAs)...
  [J1910+1256] white noise for S-wide_ASP (208 TOAs)...
  [J1910+1256] white noise for S-wide_PUPPI (1857 TOAs)...
  [J1911+1347] zeroing residuals...
  [J1911+1347] adding red noise...
  [J1911+1347] white noise for L-wide_PUPPI (3033 TOAs)...
  [J1911+1347] white noise for 430_PUPPI (753 TOAs)...
  [J1918-0642] zeroing residuals...
  [J1918-0642] adding red noise...
  [J1918-0642] white noise for Rcvr_800_GASP (835 TOAs)...
  [J1918-0642] white noise for Rcvr1_2_GUPPI (8910 TOAs)...
  [J1918-0642] white noise for Rcvr_800_GUPPI (8352 TOAs)...
  [J1918-0642] white noise for Rcvr1_2_GASP (778 TOAs)...
  [J1923+2515] zeroing residuals...
  [J1923+2515] adding red noise...
  [J1923+2515] white noise for 430_ASP (10 TOAs)...
  [J1923+2515] white noise for L-wide_PUPPI (3028 TOAs)...
  [J1923+2515] white noise for 430_PUPPI (922 TOAs)...
  [J1923+2515] white noise for L-wide_ASP (14 TOAs)...
  [J1944+0907] zeroing residuals...
  [J1944+0907] adding red noise...
  [J1944+0907] white noise for 430_PUPPI (1017 TOAs)...
  [J1944+0907] white noise for S-wide_ASP (116 TOAs)...
  [J1944+0907] white noise for 430_ASP (38 TOAs)...
  [J1944+0907] white noise for L-wide_PUPPI (3900 TOAs)...
  [J1944+0907] white noise for L-wide_ASP (257 TOAs)...
  [J1946+3417] zeroing residuals...
  [J1946+3417] adding red noise...
  [J1946+3417] white noise for L-wide_PUPPI (3197 TOAs)...
  [J1946+3417] white noise for S-wide_PUPPI (1546 TOAs)...
  [J2010-1323] zeroing residuals...
  [J2010-1323] adding red noise...
  [J2010-1323] white noise for Rcvr_800_GASP (70 TOAs)...
  [J2010-1323] white noise for Rcvr1_2_GUPPI (7779 TOAs)...
  [J2010-1323] white noise for Rcvr_800_GUPPI (9158 TOAs)...
  [J2010-1323] white noise for Rcvr1_2_GASP (70 TOAs)...
  [J2017+0603] zeroing residuals...
  [J2017+0603] adding red noise...
  [J2017+0603] white noise for L-wide_PUPPI (2569 TOAs)...
  [J2017+0603] white noise for 430_PUPPI (78 TOAs)...
  [J2017+0603] white noise for L-wide_ASP (16 TOAs)...
  [J2017+0603] white noise for S-wide_PUPPI (849 TOAs)...
  [J2033+1734] zeroing residuals...
  [J2033+1734] adding red noise...
  [J2033+1734] white noise for L-wide_PUPPI (3050 TOAs)...
  [J2033+1734] white noise for 430_PUPPI (797 TOAs)...
  [J2043+1711] zeroing residuals...
  [J2043+1711] adding red noise...
  [J2043+1711] white noise for 430_ASP (30 TOAs)...
  [J2043+1711] white noise for L-wide_PUPPI (4419 TOAs)...
  [J2043+1711] white noise for 430_PUPPI (2908 TOAs)...
  [J2043+1711] white noise for L-wide_ASP (40 TOAs)...
  [J2124-3358] zeroing residuals...
  [J2124-3358] adding red noise...
  [J2124-3358] white noise for Rcvr1_2_GUPPI (2957 TOAs)...
  [J2124-3358] white noise for Rcvr_800_GUPPI (2025 TOAs)...
  [J2145-0750] zeroing residuals...
  [J2145-0750] adding red noise...
  [J2145-0750] white noise for Rcvr_800_GASP (362 TOAs)...
  [J2145-0750] white noise for Rcvr1_2_GUPPI (9158 TOAs)...
  [J2145-0750] white noise for Rcvr_800_GUPPI (8728 TOAs)...
  [J2145-0750] white noise for Rcvr1_2_GASP (427 TOAs)...
  [J2214+3000] zeroing residuals...
  [J2214+3000] adding red noise...
  [J2214+3000] white noise for L-wide_PUPPI (5829 TOAs)...
  [J2214+3000] white noise for L-wide_ASP (9 TOAs)...
  [J2214+3000] white noise for S-wide_PUPPI (1568 TOAs)...
  [J2229+2643] zeroing residuals...
  [J2229+2643] adding red noise...
  [J2229+2643] white noise for L-wide_PUPPI (2755 TOAs)...
  [J2229+2643] white noise for 430_PUPPI (956 TOAs)...
  [J2234+0611] zeroing residuals...
  [J2234+0611] adding red noise...
  [J2234+0611] white noise for L-wide_PUPPI (2913 TOAs)...
  [J2234+0611] white noise for 430_PUPPI (653 TOAs)...
  [J2234+0944] zeroing residuals...
  [J2234+0944] adding red noise...
  [J2234+0944] white noise for L-wide_PUPPI (5003 TOAs)...
  [J2234+0944] white noise for S-wide_PUPPI (2532 TOAs)...
  [J2302+4442] zeroing residuals...
  [J2302+4442] adding red noise...
  [J2302+4442] white noise for Rcvr1_2_GUPPI (3779 TOAs)...
  [J2302+4442] white noise for Rcvr_800_GUPPI (6432 TOAs)...
  [J2317+1439] zeroing residuals...
  [J2317+1439] adding red noise...
  [J2317+1439] white noise for 430_PUPPI (3217 TOAs)...
  [J2317+1439] white noise for 327_ASP (413 TOAs)...
  [J2317+1439] white noise for 430_ASP (458 TOAs)...
  [J2317+1439] white noise for L-wide_PUPPI (9563 TOAs)...
  [J2317+1439] white noise for 327_PUPPI (276 TOAs)...
  [J2322+2057] zeroing residuals...
  [J2322+2057] adding red noise...
  [J2322+2057] white noise for L-wide_PUPPI (2196 TOAs)...
  [J2322+2057] white noise for 430_PUPPI (752 TOAs)...
  [J2322+2057] white noise for S-wide_PUPPI (140 TOAs)...
Resetting pulsars to clean stoas...
Restore: 0.00 s
Inject: 0.00 s
Snapshotting into enterprise Pulsar objects...
Building PTA...
PTA build: 441.10 s
Computing optimal statistic...
OS time: 58.98 s
Total: 500.09 s
Noise-only SNR baseline: -0.5260

Generating SNR-consistent population...
Target SNR: 4.0
Resetting pulsars to clean stoas...
Restore: 0.01 s
Injecting population...
  B1855+09: RMS = 835.499 ns
  B1937+21: RMS = 776.010 ns
  B1953+29: RMS = 1010.572 ns
  J0023+0923: RMS = 600.766 ns
  J0030+0451: RMS = 1155.014 ns
  J0340+4130: RMS = 1453.620 ns
  J0406+3039: RMS = 751.520 ns
  J0437-4715: RMS = 930.819 ns
  J0509+0856: RMS = 859.746 ns
  J0557+1551: RMS = 2449.599 ns
  J0605+3757: RMS = 1190.469 ns
  J0610-2100: RMS = 698.732 ns
  J0613-0200: RMS = 2064.436 ns
  J0636+5128: RMS = 1204.758 ns
  J0645+5158: RMS = 1019.375 ns
  J0709+0458: RMS = 415.551 ns
  J0740+6620: RMS = 1310.259 ns
  J0931-1902: RMS = 1385.051 ns
  J1012+5307: RMS = 1021.196 ns
  J1012-4235: RMS = 389.605 ns
  J1022+1001: RMS = 895.383 ns
  J1024-0719: RMS = 850.863 ns
  J1125+7819: RMS = 893.745 ns
  J1312+0051: RMS = 657.566 ns
  J1453+1902: RMS = 628.886 ns
  J1455-3330: RMS = 2518.213 ns
  J1600-3053: RMS = 2265.143 ns
  J1614-2230: RMS = 2007.996 ns
  J1630+3734: RMS = 534.781 ns
  J1640+2224: RMS = 383.759 ns
  J1643-1224: RMS = 1174.649 ns
  J1705-1903: RMS = 130.870 ns
  J1713+0747: RMS = 386.146 ns
  J1719-1438: RMS = 222.598 ns
  J1730-2304: RMS = 307.077 ns
  J1738+0333: RMS = 398.669 ns
  J1741+1351: RMS = 193.898 ns
  J1744-1134: RMS = 1294.364 ns
  J1745+1017: RMS = 176.468 ns
  J1747-4036: RMS = 1244.300 ns
  J1751-2857: RMS = 502.322 ns
  J1802-2124: RMS = 473.789 ns
  J1811-2405: RMS = 821.193 ns
  J1832-0836: RMS = 536.545 ns
  J1843-1113: RMS = 270.341 ns
  J1853+1303: RMS = 671.881 ns
  J1903+0327: RMS = 1084.407 ns
  J1909-3744: RMS = 1106.775 ns
  J1910+1256: RMS = 878.986 ns
  J1911+1347: RMS = 606.153 ns
  J1918-0642: RMS = 1573.259 ns
  J1923+2515: RMS = 957.616 ns
  J1944+0907: RMS = 965.628 ns
  J1946+3417: RMS = 511.499 ns
  J2010-1323: RMS = 1223.707 ns
  J2017+0603: RMS = 896.940 ns
  J2033+1734: RMS = 701.639 ns
  J2043+1711: RMS = 1041.439 ns
  J2124-3358: RMS = 409.856 ns
  J2145-0750: RMS = 1373.778 ns
  J2214+3000: RMS = 1758.741 ns
  J2229+2643: RMS = 662.472 ns
  J2234+0611: RMS = 1100.397 ns
  J2234+0944: RMS = 1108.179 ns
  J2302+4442: RMS = 1113.384 ns
  J2317+1439: RMS = 827.407 ns
  J2322+2057: RMS = 723.613 ns
Inject: 147.28 s
Snapshotting into enterprise Pulsar objects...
Building PTA...
PTA build: 413.12 s
Computing optimal statistic...
OS time: 51.86 s
Total: 612.26 s
Initial SNR: -12.5485, Target SNR: 4.0000
  ✗ Initial SNR -12.5485 is non-positive, cannot scale distances.
✗ Simulation 1, trial 1 FAILED, retrying...

Generating SNR-consistent population...
Target SNR: 4.0
Resetting pulsars to clean stoas...
Restore: 0.01 s
Injecting population...
  B1855+09: RMS = 1096.433 ns
  B1937+21: RMS = 1752.574 ns
  B1953+29: RMS = 1398.856 ns
  J0023+0923: RMS = 1469.221 ns
  J0030+0451: RMS = 814.468 ns
  J0340+4130: RMS = 270.237 ns
  J0406+3039: RMS = 309.723 ns
  J0437-4715: RMS = 1166.186 ns
  J0509+0856: RMS = 475.933 ns
  J0557+1551: RMS = 1300.099 ns
  J0605+3757: RMS = 241.800 ns
  J0610-2100: RMS = 927.044 ns
  J0613-0200: RMS = 846.267 ns
  J0636+5128: RMS = 397.270 ns
  J0645+5158: RMS = 528.650 ns
  J0709+0458: RMS = 994.634 ns
  J0740+6620: RMS = 892.368 ns
  J0931-1902: RMS = 1417.492 ns
  J1012+5307: RMS = 1963.394 ns
  J1012-4235: RMS = 260.873 ns
  J1022+1001: RMS = 859.369 ns
  J1024-0719: RMS = 2013.105 ns
  J1125+7819: RMS = 1481.565 ns
  J1312+0051: RMS = 808.121 ns
  J1453+1902: RMS = 2175.673 ns
  J1455-3330: RMS = 1722.142 ns
  J1600-3053: RMS = 1845.931 ns
  J1614-2230: RMS = 634.404 ns
  J1630+3734: RMS = 418.376 ns
  J1640+2224: RMS = 1122.540 ns
  J1643-1224: RMS = 821.278 ns
  J1705-1903: RMS = 732.606 ns
  J1713+0747: RMS = 894.101 ns
  J1719-1438: RMS = 514.390 ns
  J1730-2304: RMS = 260.256 ns
  J1738+0333: RMS = 511.062 ns
  J1741+1351: RMS = 802.199 ns
  J1744-1134: RMS = 913.740 ns
  J1745+1017: RMS = 1076.896 ns
  J1747-4036: RMS = 901.268 ns
  J1751-2857: RMS = 184.239 ns
  J1802-2124: RMS = 259.618 ns
  J1811-2405: RMS = 162.386 ns
  J1832-0836: RMS = 631.895 ns
  J1843-1113: RMS = 217.151 ns
  J1853+1303: RMS = 1011.538 ns
  J1903+0327: RMS = 1013.903 ns
  J1909-3744: RMS = 1394.504 ns
  J1910+1256: RMS = 1208.590 ns
  J1911+1347: RMS = 634.696 ns
  J1918-0642: RMS = 698.217 ns
  J1923+2515: RMS = 1369.665 ns
  J1944+0907: RMS = 732.285 ns
  J1946+3417: RMS = 1072.646 ns
  J2010-1323: RMS = 462.116 ns
  J2017+0603: RMS = 522.375 ns
  J2033+1734: RMS = 348.115 ns
  J2043+1711: RMS = 1203.534 ns
  J2124-3358: RMS = 484.775 ns
  J2145-0750: RMS = 1776.789 ns
  J2214+3000: RMS = 1847.976 ns
  J2229+2643: RMS = 883.184 ns
  J2234+0611: RMS = 2602.330 ns
  J2234+0944: RMS = 1304.138 ns
  J2302+4442: RMS = 1380.053 ns
  J2317+1439: RMS = 1652.595 ns
  J2322+2057: RMS = 2078.914 ns
Inject: 188.00 s
Snapshotting into enterprise Pulsar objects...
Building PTA...
PTA build: 412.32 s
Computing optimal statistic...
OS time: 41.24 s
Total: 641.56 s
Initial SNR: -1.0309, Target SNR: 4.0000
  ✗ Initial SNR -1.0309 is non-positive, cannot scale distances.
✗ Simulation 1, trial 2 FAILED, retrying...

Generating SNR-consistent population...
Target SNR: 4.0
Resetting pulsars to clean stoas...
Restore: 0.00 s
Injecting population...
  B1855+09: RMS = 3292.411 ns
  B1937+21: RMS = 2231.453 ns
  B1953+29: RMS = 1036.512 ns
  J0023+0923: RMS = 1792.583 ns
  J0030+0451: RMS = 1244.906 ns
  J0340+4130: RMS = 949.865 ns
  J0406+3039: RMS = 407.769 ns
  J0437-4715: RMS = 876.578 ns
  J0509+0856: RMS = 707.155 ns
  J0557+1551: RMS = 1613.857 ns
  J0605+3757: RMS = 1009.293 ns
  J0610-2100: RMS = 656.611 ns
  J0613-0200: RMS = 2717.256 ns
  J0636+5128: RMS = 1581.410 ns
  J0645+5158: RMS = 1752.631 ns
  J0709+0458: RMS = 3130.981 ns
  J0740+6620: RMS = 1511.844 ns
  J0931-1902: RMS = 1044.904 ns
  J1012+5307: RMS = 1074.392 ns
  J1012-4235: RMS = 1211.567 ns
  J1022+1001: RMS = 930.455 ns
  J1024-0719: RMS = 662.542 ns
  J1125+7819: RMS = 1948.813 ns
  J1312+0051: RMS = 1415.674 ns
  J1453+1902: RMS = 1220.972 ns
  J1455-3330: RMS = 1685.993 ns
  J1600-3053: RMS = 1625.865 ns
  J1614-2230: RMS = 1527.691 ns
  J1630+3734: RMS = 346.516 ns
  J1640+2224: RMS = 1649.307 ns
  J1643-1224: RMS = 1621.581 ns
  J1705-1903: RMS = 993.507 ns
  J1713+0747: RMS = 1847.451 ns
  J1719-1438: RMS = 173.558 ns
  J1730-2304: RMS = 702.505 ns
  J1738+0333: RMS = 1902.751 ns
  J1741+1351: RMS = 2165.294 ns
  J1744-1134: RMS = 2701.883 ns
  J1745+1017: RMS = 1261.117 ns
  J1747-4036: RMS = 1229.467 ns
  J1751-2857: RMS = 1020.310 ns
  J1802-2124: RMS = 152.251 ns
  J1811-2405: RMS = 141.737 ns
  J1832-0836: RMS = 3062.592 ns
  J1843-1113: RMS = 1762.616 ns
  J1853+1303: RMS = 2988.967 ns
  J1903+0327: RMS = 3487.276 ns
  J1909-3744: RMS = 1653.540 ns
  J1910+1256: RMS = 3000.057 ns
  J1911+1347: RMS = 1054.944 ns
  J1918-0642: RMS = 3524.346 ns
  J1923+2515: RMS = 1794.785 ns
  J1944+0907: RMS = 3305.412 ns
  J1946+3417: RMS = 427.688 ns
  J2010-1323: RMS = 1964.471 ns
  J2017+0603: RMS = 2072.761 ns
  J2033+1734: RMS = 1644.271 ns
  J2043+1711: RMS = 2313.362 ns
  J2124-3358: RMS = 691.425 ns
  J2145-0750: RMS = 2058.117 ns
  J2214+3000: RMS = 1222.770 ns
  J2229+2643: RMS = 880.346 ns
  J2234+0611: RMS = 519.247 ns
  J2234+0944: RMS = 608.396 ns
  J2302+4442: RMS = 799.935 ns
  J2317+1439: RMS = 649.921 ns
  J2322+2057: RMS = 524.861 ns
Inject: 142.79 s
Snapshotting into enterprise Pulsar objects...
Building PTA...
PTA build: 397.01 s
Computing optimal statistic...
OS time: 40.74 s
Total: 580.54 s
Initial SNR: 28.7139, Target SNR: 4.0000
  Initial SNR 28.7139 outside of provided SNR_range [3.5, 4.25] — rescaling.
Scaling distances by factor 2.5417 to achieve target SNR...
Resetting pulsars to clean stoas...
Restore: 0.00 s
Injecting population...
  B1855+09: RMS = 1295.342 ns
  B1937+21: RMS = 877.926 ns
  B1953+29: RMS = 407.798 ns
  J0023+0923: RMS = 705.260 ns
  J0030+0451: RMS = 489.786 ns
  J0340+4130: RMS = 373.708 ns
  J0406+3039: RMS = 160.430 ns
  J0437-4715: RMS = 344.874 ns
  J0509+0856: RMS = 278.218 ns
  J0557+1551: RMS = 634.944 ns
  J0605+3757: RMS = 397.089 ns
  J0610-2100: RMS = 258.332 ns
  J0613-0200: RMS = 1069.057 ns
  J0636+5128: RMS = 622.178 ns
  J0645+5158: RMS = 689.542 ns
  J0709+0458: RMS = 1231.830 ns
  J0740+6620: RMS = 594.809 ns
  J0931-1902: RMS = 411.099 ns
  J1012+5307: RMS = 422.701 ns
  J1012-4235: RMS = 476.670 ns
  J1022+1001: RMS = 366.071 ns
  J1024-0719: RMS = 260.666 ns
  J1125+7819: RMS = 766.726 ns
  J1312+0051: RMS = 556.972 ns
  J1453+1902: RMS = 480.370 ns
  J1455-3330: RMS = 663.324 ns
  J1600-3053: RMS = 639.668 ns
  J1614-2230: RMS = 601.043 ns
  J1630+3734: RMS = 136.331 ns
  J1640+2224: RMS = 648.891 ns
  J1643-1224: RMS = 637.983 ns
  J1705-1903: RMS = 390.878 ns
  J1713+0747: RMS = 726.847 ns
  J1719-1438: RMS = 68.283 ns
  J1730-2304: RMS = 276.388 ns
  J1738+0333: RMS = 748.604 ns
  J1741+1351: RMS = 851.897 ns
  J1744-1134: RMS = 1063.009 ns
  J1745+1017: RMS = 496.164 ns
  J1747-4036: RMS = 483.712 ns
  J1751-2857: RMS = 401.423 ns
  J1802-2124: RMS = 59.901 ns
  J1811-2405: RMS = 55.764 ns
  J1832-0836: RMS = 1204.923 ns
  J1843-1113: RMS = 693.470 ns
  J1853+1303: RMS = 1175.957 ns
  J1903+0327: RMS = 1372.008 ns
  J1909-3744: RMS = 650.556 ns
  J1910+1256: RMS = 1180.320 ns
  J1911+1347: RMS = 415.049 ns
  J1918-0642: RMS = 1386.592 ns
  J1923+2515: RMS = 706.127 ns
  J1944+0907: RMS = 1300.457 ns
  J1946+3417: RMS = 168.266 ns
  J2010-1323: RMS = 772.887 ns
  J2017+0603: RMS = 815.491 ns
  J2033+1734: RMS = 646.910 ns
  J2043+1711: RMS = 910.152 ns
  J2124-3358: RMS = 272.029 ns
  J2145-0750: RMS = 809.730 ns
  J2214+3000: RMS = 481.078 ns
  J2229+2643: RMS = 346.357 ns
  J2234+0611: RMS = 204.289 ns
  J2234+0944: RMS = 239.363 ns
  J2302+4442: RMS = 314.720 ns
  J2317+1439: RMS = 255.700 ns
  J2322+2057: RMS = 206.497 ns
Inject: 152.09 s
Snapshotting into enterprise Pulsar objects...
Building PTA...
PTA build: 401.72 s
Computing optimal statistic...
OS time: 40.77 s
Total: 594.58 s
  SNR 3.3541 outside of provided SNR_range [3.5, 4.25] — rescaling.
[Iteration 1/4] SNR after scaling: 3.3541 (target: 4.0000)
  SNR history: it0→28.7139@1.0000x, it1→3.3541@2.5417x
  Re-scaling distances by factor 0.6272  (cumulative after: 1.5943×)
Resetting pulsars to clean stoas...
Restore: 0.00 s
Injecting population...
  B1855+09: RMS = 2065.139 ns
  B1937+21: RMS = 1399.661 ns
  B1953+29: RMS = 650.144 ns
  J0023+0923: RMS = 1124.383 ns
  J0030+0451: RMS = 780.857 ns
  J0340+4130: RMS = 595.795 ns
  J0406+3039: RMS = 255.770 ns
  J0437-4715: RMS = 549.826 ns
  J0509+0856: RMS = 443.557 ns
  J0557+1551: RMS = 1012.279 ns
  J0605+3757: RMS = 633.071 ns
  J0610-2100: RMS = 411.854 ns
  J0613-0200: RMS = 1704.377 ns
  J0636+5128: RMS = 991.927 ns
  J0645+5158: RMS = 1099.324 ns
  J0709+0458: RMS = 1963.883 ns
  J0740+6620: RMS = 948.292 ns
  J0931-1902: RMS = 655.408 ns
  J1012+5307: RMS = 673.904 ns
  J1012-4235: RMS = 759.946 ns
  J1022+1001: RMS = 583.620 ns
  J1024-0719: RMS = 415.574 ns
  J1125+7819: RMS = 1222.377 ns
  J1312+0051: RMS = 887.970 ns
  J1453+1902: RMS = 765.845 ns
  J1455-3330: RMS = 1057.526 ns
  J1600-3053: RMS = 1019.811 ns
  J1614-2230: RMS = 958.232 ns
  J1630+3734: RMS = 217.349 ns
  J1640+2224: RMS = 1034.515 ns
  J1643-1224: RMS = 1017.124 ns
  J1705-1903: RMS = 623.169 ns
  J1713+0747: RMS = 1158.799 ns
  J1719-1438: RMS = 108.863 ns
  J1730-2304: RMS = 440.641 ns
  J1738+0333: RMS = 1193.485 ns
  J1741+1351: RMS = 1358.163 ns
  J1744-1134: RMS = 1694.735 ns
  J1745+1017: RMS = 791.026 ns
  J1747-4036: RMS = 771.173 ns
  J1751-2857: RMS = 639.981 ns
  J1802-2124: RMS = 95.499 ns
  J1811-2405: RMS = 88.903 ns
  J1832-0836: RMS = 1920.986 ns
  J1843-1113: RMS = 1105.587 ns
  J1853+1303: RMS = 1874.806 ns
  J1903+0327: RMS = 2187.366 ns
  J1909-3744: RMS = 1037.169 ns
  J1910+1256: RMS = 1881.762 ns
  J1911+1347: RMS = 661.705 ns
  J1918-0642: RMS = 2210.617 ns
  J1923+2515: RMS = 1125.765 ns
  J1944+0907: RMS = 2073.293 ns
  J1946+3417: RMS = 268.264 ns
  J2010-1323: RMS = 1232.199 ns
  J2017+0603: RMS = 1300.123 ns
  J2033+1734: RMS = 1031.356 ns
  J2043+1711: RMS = 1451.038 ns
  J2124-3358: RMS = 433.691 ns
  J2145-0750: RMS = 1290.937 ns
  J2214+3000: RMS = 766.973 ns
  J2229+2643: RMS = 552.190 ns
  J2234+0611: RMS = 325.694 ns
  J2234+0944: RMS = 381.611 ns
  J2302+4442: RMS = 501.753 ns
  J2317+1439: RMS = 407.658 ns
  J2322+2057: RMS = 329.215 ns
Inject: 136.52 s
Snapshotting into enterprise Pulsar objects...
Building PTA...
PTA build: 393.89 s
Computing optimal statistic...
OS time: 39.80 s
Total: 570.21 s
  SNR 10.3457 outside of provided SNR_range [3.5, 4.25] — rescaling.
[Iteration 2/4] SNR after scaling: 10.3457 (target: 4.0000)
  SNR history: it0→28.7139@1.0000x, it1→3.3541@2.5417x, it2→10.3457@1.5943x
  Re-scaling distances by factor 1.2626  (cumulative after: 2.0130×)
Resetting pulsars to clean stoas...
Restore: 0.00 s
Injecting population...
  B1855+09: RMS = 1635.561 ns
  B1937+21: RMS = 1108.512 ns
  B1953+29: RMS = 514.905 ns
  J0023+0923: RMS = 890.496 ns
  J0030+0451: RMS = 618.428 ns
  J0340+4130: RMS = 471.862 ns
  J0406+3039: RMS = 202.566 ns
  J0437-4715: RMS = 435.455 ns
  J0509+0856: RMS = 351.291 ns
  J0557+1551: RMS = 801.711 ns
  J0605+3757: RMS = 501.383 ns
  J0610-2100: RMS = 326.183 ns
  J0613-0200: RMS = 1349.843 ns
  J0636+5128: RMS = 785.592 ns
  J0645+5158: RMS = 870.649 ns
  J0709+0458: RMS = 1555.368 ns
  J0740+6620: RMS = 751.034 ns
  J0931-1902: RMS = 519.074 ns
  J1012+5307: RMS = 533.723 ns
  J1012-4235: RMS = 601.866 ns
  J1022+1001: RMS = 462.219 ns
  J1024-0719: RMS = 329.129 ns
  J1125+7819: RMS = 968.106 ns
  J1312+0051: RMS = 703.260 ns
  J1453+1902: RMS = 606.539 ns
  J1455-3330: RMS = 837.546 ns
  J1600-3053: RMS = 807.676 ns
  J1614-2230: RMS = 758.906 ns
  J1630+3734: RMS = 172.138 ns
  J1640+2224: RMS = 819.321 ns
  J1643-1224: RMS = 805.548 ns
  J1705-1903: RMS = 493.541 ns
  J1713+0747: RMS = 917.753 ns
  J1719-1438: RMS = 86.218 ns
  J1730-2304: RMS = 348.981 ns
  J1738+0333: RMS = 945.224 ns
  J1741+1351: RMS = 1075.646 ns
  J1744-1134: RMS = 1342.206 ns
  J1745+1017: RMS = 626.481 ns
  J1747-4036: RMS = 610.759 ns
  J1751-2857: RMS = 506.856 ns
  J1802-2124: RMS = 75.633 ns
  J1811-2405: RMS = 70.410 ns
  J1832-0836: RMS = 1521.394 ns
  J1843-1113: RMS = 875.609 ns
  J1853+1303: RMS = 1484.820 ns
  J1903+0327: RMS = 1732.363 ns
  J1909-3744: RMS = 821.424 ns
  J1910+1256: RMS = 1490.329 ns
  J1911+1347: RMS = 524.061 ns
  J1918-0642: RMS = 1750.778 ns
  J1923+2515: RMS = 891.590 ns
  J1944+0907: RMS = 1642.019 ns
  J1946+3417: RMS = 212.461 ns
  J2010-1323: RMS = 975.884 ns
  J2017+0603: RMS = 1029.679 ns
  J2033+1734: RMS = 816.819 ns
  J2043+1711: RMS = 1149.202 ns
  J2124-3358: RMS = 343.477 ns
  J2145-0750: RMS = 1022.404 ns
  J2214+3000: RMS = 607.432 ns
  J2229+2643: RMS = 437.327 ns
  J2234+0611: RMS = 257.945 ns
  J2234+0944: RMS = 302.231 ns
  J2302+4442: RMS = 397.381 ns
  J2317+1439: RMS = 322.859 ns
  J2322+2057: RMS = 260.734 ns
Inject: 138.11 s
Snapshotting into enterprise Pulsar objects...
Building PTA...
PTA build: 390.80 s
Computing optimal statistic...
OS time: 40.46 s
Total: 569.37 s
  SNR 6.0126 outside of provided SNR_range [3.5, 4.25] — rescaling.
[Iteration 3/4] SNR after scaling: 6.0126 (target: 4.0000)
  SNR history: it0→28.7139@1.0000x, it1→3.3541@2.5417x, it2→10.3457@1.5943x, it3→6.0126@2.0130x
  Re-scaling distances by factor 1.1237  (cumulative after: 2.2620×)
Resetting pulsars to clean stoas...
Restore: 0.00 s
Injecting population...
  B1855+09: RMS = 1455.545 ns
  B1937+21: RMS = 986.505 ns
  B1953+29: RMS = 458.232 ns
  J0023+0923: RMS = 792.484 ns
  J0030+0451: RMS = 550.361 ns
  J0340+4130: RMS = 419.927 ns
  J0406+3039: RMS = 180.271 ns
  J0437-4715: RMS = 387.527 ns
  J0509+0856: RMS = 312.627 ns
  J0557+1551: RMS = 713.471 ns
  J0605+3757: RMS = 446.199 ns
  J0610-2100: RMS = 290.282 ns
  J0613-0200: RMS = 1201.274 ns
  J0636+5128: RMS = 699.127 ns
  J0645+5158: RMS = 774.822 ns
  J0709+0458: RMS = 1384.178 ns
  J0740+6620: RMS = 668.372 ns
  J0931-1902: RMS = 461.942 ns
  J1012+5307: RMS = 474.979 ns
  J1012-4235: RMS = 535.623 ns
  J1022+1001: RMS = 411.346 ns
  J1024-0719: RMS = 292.904 ns
  J1125+7819: RMS = 861.552 ns
  J1312+0051: RMS = 625.856 ns
  J1453+1902: RMS = 539.780 ns
  J1455-3330: RMS = 745.362 ns
  J1600-3053: RMS = 718.780 ns
  J1614-2230: RMS = 675.378 ns
  J1630+3734: RMS = 153.191 ns
  J1640+2224: RMS = 729.144 ns
  J1643-1224: RMS = 716.886 ns
  J1705-1903: RMS = 439.220 ns
  J1713+0747: RMS = 816.741 ns
  J1719-1438: RMS = 76.728 ns
  J1730-2304: RMS = 310.571 ns
  J1738+0333: RMS = 841.189 ns
  J1741+1351: RMS = 957.256 ns
  J1744-1134: RMS = 1194.478 ns
  J1745+1017: RMS = 557.528 ns
  J1747-4036: RMS = 543.536 ns
  J1751-2857: RMS = 451.069 ns
  J1802-2124: RMS = 67.309 ns
  J1811-2405: RMS = 62.661 ns
  J1832-0836: RMS = 1353.944 ns
  J1843-1113: RMS = 779.236 ns
  J1853+1303: RMS = 1321.395 ns
  J1903+0327: RMS = 1541.692 ns
  J1909-3744: RMS = 731.015 ns
  J1910+1256: RMS = 1326.297 ns
  J1911+1347: RMS = 466.381 ns
  J1918-0642: RMS = 1558.081 ns
  J1923+2515: RMS = 793.458 ns
  J1944+0907: RMS = 1461.292 ns
  J1946+3417: RMS = 189.077 ns
  J2010-1323: RMS = 868.474 ns
  J2017+0603: RMS = 916.348 ns
  J2033+1734: RMS = 726.917 ns
  J2043+1711: RMS = 1022.716 ns
  J2124-3358: RMS = 305.672 ns
  J2145-0750: RMS = 909.875 ns
  J2214+3000: RMS = 540.575 ns
  J2229+2643: RMS = 389.193 ns
  J2234+0611: RMS = 229.554 ns
  J2234+0944: RMS = 268.966 ns
  J2302+4442: RMS = 353.644 ns
  J2317+1439: RMS = 287.324 ns
  J2322+2057: RMS = 232.036 ns
Inject: 142.53 s
Snapshotting into enterprise Pulsar objects...

+------------------- Job Report: 11718227 (TIMEOUT) --------------------+
| Memory (RAM)  [################    ] 81.4% (32.6 GB peak / 40 GB)     |
| CPU           [#################   ] 88.2% average                    |
| Time          [------------------->] 100.2% (0-01:15:10 / 0-01:15:00) |
|                                                                       |
| Lustre Filesystem:                                                    |
|   Path    Total Read    Total Write    Total IOPS                     |
|   ------  ------------  -------------  ------------                   |
|   /apps   0 B           0 B            902                            |
|   /fred   108 KB        527.8 KB       122                            |
|   /home   3.8 MB        0 B            2.8 K                          |
|   OS      0 B           0 B            3                              |
+-----------------------------------------------------------------------+
