==========================================
Job ID: 11728742
Job Name: smbhb_pessimistic
Node: dave311
Start Time: Wed Apr 29 10:41:14 AEST 2026
==========================================

/home/bhoulden/.conda/envs/smbhb312/share/tempo2
Working directory: /fred/oz005/users/bhoulden/SMBHB_population_injections

Loaded modules:

Starting SMBHB analysis...
==========================================

📁 Save directory: data/2026-04-29/pessimistic_run_7
📝 Run name: pessimistic_run_7

[MEM] Start: 244.2 MB

📡 Loading pulsars...
======================================================================
LOADING NANOGRAV PULSARS (libstempo)
======================================================================

📦 Loading from cache: nanograv_pulsars_cache.pkl
⚠ Cache load failed: Ran out of input
[DEBUG] Found 76 .par files
[tempo2Util.C:396] Warning: [MISC1] Unknown parameter in par file:  DMDATA
[tempo2Util.C:401] Warning: [DUP1] duplicated warnings have been suppressed.

WARNING: Using tempo RNAMP parameter: setting TNRedC to 100!
[observatory.C:271] Warning: Assuming site 'arecibo' means 'ao'
✓ Loaded B1855+09 (7758 TOAs)

WARNING: Using tempo RNAMP parameter: setting TNRedC to 100!
✓ Loaded B1937+21 (23023 TOAs)

WARNING: Using tempo RNAMP parameter: setting TNRedC to 100!
✓ Loaded B1937+21ao (7241 TOAs)

WARNING: Using tempo RNAMP parameter: setting TNRedC to 100!
✓ Loaded B1937+21gbt (16048 TOAs)

WARNING: Using tempo RNAMP parameter: setting TNRedC to 100!
✓ Loaded B1953+29 (5126 TOAs)
✓ Loaded J0023+0923 (15896 TOAs)

WARNING: Using tempo RNAMP parameter: setting TNRedC to 100!
✓ Loaded J0030+0451 (19571 TOAs)
✓ Loaded J0340+4130 (11093 TOAs)
✓ Loaded J0406+3039 (2446 TOAs)

WARNING: Using tempo RNAMP parameter: setting TNRedC to 100!
✓ Loaded J0437-4715 (5830 TOAs)
✓ Loaded J0509+0856 (2169 TOAs)
✓ Loaded J0557+1551 (525 TOAs)
✓ Loaded J0605+3757 (554 TOAs)

WARNING: Using tempo RNAMP parameter: setting TNRedC to 100!
✓ Loaded J0610-2100 (4885 TOAs)

WARNING: Using tempo RNAMP parameter: setting TNRedC to 100!
✓ Loaded J0613-0200 (17124 TOAs)
✓ Loaded J0614-3329 (1714 TOAs)
✓ Loaded J0636+5128 (32222 TOAs)
✓ Loaded J0645+5158 (10403 TOAs)
✓ Loaded J0709+0458 (3030 TOAs)
✓ Loaded J0740+6620 (13401 TOAs)
✓ Loaded J0931-1902 (5473 TOAs)

WARNING: Using tempo RNAMP parameter: setting TNRedC to 100!
✓ Loaded J1012+5307 (25837 TOAs)
✓ Loaded J1012-4235 (797 TOAs)
✓ Loaded J1022+1001 (3978 TOAs)
✓ Loaded J1024-0719 (12635 TOAs)
✓ Loaded J1125+7819 (8723 TOAs)
✓ Loaded J1312+0051 (1705 TOAs)
✓ Loaded J1453+1902 (2551 TOAs)
✓ Loaded J1455-3330 (10818 TOAs)

WARNING: Using tempo RNAMP parameter: setting TNRedC to 100!
✓ Loaded J1600-3053 (22955 TOAs)

WARNING: Using tempo RNAMP parameter: setting TNRedC to 100!
✓ Loaded J1600-3053gbt (19725 TOAs)

WARNING: Using tempo RNAMP parameter: setting TNRedC to 100!
✓ Loaded J1614-2230 (18445 TOAs)
✓ Loaded J1630+3734 (1815 TOAs)
✓ Loaded J1640+2224 (14066 TOAs)

WARNING: Using tempo RNAMP parameter: setting TNRedC to 100!
✓ Loaded J1643-1224 (22144 TOAs)

WARNING: Using tempo RNAMP parameter: setting TNRedC to 100!
✓ Loaded J1643-1224gbt (17932 TOAs)

WARNING: Using tempo RNAMP parameter: setting TNRedC to 100!
✓ Loaded J1705-1903 (9871 TOAs)

WARNING: Using tempo RNAMP parameter: setting TNRedC to 100!
✓ Loaded J1713+0747 (59389 TOAs)

WARNING: Using tempo RNAMP parameter: setting TNRedC to 100!
✓ Loaded J1713+0747ao (21362 TOAs)

WARNING: Using tempo RNAMP parameter: setting TNRedC to 100!
✓ Loaded J1713+0747gbt (32963 TOAs)
✓ Loaded J1719-1438 (6356 TOAs)
✓ Loaded J1730-2304 (4870 TOAs)
✓ Loaded J1738+0333 (8790 TOAs)
✓ Loaded J1741+1351 (5582 TOAs)

WARNING: Using tempo RNAMP parameter: setting TNRedC to 100!
✓ Loaded J1744-1134 (17745 TOAs)

WARNING: Using tempo RNAMP parameter: setting TNRedC to 100!
✓ Loaded J1745+1017 (3017 TOAs)

WARNING: Using tempo RNAMP parameter: setting TNRedC to 100!
✓ Loaded J1747-4036 (11055 TOAs)
✓ Loaded J1751-2857 (2025 TOAs)

WARNING: Using tempo RNAMP parameter: setting TNRedC to 100!
✓ Loaded J1802-2124 (6796 TOAs)
✓ Loaded J1811-2405 (5266 TOAs)
✓ Loaded J1832-0836 (7739 TOAs)
✓ Loaded J1843-1113 (4595 TOAs)

WARNING: Using tempo RNAMP parameter: setting TNRedC to 100!
✓ Loaded J1853+1303 (4570 TOAs)

WARNING: Using tempo RNAMP parameter: setting TNRedC to 100!
✓ Loaded J1903+0327 (6856 TOAs)

WARNING: Using tempo RNAMP parameter: setting TNRedC to 100!
✓ Loaded J1903+0327ao (6423 TOAs)

WARNING: Using tempo RNAMP parameter: setting TNRedC to 100!
✓ Loaded J1909-3744 (35037 TOAs)

WARNING: Using tempo RNAMP parameter: setting TNRedC to 100!
✓ Loaded J1909-3744gbt (31526 TOAs)
✓ Loaded J1910+1256 (6486 TOAs)
✓ Loaded J1911+1347 (3786 TOAs)
✓ Loaded J1918-0642 (18875 TOAs)
✓ Loaded J1923+2515 (3974 TOAs)
✓ Loaded J1944+0907 (5328 TOAs)

WARNING: Using tempo RNAMP parameter: setting TNRedC to 100!
✓ Loaded J1946+3417 (4743 TOAs)
✓ Loaded J2010-1323 (17077 TOAs)
✓ Loaded J2017+0603 (3512 TOAs)
✓ Loaded J2033+1734 (3847 TOAs)
✓ Loaded J2043+1711 (7397 TOAs)
✓ Loaded J2124-3358 (4982 TOAs)

WARNING: Using tempo RNAMP parameter: setting TNRedC to 100!
✓ Loaded J2145-0750 (18675 TOAs)
✓ Loaded J2214+3000 (7406 TOAs)
✓ Loaded J2229+2643 (3711 TOAs)

WARNING: Using tempo RNAMP parameter: setting TNRedC to 100!
✓ Loaded J2234+0611 (3566 TOAs)
✓ Loaded J2234+0944 (7535 TOAs)
✓ Loaded J2302+4442 (10211 TOAs)
✓ Loaded J2317+1439 (13927 TOAs)
✓ Loaded J2322+2057 (3088 TOAs)
⚠ Could not save cache: no default __reduce__ due to non-trivial __cinit__

✓ Loaded 76 pulsars
✗ Failed: 0 — []
[MEM] After loading pulsars: 8869.9 MB

🔍 Filtering pulsars...

Filtered: 76 → 67 pulsars
[MEM] After filtering pulsars: 8872.5 MB
[MEM] After garbage collection: 8872.6 MB

======================================================================
SMBHB POPULATION ANALYSIS
======================================================================

Configuration: pessimistic
  Lower mass, lower spread in distance, large population
  N_binaries: 10000000

======================================================================
CONSISTENT POPULATION SYNTHESIS
======================================================================

======================================================================
GENERATING SNR-CONSISTENT POPULATIONS
======================================================================
Target SNR:          4.0
Simulations:         1
======================================================================


──────────────────────────────────────────────────────────────────────
SIMULATION 1/1
──────────────────────────────────────────────────────────────────────
  [B1855+09] zeroing residuals...
  [B1855+09] adding red noise...
  [B1855+09] white noise for 430_ASP (390 TOAs)...
  [B1855+09] white noise for L-wide_ASP (1178 TOAs)...
  [B1855+09] white noise for 430_PUPPI (1185 TOAs)...
  [B1855+09] white noise for L-wide_PUPPI (5005 TOAs)...
  [B1937+21] zeroing residuals...
  [B1937+21] adding red noise...
  [B1937+21] white noise for S-wide_ASP (344 TOAs)...
  [B1937+21] white noise for Rcvr1_2_GUPPI (7048 TOAs)...
  [B1937+21] white noise for L-wide_PUPPI (4133 TOAs)...
  [B1937+21] white noise for Rcvr_800_GASP (586 TOAs)...
  [B1937+21] white noise for L-wide_ASP (452 TOAs)...
  [B1937+21] white noise for S-wide_PUPPI (2251 TOAs)...
  [B1937+21] white noise for Rcvr1_2_GASP (1069 TOAs)...
  [B1937+21] white noise for Rcvr_800_GUPPI (7140 TOAs)...
  [B1953+29] zeroing residuals...
  [B1953+29] adding red noise...
  [B1953+29] white noise for S-wide_ASP (25 TOAs)...
  [B1953+29] white noise for 430_ASP (29 TOAs)...
  [B1953+29] white noise for 430_PUPPI (941 TOAs)...
  [B1953+29] white noise for L-wide_PUPPI (4037 TOAs)...
  [B1953+29] white noise for L-wide_ASP (94 TOAs)...
  [J0023+0923] zeroing residuals...
  [J0023+0923] adding red noise...
  [J0023+0923] white noise for 430_ASP (90 TOAs)...
  [J0023+0923] white noise for L-wide_ASP (119 TOAs)...
  [J0023+0923] white noise for 430_PUPPI (4564 TOAs)...
  [J0023+0923] white noise for L-wide_PUPPI (11123 TOAs)...
  [J0030+0451] zeroing residuals...
  [J0030+0451] adding red noise...
  [J0030+0451] white noise for 430_ASP (267 TOAs)...
  [J0030+0451] white noise for 430_PUPPI (3068 TOAs)...
  [J0030+0451] white noise for S-wide_PUPPI (2673 TOAs)...
  [J0030+0451] white noise for L-wide_PUPPI (12774 TOAs)...
  [J0030+0451] white noise for L-wide_ASP (789 TOAs)...
  [J0340+4130] zeroing residuals...
  [J0340+4130] adding red noise...
  [J0340+4130] white noise for Rcvr1_2_GUPPI (5037 TOAs)...
  [J0340+4130] white noise for Rcvr_800_GUPPI (6056 TOAs)...
  [J0406+3039] zeroing residuals...
  [J0406+3039] adding red noise...
  [J0406+3039] white noise for L-wide_PUPPI (1871 TOAs)...
  [J0406+3039] white noise for S-wide_PUPPI (575 TOAs)...
  [J0437-4715] zeroing residuals...
  [J0437-4715] adding red noise...
  [J0437-4715] white noise for 3GHz_YUPPI (3696 TOAs)...
  [J0437-4715] white noise for 1.5GHz_YUPPI (2134 TOAs)...
  [J0509+0856] zeroing residuals...
  [J0509+0856] adding red noise...
  [J0509+0856] white noise for L-wide_PUPPI (1625 TOAs)...
  [J0509+0856] white noise for S-wide_PUPPI (544 TOAs)...
  [J0557+1551] zeroing residuals...
  [J0557+1551] adding red noise...
  [J0557+1551] white noise for L-wide_PUPPI (467 TOAs)...
  [J0557+1551] white noise for S-wide_PUPPI (58 TOAs)...
  [J0605+3757] zeroing residuals...
  [J0605+3757] adding red noise...
  [J0605+3757] white noise for Rcvr1_2_GUPPI (318 TOAs)...
  [J0605+3757] white noise for Rcvr_800_GUPPI (236 TOAs)...
  [J0610-2100] zeroing residuals...
  [J0610-2100] adding red noise...
  [J0610-2100] white noise for Rcvr1_2_GUPPI (2401 TOAs)...
  [J0610-2100] white noise for Rcvr_800_GUPPI (2484 TOAs)...
  [J0613-0200] zeroing residuals...
  [J0613-0200] adding red noise...
  [J0613-0200] white noise for Rcvr1_2_GUPPI (7423 TOAs)...
  [J0613-0200] white noise for Rcvr_800_GASP (809 TOAs)...
  [J0613-0200] white noise for Rcvr1_2_GASP (992 TOAs)...
  [J0613-0200] white noise for Rcvr_800_GUPPI (7900 TOAs)...
  [J0636+5128] zeroing residuals...
  [J0636+5128] adding red noise...
  [J0636+5128] white noise for Rcvr1_2_GUPPI (14803 TOAs)...
  [J0636+5128] white noise for Rcvr_800_GUPPI (17419 TOAs)...
  [J0645+5158] zeroing residuals...
  [J0645+5158] adding red noise...
  [J0645+5158] white noise for Rcvr1_2_GUPPI (5721 TOAs)...
  [J0645+5158] white noise for Rcvr_800_GUPPI (4682 TOAs)...
  [J0709+0458] zeroing residuals...
  [J0709+0458] adding red noise...
  [J0709+0458] white noise for L-wide_PUPPI (2435 TOAs)...
  [J0709+0458] white noise for S-wide_PUPPI (595 TOAs)...
  [J0740+6620] zeroing residuals...
  [J0740+6620] adding red noise...
  [J0740+6620] white noise for Rcvr1_2_GUPPI (8265 TOAs)...
  [J0740+6620] white noise for Rcvr_800_GUPPI (5136 TOAs)...
  [J0931-1902] zeroing residuals...
  [J0931-1902] adding red noise...
  [J0931-1902] white noise for Rcvr1_2_GUPPI (2054 TOAs)...
  [J0931-1902] white noise for Rcvr_800_GUPPI (3419 TOAs)...
  [J1012+5307] zeroing residuals...
  [J1012+5307] adding red noise...
  [J1012+5307] white noise for Rcvr1_2_GUPPI (12849 TOAs)...
  [J1012+5307] white noise for Rcvr_800_GASP (1210 TOAs)...
  [J1012+5307] white noise for Rcvr1_2_GASP (1479 TOAs)...
  [J1012+5307] white noise for Rcvr_800_GUPPI (10299 TOAs)...
  [J1012-4235] zeroing residuals...
  [J1012-4235] adding red noise...
  [J1012-4235] white noise for Rcvr1_2_GUPPI (455 TOAs)...
  [J1012-4235] white noise for Rcvr_800_GUPPI (342 TOAs)...
  [J1022+1001] zeroing residuals...
  [J1022+1001] adding red noise...
  [J1022+1001] white noise for L-wide_PUPPI (2592 TOAs)...
  [J1022+1001] white noise for S-wide_PUPPI (1154 TOAs)...
  [J1022+1001] white noise for 430_PUPPI (232 TOAs)...
  [J1024-0719] zeroing residuals...
  [J1024-0719] adding red noise...
  [J1024-0719] white noise for Rcvr1_2_GUPPI (7086 TOAs)...
  [J1024-0719] white noise for Rcvr_800_GASP (51 TOAs)...
  [J1024-0719] white noise for Rcvr1_2_GASP (43 TOAs)...
  [J1024-0719] white noise for Rcvr_800_GUPPI (5455 TOAs)...
  [J1125+7819] zeroing residuals...
  [J1125+7819] adding red noise...
  [J1125+7819] white noise for Rcvr1_2_GUPPI (4016 TOAs)...
  [J1125+7819] white noise for Rcvr_800_GUPPI (4707 TOAs)...
  [J1312+0051] zeroing residuals...
  [J1312+0051] adding red noise...
  [J1312+0051] white noise for L-wide_PUPPI (1289 TOAs)...
  [J1312+0051] white noise for S-wide_PUPPI (416 TOAs)...
  [J1453+1902] zeroing residuals...
  [J1453+1902] adding red noise...
  [J1453+1902] white noise for L-wide_PUPPI (2122 TOAs)...
  [J1453+1902] white noise for S-wide_PUPPI (4 TOAs)...
  [J1453+1902] white noise for 430_PUPPI (425 TOAs)...
  [J1455-3330] zeroing residuals...
  [J1455-3330] adding red noise...
  [J1455-3330] white noise for Rcvr1_2_GUPPI (4932 TOAs)...
  [J1455-3330] white noise for Rcvr_800_GASP (479 TOAs)...
  [J1455-3330] white noise for Rcvr1_2_GASP (564 TOAs)...
  [J1455-3330] white noise for Rcvr_800_GUPPI (4843 TOAs)...
  [J1600-3053] zeroing residuals...
  [J1600-3053] adding red noise...
  [J1600-3053] white noise for Rcvr1_2_GUPPI (10168 TOAs)...
  [J1600-3053] white noise for Rcvr_800_GASP (297 TOAs)...
  [J1600-3053] white noise for Rcvr1_2_GASP (457 TOAs)...
  [J1600-3053] white noise for Rcvr_800_GUPPI (8796 TOAs)...
  [J1600-3053] white noise for 3GHz_YUPPI (3237 TOAs)...
  [J1614-2230] zeroing residuals...
  [J1614-2230] adding red noise...
  [J1614-2230] white noise for Rcvr1_2_GUPPI (10509 TOAs)...
  [J1614-2230] white noise for Rcvr_800_GASP (84 TOAs)...
  [J1614-2230] white noise for Rcvr1_2_GASP (84 TOAs)...
  [J1614-2230] white noise for Rcvr_800_GUPPI (7768 TOAs)...
  [J1630+3734] zeroing residuals...
  [J1630+3734] adding red noise...
  [J1630+3734] white noise for Rcvr1_2_GUPPI (909 TOAs)...
  [J1630+3734] white noise for Rcvr_800_GUPPI (906 TOAs)...
  [J1640+2224] zeroing residuals...
  [J1640+2224] adding red noise...
  [J1640+2224] white noise for 430_ASP (340 TOAs)...
  [J1640+2224] white noise for L-wide_ASP (722 TOAs)...
  [J1640+2224] white noise for 430_PUPPI (3157 TOAs)...
  [J1640+2224] white noise for L-wide_PUPPI (9847 TOAs)...
  [J1643-1224] zeroing residuals...
  [J1643-1224] adding red noise...
  [J1643-1224] white noise for Rcvr1_2_GUPPI (8803 TOAs)...
  [J1643-1224] white noise for Rcvr_800_GASP (559 TOAs)...
  [J1643-1224] white noise for Rcvr1_2_GASP (833 TOAs)...
  [J1643-1224] white noise for Rcvr_800_GUPPI (7734 TOAs)...
  [J1643-1224] white noise for 3GHz_YUPPI (4215 TOAs)...
  [J1705-1903] zeroing residuals...
  [J1705-1903] adding red noise...
  [J1705-1903] white noise for Rcvr1_2_GUPPI (6350 TOAs)...
  [J1705-1903] white noise for Rcvr_800_GUPPI (3521 TOAs)...
  [J1713+0747] zeroing residuals...
  [J1713+0747] adding red noise...
  [J1713+0747] white noise for S-wide_ASP (624 TOAs)...
  [J1713+0747] white noise for Rcvr1_2_GUPPI (22334 TOAs)...
  [J1713+0747] white noise for L-wide_PUPPI (12743 TOAs)...
  [J1713+0747] white noise for Rcvr_800_GASP (1032 TOAs)...
  [J1713+0747] white noise for L-wide_ASP (843 TOAs)...
  [J1713+0747] white noise for S-wide_PUPPI (7482 TOAs)...
  [J1713+0747] white noise for Rcvr1_2_GASP (1109 TOAs)...
  [J1713+0747] white noise for Rcvr_800_GUPPI (8479 TOAs)...
  [J1713+0747] white noise for 3GHz_YUPPI (3282 TOAs)...
  [J1713+0747] white noise for 1.5GHz_YUPPI (1461 TOAs)...
  [J1719-1438] zeroing residuals...
  [J1719-1438] adding red noise...
  [J1719-1438] white noise for Rcvr1_2_GUPPI (2722 TOAs)...
  [J1719-1438] white noise for Rcvr_800_GUPPI (3634 TOAs)...
  [J1730-2304] zeroing residuals...
  [J1730-2304] adding red noise...
  [J1730-2304] white noise for Rcvr1_2_GUPPI (2367 TOAs)...
  [J1730-2304] white noise for Rcvr_800_GUPPI (2503 TOAs)...
  [J1738+0333] zeroing residuals...
  [J1738+0333] adding red noise...
  [J1738+0333] white noise for S-wide_ASP (134 TOAs)...
  [J1738+0333] white noise for L-wide_PUPPI (6718 TOAs)...
  [J1738+0333] white noise for L-wide_ASP (201 TOAs)...
  [J1738+0333] white noise for S-wide_PUPPI (1737 TOAs)...
  [J1741+1351] zeroing residuals...
  [J1741+1351] adding red noise...
  [J1741+1351] white noise for S-wide_ASP (115 TOAs)...
  [J1741+1351] white noise for 430_ASP (27 TOAs)...
  [J1741+1351] white noise for 430_PUPPI (1159 TOAs)...
  [J1741+1351] white noise for L-wide_PUPPI (4045 TOAs)...
  [J1741+1351] white noise for L-wide_ASP (236 TOAs)...
  [J1744-1134] zeroing residuals...
  [J1744-1134] adding red noise...
  [J1744-1134] white noise for Rcvr1_2_GUPPI (8109 TOAs)...
  [J1744-1134] white noise for Rcvr_800_GASP (930 TOAs)...
  [J1744-1134] white noise for Rcvr1_2_GASP (807 TOAs)...
  [J1744-1134] white noise for Rcvr_800_GUPPI (7899 TOAs)...
  [J1745+1017] zeroing residuals...
  [J1745+1017] adding red noise...
  [J1745+1017] white noise for L-wide_PUPPI (2179 TOAs)...
  [J1745+1017] white noise for S-wide_PUPPI (838 TOAs)...
  [J1747-4036] zeroing residuals...
  [J1747-4036] adding red noise...
  [J1747-4036] white noise for Rcvr1_2_GUPPI (5239 TOAs)...
  [J1747-4036] white noise for Rcvr_800_GUPPI (5816 TOAs)...
  [J1751-2857] zeroing residuals...
  [J1751-2857] adding red noise...
  [J1751-2857] white noise for Rcvr1_2_GUPPI (1786 TOAs)...
  [J1751-2857] white noise for Rcvr_800_GUPPI (239 TOAs)...
  [J1802-2124] zeroing residuals...
  [J1802-2124] adding red noise...
  [J1802-2124] white noise for Rcvr1_2_GUPPI (3231 TOAs)...
  [J1802-2124] white noise for Rcvr_800_GUPPI (3565 TOAs)...
  [J1811-2405] zeroing residuals...
  [J1811-2405] adding red noise...
  [J1811-2405] white noise for Rcvr1_2_GUPPI (2638 TOAs)...
  [J1811-2405] white noise for Rcvr_800_GUPPI (2628 TOAs)...
  [J1832-0836] zeroing residuals...
  [J1832-0836] adding red noise...
  [J1832-0836] white noise for Rcvr1_2_GUPPI (4661 TOAs)...
  [J1832-0836] white noise for Rcvr_800_GUPPI (3078 TOAs)...
  [J1843-1113] zeroing residuals...
  [J1843-1113] adding red noise...
  [J1843-1113] white noise for Rcvr1_2_GUPPI (2394 TOAs)...
  [J1843-1113] white noise for Rcvr_800_GUPPI (2201 TOAs)...
  [J1853+1303] zeroing residuals...
  [J1853+1303] adding red noise...
  [J1853+1303] white noise for 430_ASP (24 TOAs)...
  [J1853+1303] white noise for L-wide_ASP (33 TOAs)...
  [J1853+1303] white noise for 430_PUPPI (1151 TOAs)...
  [J1853+1303] white noise for L-wide_PUPPI (3362 TOAs)...
  [J1903+0327] zeroing residuals...
  [J1903+0327] adding red noise...
  [J1903+0327] white noise for S-wide_ASP (151 TOAs)...
  [J1903+0327] white noise for L-wide_PUPPI (3845 TOAs)...
  [J1903+0327] white noise for S-wide_PUPPI (2282 TOAs)...
  [J1903+0327] white noise for L-wide_ASP (139 TOAs)...
  [J1903+0327] white noise for 3GHz_YUPPI (439 TOAs)...
  [J1909-3744] zeroing residuals...
  [J1909-3744] adding red noise...
  [J1909-3744] white noise for Rcvr1_2_GUPPI (20439 TOAs)...
  [J1909-3744] white noise for Rcvr_800_GASP (866 TOAs)...
  [J1909-3744] white noise for Rcvr1_2_GASP (808 TOAs)...
  [J1909-3744] white noise for Rcvr_800_GUPPI (9399 TOAs)...
  [J1909-3744] white noise for 3GHz_YUPPI (3525 TOAs)...
  [J1910+1256] zeroing residuals...
  [J1910+1256] adding red noise...
  [J1910+1256] white noise for S-wide_ASP (208 TOAs)...
  [J1910+1256] white noise for L-wide_PUPPI (4124 TOAs)...
  [J1910+1256] white noise for L-wide_ASP (297 TOAs)...
  [J1910+1256] white noise for S-wide_PUPPI (1857 TOAs)...
  [J1911+1347] zeroing residuals...
  [J1911+1347] adding red noise...
  [J1911+1347] white noise for L-wide_PUPPI (3033 TOAs)...
  [J1911+1347] white noise for 430_PUPPI (753 TOAs)...
  [J1918-0642] zeroing residuals...
  [J1918-0642] adding red noise...
  [J1918-0642] white noise for Rcvr1_2_GUPPI (8910 TOAs)...
  [J1918-0642] white noise for Rcvr_800_GASP (835 TOAs)...
  [J1918-0642] white noise for Rcvr1_2_GASP (778 TOAs)...
  [J1918-0642] white noise for Rcvr_800_GUPPI (8352 TOAs)...
  [J1923+2515] zeroing residuals...
  [J1923+2515] adding red noise...
  [J1923+2515] white noise for 430_ASP (10 TOAs)...
  [J1923+2515] white noise for L-wide_ASP (14 TOAs)...
  [J1923+2515] white noise for 430_PUPPI (922 TOAs)...
  [J1923+2515] white noise for L-wide_PUPPI (3028 TOAs)...
  [J1944+0907] zeroing residuals...
  [J1944+0907] adding red noise...
  [J1944+0907] white noise for S-wide_ASP (116 TOAs)...
  [J1944+0907] white noise for 430_ASP (38 TOAs)...
  [J1944+0907] white noise for 430_PUPPI (1017 TOAs)...
  [J1944+0907] white noise for L-wide_PUPPI (3900 TOAs)...
  [J1944+0907] white noise for L-wide_ASP (257 TOAs)...
  [J1946+3417] zeroing residuals...
  [J1946+3417] adding red noise...
  [J1946+3417] white noise for L-wide_PUPPI (3197 TOAs)...
  [J1946+3417] white noise for S-wide_PUPPI (1546 TOAs)...
  [J2010-1323] zeroing residuals...
  [J2010-1323] adding red noise...
  [J2010-1323] white noise for Rcvr1_2_GUPPI (7779 TOAs)...
  [J2010-1323] white noise for Rcvr_800_GASP (70 TOAs)...
  [J2010-1323] white noise for Rcvr1_2_GASP (70 TOAs)...
  [J2010-1323] white noise for Rcvr_800_GUPPI (9158 TOAs)...
  [J2017+0603] zeroing residuals...
  [J2017+0603] adding red noise...
  [J2017+0603] white noise for L-wide_PUPPI (2569 TOAs)...
  [J2017+0603] white noise for L-wide_ASP (16 TOAs)...
  [J2017+0603] white noise for S-wide_PUPPI (849 TOAs)...
  [J2017+0603] white noise for 430_PUPPI (78 TOAs)...
  [J2033+1734] zeroing residuals...
  [J2033+1734] adding red noise...
  [J2033+1734] white noise for L-wide_PUPPI (3050 TOAs)...
  [J2033+1734] white noise for 430_PUPPI (797 TOAs)...
  [J2043+1711] zeroing residuals...
  [J2043+1711] adding red noise...
  [J2043+1711] white noise for 430_ASP (30 TOAs)...
  [J2043+1711] white noise for L-wide_ASP (40 TOAs)...
  [J2043+1711] white noise for 430_PUPPI (2908 TOAs)...
  [J2043+1711] white noise for L-wide_PUPPI (4419 TOAs)...
  [J2124-3358] zeroing residuals...
  [J2124-3358] adding red noise...
  [J2124-3358] white noise for Rcvr1_2_GUPPI (2957 TOAs)...
  [J2124-3358] white noise for Rcvr_800_GUPPI (2025 TOAs)...
  [J2145-0750] zeroing residuals...
  [J2145-0750] adding red noise...
  [J2145-0750] white noise for Rcvr1_2_GUPPI (9158 TOAs)...
  [J2145-0750] white noise for Rcvr_800_GASP (362 TOAs)...
  [J2145-0750] white noise for Rcvr1_2_GASP (427 TOAs)...
  [J2145-0750] white noise for Rcvr_800_GUPPI (8728 TOAs)...
  [J2214+3000] zeroing residuals...
  [J2214+3000] adding red noise...
  [J2214+3000] white noise for L-wide_PUPPI (5829 TOAs)...
  [J2214+3000] white noise for L-wide_ASP (9 TOAs)...
  [J2214+3000] white noise for S-wide_PUPPI (1568 TOAs)...
  [J2229+2643] zeroing residuals...
  [J2229+2643] adding red noise...
  [J2229+2643] white noise for L-wide_PUPPI (2755 TOAs)...
  [J2229+2643] white noise for 430_PUPPI (956 TOAs)...
  [J2234+0611] zeroing residuals...
  [J2234+0611] adding red noise...
  [J2234+0611] white noise for L-wide_PUPPI (2913 TOAs)...
  [J2234+0611] white noise for 430_PUPPI (653 TOAs)...
  [J2234+0944] zeroing residuals...
  [J2234+0944] adding red noise...
  [J2234+0944] white noise for L-wide_PUPPI (5003 TOAs)...
  [J2234+0944] white noise for S-wide_PUPPI (2532 TOAs)...
  [J2302+4442] zeroing residuals...
  [J2302+4442] adding red noise...
  [J2302+4442] white noise for Rcvr1_2_GUPPI (3779 TOAs)...
  [J2302+4442] white noise for Rcvr_800_GUPPI (6432 TOAs)...
  [J2317+1439] zeroing residuals...
  [J2317+1439] adding red noise...
  [J2317+1439] white noise for 430_ASP (458 TOAs)...
  [J2317+1439] white noise for 327_PUPPI (276 TOAs)...
  [J2317+1439] white noise for 430_PUPPI (3217 TOAs)...
  [J2317+1439] white noise for L-wide_PUPPI (9563 TOAs)...
  [J2317+1439] white noise for 327_ASP (413 TOAs)...
  [J2322+2057] zeroing residuals...
  [J2322+2057] adding red noise...
  [J2322+2057] white noise for L-wide_PUPPI (2196 TOAs)...
  [J2322+2057] white noise for S-wide_PUPPI (140 TOAs)...
  [J2322+2057] white noise for 430_PUPPI (752 TOAs)...
Resetting pulsars to clean stoas...
Restore: 0.00 s
Inject: 0.00 s
Snapshotting into enterprise Pulsar objects...
Building PTA...
PTA build: 494.97 s
Computing optimal statistic...
OS time: 58.57 s
Total: 553.54 s
Noise-only SNR baseline: -0.4668

Generating SNR-consistent population...
Target SNR: 4.0
Resetting pulsars to clean stoas...
Restore: 0.01 s
Injecting population...
  B1855+09: RMS = 1458.544 ns
  B1937+21: RMS = 837.589 ns
  B1953+29: RMS = 744.401 ns
  J0023+0923: RMS = 3201.160 ns
  J0030+0451: RMS = 2660.007 ns
  J0340+4130: RMS = 1837.565 ns
  J0406+3039: RMS = 905.981 ns
  J0437-4715: RMS = 1483.479 ns
  J0509+0856: RMS = 643.340 ns
  J0557+1551: RMS = 1219.430 ns
  J0605+3757: RMS = 264.924 ns
  J0610-2100: RMS = 233.923 ns
  J0613-0200: RMS = 1378.394 ns
  J0636+5128: RMS = 750.639 ns
  J0645+5158: RMS = 782.964 ns
  J0709+0458: RMS = 427.168 ns
  J0740+6620: RMS = 1872.988 ns
  J0931-1902: RMS = 966.012 ns
  J1012+5307: RMS = 2587.367 ns
  J1012-4235: RMS = 538.016 ns
  J1022+1001: RMS = 892.378 ns
  J1024-0719: RMS = 1941.575 ns
  J1125+7819: RMS = 3410.651 ns
  J1312+0051: RMS = 729.423 ns
  J1453+1902: RMS = 1023.929 ns
  J1455-3330: RMS = 449.704 ns
  J1600-3053: RMS = 1566.290 ns
  J1614-2230: RMS = 1793.503 ns
  J1630+3734: RMS = 278.078 ns
  J1640+2224: RMS = 755.097 ns
  J1643-1224: RMS = 2374.384 ns
  J1705-1903: RMS = 1170.881 ns
  J1713+0747: RMS = 2142.921 ns
  J1719-1438: RMS = 992.362 ns
  J1730-2304: RMS = 595.781 ns
  J1738+0333: RMS = 2707.756 ns
  J1741+1351: RMS = 2432.722 ns
  J1744-1134: RMS = 3247.996 ns
  J1745+1017: RMS = 1686.769 ns
  J1747-4036: RMS = 1427.707 ns
  J1751-2857: RMS = 446.522 ns
  J1802-2124: RMS = 263.954 ns
  J1811-2405: RMS = 472.874 ns
  J1832-0836: RMS = 1178.056 ns
  J1843-1113: RMS = 211.431 ns
  J1853+1303: RMS = 1826.189 ns
  J1903+0327: RMS = 1806.500 ns
  J1909-3744: RMS = 1905.081 ns
  J1910+1256: RMS = 1142.830 ns
  J1911+1347: RMS = 1310.957 ns
  J1918-0642: RMS = 2387.327 ns
  J1923+2515: RMS = 992.193 ns
  J1944+0907: RMS = 947.013 ns
  J1946+3417: RMS = 987.392 ns
  J2010-1323: RMS = 1312.440 ns
  J2017+0603: RMS = 635.044 ns
  J2033+1734: RMS = 465.146 ns
  J2043+1711: RMS = 901.332 ns
  J2124-3358: RMS = 480.878 ns
  J2145-0750: RMS = 1578.967 ns
  J2214+3000: RMS = 1526.984 ns
  J2229+2643: RMS = 617.749 ns
  J2234+0611: RMS = 970.442 ns
  J2234+0944: RMS = 676.603 ns
  J2302+4442: RMS = 552.070 ns
  J2317+1439: RMS = 3541.536 ns
  J2322+2057: RMS = 549.276 ns
Inject: 174.45 s
Snapshotting into enterprise Pulsar objects...
Building PTA...
PTA build: 460.43 s
Computing optimal statistic...
OS time: 60.36 s
Total: 695.26 s
Initial SNR: 24.5793, Target SNR: 4.0000
  Initial SNR 24.5793 outside of provided SNR_range [3.5, 4.25] — rescaling.
Scaling distances by factor 2.3679 to achieve target SNR...
Resetting pulsars to clean stoas...
Restore: 0.01 s
Injecting population...
  B1855+09: RMS = 615.956 ns
  B1937+21: RMS = 353.721 ns
  B1953+29: RMS = 314.367 ns
  J0023+0923: RMS = 1351.879 ns
  J0030+0451: RMS = 1123.345 ns
  J0340+4130: RMS = 776.021 ns
  J0406+3039: RMS = 382.604 ns
  J0437-4715: RMS = 626.487 ns
  J0509+0856: RMS = 271.688 ns
  J0557+1551: RMS = 514.976 ns
  J0605+3757: RMS = 111.880 ns
  J0610-2100: RMS = 98.788 ns
  J0613-0200: RMS = 582.108 ns
  J0636+5128: RMS = 317.002 ns
  J0645+5158: RMS = 330.653 ns
  J0709+0458: RMS = 180.397 ns
  J0740+6620: RMS = 790.980 ns
  J0931-1902: RMS = 407.956 ns
  J1012+5307: RMS = 1092.669 ns
  J1012-4235: RMS = 227.209 ns
  J1022+1001: RMS = 376.860 ns
  J1024-0719: RMS = 819.945 ns
  J1125+7819: RMS = 1440.349 ns
  J1312+0051: RMS = 308.042 ns
  J1453+1902: RMS = 432.414 ns
  J1455-3330: RMS = 189.914 ns
  J1600-3053: RMS = 661.459 ns
  J1614-2230: RMS = 757.413 ns
  J1630+3734: RMS = 117.435 ns
  J1640+2224: RMS = 318.884 ns
  J1643-1224: RMS = 1002.724 ns
  J1705-1903: RMS = 494.474 ns
  J1713+0747: RMS = 904.975 ns
  J1719-1438: RMS = 419.083 ns
  J1730-2304: RMS = 251.604 ns
  J1738+0333: RMS = 1143.510 ns
  J1741+1351: RMS = 1027.361 ns
  J1744-1134: RMS = 1371.658 ns
  J1745+1017: RMS = 712.338 ns
  J1747-4036: RMS = 602.934 ns
  J1751-2857: RMS = 188.570 ns
  J1802-2124: RMS = 111.470 ns
  J1811-2405: RMS = 199.699 ns
  J1832-0836: RMS = 497.504 ns
  J1843-1113: RMS = 89.289 ns
  J1853+1303: RMS = 771.216 ns
  J1903+0327: RMS = 762.902 ns
  J1909-3744: RMS = 804.533 ns
  J1910+1256: RMS = 482.628 ns
  J1911+1347: RMS = 553.629 ns
  J1918-0642: RMS = 1008.190 ns
  J1923+2515: RMS = 419.012 ns
  J1944+0907: RMS = 399.932 ns
  J1946+3417: RMS = 416.985 ns
  J2010-1323: RMS = 554.256 ns
  J2017+0603: RMS = 268.185 ns
  J2033+1734: RMS = 196.435 ns
  J2043+1711: RMS = 380.641 ns
  J2124-3358: RMS = 203.079 ns
  J2145-0750: RMS = 666.812 ns
  J2214+3000: RMS = 644.859 ns
  J2229+2643: RMS = 260.881 ns
  J2234+0611: RMS = 409.827 ns
  J2234+0944: RMS = 285.736 ns
  J2302+4442: RMS = 233.144 ns
  J2317+1439: RMS = 1495.623 ns
  J2322+2057: RMS = 231.964 ns
Inject: 234.06 s
Snapshotting into enterprise Pulsar objects...
Building PTA...
PTA build: 460.82 s
Computing optimal statistic...
OS time: 47.70 s
Total: 742.59 s
  SNR 5.0063 outside of provided SNR_range [3.5, 4.25] — rescaling.
[Iteration 1/4] SNR after scaling: 5.0063 (target: 4.0000)
  SNR history: it0→24.5793@1.0000x, it1→5.0063@2.3679x
  Re-scaling distances by factor 1.1220  (cumulative after: 2.6569×)
Resetting pulsars to clean stoas...
Restore: 0.01 s
Injecting population...
  B1855+09: RMS = 548.958 ns
  B1937+21: RMS = 315.247 ns
  B1953+29: RMS = 280.173 ns
  J0023+0923: RMS = 1204.834 ns
  J0030+0451: RMS = 1001.158 ns
  J0340+4130: RMS = 691.612 ns
  J0406+3039: RMS = 340.988 ns
  J0437-4715: RMS = 558.343 ns
  J0509+0856: RMS = 242.137 ns
  J0557+1551: RMS = 458.962 ns
  J0605+3757: RMS = 99.711 ns
  J0610-2100: RMS = 88.043 ns
  J0613-0200: RMS = 518.792 ns
  J0636+5128: RMS = 282.521 ns
  J0645+5158: RMS = 294.688 ns
  J0709+0458: RMS = 160.775 ns
  J0740+6620: RMS = 704.944 ns
  J0931-1902: RMS = 363.582 ns
  J1012+5307: RMS = 973.818 ns
  J1012-4235: RMS = 202.496 ns
  J1022+1001: RMS = 335.868 ns
  J1024-0719: RMS = 730.759 ns
  J1125+7819: RMS = 1283.681 ns
  J1312+0051: RMS = 274.536 ns
  J1453+1902: RMS = 385.380 ns
  J1455-3330: RMS = 169.257 ns
  J1600-3053: RMS = 589.511 ns
  J1614-2230: RMS = 675.029 ns
  J1630+3734: RMS = 104.661 ns
  J1640+2224: RMS = 284.199 ns
  J1643-1224: RMS = 893.657 ns
  J1705-1903: RMS = 440.689 ns
  J1713+0747: RMS = 806.540 ns
  J1719-1438: RMS = 373.499 ns
  J1730-2304: RMS = 224.237 ns
  J1738+0333: RMS = 1019.130 ns
  J1741+1351: RMS = 915.614 ns
  J1744-1134: RMS = 1222.462 ns
  J1745+1017: RMS = 634.857 ns
  J1747-4036: RMS = 537.352 ns
  J1751-2857: RMS = 168.059 ns
  J1802-2124: RMS = 99.346 ns
  J1811-2405: RMS = 177.978 ns
  J1832-0836: RMS = 443.390 ns
  J1843-1113: RMS = 79.577 ns
  J1853+1303: RMS = 687.330 ns
  J1903+0327: RMS = 679.920 ns
  J1909-3744: RMS = 717.023 ns
  J1910+1256: RMS = 430.132 ns
  J1911+1347: RMS = 493.411 ns
  J1918-0642: RMS = 898.528 ns
  J1923+2515: RMS = 373.436 ns
  J1944+0907: RMS = 356.431 ns
  J1946+3417: RMS = 371.629 ns
  J2010-1323: RMS = 493.969 ns
  J2017+0603: RMS = 239.014 ns
  J2033+1734: RMS = 175.069 ns
  J2043+1711: RMS = 339.238 ns
  J2124-3358: RMS = 180.990 ns
  J2145-0750: RMS = 594.282 ns
  J2214+3000: RMS = 574.717 ns
  J2229+2643: RMS = 232.505 ns
  J2234+0611: RMS = 365.249 ns
  J2234+0944: RMS = 254.656 ns
  J2302+4442: RMS = 207.785 ns
  J2317+1439: RMS = 1332.943 ns
  J2322+2057: RMS = 206.733 ns
Inject: 161.64 s
Snapshotting into enterprise Pulsar objects...
Building PTA...
PTA build: 438.27 s
Computing optimal statistic...
OS time: 49.82 s
Total: 649.73 s
  ✓ SNR is within the provided SNR_range: 4.0437 ∈ [3.5, 4.25]

Final SNR history:
  it 0: cumulative_scale=1.0000×  SNR=24.5793
  it 1: cumulative_scale=2.3679×  SNR=5.0063
  it 2: cumulative_scale=2.6569×  SNR=4.0437
✓ Simulation 1 done (2125.0 s)

======================================================================
ENSEMBLE SUMMARY
======================================================================
Success rate: 100.0% (1/1)

Binaries per population:
  Mean ± std : 10000000 ± 0
  Range      : [10000000, 10000000]

SNR achieved:
  Mean ± std : 4.0437 ± 0.0000
  Range      : [4.0437, 4.0437]

Total time: 2717.8 s (45.3 min)
======================================================================

💾 Saved: data/2026-04-29/pessimistic_run_7/consistent_population_pessimistic_targetSNR4.25_sims1.json
💾 Saved compressed pickle: data/2026-04-29/pessimistic_run_7/consistent_population_pessimistic_targetSNR4.25_sims1.pkl.gz

======================================================================
CONTINUOUS WAVE SNR ANALYSIS
======================================================================

--- Population 1 ---
Precomputation of phiinvs, TNTs, Ts, Nvecs, Sigmas took 0.03 seconds.
Total SNR computation for population took 304.87 seconds.
Top 50 CGW candidates:
   1. proxy_rank=  17  sky_w=1.51  f=6.26e-09 Hz  Mc=2.29e+09 Msun  h0=9.80e-16  SNR=1.861
   2. proxy_rank=  39  sky_w=1.56  f=7.73e-09 Hz  Mc=5.66e+09 Msun  h0=9.29e-16  SNR=1.845
   3. proxy_rank=   6  sky_w=1.04  f=5.96e-09 Hz  Mc=4.09e+09 Msun  h0=1.75e-15  SNR=1.513
   4. proxy_rank= 158  sky_w=1.42  f=7.64e-09 Hz  Mc=4.53e+09 Msun  h0=6.79e-16  SNR=1.280
   5. proxy_rank= 190  sky_w=1.36  f=1.05e-08 Hz  Mc=3.65e+09 Msun  h0=9.28e-16  SNR=1.165
   6. proxy_rank= 575  sky_w=1.12  f=7.87e-09 Hz  Mc=4.62e+09 Msun  h0=5.89e-16  SNR=0.957
   7. proxy_rank=  20  sky_w=1.60  f=4.16e-09 Hz  Mc=6.41e+09 Msun  h0=5.93e-16  SNR=0.858
   8. proxy_rank= 226  sky_w=1.23  f=5.86e-09 Hz  Mc=5.57e+09 Msun  h0=5.46e-16  SNR=0.705
   9. proxy_rank= 371  sky_w=1.06  f=5.84e-09 Hz  Mc=4.28e+09 Msun  h0=5.40e-16  SNR=0.677
  10. proxy_rank=  64  sky_w=1.39  f=4.94e-09 Hz  Mc=2.41e+09 Msun  h0=5.85e-16  SNR=0.669
  11. proxy_rank= 201  sky_w=1.07  f=4.68e-09 Hz  Mc=2.18e+09 Msun  h0=5.21e-16  SNR=0.615
  12. proxy_rank=  19  sky_w=1.20  f=3.73e-09 Hz  Mc=3.39e+09 Msun  h0=7.17e-16  SNR=0.577
  13. proxy_rank=  88  sky_w=1.16  f=5.75e-09 Hz  Mc=3.71e+09 Msun  h0=7.29e-16  SNR=0.573
  14. proxy_rank=  32  sky_w=1.52  f=4.35e-09 Hz  Mc=6.87e+09 Msun  h0=5.71e-16  SNR=0.558
  15. proxy_rank= 417  sky_w=1.30  f=5.12e-09 Hz  Mc=2.66e+09 Msun  h0=3.70e-16  SNR=0.536
  16. proxy_rank= 814  sky_w=1.46  f=5.81e-09 Hz  Mc=3.69e+09 Msun  h0=3.00e-16  SNR=0.530
  17. proxy_rank= 708  sky_w=1.21  f=6.48e-09 Hz  Mc=4.91e+09 Msun  h0=4.25e-16  SNR=0.513
  18. proxy_rank= 167  sky_w=1.61  f=4.41e-09 Hz  Mc=3.50e+09 Msun  h0=3.39e-16  SNR=0.509
  19. proxy_rank= 609  sky_w=0.83  f=1.04e-08 Hz  Mc=2.37e+09 Msun  h0=1.03e-15  SNR=0.490
  20. proxy_rank= 467  sky_w=1.31  f=5.24e-09 Hz  Mc=3.80e+09 Msun  h0=3.60e-16  SNR=0.486
  21. proxy_rank= 450  sky_w=1.23  f=5.35e-09 Hz  Mc=5.01e+09 Msun  h0=4.01e-16  SNR=0.485
  22. proxy_rank= 431  sky_w=1.09  f=6.92e-09 Hz  Mc=3.41e+09 Msun  h0=5.91e-16  SNR=0.472
  23. proxy_rank=  15  sky_w=1.55  f=3.45e-09 Hz  Mc=4.26e+09 Msun  h0=5.52e-16  SNR=0.463
  24. proxy_rank= 225  sky_w=1.44  f=4.82e-09 Hz  Mc=3.76e+09 Msun  h0=3.84e-16  SNR=0.454
  25. proxy_rank=  50  sky_w=1.38  f=4.27e-09 Hz  Mc=5.25e+09 Msun  h0=5.46e-16  SNR=0.452
  26. proxy_rank= 637  sky_w=0.76  f=4.85e-09 Hz  Mc=3.48e+09 Msun  h0=5.21e-16  SNR=0.438
  27. proxy_rank=  42  sky_w=1.39  f=3.39e-09 Hz  Mc=5.98e+09 Msun  h0=4.51e-16  SNR=0.429
  28. proxy_rank= 164  sky_w=1.28  f=3.92e-09 Hz  Mc=4.53e+09 Msun  h0=3.83e-16  SNR=0.424
  29. proxy_rank=  80  sky_w=1.24  f=4.15e-09 Hz  Mc=1.52e+09 Msun  h0=5.00e-16  SNR=0.423
  30. proxy_rank= 545  sky_w=1.58  f=5.11e-09 Hz  Mc=3.69e+09 Msun  h0=2.75e-16  SNR=0.411
  31. proxy_rank=   1  sky_w=1.55  f=2.11e-09 Hz  Mc=1.78e+09 Msun  h0=6.59e-16  SNR=0.387
  32. proxy_rank= 699  sky_w=1.20  f=5.32e-09 Hz  Mc=1.26e+09 Msun  h0=3.51e-16  SNR=0.384
  33. proxy_rank= 940  sky_w=1.56  f=5.01e-09 Hz  Mc=2.44e+09 Msun  h0=2.31e-16  SNR=0.383
  34. proxy_rank= 258  sky_w=1.55  f=4.33e-09 Hz  Mc=2.46e+09 Msun  h0=3.08e-16  SNR=0.380
  35. proxy_rank= 119  sky_w=1.47  f=3.65e-09 Hz  Mc=3.33e+09 Msun  h0=3.37e-16  SNR=0.380
  36. proxy_rank= 321  sky_w=1.50  f=4.33e-09 Hz  Mc=1.27e+09 Msun  h0=2.95e-16  SNR=0.370
  37. proxy_rank= 633  sky_w=1.56  f=5.61e-09 Hz  Mc=4.14e+09 Msun  h0=2.93e-16  SNR=0.368
  38. proxy_rank= 585  sky_w=1.07  f=4.31e-09 Hz  Mc=4.57e+09 Msun  h0=3.37e-16  SNR=0.364
  39. proxy_rank= 850  sky_w=1.50  f=5.05e-09 Hz  Mc=3.52e+09 Msun  h0=2.50e-16  SNR=0.355
  40. proxy_rank=   2  sky_w=1.33  f=2.22e-09 Hz  Mc=2.99e+09 Msun  h0=7.63e-16  SNR=0.351
  41. proxy_rank= 265  sky_w=1.43  f=4.43e-09 Hz  Mc=4.91e+09 Msun  h0=3.40e-16  SNR=0.348
  42. proxy_rank= 108  sky_w=1.32  f=3.53e-09 Hz  Mc=4.34e+09 Msun  h0=3.79e-16  SNR=0.343
  43. proxy_rank= 227  sky_w=1.42  f=3.74e-09 Hz  Mc=2.88e+09 Msun  h0=3.02e-16  SNR=0.336
  44. proxy_rank= 696  sky_w=1.16  f=4.34e-09 Hz  Mc=4.23e+09 Msun  h0=2.97e-16  SNR=0.335
  45. proxy_rank= 484  sky_w=1.08  f=3.85e-09 Hz  Mc=5.09e+09 Msun  h0=3.18e-16  SNR=0.329
  46. proxy_rank= 642  sky_w=1.47  f=5.39e-09 Hz  Mc=3.86e+09 Msun  h0=2.99e-16  SNR=0.328
  47. proxy_rank=  29  sky_w=1.31  f=2.78e-09 Hz  Mc=3.97e+09 Msun  h0=4.29e-16  SNR=0.327
  48. proxy_rank= 106  sky_w=0.80  f=4.51e-09 Hz  Mc=7.80e+08 Msun  h0=8.01e-16  SNR=0.326
  49. proxy_rank=  84  sky_w=1.58  f=3.39e-09 Hz  Mc=1.61e+09 Msun  h0=3.15e-16  SNR=0.326
  50. proxy_rank= 102  sky_w=1.42  f=3.31e-09 Hz  Mc=4.66e+09 Msun  h0=3.33e-16  SNR=0.321
💾 Saved: data/2026-04-29/pessimistic_run_7/consistent_population_pessimistic_targetSNR4.25_sims1.json
💾 Saved compressed pickle: data/2026-04-29/pessimistic_run_7/consistent_population_pessimistic_targetSNR4.25_sims1.pkl.gz
Saved to figures/cgw_analysis_pessimistic.pdf

======================================================================
ANALYSIS COMPLETE
Results saved to: data/2026-04-29/pessimistic_run_7
======================================================================

==========================================
Job finished at: Wed Apr 29 11:38:54 AEST 2026
Exit code: 0
==========================================

+------------------ Job Report: 11728742 (COMPLETED) ------------------+
| Memory (RAM)  [#################   ] 88.5% (35.4 GB peak / 40 GB)    |
| CPU           [################    ] 84.4% average                   |
| Time          [--------------->    ] 77.0% (0-00:57:45 / 0-01:15:00) |
|                                                                      |
| Lustre Filesystem:                                                   |
|   Path    Total Read    Total Write    Total IOPS                    |
|   ------  ------------  -------------  ------------                  |
|   /apps   0 B           0 B            418                           |
|   /fred   36 KB         6.7 MB         96                            |
|   /home   5.8 MB        0 B            2.4 K                         |
|   OS      0 B           0 B            2                             |
+----------------------------------------------------------------------+
