==========================================
Job ID: 11718054
Job Name: smbhb_pessimistic
Node: gina303
Start Time: Tue Apr 28 17:20:04 AEST 2026
==========================================

/home/bhoulden/.conda/envs/smbhb312/share/tempo2
Working directory: /fred/oz005/users/bhoulden/SMBHB_population_injections

Loaded modules:

Starting SMBHB analysis...
==========================================

📁 Save directory: data/2026-04-28/pessimistic_run_47
📝 Run name: pessimistic_run_47

[MEM] Start: 243.8 MB

📡 Loading pulsars...
======================================================================
LOADING NANOGRAV PULSARS (libstempo)
======================================================================

📦 Loading from cache: nanograv_pulsars_cache.pkl
⚠ Cache load failed: Ran out of input
[DEBUG] Found 76 .par files
[tempo2Util.C:396] Warning: [MISC1] Unknown parameter in par file:  DMDATA
[tempo2Util.C:401] Warning: [DUP1] duplicated warnings have been suppressed.

WARNING: Using tempo RNAMP parameter: setting TNRedC to 100!
[observatory.C:271] Warning: Assuming site 'arecibo' means 'ao'
✓ Loaded B1855+09 (7758 TOAs)

WARNING: Using tempo RNAMP parameter: setting TNRedC to 100!
✓ Loaded B1937+21 (23023 TOAs)

WARNING: Using tempo RNAMP parameter: setting TNRedC to 100!
✓ Loaded B1937+21ao (7241 TOAs)

WARNING: Using tempo RNAMP parameter: setting TNRedC to 100!
✓ Loaded B1937+21gbt (16048 TOAs)

WARNING: Using tempo RNAMP parameter: setting TNRedC to 100!
✓ Loaded B1953+29 (5126 TOAs)
✓ Loaded J0023+0923 (15896 TOAs)

WARNING: Using tempo RNAMP parameter: setting TNRedC to 100!
✓ Loaded J0030+0451 (19571 TOAs)
✓ Loaded J0340+4130 (11093 TOAs)
✓ Loaded J0406+3039 (2446 TOAs)

WARNING: Using tempo RNAMP parameter: setting TNRedC to 100!
✓ Loaded J0437-4715 (5830 TOAs)
✓ Loaded J0509+0856 (2169 TOAs)
✓ Loaded J0557+1551 (525 TOAs)
✓ Loaded J0605+3757 (554 TOAs)

WARNING: Using tempo RNAMP parameter: setting TNRedC to 100!
✓ Loaded J0610-2100 (4885 TOAs)

WARNING: Using tempo RNAMP parameter: setting TNRedC to 100!
✓ Loaded J0613-0200 (17124 TOAs)
✓ Loaded J0614-3329 (1714 TOAs)
✓ Loaded J0636+5128 (32222 TOAs)
✓ Loaded J0645+5158 (10403 TOAs)
✓ Loaded J0709+0458 (3030 TOAs)
✓ Loaded J0740+6620 (13401 TOAs)
✓ Loaded J0931-1902 (5473 TOAs)

WARNING: Using tempo RNAMP parameter: setting TNRedC to 100!
✓ Loaded J1012+5307 (25837 TOAs)
✓ Loaded J1012-4235 (797 TOAs)
✓ Loaded J1022+1001 (3978 TOAs)
✓ Loaded J1024-0719 (12635 TOAs)
✓ Loaded J1125+7819 (8723 TOAs)
✓ Loaded J1312+0051 (1705 TOAs)
✓ Loaded J1453+1902 (2551 TOAs)
✓ Loaded J1455-3330 (10818 TOAs)

WARNING: Using tempo RNAMP parameter: setting TNRedC to 100!
✓ Loaded J1600-3053 (22955 TOAs)

WARNING: Using tempo RNAMP parameter: setting TNRedC to 100!
✓ Loaded J1600-3053gbt (19725 TOAs)

WARNING: Using tempo RNAMP parameter: setting TNRedC to 100!
✓ Loaded J1614-2230 (18445 TOAs)
✓ Loaded J1630+3734 (1815 TOAs)
✓ Loaded J1640+2224 (14066 TOAs)

WARNING: Using tempo RNAMP parameter: setting TNRedC to 100!
✓ Loaded J1643-1224 (22144 TOAs)

WARNING: Using tempo RNAMP parameter: setting TNRedC to 100!
✓ Loaded J1643-1224gbt (17932 TOAs)

WARNING: Using tempo RNAMP parameter: setting TNRedC to 100!
✓ Loaded J1705-1903 (9871 TOAs)

WARNING: Using tempo RNAMP parameter: setting TNRedC to 100!
✓ Loaded J1713+0747 (59389 TOAs)

WARNING: Using tempo RNAMP parameter: setting TNRedC to 100!
✓ Loaded J1713+0747ao (21362 TOAs)

WARNING: Using tempo RNAMP parameter: setting TNRedC to 100!
✓ Loaded J1713+0747gbt (32963 TOAs)
✓ Loaded J1719-1438 (6356 TOAs)
✓ Loaded J1730-2304 (4870 TOAs)
✓ Loaded J1738+0333 (8790 TOAs)
✓ Loaded J1741+1351 (5582 TOAs)

WARNING: Using tempo RNAMP parameter: setting TNRedC to 100!
✓ Loaded J1744-1134 (17745 TOAs)

WARNING: Using tempo RNAMP parameter: setting TNRedC to 100!
✓ Loaded J1745+1017 (3017 TOAs)

WARNING: Using tempo RNAMP parameter: setting TNRedC to 100!
✓ Loaded J1747-4036 (11055 TOAs)
✓ Loaded J1751-2857 (2025 TOAs)

WARNING: Using tempo RNAMP parameter: setting TNRedC to 100!
✓ Loaded J1802-2124 (6796 TOAs)
✓ Loaded J1811-2405 (5266 TOAs)
✓ Loaded J1832-0836 (7739 TOAs)
✓ Loaded J1843-1113 (4595 TOAs)

WARNING: Using tempo RNAMP parameter: setting TNRedC to 100!
✓ Loaded J1853+1303 (4570 TOAs)

WARNING: Using tempo RNAMP parameter: setting TNRedC to 100!
✓ Loaded J1903+0327 (6856 TOAs)

WARNING: Using tempo RNAMP parameter: setting TNRedC to 100!
✓ Loaded J1903+0327ao (6423 TOAs)

WARNING: Using tempo RNAMP parameter: setting TNRedC to 100!
✓ Loaded J1909-3744 (35037 TOAs)

WARNING: Using tempo RNAMP parameter: setting TNRedC to 100!
✓ Loaded J1909-3744gbt (31526 TOAs)
✓ Loaded J1910+1256 (6486 TOAs)
✓ Loaded J1911+1347 (3786 TOAs)
✓ Loaded J1918-0642 (18875 TOAs)
✓ Loaded J1923+2515 (3974 TOAs)
✓ Loaded J1944+0907 (5328 TOAs)

WARNING: Using tempo RNAMP parameter: setting TNRedC to 100!
✓ Loaded J1946+3417 (4743 TOAs)
✓ Loaded J2010-1323 (17077 TOAs)
✓ Loaded J2017+0603 (3512 TOAs)
✓ Loaded J2033+1734 (3847 TOAs)
✓ Loaded J2043+1711 (7397 TOAs)
✓ Loaded J2124-3358 (4982 TOAs)

WARNING: Using tempo RNAMP parameter: setting TNRedC to 100!
✓ Loaded J2145-0750 (18675 TOAs)
✓ Loaded J2214+3000 (7406 TOAs)
✓ Loaded J2229+2643 (3711 TOAs)

WARNING: Using tempo RNAMP parameter: setting TNRedC to 100!
✓ Loaded J2234+0611 (3566 TOAs)
✓ Loaded J2234+0944 (7535 TOAs)
✓ Loaded J2302+4442 (10211 TOAs)
✓ Loaded J2317+1439 (13927 TOAs)
✓ Loaded J2322+2057 (3088 TOAs)
⚠ Could not save cache: no default __reduce__ due to non-trivial __cinit__

✓ Loaded 76 pulsars
✗ Failed: 0 — []
[MEM] After loading pulsars: 8866.5 MB

🔍 Filtering pulsars...

Filtered: 76 → 67 pulsars
[MEM] After filtering pulsars: 8867.5 MB
[MEM] After garbage collection: 8867.6 MB

======================================================================
SMBHB POPULATION ANALYSIS
======================================================================

Configuration: pessimistic
  Lower mass, lower spread in distance, large population
  N_binaries: 10000000

======================================================================
CONSISTENT POPULATION SYNTHESIS
======================================================================

======================================================================
GENERATING SNR-CONSISTENT POPULATIONS
======================================================================
Target SNR:          4.0
Simulations:         1
======================================================================


──────────────────────────────────────────────────────────────────────
SIMULATION 1/1
──────────────────────────────────────────────────────────────────────
  [B1855+09] zeroing residuals...
  [B1855+09] adding red noise...
  [B1855+09] white noise for L-wide_PUPPI (5005 TOAs)...
  [B1855+09] white noise for 430_ASP (390 TOAs)...
  [B1855+09] white noise for L-wide_ASP (1178 TOAs)...
  [B1855+09] white noise for 430_PUPPI (1185 TOAs)...
  [B1937+21] zeroing residuals...
  [B1937+21] adding red noise...
  [B1937+21] white noise for Rcvr1_2_GASP (1069 TOAs)...
  [B1937+21] white noise for S-wide_PUPPI (2251 TOAs)...
  [B1937+21] white noise for Rcvr1_2_GUPPI (7048 TOAs)...
  [B1937+21] white noise for L-wide_ASP (452 TOAs)...
  [B1937+21] white noise for L-wide_PUPPI (4133 TOAs)...
  [B1937+21] white noise for Rcvr_800_GASP (586 TOAs)...
  [B1937+21] white noise for S-wide_ASP (344 TOAs)...
  [B1937+21] white noise for Rcvr_800_GUPPI (7140 TOAs)...
  [B1953+29] zeroing residuals...
  [B1953+29] adding red noise...
  [B1953+29] white noise for 430_ASP (29 TOAs)...
  [B1953+29] white noise for L-wide_ASP (94 TOAs)...
  [B1953+29] white noise for 430_PUPPI (941 TOAs)...
  [B1953+29] white noise for L-wide_PUPPI (4037 TOAs)...
  [B1953+29] white noise for S-wide_ASP (25 TOAs)...
  [J0023+0923] zeroing residuals...
  [J0023+0923] adding red noise...
  [J0023+0923] white noise for L-wide_PUPPI (11123 TOAs)...
  [J0023+0923] white noise for 430_ASP (90 TOAs)...
  [J0023+0923] white noise for L-wide_ASP (119 TOAs)...
  [J0023+0923] white noise for 430_PUPPI (4564 TOAs)...
  [J0030+0451] zeroing residuals...
  [J0030+0451] adding red noise...
  [J0030+0451] white noise for S-wide_PUPPI (2673 TOAs)...
  [J0030+0451] white noise for 430_ASP (267 TOAs)...
  [J0030+0451] white noise for L-wide_ASP (789 TOAs)...
  [J0030+0451] white noise for 430_PUPPI (3068 TOAs)...
  [J0030+0451] white noise for L-wide_PUPPI (12774 TOAs)...
  [J0340+4130] zeroing residuals...
  [J0340+4130] adding red noise...
  [J0340+4130] white noise for Rcvr1_2_GUPPI (5037 TOAs)...
  [J0340+4130] white noise for Rcvr_800_GUPPI (6056 TOAs)...
  [J0406+3039] zeroing residuals...
  [J0406+3039] adding red noise...
  [J0406+3039] white noise for L-wide_PUPPI (1871 TOAs)...
  [J0406+3039] white noise for S-wide_PUPPI (575 TOAs)...
  [J0437-4715] zeroing residuals...
  [J0437-4715] adding red noise...
  [J0437-4715] white noise for 3GHz_YUPPI (3696 TOAs)...
  [J0437-4715] white noise for 1.5GHz_YUPPI (2134 TOAs)...
  [J0509+0856] zeroing residuals...
  [J0509+0856] adding red noise...
  [J0509+0856] white noise for L-wide_PUPPI (1625 TOAs)...
  [J0509+0856] white noise for S-wide_PUPPI (544 TOAs)...
  [J0557+1551] zeroing residuals...
  [J0557+1551] adding red noise...
  [J0557+1551] white noise for L-wide_PUPPI (467 TOAs)...
  [J0557+1551] white noise for S-wide_PUPPI (58 TOAs)...
  [J0605+3757] zeroing residuals...
  [J0605+3757] adding red noise...
  [J0605+3757] white noise for Rcvr1_2_GUPPI (318 TOAs)...
  [J0605+3757] white noise for Rcvr_800_GUPPI (236 TOAs)...
  [J0610-2100] zeroing residuals...
  [J0610-2100] adding red noise...
  [J0610-2100] white noise for Rcvr1_2_GUPPI (2401 TOAs)...
  [J0610-2100] white noise for Rcvr_800_GUPPI (2484 TOAs)...
  [J0613-0200] zeroing residuals...
  [J0613-0200] adding red noise...
  [J0613-0200] white noise for Rcvr1_2_GASP (992 TOAs)...
  [J0613-0200] white noise for Rcvr_800_GASP (809 TOAs)...
  [J0613-0200] white noise for Rcvr1_2_GUPPI (7423 TOAs)...
  [J0613-0200] white noise for Rcvr_800_GUPPI (7900 TOAs)...
  [J0636+5128] zeroing residuals...
  [J0636+5128] adding red noise...
  [J0636+5128] white noise for Rcvr1_2_GUPPI (14803 TOAs)...
  [J0636+5128] white noise for Rcvr_800_GUPPI (17419 TOAs)...
  [J0645+5158] zeroing residuals...
  [J0645+5158] adding red noise...
  [J0645+5158] white noise for Rcvr1_2_GUPPI (5721 TOAs)...
  [J0645+5158] white noise for Rcvr_800_GUPPI (4682 TOAs)...
  [J0709+0458] zeroing residuals...
  [J0709+0458] adding red noise...
  [J0709+0458] white noise for L-wide_PUPPI (2435 TOAs)...
  [J0709+0458] white noise for S-wide_PUPPI (595 TOAs)...
  [J0740+6620] zeroing residuals...
  [J0740+6620] adding red noise...
  [J0740+6620] white noise for Rcvr1_2_GUPPI (8265 TOAs)...
  [J0740+6620] white noise for Rcvr_800_GUPPI (5136 TOAs)...
  [J0931-1902] zeroing residuals...
  [J0931-1902] adding red noise...
  [J0931-1902] white noise for Rcvr1_2_GUPPI (2054 TOAs)...
  [J0931-1902] white noise for Rcvr_800_GUPPI (3419 TOAs)...
  [J1012+5307] zeroing residuals...
  [J1012+5307] adding red noise...
  [J1012+5307] white noise for Rcvr1_2_GASP (1479 TOAs)...
  [J1012+5307] white noise for Rcvr_800_GASP (1210 TOAs)...
  [J1012+5307] white noise for Rcvr1_2_GUPPI (12849 TOAs)...
  [J1012+5307] white noise for Rcvr_800_GUPPI (10299 TOAs)...
  [J1012-4235] zeroing residuals...
  [J1012-4235] adding red noise...
  [J1012-4235] white noise for Rcvr1_2_GUPPI (455 TOAs)...
  [J1012-4235] white noise for Rcvr_800_GUPPI (342 TOAs)...
  [J1022+1001] zeroing residuals...
  [J1022+1001] adding red noise...
  [J1022+1001] white noise for L-wide_PUPPI (2592 TOAs)...
  [J1022+1001] white noise for S-wide_PUPPI (1154 TOAs)...
  [J1022+1001] white noise for 430_PUPPI (232 TOAs)...
  [J1024-0719] zeroing residuals...
  [J1024-0719] adding red noise...
  [J1024-0719] white noise for Rcvr1_2_GASP (43 TOAs)...
  [J1024-0719] white noise for Rcvr_800_GASP (51 TOAs)...
  [J1024-0719] white noise for Rcvr1_2_GUPPI (7086 TOAs)...
  [J1024-0719] white noise for Rcvr_800_GUPPI (5455 TOAs)...
  [J1125+7819] zeroing residuals...
  [J1125+7819] adding red noise...
  [J1125+7819] white noise for Rcvr1_2_GUPPI (4016 TOAs)...
  [J1125+7819] white noise for Rcvr_800_GUPPI (4707 TOAs)...
  [J1312+0051] zeroing residuals...
  [J1312+0051] adding red noise...
  [J1312+0051] white noise for L-wide_PUPPI (1289 TOAs)...
  [J1312+0051] white noise for S-wide_PUPPI (416 TOAs)...
  [J1453+1902] zeroing residuals...
  [J1453+1902] adding red noise...
  [J1453+1902] white noise for L-wide_PUPPI (2122 TOAs)...
  [J1453+1902] white noise for S-wide_PUPPI (4 TOAs)...
  [J1453+1902] white noise for 430_PUPPI (425 TOAs)...
  [J1455-3330] zeroing residuals...
  [J1455-3330] adding red noise...
  [J1455-3330] white noise for Rcvr1_2_GASP (564 TOAs)...
  [J1455-3330] white noise for Rcvr_800_GASP (479 TOAs)...
  [J1455-3330] white noise for Rcvr1_2_GUPPI (4932 TOAs)...
  [J1455-3330] white noise for Rcvr_800_GUPPI (4843 TOAs)...
  [J1600-3053] zeroing residuals...
  [J1600-3053] adding red noise...
  [J1600-3053] white noise for Rcvr1_2_GASP (457 TOAs)...
  [J1600-3053] white noise for 3GHz_YUPPI (3237 TOAs)...
  [J1600-3053] white noise for Rcvr1_2_GUPPI (10168 TOAs)...
  [J1600-3053] white noise for Rcvr_800_GASP (297 TOAs)...
  [J1600-3053] white noise for Rcvr_800_GUPPI (8796 TOAs)...
  [J1614-2230] zeroing residuals...
  [J1614-2230] adding red noise...
  [J1614-2230] white noise for Rcvr1_2_GASP (84 TOAs)...
  [J1614-2230] white noise for Rcvr_800_GASP (84 TOAs)...
  [J1614-2230] white noise for Rcvr1_2_GUPPI (10509 TOAs)...
  [J1614-2230] white noise for Rcvr_800_GUPPI (7768 TOAs)...
  [J1630+3734] zeroing residuals...
  [J1630+3734] adding red noise...
  [J1630+3734] white noise for Rcvr1_2_GUPPI (909 TOAs)...
  [J1630+3734] white noise for Rcvr_800_GUPPI (906 TOAs)...
  [J1640+2224] zeroing residuals...
  [J1640+2224] adding red noise...
  [J1640+2224] white noise for L-wide_PUPPI (9847 TOAs)...
  [J1640+2224] white noise for 430_ASP (340 TOAs)...
  [J1640+2224] white noise for L-wide_ASP (722 TOAs)...
  [J1640+2224] white noise for 430_PUPPI (3157 TOAs)...
  [J1643-1224] zeroing residuals...
  [J1643-1224] adding red noise...
  [J1643-1224] white noise for Rcvr1_2_GASP (833 TOAs)...
  [J1643-1224] white noise for 3GHz_YUPPI (4215 TOAs)...
  [J1643-1224] white noise for Rcvr1_2_GUPPI (8803 TOAs)...
  [J1643-1224] white noise for Rcvr_800_GASP (559 TOAs)...
  [J1643-1224] white noise for Rcvr_800_GUPPI (7734 TOAs)...
  [J1705-1903] zeroing residuals...
  [J1705-1903] adding red noise...
  [J1705-1903] white noise for Rcvr1_2_GUPPI (6350 TOAs)...
  [J1705-1903] white noise for Rcvr_800_GUPPI (3521 TOAs)...
  [J1713+0747] zeroing residuals...
  [J1713+0747] adding red noise...
  [J1713+0747] white noise for Rcvr1_2_GASP (1109 TOAs)...
  [J1713+0747] white noise for S-wide_PUPPI (7482 TOAs)...
  [J1713+0747] white noise for 3GHz_YUPPI (3282 TOAs)...
  [J1713+0747] white noise for L-wide_ASP (843 TOAs)...
  [J1713+0747] white noise for Rcvr1_2_GUPPI (22334 TOAs)...
  [J1713+0747] white noise for L-wide_PUPPI (12743 TOAs)...
  [J1713+0747] white noise for Rcvr_800_GASP (1032 TOAs)...
  [J1713+0747] white noise for 1.5GHz_YUPPI (1461 TOAs)...
  [J1713+0747] white noise for S-wide_ASP (624 TOAs)...
  [J1713+0747] white noise for Rcvr_800_GUPPI (8479 TOAs)...
  [J1719-1438] zeroing residuals...
  [J1719-1438] adding red noise...
  [J1719-1438] white noise for Rcvr1_2_GUPPI (2722 TOAs)...
  [J1719-1438] white noise for Rcvr_800_GUPPI (3634 TOAs)...
  [J1730-2304] zeroing residuals...
  [J1730-2304] adding red noise...
  [J1730-2304] white noise for Rcvr1_2_GUPPI (2367 TOAs)...
  [J1730-2304] white noise for Rcvr_800_GUPPI (2503 TOAs)...
  [J1738+0333] zeroing residuals...
  [J1738+0333] adding red noise...
  [J1738+0333] white noise for L-wide_PUPPI (6718 TOAs)...
  [J1738+0333] white noise for S-wide_ASP (134 TOAs)...
  [J1738+0333] white noise for L-wide_ASP (201 TOAs)...
  [J1738+0333] white noise for S-wide_PUPPI (1737 TOAs)...
  [J1741+1351] zeroing residuals...
  [J1741+1351] adding red noise...
  [J1741+1351] white noise for 430_ASP (27 TOAs)...
  [J1741+1351] white noise for L-wide_ASP (236 TOAs)...
  [J1741+1351] white noise for 430_PUPPI (1159 TOAs)...
  [J1741+1351] white noise for L-wide_PUPPI (4045 TOAs)...
  [J1741+1351] white noise for S-wide_ASP (115 TOAs)...
  [J1744-1134] zeroing residuals...
  [J1744-1134] adding red noise...
  [J1744-1134] white noise for Rcvr1_2_GASP (807 TOAs)...
  [J1744-1134] white noise for Rcvr_800_GASP (930 TOAs)...
  [J1744-1134] white noise for Rcvr1_2_GUPPI (8109 TOAs)...
  [J1744-1134] white noise for Rcvr_800_GUPPI (7899 TOAs)...
  [J1745+1017] zeroing residuals...
  [J1745+1017] adding red noise...
  [J1745+1017] white noise for L-wide_PUPPI (2179 TOAs)...
  [J1745+1017] white noise for S-wide_PUPPI (838 TOAs)...
  [J1747-4036] zeroing residuals...
  [J1747-4036] adding red noise...
  [J1747-4036] white noise for Rcvr1_2_GUPPI (5239 TOAs)...
  [J1747-4036] white noise for Rcvr_800_GUPPI (5816 TOAs)...
  [J1751-2857] zeroing residuals...
  [J1751-2857] adding red noise...
  [J1751-2857] white noise for Rcvr1_2_GUPPI (1786 TOAs)...
  [J1751-2857] white noise for Rcvr_800_GUPPI (239 TOAs)...
  [J1802-2124] zeroing residuals...
  [J1802-2124] adding red noise...
  [J1802-2124] white noise for Rcvr1_2_GUPPI (3231 TOAs)...
  [J1802-2124] white noise for Rcvr_800_GUPPI (3565 TOAs)...
  [J1811-2405] zeroing residuals...
  [J1811-2405] adding red noise...
  [J1811-2405] white noise for Rcvr1_2_GUPPI (2638 TOAs)...
  [J1811-2405] white noise for Rcvr_800_GUPPI (2628 TOAs)...
  [J1832-0836] zeroing residuals...
  [J1832-0836] adding red noise...
  [J1832-0836] white noise for Rcvr1_2_GUPPI (4661 TOAs)...
  [J1832-0836] white noise for Rcvr_800_GUPPI (3078 TOAs)...
  [J1843-1113] zeroing residuals...
  [J1843-1113] adding red noise...
  [J1843-1113] white noise for Rcvr1_2_GUPPI (2394 TOAs)...
  [J1843-1113] white noise for Rcvr_800_GUPPI (2201 TOAs)...
  [J1853+1303] zeroing residuals...
  [J1853+1303] adding red noise...
  [J1853+1303] white noise for L-wide_PUPPI (3362 TOAs)...
  [J1853+1303] white noise for 430_ASP (24 TOAs)...
  [J1853+1303] white noise for L-wide_ASP (33 TOAs)...
  [J1853+1303] white noise for 430_PUPPI (1151 TOAs)...
  [J1903+0327] zeroing residuals...
  [J1903+0327] adding red noise...
  [J1903+0327] white noise for S-wide_PUPPI (2282 TOAs)...
  [J1903+0327] white noise for 3GHz_YUPPI (439 TOAs)...
  [J1903+0327] white noise for L-wide_ASP (139 TOAs)...
  [J1903+0327] white noise for L-wide_PUPPI (3845 TOAs)...
  [J1903+0327] white noise for S-wide_ASP (151 TOAs)...
  [J1909-3744] zeroing residuals...
  [J1909-3744] adding red noise...
  [J1909-3744] white noise for Rcvr1_2_GASP (808 TOAs)...
  [J1909-3744] white noise for 3GHz_YUPPI (3525 TOAs)...
  [J1909-3744] white noise for Rcvr1_2_GUPPI (20439 TOAs)...
  [J1909-3744] white noise for Rcvr_800_GASP (866 TOAs)...
  [J1909-3744] white noise for Rcvr_800_GUPPI (9399 TOAs)...
  [J1910+1256] zeroing residuals...
  [J1910+1256] adding red noise...
  [J1910+1256] white noise for L-wide_PUPPI (4124 TOAs)...
  [J1910+1256] white noise for S-wide_ASP (208 TOAs)...
  [J1910+1256] white noise for L-wide_ASP (297 TOAs)...
  [J1910+1256] white noise for S-wide_PUPPI (1857 TOAs)...
  [J1911+1347] zeroing residuals...
  [J1911+1347] adding red noise...
  [J1911+1347] white noise for L-wide_PUPPI (3033 TOAs)...
  [J1911+1347] white noise for 430_PUPPI (753 TOAs)...
  [J1918-0642] zeroing residuals...
  [J1918-0642] adding red noise...
  [J1918-0642] white noise for Rcvr1_2_GASP (778 TOAs)...
  [J1918-0642] white noise for Rcvr_800_GASP (835 TOAs)...
  [J1918-0642] white noise for Rcvr1_2_GUPPI (8910 TOAs)...
  [J1918-0642] white noise for Rcvr_800_GUPPI (8352 TOAs)...
  [J1923+2515] zeroing residuals...
  [J1923+2515] adding red noise...
  [J1923+2515] white noise for L-wide_PUPPI (3028 TOAs)...
  [J1923+2515] white noise for 430_ASP (10 TOAs)...
  [J1923+2515] white noise for L-wide_ASP (14 TOAs)...
  [J1923+2515] white noise for 430_PUPPI (922 TOAs)...
  [J1944+0907] zeroing residuals...
  [J1944+0907] adding red noise...
  [J1944+0907] white noise for 430_ASP (38 TOAs)...
  [J1944+0907] white noise for L-wide_ASP (257 TOAs)...
  [J1944+0907] white noise for 430_PUPPI (1017 TOAs)...
  [J1944+0907] white noise for L-wide_PUPPI (3900 TOAs)...
  [J1944+0907] white noise for S-wide_ASP (116 TOAs)...
  [J1946+3417] zeroing residuals...
  [J1946+3417] adding red noise...
  [J1946+3417] white noise for L-wide_PUPPI (3197 TOAs)...
  [J1946+3417] white noise for S-wide_PUPPI (1546 TOAs)...
  [J2010-1323] zeroing residuals...
  [J2010-1323] adding red noise...
  [J2010-1323] white noise for Rcvr1_2_GASP (70 TOAs)...
  [J2010-1323] white noise for Rcvr_800_GASP (70 TOAs)...
  [J2010-1323] white noise for Rcvr1_2_GUPPI (7779 TOAs)...
  [J2010-1323] white noise for Rcvr_800_GUPPI (9158 TOAs)...
  [J2017+0603] zeroing residuals...
  [J2017+0603] adding red noise...
  [J2017+0603] white noise for L-wide_PUPPI (2569 TOAs)...
  [J2017+0603] white noise for L-wide_ASP (16 TOAs)...
  [J2017+0603] white noise for 430_PUPPI (78 TOAs)...
  [J2017+0603] white noise for S-wide_PUPPI (849 TOAs)...
  [J2033+1734] zeroing residuals...
  [J2033+1734] adding red noise...
  [J2033+1734] white noise for L-wide_PUPPI (3050 TOAs)...
  [J2033+1734] white noise for 430_PUPPI (797 TOAs)...
  [J2043+1711] zeroing residuals...
  [J2043+1711] adding red noise...
  [J2043+1711] white noise for L-wide_PUPPI (4419 TOAs)...
  [J2043+1711] white noise for 430_ASP (30 TOAs)...
  [J2043+1711] white noise for L-wide_ASP (40 TOAs)...
  [J2043+1711] white noise for 430_PUPPI (2908 TOAs)...
  [J2124-3358] zeroing residuals...
  [J2124-3358] adding red noise...
  [J2124-3358] white noise for Rcvr1_2_GUPPI (2957 TOAs)...
  [J2124-3358] white noise for Rcvr_800_GUPPI (2025 TOAs)...
  [J2145-0750] zeroing residuals...
  [J2145-0750] adding red noise...
  [J2145-0750] white noise for Rcvr1_2_GASP (427 TOAs)...
  [J2145-0750] white noise for Rcvr_800_GASP (362 TOAs)...
  [J2145-0750] white noise for Rcvr1_2_GUPPI (9158 TOAs)...
  [J2145-0750] white noise for Rcvr_800_GUPPI (8728 TOAs)...
  [J2214+3000] zeroing residuals...
  [J2214+3000] adding red noise...
  [J2214+3000] white noise for L-wide_PUPPI (5829 TOAs)...
  [J2214+3000] white noise for L-wide_ASP (9 TOAs)...
  [J2214+3000] white noise for S-wide_PUPPI (1568 TOAs)...
  [J2229+2643] zeroing residuals...
  [J2229+2643] adding red noise...
  [J2229+2643] white noise for L-wide_PUPPI (2755 TOAs)...
  [J2229+2643] white noise for 430_PUPPI (956 TOAs)...
  [J2234+0611] zeroing residuals...
  [J2234+0611] adding red noise...
  [J2234+0611] white noise for L-wide_PUPPI (2913 TOAs)...
  [J2234+0611] white noise for 430_PUPPI (653 TOAs)...
  [J2234+0944] zeroing residuals...
  [J2234+0944] adding red noise...
  [J2234+0944] white noise for L-wide_PUPPI (5003 TOAs)...
  [J2234+0944] white noise for S-wide_PUPPI (2532 TOAs)...
  [J2302+4442] zeroing residuals...
  [J2302+4442] adding red noise...
  [J2302+4442] white noise for Rcvr1_2_GUPPI (3779 TOAs)...
  [J2302+4442] white noise for Rcvr_800_GUPPI (6432 TOAs)...
  [J2317+1439] zeroing residuals...
  [J2317+1439] adding red noise...
  [J2317+1439] white noise for 430_ASP (458 TOAs)...
  [J2317+1439] white noise for 430_PUPPI (3217 TOAs)...
  [J2317+1439] white noise for L-wide_PUPPI (9563 TOAs)...
  [J2317+1439] white noise for 327_ASP (413 TOAs)...
  [J2317+1439] white noise for 327_PUPPI (276 TOAs)...
  [J2322+2057] zeroing residuals...
  [J2322+2057] adding red noise...
  [J2322+2057] white noise for L-wide_PUPPI (2196 TOAs)...
  [J2322+2057] white noise for S-wide_PUPPI (140 TOAs)...
  [J2322+2057] white noise for 430_PUPPI (752 TOAs)...
Resetting pulsars to clean stoas...
Restore: 0.00 s
Inject: 0.00 s
Snapshotting into enterprise Pulsar objects...
Building PTA...
PTA build: 436.57 s
Computing optimal statistic...
OS time: 62.03 s
Total: 498.61 s
Noise-only SNR baseline: 0.5688

Generating SNR-consistent population...
Target SNR: 4.0
Resetting pulsars to clean stoas...
Restore: 7.40 s
Injecting population...
  B1855+09: RMS = 2561.964 ns
  B1937+21: RMS = 1502.487 ns
  B1953+29: RMS = 567.727 ns
  J0023+0923: RMS = 1485.180 ns
  J0030+0451: RMS = 1561.353 ns
  J0340+4130: RMS = 2311.215 ns
  J0406+3039: RMS = 1135.126 ns
  J0437-4715: RMS = 821.211 ns
  J0509+0856: RMS = 222.631 ns
  J0557+1551: RMS = 439.027 ns
  J0605+3757: RMS = 381.452 ns
  J0610-2100: RMS = 702.068 ns
  J0613-0200: RMS = 2582.976 ns
  J0636+5128: RMS = 969.191 ns
  J0645+5158: RMS = 1104.668 ns
  J0709+0458: RMS = 1005.440 ns
  J0740+6620: RMS = 1956.370 ns
  J0931-1902: RMS = 2243.218 ns
  J1012+5307: RMS = 1196.307 ns
  J1012-4235: RMS = 834.371 ns
  J1022+1001: RMS = 800.349 ns
  J1024-0719: RMS = 2220.518 ns
  J1125+7819: RMS = 1460.830 ns
  J1312+0051: RMS = 961.021 ns
  J1453+1902: RMS = 1084.121 ns
  J1455-3330: RMS = 1190.178 ns
  J1600-3053: RMS = 794.792 ns
  J1614-2230: RMS = 1406.876 ns
  J1630+3734: RMS = 1019.637 ns
  J1640+2224: RMS = 1083.527 ns
  J1643-1224: RMS = 1604.092 ns
  J1705-1903: RMS = 666.974 ns
  J1713+0747: RMS = 1190.684 ns
  J1719-1438: RMS = 895.301 ns
  J1730-2304: RMS = 949.525 ns
  J1738+0333: RMS = 1614.860 ns
  J1741+1351: RMS = 1352.170 ns
  J1744-1134: RMS = 3020.291 ns
  J1745+1017: RMS = 1790.293 ns
  J1747-4036: RMS = 2352.737 ns
  J1751-2857: RMS = 1307.101 ns
  J1802-2124: RMS = 1151.519 ns
  J1811-2405: RMS = 1337.754 ns
  J1832-0836: RMS = 2845.878 ns
  J1843-1113: RMS = 2045.568 ns
  J1853+1303: RMS = 2142.545 ns
  J1903+0327: RMS = 2859.456 ns
  J1909-3744: RMS = 2741.132 ns
  J1910+1256: RMS = 2088.413 ns
  J1911+1347: RMS = 1023.792 ns
  J1918-0642: RMS = 3227.758 ns
  J1923+2515: RMS = 736.625 ns
  J1944+0907: RMS = 2011.890 ns
  J1946+3417: RMS = 1723.367 ns
  J2010-1323: RMS = 2055.879 ns
  J2017+0603: RMS = 1107.668 ns
  J2033+1734: RMS = 547.398 ns
  J2043+1711: RMS = 1177.751 ns
  J2124-3358: RMS = 895.254 ns
  J2145-0750: RMS = 1741.486 ns
  J2214+3000: RMS = 511.668 ns
  J2229+2643: RMS = 1222.775 ns
  J2234+0611: RMS = 788.630 ns
  J2234+0944: RMS = 741.309 ns
  J2302+4442: RMS = 815.407 ns
  J2317+1439: RMS = 599.140 ns
  J2322+2057: RMS = 689.344 ns
Inject: 222.02 s
Snapshotting into enterprise Pulsar objects...
Building PTA...
PTA build: 435.50 s
Computing optimal statistic...
OS time: 61.58 s
Total: 726.50 s
Initial SNR: 30.3874, Target SNR: 4.0000
  Initial SNR 30.3874 outside of provided SNR_range [3.5, 4.25] — rescaling.
Scaling distances by factor 2.9480 to achieve target SNR...
Resetting pulsars to clean stoas...
Restore: 0.01 s
Injecting population...
  B1855+09: RMS = 869.061 ns
  B1937+21: RMS = 509.669 ns
  B1953+29: RMS = 192.583 ns
  J0023+0923: RMS = 503.798 ns
  J0030+0451: RMS = 529.637 ns
  J0340+4130: RMS = 784.003 ns
  J0406+3039: RMS = 385.054 ns
  J0437-4715: RMS = 278.569 ns
  J0509+0856: RMS = 75.520 ns
  J0557+1551: RMS = 148.925 ns
  J0605+3757: RMS = 129.395 ns
  J0610-2100: RMS = 238.153 ns
  J0613-0200: RMS = 876.189 ns
  J0636+5128: RMS = 328.766 ns
  J0645+5158: RMS = 374.722 ns
  J0709+0458: RMS = 341.062 ns
  J0740+6620: RMS = 663.634 ns
  J0931-1902: RMS = 760.937 ns
  J1012+5307: RMS = 405.807 ns
  J1012-4235: RMS = 283.033 ns
  J1022+1001: RMS = 271.492 ns
  J1024-0719: RMS = 753.237 ns
  J1125+7819: RMS = 495.538 ns
  J1312+0051: RMS = 325.994 ns
  J1453+1902: RMS = 367.752 ns
  J1455-3330: RMS = 403.729 ns
  J1600-3053: RMS = 269.607 ns
  J1614-2230: RMS = 477.236 ns
  J1630+3734: RMS = 345.878 ns
  J1640+2224: RMS = 367.550 ns
  J1643-1224: RMS = 544.135 ns
  J1705-1903: RMS = 226.249 ns
  J1713+0747: RMS = 403.900 ns
  J1719-1438: RMS = 303.701 ns
  J1730-2304: RMS = 322.095 ns
  J1738+0333: RMS = 547.788 ns
  J1741+1351: RMS = 458.679 ns
  J1744-1134: RMS = 1024.534 ns
  J1745+1017: RMS = 607.298 ns
  J1747-4036: RMS = 798.088 ns
  J1751-2857: RMS = 443.391 ns
  J1802-2124: RMS = 390.615 ns
  J1811-2405: RMS = 453.789 ns
  J1832-0836: RMS = 965.370 ns
  J1843-1113: RMS = 693.891 ns
  J1853+1303: RMS = 726.788 ns
  J1903+0327: RMS = 969.976 ns
  J1909-3744: RMS = 929.838 ns
  J1910+1256: RMS = 708.425 ns
  J1911+1347: RMS = 347.287 ns
  J1918-0642: RMS = 1094.910 ns
  J1923+2515: RMS = 249.875 ns
  J1944+0907: RMS = 682.467 ns
  J1946+3417: RMS = 584.595 ns
  J2010-1323: RMS = 697.389 ns
  J2017+0603: RMS = 375.740 ns
  J2033+1734: RMS = 185.687 ns
  J2043+1711: RMS = 399.513 ns
  J2124-3358: RMS = 303.685 ns
  J2145-0750: RMS = 590.741 ns
  J2214+3000: RMS = 173.566 ns
  J2229+2643: RMS = 414.786 ns
  J2234+0611: RMS = 267.517 ns
  J2234+0944: RMS = 251.465 ns
  J2302+4442: RMS = 276.600 ns
  J2317+1439: RMS = 203.239 ns
  J2322+2057: RMS = 233.837 ns
Inject: 273.28 s
Snapshotting into enterprise Pulsar objects...
Building PTA...
PTA build: 445.35 s
Computing optimal statistic...
OS time: 50.55 s
Total: 769.18 s
  SNR 3.0977 outside of provided SNR_range [3.5, 4.25] — rescaling.
[Iteration 1/4] SNR after scaling: 3.0977 (target: 4.0000)
  SNR history: it0→30.3874@1.0000x, it1→3.0977@2.9480x
  Re-scaling distances by factor 0.5824  (cumulative after: 1.7170×)
Resetting pulsars to clean stoas...
Restore: 0.05 s
Injecting population...
  B1855+09: RMS = 1492.148 ns
  B1937+21: RMS = 875.083 ns
  B1953+29: RMS = 330.658 ns
  J0023+0923: RMS = 865.003 ns
  J0030+0451: RMS = 909.369 ns
  J0340+4130: RMS = 1346.105 ns
  J0406+3039: RMS = 661.124 ns
  J0437-4715: RMS = 478.292 ns
  J0509+0856: RMS = 129.665 ns
  J0557+1551: RMS = 255.699 ns
  J0605+3757: RMS = 222.166 ns
  J0610-2100: RMS = 408.900 ns
  J0613-0200: RMS = 1504.385 ns
  J0636+5128: RMS = 564.480 ns
  J0645+5158: RMS = 643.384 ns
  J0709+0458: RMS = 585.592 ns
  J0740+6620: RMS = 1139.436 ns
  J0931-1902: RMS = 1306.502 ns
  J1012+5307: RMS = 696.757 ns
  J1012-4235: RMS = 485.957 ns
  J1022+1001: RMS = 466.142 ns
  J1024-0719: RMS = 1293.282 ns
  J1125+7819: RMS = 850.822 ns
  J1312+0051: RMS = 559.721 ns
  J1453+1902: RMS = 631.417 ns
  J1455-3330: RMS = 693.187 ns
  J1600-3053: RMS = 462.905 ns
  J1614-2230: RMS = 819.397 ns
  J1630+3734: RMS = 593.860 ns
  J1640+2224: RMS = 631.071 ns
  J1643-1224: RMS = 934.261 ns
  J1705-1903: RMS = 388.461 ns
  J1713+0747: RMS = 693.482 ns
  J1719-1438: RMS = 521.444 ns
  J1730-2304: RMS = 553.025 ns
  J1738+0333: RMS = 940.532 ns
  J1741+1351: RMS = 787.535 ns
  J1744-1134: RMS = 1759.088 ns
  J1745+1017: RMS = 1042.708 ns
  J1747-4036: RMS = 1370.289 ns
  J1751-2857: RMS = 761.286 ns
  J1802-2124: RMS = 670.671 ns
  J1811-2405: RMS = 779.139 ns
  J1832-0836: RMS = 1657.506 ns
  J1843-1113: RMS = 1191.386 ns
  J1853+1303: RMS = 1247.868 ns
  J1903+0327: RMS = 1665.414 ns
  J1909-3744: RMS = 1596.499 ns
  J1910+1256: RMS = 1216.340 ns
  J1911+1347: RMS = 596.280 ns
  J1918-0642: RMS = 1879.922 ns
  J1923+2515: RMS = 429.027 ns
  J1944+0907: RMS = 1171.771 ns
  J1946+3417: RMS = 1003.729 ns
  J2010-1323: RMS = 1197.392 ns
  J2017+0603: RMS = 645.132 ns
  J2033+1734: RMS = 318.817 ns
  J2043+1711: RMS = 685.950 ns
  J2124-3358: RMS = 521.417 ns
  J2145-0750: RMS = 1014.282 ns
  J2214+3000: RMS = 298.007 ns
  J2229+2643: RMS = 712.173 ns
  J2234+0611: RMS = 459.316 ns
  J2234+0944: RMS = 431.756 ns
  J2302+4442: RMS = 474.912 ns
  J2317+1439: RMS = 348.953 ns
  J2322+2057: RMS = 401.490 ns
Inject: 156.73 s
Snapshotting into enterprise Pulsar objects...
Building PTA...
PTA build: 432.46 s
Computing optimal statistic...
OS time: 50.58 s
Total: 639.82 s
  SNR 9.7046 outside of provided SNR_range [3.5, 4.25] — rescaling.
[Iteration 2/4] SNR after scaling: 9.7046 (target: 4.0000)
  SNR history: it0→30.3874@1.0000x, it1→3.0977@2.9480x, it2→9.7046@1.7170x
  Re-scaling distances by factor 1.3103  (cumulative after: 2.2498×)
Resetting pulsars to clean stoas...
Restore: 0.04 s
Injecting population...
  B1855+09: RMS = 1138.757 ns
  B1937+21: RMS = 667.834 ns
  B1953+29: RMS = 252.347 ns
  J0023+0923: RMS = 660.142 ns
  J0030+0451: RMS = 694.000 ns
  J0340+4130: RMS = 1027.302 ns
  J0406+3039: RMS = 504.547 ns
  J0437-4715: RMS = 365.017 ns
  J0509+0856: RMS = 98.956 ns
  J0557+1551: RMS = 195.141 ns
  J0605+3757: RMS = 169.550 ns
  J0610-2100: RMS = 312.059 ns
  J0613-0200: RMS = 1148.096 ns
  J0636+5128: RMS = 430.792 ns
  J0645+5158: RMS = 491.010 ns
  J0709+0458: RMS = 446.904 ns
  J0740+6620: RMS = 869.579 ns
  J0931-1902: RMS = 997.079 ns
  J1012+5307: RMS = 531.742 ns
  J1012-4235: RMS = 370.866 ns
  J1022+1001: RMS = 355.744 ns
  J1024-0719: RMS = 986.989 ns
  J1125+7819: RMS = 649.319 ns
  J1312+0051: RMS = 427.160 ns
  J1453+1902: RMS = 481.876 ns
  J1455-3330: RMS = 529.018 ns
  J1600-3053: RMS = 353.274 ns
  J1614-2230: RMS = 625.337 ns
  J1630+3734: RMS = 453.214 ns
  J1640+2224: RMS = 481.612 ns
  J1643-1224: RMS = 712.996 ns
  J1705-1903: RMS = 296.460 ns
  J1713+0747: RMS = 529.242 ns
  J1719-1438: RMS = 397.949 ns
  J1730-2304: RMS = 422.050 ns
  J1738+0333: RMS = 717.783 ns
  J1741+1351: RMS = 601.021 ns
  J1744-1134: RMS = 1342.477 ns
  J1745+1017: RMS = 795.760 ns
  J1747-4036: RMS = 1045.759 ns
  J1751-2857: RMS = 580.988 ns
  J1802-2124: RMS = 511.834 ns
  J1811-2405: RMS = 594.613 ns
  J1832-0836: RMS = 1264.953 ns
  J1843-1113: RMS = 909.226 ns
  J1853+1303: RMS = 952.331 ns
  J1903+0327: RMS = 1270.988 ns
  J1909-3744: RMS = 1218.395 ns
  J1910+1256: RMS = 928.270 ns
  J1911+1347: RMS = 455.061 ns
  J1918-0642: RMS = 1434.693 ns
  J1923+2515: RMS = 327.419 ns
  J1944+0907: RMS = 894.257 ns
  J1946+3417: RMS = 766.012 ns
  J2010-1323: RMS = 913.809 ns
  J2017+0603: RMS = 492.343 ns
  J2033+1734: RMS = 243.311 ns
  J2043+1711: RMS = 523.494 ns
  J2124-3358: RMS = 397.928 ns
  J2145-0750: RMS = 774.066 ns
  J2214+3000: RMS = 227.429 ns
  J2229+2643: RMS = 543.506 ns
  J2234+0611: RMS = 350.535 ns
  J2234+0944: RMS = 329.501 ns
  J2302+4442: RMS = 362.437 ns
  J2317+1439: RMS = 266.309 ns
  J2322+2057: RMS = 306.404 ns
Inject: 147.97 s
Snapshotting into enterprise Pulsar objects...
Building PTA...
PTA build: 415.29 s
Computing optimal statistic...
OS time: 47.29 s
Total: 610.59 s
  SNR 5.4659 outside of provided SNR_range [3.5, 4.25] — rescaling.
[Iteration 3/4] SNR after scaling: 5.4659 (target: 4.0000)
  SNR history: it0→30.3874@1.0000x, it1→3.0977@2.9480x, it2→9.7046@1.7170x, it3→5.4659@2.2498x
  Re-scaling distances by factor 1.1447  (cumulative after: 2.5753×)
Resetting pulsars to clean stoas...
Restore: 0.11 s
Injecting population...
  B1855+09: RMS = 994.812 ns
  B1937+21: RMS = 583.416 ns
  B1953+29: RMS = 220.449 ns
  J0023+0923: RMS = 576.696 ns
  J0030+0451: RMS = 606.274 ns
  J0340+4130: RMS = 897.445 ns
  J0406+3039: RMS = 440.770 ns
  J0437-4715: RMS = 318.877 ns
  J0509+0856: RMS = 86.448 ns
  J0557+1551: RMS = 170.474 ns
  J0605+3757: RMS = 148.118 ns
  J0610-2100: RMS = 272.613 ns
  J0613-0200: RMS = 1002.970 ns
  J0636+5128: RMS = 376.337 ns
  J0645+5158: RMS = 428.943 ns
  J0709+0458: RMS = 390.413 ns
  J0740+6620: RMS = 759.659 ns
  J0931-1902: RMS = 871.042 ns
  J1012+5307: RMS = 464.526 ns
  J1012-4235: RMS = 323.987 ns
  J1022+1001: RMS = 310.776 ns
  J1024-0719: RMS = 862.228 ns
  J1125+7819: RMS = 567.241 ns
  J1312+0051: RMS = 373.165 ns
  J1453+1902: RMS = 420.964 ns
  J1455-3330: RMS = 462.147 ns
  J1600-3053: RMS = 308.618 ns
  J1614-2230: RMS = 546.290 ns
  J1630+3734: RMS = 395.925 ns
  J1640+2224: RMS = 420.734 ns
  J1643-1224: RMS = 622.869 ns
  J1705-1903: RMS = 258.986 ns
  J1713+0747: RMS = 462.343 ns
  J1719-1438: RMS = 347.646 ns
  J1730-2304: RMS = 368.701 ns
  J1738+0333: RMS = 627.051 ns
  J1741+1351: RMS = 525.048 ns
  J1744-1134: RMS = 1172.780 ns
  J1745+1017: RMS = 695.171 ns
  J1747-4036: RMS = 913.569 ns
  J1751-2857: RMS = 507.548 ns
  J1802-2124: RMS = 447.135 ns
  J1811-2405: RMS = 519.450 ns
  J1832-0836: RMS = 1105.055 ns
  J1843-1113: RMS = 794.295 ns
  J1853+1303: RMS = 831.951 ns
  J1903+0327: RMS = 1110.328 ns
  J1909-3744: RMS = 1064.382 ns
  J1910+1256: RMS = 810.931 ns
  J1911+1347: RMS = 397.539 ns
  J1918-0642: RMS = 1253.340 ns
  J1923+2515: RMS = 286.032 ns
  J1944+0907: RMS = 781.217 ns
  J1946+3417: RMS = 669.184 ns
  J2010-1323: RMS = 798.298 ns
  J2017+0603: RMS = 430.108 ns
  J2033+1734: RMS = 212.555 ns
  J2043+1711: RMS = 457.321 ns
  J2124-3358: RMS = 347.627 ns
  J2145-0750: RMS = 676.220 ns
  J2214+3000: RMS = 198.681 ns
  J2229+2643: RMS = 474.804 ns
  J2234+0611: RMS = 306.225 ns
  J2234+0944: RMS = 287.851 ns
  J2302+4442: RMS = 316.623 ns
  J2317+1439: RMS = 232.646 ns
  J2322+2057: RMS = 267.673 ns
Inject: 167.51 s
Snapshotting into enterprise Pulsar objects...
Building PTA...
PTA build: 419.79 s
Computing optimal statistic...
OS time: 44.91 s
Total: 632.32 s
  ✓ SNR is within the provided SNR_range: 4.1085 ∈ [3.5, 4.25]

Final SNR history:
  it 0: cumulative_scale=1.0000×  SNR=30.3874
  it 1: cumulative_scale=2.9480×  SNR=3.0977
  it 2: cumulative_scale=1.7170×  SNR=9.7046
  it 3: cumulative_scale=2.2498×  SNR=5.4659
  it 4: cumulative_scale=2.5753×  SNR=4.1085
✓ Simulation 1 done (3419.3 s)

======================================================================
ENSEMBLE SUMMARY
======================================================================
Success rate: 100.0% (1/1)

Binaries per population:
  Mean ± std : 10000000 ± 0
  Range      : [10000000, 10000000]

SNR achieved:
  Mean ± std : 4.1085 ± 0.0000
  Range      : [4.1085, 4.1085]

Total time: 3960.3 s (66.0 min)
======================================================================

💾 Saved: data/2026-04-28/pessimistic_run_47/consistent_population_pessimistic_targetSNR4.25_sims1.json
💾 Saved compressed pickle: data/2026-04-28/pessimistic_run_47/consistent_population_pessimistic_targetSNR4.25_sims1.pkl.gz

======================================================================
CONTINUOUS WAVE SNR ANALYSIS
======================================================================

--- Population 1 ---
Precomputation of phiinvs, TNTs, Ts, Nvecs, Sigmas took 0.09 seconds.

+------------------- Job Report: 11718054 (TIMEOUT) --------------------+
| Memory (RAM)  [####################] 100.4% (40.2 GB peak / 40 GB)    |
| CPU           [################    ] 84.9% average                    |
| Time          [------------------->] 100.7% (0-01:15:31 / 0-01:15:00) |
|                                                                       |
| Lustre Filesystem:                                                    |
|   Path    Total Read    Total Write      Total IOPS                   |
|   ------  ------------  -------------  ------------                   |
|   /apps   0 B           0 B                     10                    |
|   /fred   11.3 MB       6.8 MB                  24                    |
|   /home   12.6 MB       0 B                    762                    |
|   OS      0 B           0 B                      2                    |
+-----------------------------------------------------------------------+
