==========================================
Job ID: 11737224
Job Name: smbhb_realistic
Node: gina10
Start Time: Wed Apr 29 13:18:54 AEST 2026
==========================================

/home/bhoulden/.conda/envs/smbhb312/share/tempo2
Working directory: /fred/oz005/users/bhoulden/SMBHB_population_injections

Loaded modules:

Starting SMBHB analysis...
==========================================

📁 Save directory: data/2026-04-29/realistic_run_176
📝 Run name: realistic_run_176

[MEM] Start: 244.1 MB

📡 Loading pulsars...
======================================================================
LOADING NANOGRAV PULSARS (libstempo)
======================================================================

📦 Loading from cache: nanograv_pulsars_cache.pkl
⚠ Cache load failed: Ran out of input
[DEBUG] Found 76 .par files
[tempo2Util.C:396] Warning: [MISC1] Unknown parameter in par file:  DMDATA
[tempo2Util.C:401] Warning: [DUP1] duplicated warnings have been suppressed.

WARNING: Using tempo RNAMP parameter: setting TNRedC to 100!
[observatory.C:271] Warning: Assuming site 'arecibo' means 'ao'
✓ Loaded B1855+09 (7758 TOAs)

WARNING: Using tempo RNAMP parameter: setting TNRedC to 100!
✓ Loaded B1937+21 (23023 TOAs)

WARNING: Using tempo RNAMP parameter: setting TNRedC to 100!
✓ Loaded B1937+21ao (7241 TOAs)

WARNING: Using tempo RNAMP parameter: setting TNRedC to 100!
✓ Loaded B1937+21gbt (16048 TOAs)

WARNING: Using tempo RNAMP parameter: setting TNRedC to 100!
✓ Loaded B1953+29 (5126 TOAs)
✓ Loaded J0023+0923 (15896 TOAs)

WARNING: Using tempo RNAMP parameter: setting TNRedC to 100!
✓ Loaded J0030+0451 (19571 TOAs)
✓ Loaded J0340+4130 (11093 TOAs)
✓ Loaded J0406+3039 (2446 TOAs)

WARNING: Using tempo RNAMP parameter: setting TNRedC to 100!
✓ Loaded J0437-4715 (5830 TOAs)
✓ Loaded J0509+0856 (2169 TOAs)
✓ Loaded J0557+1551 (525 TOAs)
✓ Loaded J0605+3757 (554 TOAs)

WARNING: Using tempo RNAMP parameter: setting TNRedC to 100!
✓ Loaded J0610-2100 (4885 TOAs)

WARNING: Using tempo RNAMP parameter: setting TNRedC to 100!
✓ Loaded J0613-0200 (17124 TOAs)
✓ Loaded J0614-3329 (1714 TOAs)
✓ Loaded J0636+5128 (32222 TOAs)
✓ Loaded J0645+5158 (10403 TOAs)
✓ Loaded J0709+0458 (3030 TOAs)
✓ Loaded J0740+6620 (13401 TOAs)
✓ Loaded J0931-1902 (5473 TOAs)

WARNING: Using tempo RNAMP parameter: setting TNRedC to 100!
✓ Loaded J1012+5307 (25837 TOAs)
✓ Loaded J1012-4235 (797 TOAs)
✓ Loaded J1022+1001 (3978 TOAs)
✓ Loaded J1024-0719 (12635 TOAs)
✓ Loaded J1125+7819 (8723 TOAs)
✓ Loaded J1312+0051 (1705 TOAs)
✓ Loaded J1453+1902 (2551 TOAs)
✓ Loaded J1455-3330 (10818 TOAs)

WARNING: Using tempo RNAMP parameter: setting TNRedC to 100!
✓ Loaded J1600-3053 (22955 TOAs)

WARNING: Using tempo RNAMP parameter: setting TNRedC to 100!
✓ Loaded J1600-3053gbt (19725 TOAs)

WARNING: Using tempo RNAMP parameter: setting TNRedC to 100!
✓ Loaded J1614-2230 (18445 TOAs)
✓ Loaded J1630+3734 (1815 TOAs)
✓ Loaded J1640+2224 (14066 TOAs)

WARNING: Using tempo RNAMP parameter: setting TNRedC to 100!
✓ Loaded J1643-1224 (22144 TOAs)

WARNING: Using tempo RNAMP parameter: setting TNRedC to 100!
✓ Loaded J1643-1224gbt (17932 TOAs)

WARNING: Using tempo RNAMP parameter: setting TNRedC to 100!
✓ Loaded J1705-1903 (9871 TOAs)

WARNING: Using tempo RNAMP parameter: setting TNRedC to 100!
✓ Loaded J1713+0747 (59389 TOAs)

WARNING: Using tempo RNAMP parameter: setting TNRedC to 100!
✓ Loaded J1713+0747ao (21362 TOAs)

WARNING: Using tempo RNAMP parameter: setting TNRedC to 100!
✓ Loaded J1713+0747gbt (32963 TOAs)
✓ Loaded J1719-1438 (6356 TOAs)
✓ Loaded J1730-2304 (4870 TOAs)
✓ Loaded J1738+0333 (8790 TOAs)
✓ Loaded J1741+1351 (5582 TOAs)

WARNING: Using tempo RNAMP parameter: setting TNRedC to 100!
✓ Loaded J1744-1134 (17745 TOAs)

WARNING: Using tempo RNAMP parameter: setting TNRedC to 100!
✓ Loaded J1745+1017 (3017 TOAs)

WARNING: Using tempo RNAMP parameter: setting TNRedC to 100!
✓ Loaded J1747-4036 (11055 TOAs)
✓ Loaded J1751-2857 (2025 TOAs)

WARNING: Using tempo RNAMP parameter: setting TNRedC to 100!
✓ Loaded J1802-2124 (6796 TOAs)
✓ Loaded J1811-2405 (5266 TOAs)
✓ Loaded J1832-0836 (7739 TOAs)
✓ Loaded J1843-1113 (4595 TOAs)

WARNING: Using tempo RNAMP parameter: setting TNRedC to 100!
✓ Loaded J1853+1303 (4570 TOAs)

WARNING: Using tempo RNAMP parameter: setting TNRedC to 100!
✓ Loaded J1903+0327 (6856 TOAs)

WARNING: Using tempo RNAMP parameter: setting TNRedC to 100!
✓ Loaded J1903+0327ao (6423 TOAs)

WARNING: Using tempo RNAMP parameter: setting TNRedC to 100!
✓ Loaded J1909-3744 (35037 TOAs)

WARNING: Using tempo RNAMP parameter: setting TNRedC to 100!
✓ Loaded J1909-3744gbt (31526 TOAs)
✓ Loaded J1910+1256 (6486 TOAs)
✓ Loaded J1911+1347 (3786 TOAs)
✓ Loaded J1918-0642 (18875 TOAs)
✓ Loaded J1923+2515 (3974 TOAs)
✓ Loaded J1944+0907 (5328 TOAs)

WARNING: Using tempo RNAMP parameter: setting TNRedC to 100!
✓ Loaded J1946+3417 (4743 TOAs)
✓ Loaded J2010-1323 (17077 TOAs)
✓ Loaded J2017+0603 (3512 TOAs)
✓ Loaded J2033+1734 (3847 TOAs)
✓ Loaded J2043+1711 (7397 TOAs)
✓ Loaded J2124-3358 (4982 TOAs)

WARNING: Using tempo RNAMP parameter: setting TNRedC to 100!
✓ Loaded J2145-0750 (18675 TOAs)
✓ Loaded J2214+3000 (7406 TOAs)
✓ Loaded J2229+2643 (3711 TOAs)

WARNING: Using tempo RNAMP parameter: setting TNRedC to 100!
✓ Loaded J2234+0611 (3566 TOAs)
✓ Loaded J2234+0944 (7535 TOAs)
✓ Loaded J2302+4442 (10211 TOAs)
✓ Loaded J2317+1439 (13927 TOAs)
✓ Loaded J2322+2057 (3088 TOAs)
⚠ Could not save cache: no default __reduce__ due to non-trivial __cinit__

✓ Loaded 76 pulsars
✗ Failed: 0 — []
[MEM] After loading pulsars: 8874.9 MB

🔍 Filtering pulsars...

Filtered: 76 → 67 pulsars
[MEM] After filtering pulsars: 8877.8 MB
[MEM] After garbage collection: 8878.0 MB

======================================================================
SMBHB POPULATION ANALYSIS
======================================================================

Configuration: realistic
  Medium mass, medium spread in distance, medium population
  N_binaries: 20000

======================================================================
CONSISTENT POPULATION SYNTHESIS
======================================================================

======================================================================
GENERATING SNR-CONSISTENT POPULATIONS
======================================================================
Target SNR:          4.0
Simulations:         1
======================================================================


──────────────────────────────────────────────────────────────────────
SIMULATION 1/1
──────────────────────────────────────────────────────────────────────
  [B1855+09] zeroing residuals...
  [B1855+09] adding red noise...
  [B1855+09] white noise for L-wide_ASP (1178 TOAs)...
  [B1855+09] white noise for 430_PUPPI (1185 TOAs)...
  [B1855+09] white noise for L-wide_PUPPI (5005 TOAs)...
  [B1855+09] white noise for 430_ASP (390 TOAs)...
  [B1937+21] zeroing residuals...
  [B1937+21] adding red noise...
  [B1937+21] white noise for S-wide_ASP (344 TOAs)...
  [B1937+21] white noise for Rcvr_800_GUPPI (7140 TOAs)...
  [B1937+21] white noise for Rcvr1_2_GUPPI (7048 TOAs)...
  [B1937+21] white noise for S-wide_PUPPI (2251 TOAs)...
  [B1937+21] white noise for L-wide_PUPPI (4133 TOAs)...
  [B1937+21] white noise for L-wide_ASP (452 TOAs)...
  [B1937+21] white noise for Rcvr_800_GASP (586 TOAs)...
  [B1937+21] white noise for Rcvr1_2_GASP (1069 TOAs)...
  [B1953+29] zeroing residuals...
  [B1953+29] adding red noise...
  [B1953+29] white noise for S-wide_ASP (25 TOAs)...
  [B1953+29] white noise for 430_PUPPI (941 TOAs)...
  [B1953+29] white noise for 430_ASP (29 TOAs)...
  [B1953+29] white noise for L-wide_PUPPI (4037 TOAs)...
  [B1953+29] white noise for L-wide_ASP (94 TOAs)...
  [J0023+0923] zeroing residuals...
  [J0023+0923] adding red noise...
  [J0023+0923] white noise for L-wide_ASP (119 TOAs)...
  [J0023+0923] white noise for 430_PUPPI (4564 TOAs)...
  [J0023+0923] white noise for L-wide_PUPPI (11123 TOAs)...
  [J0023+0923] white noise for 430_ASP (90 TOAs)...
  [J0030+0451] zeroing residuals...
  [J0030+0451] adding red noise...
  [J0030+0451] white noise for 430_PUPPI (3068 TOAs)...
  [J0030+0451] white noise for 430_ASP (267 TOAs)...
  [J0030+0451] white noise for S-wide_PUPPI (2673 TOAs)...
  [J0030+0451] white noise for L-wide_PUPPI (12774 TOAs)...
  [J0030+0451] white noise for L-wide_ASP (789 TOAs)...
  [J0340+4130] zeroing residuals...
  [J0340+4130] adding red noise...
  [J0340+4130] white noise for Rcvr1_2_GUPPI (5037 TOAs)...
  [J0340+4130] white noise for Rcvr_800_GUPPI (6056 TOAs)...
  [J0406+3039] zeroing residuals...
  [J0406+3039] adding red noise...
  [J0406+3039] white noise for S-wide_PUPPI (575 TOAs)...
  [J0406+3039] white noise for L-wide_PUPPI (1871 TOAs)...
  [J0437-4715] zeroing residuals...
  [J0437-4715] adding red noise...
  [J0437-4715] white noise for 1.5GHz_YUPPI (2134 TOAs)...
  [J0437-4715] white noise for 3GHz_YUPPI (3696 TOAs)...
  [J0509+0856] zeroing residuals...
  [J0509+0856] adding red noise...
  [J0509+0856] white noise for S-wide_PUPPI (544 TOAs)...
  [J0509+0856] white noise for L-wide_PUPPI (1625 TOAs)...
  [J0557+1551] zeroing residuals...
  [J0557+1551] adding red noise...
  [J0557+1551] white noise for S-wide_PUPPI (58 TOAs)...
  [J0557+1551] white noise for L-wide_PUPPI (467 TOAs)...
  [J0605+3757] zeroing residuals...
  [J0605+3757] adding red noise...
  [J0605+3757] white noise for Rcvr1_2_GUPPI (318 TOAs)...
  [J0605+3757] white noise for Rcvr_800_GUPPI (236 TOAs)...
  [J0610-2100] zeroing residuals...
  [J0610-2100] adding red noise...
  [J0610-2100] white noise for Rcvr1_2_GUPPI (2401 TOAs)...
  [J0610-2100] white noise for Rcvr_800_GUPPI (2484 TOAs)...
  [J0613-0200] zeroing residuals...
  [J0613-0200] adding red noise...
  [J0613-0200] white noise for Rcvr1_2_GUPPI (7423 TOAs)...
  [J0613-0200] white noise for Rcvr_800_GUPPI (7900 TOAs)...
  [J0613-0200] white noise for Rcvr_800_GASP (809 TOAs)...
  [J0613-0200] white noise for Rcvr1_2_GASP (992 TOAs)...
  [J0636+5128] zeroing residuals...
  [J0636+5128] adding red noise...
  [J0636+5128] white noise for Rcvr1_2_GUPPI (14803 TOAs)...
  [J0636+5128] white noise for Rcvr_800_GUPPI (17419 TOAs)...
  [J0645+5158] zeroing residuals...
  [J0645+5158] adding red noise...
  [J0645+5158] white noise for Rcvr1_2_GUPPI (5721 TOAs)...
  [J0645+5158] white noise for Rcvr_800_GUPPI (4682 TOAs)...
  [J0709+0458] zeroing residuals...
  [J0709+0458] adding red noise...
  [J0709+0458] white noise for S-wide_PUPPI (595 TOAs)...
  [J0709+0458] white noise for L-wide_PUPPI (2435 TOAs)...
  [J0740+6620] zeroing residuals...
  [J0740+6620] adding red noise...
  [J0740+6620] white noise for Rcvr1_2_GUPPI (8265 TOAs)...
  [J0740+6620] white noise for Rcvr_800_GUPPI (5136 TOAs)...
  [J0931-1902] zeroing residuals...
  [J0931-1902] adding red noise...
  [J0931-1902] white noise for Rcvr1_2_GUPPI (2054 TOAs)...
  [J0931-1902] white noise for Rcvr_800_GUPPI (3419 TOAs)...
  [J1012+5307] zeroing residuals...
  [J1012+5307] adding red noise...
  [J1012+5307] white noise for Rcvr1_2_GUPPI (12849 TOAs)...
  [J1012+5307] white noise for Rcvr_800_GUPPI (10299 TOAs)...
  [J1012+5307] white noise for Rcvr_800_GASP (1210 TOAs)...
  [J1012+5307] white noise for Rcvr1_2_GASP (1479 TOAs)...
  [J1012-4235] zeroing residuals...
  [J1012-4235] adding red noise...
  [J1012-4235] white noise for Rcvr1_2_GUPPI (455 TOAs)...
  [J1012-4235] white noise for Rcvr_800_GUPPI (342 TOAs)...
  [J1022+1001] zeroing residuals...
  [J1022+1001] adding red noise...
  [J1022+1001] white noise for S-wide_PUPPI (1154 TOAs)...
  [J1022+1001] white noise for 430_PUPPI (232 TOAs)...
  [J1022+1001] white noise for L-wide_PUPPI (2592 TOAs)...
  [J1024-0719] zeroing residuals...
  [J1024-0719] adding red noise...
  [J1024-0719] white noise for Rcvr1_2_GUPPI (7086 TOAs)...
  [J1024-0719] white noise for Rcvr_800_GUPPI (5455 TOAs)...
  [J1024-0719] white noise for Rcvr_800_GASP (51 TOAs)...
  [J1024-0719] white noise for Rcvr1_2_GASP (43 TOAs)...
  [J1125+7819] zeroing residuals...
  [J1125+7819] adding red noise...
  [J1125+7819] white noise for Rcvr1_2_GUPPI (4016 TOAs)...
  [J1125+7819] white noise for Rcvr_800_GUPPI (4707 TOAs)...
  [J1312+0051] zeroing residuals...
  [J1312+0051] adding red noise...
  [J1312+0051] white noise for S-wide_PUPPI (416 TOAs)...
  [J1312+0051] white noise for L-wide_PUPPI (1289 TOAs)...
  [J1453+1902] zeroing residuals...
  [J1453+1902] adding red noise...
  [J1453+1902] white noise for S-wide_PUPPI (4 TOAs)...
  [J1453+1902] white noise for 430_PUPPI (425 TOAs)...
  [J1453+1902] white noise for L-wide_PUPPI (2122 TOAs)...
  [J1455-3330] zeroing residuals...
  [J1455-3330] adding red noise...
  [J1455-3330] white noise for Rcvr1_2_GUPPI (4932 TOAs)...
  [J1455-3330] white noise for Rcvr_800_GUPPI (4843 TOAs)...
  [J1455-3330] white noise for Rcvr_800_GASP (479 TOAs)...
  [J1455-3330] white noise for Rcvr1_2_GASP (564 TOAs)...
  [J1600-3053] zeroing residuals...
  [J1600-3053] adding red noise...
  [J1600-3053] white noise for Rcvr_800_GUPPI (8796 TOAs)...
  [J1600-3053] white noise for Rcvr1_2_GUPPI (10168 TOAs)...
  [J1600-3053] white noise for Rcvr_800_GASP (297 TOAs)...
  [J1600-3053] white noise for Rcvr1_2_GASP (457 TOAs)...
  [J1600-3053] white noise for 3GHz_YUPPI (3237 TOAs)...
  [J1614-2230] zeroing residuals...
  [J1614-2230] adding red noise...
  [J1614-2230] white noise for Rcvr1_2_GUPPI (10509 TOAs)...
  [J1614-2230] white noise for Rcvr_800_GUPPI (7768 TOAs)...
  [J1614-2230] white noise for Rcvr_800_GASP (84 TOAs)...
  [J1614-2230] white noise for Rcvr1_2_GASP (84 TOAs)...
  [J1630+3734] zeroing residuals...
  [J1630+3734] adding red noise...
  [J1630+3734] white noise for Rcvr1_2_GUPPI (909 TOAs)...
  [J1630+3734] white noise for Rcvr_800_GUPPI (906 TOAs)...
  [J1640+2224] zeroing residuals...
  [J1640+2224] adding red noise...
  [J1640+2224] white noise for L-wide_ASP (722 TOAs)...
  [J1640+2224] white noise for 430_PUPPI (3157 TOAs)...
  [J1640+2224] white noise for L-wide_PUPPI (9847 TOAs)...
  [J1640+2224] white noise for 430_ASP (340 TOAs)...
  [J1643-1224] zeroing residuals...
  [J1643-1224] adding red noise...
  [J1643-1224] white noise for Rcvr_800_GUPPI (7734 TOAs)...
  [J1643-1224] white noise for Rcvr1_2_GUPPI (8803 TOAs)...
  [J1643-1224] white noise for Rcvr_800_GASP (559 TOAs)...
  [J1643-1224] white noise for Rcvr1_2_GASP (833 TOAs)...
  [J1643-1224] white noise for 3GHz_YUPPI (4215 TOAs)...
  [J1705-1903] zeroing residuals...
  [J1705-1903] adding red noise...
  [J1705-1903] white noise for Rcvr1_2_GUPPI (6350 TOAs)...
  [J1705-1903] white noise for Rcvr_800_GUPPI (3521 TOAs)...
  [J1713+0747] zeroing residuals...
  [J1713+0747] adding red noise...
  [J1713+0747] white noise for S-wide_ASP (624 TOAs)...
  [J1713+0747] white noise for Rcvr_800_GUPPI (8479 TOAs)...
  [J1713+0747] white noise for 1.5GHz_YUPPI (1461 TOAs)...
  [J1713+0747] white noise for Rcvr1_2_GUPPI (22334 TOAs)...
  [J1713+0747] white noise for S-wide_PUPPI (7482 TOAs)...
  [J1713+0747] white noise for L-wide_PUPPI (12743 TOAs)...
  [J1713+0747] white noise for L-wide_ASP (843 TOAs)...
  [J1713+0747] white noise for Rcvr_800_GASP (1032 TOAs)...
  [J1713+0747] white noise for Rcvr1_2_GASP (1109 TOAs)...
  [J1713+0747] white noise for 3GHz_YUPPI (3282 TOAs)...
  [J1719-1438] zeroing residuals...
  [J1719-1438] adding red noise...
  [J1719-1438] white noise for Rcvr1_2_GUPPI (2722 TOAs)...
  [J1719-1438] white noise for Rcvr_800_GUPPI (3634 TOAs)...
  [J1730-2304] zeroing residuals...
  [J1730-2304] adding red noise...
  [J1730-2304] white noise for Rcvr1_2_GUPPI (2367 TOAs)...
  [J1730-2304] white noise for Rcvr_800_GUPPI (2503 TOAs)...
  [J1738+0333] zeroing residuals...
  [J1738+0333] adding red noise...
  [J1738+0333] white noise for L-wide_ASP (201 TOAs)...
  [J1738+0333] white noise for S-wide_ASP (134 TOAs)...
  [J1738+0333] white noise for S-wide_PUPPI (1737 TOAs)...
  [J1738+0333] white noise for L-wide_PUPPI (6718 TOAs)...
  [J1741+1351] zeroing residuals...
  [J1741+1351] adding red noise...
  [J1741+1351] white noise for S-wide_ASP (115 TOAs)...
  [J1741+1351] white noise for 430_PUPPI (1159 TOAs)...
  [J1741+1351] white noise for 430_ASP (27 TOAs)...
  [J1741+1351] white noise for L-wide_PUPPI (4045 TOAs)...
  [J1741+1351] white noise for L-wide_ASP (236 TOAs)...
  [J1744-1134] zeroing residuals...
  [J1744-1134] adding red noise...
  [J1744-1134] white noise for Rcvr1_2_GUPPI (8109 TOAs)...
  [J1744-1134] white noise for Rcvr_800_GUPPI (7899 TOAs)...
  [J1744-1134] white noise for Rcvr_800_GASP (930 TOAs)...
  [J1744-1134] white noise for Rcvr1_2_GASP (807 TOAs)...
  [J1745+1017] zeroing residuals...
  [J1745+1017] adding red noise...
  [J1745+1017] white noise for S-wide_PUPPI (838 TOAs)...
  [J1745+1017] white noise for L-wide_PUPPI (2179 TOAs)...
  [J1747-4036] zeroing residuals...
  [J1747-4036] adding red noise...
  [J1747-4036] white noise for Rcvr1_2_GUPPI (5239 TOAs)...
  [J1747-4036] white noise for Rcvr_800_GUPPI (5816 TOAs)...
  [J1751-2857] zeroing residuals...
  [J1751-2857] adding red noise...
  [J1751-2857] white noise for Rcvr1_2_GUPPI (1786 TOAs)...
  [J1751-2857] white noise for Rcvr_800_GUPPI (239 TOAs)...
  [J1802-2124] zeroing residuals...
  [J1802-2124] adding red noise...
  [J1802-2124] white noise for Rcvr1_2_GUPPI (3231 TOAs)...
  [J1802-2124] white noise for Rcvr_800_GUPPI (3565 TOAs)...
  [J1811-2405] zeroing residuals...
  [J1811-2405] adding red noise...
  [J1811-2405] white noise for Rcvr1_2_GUPPI (2638 TOAs)...
  [J1811-2405] white noise for Rcvr_800_GUPPI (2628 TOAs)...
  [J1832-0836] zeroing residuals...
  [J1832-0836] adding red noise...
  [J1832-0836] white noise for Rcvr1_2_GUPPI (4661 TOAs)...
  [J1832-0836] white noise for Rcvr_800_GUPPI (3078 TOAs)...
  [J1843-1113] zeroing residuals...
  [J1843-1113] adding red noise...
  [J1843-1113] white noise for Rcvr1_2_GUPPI (2394 TOAs)...
  [J1843-1113] white noise for Rcvr_800_GUPPI (2201 TOAs)...
  [J1853+1303] zeroing residuals...
  [J1853+1303] adding red noise...
  [J1853+1303] white noise for L-wide_ASP (33 TOAs)...
  [J1853+1303] white noise for 430_PUPPI (1151 TOAs)...
  [J1853+1303] white noise for L-wide_PUPPI (3362 TOAs)...
  [J1853+1303] white noise for 430_ASP (24 TOAs)...
  [J1903+0327] zeroing residuals...
  [J1903+0327] adding red noise...
  [J1903+0327] white noise for S-wide_ASP (151 TOAs)...
  [J1903+0327] white noise for S-wide_PUPPI (2282 TOAs)...
  [J1903+0327] white noise for L-wide_PUPPI (3845 TOAs)...
  [J1903+0327] white noise for L-wide_ASP (139 TOAs)...
  [J1903+0327] white noise for 3GHz_YUPPI (439 TOAs)...
  [J1909-3744] zeroing residuals...
  [J1909-3744] adding red noise...
  [J1909-3744] white noise for Rcvr_800_GUPPI (9399 TOAs)...
  [J1909-3744] white noise for Rcvr1_2_GUPPI (20439 TOAs)...
  [J1909-3744] white noise for Rcvr_800_GASP (866 TOAs)...
  [J1909-3744] white noise for Rcvr1_2_GASP (808 TOAs)...
  [J1909-3744] white noise for 3GHz_YUPPI (3525 TOAs)...
  [J1910+1256] zeroing residuals...
  [J1910+1256] adding red noise...
  [J1910+1256] white noise for L-wide_ASP (297 TOAs)...
  [J1910+1256] white noise for S-wide_ASP (208 TOAs)...
  [J1910+1256] white noise for S-wide_PUPPI (1857 TOAs)...
  [J1910+1256] white noise for L-wide_PUPPI (4124 TOAs)...
  [J1911+1347] zeroing residuals...
  [J1911+1347] adding red noise...
  [J1911+1347] white noise for 430_PUPPI (753 TOAs)...
  [J1911+1347] white noise for L-wide_PUPPI (3033 TOAs)...
  [J1918-0642] zeroing residuals...
  [J1918-0642] adding red noise...
  [J1918-0642] white noise for Rcvr1_2_GUPPI (8910 TOAs)...
  [J1918-0642] white noise for Rcvr_800_GUPPI (8352 TOAs)...
  [J1918-0642] white noise for Rcvr_800_GASP (835 TOAs)...
  [J1918-0642] white noise for Rcvr1_2_GASP (778 TOAs)...
  [J1923+2515] zeroing residuals...
  [J1923+2515] adding red noise...
  [J1923+2515] white noise for L-wide_ASP (14 TOAs)...
  [J1923+2515] white noise for 430_PUPPI (922 TOAs)...
  [J1923+2515] white noise for L-wide_PUPPI (3028 TOAs)...
  [J1923+2515] white noise for 430_ASP (10 TOAs)...
  [J1944+0907] zeroing residuals...
  [J1944+0907] adding red noise...
  [J1944+0907] white noise for S-wide_ASP (116 TOAs)...
  [J1944+0907] white noise for 430_PUPPI (1017 TOAs)...
  [J1944+0907] white noise for 430_ASP (38 TOAs)...
  [J1944+0907] white noise for L-wide_PUPPI (3900 TOAs)...
  [J1944+0907] white noise for L-wide_ASP (257 TOAs)...
  [J1946+3417] zeroing residuals...
  [J1946+3417] adding red noise...
  [J1946+3417] white noise for S-wide_PUPPI (1546 TOAs)...
  [J1946+3417] white noise for L-wide_PUPPI (3197 TOAs)...
  [J2010-1323] zeroing residuals...
  [J2010-1323] adding red noise...
  [J2010-1323] white noise for Rcvr1_2_GUPPI (7779 TOAs)...
  [J2010-1323] white noise for Rcvr_800_GUPPI (9158 TOAs)...
  [J2010-1323] white noise for Rcvr_800_GASP (70 TOAs)...
  [J2010-1323] white noise for Rcvr1_2_GASP (70 TOAs)...
  [J2017+0603] zeroing residuals...
  [J2017+0603] adding red noise...
  [J2017+0603] white noise for L-wide_ASP (16 TOAs)...
  [J2017+0603] white noise for S-wide_PUPPI (849 TOAs)...
  [J2017+0603] white noise for 430_PUPPI (78 TOAs)...
  [J2017+0603] white noise for L-wide_PUPPI (2569 TOAs)...
  [J2033+1734] zeroing residuals...
  [J2033+1734] adding red noise...
  [J2033+1734] white noise for 430_PUPPI (797 TOAs)...
  [J2033+1734] white noise for L-wide_PUPPI (3050 TOAs)...
  [J2043+1711] zeroing residuals...
  [J2043+1711] adding red noise...
  [J2043+1711] white noise for L-wide_ASP (40 TOAs)...
  [J2043+1711] white noise for 430_PUPPI (2908 TOAs)...
  [J2043+1711] white noise for L-wide_PUPPI (4419 TOAs)...
  [J2043+1711] white noise for 430_ASP (30 TOAs)...
  [J2124-3358] zeroing residuals...
  [J2124-3358] adding red noise...
  [J2124-3358] white noise for Rcvr1_2_GUPPI (2957 TOAs)...
  [J2124-3358] white noise for Rcvr_800_GUPPI (2025 TOAs)...
  [J2145-0750] zeroing residuals...
  [J2145-0750] adding red noise...
  [J2145-0750] white noise for Rcvr1_2_GUPPI (9158 TOAs)...
  [J2145-0750] white noise for Rcvr_800_GUPPI (8728 TOAs)...
  [J2145-0750] white noise for Rcvr_800_GASP (362 TOAs)...
  [J2145-0750] white noise for Rcvr1_2_GASP (427 TOAs)...
  [J2214+3000] zeroing residuals...
  [J2214+3000] adding red noise...
  [J2214+3000] white noise for L-wide_ASP (9 TOAs)...
  [J2214+3000] white noise for S-wide_PUPPI (1568 TOAs)...
  [J2214+3000] white noise for L-wide_PUPPI (5829 TOAs)...
  [J2229+2643] zeroing residuals...
  [J2229+2643] adding red noise...
  [J2229+2643] white noise for 430_PUPPI (956 TOAs)...
  [J2229+2643] white noise for L-wide_PUPPI (2755 TOAs)...
  [J2234+0611] zeroing residuals...
  [J2234+0611] adding red noise...
  [J2234+0611] white noise for 430_PUPPI (653 TOAs)...
  [J2234+0611] white noise for L-wide_PUPPI (2913 TOAs)...
  [J2234+0944] zeroing residuals...
  [J2234+0944] adding red noise...
  [J2234+0944] white noise for S-wide_PUPPI (2532 TOAs)...
  [J2234+0944] white noise for L-wide_PUPPI (5003 TOAs)...
  [J2302+4442] zeroing residuals...
  [J2302+4442] adding red noise...
  [J2302+4442] white noise for Rcvr1_2_GUPPI (3779 TOAs)...
  [J2302+4442] white noise for Rcvr_800_GUPPI (6432 TOAs)...
  [J2317+1439] zeroing residuals...
  [J2317+1439] adding red noise...
  [J2317+1439] white noise for 430_PUPPI (3217 TOAs)...
  [J2317+1439] white noise for 430_ASP (458 TOAs)...
  [J2317+1439] white noise for 327_PUPPI (276 TOAs)...
  [J2317+1439] white noise for 327_ASP (413 TOAs)...
  [J2317+1439] white noise for L-wide_PUPPI (9563 TOAs)...
  [J2322+2057] zeroing residuals...
  [J2322+2057] adding red noise...
  [J2322+2057] white noise for S-wide_PUPPI (140 TOAs)...
  [J2322+2057] white noise for 430_PUPPI (752 TOAs)...
  [J2322+2057] white noise for L-wide_PUPPI (2196 TOAs)...
Resetting pulsars to clean stoas...
Restore: 0.00 s
Inject: 0.00 s
Snapshotting into enterprise Pulsar objects...
Building PTA...
PTA build: 433.49 s
Computing optimal statistic...
OS time: 43.35 s
Total: 476.85 s
Noise-only SNR baseline: 0.7132

Generating SNR-consistent population...
Target SNR: 4.0
Resetting pulsars to clean stoas...
Restore: 0.00 s
Injecting population...
  B1855+09: RMS = 3675.102 ns
  B1937+21: RMS = 3849.244 ns
  B1953+29: RMS = 4188.327 ns
  J0023+0923: RMS = 5525.917 ns
  J0030+0451: RMS = 6918.922 ns
  J0340+4130: RMS = 2961.588 ns
  J0406+3039: RMS = 3004.615 ns
  J0437-4715: RMS = 5236.859 ns
  J0509+0856: RMS = 1001.760 ns
  J0557+1551: RMS = 4717.306 ns
  J0605+3757: RMS = 1452.149 ns
  J0610-2100: RMS = 859.178 ns
  J0613-0200: RMS = 6532.052 ns
  J0636+5128: RMS = 4272.536 ns
  J0645+5158: RMS = 4810.425 ns
  J0709+0458: RMS = 3744.760 ns
  J0740+6620: RMS = 2835.414 ns
  J0931-1902: RMS = 2718.059 ns
  J1012+5307: RMS = 3032.006 ns
  J1012-4235: RMS = 1649.740 ns
  J1022+1001: RMS = 1500.531 ns
  J1024-0719: RMS = 3109.685 ns
  J1125+7819: RMS = 4203.886 ns
  J1312+0051: RMS = 931.291 ns
  J1453+1902: RMS = 1115.121 ns
  J1455-3330: RMS = 2318.822 ns
  J1600-3053: RMS = 2591.653 ns
  J1614-2230: RMS = 1814.764 ns
  J1630+3734: RMS = 1046.342 ns
  J1640+2224: RMS = 2202.413 ns
  J1643-1224: RMS = 1248.963 ns
  J1705-1903: RMS = 625.217 ns
  J1713+0747: RMS = 2697.531 ns
  J1719-1438: RMS = 1236.385 ns
  J1730-2304: RMS = 1096.311 ns
  J1738+0333: RMS = 2539.114 ns
  J1741+1351: RMS = 3216.325 ns
  J1744-1134: RMS = 1668.846 ns
  J1745+1017: RMS = 1558.660 ns
  J1747-4036: RMS = 2381.971 ns
  J1751-2857: RMS = 1089.614 ns
  J1802-2124: RMS = 1542.179 ns
  J1811-2405: RMS = 2043.483 ns
  J1832-0836: RMS = 1157.844 ns
  J1843-1113: RMS = 660.494 ns
  J1853+1303: RMS = 2906.530 ns
  J1903+0327: RMS = 3217.640 ns
  J1909-3744: RMS = 2067.156 ns
  J1910+1256: RMS = 3306.935 ns
  J1911+1347: RMS = 4113.984 ns
  J1918-0642: RMS = 2219.461 ns
  J1923+2515: RMS = 3884.427 ns
  J1944+0907: RMS = 3256.558 ns
  J1946+3417: RMS = 2837.590 ns
  J2010-1323: RMS = 2907.007 ns
  J2017+0603: RMS = 2101.342 ns
  J2033+1734: RMS = 1723.869 ns
  J2043+1711: RMS = 871.200 ns
  J2124-3358: RMS = 2652.397 ns
  J2145-0750: RMS = 5365.238 ns
  J2214+3000: RMS = 896.329 ns
  J2229+2643: RMS = 1661.129 ns
  J2234+0611: RMS = 2977.977 ns
  J2234+0944: RMS = 2478.815 ns
  J2302+4442: RMS = 1878.538 ns
  J2317+1439: RMS = 3171.375 ns
  J2322+2057: RMS = 2371.430 ns
Inject: 0.81 s
Snapshotting into enterprise Pulsar objects...
Building PTA...
PTA build: 423.68 s
Computing optimal statistic...
OS time: 43.13 s
Total: 467.62 s
Initial SNR: 62.4211, Target SNR: 4.0000
  Initial SNR 62.4211 outside of provided SNR_range [3.5, 4.25] — rescaling.
Scaling distances by factor 4.3330 to achieve target SNR...
Resetting pulsars to clean stoas...
Restore: 0.00 s
Injecting population...
  B1855+09: RMS = 848.172 ns
  B1937+21: RMS = 888.362 ns
  B1953+29: RMS = 966.618 ns
  J0023+0923: RMS = 1275.319 ns
  J0030+0451: RMS = 1596.809 ns
  J0340+4130: RMS = 683.501 ns
  J0406+3039: RMS = 693.431 ns
  J0437-4715: RMS = 1208.608 ns
  J0509+0856: RMS = 231.195 ns
  J0557+1551: RMS = 1088.701 ns
  J0605+3757: RMS = 335.140 ns
  J0610-2100: RMS = 198.288 ns
  J0613-0200: RMS = 1507.523 ns
  J0636+5128: RMS = 986.053 ns
  J0645+5158: RMS = 1110.192 ns
  J0709+0458: RMS = 864.248 ns
  J0740+6620: RMS = 654.381 ns
  J0931-1902: RMS = 627.297 ns
  J1012+5307: RMS = 699.752 ns
  J1012-4235: RMS = 380.741 ns
  J1022+1001: RMS = 346.306 ns
  J1024-0719: RMS = 717.680 ns
  J1125+7819: RMS = 970.209 ns
  J1312+0051: RMS = 214.931 ns
  J1453+1902: RMS = 257.357 ns
  J1455-3330: RMS = 535.158 ns
  J1600-3053: RMS = 598.124 ns
  J1614-2230: RMS = 418.827 ns
  J1630+3734: RMS = 241.484 ns
  J1640+2224: RMS = 508.292 ns
  J1643-1224: RMS = 288.246 ns
  J1705-1903: RMS = 144.293 ns
  J1713+0747: RMS = 622.560 ns
  J1719-1438: RMS = 285.344 ns
  J1730-2304: RMS = 253.016 ns
  J1738+0333: RMS = 585.999 ns
  J1741+1351: RMS = 742.291 ns
  J1744-1134: RMS = 385.151 ns
  J1745+1017: RMS = 359.721 ns
  J1747-4036: RMS = 549.732 ns
  J1751-2857: RMS = 251.471 ns
  J1802-2124: RMS = 355.917 ns
  J1811-2405: RMS = 471.613 ns
  J1832-0836: RMS = 267.217 ns
  J1843-1113: RMS = 152.435 ns
  J1853+1303: RMS = 670.794 ns
  J1903+0327: RMS = 742.595 ns
  J1909-3744: RMS = 477.076 ns
  J1910+1256: RMS = 763.203 ns
  J1911+1347: RMS = 949.461 ns
  J1918-0642: RMS = 512.226 ns
  J1923+2515: RMS = 896.482 ns
  J1944+0907: RMS = 751.577 ns
  J1946+3417: RMS = 654.884 ns
  J2010-1323: RMS = 670.904 ns
  J2017+0603: RMS = 484.966 ns
  J2033+1734: RMS = 397.849 ns
  J2043+1711: RMS = 201.063 ns
  J2124-3358: RMS = 612.143 ns
  J2145-0750: RMS = 1238.236 ns
  J2214+3000: RMS = 206.863 ns
  J2229+2643: RMS = 383.370 ns
  J2234+0611: RMS = 687.283 ns
  J2234+0944: RMS = 572.082 ns
  J2302+4442: RMS = 433.545 ns
  J2317+1439: RMS = 731.917 ns
  J2322+2057: RMS = 547.299 ns
Inject: 0.79 s
Snapshotting into enterprise Pulsar objects...
Building PTA...
PTA build: 421.43 s
Computing optimal statistic...
OS time: 50.85 s
Total: 473.08 s
  ✓ SNR is within the provided SNR_range: 3.9651 ∈ [3.5, 4.25]

Final SNR history:
  it 0: cumulative_scale=1.0000×  SNR=62.4211
  it 1: cumulative_scale=4.3330×  SNR=3.9651
✓ Simulation 1 done (942.1 s)

======================================================================
ENSEMBLE SUMMARY
======================================================================
Success rate: 100.0% (1/1)

Binaries per population:
  Mean ± std : 20000 ± 0
  Range      : [20000, 20000]

SNR achieved:
  Mean ± std : 3.9651 ± 0.0000
  Range      : [3.9651, 3.9651]

Total time: 1459.2 s (24.3 min)
======================================================================

💾 Saved: data/2026-04-29/realistic_run_176/consistent_population_realistic_targetSNR4.25_sims1.json
💾 Saved compressed pickle: data/2026-04-29/realistic_run_176/consistent_population_realistic_targetSNR4.25_sims1.pkl.gz

======================================================================
CONTINUOUS WAVE SNR ANALYSIS
======================================================================

--- Population 1 ---
Precomputation of phiinvs, TNTs, Ts, Nvecs, Sigmas took 0.04 seconds.
Total SNR computation for population took 355.79 seconds.
Top 50 CGW candidates:
   1. proxy_rank=  12  sky_w=1.24  f=1.00e-08 Hz  Mc=1.69e+10 Msun  h0=5.47e-15  SNR=9.146
   2. proxy_rank=   3  sky_w=1.41  f=4.91e-09 Hz  Mc=3.08e+10 Msun  h0=5.85e-15  SNR=4.845
   3. proxy_rank=  70  sky_w=1.34  f=8.99e-09 Hz  Mc=1.26e+10 Msun  h0=1.61e-15  SNR=3.082
   4. proxy_rank=   2  sky_w=0.64  f=2.01e-09 Hz  Mc=4.30e+10 Msun  h0=1.16e-14  SNR=2.956
   5. proxy_rank=   1  sky_w=1.59  f=2.19e-09 Hz  Mc=4.38e+10 Msun  h0=5.92e-15  SNR=2.846
   6. proxy_rank=   4  sky_w=0.99  f=2.61e-09 Hz  Mc=2.33e+10 Msun  h0=4.20e-15  SNR=2.510
   7. proxy_rank=  66  sky_w=0.84  f=7.78e-09 Hz  Mc=1.66e+10 Msun  h0=2.26e-15  SNR=2.162
   8. proxy_rank=  33  sky_w=1.33  f=4.98e-09 Hz  Mc=1.41e+10 Msun  h0=1.48e-15  SNR=2.023
   9. proxy_rank=  42  sky_w=1.14  f=5.33e-09 Hz  Mc=1.21e+10 Msun  h0=1.53e-15  SNR=1.890
  10. proxy_rank=  43  sky_w=1.51  f=4.97e-09 Hz  Mc=1.29e+10 Msun  h0=1.08e-15  SNR=1.663
  11. proxy_rank=  14  sky_w=1.33  f=3.57e-09 Hz  Mc=1.89e+10 Msun  h0=1.70e-15  SNR=1.636
  12. proxy_rank=  60  sky_w=1.55  f=5.57e-09 Hz  Mc=9.58e+09 Msun  h0=9.45e-16  SNR=1.523
  13. proxy_rank=   5  sky_w=1.30  f=2.97e-09 Hz  Mc=2.88e+10 Msun  h0=2.97e-15  SNR=1.512
  14. proxy_rank=   6  sky_w=1.40  f=2.93e-09 Hz  Mc=2.10e+10 Msun  h0=1.76e-15  SNR=1.452
  15. proxy_rank=  80  sky_w=1.16  f=6.40e-09 Hz  Mc=1.22e+10 Msun  h0=1.24e-15  SNR=1.434
  16. proxy_rank= 289  sky_w=1.32  f=1.30e-08 Hz  Mc=6.96e+09 Msun  h0=7.55e-16  SNR=1.411
  17. proxy_rank= 151  sky_w=0.63  f=7.42e-09 Hz  Mc=1.09e+10 Msun  h0=1.65e-15  SNR=1.409
  18. proxy_rank=  19  sky_w=1.04  f=3.02e-09 Hz  Mc=1.86e+10 Msun  h0=1.62e-15  SNR=1.177
  19. proxy_rank=  23  sky_w=1.59  f=5.01e-09 Hz  Mc=1.52e+10 Msun  h0=1.58e-15  SNR=1.162
  20. proxy_rank=  29  sky_w=1.36  f=3.74e-09 Hz  Mc=1.15e+10 Msun  h0=1.15e-15  SNR=1.142
  21. proxy_rank= 485  sky_w=1.42  f=1.58e-08 Hz  Mc=4.66e+09 Msun  h0=4.76e-16  SNR=1.048
  22. proxy_rank=  28  sky_w=1.35  f=5.02e-09 Hz  Mc=1.42e+10 Msun  h0=1.60e-15  SNR=1.035
  23. proxy_rank= 298  sky_w=1.36  f=1.41e-08 Hz  Mc=5.36e+09 Msun  h0=7.59e-16  SNR=1.001
  24. proxy_rank=  59  sky_w=1.00  f=4.51e-09 Hz  Mc=1.40e+10 Msun  h0=1.21e-15  SNR=0.938
  25. proxy_rank=  45  sky_w=1.49  f=3.67e-09 Hz  Mc=1.04e+10 Msun  h0=8.04e-16  SNR=0.906
  26. proxy_rank=  86  sky_w=0.99  f=4.93e-09 Hz  Mc=1.25e+10 Msun  h0=1.06e-15  SNR=0.886
  27. proxy_rank=  95  sky_w=1.38  f=4.50e-09 Hz  Mc=8.69e+09 Msun  h0=6.52e-16  SNR=0.838
  28. proxy_rank=  18  sky_w=1.36  f=3.94e-09 Hz  Mc=1.61e+10 Msun  h0=1.62e-15  SNR=0.800
  29. proxy_rank=  47  sky_w=1.06  f=3.66e-09 Hz  Mc=1.36e+10 Msun  h0=1.08e-15  SNR=0.798
  30. proxy_rank=   7  sky_w=1.54  f=2.98e-09 Hz  Mc=1.82e+10 Msun  h0=1.54e-15  SNR=0.796
  31. proxy_rank=  11  sky_w=1.40  f=2.58e-09 Hz  Mc=1.79e+10 Msun  h0=1.27e-15  SNR=0.733
  32. proxy_rank= 290  sky_w=1.03  f=7.35e-09 Hz  Mc=7.01e+09 Msun  h0=5.47e-16  SNR=0.715
  33. proxy_rank=  41  sky_w=1.07  f=2.99e-09 Hz  Mc=9.95e+09 Msun  h0=9.30e-16  SNR=0.674
  34. proxy_rank=  87  sky_w=0.85  f=4.91e-09 Hz  Mc=1.31e+10 Msun  h0=1.22e-15  SNR=0.660
  35. proxy_rank= 194  sky_w=0.58  f=5.84e-09 Hz  Mc=1.21e+10 Msun  h0=1.09e-15  SNR=0.649
  36. proxy_rank= 185  sky_w=0.89  f=6.59e-09 Hz  Mc=9.48e+09 Msun  h0=8.27e-16  SNR=0.631
  37. proxy_rank=  26  sky_w=1.15  f=2.97e-09 Hz  Mc=1.64e+10 Msun  h0=1.15e-15  SNR=0.526
  38. proxy_rank=  40  sky_w=1.05  f=2.93e-09 Hz  Mc=1.37e+10 Msun  h0=9.47e-16  SNR=0.521
  39. proxy_rank= 145  sky_w=0.85  f=3.68e-09 Hz  Mc=1.03e+10 Msun  h0=6.33e-16  SNR=0.511
  40. proxy_rank= 965  sky_w=0.74  f=2.73e-08 Hz  Mc=3.72e+09 Msun  h0=6.15e-16  SNR=0.510
  41. proxy_rank= 278  sky_w=1.12  f=5.22e-09 Hz  Mc=6.62e+09 Msun  h0=3.72e-16  SNR=0.509
  42. proxy_rank=  73  sky_w=0.74  f=3.57e-09 Hz  Mc=1.40e+10 Msun  h0=1.14e-15  SNR=0.508
  43. proxy_rank= 260  sky_w=1.42  f=5.96e-09 Hz  Mc=5.43e+09 Msun  h0=3.46e-16  SNR=0.507
  44. proxy_rank=  50  sky_w=0.80  f=2.74e-09 Hz  Mc=1.49e+10 Msun  h0=1.01e-15  SNR=0.488
  45. proxy_rank=  10  sky_w=1.42  f=2.13e-09 Hz  Mc=1.75e+10 Msun  h0=1.06e-15  SNR=0.451
  46. proxy_rank= 110  sky_w=0.68  f=4.09e-09 Hz  Mc=1.02e+10 Msun  h0=1.08e-15  SNR=0.451
  47. proxy_rank=  27  sky_w=1.56  f=3.27e-09 Hz  Mc=1.22e+10 Msun  h0=9.32e-16  SNR=0.449
  48. proxy_rank=   8  sky_w=1.05  f=2.65e-09 Hz  Mc=1.62e+10 Msun  h0=1.80e-15  SNR=0.446
  49. proxy_rank=  65  sky_w=0.70  f=3.08e-09 Hz  Mc=1.42e+10 Msun  h0=1.09e-15  SNR=0.438
  50. proxy_rank= 612  sky_w=0.87  f=9.11e-09 Hz  Mc=4.90e+09 Msun  h0=3.32e-16  SNR=0.433
💾 Saved: data/2026-04-29/realistic_run_176/consistent_population_realistic_targetSNR4.25_sims1.json
💾 Saved compressed pickle: data/2026-04-29/realistic_run_176/consistent_population_realistic_targetSNR4.25_sims1.pkl.gz
Saved to figures/cgw_analysis_realistic.pdf

======================================================================
ANALYSIS COMPLETE
Results saved to: data/2026-04-29/realistic_run_176
======================================================================

==========================================
Job finished at: Wed Apr 29 13:51:30 AEST 2026
Exit code: 0
==========================================

+------------------ Job Report: 11737224 (COMPLETED) ------------------+
| Memory (RAM)  [################### ] 96.2% (30.8 GB peak / 32 GB)    |
| CPU           [################    ] 84.3% average                   |
| Time          [-------->           ] 40.9% (0-00:32:43 / 0-01:20:00) |
|                                                                      |
| Lustre Filesystem:                                                   |
|   Path    Total Read    Total Write    Total IOPS                    |
|   ------  ------------  -------------  ------------                  |
|   /apps   0 B           0 B            386                           |
|   /fred   4 KB          6.3 MB         126                           |
|   /home   0 B           0 B            2.4 K                         |
|   OS      0 B           0 B            3                             |
|                                                                      |
| Warnings:                                                            |
|   - Too much time requested                                          |
+----------------------------------------------------------------------+
