==========================================
Job ID: 11738505
Job Name: smbhb_realistic
Node: dave305
Start Time: Wed Apr 29 13:45:14 AEST 2026
==========================================

/home/bhoulden/.conda/envs/smbhb312/share/tempo2
Working directory: /fred/oz005/users/bhoulden/SMBHB_population_injections

Loaded modules:

Starting SMBHB analysis...
==========================================

📁 Save directory: data/2026-04-29/realistic_run_220
📝 Run name: realistic_run_220

[MEM] Start: 244.1 MB

📡 Loading pulsars...
======================================================================
LOADING NANOGRAV PULSARS (libstempo)
======================================================================

📦 Loading from cache: nanograv_pulsars_cache.pkl
⚠ Cache load failed: Ran out of input
[DEBUG] Found 76 .par files
[tempo2Util.C:396] Warning: [MISC1] Unknown parameter in par file:  DMDATA
[tempo2Util.C:401] Warning: [DUP1] duplicated warnings have been suppressed.

WARNING: Using tempo RNAMP parameter: setting TNRedC to 100!
[observatory.C:271] Warning: Assuming site 'arecibo' means 'ao'
✓ Loaded B1855+09 (7758 TOAs)

WARNING: Using tempo RNAMP parameter: setting TNRedC to 100!
✓ Loaded B1937+21 (23023 TOAs)

WARNING: Using tempo RNAMP parameter: setting TNRedC to 100!
✓ Loaded B1937+21ao (7241 TOAs)

WARNING: Using tempo RNAMP parameter: setting TNRedC to 100!
✓ Loaded B1937+21gbt (16048 TOAs)

WARNING: Using tempo RNAMP parameter: setting TNRedC to 100!
✓ Loaded B1953+29 (5126 TOAs)
✓ Loaded J0023+0923 (15896 TOAs)

WARNING: Using tempo RNAMP parameter: setting TNRedC to 100!
✓ Loaded J0030+0451 (19571 TOAs)
✓ Loaded J0340+4130 (11093 TOAs)
✓ Loaded J0406+3039 (2446 TOAs)

WARNING: Using tempo RNAMP parameter: setting TNRedC to 100!
✓ Loaded J0437-4715 (5830 TOAs)
✓ Loaded J0509+0856 (2169 TOAs)
✓ Loaded J0557+1551 (525 TOAs)
✓ Loaded J0605+3757 (554 TOAs)

WARNING: Using tempo RNAMP parameter: setting TNRedC to 100!
✓ Loaded J0610-2100 (4885 TOAs)

WARNING: Using tempo RNAMP parameter: setting TNRedC to 100!
✓ Loaded J0613-0200 (17124 TOAs)
✓ Loaded J0614-3329 (1714 TOAs)
✓ Loaded J0636+5128 (32222 TOAs)
✓ Loaded J0645+5158 (10403 TOAs)
✓ Loaded J0709+0458 (3030 TOAs)
✓ Loaded J0740+6620 (13401 TOAs)
✓ Loaded J0931-1902 (5473 TOAs)

WARNING: Using tempo RNAMP parameter: setting TNRedC to 100!
✓ Loaded J1012+5307 (25837 TOAs)
✓ Loaded J1012-4235 (797 TOAs)
✓ Loaded J1022+1001 (3978 TOAs)
✓ Loaded J1024-0719 (12635 TOAs)
✓ Loaded J1125+7819 (8723 TOAs)
✓ Loaded J1312+0051 (1705 TOAs)
✓ Loaded J1453+1902 (2551 TOAs)
✓ Loaded J1455-3330 (10818 TOAs)

WARNING: Using tempo RNAMP parameter: setting TNRedC to 100!
✓ Loaded J1600-3053 (22955 TOAs)

WARNING: Using tempo RNAMP parameter: setting TNRedC to 100!
✓ Loaded J1600-3053gbt (19725 TOAs)

WARNING: Using tempo RNAMP parameter: setting TNRedC to 100!
✓ Loaded J1614-2230 (18445 TOAs)
✓ Loaded J1630+3734 (1815 TOAs)
✓ Loaded J1640+2224 (14066 TOAs)

WARNING: Using tempo RNAMP parameter: setting TNRedC to 100!
✓ Loaded J1643-1224 (22144 TOAs)

WARNING: Using tempo RNAMP parameter: setting TNRedC to 100!
✓ Loaded J1643-1224gbt (17932 TOAs)

WARNING: Using tempo RNAMP parameter: setting TNRedC to 100!
✓ Loaded J1705-1903 (9871 TOAs)

WARNING: Using tempo RNAMP parameter: setting TNRedC to 100!
✓ Loaded J1713+0747 (59389 TOAs)

WARNING: Using tempo RNAMP parameter: setting TNRedC to 100!
✓ Loaded J1713+0747ao (21362 TOAs)

WARNING: Using tempo RNAMP parameter: setting TNRedC to 100!
✓ Loaded J1713+0747gbt (32963 TOAs)
✓ Loaded J1719-1438 (6356 TOAs)
✓ Loaded J1730-2304 (4870 TOAs)
✓ Loaded J1738+0333 (8790 TOAs)
✓ Loaded J1741+1351 (5582 TOAs)

WARNING: Using tempo RNAMP parameter: setting TNRedC to 100!
✓ Loaded J1744-1134 (17745 TOAs)

WARNING: Using tempo RNAMP parameter: setting TNRedC to 100!
✓ Loaded J1745+1017 (3017 TOAs)

WARNING: Using tempo RNAMP parameter: setting TNRedC to 100!
✓ Loaded J1747-4036 (11055 TOAs)
✓ Loaded J1751-2857 (2025 TOAs)

WARNING: Using tempo RNAMP parameter: setting TNRedC to 100!
✓ Loaded J1802-2124 (6796 TOAs)
✓ Loaded J1811-2405 (5266 TOAs)
✓ Loaded J1832-0836 (7739 TOAs)
✓ Loaded J1843-1113 (4595 TOAs)

WARNING: Using tempo RNAMP parameter: setting TNRedC to 100!
✓ Loaded J1853+1303 (4570 TOAs)

WARNING: Using tempo RNAMP parameter: setting TNRedC to 100!
✓ Loaded J1903+0327 (6856 TOAs)

WARNING: Using tempo RNAMP parameter: setting TNRedC to 100!
✓ Loaded J1903+0327ao (6423 TOAs)

WARNING: Using tempo RNAMP parameter: setting TNRedC to 100!
✓ Loaded J1909-3744 (35037 TOAs)

WARNING: Using tempo RNAMP parameter: setting TNRedC to 100!
✓ Loaded J1909-3744gbt (31526 TOAs)
✓ Loaded J1910+1256 (6486 TOAs)
✓ Loaded J1911+1347 (3786 TOAs)
✓ Loaded J1918-0642 (18875 TOAs)
✓ Loaded J1923+2515 (3974 TOAs)
✓ Loaded J1944+0907 (5328 TOAs)

WARNING: Using tempo RNAMP parameter: setting TNRedC to 100!
✓ Loaded J1946+3417 (4743 TOAs)
✓ Loaded J2010-1323 (17077 TOAs)
✓ Loaded J2017+0603 (3512 TOAs)
✓ Loaded J2033+1734 (3847 TOAs)
✓ Loaded J2043+1711 (7397 TOAs)
✓ Loaded J2124-3358 (4982 TOAs)

WARNING: Using tempo RNAMP parameter: setting TNRedC to 100!
✓ Loaded J2145-0750 (18675 TOAs)
✓ Loaded J2214+3000 (7406 TOAs)
✓ Loaded J2229+2643 (3711 TOAs)

WARNING: Using tempo RNAMP parameter: setting TNRedC to 100!
✓ Loaded J2234+0611 (3566 TOAs)
✓ Loaded J2234+0944 (7535 TOAs)
✓ Loaded J2302+4442 (10211 TOAs)
✓ Loaded J2317+1439 (13927 TOAs)
✓ Loaded J2322+2057 (3088 TOAs)
⚠ Could not save cache: no default __reduce__ due to non-trivial __cinit__

✓ Loaded 76 pulsars
✗ Failed: 0 — []
[MEM] After loading pulsars: 8856.3 MB

🔍 Filtering pulsars...

Filtered: 76 → 67 pulsars
[MEM] After filtering pulsars: 8857.3 MB
[MEM] After garbage collection: 8857.3 MB

======================================================================
SMBHB POPULATION ANALYSIS
======================================================================

Configuration: realistic
  Medium mass, medium spread in distance, medium population
  N_binaries: 20000

======================================================================
CONSISTENT POPULATION SYNTHESIS
======================================================================

======================================================================
GENERATING SNR-CONSISTENT POPULATIONS
======================================================================
Target SNR:          4.0
Simulations:         1
======================================================================


──────────────────────────────────────────────────────────────────────
SIMULATION 1/1
──────────────────────────────────────────────────────────────────────
  [B1855+09] zeroing residuals...
  [B1855+09] adding red noise...
  [B1855+09] white noise for L-wide_ASP (1178 TOAs)...
  [B1855+09] white noise for 430_ASP (390 TOAs)...
  [B1855+09] white noise for L-wide_PUPPI (5005 TOAs)...
  [B1855+09] white noise for 430_PUPPI (1185 TOAs)...
  [B1937+21] zeroing residuals...
  [B1937+21] adding red noise...
  [B1937+21] white noise for L-wide_ASP (452 TOAs)...
  [B1937+21] white noise for L-wide_PUPPI (4133 TOAs)...
  [B1937+21] white noise for Rcvr_800_GUPPI (7140 TOAs)...
  [B1937+21] white noise for Rcvr1_2_GASP (1069 TOAs)...
  [B1937+21] white noise for S-wide_PUPPI (2251 TOAs)...
  [B1937+21] white noise for Rcvr_800_GASP (586 TOAs)...
  [B1937+21] white noise for S-wide_ASP (344 TOAs)...
  [B1937+21] white noise for Rcvr1_2_GUPPI (7048 TOAs)...
  [B1953+29] zeroing residuals...
  [B1953+29] adding red noise...
  [B1953+29] white noise for L-wide_ASP (94 TOAs)...
  [B1953+29] white noise for 430_PUPPI (941 TOAs)...
  [B1953+29] white noise for L-wide_PUPPI (4037 TOAs)...
  [B1953+29] white noise for 430_ASP (29 TOAs)...
  [B1953+29] white noise for S-wide_ASP (25 TOAs)...
  [J0023+0923] zeroing residuals...
  [J0023+0923] adding red noise...
  [J0023+0923] white noise for L-wide_ASP (119 TOAs)...
  [J0023+0923] white noise for 430_ASP (90 TOAs)...
  [J0023+0923] white noise for L-wide_PUPPI (11123 TOAs)...
  [J0023+0923] white noise for 430_PUPPI (4564 TOAs)...
  [J0030+0451] zeroing residuals...
  [J0030+0451] adding red noise...
  [J0030+0451] white noise for L-wide_ASP (789 TOAs)...
  [J0030+0451] white noise for 430_PUPPI (3068 TOAs)...
  [J0030+0451] white noise for L-wide_PUPPI (12774 TOAs)...
  [J0030+0451] white noise for S-wide_PUPPI (2673 TOAs)...
  [J0030+0451] white noise for 430_ASP (267 TOAs)...
  [J0340+4130] zeroing residuals...
  [J0340+4130] adding red noise...
  [J0340+4130] white noise for Rcvr_800_GUPPI (6056 TOAs)...
  [J0340+4130] white noise for Rcvr1_2_GUPPI (5037 TOAs)...
  [J0406+3039] zeroing residuals...
  [J0406+3039] adding red noise...
  [J0406+3039] white noise for S-wide_PUPPI (575 TOAs)...
  [J0406+3039] white noise for L-wide_PUPPI (1871 TOAs)...
  [J0437-4715] zeroing residuals...
  [J0437-4715] adding red noise...
  [J0437-4715] white noise for 1.5GHz_YUPPI (2134 TOAs)...
  [J0437-4715] white noise for 3GHz_YUPPI (3696 TOAs)...
  [J0509+0856] zeroing residuals...
  [J0509+0856] adding red noise...
  [J0509+0856] white noise for S-wide_PUPPI (544 TOAs)...
  [J0509+0856] white noise for L-wide_PUPPI (1625 TOAs)...
  [J0557+1551] zeroing residuals...
  [J0557+1551] adding red noise...
  [J0557+1551] white noise for S-wide_PUPPI (58 TOAs)...
  [J0557+1551] white noise for L-wide_PUPPI (467 TOAs)...
  [J0605+3757] zeroing residuals...
  [J0605+3757] adding red noise...
  [J0605+3757] white noise for Rcvr_800_GUPPI (236 TOAs)...
  [J0605+3757] white noise for Rcvr1_2_GUPPI (318 TOAs)...
  [J0610-2100] zeroing residuals...
  [J0610-2100] adding red noise...
  [J0610-2100] white noise for Rcvr_800_GUPPI (2484 TOAs)...
  [J0610-2100] white noise for Rcvr1_2_GUPPI (2401 TOAs)...
  [J0613-0200] zeroing residuals...
  [J0613-0200] adding red noise...
  [J0613-0200] white noise for Rcvr_800_GUPPI (7900 TOAs)...
  [J0613-0200] white noise for Rcvr1_2_GASP (992 TOAs)...
  [J0613-0200] white noise for Rcvr_800_GASP (809 TOAs)...
  [J0613-0200] white noise for Rcvr1_2_GUPPI (7423 TOAs)...
  [J0636+5128] zeroing residuals...
  [J0636+5128] adding red noise...
  [J0636+5128] white noise for Rcvr_800_GUPPI (17419 TOAs)...
  [J0636+5128] white noise for Rcvr1_2_GUPPI (14803 TOAs)...
  [J0645+5158] zeroing residuals...
  [J0645+5158] adding red noise...
  [J0645+5158] white noise for Rcvr_800_GUPPI (4682 TOAs)...
  [J0645+5158] white noise for Rcvr1_2_GUPPI (5721 TOAs)...
  [J0709+0458] zeroing residuals...
  [J0709+0458] adding red noise...
  [J0709+0458] white noise for S-wide_PUPPI (595 TOAs)...
  [J0709+0458] white noise for L-wide_PUPPI (2435 TOAs)...
  [J0740+6620] zeroing residuals...
  [J0740+6620] adding red noise...
  [J0740+6620] white noise for Rcvr_800_GUPPI (5136 TOAs)...
  [J0740+6620] white noise for Rcvr1_2_GUPPI (8265 TOAs)...
  [J0931-1902] zeroing residuals...
  [J0931-1902] adding red noise...
  [J0931-1902] white noise for Rcvr_800_GUPPI (3419 TOAs)...
  [J0931-1902] white noise for Rcvr1_2_GUPPI (2054 TOAs)...
  [J1012+5307] zeroing residuals...
  [J1012+5307] adding red noise...
  [J1012+5307] white noise for Rcvr_800_GUPPI (10299 TOAs)...
  [J1012+5307] white noise for Rcvr1_2_GASP (1479 TOAs)...
  [J1012+5307] white noise for Rcvr_800_GASP (1210 TOAs)...
  [J1012+5307] white noise for Rcvr1_2_GUPPI (12849 TOAs)...
  [J1012-4235] zeroing residuals...
  [J1012-4235] adding red noise...
  [J1012-4235] white noise for Rcvr_800_GUPPI (342 TOAs)...
  [J1012-4235] white noise for Rcvr1_2_GUPPI (455 TOAs)...
  [J1022+1001] zeroing residuals...
  [J1022+1001] adding red noise...
  [J1022+1001] white noise for S-wide_PUPPI (1154 TOAs)...
  [J1022+1001] white noise for 430_PUPPI (232 TOAs)...
  [J1022+1001] white noise for L-wide_PUPPI (2592 TOAs)...
  [J1024-0719] zeroing residuals...
  [J1024-0719] adding red noise...
  [J1024-0719] white noise for Rcvr_800_GUPPI (5455 TOAs)...
  [J1024-0719] white noise for Rcvr1_2_GASP (43 TOAs)...
  [J1024-0719] white noise for Rcvr_800_GASP (51 TOAs)...
  [J1024-0719] white noise for Rcvr1_2_GUPPI (7086 TOAs)...
  [J1125+7819] zeroing residuals...
  [J1125+7819] adding red noise...
  [J1125+7819] white noise for Rcvr_800_GUPPI (4707 TOAs)...
  [J1125+7819] white noise for Rcvr1_2_GUPPI (4016 TOAs)...
  [J1312+0051] zeroing residuals...
  [J1312+0051] adding red noise...
  [J1312+0051] white noise for S-wide_PUPPI (416 TOAs)...
  [J1312+0051] white noise for L-wide_PUPPI (1289 TOAs)...
  [J1453+1902] zeroing residuals...
  [J1453+1902] adding red noise...
  [J1453+1902] white noise for S-wide_PUPPI (4 TOAs)...
  [J1453+1902] white noise for 430_PUPPI (425 TOAs)...
  [J1453+1902] white noise for L-wide_PUPPI (2122 TOAs)...
  [J1455-3330] zeroing residuals...
  [J1455-3330] adding red noise...
  [J1455-3330] white noise for Rcvr_800_GUPPI (4843 TOAs)...
  [J1455-3330] white noise for Rcvr1_2_GASP (564 TOAs)...
  [J1455-3330] white noise for Rcvr_800_GASP (479 TOAs)...
  [J1455-3330] white noise for Rcvr1_2_GUPPI (4932 TOAs)...
  [J1600-3053] zeroing residuals...
  [J1600-3053] adding red noise...
  [J1600-3053] white noise for Rcvr_800_GUPPI (8796 TOAs)...
  [J1600-3053] white noise for Rcvr1_2_GASP (457 TOAs)...
  [J1600-3053] white noise for Rcvr_800_GASP (297 TOAs)...
  [J1600-3053] white noise for 3GHz_YUPPI (3237 TOAs)...
  [J1600-3053] white noise for Rcvr1_2_GUPPI (10168 TOAs)...
  [J1614-2230] zeroing residuals...
  [J1614-2230] adding red noise...
  [J1614-2230] white noise for Rcvr_800_GUPPI (7768 TOAs)...
  [J1614-2230] white noise for Rcvr1_2_GASP (84 TOAs)...
  [J1614-2230] white noise for Rcvr_800_GASP (84 TOAs)...
  [J1614-2230] white noise for Rcvr1_2_GUPPI (10509 TOAs)...
  [J1630+3734] zeroing residuals...
  [J1630+3734] adding red noise...
  [J1630+3734] white noise for Rcvr_800_GUPPI (906 TOAs)...
  [J1630+3734] white noise for Rcvr1_2_GUPPI (909 TOAs)...
  [J1640+2224] zeroing residuals...
  [J1640+2224] adding red noise...
  [J1640+2224] white noise for L-wide_ASP (722 TOAs)...
  [J1640+2224] white noise for 430_ASP (340 TOAs)...
  [J1640+2224] white noise for L-wide_PUPPI (9847 TOAs)...
  [J1640+2224] white noise for 430_PUPPI (3157 TOAs)...
  [J1643-1224] zeroing residuals...
  [J1643-1224] adding red noise...
  [J1643-1224] white noise for Rcvr_800_GUPPI (7734 TOAs)...
  [J1643-1224] white noise for Rcvr1_2_GASP (833 TOAs)...
  [J1643-1224] white noise for Rcvr_800_GASP (559 TOAs)...
  [J1643-1224] white noise for 3GHz_YUPPI (4215 TOAs)...
  [J1643-1224] white noise for Rcvr1_2_GUPPI (8803 TOAs)...
  [J1705-1903] zeroing residuals...
  [J1705-1903] adding red noise...
  [J1705-1903] white noise for Rcvr_800_GUPPI (3521 TOAs)...
  [J1705-1903] white noise for Rcvr1_2_GUPPI (6350 TOAs)...
  [J1713+0747] zeroing residuals...
  [J1713+0747] adding red noise...
  [J1713+0747] white noise for L-wide_ASP (843 TOAs)...
  [J1713+0747] white noise for L-wide_PUPPI (12743 TOAs)...
  [J1713+0747] white noise for Rcvr_800_GUPPI (8479 TOAs)...
  [J1713+0747] white noise for Rcvr1_2_GASP (1109 TOAs)...
  [J1713+0747] white noise for S-wide_PUPPI (7482 TOAs)...
  [J1713+0747] white noise for 1.5GHz_YUPPI (1461 TOAs)...
  [J1713+0747] white noise for Rcvr_800_GASP (1032 TOAs)...
  [J1713+0747] white noise for 3GHz_YUPPI (3282 TOAs)...
  [J1713+0747] white noise for S-wide_ASP (624 TOAs)...
  [J1713+0747] white noise for Rcvr1_2_GUPPI (22334 TOAs)...
  [J1719-1438] zeroing residuals...
  [J1719-1438] adding red noise...
  [J1719-1438] white noise for Rcvr_800_GUPPI (3634 TOAs)...
  [J1719-1438] white noise for Rcvr1_2_GUPPI (2722 TOAs)...
  [J1730-2304] zeroing residuals...
  [J1730-2304] adding red noise...
  [J1730-2304] white noise for Rcvr_800_GUPPI (2503 TOAs)...
  [J1730-2304] white noise for Rcvr1_2_GUPPI (2367 TOAs)...
  [J1738+0333] zeroing residuals...
  [J1738+0333] adding red noise...
  [J1738+0333] white noise for L-wide_ASP (201 TOAs)...
  [J1738+0333] white noise for S-wide_PUPPI (1737 TOAs)...
  [J1738+0333] white noise for L-wide_PUPPI (6718 TOAs)...
  [J1738+0333] white noise for S-wide_ASP (134 TOAs)...
  [J1741+1351] zeroing residuals...
  [J1741+1351] adding red noise...
  [J1741+1351] white noise for L-wide_ASP (236 TOAs)...
  [J1741+1351] white noise for 430_PUPPI (1159 TOAs)...
  [J1741+1351] white noise for L-wide_PUPPI (4045 TOAs)...
  [J1741+1351] white noise for 430_ASP (27 TOAs)...
  [J1741+1351] white noise for S-wide_ASP (115 TOAs)...
  [J1744-1134] zeroing residuals...
  [J1744-1134] adding red noise...
  [J1744-1134] white noise for Rcvr_800_GUPPI (7899 TOAs)...
  [J1744-1134] white noise for Rcvr1_2_GASP (807 TOAs)...
  [J1744-1134] white noise for Rcvr_800_GASP (930 TOAs)...
  [J1744-1134] white noise for Rcvr1_2_GUPPI (8109 TOAs)...
  [J1745+1017] zeroing residuals...
  [J1745+1017] adding red noise...
  [J1745+1017] white noise for S-wide_PUPPI (838 TOAs)...
  [J1745+1017] white noise for L-wide_PUPPI (2179 TOAs)...
  [J1747-4036] zeroing residuals...
  [J1747-4036] adding red noise...
  [J1747-4036] white noise for Rcvr_800_GUPPI (5816 TOAs)...
  [J1747-4036] white noise for Rcvr1_2_GUPPI (5239 TOAs)...
  [J1751-2857] zeroing residuals...
  [J1751-2857] adding red noise...
  [J1751-2857] white noise for Rcvr_800_GUPPI (239 TOAs)...
  [J1751-2857] white noise for Rcvr1_2_GUPPI (1786 TOAs)...
  [J1802-2124] zeroing residuals...
  [J1802-2124] adding red noise...
  [J1802-2124] white noise for Rcvr_800_GUPPI (3565 TOAs)...
  [J1802-2124] white noise for Rcvr1_2_GUPPI (3231 TOAs)...
  [J1811-2405] zeroing residuals...
  [J1811-2405] adding red noise...
  [J1811-2405] white noise for Rcvr_800_GUPPI (2628 TOAs)...
  [J1811-2405] white noise for Rcvr1_2_GUPPI (2638 TOAs)...
  [J1832-0836] zeroing residuals...
  [J1832-0836] adding red noise...
  [J1832-0836] white noise for Rcvr_800_GUPPI (3078 TOAs)...
  [J1832-0836] white noise for Rcvr1_2_GUPPI (4661 TOAs)...
  [J1843-1113] zeroing residuals...
  [J1843-1113] adding red noise...
  [J1843-1113] white noise for Rcvr_800_GUPPI (2201 TOAs)...
  [J1843-1113] white noise for Rcvr1_2_GUPPI (2394 TOAs)...
  [J1853+1303] zeroing residuals...
  [J1853+1303] adding red noise...
  [J1853+1303] white noise for L-wide_ASP (33 TOAs)...
  [J1853+1303] white noise for 430_ASP (24 TOAs)...
  [J1853+1303] white noise for L-wide_PUPPI (3362 TOAs)...
  [J1853+1303] white noise for 430_PUPPI (1151 TOAs)...
  [J1903+0327] zeroing residuals...
  [J1903+0327] adding red noise...
  [J1903+0327] white noise for L-wide_ASP (139 TOAs)...
  [J1903+0327] white noise for L-wide_PUPPI (3845 TOAs)...
  [J1903+0327] white noise for S-wide_PUPPI (2282 TOAs)...
  [J1903+0327] white noise for S-wide_ASP (151 TOAs)...
  [J1903+0327] white noise for 3GHz_YUPPI (439 TOAs)...
  [J1909-3744] zeroing residuals...
  [J1909-3744] adding red noise...
  [J1909-3744] white noise for Rcvr_800_GUPPI (9399 TOAs)...
  [J1909-3744] white noise for Rcvr1_2_GASP (808 TOAs)...
  [J1909-3744] white noise for Rcvr_800_GASP (866 TOAs)...
  [J1909-3744] white noise for 3GHz_YUPPI (3525 TOAs)...
  [J1909-3744] white noise for Rcvr1_2_GUPPI (20439 TOAs)...
  [J1910+1256] zeroing residuals...
  [J1910+1256] adding red noise...
  [J1910+1256] white noise for L-wide_ASP (297 TOAs)...
  [J1910+1256] white noise for S-wide_PUPPI (1857 TOAs)...
  [J1910+1256] white noise for L-wide_PUPPI (4124 TOAs)...
  [J1910+1256] white noise for S-wide_ASP (208 TOAs)...
  [J1911+1347] zeroing residuals...
  [J1911+1347] adding red noise...
  [J1911+1347] white noise for 430_PUPPI (753 TOAs)...
  [J1911+1347] white noise for L-wide_PUPPI (3033 TOAs)...
  [J1918-0642] zeroing residuals...
  [J1918-0642] adding red noise...
  [J1918-0642] white noise for Rcvr_800_GUPPI (8352 TOAs)...
  [J1918-0642] white noise for Rcvr1_2_GASP (778 TOAs)...
  [J1918-0642] white noise for Rcvr_800_GASP (835 TOAs)...
  [J1918-0642] white noise for Rcvr1_2_GUPPI (8910 TOAs)...
  [J1923+2515] zeroing residuals...
  [J1923+2515] adding red noise...
  [J1923+2515] white noise for L-wide_ASP (14 TOAs)...
  [J1923+2515] white noise for 430_ASP (10 TOAs)...
  [J1923+2515] white noise for L-wide_PUPPI (3028 TOAs)...
  [J1923+2515] white noise for 430_PUPPI (922 TOAs)...
  [J1944+0907] zeroing residuals...
  [J1944+0907] adding red noise...
  [J1944+0907] white noise for L-wide_ASP (257 TOAs)...
  [J1944+0907] white noise for 430_PUPPI (1017 TOAs)...
  [J1944+0907] white noise for L-wide_PUPPI (3900 TOAs)...
  [J1944+0907] white noise for 430_ASP (38 TOAs)...
  [J1944+0907] white noise for S-wide_ASP (116 TOAs)...
  [J1946+3417] zeroing residuals...
  [J1946+3417] adding red noise...
  [J1946+3417] white noise for S-wide_PUPPI (1546 TOAs)...
  [J1946+3417] white noise for L-wide_PUPPI (3197 TOAs)...
  [J2010-1323] zeroing residuals...
  [J2010-1323] adding red noise...
  [J2010-1323] white noise for Rcvr_800_GUPPI (9158 TOAs)...
  [J2010-1323] white noise for Rcvr1_2_GASP (70 TOAs)...
  [J2010-1323] white noise for Rcvr_800_GASP (70 TOAs)...
  [J2010-1323] white noise for Rcvr1_2_GUPPI (7779 TOAs)...
  [J2017+0603] zeroing residuals...
  [J2017+0603] adding red noise...
  [J2017+0603] white noise for L-wide_ASP (16 TOAs)...
  [J2017+0603] white noise for S-wide_PUPPI (849 TOAs)...
  [J2017+0603] white noise for 430_PUPPI (78 TOAs)...
  [J2017+0603] white noise for L-wide_PUPPI (2569 TOAs)...
  [J2033+1734] zeroing residuals...
  [J2033+1734] adding red noise...
  [J2033+1734] white noise for 430_PUPPI (797 TOAs)...
  [J2033+1734] white noise for L-wide_PUPPI (3050 TOAs)...
  [J2043+1711] zeroing residuals...
  [J2043+1711] adding red noise...
  [J2043+1711] white noise for L-wide_ASP (40 TOAs)...
  [J2043+1711] white noise for 430_ASP (30 TOAs)...
  [J2043+1711] white noise for L-wide_PUPPI (4419 TOAs)...
  [J2043+1711] white noise for 430_PUPPI (2908 TOAs)...
  [J2124-3358] zeroing residuals...
  [J2124-3358] adding red noise...
  [J2124-3358] white noise for Rcvr_800_GUPPI (2025 TOAs)...
  [J2124-3358] white noise for Rcvr1_2_GUPPI (2957 TOAs)...
  [J2145-0750] zeroing residuals...
  [J2145-0750] adding red noise...
  [J2145-0750] white noise for Rcvr_800_GUPPI (8728 TOAs)...
  [J2145-0750] white noise for Rcvr1_2_GASP (427 TOAs)...
  [J2145-0750] white noise for Rcvr_800_GASP (362 TOAs)...
  [J2145-0750] white noise for Rcvr1_2_GUPPI (9158 TOAs)...
  [J2214+3000] zeroing residuals...
  [J2214+3000] adding red noise...
  [J2214+3000] white noise for L-wide_ASP (9 TOAs)...
  [J2214+3000] white noise for S-wide_PUPPI (1568 TOAs)...
  [J2214+3000] white noise for L-wide_PUPPI (5829 TOAs)...
  [J2229+2643] zeroing residuals...
  [J2229+2643] adding red noise...
  [J2229+2643] white noise for 430_PUPPI (956 TOAs)...
  [J2229+2643] white noise for L-wide_PUPPI (2755 TOAs)...
  [J2234+0611] zeroing residuals...
  [J2234+0611] adding red noise...
  [J2234+0611] white noise for 430_PUPPI (653 TOAs)...
  [J2234+0611] white noise for L-wide_PUPPI (2913 TOAs)...
  [J2234+0944] zeroing residuals...
  [J2234+0944] adding red noise...
  [J2234+0944] white noise for S-wide_PUPPI (2532 TOAs)...
  [J2234+0944] white noise for L-wide_PUPPI (5003 TOAs)...
  [J2302+4442] zeroing residuals...
  [J2302+4442] adding red noise...
  [J2302+4442] white noise for Rcvr_800_GUPPI (6432 TOAs)...
  [J2302+4442] white noise for Rcvr1_2_GUPPI (3779 TOAs)...
  [J2317+1439] zeroing residuals...
  [J2317+1439] adding red noise...
  [J2317+1439] white noise for 430_PUPPI (3217 TOAs)...
  [J2317+1439] white noise for L-wide_PUPPI (9563 TOAs)...
  [J2317+1439] white noise for 327_ASP (413 TOAs)...
  [J2317+1439] white noise for 430_ASP (458 TOAs)...
  [J2317+1439] white noise for 327_PUPPI (276 TOAs)...
  [J2322+2057] zeroing residuals...
  [J2322+2057] adding red noise...
  [J2322+2057] white noise for S-wide_PUPPI (140 TOAs)...
  [J2322+2057] white noise for 430_PUPPI (752 TOAs)...
  [J2322+2057] white noise for L-wide_PUPPI (2196 TOAs)...
Resetting pulsars to clean stoas...
Restore: 0.00 s
Inject: 0.00 s
Snapshotting into enterprise Pulsar objects...
Building PTA...
PTA build: 540.79 s
Computing optimal statistic...
OS time: 49.82 s
Total: 590.61 s
Noise-only SNR baseline: -0.7556

Generating SNR-consistent population...
Target SNR: 4.0
Resetting pulsars to clean stoas...
Restore: 0.01 s
Injecting population...
  B1855+09: RMS = 2227.662 ns
  B1937+21: RMS = 2459.325 ns
  B1953+29: RMS = 2766.011 ns
  J0023+0923: RMS = 3173.280 ns
  J0030+0451: RMS = 2880.098 ns
  J0340+4130: RMS = 1546.636 ns
  J0406+3039: RMS = 589.675 ns
  J0437-4715: RMS = 524.365 ns
  J0509+0856: RMS = 444.418 ns
  J0557+1551: RMS = 1049.402 ns
  J0605+3757: RMS = 494.117 ns
  J0610-2100: RMS = 1047.982 ns
  J0613-0200: RMS = 1558.530 ns
  J0636+5128: RMS = 432.829 ns
  J0645+5158: RMS = 579.855 ns
  J0709+0458: RMS = 2171.661 ns
  J0740+6620: RMS = 1186.024 ns
  J0931-1902: RMS = 1240.449 ns
  J1012+5307: RMS = 1170.890 ns
  J1012-4235: RMS = 149.847 ns
  J1022+1001: RMS = 2759.291 ns
  J1024-0719: RMS = 2444.839 ns
  J1125+7819: RMS = 2547.368 ns
  J1312+0051: RMS = 384.158 ns
  J1453+1902: RMS = 790.949 ns
  J1455-3330: RMS = 1365.796 ns
  J1600-3053: RMS = 2009.632 ns
  J1614-2230: RMS = 2566.632 ns
  J1630+3734: RMS = 2045.471 ns
  J1640+2224: RMS = 1118.145 ns
  J1643-1224: RMS = 1423.950 ns
  J1705-1903: RMS = 584.646 ns
  J1713+0747: RMS = 901.662 ns
  J1719-1438: RMS = 430.448 ns
  J1730-2304: RMS = 719.318 ns
  J1738+0333: RMS = 726.559 ns
  J1741+1351: RMS = 1546.727 ns
  J1744-1134: RMS = 1316.713 ns
  J1745+1017: RMS = 754.468 ns
  J1747-4036: RMS = 1658.943 ns
  J1751-2857: RMS = 550.556 ns
  J1802-2124: RMS = 397.518 ns
  J1811-2405: RMS = 592.858 ns
  J1832-0836: RMS = 950.904 ns
  J1843-1113: RMS = 229.078 ns
  J1853+1303: RMS = 3578.422 ns
  J1903+0327: RMS = 2505.707 ns
  J1909-3744: RMS = 2328.600 ns
  J1910+1256: RMS = 2748.826 ns
  J1911+1347: RMS = 3395.467 ns
  J1918-0642: RMS = 2361.611 ns
  J1923+2515: RMS = 3095.100 ns
  J1944+0907: RMS = 3312.174 ns
  J1946+3417: RMS = 2726.122 ns
  J2010-1323: RMS = 3546.700 ns
  J2017+0603: RMS = 2597.014 ns
  J2033+1734: RMS = 1952.385 ns
  J2043+1711: RMS = 2811.394 ns
  J2124-3358: RMS = 110.402 ns
  J2145-0750: RMS = 3540.453 ns
  J2214+3000: RMS = 1372.018 ns
  J2229+2643: RMS = 410.229 ns
  J2234+0611: RMS = 1379.980 ns
  J2234+0944: RMS = 768.348 ns
  J2302+4442: RMS = 1501.602 ns
  J2317+1439: RMS = 2098.347 ns
  J2322+2057: RMS = 362.632 ns
Inject: 1.02 s
Snapshotting into enterprise Pulsar objects...
Building PTA...
PTA build: 542.21 s
Computing optimal statistic...
OS time: 44.31 s
Total: 587.55 s
Initial SNR: 57.9394, Target SNR: 4.0000
  Initial SNR 57.9394 outside of provided SNR_range [3.5, 4.25] — rescaling.
Scaling distances by factor 3.5132 to achieve target SNR...
Resetting pulsars to clean stoas...
Restore: 0.00 s
Injecting population...
  B1855+09: RMS = 634.088 ns
  B1937+21: RMS = 700.029 ns
  B1953+29: RMS = 787.325 ns
  J0023+0923: RMS = 903.252 ns
  J0030+0451: RMS = 819.800 ns
  J0340+4130: RMS = 440.239 ns
  J0406+3039: RMS = 167.847 ns
  J0437-4715: RMS = 149.257 ns
  J0509+0856: RMS = 126.500 ns
  J0557+1551: RMS = 298.705 ns
  J0605+3757: RMS = 140.647 ns
  J0610-2100: RMS = 298.301 ns
  J0613-0200: RMS = 443.625 ns
  J0636+5128: RMS = 123.202 ns
  J0645+5158: RMS = 165.052 ns
  J0709+0458: RMS = 618.148 ns
  J0740+6620: RMS = 337.593 ns
  J0931-1902: RMS = 353.085 ns
  J1012+5307: RMS = 333.286 ns
  J1012-4235: RMS = 42.653 ns
  J1022+1001: RMS = 785.413 ns
  J1024-0719: RMS = 695.906 ns
  J1125+7819: RMS = 725.090 ns
  J1312+0051: RMS = 109.348 ns
  J1453+1902: RMS = 225.138 ns
  J1455-3330: RMS = 388.764 ns
  J1600-3053: RMS = 572.028 ns
  J1614-2230: RMS = 730.574 ns
  J1630+3734: RMS = 582.229 ns
  J1640+2224: RMS = 318.272 ns
  J1643-1224: RMS = 405.317 ns
  J1705-1903: RMS = 166.415 ns
  J1713+0747: RMS = 256.652 ns
  J1719-1438: RMS = 122.524 ns
  J1730-2304: RMS = 204.749 ns
  J1738+0333: RMS = 206.810 ns
  J1741+1351: RMS = 440.265 ns
  J1744-1134: RMS = 374.793 ns
  J1745+1017: RMS = 214.754 ns
  J1747-4036: RMS = 472.206 ns
  J1751-2857: RMS = 156.712 ns
  J1802-2124: RMS = 113.151 ns
  J1811-2405: RMS = 168.753 ns
  J1832-0836: RMS = 270.668 ns
  J1843-1113: RMS = 65.205 ns
  J1853+1303: RMS = 1018.573 ns
  J1903+0327: RMS = 713.232 ns
  J1909-3744: RMS = 662.819 ns
  J1910+1256: RMS = 782.434 ns
  J1911+1347: RMS = 966.496 ns
  J1918-0642: RMS = 672.216 ns
  J1923+2515: RMS = 880.998 ns
  J1944+0907: RMS = 942.787 ns
  J1946+3417: RMS = 775.971 ns
  J2010-1323: RMS = 1009.543 ns
  J2017+0603: RMS = 739.222 ns
  J2033+1734: RMS = 555.733 ns
  J2043+1711: RMS = 800.243 ns
  J2124-3358: RMS = 31.425 ns
  J2145-0750: RMS = 1007.765 ns
  J2214+3000: RMS = 390.535 ns
  J2229+2643: RMS = 116.769 ns
  J2234+0611: RMS = 392.801 ns
  J2234+0944: RMS = 218.705 ns
  J2302+4442: RMS = 427.420 ns
  J2317+1439: RMS = 597.280 ns
  J2322+2057: RMS = 103.221 ns
Inject: 0.79 s
Snapshotting into enterprise Pulsar objects...
Building PTA...
PTA build: 530.05 s
Computing optimal statistic...
OS time: 44.95 s
Total: 575.81 s
  SNR 4.5461 outside of provided SNR_range [3.5, 4.25] — rescaling.
[Iteration 1/4] SNR after scaling: 4.5461 (target: 4.0000)
  SNR history: it0→57.9394@1.0000x, it1→4.5461@3.5132x
  Re-scaling distances by factor 1.0585  (cumulative after: 3.7185×)
Resetting pulsars to clean stoas...
Restore: 0.00 s
Injecting population...
  B1855+09: RMS = 599.071 ns
  B1937+21: RMS = 661.371 ns
  B1953+29: RMS = 743.846 ns
  J0023+0923: RMS = 853.371 ns
  J0030+0451: RMS = 774.527 ns
  J0340+4130: RMS = 415.927 ns
  J0406+3039: RMS = 158.578 ns
  J0437-4715: RMS = 141.014 ns
  J0509+0856: RMS = 119.515 ns
  J0557+1551: RMS = 282.209 ns
  J0605+3757: RMS = 132.880 ns
  J0610-2100: RMS = 281.827 ns
  J0613-0200: RMS = 419.126 ns
  J0636+5128: RMS = 116.398 ns
  J0645+5158: RMS = 155.937 ns
  J0709+0458: RMS = 584.011 ns
  J0740+6620: RMS = 318.950 ns
  J0931-1902: RMS = 333.586 ns
  J1012+5307: RMS = 314.880 ns
  J1012-4235: RMS = 40.297 ns
  J1022+1001: RMS = 742.039 ns
  J1024-0719: RMS = 657.475 ns
  J1125+7819: RMS = 685.048 ns
  J1312+0051: RMS = 103.309 ns
  J1453+1902: RMS = 212.705 ns
  J1455-3330: RMS = 367.295 ns
  J1600-3053: RMS = 540.438 ns
  J1614-2230: RMS = 690.228 ns
  J1630+3734: RMS = 550.076 ns
  J1640+2224: RMS = 300.696 ns
  J1643-1224: RMS = 382.934 ns
  J1705-1903: RMS = 157.225 ns
  J1713+0747: RMS = 242.478 ns
  J1719-1438: RMS = 115.758 ns
  J1730-2304: RMS = 193.442 ns
  J1738+0333: RMS = 195.389 ns
  J1741+1351: RMS = 415.952 ns
  J1744-1134: RMS = 354.095 ns
  J1745+1017: RMS = 202.894 ns
  J1747-4036: RMS = 446.129 ns
  J1751-2857: RMS = 148.058 ns
  J1802-2124: RMS = 106.902 ns
  J1811-2405: RMS = 159.434 ns
  J1832-0836: RMS = 255.721 ns
  J1843-1113: RMS = 61.605 ns
  J1853+1303: RMS = 962.323 ns
  J1903+0327: RMS = 673.844 ns
  J1909-3744: RMS = 626.216 ns
  J1910+1256: RMS = 739.225 ns
  J1911+1347: RMS = 913.122 ns
  J1918-0642: RMS = 635.093 ns
  J1923+2515: RMS = 832.346 ns
  J1944+0907: RMS = 890.722 ns
  J1946+3417: RMS = 733.119 ns
  J2010-1323: RMS = 953.792 ns
  J2017+0603: RMS = 698.399 ns
  J2033+1734: RMS = 525.043 ns
  J2043+1711: RMS = 756.051 ns
  J2124-3358: RMS = 29.690 ns
  J2145-0750: RMS = 952.112 ns
  J2214+3000: RMS = 368.968 ns
  J2229+2643: RMS = 110.320 ns
  J2234+0611: RMS = 371.109 ns
  J2234+0944: RMS = 206.627 ns
  J2302+4442: RMS = 403.816 ns
  J2317+1439: RMS = 564.295 ns
  J2322+2057: RMS = 97.520 ns
Inject: 0.83 s
Snapshotting into enterprise Pulsar objects...
Building PTA...
PTA build: 541.54 s
Computing optimal statistic...
OS time: 50.41 s
Total: 592.78 s
  ✓ SNR is within the provided SNR_range: 4.0149 ∈ [3.5, 4.25]

Final SNR history:
  it 0: cumulative_scale=1.0000×  SNR=57.9394
  it 1: cumulative_scale=3.5132×  SNR=4.5461
  it 2: cumulative_scale=3.7185×  SNR=4.0149
✓ Simulation 1 done (1759.7 s)

======================================================================
ENSEMBLE SUMMARY
======================================================================
Success rate: 100.0% (1/1)

Binaries per population:
  Mean ± std : 20000 ± 0
  Range      : [20000, 20000]

SNR achieved:
  Mean ± std : 4.0149 ± 0.0000
  Range      : [4.0149, 4.0149]

Total time: 2392.6 s (39.9 min)
======================================================================

💾 Saved: data/2026-04-29/realistic_run_220/consistent_population_realistic_targetSNR4.25_sims1.json
💾 Saved compressed pickle: data/2026-04-29/realistic_run_220/consistent_population_realistic_targetSNR4.25_sims1.pkl.gz

======================================================================
CONTINUOUS WAVE SNR ANALYSIS
======================================================================

--- Population 1 ---
Precomputation of phiinvs, TNTs, Ts, Nvecs, Sigmas took 0.05 seconds.
Total SNR computation for population took 478.41 seconds.
Top 50 CGW candidates:
   1. proxy_rank=   3  sky_w=1.13  f=4.07e-09 Hz  Mc=4.60e+10 Msun  h0=9.65e-15  SNR=3.986
   2. proxy_rank=  59  sky_w=1.50  f=8.17e-09 Hz  Mc=1.35e+10 Msun  h0=1.94e-15  SNR=2.526
   3. proxy_rank=  17  sky_w=1.48  f=4.34e-09 Hz  Mc=1.76e+10 Msun  h0=2.05e-15  SNR=2.249
   4. proxy_rank=  45  sky_w=1.07  f=4.59e-09 Hz  Mc=1.66e+10 Msun  h0=1.89e-15  SNR=2.179
   5. proxy_rank=   1  sky_w=1.48  f=2.33e-09 Hz  Mc=4.18e+10 Msun  h0=5.47e-15  SNR=2.151
   6. proxy_rank=  49  sky_w=1.58  f=5.07e-09 Hz  Mc=1.05e+10 Msun  h0=1.29e-15  SNR=2.114
   7. proxy_rank=   5  sky_w=1.12  f=2.86e-09 Hz  Mc=3.27e+10 Msun  h0=4.17e-15  SNR=1.758
   8. proxy_rank=   6  sky_w=1.36  f=3.11e-09 Hz  Mc=4.51e+09 Msun  h0=2.87e-15  SNR=1.707
   9. proxy_rank= 118  sky_w=0.86  f=6.96e-09 Hz  Mc=1.23e+10 Msun  h0=1.72e-15  SNR=1.691
  10. proxy_rank=   4  sky_w=1.55  f=2.37e-09 Hz  Mc=2.57e+10 Msun  h0=3.35e-15  SNR=1.667
  11. proxy_rank=  94  sky_w=0.76  f=9.21e-09 Hz  Mc=1.12e+10 Msun  h0=3.15e-15  SNR=1.552
  12. proxy_rank=  61  sky_w=1.34  f=4.96e-09 Hz  Mc=1.09e+10 Msun  h0=1.32e-15  SNR=1.402
  13. proxy_rank=  42  sky_w=0.78  f=3.91e-09 Hz  Mc=1.98e+10 Msun  h0=2.30e-15  SNR=1.342
  14. proxy_rank=   2  sky_w=1.20  f=2.06e-09 Hz  Mc=4.17e+10 Msun  h0=5.65e-15  SNR=1.287
  15. proxy_rank=  70  sky_w=1.03  f=5.91e-09 Hz  Mc=1.41e+10 Msun  h0=1.84e-15  SNR=1.266
  16. proxy_rank= 130  sky_w=1.34  f=5.07e-09 Hz  Mc=9.10e+09 Msun  h0=7.60e-16  SNR=1.178
  17. proxy_rank=  60  sky_w=1.15  f=4.04e-09 Hz  Mc=8.29e+09 Msun  h0=1.25e-15  SNR=1.177
  18. proxy_rank= 471  sky_w=1.18  f=1.49e-08 Hz  Mc=5.59e+09 Msun  h0=6.57e-16  SNR=1.149
  19. proxy_rank=   8  sky_w=1.16  f=2.29e-09 Hz  Mc=2.34e+10 Msun  h0=2.08e-15  SNR=1.146
  20. proxy_rank=  14  sky_w=0.81  f=2.94e-09 Hz  Mc=2.52e+10 Msun  h0=2.88e-15  SNR=1.046
  21. proxy_rank= 144  sky_w=0.61  f=5.38e-09 Hz  Mc=1.42e+10 Msun  h0=1.63e-15  SNR=1.035
  22. proxy_rank=  13  sky_w=1.08  f=3.10e-09 Hz  Mc=2.07e+10 Msun  h0=2.38e-15  SNR=0.996
  23. proxy_rank= 391  sky_w=0.67  f=1.09e-08 Hz  Mc=8.15e+09 Msun  h0=1.01e-15  SNR=0.955
  24. proxy_rank=  18  sky_w=1.33  f=2.84e-09 Hz  Mc=1.78e+10 Msun  h0=1.49e-15  SNR=0.952
  25. proxy_rank= 145  sky_w=0.55  f=4.62e-09 Hz  Mc=1.50e+10 Msun  h0=1.56e-15  SNR=0.932
  26. proxy_rank=  10  sky_w=1.06  f=2.38e-09 Hz  Mc=2.12e+10 Msun  h0=2.16e-15  SNR=0.925
  27. proxy_rank=  95  sky_w=1.20  f=4.53e-09 Hz  Mc=8.65e+09 Msun  h0=9.55e-16  SNR=0.896
  28. proxy_rank=  39  sky_w=1.25  f=3.87e-09 Hz  Mc=1.55e+10 Msun  h0=1.49e-15  SNR=0.879
  29. proxy_rank=  63  sky_w=1.24  f=3.78e-09 Hz  Mc=1.00e+10 Msun  h0=1.04e-15  SNR=0.876
  30. proxy_rank=  86  sky_w=0.84  f=3.73e-09 Hz  Mc=1.29e+10 Msun  h0=1.22e-15  SNR=0.862
  31. proxy_rank=  38  sky_w=1.54  f=4.05e-09 Hz  Mc=1.14e+10 Msun  h0=1.34e-15  SNR=0.855
  32. proxy_rank= 146  sky_w=1.22  f=8.40e-09 Hz  Mc=1.04e+10 Msun  h0=1.26e-15  SNR=0.823
  33. proxy_rank= 104  sky_w=1.39  f=4.63e-09 Hz  Mc=7.09e+09 Msun  h0=7.96e-16  SNR=0.815
  34. proxy_rank= 121  sky_w=0.85  f=4.41e-09 Hz  Mc=1.13e+10 Msun  h0=1.09e-15  SNR=0.814
  35. proxy_rank=  47  sky_w=1.38  f=4.65e-09 Hz  Mc=1.27e+10 Msun  h0=1.43e-15  SNR=0.813
  36. proxy_rank=  71  sky_w=1.53  f=3.38e-09 Hz  Mc=7.68e+09 Msun  h0=7.07e-16  SNR=0.787
  37. proxy_rank=  93  sky_w=0.61  f=3.71e-09 Hz  Mc=1.11e+10 Msun  h0=1.59e-15  SNR=0.772
  38. proxy_rank= 503  sky_w=0.80  f=1.15e-08 Hz  Mc=4.99e+09 Msun  h0=6.92e-16  SNR=0.761
  39. proxy_rank= 196  sky_w=0.50  f=4.99e-09 Hz  Mc=1.22e+10 Msun  h0=1.34e-15  SNR=0.750
  40. proxy_rank= 443  sky_w=1.38  f=1.15e-08 Hz  Mc=4.73e+09 Msun  h0=4.57e-16  SNR=0.740
  41. proxy_rank= 212  sky_w=0.88  f=4.91e-09 Hz  Mc=8.89e+09 Msun  h0=6.98e-16  SNR=0.728
  42. proxy_rank=  98  sky_w=1.05  f=3.51e-09 Hz  Mc=1.05e+10 Msun  h0=8.28e-16  SNR=0.725
  43. proxy_rank=  20  sky_w=1.08  f=2.66e-09 Hz  Mc=1.80e+10 Msun  h0=1.69e-15  SNR=0.706
  44. proxy_rank= 154  sky_w=0.66  f=4.63e-09 Hz  Mc=1.22e+10 Msun  h0=1.20e-15  SNR=0.675
  45. proxy_rank= 402  sky_w=1.26  f=1.28e-08 Hz  Mc=5.68e+09 Msun  h0=6.18e-16  SNR=0.655
  46. proxy_rank= 420  sky_w=1.39  f=7.81e-09 Hz  Mc=4.71e+09 Msun  h0=3.22e-16  SNR=0.638
  47. proxy_rank=  12  sky_w=1.62  f=1.99e-09 Hz  Mc=1.59e+10 Msun  h0=1.03e-15  SNR=0.615
  48. proxy_rank= 215  sky_w=1.31  f=4.96e-09 Hz  Mc=6.66e+09 Msun  h0=4.61e-16  SNR=0.614
  49. proxy_rank=  11  sky_w=1.33  f=2.22e-09 Hz  Mc=1.90e+10 Msun  h0=1.41e-15  SNR=0.611
  50. proxy_rank=  67  sky_w=1.13  f=3.15e-09 Hz  Mc=1.16e+10 Msun  h0=9.23e-16  SNR=0.602
💾 Saved: data/2026-04-29/realistic_run_220/consistent_population_realistic_targetSNR4.25_sims1.json
💾 Saved compressed pickle: data/2026-04-29/realistic_run_220/consistent_population_realistic_targetSNR4.25_sims1.pkl.gz
Saved to figures/cgw_analysis_realistic.pdf

======================================================================
ANALYSIS COMPLETE
Results saved to: data/2026-04-29/realistic_run_220
======================================================================

==========================================
Job finished at: Wed Apr 29 14:36:19 AEST 2026
Exit code: 0
==========================================

+------------------ Job Report: 11738505 (COMPLETED) ------------------+
| Memory (RAM)  [################### ] 99.8% (31.9 GB peak / 32 GB)    |
| CPU           [##############      ] 73.0% average                   |
| Time          [------------>       ] 64.0% (0-00:51:12 / 0-01:20:00) |
|                                                                      |
| Lustre Filesystem:                                                   |
|   Path    Total Read    Total Write      Total IOPS                  |
|   ------  ------------  -------------  ------------                  |
|   /apps   0 B           0 B                     25                   |
|   /fred   92 KB         6.4 MB                 105                   |
|   /home   16 KB         0 B                    542                   |
|   OS      0 B           0 B                      2                   |
|                                                                      |
| Warnings:                                                            |
|   - CPU usage is low                                                 |
|   - Too much time requested                                          |
+----------------------------------------------------------------------+
