==========================================
Job ID: 11717520
Job Name: smbhb_optimistic
Node: dave305
Start Time: Tue Apr 28 16:12:19 AEST 2026
==========================================

/home/bhoulden/.conda/envs/smbhb312/share/tempo2
Working directory: /fred/oz005/users/bhoulden/SMBHB_population_injections

Loaded modules:

Starting SMBHB analysis...
==========================================

📁 Save directory: data/2026-04-28/optimistic_run_5
📝 Run name: optimistic_run_5

[MEM] Start: 244.7 MB

📡 Loading pulsars...
======================================================================
LOADING NANOGRAV PULSARS (libstempo)
======================================================================

📦 Loading from cache: nanograv_pulsars_cache.pkl
⚠ Cache load failed: Ran out of input
[DEBUG] Found 76 .par files
[tempo2Util.C:396] Warning: [MISC1] Unknown parameter in par file:  DMDATA
[tempo2Util.C:401] Warning: [DUP1] duplicated warnings have been suppressed.

WARNING: Using tempo RNAMP parameter: setting TNRedC to 100!
[observatory.C:271] Warning: Assuming site 'arecibo' means 'ao'
✓ Loaded B1855+09 (7758 TOAs)

WARNING: Using tempo RNAMP parameter: setting TNRedC to 100!
✓ Loaded B1937+21 (23023 TOAs)

WARNING: Using tempo RNAMP parameter: setting TNRedC to 100!
✓ Loaded B1937+21ao (7241 TOAs)

WARNING: Using tempo RNAMP parameter: setting TNRedC to 100!
✓ Loaded B1937+21gbt (16048 TOAs)

WARNING: Using tempo RNAMP parameter: setting TNRedC to 100!
✓ Loaded B1953+29 (5126 TOAs)
✓ Loaded J0023+0923 (15896 TOAs)

WARNING: Using tempo RNAMP parameter: setting TNRedC to 100!
✓ Loaded J0030+0451 (19571 TOAs)
✓ Loaded J0340+4130 (11093 TOAs)
✓ Loaded J0406+3039 (2446 TOAs)

WARNING: Using tempo RNAMP parameter: setting TNRedC to 100!
✓ Loaded J0437-4715 (5830 TOAs)
✓ Loaded J0509+0856 (2169 TOAs)
✓ Loaded J0557+1551 (525 TOAs)
✓ Loaded J0605+3757 (554 TOAs)

WARNING: Using tempo RNAMP parameter: setting TNRedC to 100!
✓ Loaded J0610-2100 (4885 TOAs)

WARNING: Using tempo RNAMP parameter: setting TNRedC to 100!
✓ Loaded J0613-0200 (17124 TOAs)
✓ Loaded J0614-3329 (1714 TOAs)
✓ Loaded J0636+5128 (32222 TOAs)
✓ Loaded J0645+5158 (10403 TOAs)
✓ Loaded J0709+0458 (3030 TOAs)
✓ Loaded J0740+6620 (13401 TOAs)
✓ Loaded J0931-1902 (5473 TOAs)

WARNING: Using tempo RNAMP parameter: setting TNRedC to 100!
✓ Loaded J1012+5307 (25837 TOAs)
✓ Loaded J1012-4235 (797 TOAs)
✓ Loaded J1022+1001 (3978 TOAs)
✓ Loaded J1024-0719 (12635 TOAs)
✓ Loaded J1125+7819 (8723 TOAs)
✓ Loaded J1312+0051 (1705 TOAs)
✓ Loaded J1453+1902 (2551 TOAs)
✓ Loaded J1455-3330 (10818 TOAs)

WARNING: Using tempo RNAMP parameter: setting TNRedC to 100!
✓ Loaded J1600-3053 (22955 TOAs)

WARNING: Using tempo RNAMP parameter: setting TNRedC to 100!
✓ Loaded J1600-3053gbt (19725 TOAs)

WARNING: Using tempo RNAMP parameter: setting TNRedC to 100!
✓ Loaded J1614-2230 (18445 TOAs)
✓ Loaded J1630+3734 (1815 TOAs)
✓ Loaded J1640+2224 (14066 TOAs)

WARNING: Using tempo RNAMP parameter: setting TNRedC to 100!
✓ Loaded J1643-1224 (22144 TOAs)

WARNING: Using tempo RNAMP parameter: setting TNRedC to 100!
✓ Loaded J1643-1224gbt (17932 TOAs)

WARNING: Using tempo RNAMP parameter: setting TNRedC to 100!
✓ Loaded J1705-1903 (9871 TOAs)

WARNING: Using tempo RNAMP parameter: setting TNRedC to 100!
✓ Loaded J1713+0747 (59389 TOAs)

WARNING: Using tempo RNAMP parameter: setting TNRedC to 100!
✓ Loaded J1713+0747ao (21362 TOAs)

WARNING: Using tempo RNAMP parameter: setting TNRedC to 100!
✓ Loaded J1713+0747gbt (32963 TOAs)
✓ Loaded J1719-1438 (6356 TOAs)
✓ Loaded J1730-2304 (4870 TOAs)
✓ Loaded J1738+0333 (8790 TOAs)
✓ Loaded J1741+1351 (5582 TOAs)

WARNING: Using tempo RNAMP parameter: setting TNRedC to 100!
✓ Loaded J1744-1134 (17745 TOAs)

WARNING: Using tempo RNAMP parameter: setting TNRedC to 100!
✓ Loaded J1745+1017 (3017 TOAs)

WARNING: Using tempo RNAMP parameter: setting TNRedC to 100!
✓ Loaded J1747-4036 (11055 TOAs)
✓ Loaded J1751-2857 (2025 TOAs)

WARNING: Using tempo RNAMP parameter: setting TNRedC to 100!
✓ Loaded J1802-2124 (6796 TOAs)
✓ Loaded J1811-2405 (5266 TOAs)
✓ Loaded J1832-0836 (7739 TOAs)
✓ Loaded J1843-1113 (4595 TOAs)

WARNING: Using tempo RNAMP parameter: setting TNRedC to 100!
✓ Loaded J1853+1303 (4570 TOAs)

WARNING: Using tempo RNAMP parameter: setting TNRedC to 100!
✓ Loaded J1903+0327 (6856 TOAs)

WARNING: Using tempo RNAMP parameter: setting TNRedC to 100!
✓ Loaded J1903+0327ao (6423 TOAs)

WARNING: Using tempo RNAMP parameter: setting TNRedC to 100!
✓ Loaded J1909-3744 (35037 TOAs)

WARNING: Using tempo RNAMP parameter: setting TNRedC to 100!
✓ Loaded J1909-3744gbt (31526 TOAs)
✓ Loaded J1910+1256 (6486 TOAs)
✓ Loaded J1911+1347 (3786 TOAs)
✓ Loaded J1918-0642 (18875 TOAs)
✓ Loaded J1923+2515 (3974 TOAs)
✓ Loaded J1944+0907 (5328 TOAs)

WARNING: Using tempo RNAMP parameter: setting TNRedC to 100!
✓ Loaded J1946+3417 (4743 TOAs)
✓ Loaded J2010-1323 (17077 TOAs)
✓ Loaded J2017+0603 (3512 TOAs)
✓ Loaded J2033+1734 (3847 TOAs)
✓ Loaded J2043+1711 (7397 TOAs)
✓ Loaded J2124-3358 (4982 TOAs)

WARNING: Using tempo RNAMP parameter: setting TNRedC to 100!
✓ Loaded J2145-0750 (18675 TOAs)
✓ Loaded J2214+3000 (7406 TOAs)
✓ Loaded J2229+2643 (3711 TOAs)

WARNING: Using tempo RNAMP parameter: setting TNRedC to 100!
✓ Loaded J2234+0611 (3566 TOAs)
✓ Loaded J2234+0944 (7535 TOAs)
✓ Loaded J2302+4442 (10211 TOAs)
✓ Loaded J2317+1439 (13927 TOAs)
✓ Loaded J2322+2057 (3088 TOAs)
⚠ Could not save cache: no default __reduce__ due to non-trivial __cinit__

✓ Loaded 76 pulsars
✗ Failed: 0 — []
[MEM] After loading pulsars: 8866.7 MB

🔍 Filtering pulsars...

Filtered: 76 → 67 pulsars
[MEM] After filtering pulsars: 8867.7 MB
[MEM] After garbage collection: 8867.7 MB

======================================================================
SMBHB POPULATION ANALYSIS
======================================================================

Configuration: optimistic
  Larger mass, higher spread in distance, small population
  N_binaries: 500

======================================================================
CONSISTENT POPULATION SYNTHESIS
======================================================================

======================================================================
GENERATING SNR-CONSISTENT POPULATIONS
======================================================================
Target SNR:          4.0
Simulations:         1
======================================================================


──────────────────────────────────────────────────────────────────────
SIMULATION 1/1
──────────────────────────────────────────────────────────────────────
  [B1855+09] zeroing residuals...
  [B1855+09] adding red noise...
  [B1855+09] white noise for L-wide_ASP (1178 TOAs)...
  [B1855+09] white noise for 430_PUPPI (1185 TOAs)...
  [B1855+09] white noise for L-wide_PUPPI (5005 TOAs)...
  [B1855+09] white noise for 430_ASP (390 TOAs)...
  [B1937+21] zeroing residuals...
  [B1937+21] adding red noise...
  [B1937+21] white noise for Rcvr1_2_GASP (1069 TOAs)...
  [B1937+21] white noise for S-wide_ASP (344 TOAs)...
  [B1937+21] white noise for L-wide_ASP (452 TOAs)...
  [B1937+21] white noise for Rcvr_800_GUPPI (7140 TOAs)...
  [B1937+21] white noise for Rcvr1_2_GUPPI (7048 TOAs)...
  [B1937+21] white noise for L-wide_PUPPI (4133 TOAs)...
  [B1937+21] white noise for Rcvr_800_GASP (586 TOAs)...
  [B1937+21] white noise for S-wide_PUPPI (2251 TOAs)...
  [B1953+29] zeroing residuals...
  [B1953+29] adding red noise...
  [B1953+29] white noise for S-wide_ASP (25 TOAs)...
  [B1953+29] white noise for L-wide_ASP (94 TOAs)...
  [B1953+29] white noise for L-wide_PUPPI (4037 TOAs)...
  [B1953+29] white noise for 430_PUPPI (941 TOAs)...
  [B1953+29] white noise for 430_ASP (29 TOAs)...
  [J0023+0923] zeroing residuals...
  [J0023+0923] adding red noise...
  [J0023+0923] white noise for L-wide_ASP (119 TOAs)...
  [J0023+0923] white noise for 430_PUPPI (4564 TOAs)...
  [J0023+0923] white noise for L-wide_PUPPI (11123 TOAs)...
  [J0023+0923] white noise for 430_ASP (90 TOAs)...
  [J0030+0451] zeroing residuals...
  [J0030+0451] adding red noise...
  [J0030+0451] white noise for L-wide_ASP (789 TOAs)...
  [J0030+0451] white noise for L-wide_PUPPI (12774 TOAs)...
  [J0030+0451] white noise for 430_PUPPI (3068 TOAs)...
  [J0030+0451] white noise for S-wide_PUPPI (2673 TOAs)...
  [J0030+0451] white noise for 430_ASP (267 TOAs)...
  [J0340+4130] zeroing residuals...
  [J0340+4130] adding red noise...
  [J0340+4130] white noise for Rcvr_800_GUPPI (6056 TOAs)...
  [J0340+4130] white noise for Rcvr1_2_GUPPI (5037 TOAs)...
  [J0406+3039] zeroing residuals...
  [J0406+3039] adding red noise...
  [J0406+3039] white noise for L-wide_PUPPI (1871 TOAs)...
  [J0406+3039] white noise for S-wide_PUPPI (575 TOAs)...
  [J0437-4715] zeroing residuals...
  [J0437-4715] adding red noise...
  [J0437-4715] white noise for 3GHz_YUPPI (3696 TOAs)...
  [J0437-4715] white noise for 1.5GHz_YUPPI (2134 TOAs)...
  [J0509+0856] zeroing residuals...
  [J0509+0856] adding red noise...
  [J0509+0856] white noise for L-wide_PUPPI (1625 TOAs)...
  [J0509+0856] white noise for S-wide_PUPPI (544 TOAs)...
  [J0557+1551] zeroing residuals...
  [J0557+1551] adding red noise...
  [J0557+1551] white noise for L-wide_PUPPI (467 TOAs)...
  [J0557+1551] white noise for S-wide_PUPPI (58 TOAs)...
  [J0605+3757] zeroing residuals...
  [J0605+3757] adding red noise...
  [J0605+3757] white noise for Rcvr_800_GUPPI (236 TOAs)...
  [J0605+3757] white noise for Rcvr1_2_GUPPI (318 TOAs)...
  [J0610-2100] zeroing residuals...
  [J0610-2100] adding red noise...
  [J0610-2100] white noise for Rcvr_800_GUPPI (2484 TOAs)...
  [J0610-2100] white noise for Rcvr1_2_GUPPI (2401 TOAs)...
  [J0613-0200] zeroing residuals...
  [J0613-0200] adding red noise...
  [J0613-0200] white noise for Rcvr1_2_GASP (992 TOAs)...
  [J0613-0200] white noise for Rcvr_800_GUPPI (7900 TOAs)...
  [J0613-0200] white noise for Rcvr1_2_GUPPI (7423 TOAs)...
  [J0613-0200] white noise for Rcvr_800_GASP (809 TOAs)...
  [J0636+5128] zeroing residuals...
  [J0636+5128] adding red noise...
  [J0636+5128] white noise for Rcvr_800_GUPPI (17419 TOAs)...
  [J0636+5128] white noise for Rcvr1_2_GUPPI (14803 TOAs)...
  [J0645+5158] zeroing residuals...
  [J0645+5158] adding red noise...
  [J0645+5158] white noise for Rcvr_800_GUPPI (4682 TOAs)...
  [J0645+5158] white noise for Rcvr1_2_GUPPI (5721 TOAs)...
  [J0709+0458] zeroing residuals...
  [J0709+0458] adding red noise...
  [J0709+0458] white noise for L-wide_PUPPI (2435 TOAs)...
  [J0709+0458] white noise for S-wide_PUPPI (595 TOAs)...
  [J0740+6620] zeroing residuals...
  [J0740+6620] adding red noise...
  [J0740+6620] white noise for Rcvr_800_GUPPI (5136 TOAs)...
  [J0740+6620] white noise for Rcvr1_2_GUPPI (8265 TOAs)...
  [J0931-1902] zeroing residuals...
  [J0931-1902] adding red noise...
  [J0931-1902] white noise for Rcvr_800_GUPPI (3419 TOAs)...
  [J0931-1902] white noise for Rcvr1_2_GUPPI (2054 TOAs)...
  [J1012+5307] zeroing residuals...
  [J1012+5307] adding red noise...
  [J1012+5307] white noise for Rcvr1_2_GASP (1479 TOAs)...
  [J1012+5307] white noise for Rcvr_800_GUPPI (10299 TOAs)...
  [J1012+5307] white noise for Rcvr1_2_GUPPI (12849 TOAs)...
  [J1012+5307] white noise for Rcvr_800_GASP (1210 TOAs)...
  [J1012-4235] zeroing residuals...
  [J1012-4235] adding red noise...
  [J1012-4235] white noise for Rcvr_800_GUPPI (342 TOAs)...
  [J1012-4235] white noise for Rcvr1_2_GUPPI (455 TOAs)...
  [J1022+1001] zeroing residuals...
  [J1022+1001] adding red noise...
  [J1022+1001] white noise for 430_PUPPI (232 TOAs)...
  [J1022+1001] white noise for L-wide_PUPPI (2592 TOAs)...
  [J1022+1001] white noise for S-wide_PUPPI (1154 TOAs)...
  [J1024-0719] zeroing residuals...
  [J1024-0719] adding red noise...
  [J1024-0719] white noise for Rcvr1_2_GASP (43 TOAs)...
  [J1024-0719] white noise for Rcvr_800_GUPPI (5455 TOAs)...
  [J1024-0719] white noise for Rcvr1_2_GUPPI (7086 TOAs)...
  [J1024-0719] white noise for Rcvr_800_GASP (51 TOAs)...
  [J1125+7819] zeroing residuals...
  [J1125+7819] adding red noise...
  [J1125+7819] white noise for Rcvr_800_GUPPI (4707 TOAs)...
  [J1125+7819] white noise for Rcvr1_2_GUPPI (4016 TOAs)...
  [J1312+0051] zeroing residuals...
  [J1312+0051] adding red noise...
  [J1312+0051] white noise for L-wide_PUPPI (1289 TOAs)...
  [J1312+0051] white noise for S-wide_PUPPI (416 TOAs)...
  [J1453+1902] zeroing residuals...
  [J1453+1902] adding red noise...
  [J1453+1902] white noise for 430_PUPPI (425 TOAs)...
  [J1453+1902] white noise for L-wide_PUPPI (2122 TOAs)...
  [J1453+1902] white noise for S-wide_PUPPI (4 TOAs)...
  [J1455-3330] zeroing residuals...
  [J1455-3330] adding red noise...
  [J1455-3330] white noise for Rcvr1_2_GASP (564 TOAs)...
  [J1455-3330] white noise for Rcvr_800_GUPPI (4843 TOAs)...
  [J1455-3330] white noise for Rcvr1_2_GUPPI (4932 TOAs)...
  [J1455-3330] white noise for Rcvr_800_GASP (479 TOAs)...
  [J1600-3053] zeroing residuals...
  [J1600-3053] adding red noise...
  [J1600-3053] white noise for Rcvr1_2_GASP (457 TOAs)...
  [J1600-3053] white noise for 3GHz_YUPPI (3237 TOAs)...
  [J1600-3053] white noise for Rcvr_800_GUPPI (8796 TOAs)...
  [J1600-3053] white noise for Rcvr1_2_GUPPI (10168 TOAs)...
  [J1600-3053] white noise for Rcvr_800_GASP (297 TOAs)...
  [J1614-2230] zeroing residuals...
  [J1614-2230] adding red noise...
  [J1614-2230] white noise for Rcvr1_2_GASP (84 TOAs)...
  [J1614-2230] white noise for Rcvr_800_GUPPI (7768 TOAs)...
  [J1614-2230] white noise for Rcvr1_2_GUPPI (10509 TOAs)...
  [J1614-2230] white noise for Rcvr_800_GASP (84 TOAs)...
  [J1630+3734] zeroing residuals...
  [J1630+3734] adding red noise...
  [J1630+3734] white noise for Rcvr_800_GUPPI (906 TOAs)...
  [J1630+3734] white noise for Rcvr1_2_GUPPI (909 TOAs)...
  [J1640+2224] zeroing residuals...
  [J1640+2224] adding red noise...
  [J1640+2224] white noise for L-wide_ASP (722 TOAs)...
  [J1640+2224] white noise for 430_PUPPI (3157 TOAs)...
  [J1640+2224] white noise for L-wide_PUPPI (9847 TOAs)...
  [J1640+2224] white noise for 430_ASP (340 TOAs)...
  [J1643-1224] zeroing residuals...
  [J1643-1224] adding red noise...
  [J1643-1224] white noise for Rcvr1_2_GASP (833 TOAs)...
  [J1643-1224] white noise for 3GHz_YUPPI (4215 TOAs)...
  [J1643-1224] white noise for Rcvr_800_GUPPI (7734 TOAs)...
  [J1643-1224] white noise for Rcvr1_2_GUPPI (8803 TOAs)...
  [J1643-1224] white noise for Rcvr_800_GASP (559 TOAs)...
  [J1705-1903] zeroing residuals...
  [J1705-1903] adding red noise...
  [J1705-1903] white noise for Rcvr_800_GUPPI (3521 TOAs)...
  [J1705-1903] white noise for Rcvr1_2_GUPPI (6350 TOAs)...
  [J1713+0747] zeroing residuals...
  [J1713+0747] adding red noise...
  [J1713+0747] white noise for Rcvr1_2_GASP (1109 TOAs)...
  [J1713+0747] white noise for S-wide_ASP (624 TOAs)...
  [J1713+0747] white noise for 3GHz_YUPPI (3282 TOAs)...
  [J1713+0747] white noise for 1.5GHz_YUPPI (1461 TOAs)...
  [J1713+0747] white noise for L-wide_ASP (843 TOAs)...
  [J1713+0747] white noise for Rcvr_800_GUPPI (8479 TOAs)...
  [J1713+0747] white noise for Rcvr1_2_GUPPI (22334 TOAs)...
  [J1713+0747] white noise for L-wide_PUPPI (12743 TOAs)...
  [J1713+0747] white noise for Rcvr_800_GASP (1032 TOAs)...
  [J1713+0747] white noise for S-wide_PUPPI (7482 TOAs)...
  [J1719-1438] zeroing residuals...
  [J1719-1438] adding red noise...
  [J1719-1438] white noise for Rcvr_800_GUPPI (3634 TOAs)...
  [J1719-1438] white noise for Rcvr1_2_GUPPI (2722 TOAs)...
  [J1730-2304] zeroing residuals...
  [J1730-2304] adding red noise...
  [J1730-2304] white noise for Rcvr_800_GUPPI (2503 TOAs)...
  [J1730-2304] white noise for Rcvr1_2_GUPPI (2367 TOAs)...
  [J1738+0333] zeroing residuals...
  [J1738+0333] adding red noise...
  [J1738+0333] white noise for L-wide_ASP (201 TOAs)...
  [J1738+0333] white noise for L-wide_PUPPI (6718 TOAs)...
  [J1738+0333] white noise for S-wide_PUPPI (1737 TOAs)...
  [J1738+0333] white noise for S-wide_ASP (134 TOAs)...
  [J1741+1351] zeroing residuals...
  [J1741+1351] adding red noise...
  [J1741+1351] white noise for S-wide_ASP (115 TOAs)...
  [J1741+1351] white noise for L-wide_ASP (236 TOAs)...
  [J1741+1351] white noise for L-wide_PUPPI (4045 TOAs)...
  [J1741+1351] white noise for 430_PUPPI (1159 TOAs)...
  [J1741+1351] white noise for 430_ASP (27 TOAs)...
  [J1744-1134] zeroing residuals...
  [J1744-1134] adding red noise...
  [J1744-1134] white noise for Rcvr1_2_GASP (807 TOAs)...
  [J1744-1134] white noise for Rcvr_800_GUPPI (7899 TOAs)...
  [J1744-1134] white noise for Rcvr1_2_GUPPI (8109 TOAs)...
  [J1744-1134] white noise for Rcvr_800_GASP (930 TOAs)...
  [J1745+1017] zeroing residuals...
  [J1745+1017] adding red noise...
  [J1745+1017] white noise for L-wide_PUPPI (2179 TOAs)...
  [J1745+1017] white noise for S-wide_PUPPI (838 TOAs)...
  [J1747-4036] zeroing residuals...
  [J1747-4036] adding red noise...
  [J1747-4036] white noise for Rcvr_800_GUPPI (5816 TOAs)...
  [J1747-4036] white noise for Rcvr1_2_GUPPI (5239 TOAs)...
  [J1751-2857] zeroing residuals...
  [J1751-2857] adding red noise...
  [J1751-2857] white noise for Rcvr_800_GUPPI (239 TOAs)...
  [J1751-2857] white noise for Rcvr1_2_GUPPI (1786 TOAs)...
  [J1802-2124] zeroing residuals...
  [J1802-2124] adding red noise...
  [J1802-2124] white noise for Rcvr_800_GUPPI (3565 TOAs)...
  [J1802-2124] white noise for Rcvr1_2_GUPPI (3231 TOAs)...
  [J1811-2405] zeroing residuals...
  [J1811-2405] adding red noise...
  [J1811-2405] white noise for Rcvr_800_GUPPI (2628 TOAs)...
  [J1811-2405] white noise for Rcvr1_2_GUPPI (2638 TOAs)...
  [J1832-0836] zeroing residuals...
  [J1832-0836] adding red noise...
  [J1832-0836] white noise for Rcvr_800_GUPPI (3078 TOAs)...
  [J1832-0836] white noise for Rcvr1_2_GUPPI (4661 TOAs)...
  [J1843-1113] zeroing residuals...
  [J1843-1113] adding red noise...
  [J1843-1113] white noise for Rcvr_800_GUPPI (2201 TOAs)...
  [J1843-1113] white noise for Rcvr1_2_GUPPI (2394 TOAs)...
  [J1853+1303] zeroing residuals...
  [J1853+1303] adding red noise...
  [J1853+1303] white noise for L-wide_ASP (33 TOAs)...
  [J1853+1303] white noise for 430_PUPPI (1151 TOAs)...
  [J1853+1303] white noise for L-wide_PUPPI (3362 TOAs)...
  [J1853+1303] white noise for 430_ASP (24 TOAs)...
  [J1903+0327] zeroing residuals...
  [J1903+0327] adding red noise...
  [J1903+0327] white noise for S-wide_ASP (151 TOAs)...
  [J1903+0327] white noise for 3GHz_YUPPI (439 TOAs)...
  [J1903+0327] white noise for L-wide_ASP (139 TOAs)...
  [J1903+0327] white noise for L-wide_PUPPI (3845 TOAs)...
  [J1903+0327] white noise for S-wide_PUPPI (2282 TOAs)...
  [J1909-3744] zeroing residuals...
  [J1909-3744] adding red noise...
  [J1909-3744] white noise for Rcvr1_2_GASP (808 TOAs)...
  [J1909-3744] white noise for 3GHz_YUPPI (3525 TOAs)...
  [J1909-3744] white noise for Rcvr_800_GUPPI (9399 TOAs)...
  [J1909-3744] white noise for Rcvr1_2_GUPPI (20439 TOAs)...
  [J1909-3744] white noise for Rcvr_800_GASP (866 TOAs)...
  [J1910+1256] zeroing residuals...
  [J1910+1256] adding red noise...
  [J1910+1256] white noise for L-wide_ASP (297 TOAs)...
  [J1910+1256] white noise for L-wide_PUPPI (4124 TOAs)...
  [J1910+1256] white noise for S-wide_PUPPI (1857 TOAs)...
  [J1910+1256] white noise for S-wide_ASP (208 TOAs)...
  [J1911+1347] zeroing residuals...
  [J1911+1347] adding red noise...
  [J1911+1347] white noise for 430_PUPPI (753 TOAs)...
  [J1911+1347] white noise for L-wide_PUPPI (3033 TOAs)...
  [J1918-0642] zeroing residuals...
  [J1918-0642] adding red noise...
  [J1918-0642] white noise for Rcvr1_2_GASP (778 TOAs)...
  [J1918-0642] white noise for Rcvr_800_GUPPI (8352 TOAs)...
  [J1918-0642] white noise for Rcvr1_2_GUPPI (8910 TOAs)...
  [J1918-0642] white noise for Rcvr_800_GASP (835 TOAs)...
  [J1923+2515] zeroing residuals...
  [J1923+2515] adding red noise...
  [J1923+2515] white noise for L-wide_ASP (14 TOAs)...
  [J1923+2515] white noise for 430_PUPPI (922 TOAs)...
  [J1923+2515] white noise for L-wide_PUPPI (3028 TOAs)...
  [J1923+2515] white noise for 430_ASP (10 TOAs)...
  [J1944+0907] zeroing residuals...
  [J1944+0907] adding red noise...
  [J1944+0907] white noise for S-wide_ASP (116 TOAs)...
  [J1944+0907] white noise for L-wide_ASP (257 TOAs)...
  [J1944+0907] white noise for L-wide_PUPPI (3900 TOAs)...
  [J1944+0907] white noise for 430_PUPPI (1017 TOAs)...
  [J1944+0907] white noise for 430_ASP (38 TOAs)...
  [J1946+3417] zeroing residuals...
  [J1946+3417] adding red noise...
  [J1946+3417] white noise for L-wide_PUPPI (3197 TOAs)...
  [J1946+3417] white noise for S-wide_PUPPI (1546 TOAs)...
  [J2010-1323] zeroing residuals...
  [J2010-1323] adding red noise...
  [J2010-1323] white noise for Rcvr1_2_GASP (70 TOAs)...
  [J2010-1323] white noise for Rcvr_800_GUPPI (9158 TOAs)...
  [J2010-1323] white noise for Rcvr1_2_GUPPI (7779 TOAs)...
  [J2010-1323] white noise for Rcvr_800_GASP (70 TOAs)...
  [J2017+0603] zeroing residuals...
  [J2017+0603] adding red noise...
  [J2017+0603] white noise for L-wide_ASP (16 TOAs)...
  [J2017+0603] white noise for 430_PUPPI (78 TOAs)...
  [J2017+0603] white noise for L-wide_PUPPI (2569 TOAs)...
  [J2017+0603] white noise for S-wide_PUPPI (849 TOAs)...
  [J2033+1734] zeroing residuals...
  [J2033+1734] adding red noise...
  [J2033+1734] white noise for 430_PUPPI (797 TOAs)...
  [J2033+1734] white noise for L-wide_PUPPI (3050 TOAs)...
  [J2043+1711] zeroing residuals...
  [J2043+1711] adding red noise...
  [J2043+1711] white noise for L-wide_ASP (40 TOAs)...
  [J2043+1711] white noise for 430_PUPPI (2908 TOAs)...
  [J2043+1711] white noise for L-wide_PUPPI (4419 TOAs)...
  [J2043+1711] white noise for 430_ASP (30 TOAs)...
  [J2124-3358] zeroing residuals...
  [J2124-3358] adding red noise...
  [J2124-3358] white noise for Rcvr_800_GUPPI (2025 TOAs)...
  [J2124-3358] white noise for Rcvr1_2_GUPPI (2957 TOAs)...
  [J2145-0750] zeroing residuals...
  [J2145-0750] adding red noise...
  [J2145-0750] white noise for Rcvr1_2_GASP (427 TOAs)...
  [J2145-0750] white noise for Rcvr_800_GUPPI (8728 TOAs)...
  [J2145-0750] white noise for Rcvr1_2_GUPPI (9158 TOAs)...
  [J2145-0750] white noise for Rcvr_800_GASP (362 TOAs)...
  [J2214+3000] zeroing residuals...
  [J2214+3000] adding red noise...
  [J2214+3000] white noise for L-wide_ASP (9 TOAs)...
  [J2214+3000] white noise for L-wide_PUPPI (5829 TOAs)...
  [J2214+3000] white noise for S-wide_PUPPI (1568 TOAs)...
  [J2229+2643] zeroing residuals...
  [J2229+2643] adding red noise...
  [J2229+2643] white noise for 430_PUPPI (956 TOAs)...
  [J2229+2643] white noise for L-wide_PUPPI (2755 TOAs)...
  [J2234+0611] zeroing residuals...
  [J2234+0611] adding red noise...
  [J2234+0611] white noise for 430_PUPPI (653 TOAs)...
  [J2234+0611] white noise for L-wide_PUPPI (2913 TOAs)...
  [J2234+0944] zeroing residuals...
  [J2234+0944] adding red noise...
  [J2234+0944] white noise for L-wide_PUPPI (5003 TOAs)...
  [J2234+0944] white noise for S-wide_PUPPI (2532 TOAs)...
  [J2302+4442] zeroing residuals...
  [J2302+4442] adding red noise...
  [J2302+4442] white noise for Rcvr_800_GUPPI (6432 TOAs)...
  [J2302+4442] white noise for Rcvr1_2_GUPPI (3779 TOAs)...
  [J2317+1439] zeroing residuals...
  [J2317+1439] adding red noise...
  [J2317+1439] white noise for L-wide_PUPPI (9563 TOAs)...
  [J2317+1439] white noise for 327_ASP (413 TOAs)...
  [J2317+1439] white noise for 430_PUPPI (3217 TOAs)...
  [J2317+1439] white noise for 327_PUPPI (276 TOAs)...
  [J2317+1439] white noise for 430_ASP (458 TOAs)...
  [J2322+2057] zeroing residuals...
  [J2322+2057] adding red noise...
  [J2322+2057] white noise for 430_PUPPI (752 TOAs)...
  [J2322+2057] white noise for L-wide_PUPPI (2196 TOAs)...
  [J2322+2057] white noise for S-wide_PUPPI (140 TOAs)...
Resetting pulsars to clean stoas...
Restore: 0.01 s
Inject: 0.00 s
Snapshotting into enterprise Pulsar objects...
Building PTA...
PTA build: 462.71 s
Computing optimal statistic...
OS time: 55.71 s
Total: 518.43 s
Noise-only SNR baseline: -0.2388

Generating SNR-consistent population...
Target SNR: 4.0
Resetting pulsars to clean stoas...
Restore: 0.01 s
Injecting population...
  B1855+09: RMS = 2611.660 ns
  B1937+21: RMS = 1967.110 ns
  B1953+29: RMS = 1706.930 ns
  J0023+0923: RMS = 1739.256 ns
  J0030+0451: RMS = 1176.089 ns
  J0340+4130: RMS = 3011.610 ns
  J0406+3039: RMS = 3217.316 ns
  J0437-4715: RMS = 5572.479 ns
  J0509+0856: RMS = 8187.312 ns
  J0557+1551: RMS = 2776.092 ns
  J0605+3757: RMS = 2305.834 ns
  J0610-2100: RMS = 4784.880 ns
  J0613-0200: RMS = 9266.581 ns
  J0636+5128: RMS = 4982.709 ns
  J0645+5158: RMS = 5512.127 ns
  J0709+0458: RMS = 3210.491 ns
  J0740+6620: RMS = 2782.206 ns
  J0931-1902: RMS = 3441.808 ns
  J1012+5307: RMS = 6290.653 ns
  J1012-4235: RMS = 3176.274 ns
  J1022+1001: RMS = 1576.084 ns
  J1024-0719: RMS = 7091.556 ns
  J1125+7819: RMS = 1614.989 ns
  J1312+0051: RMS = 2831.130 ns
  J1453+1902: RMS = 1224.043 ns
  J1455-3330: RMS = 3224.101 ns
  J1600-3053: RMS = 3657.963 ns
  J1614-2230: RMS = 3472.549 ns
  J1630+3734: RMS = 248.858 ns
  J1640+2224: RMS = 3434.824 ns
  J1643-1224: RMS = 5703.959 ns
  J1705-1903: RMS = 320.893 ns
  J1713+0747: RMS = 3075.051 ns
  J1719-1438: RMS = 329.991 ns
  J1730-2304: RMS = 1531.044 ns
  J1738+0333: RMS = 2510.272 ns
  J1741+1351: RMS = 3408.602 ns
  J1744-1134: RMS = 2420.240 ns
  J1745+1017: RMS = 1837.303 ns
  J1747-4036: RMS = 1959.254 ns
  J1751-2857: RMS = 946.702 ns
  J1802-2124: RMS = 1400.056 ns
  J1811-2405: RMS = 1289.917 ns
  J1832-0836: RMS = 3686.431 ns
  J1843-1113: RMS = 759.833 ns
  J1853+1303: RMS = 3573.461 ns
  J1903+0327: RMS = 2468.040 ns
  J1909-3744: RMS = 2341.779 ns
  J1910+1256: RMS = 2665.512 ns
  J1911+1347: RMS = 2971.879 ns
  J1918-0642: RMS = 1943.004 ns
  J1923+2515: RMS = 2256.987 ns
  J1944+0907: RMS = 3495.778 ns
  J1946+3417: RMS = 900.043 ns
  J2010-1323: RMS = 3591.350 ns
  J2017+0603: RMS = 3754.168 ns
  J2033+1734: RMS = 3548.981 ns
  J2043+1711: RMS = 2397.881 ns
  J2124-3358: RMS = 1583.012 ns
  J2145-0750: RMS = 3557.978 ns
  J2214+3000: RMS = 2893.397 ns
  J2229+2643: RMS = 969.705 ns
  J2234+0611: RMS = 2565.311 ns
  J2234+0944: RMS = 2043.333 ns
  J2302+4442: RMS = 5062.394 ns
  J2317+1439: RMS = 2477.129 ns
  J2322+2057: RMS = 1196.904 ns
Inject: 0.80 s
Snapshotting into enterprise Pulsar objects...
Building PTA...
PTA build: 457.72 s
Computing optimal statistic...
OS time: 60.33 s
Total: 518.85 s
Initial SNR: 41.4775, Target SNR: 4.0000
  Initial SNR 41.4775 outside of provided SNR_range [3.5, 4.25] — rescaling.
Scaling distances by factor 3.1371 to achieve target SNR...
Resetting pulsars to clean stoas...
Restore: 4.95 s
Injecting population...
  B1855+09: RMS = 832.505 ns
  B1937+21: RMS = 627.045 ns
  B1953+29: RMS = 544.109 ns
  J0023+0923: RMS = 554.413 ns
  J0030+0451: RMS = 374.895 ns
  J0340+4130: RMS = 959.995 ns
  J0406+3039: RMS = 1025.566 ns
  J0437-4715: RMS = 1776.309 ns
  J0509+0856: RMS = 2609.825 ns
  J0557+1551: RMS = 884.920 ns
  J0605+3757: RMS = 735.018 ns
  J0610-2100: RMS = 1525.250 ns
  J0613-0200: RMS = 2953.858 ns
  J0636+5128: RMS = 1588.311 ns
  J0645+5158: RMS = 1757.071 ns
  J0709+0458: RMS = 1023.391 ns
  J0740+6620: RMS = 886.869 ns
  J0931-1902: RMS = 1097.127 ns
  J1012+5307: RMS = 2005.237 ns
  J1012-4235: RMS = 1012.484 ns
  J1022+1001: RMS = 502.400 ns
  J1024-0719: RMS = 2260.537 ns
  J1125+7819: RMS = 514.801 ns
  J1312+0051: RMS = 902.464 ns
  J1453+1902: RMS = 390.182 ns
  J1455-3330: RMS = 1027.729 ns
  J1600-3053: RMS = 1166.029 ns
  J1614-2230: RMS = 1106.926 ns
  J1630+3734: RMS = 79.327 ns
  J1640+2224: RMS = 1094.900 ns
  J1643-1224: RMS = 1818.220 ns
  J1705-1903: RMS = 102.289 ns
  J1713+0747: RMS = 980.218 ns
  J1719-1438: RMS = 105.190 ns
  J1730-2304: RMS = 488.042 ns
  J1738+0333: RMS = 800.186 ns
  J1741+1351: RMS = 1086.542 ns
  J1744-1134: RMS = 771.487 ns
  J1745+1017: RMS = 585.667 ns
  J1747-4036: RMS = 624.541 ns
  J1751-2857: RMS = 301.775 ns
  J1802-2124: RMS = 446.288 ns
  J1811-2405: RMS = 411.180 ns
  J1832-0836: RMS = 1175.104 ns
  J1843-1113: RMS = 242.208 ns
  J1853+1303: RMS = 1139.093 ns
  J1903+0327: RMS = 786.724 ns
  J1909-3744: RMS = 746.476 ns
  J1910+1256: RMS = 849.671 ns
  J1911+1347: RMS = 947.330 ns
  J1918-0642: RMS = 619.361 ns
  J1923+2515: RMS = 719.448 ns
  J1944+0907: RMS = 1114.330 ns
  J1946+3417: RMS = 286.902 ns
  J2010-1323: RMS = 1144.795 ns
  J2017+0603: RMS = 1196.696 ns
  J2033+1734: RMS = 1131.289 ns
  J2043+1711: RMS = 764.359 ns
  J2124-3358: RMS = 504.608 ns
  J2145-0750: RMS = 1134.157 ns
  J2214+3000: RMS = 922.312 ns
  J2229+2643: RMS = 309.108 ns
  J2234+0611: RMS = 817.730 ns
  J2234+0944: RMS = 651.342 ns
  J2302+4442: RMS = 1613.712 ns
  J2317+1439: RMS = 789.621 ns
  J2322+2057: RMS = 381.531 ns
Inject: 0.57 s
Snapshotting into enterprise Pulsar objects...
Building PTA...
PTA build: 468.26 s
Computing optimal statistic...
OS time: 51.85 s
Total: 525.63 s
  SNR 5.1404 outside of provided SNR_range [3.5, 4.25] — rescaling.
[Iteration 1/4] SNR after scaling: 5.1404 (target: 4.0000)
  SNR history: it0→41.4775@1.0000x, it1→5.1404@3.1371x
  Re-scaling distances by factor 1.1422  (cumulative after: 3.5833×)
Resetting pulsars to clean stoas...
Restore: 0.01 s
Injecting population...
  B1855+09: RMS = 728.838 ns
  B1937+21: RMS = 548.963 ns
  B1953+29: RMS = 476.354 ns
  J0023+0923: RMS = 485.376 ns
  J0030+0451: RMS = 328.212 ns
  J0340+4130: RMS = 840.453 ns
  J0406+3039: RMS = 897.859 ns
  J0437-4715: RMS = 1555.117 ns
  J0509+0856: RMS = 2284.840 ns
  J0557+1551: RMS = 774.726 ns
  J0605+3757: RMS = 643.491 ns
  J0610-2100: RMS = 1335.321 ns
  J0613-0200: RMS = 2586.033 ns
  J0636+5128: RMS = 1390.529 ns
  J0645+5158: RMS = 1538.274 ns
  J0709+0458: RMS = 895.955 ns
  J0740+6620: RMS = 776.433 ns
  J0931-1902: RMS = 960.508 ns
  J1012+5307: RMS = 1755.538 ns
  J1012-4235: RMS = 886.406 ns
  J1022+1001: RMS = 439.839 ns
  J1024-0719: RMS = 1979.047 ns
  J1125+7819: RMS = 450.696 ns
  J1312+0051: RMS = 790.086 ns
  J1453+1902: RMS = 341.595 ns
  J1455-3330: RMS = 899.753 ns
  J1600-3053: RMS = 1020.831 ns
  J1614-2230: RMS = 969.087 ns
  J1630+3734: RMS = 69.449 ns
  J1640+2224: RMS = 958.559 ns
  J1643-1224: RMS = 1591.809 ns
  J1705-1903: RMS = 89.552 ns
  J1713+0747: RMS = 858.157 ns
  J1719-1438: RMS = 92.091 ns
  J1730-2304: RMS = 427.270 ns
  J1738+0333: RMS = 700.544 ns
  J1741+1351: RMS = 951.242 ns
  J1744-1134: RMS = 675.418 ns
  J1745+1017: RMS = 512.738 ns
  J1747-4036: RMS = 546.771 ns
  J1751-2857: RMS = 264.197 ns
  J1802-2124: RMS = 390.715 ns
  J1811-2405: RMS = 359.978 ns
  J1832-0836: RMS = 1028.776 ns
  J1843-1113: RMS = 212.047 ns
  J1853+1303: RMS = 997.249 ns
  J1903+0327: RMS = 688.758 ns
  J1909-3744: RMS = 653.522 ns
  J1910+1256: RMS = 743.867 ns
  J1911+1347: RMS = 829.365 ns
  J1918-0642: RMS = 542.236 ns
  J1923+2515: RMS = 629.859 ns
  J1944+0907: RMS = 975.570 ns
  J1946+3417: RMS = 251.176 ns
  J2010-1323: RMS = 1002.241 ns
  J2017+0603: RMS = 1047.679 ns
  J2033+1734: RMS = 990.417 ns
  J2043+1711: RMS = 669.179 ns
  J2124-3358: RMS = 441.772 ns
  J2145-0750: RMS = 992.928 ns
  J2214+3000: RMS = 807.463 ns
  J2229+2643: RMS = 270.616 ns
  J2234+0611: RMS = 715.904 ns
  J2234+0944: RMS = 570.235 ns
  J2302+4442: RMS = 1412.767 ns
  J2317+1439: RMS = 691.295 ns
  J2322+2057: RMS = 334.021 ns
Inject: 0.59 s
Snapshotting into enterprise Pulsar objects...
Building PTA...
PTA build: 474.43 s
Computing optimal statistic...
OS time: 52.59 s
Total: 527.62 s
  ✓ SNR is within the provided SNR_range: 4.0678 ∈ [3.5, 4.25]

Final SNR history:
  it 0: cumulative_scale=1.0000×  SNR=41.4775
  it 1: cumulative_scale=3.1371×  SNR=5.1404
  it 2: cumulative_scale=3.5833×  SNR=4.0678
✓ Simulation 1 done (1575.6 s)

======================================================================
ENSEMBLE SUMMARY
======================================================================
Success rate: 100.0% (1/1)

Binaries per population:
  Mean ± std : 500 ± 0
  Range      : [500, 500]

SNR achieved:
  Mean ± std : 4.0678 ± 0.0000
  Range      : [4.0678, 4.0678]

Total time: 2134.9 s (35.6 min)
======================================================================

💾 Saved: data/2026-04-28/optimistic_run_5/consistent_population_optimistic_targetSNR4.25_sims1.json
💾 Saved compressed pickle: data/2026-04-28/optimistic_run_5/consistent_population_optimistic_targetSNR4.25_sims1.pkl.gz

======================================================================
CONTINUOUS WAVE SNR ANALYSIS
======================================================================

--- Population 1 ---
Precomputation of phiinvs, TNTs, Ts, Nvecs, Sigmas took 0.04 seconds.
Total SNR computation for population took 239.33 seconds.
Top 50 CGW candidates:
   1. proxy_rank=   2  sky_w=0.54  f=2.77e-09 Hz  Mc=6.00e+10 Msun  h0=2.22e-14  SNR=6.675
   2. proxy_rank=   3  sky_w=1.27  f=2.82e-09 Hz  Mc=4.27e+10 Msun  h0=8.61e-15  SNR=5.150
   3. proxy_rank=  27  sky_w=1.59  f=6.08e-09 Hz  Mc=1.52e+10 Msun  h0=2.03e-15  SNR=3.973
   4. proxy_rank=   8  sky_w=1.54  f=2.61e-09 Hz  Mc=3.45e+10 Msun  h0=4.66e-15  SNR=3.804
   5. proxy_rank=   9  sky_w=0.84  f=2.72e-09 Hz  Mc=4.71e+10 Msun  h0=7.85e-15  SNR=3.701
   6. proxy_rank=   1  sky_w=1.02  f=2.38e-09 Hz  Mc=6.72e+10 Msun  h0=1.28e-14  SNR=3.465
   7. proxy_rank=  17  sky_w=0.77  f=4.14e-09 Hz  Mc=3.29e+10 Msun  h0=5.91e-15  SNR=3.397
   8. proxy_rank=  12  sky_w=0.80  f=3.06e-09 Hz  Mc=2.79e+10 Msun  h0=6.56e-15  SNR=3.282
   9. proxy_rank=  23  sky_w=0.50  f=4.60e-09 Hz  Mc=2.72e+10 Msun  h0=5.78e-15  SNR=3.095
  10. proxy_rank=   7  sky_w=0.86  f=2.14e-09 Hz  Mc=5.31e+10 Msun  h0=8.05e-15  SNR=3.086
  11. proxy_rank=  10  sky_w=0.75  f=2.20e-09 Hz  Mc=4.37e+10 Msun  h0=6.79e-15  SNR=2.253
  12. proxy_rank=   5  sky_w=1.34  f=2.95e-09 Hz  Mc=4.25e+10 Msun  h0=7.45e-15  SNR=2.169
  13. proxy_rank=  36  sky_w=1.62  f=8.31e-09 Hz  Mc=1.04e+10 Msun  h0=1.34e-15  SNR=1.842
  14. proxy_rank=   4  sky_w=1.38  f=2.60e-09 Hz  Mc=3.24e+10 Msun  h0=6.56e-15  SNR=1.622
  15. proxy_rank=  15  sky_w=1.62  f=1.98e-09 Hz  Mc=1.98e+10 Msun  h0=1.72e-15  SNR=1.043
  16. proxy_rank=  11  sky_w=1.47  f=2.10e-09 Hz  Mc=2.67e+10 Msun  h0=2.53e-15  SNR=1.017
  17. proxy_rank=  32  sky_w=0.66  f=3.34e-09 Hz  Mc=1.74e+10 Msun  h0=1.92e-15  SNR=0.943
  18. proxy_rank=  20  sky_w=1.05  f=2.91e-09 Hz  Mc=2.05e+10 Msun  h0=2.01e-15  SNR=0.894
  19. proxy_rank=  18  sky_w=1.35  f=2.13e-09 Hz  Mc=1.99e+10 Msun  h0=1.56e-15  SNR=0.870
  20. proxy_rank=  16  sky_w=0.67  f=2.20e-09 Hz  Mc=3.24e+10 Msun  h0=4.34e-15  SNR=0.832
  21. proxy_rank=   6  sky_w=0.89  f=1.99e-09 Hz  Mc=4.78e+10 Msun  h0=7.43e-15  SNR=0.799
  22. proxy_rank=  14  sky_w=1.15  f=2.18e-09 Hz  Mc=2.72e+10 Msun  h0=2.94e-15  SNR=0.717
  23. proxy_rank=  35  sky_w=0.87  f=3.37e-09 Hz  Mc=1.34e+10 Msun  h0=1.09e-15  SNR=0.653
  24. proxy_rank=  13  sky_w=1.21  f=2.24e-09 Hz  Mc=2.93e+10 Msun  h0=3.05e-15  SNR=0.623
  25. proxy_rank=  38  sky_w=0.50  f=3.23e-09 Hz  Mc=1.43e+10 Msun  h0=1.49e-15  SNR=0.600
  26. proxy_rank=  21  sky_w=0.57  f=2.34e-09 Hz  Mc=2.54e+10 Msun  h0=2.86e-15  SNR=0.592
  27. proxy_rank=  26  sky_w=0.94  f=2.26e-09 Hz  Mc=1.19e+10 Msun  h0=1.37e-15  SNR=0.532
  28. proxy_rank=  24  sky_w=1.46  f=2.17e-09 Hz  Mc=1.38e+10 Msun  h0=8.73e-16  SNR=0.528
  29. proxy_rank=  25  sky_w=0.64  f=2.13e-09 Hz  Mc=1.84e+10 Msun  h0=1.94e-15  SNR=0.496
  30. proxy_rank=  31  sky_w=0.55  f=2.70e-09 Hz  Mc=1.84e+10 Msun  h0=1.93e-15  SNR=0.466
  31. proxy_rank=  41  sky_w=0.93  f=3.68e-09 Hz  Mc=9.32e+09 Msun  h0=8.06e-16  SNR=0.460
  32. proxy_rank=  19  sky_w=1.60  f=2.21e-09 Hz  Mc=1.67e+10 Msun  h0=1.30e-15  SNR=0.395
  33. proxy_rank=  49  sky_w=0.89  f=3.41e-09 Hz  Mc=8.03e+09 Msun  h0=4.73e-16  SNR=0.320
  34. proxy_rank=  28  sky_w=1.56  f=2.02e-09 Hz  Mc=1.09e+10 Msun  h0=6.67e-16  SNR=0.304
  35. proxy_rank=  48  sky_w=0.90  f=3.44e-09 Hz  Mc=7.86e+09 Msun  h0=4.77e-16  SNR=0.282
  36. proxy_rank=  22  sky_w=0.90  f=2.26e-09 Hz  Mc=1.95e+10 Msun  h0=1.71e-15  SNR=0.256
  37. proxy_rank=  37  sky_w=1.45  f=2.42e-09 Hz  Mc=8.14e+09 Msun  h0=3.98e-16  SNR=0.244
  38. proxy_rank=  65  sky_w=1.17  f=5.56e-09 Hz  Mc=3.72e+09 Msun  h0=1.84e-16  SNR=0.237
  39. proxy_rank=  42  sky_w=0.83  f=2.39e-09 Hz  Mc=9.89e+09 Msun  h0=5.21e-16  SNR=0.227
  40. proxy_rank=  30  sky_w=0.69  f=2.68e-09 Hz  Mc=1.69e+10 Msun  h0=1.54e-15  SNR=0.214
  41. proxy_rank=  54  sky_w=0.94  f=3.55e-09 Hz  Mc=5.63e+09 Msun  h0=2.95e-16  SNR=0.177
  42. proxy_rank=  40  sky_w=1.54  f=2.11e-09 Hz  Mc=7.13e+09 Msun  h0=2.85e-16  SNR=0.174
  43. proxy_rank=  39  sky_w=0.88  f=2.03e-09 Hz  Mc=1.06e+10 Msun  h0=5.32e-16  SNR=0.170
  44. proxy_rank=  47  sky_w=1.20  f=2.46e-09 Hz  Mc=6.84e+09 Msun  h0=2.86e-16  SNR=0.170
  45. proxy_rank=  29  sky_w=1.32  f=2.08e-09 Hz  Mc=1.21e+10 Msun  h0=7.06e-16  SNR=0.158
  46. proxy_rank=  44  sky_w=0.52  f=2.02e-09 Hz  Mc=1.15e+10 Msun  h0=6.20e-16  SNR=0.156
  47. proxy_rank=  53  sky_w=1.33  f=3.16e-09 Hz  Mc=4.75e+09 Msun  h0=1.85e-16  SNR=0.149
  48. proxy_rank=  43  sky_w=0.77  f=2.16e-09 Hz  Mc=9.78e+09 Msun  h0=4.97e-16  SNR=0.147
  49. proxy_rank=  34  sky_w=1.33  f=2.22e-09 Hz  Mc=8.87e+09 Msun  h0=4.79e-16  SNR=0.139
  50. proxy_rank=  33  sky_w=1.23  f=2.25e-09 Hz  Mc=1.13e+10 Msun  h0=6.28e-16  SNR=0.126
💾 Saved: data/2026-04-28/optimistic_run_5/consistent_population_optimistic_targetSNR4.25_sims1.json
💾 Saved compressed pickle: data/2026-04-28/optimistic_run_5/consistent_population_optimistic_targetSNR4.25_sims1.pkl.gz
Saved to figures/cgw_analysis_optimistic.pdf

======================================================================
ANALYSIS COMPLETE
Results saved to: data/2026-04-28/optimistic_run_5
======================================================================

==========================================
Job finished at: Tue Apr 28 16:54:54 AEST 2026
Exit code: 0
==========================================

+------------------ Job Report: 11717520 (COMPLETED) ------------------+
| Memory (RAM)  [################### ] 97.8% (31.3 GB peak / 32 GB)    |
| CPU           [###############     ] 76.0% average                   |
| Time          [------------>       ] 61.0% (0-00:42:42 / 0-01:10:00) |
|                                                                      |
| Lustre Filesystem:                                                   |
|   Path    Total Read    Total Write    Total IOPS                    |
|   ------  ------------  -------------  ------------                  |
|   /apps   0 B           0 B            119                           |
|   /fred   56.2 MB       281.1 KB       206                           |
|   /home   62.6 MB       0 B            3.2 K                         |
|   OS      0 B           0 B            2                             |
|                                                                      |
| Warnings:                                                            |
|   - Too much time requested                                          |
+----------------------------------------------------------------------+
