==========================================
Job ID: 11740752
Job Name: smbhb_pessimistic
Node: dave311
Start Time: Wed Apr 29 14:58:35 AEST 2026
==========================================

/home/bhoulden/.conda/envs/smbhb312/share/tempo2
Working directory: /fred/oz005/users/bhoulden/SMBHB_population_injections

Loaded modules:

Starting SMBHB analysis...
==========================================

📁 Save directory: data/2026-04-29/pessimistic_run_178
📝 Run name: pessimistic_run_178

[MEM] Start: 244.5 MB

📡 Loading pulsars...
======================================================================
LOADING NANOGRAV PULSARS (libstempo)
======================================================================

📦 Loading from cache: nanograv_pulsars_cache.pkl
⚠ Cache load failed: Ran out of input
[DEBUG] Found 76 .par files
[tempo2Util.C:396] Warning: [MISC1] Unknown parameter in par file:  DMDATA
[tempo2Util.C:401] Warning: [DUP1] duplicated warnings have been suppressed.

WARNING: Using tempo RNAMP parameter: setting TNRedC to 100!
[observatory.C:271] Warning: Assuming site 'arecibo' means 'ao'
✓ Loaded B1855+09 (7758 TOAs)

WARNING: Using tempo RNAMP parameter: setting TNRedC to 100!
✓ Loaded B1937+21 (23023 TOAs)

WARNING: Using tempo RNAMP parameter: setting TNRedC to 100!
✓ Loaded B1937+21ao (7241 TOAs)

WARNING: Using tempo RNAMP parameter: setting TNRedC to 100!
✓ Loaded B1937+21gbt (16048 TOAs)

WARNING: Using tempo RNAMP parameter: setting TNRedC to 100!
✓ Loaded B1953+29 (5126 TOAs)
✓ Loaded J0023+0923 (15896 TOAs)

WARNING: Using tempo RNAMP parameter: setting TNRedC to 100!
✓ Loaded J0030+0451 (19571 TOAs)
✓ Loaded J0340+4130 (11093 TOAs)
✓ Loaded J0406+3039 (2446 TOAs)

WARNING: Using tempo RNAMP parameter: setting TNRedC to 100!
✓ Loaded J0437-4715 (5830 TOAs)
✓ Loaded J0509+0856 (2169 TOAs)
✓ Loaded J0557+1551 (525 TOAs)
✓ Loaded J0605+3757 (554 TOAs)

WARNING: Using tempo RNAMP parameter: setting TNRedC to 100!
✓ Loaded J0610-2100 (4885 TOAs)

WARNING: Using tempo RNAMP parameter: setting TNRedC to 100!
✓ Loaded J0613-0200 (17124 TOAs)
✓ Loaded J0614-3329 (1714 TOAs)
✓ Loaded J0636+5128 (32222 TOAs)
✓ Loaded J0645+5158 (10403 TOAs)
✓ Loaded J0709+0458 (3030 TOAs)
✓ Loaded J0740+6620 (13401 TOAs)
✓ Loaded J0931-1902 (5473 TOAs)

WARNING: Using tempo RNAMP parameter: setting TNRedC to 100!
✓ Loaded J1012+5307 (25837 TOAs)
✓ Loaded J1012-4235 (797 TOAs)
✓ Loaded J1022+1001 (3978 TOAs)
✓ Loaded J1024-0719 (12635 TOAs)
✓ Loaded J1125+7819 (8723 TOAs)
✓ Loaded J1312+0051 (1705 TOAs)
✓ Loaded J1453+1902 (2551 TOAs)
✓ Loaded J1455-3330 (10818 TOAs)

WARNING: Using tempo RNAMP parameter: setting TNRedC to 100!
✓ Loaded J1600-3053 (22955 TOAs)

WARNING: Using tempo RNAMP parameter: setting TNRedC to 100!
✓ Loaded J1600-3053gbt (19725 TOAs)

WARNING: Using tempo RNAMP parameter: setting TNRedC to 100!
✓ Loaded J1614-2230 (18445 TOAs)
✓ Loaded J1630+3734 (1815 TOAs)
✓ Loaded J1640+2224 (14066 TOAs)

WARNING: Using tempo RNAMP parameter: setting TNRedC to 100!
✓ Loaded J1643-1224 (22144 TOAs)

WARNING: Using tempo RNAMP parameter: setting TNRedC to 100!
✓ Loaded J1643-1224gbt (17932 TOAs)

WARNING: Using tempo RNAMP parameter: setting TNRedC to 100!
✓ Loaded J1705-1903 (9871 TOAs)

WARNING: Using tempo RNAMP parameter: setting TNRedC to 100!
✓ Loaded J1713+0747 (59389 TOAs)

WARNING: Using tempo RNAMP parameter: setting TNRedC to 100!
✓ Loaded J1713+0747ao (21362 TOAs)

WARNING: Using tempo RNAMP parameter: setting TNRedC to 100!
✓ Loaded J1713+0747gbt (32963 TOAs)
✓ Loaded J1719-1438 (6356 TOAs)
✓ Loaded J1730-2304 (4870 TOAs)
✓ Loaded J1738+0333 (8790 TOAs)
✓ Loaded J1741+1351 (5582 TOAs)

WARNING: Using tempo RNAMP parameter: setting TNRedC to 100!
✓ Loaded J1744-1134 (17745 TOAs)

WARNING: Using tempo RNAMP parameter: setting TNRedC to 100!
✓ Loaded J1745+1017 (3017 TOAs)

WARNING: Using tempo RNAMP parameter: setting TNRedC to 100!
✓ Loaded J1747-4036 (11055 TOAs)
✓ Loaded J1751-2857 (2025 TOAs)

WARNING: Using tempo RNAMP parameter: setting TNRedC to 100!
✓ Loaded J1802-2124 (6796 TOAs)
✓ Loaded J1811-2405 (5266 TOAs)
✓ Loaded J1832-0836 (7739 TOAs)
✓ Loaded J1843-1113 (4595 TOAs)

WARNING: Using tempo RNAMP parameter: setting TNRedC to 100!
✓ Loaded J1853+1303 (4570 TOAs)

WARNING: Using tempo RNAMP parameter: setting TNRedC to 100!
✓ Loaded J1903+0327 (6856 TOAs)

WARNING: Using tempo RNAMP parameter: setting TNRedC to 100!
✓ Loaded J1903+0327ao (6423 TOAs)

WARNING: Using tempo RNAMP parameter: setting TNRedC to 100!
✓ Loaded J1909-3744 (35037 TOAs)

WARNING: Using tempo RNAMP parameter: setting TNRedC to 100!
✓ Loaded J1909-3744gbt (31526 TOAs)
✓ Loaded J1910+1256 (6486 TOAs)
✓ Loaded J1911+1347 (3786 TOAs)
✓ Loaded J1918-0642 (18875 TOAs)
✓ Loaded J1923+2515 (3974 TOAs)
✓ Loaded J1944+0907 (5328 TOAs)

WARNING: Using tempo RNAMP parameter: setting TNRedC to 100!
✓ Loaded J1946+3417 (4743 TOAs)
✓ Loaded J2010-1323 (17077 TOAs)
✓ Loaded J2017+0603 (3512 TOAs)
✓ Loaded J2033+1734 (3847 TOAs)
✓ Loaded J2043+1711 (7397 TOAs)
✓ Loaded J2124-3358 (4982 TOAs)

WARNING: Using tempo RNAMP parameter: setting TNRedC to 100!
✓ Loaded J2145-0750 (18675 TOAs)
✓ Loaded J2214+3000 (7406 TOAs)
✓ Loaded J2229+2643 (3711 TOAs)

WARNING: Using tempo RNAMP parameter: setting TNRedC to 100!
✓ Loaded J2234+0611 (3566 TOAs)
✓ Loaded J2234+0944 (7535 TOAs)
✓ Loaded J2302+4442 (10211 TOAs)
✓ Loaded J2317+1439 (13927 TOAs)
✓ Loaded J2322+2057 (3088 TOAs)
⚠ Could not save cache: no default __reduce__ due to non-trivial __cinit__

✓ Loaded 76 pulsars
✗ Failed: 0 — []
[MEM] After loading pulsars: 8832.0 MB

🔍 Filtering pulsars...

Filtered: 76 → 67 pulsars
[MEM] After filtering pulsars: 8833.1 MB
[MEM] After garbage collection: 8833.3 MB

======================================================================
SMBHB POPULATION ANALYSIS
======================================================================

Configuration: pessimistic
  Lower mass, lower spread in distance, large population
  N_binaries: 10000000

======================================================================
CONSISTENT POPULATION SYNTHESIS
======================================================================

======================================================================
GENERATING SNR-CONSISTENT POPULATIONS
======================================================================
Target SNR:          4.0
Simulations:         1
======================================================================


──────────────────────────────────────────────────────────────────────
SIMULATION 1/1
──────────────────────────────────────────────────────────────────────
  [B1855+09] zeroing residuals...
  [B1855+09] adding red noise...
  [B1855+09] white noise for 430_PUPPI (1185 TOAs)...
  [B1855+09] white noise for L-wide_ASP (1178 TOAs)...
  [B1855+09] white noise for L-wide_PUPPI (5005 TOAs)...
  [B1855+09] white noise for 430_ASP (390 TOAs)...
  [B1937+21] zeroing residuals...
  [B1937+21] adding red noise...
  [B1937+21] white noise for Rcvr_800_GUPPI (7140 TOAs)...
  [B1937+21] white noise for L-wide_ASP (452 TOAs)...
  [B1937+21] white noise for Rcvr1_2_GUPPI (7048 TOAs)...
  [B1937+21] white noise for S-wide_PUPPI (2251 TOAs)...
  [B1937+21] white noise for Rcvr_800_GASP (586 TOAs)...
  [B1937+21] white noise for L-wide_PUPPI (4133 TOAs)...
  [B1937+21] white noise for S-wide_ASP (344 TOAs)...
  [B1937+21] white noise for Rcvr1_2_GASP (1069 TOAs)...
  [B1953+29] zeroing residuals...
  [B1953+29] adding red noise...
  [B1953+29] white noise for L-wide_ASP (94 TOAs)...
  [B1953+29] white noise for 430_PUPPI (941 TOAs)...
  [B1953+29] white noise for L-wide_PUPPI (4037 TOAs)...
  [B1953+29] white noise for 430_ASP (29 TOAs)...
  [B1953+29] white noise for S-wide_ASP (25 TOAs)...
  [J0023+0923] zeroing residuals...
  [J0023+0923] adding red noise...
  [J0023+0923] white noise for 430_PUPPI (4564 TOAs)...
  [J0023+0923] white noise for L-wide_ASP (119 TOAs)...
  [J0023+0923] white noise for L-wide_PUPPI (11123 TOAs)...
  [J0023+0923] white noise for 430_ASP (90 TOAs)...
  [J0030+0451] zeroing residuals...
  [J0030+0451] adding red noise...
  [J0030+0451] white noise for L-wide_ASP (789 TOAs)...
  [J0030+0451] white noise for S-wide_PUPPI (2673 TOAs)...
  [J0030+0451] white noise for 430_PUPPI (3068 TOAs)...
  [J0030+0451] white noise for L-wide_PUPPI (12774 TOAs)...
  [J0030+0451] white noise for 430_ASP (267 TOAs)...
  [J0340+4130] zeroing residuals...
  [J0340+4130] adding red noise...
  [J0340+4130] white noise for Rcvr_800_GUPPI (6056 TOAs)...
  [J0340+4130] white noise for Rcvr1_2_GUPPI (5037 TOAs)...
  [J0406+3039] zeroing residuals...
  [J0406+3039] adding red noise...
  [J0406+3039] white noise for L-wide_PUPPI (1871 TOAs)...
  [J0406+3039] white noise for S-wide_PUPPI (575 TOAs)...
  [J0437-4715] zeroing residuals...
  [J0437-4715] adding red noise...
  [J0437-4715] white noise for 1.5GHz_YUPPI (2134 TOAs)...
  [J0437-4715] white noise for 3GHz_YUPPI (3696 TOAs)...
  [J0509+0856] zeroing residuals...
  [J0509+0856] adding red noise...
  [J0509+0856] white noise for L-wide_PUPPI (1625 TOAs)...
  [J0509+0856] white noise for S-wide_PUPPI (544 TOAs)...
  [J0557+1551] zeroing residuals...
  [J0557+1551] adding red noise...
  [J0557+1551] white noise for L-wide_PUPPI (467 TOAs)...
  [J0557+1551] white noise for S-wide_PUPPI (58 TOAs)...
  [J0605+3757] zeroing residuals...
  [J0605+3757] adding red noise...
  [J0605+3757] white noise for Rcvr_800_GUPPI (236 TOAs)...
  [J0605+3757] white noise for Rcvr1_2_GUPPI (318 TOAs)...
  [J0610-2100] zeroing residuals...
  [J0610-2100] adding red noise...
  [J0610-2100] white noise for Rcvr_800_GUPPI (2484 TOAs)...
  [J0610-2100] white noise for Rcvr1_2_GUPPI (2401 TOAs)...
  [J0613-0200] zeroing residuals...
  [J0613-0200] adding red noise...
  [J0613-0200] white noise for Rcvr1_2_GASP (992 TOAs)...
  [J0613-0200] white noise for Rcvr1_2_GUPPI (7423 TOAs)...
  [J0613-0200] white noise for Rcvr_800_GASP (809 TOAs)...
  [J0613-0200] white noise for Rcvr_800_GUPPI (7900 TOAs)...
  [J0636+5128] zeroing residuals...
  [J0636+5128] adding red noise...
  [J0636+5128] white noise for Rcvr_800_GUPPI (17419 TOAs)...
  [J0636+5128] white noise for Rcvr1_2_GUPPI (14803 TOAs)...
  [J0645+5158] zeroing residuals...
  [J0645+5158] adding red noise...
  [J0645+5158] white noise for Rcvr_800_GUPPI (4682 TOAs)...
  [J0645+5158] white noise for Rcvr1_2_GUPPI (5721 TOAs)...
  [J0709+0458] zeroing residuals...
  [J0709+0458] adding red noise...
  [J0709+0458] white noise for L-wide_PUPPI (2435 TOAs)...
  [J0709+0458] white noise for S-wide_PUPPI (595 TOAs)...
  [J0740+6620] zeroing residuals...
  [J0740+6620] adding red noise...
  [J0740+6620] white noise for Rcvr_800_GUPPI (5136 TOAs)...
  [J0740+6620] white noise for Rcvr1_2_GUPPI (8265 TOAs)...
  [J0931-1902] zeroing residuals...
  [J0931-1902] adding red noise...
  [J0931-1902] white noise for Rcvr_800_GUPPI (3419 TOAs)...
  [J0931-1902] white noise for Rcvr1_2_GUPPI (2054 TOAs)...
  [J1012+5307] zeroing residuals...
  [J1012+5307] adding red noise...
  [J1012+5307] white noise for Rcvr1_2_GASP (1479 TOAs)...
  [J1012+5307] white noise for Rcvr1_2_GUPPI (12849 TOAs)...
  [J1012+5307] white noise for Rcvr_800_GASP (1210 TOAs)...
  [J1012+5307] white noise for Rcvr_800_GUPPI (10299 TOAs)...
  [J1012-4235] zeroing residuals...
  [J1012-4235] adding red noise...
  [J1012-4235] white noise for Rcvr_800_GUPPI (342 TOAs)...
  [J1012-4235] white noise for Rcvr1_2_GUPPI (455 TOAs)...
  [J1022+1001] zeroing residuals...
  [J1022+1001] adding red noise...
  [J1022+1001] white noise for 430_PUPPI (232 TOAs)...
  [J1022+1001] white noise for L-wide_PUPPI (2592 TOAs)...
  [J1022+1001] white noise for S-wide_PUPPI (1154 TOAs)...
  [J1024-0719] zeroing residuals...
  [J1024-0719] adding red noise...
  [J1024-0719] white noise for Rcvr1_2_GASP (43 TOAs)...
  [J1024-0719] white noise for Rcvr1_2_GUPPI (7086 TOAs)...
  [J1024-0719] white noise for Rcvr_800_GASP (51 TOAs)...
  [J1024-0719] white noise for Rcvr_800_GUPPI (5455 TOAs)...
  [J1125+7819] zeroing residuals...
  [J1125+7819] adding red noise...
  [J1125+7819] white noise for Rcvr_800_GUPPI (4707 TOAs)...
  [J1125+7819] white noise for Rcvr1_2_GUPPI (4016 TOAs)...
  [J1312+0051] zeroing residuals...
  [J1312+0051] adding red noise...
  [J1312+0051] white noise for L-wide_PUPPI (1289 TOAs)...
  [J1312+0051] white noise for S-wide_PUPPI (416 TOAs)...
  [J1453+1902] zeroing residuals...
  [J1453+1902] adding red noise...
  [J1453+1902] white noise for 430_PUPPI (425 TOAs)...
  [J1453+1902] white noise for L-wide_PUPPI (2122 TOAs)...
  [J1453+1902] white noise for S-wide_PUPPI (4 TOAs)...
  [J1455-3330] zeroing residuals...
  [J1455-3330] adding red noise...
  [J1455-3330] white noise for Rcvr1_2_GASP (564 TOAs)...
  [J1455-3330] white noise for Rcvr1_2_GUPPI (4932 TOAs)...
  [J1455-3330] white noise for Rcvr_800_GASP (479 TOAs)...
  [J1455-3330] white noise for Rcvr_800_GUPPI (4843 TOAs)...
  [J1600-3053] zeroing residuals...
  [J1600-3053] adding red noise...
  [J1600-3053] white noise for Rcvr_800_GUPPI (8796 TOAs)...
  [J1600-3053] white noise for Rcvr1_2_GUPPI (10168 TOAs)...
  [J1600-3053] white noise for Rcvr_800_GASP (297 TOAs)...
  [J1600-3053] white noise for Rcvr1_2_GASP (457 TOAs)...
  [J1600-3053] white noise for 3GHz_YUPPI (3237 TOAs)...
  [J1614-2230] zeroing residuals...
  [J1614-2230] adding red noise...
  [J1614-2230] white noise for Rcvr1_2_GASP (84 TOAs)...
  [J1614-2230] white noise for Rcvr1_2_GUPPI (10509 TOAs)...
  [J1614-2230] white noise for Rcvr_800_GASP (84 TOAs)...
  [J1614-2230] white noise for Rcvr_800_GUPPI (7768 TOAs)...
  [J1630+3734] zeroing residuals...
  [J1630+3734] adding red noise...
  [J1630+3734] white noise for Rcvr_800_GUPPI (906 TOAs)...
  [J1630+3734] white noise for Rcvr1_2_GUPPI (909 TOAs)...
  [J1640+2224] zeroing residuals...
  [J1640+2224] adding red noise...
  [J1640+2224] white noise for 430_PUPPI (3157 TOAs)...
  [J1640+2224] white noise for L-wide_ASP (722 TOAs)...
  [J1640+2224] white noise for L-wide_PUPPI (9847 TOAs)...
  [J1640+2224] white noise for 430_ASP (340 TOAs)...
  [J1643-1224] zeroing residuals...
  [J1643-1224] adding red noise...
  [J1643-1224] white noise for Rcvr_800_GUPPI (7734 TOAs)...
  [J1643-1224] white noise for Rcvr1_2_GUPPI (8803 TOAs)...
  [J1643-1224] white noise for Rcvr_800_GASP (559 TOAs)...
  [J1643-1224] white noise for Rcvr1_2_GASP (833 TOAs)...
  [J1643-1224] white noise for 3GHz_YUPPI (4215 TOAs)...
  [J1705-1903] zeroing residuals...
  [J1705-1903] adding red noise...
  [J1705-1903] white noise for Rcvr_800_GUPPI (3521 TOAs)...
  [J1705-1903] white noise for Rcvr1_2_GUPPI (6350 TOAs)...
  [J1713+0747] zeroing residuals...
  [J1713+0747] adding red noise...
  [J1713+0747] white noise for Rcvr_800_GUPPI (8479 TOAs)...
  [J1713+0747] white noise for L-wide_ASP (843 TOAs)...
  [J1713+0747] white noise for Rcvr1_2_GUPPI (22334 TOAs)...
  [J1713+0747] white noise for S-wide_PUPPI (7482 TOAs)...
  [J1713+0747] white noise for 1.5GHz_YUPPI (1461 TOAs)...
  [J1713+0747] white noise for Rcvr_800_GASP (1032 TOAs)...
  [J1713+0747] white noise for L-wide_PUPPI (12743 TOAs)...
  [J1713+0747] white noise for S-wide_ASP (624 TOAs)...
  [J1713+0747] white noise for Rcvr1_2_GASP (1109 TOAs)...
  [J1713+0747] white noise for 3GHz_YUPPI (3282 TOAs)...
  [J1719-1438] zeroing residuals...
  [J1719-1438] adding red noise...
  [J1719-1438] white noise for Rcvr_800_GUPPI (3634 TOAs)...
  [J1719-1438] white noise for Rcvr1_2_GUPPI (2722 TOAs)...
  [J1730-2304] zeroing residuals...
  [J1730-2304] adding red noise...
  [J1730-2304] white noise for Rcvr_800_GUPPI (2503 TOAs)...
  [J1730-2304] white noise for Rcvr1_2_GUPPI (2367 TOAs)...
  [J1738+0333] zeroing residuals...
  [J1738+0333] adding red noise...
  [J1738+0333] white noise for S-wide_PUPPI (1737 TOAs)...
  [J1738+0333] white noise for L-wide_ASP (201 TOAs)...
  [J1738+0333] white noise for L-wide_PUPPI (6718 TOAs)...
  [J1738+0333] white noise for S-wide_ASP (134 TOAs)...
  [J1741+1351] zeroing residuals...
  [J1741+1351] adding red noise...
  [J1741+1351] white noise for L-wide_ASP (236 TOAs)...
  [J1741+1351] white noise for 430_PUPPI (1159 TOAs)...
  [J1741+1351] white noise for L-wide_PUPPI (4045 TOAs)...
  [J1741+1351] white noise for 430_ASP (27 TOAs)...
  [J1741+1351] white noise for S-wide_ASP (115 TOAs)...
  [J1744-1134] zeroing residuals...
  [J1744-1134] adding red noise...
  [J1744-1134] white noise for Rcvr1_2_GASP (807 TOAs)...
  [J1744-1134] white noise for Rcvr1_2_GUPPI (8109 TOAs)...
  [J1744-1134] white noise for Rcvr_800_GASP (930 TOAs)...
  [J1744-1134] white noise for Rcvr_800_GUPPI (7899 TOAs)...
  [J1745+1017] zeroing residuals...
  [J1745+1017] adding red noise...
  [J1745+1017] white noise for L-wide_PUPPI (2179 TOAs)...
  [J1745+1017] white noise for S-wide_PUPPI (838 TOAs)...
  [J1747-4036] zeroing residuals...
  [J1747-4036] adding red noise...
  [J1747-4036] white noise for Rcvr_800_GUPPI (5816 TOAs)...
  [J1747-4036] white noise for Rcvr1_2_GUPPI (5239 TOAs)...
  [J1751-2857] zeroing residuals...
  [J1751-2857] adding red noise...
  [J1751-2857] white noise for Rcvr_800_GUPPI (239 TOAs)...
  [J1751-2857] white noise for Rcvr1_2_GUPPI (1786 TOAs)...
  [J1802-2124] zeroing residuals...
  [J1802-2124] adding red noise...
  [J1802-2124] white noise for Rcvr_800_GUPPI (3565 TOAs)...
  [J1802-2124] white noise for Rcvr1_2_GUPPI (3231 TOAs)...
  [J1811-2405] zeroing residuals...
  [J1811-2405] adding red noise...
  [J1811-2405] white noise for Rcvr_800_GUPPI (2628 TOAs)...
  [J1811-2405] white noise for Rcvr1_2_GUPPI (2638 TOAs)...
  [J1832-0836] zeroing residuals...
  [J1832-0836] adding red noise...
  [J1832-0836] white noise for Rcvr_800_GUPPI (3078 TOAs)...
  [J1832-0836] white noise for Rcvr1_2_GUPPI (4661 TOAs)...
  [J1843-1113] zeroing residuals...
  [J1843-1113] adding red noise...
  [J1843-1113] white noise for Rcvr_800_GUPPI (2201 TOAs)...
  [J1843-1113] white noise for Rcvr1_2_GUPPI (2394 TOAs)...
  [J1853+1303] zeroing residuals...
  [J1853+1303] adding red noise...
  [J1853+1303] white noise for 430_PUPPI (1151 TOAs)...
  [J1853+1303] white noise for L-wide_ASP (33 TOAs)...
  [J1853+1303] white noise for L-wide_PUPPI (3362 TOAs)...
  [J1853+1303] white noise for 430_ASP (24 TOAs)...
  [J1903+0327] zeroing residuals...
  [J1903+0327] adding red noise...
  [J1903+0327] white noise for L-wide_ASP (139 TOAs)...
  [J1903+0327] white noise for S-wide_PUPPI (2282 TOAs)...
  [J1903+0327] white noise for L-wide_PUPPI (3845 TOAs)...
  [J1903+0327] white noise for S-wide_ASP (151 TOAs)...
  [J1903+0327] white noise for 3GHz_YUPPI (439 TOAs)...
  [J1909-3744] zeroing residuals...
  [J1909-3744] adding red noise...
  [J1909-3744] white noise for Rcvr_800_GUPPI (9399 TOAs)...
  [J1909-3744] white noise for Rcvr1_2_GUPPI (20439 TOAs)...
  [J1909-3744] white noise for Rcvr_800_GASP (866 TOAs)...
  [J1909-3744] white noise for Rcvr1_2_GASP (808 TOAs)...
  [J1909-3744] white noise for 3GHz_YUPPI (3525 TOAs)...
  [J1910+1256] zeroing residuals...
  [J1910+1256] adding red noise...
  [J1910+1256] white noise for S-wide_PUPPI (1857 TOAs)...
  [J1910+1256] white noise for L-wide_ASP (297 TOAs)...
  [J1910+1256] white noise for L-wide_PUPPI (4124 TOAs)...
  [J1910+1256] white noise for S-wide_ASP (208 TOAs)...
  [J1911+1347] zeroing residuals...
  [J1911+1347] adding red noise...
  [J1911+1347] white noise for 430_PUPPI (753 TOAs)...
  [J1911+1347] white noise for L-wide_PUPPI (3033 TOAs)...
  [J1918-0642] zeroing residuals...
  [J1918-0642] adding red noise...
  [J1918-0642] white noise for Rcvr1_2_GASP (778 TOAs)...
  [J1918-0642] white noise for Rcvr1_2_GUPPI (8910 TOAs)...
  [J1918-0642] white noise for Rcvr_800_GASP (835 TOAs)...
  [J1918-0642] white noise for Rcvr_800_GUPPI (8352 TOAs)...
  [J1923+2515] zeroing residuals...
  [J1923+2515] adding red noise...
  [J1923+2515] white noise for 430_PUPPI (922 TOAs)...
  [J1923+2515] white noise for L-wide_ASP (14 TOAs)...
  [J1923+2515] white noise for L-wide_PUPPI (3028 TOAs)...
  [J1923+2515] white noise for 430_ASP (10 TOAs)...
  [J1944+0907] zeroing residuals...
  [J1944+0907] adding red noise...
  [J1944+0907] white noise for L-wide_ASP (257 TOAs)...
  [J1944+0907] white noise for 430_PUPPI (1017 TOAs)...
  [J1944+0907] white noise for L-wide_PUPPI (3900 TOAs)...
  [J1944+0907] white noise for 430_ASP (38 TOAs)...
  [J1944+0907] white noise for S-wide_ASP (116 TOAs)...
  [J1946+3417] zeroing residuals...
  [J1946+3417] adding red noise...
  [J1946+3417] white noise for L-wide_PUPPI (3197 TOAs)...
  [J1946+3417] white noise for S-wide_PUPPI (1546 TOAs)...
  [J2010-1323] zeroing residuals...
  [J2010-1323] adding red noise...
  [J2010-1323] white noise for Rcvr1_2_GASP (70 TOAs)...
  [J2010-1323] white noise for Rcvr1_2_GUPPI (7779 TOAs)...
  [J2010-1323] white noise for Rcvr_800_GASP (70 TOAs)...
  [J2010-1323] white noise for Rcvr_800_GUPPI (9158 TOAs)...
  [J2017+0603] zeroing residuals...
  [J2017+0603] adding red noise...
  [J2017+0603] white noise for 430_PUPPI (78 TOAs)...
  [J2017+0603] white noise for L-wide_ASP (16 TOAs)...
  [J2017+0603] white noise for L-wide_PUPPI (2569 TOAs)...
  [J2017+0603] white noise for S-wide_PUPPI (849 TOAs)...
  [J2033+1734] zeroing residuals...
  [J2033+1734] adding red noise...
  [J2033+1734] white noise for 430_PUPPI (797 TOAs)...
  [J2033+1734] white noise for L-wide_PUPPI (3050 TOAs)...
  [J2043+1711] zeroing residuals...
  [J2043+1711] adding red noise...
  [J2043+1711] white noise for 430_PUPPI (2908 TOAs)...
  [J2043+1711] white noise for L-wide_ASP (40 TOAs)...
  [J2043+1711] white noise for L-wide_PUPPI (4419 TOAs)...
  [J2043+1711] white noise for 430_ASP (30 TOAs)...
  [J2124-3358] zeroing residuals...
  [J2124-3358] adding red noise...
  [J2124-3358] white noise for Rcvr_800_GUPPI (2025 TOAs)...
  [J2124-3358] white noise for Rcvr1_2_GUPPI (2957 TOAs)...
  [J2145-0750] zeroing residuals...
  [J2145-0750] adding red noise...
  [J2145-0750] white noise for Rcvr1_2_GASP (427 TOAs)...
  [J2145-0750] white noise for Rcvr1_2_GUPPI (9158 TOAs)...
  [J2145-0750] white noise for Rcvr_800_GASP (362 TOAs)...
  [J2145-0750] white noise for Rcvr_800_GUPPI (8728 TOAs)...
  [J2214+3000] zeroing residuals...
  [J2214+3000] adding red noise...
  [J2214+3000] white noise for S-wide_PUPPI (1568 TOAs)...
  [J2214+3000] white noise for L-wide_ASP (9 TOAs)...
  [J2214+3000] white noise for L-wide_PUPPI (5829 TOAs)...
  [J2229+2643] zeroing residuals...
  [J2229+2643] adding red noise...
  [J2229+2643] white noise for 430_PUPPI (956 TOAs)...
  [J2229+2643] white noise for L-wide_PUPPI (2755 TOAs)...
  [J2234+0611] zeroing residuals...
  [J2234+0611] adding red noise...
  [J2234+0611] white noise for 430_PUPPI (653 TOAs)...
  [J2234+0611] white noise for L-wide_PUPPI (2913 TOAs)...
  [J2234+0944] zeroing residuals...
  [J2234+0944] adding red noise...
  [J2234+0944] white noise for L-wide_PUPPI (5003 TOAs)...
  [J2234+0944] white noise for S-wide_PUPPI (2532 TOAs)...
  [J2302+4442] zeroing residuals...
  [J2302+4442] adding red noise...
  [J2302+4442] white noise for Rcvr_800_GUPPI (6432 TOAs)...
  [J2302+4442] white noise for Rcvr1_2_GUPPI (3779 TOAs)...
  [J2317+1439] zeroing residuals...
  [J2317+1439] adding red noise...
  [J2317+1439] white noise for 327_ASP (413 TOAs)...
  [J2317+1439] white noise for 430_PUPPI (3217 TOAs)...
  [J2317+1439] white noise for L-wide_PUPPI (9563 TOAs)...
  [J2317+1439] white noise for 430_ASP (458 TOAs)...
  [J2317+1439] white noise for 327_PUPPI (276 TOAs)...
  [J2322+2057] zeroing residuals...
  [J2322+2057] adding red noise...
  [J2322+2057] white noise for 430_PUPPI (752 TOAs)...
  [J2322+2057] white noise for L-wide_PUPPI (2196 TOAs)...
  [J2322+2057] white noise for S-wide_PUPPI (140 TOAs)...
Resetting pulsars to clean stoas...
Restore: 0.01 s
Inject: 0.00 s
Snapshotting into enterprise Pulsar objects...
Building PTA...
PTA build: 483.87 s
Computing optimal statistic...
OS time: 44.15 s
Total: 528.02 s
Noise-only SNR baseline: -0.9215

Generating SNR-consistent population...
Target SNR: 4.0
Resetting pulsars to clean stoas...
Restore: 0.00 s
Injecting population...
  B1855+09: RMS = 999.117 ns
  B1937+21: RMS = 1773.267 ns
  B1953+29: RMS = 1978.965 ns
  J0023+0923: RMS = 1412.444 ns
  J0030+0451: RMS = 1815.758 ns
  J0340+4130: RMS = 1796.530 ns
  J0406+3039: RMS = 1106.389 ns
  J0437-4715: RMS = 1046.227 ns
  J0509+0856: RMS = 314.065 ns
  J0557+1551: RMS = 727.719 ns
  J0605+3757: RMS = 336.284 ns
  J0610-2100: RMS = 168.223 ns
  J0613-0200: RMS = 1127.117 ns
  J0636+5128: RMS = 401.448 ns
  J0645+5158: RMS = 693.796 ns
  J0709+0458: RMS = 2498.176 ns
  J0740+6620: RMS = 808.372 ns
  J0931-1902: RMS = 1320.415 ns
  J1012+5307: RMS = 1155.806 ns
  J1012-4235: RMS = 395.835 ns
  J1022+1001: RMS = 277.417 ns
  J1024-0719: RMS = 557.718 ns
  J1125+7819: RMS = 1653.974 ns
  J1312+0051: RMS = 559.481 ns
  J1453+1902: RMS = 871.990 ns
  J1455-3330: RMS = 890.518 ns
  J1600-3053: RMS = 1568.985 ns
  J1614-2230: RMS = 1974.449 ns
  J1630+3734: RMS = 1077.940 ns
  J1640+2224: RMS = 962.142 ns
  J1643-1224: RMS = 1820.896 ns
  J1705-1903: RMS = 455.075 ns
  J1713+0747: RMS = 1612.975 ns
  J1719-1438: RMS = 643.760 ns
  J1730-2304: RMS = 401.635 ns
  J1738+0333: RMS = 1764.828 ns
  J1741+1351: RMS = 2618.189 ns
  J1744-1134: RMS = 1473.303 ns
  J1745+1017: RMS = 2779.138 ns
  J1747-4036: RMS = 716.922 ns
  J1751-2857: RMS = 204.089 ns
  J1802-2124: RMS = 697.600 ns
  J1811-2405: RMS = 699.461 ns
  J1832-0836: RMS = 1372.917 ns
  J1843-1113: RMS = 447.275 ns
  J1853+1303: RMS = 1295.727 ns
  J1903+0327: RMS = 560.964 ns
  J1909-3744: RMS = 1135.789 ns
  J1910+1256: RMS = 905.503 ns
  J1911+1347: RMS = 1457.768 ns
  J1918-0642: RMS = 582.307 ns
  J1923+2515: RMS = 1696.041 ns
  J1944+0907: RMS = 1206.812 ns
  J1946+3417: RMS = 1849.501 ns
  J2010-1323: RMS = 1594.977 ns
  J2017+0603: RMS = 1173.365 ns
  J2033+1734: RMS = 873.674 ns
  J2043+1711: RMS = 1799.713 ns
  J2124-3358: RMS = 1189.026 ns
  J2145-0750: RMS = 1311.237 ns
  J2214+3000: RMS = 1451.419 ns
  J2229+2643: RMS = 1225.937 ns
  J2234+0611: RMS = 1085.139 ns
  J2234+0944: RMS = 619.124 ns
  J2302+4442: RMS = 862.311 ns
  J2317+1439: RMS = 1264.113 ns
  J2322+2057: RMS = 1685.769 ns
Inject: 144.42 s
Snapshotting into enterprise Pulsar objects...
Building PTA...
PTA build: 472.99 s
Computing optimal statistic...
OS time: 46.47 s
Total: 663.89 s
Initial SNR: 18.6437, Target SNR: 4.0000
  Initial SNR 18.6437 outside of provided SNR_range [3.5, 4.25] — rescaling.
Scaling distances by factor 1.9939 to achieve target SNR...
Resetting pulsars to clean stoas...
Restore: 0.01 s
Injecting population...
  B1855+09: RMS = 501.097 ns
  B1937+21: RMS = 889.365 ns
  B1953+29: RMS = 992.531 ns
  J0023+0923: RMS = 708.398 ns
  J0030+0451: RMS = 910.676 ns
  J0340+4130: RMS = 901.032 ns
  J0406+3039: RMS = 554.899 ns
  J0437-4715: RMS = 524.725 ns
  J0509+0856: RMS = 157.516 ns
  J0557+1551: RMS = 364.980 ns
  J0605+3757: RMS = 168.660 ns
  J0610-2100: RMS = 84.371 ns
  J0613-0200: RMS = 565.295 ns
  J0636+5128: RMS = 201.342 ns
  J0645+5158: RMS = 347.967 ns
  J0709+0458: RMS = 1252.936 ns
  J0740+6620: RMS = 405.431 ns
  J0931-1902: RMS = 662.241 ns
  J1012+5307: RMS = 579.683 ns
  J1012-4235: RMS = 198.528 ns
  J1022+1001: RMS = 139.136 ns
  J1024-0719: RMS = 279.718 ns
  J1125+7819: RMS = 829.535 ns
  J1312+0051: RMS = 280.602 ns
  J1453+1902: RMS = 437.338 ns
  J1455-3330: RMS = 446.631 ns
  J1600-3053: RMS = 786.909 ns
  J1614-2230: RMS = 990.266 ns
  J1630+3734: RMS = 540.631 ns
  J1640+2224: RMS = 482.553 ns
  J1643-1224: RMS = 913.253 ns
  J1705-1903: RMS = 228.239 ns
  J1713+0747: RMS = 808.972 ns
  J1719-1438: RMS = 322.872 ns
  J1730-2304: RMS = 201.436 ns
  J1738+0333: RMS = 885.133 ns
  J1741+1351: RMS = 1313.128 ns
  J1744-1134: RMS = 738.921 ns
  J1745+1017: RMS = 1393.850 ns
  J1747-4036: RMS = 359.565 ns
  J1751-2857: RMS = 102.359 ns
  J1802-2124: RMS = 349.874 ns
  J1811-2405: RMS = 350.808 ns
  J1832-0836: RMS = 688.573 ns
  J1843-1113: RMS = 224.327 ns
  J1853+1303: RMS = 649.859 ns
  J1903+0327: RMS = 281.346 ns
  J1909-3744: RMS = 569.644 ns
  J1910+1256: RMS = 454.146 ns
  J1911+1347: RMS = 731.130 ns
  J1918-0642: RMS = 292.050 ns
  J1923+2515: RMS = 850.633 ns
  J1944+0907: RMS = 605.265 ns
  J1946+3417: RMS = 927.600 ns
  J2010-1323: RMS = 799.945 ns
  J2017+0603: RMS = 588.490 ns
  J2033+1734: RMS = 438.183 ns
  J2043+1711: RMS = 902.629 ns
  J2124-3358: RMS = 596.345 ns
  J2145-0750: RMS = 657.638 ns
  J2214+3000: RMS = 727.945 ns
  J2229+2643: RMS = 614.857 ns
  J2234+0611: RMS = 544.241 ns
  J2234+0944: RMS = 310.516 ns
  J2302+4442: RMS = 432.484 ns
  J2317+1439: RMS = 634.004 ns
  J2322+2057: RMS = 845.481 ns
Inject: 161.11 s
Snapshotting into enterprise Pulsar objects...
Building PTA...
PTA build: 473.41 s
Computing optimal statistic...
OS time: 42.70 s
Total: 677.23 s
  SNR 4.6627 outside of provided SNR_range [3.5, 4.25] — rescaling.
[Iteration 1/4] SNR after scaling: 4.6627 (target: 4.0000)
  SNR history: it0→18.6437@1.0000x, it1→4.6627@1.9939x
  Re-scaling distances by factor 1.0720  (cumulative after: 2.1374×)
Resetting pulsars to clean stoas...
Restore: 0.01 s
Injecting population...
  B1855+09: RMS = 467.441 ns
  B1937+21: RMS = 829.631 ns
  B1953+29: RMS = 925.868 ns
  J0023+0923: RMS = 660.818 ns
  J0030+0451: RMS = 849.511 ns
  J0340+4130: RMS = 840.514 ns
  J0406+3039: RMS = 517.629 ns
  J0437-4715: RMS = 489.482 ns
  J0509+0856: RMS = 146.937 ns
  J0557+1551: RMS = 340.466 ns
  J0605+3757: RMS = 157.332 ns
  J0610-2100: RMS = 78.704 ns
  J0613-0200: RMS = 527.327 ns
  J0636+5128: RMS = 187.819 ns
  J0645+5158: RMS = 324.596 ns
  J0709+0458: RMS = 1168.783 ns
  J0740+6620: RMS = 378.200 ns
  J0931-1902: RMS = 617.762 ns
  J1012+5307: RMS = 540.749 ns
  J1012-4235: RMS = 185.193 ns
  J1022+1001: RMS = 129.791 ns
  J1024-0719: RMS = 260.931 ns
  J1125+7819: RMS = 773.819 ns
  J1312+0051: RMS = 261.756 ns
  J1453+1902: RMS = 407.964 ns
  J1455-3330: RMS = 416.633 ns
  J1600-3053: RMS = 734.056 ns
  J1614-2230: RMS = 923.755 ns
  J1630+3734: RMS = 504.319 ns
  J1640+2224: RMS = 450.142 ns
  J1643-1224: RMS = 851.914 ns
  J1705-1903: RMS = 212.909 ns
  J1713+0747: RMS = 754.637 ns
  J1719-1438: RMS = 301.186 ns
  J1730-2304: RMS = 187.907 ns
  J1738+0333: RMS = 825.683 ns
  J1741+1351: RMS = 1224.931 ns
  J1744-1134: RMS = 689.291 ns
  J1745+1017: RMS = 1300.232 ns
  J1747-4036: RMS = 335.415 ns
  J1751-2857: RMS = 95.484 ns
  J1802-2124: RMS = 326.375 ns
  J1811-2405: RMS = 327.246 ns
  J1832-0836: RMS = 642.325 ns
  J1843-1113: RMS = 209.260 ns
  J1853+1303: RMS = 606.211 ns
  J1903+0327: RMS = 262.450 ns
  J1909-3744: RMS = 531.384 ns
  J1910+1256: RMS = 423.643 ns
  J1911+1347: RMS = 682.023 ns
  J1918-0642: RMS = 272.435 ns
  J1923+2515: RMS = 793.500 ns
  J1944+0907: RMS = 564.612 ns
  J1946+3417: RMS = 865.297 ns
  J2010-1323: RMS = 746.217 ns
  J2017+0603: RMS = 548.964 ns
  J2033+1734: RMS = 408.752 ns
  J2043+1711: RMS = 842.004 ns
  J2124-3358: RMS = 556.291 ns
  J2145-0750: RMS = 613.468 ns
  J2214+3000: RMS = 679.053 ns
  J2229+2643: RMS = 573.560 ns
  J2234+0611: RMS = 507.687 ns
  J2234+0944: RMS = 289.660 ns
  J2302+4442: RMS = 403.436 ns
  J2317+1439: RMS = 591.421 ns
  J2322+2057: RMS = 788.695 ns
Inject: 153.90 s
Snapshotting into enterprise Pulsar objects...
Building PTA...
PTA build: 464.56 s
Computing optimal statistic...
OS time: 45.38 s
Total: 663.85 s
  ✓ SNR is within the provided SNR_range: 4.0211 ∈ [3.5, 4.25]

Final SNR history:
  it 0: cumulative_scale=1.0000×  SNR=18.6437
  it 1: cumulative_scale=1.9939×  SNR=4.6627
  it 2: cumulative_scale=2.1374×  SNR=4.0211
✓ Simulation 1 done (2039.6 s)

======================================================================
ENSEMBLE SUMMARY
======================================================================
Success rate: 100.0% (1/1)

Binaries per population:
  Mean ± std : 10000000 ± 0
  Range      : [10000000, 10000000]

SNR achieved:
  Mean ± std : 4.0211 ± 0.0000
  Range      : [4.0211, 4.0211]

Total time: 2615.0 s (43.6 min)
======================================================================

💾 Saved: data/2026-04-29/pessimistic_run_178/consistent_population_pessimistic_targetSNR4.25_sims1.json
💾 Saved compressed pickle: data/2026-04-29/pessimistic_run_178/consistent_population_pessimistic_targetSNR4.25_sims1.pkl.gz

======================================================================
CONTINUOUS WAVE SNR ANALYSIS
======================================================================

--- Population 1 ---
Precomputation of phiinvs, TNTs, Ts, Nvecs, Sigmas took 0.04 seconds.
Total SNR computation for population took 308.30 seconds.
Top 50 CGW candidates:
   1. proxy_rank= 153  sky_w=1.57  f=1.63e-08 Hz  Mc=1.74e+09 Msun  h0=1.67e-15  SNR=4.125
   2. proxy_rank= 181  sky_w=1.02  f=1.17e-08 Hz  Mc=6.90e+09 Msun  h0=1.73e-15  SNR=2.684
   3. proxy_rank=  88  sky_w=1.42  f=8.44e-09 Hz  Mc=4.01e+09 Msun  h0=1.11e-15  SNR=1.694
   4. proxy_rank=   3  sky_w=1.56  f=4.05e-09 Hz  Mc=3.61e+09 Msun  h0=1.24e-15  SNR=1.693
   5. proxy_rank=  29  sky_w=1.32  f=5.26e-09 Hz  Mc=7.49e+09 Msun  h0=1.00e-15  SNR=1.492
   6. proxy_rank= 704  sky_w=1.55  f=1.07e-08 Hz  Mc=2.32e+09 Msun  h0=6.88e-16  SNR=1.461
   7. proxy_rank=  80  sky_w=1.47  f=6.13e-09 Hz  Mc=4.30e+09 Msun  h0=8.07e-16  SNR=1.423
   8. proxy_rank=  54  sky_w=1.09  f=1.02e-08 Hz  Mc=7.92e+09 Msun  h0=2.03e-15  SNR=1.361
   9. proxy_rank= 310  sky_w=0.72  f=7.45e-09 Hz  Mc=8.02e+09 Msun  h0=1.34e-15  SNR=1.233
  10. proxy_rank= 565  sky_w=1.27  f=7.94e-09 Hz  Mc=2.79e+09 Msun  h0=6.75e-16  SNR=1.133
  11. proxy_rank=  28  sky_w=1.20  f=4.58e-09 Hz  Mc=1.40e+09 Msun  h0=9.57e-16  SNR=1.119
  12. proxy_rank=  25  sky_w=0.98  f=7.95e-09 Hz  Mc=2.11e+09 Msun  h0=2.08e-15  SNR=1.098
  13. proxy_rank= 805  sky_w=1.42  f=9.06e-09 Hz  Mc=4.45e+09 Msun  h0=6.05e-16  SNR=0.971
  14. proxy_rank= 445  sky_w=0.83  f=5.84e-09 Hz  Mc=6.47e+09 Msun  h0=8.19e-16  SNR=0.811
  15. proxy_rank= 792  sky_w=1.51  f=6.64e-09 Hz  Mc=2.47e+09 Msun  h0=4.21e-16  SNR=0.805
  16. proxy_rank= 377  sky_w=1.46  f=5.55e-09 Hz  Mc=3.21e+09 Msun  h0=4.65e-16  SNR=0.796
  17. proxy_rank=  59  sky_w=0.79  f=7.50e-09 Hz  Mc=7.09e+09 Msun  h0=1.98e-15  SNR=0.786
  18. proxy_rank= 225  sky_w=1.43  f=4.90e-09 Hz  Mc=3.94e+09 Msun  h0=4.91e-16  SNR=0.731
  19. proxy_rank= 889  sky_w=1.30  f=6.18e-09 Hz  Mc=4.46e+09 Msun  h0=4.38e-16  SNR=0.709
  20. proxy_rank= 942  sky_w=1.60  f=6.08e-09 Hz  Mc=3.21e+09 Msun  h0=3.45e-16  SNR=0.674
  21. proxy_rank= 789  sky_w=1.18  f=6.81e-09 Hz  Mc=3.40e+09 Msun  h0=5.52e-16  SNR=0.664
  22. proxy_rank= 537  sky_w=1.48  f=5.25e-09 Hz  Mc=4.00e+09 Msun  h0=3.90e-16  SNR=0.620
  23. proxy_rank= 179  sky_w=0.85  f=4.19e-09 Hz  Mc=7.18e+09 Msun  h0=7.56e-16  SNR=0.602
  24. proxy_rank= 194  sky_w=1.49  f=4.38e-09 Hz  Mc=2.94e+09 Msun  h0=4.37e-16  SNR=0.597
  25. proxy_rank= 846  sky_w=1.37  f=6.05e-09 Hz  Mc=3.27e+09 Msun  h0=4.13e-16  SNR=0.589
  26. proxy_rank= 125  sky_w=1.32  f=4.63e-09 Hz  Mc=5.62e+09 Msun  h0=5.97e-16  SNR=0.557
  27. proxy_rank= 772  sky_w=0.83  f=4.79e-09 Hz  Mc=3.45e+09 Msun  h0=5.54e-16  SNR=0.550
  28. proxy_rank= 504  sky_w=1.14  f=5.75e-09 Hz  Mc=3.78e+09 Msun  h0=5.66e-16  SNR=0.536
  29. proxy_rank= 751  sky_w=1.49  f=5.52e-09 Hz  Mc=3.53e+09 Msun  h0=3.59e-16  SNR=0.535
  30. proxy_rank= 780  sky_w=1.22  f=4.99e-09 Hz  Mc=3.21e+09 Msun  h0=3.94e-16  SNR=0.529
  31. proxy_rank=  71  sky_w=1.60  f=3.61e-09 Hz  Mc=5.35e+09 Msun  h0=4.49e-16  SNR=0.527
  32. proxy_rank=   1  sky_w=1.50  f=2.15e-09 Hz  Mc=3.45e+09 Msun  h0=8.11e-16  SNR=0.525
  33. proxy_rank= 332  sky_w=1.57  f=4.38e-09 Hz  Mc=4.27e+09 Msun  h0=3.55e-16  SNR=0.521
  34. proxy_rank=  64  sky_w=1.23  f=4.74e-09 Hz  Mc=6.69e+09 Msun  h0=7.86e-16  SNR=0.510
  35. proxy_rank= 890  sky_w=1.18  f=5.35e-09 Hz  Mc=1.23e+09 Msun  h0=4.18e-16  SNR=0.505
  36. proxy_rank= 559  sky_w=0.80  f=5.07e-09 Hz  Mc=5.91e+09 Msun  h0=6.88e-16  SNR=0.502
  37. proxy_rank= 147  sky_w=1.38  f=4.39e-09 Hz  Mc=2.29e+09 Msun  h0=5.14e-16  SNR=0.490
  38. proxy_rank=  33  sky_w=1.38  f=3.19e-09 Hz  Mc=5.97e+09 Msun  h0=5.67e-16  SNR=0.489
  39. proxy_rank=  37  sky_w=1.19  f=3.12e-09 Hz  Mc=3.40e+09 Msun  h0=6.21e-16  SNR=0.476
  40. proxy_rank= 900  sky_w=1.41  f=4.94e-09 Hz  Mc=2.72e+09 Msun  h0=3.23e-16  SNR=0.474
  41. proxy_rank= 345  sky_w=1.42  f=5.18e-09 Hz  Mc=4.57e+09 Msun  h0=4.57e-16  SNR=0.471
  42. proxy_rank=  46  sky_w=1.60  f=3.18e-09 Hz  Mc=2.70e+09 Msun  h0=4.41e-16  SNR=0.466
  43. proxy_rank=   4  sky_w=0.80  f=3.33e-09 Hz  Mc=4.18e+09 Msun  h0=1.97e-15  SNR=0.463
  44. proxy_rank= 355  sky_w=1.10  f=4.10e-09 Hz  Mc=4.14e+09 Msun  h0=4.62e-16  SNR=0.459
  45. proxy_rank= 604  sky_w=1.58  f=5.80e-09 Hz  Mc=4.18e+09 Msun  h0=3.87e-16  SNR=0.455
  46. proxy_rank=  51  sky_w=0.63  f=3.25e-09 Hz  Mc=7.30e+09 Msun  h0=1.13e-15  SNR=0.453
  47. proxy_rank= 356  sky_w=1.15  f=6.43e-09 Hz  Mc=3.44e+09 Msun  h0=6.94e-16  SNR=0.450
  48. proxy_rank= 567  sky_w=1.46  f=4.37e-09 Hz  Mc=3.58e+09 Msun  h0=3.22e-16  SNR=0.449
  49. proxy_rank= 297  sky_w=1.35  f=3.94e-09 Hz  Mc=2.28e+09 Msun  h0=3.86e-16  SNR=0.431
  50. proxy_rank= 230  sky_w=1.09  f=3.74e-09 Hz  Mc=5.77e+09 Msun  h0=4.89e-16  SNR=0.428
💾 Saved: data/2026-04-29/pessimistic_run_178/consistent_population_pessimistic_targetSNR4.25_sims1.json
💾 Saved compressed pickle: data/2026-04-29/pessimistic_run_178/consistent_population_pessimistic_targetSNR4.25_sims1.pkl.gz
Saved to figures/cgw_analysis_pessimistic.pdf

======================================================================
ANALYSIS COMPLETE
Results saved to: data/2026-04-29/pessimistic_run_178
======================================================================

==========================================
Job finished at: Wed Apr 29 15:54:52 AEST 2026
Exit code: 0
==========================================

+------------------ Job Report: 11740752 (COMPLETED) ------------------+
| Memory (RAM)  [#################   ] 87.4% (35 GB peak / 40 GB)      |
| CPU           [################    ] 82.5% average                   |
| Time          [------------->      ] 66.3% (0-00:56:22 / 0-01:25:00) |
|                                                                      |
| Lustre Filesystem:                                                   |
|   Path    Total Read    Total Write    Total IOPS                    |
|   ------  ------------  -------------  ------------                  |
|   /apps   4.4 MB        0 B            408                           |
|   /fred   284.9 MB      6.7 MB         173                           |
|   /home   64.5 MB       0 B            2.4 K                         |
|   OS      0 B           0 B            7                             |
|                                                                      |
| Warnings:                                                            |
|   - Too much time requested                                          |
+----------------------------------------------------------------------+
