==========================================
Job ID: 11728628
Job Name: smbhb_optimistic
Node: gina4
Start Time: Wed Apr 29 10:06:05 AEST 2026
==========================================

/home/bhoulden/.conda/envs/smbhb312/share/tempo2
Working directory: /fred/oz005/users/bhoulden/SMBHB_population_injections

Loaded modules:

Starting SMBHB analysis...
==========================================

📁 Save directory: data/2026-04-29/optimistic_run_94
📝 Run name: optimistic_run_94

[MEM] Start: 244.9 MB

📡 Loading pulsars...
======================================================================
LOADING NANOGRAV PULSARS (libstempo)
======================================================================

📦 Loading from cache: nanograv_pulsars_cache.pkl
⚠ Cache load failed: Ran out of input
[DEBUG] Found 76 .par files
[tempo2Util.C:396] Warning: [MISC1] Unknown parameter in par file:  DMDATA
[tempo2Util.C:401] Warning: [DUP1] duplicated warnings have been suppressed.

WARNING: Using tempo RNAMP parameter: setting TNRedC to 100!
[observatory.C:271] Warning: Assuming site 'arecibo' means 'ao'
✓ Loaded B1855+09 (7758 TOAs)

WARNING: Using tempo RNAMP parameter: setting TNRedC to 100!
✓ Loaded B1937+21 (23023 TOAs)

WARNING: Using tempo RNAMP parameter: setting TNRedC to 100!
✓ Loaded B1937+21ao (7241 TOAs)

WARNING: Using tempo RNAMP parameter: setting TNRedC to 100!
✓ Loaded B1937+21gbt (16048 TOAs)

WARNING: Using tempo RNAMP parameter: setting TNRedC to 100!
✓ Loaded B1953+29 (5126 TOAs)
✓ Loaded J0023+0923 (15896 TOAs)

WARNING: Using tempo RNAMP parameter: setting TNRedC to 100!
✓ Loaded J0030+0451 (19571 TOAs)
✓ Loaded J0340+4130 (11093 TOAs)
✓ Loaded J0406+3039 (2446 TOAs)

WARNING: Using tempo RNAMP parameter: setting TNRedC to 100!
✓ Loaded J0437-4715 (5830 TOAs)
✓ Loaded J0509+0856 (2169 TOAs)
✓ Loaded J0557+1551 (525 TOAs)
✓ Loaded J0605+3757 (554 TOAs)

WARNING: Using tempo RNAMP parameter: setting TNRedC to 100!
✓ Loaded J0610-2100 (4885 TOAs)

WARNING: Using tempo RNAMP parameter: setting TNRedC to 100!
✓ Loaded J0613-0200 (17124 TOAs)
✓ Loaded J0614-3329 (1714 TOAs)
✓ Loaded J0636+5128 (32222 TOAs)
✓ Loaded J0645+5158 (10403 TOAs)
✓ Loaded J0709+0458 (3030 TOAs)
✓ Loaded J0740+6620 (13401 TOAs)
✓ Loaded J0931-1902 (5473 TOAs)

WARNING: Using tempo RNAMP parameter: setting TNRedC to 100!
✓ Loaded J1012+5307 (25837 TOAs)
✓ Loaded J1012-4235 (797 TOAs)
✓ Loaded J1022+1001 (3978 TOAs)
✓ Loaded J1024-0719 (12635 TOAs)
✓ Loaded J1125+7819 (8723 TOAs)
✓ Loaded J1312+0051 (1705 TOAs)
✓ Loaded J1453+1902 (2551 TOAs)
✓ Loaded J1455-3330 (10818 TOAs)

WARNING: Using tempo RNAMP parameter: setting TNRedC to 100!
✓ Loaded J1600-3053 (22955 TOAs)

WARNING: Using tempo RNAMP parameter: setting TNRedC to 100!
✓ Loaded J1600-3053gbt (19725 TOAs)

WARNING: Using tempo RNAMP parameter: setting TNRedC to 100!
✓ Loaded J1614-2230 (18445 TOAs)
✓ Loaded J1630+3734 (1815 TOAs)
✓ Loaded J1640+2224 (14066 TOAs)

WARNING: Using tempo RNAMP parameter: setting TNRedC to 100!
✓ Loaded J1643-1224 (22144 TOAs)

WARNING: Using tempo RNAMP parameter: setting TNRedC to 100!
✓ Loaded J1643-1224gbt (17932 TOAs)

WARNING: Using tempo RNAMP parameter: setting TNRedC to 100!
✓ Loaded J1705-1903 (9871 TOAs)

WARNING: Using tempo RNAMP parameter: setting TNRedC to 100!
✓ Loaded J1713+0747 (59389 TOAs)

WARNING: Using tempo RNAMP parameter: setting TNRedC to 100!
✓ Loaded J1713+0747ao (21362 TOAs)

WARNING: Using tempo RNAMP parameter: setting TNRedC to 100!
✓ Loaded J1713+0747gbt (32963 TOAs)
✓ Loaded J1719-1438 (6356 TOAs)
✓ Loaded J1730-2304 (4870 TOAs)
✓ Loaded J1738+0333 (8790 TOAs)
✓ Loaded J1741+1351 (5582 TOAs)

WARNING: Using tempo RNAMP parameter: setting TNRedC to 100!
✓ Loaded J1744-1134 (17745 TOAs)

WARNING: Using tempo RNAMP parameter: setting TNRedC to 100!
✓ Loaded J1745+1017 (3017 TOAs)

WARNING: Using tempo RNAMP parameter: setting TNRedC to 100!
✓ Loaded J1747-4036 (11055 TOAs)
✓ Loaded J1751-2857 (2025 TOAs)

WARNING: Using tempo RNAMP parameter: setting TNRedC to 100!
✓ Loaded J1802-2124 (6796 TOAs)
✓ Loaded J1811-2405 (5266 TOAs)
✓ Loaded J1832-0836 (7739 TOAs)
✓ Loaded J1843-1113 (4595 TOAs)

WARNING: Using tempo RNAMP parameter: setting TNRedC to 100!
✓ Loaded J1853+1303 (4570 TOAs)

WARNING: Using tempo RNAMP parameter: setting TNRedC to 100!
✓ Loaded J1903+0327 (6856 TOAs)

WARNING: Using tempo RNAMP parameter: setting TNRedC to 100!
✓ Loaded J1903+0327ao (6423 TOAs)

WARNING: Using tempo RNAMP parameter: setting TNRedC to 100!
✓ Loaded J1909-3744 (35037 TOAs)

WARNING: Using tempo RNAMP parameter: setting TNRedC to 100!
✓ Loaded J1909-3744gbt (31526 TOAs)
✓ Loaded J1910+1256 (6486 TOAs)
✓ Loaded J1911+1347 (3786 TOAs)
✓ Loaded J1918-0642 (18875 TOAs)
✓ Loaded J1923+2515 (3974 TOAs)
✓ Loaded J1944+0907 (5328 TOAs)

WARNING: Using tempo RNAMP parameter: setting TNRedC to 100!
✓ Loaded J1946+3417 (4743 TOAs)
✓ Loaded J2010-1323 (17077 TOAs)
✓ Loaded J2017+0603 (3512 TOAs)
✓ Loaded J2033+1734 (3847 TOAs)
✓ Loaded J2043+1711 (7397 TOAs)
✓ Loaded J2124-3358 (4982 TOAs)

WARNING: Using tempo RNAMP parameter: setting TNRedC to 100!
✓ Loaded J2145-0750 (18675 TOAs)
✓ Loaded J2214+3000 (7406 TOAs)
✓ Loaded J2229+2643 (3711 TOAs)

WARNING: Using tempo RNAMP parameter: setting TNRedC to 100!
✓ Loaded J2234+0611 (3566 TOAs)
✓ Loaded J2234+0944 (7535 TOAs)
✓ Loaded J2302+4442 (10211 TOAs)
✓ Loaded J2317+1439 (13927 TOAs)
✓ Loaded J2322+2057 (3088 TOAs)
⚠ Could not save cache: no default __reduce__ due to non-trivial __cinit__

✓ Loaded 76 pulsars
✗ Failed: 0 — []
[MEM] After loading pulsars: 8865.0 MB

🔍 Filtering pulsars...

Filtered: 76 → 67 pulsars
[MEM] After filtering pulsars: 8866.0 MB
[MEM] After garbage collection: 8866.0 MB

======================================================================
SMBHB POPULATION ANALYSIS
======================================================================

Configuration: optimistic
  Larger mass, higher spread in distance, small population
  N_binaries: 500

======================================================================
CONSISTENT POPULATION SYNTHESIS
======================================================================

======================================================================
GENERATING SNR-CONSISTENT POPULATIONS
======================================================================
Target SNR:          4.0
Simulations:         1
======================================================================


──────────────────────────────────────────────────────────────────────
SIMULATION 1/1
──────────────────────────────────────────────────────────────────────
  [B1855+09] zeroing residuals...
  [B1855+09] adding red noise...
  [B1855+09] white noise for L-wide_ASP (1178 TOAs)...
  [B1855+09] white noise for 430_PUPPI (1185 TOAs)...
  [B1855+09] white noise for L-wide_PUPPI (5005 TOAs)...
  [B1855+09] white noise for 430_ASP (390 TOAs)...
  [B1937+21] zeroing residuals...
  [B1937+21] adding red noise...
  [B1937+21] white noise for Rcvr_800_GUPPI (7140 TOAs)...
  [B1937+21] white noise for S-wide_PUPPI (2251 TOAs)...
  [B1937+21] white noise for L-wide_PUPPI (4133 TOAs)...
  [B1937+21] white noise for Rcvr1_2_GASP (1069 TOAs)...
  [B1937+21] white noise for Rcvr_800_GASP (586 TOAs)...
  [B1937+21] white noise for L-wide_ASP (452 TOAs)...
  [B1937+21] white noise for S-wide_ASP (344 TOAs)...
  [B1937+21] white noise for Rcvr1_2_GUPPI (7048 TOAs)...
  [B1953+29] zeroing residuals...
  [B1953+29] adding red noise...
  [B1953+29] white noise for L-wide_PUPPI (4037 TOAs)...
  [B1953+29] white noise for 430_ASP (29 TOAs)...
  [B1953+29] white noise for L-wide_ASP (94 TOAs)...
  [B1953+29] white noise for 430_PUPPI (941 TOAs)...
  [B1953+29] white noise for S-wide_ASP (25 TOAs)...
  [J0023+0923] zeroing residuals...
  [J0023+0923] adding red noise...
  [J0023+0923] white noise for L-wide_ASP (119 TOAs)...
  [J0023+0923] white noise for 430_PUPPI (4564 TOAs)...
  [J0023+0923] white noise for L-wide_PUPPI (11123 TOAs)...
  [J0023+0923] white noise for 430_ASP (90 TOAs)...
  [J0030+0451] zeroing residuals...
  [J0030+0451] adding red noise...
  [J0030+0451] white noise for S-wide_PUPPI (2673 TOAs)...
  [J0030+0451] white noise for L-wide_PUPPI (12774 TOAs)...
  [J0030+0451] white noise for 430_ASP (267 TOAs)...
  [J0030+0451] white noise for L-wide_ASP (789 TOAs)...
  [J0030+0451] white noise for 430_PUPPI (3068 TOAs)...
  [J0340+4130] zeroing residuals...
  [J0340+4130] adding red noise...
  [J0340+4130] white noise for Rcvr1_2_GUPPI (5037 TOAs)...
  [J0340+4130] white noise for Rcvr_800_GUPPI (6056 TOAs)...
  [J0406+3039] zeroing residuals...
  [J0406+3039] adding red noise...
  [J0406+3039] white noise for S-wide_PUPPI (575 TOAs)...
  [J0406+3039] white noise for L-wide_PUPPI (1871 TOAs)...
  [J0437-4715] zeroing residuals...
  [J0437-4715] adding red noise...
  [J0437-4715] white noise for 3GHz_YUPPI (3696 TOAs)...
  [J0437-4715] white noise for 1.5GHz_YUPPI (2134 TOAs)...
  [J0509+0856] zeroing residuals...
  [J0509+0856] adding red noise...
  [J0509+0856] white noise for S-wide_PUPPI (544 TOAs)...
  [J0509+0856] white noise for L-wide_PUPPI (1625 TOAs)...
  [J0557+1551] zeroing residuals...
  [J0557+1551] adding red noise...
  [J0557+1551] white noise for S-wide_PUPPI (58 TOAs)...
  [J0557+1551] white noise for L-wide_PUPPI (467 TOAs)...
  [J0605+3757] zeroing residuals...
  [J0605+3757] adding red noise...
  [J0605+3757] white noise for Rcvr1_2_GUPPI (318 TOAs)...
  [J0605+3757] white noise for Rcvr_800_GUPPI (236 TOAs)...
  [J0610-2100] zeroing residuals...
  [J0610-2100] adding red noise...
  [J0610-2100] white noise for Rcvr1_2_GUPPI (2401 TOAs)...
  [J0610-2100] white noise for Rcvr_800_GUPPI (2484 TOAs)...
  [J0613-0200] zeroing residuals...
  [J0613-0200] adding red noise...
  [J0613-0200] white noise for Rcvr1_2_GUPPI (7423 TOAs)...
  [J0613-0200] white noise for Rcvr1_2_GASP (992 TOAs)...
  [J0613-0200] white noise for Rcvr_800_GASP (809 TOAs)...
  [J0613-0200] white noise for Rcvr_800_GUPPI (7900 TOAs)...
  [J0636+5128] zeroing residuals...
  [J0636+5128] adding red noise...
  [J0636+5128] white noise for Rcvr1_2_GUPPI (14803 TOAs)...
  [J0636+5128] white noise for Rcvr_800_GUPPI (17419 TOAs)...
  [J0645+5158] zeroing residuals...
  [J0645+5158] adding red noise...
  [J0645+5158] white noise for Rcvr1_2_GUPPI (5721 TOAs)...
  [J0645+5158] white noise for Rcvr_800_GUPPI (4682 TOAs)...
  [J0709+0458] zeroing residuals...
  [J0709+0458] adding red noise...
  [J0709+0458] white noise for S-wide_PUPPI (595 TOAs)...
  [J0709+0458] white noise for L-wide_PUPPI (2435 TOAs)...
  [J0740+6620] zeroing residuals...
  [J0740+6620] adding red noise...
  [J0740+6620] white noise for Rcvr1_2_GUPPI (8265 TOAs)...
  [J0740+6620] white noise for Rcvr_800_GUPPI (5136 TOAs)...
  [J0931-1902] zeroing residuals...
  [J0931-1902] adding red noise...
  [J0931-1902] white noise for Rcvr1_2_GUPPI (2054 TOAs)...
  [J0931-1902] white noise for Rcvr_800_GUPPI (3419 TOAs)...
  [J1012+5307] zeroing residuals...
  [J1012+5307] adding red noise...
  [J1012+5307] white noise for Rcvr1_2_GUPPI (12849 TOAs)...
  [J1012+5307] white noise for Rcvr1_2_GASP (1479 TOAs)...
  [J1012+5307] white noise for Rcvr_800_GASP (1210 TOAs)...
  [J1012+5307] white noise for Rcvr_800_GUPPI (10299 TOAs)...
  [J1012-4235] zeroing residuals...
  [J1012-4235] adding red noise...
  [J1012-4235] white noise for Rcvr1_2_GUPPI (455 TOAs)...
  [J1012-4235] white noise for Rcvr_800_GUPPI (342 TOAs)...
  [J1022+1001] zeroing residuals...
  [J1022+1001] adding red noise...
  [J1022+1001] white noise for S-wide_PUPPI (1154 TOAs)...
  [J1022+1001] white noise for 430_PUPPI (232 TOAs)...
  [J1022+1001] white noise for L-wide_PUPPI (2592 TOAs)...
  [J1024-0719] zeroing residuals...
  [J1024-0719] adding red noise...
  [J1024-0719] white noise for Rcvr1_2_GUPPI (7086 TOAs)...
  [J1024-0719] white noise for Rcvr1_2_GASP (43 TOAs)...
  [J1024-0719] white noise for Rcvr_800_GASP (51 TOAs)...
  [J1024-0719] white noise for Rcvr_800_GUPPI (5455 TOAs)...
  [J1125+7819] zeroing residuals...
  [J1125+7819] adding red noise...
  [J1125+7819] white noise for Rcvr1_2_GUPPI (4016 TOAs)...
  [J1125+7819] white noise for Rcvr_800_GUPPI (4707 TOAs)...
  [J1312+0051] zeroing residuals...
  [J1312+0051] adding red noise...
  [J1312+0051] white noise for S-wide_PUPPI (416 TOAs)...
  [J1312+0051] white noise for L-wide_PUPPI (1289 TOAs)...
  [J1453+1902] zeroing residuals...
  [J1453+1902] adding red noise...
  [J1453+1902] white noise for S-wide_PUPPI (4 TOAs)...
  [J1453+1902] white noise for 430_PUPPI (425 TOAs)...
  [J1453+1902] white noise for L-wide_PUPPI (2122 TOAs)...
  [J1455-3330] zeroing residuals...
  [J1455-3330] adding red noise...
  [J1455-3330] white noise for Rcvr1_2_GUPPI (4932 TOAs)...
  [J1455-3330] white noise for Rcvr1_2_GASP (564 TOAs)...
  [J1455-3330] white noise for Rcvr_800_GASP (479 TOAs)...
  [J1455-3330] white noise for Rcvr_800_GUPPI (4843 TOAs)...
  [J1600-3053] zeroing residuals...
  [J1600-3053] adding red noise...
  [J1600-3053] white noise for Rcvr_800_GUPPI (8796 TOAs)...
  [J1600-3053] white noise for Rcvr1_2_GASP (457 TOAs)...
  [J1600-3053] white noise for Rcvr_800_GASP (297 TOAs)...
  [J1600-3053] white noise for Rcvr1_2_GUPPI (10168 TOAs)...
  [J1600-3053] white noise for 3GHz_YUPPI (3237 TOAs)...
  [J1614-2230] zeroing residuals...
  [J1614-2230] adding red noise...
  [J1614-2230] white noise for Rcvr1_2_GUPPI (10509 TOAs)...
  [J1614-2230] white noise for Rcvr1_2_GASP (84 TOAs)...
  [J1614-2230] white noise for Rcvr_800_GASP (84 TOAs)...
  [J1614-2230] white noise for Rcvr_800_GUPPI (7768 TOAs)...
  [J1630+3734] zeroing residuals...
  [J1630+3734] adding red noise...
  [J1630+3734] white noise for Rcvr1_2_GUPPI (909 TOAs)...
  [J1630+3734] white noise for Rcvr_800_GUPPI (906 TOAs)...
  [J1640+2224] zeroing residuals...
  [J1640+2224] adding red noise...
  [J1640+2224] white noise for L-wide_ASP (722 TOAs)...
  [J1640+2224] white noise for 430_PUPPI (3157 TOAs)...
  [J1640+2224] white noise for L-wide_PUPPI (9847 TOAs)...
  [J1640+2224] white noise for 430_ASP (340 TOAs)...
  [J1643-1224] zeroing residuals...
  [J1643-1224] adding red noise...
  [J1643-1224] white noise for Rcvr_800_GUPPI (7734 TOAs)...
  [J1643-1224] white noise for Rcvr1_2_GASP (833 TOAs)...
  [J1643-1224] white noise for Rcvr_800_GASP (559 TOAs)...
  [J1643-1224] white noise for Rcvr1_2_GUPPI (8803 TOAs)...
  [J1643-1224] white noise for 3GHz_YUPPI (4215 TOAs)...
  [J1705-1903] zeroing residuals...
  [J1705-1903] adding red noise...
  [J1705-1903] white noise for Rcvr1_2_GUPPI (6350 TOAs)...
  [J1705-1903] white noise for Rcvr_800_GUPPI (3521 TOAs)...
  [J1713+0747] zeroing residuals...
  [J1713+0747] adding red noise...
  [J1713+0747] white noise for Rcvr_800_GUPPI (8479 TOAs)...
  [J1713+0747] white noise for S-wide_PUPPI (7482 TOAs)...
  [J1713+0747] white noise for L-wide_PUPPI (12743 TOAs)...
  [J1713+0747] white noise for Rcvr1_2_GASP (1109 TOAs)...
  [J1713+0747] white noise for Rcvr_800_GASP (1032 TOAs)...
  [J1713+0747] white noise for L-wide_ASP (843 TOAs)...
  [J1713+0747] white noise for 1.5GHz_YUPPI (1461 TOAs)...
  [J1713+0747] white noise for S-wide_ASP (624 TOAs)...
  [J1713+0747] white noise for Rcvr1_2_GUPPI (22334 TOAs)...
  [J1713+0747] white noise for 3GHz_YUPPI (3282 TOAs)...
  [J1719-1438] zeroing residuals...
  [J1719-1438] adding red noise...
  [J1719-1438] white noise for Rcvr1_2_GUPPI (2722 TOAs)...
  [J1719-1438] white noise for Rcvr_800_GUPPI (3634 TOAs)...
  [J1730-2304] zeroing residuals...
  [J1730-2304] adding red noise...
  [J1730-2304] white noise for Rcvr1_2_GUPPI (2367 TOAs)...
  [J1730-2304] white noise for Rcvr_800_GUPPI (2503 TOAs)...
  [J1738+0333] zeroing residuals...
  [J1738+0333] adding red noise...
  [J1738+0333] white noise for S-wide_ASP (134 TOAs)...
  [J1738+0333] white noise for L-wide_ASP (201 TOAs)...
  [J1738+0333] white noise for L-wide_PUPPI (6718 TOAs)...
  [J1738+0333] white noise for S-wide_PUPPI (1737 TOAs)...
  [J1741+1351] zeroing residuals...
  [J1741+1351] adding red noise...
  [J1741+1351] white noise for L-wide_PUPPI (4045 TOAs)...
  [J1741+1351] white noise for 430_ASP (27 TOAs)...
  [J1741+1351] white noise for L-wide_ASP (236 TOAs)...
  [J1741+1351] white noise for 430_PUPPI (1159 TOAs)...
  [J1741+1351] white noise for S-wide_ASP (115 TOAs)...
  [J1744-1134] zeroing residuals...
  [J1744-1134] adding red noise...
  [J1744-1134] white noise for Rcvr1_2_GUPPI (8109 TOAs)...
  [J1744-1134] white noise for Rcvr1_2_GASP (807 TOAs)...
  [J1744-1134] white noise for Rcvr_800_GASP (930 TOAs)...
  [J1744-1134] white noise for Rcvr_800_GUPPI (7899 TOAs)...
  [J1745+1017] zeroing residuals...
  [J1745+1017] adding red noise...
  [J1745+1017] white noise for S-wide_PUPPI (838 TOAs)...
  [J1745+1017] white noise for L-wide_PUPPI (2179 TOAs)...
  [J1747-4036] zeroing residuals...
  [J1747-4036] adding red noise...
  [J1747-4036] white noise for Rcvr1_2_GUPPI (5239 TOAs)...
  [J1747-4036] white noise for Rcvr_800_GUPPI (5816 TOAs)...
  [J1751-2857] zeroing residuals...
  [J1751-2857] adding red noise...
  [J1751-2857] white noise for Rcvr1_2_GUPPI (1786 TOAs)...
  [J1751-2857] white noise for Rcvr_800_GUPPI (239 TOAs)...
  [J1802-2124] zeroing residuals...
  [J1802-2124] adding red noise...
  [J1802-2124] white noise for Rcvr1_2_GUPPI (3231 TOAs)...
  [J1802-2124] white noise for Rcvr_800_GUPPI (3565 TOAs)...
  [J1811-2405] zeroing residuals...
  [J1811-2405] adding red noise...
  [J1811-2405] white noise for Rcvr1_2_GUPPI (2638 TOAs)...
  [J1811-2405] white noise for Rcvr_800_GUPPI (2628 TOAs)...
  [J1832-0836] zeroing residuals...
  [J1832-0836] adding red noise...
  [J1832-0836] white noise for Rcvr1_2_GUPPI (4661 TOAs)...
  [J1832-0836] white noise for Rcvr_800_GUPPI (3078 TOAs)...
  [J1843-1113] zeroing residuals...
  [J1843-1113] adding red noise...
  [J1843-1113] white noise for Rcvr1_2_GUPPI (2394 TOAs)...
  [J1843-1113] white noise for Rcvr_800_GUPPI (2201 TOAs)...
  [J1853+1303] zeroing residuals...
  [J1853+1303] adding red noise...
  [J1853+1303] white noise for L-wide_ASP (33 TOAs)...
  [J1853+1303] white noise for 430_PUPPI (1151 TOAs)...
  [J1853+1303] white noise for L-wide_PUPPI (3362 TOAs)...
  [J1853+1303] white noise for 430_ASP (24 TOAs)...
  [J1903+0327] zeroing residuals...
  [J1903+0327] adding red noise...
  [J1903+0327] white noise for S-wide_PUPPI (2282 TOAs)...
  [J1903+0327] white noise for L-wide_PUPPI (3845 TOAs)...
  [J1903+0327] white noise for L-wide_ASP (139 TOAs)...
  [J1903+0327] white noise for S-wide_ASP (151 TOAs)...
  [J1903+0327] white noise for 3GHz_YUPPI (439 TOAs)...
  [J1909-3744] zeroing residuals...
  [J1909-3744] adding red noise...
  [J1909-3744] white noise for Rcvr_800_GUPPI (9399 TOAs)...
  [J1909-3744] white noise for Rcvr1_2_GASP (808 TOAs)...
  [J1909-3744] white noise for Rcvr_800_GASP (866 TOAs)...
  [J1909-3744] white noise for Rcvr1_2_GUPPI (20439 TOAs)...
  [J1909-3744] white noise for 3GHz_YUPPI (3525 TOAs)...
  [J1910+1256] zeroing residuals...
  [J1910+1256] adding red noise...
  [J1910+1256] white noise for S-wide_ASP (208 TOAs)...
  [J1910+1256] white noise for L-wide_ASP (297 TOAs)...
  [J1910+1256] white noise for L-wide_PUPPI (4124 TOAs)...
  [J1910+1256] white noise for S-wide_PUPPI (1857 TOAs)...
  [J1911+1347] zeroing residuals...
  [J1911+1347] adding red noise...
  [J1911+1347] white noise for 430_PUPPI (753 TOAs)...
  [J1911+1347] white noise for L-wide_PUPPI (3033 TOAs)...
  [J1918-0642] zeroing residuals...
  [J1918-0642] adding red noise...
  [J1918-0642] white noise for Rcvr1_2_GUPPI (8910 TOAs)...
  [J1918-0642] white noise for Rcvr1_2_GASP (778 TOAs)...
  [J1918-0642] white noise for Rcvr_800_GASP (835 TOAs)...
  [J1918-0642] white noise for Rcvr_800_GUPPI (8352 TOAs)...
  [J1923+2515] zeroing residuals...
  [J1923+2515] adding red noise...
  [J1923+2515] white noise for L-wide_ASP (14 TOAs)...
  [J1923+2515] white noise for 430_PUPPI (922 TOAs)...
  [J1923+2515] white noise for L-wide_PUPPI (3028 TOAs)...
  [J1923+2515] white noise for 430_ASP (10 TOAs)...
  [J1944+0907] zeroing residuals...
  [J1944+0907] adding red noise...
  [J1944+0907] white noise for L-wide_PUPPI (3900 TOAs)...
  [J1944+0907] white noise for 430_ASP (38 TOAs)...
  [J1944+0907] white noise for L-wide_ASP (257 TOAs)...
  [J1944+0907] white noise for 430_PUPPI (1017 TOAs)...
  [J1944+0907] white noise for S-wide_ASP (116 TOAs)...
  [J1946+3417] zeroing residuals...
  [J1946+3417] adding red noise...
  [J1946+3417] white noise for S-wide_PUPPI (1546 TOAs)...
  [J1946+3417] white noise for L-wide_PUPPI (3197 TOAs)...
  [J2010-1323] zeroing residuals...
  [J2010-1323] adding red noise...
  [J2010-1323] white noise for Rcvr1_2_GUPPI (7779 TOAs)...
  [J2010-1323] white noise for Rcvr1_2_GASP (70 TOAs)...
  [J2010-1323] white noise for Rcvr_800_GASP (70 TOAs)...
  [J2010-1323] white noise for Rcvr_800_GUPPI (9158 TOAs)...
  [J2017+0603] zeroing residuals...
  [J2017+0603] adding red noise...
  [J2017+0603] white noise for L-wide_ASP (16 TOAs)...
  [J2017+0603] white noise for 430_PUPPI (78 TOAs)...
  [J2017+0603] white noise for L-wide_PUPPI (2569 TOAs)...
  [J2017+0603] white noise for S-wide_PUPPI (849 TOAs)...
  [J2033+1734] zeroing residuals...
  [J2033+1734] adding red noise...
  [J2033+1734] white noise for 430_PUPPI (797 TOAs)...
  [J2033+1734] white noise for L-wide_PUPPI (3050 TOAs)...
  [J2043+1711] zeroing residuals...
  [J2043+1711] adding red noise...
  [J2043+1711] white noise for L-wide_ASP (40 TOAs)...
  [J2043+1711] white noise for 430_PUPPI (2908 TOAs)...
  [J2043+1711] white noise for L-wide_PUPPI (4419 TOAs)...
  [J2043+1711] white noise for 430_ASP (30 TOAs)...
  [J2124-3358] zeroing residuals...
  [J2124-3358] adding red noise...
  [J2124-3358] white noise for Rcvr1_2_GUPPI (2957 TOAs)...
  [J2124-3358] white noise for Rcvr_800_GUPPI (2025 TOAs)...
  [J2145-0750] zeroing residuals...
  [J2145-0750] adding red noise...
  [J2145-0750] white noise for Rcvr1_2_GUPPI (9158 TOAs)...
  [J2145-0750] white noise for Rcvr1_2_GASP (427 TOAs)...
  [J2145-0750] white noise for Rcvr_800_GASP (362 TOAs)...
  [J2145-0750] white noise for Rcvr_800_GUPPI (8728 TOAs)...
  [J2214+3000] zeroing residuals...
  [J2214+3000] adding red noise...
  [J2214+3000] white noise for L-wide_ASP (9 TOAs)...
  [J2214+3000] white noise for L-wide_PUPPI (5829 TOAs)...
  [J2214+3000] white noise for S-wide_PUPPI (1568 TOAs)...
  [J2229+2643] zeroing residuals...
  [J2229+2643] adding red noise...
  [J2229+2643] white noise for 430_PUPPI (956 TOAs)...
  [J2229+2643] white noise for L-wide_PUPPI (2755 TOAs)...
  [J2234+0611] zeroing residuals...
  [J2234+0611] adding red noise...
  [J2234+0611] white noise for 430_PUPPI (653 TOAs)...
  [J2234+0611] white noise for L-wide_PUPPI (2913 TOAs)...
  [J2234+0944] zeroing residuals...
  [J2234+0944] adding red noise...
  [J2234+0944] white noise for S-wide_PUPPI (2532 TOAs)...
  [J2234+0944] white noise for L-wide_PUPPI (5003 TOAs)...
  [J2302+4442] zeroing residuals...
  [J2302+4442] adding red noise...
  [J2302+4442] white noise for Rcvr1_2_GUPPI (3779 TOAs)...
  [J2302+4442] white noise for Rcvr_800_GUPPI (6432 TOAs)...
  [J2317+1439] zeroing residuals...
  [J2317+1439] adding red noise...
  [J2317+1439] white noise for 327_ASP (413 TOAs)...
  [J2317+1439] white noise for L-wide_PUPPI (9563 TOAs)...
  [J2317+1439] white noise for 430_ASP (458 TOAs)...
  [J2317+1439] white noise for 327_PUPPI (276 TOAs)...
  [J2317+1439] white noise for 430_PUPPI (3217 TOAs)...
  [J2322+2057] zeroing residuals...
  [J2322+2057] adding red noise...
  [J2322+2057] white noise for S-wide_PUPPI (140 TOAs)...
  [J2322+2057] white noise for 430_PUPPI (752 TOAs)...
  [J2322+2057] white noise for L-wide_PUPPI (2196 TOAs)...
Resetting pulsars to clean stoas...
Restore: 0.00 s
Inject: 0.00 s
Snapshotting into enterprise Pulsar objects...
Building PTA...
PTA build: 515.81 s
Computing optimal statistic...
OS time: 77.18 s
Total: 592.99 s
Noise-only SNR baseline: -0.7460

Generating SNR-consistent population...
Target SNR: 4.0
Resetting pulsars to clean stoas...
Restore: 0.00 s
Injecting population...
  B1855+09: RMS = 2045.494 ns
  B1937+21: RMS = 1920.531 ns
  B1953+29: RMS = 1122.101 ns
  J0023+0923: RMS = 762.283 ns
  J0030+0451: RMS = 1800.177 ns
  J0340+4130: RMS = 3165.847 ns
  J0406+3039: RMS = 1852.160 ns
  J0437-4715: RMS = 2287.229 ns
  J0509+0856: RMS = 2921.572 ns
  J0557+1551: RMS = 2190.163 ns
  J0605+3757: RMS = 1292.350 ns
  J0610-2100: RMS = 1229.185 ns
  J0613-0200: RMS = 2218.961 ns
  J0636+5128: RMS = 1596.234 ns
  J0645+5158: RMS = 1787.326 ns
  J0709+0458: RMS = 1827.207 ns
  J0740+6620: RMS = 1637.147 ns
  J0931-1902: RMS = 1997.635 ns
  J1012+5307: RMS = 2586.910 ns
  J1012-4235: RMS = 2032.882 ns
  J1022+1001: RMS = 4254.731 ns
  J1024-0719: RMS = 2721.130 ns
  J1125+7819: RMS = 1620.778 ns
  J1312+0051: RMS = 1363.823 ns
  J1453+1902: RMS = 811.297 ns
  J1455-3330: RMS = 3074.304 ns
  J1600-3053: RMS = 2841.736 ns
  J1614-2230: RMS = 2884.972 ns
  J1630+3734: RMS = 1749.616 ns
  J1640+2224: RMS = 2111.099 ns
  J1643-1224: RMS = 1811.445 ns
  J1705-1903: RMS = 1094.695 ns
  J1713+0747: RMS = 3008.102 ns
  J1719-1438: RMS = 1474.921 ns
  J1730-2304: RMS = 1437.880 ns
  J1738+0333: RMS = 3866.974 ns
  J1741+1351: RMS = 2811.076 ns
  J1744-1134: RMS = 3203.527 ns
  J1745+1017: RMS = 2124.913 ns
  J1747-4036: RMS = 1851.803 ns
  J1751-2857: RMS = 1159.254 ns
  J1802-2124: RMS = 1675.380 ns
  J1811-2405: RMS = 1686.597 ns
  J1832-0836: RMS = 2787.748 ns
  J1843-1113: RMS = 977.648 ns
  J1853+1303: RMS = 1885.348 ns
  J1903+0327: RMS = 2105.141 ns
  J1909-3744: RMS = 3034.021 ns
  J1910+1256: RMS = 1604.157 ns
  J1911+1347: RMS = 1955.114 ns
  J1918-0642: RMS = 2635.340 ns
  J1923+2515: RMS = 1058.129 ns
  J1944+0907: RMS = 2102.162 ns
  J1946+3417: RMS = 2864.952 ns
  J2010-1323: RMS = 1648.167 ns
  J2017+0603: RMS = 1798.545 ns
  J2033+1734: RMS = 3292.951 ns
  J2043+1711: RMS = 1167.767 ns
  J2124-3358: RMS = 290.771 ns
  J2145-0750: RMS = 2847.345 ns
  J2214+3000: RMS = 1753.625 ns
  J2229+2643: RMS = 2883.242 ns
  J2234+0611: RMS = 594.262 ns
  J2234+0944: RMS = 636.577 ns
  J2302+4442: RMS = 2804.580 ns
  J2317+1439: RMS = 994.601 ns
  J2322+2057: RMS = 2133.556 ns
Inject: 0.64 s
Snapshotting into enterprise Pulsar objects...
Building PTA...
PTA build: 506.57 s
Computing optimal statistic...
OS time: 72.84 s
Total: 580.05 s
Initial SNR: 60.3299, Target SNR: 4.0000
  Initial SNR 60.3299 outside of provided SNR_range [3.5, 4.25] — rescaling.
Scaling distances by factor 3.5873 to achieve target SNR...
Resetting pulsars to clean stoas...
Restore: 0.00 s
Injecting population...
  B1855+09: RMS = 570.200 ns
  B1937+21: RMS = 535.365 ns
  B1953+29: RMS = 312.796 ns
  J0023+0923: RMS = 212.493 ns
  J0030+0451: RMS = 501.815 ns
  J0340+4130: RMS = 882.508 ns
  J0406+3039: RMS = 516.306 ns
  J0437-4715: RMS = 637.586 ns
  J0509+0856: RMS = 814.414 ns
  J0557+1551: RMS = 610.528 ns
  J0605+3757: RMS = 360.254 ns
  J0610-2100: RMS = 342.646 ns
  J0613-0200: RMS = 618.555 ns
  J0636+5128: RMS = 444.964 ns
  J0645+5158: RMS = 498.233 ns
  J0709+0458: RMS = 509.350 ns
  J0740+6620: RMS = 456.369 ns
  J0931-1902: RMS = 556.859 ns
  J1012+5307: RMS = 721.124 ns
  J1012-4235: RMS = 566.684 ns
  J1022+1001: RMS = 1186.045 ns
  J1024-0719: RMS = 758.539 ns
  J1125+7819: RMS = 451.806 ns
  J1312+0051: RMS = 380.178 ns
  J1453+1902: RMS = 226.156 ns
  J1455-3330: RMS = 856.990 ns
  J1600-3053: RMS = 792.160 ns
  J1614-2230: RMS = 804.212 ns
  J1630+3734: RMS = 487.721 ns
  J1640+2224: RMS = 588.488 ns
  J1643-1224: RMS = 504.956 ns
  J1705-1903: RMS = 305.156 ns
  J1713+0747: RMS = 838.536 ns
  J1719-1438: RMS = 411.147 ns
  J1730-2304: RMS = 400.822 ns
  J1738+0333: RMS = 1077.954 ns
  J1741+1351: RMS = 783.613 ns
  J1744-1134: RMS = 893.012 ns
  J1745+1017: RMS = 592.339 ns
  J1747-4036: RMS = 516.207 ns
  J1751-2857: RMS = 323.153 ns
  J1802-2124: RMS = 467.027 ns
  J1811-2405: RMS = 470.154 ns
  J1832-0836: RMS = 777.110 ns
  J1843-1113: RMS = 272.528 ns
  J1853+1303: RMS = 525.558 ns
  J1903+0327: RMS = 586.827 ns
  J1909-3744: RMS = 845.760 ns
  J1910+1256: RMS = 447.173 ns
  J1911+1347: RMS = 545.006 ns
  J1918-0642: RMS = 734.625 ns
  J1923+2515: RMS = 294.963 ns
  J1944+0907: RMS = 585.996 ns
  J1946+3417: RMS = 798.631 ns
  J2010-1323: RMS = 459.441 ns
  J2017+0603: RMS = 501.360 ns
  J2033+1734: RMS = 917.940 ns
  J2043+1711: RMS = 325.526 ns
  J2124-3358: RMS = 81.055 ns
  J2145-0750: RMS = 793.723 ns
  J2214+3000: RMS = 488.839 ns
  J2229+2643: RMS = 803.730 ns
  J2234+0611: RMS = 165.656 ns
  J2234+0944: RMS = 177.452 ns
  J2302+4442: RMS = 781.802 ns
  J2317+1439: RMS = 277.254 ns
  J2322+2057: RMS = 594.748 ns
Inject: 0.65 s
Snapshotting into enterprise Pulsar objects...
Building PTA...
PTA build: 508.82 s
Computing optimal statistic...
OS time: 77.83 s
Total: 587.30 s
  SNR 0.2720 outside of provided SNR_range [3.5, 4.25] — rescaling.
[Iteration 1/4] SNR after scaling: 0.2720 (target: 4.0000)
  SNR history: it0→60.3299@1.0000x, it1→0.2720@3.5873x
  Re-scaling distances by factor 0.5280  (cumulative after: 1.8940×)
Resetting pulsars to clean stoas...
Restore: 23.80 s
Injecting population...
  B1855+09: RMS = 1079.973 ns
  B1937+21: RMS = 1013.995 ns
  B1953+29: RMS = 592.443 ns
  J0023+0923: RMS = 402.467 ns
  J0030+0451: RMS = 950.451 ns
  J0340+4130: RMS = 1671.492 ns
  J0406+3039: RMS = 977.897 ns
  J0437-4715: RMS = 1207.603 ns
  J0509+0856: RMS = 1542.521 ns
  J0557+1551: RMS = 1156.354 ns
  J0605+3757: RMS = 682.330 ns
  J0610-2100: RMS = 648.980 ns
  J0613-0200: RMS = 1171.559 ns
  J0636+5128: RMS = 842.774 ns
  J0645+5158: RMS = 943.666 ns
  J0709+0458: RMS = 964.722 ns
  J0740+6620: RMS = 864.375 ns
  J0931-1902: RMS = 1054.704 ns
  J1012+5307: RMS = 1365.827 ns
  J1012-4235: RMS = 1073.314 ns
  J1022+1001: RMS = 2246.397 ns
  J1024-0719: RMS = 1436.692 ns
  J1125+7819: RMS = 855.732 ns
  J1312+0051: RMS = 720.066 ns
  J1453+1902: RMS = 428.345 ns
  J1455-3330: RMS = 1623.159 ns
  J1600-3053: RMS = 1500.369 ns
  J1614-2230: RMS = 1523.197 ns
  J1630+3734: RMS = 923.756 ns
  J1640+2224: RMS = 1114.610 ns
  J1643-1224: RMS = 956.400 ns
  J1705-1903: RMS = 577.973 ns
  J1713+0747: RMS = 1588.207 ns
  J1719-1438: RMS = 778.723 ns
  J1730-2304: RMS = 759.167 ns
  J1738+0333: RMS = 2041.671 ns
  J1741+1351: RMS = 1484.181 ns
  J1744-1134: RMS = 1691.386 ns
  J1745+1017: RMS = 1121.904 ns
  J1747-4036: RMS = 977.708 ns
  J1751-2857: RMS = 612.059 ns
  J1802-2124: RMS = 884.561 ns
  J1811-2405: RMS = 890.483 ns
  J1832-0836: RMS = 1471.865 ns
  J1843-1113: RMS = 516.175 ns
  J1853+1303: RMS = 995.419 ns
  J1903+0327: RMS = 1111.464 ns
  J1909-3744: RMS = 1601.891 ns
  J1910+1256: RMS = 846.957 ns
  J1911+1347: RMS = 1032.254 ns
  J1918-0642: RMS = 1391.397 ns
  J1923+2515: RMS = 558.667 ns
  J1944+0907: RMS = 1109.892 ns
  J1946+3417: RMS = 1512.627 ns
  J2010-1323: RMS = 870.193 ns
  J2017+0603: RMS = 949.589 ns
  J2033+1734: RMS = 1738.600 ns
  J2043+1711: RMS = 616.553 ns
  J2124-3358: RMS = 153.520 ns
  J2145-0750: RMS = 1503.331 ns
  J2214+3000: RMS = 925.872 ns
  J2229+2643: RMS = 1522.284 ns
  J2234+0611: RMS = 313.756 ns
  J2234+0944: RMS = 336.098 ns
  J2302+4442: RMS = 1480.752 ns
  J2317+1439: RMS = 525.126 ns
  J2322+2057: RMS = 1126.467 ns
Inject: 0.91 s
Snapshotting into enterprise Pulsar objects...
Building PTA...
PTA build: 525.86 s
Computing optimal statistic...
OS time: 63.50 s
Total: 614.07 s
  SNR 11.6584 outside of provided SNR_range [3.5, 4.25] — rescaling.
[Iteration 2/4] SNR after scaling: 11.6584 (target: 4.0000)
  SNR history: it0→60.3299@1.0000x, it1→0.2720@3.5873x, it2→11.6584@1.8940x
  Re-scaling distances by factor 1.3762  (cumulative after: 2.6066×)
Resetting pulsars to clean stoas...
Restore: 0.01 s
Injecting population...
  B1855+09: RMS = 784.729 ns
  B1937+21: RMS = 736.789 ns
  B1953+29: RMS = 430.481 ns
  J0023+0923: RMS = 292.441 ns
  J0030+0451: RMS = 690.616 ns
  J0340+4130: RMS = 1214.539 ns
  J0406+3039: RMS = 710.559 ns
  J0437-4715: RMS = 877.468 ns
  J0509+0856: RMS = 1120.826 ns
  J0557+1551: RMS = 840.230 ns
  J0605+3757: RMS = 495.794 ns
  J0610-2100: RMS = 471.562 ns
  J0613-0200: RMS = 851.278 ns
  J0636+5128: RMS = 612.376 ns
  J0645+5158: RMS = 685.686 ns
  J0709+0458: RMS = 700.986 ns
  J0740+6620: RMS = 628.072 ns
  J0931-1902: RMS = 766.369 ns
  J1012+5307: RMS = 992.437 ns
  J1012-4235: RMS = 779.891 ns
  J1022+1001: RMS = 1632.277 ns
  J1024-0719: RMS = 1043.929 ns
  J1125+7819: RMS = 621.792 ns
  J1312+0051: RMS = 523.214 ns
  J1453+1902: RMS = 311.244 ns
  J1455-3330: RMS = 1179.420 ns
  J1600-3053: RMS = 1090.198 ns
  J1614-2230: RMS = 1106.785 ns
  J1630+3734: RMS = 671.219 ns
  J1640+2224: RMS = 809.898 ns
  J1643-1224: RMS = 694.939 ns
  J1705-1903: RMS = 419.967 ns
  J1713+0747: RMS = 1154.022 ns
  J1719-1438: RMS = 565.836 ns
  J1730-2304: RMS = 551.626 ns
  J1738+0333: RMS = 1483.518 ns
  J1741+1351: RMS = 1078.436 ns
  J1744-1134: RMS = 1228.995 ns
  J1745+1017: RMS = 815.197 ns
  J1747-4036: RMS = 710.422 ns
  J1751-2857: RMS = 444.734 ns
  J1802-2124: RMS = 642.740 ns
  J1811-2405: RMS = 647.043 ns
  J1832-0836: RMS = 1069.486 ns
  J1843-1113: RMS = 375.063 ns
  J1853+1303: RMS = 723.291 ns
  J1903+0327: RMS = 807.612 ns
  J1909-3744: RMS = 1163.966 ns
  J1910+1256: RMS = 615.416 ns
  J1911+1347: RMS = 750.056 ns
  J1918-0642: RMS = 1011.017 ns
  J1923+2515: RMS = 405.939 ns
  J1944+0907: RMS = 806.469 ns
  J1946+3417: RMS = 1099.105 ns
  J2010-1323: RMS = 632.299 ns
  J2017+0603: RMS = 689.990 ns
  J2033+1734: RMS = 1263.301 ns
  J2043+1711: RMS = 448.000 ns
  J2124-3358: RMS = 111.551 ns
  J2145-0750: RMS = 1092.350 ns
  J2214+3000: RMS = 672.757 ns
  J2229+2643: RMS = 1106.121 ns
  J2234+0611: RMS = 227.982 ns
  J2234+0944: RMS = 244.215 ns
  J2302+4442: RMS = 1075.944 ns
  J2317+1439: RMS = 381.567 ns
  J2322+2057: RMS = 818.513 ns
Inject: 0.73 s
Snapshotting into enterprise Pulsar objects...
Building PTA...
PTA build: 503.74 s
Computing optimal statistic...
OS time: 76.75 s
Total: 581.22 s
  ✓ SNR is within the provided SNR_range: 3.8561 ∈ [3.5, 4.25]

Final SNR history:
  it 0: cumulative_scale=1.0000×  SNR=60.3299
  it 1: cumulative_scale=3.5873×  SNR=0.2720
  it 2: cumulative_scale=1.8940×  SNR=11.6584
  it 3: cumulative_scale=2.6066×  SNR=3.8561
✓ Simulation 1 done (2365.8 s)

======================================================================
ENSEMBLE SUMMARY
======================================================================
Success rate: 100.0% (1/1)

Binaries per population:
  Mean ± std : 500 ± 0
  Range      : [500, 500]

SNR achieved:
  Mean ± std : 3.8561 ± 0.0000
  Range      : [3.8561, 3.8561]

Total time: 3015.3 s (50.3 min)
======================================================================

💾 Saved: data/2026-04-29/optimistic_run_94/consistent_population_optimistic_targetSNR4.25_sims1.json
💾 Saved compressed pickle: data/2026-04-29/optimistic_run_94/consistent_population_optimistic_targetSNR4.25_sims1.pkl.gz

======================================================================
CONTINUOUS WAVE SNR ANALYSIS
======================================================================

--- Population 1 ---
Precomputation of phiinvs, TNTs, Ts, Nvecs, Sigmas took 0.11 seconds.
Total SNR computation for population took 302.76 seconds.
Top 50 CGW candidates:
   1. proxy_rank=   3  sky_w=0.74  f=6.14e-09 Hz  Mc=6.87e+10 Msun  h0=3.46e-14  SNR=22.350
   2. proxy_rank=   4  sky_w=1.49  f=4.32e-09 Hz  Mc=3.54e+10 Msun  h0=1.04e-14  SNR=13.742
   3. proxy_rank=   8  sky_w=0.64  f=4.61e-09 Hz  Mc=3.52e+10 Msun  h0=1.50e-14  SNR=9.532
   4. proxy_rank=   2  sky_w=1.01  f=2.86e-09 Hz  Mc=5.20e+10 Msun  h0=1.30e-14  SNR=5.293
   5. proxy_rank=   1  sky_w=1.13  f=2.13e-09 Hz  Mc=6.40e+10 Msun  h0=1.57e-14  SNR=3.195
   6. proxy_rank=  27  sky_w=0.68  f=5.74e-09 Hz  Mc=1.35e+10 Msun  h0=3.91e-15  SNR=3.062
   7. proxy_rank=  24  sky_w=0.64  f=9.04e-09 Hz  Mc=1.97e+10 Msun  h0=8.37e-15  SNR=2.671
   8. proxy_rank=  14  sky_w=1.10  f=3.90e-09 Hz  Mc=2.57e+10 Msun  h0=4.86e-15  SNR=2.580
   9. proxy_rank=  10  sky_w=1.53  f=2.41e-09 Hz  Mc=2.37e+10 Msun  h0=3.11e-15  SNR=1.945
  10. proxy_rank=  22  sky_w=0.87  f=5.62e-09 Hz  Mc=1.92e+10 Msun  h0=4.18e-15  SNR=1.913
  11. proxy_rank=  12  sky_w=1.09  f=2.15e-09 Hz  Mc=1.69e+10 Msun  h0=3.38e-15  SNR=1.568
  12. proxy_rank=  17  sky_w=1.04  f=2.46e-09 Hz  Mc=2.19e+10 Msun  h0=2.80e-15  SNR=1.525
  13. proxy_rank=   9  sky_w=1.20  f=2.34e-09 Hz  Mc=2.43e+10 Msun  h0=3.86e-15  SNR=1.506
  14. proxy_rank=   7  sky_w=1.34  f=2.06e-09 Hz  Mc=2.65e+10 Msun  h0=3.42e-15  SNR=1.284
  15. proxy_rank=  11  sky_w=1.61  f=2.44e-09 Hz  Mc=2.11e+10 Msun  h0=2.86e-15  SNR=1.222
  16. proxy_rank=  18  sky_w=0.79  f=2.37e-09 Hz  Mc=2.47e+10 Msun  h0=3.30e-15  SNR=1.181
  17. proxy_rank=  20  sky_w=1.53  f=2.38e-09 Hz  Mc=1.38e+10 Msun  h0=1.66e-15  SNR=1.103
  18. proxy_rank=  15  sky_w=0.80  f=3.11e-09 Hz  Mc=2.40e+10 Msun  h0=4.92e-15  SNR=1.031
  19. proxy_rank=   5  sky_w=1.02  f=2.18e-09 Hz  Mc=3.30e+10 Msun  h0=6.69e-15  SNR=1.024
  20. proxy_rank=  16  sky_w=0.86  f=2.11e-09 Hz  Mc=2.36e+10 Msun  h0=2.95e-15  SNR=0.966
  21. proxy_rank=   6  sky_w=1.43  f=2.19e-09 Hz  Mc=2.76e+10 Msun  h0=3.86e-15  SNR=0.940
  22. proxy_rank=  70  sky_w=0.72  f=1.70e-08 Hz  Mc=5.51e+09 Msun  h0=1.01e-15  SNR=0.924
  23. proxy_rank=  33  sky_w=0.49  f=3.87e-09 Hz  Mc=1.21e+10 Msun  h0=1.83e-15  SNR=0.799
  24. proxy_rank=  13  sky_w=1.37  f=2.24e-09 Hz  Mc=2.22e+10 Msun  h0=2.76e-15  SNR=0.754
  25. proxy_rank=  25  sky_w=1.45  f=3.34e-09 Hz  Mc=1.05e+10 Msun  h0=1.32e-15  SNR=0.752
  26. proxy_rank=  38  sky_w=0.65  f=3.97e-09 Hz  Mc=1.08e+10 Msun  h0=1.17e-15  SNR=0.748
  27. proxy_rank=  30  sky_w=1.12  f=3.03e-09 Hz  Mc=9.46e+09 Msun  h0=8.05e-16  SNR=0.633
  28. proxy_rank=  21  sky_w=0.54  f=2.27e-09 Hz  Mc=2.20e+10 Msun  h0=2.70e-15  SNR=0.627
  29. proxy_rank=  29  sky_w=0.63  f=2.94e-09 Hz  Mc=1.49e+10 Msun  h0=1.64e-15  SNR=0.602
  30. proxy_rank=  26  sky_w=0.57  f=4.15e-09 Hz  Mc=7.50e+09 Msun  h0=3.46e-15  SNR=0.587
  31. proxy_rank=  35  sky_w=1.39  f=3.39e-09 Hz  Mc=6.91e+09 Msun  h0=5.00e-16  SNR=0.492
  32. proxy_rank=  19  sky_w=0.74  f=2.04e-09 Hz  Mc=2.42e+10 Msun  h0=3.02e-15  SNR=0.488
  33. proxy_rank=  23  sky_w=1.25  f=2.01e-09 Hz  Mc=1.14e+10 Msun  h0=9.85e-16  SNR=0.479
  34. proxy_rank=  53  sky_w=1.03  f=4.44e-09 Hz  Mc=4.84e+09 Msun  h0=3.58e-16  SNR=0.398
  35. proxy_rank=  65  sky_w=0.58  f=5.61e-09 Hz  Mc=5.24e+09 Msun  h0=5.18e-16  SNR=0.379
  36. proxy_rank=  48  sky_w=0.84  f=4.07e-09 Hz  Mc=5.44e+09 Msun  h0=4.69e-16  SNR=0.371
  37. proxy_rank=  47  sky_w=1.49  f=4.22e-09 Hz  Mc=4.08e+09 Msun  h0=2.76e-16  SNR=0.319
  38. proxy_rank=  28  sky_w=1.12  f=1.98e-09 Hz  Mc=1.06e+10 Msun  h0=7.70e-16  SNR=0.316
  39. proxy_rank=  37  sky_w=1.60  f=3.32e-09 Hz  Mc=5.66e+09 Msun  h0=3.99e-16  SNR=0.257
  40. proxy_rank=  73  sky_w=0.57  f=5.47e-09 Hz  Mc=3.90e+09 Msun  h0=3.68e-16  SNR=0.241
  41. proxy_rank=  51  sky_w=0.50  f=3.25e-09 Hz  Mc=7.77e+09 Msun  h0=6.13e-16  SNR=0.236
  42. proxy_rank=  31  sky_w=1.01  f=2.97e-09 Hz  Mc=9.52e+09 Msun  h0=8.56e-16  SNR=0.234
  43. proxy_rank=  57  sky_w=1.13  f=3.71e-09 Hz  Mc=3.72e+09 Msun  h0=2.64e-16  SNR=0.225
  44. proxy_rank=  42  sky_w=1.31  f=2.85e-09 Hz  Mc=5.08e+09 Msun  h0=2.78e-16  SNR=0.213
  45. proxy_rank=  39  sky_w=1.59  f=3.35e-09 Hz  Mc=4.93e+09 Msun  h0=3.08e-16  SNR=0.209
  46. proxy_rank=  92  sky_w=0.87  f=2.01e-08 Hz  Mc=2.50e+09 Msun  h0=3.67e-16  SNR=0.164
  47. proxy_rank=  45  sky_w=1.56  f=3.31e-09 Hz  Mc=3.85e+09 Msun  h0=2.38e-16  SNR=0.158
  48. proxy_rank=  40  sky_w=1.09  f=3.16e-09 Hz  Mc=5.95e+09 Msun  h0=3.72e-16  SNR=0.151
  49. proxy_rank=  34  sky_w=1.28  f=2.04e-09 Hz  Mc=5.02e+09 Msun  h0=3.42e-16  SNR=0.140
  50. proxy_rank=  89  sky_w=1.33  f=1.33e-08 Hz  Mc=2.11e+09 Msun  h0=1.85e-16  SNR=0.137
💾 Saved: data/2026-04-29/optimistic_run_94/consistent_population_optimistic_targetSNR4.25_sims1.json
💾 Saved compressed pickle: data/2026-04-29/optimistic_run_94/consistent_population_optimistic_targetSNR4.25_sims1.pkl.gz
Saved to figures/cgw_analysis_optimistic.pdf

======================================================================
ANALYSIS COMPLETE
Results saved to: data/2026-04-29/optimistic_run_94
======================================================================

==========================================
Job finished at: Wed Apr 29 11:04:11 AEST 2026
Exit code: 0
==========================================

+------------------ Job Report: 11728628 (COMPLETED) ------------------+
| Memory (RAM)  [####################] 100.2% (32.1 GB peak / 32 GB)   |
| CPU           [################    ] 82.5% average                   |
| Time          [---------------->   ] 83.1% (0-00:58:09 / 0-01:10:00) |
|                                                                      |
| Lustre Filesystem:                                                   |
|   Path    Total Read    Total Write    Total IOPS                    |
|   ------  ------------  -------------  ------------                  |
|   /apps   20.1 MB       0 B            907                           |
|   /fred   3.1 MB        290.6 KB       58                            |
|   /home   236.2 MB      0 B            3.4 K                         |
|   OS      0 B           0 B            4                             |
+----------------------------------------------------------------------+
