==========================================
Job ID: 11717925
Job Name: smbhb_realistic
Node: dave305
Start Time: Tue Apr 28 16:58:15 AEST 2026
==========================================

/home/bhoulden/.conda/envs/smbhb312/share/tempo2
Working directory: /fred/oz005/users/bhoulden/SMBHB_population_injections

Loaded modules:

Starting SMBHB analysis...
==========================================

📁 Save directory: data/2026-04-28/realistic_run_80
📝 Run name: realistic_run_80

[MEM] Start: 243.9 MB

📡 Loading pulsars...
======================================================================
LOADING NANOGRAV PULSARS (libstempo)
======================================================================

📦 Loading from cache: nanograv_pulsars_cache.pkl
⚠ Cache load failed: Ran out of input
[DEBUG] Found 76 .par files
[tempo2Util.C:396] Warning: [MISC1] Unknown parameter in par file:  DMDATA
[tempo2Util.C:401] Warning: [DUP1] duplicated warnings have been suppressed.

WARNING: Using tempo RNAMP parameter: setting TNRedC to 100!
[observatory.C:271] Warning: Assuming site 'arecibo' means 'ao'
✓ Loaded B1855+09 (7758 TOAs)

WARNING: Using tempo RNAMP parameter: setting TNRedC to 100!
✓ Loaded B1937+21 (23023 TOAs)

WARNING: Using tempo RNAMP parameter: setting TNRedC to 100!
✓ Loaded B1937+21ao (7241 TOAs)

WARNING: Using tempo RNAMP parameter: setting TNRedC to 100!
✓ Loaded B1937+21gbt (16048 TOAs)

WARNING: Using tempo RNAMP parameter: setting TNRedC to 100!
✓ Loaded B1953+29 (5126 TOAs)
✓ Loaded J0023+0923 (15896 TOAs)

WARNING: Using tempo RNAMP parameter: setting TNRedC to 100!
✓ Loaded J0030+0451 (19571 TOAs)
✓ Loaded J0340+4130 (11093 TOAs)
✓ Loaded J0406+3039 (2446 TOAs)

WARNING: Using tempo RNAMP parameter: setting TNRedC to 100!
✓ Loaded J0437-4715 (5830 TOAs)
✓ Loaded J0509+0856 (2169 TOAs)
✓ Loaded J0557+1551 (525 TOAs)
✓ Loaded J0605+3757 (554 TOAs)

WARNING: Using tempo RNAMP parameter: setting TNRedC to 100!
✓ Loaded J0610-2100 (4885 TOAs)

WARNING: Using tempo RNAMP parameter: setting TNRedC to 100!
✓ Loaded J0613-0200 (17124 TOAs)
✓ Loaded J0614-3329 (1714 TOAs)
✓ Loaded J0636+5128 (32222 TOAs)
✓ Loaded J0645+5158 (10403 TOAs)
✓ Loaded J0709+0458 (3030 TOAs)
✓ Loaded J0740+6620 (13401 TOAs)
✓ Loaded J0931-1902 (5473 TOAs)

WARNING: Using tempo RNAMP parameter: setting TNRedC to 100!
✓ Loaded J1012+5307 (25837 TOAs)
✓ Loaded J1012-4235 (797 TOAs)
✓ Loaded J1022+1001 (3978 TOAs)
✓ Loaded J1024-0719 (12635 TOAs)
✓ Loaded J1125+7819 (8723 TOAs)
✓ Loaded J1312+0051 (1705 TOAs)
✓ Loaded J1453+1902 (2551 TOAs)
✓ Loaded J1455-3330 (10818 TOAs)

WARNING: Using tempo RNAMP parameter: setting TNRedC to 100!
✓ Loaded J1600-3053 (22955 TOAs)

WARNING: Using tempo RNAMP parameter: setting TNRedC to 100!
✓ Loaded J1600-3053gbt (19725 TOAs)

WARNING: Using tempo RNAMP parameter: setting TNRedC to 100!
✓ Loaded J1614-2230 (18445 TOAs)
✓ Loaded J1630+3734 (1815 TOAs)
✓ Loaded J1640+2224 (14066 TOAs)

WARNING: Using tempo RNAMP parameter: setting TNRedC to 100!
✓ Loaded J1643-1224 (22144 TOAs)

WARNING: Using tempo RNAMP parameter: setting TNRedC to 100!
✓ Loaded J1643-1224gbt (17932 TOAs)

WARNING: Using tempo RNAMP parameter: setting TNRedC to 100!
✓ Loaded J1705-1903 (9871 TOAs)

WARNING: Using tempo RNAMP parameter: setting TNRedC to 100!
✓ Loaded J1713+0747 (59389 TOAs)

WARNING: Using tempo RNAMP parameter: setting TNRedC to 100!
✓ Loaded J1713+0747ao (21362 TOAs)

WARNING: Using tempo RNAMP parameter: setting TNRedC to 100!
✓ Loaded J1713+0747gbt (32963 TOAs)
✓ Loaded J1719-1438 (6356 TOAs)
✓ Loaded J1730-2304 (4870 TOAs)
✓ Loaded J1738+0333 (8790 TOAs)
✓ Loaded J1741+1351 (5582 TOAs)

WARNING: Using tempo RNAMP parameter: setting TNRedC to 100!
✓ Loaded J1744-1134 (17745 TOAs)

WARNING: Using tempo RNAMP parameter: setting TNRedC to 100!
✓ Loaded J1745+1017 (3017 TOAs)

WARNING: Using tempo RNAMP parameter: setting TNRedC to 100!
✓ Loaded J1747-4036 (11055 TOAs)
✓ Loaded J1751-2857 (2025 TOAs)

WARNING: Using tempo RNAMP parameter: setting TNRedC to 100!
✓ Loaded J1802-2124 (6796 TOAs)
✓ Loaded J1811-2405 (5266 TOAs)
✓ Loaded J1832-0836 (7739 TOAs)
✓ Loaded J1843-1113 (4595 TOAs)

WARNING: Using tempo RNAMP parameter: setting TNRedC to 100!
✓ Loaded J1853+1303 (4570 TOAs)

WARNING: Using tempo RNAMP parameter: setting TNRedC to 100!
✓ Loaded J1903+0327 (6856 TOAs)

WARNING: Using tempo RNAMP parameter: setting TNRedC to 100!
✓ Loaded J1903+0327ao (6423 TOAs)

WARNING: Using tempo RNAMP parameter: setting TNRedC to 100!
✓ Loaded J1909-3744 (35037 TOAs)

WARNING: Using tempo RNAMP parameter: setting TNRedC to 100!
✓ Loaded J1909-3744gbt (31526 TOAs)
✓ Loaded J1910+1256 (6486 TOAs)
✓ Loaded J1911+1347 (3786 TOAs)
✓ Loaded J1918-0642 (18875 TOAs)
✓ Loaded J1923+2515 (3974 TOAs)
✓ Loaded J1944+0907 (5328 TOAs)

WARNING: Using tempo RNAMP parameter: setting TNRedC to 100!
✓ Loaded J1946+3417 (4743 TOAs)
✓ Loaded J2010-1323 (17077 TOAs)
✓ Loaded J2017+0603 (3512 TOAs)
✓ Loaded J2033+1734 (3847 TOAs)
✓ Loaded J2043+1711 (7397 TOAs)
✓ Loaded J2124-3358 (4982 TOAs)

WARNING: Using tempo RNAMP parameter: setting TNRedC to 100!
✓ Loaded J2145-0750 (18675 TOAs)
✓ Loaded J2214+3000 (7406 TOAs)
✓ Loaded J2229+2643 (3711 TOAs)

WARNING: Using tempo RNAMP parameter: setting TNRedC to 100!
✓ Loaded J2234+0611 (3566 TOAs)
✓ Loaded J2234+0944 (7535 TOAs)
✓ Loaded J2302+4442 (10211 TOAs)
✓ Loaded J2317+1439 (13927 TOAs)
✓ Loaded J2322+2057 (3088 TOAs)
⚠ Could not save cache: no default __reduce__ due to non-trivial __cinit__

✓ Loaded 76 pulsars
✗ Failed: 0 — []
[MEM] After loading pulsars: 8863.6 MB

🔍 Filtering pulsars...

Filtered: 76 → 67 pulsars
[MEM] After filtering pulsars: 8866.0 MB
[MEM] After garbage collection: 8866.1 MB

======================================================================
SMBHB POPULATION ANALYSIS
======================================================================

Configuration: realistic
  Medium mass, medium spread in distance, medium population
  N_binaries: 20000

======================================================================
CONSISTENT POPULATION SYNTHESIS
======================================================================

======================================================================
GENERATING SNR-CONSISTENT POPULATIONS
======================================================================
Target SNR:          4.0
Simulations:         1
======================================================================


──────────────────────────────────────────────────────────────────────
SIMULATION 1/1
──────────────────────────────────────────────────────────────────────
  [B1855+09] zeroing residuals...
  [B1855+09] adding red noise...
  [B1855+09] white noise for L-wide_PUPPI (5005 TOAs)...
  [B1855+09] white noise for L-wide_ASP (1178 TOAs)...
  [B1855+09] white noise for 430_PUPPI (1185 TOAs)...
  [B1855+09] white noise for 430_ASP (390 TOAs)...
  [B1937+21] zeroing residuals...
  [B1937+21] adding red noise...
  [B1937+21] white noise for Rcvr_800_GUPPI (7140 TOAs)...
  [B1937+21] white noise for S-wide_ASP (344 TOAs)...
  [B1937+21] white noise for L-wide_ASP (452 TOAs)...
  [B1937+21] white noise for Rcvr1_2_GUPPI (7048 TOAs)...
  [B1937+21] white noise for Rcvr1_2_GASP (1069 TOAs)...
  [B1937+21] white noise for S-wide_PUPPI (2251 TOAs)...
  [B1937+21] white noise for L-wide_PUPPI (4133 TOAs)...
  [B1937+21] white noise for Rcvr_800_GASP (586 TOAs)...
  [B1953+29] zeroing residuals...
  [B1953+29] adding red noise...
  [B1953+29] white noise for 430_ASP (29 TOAs)...
  [B1953+29] white noise for S-wide_ASP (25 TOAs)...
  [B1953+29] white noise for L-wide_ASP (94 TOAs)...
  [B1953+29] white noise for 430_PUPPI (941 TOAs)...
  [B1953+29] white noise for L-wide_PUPPI (4037 TOAs)...
  [J0023+0923] zeroing residuals...
  [J0023+0923] adding red noise...
  [J0023+0923] white noise for L-wide_PUPPI (11123 TOAs)...
  [J0023+0923] white noise for L-wide_ASP (119 TOAs)...
  [J0023+0923] white noise for 430_PUPPI (4564 TOAs)...
  [J0023+0923] white noise for 430_ASP (90 TOAs)...
  [J0030+0451] zeroing residuals...
  [J0030+0451] adding red noise...
  [J0030+0451] white noise for 430_ASP (267 TOAs)...
  [J0030+0451] white noise for L-wide_ASP (789 TOAs)...
  [J0030+0451] white noise for 430_PUPPI (3068 TOAs)...
  [J0030+0451] white noise for S-wide_PUPPI (2673 TOAs)...
  [J0030+0451] white noise for L-wide_PUPPI (12774 TOAs)...
  [J0340+4130] zeroing residuals...
  [J0340+4130] adding red noise...
  [J0340+4130] white noise for Rcvr1_2_GUPPI (5037 TOAs)...
  [J0340+4130] white noise for Rcvr_800_GUPPI (6056 TOAs)...
  [J0406+3039] zeroing residuals...
  [J0406+3039] adding red noise...
  [J0406+3039] white noise for L-wide_PUPPI (1871 TOAs)...
  [J0406+3039] white noise for S-wide_PUPPI (575 TOAs)...
  [J0437-4715] zeroing residuals...
  [J0437-4715] adding red noise...
  [J0437-4715] white noise for 1.5GHz_YUPPI (2134 TOAs)...
  [J0437-4715] white noise for 3GHz_YUPPI (3696 TOAs)...
  [J0509+0856] zeroing residuals...
  [J0509+0856] adding red noise...
  [J0509+0856] white noise for L-wide_PUPPI (1625 TOAs)...
  [J0509+0856] white noise for S-wide_PUPPI (544 TOAs)...
  [J0557+1551] zeroing residuals...
  [J0557+1551] adding red noise...
  [J0557+1551] white noise for L-wide_PUPPI (467 TOAs)...
  [J0557+1551] white noise for S-wide_PUPPI (58 TOAs)...
  [J0605+3757] zeroing residuals...
  [J0605+3757] adding red noise...
  [J0605+3757] white noise for Rcvr1_2_GUPPI (318 TOAs)...
  [J0605+3757] white noise for Rcvr_800_GUPPI (236 TOAs)...
  [J0610-2100] zeroing residuals...
  [J0610-2100] adding red noise...
  [J0610-2100] white noise for Rcvr1_2_GUPPI (2401 TOAs)...
  [J0610-2100] white noise for Rcvr_800_GUPPI (2484 TOAs)...
  [J0613-0200] zeroing residuals...
  [J0613-0200] adding red noise...
  [J0613-0200] white noise for Rcvr1_2_GUPPI (7423 TOAs)...
  [J0613-0200] white noise for Rcvr1_2_GASP (992 TOAs)...
  [J0613-0200] white noise for Rcvr_800_GUPPI (7900 TOAs)...
  [J0613-0200] white noise for Rcvr_800_GASP (809 TOAs)...
  [J0636+5128] zeroing residuals...
  [J0636+5128] adding red noise...
  [J0636+5128] white noise for Rcvr1_2_GUPPI (14803 TOAs)...
  [J0636+5128] white noise for Rcvr_800_GUPPI (17419 TOAs)...
  [J0645+5158] zeroing residuals...
  [J0645+5158] adding red noise...
  [J0645+5158] white noise for Rcvr1_2_GUPPI (5721 TOAs)...
  [J0645+5158] white noise for Rcvr_800_GUPPI (4682 TOAs)...
  [J0709+0458] zeroing residuals...
  [J0709+0458] adding red noise...
  [J0709+0458] white noise for L-wide_PUPPI (2435 TOAs)...
  [J0709+0458] white noise for S-wide_PUPPI (595 TOAs)...
  [J0740+6620] zeroing residuals...
  [J0740+6620] adding red noise...
  [J0740+6620] white noise for Rcvr1_2_GUPPI (8265 TOAs)...
  [J0740+6620] white noise for Rcvr_800_GUPPI (5136 TOAs)...
  [J0931-1902] zeroing residuals...
  [J0931-1902] adding red noise...
  [J0931-1902] white noise for Rcvr1_2_GUPPI (2054 TOAs)...
  [J0931-1902] white noise for Rcvr_800_GUPPI (3419 TOAs)...
  [J1012+5307] zeroing residuals...
  [J1012+5307] adding red noise...
  [J1012+5307] white noise for Rcvr1_2_GUPPI (12849 TOAs)...
  [J1012+5307] white noise for Rcvr1_2_GASP (1479 TOAs)...
  [J1012+5307] white noise for Rcvr_800_GUPPI (10299 TOAs)...
  [J1012+5307] white noise for Rcvr_800_GASP (1210 TOAs)...
  [J1012-4235] zeroing residuals...
  [J1012-4235] adding red noise...
  [J1012-4235] white noise for Rcvr1_2_GUPPI (455 TOAs)...
  [J1012-4235] white noise for Rcvr_800_GUPPI (342 TOAs)...
  [J1022+1001] zeroing residuals...
  [J1022+1001] adding red noise...
  [J1022+1001] white noise for 430_PUPPI (232 TOAs)...
  [J1022+1001] white noise for S-wide_PUPPI (1154 TOAs)...
  [J1022+1001] white noise for L-wide_PUPPI (2592 TOAs)...
  [J1024-0719] zeroing residuals...
  [J1024-0719] adding red noise...
  [J1024-0719] white noise for Rcvr1_2_GUPPI (7086 TOAs)...
  [J1024-0719] white noise for Rcvr1_2_GASP (43 TOAs)...
  [J1024-0719] white noise for Rcvr_800_GUPPI (5455 TOAs)...
  [J1024-0719] white noise for Rcvr_800_GASP (51 TOAs)...
  [J1125+7819] zeroing residuals...
  [J1125+7819] adding red noise...
  [J1125+7819] white noise for Rcvr1_2_GUPPI (4016 TOAs)...
  [J1125+7819] white noise for Rcvr_800_GUPPI (4707 TOAs)...
  [J1312+0051] zeroing residuals...
  [J1312+0051] adding red noise...
  [J1312+0051] white noise for L-wide_PUPPI (1289 TOAs)...
  [J1312+0051] white noise for S-wide_PUPPI (416 TOAs)...
  [J1453+1902] zeroing residuals...
  [J1453+1902] adding red noise...
  [J1453+1902] white noise for 430_PUPPI (425 TOAs)...
  [J1453+1902] white noise for S-wide_PUPPI (4 TOAs)...
  [J1453+1902] white noise for L-wide_PUPPI (2122 TOAs)...
  [J1455-3330] zeroing residuals...
  [J1455-3330] adding red noise...
  [J1455-3330] white noise for Rcvr1_2_GUPPI (4932 TOAs)...
  [J1455-3330] white noise for Rcvr1_2_GASP (564 TOAs)...
  [J1455-3330] white noise for Rcvr_800_GUPPI (4843 TOAs)...
  [J1455-3330] white noise for Rcvr_800_GASP (479 TOAs)...
  [J1600-3053] zeroing residuals...
  [J1600-3053] adding red noise...
  [J1600-3053] white noise for Rcvr_800_GUPPI (8796 TOAs)...
  [J1600-3053] white noise for Rcvr1_2_GUPPI (10168 TOAs)...
  [J1600-3053] white noise for Rcvr1_2_GASP (457 TOAs)...
  [J1600-3053] white noise for 3GHz_YUPPI (3237 TOAs)...
  [J1600-3053] white noise for Rcvr_800_GASP (297 TOAs)...
  [J1614-2230] zeroing residuals...
  [J1614-2230] adding red noise...
  [J1614-2230] white noise for Rcvr1_2_GUPPI (10509 TOAs)...
  [J1614-2230] white noise for Rcvr1_2_GASP (84 TOAs)...
  [J1614-2230] white noise for Rcvr_800_GUPPI (7768 TOAs)...
  [J1614-2230] white noise for Rcvr_800_GASP (84 TOAs)...
  [J1630+3734] zeroing residuals...
  [J1630+3734] adding red noise...
  [J1630+3734] white noise for Rcvr1_2_GUPPI (909 TOAs)...
  [J1630+3734] white noise for Rcvr_800_GUPPI (906 TOAs)...
  [J1640+2224] zeroing residuals...
  [J1640+2224] adding red noise...
  [J1640+2224] white noise for L-wide_PUPPI (9847 TOAs)...
  [J1640+2224] white noise for L-wide_ASP (722 TOAs)...
  [J1640+2224] white noise for 430_PUPPI (3157 TOAs)...
  [J1640+2224] white noise for 430_ASP (340 TOAs)...
  [J1643-1224] zeroing residuals...
  [J1643-1224] adding red noise...
  [J1643-1224] white noise for Rcvr_800_GUPPI (7734 TOAs)...
  [J1643-1224] white noise for Rcvr1_2_GUPPI (8803 TOAs)...
  [J1643-1224] white noise for Rcvr1_2_GASP (833 TOAs)...
  [J1643-1224] white noise for 3GHz_YUPPI (4215 TOAs)...
  [J1643-1224] white noise for Rcvr_800_GASP (559 TOAs)...
  [J1705-1903] zeroing residuals...
  [J1705-1903] adding red noise...
  [J1705-1903] white noise for Rcvr1_2_GUPPI (6350 TOAs)...
  [J1705-1903] white noise for Rcvr_800_GUPPI (3521 TOAs)...
  [J1713+0747] zeroing residuals...
  [J1713+0747] adding red noise...
  [J1713+0747] white noise for Rcvr_800_GUPPI (8479 TOAs)...
  [J1713+0747] white noise for S-wide_ASP (624 TOAs)...
  [J1713+0747] white noise for L-wide_ASP (843 TOAs)...
  [J1713+0747] white noise for Rcvr1_2_GUPPI (22334 TOAs)...
  [J1713+0747] white noise for Rcvr1_2_GASP (1109 TOAs)...
  [J1713+0747] white noise for 3GHz_YUPPI (3282 TOAs)...
  [J1713+0747] white noise for S-wide_PUPPI (7482 TOAs)...
  [J1713+0747] white noise for 1.5GHz_YUPPI (1461 TOAs)...
  [J1713+0747] white noise for L-wide_PUPPI (12743 TOAs)...
  [J1713+0747] white noise for Rcvr_800_GASP (1032 TOAs)...
  [J1719-1438] zeroing residuals...
  [J1719-1438] adding red noise...
  [J1719-1438] white noise for Rcvr1_2_GUPPI (2722 TOAs)...
  [J1719-1438] white noise for Rcvr_800_GUPPI (3634 TOAs)...
  [J1730-2304] zeroing residuals...
  [J1730-2304] adding red noise...
  [J1730-2304] white noise for Rcvr1_2_GUPPI (2367 TOAs)...
  [J1730-2304] white noise for Rcvr_800_GUPPI (2503 TOAs)...
  [J1738+0333] zeroing residuals...
  [J1738+0333] adding red noise...
  [J1738+0333] white noise for S-wide_ASP (134 TOAs)...
  [J1738+0333] white noise for L-wide_ASP (201 TOAs)...
  [J1738+0333] white noise for L-wide_PUPPI (6718 TOAs)...
  [J1738+0333] white noise for S-wide_PUPPI (1737 TOAs)...
  [J1741+1351] zeroing residuals...
  [J1741+1351] adding red noise...
  [J1741+1351] white noise for 430_ASP (27 TOAs)...
  [J1741+1351] white noise for S-wide_ASP (115 TOAs)...
  [J1741+1351] white noise for L-wide_ASP (236 TOAs)...
  [J1741+1351] white noise for 430_PUPPI (1159 TOAs)...
  [J1741+1351] white noise for L-wide_PUPPI (4045 TOAs)...
  [J1744-1134] zeroing residuals...
  [J1744-1134] adding red noise...
  [J1744-1134] white noise for Rcvr1_2_GUPPI (8109 TOAs)...
  [J1744-1134] white noise for Rcvr1_2_GASP (807 TOAs)...
  [J1744-1134] white noise for Rcvr_800_GUPPI (7899 TOAs)...
  [J1744-1134] white noise for Rcvr_800_GASP (930 TOAs)...
  [J1745+1017] zeroing residuals...
  [J1745+1017] adding red noise...
  [J1745+1017] white noise for L-wide_PUPPI (2179 TOAs)...
  [J1745+1017] white noise for S-wide_PUPPI (838 TOAs)...
  [J1747-4036] zeroing residuals...
  [J1747-4036] adding red noise...
  [J1747-4036] white noise for Rcvr1_2_GUPPI (5239 TOAs)...
  [J1747-4036] white noise for Rcvr_800_GUPPI (5816 TOAs)...
  [J1751-2857] zeroing residuals...
  [J1751-2857] adding red noise...
  [J1751-2857] white noise for Rcvr1_2_GUPPI (1786 TOAs)...
  [J1751-2857] white noise for Rcvr_800_GUPPI (239 TOAs)...
  [J1802-2124] zeroing residuals...
  [J1802-2124] adding red noise...
  [J1802-2124] white noise for Rcvr1_2_GUPPI (3231 TOAs)...
  [J1802-2124] white noise for Rcvr_800_GUPPI (3565 TOAs)...
  [J1811-2405] zeroing residuals...
  [J1811-2405] adding red noise...
  [J1811-2405] white noise for Rcvr1_2_GUPPI (2638 TOAs)...
  [J1811-2405] white noise for Rcvr_800_GUPPI (2628 TOAs)...
  [J1832-0836] zeroing residuals...
  [J1832-0836] adding red noise...
  [J1832-0836] white noise for Rcvr1_2_GUPPI (4661 TOAs)...
  [J1832-0836] white noise for Rcvr_800_GUPPI (3078 TOAs)...
  [J1843-1113] zeroing residuals...
  [J1843-1113] adding red noise...
  [J1843-1113] white noise for Rcvr1_2_GUPPI (2394 TOAs)...
  [J1843-1113] white noise for Rcvr_800_GUPPI (2201 TOAs)...
  [J1853+1303] zeroing residuals...
  [J1853+1303] adding red noise...
  [J1853+1303] white noise for L-wide_PUPPI (3362 TOAs)...
  [J1853+1303] white noise for L-wide_ASP (33 TOAs)...
  [J1853+1303] white noise for 430_PUPPI (1151 TOAs)...
  [J1853+1303] white noise for 430_ASP (24 TOAs)...
  [J1903+0327] zeroing residuals...
  [J1903+0327] adding red noise...
  [J1903+0327] white noise for S-wide_ASP (151 TOAs)...
  [J1903+0327] white noise for L-wide_ASP (139 TOAs)...
  [J1903+0327] white noise for 3GHz_YUPPI (439 TOAs)...
  [J1903+0327] white noise for S-wide_PUPPI (2282 TOAs)...
  [J1903+0327] white noise for L-wide_PUPPI (3845 TOAs)...
  [J1909-3744] zeroing residuals...
  [J1909-3744] adding red noise...
  [J1909-3744] white noise for Rcvr_800_GUPPI (9399 TOAs)...
  [J1909-3744] white noise for Rcvr1_2_GUPPI (20439 TOAs)...
  [J1909-3744] white noise for Rcvr1_2_GASP (808 TOAs)...
  [J1909-3744] white noise for 3GHz_YUPPI (3525 TOAs)...
  [J1909-3744] white noise for Rcvr_800_GASP (866 TOAs)...
  [J1910+1256] zeroing residuals...
  [J1910+1256] adding red noise...
  [J1910+1256] white noise for S-wide_ASP (208 TOAs)...
  [J1910+1256] white noise for L-wide_ASP (297 TOAs)...
  [J1910+1256] white noise for L-wide_PUPPI (4124 TOAs)...
  [J1910+1256] white noise for S-wide_PUPPI (1857 TOAs)...
  [J1911+1347] zeroing residuals...
  [J1911+1347] adding red noise...
  [J1911+1347] white noise for 430_PUPPI (753 TOAs)...
  [J1911+1347] white noise for L-wide_PUPPI (3033 TOAs)...
  [J1918-0642] zeroing residuals...
  [J1918-0642] adding red noise...
  [J1918-0642] white noise for Rcvr1_2_GUPPI (8910 TOAs)...
  [J1918-0642] white noise for Rcvr1_2_GASP (778 TOAs)...
  [J1918-0642] white noise for Rcvr_800_GUPPI (8352 TOAs)...
  [J1918-0642] white noise for Rcvr_800_GASP (835 TOAs)...
  [J1923+2515] zeroing residuals...
  [J1923+2515] adding red noise...
  [J1923+2515] white noise for L-wide_PUPPI (3028 TOAs)...
  [J1923+2515] white noise for L-wide_ASP (14 TOAs)...
  [J1923+2515] white noise for 430_PUPPI (922 TOAs)...
  [J1923+2515] white noise for 430_ASP (10 TOAs)...
  [J1944+0907] zeroing residuals...
  [J1944+0907] adding red noise...
  [J1944+0907] white noise for 430_ASP (38 TOAs)...
  [J1944+0907] white noise for S-wide_ASP (116 TOAs)...
  [J1944+0907] white noise for L-wide_ASP (257 TOAs)...
  [J1944+0907] white noise for 430_PUPPI (1017 TOAs)...
  [J1944+0907] white noise for L-wide_PUPPI (3900 TOAs)...
  [J1946+3417] zeroing residuals...
  [J1946+3417] adding red noise...
  [J1946+3417] white noise for L-wide_PUPPI (3197 TOAs)...
  [J1946+3417] white noise for S-wide_PUPPI (1546 TOAs)...
  [J2010-1323] zeroing residuals...
  [J2010-1323] adding red noise...
  [J2010-1323] white noise for Rcvr1_2_GUPPI (7779 TOAs)...
  [J2010-1323] white noise for Rcvr1_2_GASP (70 TOAs)...
  [J2010-1323] white noise for Rcvr_800_GUPPI (9158 TOAs)...
  [J2010-1323] white noise for Rcvr_800_GASP (70 TOAs)...
  [J2017+0603] zeroing residuals...
  [J2017+0603] adding red noise...
  [J2017+0603] white noise for L-wide_ASP (16 TOAs)...
  [J2017+0603] white noise for 430_PUPPI (78 TOAs)...
  [J2017+0603] white noise for S-wide_PUPPI (849 TOAs)...
  [J2017+0603] white noise for L-wide_PUPPI (2569 TOAs)...
  [J2033+1734] zeroing residuals...
  [J2033+1734] adding red noise...
  [J2033+1734] white noise for 430_PUPPI (797 TOAs)...
  [J2033+1734] white noise for L-wide_PUPPI (3050 TOAs)...
  [J2043+1711] zeroing residuals...
  [J2043+1711] adding red noise...
  [J2043+1711] white noise for L-wide_PUPPI (4419 TOAs)...
  [J2043+1711] white noise for L-wide_ASP (40 TOAs)...
  [J2043+1711] white noise for 430_PUPPI (2908 TOAs)...
  [J2043+1711] white noise for 430_ASP (30 TOAs)...
  [J2124-3358] zeroing residuals...
  [J2124-3358] adding red noise...
  [J2124-3358] white noise for Rcvr1_2_GUPPI (2957 TOAs)...
  [J2124-3358] white noise for Rcvr_800_GUPPI (2025 TOAs)...
  [J2145-0750] zeroing residuals...
  [J2145-0750] adding red noise...
  [J2145-0750] white noise for Rcvr1_2_GUPPI (9158 TOAs)...
  [J2145-0750] white noise for Rcvr1_2_GASP (427 TOAs)...
  [J2145-0750] white noise for Rcvr_800_GUPPI (8728 TOAs)...
  [J2145-0750] white noise for Rcvr_800_GASP (362 TOAs)...
  [J2214+3000] zeroing residuals...
  [J2214+3000] adding red noise...
  [J2214+3000] white noise for L-wide_ASP (9 TOAs)...
  [J2214+3000] white noise for L-wide_PUPPI (5829 TOAs)...
  [J2214+3000] white noise for S-wide_PUPPI (1568 TOAs)...
  [J2229+2643] zeroing residuals...
  [J2229+2643] adding red noise...
  [J2229+2643] white noise for 430_PUPPI (956 TOAs)...
  [J2229+2643] white noise for L-wide_PUPPI (2755 TOAs)...
  [J2234+0611] zeroing residuals...
  [J2234+0611] adding red noise...
  [J2234+0611] white noise for 430_PUPPI (653 TOAs)...
  [J2234+0611] white noise for L-wide_PUPPI (2913 TOAs)...
  [J2234+0944] zeroing residuals...
  [J2234+0944] adding red noise...
  [J2234+0944] white noise for L-wide_PUPPI (5003 TOAs)...
  [J2234+0944] white noise for S-wide_PUPPI (2532 TOAs)...
  [J2302+4442] zeroing residuals...
  [J2302+4442] adding red noise...
  [J2302+4442] white noise for Rcvr1_2_GUPPI (3779 TOAs)...
  [J2302+4442] white noise for Rcvr_800_GUPPI (6432 TOAs)...
  [J2317+1439] zeroing residuals...
  [J2317+1439] adding red noise...
  [J2317+1439] white noise for 430_ASP (458 TOAs)...
  [J2317+1439] white noise for 327_PUPPI (276 TOAs)...
  [J2317+1439] white noise for 430_PUPPI (3217 TOAs)...
  [J2317+1439] white noise for 327_ASP (413 TOAs)...
  [J2317+1439] white noise for L-wide_PUPPI (9563 TOAs)...
  [J2322+2057] zeroing residuals...
  [J2322+2057] adding red noise...
  [J2322+2057] white noise for 430_PUPPI (752 TOAs)...
  [J2322+2057] white noise for S-wide_PUPPI (140 TOAs)...
  [J2322+2057] white noise for L-wide_PUPPI (2196 TOAs)...
Resetting pulsars to clean stoas...
Restore: 0.01 s
Inject: 0.00 s
Snapshotting into enterprise Pulsar objects...
Building PTA...
PTA build: 478.76 s
Computing optimal statistic...
OS time: 57.03 s
Total: 535.80 s
Noise-only SNR baseline: -0.6196

Generating SNR-consistent population...
Target SNR: 4.0
Resetting pulsars to clean stoas...
Restore: 0.01 s
Injecting population...
  B1855+09: RMS = 2860.616 ns
  B1937+21: RMS = 1443.683 ns
  B1953+29: RMS = 1366.945 ns
  J0023+0923: RMS = 2641.359 ns
  J0030+0451: RMS = 1414.851 ns
  J0340+4130: RMS = 3237.721 ns
  J0406+3039: RMS = 1858.079 ns
  J0437-4715: RMS = 1751.630 ns
  J0509+0856: RMS = 2715.646 ns
  J0557+1551: RMS = 951.875 ns
  J0605+3757: RMS = 265.929 ns
  J0610-2100: RMS = 487.311 ns
  J0613-0200: RMS = 1731.247 ns
  J0636+5128: RMS = 2656.087 ns
  J0645+5158: RMS = 3007.049 ns
  J0709+0458: RMS = 1207.421 ns
  J0740+6620: RMS = 3003.446 ns
  J0931-1902: RMS = 1127.902 ns
  J1012+5307: RMS = 1914.305 ns
  J1012-4235: RMS = 384.753 ns
  J1022+1001: RMS = 1134.478 ns
  J1024-0719: RMS = 1725.759 ns
  J1125+7819: RMS = 2438.183 ns
  J1312+0051: RMS = 612.222 ns
  J1453+1902: RMS = 921.840 ns
  J1455-3330: RMS = 2304.356 ns
  J1600-3053: RMS = 2923.685 ns
  J1614-2230: RMS = 1792.949 ns
  J1630+3734: RMS = 1091.450 ns
  J1640+2224: RMS = 1340.066 ns
  J1643-1224: RMS = 2497.616 ns
  J1705-1903: RMS = 1280.161 ns
  J1713+0747: RMS = 2943.080 ns
  J1719-1438: RMS = 2042.099 ns
  J1730-2304: RMS = 1746.408 ns
  J1738+0333: RMS = 2881.242 ns
  J1741+1351: RMS = 2500.395 ns
  J1744-1134: RMS = 2189.499 ns
  J1745+1017: RMS = 2298.420 ns
  J1747-4036: RMS = 4112.611 ns
  J1751-2857: RMS = 1228.760 ns
  J1802-2124: RMS = 2400.818 ns
  J1811-2405: RMS = 2470.727 ns
  J1832-0836: RMS = 2221.595 ns
  J1843-1113: RMS = 2057.010 ns
  J1853+1303: RMS = 2111.072 ns
  J1903+0327: RMS = 1929.660 ns
  J1909-3744: RMS = 1666.844 ns
  J1910+1256: RMS = 1904.907 ns
  J1911+1347: RMS = 2220.561 ns
  J1918-0642: RMS = 1824.467 ns
  J1923+2515: RMS = 1430.224 ns
  J1944+0907: RMS = 1932.949 ns
  J1946+3417: RMS = 1336.096 ns
  J2010-1323: RMS = 1553.391 ns
  J2017+0603: RMS = 1221.759 ns
  J2033+1734: RMS = 1256.032 ns
  J2043+1711: RMS = 894.799 ns
  J2124-3358: RMS = 2204.216 ns
  J2145-0750: RMS = 3008.638 ns
  J2214+3000: RMS = 1660.056 ns
  J2229+2643: RMS = 1956.223 ns
  J2234+0611: RMS = 1495.987 ns
  J2234+0944: RMS = 1218.871 ns
  J2302+4442: RMS = 1497.629 ns
  J2317+1439: RMS = 2020.323 ns
  J2322+2057: RMS = 728.827 ns
Inject: 1.06 s
Snapshotting into enterprise Pulsar objects...
Building PTA...
PTA build: 469.92 s
Computing optimal statistic...
OS time: 54.55 s
Total: 525.55 s
Initial SNR: -23.3643, Target SNR: 4.0000
  ✗ Initial SNR -23.3643 is non-positive, cannot scale distances.
✗ Simulation 1, trial 1 FAILED, retrying...

Generating SNR-consistent population...
Target SNR: 4.0
Resetting pulsars to clean stoas...
Restore: 0.01 s
Injecting population...
  B1855+09: RMS = 5124.287 ns
  B1937+21: RMS = 3683.145 ns
  B1953+29: RMS = 2382.783 ns
  J0023+0923: RMS = 1353.242 ns
  J0030+0451: RMS = 1963.256 ns
  J0340+4130: RMS = 2991.092 ns
  J0406+3039: RMS = 462.472 ns
  J0437-4715: RMS = 3254.107 ns
  J0509+0856: RMS = 1586.478 ns
  J0557+1551: RMS = 1181.524 ns
  J0605+3757: RMS = 1369.830 ns
  J0610-2100: RMS = 2535.977 ns
  J0613-0200: RMS = 2904.004 ns
  J0636+5128: RMS = 2036.402 ns
  J0645+5158: RMS = 2275.366 ns
  J0709+0458: RMS = 1625.689 ns
  J0740+6620: RMS = 2100.171 ns
  J0931-1902: RMS = 2676.516 ns
  J1012+5307: RMS = 1867.239 ns
  J1012-4235: RMS = 985.468 ns
  J1022+1001: RMS = 2500.468 ns
  J1024-0719: RMS = 1994.353 ns
  J1125+7819: RMS = 1885.701 ns
  J1312+0051: RMS = 2777.726 ns
  J1453+1902: RMS = 2007.961 ns
  J1455-3330: RMS = 3447.600 ns
  J1600-3053: RMS = 3056.909 ns
  J1614-2230: RMS = 2240.546 ns
  J1630+3734: RMS = 1954.559 ns
  J1640+2224: RMS = 2267.827 ns
  J1643-1224: RMS = 2531.104 ns
  J1705-1903: RMS = 595.270 ns
  J1713+0747: RMS = 3484.053 ns
  J1719-1438: RMS = 489.352 ns
  J1730-2304: RMS = 132.280 ns
  J1738+0333: RMS = 3889.792 ns
  J1741+1351: RMS = 4419.880 ns
  J1744-1134: RMS = 2327.449 ns
  J1745+1017: RMS = 3026.730 ns
  J1747-4036: RMS = 1312.949 ns
  J1751-2857: RMS = 311.738 ns
  J1802-2124: RMS = 202.125 ns
  J1811-2405: RMS = 276.966 ns
  J1832-0836: RMS = 1257.392 ns
  J1843-1113: RMS = 493.274 ns
  J1853+1303: RMS = 5164.972 ns
  J1903+0327: RMS = 4303.819 ns
  J1909-3744: RMS = 2717.497 ns
  J1910+1256: RMS = 5380.573 ns
  J1911+1347: RMS = 4012.826 ns
  J1918-0642: RMS = 2689.744 ns
  J1923+2515: RMS = 2876.260 ns
  J1944+0907: RMS = 5144.055 ns
  J1946+3417: RMS = 3825.477 ns
  J2010-1323: RMS = 2153.239 ns
  J2017+0603: RMS = 2549.200 ns
  J2033+1734: RMS = 2890.776 ns
  J2043+1711: RMS = 1058.340 ns
  J2124-3358: RMS = 632.901 ns
  J2145-0750: RMS = 4261.619 ns
  J2214+3000: RMS = 2782.997 ns
  J2229+2643: RMS = 2020.362 ns
  J2234+0611: RMS = 1580.000 ns
  J2234+0944: RMS = 1722.194 ns
  J2302+4442: RMS = 1816.960 ns
  J2317+1439: RMS = 1444.555 ns
  J2322+2057: RMS = 656.201 ns
Inject: 0.97 s
Snapshotting into enterprise Pulsar objects...
Building PTA...
PTA build: 470.08 s
Computing optimal statistic...
OS time: 57.86 s
Total: 528.93 s
Initial SNR: 44.5481, Target SNR: 4.0000
  Initial SNR 44.5481 outside of provided SNR_range [3.5, 4.25] — rescaling.
Scaling distances by factor 3.1269 to achieve target SNR...
Resetting pulsars to clean stoas...
Restore: 0.01 s
Injecting population...
  B1855+09: RMS = 1638.782 ns
  B1937+21: RMS = 1177.895 ns
  B1953+29: RMS = 762.030 ns
  J0023+0923: RMS = 432.776 ns
  J0030+0451: RMS = 627.863 ns
  J0340+4130: RMS = 956.571 ns
  J0406+3039: RMS = 147.902 ns
  J0437-4715: RMS = 1040.685 ns
  J0509+0856: RMS = 507.366 ns
  J0557+1551: RMS = 377.859 ns
  J0605+3757: RMS = 438.081 ns
  J0610-2100: RMS = 811.023 ns
  J0613-0200: RMS = 928.720 ns
  J0636+5128: RMS = 651.255 ns
  J0645+5158: RMS = 727.677 ns
  J0709+0458: RMS = 519.906 ns
  J0740+6620: RMS = 671.649 ns
  J0931-1902: RMS = 855.968 ns
  J1012+5307: RMS = 597.156 ns
  J1012-4235: RMS = 315.159 ns
  J1022+1001: RMS = 799.667 ns
  J1024-0719: RMS = 637.808 ns
  J1125+7819: RMS = 603.060 ns
  J1312+0051: RMS = 888.336 ns
  J1453+1902: RMS = 642.160 ns
  J1455-3330: RMS = 1102.566 ns
  J1600-3053: RMS = 977.620 ns
  J1614-2230: RMS = 716.542 ns
  J1630+3734: RMS = 625.081 ns
  J1640+2224: RMS = 725.266 ns
  J1643-1224: RMS = 809.464 ns
  J1705-1903: RMS = 190.371 ns
  J1713+0747: RMS = 1114.224 ns
  J1719-1438: RMS = 156.498 ns
  J1730-2304: RMS = 42.304 ns
  J1738+0333: RMS = 1243.982 ns
  J1741+1351: RMS = 1413.508 ns
  J1744-1134: RMS = 744.334 ns
  J1745+1017: RMS = 967.969 ns
  J1747-4036: RMS = 419.890 ns
  J1751-2857: RMS = 99.696 ns
  J1802-2124: RMS = 64.641 ns
  J1811-2405: RMS = 88.576 ns
  J1832-0836: RMS = 402.122 ns
  J1843-1113: RMS = 157.752 ns
  J1853+1303: RMS = 1651.793 ns
  J1903+0327: RMS = 1376.391 ns
  J1909-3744: RMS = 869.074 ns
  J1910+1256: RMS = 1720.744 ns
  J1911+1347: RMS = 1283.329 ns
  J1918-0642: RMS = 860.198 ns
  J1923+2515: RMS = 919.847 ns
  J1944+0907: RMS = 1645.103 ns
  J1946+3417: RMS = 1223.413 ns
  J2010-1323: RMS = 688.620 ns
  J2017+0603: RMS = 815.251 ns
  J2033+1734: RMS = 924.490 ns
  J2043+1711: RMS = 338.464 ns
  J2124-3358: RMS = 202.406 ns
  J2145-0750: RMS = 1362.895 ns
  J2214+3000: RMS = 890.021 ns
  J2229+2643: RMS = 646.126 ns
  J2234+0611: RMS = 505.295 ns
  J2234+0944: RMS = 550.769 ns
  J2302+4442: RMS = 581.076 ns
  J2317+1439: RMS = 461.978 ns
  J2322+2057: RMS = 209.857 ns
Inject: 0.95 s
Snapshotting into enterprise Pulsar objects...
Building PTA...
PTA build: 466.85 s
Computing optimal statistic...
OS time: 53.12 s
Total: 520.93 s
  SNR 4.3645 outside of provided SNR_range [3.5, 4.25] — rescaling.
[Iteration 1/4] SNR after scaling: 4.3645 (target: 4.0000)
  SNR history: it0→44.5481@1.0000x, it1→4.3645@3.1269x
  Re-scaling distances by factor 1.0401  (cumulative after: 3.2522×)
Resetting pulsars to clean stoas...
Restore: 0.06 s
Injecting population...
  B1855+09: RMS = 1575.657 ns
  B1937+21: RMS = 1132.523 ns
  B1953+29: RMS = 732.677 ns
  J0023+0923: RMS = 416.106 ns
  J0030+0451: RMS = 603.678 ns
  J0340+4130: RMS = 919.725 ns
  J0406+3039: RMS = 142.205 ns
  J0437-4715: RMS = 1000.599 ns
  J0509+0856: RMS = 487.823 ns
  J0557+1551: RMS = 363.304 ns
  J0605+3757: RMS = 421.206 ns
  J0610-2100: RMS = 779.783 ns
  J0613-0200: RMS = 892.947 ns
  J0636+5128: RMS = 626.169 ns
  J0645+5158: RMS = 699.648 ns
  J0709+0458: RMS = 499.880 ns
  J0740+6620: RMS = 645.777 ns
  J0931-1902: RMS = 822.997 ns
  J1012+5307: RMS = 574.154 ns
  J1012-4235: RMS = 303.019 ns
  J1022+1001: RMS = 768.864 ns
  J1024-0719: RMS = 613.240 ns
  J1125+7819: RMS = 579.831 ns
  J1312+0051: RMS = 854.118 ns
  J1453+1902: RMS = 617.424 ns
  J1455-3330: RMS = 1060.096 ns
  J1600-3053: RMS = 939.963 ns
  J1614-2230: RMS = 688.941 ns
  J1630+3734: RMS = 601.004 ns
  J1640+2224: RMS = 697.330 ns
  J1643-1224: RMS = 778.284 ns
  J1705-1903: RMS = 183.038 ns
  J1713+0747: RMS = 1071.305 ns
  J1719-1438: RMS = 150.470 ns
  J1730-2304: RMS = 40.675 ns
  J1738+0333: RMS = 1196.065 ns
  J1741+1351: RMS = 1359.060 ns
  J1744-1134: RMS = 715.663 ns
  J1745+1017: RMS = 930.683 ns
  J1747-4036: RMS = 403.716 ns
  J1751-2857: RMS = 95.856 ns
  J1802-2124: RMS = 62.151 ns
  J1811-2405: RMS = 85.164 ns
  J1832-0836: RMS = 386.633 ns
  J1843-1113: RMS = 151.676 ns
  J1853+1303: RMS = 1588.167 ns
  J1903+0327: RMS = 1323.373 ns
  J1909-3744: RMS = 835.598 ns
  J1910+1256: RMS = 1654.462 ns
  J1911+1347: RMS = 1233.896 ns
  J1918-0642: RMS = 827.064 ns
  J1923+2515: RMS = 884.416 ns
  J1944+0907: RMS = 1581.735 ns
  J1946+3417: RMS = 1176.288 ns
  J2010-1323: RMS = 662.095 ns
  J2017+0603: RMS = 783.848 ns
  J2033+1734: RMS = 888.879 ns
  J2043+1711: RMS = 325.427 ns
  J2124-3358: RMS = 194.610 ns
  J2145-0750: RMS = 1310.397 ns
  J2214+3000: RMS = 855.738 ns
  J2229+2643: RMS = 621.237 ns
  J2234+0611: RMS = 485.831 ns
  J2234+0944: RMS = 529.554 ns
  J2302+4442: RMS = 558.693 ns
  J2317+1439: RMS = 444.183 ns
  J2322+2057: RMS = 201.774 ns
Inject: 1.02 s
Snapshotting into enterprise Pulsar objects...
Building PTA...
PTA build: 468.05 s
Computing optimal statistic...
OS time: 59.03 s
Total: 528.15 s
  ✓ SNR is within the provided SNR_range: 4.0120 ∈ [3.5, 4.25]

Final SNR history:
  it 0: cumulative_scale=1.0000×  SNR=44.5481
  it 1: cumulative_scale=3.1269×  SNR=4.3645
  it 2: cumulative_scale=3.2522×  SNR=4.0120
✓ Simulation 1 done (2106.6 s)

======================================================================
ENSEMBLE SUMMARY
======================================================================
Success rate: 100.0% (1/1)

Binaries per population:
  Mean ± std : 20000 ± 0
  Range      : [20000, 20000]

SNR achieved:
  Mean ± std : 4.0120 ± 0.0000
  Range      : [4.0120, 4.0120]

Total time: 2681.7 s (44.7 min)
======================================================================

💾 Saved: data/2026-04-28/realistic_run_80/consistent_population_realistic_targetSNR4.25_sims1.json
💾 Saved compressed pickle: data/2026-04-28/realistic_run_80/consistent_population_realistic_targetSNR4.25_sims1.pkl.gz

======================================================================
CONTINUOUS WAVE SNR ANALYSIS
======================================================================

--- Population 1 ---
Precomputation of phiinvs, TNTs, Ts, Nvecs, Sigmas took 0.04 seconds.
Total SNR computation for population took 386.92 seconds.
Top 50 CGW candidates:
   1. proxy_rank=   6  sky_w=0.55  f=6.34e-09 Hz  Mc=2.72e+10 Msun  h0=1.44e-14  SNR=11.287
   2. proxy_rank=   1  sky_w=1.56  f=2.36e-09 Hz  Mc=5.38e+10 Msun  h0=9.65e-15  SNR=6.395
   3. proxy_rank=   4  sky_w=1.33  f=4.33e-09 Hz  Mc=2.47e+10 Msun  h0=4.43e-15  SNR=5.007
   4. proxy_rank=  23  sky_w=0.63  f=6.67e-09 Hz  Mc=1.42e+10 Msun  h0=6.80e-15  SNR=4.316
   5. proxy_rank= 133  sky_w=1.44  f=1.30e-08 Hz  Mc=9.05e+09 Msun  h0=2.00e-15  SNR=3.460
   6. proxy_rank=  65  sky_w=1.09  f=6.91e-09 Hz  Mc=1.31e+10 Msun  h0=2.36e-15  SNR=3.349
   7. proxy_rank= 137  sky_w=1.11  f=9.78e-09 Hz  Mc=1.14e+10 Msun  h0=1.94e-15  SNR=3.211
   8. proxy_rank=  38  sky_w=0.91  f=6.24e-09 Hz  Mc=1.89e+10 Msun  h0=3.30e-15  SNR=3.181
   9. proxy_rank=  58  sky_w=1.45  f=7.10e-09 Hz  Mc=1.33e+10 Msun  h0=1.98e-15  SNR=3.121
  10. proxy_rank=   9  sky_w=1.62  f=3.57e-09 Hz  Mc=1.66e+10 Msun  h0=2.30e-15  SNR=2.860
  11. proxy_rank=  37  sky_w=0.92  f=4.63e-09 Hz  Mc=9.17e+09 Msun  h0=2.43e-15  SNR=2.262
  12. proxy_rank= 237  sky_w=1.16  f=1.30e-08 Hz  Mc=8.12e+09 Msun  h0=1.48e-15  SNR=2.230
  13. proxy_rank= 110  sky_w=0.58  f=6.42e-09 Hz  Mc=1.55e+10 Msun  h0=2.82e-15  SNR=1.882
  14. proxy_rank=  24  sky_w=1.39  f=4.51e-09 Hz  Mc=9.27e+09 Msun  h0=2.09e-15  SNR=1.872
  15. proxy_rank=  21  sky_w=1.13  f=3.49e-09 Hz  Mc=1.81e+10 Msun  h0=2.05e-15  SNR=1.844
  16. proxy_rank=  16  sky_w=0.50  f=4.79e-09 Hz  Mc=3.28e+10 Msun  h0=6.81e-15  SNR=1.555
  17. proxy_rank=  10  sky_w=1.15  f=3.56e-09 Hz  Mc=2.30e+10 Msun  h0=3.07e-15  SNR=1.532
  18. proxy_rank=   2  sky_w=1.07  f=2.12e-09 Hz  Mc=2.97e+10 Msun  h0=3.34e-15  SNR=1.507
  19. proxy_rank= 236  sky_w=0.79  f=8.40e-09 Hz  Mc=9.37e+09 Msun  h0=1.42e-15  SNR=1.411
  20. proxy_rank=  20  sky_w=0.93  f=3.31e-09 Hz  Mc=2.01e+10 Msun  h0=2.39e-15  SNR=1.356
  21. proxy_rank=   5  sky_w=1.56  f=2.23e-09 Hz  Mc=1.85e+10 Msun  h0=1.85e-15  SNR=1.306
  22. proxy_rank= 242  sky_w=1.12  f=8.67e-09 Hz  Mc=8.18e+09 Msun  h0=9.96e-16  SNR=1.174
  23. proxy_rank=  12  sky_w=1.53  f=2.70e-09 Hz  Mc=1.33e+10 Msun  h0=1.39e-15  SNR=1.103
  24. proxy_rank=  34  sky_w=1.59  f=3.75e-09 Hz  Mc=1.07e+10 Msun  h0=1.22e-15  SNR=1.071
  25. proxy_rank=   8  sky_w=0.83  f=2.17e-09 Hz  Mc=2.60e+10 Msun  h0=2.81e-15  SNR=1.026
  26. proxy_rank=   3  sky_w=1.48  f=2.21e-09 Hz  Mc=2.34e+10 Msun  h0=2.28e-15  SNR=1.024
  27. proxy_rank= 203  sky_w=1.34  f=5.75e-09 Hz  Mc=7.56e+09 Msun  h0=6.62e-16  SNR=1.010
  28. proxy_rank= 103  sky_w=1.37  f=4.07e-09 Hz  Mc=9.58e+09 Msun  h0=7.99e-16  SNR=1.010
  29. proxy_rank=  44  sky_w=1.15  f=3.28e-09 Hz  Mc=1.40e+10 Msun  h0=1.26e-15  SNR=0.966
  30. proxy_rank=  75  sky_w=1.34  f=3.86e-09 Hz  Mc=1.13e+10 Msun  h0=9.83e-16  SNR=0.955
  31. proxy_rank= 322  sky_w=0.89  f=7.63e-09 Hz  Mc=7.66e+09 Msun  h0=8.38e-16  SNR=0.954
  32. proxy_rank=  28  sky_w=1.44  f=2.79e-09 Hz  Mc=1.40e+10 Msun  h0=1.15e-15  SNR=0.896
  33. proxy_rank=  33  sky_w=1.53  f=3.71e-09 Hz  Mc=1.29e+10 Msun  h0=1.30e-15  SNR=0.820
  34. proxy_rank=  13  sky_w=1.49  f=2.48e-09 Hz  Mc=1.07e+10 Msun  h0=1.30e-15  SNR=0.806
  35. proxy_rank= 106  sky_w=1.03  f=3.83e-09 Hz  Mc=1.05e+10 Msun  h0=9.61e-16  SNR=0.798
  36. proxy_rank=  14  sky_w=1.57  f=2.74e-09 Hz  Mc=1.31e+10 Msun  h0=1.36e-15  SNR=0.776
  37. proxy_rank= 228  sky_w=1.27  f=5.17e-09 Hz  Mc=6.53e+09 Msun  h0=5.54e-16  SNR=0.770
  38. proxy_rank=  27  sky_w=1.23  f=2.44e-09 Hz  Mc=1.49e+10 Msun  h0=1.18e-15  SNR=0.768
  39. proxy_rank= 542  sky_w=1.03  f=1.22e-08 Hz  Mc=2.76e+09 Msun  h0=5.91e-16  SNR=0.711
  40. proxy_rank= 300  sky_w=1.23  f=1.06e-08 Hz  Mc=6.82e+09 Msun  h0=9.02e-16  SNR=0.708
  41. proxy_rank=  11  sky_w=1.37  f=2.17e-09 Hz  Mc=1.75e+10 Msun  h0=1.51e-15  SNR=0.703
  42. proxy_rank= 104  sky_w=0.88  f=4.93e-09 Hz  Mc=1.14e+10 Msun  h0=1.49e-15  SNR=0.694
  43. proxy_rank= 258  sky_w=1.43  f=5.74e-09 Hz  Mc=5.73e+09 Msun  h0=4.92e-16  SNR=0.688
  44. proxy_rank= 142  sky_w=1.53  f=3.84e-09 Hz  Mc=7.49e+09 Msun  h0=5.46e-16  SNR=0.687
  45. proxy_rank=  25  sky_w=1.34  f=2.41e-09 Hz  Mc=7.94e+09 Msun  h0=1.10e-15  SNR=0.687
  46. proxy_rank= 145  sky_w=1.31  f=4.81e-09 Hz  Mc=8.56e+09 Msun  h0=7.84e-16  SNR=0.666
  47. proxy_rank= 209  sky_w=0.85  f=5.47e-09 Hz  Mc=6.94e+09 Msun  h0=9.65e-16  SNR=0.658
  48. proxy_rank= 178  sky_w=1.55  f=4.14e-09 Hz  Mc=7.01e+09 Msun  h0=4.75e-16  SNR=0.654
  49. proxy_rank= 461  sky_w=0.60  f=7.25e-09 Hz  Mc=7.34e+09 Msun  h0=7.47e-16  SNR=0.644
  50. proxy_rank=  42  sky_w=0.98  f=2.55e-09 Hz  Mc=1.26e+10 Msun  h0=1.16e-15  SNR=0.642
💾 Saved: data/2026-04-28/realistic_run_80/consistent_population_realistic_targetSNR4.25_sims1.json
💾 Saved compressed pickle: data/2026-04-28/realistic_run_80/consistent_population_realistic_targetSNR4.25_sims1.pkl.gz
Saved to figures/cgw_analysis_realistic.pdf

======================================================================
ANALYSIS COMPLETE
Results saved to: data/2026-04-28/realistic_run_80
======================================================================

==========================================
Job finished at: Tue Apr 28 17:52:02 AEST 2026
Exit code: 0
==========================================

+------------------ Job Report: 11717925 (COMPLETED) ------------------+
| Memory (RAM)  [####################] 101.4% (32.5 GB peak / 32 GB)   |
| CPU           [###############     ] 79.3% average                   |
| Time          [---------------->   ] 82.9% (0-00:53:52 / 0-01:05:00) |
|                                                                      |
| Lustre Filesystem:                                                   |
|   Path    Total Read    Total Write    Total IOPS                    |
|   ------  ------------  -------------  ------------                  |
|   /apps   0 B           0 B            102                           |
|   /fred   224 KB        6.4 MB         113                           |
|   /home   8.6 MB        0 B            1.7 K                         |
|   OS      0 B           0 B            2                             |
+----------------------------------------------------------------------+
