==========================================
Job ID: 11728706
Job Name: smbhb_realistic
Node: gina304
Start Time: Wed Apr 29 10:06:10 AEST 2026
==========================================

/home/bhoulden/.conda/envs/smbhb312/share/tempo2
Working directory: /fred/oz005/users/bhoulden/SMBHB_population_injections

Loaded modules:

Starting SMBHB analysis...
==========================================

📁 Save directory: data/2026-04-29/realistic_run_72
📝 Run name: realistic_run_72

[MEM] Start: 244.0 MB

📡 Loading pulsars...
======================================================================
LOADING NANOGRAV PULSARS (libstempo)
======================================================================

📦 Loading from cache: nanograv_pulsars_cache.pkl
⚠ Cache load failed: Ran out of input
[DEBUG] Found 76 .par files
[tempo2Util.C:396] Warning: [MISC1] Unknown parameter in par file:  DMDATA
[tempo2Util.C:401] Warning: [DUP1] duplicated warnings have been suppressed.

WARNING: Using tempo RNAMP parameter: setting TNRedC to 100!
[observatory.C:271] Warning: Assuming site 'arecibo' means 'ao'
✓ Loaded B1855+09 (7758 TOAs)

WARNING: Using tempo RNAMP parameter: setting TNRedC to 100!
✓ Loaded B1937+21 (23023 TOAs)

WARNING: Using tempo RNAMP parameter: setting TNRedC to 100!
✓ Loaded B1937+21ao (7241 TOAs)

WARNING: Using tempo RNAMP parameter: setting TNRedC to 100!
✓ Loaded B1937+21gbt (16048 TOAs)

WARNING: Using tempo RNAMP parameter: setting TNRedC to 100!
✓ Loaded B1953+29 (5126 TOAs)
✓ Loaded J0023+0923 (15896 TOAs)

WARNING: Using tempo RNAMP parameter: setting TNRedC to 100!
✓ Loaded J0030+0451 (19571 TOAs)
✓ Loaded J0340+4130 (11093 TOAs)
✓ Loaded J0406+3039 (2446 TOAs)

WARNING: Using tempo RNAMP parameter: setting TNRedC to 100!
✓ Loaded J0437-4715 (5830 TOAs)
✓ Loaded J0509+0856 (2169 TOAs)
✓ Loaded J0557+1551 (525 TOAs)
✓ Loaded J0605+3757 (554 TOAs)

WARNING: Using tempo RNAMP parameter: setting TNRedC to 100!
✓ Loaded J0610-2100 (4885 TOAs)

WARNING: Using tempo RNAMP parameter: setting TNRedC to 100!
✓ Loaded J0613-0200 (17124 TOAs)
✓ Loaded J0614-3329 (1714 TOAs)
✓ Loaded J0636+5128 (32222 TOAs)
✓ Loaded J0645+5158 (10403 TOAs)
✓ Loaded J0709+0458 (3030 TOAs)
✓ Loaded J0740+6620 (13401 TOAs)
✓ Loaded J0931-1902 (5473 TOAs)

WARNING: Using tempo RNAMP parameter: setting TNRedC to 100!
✓ Loaded J1012+5307 (25837 TOAs)
✓ Loaded J1012-4235 (797 TOAs)
✓ Loaded J1022+1001 (3978 TOAs)
✓ Loaded J1024-0719 (12635 TOAs)
✓ Loaded J1125+7819 (8723 TOAs)
✓ Loaded J1312+0051 (1705 TOAs)
✓ Loaded J1453+1902 (2551 TOAs)
✓ Loaded J1455-3330 (10818 TOAs)

WARNING: Using tempo RNAMP parameter: setting TNRedC to 100!
✓ Loaded J1600-3053 (22955 TOAs)

WARNING: Using tempo RNAMP parameter: setting TNRedC to 100!
✓ Loaded J1600-3053gbt (19725 TOAs)

WARNING: Using tempo RNAMP parameter: setting TNRedC to 100!
✓ Loaded J1614-2230 (18445 TOAs)
✓ Loaded J1630+3734 (1815 TOAs)
✓ Loaded J1640+2224 (14066 TOAs)

WARNING: Using tempo RNAMP parameter: setting TNRedC to 100!
✓ Loaded J1643-1224 (22144 TOAs)

WARNING: Using tempo RNAMP parameter: setting TNRedC to 100!
✓ Loaded J1643-1224gbt (17932 TOAs)

WARNING: Using tempo RNAMP parameter: setting TNRedC to 100!
✓ Loaded J1705-1903 (9871 TOAs)

WARNING: Using tempo RNAMP parameter: setting TNRedC to 100!
✓ Loaded J1713+0747 (59389 TOAs)

WARNING: Using tempo RNAMP parameter: setting TNRedC to 100!
✓ Loaded J1713+0747ao (21362 TOAs)

WARNING: Using tempo RNAMP parameter: setting TNRedC to 100!
✓ Loaded J1713+0747gbt (32963 TOAs)
✓ Loaded J1719-1438 (6356 TOAs)
✓ Loaded J1730-2304 (4870 TOAs)
✓ Loaded J1738+0333 (8790 TOAs)
✓ Loaded J1741+1351 (5582 TOAs)

WARNING: Using tempo RNAMP parameter: setting TNRedC to 100!
✓ Loaded J1744-1134 (17745 TOAs)

WARNING: Using tempo RNAMP parameter: setting TNRedC to 100!
✓ Loaded J1745+1017 (3017 TOAs)

WARNING: Using tempo RNAMP parameter: setting TNRedC to 100!
✓ Loaded J1747-4036 (11055 TOAs)
✓ Loaded J1751-2857 (2025 TOAs)

WARNING: Using tempo RNAMP parameter: setting TNRedC to 100!
✓ Loaded J1802-2124 (6796 TOAs)
✓ Loaded J1811-2405 (5266 TOAs)
✓ Loaded J1832-0836 (7739 TOAs)
✓ Loaded J1843-1113 (4595 TOAs)

WARNING: Using tempo RNAMP parameter: setting TNRedC to 100!
✓ Loaded J1853+1303 (4570 TOAs)

WARNING: Using tempo RNAMP parameter: setting TNRedC to 100!
✓ Loaded J1903+0327 (6856 TOAs)

WARNING: Using tempo RNAMP parameter: setting TNRedC to 100!
✓ Loaded J1903+0327ao (6423 TOAs)

WARNING: Using tempo RNAMP parameter: setting TNRedC to 100!
✓ Loaded J1909-3744 (35037 TOAs)

WARNING: Using tempo RNAMP parameter: setting TNRedC to 100!
✓ Loaded J1909-3744gbt (31526 TOAs)
✓ Loaded J1910+1256 (6486 TOAs)
✓ Loaded J1911+1347 (3786 TOAs)
✓ Loaded J1918-0642 (18875 TOAs)
✓ Loaded J1923+2515 (3974 TOAs)
✓ Loaded J1944+0907 (5328 TOAs)

WARNING: Using tempo RNAMP parameter: setting TNRedC to 100!
✓ Loaded J1946+3417 (4743 TOAs)
✓ Loaded J2010-1323 (17077 TOAs)
✓ Loaded J2017+0603 (3512 TOAs)
✓ Loaded J2033+1734 (3847 TOAs)
✓ Loaded J2043+1711 (7397 TOAs)
✓ Loaded J2124-3358 (4982 TOAs)

WARNING: Using tempo RNAMP parameter: setting TNRedC to 100!
✓ Loaded J2145-0750 (18675 TOAs)
✓ Loaded J2214+3000 (7406 TOAs)
✓ Loaded J2229+2643 (3711 TOAs)

WARNING: Using tempo RNAMP parameter: setting TNRedC to 100!
✓ Loaded J2234+0611 (3566 TOAs)
✓ Loaded J2234+0944 (7535 TOAs)
✓ Loaded J2302+4442 (10211 TOAs)
✓ Loaded J2317+1439 (13927 TOAs)
✓ Loaded J2322+2057 (3088 TOAs)
⚠ Could not save cache: no default __reduce__ due to non-trivial __cinit__

✓ Loaded 76 pulsars
✗ Failed: 0 — []
[MEM] After loading pulsars: 8876.9 MB

🔍 Filtering pulsars...

Filtered: 76 → 67 pulsars
[MEM] After filtering pulsars: 8877.9 MB
[MEM] After garbage collection: 8877.9 MB

======================================================================
SMBHB POPULATION ANALYSIS
======================================================================

Configuration: realistic
  Medium mass, medium spread in distance, medium population
  N_binaries: 20000

======================================================================
CONSISTENT POPULATION SYNTHESIS
======================================================================

======================================================================
GENERATING SNR-CONSISTENT POPULATIONS
======================================================================
Target SNR:          4.0
Simulations:         1
======================================================================


──────────────────────────────────────────────────────────────────────
SIMULATION 1/1
──────────────────────────────────────────────────────────────────────
  [B1855+09] zeroing residuals...
  [B1855+09] adding red noise...
  [B1855+09] white noise for 430_ASP (390 TOAs)...
  [B1855+09] white noise for L-wide_PUPPI (5005 TOAs)...
  [B1855+09] white noise for 430_PUPPI (1185 TOAs)...
  [B1855+09] white noise for L-wide_ASP (1178 TOAs)...
  [B1937+21] zeroing residuals...
  [B1937+21] adding red noise...
  [B1937+21] white noise for Rcvr_800_GASP (586 TOAs)...
  [B1937+21] white noise for S-wide_ASP (344 TOAs)...
  [B1937+21] white noise for L-wide_ASP (452 TOAs)...
  [B1937+21] white noise for L-wide_PUPPI (4133 TOAs)...
  [B1937+21] white noise for Rcvr1_2_GASP (1069 TOAs)...
  [B1937+21] white noise for Rcvr1_2_GUPPI (7048 TOAs)...
  [B1937+21] white noise for Rcvr_800_GUPPI (7140 TOAs)...
  [B1937+21] white noise for S-wide_PUPPI (2251 TOAs)...
  [B1953+29] zeroing residuals...
  [B1953+29] adding red noise...
  [B1953+29] white noise for S-wide_ASP (25 TOAs)...
  [B1953+29] white noise for L-wide_ASP (94 TOAs)...
  [B1953+29] white noise for 430_ASP (29 TOAs)...
  [B1953+29] white noise for L-wide_PUPPI (4037 TOAs)...
  [B1953+29] white noise for 430_PUPPI (941 TOAs)...
  [J0023+0923] zeroing residuals...
  [J0023+0923] adding red noise...
  [J0023+0923] white noise for 430_ASP (90 TOAs)...
  [J0023+0923] white noise for L-wide_PUPPI (11123 TOAs)...
  [J0023+0923] white noise for 430_PUPPI (4564 TOAs)...
  [J0023+0923] white noise for L-wide_ASP (119 TOAs)...
  [J0030+0451] zeroing residuals...
  [J0030+0451] adding red noise...
  [J0030+0451] white noise for L-wide_ASP (789 TOAs)...
  [J0030+0451] white noise for 430_ASP (267 TOAs)...
  [J0030+0451] white noise for L-wide_PUPPI (12774 TOAs)...
  [J0030+0451] white noise for S-wide_PUPPI (2673 TOAs)...
  [J0030+0451] white noise for 430_PUPPI (3068 TOAs)...
  [J0340+4130] zeroing residuals...
  [J0340+4130] adding red noise...
  [J0340+4130] white noise for Rcvr1_2_GUPPI (5037 TOAs)...
  [J0340+4130] white noise for Rcvr_800_GUPPI (6056 TOAs)...
  [J0406+3039] zeroing residuals...
  [J0406+3039] adding red noise...
  [J0406+3039] white noise for L-wide_PUPPI (1871 TOAs)...
  [J0406+3039] white noise for S-wide_PUPPI (575 TOAs)...
  [J0437-4715] zeroing residuals...
  [J0437-4715] adding red noise...
  [J0437-4715] white noise for 3GHz_YUPPI (3696 TOAs)...
  [J0437-4715] white noise for 1.5GHz_YUPPI (2134 TOAs)...
  [J0509+0856] zeroing residuals...
  [J0509+0856] adding red noise...
  [J0509+0856] white noise for L-wide_PUPPI (1625 TOAs)...
  [J0509+0856] white noise for S-wide_PUPPI (544 TOAs)...
  [J0557+1551] zeroing residuals...
  [J0557+1551] adding red noise...
  [J0557+1551] white noise for L-wide_PUPPI (467 TOAs)...
  [J0557+1551] white noise for S-wide_PUPPI (58 TOAs)...
  [J0605+3757] zeroing residuals...
  [J0605+3757] adding red noise...
  [J0605+3757] white noise for Rcvr1_2_GUPPI (318 TOAs)...
  [J0605+3757] white noise for Rcvr_800_GUPPI (236 TOAs)...
  [J0610-2100] zeroing residuals...
  [J0610-2100] adding red noise...
  [J0610-2100] white noise for Rcvr1_2_GUPPI (2401 TOAs)...
  [J0610-2100] white noise for Rcvr_800_GUPPI (2484 TOAs)...
  [J0613-0200] zeroing residuals...
  [J0613-0200] adding red noise...
  [J0613-0200] white noise for Rcvr1_2_GASP (992 TOAs)...
  [J0613-0200] white noise for Rcvr_800_GASP (809 TOAs)...
  [J0613-0200] white noise for Rcvr1_2_GUPPI (7423 TOAs)...
  [J0613-0200] white noise for Rcvr_800_GUPPI (7900 TOAs)...
  [J0636+5128] zeroing residuals...
  [J0636+5128] adding red noise...
  [J0636+5128] white noise for Rcvr1_2_GUPPI (14803 TOAs)...
  [J0636+5128] white noise for Rcvr_800_GUPPI (17419 TOAs)...
  [J0645+5158] zeroing residuals...
  [J0645+5158] adding red noise...
  [J0645+5158] white noise for Rcvr1_2_GUPPI (5721 TOAs)...
  [J0645+5158] white noise for Rcvr_800_GUPPI (4682 TOAs)...
  [J0709+0458] zeroing residuals...
  [J0709+0458] adding red noise...
  [J0709+0458] white noise for L-wide_PUPPI (2435 TOAs)...
  [J0709+0458] white noise for S-wide_PUPPI (595 TOAs)...
  [J0740+6620] zeroing residuals...
  [J0740+6620] adding red noise...
  [J0740+6620] white noise for Rcvr1_2_GUPPI (8265 TOAs)...
  [J0740+6620] white noise for Rcvr_800_GUPPI (5136 TOAs)...
  [J0931-1902] zeroing residuals...
  [J0931-1902] adding red noise...
  [J0931-1902] white noise for Rcvr1_2_GUPPI (2054 TOAs)...
  [J0931-1902] white noise for Rcvr_800_GUPPI (3419 TOAs)...
  [J1012+5307] zeroing residuals...
  [J1012+5307] adding red noise...
  [J1012+5307] white noise for Rcvr1_2_GASP (1479 TOAs)...
  [J1012+5307] white noise for Rcvr_800_GASP (1210 TOAs)...
  [J1012+5307] white noise for Rcvr1_2_GUPPI (12849 TOAs)...
  [J1012+5307] white noise for Rcvr_800_GUPPI (10299 TOAs)...
  [J1012-4235] zeroing residuals...
  [J1012-4235] adding red noise...
  [J1012-4235] white noise for Rcvr1_2_GUPPI (455 TOAs)...
  [J1012-4235] white noise for Rcvr_800_GUPPI (342 TOAs)...
  [J1022+1001] zeroing residuals...
  [J1022+1001] adding red noise...
  [J1022+1001] white noise for L-wide_PUPPI (2592 TOAs)...
  [J1022+1001] white noise for S-wide_PUPPI (1154 TOAs)...
  [J1022+1001] white noise for 430_PUPPI (232 TOAs)...
  [J1024-0719] zeroing residuals...
  [J1024-0719] adding red noise...
  [J1024-0719] white noise for Rcvr1_2_GASP (43 TOAs)...
  [J1024-0719] white noise for Rcvr_800_GASP (51 TOAs)...
  [J1024-0719] white noise for Rcvr1_2_GUPPI (7086 TOAs)...
  [J1024-0719] white noise for Rcvr_800_GUPPI (5455 TOAs)...
  [J1125+7819] zeroing residuals...
  [J1125+7819] adding red noise...
  [J1125+7819] white noise for Rcvr1_2_GUPPI (4016 TOAs)...
  [J1125+7819] white noise for Rcvr_800_GUPPI (4707 TOAs)...
  [J1312+0051] zeroing residuals...
  [J1312+0051] adding red noise...
  [J1312+0051] white noise for L-wide_PUPPI (1289 TOAs)...
  [J1312+0051] white noise for S-wide_PUPPI (416 TOAs)...
  [J1453+1902] zeroing residuals...
  [J1453+1902] adding red noise...
  [J1453+1902] white noise for L-wide_PUPPI (2122 TOAs)...
  [J1453+1902] white noise for S-wide_PUPPI (4 TOAs)...
  [J1453+1902] white noise for 430_PUPPI (425 TOAs)...
  [J1455-3330] zeroing residuals...
  [J1455-3330] adding red noise...
  [J1455-3330] white noise for Rcvr1_2_GASP (564 TOAs)...
  [J1455-3330] white noise for Rcvr_800_GASP (479 TOAs)...
  [J1455-3330] white noise for Rcvr1_2_GUPPI (4932 TOAs)...
  [J1455-3330] white noise for Rcvr_800_GUPPI (4843 TOAs)...
  [J1600-3053] zeroing residuals...
  [J1600-3053] adding red noise...
  [J1600-3053] white noise for Rcvr_800_GASP (297 TOAs)...
  [J1600-3053] white noise for Rcvr1_2_GASP (457 TOAs)...
  [J1600-3053] white noise for Rcvr1_2_GUPPI (10168 TOAs)...
  [J1600-3053] white noise for Rcvr_800_GUPPI (8796 TOAs)...
  [J1600-3053] white noise for 3GHz_YUPPI (3237 TOAs)...
  [J1614-2230] zeroing residuals...
  [J1614-2230] adding red noise...
  [J1614-2230] white noise for Rcvr1_2_GASP (84 TOAs)...
  [J1614-2230] white noise for Rcvr_800_GASP (84 TOAs)...
  [J1614-2230] white noise for Rcvr1_2_GUPPI (10509 TOAs)...
  [J1614-2230] white noise for Rcvr_800_GUPPI (7768 TOAs)...
  [J1630+3734] zeroing residuals...
  [J1630+3734] adding red noise...
  [J1630+3734] white noise for Rcvr1_2_GUPPI (909 TOAs)...
  [J1630+3734] white noise for Rcvr_800_GUPPI (906 TOAs)...
  [J1640+2224] zeroing residuals...
  [J1640+2224] adding red noise...
  [J1640+2224] white noise for 430_ASP (340 TOAs)...
  [J1640+2224] white noise for L-wide_PUPPI (9847 TOAs)...
  [J1640+2224] white noise for 430_PUPPI (3157 TOAs)...
  [J1640+2224] white noise for L-wide_ASP (722 TOAs)...
  [J1643-1224] zeroing residuals...
  [J1643-1224] adding red noise...
  [J1643-1224] white noise for Rcvr_800_GASP (559 TOAs)...
  [J1643-1224] white noise for Rcvr1_2_GASP (833 TOAs)...
  [J1643-1224] white noise for Rcvr1_2_GUPPI (8803 TOAs)...
  [J1643-1224] white noise for Rcvr_800_GUPPI (7734 TOAs)...
  [J1643-1224] white noise for 3GHz_YUPPI (4215 TOAs)...
  [J1705-1903] zeroing residuals...
  [J1705-1903] adding red noise...
  [J1705-1903] white noise for Rcvr1_2_GUPPI (6350 TOAs)...
  [J1705-1903] white noise for Rcvr_800_GUPPI (3521 TOAs)...
  [J1713+0747] zeroing residuals...
  [J1713+0747] adding red noise...
  [J1713+0747] white noise for Rcvr_800_GASP (1032 TOAs)...
  [J1713+0747] white noise for S-wide_ASP (624 TOAs)...
  [J1713+0747] white noise for L-wide_ASP (843 TOAs)...
  [J1713+0747] white noise for L-wide_PUPPI (12743 TOAs)...
  [J1713+0747] white noise for Rcvr1_2_GASP (1109 TOAs)...
  [J1713+0747] white noise for Rcvr1_2_GUPPI (22334 TOAs)...
  [J1713+0747] white noise for Rcvr_800_GUPPI (8479 TOAs)...
  [J1713+0747] white noise for 3GHz_YUPPI (3282 TOAs)...
  [J1713+0747] white noise for S-wide_PUPPI (7482 TOAs)...
  [J1713+0747] white noise for 1.5GHz_YUPPI (1461 TOAs)...
  [J1719-1438] zeroing residuals...
  [J1719-1438] adding red noise...
  [J1719-1438] white noise for Rcvr1_2_GUPPI (2722 TOAs)...
  [J1719-1438] white noise for Rcvr_800_GUPPI (3634 TOAs)...
  [J1730-2304] zeroing residuals...
  [J1730-2304] adding red noise...
  [J1730-2304] white noise for Rcvr1_2_GUPPI (2367 TOAs)...
  [J1730-2304] white noise for Rcvr_800_GUPPI (2503 TOAs)...
  [J1738+0333] zeroing residuals...
  [J1738+0333] adding red noise...
  [J1738+0333] white noise for L-wide_PUPPI (6718 TOAs)...
  [J1738+0333] white noise for S-wide_PUPPI (1737 TOAs)...
  [J1738+0333] white noise for S-wide_ASP (134 TOAs)...
  [J1738+0333] white noise for L-wide_ASP (201 TOAs)...
  [J1741+1351] zeroing residuals...
  [J1741+1351] adding red noise...
  [J1741+1351] white noise for S-wide_ASP (115 TOAs)...
  [J1741+1351] white noise for L-wide_ASP (236 TOAs)...
  [J1741+1351] white noise for 430_ASP (27 TOAs)...
  [J1741+1351] white noise for L-wide_PUPPI (4045 TOAs)...
  [J1741+1351] white noise for 430_PUPPI (1159 TOAs)...
  [J1744-1134] zeroing residuals...
  [J1744-1134] adding red noise...
  [J1744-1134] white noise for Rcvr1_2_GASP (807 TOAs)...
  [J1744-1134] white noise for Rcvr_800_GASP (930 TOAs)...
  [J1744-1134] white noise for Rcvr1_2_GUPPI (8109 TOAs)...
  [J1744-1134] white noise for Rcvr_800_GUPPI (7899 TOAs)...
  [J1745+1017] zeroing residuals...
  [J1745+1017] adding red noise...
  [J1745+1017] white noise for L-wide_PUPPI (2179 TOAs)...
  [J1745+1017] white noise for S-wide_PUPPI (838 TOAs)...
  [J1747-4036] zeroing residuals...
  [J1747-4036] adding red noise...
  [J1747-4036] white noise for Rcvr1_2_GUPPI (5239 TOAs)...
  [J1747-4036] white noise for Rcvr_800_GUPPI (5816 TOAs)...
  [J1751-2857] zeroing residuals...
  [J1751-2857] adding red noise...
  [J1751-2857] white noise for Rcvr1_2_GUPPI (1786 TOAs)...
  [J1751-2857] white noise for Rcvr_800_GUPPI (239 TOAs)...
  [J1802-2124] zeroing residuals...
  [J1802-2124] adding red noise...
  [J1802-2124] white noise for Rcvr1_2_GUPPI (3231 TOAs)...
  [J1802-2124] white noise for Rcvr_800_GUPPI (3565 TOAs)...
  [J1811-2405] zeroing residuals...
  [J1811-2405] adding red noise...
  [J1811-2405] white noise for Rcvr1_2_GUPPI (2638 TOAs)...
  [J1811-2405] white noise for Rcvr_800_GUPPI (2628 TOAs)...
  [J1832-0836] zeroing residuals...
  [J1832-0836] adding red noise...
  [J1832-0836] white noise for Rcvr1_2_GUPPI (4661 TOAs)...
  [J1832-0836] white noise for Rcvr_800_GUPPI (3078 TOAs)...
  [J1843-1113] zeroing residuals...
  [J1843-1113] adding red noise...
  [J1843-1113] white noise for Rcvr1_2_GUPPI (2394 TOAs)...
  [J1843-1113] white noise for Rcvr_800_GUPPI (2201 TOAs)...
  [J1853+1303] zeroing residuals...
  [J1853+1303] adding red noise...
  [J1853+1303] white noise for 430_ASP (24 TOAs)...
  [J1853+1303] white noise for L-wide_PUPPI (3362 TOAs)...
  [J1853+1303] white noise for 430_PUPPI (1151 TOAs)...
  [J1853+1303] white noise for L-wide_ASP (33 TOAs)...
  [J1903+0327] zeroing residuals...
  [J1903+0327] adding red noise...
  [J1903+0327] white noise for S-wide_ASP (151 TOAs)...
  [J1903+0327] white noise for L-wide_ASP (139 TOAs)...
  [J1903+0327] white noise for L-wide_PUPPI (3845 TOAs)...
  [J1903+0327] white noise for 3GHz_YUPPI (439 TOAs)...
  [J1903+0327] white noise for S-wide_PUPPI (2282 TOAs)...
  [J1909-3744] zeroing residuals...
  [J1909-3744] adding red noise...
  [J1909-3744] white noise for Rcvr_800_GASP (866 TOAs)...
  [J1909-3744] white noise for Rcvr1_2_GASP (808 TOAs)...
  [J1909-3744] white noise for Rcvr1_2_GUPPI (20439 TOAs)...
  [J1909-3744] white noise for Rcvr_800_GUPPI (9399 TOAs)...
  [J1909-3744] white noise for 3GHz_YUPPI (3525 TOAs)...
  [J1910+1256] zeroing residuals...
  [J1910+1256] adding red noise...
  [J1910+1256] white noise for L-wide_PUPPI (4124 TOAs)...
  [J1910+1256] white noise for S-wide_PUPPI (1857 TOAs)...
  [J1910+1256] white noise for S-wide_ASP (208 TOAs)...
  [J1910+1256] white noise for L-wide_ASP (297 TOAs)...
  [J1911+1347] zeroing residuals...
  [J1911+1347] adding red noise...
  [J1911+1347] white noise for L-wide_PUPPI (3033 TOAs)...
  [J1911+1347] white noise for 430_PUPPI (753 TOAs)...
  [J1918-0642] zeroing residuals...
  [J1918-0642] adding red noise...
  [J1918-0642] white noise for Rcvr1_2_GASP (778 TOAs)...
  [J1918-0642] white noise for Rcvr_800_GASP (835 TOAs)...
  [J1918-0642] white noise for Rcvr1_2_GUPPI (8910 TOAs)...
  [J1918-0642] white noise for Rcvr_800_GUPPI (8352 TOAs)...
  [J1923+2515] zeroing residuals...
  [J1923+2515] adding red noise...
  [J1923+2515] white noise for 430_ASP (10 TOAs)...
  [J1923+2515] white noise for L-wide_PUPPI (3028 TOAs)...
  [J1923+2515] white noise for 430_PUPPI (922 TOAs)...
  [J1923+2515] white noise for L-wide_ASP (14 TOAs)...
  [J1944+0907] zeroing residuals...
  [J1944+0907] adding red noise...
  [J1944+0907] white noise for S-wide_ASP (116 TOAs)...
  [J1944+0907] white noise for L-wide_ASP (257 TOAs)...
  [J1944+0907] white noise for 430_ASP (38 TOAs)...
  [J1944+0907] white noise for L-wide_PUPPI (3900 TOAs)...
  [J1944+0907] white noise for 430_PUPPI (1017 TOAs)...
  [J1946+3417] zeroing residuals...
  [J1946+3417] adding red noise...
  [J1946+3417] white noise for L-wide_PUPPI (3197 TOAs)...
  [J1946+3417] white noise for S-wide_PUPPI (1546 TOAs)...
  [J2010-1323] zeroing residuals...
  [J2010-1323] adding red noise...
  [J2010-1323] white noise for Rcvr1_2_GASP (70 TOAs)...
  [J2010-1323] white noise for Rcvr_800_GASP (70 TOAs)...
  [J2010-1323] white noise for Rcvr1_2_GUPPI (7779 TOAs)...
  [J2010-1323] white noise for Rcvr_800_GUPPI (9158 TOAs)...
  [J2017+0603] zeroing residuals...
  [J2017+0603] adding red noise...
  [J2017+0603] white noise for L-wide_PUPPI (2569 TOAs)...
  [J2017+0603] white noise for S-wide_PUPPI (849 TOAs)...
  [J2017+0603] white noise for 430_PUPPI (78 TOAs)...
  [J2017+0603] white noise for L-wide_ASP (16 TOAs)...
  [J2033+1734] zeroing residuals...
  [J2033+1734] adding red noise...
  [J2033+1734] white noise for L-wide_PUPPI (3050 TOAs)...
  [J2033+1734] white noise for 430_PUPPI (797 TOAs)...
  [J2043+1711] zeroing residuals...
  [J2043+1711] adding red noise...
  [J2043+1711] white noise for 430_ASP (30 TOAs)...
  [J2043+1711] white noise for L-wide_PUPPI (4419 TOAs)...
  [J2043+1711] white noise for 430_PUPPI (2908 TOAs)...
  [J2043+1711] white noise for L-wide_ASP (40 TOAs)...
  [J2124-3358] zeroing residuals...
  [J2124-3358] adding red noise...
  [J2124-3358] white noise for Rcvr1_2_GUPPI (2957 TOAs)...
  [J2124-3358] white noise for Rcvr_800_GUPPI (2025 TOAs)...
  [J2145-0750] zeroing residuals...
  [J2145-0750] adding red noise...
  [J2145-0750] white noise for Rcvr1_2_GASP (427 TOAs)...
  [J2145-0750] white noise for Rcvr_800_GASP (362 TOAs)...
  [J2145-0750] white noise for Rcvr1_2_GUPPI (9158 TOAs)...
  [J2145-0750] white noise for Rcvr_800_GUPPI (8728 TOAs)...
  [J2214+3000] zeroing residuals...
  [J2214+3000] adding red noise...
  [J2214+3000] white noise for L-wide_PUPPI (5829 TOAs)...
  [J2214+3000] white noise for S-wide_PUPPI (1568 TOAs)...
  [J2214+3000] white noise for L-wide_ASP (9 TOAs)...
  [J2229+2643] zeroing residuals...
  [J2229+2643] adding red noise...
  [J2229+2643] white noise for L-wide_PUPPI (2755 TOAs)...
  [J2229+2643] white noise for 430_PUPPI (956 TOAs)...
  [J2234+0611] zeroing residuals...
  [J2234+0611] adding red noise...
  [J2234+0611] white noise for L-wide_PUPPI (2913 TOAs)...
  [J2234+0611] white noise for 430_PUPPI (653 TOAs)...
  [J2234+0944] zeroing residuals...
  [J2234+0944] adding red noise...
  [J2234+0944] white noise for L-wide_PUPPI (5003 TOAs)...
  [J2234+0944] white noise for S-wide_PUPPI (2532 TOAs)...
  [J2302+4442] zeroing residuals...
  [J2302+4442] adding red noise...
  [J2302+4442] white noise for Rcvr1_2_GUPPI (3779 TOAs)...
  [J2302+4442] white noise for Rcvr_800_GUPPI (6432 TOAs)...
  [J2317+1439] zeroing residuals...
  [J2317+1439] adding red noise...
  [J2317+1439] white noise for 327_PUPPI (276 TOAs)...
  [J2317+1439] white noise for 327_ASP (413 TOAs)...
  [J2317+1439] white noise for 430_ASP (458 TOAs)...
  [J2317+1439] white noise for L-wide_PUPPI (9563 TOAs)...
  [J2317+1439] white noise for 430_PUPPI (3217 TOAs)...
  [J2322+2057] zeroing residuals...
  [J2322+2057] adding red noise...
  [J2322+2057] white noise for L-wide_PUPPI (2196 TOAs)...
  [J2322+2057] white noise for S-wide_PUPPI (140 TOAs)...
  [J2322+2057] white noise for 430_PUPPI (752 TOAs)...
Resetting pulsars to clean stoas...
Restore: 0.00 s
Inject: 0.00 s
Snapshotting into enterprise Pulsar objects...
Building PTA...
PTA build: 483.62 s
Computing optimal statistic...
OS time: 59.17 s
Total: 542.79 s
Noise-only SNR baseline: -0.4649

Generating SNR-consistent population...
Target SNR: 4.0
Resetting pulsars to clean stoas...
Restore: 6.73 s
Injecting population...
  B1855+09: RMS = 1052.871 ns
  B1937+21: RMS = 923.855 ns
  B1953+29: RMS = 1335.465 ns
  J0023+0923: RMS = 675.487 ns
  J0030+0451: RMS = 1537.796 ns
  J0340+4130: RMS = 3459.964 ns
  J0406+3039: RMS = 1785.003 ns
  J0437-4715: RMS = 2798.890 ns
  J0509+0856: RMS = 2528.463 ns
  J0557+1551: RMS = 1814.099 ns
  J0605+3757: RMS = 1078.095 ns
  J0610-2100: RMS = 1810.313 ns
  J0613-0200: RMS = 2193.491 ns
  J0636+5128: RMS = 717.829 ns
  J0645+5158: RMS = 760.364 ns
  J0709+0458: RMS = 1301.233 ns
  J0740+6620: RMS = 1498.275 ns
  J0931-1902: RMS = 3909.510 ns
  J1012+5307: RMS = 928.814 ns
  J1012-4235: RMS = 1521.148 ns
  J1022+1001: RMS = 1855.504 ns
  J1024-0719: RMS = 3408.867 ns
  J1125+7819: RMS = 1943.809 ns
  J1312+0051: RMS = 3214.316 ns
  J1453+1902: RMS = 3020.002 ns
  J1455-3330: RMS = 2712.216 ns
  J1600-3053: RMS = 2319.824 ns
  J1614-2230: RMS = 1976.864 ns
  J1630+3734: RMS = 566.533 ns
  J1640+2224: RMS = 1650.037 ns
  J1643-1224: RMS = 2159.926 ns
  J1705-1903: RMS = 1519.534 ns
  J1713+0747: RMS = 1913.467 ns
  J1719-1438: RMS = 1733.902 ns
  J1730-2304: RMS = 1830.592 ns
  J1738+0333: RMS = 1769.134 ns
  J1741+1351: RMS = 1096.262 ns
  J1744-1134: RMS = 2759.263 ns
  J1745+1017: RMS = 1486.617 ns
  J1747-4036: RMS = 1818.814 ns
  J1751-2857: RMS = 1676.784 ns
  J1802-2124: RMS = 1884.740 ns
  J1811-2405: RMS = 1646.218 ns
  J1832-0836: RMS = 2665.040 ns
  J1843-1113: RMS = 728.015 ns
  J1853+1303: RMS = 1211.464 ns
  J1903+0327: RMS = 1256.534 ns
  J1909-3744: RMS = 753.241 ns
  J1910+1256: RMS = 929.463 ns
  J1911+1347: RMS = 1237.880 ns
  J1918-0642: RMS = 1648.802 ns
  J1923+2515: RMS = 1168.667 ns
  J1944+0907: RMS = 1195.703 ns
  J1946+3417: RMS = 1617.800 ns
  J2010-1323: RMS = 1747.683 ns
  J2017+0603: RMS = 1358.468 ns
  J2033+1734: RMS = 1580.407 ns
  J2043+1711: RMS = 984.442 ns
  J2124-3358: RMS = 577.192 ns
  J2145-0750: RMS = 1805.542 ns
  J2214+3000: RMS = 590.271 ns
  J2229+2643: RMS = 722.522 ns
  J2234+0611: RMS = 650.253 ns
  J2234+0944: RMS = 567.250 ns
  J2302+4442: RMS = 1049.594 ns
  J2317+1439: RMS = 1753.714 ns
  J2322+2057: RMS = 592.106 ns
Inject: 0.84 s
Snapshotting into enterprise Pulsar objects...
Building PTA...
PTA build: 469.81 s
Computing optimal statistic...
OS time: 57.70 s
Total: 535.08 s
Initial SNR: 4.6820, Target SNR: 4.0000
  Initial SNR 4.6820 outside of provided SNR_range [3.5, 4.25] — rescaling.
Scaling distances by factor 1.0737 to achieve target SNR...
Resetting pulsars to clean stoas...
Restore: 3.10 s
Injecting population...
  B1855+09: RMS = 980.636 ns
  B1937+21: RMS = 860.471 ns
  B1953+29: RMS = 1243.841 ns
  J0023+0923: RMS = 629.143 ns
  J0030+0451: RMS = 1432.291 ns
  J0340+4130: RMS = 3222.583 ns
  J0406+3039: RMS = 1662.538 ns
  J0437-4715: RMS = 2606.865 ns
  J0509+0856: RMS = 2354.991 ns
  J0557+1551: RMS = 1689.638 ns
  J0605+3757: RMS = 1004.130 ns
  J0610-2100: RMS = 1686.111 ns
  J0613-0200: RMS = 2043.001 ns
  J0636+5128: RMS = 668.580 ns
  J0645+5158: RMS = 708.197 ns
  J0709+0458: RMS = 1211.959 ns
  J0740+6620: RMS = 1395.482 ns
  J0931-1902: RMS = 3641.287 ns
  J1012+5307: RMS = 865.090 ns
  J1012-4235: RMS = 1416.785 ns
  J1022+1001: RMS = 1728.202 ns
  J1024-0719: RMS = 3174.992 ns
  J1125+7819: RMS = 1810.448 ns
  J1312+0051: RMS = 2993.789 ns
  J1453+1902: RMS = 2812.807 ns
  J1455-3330: RMS = 2526.137 ns
  J1600-3053: RMS = 2160.666 ns
  J1614-2230: RMS = 1841.236 ns
  J1630+3734: RMS = 527.665 ns
  J1640+2224: RMS = 1536.832 ns
  J1643-1224: RMS = 2011.738 ns
  J1705-1903: RMS = 1415.283 ns
  J1713+0747: RMS = 1782.189 ns
  J1719-1438: RMS = 1614.943 ns
  J1730-2304: RMS = 1704.999 ns
  J1738+0333: RMS = 1647.758 ns
  J1741+1351: RMS = 1021.050 ns
  J1744-1134: RMS = 2569.957 ns
  J1745+1017: RMS = 1384.623 ns
  J1747-4036: RMS = 1694.030 ns
  J1751-2857: RMS = 1561.744 ns
  J1802-2124: RMS = 1755.432 ns
  J1811-2405: RMS = 1533.275 ns
  J1832-0836: RMS = 2482.197 ns
  J1843-1113: RMS = 678.068 ns
  J1853+1303: RMS = 1128.349 ns
  J1903+0327: RMS = 1170.326 ns
  J1909-3744: RMS = 701.563 ns
  J1910+1256: RMS = 865.695 ns
  J1911+1347: RMS = 1152.952 ns
  J1918-0642: RMS = 1535.682 ns
  J1923+2515: RMS = 1088.488 ns
  J1944+0907: RMS = 1113.669 ns
  J1946+3417: RMS = 1506.807 ns
  J2010-1323: RMS = 1627.779 ns
  J2017+0603: RMS = 1265.266 ns
  J2033+1734: RMS = 1471.979 ns
  J2043+1711: RMS = 916.901 ns
  J2124-3358: RMS = 537.592 ns
  J2145-0750: RMS = 1681.668 ns
  J2214+3000: RMS = 549.774 ns
  J2229+2643: RMS = 672.951 ns
  J2234+0611: RMS = 605.641 ns
  J2234+0944: RMS = 528.333 ns
  J2302+4442: RMS = 977.584 ns
  J2317+1439: RMS = 1633.395 ns
  J2322+2057: RMS = 551.483 ns
Inject: 0.84 s
Snapshotting into enterprise Pulsar objects...
Building PTA...
PTA build: 486.35 s
Computing optimal statistic...
OS time: 102.70 s
Total: 592.99 s
  ✓ SNR is within the provided SNR_range: 4.0858 ∈ [3.5, 4.25]

Final SNR history:
  it 0: cumulative_scale=1.0000×  SNR=4.6820
  it 1: cumulative_scale=1.0737×  SNR=4.0858
✓ Simulation 1 done (1129.9 s)

======================================================================
ENSEMBLE SUMMARY
======================================================================
Success rate: 100.0% (1/1)

Binaries per population:
  Mean ± std : 20000 ± 0
  Range      : [20000, 20000]

SNR achieved:
  Mean ± std : 4.0858 ± 0.0000
  Range      : [4.0858, 4.0858]

Total time: 1715.6 s (28.6 min)
======================================================================

💾 Saved: data/2026-04-29/realistic_run_72/consistent_population_realistic_targetSNR4.25_sims1.json
💾 Saved compressed pickle: data/2026-04-29/realistic_run_72/consistent_population_realistic_targetSNR4.25_sims1.pkl.gz

======================================================================
CONTINUOUS WAVE SNR ANALYSIS
======================================================================

--- Population 1 ---
Precomputation of phiinvs, TNTs, Ts, Nvecs, Sigmas took 0.21 seconds.
Total SNR computation for population took 506.80 seconds.
Top 50 CGW candidates:
   1. proxy_rank=  44  sky_w=1.59  f=1.36e-08 Hz  Mc=1.51e+10 Msun  h0=1.13e-14  SNR=27.050
   2. proxy_rank=  16  sky_w=0.80  f=1.34e-08 Hz  Mc=2.49e+10 Msun  h0=3.83e-14  SNR=21.911
   3. proxy_rank=  32  sky_w=1.56  f=8.33e-09 Hz  Mc=1.60e+10 Msun  h0=9.03e-15  SNR=10.595
   4. proxy_rank=   8  sky_w=1.48  f=6.49e-09 Hz  Mc=2.10e+10 Msun  h0=1.23e-14  SNR=10.145
   5. proxy_rank=  37  sky_w=1.02  f=5.30e-09 Hz  Mc=1.72e+10 Msun  h0=7.84e-15  SNR=9.770
   6. proxy_rank= 332  sky_w=1.38  f=2.06e-08 Hz  Mc=6.52e+09 Msun  h0=4.39e-15  SNR=8.587
   7. proxy_rank=  69  sky_w=1.00  f=6.48e-09 Hz  Mc=1.39e+10 Msun  h0=6.55e-15  SNR=7.477
   8. proxy_rank= 352  sky_w=0.96  f=1.93e-08 Hz  Mc=8.45e+09 Msun  h0=5.55e-15  SNR=7.076
   9. proxy_rank=   3  sky_w=0.92  f=3.64e-09 Hz  Mc=2.54e+10 Msun  h0=1.26e-14  SNR=6.682
  10. proxy_rank= 152  sky_w=0.80  f=8.36e-09 Hz  Mc=1.27e+10 Msun  h0=6.47e-15  SNR=6.345
  11. proxy_rank=  89  sky_w=1.46  f=7.24e-09 Hz  Mc=1.02e+10 Msun  h0=4.22e-15  SNR=6.039
  12. proxy_rank=   1  sky_w=0.82  f=2.05e-09 Hz  Mc=4.39e+10 Msun  h0=1.87e-14  SNR=5.982
  13. proxy_rank= 394  sky_w=1.60  f=1.61e-08 Hz  Mc=5.67e+09 Msun  h0=2.54e-15  SNR=5.614
  14. proxy_rank=   4  sky_w=1.25  f=3.05e-09 Hz  Mc=2.01e+10 Msun  h0=7.11e-15  SNR=4.899
  15. proxy_rank=   2  sky_w=0.83  f=2.89e-09 Hz  Mc=2.17e+10 Msun  h0=1.12e-14  SNR=4.737
  16. proxy_rank=  74  sky_w=1.16  f=4.97e-09 Hz  Mc=1.23e+10 Msun  h0=4.11e-15  SNR=4.609
  17. proxy_rank= 118  sky_w=0.90  f=4.97e-09 Hz  Mc=1.19e+10 Msun  h0=3.96e-15  SNR=4.285
  18. proxy_rank= 439  sky_w=0.68  f=1.45e-08 Hz  Mc=8.21e+09 Msun  h0=4.72e-15  SNR=4.238
  19. proxy_rank=  55  sky_w=0.64  f=4.38e-09 Hz  Mc=1.56e+10 Msun  h0=8.07e-15  SNR=4.215
  20. proxy_rank=  15  sky_w=1.05  f=4.50e-09 Hz  Mc=1.71e+10 Msun  h0=9.90e-15  SNR=4.213
  21. proxy_rank= 208  sky_w=1.50  f=6.64e-09 Hz  Mc=6.74e+09 Msun  h0=2.10e-15  SNR=3.866
  22. proxy_rank=  12  sky_w=0.81  f=2.71e-09 Hz  Mc=2.18e+10 Msun  h0=8.05e-15  SNR=3.791
  23. proxy_rank=  86  sky_w=0.55  f=6.66e-09 Hz  Mc=1.91e+10 Msun  h0=1.07e-14  SNR=3.772
  24. proxy_rank= 312  sky_w=1.62  f=8.06e-09 Hz  Mc=5.60e+09 Msun  h0=1.55e-15  SNR=3.598
  25. proxy_rank=  77  sky_w=0.60  f=5.30e-09 Hz  Mc=1.75e+10 Msun  h0=8.26e-15  SNR=3.580
  26. proxy_rank=  34  sky_w=1.30  f=3.28e-09 Hz  Mc=1.36e+10 Msun  h0=3.88e-15  SNR=3.576
  27. proxy_rank=  56  sky_w=0.89  f=4.69e-09 Hz  Mc=1.48e+10 Msun  h0=6.08e-15  SNR=3.570
  28. proxy_rank=   5  sky_w=1.33  f=2.45e-09 Hz  Mc=1.89e+10 Msun  h0=5.31e-15  SNR=3.539
  29. proxy_rank=  78  sky_w=1.37  f=5.45e-09 Hz  Mc=1.12e+10 Msun  h0=3.69e-15  SNR=3.270
  30. proxy_rank=  52  sky_w=0.99  f=4.72e-09 Hz  Mc=1.53e+10 Msun  h0=5.83e-15  SNR=3.220
  31. proxy_rank=  92  sky_w=0.90  f=4.01e-09 Hz  Mc=1.26e+10 Msun  h0=3.73e-15  SNR=2.850
  32. proxy_rank= 555  sky_w=0.92  f=1.31e-08 Hz  Mc=6.08e+09 Msun  h0=2.40e-15  SNR=2.838
  33. proxy_rank=  21  sky_w=1.14  f=2.54e-09 Hz  Mc=1.53e+10 Msun  h0=4.95e-15  SNR=2.828
  34. proxy_rank=  17  sky_w=0.82  f=4.19e-09 Hz  Mc=2.18e+10 Msun  h0=1.16e-14  SNR=2.804
  35. proxy_rank= 475  sky_w=1.47  f=1.09e-08 Hz  Mc=4.82e+09 Msun  h0=1.49e-15  SNR=2.785
  36. proxy_rank=  23  sky_w=0.61  f=3.00e-09 Hz  Mc=2.44e+10 Msun  h0=1.04e-14  SNR=2.774
  37. proxy_rank=  29  sky_w=1.29  f=4.23e-09 Hz  Mc=1.42e+10 Msun  h0=5.67e-15  SNR=2.713
  38. proxy_rank=  14  sky_w=1.39  f=2.48e-09 Hz  Mc=1.64e+10 Msun  h0=4.15e-15  SNR=2.701
  39. proxy_rank= 122  sky_w=0.99  f=4.35e-09 Hz  Mc=9.24e+09 Msun  h0=3.15e-15  SNR=2.685
  40. proxy_rank=  13  sky_w=1.43  f=2.31e-09 Hz  Mc=1.57e+10 Msun  h0=3.84e-15  SNR=2.587
  41. proxy_rank= 183  sky_w=1.48  f=4.62e-09 Hz  Mc=7.30e+09 Msun  h0=1.65e-15  SNR=2.484
  42. proxy_rank=  25  sky_w=1.28  f=2.53e-09 Hz  Mc=1.58e+10 Msun  h0=4.01e-15  SNR=2.482
  43. proxy_rank= 115  sky_w=1.59  f=4.00e-09 Hz  Mc=5.72e+09 Msun  h0=1.82e-15  SNR=2.437
  44. proxy_rank=  19  sky_w=1.12  f=2.20e-09 Hz  Mc=1.59e+10 Msun  h0=4.46e-15  SNR=2.419
  45. proxy_rank= 191  sky_w=1.21  f=8.24e-09 Hz  Mc=9.05e+09 Msun  h0=3.50e-15  SNR=2.344
  46. proxy_rank=  98  sky_w=1.53  f=3.99e-09 Hz  Mc=8.93e+09 Msun  h0=2.06e-15  SNR=2.226
  47. proxy_rank= 140  sky_w=0.91  f=4.57e-09 Hz  Mc=1.06e+10 Msun  h0=3.28e-15  SNR=2.218
  48. proxy_rank=  58  sky_w=1.48  f=3.13e-09 Hz  Mc=1.05e+10 Msun  h0=2.42e-15  SNR=2.204
  49. proxy_rank=   7  sky_w=0.55  f=2.10e-09 Hz  Mc=1.54e+10 Msun  h0=1.08e-14  SNR=2.195
  50. proxy_rank=  40  sky_w=1.47  f=2.85e-09 Hz  Mc=1.06e+10 Msun  h0=2.72e-15  SNR=2.149
💾 Saved: data/2026-04-29/realistic_run_72/consistent_population_realistic_targetSNR4.25_sims1.json
💾 Saved compressed pickle: data/2026-04-29/realistic_run_72/consistent_population_realistic_targetSNR4.25_sims1.pkl.gz
Saved to figures/cgw_analysis_realistic.pdf

======================================================================
ANALYSIS COMPLETE
Results saved to: data/2026-04-29/realistic_run_72
======================================================================

==========================================
Job finished at: Wed Apr 29 10:46:27 AEST 2026
Exit code: 0
==========================================

+------------------ Job Report: 11728706 (COMPLETED) ------------------+
| Memory (RAM)  [################### ] 96.7% (30.9 GB peak / 32 GB)    |
| CPU           [###############     ] 77.7% average                   |
| Time          [------------>       ] 62.1% (0-00:40:20 / 0-01:05:00) |
|                                                                      |
| Lustre Filesystem:                                                   |
|   Path    Total Read    Total Write    Total IOPS                    |
|   ------  ------------  -------------  ------------                  |
|   /apps   612 KB        0 B            215                           |
|   /fred   188 KB        6.4 MB         58                            |
|   /home   72.3 MB       0 B            3 K                           |
|   OS      0 B           0 B            2                             |
|                                                                      |
| Warnings:                                                            |
|   - Too much time requested                                          |
+----------------------------------------------------------------------+
