==========================================
Job ID: 11730324
Job Name: smbhb_pessimistic
Node: gina9
Start Time: Wed Apr 29 10:44:34 AEST 2026
==========================================

/home/bhoulden/.conda/envs/smbhb312/share/tempo2
Working directory: /fred/oz005/users/bhoulden/SMBHB_population_injections

Loaded modules:

Starting SMBHB analysis...
==========================================

📁 Save directory: data/2026-04-29/pessimistic_run_22
📝 Run name: pessimistic_run_22

[MEM] Start: 243.4 MB

📡 Loading pulsars...
======================================================================
LOADING NANOGRAV PULSARS (libstempo)
======================================================================

📦 Loading from cache: nanograv_pulsars_cache.pkl
⚠ Cache load failed: Ran out of input
[DEBUG] Found 76 .par files
[tempo2Util.C:396] Warning: [MISC1] Unknown parameter in par file:  DMDATA
[tempo2Util.C:401] Warning: [DUP1] duplicated warnings have been suppressed.

WARNING: Using tempo RNAMP parameter: setting TNRedC to 100!
[observatory.C:271] Warning: Assuming site 'arecibo' means 'ao'
✓ Loaded B1855+09 (7758 TOAs)

WARNING: Using tempo RNAMP parameter: setting TNRedC to 100!
✓ Loaded B1937+21 (23023 TOAs)

WARNING: Using tempo RNAMP parameter: setting TNRedC to 100!
✓ Loaded B1937+21ao (7241 TOAs)

WARNING: Using tempo RNAMP parameter: setting TNRedC to 100!
✓ Loaded B1937+21gbt (16048 TOAs)

WARNING: Using tempo RNAMP parameter: setting TNRedC to 100!
✓ Loaded B1953+29 (5126 TOAs)
✓ Loaded J0023+0923 (15896 TOAs)

WARNING: Using tempo RNAMP parameter: setting TNRedC to 100!
✓ Loaded J0030+0451 (19571 TOAs)
✓ Loaded J0340+4130 (11093 TOAs)
✓ Loaded J0406+3039 (2446 TOAs)

WARNING: Using tempo RNAMP parameter: setting TNRedC to 100!
✓ Loaded J0437-4715 (5830 TOAs)
✓ Loaded J0509+0856 (2169 TOAs)
✓ Loaded J0557+1551 (525 TOAs)
✓ Loaded J0605+3757 (554 TOAs)

WARNING: Using tempo RNAMP parameter: setting TNRedC to 100!
✓ Loaded J0610-2100 (4885 TOAs)

WARNING: Using tempo RNAMP parameter: setting TNRedC to 100!
✓ Loaded J0613-0200 (17124 TOAs)
✓ Loaded J0614-3329 (1714 TOAs)
✓ Loaded J0636+5128 (32222 TOAs)
✓ Loaded J0645+5158 (10403 TOAs)
✓ Loaded J0709+0458 (3030 TOAs)
✓ Loaded J0740+6620 (13401 TOAs)
✓ Loaded J0931-1902 (5473 TOAs)

WARNING: Using tempo RNAMP parameter: setting TNRedC to 100!
✓ Loaded J1012+5307 (25837 TOAs)
✓ Loaded J1012-4235 (797 TOAs)
✓ Loaded J1022+1001 (3978 TOAs)
✓ Loaded J1024-0719 (12635 TOAs)
✓ Loaded J1125+7819 (8723 TOAs)
✓ Loaded J1312+0051 (1705 TOAs)
✓ Loaded J1453+1902 (2551 TOAs)
✓ Loaded J1455-3330 (10818 TOAs)

WARNING: Using tempo RNAMP parameter: setting TNRedC to 100!
✓ Loaded J1600-3053 (22955 TOAs)

WARNING: Using tempo RNAMP parameter: setting TNRedC to 100!
✓ Loaded J1600-3053gbt (19725 TOAs)

WARNING: Using tempo RNAMP parameter: setting TNRedC to 100!
✓ Loaded J1614-2230 (18445 TOAs)
✓ Loaded J1630+3734 (1815 TOAs)
✓ Loaded J1640+2224 (14066 TOAs)

WARNING: Using tempo RNAMP parameter: setting TNRedC to 100!
✓ Loaded J1643-1224 (22144 TOAs)

WARNING: Using tempo RNAMP parameter: setting TNRedC to 100!
✓ Loaded J1643-1224gbt (17932 TOAs)

WARNING: Using tempo RNAMP parameter: setting TNRedC to 100!
✓ Loaded J1705-1903 (9871 TOAs)

WARNING: Using tempo RNAMP parameter: setting TNRedC to 100!
✓ Loaded J1713+0747 (59389 TOAs)

WARNING: Using tempo RNAMP parameter: setting TNRedC to 100!
✓ Loaded J1713+0747ao (21362 TOAs)

WARNING: Using tempo RNAMP parameter: setting TNRedC to 100!
✓ Loaded J1713+0747gbt (32963 TOAs)
✓ Loaded J1719-1438 (6356 TOAs)
✓ Loaded J1730-2304 (4870 TOAs)
✓ Loaded J1738+0333 (8790 TOAs)
✓ Loaded J1741+1351 (5582 TOAs)

WARNING: Using tempo RNAMP parameter: setting TNRedC to 100!
✓ Loaded J1744-1134 (17745 TOAs)

WARNING: Using tempo RNAMP parameter: setting TNRedC to 100!
✓ Loaded J1745+1017 (3017 TOAs)

WARNING: Using tempo RNAMP parameter: setting TNRedC to 100!
✓ Loaded J1747-4036 (11055 TOAs)
✓ Loaded J1751-2857 (2025 TOAs)

WARNING: Using tempo RNAMP parameter: setting TNRedC to 100!
✓ Loaded J1802-2124 (6796 TOAs)
✓ Loaded J1811-2405 (5266 TOAs)
✓ Loaded J1832-0836 (7739 TOAs)
✓ Loaded J1843-1113 (4595 TOAs)

WARNING: Using tempo RNAMP parameter: setting TNRedC to 100!
✓ Loaded J1853+1303 (4570 TOAs)

WARNING: Using tempo RNAMP parameter: setting TNRedC to 100!
✓ Loaded J1903+0327 (6856 TOAs)

WARNING: Using tempo RNAMP parameter: setting TNRedC to 100!
✓ Loaded J1903+0327ao (6423 TOAs)

WARNING: Using tempo RNAMP parameter: setting TNRedC to 100!
✓ Loaded J1909-3744 (35037 TOAs)

WARNING: Using tempo RNAMP parameter: setting TNRedC to 100!
✓ Loaded J1909-3744gbt (31526 TOAs)
✓ Loaded J1910+1256 (6486 TOAs)
✓ Loaded J1911+1347 (3786 TOAs)
✓ Loaded J1918-0642 (18875 TOAs)
✓ Loaded J1923+2515 (3974 TOAs)
✓ Loaded J1944+0907 (5328 TOAs)

WARNING: Using tempo RNAMP parameter: setting TNRedC to 100!
✓ Loaded J1946+3417 (4743 TOAs)
✓ Loaded J2010-1323 (17077 TOAs)
✓ Loaded J2017+0603 (3512 TOAs)
✓ Loaded J2033+1734 (3847 TOAs)
✓ Loaded J2043+1711 (7397 TOAs)
✓ Loaded J2124-3358 (4982 TOAs)

WARNING: Using tempo RNAMP parameter: setting TNRedC to 100!
✓ Loaded J2145-0750 (18675 TOAs)
✓ Loaded J2214+3000 (7406 TOAs)
✓ Loaded J2229+2643 (3711 TOAs)

WARNING: Using tempo RNAMP parameter: setting TNRedC to 100!
✓ Loaded J2234+0611 (3566 TOAs)
✓ Loaded J2234+0944 (7535 TOAs)
✓ Loaded J2302+4442 (10211 TOAs)
✓ Loaded J2317+1439 (13927 TOAs)
✓ Loaded J2322+2057 (3088 TOAs)
⚠ Could not save cache: no default __reduce__ due to non-trivial __cinit__

✓ Loaded 76 pulsars
✗ Failed: 0 — []
[MEM] After loading pulsars: 8532.0 MB

🔍 Filtering pulsars...

Filtered: 76 → 67 pulsars
[MEM] After filtering pulsars: 8533.1 MB
[MEM] After garbage collection: 8533.2 MB

======================================================================
SMBHB POPULATION ANALYSIS
======================================================================

Configuration: pessimistic
  Lower mass, lower spread in distance, large population
  N_binaries: 10000000

======================================================================
CONSISTENT POPULATION SYNTHESIS
======================================================================

======================================================================
GENERATING SNR-CONSISTENT POPULATIONS
======================================================================
Target SNR:          4.0
Simulations:         1
======================================================================


──────────────────────────────────────────────────────────────────────
SIMULATION 1/1
──────────────────────────────────────────────────────────────────────
  [B1855+09] zeroing residuals...
  [B1855+09] adding red noise...
  [B1855+09] white noise for L-wide_ASP (1178 TOAs)...
  [B1855+09] white noise for 430_ASP (390 TOAs)...
  [B1855+09] white noise for L-wide_PUPPI (5005 TOAs)...
  [B1855+09] white noise for 430_PUPPI (1185 TOAs)...
  [B1937+21] zeroing residuals...
  [B1937+21] adding red noise...
  [B1937+21] white noise for Rcvr_800_GASP (586 TOAs)...
  [B1937+21] white noise for S-wide_PUPPI (2251 TOAs)...
  [B1937+21] white noise for S-wide_ASP (344 TOAs)...
  [B1937+21] white noise for L-wide_ASP (452 TOAs)...
  [B1937+21] white noise for L-wide_PUPPI (4133 TOAs)...
  [B1937+21] white noise for Rcvr_800_GUPPI (7140 TOAs)...
  [B1937+21] white noise for Rcvr1_2_GASP (1069 TOAs)...
  [B1937+21] white noise for Rcvr1_2_GUPPI (7048 TOAs)...
  [B1953+29] zeroing residuals...
  [B1953+29] adding red noise...
  [B1953+29] white noise for S-wide_ASP (25 TOAs)...
  [B1953+29] white noise for L-wide_ASP (94 TOAs)...
  [B1953+29] white noise for 430_ASP (29 TOAs)...
  [B1953+29] white noise for L-wide_PUPPI (4037 TOAs)...
  [B1953+29] white noise for 430_PUPPI (941 TOAs)...
  [J0023+0923] zeroing residuals...
  [J0023+0923] adding red noise...
  [J0023+0923] white noise for L-wide_ASP (119 TOAs)...
  [J0023+0923] white noise for 430_ASP (90 TOAs)...
  [J0023+0923] white noise for L-wide_PUPPI (11123 TOAs)...
  [J0023+0923] white noise for 430_PUPPI (4564 TOAs)...
  [J0030+0451] zeroing residuals...
  [J0030+0451] adding red noise...
  [J0030+0451] white noise for S-wide_PUPPI (2673 TOAs)...
  [J0030+0451] white noise for L-wide_ASP (789 TOAs)...
  [J0030+0451] white noise for 430_ASP (267 TOAs)...
  [J0030+0451] white noise for L-wide_PUPPI (12774 TOAs)...
  [J0030+0451] white noise for 430_PUPPI (3068 TOAs)...
  [J0340+4130] zeroing residuals...
  [J0340+4130] adding red noise...
  [J0340+4130] white noise for Rcvr_800_GUPPI (6056 TOAs)...
  [J0340+4130] white noise for Rcvr1_2_GUPPI (5037 TOAs)...
  [J0406+3039] zeroing residuals...
  [J0406+3039] adding red noise...
  [J0406+3039] white noise for S-wide_PUPPI (575 TOAs)...
  [J0406+3039] white noise for L-wide_PUPPI (1871 TOAs)...
  [J0437-4715] zeroing residuals...
  [J0437-4715] adding red noise...
  [J0437-4715] white noise for 3GHz_YUPPI (3696 TOAs)...
  [J0437-4715] white noise for 1.5GHz_YUPPI (2134 TOAs)...
  [J0509+0856] zeroing residuals...
  [J0509+0856] adding red noise...
  [J0509+0856] white noise for S-wide_PUPPI (544 TOAs)...
  [J0509+0856] white noise for L-wide_PUPPI (1625 TOAs)...
  [J0557+1551] zeroing residuals...
  [J0557+1551] adding red noise...
  [J0557+1551] white noise for S-wide_PUPPI (58 TOAs)...
  [J0557+1551] white noise for L-wide_PUPPI (467 TOAs)...
  [J0605+3757] zeroing residuals...
  [J0605+3757] adding red noise...
  [J0605+3757] white noise for Rcvr_800_GUPPI (236 TOAs)...
  [J0605+3757] white noise for Rcvr1_2_GUPPI (318 TOAs)...
  [J0610-2100] zeroing residuals...
  [J0610-2100] adding red noise...
  [J0610-2100] white noise for Rcvr_800_GUPPI (2484 TOAs)...
  [J0610-2100] white noise for Rcvr1_2_GUPPI (2401 TOAs)...
  [J0613-0200] zeroing residuals...
  [J0613-0200] adding red noise...
  [J0613-0200] white noise for Rcvr_800_GASP (809 TOAs)...
  [J0613-0200] white noise for Rcvr_800_GUPPI (7900 TOAs)...
  [J0613-0200] white noise for Rcvr1_2_GASP (992 TOAs)...
  [J0613-0200] white noise for Rcvr1_2_GUPPI (7423 TOAs)...
  [J0636+5128] zeroing residuals...
  [J0636+5128] adding red noise...
  [J0636+5128] white noise for Rcvr_800_GUPPI (17419 TOAs)...
  [J0636+5128] white noise for Rcvr1_2_GUPPI (14803 TOAs)...
  [J0645+5158] zeroing residuals...
  [J0645+5158] adding red noise...
  [J0645+5158] white noise for Rcvr_800_GUPPI (4682 TOAs)...
  [J0645+5158] white noise for Rcvr1_2_GUPPI (5721 TOAs)...
  [J0709+0458] zeroing residuals...
  [J0709+0458] adding red noise...
  [J0709+0458] white noise for S-wide_PUPPI (595 TOAs)...
  [J0709+0458] white noise for L-wide_PUPPI (2435 TOAs)...
  [J0740+6620] zeroing residuals...
  [J0740+6620] adding red noise...
  [J0740+6620] white noise for Rcvr_800_GUPPI (5136 TOAs)...
  [J0740+6620] white noise for Rcvr1_2_GUPPI (8265 TOAs)...
  [J0931-1902] zeroing residuals...
  [J0931-1902] adding red noise...
  [J0931-1902] white noise for Rcvr_800_GUPPI (3419 TOAs)...
  [J0931-1902] white noise for Rcvr1_2_GUPPI (2054 TOAs)...
  [J1012+5307] zeroing residuals...
  [J1012+5307] adding red noise...
  [J1012+5307] white noise for Rcvr_800_GASP (1210 TOAs)...
  [J1012+5307] white noise for Rcvr_800_GUPPI (10299 TOAs)...
  [J1012+5307] white noise for Rcvr1_2_GASP (1479 TOAs)...
  [J1012+5307] white noise for Rcvr1_2_GUPPI (12849 TOAs)...
  [J1012-4235] zeroing residuals...
  [J1012-4235] adding red noise...
  [J1012-4235] white noise for Rcvr_800_GUPPI (342 TOAs)...
  [J1012-4235] white noise for Rcvr1_2_GUPPI (455 TOAs)...
  [J1022+1001] zeroing residuals...
  [J1022+1001] adding red noise...
  [J1022+1001] white noise for S-wide_PUPPI (1154 TOAs)...
  [J1022+1001] white noise for L-wide_PUPPI (2592 TOAs)...
  [J1022+1001] white noise for 430_PUPPI (232 TOAs)...
  [J1024-0719] zeroing residuals...
  [J1024-0719] adding red noise...
  [J1024-0719] white noise for Rcvr_800_GASP (51 TOAs)...
  [J1024-0719] white noise for Rcvr_800_GUPPI (5455 TOAs)...
  [J1024-0719] white noise for Rcvr1_2_GASP (43 TOAs)...
  [J1024-0719] white noise for Rcvr1_2_GUPPI (7086 TOAs)...
  [J1125+7819] zeroing residuals...
  [J1125+7819] adding red noise...
  [J1125+7819] white noise for Rcvr_800_GUPPI (4707 TOAs)...
  [J1125+7819] white noise for Rcvr1_2_GUPPI (4016 TOAs)...
  [J1312+0051] zeroing residuals...
  [J1312+0051] adding red noise...
  [J1312+0051] white noise for S-wide_PUPPI (416 TOAs)...
  [J1312+0051] white noise for L-wide_PUPPI (1289 TOAs)...
  [J1453+1902] zeroing residuals...
  [J1453+1902] adding red noise...
  [J1453+1902] white noise for S-wide_PUPPI (4 TOAs)...
  [J1453+1902] white noise for L-wide_PUPPI (2122 TOAs)...
  [J1453+1902] white noise for 430_PUPPI (425 TOAs)...
  [J1455-3330] zeroing residuals...
  [J1455-3330] adding red noise...
  [J1455-3330] white noise for Rcvr_800_GASP (479 TOAs)...
  [J1455-3330] white noise for Rcvr_800_GUPPI (4843 TOAs)...
  [J1455-3330] white noise for Rcvr1_2_GASP (564 TOAs)...
  [J1455-3330] white noise for Rcvr1_2_GUPPI (4932 TOAs)...
  [J1600-3053] zeroing residuals...
  [J1600-3053] adding red noise...
  [J1600-3053] white noise for Rcvr_800_GASP (297 TOAs)...
  [J1600-3053] white noise for Rcvr_800_GUPPI (8796 TOAs)...
  [J1600-3053] white noise for 3GHz_YUPPI (3237 TOAs)...
  [J1600-3053] white noise for Rcvr1_2_GASP (457 TOAs)...
  [J1600-3053] white noise for Rcvr1_2_GUPPI (10168 TOAs)...
  [J1614-2230] zeroing residuals...
  [J1614-2230] adding red noise...
  [J1614-2230] white noise for Rcvr_800_GASP (84 TOAs)...
  [J1614-2230] white noise for Rcvr_800_GUPPI (7768 TOAs)...
  [J1614-2230] white noise for Rcvr1_2_GASP (84 TOAs)...
  [J1614-2230] white noise for Rcvr1_2_GUPPI (10509 TOAs)...
  [J1630+3734] zeroing residuals...
  [J1630+3734] adding red noise...
  [J1630+3734] white noise for Rcvr_800_GUPPI (906 TOAs)...
  [J1630+3734] white noise for Rcvr1_2_GUPPI (909 TOAs)...
  [J1640+2224] zeroing residuals...
  [J1640+2224] adding red noise...
  [J1640+2224] white noise for L-wide_ASP (722 TOAs)...
  [J1640+2224] white noise for 430_ASP (340 TOAs)...
  [J1640+2224] white noise for L-wide_PUPPI (9847 TOAs)...
  [J1640+2224] white noise for 430_PUPPI (3157 TOAs)...
  [J1643-1224] zeroing residuals...
  [J1643-1224] adding red noise...
  [J1643-1224] white noise for Rcvr_800_GASP (559 TOAs)...
  [J1643-1224] white noise for Rcvr_800_GUPPI (7734 TOAs)...
  [J1643-1224] white noise for 3GHz_YUPPI (4215 TOAs)...
  [J1643-1224] white noise for Rcvr1_2_GASP (833 TOAs)...
  [J1643-1224] white noise for Rcvr1_2_GUPPI (8803 TOAs)...
  [J1705-1903] zeroing residuals...
  [J1705-1903] adding red noise...
  [J1705-1903] white noise for Rcvr_800_GUPPI (3521 TOAs)...
  [J1705-1903] white noise for Rcvr1_2_GUPPI (6350 TOAs)...
  [J1713+0747] zeroing residuals...
  [J1713+0747] adding red noise...
  [J1713+0747] white noise for Rcvr_800_GASP (1032 TOAs)...
  [J1713+0747] white noise for 1.5GHz_YUPPI (1461 TOAs)...
  [J1713+0747] white noise for S-wide_PUPPI (7482 TOAs)...
  [J1713+0747] white noise for S-wide_ASP (624 TOAs)...
  [J1713+0747] white noise for L-wide_ASP (843 TOAs)...
  [J1713+0747] white noise for L-wide_PUPPI (12743 TOAs)...
  [J1713+0747] white noise for Rcvr_800_GUPPI (8479 TOAs)...
  [J1713+0747] white noise for Rcvr1_2_GASP (1109 TOAs)...
  [J1713+0747] white noise for 3GHz_YUPPI (3282 TOAs)...
  [J1713+0747] white noise for Rcvr1_2_GUPPI (22334 TOAs)...
  [J1719-1438] zeroing residuals...
  [J1719-1438] adding red noise...
  [J1719-1438] white noise for Rcvr_800_GUPPI (3634 TOAs)...
  [J1719-1438] white noise for Rcvr1_2_GUPPI (2722 TOAs)...
  [J1730-2304] zeroing residuals...
  [J1730-2304] adding red noise...
  [J1730-2304] white noise for Rcvr_800_GUPPI (2503 TOAs)...
  [J1730-2304] white noise for Rcvr1_2_GUPPI (2367 TOAs)...
  [J1738+0333] zeroing residuals...
  [J1738+0333] adding red noise...
  [J1738+0333] white noise for S-wide_PUPPI (1737 TOAs)...
  [J1738+0333] white noise for S-wide_ASP (134 TOAs)...
  [J1738+0333] white noise for L-wide_ASP (201 TOAs)...
  [J1738+0333] white noise for L-wide_PUPPI (6718 TOAs)...
  [J1741+1351] zeroing residuals...
  [J1741+1351] adding red noise...
  [J1741+1351] white noise for S-wide_ASP (115 TOAs)...
  [J1741+1351] white noise for L-wide_ASP (236 TOAs)...
  [J1741+1351] white noise for 430_ASP (27 TOAs)...
  [J1741+1351] white noise for L-wide_PUPPI (4045 TOAs)...
  [J1741+1351] white noise for 430_PUPPI (1159 TOAs)...
  [J1744-1134] zeroing residuals...
  [J1744-1134] adding red noise...
  [J1744-1134] white noise for Rcvr_800_GASP (930 TOAs)...
  [J1744-1134] white noise for Rcvr_800_GUPPI (7899 TOAs)...
  [J1744-1134] white noise for Rcvr1_2_GASP (807 TOAs)...
  [J1744-1134] white noise for Rcvr1_2_GUPPI (8109 TOAs)...
  [J1745+1017] zeroing residuals...
  [J1745+1017] adding red noise...
  [J1745+1017] white noise for S-wide_PUPPI (838 TOAs)...
  [J1745+1017] white noise for L-wide_PUPPI (2179 TOAs)...
  [J1747-4036] zeroing residuals...
  [J1747-4036] adding red noise...
  [J1747-4036] white noise for Rcvr_800_GUPPI (5816 TOAs)...
  [J1747-4036] white noise for Rcvr1_2_GUPPI (5239 TOAs)...
  [J1751-2857] zeroing residuals...
  [J1751-2857] adding red noise...
  [J1751-2857] white noise for Rcvr_800_GUPPI (239 TOAs)...
  [J1751-2857] white noise for Rcvr1_2_GUPPI (1786 TOAs)...
  [J1802-2124] zeroing residuals...
  [J1802-2124] adding red noise...
  [J1802-2124] white noise for Rcvr_800_GUPPI (3565 TOAs)...
  [J1802-2124] white noise for Rcvr1_2_GUPPI (3231 TOAs)...
  [J1811-2405] zeroing residuals...
  [J1811-2405] adding red noise...
  [J1811-2405] white noise for Rcvr_800_GUPPI (2628 TOAs)...
  [J1811-2405] white noise for Rcvr1_2_GUPPI (2638 TOAs)...
  [J1832-0836] zeroing residuals...
  [J1832-0836] adding red noise...
  [J1832-0836] white noise for Rcvr_800_GUPPI (3078 TOAs)...
  [J1832-0836] white noise for Rcvr1_2_GUPPI (4661 TOAs)...
  [J1843-1113] zeroing residuals...
  [J1843-1113] adding red noise...
  [J1843-1113] white noise for Rcvr_800_GUPPI (2201 TOAs)...
  [J1843-1113] white noise for Rcvr1_2_GUPPI (2394 TOAs)...
  [J1853+1303] zeroing residuals...
  [J1853+1303] adding red noise...
  [J1853+1303] white noise for L-wide_ASP (33 TOAs)...
  [J1853+1303] white noise for 430_ASP (24 TOAs)...
  [J1853+1303] white noise for L-wide_PUPPI (3362 TOAs)...
  [J1853+1303] white noise for 430_PUPPI (1151 TOAs)...
  [J1903+0327] zeroing residuals...
  [J1903+0327] adding red noise...
  [J1903+0327] white noise for S-wide_PUPPI (2282 TOAs)...
  [J1903+0327] white noise for S-wide_ASP (151 TOAs)...
  [J1903+0327] white noise for L-wide_ASP (139 TOAs)...
  [J1903+0327] white noise for L-wide_PUPPI (3845 TOAs)...
  [J1903+0327] white noise for 3GHz_YUPPI (439 TOAs)...
  [J1909-3744] zeroing residuals...
  [J1909-3744] adding red noise...
  [J1909-3744] white noise for Rcvr_800_GASP (866 TOAs)...
  [J1909-3744] white noise for Rcvr_800_GUPPI (9399 TOAs)...
  [J1909-3744] white noise for 3GHz_YUPPI (3525 TOAs)...
  [J1909-3744] white noise for Rcvr1_2_GASP (808 TOAs)...
  [J1909-3744] white noise for Rcvr1_2_GUPPI (20439 TOAs)...
  [J1910+1256] zeroing residuals...
  [J1910+1256] adding red noise...
  [J1910+1256] white noise for S-wide_PUPPI (1857 TOAs)...
  [J1910+1256] white noise for S-wide_ASP (208 TOAs)...
  [J1910+1256] white noise for L-wide_ASP (297 TOAs)...
  [J1910+1256] white noise for L-wide_PUPPI (4124 TOAs)...
  [J1911+1347] zeroing residuals...
  [J1911+1347] adding red noise...
  [J1911+1347] white noise for L-wide_PUPPI (3033 TOAs)...
  [J1911+1347] white noise for 430_PUPPI (753 TOAs)...
  [J1918-0642] zeroing residuals...
  [J1918-0642] adding red noise...
  [J1918-0642] white noise for Rcvr_800_GASP (835 TOAs)...
  [J1918-0642] white noise for Rcvr_800_GUPPI (8352 TOAs)...
  [J1918-0642] white noise for Rcvr1_2_GASP (778 TOAs)...
  [J1918-0642] white noise for Rcvr1_2_GUPPI (8910 TOAs)...
  [J1923+2515] zeroing residuals...
  [J1923+2515] adding red noise...
  [J1923+2515] white noise for L-wide_ASP (14 TOAs)...
  [J1923+2515] white noise for 430_ASP (10 TOAs)...
  [J1923+2515] white noise for L-wide_PUPPI (3028 TOAs)...
  [J1923+2515] white noise for 430_PUPPI (922 TOAs)...
  [J1944+0907] zeroing residuals...
  [J1944+0907] adding red noise...
  [J1944+0907] white noise for S-wide_ASP (116 TOAs)...
  [J1944+0907] white noise for L-wide_ASP (257 TOAs)...
  [J1944+0907] white noise for 430_ASP (38 TOAs)...
  [J1944+0907] white noise for L-wide_PUPPI (3900 TOAs)...
  [J1944+0907] white noise for 430_PUPPI (1017 TOAs)...
  [J1946+3417] zeroing residuals...
  [J1946+3417] adding red noise...
  [J1946+3417] white noise for S-wide_PUPPI (1546 TOAs)...
  [J1946+3417] white noise for L-wide_PUPPI (3197 TOAs)...
  [J2010-1323] zeroing residuals...
  [J2010-1323] adding red noise...
  [J2010-1323] white noise for Rcvr_800_GASP (70 TOAs)...
  [J2010-1323] white noise for Rcvr_800_GUPPI (9158 TOAs)...
  [J2010-1323] white noise for Rcvr1_2_GASP (70 TOAs)...
  [J2010-1323] white noise for Rcvr1_2_GUPPI (7779 TOAs)...
  [J2017+0603] zeroing residuals...
  [J2017+0603] adding red noise...
  [J2017+0603] white noise for S-wide_PUPPI (849 TOAs)...
  [J2017+0603] white noise for L-wide_ASP (16 TOAs)...
  [J2017+0603] white noise for L-wide_PUPPI (2569 TOAs)...
  [J2017+0603] white noise for 430_PUPPI (78 TOAs)...
  [J2033+1734] zeroing residuals...
  [J2033+1734] adding red noise...
  [J2033+1734] white noise for L-wide_PUPPI (3050 TOAs)...
  [J2033+1734] white noise for 430_PUPPI (797 TOAs)...
  [J2043+1711] zeroing residuals...
  [J2043+1711] adding red noise...
  [J2043+1711] white noise for L-wide_ASP (40 TOAs)...
  [J2043+1711] white noise for 430_ASP (30 TOAs)...
  [J2043+1711] white noise for L-wide_PUPPI (4419 TOAs)...
  [J2043+1711] white noise for 430_PUPPI (2908 TOAs)...
  [J2124-3358] zeroing residuals...
  [J2124-3358] adding red noise...
  [J2124-3358] white noise for Rcvr_800_GUPPI (2025 TOAs)...
  [J2124-3358] white noise for Rcvr1_2_GUPPI (2957 TOAs)...
  [J2145-0750] zeroing residuals...
  [J2145-0750] adding red noise...
  [J2145-0750] white noise for Rcvr_800_GASP (362 TOAs)...
  [J2145-0750] white noise for Rcvr_800_GUPPI (8728 TOAs)...
  [J2145-0750] white noise for Rcvr1_2_GASP (427 TOAs)...
  [J2145-0750] white noise for Rcvr1_2_GUPPI (9158 TOAs)...
  [J2214+3000] zeroing residuals...
  [J2214+3000] adding red noise...
  [J2214+3000] white noise for S-wide_PUPPI (1568 TOAs)...
  [J2214+3000] white noise for L-wide_ASP (9 TOAs)...
  [J2214+3000] white noise for L-wide_PUPPI (5829 TOAs)...
  [J2229+2643] zeroing residuals...
  [J2229+2643] adding red noise...
  [J2229+2643] white noise for L-wide_PUPPI (2755 TOAs)...
  [J2229+2643] white noise for 430_PUPPI (956 TOAs)...
  [J2234+0611] zeroing residuals...
  [J2234+0611] adding red noise...
  [J2234+0611] white noise for L-wide_PUPPI (2913 TOAs)...
  [J2234+0611] white noise for 430_PUPPI (653 TOAs)...
  [J2234+0944] zeroing residuals...
  [J2234+0944] adding red noise...
  [J2234+0944] white noise for S-wide_PUPPI (2532 TOAs)...
  [J2234+0944] white noise for L-wide_PUPPI (5003 TOAs)...
  [J2302+4442] zeroing residuals...
  [J2302+4442] adding red noise...
  [J2302+4442] white noise for Rcvr_800_GUPPI (6432 TOAs)...
  [J2302+4442] white noise for Rcvr1_2_GUPPI (3779 TOAs)...
  [J2317+1439] zeroing residuals...
  [J2317+1439] adding red noise...
  [J2317+1439] white noise for 327_PUPPI (276 TOAs)...
  [J2317+1439] white noise for 327_ASP (413 TOAs)...
  [J2317+1439] white noise for 430_ASP (458 TOAs)...
  [J2317+1439] white noise for L-wide_PUPPI (9563 TOAs)...
  [J2317+1439] white noise for 430_PUPPI (3217 TOAs)...
  [J2322+2057] zeroing residuals...
  [J2322+2057] adding red noise...
  [J2322+2057] white noise for S-wide_PUPPI (140 TOAs)...
  [J2322+2057] white noise for L-wide_PUPPI (2196 TOAs)...
  [J2322+2057] white noise for 430_PUPPI (752 TOAs)...
Resetting pulsars to clean stoas...
Restore: 0.01 s
Inject: 0.00 s
Snapshotting into enterprise Pulsar objects...
Building PTA...
PTA build: 413.50 s
Computing optimal statistic...
OS time: 52.41 s
Total: 465.91 s
Noise-only SNR baseline: 0.2526

Generating SNR-consistent population...
Target SNR: 4.0
Resetting pulsars to clean stoas...
Restore: 0.01 s
Injecting population...
  B1855+09: RMS = 959.133 ns
  B1937+21: RMS = 801.570 ns
  B1953+29: RMS = 328.378 ns
  J0023+0923: RMS = 1784.446 ns
  J0030+0451: RMS = 1161.499 ns
  J0340+4130: RMS = 3682.133 ns
  J0406+3039: RMS = 1048.789 ns
  J0437-4715: RMS = 511.931 ns
  J0509+0856: RMS = 316.023 ns
  J0557+1551: RMS = 312.379 ns
  J0605+3757: RMS = 1397.595 ns
  J0610-2100: RMS = 1169.486 ns
  J0613-0200: RMS = 2138.396 ns
  J0636+5128: RMS = 1064.803 ns
  J0645+5158: RMS = 1174.091 ns
  J0709+0458: RMS = 535.891 ns
  J0740+6620: RMS = 472.122 ns
  J0931-1902: RMS = 964.401 ns
  J1012+5307: RMS = 1522.905 ns
  J1012-4235: RMS = 1062.807 ns
  J1022+1001: RMS = 557.595 ns
  J1024-0719: RMS = 924.658 ns
  J1125+7819: RMS = 1372.325 ns
  J1312+0051: RMS = 1650.401 ns
  J1453+1902: RMS = 3304.198 ns
  J1455-3330: RMS = 1656.754 ns
  J1600-3053: RMS = 1966.616 ns
  J1614-2230: RMS = 2287.088 ns
  J1630+3734: RMS = 609.987 ns
  J1640+2224: RMS = 984.385 ns
  J1643-1224: RMS = 2106.576 ns
  J1705-1903: RMS = 819.938 ns
  J1713+0747: RMS = 1960.373 ns
  J1719-1438: RMS = 939.381 ns
  J1730-2304: RMS = 651.699 ns
  J1738+0333: RMS = 1269.030 ns
  J1741+1351: RMS = 1026.611 ns
  J1744-1134: RMS = 897.907 ns
  J1745+1017: RMS = 804.455 ns
  J1747-4036: RMS = 790.081 ns
  J1751-2857: RMS = 458.870 ns
  J1802-2124: RMS = 227.831 ns
  J1811-2405: RMS = 96.850 ns
  J1832-0836: RMS = 1374.524 ns
  J1843-1113: RMS = 467.712 ns
  J1853+1303: RMS = 605.000 ns
  J1903+0327: RMS = 1662.748 ns
  J1909-3744: RMS = 2180.095 ns
  J1910+1256: RMS = 1051.647 ns
  J1911+1347: RMS = 963.257 ns
  J1918-0642: RMS = 2580.904 ns
  J1923+2515: RMS = 502.027 ns
  J1944+0907: RMS = 1317.234 ns
  J1946+3417: RMS = 485.651 ns
  J2010-1323: RMS = 2497.766 ns
  J2017+0603: RMS = 737.250 ns
  J2033+1734: RMS = 1430.926 ns
  J2043+1711: RMS = 743.792 ns
  J2124-3358: RMS = 895.804 ns
  J2145-0750: RMS = 942.431 ns
  J2214+3000: RMS = 2155.532 ns
  J2229+2643: RMS = 2354.356 ns
  J2234+0611: RMS = 378.811 ns
  J2234+0944: RMS = 470.127 ns
  J2302+4442: RMS = 2566.848 ns
  J2317+1439: RMS = 1460.121 ns
  J2322+2057: RMS = 1490.459 ns
Inject: 142.05 s
Snapshotting into enterprise Pulsar objects...
Building PTA...
PTA build: 399.85 s
Computing optimal statistic...
OS time: 55.38 s
Total: 597.28 s
Initial SNR: 33.2681, Target SNR: 4.0000
  Initial SNR 33.2681 outside of provided SNR_range [3.5, 4.25] — rescaling.
Scaling distances by factor 2.9682 to achieve target SNR...
Resetting pulsars to clean stoas...
Restore: 0.01 s
Injecting population...
  B1855+09: RMS = 323.137 ns
  B1937+21: RMS = 270.052 ns
  B1953+29: RMS = 110.632 ns
  J0023+0923: RMS = 601.188 ns
  J0030+0451: RMS = 391.314 ns
  J0340+4130: RMS = 1240.528 ns
  J0406+3039: RMS = 353.342 ns
  J0437-4715: RMS = 172.472 ns
  J0509+0856: RMS = 106.470 ns
  J0557+1551: RMS = 105.242 ns
  J0605+3757: RMS = 470.856 ns
  J0610-2100: RMS = 394.005 ns
  J0613-0200: RMS = 720.435 ns
  J0636+5128: RMS = 358.737 ns
  J0645+5158: RMS = 395.557 ns
  J0709+0458: RMS = 180.544 ns
  J0740+6620: RMS = 159.060 ns
  J0931-1902: RMS = 324.911 ns
  J1012+5307: RMS = 513.074 ns
  J1012-4235: RMS = 358.065 ns
  J1022+1001: RMS = 187.856 ns
  J1024-0719: RMS = 311.522 ns
  J1125+7819: RMS = 462.343 ns
  J1312+0051: RMS = 556.028 ns
  J1453+1902: RMS = 1113.200 ns
  J1455-3330: RMS = 558.168 ns
  J1600-3053: RMS = 662.562 ns
  J1614-2230: RMS = 770.531 ns
  J1630+3734: RMS = 205.507 ns
  J1640+2224: RMS = 331.644 ns
  J1643-1224: RMS = 709.715 ns
  J1705-1903: RMS = 276.241 ns
  J1713+0747: RMS = 660.459 ns
  J1719-1438: RMS = 316.482 ns
  J1730-2304: RMS = 219.560 ns
  J1738+0333: RMS = 427.542 ns
  J1741+1351: RMS = 345.870 ns
  J1744-1134: RMS = 302.509 ns
  J1745+1017: RMS = 271.025 ns
  J1747-4036: RMS = 266.182 ns
  J1751-2857: RMS = 154.596 ns
  J1802-2124: RMS = 76.757 ns
  J1811-2405: RMS = 32.629 ns
  J1832-0836: RMS = 463.083 ns
  J1843-1113: RMS = 157.574 ns
  J1853+1303: RMS = 203.827 ns
  J1903+0327: RMS = 560.187 ns
  J1909-3744: RMS = 734.484 ns
  J1910+1256: RMS = 354.305 ns
  J1911+1347: RMS = 324.526 ns
  J1918-0642: RMS = 869.519 ns
  J1923+2515: RMS = 169.135 ns
  J1944+0907: RMS = 443.782 ns
  J1946+3417: RMS = 163.618 ns
  J2010-1323: RMS = 841.509 ns
  J2017+0603: RMS = 248.383 ns
  J2033+1734: RMS = 482.086 ns
  J2043+1711: RMS = 250.587 ns
  J2124-3358: RMS = 301.800 ns
  J2145-0750: RMS = 317.509 ns
  J2214+3000: RMS = 726.209 ns
  J2229+2643: RMS = 793.193 ns
  J2234+0611: RMS = 127.623 ns
  J2234+0944: RMS = 158.388 ns
  J2302+4442: RMS = 864.783 ns
  J2317+1439: RMS = 491.921 ns
  J2322+2057: RMS = 502.142 ns
Inject: 422.14 s
Snapshotting into enterprise Pulsar objects...
Building PTA...
PTA build: 404.59 s
Computing optimal statistic...
OS time: 53.97 s
Total: 880.71 s
  SNR 5.1943 outside of provided SNR_range [3.5, 4.25] — rescaling.
[Iteration 1/4] SNR after scaling: 5.1943 (target: 4.0000)
  SNR history: it0→33.2681@1.0000x, it1→5.1943@2.9682x
  Re-scaling distances by factor 1.1717  (cumulative after: 3.4779×)
Resetting pulsars to clean stoas...
Restore: 0.01 s
Injecting population...
  B1855+09: RMS = 275.781 ns
  B1937+21: RMS = 230.476 ns
  B1953+29: RMS = 94.419 ns
  J0023+0923: RMS = 513.084 ns
  J0030+0451: RMS = 333.968 ns
  J0340+4130: RMS = 1058.729 ns
  J0406+3039: RMS = 301.560 ns
  J0437-4715: RMS = 147.196 ns
  J0509+0856: RMS = 90.867 ns
  J0557+1551: RMS = 89.819 ns
  J0605+3757: RMS = 401.853 ns
  J0610-2100: RMS = 336.264 ns
  J0613-0200: RMS = 614.856 ns
  J0636+5128: RMS = 306.164 ns
  J0645+5158: RMS = 337.588 ns
  J0709+0458: RMS = 154.085 ns
  J0740+6620: RMS = 135.750 ns
  J0931-1902: RMS = 277.296 ns
  J1012+5307: RMS = 437.883 ns
  J1012-4235: RMS = 305.591 ns
  J1022+1001: RMS = 160.326 ns
  J1024-0719: RMS = 265.868 ns
  J1125+7819: RMS = 394.587 ns
  J1312+0051: RMS = 474.542 ns
  J1453+1902: RMS = 950.061 ns
  J1455-3330: RMS = 476.369 ns
  J1600-3053: RMS = 565.464 ns
  J1614-2230: RMS = 657.610 ns
  J1630+3734: RMS = 175.390 ns
  J1640+2224: RMS = 283.042 ns
  J1643-1224: RMS = 605.707 ns
  J1705-1903: RMS = 235.758 ns
  J1713+0747: RMS = 563.669 ns
  J1719-1438: RMS = 270.101 ns
  J1730-2304: RMS = 187.384 ns
  J1738+0333: RMS = 364.886 ns
  J1741+1351: RMS = 295.183 ns
  J1744-1134: RMS = 258.176 ns
  J1745+1017: RMS = 231.306 ns
  J1747-4036: RMS = 227.173 ns
  J1751-2857: RMS = 131.940 ns
  J1802-2124: RMS = 65.509 ns
  J1811-2405: RMS = 27.847 ns
  J1832-0836: RMS = 395.219 ns
  J1843-1113: RMS = 134.482 ns
  J1853+1303: RMS = 173.957 ns
  J1903+0327: RMS = 478.092 ns
  J1909-3744: RMS = 626.846 ns
  J1910+1256: RMS = 302.382 ns
  J1911+1347: RMS = 276.967 ns
  J1918-0642: RMS = 742.091 ns
  J1923+2515: RMS = 144.349 ns
  J1944+0907: RMS = 378.746 ns
  J1946+3417: RMS = 139.640 ns
  J2010-1323: RMS = 718.186 ns
  J2017+0603: RMS = 211.983 ns
  J2033+1734: RMS = 411.436 ns
  J2043+1711: RMS = 213.864 ns
  J2124-3358: RMS = 257.572 ns
  J2145-0750: RMS = 270.978 ns
  J2214+3000: RMS = 619.783 ns
  J2229+2643: RMS = 676.951 ns
  J2234+0611: RMS = 108.920 ns
  J2234+0944: RMS = 135.176 ns
  J2302+4442: RMS = 738.050 ns
  J2317+1439: RMS = 419.831 ns
  J2322+2057: RMS = 428.554 ns
Inject: 137.01 s
Snapshotting into enterprise Pulsar objects...
Building PTA...
PTA build: 400.36 s
Computing optimal statistic...
OS time: 110.68 s
Total: 648.05 s
  ✓ SNR is within the provided SNR_range: 4.0778 ∈ [3.5, 4.25]

Final SNR history:
  it 0: cumulative_scale=1.0000×  SNR=33.2681
  it 1: cumulative_scale=2.9682×  SNR=5.1943
  it 2: cumulative_scale=3.4779×  SNR=4.0778
✓ Simulation 1 done (2160.5 s)

======================================================================
ENSEMBLE SUMMARY
======================================================================
Success rate: 100.0% (1/1)

Binaries per population:
  Mean ± std : 10000000 ± 0
  Range      : [10000000, 10000000]

SNR achieved:
  Mean ± std : 4.0778 ± 0.0000
  Range      : [4.0778, 4.0778]

Total time: 2670.1 s (44.5 min)
======================================================================

💾 Saved: data/2026-04-29/pessimistic_run_22/consistent_population_pessimistic_targetSNR4.25_sims1.json
💾 Saved compressed pickle: data/2026-04-29/pessimistic_run_22/consistent_population_pessimistic_targetSNR4.25_sims1.pkl.gz

======================================================================
CONTINUOUS WAVE SNR ANALYSIS
======================================================================

--- Population 1 ---
Precomputation of phiinvs, TNTs, Ts, Nvecs, Sigmas took 0.03 seconds.
Total SNR computation for population took 313.18 seconds.
Top 50 CGW candidates:
   1. proxy_rank=  76  sky_w=1.42  f=2.54e-08 Hz  Mc=4.63e+09 Msun  h0=2.09e-15  SNR=3.628
   2. proxy_rank= 107  sky_w=1.22  f=1.00e-08 Hz  Mc=5.07e+09 Msun  h0=8.75e-16  SNR=1.593
   3. proxy_rank=  67  sky_w=1.60  f=8.69e-09 Hz  Mc=3.89e+09 Msun  h0=6.54e-16  SNR=1.102
   4. proxy_rank=   1  sky_w=0.64  f=2.93e-09 Hz  Mc=3.56e+09 Msun  h0=2.45e-15  SNR=1.003
   5. proxy_rank= 361  sky_w=1.35  f=9.39e-09 Hz  Mc=3.76e+09 Msun  h0=5.18e-16  SNR=0.945
   6. proxy_rank= 891  sky_w=1.53  f=1.08e-08 Hz  Mc=4.21e+09 Msun  h0=3.98e-16  SNR=0.925
   7. proxy_rank= 427  sky_w=1.60  f=1.16e-08 Hz  Mc=4.99e+09 Msun  h0=5.10e-16  SNR=0.919
   8. proxy_rank= 258  sky_w=1.51  f=8.63e-09 Hz  Mc=1.17e+09 Msun  h0=4.68e-16  SNR=0.899
   9. proxy_rank= 225  sky_w=1.62  f=7.49e-09 Hz  Mc=2.04e+09 Msun  h0=3.98e-16  SNR=0.690
  10. proxy_rank= 389  sky_w=1.32  f=1.02e-08 Hz  Mc=2.40e+09 Msun  h0=5.62e-16  SNR=0.679
  11. proxy_rank=   3  sky_w=1.24  f=3.21e-09 Hz  Mc=5.44e+09 Msun  h0=7.94e-16  SNR=0.620
  12. proxy_rank= 129  sky_w=1.35  f=5.55e-09 Hz  Mc=4.70e+09 Msun  h0=4.24e-16  SNR=0.603
  13. proxy_rank= 917  sky_w=1.56  f=1.32e-08 Hz  Mc=4.48e+09 Msun  h0=4.70e-16  SNR=0.442
  14. proxy_rank= 863  sky_w=1.29  f=6.56e-09 Hz  Mc=2.96e+09 Msun  h0=2.88e-16  SNR=0.439
  15. proxy_rank= 821  sky_w=1.44  f=6.96e-09 Hz  Mc=4.03e+09 Msun  h0=2.79e-16  SNR=0.425
  16. proxy_rank= 120  sky_w=1.14  f=4.52e-09 Hz  Mc=5.38e+09 Msun  h0=4.12e-16  SNR=0.421
  17. proxy_rank=  54  sky_w=1.26  f=4.13e-09 Hz  Mc=6.66e+09 Msun  h0=4.09e-16  SNR=0.415
  18. proxy_rank=  66  sky_w=1.30  f=3.99e-09 Hz  Mc=5.37e+09 Msun  h0=3.71e-16  SNR=0.405
  19. proxy_rank= 958  sky_w=1.02  f=6.07e-09 Hz  Mc=1.70e+09 Msun  h0=3.24e-16  SNR=0.404
  20. proxy_rank=  78  sky_w=1.48  f=4.52e-09 Hz  Mc=4.85e+09 Msun  h0=3.56e-16  SNR=0.394
  21. proxy_rank= 890  sky_w=1.59  f=6.07e-09 Hz  Mc=3.66e+09 Msun  h0=2.14e-16  SNR=0.391
  22. proxy_rank=  10  sky_w=1.24  f=3.63e-09 Hz  Mc=7.25e+09 Msun  h0=5.70e-16  SNR=0.373
  23. proxy_rank= 384  sky_w=1.29  f=4.94e-09 Hz  Mc=4.53e+09 Msun  h0=2.80e-16  SNR=0.365
  24. proxy_rank= 116  sky_w=1.50  f=4.44e-09 Hz  Mc=4.29e+09 Msun  h0=3.11e-16  SNR=0.359
  25. proxy_rank= 359  sky_w=1.48  f=4.81e-09 Hz  Mc=4.62e+09 Msun  h0=2.43e-16  SNR=0.356
  26. proxy_rank= 168  sky_w=1.20  f=4.51e-09 Hz  Mc=4.15e+09 Msun  h0=3.46e-16  SNR=0.354
  27. proxy_rank= 923  sky_w=1.61  f=5.64e-09 Hz  Mc=3.74e+09 Msun  h0=1.94e-16  SNR=0.353
  28. proxy_rank=  32  sky_w=1.43  f=3.60e-09 Hz  Mc=4.86e+09 Msun  h0=3.61e-16  SNR=0.342
  29. proxy_rank=   2  sky_w=1.58  f=2.34e-09 Hz  Mc=8.80e+09 Msun  h0=4.91e-16  SNR=0.340
  30. proxy_rank= 852  sky_w=1.02  f=8.94e-09 Hz  Mc=3.03e+09 Msun  h0=4.98e-16  SNR=0.336
  31. proxy_rank=  49  sky_w=1.20  f=3.59e-09 Hz  Mc=6.76e+09 Msun  h0=3.87e-16  SNR=0.335
  32. proxy_rank= 556  sky_w=0.62  f=4.49e-09 Hz  Mc=2.06e+09 Msun  h0=4.75e-16  SNR=0.331
  33. proxy_rank=   6  sky_w=1.37  f=2.85e-09 Hz  Mc=2.42e+09 Msun  h0=5.65e-16  SNR=0.328
  34. proxy_rank= 181  sky_w=1.47  f=4.28e-09 Hz  Mc=4.86e+09 Msun  h0=2.64e-16  SNR=0.327
  35. proxy_rank= 774  sky_w=1.23  f=5.40e-09 Hz  Mc=4.15e+09 Msun  h0=2.58e-16  SNR=0.314
  36. proxy_rank= 284  sky_w=1.39  f=4.35e-09 Hz  Mc=3.53e+09 Msun  h0=2.51e-16  SNR=0.314
  37. proxy_rank= 426  sky_w=1.41  f=5.40e-09 Hz  Mc=3.48e+09 Msun  h0=2.71e-16  SNR=0.312
  38. proxy_rank= 687  sky_w=1.55  f=5.11e-09 Hz  Mc=3.90e+09 Msun  h0=2.00e-16  SNR=0.311
  39. proxy_rank=  23  sky_w=1.05  f=3.01e-09 Hz  Mc=4.19e+09 Msun  h0=4.56e-16  SNR=0.307
  40. proxy_rank= 146  sky_w=1.54  f=3.99e-09 Hz  Mc=4.60e+09 Msun  h0=2.54e-16  SNR=0.298
  41. proxy_rank= 707  sky_w=1.07  f=7.76e-09 Hz  Mc=5.45e+09 Msun  h0=4.35e-16  SNR=0.296
  42. proxy_rank=   9  sky_w=0.88  f=3.13e-09 Hz  Mc=2.28e+09 Msun  h0=7.61e-16  SNR=0.296
  43. proxy_rank= 131  sky_w=1.40  f=3.63e-09 Hz  Mc=1.86e+09 Msun  h0=2.66e-16  SNR=0.293
  44. proxy_rank=  11  sky_w=0.97  f=3.38e-09 Hz  Mc=4.32e+09 Msun  h0=6.63e-16  SNR=0.286
  45. proxy_rank= 182  sky_w=1.39  f=4.84e-09 Hz  Mc=5.18e+09 Msun  h0=3.14e-16  SNR=0.283
  46. proxy_rank= 845  sky_w=1.56  f=6.06e-09 Hz  Mc=3.98e+09 Msun  h0=2.21e-16  SNR=0.279
  47. proxy_rank=  75  sky_w=1.12  f=3.57e-09 Hz  Mc=3.15e+09 Msun  h0=3.72e-16  SNR=0.278
  48. proxy_rank=   4  sky_w=1.05  f=2.20e-09 Hz  Mc=1.46e+09 Msun  h0=6.22e-16  SNR=0.276
  49. proxy_rank= 295  sky_w=0.99  f=4.06e-09 Hz  Mc=4.43e+09 Msun  h0=3.24e-16  SNR=0.273
  50. proxy_rank= 971  sky_w=0.96  f=5.23e-09 Hz  Mc=5.02e+09 Msun  h0=2.96e-16  SNR=0.264
💾 Saved: data/2026-04-29/pessimistic_run_22/consistent_population_pessimistic_targetSNR4.25_sims1.json
💾 Saved compressed pickle: data/2026-04-29/pessimistic_run_22/consistent_population_pessimistic_targetSNR4.25_sims1.pkl.gz
Saved to figures/cgw_analysis_pessimistic.pdf

======================================================================
ANALYSIS COMPLETE
Results saved to: data/2026-04-29/pessimistic_run_22
======================================================================

==========================================
Job finished at: Wed Apr 29 11:40:43 AEST 2026
Exit code: 0
==========================================

+------------------ Job Report: 11730324 (COMPLETED) ------------------+
| Memory (RAM)  [#################   ] 88.1% (35.2 GB peak / 40 GB)    |
| CPU           [###############     ] 79.4% average                   |
| Time          [-------------->     ] 75.0% (0-00:56:13 / 0-01:15:00) |
|                                                                      |
| Lustre Filesystem:                                                   |
|   Path    Total Read    Total Write    Total IOPS                    |
|   ------  ------------  -------------  ------------                  |
|   /apps   0 B           0 B            4                             |
|   /fred   317.9 MB      6.5 MB         54                            |
|   /home   187.1 MB      0 B            5.2 K                         |
|   OS      0 B           0 B            2                             |
+----------------------------------------------------------------------+
