==========================================
Job ID: 11717932
Job Name: smbhb_realistic
Node: dave310
Start Time: Tue Apr 28 17:00:02 AEST 2026
==========================================

/home/bhoulden/.conda/envs/smbhb312/share/tempo2
Working directory: /fred/oz005/users/bhoulden/SMBHB_population_injections

Loaded modules:

Starting SMBHB analysis...
==========================================

📁 Save directory: data/2026-04-28/realistic_run_85
📝 Run name: realistic_run_85

[MEM] Start: 244.1 MB

📡 Loading pulsars...
======================================================================
LOADING NANOGRAV PULSARS (libstempo)
======================================================================

📦 Loading from cache: nanograv_pulsars_cache.pkl
⚠ Cache load failed: Ran out of input
[DEBUG] Found 76 .par files
[tempo2Util.C:396] Warning: [MISC1] Unknown parameter in par file:  DMDATA
[tempo2Util.C:401] Warning: [DUP1] duplicated warnings have been suppressed.

WARNING: Using tempo RNAMP parameter: setting TNRedC to 100!
[observatory.C:271] Warning: Assuming site 'arecibo' means 'ao'
✓ Loaded B1855+09 (7758 TOAs)

WARNING: Using tempo RNAMP parameter: setting TNRedC to 100!
✓ Loaded B1937+21 (23023 TOAs)

WARNING: Using tempo RNAMP parameter: setting TNRedC to 100!
✓ Loaded B1937+21ao (7241 TOAs)

WARNING: Using tempo RNAMP parameter: setting TNRedC to 100!
✓ Loaded B1937+21gbt (16048 TOAs)

WARNING: Using tempo RNAMP parameter: setting TNRedC to 100!
✓ Loaded B1953+29 (5126 TOAs)
✓ Loaded J0023+0923 (15896 TOAs)

WARNING: Using tempo RNAMP parameter: setting TNRedC to 100!
✓ Loaded J0030+0451 (19571 TOAs)
✓ Loaded J0340+4130 (11093 TOAs)
✓ Loaded J0406+3039 (2446 TOAs)

WARNING: Using tempo RNAMP parameter: setting TNRedC to 100!
✓ Loaded J0437-4715 (5830 TOAs)
✓ Loaded J0509+0856 (2169 TOAs)
✓ Loaded J0557+1551 (525 TOAs)
✓ Loaded J0605+3757 (554 TOAs)

WARNING: Using tempo RNAMP parameter: setting TNRedC to 100!
✓ Loaded J0610-2100 (4885 TOAs)

WARNING: Using tempo RNAMP parameter: setting TNRedC to 100!
✓ Loaded J0613-0200 (17124 TOAs)
✓ Loaded J0614-3329 (1714 TOAs)
✓ Loaded J0636+5128 (32222 TOAs)
✓ Loaded J0645+5158 (10403 TOAs)
✓ Loaded J0709+0458 (3030 TOAs)
✓ Loaded J0740+6620 (13401 TOAs)
✓ Loaded J0931-1902 (5473 TOAs)

WARNING: Using tempo RNAMP parameter: setting TNRedC to 100!
✓ Loaded J1012+5307 (25837 TOAs)
✓ Loaded J1012-4235 (797 TOAs)
✓ Loaded J1022+1001 (3978 TOAs)
✓ Loaded J1024-0719 (12635 TOAs)
✓ Loaded J1125+7819 (8723 TOAs)
✓ Loaded J1312+0051 (1705 TOAs)
✓ Loaded J1453+1902 (2551 TOAs)
✓ Loaded J1455-3330 (10818 TOAs)

WARNING: Using tempo RNAMP parameter: setting TNRedC to 100!
✓ Loaded J1600-3053 (22955 TOAs)

WARNING: Using tempo RNAMP parameter: setting TNRedC to 100!
✓ Loaded J1600-3053gbt (19725 TOAs)

WARNING: Using tempo RNAMP parameter: setting TNRedC to 100!
✓ Loaded J1614-2230 (18445 TOAs)
✓ Loaded J1630+3734 (1815 TOAs)
✓ Loaded J1640+2224 (14066 TOAs)

WARNING: Using tempo RNAMP parameter: setting TNRedC to 100!
✓ Loaded J1643-1224 (22144 TOAs)

WARNING: Using tempo RNAMP parameter: setting TNRedC to 100!
✓ Loaded J1643-1224gbt (17932 TOAs)

WARNING: Using tempo RNAMP parameter: setting TNRedC to 100!
✓ Loaded J1705-1903 (9871 TOAs)

WARNING: Using tempo RNAMP parameter: setting TNRedC to 100!
✓ Loaded J1713+0747 (59389 TOAs)

WARNING: Using tempo RNAMP parameter: setting TNRedC to 100!
✓ Loaded J1713+0747ao (21362 TOAs)

WARNING: Using tempo RNAMP parameter: setting TNRedC to 100!
✓ Loaded J1713+0747gbt (32963 TOAs)
✓ Loaded J1719-1438 (6356 TOAs)
✓ Loaded J1730-2304 (4870 TOAs)
✓ Loaded J1738+0333 (8790 TOAs)
✓ Loaded J1741+1351 (5582 TOAs)

WARNING: Using tempo RNAMP parameter: setting TNRedC to 100!
✓ Loaded J1744-1134 (17745 TOAs)

WARNING: Using tempo RNAMP parameter: setting TNRedC to 100!
✓ Loaded J1745+1017 (3017 TOAs)

WARNING: Using tempo RNAMP parameter: setting TNRedC to 100!
✓ Loaded J1747-4036 (11055 TOAs)
✓ Loaded J1751-2857 (2025 TOAs)

WARNING: Using tempo RNAMP parameter: setting TNRedC to 100!
✓ Loaded J1802-2124 (6796 TOAs)
✓ Loaded J1811-2405 (5266 TOAs)
✓ Loaded J1832-0836 (7739 TOAs)
✓ Loaded J1843-1113 (4595 TOAs)

WARNING: Using tempo RNAMP parameter: setting TNRedC to 100!
✓ Loaded J1853+1303 (4570 TOAs)

WARNING: Using tempo RNAMP parameter: setting TNRedC to 100!
✓ Loaded J1903+0327 (6856 TOAs)

WARNING: Using tempo RNAMP parameter: setting TNRedC to 100!
✓ Loaded J1903+0327ao (6423 TOAs)

WARNING: Using tempo RNAMP parameter: setting TNRedC to 100!
✓ Loaded J1909-3744 (35037 TOAs)

WARNING: Using tempo RNAMP parameter: setting TNRedC to 100!
✓ Loaded J1909-3744gbt (31526 TOAs)
✓ Loaded J1910+1256 (6486 TOAs)
✓ Loaded J1911+1347 (3786 TOAs)
✓ Loaded J1918-0642 (18875 TOAs)
✓ Loaded J1923+2515 (3974 TOAs)
✓ Loaded J1944+0907 (5328 TOAs)

WARNING: Using tempo RNAMP parameter: setting TNRedC to 100!
✓ Loaded J1946+3417 (4743 TOAs)
✓ Loaded J2010-1323 (17077 TOAs)
✓ Loaded J2017+0603 (3512 TOAs)
✓ Loaded J2033+1734 (3847 TOAs)
✓ Loaded J2043+1711 (7397 TOAs)
✓ Loaded J2124-3358 (4982 TOAs)

WARNING: Using tempo RNAMP parameter: setting TNRedC to 100!
✓ Loaded J2145-0750 (18675 TOAs)
✓ Loaded J2214+3000 (7406 TOAs)
✓ Loaded J2229+2643 (3711 TOAs)

WARNING: Using tempo RNAMP parameter: setting TNRedC to 100!
✓ Loaded J2234+0611 (3566 TOAs)
✓ Loaded J2234+0944 (7535 TOAs)
✓ Loaded J2302+4442 (10211 TOAs)
✓ Loaded J2317+1439 (13927 TOAs)
✓ Loaded J2322+2057 (3088 TOAs)
⚠ Could not save cache: no default __reduce__ due to non-trivial __cinit__

✓ Loaded 76 pulsars
✗ Failed: 0 — []
[MEM] After loading pulsars: 8865.7 MB

🔍 Filtering pulsars...

Filtered: 76 → 67 pulsars
[MEM] After filtering pulsars: 8868.4 MB
[MEM] After garbage collection: 8868.5 MB

======================================================================
SMBHB POPULATION ANALYSIS
======================================================================

Configuration: realistic
  Medium mass, medium spread in distance, medium population
  N_binaries: 20000

======================================================================
CONSISTENT POPULATION SYNTHESIS
======================================================================

======================================================================
GENERATING SNR-CONSISTENT POPULATIONS
======================================================================
Target SNR:          4.0
Simulations:         1
======================================================================


──────────────────────────────────────────────────────────────────────
SIMULATION 1/1
──────────────────────────────────────────────────────────────────────
  [B1855+09] zeroing residuals...
  [B1855+09] adding red noise...
  [B1855+09] white noise for 430_PUPPI (1185 TOAs)...
  [B1855+09] white noise for 430_ASP (390 TOAs)...
  [B1855+09] white noise for L-wide_ASP (1178 TOAs)...
  [B1855+09] white noise for L-wide_PUPPI (5005 TOAs)...
  [B1937+21] zeroing residuals...
  [B1937+21] adding red noise...
  [B1937+21] white noise for S-wide_PUPPI (2251 TOAs)...
  [B1937+21] white noise for L-wide_ASP (452 TOAs)...
  [B1937+21] white noise for Rcvr1_2_GASP (1069 TOAs)...
  [B1937+21] white noise for Rcvr_800_GUPPI (7140 TOAs)...
  [B1937+21] white noise for L-wide_PUPPI (4133 TOAs)...
  [B1937+21] white noise for S-wide_ASP (344 TOAs)...
  [B1937+21] white noise for Rcvr_800_GASP (586 TOAs)...
  [B1937+21] white noise for Rcvr1_2_GUPPI (7048 TOAs)...
  [B1953+29] zeroing residuals...
  [B1953+29] adding red noise...
  [B1953+29] white noise for L-wide_ASP (94 TOAs)...
  [B1953+29] white noise for L-wide_PUPPI (4037 TOAs)...
  [B1953+29] white noise for S-wide_ASP (25 TOAs)...
  [B1953+29] white noise for 430_PUPPI (941 TOAs)...
  [B1953+29] white noise for 430_ASP (29 TOAs)...
  [J0023+0923] zeroing residuals...
  [J0023+0923] adding red noise...
  [J0023+0923] white noise for 430_PUPPI (4564 TOAs)...
  [J0023+0923] white noise for 430_ASP (90 TOAs)...
  [J0023+0923] white noise for L-wide_ASP (119 TOAs)...
  [J0023+0923] white noise for L-wide_PUPPI (11123 TOAs)...
  [J0030+0451] zeroing residuals...
  [J0030+0451] adding red noise...
  [J0030+0451] white noise for S-wide_PUPPI (2673 TOAs)...
  [J0030+0451] white noise for L-wide_ASP (789 TOAs)...
  [J0030+0451] white noise for L-wide_PUPPI (12774 TOAs)...
  [J0030+0451] white noise for 430_PUPPI (3068 TOAs)...
  [J0030+0451] white noise for 430_ASP (267 TOAs)...
  [J0340+4130] zeroing residuals...
  [J0340+4130] adding red noise...
  [J0340+4130] white noise for Rcvr_800_GUPPI (6056 TOAs)...
  [J0340+4130] white noise for Rcvr1_2_GUPPI (5037 TOAs)...
  [J0406+3039] zeroing residuals...
  [J0406+3039] adding red noise...
  [J0406+3039] white noise for S-wide_PUPPI (575 TOAs)...
  [J0406+3039] white noise for L-wide_PUPPI (1871 TOAs)...
  [J0437-4715] zeroing residuals...
  [J0437-4715] adding red noise...
  [J0437-4715] white noise for 1.5GHz_YUPPI (2134 TOAs)...
  [J0437-4715] white noise for 3GHz_YUPPI (3696 TOAs)...
  [J0509+0856] zeroing residuals...
  [J0509+0856] adding red noise...
  [J0509+0856] white noise for S-wide_PUPPI (544 TOAs)...
  [J0509+0856] white noise for L-wide_PUPPI (1625 TOAs)...
  [J0557+1551] zeroing residuals...
  [J0557+1551] adding red noise...
  [J0557+1551] white noise for S-wide_PUPPI (58 TOAs)...
  [J0557+1551] white noise for L-wide_PUPPI (467 TOAs)...
  [J0605+3757] zeroing residuals...
  [J0605+3757] adding red noise...
  [J0605+3757] white noise for Rcvr_800_GUPPI (236 TOAs)...
  [J0605+3757] white noise for Rcvr1_2_GUPPI (318 TOAs)...
  [J0610-2100] zeroing residuals...
  [J0610-2100] adding red noise...
  [J0610-2100] white noise for Rcvr_800_GUPPI (2484 TOAs)...
  [J0610-2100] white noise for Rcvr1_2_GUPPI (2401 TOAs)...
  [J0613-0200] zeroing residuals...
  [J0613-0200] adding red noise...
  [J0613-0200] white noise for Rcvr_800_GUPPI (7900 TOAs)...
  [J0613-0200] white noise for Rcvr_800_GASP (809 TOAs)...
  [J0613-0200] white noise for Rcvr1_2_GASP (992 TOAs)...
  [J0613-0200] white noise for Rcvr1_2_GUPPI (7423 TOAs)...
  [J0636+5128] zeroing residuals...
  [J0636+5128] adding red noise...
  [J0636+5128] white noise for Rcvr_800_GUPPI (17419 TOAs)...
  [J0636+5128] white noise for Rcvr1_2_GUPPI (14803 TOAs)...
  [J0645+5158] zeroing residuals...
  [J0645+5158] adding red noise...
  [J0645+5158] white noise for Rcvr_800_GUPPI (4682 TOAs)...
  [J0645+5158] white noise for Rcvr1_2_GUPPI (5721 TOAs)...
  [J0709+0458] zeroing residuals...
  [J0709+0458] adding red noise...
  [J0709+0458] white noise for S-wide_PUPPI (595 TOAs)...
  [J0709+0458] white noise for L-wide_PUPPI (2435 TOAs)...
  [J0740+6620] zeroing residuals...
  [J0740+6620] adding red noise...
  [J0740+6620] white noise for Rcvr_800_GUPPI (5136 TOAs)...
  [J0740+6620] white noise for Rcvr1_2_GUPPI (8265 TOAs)...
  [J0931-1902] zeroing residuals...
  [J0931-1902] adding red noise...
  [J0931-1902] white noise for Rcvr_800_GUPPI (3419 TOAs)...
  [J0931-1902] white noise for Rcvr1_2_GUPPI (2054 TOAs)...
  [J1012+5307] zeroing residuals...
  [J1012+5307] adding red noise...
  [J1012+5307] white noise for Rcvr_800_GUPPI (10299 TOAs)...
  [J1012+5307] white noise for Rcvr_800_GASP (1210 TOAs)...
  [J1012+5307] white noise for Rcvr1_2_GASP (1479 TOAs)...
  [J1012+5307] white noise for Rcvr1_2_GUPPI (12849 TOAs)...
  [J1012-4235] zeroing residuals...
  [J1012-4235] adding red noise...
  [J1012-4235] white noise for Rcvr_800_GUPPI (342 TOAs)...
  [J1012-4235] white noise for Rcvr1_2_GUPPI (455 TOAs)...
  [J1022+1001] zeroing residuals...
  [J1022+1001] adding red noise...
  [J1022+1001] white noise for 430_PUPPI (232 TOAs)...
  [J1022+1001] white noise for S-wide_PUPPI (1154 TOAs)...
  [J1022+1001] white noise for L-wide_PUPPI (2592 TOAs)...
  [J1024-0719] zeroing residuals...
  [J1024-0719] adding red noise...
  [J1024-0719] white noise for Rcvr_800_GUPPI (5455 TOAs)...
  [J1024-0719] white noise for Rcvr_800_GASP (51 TOAs)...
  [J1024-0719] white noise for Rcvr1_2_GASP (43 TOAs)...
  [J1024-0719] white noise for Rcvr1_2_GUPPI (7086 TOAs)...
  [J1125+7819] zeroing residuals...
  [J1125+7819] adding red noise...
  [J1125+7819] white noise for Rcvr_800_GUPPI (4707 TOAs)...
  [J1125+7819] white noise for Rcvr1_2_GUPPI (4016 TOAs)...
  [J1312+0051] zeroing residuals...
  [J1312+0051] adding red noise...
  [J1312+0051] white noise for S-wide_PUPPI (416 TOAs)...
  [J1312+0051] white noise for L-wide_PUPPI (1289 TOAs)...
  [J1453+1902] zeroing residuals...
  [J1453+1902] adding red noise...
  [J1453+1902] white noise for 430_PUPPI (425 TOAs)...
  [J1453+1902] white noise for S-wide_PUPPI (4 TOAs)...
  [J1453+1902] white noise for L-wide_PUPPI (2122 TOAs)...
  [J1455-3330] zeroing residuals...
  [J1455-3330] adding red noise...
  [J1455-3330] white noise for Rcvr_800_GUPPI (4843 TOAs)...
  [J1455-3330] white noise for Rcvr_800_GASP (479 TOAs)...
  [J1455-3330] white noise for Rcvr1_2_GASP (564 TOAs)...
  [J1455-3330] white noise for Rcvr1_2_GUPPI (4932 TOAs)...
  [J1600-3053] zeroing residuals...
  [J1600-3053] adding red noise...
  [J1600-3053] white noise for Rcvr1_2_GASP (457 TOAs)...
  [J1600-3053] white noise for Rcvr_800_GUPPI (8796 TOAs)...
  [J1600-3053] white noise for Rcvr_800_GASP (297 TOAs)...
  [J1600-3053] white noise for 3GHz_YUPPI (3237 TOAs)...
  [J1600-3053] white noise for Rcvr1_2_GUPPI (10168 TOAs)...
  [J1614-2230] zeroing residuals...
  [J1614-2230] adding red noise...
  [J1614-2230] white noise for Rcvr_800_GUPPI (7768 TOAs)...
  [J1614-2230] white noise for Rcvr_800_GASP (84 TOAs)...
  [J1614-2230] white noise for Rcvr1_2_GASP (84 TOAs)...
  [J1614-2230] white noise for Rcvr1_2_GUPPI (10509 TOAs)...
  [J1630+3734] zeroing residuals...
  [J1630+3734] adding red noise...
  [J1630+3734] white noise for Rcvr_800_GUPPI (906 TOAs)...
  [J1630+3734] white noise for Rcvr1_2_GUPPI (909 TOAs)...
  [J1640+2224] zeroing residuals...
  [J1640+2224] adding red noise...
  [J1640+2224] white noise for 430_PUPPI (3157 TOAs)...
  [J1640+2224] white noise for 430_ASP (340 TOAs)...
  [J1640+2224] white noise for L-wide_ASP (722 TOAs)...
  [J1640+2224] white noise for L-wide_PUPPI (9847 TOAs)...
  [J1643-1224] zeroing residuals...
  [J1643-1224] adding red noise...
  [J1643-1224] white noise for Rcvr1_2_GASP (833 TOAs)...
  [J1643-1224] white noise for Rcvr_800_GUPPI (7734 TOAs)...
  [J1643-1224] white noise for Rcvr_800_GASP (559 TOAs)...
  [J1643-1224] white noise for 3GHz_YUPPI (4215 TOAs)...
  [J1643-1224] white noise for Rcvr1_2_GUPPI (8803 TOAs)...
  [J1705-1903] zeroing residuals...
  [J1705-1903] adding red noise...
  [J1705-1903] white noise for Rcvr_800_GUPPI (3521 TOAs)...
  [J1705-1903] white noise for Rcvr1_2_GUPPI (6350 TOAs)...
  [J1713+0747] zeroing residuals...
  [J1713+0747] adding red noise...
  [J1713+0747] white noise for S-wide_PUPPI (7482 TOAs)...
  [J1713+0747] white noise for L-wide_ASP (843 TOAs)...
  [J1713+0747] white noise for Rcvr1_2_GASP (1109 TOAs)...
  [J1713+0747] white noise for Rcvr_800_GUPPI (8479 TOAs)...
  [J1713+0747] white noise for L-wide_PUPPI (12743 TOAs)...
  [J1713+0747] white noise for S-wide_ASP (624 TOAs)...
  [J1713+0747] white noise for Rcvr_800_GASP (1032 TOAs)...
  [J1713+0747] white noise for 3GHz_YUPPI (3282 TOAs)...
  [J1713+0747] white noise for 1.5GHz_YUPPI (1461 TOAs)...
  [J1713+0747] white noise for Rcvr1_2_GUPPI (22334 TOAs)...
  [J1719-1438] zeroing residuals...
  [J1719-1438] adding red noise...
  [J1719-1438] white noise for Rcvr_800_GUPPI (3634 TOAs)...
  [J1719-1438] white noise for Rcvr1_2_GUPPI (2722 TOAs)...
  [J1730-2304] zeroing residuals...
  [J1730-2304] adding red noise...
  [J1730-2304] white noise for Rcvr_800_GUPPI (2503 TOAs)...
  [J1730-2304] white noise for Rcvr1_2_GUPPI (2367 TOAs)...
  [J1738+0333] zeroing residuals...
  [J1738+0333] adding red noise...
  [J1738+0333] white noise for S-wide_ASP (134 TOAs)...
  [J1738+0333] white noise for L-wide_ASP (201 TOAs)...
  [J1738+0333] white noise for S-wide_PUPPI (1737 TOAs)...
  [J1738+0333] white noise for L-wide_PUPPI (6718 TOAs)...
  [J1741+1351] zeroing residuals...
  [J1741+1351] adding red noise...
  [J1741+1351] white noise for L-wide_ASP (236 TOAs)...
  [J1741+1351] white noise for L-wide_PUPPI (4045 TOAs)...
  [J1741+1351] white noise for S-wide_ASP (115 TOAs)...
  [J1741+1351] white noise for 430_PUPPI (1159 TOAs)...
  [J1741+1351] white noise for 430_ASP (27 TOAs)...
  [J1744-1134] zeroing residuals...
  [J1744-1134] adding red noise...
  [J1744-1134] white noise for Rcvr_800_GUPPI (7899 TOAs)...
  [J1744-1134] white noise for Rcvr_800_GASP (930 TOAs)...
  [J1744-1134] white noise for Rcvr1_2_GASP (807 TOAs)...
  [J1744-1134] white noise for Rcvr1_2_GUPPI (8109 TOAs)...
  [J1745+1017] zeroing residuals...
  [J1745+1017] adding red noise...
  [J1745+1017] white noise for S-wide_PUPPI (838 TOAs)...
  [J1745+1017] white noise for L-wide_PUPPI (2179 TOAs)...
  [J1747-4036] zeroing residuals...
  [J1747-4036] adding red noise...
  [J1747-4036] white noise for Rcvr_800_GUPPI (5816 TOAs)...
  [J1747-4036] white noise for Rcvr1_2_GUPPI (5239 TOAs)...
  [J1751-2857] zeroing residuals...
  [J1751-2857] adding red noise...
  [J1751-2857] white noise for Rcvr_800_GUPPI (239 TOAs)...
  [J1751-2857] white noise for Rcvr1_2_GUPPI (1786 TOAs)...
  [J1802-2124] zeroing residuals...
  [J1802-2124] adding red noise...
  [J1802-2124] white noise for Rcvr_800_GUPPI (3565 TOAs)...
  [J1802-2124] white noise for Rcvr1_2_GUPPI (3231 TOAs)...
  [J1811-2405] zeroing residuals...
  [J1811-2405] adding red noise...
  [J1811-2405] white noise for Rcvr_800_GUPPI (2628 TOAs)...
  [J1811-2405] white noise for Rcvr1_2_GUPPI (2638 TOAs)...
  [J1832-0836] zeroing residuals...
  [J1832-0836] adding red noise...
  [J1832-0836] white noise for Rcvr_800_GUPPI (3078 TOAs)...
  [J1832-0836] white noise for Rcvr1_2_GUPPI (4661 TOAs)...
  [J1843-1113] zeroing residuals...
  [J1843-1113] adding red noise...
  [J1843-1113] white noise for Rcvr_800_GUPPI (2201 TOAs)...
  [J1843-1113] white noise for Rcvr1_2_GUPPI (2394 TOAs)...
  [J1853+1303] zeroing residuals...
  [J1853+1303] adding red noise...
  [J1853+1303] white noise for 430_PUPPI (1151 TOAs)...
  [J1853+1303] white noise for 430_ASP (24 TOAs)...
  [J1853+1303] white noise for L-wide_ASP (33 TOAs)...
  [J1853+1303] white noise for L-wide_PUPPI (3362 TOAs)...
  [J1903+0327] zeroing residuals...
  [J1903+0327] adding red noise...
  [J1903+0327] white noise for S-wide_PUPPI (2282 TOAs)...
  [J1903+0327] white noise for L-wide_ASP (139 TOAs)...
  [J1903+0327] white noise for L-wide_PUPPI (3845 TOAs)...
  [J1903+0327] white noise for S-wide_ASP (151 TOAs)...
  [J1903+0327] white noise for 3GHz_YUPPI (439 TOAs)...
  [J1909-3744] zeroing residuals...
  [J1909-3744] adding red noise...
  [J1909-3744] white noise for Rcvr1_2_GASP (808 TOAs)...
  [J1909-3744] white noise for Rcvr_800_GUPPI (9399 TOAs)...
  [J1909-3744] white noise for Rcvr_800_GASP (866 TOAs)...
  [J1909-3744] white noise for 3GHz_YUPPI (3525 TOAs)...
  [J1909-3744] white noise for Rcvr1_2_GUPPI (20439 TOAs)...
  [J1910+1256] zeroing residuals...
  [J1910+1256] adding red noise...
  [J1910+1256] white noise for S-wide_ASP (208 TOAs)...
  [J1910+1256] white noise for L-wide_ASP (297 TOAs)...
  [J1910+1256] white noise for S-wide_PUPPI (1857 TOAs)...
  [J1910+1256] white noise for L-wide_PUPPI (4124 TOAs)...
  [J1911+1347] zeroing residuals...
  [J1911+1347] adding red noise...
  [J1911+1347] white noise for 430_PUPPI (753 TOAs)...
  [J1911+1347] white noise for L-wide_PUPPI (3033 TOAs)...
  [J1918-0642] zeroing residuals...
  [J1918-0642] adding red noise...
  [J1918-0642] white noise for Rcvr_800_GUPPI (8352 TOAs)...
  [J1918-0642] white noise for Rcvr_800_GASP (835 TOAs)...
  [J1918-0642] white noise for Rcvr1_2_GASP (778 TOAs)...
  [J1918-0642] white noise for Rcvr1_2_GUPPI (8910 TOAs)...
  [J1923+2515] zeroing residuals...
  [J1923+2515] adding red noise...
  [J1923+2515] white noise for 430_PUPPI (922 TOAs)...
  [J1923+2515] white noise for 430_ASP (10 TOAs)...
  [J1923+2515] white noise for L-wide_ASP (14 TOAs)...
  [J1923+2515] white noise for L-wide_PUPPI (3028 TOAs)...
  [J1944+0907] zeroing residuals...
  [J1944+0907] adding red noise...
  [J1944+0907] white noise for L-wide_ASP (257 TOAs)...
  [J1944+0907] white noise for L-wide_PUPPI (3900 TOAs)...
  [J1944+0907] white noise for S-wide_ASP (116 TOAs)...
  [J1944+0907] white noise for 430_PUPPI (1017 TOAs)...
  [J1944+0907] white noise for 430_ASP (38 TOAs)...
  [J1946+3417] zeroing residuals...
  [J1946+3417] adding red noise...
  [J1946+3417] white noise for S-wide_PUPPI (1546 TOAs)...
  [J1946+3417] white noise for L-wide_PUPPI (3197 TOAs)...
  [J2010-1323] zeroing residuals...
  [J2010-1323] adding red noise...
  [J2010-1323] white noise for Rcvr_800_GUPPI (9158 TOAs)...
  [J2010-1323] white noise for Rcvr_800_GASP (70 TOAs)...
  [J2010-1323] white noise for Rcvr1_2_GASP (70 TOAs)...
  [J2010-1323] white noise for Rcvr1_2_GUPPI (7779 TOAs)...
  [J2017+0603] zeroing residuals...
  [J2017+0603] adding red noise...
  [J2017+0603] white noise for 430_PUPPI (78 TOAs)...
  [J2017+0603] white noise for S-wide_PUPPI (849 TOAs)...
  [J2017+0603] white noise for L-wide_ASP (16 TOAs)...
  [J2017+0603] white noise for L-wide_PUPPI (2569 TOAs)...
  [J2033+1734] zeroing residuals...
  [J2033+1734] adding red noise...
  [J2033+1734] white noise for 430_PUPPI (797 TOAs)...
  [J2033+1734] white noise for L-wide_PUPPI (3050 TOAs)...
  [J2043+1711] zeroing residuals...
  [J2043+1711] adding red noise...
  [J2043+1711] white noise for 430_PUPPI (2908 TOAs)...
  [J2043+1711] white noise for 430_ASP (30 TOAs)...
  [J2043+1711] white noise for L-wide_ASP (40 TOAs)...
  [J2043+1711] white noise for L-wide_PUPPI (4419 TOAs)...
  [J2124-3358] zeroing residuals...
  [J2124-3358] adding red noise...
  [J2124-3358] white noise for Rcvr_800_GUPPI (2025 TOAs)...
  [J2124-3358] white noise for Rcvr1_2_GUPPI (2957 TOAs)...
  [J2145-0750] zeroing residuals...
  [J2145-0750] adding red noise...
  [J2145-0750] white noise for Rcvr_800_GUPPI (8728 TOAs)...
  [J2145-0750] white noise for Rcvr_800_GASP (362 TOAs)...
  [J2145-0750] white noise for Rcvr1_2_GASP (427 TOAs)...
  [J2145-0750] white noise for Rcvr1_2_GUPPI (9158 TOAs)...
  [J2214+3000] zeroing residuals...
  [J2214+3000] adding red noise...
  [J2214+3000] white noise for S-wide_PUPPI (1568 TOAs)...
  [J2214+3000] white noise for L-wide_ASP (9 TOAs)...
  [J2214+3000] white noise for L-wide_PUPPI (5829 TOAs)...
  [J2229+2643] zeroing residuals...
  [J2229+2643] adding red noise...
  [J2229+2643] white noise for 430_PUPPI (956 TOAs)...
  [J2229+2643] white noise for L-wide_PUPPI (2755 TOAs)...
  [J2234+0611] zeroing residuals...
  [J2234+0611] adding red noise...
  [J2234+0611] white noise for 430_PUPPI (653 TOAs)...
  [J2234+0611] white noise for L-wide_PUPPI (2913 TOAs)...
  [J2234+0944] zeroing residuals...
  [J2234+0944] adding red noise...
  [J2234+0944] white noise for S-wide_PUPPI (2532 TOAs)...
  [J2234+0944] white noise for L-wide_PUPPI (5003 TOAs)...
  [J2302+4442] zeroing residuals...
  [J2302+4442] adding red noise...
  [J2302+4442] white noise for Rcvr_800_GUPPI (6432 TOAs)...
  [J2302+4442] white noise for Rcvr1_2_GUPPI (3779 TOAs)...
  [J2317+1439] zeroing residuals...
  [J2317+1439] adding red noise...
  [J2317+1439] white noise for L-wide_PUPPI (9563 TOAs)...
  [J2317+1439] white noise for 327_PUPPI (276 TOAs)...
  [J2317+1439] white noise for 430_PUPPI (3217 TOAs)...
  [J2317+1439] white noise for 327_ASP (413 TOAs)...
  [J2317+1439] white noise for 430_ASP (458 TOAs)...
  [J2322+2057] zeroing residuals...
  [J2322+2057] adding red noise...
  [J2322+2057] white noise for 430_PUPPI (752 TOAs)...
  [J2322+2057] white noise for S-wide_PUPPI (140 TOAs)...
  [J2322+2057] white noise for L-wide_PUPPI (2196 TOAs)...
Resetting pulsars to clean stoas...
Restore: 0.00 s
Inject: 0.00 s
Snapshotting into enterprise Pulsar objects...
Building PTA...
PTA build: 459.42 s
Computing optimal statistic...
OS time: 57.22 s
Total: 516.64 s
Noise-only SNR baseline: 0.8992

Generating SNR-consistent population...
Target SNR: 4.0
Resetting pulsars to clean stoas...
Restore: 0.01 s
Injecting population...
  B1855+09: RMS = 3773.912 ns
  B1937+21: RMS = 3769.969 ns
  B1953+29: RMS = 3535.848 ns
  J0023+0923: RMS = 943.522 ns
  J0030+0451: RMS = 537.869 ns
  J0340+4130: RMS = 2957.297 ns
  J0406+3039: RMS = 2218.422 ns
  J0437-4715: RMS = 1592.401 ns
  J0509+0856: RMS = 1035.020 ns
  J0557+1551: RMS = 794.433 ns
  J0605+3757: RMS = 2468.692 ns
  J0610-2100: RMS = 962.175 ns
  J0613-0200: RMS = 2618.151 ns
  J0636+5128: RMS = 3042.038 ns
  J0645+5158: RMS = 3611.424 ns
  J0709+0458: RMS = 398.835 ns
  J0740+6620: RMS = 1445.399 ns
  J0931-1902: RMS = 2744.061 ns
  J1012+5307: RMS = 1928.840 ns
  J1012-4235: RMS = 868.040 ns
  J1022+1001: RMS = 1184.534 ns
  J1024-0719: RMS = 1705.694 ns
  J1125+7819: RMS = 1789.948 ns
  J1312+0051: RMS = 2812.783 ns
  J1453+1902: RMS = 2859.787 ns
  J1455-3330: RMS = 3580.083 ns
  J1600-3053: RMS = 3332.448 ns
  J1614-2230: RMS = 1207.235 ns
  J1630+3734: RMS = 499.286 ns
  J1640+2224: RMS = 5888.298 ns
  J1643-1224: RMS = 1106.815 ns
  J1705-1903: RMS = 226.176 ns
  J1713+0747: RMS = 3244.549 ns
  J1719-1438: RMS = 201.197 ns
  J1730-2304: RMS = 679.294 ns
  J1738+0333: RMS = 2194.376 ns
  J1741+1351: RMS = 2891.324 ns
  J1744-1134: RMS = 868.032 ns
  J1745+1017: RMS = 3025.011 ns
  J1747-4036: RMS = 2538.645 ns
  J1751-2857: RMS = 750.490 ns
  J1802-2124: RMS = 371.790 ns
  J1811-2405: RMS = 876.925 ns
  J1832-0836: RMS = 1035.321 ns
  J1843-1113: RMS = 740.409 ns
  J1853+1303: RMS = 3095.930 ns
  J1903+0327: RMS = 2862.873 ns
  J1909-3744: RMS = 1624.348 ns
  J1910+1256: RMS = 3813.365 ns
  J1911+1347: RMS = 3417.488 ns
  J1918-0642: RMS = 2825.937 ns
  J1923+2515: RMS = 3948.525 ns
  J1944+0907: RMS = 2018.066 ns
  J1946+3417: RMS = 4159.108 ns
  J2010-1323: RMS = 2234.693 ns
  J2017+0603: RMS = 2095.840 ns
  J2033+1734: RMS = 1470.299 ns
  J2043+1711: RMS = 984.248 ns
  J2124-3358: RMS = 741.130 ns
  J2145-0750: RMS = 1645.570 ns
  J2214+3000: RMS = 2280.028 ns
  J2229+2643: RMS = 2207.148 ns
  J2234+0611: RMS = 754.003 ns
  J2234+0944: RMS = 1172.846 ns
  J2302+4442: RMS = 3346.882 ns
  J2317+1439: RMS = 801.986 ns
  J2322+2057: RMS = 1895.946 ns
Inject: 0.98 s
Snapshotting into enterprise Pulsar objects...
Building PTA...
PTA build: 451.70 s
Computing optimal statistic...
OS time: 55.95 s
Total: 508.64 s
Initial SNR: 20.5733, Target SNR: 4.0000
  Initial SNR 20.5733 outside of provided SNR_range [3.5, 4.25] — rescaling.
Scaling distances by factor 2.5189 to achieve target SNR...
Resetting pulsars to clean stoas...
Restore: 6.00 s
Injecting population...
  B1855+09: RMS = 1498.237 ns
  B1937+21: RMS = 1496.672 ns
  B1953+29: RMS = 1403.726 ns
  J0023+0923: RMS = 374.577 ns
  J0030+0451: RMS = 213.533 ns
  J0340+4130: RMS = 1174.043 ns
  J0406+3039: RMS = 880.710 ns
  J0437-4715: RMS = 632.181 ns
  J0509+0856: RMS = 410.902 ns
  J0557+1551: RMS = 315.389 ns
  J0605+3757: RMS = 980.067 ns
  J0610-2100: RMS = 381.982 ns
  J0613-0200: RMS = 1039.402 ns
  J0636+5128: RMS = 1207.684 ns
  J0645+5158: RMS = 1433.730 ns
  J0709+0458: RMS = 158.337 ns
  J0740+6620: RMS = 573.821 ns
  J0931-1902: RMS = 1089.388 ns
  J1012+5307: RMS = 765.746 ns
  J1012-4235: RMS = 344.611 ns
  J1022+1001: RMS = 470.258 ns
  J1024-0719: RMS = 677.158 ns
  J1125+7819: RMS = 710.606 ns
  J1312+0051: RMS = 1116.670 ns
  J1453+1902: RMS = 1135.331 ns
  J1455-3330: RMS = 1421.287 ns
  J1600-3053: RMS = 1322.977 ns
  J1614-2230: RMS = 479.270 ns
  J1630+3734: RMS = 198.216 ns
  J1640+2224: RMS = 2337.645 ns
  J1643-1224: RMS = 439.404 ns
  J1705-1903: RMS = 89.791 ns
  J1713+0747: RMS = 1288.081 ns
  J1719-1438: RMS = 79.875 ns
  J1730-2304: RMS = 269.679 ns
  J1738+0333: RMS = 871.164 ns
  J1741+1351: RMS = 1147.851 ns
  J1744-1134: RMS = 344.607 ns
  J1745+1017: RMS = 1200.925 ns
  J1747-4036: RMS = 1007.838 ns
  J1751-2857: RMS = 297.943 ns
  J1802-2124: RMS = 147.600 ns
  J1811-2405: RMS = 348.138 ns
  J1832-0836: RMS = 411.021 ns
  J1843-1113: RMS = 293.941 ns
  J1853+1303: RMS = 1229.079 ns
  J1903+0327: RMS = 1136.556 ns
  J1909-3744: RMS = 644.864 ns
  J1910+1256: RMS = 1513.900 ns
  J1911+1347: RMS = 1356.738 ns
  J1918-0642: RMS = 1121.893 ns
  J1923+2515: RMS = 1567.558 ns
  J1944+0907: RMS = 801.169 ns
  J1946+3417: RMS = 1651.160 ns
  J2010-1323: RMS = 887.170 ns
  J2017+0603: RMS = 832.045 ns
  J2033+1734: RMS = 583.706 ns
  J2043+1711: RMS = 390.745 ns
  J2124-3358: RMS = 294.228 ns
  J2145-0750: RMS = 653.289 ns
  J2214+3000: RMS = 905.168 ns
  J2229+2643: RMS = 876.234 ns
  J2234+0611: RMS = 299.338 ns
  J2234+0944: RMS = 465.618 ns
  J2302+4442: RMS = 1328.707 ns
  J2317+1439: RMS = 318.387 ns
  J2322+2057: RMS = 752.688 ns
Inject: 0.94 s
Snapshotting into enterprise Pulsar objects...
Building PTA...
PTA build: 467.81 s
Computing optimal statistic...
OS time: 63.97 s
Total: 538.72 s
  SNR 3.2432 outside of provided SNR_range [3.5, 4.25] — rescaling.
[Iteration 1/4] SNR after scaling: 3.2432 (target: 4.0000)
  SNR history: it0→20.5733@1.0000x, it1→3.2432@2.5189x
  Re-scaling distances by factor 0.6301  (cumulative after: 1.5871×)
Resetting pulsars to clean stoas...
Restore: 0.80 s
Injecting population...
  B1855+09: RMS = 2377.860 ns
  B1937+21: RMS = 2375.375 ns
  B1953+29: RMS = 2227.861 ns
  J0023+0923: RMS = 594.493 ns
  J0030+0451: RMS = 338.899 ns
  J0340+4130: RMS = 1863.328 ns
  J0406+3039: RMS = 1397.779 ns
  J0437-4715: RMS = 1003.337 ns
  J0509+0856: RMS = 652.144 ns
  J0557+1551: RMS = 500.555 ns
  J0605+3757: RMS = 1555.469 ns
  J0610-2100: RMS = 606.245 ns
  J0613-0200: RMS = 1649.640 ns
  J0636+5128: RMS = 1916.721 ns
  J0645+5158: RMS = 2275.479 ns
  J0709+0458: RMS = 251.298 ns
  J0740+6620: RMS = 910.715 ns
  J0931-1902: RMS = 1728.973 ns
  J1012+5307: RMS = 1215.320 ns
  J1012-4235: RMS = 546.933 ns
  J1022+1001: RMS = 746.349 ns
  J1024-0719: RMS = 1074.720 ns
  J1125+7819: RMS = 1127.807 ns
  J1312+0051: RMS = 1772.273 ns
  J1453+1902: RMS = 1801.890 ns
  J1455-3330: RMS = 2255.732 ns
  J1600-3053: RMS = 2099.702 ns
  J1614-2230: RMS = 760.652 ns
  J1630+3734: RMS = 314.589 ns
  J1640+2224: RMS = 3710.088 ns
  J1643-1224: RMS = 697.380 ns
  J1705-1903: RMS = 142.508 ns
  J1713+0747: RMS = 2044.319 ns
  J1719-1438: RMS = 126.770 ns
  J1730-2304: RMS = 428.008 ns
  J1738+0333: RMS = 1382.629 ns
  J1741+1351: RMS = 1821.760 ns
  J1744-1134: RMS = 546.928 ns
  J1745+1017: RMS = 1905.993 ns
  J1747-4036: RMS = 1599.545 ns
  J1751-2857: RMS = 472.867 ns
  J1802-2124: RMS = 234.257 ns
  J1811-2405: RMS = 552.531 ns
  J1832-0836: RMS = 652.333 ns
  J1843-1113: RMS = 466.515 ns
  J1853+1303: RMS = 1950.678 ns
  J1903+0327: RMS = 1803.833 ns
  J1909-3744: RMS = 1023.466 ns
  J1910+1256: RMS = 2402.718 ns
  J1911+1347: RMS = 2153.285 ns
  J1918-0642: RMS = 1780.561 ns
  J1923+2515: RMS = 2487.879 ns
  J1944+0907: RMS = 1271.539 ns
  J1946+3417: RMS = 2620.563 ns
  J2010-1323: RMS = 1408.031 ns
  J2017+0603: RMS = 1320.543 ns
  J2033+1734: RMS = 926.403 ns
  J2043+1711: RMS = 620.153 ns
  J2124-3358: RMS = 466.970 ns
  J2145-0750: RMS = 1036.837 ns
  J2214+3000: RMS = 1436.596 ns
  J2229+2643: RMS = 1390.676 ns
  J2234+0611: RMS = 475.081 ns
  J2234+0944: RMS = 738.984 ns
  J2302+4442: RMS = 2108.797 ns
  J2317+1439: RMS = 505.314 ns
  J2322+2057: RMS = 1194.594 ns
Inject: 1.15 s
Snapshotting into enterprise Pulsar objects...
Building PTA...
PTA build: 482.25 s
Computing optimal statistic...
OS time: 52.63 s
Total: 536.83 s
  SNR 7.9727 outside of provided SNR_range [3.5, 4.25] — rescaling.
[Iteration 2/4] SNR after scaling: 7.9727 (target: 4.0000)
  SNR history: it0→20.5733@1.0000x, it1→3.2432@2.5189x, it2→7.9727@1.5871x
  Re-scaling distances by factor 1.2598  (cumulative after: 1.9994×)
Resetting pulsars to clean stoas...
Restore: 0.01 s
Injecting population...
  B1855+09: RMS = 1887.485 ns
  B1937+21: RMS = 1885.512 ns
  B1953+29: RMS = 1768.419 ns
  J0023+0923: RMS = 471.893 ns
  J0030+0451: RMS = 269.010 ns
  J0340+4130: RMS = 1479.063 ns
  J0406+3039: RMS = 1109.522 ns
  J0437-4715: RMS = 796.424 ns
  J0509+0856: RMS = 517.655 ns
  J0557+1551: RMS = 397.328 ns
  J0605+3757: RMS = 1234.692 ns
  J0610-2100: RMS = 481.222 ns
  J0613-0200: RMS = 1309.442 ns
  J0636+5128: RMS = 1521.445 ns
  J0645+5158: RMS = 1806.218 ns
  J0709+0458: RMS = 199.474 ns
  J0740+6620: RMS = 722.902 ns
  J0931-1902: RMS = 1372.415 ns
  J1012+5307: RMS = 964.690 ns
  J1012-4235: RMS = 434.142 ns
  J1022+1001: RMS = 592.433 ns
  J1024-0719: RMS = 853.086 ns
  J1125+7819: RMS = 895.224 ns
  J1312+0051: RMS = 1406.785 ns
  J1453+1902: RMS = 1430.294 ns
  J1455-3330: RMS = 1790.543 ns
  J1600-3053: RMS = 1666.690 ns
  J1614-2230: RMS = 603.787 ns
  J1630+3734: RMS = 249.713 ns
  J1640+2224: RMS = 2944.974 ns
  J1643-1224: RMS = 553.563 ns
  J1705-1903: RMS = 113.120 ns
  J1713+0747: RMS = 1622.729 ns
  J1719-1438: RMS = 100.627 ns
  J1730-2304: RMS = 339.742 ns
  J1738+0333: RMS = 1097.495 ns
  J1741+1351: RMS = 1446.067 ns
  J1744-1134: RMS = 434.138 ns
  J1745+1017: RMS = 1512.929 ns
  J1747-4036: RMS = 1269.678 ns
  J1751-2857: RMS = 375.350 ns
  J1802-2124: RMS = 185.947 ns
  J1811-2405: RMS = 438.585 ns
  J1832-0836: RMS = 517.806 ns
  J1843-1113: RMS = 370.308 ns
  J1853+1303: RMS = 1548.398 ns
  J1903+0327: RMS = 1431.837 ns
  J1909-3744: RMS = 812.402 ns
  J1910+1256: RMS = 1907.216 ns
  J1911+1347: RMS = 1709.223 ns
  J1918-0642: RMS = 1413.364 ns
  J1923+2515: RMS = 1974.815 ns
  J1944+0907: RMS = 1009.316 ns
  J1946+3417: RMS = 2080.137 ns
  J2010-1323: RMS = 1117.659 ns
  J2017+0603: RMS = 1048.214 ns
  J2033+1734: RMS = 735.355 ns
  J2043+1711: RMS = 492.262 ns
  J2124-3358: RMS = 370.669 ns
  J2145-0750: RMS = 823.015 ns
  J2214+3000: RMS = 1140.333 ns
  J2229+2643: RMS = 1103.883 ns
  J2234+0611: RMS = 377.107 ns
  J2234+0944: RMS = 586.587 ns
  J2302+4442: RMS = 1673.910 ns
  J2317+1439: RMS = 401.105 ns
  J2322+2057: RMS = 948.238 ns
Inject: 0.94 s
Snapshotting into enterprise Pulsar objects...
Building PTA...
PTA build: 435.62 s
Computing optimal statistic...
OS time: 50.28 s
Total: 486.86 s
  SNR 5.0292 outside of provided SNR_range [3.5, 4.25] — rescaling.
[Iteration 3/4] SNR after scaling: 5.0292 (target: 4.0000)
  SNR history: it0→20.5733@1.0000x, it1→3.2432@2.5189x, it2→7.9727@1.5871x, it3→5.0292@1.9994x
  Re-scaling distances by factor 1.1224  (cumulative after: 2.2442×)
Resetting pulsars to clean stoas...
Restore: 0.65 s
Injecting population...
  B1855+09: RMS = 1681.636 ns
  B1937+21: RMS = 1679.879 ns
  B1953+29: RMS = 1575.556 ns
  J0023+0923: RMS = 420.429 ns
  J0030+0451: RMS = 239.672 ns
  J0340+4130: RMS = 1317.757 ns
  J0406+3039: RMS = 988.518 ns
  J0437-4715: RMS = 709.566 ns
  J0509+0856: RMS = 461.200 ns
  J0557+1551: RMS = 353.995 ns
  J0605+3757: RMS = 1100.036 ns
  J0610-2100: RMS = 428.740 ns
  J0613-0200: RMS = 1166.635 ns
  J0636+5128: RMS = 1355.517 ns
  J0645+5158: RMS = 1609.232 ns
  J0709+0458: RMS = 177.719 ns
  J0740+6620: RMS = 644.063 ns
  J0931-1902: RMS = 1222.740 ns
  J1012+5307: RMS = 859.481 ns
  J1012-4235: RMS = 386.794 ns
  J1022+1001: RMS = 527.822 ns
  J1024-0719: RMS = 760.048 ns
  J1125+7819: RMS = 797.592 ns
  J1312+0051: RMS = 1253.362 ns
  J1453+1902: RMS = 1274.307 ns
  J1455-3330: RMS = 1595.267 ns
  J1600-3053: RMS = 1484.922 ns
  J1614-2230: RMS = 537.938 ns
  J1630+3734: RMS = 222.479 ns
  J1640+2224: RMS = 2623.796 ns
  J1643-1224: RMS = 493.191 ns
  J1705-1903: RMS = 100.783 ns
  J1713+0747: RMS = 1445.755 ns
  J1719-1438: RMS = 89.653 ns
  J1730-2304: RMS = 302.690 ns
  J1738+0333: RMS = 977.803 ns
  J1741+1351: RMS = 1288.359 ns
  J1744-1134: RMS = 386.791 ns
  J1745+1017: RMS = 1347.929 ns
  J1747-4036: RMS = 1131.207 ns
  J1751-2857: RMS = 334.415 ns
  J1802-2124: RMS = 165.668 ns
  J1811-2405: RMS = 390.753 ns
  J1832-0836: RMS = 461.334 ns
  J1843-1113: RMS = 329.922 ns
  J1853+1303: RMS = 1379.531 ns
  J1903+0327: RMS = 1275.681 ns
  J1909-3744: RMS = 723.801 ns
  J1910+1256: RMS = 1699.216 ns
  J1911+1347: RMS = 1522.815 ns
  J1918-0642: RMS = 1259.223 ns
  J1923+2515: RMS = 1759.442 ns
  J1944+0907: RMS = 899.240 ns
  J1946+3417: RMS = 1853.278 ns
  J2010-1323: RMS = 995.768 ns
  J2017+0603: RMS = 933.896 ns
  J2033+1734: RMS = 655.158 ns
  J2043+1711: RMS = 438.576 ns
  J2124-3358: RMS = 330.244 ns
  J2145-0750: RMS = 733.257 ns
  J2214+3000: RMS = 1015.969 ns
  J2229+2643: RMS = 983.494 ns
  J2234+0611: RMS = 335.980 ns
  J2234+0944: RMS = 522.614 ns
  J2302+4442: RMS = 1491.354 ns
  J2317+1439: RMS = 357.361 ns
  J2322+2057: RMS = 844.824 ns
Inject: 0.88 s
Snapshotting into enterprise Pulsar objects...
Building PTA...
PTA build: 450.14 s
Computing optimal statistic...
OS time: 55.97 s
Total: 507.65 s
  ✓ SNR is within the provided SNR_range: 4.0242 ∈ [3.5, 4.25]

Final SNR history:
  it 0: cumulative_scale=1.0000×  SNR=20.5733
  it 1: cumulative_scale=2.5189×  SNR=3.2432
  it 2: cumulative_scale=1.5871×  SNR=7.9727
  it 3: cumulative_scale=1.9994×  SNR=5.0292
  it 4: cumulative_scale=2.2442×  SNR=4.0242
✓ Simulation 1 done (2581.2 s)

======================================================================
ENSEMBLE SUMMARY
======================================================================
Success rate: 100.0% (1/1)

Binaries per population:
  Mean ± std : 20000 ± 0
  Range      : [20000, 20000]

SNR achieved:
  Mean ± std : 4.0242 ± 0.0000
  Range      : [4.0242, 4.0242]

Total time: 3139.1 s (52.3 min)
======================================================================

💾 Saved: data/2026-04-28/realistic_run_85/consistent_population_realistic_targetSNR4.25_sims1.json
💾 Saved compressed pickle: data/2026-04-28/realistic_run_85/consistent_population_realistic_targetSNR4.25_sims1.pkl.gz

======================================================================
CONTINUOUS WAVE SNR ANALYSIS
======================================================================

--- Population 1 ---
Precomputation of phiinvs, TNTs, Ts, Nvecs, Sigmas took 0.05 seconds.
Total SNR computation for population took 500.60 seconds.
Top 50 CGW candidates:
   1. proxy_rank=   1  sky_w=1.52  f=2.72e-09 Hz  Mc=2.35e+10 Msun  h0=1.07e-14  SNR=7.191
   2. proxy_rank= 269  sky_w=1.45  f=4.07e-08 Hz  Mc=9.11e+09 Msun  h0=4.84e-15  SNR=6.278
   3. proxy_rank=  36  sky_w=1.09  f=5.10e-09 Hz  Mc=1.57e+10 Msun  h0=3.58e-15  SNR=4.581
   4. proxy_rank=  90  sky_w=1.35  f=7.47e-09 Hz  Mc=9.31e+09 Msun  h0=2.45e-15  SNR=4.056
   5. proxy_rank= 113  sky_w=0.98  f=7.97e-09 Hz  Mc=1.29e+10 Msun  h0=2.96e-15  SNR=3.932
   6. proxy_rank=   2  sky_w=0.87  f=3.08e-09 Hz  Mc=2.63e+10 Msun  h0=9.99e-15  SNR=3.895
   7. proxy_rank= 134  sky_w=1.32  f=9.29e-09 Hz  Mc=1.01e+10 Msun  h0=2.23e-15  SNR=3.601
   8. proxy_rank=  67  sky_w=1.16  f=7.50e-09 Hz  Mc=1.31e+10 Msun  h0=3.37e-15  SNR=3.261
   9. proxy_rank= 234  sky_w=1.23  f=1.09e-08 Hz  Mc=7.99e+09 Msun  h0=1.77e-15  SNR=3.225
  10. proxy_rank=   5  sky_w=1.21  f=2.83e-09 Hz  Mc=2.38e+10 Msun  h0=4.02e-15  SNR=2.929
  11. proxy_rank= 110  sky_w=1.35  f=6.15e-09 Hz  Mc=9.51e+09 Msun  h0=1.70e-15  SNR=2.844
  12. proxy_rank=  20  sky_w=1.25  f=3.64e-09 Hz  Mc=1.61e+10 Msun  h0=3.05e-15  SNR=2.754
  13. proxy_rank=  19  sky_w=0.97  f=5.37e-09 Hz  Mc=2.23e+10 Msun  h0=5.88e-15  SNR=2.728
  14. proxy_rank=  47  sky_w=0.71  f=4.59e-09 Hz  Mc=1.49e+10 Msun  h0=4.07e-15  SNR=2.683
  15. proxy_rank=  87  sky_w=0.98  f=5.25e-09 Hz  Mc=1.35e+10 Msun  h0=2.49e-15  SNR=2.376
  16. proxy_rank= 375  sky_w=0.72  f=1.56e-08 Hz  Mc=7.01e+09 Msun  h0=2.53e-15  SNR=2.287
  17. proxy_rank=  11  sky_w=1.17  f=2.48e-09 Hz  Mc=2.13e+10 Msun  h0=3.08e-15  SNR=1.918
  18. proxy_rank= 125  sky_w=1.01  f=5.13e-09 Hz  Mc=1.03e+10 Msun  h0=1.65e-15  SNR=1.861
  19. proxy_rank=   9  sky_w=1.34  f=2.44e-09 Hz  Mc=1.65e+10 Msun  h0=2.71e-15  SNR=1.787
  20. proxy_rank=  77  sky_w=0.79  f=6.27e-09 Hz  Mc=1.56e+10 Msun  h0=3.89e-15  SNR=1.775
  21. proxy_rank= 294  sky_w=0.88  f=7.54e-09 Hz  Mc=7.89e+09 Msun  h0=1.32e-15  SNR=1.654
  22. proxy_rank=  44  sky_w=1.54  f=4.59e-09 Hz  Mc=1.25e+10 Msun  h0=1.94e-15  SNR=1.645
  23. proxy_rank=  16  sky_w=1.62  f=2.76e-09 Hz  Mc=1.55e+10 Msun  h0=2.02e-15  SNR=1.616
  24. proxy_rank=  84  sky_w=1.54  f=3.95e-09 Hz  Mc=8.50e+09 Msun  h0=1.20e-15  SNR=1.571
  25. proxy_rank=  52  sky_w=1.00  f=3.39e-09 Hz  Mc=7.67e+09 Msun  h0=2.09e-15  SNR=1.533
  26. proxy_rank= 129  sky_w=1.23  f=5.01e-09 Hz  Mc=9.02e+09 Msun  h0=1.31e-15  SNR=1.522
  27. proxy_rank= 295  sky_w=1.45  f=7.25e-09 Hz  Mc=5.97e+09 Msun  h0=7.69e-16  SNR=1.433
  28. proxy_rank=  73  sky_w=1.10  f=4.30e-09 Hz  Mc=1.18e+10 Msun  h0=1.97e-15  SNR=1.397
  29. proxy_rank=   7  sky_w=0.77  f=3.06e-09 Hz  Mc=1.60e+10 Msun  h0=6.34e-15  SNR=1.395
  30. proxy_rank=  97  sky_w=1.22  f=3.75e-09 Hz  Mc=8.37e+09 Msun  h0=1.29e-15  SNR=1.380
  31. proxy_rank=  41  sky_w=1.60  f=3.08e-09 Hz  Mc=1.14e+10 Msun  h0=1.31e-15  SNR=1.341
  32. proxy_rank= 570  sky_w=1.60  f=1.35e-08 Hz  Mc=3.65e+09 Msun  h0=5.98e-16  SNR=1.332
  33. proxy_rank=  57  sky_w=0.67  f=3.49e-09 Hz  Mc=1.77e+10 Msun  h0=2.99e-15  SNR=1.306
  34. proxy_rank=  79  sky_w=1.20  f=4.42e-09 Hz  Mc=1.11e+10 Msun  h0=1.76e-15  SNR=1.298
  35. proxy_rank= 156  sky_w=0.66  f=5.19e-09 Hz  Mc=1.33e+10 Msun  h0=2.32e-15  SNR=1.281
  36. proxy_rank=  37  sky_w=0.57  f=3.10e-09 Hz  Mc=2.24e+10 Msun  h0=4.06e-15  SNR=1.264
  37. proxy_rank=  39  sky_w=0.78  f=2.86e-09 Hz  Mc=1.70e+10 Msun  h0=2.71e-15  SNR=1.229
  38. proxy_rank= 460  sky_w=1.12  f=1.02e-08 Hz  Mc=4.98e+09 Msun  h0=8.14e-16  SNR=1.219
  39. proxy_rank=   4  sky_w=1.61  f=2.11e-09 Hz  Mc=1.56e+10 Msun  h0=2.35e-15  SNR=1.175
  40. proxy_rank=  46  sky_w=1.08  f=3.18e-09 Hz  Mc=1.30e+10 Msun  h0=1.88e-15  SNR=1.118
  41. proxy_rank=  21  sky_w=0.94  f=2.26e-09 Hz  Mc=1.94e+10 Msun  h0=2.48e-15  SNR=1.093
  42. proxy_rank= 141  sky_w=1.27  f=4.43e-09 Hz  Mc=8.94e+09 Msun  h0=1.08e-15  SNR=1.081
  43. proxy_rank=  22  sky_w=1.42  f=3.26e-09 Hz  Mc=1.45e+10 Msun  h0=2.31e-15  SNR=1.068
  44. proxy_rank=  17  sky_w=1.56  f=2.32e-09 Hz  Mc=1.48e+10 Msun  h0=1.72e-15  SNR=1.015
  45. proxy_rank=  29  sky_w=1.26  f=3.45e-09 Hz  Mc=1.46e+10 Msun  h0=2.28e-15  SNR=1.008
  46. proxy_rank= 140  sky_w=1.16  f=4.11e-09 Hz  Mc=8.04e+09 Msun  h0=1.11e-15  SNR=0.996
  47. proxy_rank=  10  sky_w=0.98  f=2.04e-09 Hz  Mc=1.98e+10 Msun  h0=3.05e-15  SNR=0.986
  48. proxy_rank= 128  sky_w=0.81  f=3.53e-09 Hz  Mc=1.04e+10 Msun  h0=1.41e-15  SNR=0.959
  49. proxy_rank= 351  sky_w=0.73  f=1.06e-08 Hz  Mc=8.06e+09 Msun  h0=1.84e-15  SNR=0.939
  50. proxy_rank=  34  sky_w=1.14  f=2.94e-09 Hz  Mc=1.53e+10 Msun  h0=2.00e-15  SNR=0.937
💾 Saved: data/2026-04-28/realistic_run_85/consistent_population_realistic_targetSNR4.25_sims1.json
💾 Saved compressed pickle: data/2026-04-28/realistic_run_85/consistent_population_realistic_targetSNR4.25_sims1.pkl.gz
Saved to figures/cgw_analysis_realistic.pdf

======================================================================
ANALYSIS COMPLETE
Results saved to: data/2026-04-28/realistic_run_85
======================================================================

==========================================
Job finished at: Tue Apr 28 18:03:02 AEST 2026
Exit code: 0
==========================================

+------------------ Job Report: 11717932 (COMPLETED) ------------------+
| Memory (RAM)  [####################] 104.0% (33.3 GB peak / 32 GB)   |
| CPU           [################    ] 82.9% average                   |
| Time          [------------------->] 97.1% (0-01:03:06 / 0-01:05:00) |
|                                                                      |
| Lustre Filesystem:                                                   |
|   Path    Total Read    Total Write      Total IOPS                  |
|   ------  ------------  -------------  ------------                  |
|   /apps   0 B           0 B                      7                   |
|   /fred   212 KB        6.4 MB                  23                   |
|   /home   14.1 MB       0 B                     30                   |
|   OS      0 B           0 B                      2                   |
+----------------------------------------------------------------------+
