==========================================
Job ID: 11736889
Job Name: smbhb_pessimistic
Node: gina301
Start Time: Wed Apr 29 12:52:58 AEST 2026
==========================================

/home/bhoulden/.conda/envs/smbhb312/share/tempo2
Working directory: /fred/oz005/users/bhoulden/SMBHB_population_injections

Loaded modules:

Starting SMBHB analysis...
==========================================

📁 Save directory: data/2026-04-29/pessimistic_run_100
📝 Run name: pessimistic_run_100

[MEM] Start: 244.1 MB

📡 Loading pulsars...
======================================================================
LOADING NANOGRAV PULSARS (libstempo)
======================================================================

📦 Loading from cache: nanograv_pulsars_cache.pkl
⚠ Cache load failed: Ran out of input
[DEBUG] Found 76 .par files
[tempo2Util.C:396] Warning: [MISC1] Unknown parameter in par file:  DMDATA
[tempo2Util.C:401] Warning: [DUP1] duplicated warnings have been suppressed.

WARNING: Using tempo RNAMP parameter: setting TNRedC to 100!
[observatory.C:271] Warning: Assuming site 'arecibo' means 'ao'
✓ Loaded B1855+09 (7758 TOAs)

WARNING: Using tempo RNAMP parameter: setting TNRedC to 100!
✓ Loaded B1937+21 (23023 TOAs)

WARNING: Using tempo RNAMP parameter: setting TNRedC to 100!
✓ Loaded B1937+21ao (7241 TOAs)

WARNING: Using tempo RNAMP parameter: setting TNRedC to 100!
✓ Loaded B1937+21gbt (16048 TOAs)

WARNING: Using tempo RNAMP parameter: setting TNRedC to 100!
✓ Loaded B1953+29 (5126 TOAs)
✓ Loaded J0023+0923 (15896 TOAs)

WARNING: Using tempo RNAMP parameter: setting TNRedC to 100!
✓ Loaded J0030+0451 (19571 TOAs)
✓ Loaded J0340+4130 (11093 TOAs)
✓ Loaded J0406+3039 (2446 TOAs)

WARNING: Using tempo RNAMP parameter: setting TNRedC to 100!
✓ Loaded J0437-4715 (5830 TOAs)
✓ Loaded J0509+0856 (2169 TOAs)
✓ Loaded J0557+1551 (525 TOAs)
✓ Loaded J0605+3757 (554 TOAs)

WARNING: Using tempo RNAMP parameter: setting TNRedC to 100!
✓ Loaded J0610-2100 (4885 TOAs)

WARNING: Using tempo RNAMP parameter: setting TNRedC to 100!
✓ Loaded J0613-0200 (17124 TOAs)
✓ Loaded J0614-3329 (1714 TOAs)
✓ Loaded J0636+5128 (32222 TOAs)
✓ Loaded J0645+5158 (10403 TOAs)
✓ Loaded J0709+0458 (3030 TOAs)
✓ Loaded J0740+6620 (13401 TOAs)
✓ Loaded J0931-1902 (5473 TOAs)

WARNING: Using tempo RNAMP parameter: setting TNRedC to 100!
✓ Loaded J1012+5307 (25837 TOAs)
✓ Loaded J1012-4235 (797 TOAs)
✓ Loaded J1022+1001 (3978 TOAs)
✓ Loaded J1024-0719 (12635 TOAs)
✓ Loaded J1125+7819 (8723 TOAs)
✓ Loaded J1312+0051 (1705 TOAs)
✓ Loaded J1453+1902 (2551 TOAs)
✓ Loaded J1455-3330 (10818 TOAs)

WARNING: Using tempo RNAMP parameter: setting TNRedC to 100!
✓ Loaded J1600-3053 (22955 TOAs)

WARNING: Using tempo RNAMP parameter: setting TNRedC to 100!
✓ Loaded J1600-3053gbt (19725 TOAs)

WARNING: Using tempo RNAMP parameter: setting TNRedC to 100!
✓ Loaded J1614-2230 (18445 TOAs)
✓ Loaded J1630+3734 (1815 TOAs)
✓ Loaded J1640+2224 (14066 TOAs)

WARNING: Using tempo RNAMP parameter: setting TNRedC to 100!
✓ Loaded J1643-1224 (22144 TOAs)

WARNING: Using tempo RNAMP parameter: setting TNRedC to 100!
✓ Loaded J1643-1224gbt (17932 TOAs)

WARNING: Using tempo RNAMP parameter: setting TNRedC to 100!
✓ Loaded J1705-1903 (9871 TOAs)

WARNING: Using tempo RNAMP parameter: setting TNRedC to 100!
✓ Loaded J1713+0747 (59389 TOAs)

WARNING: Using tempo RNAMP parameter: setting TNRedC to 100!
✓ Loaded J1713+0747ao (21362 TOAs)

WARNING: Using tempo RNAMP parameter: setting TNRedC to 100!
✓ Loaded J1713+0747gbt (32963 TOAs)
✓ Loaded J1719-1438 (6356 TOAs)
✓ Loaded J1730-2304 (4870 TOAs)
✓ Loaded J1738+0333 (8790 TOAs)
✓ Loaded J1741+1351 (5582 TOAs)

WARNING: Using tempo RNAMP parameter: setting TNRedC to 100!
✓ Loaded J1744-1134 (17745 TOAs)

WARNING: Using tempo RNAMP parameter: setting TNRedC to 100!
✓ Loaded J1745+1017 (3017 TOAs)

WARNING: Using tempo RNAMP parameter: setting TNRedC to 100!
✓ Loaded J1747-4036 (11055 TOAs)
✓ Loaded J1751-2857 (2025 TOAs)

WARNING: Using tempo RNAMP parameter: setting TNRedC to 100!
✓ Loaded J1802-2124 (6796 TOAs)
✓ Loaded J1811-2405 (5266 TOAs)
✓ Loaded J1832-0836 (7739 TOAs)
✓ Loaded J1843-1113 (4595 TOAs)

WARNING: Using tempo RNAMP parameter: setting TNRedC to 100!
✓ Loaded J1853+1303 (4570 TOAs)

WARNING: Using tempo RNAMP parameter: setting TNRedC to 100!
✓ Loaded J1903+0327 (6856 TOAs)

WARNING: Using tempo RNAMP parameter: setting TNRedC to 100!
✓ Loaded J1903+0327ao (6423 TOAs)

WARNING: Using tempo RNAMP parameter: setting TNRedC to 100!
✓ Loaded J1909-3744 (35037 TOAs)

WARNING: Using tempo RNAMP parameter: setting TNRedC to 100!
✓ Loaded J1909-3744gbt (31526 TOAs)
✓ Loaded J1910+1256 (6486 TOAs)
✓ Loaded J1911+1347 (3786 TOAs)
✓ Loaded J1918-0642 (18875 TOAs)
✓ Loaded J1923+2515 (3974 TOAs)
✓ Loaded J1944+0907 (5328 TOAs)

WARNING: Using tempo RNAMP parameter: setting TNRedC to 100!
✓ Loaded J1946+3417 (4743 TOAs)
✓ Loaded J2010-1323 (17077 TOAs)
✓ Loaded J2017+0603 (3512 TOAs)
✓ Loaded J2033+1734 (3847 TOAs)
✓ Loaded J2043+1711 (7397 TOAs)
✓ Loaded J2124-3358 (4982 TOAs)

WARNING: Using tempo RNAMP parameter: setting TNRedC to 100!
✓ Loaded J2145-0750 (18675 TOAs)
✓ Loaded J2214+3000 (7406 TOAs)
✓ Loaded J2229+2643 (3711 TOAs)

WARNING: Using tempo RNAMP parameter: setting TNRedC to 100!
✓ Loaded J2234+0611 (3566 TOAs)
✓ Loaded J2234+0944 (7535 TOAs)
✓ Loaded J2302+4442 (10211 TOAs)
✓ Loaded J2317+1439 (13927 TOAs)
✓ Loaded J2322+2057 (3088 TOAs)
⚠ Could not save cache: no default __reduce__ due to non-trivial __cinit__

✓ Loaded 76 pulsars
✗ Failed: 0 — []
[MEM] After loading pulsars: 8866.9 MB

🔍 Filtering pulsars...

Filtered: 76 → 67 pulsars
[MEM] After filtering pulsars: 8868.0 MB
[MEM] After garbage collection: 8868.2 MB

======================================================================
SMBHB POPULATION ANALYSIS
======================================================================

Configuration: pessimistic
  Lower mass, lower spread in distance, large population
  N_binaries: 10000000

======================================================================
CONSISTENT POPULATION SYNTHESIS
======================================================================

======================================================================
GENERATING SNR-CONSISTENT POPULATIONS
======================================================================
Target SNR:          4.0
Simulations:         1
======================================================================


──────────────────────────────────────────────────────────────────────
SIMULATION 1/1
──────────────────────────────────────────────────────────────────────
  [B1855+09] zeroing residuals...
  [B1855+09] adding red noise...
  [B1855+09] white noise for 430_ASP (390 TOAs)...
  [B1855+09] white noise for L-wide_PUPPI (5005 TOAs)...
  [B1855+09] white noise for 430_PUPPI (1185 TOAs)...
  [B1855+09] white noise for L-wide_ASP (1178 TOAs)...
  [B1937+21] zeroing residuals...
  [B1937+21] adding red noise...
  [B1937+21] white noise for Rcvr1_2_GASP (1069 TOAs)...
  [B1937+21] white noise for Rcvr_800_GASP (586 TOAs)...
  [B1937+21] white noise for L-wide_PUPPI (4133 TOAs)...
  [B1937+21] white noise for Rcvr_800_GUPPI (7140 TOAs)...
  [B1937+21] white noise for Rcvr1_2_GUPPI (7048 TOAs)...
  [B1937+21] white noise for L-wide_ASP (452 TOAs)...
  [B1937+21] white noise for S-wide_PUPPI (2251 TOAs)...
  [B1937+21] white noise for S-wide_ASP (344 TOAs)...
  [B1953+29] zeroing residuals...
  [B1953+29] adding red noise...
  [B1953+29] white noise for 430_PUPPI (941 TOAs)...
  [B1953+29] white noise for L-wide_PUPPI (4037 TOAs)...
  [B1953+29] white noise for L-wide_ASP (94 TOAs)...
  [B1953+29] white noise for 430_ASP (29 TOAs)...
  [B1953+29] white noise for S-wide_ASP (25 TOAs)...
  [J0023+0923] zeroing residuals...
  [J0023+0923] adding red noise...
  [J0023+0923] white noise for 430_ASP (90 TOAs)...
  [J0023+0923] white noise for L-wide_PUPPI (11123 TOAs)...
  [J0023+0923] white noise for 430_PUPPI (4564 TOAs)...
  [J0023+0923] white noise for L-wide_ASP (119 TOAs)...
  [J0030+0451] zeroing residuals...
  [J0030+0451] adding red noise...
  [J0030+0451] white noise for 430_PUPPI (3068 TOAs)...
  [J0030+0451] white noise for L-wide_PUPPI (12774 TOAs)...
  [J0030+0451] white noise for L-wide_ASP (789 TOAs)...
  [J0030+0451] white noise for S-wide_PUPPI (2673 TOAs)...
  [J0030+0451] white noise for 430_ASP (267 TOAs)...
  [J0340+4130] zeroing residuals...
  [J0340+4130] adding red noise...
  [J0340+4130] white noise for Rcvr_800_GUPPI (6056 TOAs)...
  [J0340+4130] white noise for Rcvr1_2_GUPPI (5037 TOAs)...
  [J0406+3039] zeroing residuals...
  [J0406+3039] adding red noise...
  [J0406+3039] white noise for L-wide_PUPPI (1871 TOAs)...
  [J0406+3039] white noise for S-wide_PUPPI (575 TOAs)...
  [J0437-4715] zeroing residuals...
  [J0437-4715] adding red noise...
  [J0437-4715] white noise for 3GHz_YUPPI (3696 TOAs)...
  [J0437-4715] white noise for 1.5GHz_YUPPI (2134 TOAs)...
  [J0509+0856] zeroing residuals...
  [J0509+0856] adding red noise...
  [J0509+0856] white noise for L-wide_PUPPI (1625 TOAs)...
  [J0509+0856] white noise for S-wide_PUPPI (544 TOAs)...
  [J0557+1551] zeroing residuals...
  [J0557+1551] adding red noise...
  [J0557+1551] white noise for L-wide_PUPPI (467 TOAs)...
  [J0557+1551] white noise for S-wide_PUPPI (58 TOAs)...
  [J0605+3757] zeroing residuals...
  [J0605+3757] adding red noise...
  [J0605+3757] white noise for Rcvr_800_GUPPI (236 TOAs)...
  [J0605+3757] white noise for Rcvr1_2_GUPPI (318 TOAs)...
  [J0610-2100] zeroing residuals...
  [J0610-2100] adding red noise...
  [J0610-2100] white noise for Rcvr_800_GUPPI (2484 TOAs)...
  [J0610-2100] white noise for Rcvr1_2_GUPPI (2401 TOAs)...
  [J0613-0200] zeroing residuals...
  [J0613-0200] adding red noise...
  [J0613-0200] white noise for Rcvr1_2_GASP (992 TOAs)...
  [J0613-0200] white noise for Rcvr_800_GASP (809 TOAs)...
  [J0613-0200] white noise for Rcvr_800_GUPPI (7900 TOAs)...
  [J0613-0200] white noise for Rcvr1_2_GUPPI (7423 TOAs)...
  [J0636+5128] zeroing residuals...
  [J0636+5128] adding red noise...
  [J0636+5128] white noise for Rcvr_800_GUPPI (17419 TOAs)...
  [J0636+5128] white noise for Rcvr1_2_GUPPI (14803 TOAs)...
  [J0645+5158] zeroing residuals...
  [J0645+5158] adding red noise...
  [J0645+5158] white noise for Rcvr_800_GUPPI (4682 TOAs)...
  [J0645+5158] white noise for Rcvr1_2_GUPPI (5721 TOAs)...
  [J0709+0458] zeroing residuals...
  [J0709+0458] adding red noise...
  [J0709+0458] white noise for L-wide_PUPPI (2435 TOAs)...
  [J0709+0458] white noise for S-wide_PUPPI (595 TOAs)...
  [J0740+6620] zeroing residuals...
  [J0740+6620] adding red noise...
  [J0740+6620] white noise for Rcvr_800_GUPPI (5136 TOAs)...
  [J0740+6620] white noise for Rcvr1_2_GUPPI (8265 TOAs)...
  [J0931-1902] zeroing residuals...
  [J0931-1902] adding red noise...
  [J0931-1902] white noise for Rcvr_800_GUPPI (3419 TOAs)...
  [J0931-1902] white noise for Rcvr1_2_GUPPI (2054 TOAs)...
  [J1012+5307] zeroing residuals...
  [J1012+5307] adding red noise...
  [J1012+5307] white noise for Rcvr1_2_GASP (1479 TOAs)...
  [J1012+5307] white noise for Rcvr_800_GASP (1210 TOAs)...
  [J1012+5307] white noise for Rcvr_800_GUPPI (10299 TOAs)...
  [J1012+5307] white noise for Rcvr1_2_GUPPI (12849 TOAs)...
  [J1012-4235] zeroing residuals...
  [J1012-4235] adding red noise...
  [J1012-4235] white noise for Rcvr_800_GUPPI (342 TOAs)...
  [J1012-4235] white noise for Rcvr1_2_GUPPI (455 TOAs)...
  [J1022+1001] zeroing residuals...
  [J1022+1001] adding red noise...
  [J1022+1001] white noise for L-wide_PUPPI (2592 TOAs)...
  [J1022+1001] white noise for 430_PUPPI (232 TOAs)...
  [J1022+1001] white noise for S-wide_PUPPI (1154 TOAs)...
  [J1024-0719] zeroing residuals...
  [J1024-0719] adding red noise...
  [J1024-0719] white noise for Rcvr1_2_GASP (43 TOAs)...
  [J1024-0719] white noise for Rcvr_800_GASP (51 TOAs)...
  [J1024-0719] white noise for Rcvr_800_GUPPI (5455 TOAs)...
  [J1024-0719] white noise for Rcvr1_2_GUPPI (7086 TOAs)...
  [J1125+7819] zeroing residuals...
  [J1125+7819] adding red noise...
  [J1125+7819] white noise for Rcvr_800_GUPPI (4707 TOAs)...
  [J1125+7819] white noise for Rcvr1_2_GUPPI (4016 TOAs)...
  [J1312+0051] zeroing residuals...
  [J1312+0051] adding red noise...
  [J1312+0051] white noise for L-wide_PUPPI (1289 TOAs)...
  [J1312+0051] white noise for S-wide_PUPPI (416 TOAs)...
  [J1453+1902] zeroing residuals...
  [J1453+1902] adding red noise...
  [J1453+1902] white noise for L-wide_PUPPI (2122 TOAs)...
  [J1453+1902] white noise for 430_PUPPI (425 TOAs)...
  [J1453+1902] white noise for S-wide_PUPPI (4 TOAs)...
  [J1455-3330] zeroing residuals...
  [J1455-3330] adding red noise...
  [J1455-3330] white noise for Rcvr1_2_GASP (564 TOAs)...
  [J1455-3330] white noise for Rcvr_800_GASP (479 TOAs)...
  [J1455-3330] white noise for Rcvr_800_GUPPI (4843 TOAs)...
  [J1455-3330] white noise for Rcvr1_2_GUPPI (4932 TOAs)...
  [J1600-3053] zeroing residuals...
  [J1600-3053] adding red noise...
  [J1600-3053] white noise for Rcvr1_2_GASP (457 TOAs)...
  [J1600-3053] white noise for Rcvr_800_GASP (297 TOAs)...
  [J1600-3053] white noise for Rcvr_800_GUPPI (8796 TOAs)...
  [J1600-3053] white noise for Rcvr1_2_GUPPI (10168 TOAs)...
  [J1600-3053] white noise for 3GHz_YUPPI (3237 TOAs)...
  [J1614-2230] zeroing residuals...
  [J1614-2230] adding red noise...
  [J1614-2230] white noise for Rcvr1_2_GASP (84 TOAs)...
  [J1614-2230] white noise for Rcvr_800_GASP (84 TOAs)...
  [J1614-2230] white noise for Rcvr_800_GUPPI (7768 TOAs)...
  [J1614-2230] white noise for Rcvr1_2_GUPPI (10509 TOAs)...
  [J1630+3734] zeroing residuals...
  [J1630+3734] adding red noise...
  [J1630+3734] white noise for Rcvr_800_GUPPI (906 TOAs)...
  [J1630+3734] white noise for Rcvr1_2_GUPPI (909 TOAs)...
  [J1640+2224] zeroing residuals...
  [J1640+2224] adding red noise...
  [J1640+2224] white noise for 430_ASP (340 TOAs)...
  [J1640+2224] white noise for L-wide_PUPPI (9847 TOAs)...
  [J1640+2224] white noise for 430_PUPPI (3157 TOAs)...
  [J1640+2224] white noise for L-wide_ASP (722 TOAs)...
  [J1643-1224] zeroing residuals...
  [J1643-1224] adding red noise...
  [J1643-1224] white noise for Rcvr1_2_GASP (833 TOAs)...
  [J1643-1224] white noise for Rcvr_800_GASP (559 TOAs)...
  [J1643-1224] white noise for Rcvr_800_GUPPI (7734 TOAs)...
  [J1643-1224] white noise for Rcvr1_2_GUPPI (8803 TOAs)...
  [J1643-1224] white noise for 3GHz_YUPPI (4215 TOAs)...
  [J1705-1903] zeroing residuals...
  [J1705-1903] adding red noise...
  [J1705-1903] white noise for Rcvr_800_GUPPI (3521 TOAs)...
  [J1705-1903] white noise for Rcvr1_2_GUPPI (6350 TOAs)...
  [J1713+0747] zeroing residuals...
  [J1713+0747] adding red noise...
  [J1713+0747] white noise for Rcvr1_2_GASP (1109 TOAs)...
  [J1713+0747] white noise for Rcvr_800_GASP (1032 TOAs)...
  [J1713+0747] white noise for 1.5GHz_YUPPI (1461 TOAs)...
  [J1713+0747] white noise for L-wide_PUPPI (12743 TOAs)...
  [J1713+0747] white noise for Rcvr_800_GUPPI (8479 TOAs)...
  [J1713+0747] white noise for L-wide_ASP (843 TOAs)...
  [J1713+0747] white noise for Rcvr1_2_GUPPI (22334 TOAs)...
  [J1713+0747] white noise for S-wide_PUPPI (7482 TOAs)...
  [J1713+0747] white noise for S-wide_ASP (624 TOAs)...
  [J1713+0747] white noise for 3GHz_YUPPI (3282 TOAs)...
  [J1719-1438] zeroing residuals...
  [J1719-1438] adding red noise...
  [J1719-1438] white noise for Rcvr_800_GUPPI (3634 TOAs)...
  [J1719-1438] white noise for Rcvr1_2_GUPPI (2722 TOAs)...
  [J1730-2304] zeroing residuals...
  [J1730-2304] adding red noise...
  [J1730-2304] white noise for Rcvr_800_GUPPI (2503 TOAs)...
  [J1730-2304] white noise for Rcvr1_2_GUPPI (2367 TOAs)...
  [J1738+0333] zeroing residuals...
  [J1738+0333] adding red noise...
  [J1738+0333] white noise for L-wide_PUPPI (6718 TOAs)...
  [J1738+0333] white noise for S-wide_PUPPI (1737 TOAs)...
  [J1738+0333] white noise for L-wide_ASP (201 TOAs)...
  [J1738+0333] white noise for S-wide_ASP (134 TOAs)...
  [J1741+1351] zeroing residuals...
  [J1741+1351] adding red noise...
  [J1741+1351] white noise for 430_PUPPI (1159 TOAs)...
  [J1741+1351] white noise for L-wide_PUPPI (4045 TOAs)...
  [J1741+1351] white noise for L-wide_ASP (236 TOAs)...
  [J1741+1351] white noise for 430_ASP (27 TOAs)...
  [J1741+1351] white noise for S-wide_ASP (115 TOAs)...
  [J1744-1134] zeroing residuals...
  [J1744-1134] adding red noise...
  [J1744-1134] white noise for Rcvr1_2_GASP (807 TOAs)...
  [J1744-1134] white noise for Rcvr_800_GASP (930 TOAs)...
  [J1744-1134] white noise for Rcvr_800_GUPPI (7899 TOAs)...
  [J1744-1134] white noise for Rcvr1_2_GUPPI (8109 TOAs)...
  [J1745+1017] zeroing residuals...
  [J1745+1017] adding red noise...
  [J1745+1017] white noise for L-wide_PUPPI (2179 TOAs)...
  [J1745+1017] white noise for S-wide_PUPPI (838 TOAs)...
  [J1747-4036] zeroing residuals...
  [J1747-4036] adding red noise...
  [J1747-4036] white noise for Rcvr_800_GUPPI (5816 TOAs)...
  [J1747-4036] white noise for Rcvr1_2_GUPPI (5239 TOAs)...
  [J1751-2857] zeroing residuals...
  [J1751-2857] adding red noise...
  [J1751-2857] white noise for Rcvr_800_GUPPI (239 TOAs)...
  [J1751-2857] white noise for Rcvr1_2_GUPPI (1786 TOAs)...
  [J1802-2124] zeroing residuals...
  [J1802-2124] adding red noise...
  [J1802-2124] white noise for Rcvr_800_GUPPI (3565 TOAs)...
  [J1802-2124] white noise for Rcvr1_2_GUPPI (3231 TOAs)...
  [J1811-2405] zeroing residuals...
  [J1811-2405] adding red noise...
  [J1811-2405] white noise for Rcvr_800_GUPPI (2628 TOAs)...
  [J1811-2405] white noise for Rcvr1_2_GUPPI (2638 TOAs)...
  [J1832-0836] zeroing residuals...
  [J1832-0836] adding red noise...
  [J1832-0836] white noise for Rcvr_800_GUPPI (3078 TOAs)...
  [J1832-0836] white noise for Rcvr1_2_GUPPI (4661 TOAs)...
  [J1843-1113] zeroing residuals...
  [J1843-1113] adding red noise...
  [J1843-1113] white noise for Rcvr_800_GUPPI (2201 TOAs)...
  [J1843-1113] white noise for Rcvr1_2_GUPPI (2394 TOAs)...
  [J1853+1303] zeroing residuals...
  [J1853+1303] adding red noise...
  [J1853+1303] white noise for 430_ASP (24 TOAs)...
  [J1853+1303] white noise for L-wide_PUPPI (3362 TOAs)...
  [J1853+1303] white noise for 430_PUPPI (1151 TOAs)...
  [J1853+1303] white noise for L-wide_ASP (33 TOAs)...
  [J1903+0327] zeroing residuals...
  [J1903+0327] adding red noise...
  [J1903+0327] white noise for L-wide_PUPPI (3845 TOAs)...
  [J1903+0327] white noise for S-wide_PUPPI (2282 TOAs)...
  [J1903+0327] white noise for L-wide_ASP (139 TOAs)...
  [J1903+0327] white noise for S-wide_ASP (151 TOAs)...
  [J1903+0327] white noise for 3GHz_YUPPI (439 TOAs)...
  [J1909-3744] zeroing residuals...
  [J1909-3744] adding red noise...
  [J1909-3744] white noise for Rcvr1_2_GASP (808 TOAs)...
  [J1909-3744] white noise for Rcvr_800_GASP (866 TOAs)...
  [J1909-3744] white noise for Rcvr_800_GUPPI (9399 TOAs)...
  [J1909-3744] white noise for Rcvr1_2_GUPPI (20439 TOAs)...
  [J1909-3744] white noise for 3GHz_YUPPI (3525 TOAs)...
  [J1910+1256] zeroing residuals...
  [J1910+1256] adding red noise...
  [J1910+1256] white noise for L-wide_PUPPI (4124 TOAs)...
  [J1910+1256] white noise for S-wide_PUPPI (1857 TOAs)...
  [J1910+1256] white noise for L-wide_ASP (297 TOAs)...
  [J1910+1256] white noise for S-wide_ASP (208 TOAs)...
  [J1911+1347] zeroing residuals...
  [J1911+1347] adding red noise...
  [J1911+1347] white noise for L-wide_PUPPI (3033 TOAs)...
  [J1911+1347] white noise for 430_PUPPI (753 TOAs)...
  [J1918-0642] zeroing residuals...
  [J1918-0642] adding red noise...
  [J1918-0642] white noise for Rcvr1_2_GASP (778 TOAs)...
  [J1918-0642] white noise for Rcvr_800_GASP (835 TOAs)...
  [J1918-0642] white noise for Rcvr_800_GUPPI (8352 TOAs)...
  [J1918-0642] white noise for Rcvr1_2_GUPPI (8910 TOAs)...
  [J1923+2515] zeroing residuals...
  [J1923+2515] adding red noise...
  [J1923+2515] white noise for 430_ASP (10 TOAs)...
  [J1923+2515] white noise for L-wide_PUPPI (3028 TOAs)...
  [J1923+2515] white noise for 430_PUPPI (922 TOAs)...
  [J1923+2515] white noise for L-wide_ASP (14 TOAs)...
  [J1944+0907] zeroing residuals...
  [J1944+0907] adding red noise...
  [J1944+0907] white noise for 430_PUPPI (1017 TOAs)...
  [J1944+0907] white noise for L-wide_PUPPI (3900 TOAs)...
  [J1944+0907] white noise for L-wide_ASP (257 TOAs)...
  [J1944+0907] white noise for 430_ASP (38 TOAs)...
  [J1944+0907] white noise for S-wide_ASP (116 TOAs)...
  [J1946+3417] zeroing residuals...
  [J1946+3417] adding red noise...
  [J1946+3417] white noise for L-wide_PUPPI (3197 TOAs)...
  [J1946+3417] white noise for S-wide_PUPPI (1546 TOAs)...
  [J2010-1323] zeroing residuals...
  [J2010-1323] adding red noise...
  [J2010-1323] white noise for Rcvr1_2_GASP (70 TOAs)...
  [J2010-1323] white noise for Rcvr_800_GASP (70 TOAs)...
  [J2010-1323] white noise for Rcvr_800_GUPPI (9158 TOAs)...
  [J2010-1323] white noise for Rcvr1_2_GUPPI (7779 TOAs)...
  [J2017+0603] zeroing residuals...
  [J2017+0603] adding red noise...
  [J2017+0603] white noise for L-wide_PUPPI (2569 TOAs)...
  [J2017+0603] white noise for 430_PUPPI (78 TOAs)...
  [J2017+0603] white noise for L-wide_ASP (16 TOAs)...
  [J2017+0603] white noise for S-wide_PUPPI (849 TOAs)...
  [J2033+1734] zeroing residuals...
  [J2033+1734] adding red noise...
  [J2033+1734] white noise for L-wide_PUPPI (3050 TOAs)...
  [J2033+1734] white noise for 430_PUPPI (797 TOAs)...
  [J2043+1711] zeroing residuals...
  [J2043+1711] adding red noise...
  [J2043+1711] white noise for 430_ASP (30 TOAs)...
  [J2043+1711] white noise for L-wide_PUPPI (4419 TOAs)...
  [J2043+1711] white noise for 430_PUPPI (2908 TOAs)...
  [J2043+1711] white noise for L-wide_ASP (40 TOAs)...
  [J2124-3358] zeroing residuals...
  [J2124-3358] adding red noise...
  [J2124-3358] white noise for Rcvr_800_GUPPI (2025 TOAs)...
  [J2124-3358] white noise for Rcvr1_2_GUPPI (2957 TOAs)...
  [J2145-0750] zeroing residuals...
  [J2145-0750] adding red noise...
  [J2145-0750] white noise for Rcvr1_2_GASP (427 TOAs)...
  [J2145-0750] white noise for Rcvr_800_GASP (362 TOAs)...
  [J2145-0750] white noise for Rcvr_800_GUPPI (8728 TOAs)...
  [J2145-0750] white noise for Rcvr1_2_GUPPI (9158 TOAs)...
  [J2214+3000] zeroing residuals...
  [J2214+3000] adding red noise...
  [J2214+3000] white noise for L-wide_PUPPI (5829 TOAs)...
  [J2214+3000] white noise for S-wide_PUPPI (1568 TOAs)...
  [J2214+3000] white noise for L-wide_ASP (9 TOAs)...
  [J2229+2643] zeroing residuals...
  [J2229+2643] adding red noise...
  [J2229+2643] white noise for L-wide_PUPPI (2755 TOAs)...
  [J2229+2643] white noise for 430_PUPPI (956 TOAs)...
  [J2234+0611] zeroing residuals...
  [J2234+0611] adding red noise...
  [J2234+0611] white noise for L-wide_PUPPI (2913 TOAs)...
  [J2234+0611] white noise for 430_PUPPI (653 TOAs)...
  [J2234+0944] zeroing residuals...
  [J2234+0944] adding red noise...
  [J2234+0944] white noise for L-wide_PUPPI (5003 TOAs)...
  [J2234+0944] white noise for S-wide_PUPPI (2532 TOAs)...
  [J2302+4442] zeroing residuals...
  [J2302+4442] adding red noise...
  [J2302+4442] white noise for Rcvr_800_GUPPI (6432 TOAs)...
  [J2302+4442] white noise for Rcvr1_2_GUPPI (3779 TOAs)...
  [J2317+1439] zeroing residuals...
  [J2317+1439] adding red noise...
  [J2317+1439] white noise for 327_ASP (413 TOAs)...
  [J2317+1439] white noise for 430_PUPPI (3217 TOAs)...
  [J2317+1439] white noise for L-wide_PUPPI (9563 TOAs)...
  [J2317+1439] white noise for 327_PUPPI (276 TOAs)...
  [J2317+1439] white noise for 430_ASP (458 TOAs)...
  [J2322+2057] zeroing residuals...
  [J2322+2057] adding red noise...
  [J2322+2057] white noise for L-wide_PUPPI (2196 TOAs)...
  [J2322+2057] white noise for 430_PUPPI (752 TOAs)...
  [J2322+2057] white noise for S-wide_PUPPI (140 TOAs)...
Resetting pulsars to clean stoas...
Restore: 0.00 s
Inject: 0.00 s
Snapshotting into enterprise Pulsar objects...
Building PTA...
PTA build: 399.03 s
Computing optimal statistic...
OS time: 43.91 s
Total: 442.95 s
Noise-only SNR baseline: 0.2547

Generating SNR-consistent population...
Target SNR: 4.0
Resetting pulsars to clean stoas...
Restore: 0.00 s
Injecting population...
  B1855+09: RMS = 886.911 ns
  B1937+21: RMS = 1428.909 ns
  B1953+29: RMS = 2678.540 ns
  J0023+0923: RMS = 582.495 ns
  J0030+0451: RMS = 1097.364 ns
  J0340+4130: RMS = 2166.770 ns
  J0406+3039: RMS = 507.902 ns
  J0437-4715: RMS = 1671.327 ns
  J0509+0856: RMS = 2267.801 ns
  J0557+1551: RMS = 1727.615 ns
  J0605+3757: RMS = 874.974 ns
  J0610-2100: RMS = 1365.443 ns
  J0613-0200: RMS = 732.057 ns
  J0636+5128: RMS = 901.827 ns
  J0645+5158: RMS = 1011.460 ns
  J0709+0458: RMS = 1775.160 ns
  J0740+6620: RMS = 1040.721 ns
  J0931-1902: RMS = 1247.882 ns
  J1012+5307: RMS = 1253.763 ns
  J1012-4235: RMS = 1126.344 ns
  J1022+1001: RMS = 756.694 ns
  J1024-0719: RMS = 764.580 ns
  J1125+7819: RMS = 1243.793 ns
  J1312+0051: RMS = 970.715 ns
  J1453+1902: RMS = 1096.727 ns
  J1455-3330: RMS = 803.437 ns
  J1600-3053: RMS = 1487.310 ns
  J1614-2230: RMS = 1868.067 ns
  J1630+3734: RMS = 859.742 ns
  J1640+2224: RMS = 1144.089 ns
  J1643-1224: RMS = 1418.803 ns
  J1705-1903: RMS = 836.931 ns
  J1713+0747: RMS = 1570.124 ns
  J1719-1438: RMS = 1056.950 ns
  J1730-2304: RMS = 423.715 ns
  J1738+0333: RMS = 1312.598 ns
  J1741+1351: RMS = 1834.465 ns
  J1744-1134: RMS = 1418.976 ns
  J1745+1017: RMS = 1685.354 ns
  J1747-4036: RMS = 1740.234 ns
  J1751-2857: RMS = 242.881 ns
  J1802-2124: RMS = 383.307 ns
  J1811-2405: RMS = 519.625 ns
  J1832-0836: RMS = 366.440 ns
  J1843-1113: RMS = 83.874 ns
  J1853+1303: RMS = 1263.584 ns
  J1903+0327: RMS = 775.006 ns
  J1909-3744: RMS = 1722.412 ns
  J1910+1256: RMS = 1057.445 ns
  J1911+1347: RMS = 1423.034 ns
  J1918-0642: RMS = 1345.345 ns
  J1923+2515: RMS = 1855.003 ns
  J1944+0907: RMS = 985.262 ns
  J1946+3417: RMS = 2364.888 ns
  J2010-1323: RMS = 1780.462 ns
  J2017+0603: RMS = 990.634 ns
  J2033+1734: RMS = 1220.899 ns
  J2043+1711: RMS = 1912.827 ns
  J2124-3358: RMS = 497.164 ns
  J2145-0750: RMS = 806.084 ns
  J2214+3000: RMS = 519.541 ns
  J2229+2643: RMS = 385.998 ns
  J2234+0611: RMS = 1290.223 ns
  J2234+0944: RMS = 829.960 ns
  J2302+4442: RMS = 911.030 ns
  J2317+1439: RMS = 859.167 ns
  J2322+2057: RMS = 418.167 ns
Inject: 145.87 s
Snapshotting into enterprise Pulsar objects...
Building PTA...
PTA build: 398.22 s
Computing optimal statistic...
OS time: 42.30 s
Total: 586.39 s
Initial SNR: 8.9216, Target SNR: 4.0000
  Initial SNR 8.9216 outside of provided SNR_range [3.5, 4.25] — rescaling.
Scaling distances by factor 1.5212 to achieve target SNR...
Resetting pulsars to clean stoas...
Restore: 0.01 s
Injecting population...
  B1855+09: RMS = 583.033 ns
  B1937+21: RMS = 939.329 ns
  B1953+29: RMS = 1760.806 ns
  J0023+0923: RMS = 382.918 ns
  J0030+0451: RMS = 721.380 ns
  J0340+4130: RMS = 1424.382 ns
  J0406+3039: RMS = 333.882 ns
  J0437-4715: RMS = 1098.689 ns
  J0509+0856: RMS = 1490.797 ns
  J0557+1551: RMS = 1135.692 ns
  J0605+3757: RMS = 575.186 ns
  J0610-2100: RMS = 897.608 ns
  J0613-0200: RMS = 481.236 ns
  J0636+5128: RMS = 592.839 ns
  J0645+5158: RMS = 664.909 ns
  J0709+0458: RMS = 1166.946 ns
  J0740+6620: RMS = 684.145 ns
  J0931-1902: RMS = 820.327 ns
  J1012+5307: RMS = 824.193 ns
  J1012-4235: RMS = 740.431 ns
  J1022+1001: RMS = 497.432 ns
  J1024-0719: RMS = 502.616 ns
  J1125+7819: RMS = 817.639 ns
  J1312+0051: RMS = 638.124 ns
  J1453+1902: RMS = 720.961 ns
  J1455-3330: RMS = 528.160 ns
  J1600-3053: RMS = 977.721 ns
  J1614-2230: RMS = 1228.021 ns
  J1630+3734: RMS = 565.173 ns
  J1640+2224: RMS = 752.096 ns
  J1643-1224: RMS = 932.687 ns
  J1705-1903: RMS = 550.178 ns
  J1713+0747: RMS = 1032.161 ns
  J1719-1438: RMS = 694.813 ns
  J1730-2304: RMS = 278.540 ns
  J1738+0333: RMS = 862.869 ns
  J1741+1351: RMS = 1205.932 ns
  J1744-1134: RMS = 932.800 ns
  J1745+1017: RMS = 1107.910 ns
  J1747-4036: RMS = 1143.987 ns
  J1751-2857: RMS = 159.664 ns
  J1802-2124: RMS = 251.977 ns
  J1811-2405: RMS = 341.588 ns
  J1832-0836: RMS = 240.889 ns
  J1843-1113: RMS = 55.137 ns
  J1853+1303: RMS = 830.649 ns
  J1903+0327: RMS = 509.470 ns
  J1909-3744: RMS = 1132.271 ns
  J1910+1256: RMS = 695.139 ns
  J1911+1347: RMS = 935.468 ns
  J1918-0642: RMS = 884.396 ns
  J1923+2515: RMS = 1219.433 ns
  J1944+0907: RMS = 647.687 ns
  J1946+3417: RMS = 1554.619 ns
  J2010-1323: RMS = 1170.432 ns
  J2017+0603: RMS = 651.218 ns
  J2033+1734: RMS = 802.589 ns
  J2043+1711: RMS = 1257.445 ns
  J2124-3358: RMS = 326.823 ns
  J2145-0750: RMS = 529.899 ns
  J2214+3000: RMS = 341.534 ns
  J2229+2643: RMS = 253.746 ns
  J2234+0611: RMS = 848.161 ns
  J2234+0944: RMS = 545.595 ns
  J2302+4442: RMS = 598.889 ns
  J2317+1439: RMS = 564.795 ns
  J2322+2057: RMS = 274.893 ns
Inject: 170.51 s
Snapshotting into enterprise Pulsar objects...
Building PTA...
PTA build: 399.70 s
Computing optimal statistic...
OS time: 45.30 s
Total: 615.52 s
  ✓ SNR is within the provided SNR_range: 3.6920 ∈ [3.5, 4.25]

Final SNR history:
  it 0: cumulative_scale=1.0000×  SNR=8.9216
  it 1: cumulative_scale=1.5212×  SNR=3.6920
✓ Simulation 1 done (1236.7 s)

======================================================================
ENSEMBLE SUMMARY
======================================================================
Success rate: 100.0% (1/1)

Binaries per population:
  Mean ± std : 10000000 ± 0
  Range      : [10000000, 10000000]

SNR achieved:
  Mean ± std : 3.6920 ± 0.0000
  Range      : [3.6920, 3.6920]

Total time: 1718.5 s (28.6 min)
======================================================================

💾 Saved: data/2026-04-29/pessimistic_run_100/consistent_population_pessimistic_targetSNR4.25_sims1.json
💾 Saved compressed pickle: data/2026-04-29/pessimistic_run_100/consistent_population_pessimistic_targetSNR4.25_sims1.pkl.gz

======================================================================
CONTINUOUS WAVE SNR ANALYSIS
======================================================================

--- Population 1 ---
Precomputation of phiinvs, TNTs, Ts, Nvecs, Sigmas took 0.03 seconds.
Total SNR computation for population took 312.47 seconds.
Top 50 CGW candidates:
   1. proxy_rank=   3  sky_w=1.22  f=7.08e-09 Hz  Mc=1.47e+09 Msun  h0=4.28e-15  SNR=6.659
   2. proxy_rank= 556  sky_w=1.21  f=2.10e-08 Hz  Mc=3.68e+09 Msun  h0=2.59e-15  SNR=4.445
   3. proxy_rank= 327  sky_w=1.31  f=1.75e-08 Hz  Mc=3.10e+09 Msun  h0=2.37e-15  SNR=3.129
   4. proxy_rank= 146  sky_w=1.17  f=7.67e-09 Hz  Mc=4.47e+09 Msun  h0=1.40e-15  SNR=2.372
   5. proxy_rank= 972  sky_w=1.48  f=1.63e-08 Hz  Mc=3.07e+09 Msun  h0=1.36e-15  SNR=2.300
   6. proxy_rank=  24  sky_w=1.60  f=6.92e-09 Hz  Mc=6.72e+09 Msun  h0=1.44e-15  SNR=2.276
   7. proxy_rank=  13  sky_w=1.38  f=5.30e-09 Hz  Mc=3.58e+09 Msun  h0=1.46e-15  SNR=2.224
   8. proxy_rank= 439  sky_w=1.49  f=8.59e-09 Hz  Mc=3.63e+09 Msun  h0=9.25e-16  SNR=1.985
   9. proxy_rank= 723  sky_w=1.61  f=9.45e-09 Hz  Mc=2.95e+09 Msun  h0=8.07e-16  SNR=1.771
  10. proxy_rank= 420  sky_w=1.53  f=1.01e-08 Hz  Mc=5.12e+09 Msun  h0=1.08e-15  SNR=1.665
  11. proxy_rank=  34  sky_w=1.37  f=4.81e-09 Hz  Mc=2.39e+09 Msun  h0=1.11e-15  SNR=1.611
  12. proxy_rank= 440  sky_w=1.16  f=7.29e-09 Hz  Mc=5.42e+09 Msun  h0=1.01e-15  SNR=1.548
  13. proxy_rank= 749  sky_w=1.56  f=1.77e-08 Hz  Mc=2.44e+09 Msun  h0=1.54e-15  SNR=1.368
  14. proxy_rank= 213  sky_w=1.29  f=6.53e-09 Hz  Mc=3.25e+09 Msun  h0=1.00e-15  SNR=1.216
  15. proxy_rank=  21  sky_w=1.02  f=4.39e-09 Hz  Mc=6.64e+09 Msun  h0=1.52e-15  SNR=1.202
  16. proxy_rank= 678  sky_w=1.42  f=9.05e-09 Hz  Mc=3.57e+09 Msun  h0=8.97e-16  SNR=1.173
  17. proxy_rank= 856  sky_w=1.59  f=7.74e-09 Hz  Mc=3.87e+09 Msun  h0=6.33e-16  SNR=1.135
  18. proxy_rank= 430  sky_w=1.17  f=5.39e-09 Hz  Mc=3.48e+09 Msun  h0=7.51e-16  SNR=1.058
  19. proxy_rank=   1  sky_w=1.58  f=2.39e-09 Hz  Mc=2.56e+09 Msun  h0=2.30e-15  SNR=0.969
  20. proxy_rank= 138  sky_w=1.30  f=4.90e-09 Hz  Mc=5.73e+09 Msun  h0=8.24e-16  SNR=0.958
  21. proxy_rank= 655  sky_w=1.55  f=6.03e-09 Hz  Mc=3.22e+09 Msun  h0=5.51e-16  SNR=0.951
  22. proxy_rank= 646  sky_w=1.31  f=5.59e-09 Hz  Mc=2.71e+09 Msun  h0=6.06e-16  SNR=0.926
  23. proxy_rank= 982  sky_w=1.48  f=7.40e-09 Hz  Mc=3.75e+09 Msun  h0=6.14e-16  SNR=0.919
  24. proxy_rank= 367  sky_w=1.38  f=6.25e-09 Hz  Mc=1.52e+09 Msun  h0=7.79e-16  SNR=0.915
  25. proxy_rank=  19  sky_w=1.23  f=3.44e-09 Hz  Mc=2.15e+09 Msun  h0=9.93e-16  SNR=0.905
  26. proxy_rank= 831  sky_w=1.56  f=6.02e-09 Hz  Mc=2.59e+09 Msun  h0=5.05e-16  SNR=0.899
  27. proxy_rank=   5  sky_w=1.55  f=3.60e-09 Hz  Mc=8.44e+09 Msun  h0=1.40e-15  SNR=0.883
  28. proxy_rank= 229  sky_w=1.40  f=7.30e-09 Hz  Mc=4.21e+09 Msun  h0=1.01e-15  SNR=0.856
  29. proxy_rank= 192  sky_w=1.49  f=4.53e-09 Hz  Mc=3.84e+09 Msun  h0=6.18e-16  SNR=0.850
  30. proxy_rank= 634  sky_w=1.59  f=6.36e-09 Hz  Mc=4.07e+09 Msun  h0=5.72e-16  SNR=0.839
  31. proxy_rank= 786  sky_w=1.23  f=5.60e-09 Hz  Mc=3.04e+09 Msun  h0=6.07e-16  SNR=0.809
  32. proxy_rank= 595  sky_w=1.48  f=7.46e-09 Hz  Mc=3.71e+09 Msun  h0=7.36e-16  SNR=0.808
  33. proxy_rank= 517  sky_w=1.37  f=5.12e-09 Hz  Mc=2.18e+09 Msun  h0=5.72e-16  SNR=0.793
  34. proxy_rank= 255  sky_w=1.44  f=4.33e-09 Hz  Mc=3.08e+09 Msun  h0=5.74e-16  SNR=0.791
  35. proxy_rank= 419  sky_w=1.20  f=6.98e-09 Hz  Mc=5.46e+09 Msun  h0=9.51e-16  SNR=0.790
  36. proxy_rank= 937  sky_w=1.62  f=5.83e-09 Hz  Mc=3.74e+09 Msun  h0=4.50e-16  SNR=0.788
  37. proxy_rank= 518  sky_w=1.08  f=4.72e-09 Hz  Mc=4.04e+09 Msun  h0=6.73e-16  SNR=0.778
  38. proxy_rank= 278  sky_w=0.71  f=4.12e-09 Hz  Mc=6.27e+09 Msun  h0=1.08e-15  SNR=0.767
  39. proxy_rank=  50  sky_w=1.02  f=3.75e-09 Hz  Mc=7.16e+09 Msun  h0=1.05e-15  SNR=0.766
  40. proxy_rank= 458  sky_w=1.36  f=5.17e-09 Hz  Mc=2.79e+09 Msun  h0=6.03e-16  SNR=0.754
  41. proxy_rank=  64  sky_w=1.40  f=3.63e-09 Hz  Mc=2.86e+09 Msun  h0=6.84e-16  SNR=0.702
  42. proxy_rank= 917  sky_w=1.34  f=5.62e-09 Hz  Mc=3.72e+09 Msun  h0=5.28e-16  SNR=0.693
  43. proxy_rank= 299  sky_w=1.11  f=4.34e-09 Hz  Mc=2.02e+09 Msun  h0=7.16e-16  SNR=0.666
  44. proxy_rank= 217  sky_w=0.61  f=5.63e-09 Hz  Mc=1.93e+09 Msun  h0=1.83e-15  SNR=0.660
  45. proxy_rank= 694  sky_w=1.30  f=5.25e-09 Hz  Mc=4.52e+09 Msun  h0=5.65e-16  SNR=0.659
  46. proxy_rank= 817  sky_w=1.50  f=4.91e-09 Hz  Mc=3.39e+09 Msun  h0=4.33e-16  SNR=0.652
  47. proxy_rank= 106  sky_w=1.27  f=3.83e-09 Hz  Mc=4.58e+09 Msun  h0=7.12e-16  SNR=0.649
  48. proxy_rank= 717  sky_w=1.61  f=4.89e-09 Hz  Mc=3.56e+09 Msun  h0=4.20e-16  SNR=0.638
  49. proxy_rank= 132  sky_w=1.12  f=4.06e-09 Hz  Mc=3.70e+09 Msun  h0=8.08e-16  SNR=0.629
  50. proxy_rank= 202  sky_w=1.55  f=4.72e-09 Hz  Mc=4.94e+09 Msun  h0=6.13e-16  SNR=0.624
💾 Saved: data/2026-04-29/pessimistic_run_100/consistent_population_pessimistic_targetSNR4.25_sims1.json
💾 Saved compressed pickle: data/2026-04-29/pessimistic_run_100/consistent_population_pessimistic_targetSNR4.25_sims1.pkl.gz
Saved to figures/cgw_analysis_pessimistic.pdf

======================================================================
ANALYSIS COMPLETE
Results saved to: data/2026-04-29/pessimistic_run_100
======================================================================

==========================================
Job finished at: Wed Apr 29 13:33:19 AEST 2026
Exit code: 0
==========================================

+------------------ Job Report: 11736889 (COMPLETED) ------------------+
| Memory (RAM)  [##################  ] 91.0% (36.4 GB peak / 40 GB)    |
| CPU           [#################   ] 88.9% average                   |
| Time          [--------->          ] 47.6% (0-00:40:28 / 0-01:25:00) |
|                                                                      |
| Lustre Filesystem:                                                   |
|   Path    Total Read    Total Write    Total IOPS                    |
|   ------  ------------  -------------  ------------                  |
|   /apps   0 B           0 B            430                           |
|   /fred   317.8 MB      6.6 MB         423                           |
|   /home   320.3 MB      0 B            10.1 K                        |
|   OS      0 B           0 B            3                             |
|                                                                      |
| Warnings:                                                            |
|   - Too much time requested                                          |
+----------------------------------------------------------------------+
