==========================================
Job ID: 11737167
Job Name: smbhb_optimistic
Node: gina12
Start Time: Wed Apr 29 13:14:55 AEST 2026
==========================================

/home/bhoulden/.conda/envs/smbhb312/share/tempo2
Working directory: /fred/oz005/users/bhoulden/SMBHB_population_injections

Loaded modules:

Starting SMBHB analysis...
==========================================

📁 Save directory: data/2026-04-29/optimistic_run_136
📝 Run name: optimistic_run_136

[MEM] Start: 235.7 MB

📡 Loading pulsars...
======================================================================
LOADING NANOGRAV PULSARS (libstempo)
======================================================================

📦 Loading from cache: nanograv_pulsars_cache.pkl
⚠ Cache load failed: Ran out of input
[DEBUG] Found 76 .par files
[tempo2Util.C:396] Warning: [MISC1] Unknown parameter in par file:  DMDATA
[tempo2Util.C:401] Warning: [DUP1] duplicated warnings have been suppressed.

WARNING: Using tempo RNAMP parameter: setting TNRedC to 100!
[observatory.C:271] Warning: Assuming site 'arecibo' means 'ao'
✓ Loaded B1855+09 (7758 TOAs)

WARNING: Using tempo RNAMP parameter: setting TNRedC to 100!
✓ Loaded B1937+21 (23023 TOAs)

WARNING: Using tempo RNAMP parameter: setting TNRedC to 100!
✓ Loaded B1937+21ao (7241 TOAs)

WARNING: Using tempo RNAMP parameter: setting TNRedC to 100!
✓ Loaded B1937+21gbt (16048 TOAs)

WARNING: Using tempo RNAMP parameter: setting TNRedC to 100!
✓ Loaded B1953+29 (5126 TOAs)
✓ Loaded J0023+0923 (15896 TOAs)

WARNING: Using tempo RNAMP parameter: setting TNRedC to 100!
✓ Loaded J0030+0451 (19571 TOAs)
✓ Loaded J0340+4130 (11093 TOAs)
✓ Loaded J0406+3039 (2446 TOAs)

WARNING: Using tempo RNAMP parameter: setting TNRedC to 100!
✓ Loaded J0437-4715 (5830 TOAs)
✓ Loaded J0509+0856 (2169 TOAs)
✓ Loaded J0557+1551 (525 TOAs)
✓ Loaded J0605+3757 (554 TOAs)

WARNING: Using tempo RNAMP parameter: setting TNRedC to 100!
✓ Loaded J0610-2100 (4885 TOAs)

WARNING: Using tempo RNAMP parameter: setting TNRedC to 100!
✓ Loaded J0613-0200 (17124 TOAs)
✓ Loaded J0614-3329 (1714 TOAs)
✓ Loaded J0636+5128 (32222 TOAs)
✓ Loaded J0645+5158 (10403 TOAs)
✓ Loaded J0709+0458 (3030 TOAs)
✓ Loaded J0740+6620 (13401 TOAs)
✓ Loaded J0931-1902 (5473 TOAs)

WARNING: Using tempo RNAMP parameter: setting TNRedC to 100!
✓ Loaded J1012+5307 (25837 TOAs)
✓ Loaded J1012-4235 (797 TOAs)
✓ Loaded J1022+1001 (3978 TOAs)
✓ Loaded J1024-0719 (12635 TOAs)
✓ Loaded J1125+7819 (8723 TOAs)
✓ Loaded J1312+0051 (1705 TOAs)
✓ Loaded J1453+1902 (2551 TOAs)
✓ Loaded J1455-3330 (10818 TOAs)

WARNING: Using tempo RNAMP parameter: setting TNRedC to 100!
✓ Loaded J1600-3053 (22955 TOAs)

WARNING: Using tempo RNAMP parameter: setting TNRedC to 100!
✓ Loaded J1600-3053gbt (19725 TOAs)

WARNING: Using tempo RNAMP parameter: setting TNRedC to 100!
✓ Loaded J1614-2230 (18445 TOAs)
✓ Loaded J1630+3734 (1815 TOAs)
✓ Loaded J1640+2224 (14066 TOAs)

WARNING: Using tempo RNAMP parameter: setting TNRedC to 100!
✓ Loaded J1643-1224 (22144 TOAs)

WARNING: Using tempo RNAMP parameter: setting TNRedC to 100!
✓ Loaded J1643-1224gbt (17932 TOAs)

WARNING: Using tempo RNAMP parameter: setting TNRedC to 100!
✓ Loaded J1705-1903 (9871 TOAs)

WARNING: Using tempo RNAMP parameter: setting TNRedC to 100!
✓ Loaded J1713+0747 (59389 TOAs)

WARNING: Using tempo RNAMP parameter: setting TNRedC to 100!
✓ Loaded J1713+0747ao (21362 TOAs)

WARNING: Using tempo RNAMP parameter: setting TNRedC to 100!
✓ Loaded J1713+0747gbt (32963 TOAs)
✓ Loaded J1719-1438 (6356 TOAs)
✓ Loaded J1730-2304 (4870 TOAs)
✓ Loaded J1738+0333 (8790 TOAs)
✓ Loaded J1741+1351 (5582 TOAs)

WARNING: Using tempo RNAMP parameter: setting TNRedC to 100!
✓ Loaded J1744-1134 (17745 TOAs)

WARNING: Using tempo RNAMP parameter: setting TNRedC to 100!
✓ Loaded J1745+1017 (3017 TOAs)

WARNING: Using tempo RNAMP parameter: setting TNRedC to 100!
✓ Loaded J1747-4036 (11055 TOAs)
✓ Loaded J1751-2857 (2025 TOAs)

WARNING: Using tempo RNAMP parameter: setting TNRedC to 100!
✓ Loaded J1802-2124 (6796 TOAs)
✓ Loaded J1811-2405 (5266 TOAs)
✓ Loaded J1832-0836 (7739 TOAs)
✓ Loaded J1843-1113 (4595 TOAs)

WARNING: Using tempo RNAMP parameter: setting TNRedC to 100!
✓ Loaded J1853+1303 (4570 TOAs)

WARNING: Using tempo RNAMP parameter: setting TNRedC to 100!
✓ Loaded J1903+0327 (6856 TOAs)

WARNING: Using tempo RNAMP parameter: setting TNRedC to 100!
✓ Loaded J1903+0327ao (6423 TOAs)

WARNING: Using tempo RNAMP parameter: setting TNRedC to 100!
✓ Loaded J1909-3744 (35037 TOAs)

WARNING: Using tempo RNAMP parameter: setting TNRedC to 100!
✓ Loaded J1909-3744gbt (31526 TOAs)
✓ Loaded J1910+1256 (6486 TOAs)
✓ Loaded J1911+1347 (3786 TOAs)
✓ Loaded J1918-0642 (18875 TOAs)
✓ Loaded J1923+2515 (3974 TOAs)
✓ Loaded J1944+0907 (5328 TOAs)

WARNING: Using tempo RNAMP parameter: setting TNRedC to 100!
✓ Loaded J1946+3417 (4743 TOAs)
✓ Loaded J2010-1323 (17077 TOAs)
✓ Loaded J2017+0603 (3512 TOAs)
✓ Loaded J2033+1734 (3847 TOAs)
✓ Loaded J2043+1711 (7397 TOAs)
✓ Loaded J2124-3358 (4982 TOAs)

WARNING: Using tempo RNAMP parameter: setting TNRedC to 100!
✓ Loaded J2145-0750 (18675 TOAs)
✓ Loaded J2214+3000 (7406 TOAs)
✓ Loaded J2229+2643 (3711 TOAs)

WARNING: Using tempo RNAMP parameter: setting TNRedC to 100!
✓ Loaded J2234+0611 (3566 TOAs)
✓ Loaded J2234+0944 (7535 TOAs)
✓ Loaded J2302+4442 (10211 TOAs)
✓ Loaded J2317+1439 (13927 TOAs)
✓ Loaded J2322+2057 (3088 TOAs)
⚠ Could not save cache: no default __reduce__ due to non-trivial __cinit__

✓ Loaded 76 pulsars
✗ Failed: 0 — []
[MEM] After loading pulsars: 8553.2 MB

🔍 Filtering pulsars...

Filtered: 76 → 67 pulsars
[MEM] After filtering pulsars: 8554.1 MB
[MEM] After garbage collection: 8554.2 MB

======================================================================
SMBHB POPULATION ANALYSIS
======================================================================

Configuration: optimistic
  Larger mass, higher spread in distance, small population
  N_binaries: 500

======================================================================
CONSISTENT POPULATION SYNTHESIS
======================================================================

======================================================================
GENERATING SNR-CONSISTENT POPULATIONS
======================================================================
Target SNR:          4.0
Simulations:         1
======================================================================


──────────────────────────────────────────────────────────────────────
SIMULATION 1/1
──────────────────────────────────────────────────────────────────────
  [B1855+09] zeroing residuals...
  [B1855+09] adding red noise...
  [B1855+09] white noise for 430_ASP (390 TOAs)...
  [B1855+09] white noise for L-wide_ASP (1178 TOAs)...
  [B1855+09] white noise for 430_PUPPI (1185 TOAs)...
  [B1855+09] white noise for L-wide_PUPPI (5005 TOAs)...
  [B1937+21] zeroing residuals...
  [B1937+21] adding red noise...
  [B1937+21] white noise for Rcvr_800_GASP (586 TOAs)...
  [B1937+21] white noise for Rcvr1_2_GUPPI (7048 TOAs)...
  [B1937+21] white noise for S-wide_PUPPI (2251 TOAs)...
  [B1937+21] white noise for L-wide_ASP (452 TOAs)...
  [B1937+21] white noise for S-wide_ASP (344 TOAs)...
  [B1937+21] white noise for Rcvr_800_GUPPI (7140 TOAs)...
  [B1937+21] white noise for Rcvr1_2_GASP (1069 TOAs)...
  [B1937+21] white noise for L-wide_PUPPI (4133 TOAs)...
  [B1953+29] zeroing residuals...
  [B1953+29] adding red noise...
  [B1953+29] white noise for L-wide_ASP (94 TOAs)...
  [B1953+29] white noise for S-wide_ASP (25 TOAs)...
  [B1953+29] white noise for 430_ASP (29 TOAs)...
  [B1953+29] white noise for 430_PUPPI (941 TOAs)...
  [B1953+29] white noise for L-wide_PUPPI (4037 TOAs)...
  [J0023+0923] zeroing residuals...
  [J0023+0923] adding red noise...
  [J0023+0923] white noise for 430_ASP (90 TOAs)...
  [J0023+0923] white noise for L-wide_ASP (119 TOAs)...
  [J0023+0923] white noise for 430_PUPPI (4564 TOAs)...
  [J0023+0923] white noise for L-wide_PUPPI (11123 TOAs)...
  [J0030+0451] zeroing residuals...
  [J0030+0451] adding red noise...
  [J0030+0451] white noise for S-wide_PUPPI (2673 TOAs)...
  [J0030+0451] white noise for L-wide_ASP (789 TOAs)...
  [J0030+0451] white noise for 430_ASP (267 TOAs)...
  [J0030+0451] white noise for 430_PUPPI (3068 TOAs)...
  [J0030+0451] white noise for L-wide_PUPPI (12774 TOAs)...
  [J0340+4130] zeroing residuals...
  [J0340+4130] adding red noise...
  [J0340+4130] white noise for Rcvr_800_GUPPI (6056 TOAs)...
  [J0340+4130] white noise for Rcvr1_2_GUPPI (5037 TOAs)...
  [J0406+3039] zeroing residuals...
  [J0406+3039] adding red noise...
  [J0406+3039] white noise for S-wide_PUPPI (575 TOAs)...
  [J0406+3039] white noise for L-wide_PUPPI (1871 TOAs)...
  [J0437-4715] zeroing residuals...
  [J0437-4715] adding red noise...
  [J0437-4715] white noise for 3GHz_YUPPI (3696 TOAs)...
  [J0437-4715] white noise for 1.5GHz_YUPPI (2134 TOAs)...
  [J0509+0856] zeroing residuals...
  [J0509+0856] adding red noise...
  [J0509+0856] white noise for S-wide_PUPPI (544 TOAs)...
  [J0509+0856] white noise for L-wide_PUPPI (1625 TOAs)...
  [J0557+1551] zeroing residuals...
  [J0557+1551] adding red noise...
  [J0557+1551] white noise for S-wide_PUPPI (58 TOAs)...
  [J0557+1551] white noise for L-wide_PUPPI (467 TOAs)...
  [J0605+3757] zeroing residuals...
  [J0605+3757] adding red noise...
  [J0605+3757] white noise for Rcvr_800_GUPPI (236 TOAs)...
  [J0605+3757] white noise for Rcvr1_2_GUPPI (318 TOAs)...
  [J0610-2100] zeroing residuals...
  [J0610-2100] adding red noise...
  [J0610-2100] white noise for Rcvr_800_GUPPI (2484 TOAs)...
  [J0610-2100] white noise for Rcvr1_2_GUPPI (2401 TOAs)...
  [J0613-0200] zeroing residuals...
  [J0613-0200] adding red noise...
  [J0613-0200] white noise for Rcvr_800_GASP (809 TOAs)...
  [J0613-0200] white noise for Rcvr_800_GUPPI (7900 TOAs)...
  [J0613-0200] white noise for Rcvr1_2_GASP (992 TOAs)...
  [J0613-0200] white noise for Rcvr1_2_GUPPI (7423 TOAs)...
  [J0636+5128] zeroing residuals...
  [J0636+5128] adding red noise...
  [J0636+5128] white noise for Rcvr_800_GUPPI (17419 TOAs)...
  [J0636+5128] white noise for Rcvr1_2_GUPPI (14803 TOAs)...
  [J0645+5158] zeroing residuals...
  [J0645+5158] adding red noise...
  [J0645+5158] white noise for Rcvr_800_GUPPI (4682 TOAs)...
  [J0645+5158] white noise for Rcvr1_2_GUPPI (5721 TOAs)...
  [J0709+0458] zeroing residuals...
  [J0709+0458] adding red noise...
  [J0709+0458] white noise for S-wide_PUPPI (595 TOAs)...
  [J0709+0458] white noise for L-wide_PUPPI (2435 TOAs)...
  [J0740+6620] zeroing residuals...
  [J0740+6620] adding red noise...
  [J0740+6620] white noise for Rcvr_800_GUPPI (5136 TOAs)...
  [J0740+6620] white noise for Rcvr1_2_GUPPI (8265 TOAs)...
  [J0931-1902] zeroing residuals...
  [J0931-1902] adding red noise...
  [J0931-1902] white noise for Rcvr_800_GUPPI (3419 TOAs)...
  [J0931-1902] white noise for Rcvr1_2_GUPPI (2054 TOAs)...
  [J1012+5307] zeroing residuals...
  [J1012+5307] adding red noise...
  [J1012+5307] white noise for Rcvr_800_GASP (1210 TOAs)...
  [J1012+5307] white noise for Rcvr_800_GUPPI (10299 TOAs)...
  [J1012+5307] white noise for Rcvr1_2_GASP (1479 TOAs)...
  [J1012+5307] white noise for Rcvr1_2_GUPPI (12849 TOAs)...
  [J1012-4235] zeroing residuals...
  [J1012-4235] adding red noise...
  [J1012-4235] white noise for Rcvr_800_GUPPI (342 TOAs)...
  [J1012-4235] white noise for Rcvr1_2_GUPPI (455 TOAs)...
  [J1022+1001] zeroing residuals...
  [J1022+1001] adding red noise...
  [J1022+1001] white noise for S-wide_PUPPI (1154 TOAs)...
  [J1022+1001] white noise for 430_PUPPI (232 TOAs)...
  [J1022+1001] white noise for L-wide_PUPPI (2592 TOAs)...
  [J1024-0719] zeroing residuals...
  [J1024-0719] adding red noise...
  [J1024-0719] white noise for Rcvr_800_GASP (51 TOAs)...
  [J1024-0719] white noise for Rcvr_800_GUPPI (5455 TOAs)...
  [J1024-0719] white noise for Rcvr1_2_GASP (43 TOAs)...
  [J1024-0719] white noise for Rcvr1_2_GUPPI (7086 TOAs)...
  [J1125+7819] zeroing residuals...
  [J1125+7819] adding red noise...
  [J1125+7819] white noise for Rcvr_800_GUPPI (4707 TOAs)...
  [J1125+7819] white noise for Rcvr1_2_GUPPI (4016 TOAs)...
  [J1312+0051] zeroing residuals...
  [J1312+0051] adding red noise...
  [J1312+0051] white noise for S-wide_PUPPI (416 TOAs)...
  [J1312+0051] white noise for L-wide_PUPPI (1289 TOAs)...
  [J1453+1902] zeroing residuals...
  [J1453+1902] adding red noise...
  [J1453+1902] white noise for S-wide_PUPPI (4 TOAs)...
  [J1453+1902] white noise for 430_PUPPI (425 TOAs)...
  [J1453+1902] white noise for L-wide_PUPPI (2122 TOAs)...
  [J1455-3330] zeroing residuals...
  [J1455-3330] adding red noise...
  [J1455-3330] white noise for Rcvr_800_GASP (479 TOAs)...
  [J1455-3330] white noise for Rcvr_800_GUPPI (4843 TOAs)...
  [J1455-3330] white noise for Rcvr1_2_GASP (564 TOAs)...
  [J1455-3330] white noise for Rcvr1_2_GUPPI (4932 TOAs)...
  [J1600-3053] zeroing residuals...
  [J1600-3053] adding red noise...
  [J1600-3053] white noise for Rcvr_800_GASP (297 TOAs)...
  [J1600-3053] white noise for Rcvr1_2_GUPPI (10168 TOAs)...
  [J1600-3053] white noise for Rcvr_800_GUPPI (8796 TOAs)...
  [J1600-3053] white noise for Rcvr1_2_GASP (457 TOAs)...
  [J1600-3053] white noise for 3GHz_YUPPI (3237 TOAs)...
  [J1614-2230] zeroing residuals...
  [J1614-2230] adding red noise...
  [J1614-2230] white noise for Rcvr_800_GASP (84 TOAs)...
  [J1614-2230] white noise for Rcvr_800_GUPPI (7768 TOAs)...
  [J1614-2230] white noise for Rcvr1_2_GASP (84 TOAs)...
  [J1614-2230] white noise for Rcvr1_2_GUPPI (10509 TOAs)...
  [J1630+3734] zeroing residuals...
  [J1630+3734] adding red noise...
  [J1630+3734] white noise for Rcvr_800_GUPPI (906 TOAs)...
  [J1630+3734] white noise for Rcvr1_2_GUPPI (909 TOAs)...
  [J1640+2224] zeroing residuals...
  [J1640+2224] adding red noise...
  [J1640+2224] white noise for 430_ASP (340 TOAs)...
  [J1640+2224] white noise for L-wide_ASP (722 TOAs)...
  [J1640+2224] white noise for 430_PUPPI (3157 TOAs)...
  [J1640+2224] white noise for L-wide_PUPPI (9847 TOAs)...
  [J1643-1224] zeroing residuals...
  [J1643-1224] adding red noise...
  [J1643-1224] white noise for Rcvr_800_GASP (559 TOAs)...
  [J1643-1224] white noise for Rcvr1_2_GUPPI (8803 TOAs)...
  [J1643-1224] white noise for Rcvr_800_GUPPI (7734 TOAs)...
  [J1643-1224] white noise for Rcvr1_2_GASP (833 TOAs)...
  [J1643-1224] white noise for 3GHz_YUPPI (4215 TOAs)...
  [J1705-1903] zeroing residuals...
  [J1705-1903] adding red noise...
  [J1705-1903] white noise for Rcvr_800_GUPPI (3521 TOAs)...
  [J1705-1903] white noise for Rcvr1_2_GUPPI (6350 TOAs)...
  [J1713+0747] zeroing residuals...
  [J1713+0747] adding red noise...
  [J1713+0747] white noise for Rcvr_800_GASP (1032 TOAs)...
  [J1713+0747] white noise for 1.5GHz_YUPPI (1461 TOAs)...
  [J1713+0747] white noise for Rcvr1_2_GUPPI (22334 TOAs)...
  [J1713+0747] white noise for S-wide_PUPPI (7482 TOAs)...
  [J1713+0747] white noise for L-wide_ASP (843 TOAs)...
  [J1713+0747] white noise for S-wide_ASP (624 TOAs)...
  [J1713+0747] white noise for Rcvr_800_GUPPI (8479 TOAs)...
  [J1713+0747] white noise for Rcvr1_2_GASP (1109 TOAs)...
  [J1713+0747] white noise for 3GHz_YUPPI (3282 TOAs)...
  [J1713+0747] white noise for L-wide_PUPPI (12743 TOAs)...
  [J1719-1438] zeroing residuals...
  [J1719-1438] adding red noise...
  [J1719-1438] white noise for Rcvr_800_GUPPI (3634 TOAs)...
  [J1719-1438] white noise for Rcvr1_2_GUPPI (2722 TOAs)...
  [J1730-2304] zeroing residuals...
  [J1730-2304] adding red noise...
  [J1730-2304] white noise for Rcvr_800_GUPPI (2503 TOAs)...
  [J1730-2304] white noise for Rcvr1_2_GUPPI (2367 TOAs)...
  [J1738+0333] zeroing residuals...
  [J1738+0333] adding red noise...
  [J1738+0333] white noise for S-wide_PUPPI (1737 TOAs)...
  [J1738+0333] white noise for L-wide_ASP (201 TOAs)...
  [J1738+0333] white noise for L-wide_PUPPI (6718 TOAs)...
  [J1738+0333] white noise for S-wide_ASP (134 TOAs)...
  [J1741+1351] zeroing residuals...
  [J1741+1351] adding red noise...
  [J1741+1351] white noise for L-wide_ASP (236 TOAs)...
  [J1741+1351] white noise for S-wide_ASP (115 TOAs)...
  [J1741+1351] white noise for 430_ASP (27 TOAs)...
  [J1741+1351] white noise for 430_PUPPI (1159 TOAs)...
  [J1741+1351] white noise for L-wide_PUPPI (4045 TOAs)...
  [J1744-1134] zeroing residuals...
  [J1744-1134] adding red noise...
  [J1744-1134] white noise for Rcvr_800_GASP (930 TOAs)...
  [J1744-1134] white noise for Rcvr_800_GUPPI (7899 TOAs)...
  [J1744-1134] white noise for Rcvr1_2_GASP (807 TOAs)...
  [J1744-1134] white noise for Rcvr1_2_GUPPI (8109 TOAs)...
  [J1745+1017] zeroing residuals...
  [J1745+1017] adding red noise...
  [J1745+1017] white noise for S-wide_PUPPI (838 TOAs)...
  [J1745+1017] white noise for L-wide_PUPPI (2179 TOAs)...
  [J1747-4036] zeroing residuals...
  [J1747-4036] adding red noise...
  [J1747-4036] white noise for Rcvr_800_GUPPI (5816 TOAs)...
  [J1747-4036] white noise for Rcvr1_2_GUPPI (5239 TOAs)...
  [J1751-2857] zeroing residuals...
  [J1751-2857] adding red noise...
  [J1751-2857] white noise for Rcvr_800_GUPPI (239 TOAs)...
  [J1751-2857] white noise for Rcvr1_2_GUPPI (1786 TOAs)...
  [J1802-2124] zeroing residuals...
  [J1802-2124] adding red noise...
  [J1802-2124] white noise for Rcvr_800_GUPPI (3565 TOAs)...
  [J1802-2124] white noise for Rcvr1_2_GUPPI (3231 TOAs)...
  [J1811-2405] zeroing residuals...
  [J1811-2405] adding red noise...
  [J1811-2405] white noise for Rcvr_800_GUPPI (2628 TOAs)...
  [J1811-2405] white noise for Rcvr1_2_GUPPI (2638 TOAs)...
  [J1832-0836] zeroing residuals...
  [J1832-0836] adding red noise...
  [J1832-0836] white noise for Rcvr_800_GUPPI (3078 TOAs)...
  [J1832-0836] white noise for Rcvr1_2_GUPPI (4661 TOAs)...
  [J1843-1113] zeroing residuals...
  [J1843-1113] adding red noise...
  [J1843-1113] white noise for Rcvr_800_GUPPI (2201 TOAs)...
  [J1843-1113] white noise for Rcvr1_2_GUPPI (2394 TOAs)...
  [J1853+1303] zeroing residuals...
  [J1853+1303] adding red noise...
  [J1853+1303] white noise for 430_ASP (24 TOAs)...
  [J1853+1303] white noise for L-wide_ASP (33 TOAs)...
  [J1853+1303] white noise for 430_PUPPI (1151 TOAs)...
  [J1853+1303] white noise for L-wide_PUPPI (3362 TOAs)...
  [J1903+0327] zeroing residuals...
  [J1903+0327] adding red noise...
  [J1903+0327] white noise for S-wide_PUPPI (2282 TOAs)...
  [J1903+0327] white noise for L-wide_ASP (139 TOAs)...
  [J1903+0327] white noise for S-wide_ASP (151 TOAs)...
  [J1903+0327] white noise for 3GHz_YUPPI (439 TOAs)...
  [J1903+0327] white noise for L-wide_PUPPI (3845 TOAs)...
  [J1909-3744] zeroing residuals...
  [J1909-3744] adding red noise...
  [J1909-3744] white noise for Rcvr_800_GASP (866 TOAs)...
  [J1909-3744] white noise for Rcvr1_2_GUPPI (20439 TOAs)...
  [J1909-3744] white noise for Rcvr_800_GUPPI (9399 TOAs)...
  [J1909-3744] white noise for Rcvr1_2_GASP (808 TOAs)...
  [J1909-3744] white noise for 3GHz_YUPPI (3525 TOAs)...
  [J1910+1256] zeroing residuals...
  [J1910+1256] adding red noise...
  [J1910+1256] white noise for S-wide_PUPPI (1857 TOAs)...
  [J1910+1256] white noise for L-wide_ASP (297 TOAs)...
  [J1910+1256] white noise for L-wide_PUPPI (4124 TOAs)...
  [J1910+1256] white noise for S-wide_ASP (208 TOAs)...
  [J1911+1347] zeroing residuals...
  [J1911+1347] adding red noise...
  [J1911+1347] white noise for 430_PUPPI (753 TOAs)...
  [J1911+1347] white noise for L-wide_PUPPI (3033 TOAs)...
  [J1918-0642] zeroing residuals...
  [J1918-0642] adding red noise...
  [J1918-0642] white noise for Rcvr_800_GASP (835 TOAs)...
  [J1918-0642] white noise for Rcvr_800_GUPPI (8352 TOAs)...
  [J1918-0642] white noise for Rcvr1_2_GASP (778 TOAs)...
  [J1918-0642] white noise for Rcvr1_2_GUPPI (8910 TOAs)...
  [J1923+2515] zeroing residuals...
  [J1923+2515] adding red noise...
  [J1923+2515] white noise for 430_ASP (10 TOAs)...
  [J1923+2515] white noise for L-wide_ASP (14 TOAs)...
  [J1923+2515] white noise for 430_PUPPI (922 TOAs)...
  [J1923+2515] white noise for L-wide_PUPPI (3028 TOAs)...
  [J1944+0907] zeroing residuals...
  [J1944+0907] adding red noise...
  [J1944+0907] white noise for L-wide_ASP (257 TOAs)...
  [J1944+0907] white noise for S-wide_ASP (116 TOAs)...
  [J1944+0907] white noise for 430_ASP (38 TOAs)...
  [J1944+0907] white noise for 430_PUPPI (1017 TOAs)...
  [J1944+0907] white noise for L-wide_PUPPI (3900 TOAs)...
  [J1946+3417] zeroing residuals...
  [J1946+3417] adding red noise...
  [J1946+3417] white noise for S-wide_PUPPI (1546 TOAs)...
  [J1946+3417] white noise for L-wide_PUPPI (3197 TOAs)...
  [J2010-1323] zeroing residuals...
  [J2010-1323] adding red noise...
  [J2010-1323] white noise for Rcvr_800_GASP (70 TOAs)...
  [J2010-1323] white noise for Rcvr_800_GUPPI (9158 TOAs)...
  [J2010-1323] white noise for Rcvr1_2_GASP (70 TOAs)...
  [J2010-1323] white noise for Rcvr1_2_GUPPI (7779 TOAs)...
  [J2017+0603] zeroing residuals...
  [J2017+0603] adding red noise...
  [J2017+0603] white noise for S-wide_PUPPI (849 TOAs)...
  [J2017+0603] white noise for L-wide_ASP (16 TOAs)...
  [J2017+0603] white noise for 430_PUPPI (78 TOAs)...
  [J2017+0603] white noise for L-wide_PUPPI (2569 TOAs)...
  [J2033+1734] zeroing residuals...
  [J2033+1734] adding red noise...
  [J2033+1734] white noise for 430_PUPPI (797 TOAs)...
  [J2033+1734] white noise for L-wide_PUPPI (3050 TOAs)...
  [J2043+1711] zeroing residuals...
  [J2043+1711] adding red noise...
  [J2043+1711] white noise for 430_ASP (30 TOAs)...
  [J2043+1711] white noise for L-wide_ASP (40 TOAs)...
  [J2043+1711] white noise for 430_PUPPI (2908 TOAs)...
  [J2043+1711] white noise for L-wide_PUPPI (4419 TOAs)...
  [J2124-3358] zeroing residuals...
  [J2124-3358] adding red noise...
  [J2124-3358] white noise for Rcvr_800_GUPPI (2025 TOAs)...
  [J2124-3358] white noise for Rcvr1_2_GUPPI (2957 TOAs)...
  [J2145-0750] zeroing residuals...
  [J2145-0750] adding red noise...
  [J2145-0750] white noise for Rcvr_800_GASP (362 TOAs)...
  [J2145-0750] white noise for Rcvr_800_GUPPI (8728 TOAs)...
  [J2145-0750] white noise for Rcvr1_2_GASP (427 TOAs)...
  [J2145-0750] white noise for Rcvr1_2_GUPPI (9158 TOAs)...
  [J2214+3000] zeroing residuals...
  [J2214+3000] adding red noise...
  [J2214+3000] white noise for S-wide_PUPPI (1568 TOAs)...
  [J2214+3000] white noise for L-wide_ASP (9 TOAs)...
  [J2214+3000] white noise for L-wide_PUPPI (5829 TOAs)...
  [J2229+2643] zeroing residuals...
  [J2229+2643] adding red noise...
  [J2229+2643] white noise for 430_PUPPI (956 TOAs)...
  [J2229+2643] white noise for L-wide_PUPPI (2755 TOAs)...
  [J2234+0611] zeroing residuals...
  [J2234+0611] adding red noise...
  [J2234+0611] white noise for 430_PUPPI (653 TOAs)...
  [J2234+0611] white noise for L-wide_PUPPI (2913 TOAs)...
  [J2234+0944] zeroing residuals...
  [J2234+0944] adding red noise...
  [J2234+0944] white noise for S-wide_PUPPI (2532 TOAs)...
  [J2234+0944] white noise for L-wide_PUPPI (5003 TOAs)...
  [J2302+4442] zeroing residuals...
  [J2302+4442] adding red noise...
  [J2302+4442] white noise for Rcvr_800_GUPPI (6432 TOAs)...
  [J2302+4442] white noise for Rcvr1_2_GUPPI (3779 TOAs)...
  [J2317+1439] zeroing residuals...
  [J2317+1439] adding red noise...
  [J2317+1439] white noise for 327_PUPPI (276 TOAs)...
  [J2317+1439] white noise for 327_ASP (413 TOAs)...
  [J2317+1439] white noise for 430_ASP (458 TOAs)...
  [J2317+1439] white noise for 430_PUPPI (3217 TOAs)...
  [J2317+1439] white noise for L-wide_PUPPI (9563 TOAs)...
  [J2322+2057] zeroing residuals...
  [J2322+2057] adding red noise...
  [J2322+2057] white noise for S-wide_PUPPI (140 TOAs)...
  [J2322+2057] white noise for 430_PUPPI (752 TOAs)...
  [J2322+2057] white noise for L-wide_PUPPI (2196 TOAs)...
Resetting pulsars to clean stoas...
Restore: 0.01 s
Inject: 0.00 s
Snapshotting into enterprise Pulsar objects...
Building PTA...
PTA build: 442.43 s
Computing optimal statistic...
OS time: 57.85 s
Total: 500.29 s
Noise-only SNR baseline: 0.5820

Generating SNR-consistent population...
Target SNR: 4.0
Resetting pulsars to clean stoas...
Restore: 0.01 s
Injecting population...
  B1855+09: RMS = 1989.768 ns
  B1937+21: RMS = 3226.238 ns
  B1953+29: RMS = 2015.171 ns
  J0023+0923: RMS = 2200.113 ns
  J0030+0451: RMS = 3174.499 ns
  J0340+4130: RMS = 1791.872 ns
  J0406+3039: RMS = 180.661 ns
  J0437-4715: RMS = 2051.695 ns
  J0509+0856: RMS = 628.217 ns
  J0557+1551: RMS = 849.681 ns
  J0605+3757: RMS = 489.691 ns
  J0610-2100: RMS = 99.820 ns
  J0613-0200: RMS = 845.796 ns
  J0636+5128: RMS = 1992.848 ns
  J0645+5158: RMS = 2343.491 ns
  J0709+0458: RMS = 475.980 ns
  J0740+6620: RMS = 2905.663 ns
  J0931-1902: RMS = 2781.232 ns
  J1012+5307: RMS = 3354.493 ns
  J1012-4235: RMS = 2896.554 ns
  J1022+1001: RMS = 2170.517 ns
  J1024-0719: RMS = 1819.983 ns
  J1125+7819: RMS = 1519.675 ns
  J1312+0051: RMS = 1315.050 ns
  J1453+1902: RMS = 5117.926 ns
  J1455-3330: RMS = 1792.183 ns
  J1600-3053: RMS = 3075.595 ns
  J1614-2230: RMS = 4974.785 ns
  J1630+3734: RMS = 1355.680 ns
  J1640+2224: RMS = 2228.289 ns
  J1643-1224: RMS = 5110.711 ns
  J1705-1903: RMS = 1125.535 ns
  J1713+0747: RMS = 3730.611 ns
  J1719-1438: RMS = 809.654 ns
  J1730-2304: RMS = 667.551 ns
  J1738+0333: RMS = 4283.058 ns
  J1741+1351: RMS = 3391.966 ns
  J1744-1134: RMS = 4391.090 ns
  J1745+1017: RMS = 2961.089 ns
  J1747-4036: RMS = 2745.322 ns
  J1751-2857: RMS = 1110.365 ns
  J1802-2124: RMS = 1409.290 ns
  J1811-2405: RMS = 1199.989 ns
  J1832-0836: RMS = 2662.326 ns
  J1843-1113: RMS = 774.742 ns
  J1853+1303: RMS = 2147.258 ns
  J1903+0327: RMS = 1631.997 ns
  J1909-3744: RMS = 5023.455 ns
  J1910+1256: RMS = 1685.194 ns
  J1911+1347: RMS = 1852.074 ns
  J1918-0642: RMS = 3479.892 ns
  J1923+2515: RMS = 2333.055 ns
  J1944+0907: RMS = 2500.627 ns
  J1946+3417: RMS = 3194.343 ns
  J2010-1323: RMS = 4675.972 ns
  J2017+0603: RMS = 4236.968 ns
  J2033+1734: RMS = 664.965 ns
  J2043+1711: RMS = 3175.449 ns
  J2124-3358: RMS = 1222.685 ns
  J2145-0750: RMS = 3728.185 ns
  J2214+3000: RMS = 2338.605 ns
  J2229+2643: RMS = 2218.430 ns
  J2234+0611: RMS = 2026.995 ns
  J2234+0944: RMS = 1672.567 ns
  J2302+4442: RMS = 805.200 ns
  J2317+1439: RMS = 2233.330 ns
  J2322+2057: RMS = 1680.439 ns
Inject: 0.56 s
Snapshotting into enterprise Pulsar objects...
Building PTA...
PTA build: 442.20 s
Computing optimal statistic...
OS time: 59.21 s
Total: 501.97 s
Initial SNR: 200.4612, Target SNR: 4.0000
  Initial SNR 200.4612 outside of provided SNR_range [3.5, 4.25] — rescaling.
Scaling distances by factor 7.6471 to achieve target SNR...
Resetting pulsars to clean stoas...
Restore: 22.54 s
Injecting population...
  B1855+09: RMS = 260.199 ns
  B1937+21: RMS = 421.891 ns
  B1953+29: RMS = 263.521 ns
  J0023+0923: RMS = 287.706 ns
  J0030+0451: RMS = 415.125 ns
  J0340+4130: RMS = 234.321 ns
  J0406+3039: RMS = 23.625 ns
  J0437-4715: RMS = 268.297 ns
  J0509+0856: RMS = 82.151 ns
  J0557+1551: RMS = 111.112 ns
  J0605+3757: RMS = 64.036 ns
  J0610-2100: RMS = 13.053 ns
  J0613-0200: RMS = 110.604 ns
  J0636+5128: RMS = 260.602 ns
  J0645+5158: RMS = 306.455 ns
  J0709+0458: RMS = 62.243 ns
  J0740+6620: RMS = 379.970 ns
  J0931-1902: RMS = 363.698 ns
  J1012+5307: RMS = 438.662 ns
  J1012-4235: RMS = 378.778 ns
  J1022+1001: RMS = 283.836 ns
  J1024-0719: RMS = 237.997 ns
  J1125+7819: RMS = 198.726 ns
  J1312+0051: RMS = 171.967 ns
  J1453+1902: RMS = 669.264 ns
  J1455-3330: RMS = 234.361 ns
  J1600-3053: RMS = 402.191 ns
  J1614-2230: RMS = 650.546 ns
  J1630+3734: RMS = 177.280 ns
  J1640+2224: RMS = 291.390 ns
  J1643-1224: RMS = 668.321 ns
  J1705-1903: RMS = 147.185 ns
  J1713+0747: RMS = 487.847 ns
  J1719-1438: RMS = 105.877 ns
  J1730-2304: RMS = 87.295 ns
  J1738+0333: RMS = 560.090 ns
  J1741+1351: RMS = 443.563 ns
  J1744-1134: RMS = 574.217 ns
  J1745+1017: RMS = 387.217 ns
  J1747-4036: RMS = 359.002 ns
  J1751-2857: RMS = 145.201 ns
  J1802-2124: RMS = 184.291 ns
  J1811-2405: RMS = 156.921 ns
  J1832-0836: RMS = 348.149 ns
  J1843-1113: RMS = 101.312 ns
  J1853+1303: RMS = 280.794 ns
  J1903+0327: RMS = 213.414 ns
  J1909-3744: RMS = 656.910 ns
  J1910+1256: RMS = 220.371 ns
  J1911+1347: RMS = 242.193 ns
  J1918-0642: RMS = 455.061 ns
  J1923+2515: RMS = 305.090 ns
  J1944+0907: RMS = 327.003 ns
  J1946+3417: RMS = 417.720 ns
  J2010-1323: RMS = 611.470 ns
  J2017+0603: RMS = 554.062 ns
  J2033+1734: RMS = 86.957 ns
  J2043+1711: RMS = 415.249 ns
  J2124-3358: RMS = 159.889 ns
  J2145-0750: RMS = 487.530 ns
  J2214+3000: RMS = 305.816 ns
  J2229+2643: RMS = 290.101 ns
  J2234+0611: RMS = 265.067 ns
  J2234+0944: RMS = 218.719 ns
  J2302+4442: RMS = 105.295 ns
  J2317+1439: RMS = 292.050 ns
  J2322+2057: RMS = 219.749 ns
Inject: 0.69 s
Snapshotting into enterprise Pulsar objects...
Building PTA...
PTA build: 457.78 s
Computing optimal statistic...
OS time: 60.16 s
Total: 541.18 s
  ✓ SNR is within the provided SNR_range: 3.6786 ∈ [3.5, 4.25]

Final SNR history:
  it 0: cumulative_scale=1.0000×  SNR=200.4612
  it 1: cumulative_scale=7.6471×  SNR=3.6786
✓ Simulation 1 done (1044.3 s)

======================================================================
ENSEMBLE SUMMARY
======================================================================
Success rate: 100.0% (1/1)

Binaries per population:
  Mean ± std : 500 ± 0
  Range      : [500, 500]

SNR achieved:
  Mean ± std : 3.6786 ± 0.0000
  Range      : [3.6786, 3.6786]

Total time: 1587.7 s (26.5 min)
======================================================================

💾 Saved: data/2026-04-29/optimistic_run_136/consistent_population_optimistic_targetSNR4.25_sims1.json
💾 Saved compressed pickle: data/2026-04-29/optimistic_run_136/consistent_population_optimistic_targetSNR4.25_sims1.pkl.gz

======================================================================
CONTINUOUS WAVE SNR ANALYSIS
======================================================================

--- Population 1 ---
Precomputation of phiinvs, TNTs, Ts, Nvecs, Sigmas took 0.04 seconds.
Total SNR computation for population took 223.57 seconds.
Top 50 CGW candidates:
   1. proxy_rank=   9  sky_w=1.56  f=5.01e-09 Hz  Mc=4.12e+10 Msun  h0=4.63e-15  SNR=7.662
   2. proxy_rank=   6  sky_w=1.21  f=3.07e-09 Hz  Mc=3.68e+10 Msun  h0=4.62e-15  SNR=3.152
   3. proxy_rank=  11  sky_w=1.12  f=3.45e-09 Hz  Mc=4.59e+10 Msun  h0=4.23e-15  SNR=2.534
   4. proxy_rank=  27  sky_w=0.86  f=5.34e-09 Hz  Mc=2.42e+10 Msun  h0=1.86e-15  SNR=1.848
   5. proxy_rank=   8  sky_w=1.59  f=2.24e-09 Hz  Mc=3.71e+10 Msun  h0=2.13e-15  SNR=1.482
   6. proxy_rank=   4  sky_w=1.20  f=2.34e-09 Hz  Mc=5.40e+10 Msun  h0=4.16e-15  SNR=1.482
   7. proxy_rank=   5  sky_w=1.24  f=2.34e-09 Hz  Mc=5.05e+10 Msun  h0=4.00e-15  SNR=1.466
   8. proxy_rank=   3  sky_w=1.31  f=2.00e-09 Hz  Mc=4.39e+10 Msun  h0=3.69e-15  SNR=1.463
   9. proxy_rank=   2  sky_w=1.38  f=2.18e-09 Hz  Mc=4.81e+10 Msun  h0=4.20e-15  SNR=1.394
  10. proxy_rank=  15  sky_w=1.30  f=2.73e-09 Hz  Mc=3.12e+10 Msun  h0=1.86e-15  SNR=1.383
  11. proxy_rank=  24  sky_w=0.87  f=5.89e-09 Hz  Mc=2.53e+10 Msun  h0=2.32e-15  SNR=1.361
  12. proxy_rank=  12  sky_w=1.19  f=2.46e-09 Hz  Mc=3.32e+10 Msun  h0=2.45e-15  SNR=1.272
  13. proxy_rank=  10  sky_w=0.97  f=2.01e-09 Hz  Mc=4.74e+10 Msun  h0=2.99e-15  SNR=1.147
  14. proxy_rank=  13  sky_w=0.88  f=3.22e-09 Hz  Mc=4.69e+10 Msun  h0=4.02e-15  SNR=1.124
  15. proxy_rank=   1  sky_w=1.08  f=2.21e-09 Hz  Mc=5.61e+10 Msun  h0=5.41e-15  SNR=1.111
  16. proxy_rank=   7  sky_w=1.52  f=2.71e-09 Hz  Mc=3.87e+10 Msun  h0=2.82e-15  SNR=0.969
  17. proxy_rank=  21  sky_w=1.22  f=5.08e-09 Hz  Mc=2.35e+10 Msun  h0=1.76e-15  SNR=0.967
  18. proxy_rank=  35  sky_w=1.10  f=5.39e-09 Hz  Mc=1.41e+10 Msun  h0=7.78e-16  SNR=0.901
  19. proxy_rank=  30  sky_w=1.20  f=3.31e-09 Hz  Mc=1.49e+10 Msun  h0=7.98e-16  SNR=0.609
  20. proxy_rank=  18  sky_w=1.20  f=2.02e-09 Hz  Mc=2.22e+10 Msun  h0=9.83e-16  SNR=0.441
  21. proxy_rank=  20  sky_w=1.10  f=2.40e-09 Hz  Mc=2.25e+10 Msun  h0=1.01e-15  SNR=0.439
  22. proxy_rank=  26  sky_w=0.88  f=4.40e-09 Hz  Mc=1.84e+10 Msun  h0=1.54e-15  SNR=0.423
  23. proxy_rank=  17  sky_w=0.84  f=2.46e-09 Hz  Mc=3.26e+10 Msun  h0=1.83e-15  SNR=0.409
  24. proxy_rank=  28  sky_w=1.46  f=3.18e-09 Hz  Mc=1.48e+10 Msun  h0=6.40e-16  SNR=0.368
  25. proxy_rank=  14  sky_w=1.30  f=1.99e-09 Hz  Mc=2.79e+10 Msun  h0=1.50e-15  SNR=0.365
  26. proxy_rank=  22  sky_w=1.16  f=2.29e-09 Hz  Mc=1.70e+10 Msun  h0=8.01e-16  SNR=0.344
  27. proxy_rank=  19  sky_w=1.40  f=2.96e-09 Hz  Mc=2.18e+10 Msun  h0=1.10e-15  SNR=0.335
  28. proxy_rank=  16  sky_w=0.79  f=2.35e-09 Hz  Mc=3.49e+10 Msun  h0=1.99e-15  SNR=0.303
  29. proxy_rank=  31  sky_w=0.93  f=2.89e-09 Hz  Mc=1.58e+10 Msun  h0=7.69e-16  SNR=0.273
  30. proxy_rank=  25  sky_w=0.50  f=2.69e-09 Hz  Mc=2.68e+10 Msun  h0=1.72e-15  SNR=0.264
  31. proxy_rank=  29  sky_w=1.26  f=1.98e-09 Hz  Mc=1.23e+10 Msun  h0=4.57e-16  SNR=0.229
  32. proxy_rank=  34  sky_w=0.72  f=3.43e-09 Hz  Mc=1.26e+10 Msun  h0=7.75e-16  SNR=0.181
  33. proxy_rank=  40  sky_w=1.19  f=2.55e-09 Hz  Mc=1.04e+10 Msun  h0=2.77e-16  SNR=0.170
  34. proxy_rank=  23  sky_w=1.25  f=2.18e-09 Hz  Mc=1.87e+10 Msun  h0=6.86e-16  SNR=0.163
  35. proxy_rank=  33  sky_w=1.58  f=2.58e-09 Hz  Mc=1.08e+10 Msun  h0=3.07e-16  SNR=0.160
  36. proxy_rank=  32  sky_w=0.98  f=2.53e-09 Hz  Mc=1.71e+10 Msun  h0=6.34e-16  SNR=0.152
  37. proxy_rank=  38  sky_w=1.57  f=2.76e-09 Hz  Mc=9.16e+09 Msun  h0=2.51e-16  SNR=0.140
  38. proxy_rank=  48  sky_w=1.59  f=2.91e-09 Hz  Mc=5.83e+09 Msun  h0=1.60e-16  SNR=0.140
  39. proxy_rank=  36  sky_w=1.30  f=2.27e-09 Hz  Mc=9.67e+09 Msun  h0=2.76e-16  SNR=0.125
  40. proxy_rank=  39  sky_w=1.13  f=2.16e-09 Hz  Mc=7.90e+09 Msun  h0=2.56e-16  SNR=0.111
  41. proxy_rank=  45  sky_w=1.60  f=4.09e-09 Hz  Mc=4.03e+09 Msun  h0=2.51e-16  SNR=0.109
  42. proxy_rank=  41  sky_w=0.89  f=2.08e-09 Hz  Mc=1.10e+10 Msun  h0=3.02e-16  SNR=0.105
  43. proxy_rank=  47  sky_w=1.21  f=2.38e-09 Hz  Mc=7.72e+09 Msun  h0=1.73e-16  SNR=0.091
  44. proxy_rank=  42  sky_w=0.90  f=1.98e-09 Hz  Mc=9.70e+09 Msun  h0=2.62e-16  SNR=0.088
  45. proxy_rank=  55  sky_w=0.56  f=3.15e-09 Hz  Mc=9.44e+09 Msun  h0=2.72e-16  SNR=0.087
  46. proxy_rank=  50  sky_w=0.80  f=3.23e-09 Hz  Mc=8.81e+09 Msun  h0=2.67e-16  SNR=0.080
  47. proxy_rank=  54  sky_w=0.65  f=2.58e-09 Hz  Mc=7.73e+09 Msun  h0=1.97e-16  SNR=0.071
  48. proxy_rank=  44  sky_w=0.53  f=2.50e-09 Hz  Mc=1.46e+10 Msun  h0=5.21e-16  SNR=0.066
  49. proxy_rank=  37  sky_w=1.45  f=2.13e-09 Hz  Mc=8.74e+09 Msun  h0=2.13e-16  SNR=0.062
  50. proxy_rank=  56  sky_w=0.59  f=2.94e-09 Hz  Mc=7.40e+09 Msun  h0=2.40e-16  SNR=0.061
💾 Saved: data/2026-04-29/optimistic_run_136/consistent_population_optimistic_targetSNR4.25_sims1.json
💾 Saved compressed pickle: data/2026-04-29/optimistic_run_136/consistent_population_optimistic_targetSNR4.25_sims1.pkl.gz
Saved to figures/cgw_analysis_optimistic.pdf

======================================================================
ANALYSIS COMPLETE
Results saved to: data/2026-04-29/optimistic_run_136
======================================================================

==========================================
Job finished at: Wed Apr 29 13:47:29 AEST 2026
Exit code: 0
==========================================

+------------------ Job Report: 11737167 (COMPLETED) ------------------+
| Memory (RAM)  [##################  ] 91.0% (30.9 GB peak / 34 GB)    |
| CPU           [###############     ] 77.3% average                   |
| Time          [-------->           ] 40.9% (0-00:32:41 / 0-01:20:00) |
|                                                                      |
| Lustre Filesystem:                                                   |
|   Path    Total Read    Total Write    Total IOPS                    |
|   ------  ------------  -------------  ------------                  |
|   /apps   0 B           0 B            415                           |
|   /fred   88 KB         256.5 KB       115                           |
|   /home   9.2 MB        0 B            2.3 K                         |
|                                                                      |
| Warnings:                                                            |
|   - Too much time requested                                          |
+----------------------------------------------------------------------+
