==========================================
Job ID: 11717770
Job Name: smbhb_optimistic
Node: dave307
Start Time: Tue Apr 28 16:24:08 AEST 2026
==========================================

/home/bhoulden/.conda/envs/smbhb312/share/tempo2
Working directory: /fred/oz005/users/bhoulden/SMBHB_population_injections

Loaded modules:

Starting SMBHB analysis...
==========================================

📁 Save directory: data/2026-04-28/optimistic_run_81
📝 Run name: optimistic_run_81

[MEM] Start: 244.0 MB

📡 Loading pulsars...
======================================================================
LOADING NANOGRAV PULSARS (libstempo)
======================================================================

📦 Loading from cache: nanograv_pulsars_cache.pkl
⚠ Cache load failed: Ran out of input
[DEBUG] Found 76 .par files
[tempo2Util.C:396] Warning: [MISC1] Unknown parameter in par file:  DMDATA
[tempo2Util.C:401] Warning: [DUP1] duplicated warnings have been suppressed.

WARNING: Using tempo RNAMP parameter: setting TNRedC to 100!
[observatory.C:271] Warning: Assuming site 'arecibo' means 'ao'
✓ Loaded B1855+09 (7758 TOAs)

WARNING: Using tempo RNAMP parameter: setting TNRedC to 100!
✓ Loaded B1937+21 (23023 TOAs)

WARNING: Using tempo RNAMP parameter: setting TNRedC to 100!
✓ Loaded B1937+21ao (7241 TOAs)

WARNING: Using tempo RNAMP parameter: setting TNRedC to 100!
✓ Loaded B1937+21gbt (16048 TOAs)

WARNING: Using tempo RNAMP parameter: setting TNRedC to 100!
✓ Loaded B1953+29 (5126 TOAs)
✓ Loaded J0023+0923 (15896 TOAs)

WARNING: Using tempo RNAMP parameter: setting TNRedC to 100!
✓ Loaded J0030+0451 (19571 TOAs)
✓ Loaded J0340+4130 (11093 TOAs)
✓ Loaded J0406+3039 (2446 TOAs)

WARNING: Using tempo RNAMP parameter: setting TNRedC to 100!
✓ Loaded J0437-4715 (5830 TOAs)
✓ Loaded J0509+0856 (2169 TOAs)
✓ Loaded J0557+1551 (525 TOAs)
✓ Loaded J0605+3757 (554 TOAs)

WARNING: Using tempo RNAMP parameter: setting TNRedC to 100!
✓ Loaded J0610-2100 (4885 TOAs)

WARNING: Using tempo RNAMP parameter: setting TNRedC to 100!
✓ Loaded J0613-0200 (17124 TOAs)
✓ Loaded J0614-3329 (1714 TOAs)
✓ Loaded J0636+5128 (32222 TOAs)
✓ Loaded J0645+5158 (10403 TOAs)
✓ Loaded J0709+0458 (3030 TOAs)
✓ Loaded J0740+6620 (13401 TOAs)
✓ Loaded J0931-1902 (5473 TOAs)

WARNING: Using tempo RNAMP parameter: setting TNRedC to 100!
✓ Loaded J1012+5307 (25837 TOAs)
✓ Loaded J1012-4235 (797 TOAs)
✓ Loaded J1022+1001 (3978 TOAs)
✓ Loaded J1024-0719 (12635 TOAs)
✓ Loaded J1125+7819 (8723 TOAs)
✓ Loaded J1312+0051 (1705 TOAs)
✓ Loaded J1453+1902 (2551 TOAs)
✓ Loaded J1455-3330 (10818 TOAs)

WARNING: Using tempo RNAMP parameter: setting TNRedC to 100!
✓ Loaded J1600-3053 (22955 TOAs)

WARNING: Using tempo RNAMP parameter: setting TNRedC to 100!
✓ Loaded J1600-3053gbt (19725 TOAs)

WARNING: Using tempo RNAMP parameter: setting TNRedC to 100!
✓ Loaded J1614-2230 (18445 TOAs)
✓ Loaded J1630+3734 (1815 TOAs)
✓ Loaded J1640+2224 (14066 TOAs)

WARNING: Using tempo RNAMP parameter: setting TNRedC to 100!
✓ Loaded J1643-1224 (22144 TOAs)

WARNING: Using tempo RNAMP parameter: setting TNRedC to 100!
✓ Loaded J1643-1224gbt (17932 TOAs)

WARNING: Using tempo RNAMP parameter: setting TNRedC to 100!
✓ Loaded J1705-1903 (9871 TOAs)

WARNING: Using tempo RNAMP parameter: setting TNRedC to 100!
✓ Loaded J1713+0747 (59389 TOAs)

WARNING: Using tempo RNAMP parameter: setting TNRedC to 100!
✓ Loaded J1713+0747ao (21362 TOAs)

WARNING: Using tempo RNAMP parameter: setting TNRedC to 100!
✓ Loaded J1713+0747gbt (32963 TOAs)
✓ Loaded J1719-1438 (6356 TOAs)
✓ Loaded J1730-2304 (4870 TOAs)
✓ Loaded J1738+0333 (8790 TOAs)
✓ Loaded J1741+1351 (5582 TOAs)

WARNING: Using tempo RNAMP parameter: setting TNRedC to 100!
✓ Loaded J1744-1134 (17745 TOAs)

WARNING: Using tempo RNAMP parameter: setting TNRedC to 100!
✓ Loaded J1745+1017 (3017 TOAs)

WARNING: Using tempo RNAMP parameter: setting TNRedC to 100!
✓ Loaded J1747-4036 (11055 TOAs)
✓ Loaded J1751-2857 (2025 TOAs)

WARNING: Using tempo RNAMP parameter: setting TNRedC to 100!
✓ Loaded J1802-2124 (6796 TOAs)
✓ Loaded J1811-2405 (5266 TOAs)
✓ Loaded J1832-0836 (7739 TOAs)
✓ Loaded J1843-1113 (4595 TOAs)

WARNING: Using tempo RNAMP parameter: setting TNRedC to 100!
✓ Loaded J1853+1303 (4570 TOAs)

WARNING: Using tempo RNAMP parameter: setting TNRedC to 100!
✓ Loaded J1903+0327 (6856 TOAs)

WARNING: Using tempo RNAMP parameter: setting TNRedC to 100!
✓ Loaded J1903+0327ao (6423 TOAs)

WARNING: Using tempo RNAMP parameter: setting TNRedC to 100!
✓ Loaded J1909-3744 (35037 TOAs)

WARNING: Using tempo RNAMP parameter: setting TNRedC to 100!
✓ Loaded J1909-3744gbt (31526 TOAs)
✓ Loaded J1910+1256 (6486 TOAs)
✓ Loaded J1911+1347 (3786 TOAs)
✓ Loaded J1918-0642 (18875 TOAs)
✓ Loaded J1923+2515 (3974 TOAs)
✓ Loaded J1944+0907 (5328 TOAs)

WARNING: Using tempo RNAMP parameter: setting TNRedC to 100!
✓ Loaded J1946+3417 (4743 TOAs)
✓ Loaded J2010-1323 (17077 TOAs)
✓ Loaded J2017+0603 (3512 TOAs)
✓ Loaded J2033+1734 (3847 TOAs)
✓ Loaded J2043+1711 (7397 TOAs)
✓ Loaded J2124-3358 (4982 TOAs)

WARNING: Using tempo RNAMP parameter: setting TNRedC to 100!
✓ Loaded J2145-0750 (18675 TOAs)
✓ Loaded J2214+3000 (7406 TOAs)
✓ Loaded J2229+2643 (3711 TOAs)

WARNING: Using tempo RNAMP parameter: setting TNRedC to 100!
✓ Loaded J2234+0611 (3566 TOAs)
✓ Loaded J2234+0944 (7535 TOAs)
✓ Loaded J2302+4442 (10211 TOAs)
✓ Loaded J2317+1439 (13927 TOAs)
✓ Loaded J2322+2057 (3088 TOAs)
⚠ Could not save cache: no default __reduce__ due to non-trivial __cinit__

✓ Loaded 76 pulsars
✗ Failed: 0 — []
[MEM] After loading pulsars: 8874.7 MB

🔍 Filtering pulsars...

Filtered: 76 → 67 pulsars
[MEM] After filtering pulsars: 8877.2 MB
[MEM] After garbage collection: 8877.2 MB

======================================================================
SMBHB POPULATION ANALYSIS
======================================================================

Configuration: optimistic
  Larger mass, higher spread in distance, small population
  N_binaries: 500

======================================================================
CONSISTENT POPULATION SYNTHESIS
======================================================================

======================================================================
GENERATING SNR-CONSISTENT POPULATIONS
======================================================================
Target SNR:          4.0
Simulations:         1
======================================================================


──────────────────────────────────────────────────────────────────────
SIMULATION 1/1
──────────────────────────────────────────────────────────────────────
  [B1855+09] zeroing residuals...
  [B1855+09] adding red noise...
  [B1855+09] white noise for L-wide_ASP (1178 TOAs)...
  [B1855+09] white noise for 430_PUPPI (1185 TOAs)...
  [B1855+09] white noise for 430_ASP (390 TOAs)...
  [B1855+09] white noise for L-wide_PUPPI (5005 TOAs)...
  [B1937+21] zeroing residuals...
  [B1937+21] adding red noise...
  [B1937+21] white noise for L-wide_ASP (452 TOAs)...
  [B1937+21] white noise for L-wide_PUPPI (4133 TOAs)...
  [B1937+21] white noise for Rcvr_800_GUPPI (7140 TOAs)...
  [B1937+21] white noise for S-wide_PUPPI (2251 TOAs)...
  [B1937+21] white noise for Rcvr_800_GASP (586 TOAs)...
  [B1937+21] white noise for S-wide_ASP (344 TOAs)...
  [B1937+21] white noise for Rcvr1_2_GUPPI (7048 TOAs)...
  [B1937+21] white noise for Rcvr1_2_GASP (1069 TOAs)...
  [B1953+29] zeroing residuals...
  [B1953+29] adding red noise...
  [B1953+29] white noise for L-wide_ASP (94 TOAs)...
  [B1953+29] white noise for 430_ASP (29 TOAs)...
  [B1953+29] white noise for L-wide_PUPPI (4037 TOAs)...
  [B1953+29] white noise for S-wide_ASP (25 TOAs)...
  [B1953+29] white noise for 430_PUPPI (941 TOAs)...
  [J0023+0923] zeroing residuals...
  [J0023+0923] adding red noise...
  [J0023+0923] white noise for L-wide_ASP (119 TOAs)...
  [J0023+0923] white noise for 430_PUPPI (4564 TOAs)...
  [J0023+0923] white noise for 430_ASP (90 TOAs)...
  [J0023+0923] white noise for L-wide_PUPPI (11123 TOAs)...
  [J0030+0451] zeroing residuals...
  [J0030+0451] adding red noise...
  [J0030+0451] white noise for L-wide_ASP (789 TOAs)...
  [J0030+0451] white noise for 430_ASP (267 TOAs)...
  [J0030+0451] white noise for L-wide_PUPPI (12774 TOAs)...
  [J0030+0451] white noise for S-wide_PUPPI (2673 TOAs)...
  [J0030+0451] white noise for 430_PUPPI (3068 TOAs)...
  [J0340+4130] zeroing residuals...
  [J0340+4130] adding red noise...
  [J0340+4130] white noise for Rcvr1_2_GUPPI (5037 TOAs)...
  [J0340+4130] white noise for Rcvr_800_GUPPI (6056 TOAs)...
  [J0406+3039] zeroing residuals...
  [J0406+3039] adding red noise...
  [J0406+3039] white noise for S-wide_PUPPI (575 TOAs)...
  [J0406+3039] white noise for L-wide_PUPPI (1871 TOAs)...
  [J0437-4715] zeroing residuals...
  [J0437-4715] adding red noise...
  [J0437-4715] white noise for 3GHz_YUPPI (3696 TOAs)...
  [J0437-4715] white noise for 1.5GHz_YUPPI (2134 TOAs)...
  [J0509+0856] zeroing residuals...
  [J0509+0856] adding red noise...
  [J0509+0856] white noise for S-wide_PUPPI (544 TOAs)...
  [J0509+0856] white noise for L-wide_PUPPI (1625 TOAs)...
  [J0557+1551] zeroing residuals...
  [J0557+1551] adding red noise...
  [J0557+1551] white noise for S-wide_PUPPI (58 TOAs)...
  [J0557+1551] white noise for L-wide_PUPPI (467 TOAs)...
  [J0605+3757] zeroing residuals...
  [J0605+3757] adding red noise...
  [J0605+3757] white noise for Rcvr1_2_GUPPI (318 TOAs)...
  [J0605+3757] white noise for Rcvr_800_GUPPI (236 TOAs)...
  [J0610-2100] zeroing residuals...
  [J0610-2100] adding red noise...
  [J0610-2100] white noise for Rcvr1_2_GUPPI (2401 TOAs)...
  [J0610-2100] white noise for Rcvr_800_GUPPI (2484 TOAs)...
  [J0613-0200] zeroing residuals...
  [J0613-0200] adding red noise...
  [J0613-0200] white noise for Rcvr1_2_GUPPI (7423 TOAs)...
  [J0613-0200] white noise for Rcvr1_2_GASP (992 TOAs)...
  [J0613-0200] white noise for Rcvr_800_GUPPI (7900 TOAs)...
  [J0613-0200] white noise for Rcvr_800_GASP (809 TOAs)...
  [J0636+5128] zeroing residuals...
  [J0636+5128] adding red noise...
  [J0636+5128] white noise for Rcvr1_2_GUPPI (14803 TOAs)...
  [J0636+5128] white noise for Rcvr_800_GUPPI (17419 TOAs)...
  [J0645+5158] zeroing residuals...
  [J0645+5158] adding red noise...
  [J0645+5158] white noise for Rcvr1_2_GUPPI (5721 TOAs)...
  [J0645+5158] white noise for Rcvr_800_GUPPI (4682 TOAs)...
  [J0709+0458] zeroing residuals...
  [J0709+0458] adding red noise...
  [J0709+0458] white noise for S-wide_PUPPI (595 TOAs)...
  [J0709+0458] white noise for L-wide_PUPPI (2435 TOAs)...
  [J0740+6620] zeroing residuals...
  [J0740+6620] adding red noise...
  [J0740+6620] white noise for Rcvr1_2_GUPPI (8265 TOAs)...
  [J0740+6620] white noise for Rcvr_800_GUPPI (5136 TOAs)...
  [J0931-1902] zeroing residuals...
  [J0931-1902] adding red noise...
  [J0931-1902] white noise for Rcvr1_2_GUPPI (2054 TOAs)...
  [J0931-1902] white noise for Rcvr_800_GUPPI (3419 TOAs)...
  [J1012+5307] zeroing residuals...
  [J1012+5307] adding red noise...
  [J1012+5307] white noise for Rcvr1_2_GUPPI (12849 TOAs)...
  [J1012+5307] white noise for Rcvr1_2_GASP (1479 TOAs)...
  [J1012+5307] white noise for Rcvr_800_GUPPI (10299 TOAs)...
  [J1012+5307] white noise for Rcvr_800_GASP (1210 TOAs)...
  [J1012-4235] zeroing residuals...
  [J1012-4235] adding red noise...
  [J1012-4235] white noise for Rcvr1_2_GUPPI (455 TOAs)...
  [J1012-4235] white noise for Rcvr_800_GUPPI (342 TOAs)...
  [J1022+1001] zeroing residuals...
  [J1022+1001] adding red noise...
  [J1022+1001] white noise for S-wide_PUPPI (1154 TOAs)...
  [J1022+1001] white noise for 430_PUPPI (232 TOAs)...
  [J1022+1001] white noise for L-wide_PUPPI (2592 TOAs)...
  [J1024-0719] zeroing residuals...
  [J1024-0719] adding red noise...
  [J1024-0719] white noise for Rcvr1_2_GUPPI (7086 TOAs)...
  [J1024-0719] white noise for Rcvr1_2_GASP (43 TOAs)...
  [J1024-0719] white noise for Rcvr_800_GUPPI (5455 TOAs)...
  [J1024-0719] white noise for Rcvr_800_GASP (51 TOAs)...
  [J1125+7819] zeroing residuals...
  [J1125+7819] adding red noise...
  [J1125+7819] white noise for Rcvr1_2_GUPPI (4016 TOAs)...
  [J1125+7819] white noise for Rcvr_800_GUPPI (4707 TOAs)...
  [J1312+0051] zeroing residuals...
  [J1312+0051] adding red noise...
  [J1312+0051] white noise for S-wide_PUPPI (416 TOAs)...
  [J1312+0051] white noise for L-wide_PUPPI (1289 TOAs)...
  [J1453+1902] zeroing residuals...
  [J1453+1902] adding red noise...
  [J1453+1902] white noise for S-wide_PUPPI (4 TOAs)...
  [J1453+1902] white noise for 430_PUPPI (425 TOAs)...
  [J1453+1902] white noise for L-wide_PUPPI (2122 TOAs)...
  [J1455-3330] zeroing residuals...
  [J1455-3330] adding red noise...
  [J1455-3330] white noise for Rcvr1_2_GUPPI (4932 TOAs)...
  [J1455-3330] white noise for Rcvr1_2_GASP (564 TOAs)...
  [J1455-3330] white noise for Rcvr_800_GUPPI (4843 TOAs)...
  [J1455-3330] white noise for Rcvr_800_GASP (479 TOAs)...
  [J1600-3053] zeroing residuals...
  [J1600-3053] adding red noise...
  [J1600-3053] white noise for Rcvr_800_GUPPI (8796 TOAs)...
  [J1600-3053] white noise for Rcvr_800_GASP (297 TOAs)...
  [J1600-3053] white noise for Rcvr1_2_GUPPI (10168 TOAs)...
  [J1600-3053] white noise for 3GHz_YUPPI (3237 TOAs)...
  [J1600-3053] white noise for Rcvr1_2_GASP (457 TOAs)...
  [J1614-2230] zeroing residuals...
  [J1614-2230] adding red noise...
  [J1614-2230] white noise for Rcvr1_2_GUPPI (10509 TOAs)...
  [J1614-2230] white noise for Rcvr1_2_GASP (84 TOAs)...
  [J1614-2230] white noise for Rcvr_800_GUPPI (7768 TOAs)...
  [J1614-2230] white noise for Rcvr_800_GASP (84 TOAs)...
  [J1630+3734] zeroing residuals...
  [J1630+3734] adding red noise...
  [J1630+3734] white noise for Rcvr1_2_GUPPI (909 TOAs)...
  [J1630+3734] white noise for Rcvr_800_GUPPI (906 TOAs)...
  [J1640+2224] zeroing residuals...
  [J1640+2224] adding red noise...
  [J1640+2224] white noise for L-wide_ASP (722 TOAs)...
  [J1640+2224] white noise for 430_PUPPI (3157 TOAs)...
  [J1640+2224] white noise for 430_ASP (340 TOAs)...
  [J1640+2224] white noise for L-wide_PUPPI (9847 TOAs)...
  [J1643-1224] zeroing residuals...
  [J1643-1224] adding red noise...
  [J1643-1224] white noise for Rcvr_800_GUPPI (7734 TOAs)...
  [J1643-1224] white noise for Rcvr_800_GASP (559 TOAs)...
  [J1643-1224] white noise for Rcvr1_2_GUPPI (8803 TOAs)...
  [J1643-1224] white noise for 3GHz_YUPPI (4215 TOAs)...
  [J1643-1224] white noise for Rcvr1_2_GASP (833 TOAs)...
  [J1705-1903] zeroing residuals...
  [J1705-1903] adding red noise...
  [J1705-1903] white noise for Rcvr1_2_GUPPI (6350 TOAs)...
  [J1705-1903] white noise for Rcvr_800_GUPPI (3521 TOAs)...
  [J1713+0747] zeroing residuals...
  [J1713+0747] adding red noise...
  [J1713+0747] white noise for L-wide_ASP (843 TOAs)...
  [J1713+0747] white noise for Rcvr1_2_GASP (1109 TOAs)...
  [J1713+0747] white noise for L-wide_PUPPI (12743 TOAs)...
  [J1713+0747] white noise for Rcvr_800_GUPPI (8479 TOAs)...
  [J1713+0747] white noise for S-wide_PUPPI (7482 TOAs)...
  [J1713+0747] white noise for Rcvr_800_GASP (1032 TOAs)...
  [J1713+0747] white noise for Rcvr1_2_GUPPI (22334 TOAs)...
  [J1713+0747] white noise for S-wide_ASP (624 TOAs)...
  [J1713+0747] white noise for 3GHz_YUPPI (3282 TOAs)...
  [J1713+0747] white noise for 1.5GHz_YUPPI (1461 TOAs)...
  [J1719-1438] zeroing residuals...
  [J1719-1438] adding red noise...
  [J1719-1438] white noise for Rcvr1_2_GUPPI (2722 TOAs)...
  [J1719-1438] white noise for Rcvr_800_GUPPI (3634 TOAs)...
  [J1730-2304] zeroing residuals...
  [J1730-2304] adding red noise...
  [J1730-2304] white noise for Rcvr1_2_GUPPI (2367 TOAs)...
  [J1730-2304] white noise for Rcvr_800_GUPPI (2503 TOAs)...
  [J1738+0333] zeroing residuals...
  [J1738+0333] adding red noise...
  [J1738+0333] white noise for S-wide_PUPPI (1737 TOAs)...
  [J1738+0333] white noise for L-wide_ASP (201 TOAs)...
  [J1738+0333] white noise for S-wide_ASP (134 TOAs)...
  [J1738+0333] white noise for L-wide_PUPPI (6718 TOAs)...
  [J1741+1351] zeroing residuals...
  [J1741+1351] adding red noise...
  [J1741+1351] white noise for L-wide_ASP (236 TOAs)...
  [J1741+1351] white noise for 430_ASP (27 TOAs)...
  [J1741+1351] white noise for L-wide_PUPPI (4045 TOAs)...
  [J1741+1351] white noise for S-wide_ASP (115 TOAs)...
  [J1741+1351] white noise for 430_PUPPI (1159 TOAs)...
  [J1744-1134] zeroing residuals...
  [J1744-1134] adding red noise...
  [J1744-1134] white noise for Rcvr1_2_GUPPI (8109 TOAs)...
  [J1744-1134] white noise for Rcvr1_2_GASP (807 TOAs)...
  [J1744-1134] white noise for Rcvr_800_GUPPI (7899 TOAs)...
  [J1744-1134] white noise for Rcvr_800_GASP (930 TOAs)...
  [J1745+1017] zeroing residuals...
  [J1745+1017] adding red noise...
  [J1745+1017] white noise for S-wide_PUPPI (838 TOAs)...
  [J1745+1017] white noise for L-wide_PUPPI (2179 TOAs)...
  [J1747-4036] zeroing residuals...
  [J1747-4036] adding red noise...
  [J1747-4036] white noise for Rcvr1_2_GUPPI (5239 TOAs)...
  [J1747-4036] white noise for Rcvr_800_GUPPI (5816 TOAs)...
  [J1751-2857] zeroing residuals...
  [J1751-2857] adding red noise...
  [J1751-2857] white noise for Rcvr1_2_GUPPI (1786 TOAs)...
  [J1751-2857] white noise for Rcvr_800_GUPPI (239 TOAs)...
  [J1802-2124] zeroing residuals...
  [J1802-2124] adding red noise...
  [J1802-2124] white noise for Rcvr1_2_GUPPI (3231 TOAs)...
  [J1802-2124] white noise for Rcvr_800_GUPPI (3565 TOAs)...
  [J1811-2405] zeroing residuals...
  [J1811-2405] adding red noise...
  [J1811-2405] white noise for Rcvr1_2_GUPPI (2638 TOAs)...
  [J1811-2405] white noise for Rcvr_800_GUPPI (2628 TOAs)...
  [J1832-0836] zeroing residuals...
  [J1832-0836] adding red noise...
  [J1832-0836] white noise for Rcvr1_2_GUPPI (4661 TOAs)...
  [J1832-0836] white noise for Rcvr_800_GUPPI (3078 TOAs)...
  [J1843-1113] zeroing residuals...
  [J1843-1113] adding red noise...
  [J1843-1113] white noise for Rcvr1_2_GUPPI (2394 TOAs)...
  [J1843-1113] white noise for Rcvr_800_GUPPI (2201 TOAs)...
  [J1853+1303] zeroing residuals...
  [J1853+1303] adding red noise...
  [J1853+1303] white noise for L-wide_ASP (33 TOAs)...
  [J1853+1303] white noise for 430_PUPPI (1151 TOAs)...
  [J1853+1303] white noise for 430_ASP (24 TOAs)...
  [J1853+1303] white noise for L-wide_PUPPI (3362 TOAs)...
  [J1903+0327] zeroing residuals...
  [J1903+0327] adding red noise...
  [J1903+0327] white noise for L-wide_ASP (139 TOAs)...
  [J1903+0327] white noise for L-wide_PUPPI (3845 TOAs)...
  [J1903+0327] white noise for S-wide_PUPPI (2282 TOAs)...
  [J1903+0327] white noise for S-wide_ASP (151 TOAs)...
  [J1903+0327] white noise for 3GHz_YUPPI (439 TOAs)...
  [J1909-3744] zeroing residuals...
  [J1909-3744] adding red noise...
  [J1909-3744] white noise for Rcvr_800_GUPPI (9399 TOAs)...
  [J1909-3744] white noise for Rcvr_800_GASP (866 TOAs)...
  [J1909-3744] white noise for Rcvr1_2_GUPPI (20439 TOAs)...
  [J1909-3744] white noise for 3GHz_YUPPI (3525 TOAs)...
  [J1909-3744] white noise for Rcvr1_2_GASP (808 TOAs)...
  [J1910+1256] zeroing residuals...
  [J1910+1256] adding red noise...
  [J1910+1256] white noise for S-wide_PUPPI (1857 TOAs)...
  [J1910+1256] white noise for L-wide_ASP (297 TOAs)...
  [J1910+1256] white noise for S-wide_ASP (208 TOAs)...
  [J1910+1256] white noise for L-wide_PUPPI (4124 TOAs)...
  [J1911+1347] zeroing residuals...
  [J1911+1347] adding red noise...
  [J1911+1347] white noise for 430_PUPPI (753 TOAs)...
  [J1911+1347] white noise for L-wide_PUPPI (3033 TOAs)...
  [J1918-0642] zeroing residuals...
  [J1918-0642] adding red noise...
  [J1918-0642] white noise for Rcvr1_2_GUPPI (8910 TOAs)...
  [J1918-0642] white noise for Rcvr1_2_GASP (778 TOAs)...
  [J1918-0642] white noise for Rcvr_800_GUPPI (8352 TOAs)...
  [J1918-0642] white noise for Rcvr_800_GASP (835 TOAs)...
  [J1923+2515] zeroing residuals...
  [J1923+2515] adding red noise...
  [J1923+2515] white noise for L-wide_ASP (14 TOAs)...
  [J1923+2515] white noise for 430_PUPPI (922 TOAs)...
  [J1923+2515] white noise for 430_ASP (10 TOAs)...
  [J1923+2515] white noise for L-wide_PUPPI (3028 TOAs)...
  [J1944+0907] zeroing residuals...
  [J1944+0907] adding red noise...
  [J1944+0907] white noise for L-wide_ASP (257 TOAs)...
  [J1944+0907] white noise for 430_ASP (38 TOAs)...
  [J1944+0907] white noise for L-wide_PUPPI (3900 TOAs)...
  [J1944+0907] white noise for S-wide_ASP (116 TOAs)...
  [J1944+0907] white noise for 430_PUPPI (1017 TOAs)...
  [J1946+3417] zeroing residuals...
  [J1946+3417] adding red noise...
  [J1946+3417] white noise for S-wide_PUPPI (1546 TOAs)...
  [J1946+3417] white noise for L-wide_PUPPI (3197 TOAs)...
  [J2010-1323] zeroing residuals...
  [J2010-1323] adding red noise...
  [J2010-1323] white noise for Rcvr1_2_GUPPI (7779 TOAs)...
  [J2010-1323] white noise for Rcvr1_2_GASP (70 TOAs)...
  [J2010-1323] white noise for Rcvr_800_GUPPI (9158 TOAs)...
  [J2010-1323] white noise for Rcvr_800_GASP (70 TOAs)...
  [J2017+0603] zeroing residuals...
  [J2017+0603] adding red noise...
  [J2017+0603] white noise for S-wide_PUPPI (849 TOAs)...
  [J2017+0603] white noise for L-wide_ASP (16 TOAs)...
  [J2017+0603] white noise for 430_PUPPI (78 TOAs)...
  [J2017+0603] white noise for L-wide_PUPPI (2569 TOAs)...
  [J2033+1734] zeroing residuals...
  [J2033+1734] adding red noise...
  [J2033+1734] white noise for 430_PUPPI (797 TOAs)...
  [J2033+1734] white noise for L-wide_PUPPI (3050 TOAs)...
  [J2043+1711] zeroing residuals...
  [J2043+1711] adding red noise...
  [J2043+1711] white noise for L-wide_ASP (40 TOAs)...
  [J2043+1711] white noise for 430_PUPPI (2908 TOAs)...
  [J2043+1711] white noise for 430_ASP (30 TOAs)...
  [J2043+1711] white noise for L-wide_PUPPI (4419 TOAs)...
  [J2124-3358] zeroing residuals...
  [J2124-3358] adding red noise...
  [J2124-3358] white noise for Rcvr1_2_GUPPI (2957 TOAs)...
  [J2124-3358] white noise for Rcvr_800_GUPPI (2025 TOAs)...
  [J2145-0750] zeroing residuals...
  [J2145-0750] adding red noise...
  [J2145-0750] white noise for Rcvr1_2_GUPPI (9158 TOAs)...
  [J2145-0750] white noise for Rcvr1_2_GASP (427 TOAs)...
  [J2145-0750] white noise for Rcvr_800_GUPPI (8728 TOAs)...
  [J2145-0750] white noise for Rcvr_800_GASP (362 TOAs)...
  [J2214+3000] zeroing residuals...
  [J2214+3000] adding red noise...
  [J2214+3000] white noise for S-wide_PUPPI (1568 TOAs)...
  [J2214+3000] white noise for L-wide_ASP (9 TOAs)...
  [J2214+3000] white noise for L-wide_PUPPI (5829 TOAs)...
  [J2229+2643] zeroing residuals...
  [J2229+2643] adding red noise...
  [J2229+2643] white noise for 430_PUPPI (956 TOAs)...
  [J2229+2643] white noise for L-wide_PUPPI (2755 TOAs)...
  [J2234+0611] zeroing residuals...
  [J2234+0611] adding red noise...
  [J2234+0611] white noise for 430_PUPPI (653 TOAs)...
  [J2234+0611] white noise for L-wide_PUPPI (2913 TOAs)...
  [J2234+0944] zeroing residuals...
  [J2234+0944] adding red noise...
  [J2234+0944] white noise for S-wide_PUPPI (2532 TOAs)...
  [J2234+0944] white noise for L-wide_PUPPI (5003 TOAs)...
  [J2302+4442] zeroing residuals...
  [J2302+4442] adding red noise...
  [J2302+4442] white noise for Rcvr1_2_GUPPI (3779 TOAs)...
  [J2302+4442] white noise for Rcvr_800_GUPPI (6432 TOAs)...
  [J2317+1439] zeroing residuals...
  [J2317+1439] adding red noise...
  [J2317+1439] white noise for 430_ASP (458 TOAs)...
  [J2317+1439] white noise for L-wide_PUPPI (9563 TOAs)...
  [J2317+1439] white noise for 327_ASP (413 TOAs)...
  [J2317+1439] white noise for 327_PUPPI (276 TOAs)...
  [J2317+1439] white noise for 430_PUPPI (3217 TOAs)...
  [J2322+2057] zeroing residuals...
  [J2322+2057] adding red noise...
  [J2322+2057] white noise for S-wide_PUPPI (140 TOAs)...
  [J2322+2057] white noise for 430_PUPPI (752 TOAs)...
  [J2322+2057] white noise for L-wide_PUPPI (2196 TOAs)...
Resetting pulsars to clean stoas...
Restore: 0.01 s
Inject: 0.00 s
Snapshotting into enterprise Pulsar objects...
Building PTA...
PTA build: 470.08 s
Computing optimal statistic...
OS time: 75.26 s
Total: 545.34 s
Noise-only SNR baseline: -0.0189

Generating SNR-consistent population...
Target SNR: 4.0
Resetting pulsars to clean stoas...
Restore: 4.59 s
Injecting population...
  B1855+09: RMS = 3944.146 ns
  B1937+21: RMS = 5110.748 ns
  B1953+29: RMS = 5794.899 ns
  J0023+0923: RMS = 3270.186 ns
  J0030+0451: RMS = 3151.285 ns
  J0340+4130: RMS = 1832.541 ns
  J0406+3039: RMS = 1135.613 ns
  J0437-4715: RMS = 258.808 ns
  J0509+0856: RMS = 854.833 ns
  J0557+1551: RMS = 1524.840 ns
  J0605+3757: RMS = 1780.047 ns
  J0610-2100: RMS = 616.824 ns
  J0613-0200: RMS = 2540.312 ns
  J0636+5128: RMS = 1709.376 ns
  J0645+5158: RMS = 2326.262 ns
  J0709+0458: RMS = 1145.231 ns
  J0740+6620: RMS = 784.524 ns
  J0931-1902: RMS = 726.986 ns
  J1012+5307: RMS = 4265.871 ns
  J1012-4235: RMS = 691.247 ns
  J1022+1001: RMS = 1608.025 ns
  J1024-0719: RMS = 909.630 ns
  J1125+7819: RMS = 1051.469 ns
  J1312+0051: RMS = 3173.924 ns
  J1453+1902: RMS = 1792.133 ns
  J1455-3330: RMS = 1228.206 ns
  J1600-3053: RMS = 1229.753 ns
  J1614-2230: RMS = 2198.928 ns
  J1630+3734: RMS = 2095.950 ns
  J1640+2224: RMS = 5205.499 ns
  J1643-1224: RMS = 1439.664 ns
  J1705-1903: RMS = 1042.979 ns
  J1713+0747: RMS = 3124.153 ns
  J1719-1438: RMS = 1136.178 ns
  J1730-2304: RMS = 886.189 ns
  J1738+0333: RMS = 2083.168 ns
  J1741+1351: RMS = 3618.491 ns
  J1744-1134: RMS = 2511.272 ns
  J1745+1017: RMS = 1262.244 ns
  J1747-4036: RMS = 2797.441 ns
  J1751-2857: RMS = 787.250 ns
  J1802-2124: RMS = 1372.940 ns
  J1811-2405: RMS = 2008.464 ns
  J1832-0836: RMS = 2919.773 ns
  J1843-1113: RMS = 2657.561 ns
  J1853+1303: RMS = 2860.507 ns
  J1903+0327: RMS = 3046.555 ns
  J1909-3744: RMS = 3440.388 ns
  J1910+1256: RMS = 3286.822 ns
  J1911+1347: RMS = 4921.691 ns
  J1918-0642: RMS = 5073.985 ns
  J1923+2515: RMS = 3433.652 ns
  J1944+0907: RMS = 4836.142 ns
  J1946+3417: RMS = 477.452 ns
  J2010-1323: RMS = 3932.442 ns
  J2017+0603: RMS = 4689.855 ns
  J2033+1734: RMS = 572.789 ns
  J2043+1711: RMS = 3234.500 ns
  J2124-3358: RMS = 347.956 ns
  J2145-0750: RMS = 3452.658 ns
  J2214+3000: RMS = 846.105 ns
  J2229+2643: RMS = 5689.032 ns
  J2234+0611: RMS = 4005.895 ns
  J2234+0944: RMS = 3474.083 ns
  J2302+4442: RMS = 5301.456 ns
  J2317+1439: RMS = 1879.202 ns
  J2322+2057: RMS = 1065.250 ns
Inject: 0.55 s
Snapshotting into enterprise Pulsar objects...
Building PTA...
PTA build: 450.84 s
Computing optimal statistic...
OS time: 56.74 s
Total: 512.71 s
Initial SNR: 2.1346, Target SNR: 4.0000
  Initial SNR 2.1346 outside of provided SNR_range [3.5, 4.25] — rescaling.
Scaling distances by factor 0.7320 to achieve target SNR...
Resetting pulsars to clean stoas...
Restore: 0.01 s
Injecting population...
  B1855+09: RMS = 5388.077 ns
  B1937+21: RMS = 6981.766 ns
  B1953+29: RMS = 7916.381 ns
  J0023+0923: RMS = 4467.384 ns
  J0030+0451: RMS = 4304.955 ns
  J0340+4130: RMS = 2503.425 ns
  J0406+3039: RMS = 1551.355 ns
  J0437-4715: RMS = 353.557 ns
  J0509+0856: RMS = 1167.784 ns
  J0557+1551: RMS = 2083.076 ns
  J0605+3757: RMS = 2431.713 ns
  J0610-2100: RMS = 842.640 ns
  J0613-0200: RMS = 3470.306 ns
  J0636+5128: RMS = 2335.170 ns
  J0645+5158: RMS = 3177.895 ns
  J0709+0458: RMS = 1564.495 ns
  J0740+6620: RMS = 1071.735 ns
  J0931-1902: RMS = 993.132 ns
  J1012+5307: RMS = 5827.584 ns
  J1012-4235: RMS = 944.309 ns
  J1022+1001: RMS = 2196.714 ns
  J1024-0719: RMS = 1242.641 ns
  J1125+7819: RMS = 1436.407 ns
  J1312+0051: RMS = 4335.881 ns
  J1453+1902: RMS = 2448.223 ns
  J1455-3330: RMS = 1677.846 ns
  J1600-3053: RMS = 1679.960 ns
  J1614-2230: RMS = 3003.944 ns
  J1630+3734: RMS = 2863.267 ns
  J1640+2224: RMS = 7111.205 ns
  J1643-1224: RMS = 1966.718 ns
  J1705-1903: RMS = 1424.808 ns
  J1713+0747: RMS = 4267.889 ns
  J1719-1438: RMS = 1552.126 ns
  J1730-2304: RMS = 1210.618 ns
  J1738+0333: RMS = 2845.805 ns
  J1741+1351: RMS = 4943.202 ns
  J1744-1134: RMS = 3430.636 ns
  J1745+1017: RMS = 1724.344 ns
  J1747-4036: RMS = 3821.569 ns
  J1751-2857: RMS = 1075.458 ns
  J1802-2124: RMS = 1875.567 ns
  J1811-2405: RMS = 2743.752 ns
  J1832-0836: RMS = 3988.686 ns
  J1843-1113: RMS = 3630.480 ns
  J1853+1303: RMS = 3907.723 ns
  J1903+0327: RMS = 4161.883 ns
  J1909-3744: RMS = 4699.897 ns
  J1910+1256: RMS = 4490.110 ns
  J1911+1347: RMS = 6723.497 ns
  J1918-0642: RMS = 6931.544 ns
  J1923+2515: RMS = 4690.695 ns
  J1944+0907: RMS = 6606.628 ns
  J1946+3417: RMS = 652.245 ns
  J2010-1323: RMS = 5372.089 ns
  J2017+0603: RMS = 6406.787 ns
  J2033+1734: RMS = 782.484 ns
  J2043+1711: RMS = 4418.633 ns
  J2124-3358: RMS = 475.341 ns
  J2145-0750: RMS = 4716.659 ns
  J2214+3000: RMS = 1155.859 ns
  J2229+2643: RMS = 7771.757 ns
  J2234+0611: RMS = 5472.432 ns
  J2234+0944: RMS = 4745.927 ns
  J2302+4442: RMS = 7242.291 ns
  J2317+1439: RMS = 2567.168 ns
  J2322+2057: RMS = 1455.233 ns
Inject: 0.96 s
Snapshotting into enterprise Pulsar objects...
Building PTA...
PTA build: 532.81 s
Computing optimal statistic...
OS time: 62.39 s
Total: 596.17 s
  SNR 10.3468 outside of provided SNR_range [3.5, 4.25] — rescaling.
[Iteration 1/4] SNR after scaling: 10.3468 (target: 4.0000)
  SNR history: it0→2.1346@1.0000x, it1→10.3468@0.7320x
  Re-scaling distances by factor 1.1688  (cumulative after: 0.8556×)
Resetting pulsars to clean stoas...
Restore: 1.25 s
Injecting population...
  B1855+09: RMS = 4609.920 ns
  B1937+21: RMS = 5973.445 ns
  B1953+29: RMS = 6773.081 ns
  J0023+0923: RMS = 3822.195 ns
  J0030+0451: RMS = 3683.224 ns
  J0340+4130: RMS = 2141.875 ns
  J0406+3039: RMS = 1327.305 ns
  J0437-4715: RMS = 302.495 ns
  J0509+0856: RMS = 999.130 ns
  J0557+1551: RMS = 1782.234 ns
  J0605+3757: RMS = 2080.520 ns
  J0610-2100: RMS = 720.945 ns
  J0613-0200: RMS = 2969.118 ns
  J0636+5128: RMS = 1997.920 ns
  J0645+5158: RMS = 2718.937 ns
  J0709+0458: RMS = 1338.547 ns
  J0740+6620: RMS = 916.953 ns
  J0931-1902: RMS = 849.702 ns
  J1012+5307: RMS = 4985.952 ns
  J1012-4235: RMS = 807.930 ns
  J1022+1001: RMS = 1879.460 ns
  J1024-0719: RMS = 1063.176 ns
  J1125+7819: RMS = 1228.958 ns
  J1312+0051: RMS = 3709.684 ns
  J1453+1902: RMS = 2094.646 ns
  J1455-3330: RMS = 1435.528 ns
  J1600-3053: RMS = 1437.337 ns
  J1614-2230: RMS = 2570.109 ns
  J1630+3734: RMS = 2449.748 ns
  J1640+2224: RMS = 6084.190 ns
  J1643-1224: RMS = 1682.680 ns
  J1705-1903: RMS = 1219.035 ns
  J1713+0747: RMS = 3651.512 ns
  J1719-1438: RMS = 1327.965 ns
  J1730-2304: RMS = 1035.778 ns
  J1738+0333: RMS = 2434.808 ns
  J1741+1351: RMS = 4229.294 ns
  J1744-1134: RMS = 2935.177 ns
  J1745+1017: RMS = 1475.311 ns
  J1747-4036: RMS = 3269.650 ns
  J1751-2857: RMS = 920.138 ns
  J1802-2124: RMS = 1604.694 ns
  J1811-2405: RMS = 2347.493 ns
  J1832-0836: RMS = 3412.632 ns
  J1843-1113: RMS = 3106.159 ns
  J1853+1303: RMS = 3343.362 ns
  J1903+0327: RMS = 3560.815 ns
  J1909-3744: RMS = 4021.128 ns
  J1910+1256: RMS = 3841.639 ns
  J1911+1347: RMS = 5752.476 ns
  J1918-0642: RMS = 5930.476 ns
  J1923+2515: RMS = 4013.255 ns
  J1944+0907: RMS = 5652.485 ns
  J1946+3417: RMS = 558.046 ns
  J2010-1323: RMS = 4596.241 ns
  J2017+0603: RMS = 5481.505 ns
  J2033+1734: RMS = 669.476 ns
  J2043+1711: RMS = 3780.485 ns
  J2124-3358: RMS = 406.691 ns
  J2145-0750: RMS = 4035.469 ns
  J2214+3000: RMS = 988.928 ns
  J2229+2643: RMS = 6649.344 ns
  J2234+0611: RMS = 4682.092 ns
  J2234+0944: RMS = 4060.510 ns
  J2302+4442: RMS = 6196.344 ns
  J2317+1439: RMS = 2196.412 ns
  J2322+2057: RMS = 1245.065 ns
Inject: 0.77 s
Snapshotting into enterprise Pulsar objects...
Building PTA...
PTA build: 495.77 s
Computing optimal statistic...
OS time: 50.53 s
Total: 548.32 s
  SNR 5.4256 outside of provided SNR_range [3.5, 4.25] — rescaling.
[Iteration 2/4] SNR after scaling: 5.4256 (target: 4.0000)
  SNR history: it0→2.1346@1.0000x, it1→10.3468@0.7320x, it2→5.4256@0.8556x
  Re-scaling distances by factor 1.0811  (cumulative after: 0.9250×)
Resetting pulsars to clean stoas...
Restore: 0.01 s
Injecting population...
  B1855+09: RMS = 4264.058 ns
  B1937+21: RMS = 5525.284 ns
  B1953+29: RMS = 6264.928 ns
  J0023+0923: RMS = 3535.433 ns
  J0030+0451: RMS = 3406.889 ns
  J0340+4130: RMS = 1981.180 ns
  J0406+3039: RMS = 1227.724 ns
  J0437-4715: RMS = 279.801 ns
  J0509+0856: RMS = 924.170 ns
  J0557+1551: RMS = 1648.521 ns
  J0605+3757: RMS = 1924.428 ns
  J0610-2100: RMS = 666.855 ns
  J0613-0200: RMS = 2746.358 ns
  J0636+5128: RMS = 1848.025 ns
  J0645+5158: RMS = 2514.947 ns
  J0709+0458: RMS = 1238.122 ns
  J0740+6620: RMS = 848.158 ns
  J0931-1902: RMS = 785.952 ns
  J1012+5307: RMS = 4611.879 ns
  J1012-4235: RMS = 747.315 ns
  J1022+1001: RMS = 1738.453 ns
  J1024-0719: RMS = 983.411 ns
  J1125+7819: RMS = 1136.755 ns
  J1312+0051: RMS = 3431.363 ns
  J1453+1902: RMS = 1937.494 ns
  J1455-3330: RMS = 1327.827 ns
  J1600-3053: RMS = 1329.500 ns
  J1614-2230: RMS = 2377.285 ns
  J1630+3734: RMS = 2265.954 ns
  J1640+2224: RMS = 5627.721 ns
  J1643-1224: RMS = 1556.437 ns
  J1705-1903: RMS = 1127.576 ns
  J1713+0747: RMS = 3377.555 ns
  J1719-1438: RMS = 1228.334 ns
  J1730-2304: RMS = 958.068 ns
  J1738+0333: RMS = 2252.135 ns
  J1741+1351: RMS = 3911.990 ns
  J1744-1134: RMS = 2714.964 ns
  J1745+1017: RMS = 1364.625 ns
  J1747-4036: RMS = 3024.344 ns
  J1751-2857: RMS = 851.104 ns
  J1802-2124: RMS = 1484.301 ns
  J1811-2405: RMS = 2171.372 ns
  J1832-0836: RMS = 3156.598 ns
  J1843-1113: RMS = 2873.118 ns
  J1853+1303: RMS = 3092.525 ns
  J1903+0327: RMS = 3293.663 ns
  J1909-3744: RMS = 3719.441 ns
  J1910+1256: RMS = 3553.419 ns
  J1911+1347: RMS = 5320.894 ns
  J1918-0642: RMS = 5485.540 ns
  J1923+2515: RMS = 3712.159 ns
  J1944+0907: RMS = 5228.405 ns
  J1946+3417: RMS = 516.179 ns
  J2010-1323: RMS = 4251.406 ns
  J2017+0603: RMS = 5070.253 ns
  J2033+1734: RMS = 619.248 ns
  J2043+1711: RMS = 3496.852 ns
  J2124-3358: RMS = 376.179 ns
  J2145-0750: RMS = 3732.706 ns
  J2214+3000: RMS = 914.733 ns
  J2229+2643: RMS = 6150.474 ns
  J2234+0611: RMS = 4330.816 ns
  J2234+0944: RMS = 3755.869 ns
  J2302+4442: RMS = 5731.461 ns
  J2317+1439: RMS = 2031.625 ns
  J2322+2057: RMS = 1151.654 ns
Inject: 0.67 s
Snapshotting into enterprise Pulsar objects...
Building PTA...
PTA build: 484.40 s
Computing optimal statistic...
OS time: 50.11 s
Total: 535.18 s
  ✓ SNR is within the provided SNR_range: 3.6015 ∈ [3.5, 4.25]

Final SNR history:
  it 0: cumulative_scale=1.0000×  SNR=2.1346
  it 1: cumulative_scale=0.7320×  SNR=10.3468
  it 2: cumulative_scale=0.8556×  SNR=5.4256
  it 3: cumulative_scale=0.9250×  SNR=3.6015
✓ Simulation 1 done (2194.7 s)

======================================================================
ENSEMBLE SUMMARY
======================================================================
Success rate: 100.0% (1/1)

Binaries per population:
  Mean ± std : 500 ± 0
  Range      : [500, 500]

SNR achieved:
  Mean ± std : 3.6015 ± 0.0000
  Range      : [3.6015, 3.6015]

Total time: 2783.5 s (46.4 min)
======================================================================

💾 Saved: data/2026-04-28/optimistic_run_81/consistent_population_optimistic_targetSNR4.25_sims1.json
💾 Saved compressed pickle: data/2026-04-28/optimistic_run_81/consistent_population_optimistic_targetSNR4.25_sims1.pkl.gz

======================================================================
CONTINUOUS WAVE SNR ANALYSIS
======================================================================

--- Population 1 ---
Precomputation of phiinvs, TNTs, Ts, Nvecs, Sigmas took 0.04 seconds.
Total SNR computation for population took 195.01 seconds.
Top 50 CGW candidates:
   1. proxy_rank=   3  sky_w=1.47  f=3.40e-09 Hz  Mc=4.38e+10 Msun  h0=3.50e-14  SNR=35.275
   2. proxy_rank=   4  sky_w=1.47  f=3.35e-09 Hz  Mc=2.79e+10 Msun  h0=1.72e-14  SNR=17.390
   3. proxy_rank=   2  sky_w=1.25  f=2.25e-09 Hz  Mc=5.14e+10 Msun  h0=3.01e-14  SNR=17.191
   4. proxy_rank=   1  sky_w=1.25  f=2.05e-09 Hz  Mc=5.43e+10 Msun  h0=3.27e-14  SNR=17.128
   5. proxy_rank=   8  sky_w=1.07  f=2.76e-09 Hz  Mc=1.67e+10 Msun  h0=1.49e-14  SNR=9.436
   6. proxy_rank=   9  sky_w=0.98  f=3.06e-09 Hz  Mc=2.80e+10 Msun  h0=1.41e-14  SNR=9.330
   7. proxy_rank=  31  sky_w=0.64  f=5.99e-09 Hz  Mc=1.57e+10 Msun  h0=8.54e-15  SNR=6.638
   8. proxy_rank=  22  sky_w=1.20  f=5.23e-09 Hz  Mc=1.31e+10 Msun  h0=5.39e-15  SNR=5.350
   9. proxy_rank=  10  sky_w=0.89  f=2.80e-09 Hz  Mc=2.95e+10 Msun  h0=1.39e-14  SNR=5.344
  10. proxy_rank=  14  sky_w=1.07  f=3.20e-09 Hz  Mc=1.57e+10 Msun  h0=8.12e-15  SNR=5.339
  11. proxy_rank=   7  sky_w=1.27  f=3.20e-09 Hz  Mc=2.91e+10 Msun  h0=1.50e-14  SNR=4.948
  12. proxy_rank=   5  sky_w=1.34  f=2.52e-09 Hz  Mc=3.03e+10 Msun  h0=1.35e-14  SNR=4.288
  13. proxy_rank=   6  sky_w=1.30  f=2.83e-09 Hz  Mc=2.99e+10 Msun  h0=1.42e-14  SNR=4.111
  14. proxy_rank=  24  sky_w=0.90  f=3.63e-09 Hz  Mc=1.37e+10 Msun  h0=4.78e-15  SNR=3.177
  15. proxy_rank=  17  sky_w=1.30  f=3.14e-09 Hz  Mc=1.52e+10 Msun  h0=5.07e-15  SNR=2.497
  16. proxy_rank=  15  sky_w=0.66  f=2.80e-09 Hz  Mc=2.62e+10 Msun  h0=1.14e-14  SNR=2.326
  17. proxy_rank=  16  sky_w=0.89  f=2.16e-09 Hz  Mc=1.85e+10 Msun  h0=5.86e-15  SNR=2.322
  18. proxy_rank=  38  sky_w=0.63  f=4.61e-09 Hz  Mc=1.24e+10 Msun  h0=4.80e-15  SNR=2.107
  19. proxy_rank=  19  sky_w=0.63  f=2.67e-09 Hz  Mc=2.07e+10 Msun  h0=7.53e-15  SNR=2.088
  20. proxy_rank=  12  sky_w=0.50  f=2.63e-09 Hz  Mc=3.17e+10 Msun  h0=1.68e-14  SNR=1.777
  21. proxy_rank=  18  sky_w=1.42  f=2.10e-09 Hz  Mc=1.23e+10 Msun  h0=2.81e-15  SNR=1.714
  22. proxy_rank=  13  sky_w=0.57  f=2.06e-09 Hz  Mc=2.51e+10 Msun  h0=1.01e-14  SNR=1.643
  23. proxy_rank=  20  sky_w=1.36  f=2.24e-09 Hz  Mc=1.16e+10 Msun  h0=2.65e-15  SNR=1.633
  24. proxy_rank=  35  sky_w=1.15  f=3.28e-09 Hz  Mc=8.85e+09 Msun  h0=2.08e-15  SNR=1.599
  25. proxy_rank=  26  sky_w=1.00  f=2.43e-09 Hz  Mc=1.18e+10 Msun  h0=2.74e-15  SNR=1.556
  26. proxy_rank=  11  sky_w=0.50  f=2.11e-09 Hz  Mc=2.97e+10 Msun  h0=1.43e-14  SNR=1.248
  27. proxy_rank=  30  sky_w=0.52  f=2.60e-09 Hz  Mc=1.57e+10 Msun  h0=4.62e-15  SNR=1.232
  28. proxy_rank=  42  sky_w=1.09  f=3.56e-09 Hz  Mc=6.38e+09 Msun  h0=1.43e-15  SNR=1.232
  29. proxy_rank=  21  sky_w=0.54  f=2.74e-09 Hz  Mc=1.63e+10 Msun  h0=6.28e-15  SNR=1.078
  30. proxy_rank=  25  sky_w=1.10  f=2.30e-09 Hz  Mc=1.10e+10 Msun  h0=2.44e-15  SNR=0.902
  31. proxy_rank=  36  sky_w=0.58  f=2.38e-09 Hz  Mc=1.19e+10 Msun  h0=2.77e-15  SNR=0.901
  32. proxy_rank=  28  sky_w=1.46  f=2.49e-09 Hz  Mc=8.60e+09 Msun  h0=1.82e-15  SNR=0.697
  33. proxy_rank=  33  sky_w=1.49  f=2.13e-09 Hz  Mc=7.42e+09 Msun  h0=1.19e-15  SNR=0.656
  34. proxy_rank=  29  sky_w=1.12  f=2.65e-09 Hz  Mc=1.02e+10 Msun  h0=2.32e-15  SNR=0.650
  35. proxy_rank=  23  sky_w=0.68  f=2.15e-09 Hz  Mc=1.33e+10 Msun  h0=3.82e-15  SNR=0.632
  36. proxy_rank=  66  sky_w=1.51  f=7.34e-09 Hz  Mc=2.78e+09 Msun  h0=5.57e-16  SNR=0.575
  37. proxy_rank=  48  sky_w=0.83  f=2.81e-09 Hz  Mc=5.58e+09 Msun  h0=1.10e-15  SNR=0.570
  38. proxy_rank=  27  sky_w=0.79  f=2.09e-09 Hz  Mc=1.22e+10 Msun  h0=2.84e-15  SNR=0.522
  39. proxy_rank=  46  sky_w=1.46  f=3.47e-09 Hz  Mc=3.41e+09 Msun  h0=8.25e-16  SNR=0.478
  40. proxy_rank=  52  sky_w=1.41  f=4.26e-09 Hz  Mc=3.75e+09 Msun  h0=5.90e-16  SNR=0.469
  41. proxy_rank=  47  sky_w=1.30  f=2.51e-09 Hz  Mc=4.49e+09 Msun  h0=6.51e-16  SNR=0.450
  42. proxy_rank=  44  sky_w=1.56  f=3.28e-09 Hz  Mc=4.97e+09 Msun  h0=8.74e-16  SNR=0.405
  43. proxy_rank=  51  sky_w=1.40  f=4.55e-09 Hz  Mc=4.37e+09 Msun  h0=8.23e-16  SNR=0.402
  44. proxy_rank=  34  sky_w=0.57  f=2.09e-09 Hz  Mc=1.27e+10 Msun  h0=3.04e-15  SNR=0.381
  45. proxy_rank=  41  sky_w=0.75  f=3.04e-09 Hz  Mc=7.84e+09 Msun  h0=1.81e-15  SNR=0.358
  46. proxy_rank=  45  sky_w=1.20  f=2.23e-09 Hz  Mc=5.26e+09 Msun  h0=6.96e-16  SNR=0.343
  47. proxy_rank=  54  sky_w=1.09  f=3.91e-09 Hz  Mc=4.17e+09 Msun  h0=6.71e-16  SNR=0.338
  48. proxy_rank=  80  sky_w=1.07  f=4.75e-09 Hz  Mc=2.26e+09 Msun  h0=2.86e-16  SNR=0.319
  49. proxy_rank=  78  sky_w=1.12  f=6.39e-09 Hz  Mc=2.45e+09 Msun  h0=3.79e-16  SNR=0.316
  50. proxy_rank=  37  sky_w=1.43  f=2.32e-09 Hz  Mc=6.67e+09 Msun  h0=1.07e-15  SNR=0.311
💾 Saved: data/2026-04-28/optimistic_run_81/consistent_population_optimistic_targetSNR4.25_sims1.json
💾 Saved compressed pickle: data/2026-04-28/optimistic_run_81/consistent_population_optimistic_targetSNR4.25_sims1.pkl.gz
Saved to figures/cgw_analysis_optimistic.pdf

======================================================================
ANALYSIS COMPLETE
Results saved to: data/2026-04-28/optimistic_run_81
======================================================================

==========================================
Job finished at: Tue Apr 28 17:16:58 AEST 2026
Exit code: 0
==========================================

+------------------ Job Report: 11717770 (COMPLETED) ------------------+
| Memory (RAM)  [################### ] 99.3% (31.8 GB peak / 32 GB)    |
| CPU           [###############     ] 77.0% average                   |
| Time          [--------------->    ] 75.6% (0-00:52:55 / 0-01:10:00) |
|                                                                      |
| Lustre Filesystem:                                                   |
|   Path    Total Read    Total Write    Total IOPS                    |
|   ------  ------------  -------------  ------------                  |
|   /apps   0 B           0 B            5                             |
|   /fred   216 KB        350.5 KB       36                            |
|   /home   1.3 GB        0 B            2 K                           |
|   OS      0 B           0 B            2                             |
+----------------------------------------------------------------------+
