==========================================
Job ID: 11736944
Job Name: smbhb_realistic
Node: dave310
Start Time: Wed Apr 29 12:52:56 AEST 2026
==========================================

/home/bhoulden/.conda/envs/smbhb312/share/tempo2
Working directory: /fred/oz005/users/bhoulden/SMBHB_population_injections

Loaded modules:

Starting SMBHB analysis...
==========================================

📁 Save directory: data/2026-04-29/realistic_run_144
📝 Run name: realistic_run_144

[MEM] Start: 244.0 MB

📡 Loading pulsars...
======================================================================
LOADING NANOGRAV PULSARS (libstempo)
======================================================================

📦 Loading from cache: nanograv_pulsars_cache.pkl
⚠ Cache load failed: Ran out of input
[DEBUG] Found 76 .par files
[tempo2Util.C:396] Warning: [MISC1] Unknown parameter in par file:  DMDATA
[tempo2Util.C:401] Warning: [DUP1] duplicated warnings have been suppressed.

WARNING: Using tempo RNAMP parameter: setting TNRedC to 100!
[observatory.C:271] Warning: Assuming site 'arecibo' means 'ao'
✓ Loaded B1855+09 (7758 TOAs)

WARNING: Using tempo RNAMP parameter: setting TNRedC to 100!
✓ Loaded B1937+21 (23023 TOAs)

WARNING: Using tempo RNAMP parameter: setting TNRedC to 100!
✓ Loaded B1937+21ao (7241 TOAs)

WARNING: Using tempo RNAMP parameter: setting TNRedC to 100!
✓ Loaded B1937+21gbt (16048 TOAs)

WARNING: Using tempo RNAMP parameter: setting TNRedC to 100!
✓ Loaded B1953+29 (5126 TOAs)
✓ Loaded J0023+0923 (15896 TOAs)

WARNING: Using tempo RNAMP parameter: setting TNRedC to 100!
✓ Loaded J0030+0451 (19571 TOAs)
✓ Loaded J0340+4130 (11093 TOAs)
✓ Loaded J0406+3039 (2446 TOAs)

WARNING: Using tempo RNAMP parameter: setting TNRedC to 100!
✓ Loaded J0437-4715 (5830 TOAs)
✓ Loaded J0509+0856 (2169 TOAs)
✓ Loaded J0557+1551 (525 TOAs)
✓ Loaded J0605+3757 (554 TOAs)

WARNING: Using tempo RNAMP parameter: setting TNRedC to 100!
✓ Loaded J0610-2100 (4885 TOAs)

WARNING: Using tempo RNAMP parameter: setting TNRedC to 100!
✓ Loaded J0613-0200 (17124 TOAs)
✓ Loaded J0614-3329 (1714 TOAs)
✓ Loaded J0636+5128 (32222 TOAs)
✓ Loaded J0645+5158 (10403 TOAs)
✓ Loaded J0709+0458 (3030 TOAs)
✓ Loaded J0740+6620 (13401 TOAs)
✓ Loaded J0931-1902 (5473 TOAs)

WARNING: Using tempo RNAMP parameter: setting TNRedC to 100!
✓ Loaded J1012+5307 (25837 TOAs)
✓ Loaded J1012-4235 (797 TOAs)
✓ Loaded J1022+1001 (3978 TOAs)
✓ Loaded J1024-0719 (12635 TOAs)
✓ Loaded J1125+7819 (8723 TOAs)
✓ Loaded J1312+0051 (1705 TOAs)
✓ Loaded J1453+1902 (2551 TOAs)
✓ Loaded J1455-3330 (10818 TOAs)

WARNING: Using tempo RNAMP parameter: setting TNRedC to 100!
✓ Loaded J1600-3053 (22955 TOAs)

WARNING: Using tempo RNAMP parameter: setting TNRedC to 100!
✓ Loaded J1600-3053gbt (19725 TOAs)

WARNING: Using tempo RNAMP parameter: setting TNRedC to 100!
✓ Loaded J1614-2230 (18445 TOAs)
✓ Loaded J1630+3734 (1815 TOAs)
✓ Loaded J1640+2224 (14066 TOAs)

WARNING: Using tempo RNAMP parameter: setting TNRedC to 100!
✓ Loaded J1643-1224 (22144 TOAs)

WARNING: Using tempo RNAMP parameter: setting TNRedC to 100!
✓ Loaded J1643-1224gbt (17932 TOAs)

WARNING: Using tempo RNAMP parameter: setting TNRedC to 100!
✓ Loaded J1705-1903 (9871 TOAs)

WARNING: Using tempo RNAMP parameter: setting TNRedC to 100!
✓ Loaded J1713+0747 (59389 TOAs)

WARNING: Using tempo RNAMP parameter: setting TNRedC to 100!
✓ Loaded J1713+0747ao (21362 TOAs)

WARNING: Using tempo RNAMP parameter: setting TNRedC to 100!
✓ Loaded J1713+0747gbt (32963 TOAs)
✓ Loaded J1719-1438 (6356 TOAs)
✓ Loaded J1730-2304 (4870 TOAs)
✓ Loaded J1738+0333 (8790 TOAs)
✓ Loaded J1741+1351 (5582 TOAs)

WARNING: Using tempo RNAMP parameter: setting TNRedC to 100!
✓ Loaded J1744-1134 (17745 TOAs)

WARNING: Using tempo RNAMP parameter: setting TNRedC to 100!
✓ Loaded J1745+1017 (3017 TOAs)

WARNING: Using tempo RNAMP parameter: setting TNRedC to 100!
✓ Loaded J1747-4036 (11055 TOAs)
✓ Loaded J1751-2857 (2025 TOAs)

WARNING: Using tempo RNAMP parameter: setting TNRedC to 100!
✓ Loaded J1802-2124 (6796 TOAs)
✓ Loaded J1811-2405 (5266 TOAs)
✓ Loaded J1832-0836 (7739 TOAs)
✓ Loaded J1843-1113 (4595 TOAs)

WARNING: Using tempo RNAMP parameter: setting TNRedC to 100!
✓ Loaded J1853+1303 (4570 TOAs)

WARNING: Using tempo RNAMP parameter: setting TNRedC to 100!
✓ Loaded J1903+0327 (6856 TOAs)

WARNING: Using tempo RNAMP parameter: setting TNRedC to 100!
✓ Loaded J1903+0327ao (6423 TOAs)

WARNING: Using tempo RNAMP parameter: setting TNRedC to 100!
✓ Loaded J1909-3744 (35037 TOAs)

WARNING: Using tempo RNAMP parameter: setting TNRedC to 100!
✓ Loaded J1909-3744gbt (31526 TOAs)
✓ Loaded J1910+1256 (6486 TOAs)
✓ Loaded J1911+1347 (3786 TOAs)
✓ Loaded J1918-0642 (18875 TOAs)
✓ Loaded J1923+2515 (3974 TOAs)
✓ Loaded J1944+0907 (5328 TOAs)

WARNING: Using tempo RNAMP parameter: setting TNRedC to 100!
✓ Loaded J1946+3417 (4743 TOAs)
✓ Loaded J2010-1323 (17077 TOAs)
✓ Loaded J2017+0603 (3512 TOAs)
✓ Loaded J2033+1734 (3847 TOAs)
✓ Loaded J2043+1711 (7397 TOAs)
✓ Loaded J2124-3358 (4982 TOAs)

WARNING: Using tempo RNAMP parameter: setting TNRedC to 100!
✓ Loaded J2145-0750 (18675 TOAs)
✓ Loaded J2214+3000 (7406 TOAs)
✓ Loaded J2229+2643 (3711 TOAs)

WARNING: Using tempo RNAMP parameter: setting TNRedC to 100!
✓ Loaded J2234+0611 (3566 TOAs)
✓ Loaded J2234+0944 (7535 TOAs)
✓ Loaded J2302+4442 (10211 TOAs)
✓ Loaded J2317+1439 (13927 TOAs)
✓ Loaded J2322+2057 (3088 TOAs)
⚠ Could not save cache: no default __reduce__ due to non-trivial __cinit__

✓ Loaded 76 pulsars
✗ Failed: 0 — []
[MEM] After loading pulsars: 8860.1 MB

🔍 Filtering pulsars...

Filtered: 76 → 67 pulsars
[MEM] After filtering pulsars: 8861.1 MB
[MEM] After garbage collection: 8861.1 MB

======================================================================
SMBHB POPULATION ANALYSIS
======================================================================

Configuration: realistic
  Medium mass, medium spread in distance, medium population
  N_binaries: 20000

======================================================================
CONSISTENT POPULATION SYNTHESIS
======================================================================

======================================================================
GENERATING SNR-CONSISTENT POPULATIONS
======================================================================
Target SNR:          4.0
Simulations:         1
======================================================================


──────────────────────────────────────────────────────────────────────
SIMULATION 1/1
──────────────────────────────────────────────────────────────────────
  [B1855+09] zeroing residuals...
  [B1855+09] adding red noise...
  [B1855+09] white noise for 430_ASP (390 TOAs)...
  [B1855+09] white noise for L-wide_PUPPI (5005 TOAs)...
  [B1855+09] white noise for 430_PUPPI (1185 TOAs)...
  [B1855+09] white noise for L-wide_ASP (1178 TOAs)...
  [B1937+21] zeroing residuals...
  [B1937+21] adding red noise...
  [B1937+21] white noise for Rcvr_800_GUPPI (7140 TOAs)...
  [B1937+21] white noise for S-wide_PUPPI (2251 TOAs)...
  [B1937+21] white noise for Rcvr1_2_GUPPI (7048 TOAs)...
  [B1937+21] white noise for S-wide_ASP (344 TOAs)...
  [B1937+21] white noise for Rcvr1_2_GASP (1069 TOAs)...
  [B1937+21] white noise for Rcvr_800_GASP (586 TOAs)...
  [B1937+21] white noise for L-wide_PUPPI (4133 TOAs)...
  [B1937+21] white noise for L-wide_ASP (452 TOAs)...
  [B1953+29] zeroing residuals...
  [B1953+29] adding red noise...
  [B1953+29] white noise for 430_ASP (29 TOAs)...
  [B1953+29] white noise for 430_PUPPI (941 TOAs)...
  [B1953+29] white noise for S-wide_ASP (25 TOAs)...
  [B1953+29] white noise for L-wide_PUPPI (4037 TOAs)...
  [B1953+29] white noise for L-wide_ASP (94 TOAs)...
  [J0023+0923] zeroing residuals...
  [J0023+0923] adding red noise...
  [J0023+0923] white noise for 430_ASP (90 TOAs)...
  [J0023+0923] white noise for L-wide_PUPPI (11123 TOAs)...
  [J0023+0923] white noise for 430_PUPPI (4564 TOAs)...
  [J0023+0923] white noise for L-wide_ASP (119 TOAs)...
  [J0030+0451] zeroing residuals...
  [J0030+0451] adding red noise...
  [J0030+0451] white noise for 430_ASP (267 TOAs)...
  [J0030+0451] white noise for 430_PUPPI (3068 TOAs)...
  [J0030+0451] white noise for S-wide_PUPPI (2673 TOAs)...
  [J0030+0451] white noise for L-wide_PUPPI (12774 TOAs)...
  [J0030+0451] white noise for L-wide_ASP (789 TOAs)...
  [J0340+4130] zeroing residuals...
  [J0340+4130] adding red noise...
  [J0340+4130] white noise for Rcvr1_2_GUPPI (5037 TOAs)...
  [J0340+4130] white noise for Rcvr_800_GUPPI (6056 TOAs)...
  [J0406+3039] zeroing residuals...
  [J0406+3039] adding red noise...
  [J0406+3039] white noise for L-wide_PUPPI (1871 TOAs)...
  [J0406+3039] white noise for S-wide_PUPPI (575 TOAs)...
  [J0437-4715] zeroing residuals...
  [J0437-4715] adding red noise...
  [J0437-4715] white noise for 1.5GHz_YUPPI (2134 TOAs)...
  [J0437-4715] white noise for 3GHz_YUPPI (3696 TOAs)...
  [J0509+0856] zeroing residuals...
  [J0509+0856] adding red noise...
  [J0509+0856] white noise for L-wide_PUPPI (1625 TOAs)...
  [J0509+0856] white noise for S-wide_PUPPI (544 TOAs)...
  [J0557+1551] zeroing residuals...
  [J0557+1551] adding red noise...
  [J0557+1551] white noise for L-wide_PUPPI (467 TOAs)...
  [J0557+1551] white noise for S-wide_PUPPI (58 TOAs)...
  [J0605+3757] zeroing residuals...
  [J0605+3757] adding red noise...
  [J0605+3757] white noise for Rcvr1_2_GUPPI (318 TOAs)...
  [J0605+3757] white noise for Rcvr_800_GUPPI (236 TOAs)...
  [J0610-2100] zeroing residuals...
  [J0610-2100] adding red noise...
  [J0610-2100] white noise for Rcvr1_2_GUPPI (2401 TOAs)...
  [J0610-2100] white noise for Rcvr_800_GUPPI (2484 TOAs)...
  [J0613-0200] zeroing residuals...
  [J0613-0200] adding red noise...
  [J0613-0200] white noise for Rcvr1_2_GUPPI (7423 TOAs)...
  [J0613-0200] white noise for Rcvr_800_GUPPI (7900 TOAs)...
  [J0613-0200] white noise for Rcvr1_2_GASP (992 TOAs)...
  [J0613-0200] white noise for Rcvr_800_GASP (809 TOAs)...
  [J0636+5128] zeroing residuals...
  [J0636+5128] adding red noise...
  [J0636+5128] white noise for Rcvr1_2_GUPPI (14803 TOAs)...
  [J0636+5128] white noise for Rcvr_800_GUPPI (17419 TOAs)...
  [J0645+5158] zeroing residuals...
  [J0645+5158] adding red noise...
  [J0645+5158] white noise for Rcvr1_2_GUPPI (5721 TOAs)...
  [J0645+5158] white noise for Rcvr_800_GUPPI (4682 TOAs)...
  [J0709+0458] zeroing residuals...
  [J0709+0458] adding red noise...
  [J0709+0458] white noise for L-wide_PUPPI (2435 TOAs)...
  [J0709+0458] white noise for S-wide_PUPPI (595 TOAs)...
  [J0740+6620] zeroing residuals...
  [J0740+6620] adding red noise...
  [J0740+6620] white noise for Rcvr1_2_GUPPI (8265 TOAs)...
  [J0740+6620] white noise for Rcvr_800_GUPPI (5136 TOAs)...
  [J0931-1902] zeroing residuals...
  [J0931-1902] adding red noise...
  [J0931-1902] white noise for Rcvr1_2_GUPPI (2054 TOAs)...
  [J0931-1902] white noise for Rcvr_800_GUPPI (3419 TOAs)...
  [J1012+5307] zeroing residuals...
  [J1012+5307] adding red noise...
  [J1012+5307] white noise for Rcvr1_2_GUPPI (12849 TOAs)...
  [J1012+5307] white noise for Rcvr_800_GUPPI (10299 TOAs)...
  [J1012+5307] white noise for Rcvr1_2_GASP (1479 TOAs)...
  [J1012+5307] white noise for Rcvr_800_GASP (1210 TOAs)...
  [J1012-4235] zeroing residuals...
  [J1012-4235] adding red noise...
  [J1012-4235] white noise for Rcvr1_2_GUPPI (455 TOAs)...
  [J1012-4235] white noise for Rcvr_800_GUPPI (342 TOAs)...
  [J1022+1001] zeroing residuals...
  [J1022+1001] adding red noise...
  [J1022+1001] white noise for L-wide_PUPPI (2592 TOAs)...
  [J1022+1001] white noise for 430_PUPPI (232 TOAs)...
  [J1022+1001] white noise for S-wide_PUPPI (1154 TOAs)...
  [J1024-0719] zeroing residuals...
  [J1024-0719] adding red noise...
  [J1024-0719] white noise for Rcvr1_2_GUPPI (7086 TOAs)...
  [J1024-0719] white noise for Rcvr_800_GUPPI (5455 TOAs)...
  [J1024-0719] white noise for Rcvr1_2_GASP (43 TOAs)...
  [J1024-0719] white noise for Rcvr_800_GASP (51 TOAs)...
  [J1125+7819] zeroing residuals...
  [J1125+7819] adding red noise...
  [J1125+7819] white noise for Rcvr1_2_GUPPI (4016 TOAs)...
  [J1125+7819] white noise for Rcvr_800_GUPPI (4707 TOAs)...
  [J1312+0051] zeroing residuals...
  [J1312+0051] adding red noise...
  [J1312+0051] white noise for L-wide_PUPPI (1289 TOAs)...
  [J1312+0051] white noise for S-wide_PUPPI (416 TOAs)...
  [J1453+1902] zeroing residuals...
  [J1453+1902] adding red noise...
  [J1453+1902] white noise for L-wide_PUPPI (2122 TOAs)...
  [J1453+1902] white noise for 430_PUPPI (425 TOAs)...
  [J1453+1902] white noise for S-wide_PUPPI (4 TOAs)...
  [J1455-3330] zeroing residuals...
  [J1455-3330] adding red noise...
  [J1455-3330] white noise for Rcvr1_2_GUPPI (4932 TOAs)...
  [J1455-3330] white noise for Rcvr_800_GUPPI (4843 TOAs)...
  [J1455-3330] white noise for Rcvr1_2_GASP (564 TOAs)...
  [J1455-3330] white noise for Rcvr_800_GASP (479 TOAs)...
  [J1600-3053] zeroing residuals...
  [J1600-3053] adding red noise...
  [J1600-3053] white noise for Rcvr_800_GUPPI (8796 TOAs)...
  [J1600-3053] white noise for Rcvr1_2_GUPPI (10168 TOAs)...
  [J1600-3053] white noise for Rcvr1_2_GASP (457 TOAs)...
  [J1600-3053] white noise for 3GHz_YUPPI (3237 TOAs)...
  [J1600-3053] white noise for Rcvr_800_GASP (297 TOAs)...
  [J1614-2230] zeroing residuals...
  [J1614-2230] adding red noise...
  [J1614-2230] white noise for Rcvr1_2_GUPPI (10509 TOAs)...
  [J1614-2230] white noise for Rcvr_800_GUPPI (7768 TOAs)...
  [J1614-2230] white noise for Rcvr1_2_GASP (84 TOAs)...
  [J1614-2230] white noise for Rcvr_800_GASP (84 TOAs)...
  [J1630+3734] zeroing residuals...
  [J1630+3734] adding red noise...
  [J1630+3734] white noise for Rcvr1_2_GUPPI (909 TOAs)...
  [J1630+3734] white noise for Rcvr_800_GUPPI (906 TOAs)...
  [J1640+2224] zeroing residuals...
  [J1640+2224] adding red noise...
  [J1640+2224] white noise for 430_ASP (340 TOAs)...
  [J1640+2224] white noise for L-wide_PUPPI (9847 TOAs)...
  [J1640+2224] white noise for 430_PUPPI (3157 TOAs)...
  [J1640+2224] white noise for L-wide_ASP (722 TOAs)...
  [J1643-1224] zeroing residuals...
  [J1643-1224] adding red noise...
  [J1643-1224] white noise for Rcvr_800_GUPPI (7734 TOAs)...
  [J1643-1224] white noise for Rcvr1_2_GUPPI (8803 TOAs)...
  [J1643-1224] white noise for Rcvr1_2_GASP (833 TOAs)...
  [J1643-1224] white noise for 3GHz_YUPPI (4215 TOAs)...
  [J1643-1224] white noise for Rcvr_800_GASP (559 TOAs)...
  [J1705-1903] zeroing residuals...
  [J1705-1903] adding red noise...
  [J1705-1903] white noise for Rcvr1_2_GUPPI (6350 TOAs)...
  [J1705-1903] white noise for Rcvr_800_GUPPI (3521 TOAs)...
  [J1713+0747] zeroing residuals...
  [J1713+0747] adding red noise...
  [J1713+0747] white noise for Rcvr_800_GUPPI (8479 TOAs)...
  [J1713+0747] white noise for S-wide_PUPPI (7482 TOAs)...
  [J1713+0747] white noise for 1.5GHz_YUPPI (1461 TOAs)...
  [J1713+0747] white noise for Rcvr1_2_GUPPI (22334 TOAs)...
  [J1713+0747] white noise for S-wide_ASP (624 TOAs)...
  [J1713+0747] white noise for Rcvr1_2_GASP (1109 TOAs)...
  [J1713+0747] white noise for 3GHz_YUPPI (3282 TOAs)...
  [J1713+0747] white noise for Rcvr_800_GASP (1032 TOAs)...
  [J1713+0747] white noise for L-wide_PUPPI (12743 TOAs)...
  [J1713+0747] white noise for L-wide_ASP (843 TOAs)...
  [J1719-1438] zeroing residuals...
  [J1719-1438] adding red noise...
  [J1719-1438] white noise for Rcvr1_2_GUPPI (2722 TOAs)...
  [J1719-1438] white noise for Rcvr_800_GUPPI (3634 TOAs)...
  [J1730-2304] zeroing residuals...
  [J1730-2304] adding red noise...
  [J1730-2304] white noise for Rcvr1_2_GUPPI (2367 TOAs)...
  [J1730-2304] white noise for Rcvr_800_GUPPI (2503 TOAs)...
  [J1738+0333] zeroing residuals...
  [J1738+0333] adding red noise...
  [J1738+0333] white noise for L-wide_PUPPI (6718 TOAs)...
  [J1738+0333] white noise for S-wide_PUPPI (1737 TOAs)...
  [J1738+0333] white noise for L-wide_ASP (201 TOAs)...
  [J1738+0333] white noise for S-wide_ASP (134 TOAs)...
  [J1741+1351] zeroing residuals...
  [J1741+1351] adding red noise...
  [J1741+1351] white noise for 430_ASP (27 TOAs)...
  [J1741+1351] white noise for 430_PUPPI (1159 TOAs)...
  [J1741+1351] white noise for S-wide_ASP (115 TOAs)...
  [J1741+1351] white noise for L-wide_PUPPI (4045 TOAs)...
  [J1741+1351] white noise for L-wide_ASP (236 TOAs)...
  [J1744-1134] zeroing residuals...
  [J1744-1134] adding red noise...
  [J1744-1134] white noise for Rcvr1_2_GUPPI (8109 TOAs)...
  [J1744-1134] white noise for Rcvr_800_GUPPI (7899 TOAs)...
  [J1744-1134] white noise for Rcvr1_2_GASP (807 TOAs)...
  [J1744-1134] white noise for Rcvr_800_GASP (930 TOAs)...
  [J1745+1017] zeroing residuals...
  [J1745+1017] adding red noise...
  [J1745+1017] white noise for L-wide_PUPPI (2179 TOAs)...
  [J1745+1017] white noise for S-wide_PUPPI (838 TOAs)...
  [J1747-4036] zeroing residuals...
  [J1747-4036] adding red noise...
  [J1747-4036] white noise for Rcvr1_2_GUPPI (5239 TOAs)...
  [J1747-4036] white noise for Rcvr_800_GUPPI (5816 TOAs)...
  [J1751-2857] zeroing residuals...
  [J1751-2857] adding red noise...
  [J1751-2857] white noise for Rcvr1_2_GUPPI (1786 TOAs)...
  [J1751-2857] white noise for Rcvr_800_GUPPI (239 TOAs)...
  [J1802-2124] zeroing residuals...
  [J1802-2124] adding red noise...
  [J1802-2124] white noise for Rcvr1_2_GUPPI (3231 TOAs)...
  [J1802-2124] white noise for Rcvr_800_GUPPI (3565 TOAs)...
  [J1811-2405] zeroing residuals...
  [J1811-2405] adding red noise...
  [J1811-2405] white noise for Rcvr1_2_GUPPI (2638 TOAs)...
  [J1811-2405] white noise for Rcvr_800_GUPPI (2628 TOAs)...
  [J1832-0836] zeroing residuals...
  [J1832-0836] adding red noise...
  [J1832-0836] white noise for Rcvr1_2_GUPPI (4661 TOAs)...
  [J1832-0836] white noise for Rcvr_800_GUPPI (3078 TOAs)...
  [J1843-1113] zeroing residuals...
  [J1843-1113] adding red noise...
  [J1843-1113] white noise for Rcvr1_2_GUPPI (2394 TOAs)...
  [J1843-1113] white noise for Rcvr_800_GUPPI (2201 TOAs)...
  [J1853+1303] zeroing residuals...
  [J1853+1303] adding red noise...
  [J1853+1303] white noise for 430_ASP (24 TOAs)...
  [J1853+1303] white noise for L-wide_PUPPI (3362 TOAs)...
  [J1853+1303] white noise for 430_PUPPI (1151 TOAs)...
  [J1853+1303] white noise for L-wide_ASP (33 TOAs)...
  [J1903+0327] zeroing residuals...
  [J1903+0327] adding red noise...
  [J1903+0327] white noise for S-wide_PUPPI (2282 TOAs)...
  [J1903+0327] white noise for 3GHz_YUPPI (439 TOAs)...
  [J1903+0327] white noise for S-wide_ASP (151 TOAs)...
  [J1903+0327] white noise for L-wide_PUPPI (3845 TOAs)...
  [J1903+0327] white noise for L-wide_ASP (139 TOAs)...
  [J1909-3744] zeroing residuals...
  [J1909-3744] adding red noise...
  [J1909-3744] white noise for Rcvr_800_GUPPI (9399 TOAs)...
  [J1909-3744] white noise for Rcvr1_2_GUPPI (20439 TOAs)...
  [J1909-3744] white noise for Rcvr1_2_GASP (808 TOAs)...
  [J1909-3744] white noise for 3GHz_YUPPI (3525 TOAs)...
  [J1909-3744] white noise for Rcvr_800_GASP (866 TOAs)...
  [J1910+1256] zeroing residuals...
  [J1910+1256] adding red noise...
  [J1910+1256] white noise for L-wide_PUPPI (4124 TOAs)...
  [J1910+1256] white noise for S-wide_PUPPI (1857 TOAs)...
  [J1910+1256] white noise for L-wide_ASP (297 TOAs)...
  [J1910+1256] white noise for S-wide_ASP (208 TOAs)...
  [J1911+1347] zeroing residuals...
  [J1911+1347] adding red noise...
  [J1911+1347] white noise for L-wide_PUPPI (3033 TOAs)...
  [J1911+1347] white noise for 430_PUPPI (753 TOAs)...
  [J1918-0642] zeroing residuals...
  [J1918-0642] adding red noise...
  [J1918-0642] white noise for Rcvr1_2_GUPPI (8910 TOAs)...
  [J1918-0642] white noise for Rcvr_800_GUPPI (8352 TOAs)...
  [J1918-0642] white noise for Rcvr1_2_GASP (778 TOAs)...
  [J1918-0642] white noise for Rcvr_800_GASP (835 TOAs)...
  [J1923+2515] zeroing residuals...
  [J1923+2515] adding red noise...
  [J1923+2515] white noise for 430_ASP (10 TOAs)...
  [J1923+2515] white noise for L-wide_PUPPI (3028 TOAs)...
  [J1923+2515] white noise for 430_PUPPI (922 TOAs)...
  [J1923+2515] white noise for L-wide_ASP (14 TOAs)...
  [J1944+0907] zeroing residuals...
  [J1944+0907] adding red noise...
  [J1944+0907] white noise for 430_ASP (38 TOAs)...
  [J1944+0907] white noise for 430_PUPPI (1017 TOAs)...
  [J1944+0907] white noise for S-wide_ASP (116 TOAs)...
  [J1944+0907] white noise for L-wide_PUPPI (3900 TOAs)...
  [J1944+0907] white noise for L-wide_ASP (257 TOAs)...
  [J1946+3417] zeroing residuals...
  [J1946+3417] adding red noise...
  [J1946+3417] white noise for L-wide_PUPPI (3197 TOAs)...
  [J1946+3417] white noise for S-wide_PUPPI (1546 TOAs)...
  [J2010-1323] zeroing residuals...
  [J2010-1323] adding red noise...
  [J2010-1323] white noise for Rcvr1_2_GUPPI (7779 TOAs)...
  [J2010-1323] white noise for Rcvr_800_GUPPI (9158 TOAs)...
  [J2010-1323] white noise for Rcvr1_2_GASP (70 TOAs)...
  [J2010-1323] white noise for Rcvr_800_GASP (70 TOAs)...
  [J2017+0603] zeroing residuals...
  [J2017+0603] adding red noise...
  [J2017+0603] white noise for L-wide_PUPPI (2569 TOAs)...
  [J2017+0603] white noise for 430_PUPPI (78 TOAs)...
  [J2017+0603] white noise for L-wide_ASP (16 TOAs)...
  [J2017+0603] white noise for S-wide_PUPPI (849 TOAs)...
  [J2033+1734] zeroing residuals...
  [J2033+1734] adding red noise...
  [J2033+1734] white noise for L-wide_PUPPI (3050 TOAs)...
  [J2033+1734] white noise for 430_PUPPI (797 TOAs)...
  [J2043+1711] zeroing residuals...
  [J2043+1711] adding red noise...
  [J2043+1711] white noise for 430_ASP (30 TOAs)...
  [J2043+1711] white noise for L-wide_PUPPI (4419 TOAs)...
  [J2043+1711] white noise for 430_PUPPI (2908 TOAs)...
  [J2043+1711] white noise for L-wide_ASP (40 TOAs)...
  [J2124-3358] zeroing residuals...
  [J2124-3358] adding red noise...
  [J2124-3358] white noise for Rcvr1_2_GUPPI (2957 TOAs)...
  [J2124-3358] white noise for Rcvr_800_GUPPI (2025 TOAs)...
  [J2145-0750] zeroing residuals...
  [J2145-0750] adding red noise...
  [J2145-0750] white noise for Rcvr1_2_GUPPI (9158 TOAs)...
  [J2145-0750] white noise for Rcvr_800_GUPPI (8728 TOAs)...
  [J2145-0750] white noise for Rcvr1_2_GASP (427 TOAs)...
  [J2145-0750] white noise for Rcvr_800_GASP (362 TOAs)...
  [J2214+3000] zeroing residuals...
  [J2214+3000] adding red noise...
  [J2214+3000] white noise for L-wide_PUPPI (5829 TOAs)...
  [J2214+3000] white noise for L-wide_ASP (9 TOAs)...
  [J2214+3000] white noise for S-wide_PUPPI (1568 TOAs)...
  [J2229+2643] zeroing residuals...
  [J2229+2643] adding red noise...
  [J2229+2643] white noise for L-wide_PUPPI (2755 TOAs)...
  [J2229+2643] white noise for 430_PUPPI (956 TOAs)...
  [J2234+0611] zeroing residuals...
  [J2234+0611] adding red noise...
  [J2234+0611] white noise for L-wide_PUPPI (2913 TOAs)...
  [J2234+0611] white noise for 430_PUPPI (653 TOAs)...
  [J2234+0944] zeroing residuals...
  [J2234+0944] adding red noise...
  [J2234+0944] white noise for L-wide_PUPPI (5003 TOAs)...
  [J2234+0944] white noise for S-wide_PUPPI (2532 TOAs)...
  [J2302+4442] zeroing residuals...
  [J2302+4442] adding red noise...
  [J2302+4442] white noise for Rcvr1_2_GUPPI (3779 TOAs)...
  [J2302+4442] white noise for Rcvr_800_GUPPI (6432 TOAs)...
  [J2317+1439] zeroing residuals...
  [J2317+1439] adding red noise...
  [J2317+1439] white noise for 430_ASP (458 TOAs)...
  [J2317+1439] white noise for 327_PUPPI (276 TOAs)...
  [J2317+1439] white noise for 430_PUPPI (3217 TOAs)...
  [J2317+1439] white noise for 327_ASP (413 TOAs)...
  [J2317+1439] white noise for L-wide_PUPPI (9563 TOAs)...
  [J2322+2057] zeroing residuals...
  [J2322+2057] adding red noise...
  [J2322+2057] white noise for L-wide_PUPPI (2196 TOAs)...
  [J2322+2057] white noise for 430_PUPPI (752 TOAs)...
  [J2322+2057] white noise for S-wide_PUPPI (140 TOAs)...
Resetting pulsars to clean stoas...
Restore: 0.00 s
Inject: 0.00 s
Snapshotting into enterprise Pulsar objects...
Building PTA...
PTA build: 445.29 s
Computing optimal statistic...
OS time: 86.94 s
Total: 532.24 s
Noise-only SNR baseline: 0.1125

Generating SNR-consistent population...
Target SNR: 4.0
Resetting pulsars to clean stoas...
Restore: 23.69 s
Injecting population...
  B1855+09: RMS = 4105.850 ns
  B1937+21: RMS = 3241.948 ns
  B1953+29: RMS = 2660.641 ns
  J0023+0923: RMS = 1791.113 ns
  J0030+0451: RMS = 1540.577 ns
  J0340+4130: RMS = 5923.815 ns
  J0406+3039: RMS = 1032.710 ns
  J0437-4715: RMS = 247.272 ns
  J0509+0856: RMS = 2110.162 ns
  J0557+1551: RMS = 1273.526 ns
  J0605+3757: RMS = 2928.736 ns
  J0610-2100: RMS = 182.949 ns
  J0613-0200: RMS = 2238.496 ns
  J0636+5128: RMS = 3788.147 ns
  J0645+5158: RMS = 4619.197 ns
  J0709+0458: RMS = 372.222 ns
  J0740+6620: RMS = 2173.630 ns
  J0931-1902: RMS = 2674.636 ns
  J1012+5307: RMS = 5223.419 ns
  J1012-4235: RMS = 494.255 ns
  J1022+1001: RMS = 4399.004 ns
  J1024-0719: RMS = 4179.480 ns
  J1125+7819: RMS = 1940.877 ns
  J1312+0051: RMS = 1145.790 ns
  J1453+1902: RMS = 1355.340 ns
  J1455-3330: RMS = 3877.381 ns
  J1600-3053: RMS = 4164.057 ns
  J1614-2230: RMS = 3727.888 ns
  J1630+3734: RMS = 2296.749 ns
  J1640+2224: RMS = 3813.905 ns
  J1643-1224: RMS = 4004.092 ns
  J1705-1903: RMS = 1258.296 ns
  J1713+0747: RMS = 3972.709 ns
  J1719-1438: RMS = 1674.391 ns
  J1730-2304: RMS = 1530.731 ns
  J1738+0333: RMS = 3886.352 ns
  J1741+1351: RMS = 5251.970 ns
  J1744-1134: RMS = 4291.405 ns
  J1745+1017: RMS = 2993.773 ns
  J1747-4036: RMS = 1351.357 ns
  J1751-2857: RMS = 719.402 ns
  J1802-2124: RMS = 1512.928 ns
  J1811-2405: RMS = 1273.929 ns
  J1832-0836: RMS = 2341.097 ns
  J1843-1113: RMS = 1506.912 ns
  J1853+1303: RMS = 5516.822 ns
  J1903+0327: RMS = 4279.356 ns
  J1909-3744: RMS = 1379.084 ns
  J1910+1256: RMS = 4071.725 ns
  J1911+1347: RMS = 3805.110 ns
  J1918-0642: RMS = 3460.466 ns
  J1923+2515: RMS = 2982.502 ns
  J1944+0907: RMS = 3679.412 ns
  J1946+3417: RMS = 2374.738 ns
  J2010-1323: RMS = 4113.431 ns
  J2017+0603: RMS = 3948.656 ns
  J2033+1734: RMS = 2302.545 ns
  J2043+1711: RMS = 2542.038 ns
  J2124-3358: RMS = 405.147 ns
  J2145-0750: RMS = 4748.171 ns
  J2214+3000: RMS = 3050.819 ns
  J2229+2643: RMS = 2178.269 ns
  J2234+0611: RMS = 2255.145 ns
  J2234+0944: RMS = 4290.556 ns
  J2302+4442: RMS = 3583.355 ns
  J2317+1439: RMS = 3723.235 ns
  J2322+2057: RMS = 1594.538 ns
Inject: 0.86 s
Snapshotting into enterprise Pulsar objects...
Building PTA...
PTA build: 458.70 s
Computing optimal statistic...
OS time: 72.20 s
Total: 555.45 s
Initial SNR: 139.6715, Target SNR: 4.0000
  Initial SNR 139.6715 outside of provided SNR_range [3.5, 4.25] — rescaling.
Scaling distances by factor 5.9916 to achieve target SNR...
Resetting pulsars to clean stoas...
Restore: 8.41 s
Injecting population...
  B1855+09: RMS = 685.263 ns
  B1937+21: RMS = 541.078 ns
  B1953+29: RMS = 444.059 ns
  J0023+0923: RMS = 298.935 ns
  J0030+0451: RMS = 257.121 ns
  J0340+4130: RMS = 988.679 ns
  J0406+3039: RMS = 172.358 ns
  J0437-4715: RMS = 41.269 ns
  J0509+0856: RMS = 352.184 ns
  J0557+1551: RMS = 212.550 ns
  J0605+3757: RMS = 488.803 ns
  J0610-2100: RMS = 30.534 ns
  J0613-0200: RMS = 373.603 ns
  J0636+5128: RMS = 632.238 ns
  J0645+5158: RMS = 770.940 ns
  J0709+0458: RMS = 62.123 ns
  J0740+6620: RMS = 362.777 ns
  J0931-1902: RMS = 446.394 ns
  J1012+5307: RMS = 871.784 ns
  J1012-4235: RMS = 82.491 ns
  J1022+1001: RMS = 734.190 ns
  J1024-0719: RMS = 697.552 ns
  J1125+7819: RMS = 323.931 ns
  J1312+0051: RMS = 191.231 ns
  J1453+1902: RMS = 226.205 ns
  J1455-3330: RMS = 647.132 ns
  J1600-3053: RMS = 694.977 ns
  J1614-2230: RMS = 622.181 ns
  J1630+3734: RMS = 383.325 ns
  J1640+2224: RMS = 636.537 ns
  J1643-1224: RMS = 668.279 ns
  J1705-1903: RMS = 210.008 ns
  J1713+0747: RMS = 663.042 ns
  J1719-1438: RMS = 279.454 ns
  J1730-2304: RMS = 255.478 ns
  J1738+0333: RMS = 648.629 ns
  J1741+1351: RMS = 876.549 ns
  J1744-1134: RMS = 716.232 ns
  J1745+1017: RMS = 499.658 ns
  J1747-4036: RMS = 225.540 ns
  J1751-2857: RMS = 120.067 ns
  J1802-2124: RMS = 252.506 ns
  J1811-2405: RMS = 212.618 ns
  J1832-0836: RMS = 390.727 ns
  J1843-1113: RMS = 251.502 ns
  J1853+1303: RMS = 920.753 ns
  J1903+0327: RMS = 714.221 ns
  J1909-3744: RMS = 230.168 ns
  J1910+1256: RMS = 679.567 ns
  J1911+1347: RMS = 635.070 ns
  J1918-0642: RMS = 577.549 ns
  J1923+2515: RMS = 497.777 ns
  J1944+0907: RMS = 614.091 ns
  J1946+3417: RMS = 396.342 ns
  J2010-1323: RMS = 686.528 ns
  J2017+0603: RMS = 659.027 ns
  J2033+1734: RMS = 384.293 ns
  J2043+1711: RMS = 424.264 ns
  J2124-3358: RMS = 67.619 ns
  J2145-0750: RMS = 792.466 ns
  J2214+3000: RMS = 509.179 ns
  J2229+2643: RMS = 363.551 ns
  J2234+0611: RMS = 376.382 ns
  J2234+0944: RMS = 716.090 ns
  J2302+4442: RMS = 598.059 ns
  J2317+1439: RMS = 621.405 ns
  J2322+2057: RMS = 266.127 ns
Inject: 0.82 s
Snapshotting into enterprise Pulsar objects...
Building PTA...
PTA build: 462.14 s
Computing optimal statistic...
OS time: 123.73 s
Total: 595.10 s
  SNR 5.4606 outside of provided SNR_range [3.5, 4.25] — rescaling.
[Iteration 1/4] SNR after scaling: 5.4606 (target: 4.0000)
  SNR history: it0→139.6715@1.0000x, it1→5.4606@5.9916x
  Re-scaling distances by factor 1.1913  (cumulative after: 7.1381×)
Resetting pulsars to clean stoas...
Restore: 0.05 s
Injecting population...
  B1855+09: RMS = 575.202 ns
  B1937+21: RMS = 454.175 ns
  B1953+29: RMS = 372.738 ns
  J0023+0923: RMS = 250.923 ns
  J0030+0451: RMS = 215.825 ns
  J0340+4130: RMS = 829.887 ns
  J0406+3039: RMS = 144.676 ns
  J0437-4715: RMS = 34.641 ns
  J0509+0856: RMS = 295.620 ns
  J0557+1551: RMS = 178.413 ns
  J0605+3757: RMS = 410.296 ns
  J0610-2100: RMS = 25.630 ns
  J0613-0200: RMS = 313.598 ns
  J0636+5128: RMS = 530.694 ns
  J0645+5158: RMS = 647.119 ns
  J0709+0458: RMS = 52.146 ns
  J0740+6620: RMS = 304.511 ns
  J0931-1902: RMS = 374.699 ns
  J1012+5307: RMS = 731.766 ns
  J1012-4235: RMS = 69.242 ns
  J1022+1001: RMS = 616.271 ns
  J1024-0719: RMS = 585.517 ns
  J1125+7819: RMS = 271.904 ns
  J1312+0051: RMS = 160.518 ns
  J1453+1902: RMS = 189.874 ns
  J1455-3330: RMS = 543.195 ns
  J1600-3053: RMS = 583.357 ns
  J1614-2230: RMS = 522.252 ns
  J1630+3734: RMS = 321.759 ns
  J1640+2224: RMS = 534.303 ns
  J1643-1224: RMS = 560.947 ns
  J1705-1903: RMS = 176.279 ns
  J1713+0747: RMS = 556.550 ns
  J1719-1438: RMS = 234.571 ns
  J1730-2304: RMS = 214.445 ns
  J1738+0333: RMS = 544.452 ns
  J1741+1351: RMS = 735.766 ns
  J1744-1134: RMS = 601.197 ns
  J1745+1017: RMS = 419.408 ns
  J1747-4036: RMS = 189.316 ns
  J1751-2857: RMS = 100.783 ns
  J1802-2124: RMS = 211.951 ns
  J1811-2405: RMS = 178.469 ns
  J1832-0836: RMS = 327.972 ns
  J1843-1113: RMS = 211.108 ns
  J1853+1303: RMS = 772.870 ns
  J1903+0327: RMS = 599.509 ns
  J1909-3744: RMS = 193.200 ns
  J1910+1256: RMS = 570.421 ns
  J1911+1347: RMS = 533.071 ns
  J1918-0642: RMS = 484.788 ns
  J1923+2515: RMS = 417.829 ns
  J1944+0907: RMS = 515.461 ns
  J1946+3417: RMS = 332.685 ns
  J2010-1323: RMS = 576.264 ns
  J2017+0603: RMS = 553.180 ns
  J2033+1734: RMS = 322.571 ns
  J2043+1711: RMS = 356.122 ns
  J2124-3358: RMS = 56.758 ns
  J2145-0750: RMS = 665.187 ns
  J2214+3000: RMS = 427.399 ns
  J2229+2643: RMS = 305.161 ns
  J2234+0611: RMS = 315.931 ns
  J2234+0944: RMS = 601.078 ns
  J2302+4442: RMS = 502.004 ns
  J2317+1439: RMS = 521.600 ns
  J2322+2057: RMS = 223.384 ns
Inject: 0.96 s
Snapshotting into enterprise Pulsar objects...
Building PTA...
PTA build: 479.11 s
Computing optimal statistic...
OS time: 76.39 s
Total: 556.51 s
  ✓ SNR is within the provided SNR_range: 4.1177 ∈ [3.5, 4.25]

Final SNR history:
  it 0: cumulative_scale=1.0000×  SNR=139.6715
  it 1: cumulative_scale=5.9916×  SNR=5.4606
  it 2: cumulative_scale=7.1381×  SNR=4.1177
✓ Simulation 1 done (1709.3 s)

======================================================================
ENSEMBLE SUMMARY
======================================================================
Success rate: 100.0% (1/1)

Binaries per population:
  Mean ± std : 20000 ± 0
  Range      : [20000, 20000]

SNR achieved:
  Mean ± std : 4.1177 ± 0.0000
  Range      : [4.1177, 4.1177]

Total time: 2284.2 s (38.1 min)
======================================================================

💾 Saved: data/2026-04-29/realistic_run_144/consistent_population_realistic_targetSNR4.25_sims1.json
💾 Saved compressed pickle: data/2026-04-29/realistic_run_144/consistent_population_realistic_targetSNR4.25_sims1.pkl.gz

======================================================================
CONTINUOUS WAVE SNR ANALYSIS
======================================================================

--- Population 1 ---
Precomputation of phiinvs, TNTs, Ts, Nvecs, Sigmas took 0.13 seconds.
Total SNR computation for population took 504.49 seconds.
Top 50 CGW candidates:
   1. proxy_rank=   1  sky_w=1.05  f=2.57e-09 Hz  Mc=2.16e+10 Msun  h0=1.04e-14  SNR=3.892
   2. proxy_rank=  23  sky_w=0.76  f=1.07e-08 Hz  Mc=2.20e+10 Msun  h0=4.04e-15  SNR=1.978
   3. proxy_rank= 119  sky_w=1.52  f=3.34e-08 Hz  Mc=1.24e+10 Msun  h0=2.24e-15  SNR=1.653
   4. proxy_rank=  10  sky_w=1.41  f=3.58e-09 Hz  Mc=1.27e+10 Msun  h0=1.25e-15  SNR=1.394
   5. proxy_rank=  15  sky_w=0.70  f=6.63e-09 Hz  Mc=3.10e+10 Msun  h0=3.46e-15  SNR=1.333
   6. proxy_rank=  91  sky_w=0.54  f=6.62e-09 Hz  Mc=1.76e+10 Msun  h0=1.52e-15  SNR=1.187
   7. proxy_rank= 213  sky_w=0.96  f=1.39e-08 Hz  Mc=5.49e+09 Msun  h0=8.14e-16  SNR=1.044
   8. proxy_rank=  39  sky_w=1.50  f=6.22e-09 Hz  Mc=1.33e+10 Msun  h0=8.60e-16  SNR=1.008
   9. proxy_rank=  16  sky_w=1.53  f=4.47e-09 Hz  Mc=1.68e+10 Msun  h0=1.05e-15  SNR=0.971
  10. proxy_rank=   2  sky_w=1.41  f=2.00e-09 Hz  Mc=3.39e+10 Msun  h0=1.82e-15  SNR=0.961
  11. proxy_rank=  28  sky_w=1.60  f=5.49e-09 Hz  Mc=1.48e+10 Msun  h0=9.12e-16  SNR=0.870
  12. proxy_rank=   3  sky_w=1.48  f=2.28e-09 Hz  Mc=2.50e+10 Msun  h0=1.52e-15  SNR=0.810
  13. proxy_rank= 148  sky_w=1.56  f=7.17e-09 Hz  Mc=8.07e+09 Msun  h0=3.93e-16  SNR=0.761
  14. proxy_rank=  33  sky_w=1.21  f=3.96e-09 Hz  Mc=1.41e+10 Msun  h0=7.61e-16  SNR=0.693
  15. proxy_rank=   6  sky_w=1.61  f=3.22e-09 Hz  Mc=2.14e+10 Msun  h0=1.32e-15  SNR=0.638
  16. proxy_rank=  42  sky_w=1.05  f=6.80e-09 Hz  Mc=1.52e+10 Msun  h0=1.26e-15  SNR=0.636
  17. proxy_rank=   7  sky_w=1.32  f=2.41e-09 Hz  Mc=2.25e+10 Msun  h0=1.14e-15  SNR=0.622
  18. proxy_rank=  17  sky_w=0.78  f=3.20e-09 Hz  Mc=2.18e+10 Msun  h0=1.39e-15  SNR=0.614
  19. proxy_rank=  65  sky_w=1.43  f=4.35e-09 Hz  Mc=4.97e+09 Msun  h0=4.69e-16  SNR=0.609
  20. proxy_rank=  94  sky_w=1.52  f=4.68e-09 Hz  Mc=9.21e+09 Msun  h0=3.73e-16  SNR=0.565
  21. proxy_rank=  37  sky_w=1.01  f=3.79e-09 Hz  Mc=1.22e+10 Msun  h0=7.96e-16  SNR=0.539
  22. proxy_rank= 300  sky_w=1.23  f=8.88e-09 Hz  Mc=5.93e+09 Msun  h0=2.89e-16  SNR=0.525
  23. proxy_rank=   9  sky_w=0.54  f=2.06e-09 Hz  Mc=2.68e+10 Msun  h0=1.93e-15  SNR=0.517
  24. proxy_rank=  31  sky_w=1.52  f=3.17e-09 Hz  Mc=1.26e+10 Msun  h0=5.08e-16  SNR=0.500
  25. proxy_rank=  41  sky_w=1.28  f=3.55e-09 Hz  Mc=1.26e+10 Msun  h0=5.38e-16  SNR=0.496
  26. proxy_rank=   8  sky_w=1.47  f=2.69e-09 Hz  Mc=2.01e+10 Msun  h0=1.07e-15  SNR=0.494
  27. proxy_rank=   5  sky_w=1.36  f=2.21e-09 Hz  Mc=2.01e+10 Msun  h0=1.16e-15  SNR=0.490
  28. proxy_rank=  77  sky_w=1.27  f=4.19e-09 Hz  Mc=8.39e+09 Msun  h0=4.60e-16  SNR=0.460
  29. proxy_rank=  34  sky_w=0.99  f=3.61e-09 Hz  Mc=1.60e+10 Msun  h0=7.92e-16  SNR=0.458
  30. proxy_rank= 327  sky_w=0.80  f=8.72e-09 Hz  Mc=6.89e+09 Msun  h0=4.11e-16  SNR=0.457
  31. proxy_rank= 108  sky_w=1.50  f=4.66e-09 Hz  Mc=5.86e+09 Msun  h0=3.31e-16  SNR=0.454
  32. proxy_rank=  32  sky_w=0.79  f=3.33e-09 Hz  Mc=1.63e+10 Msun  h0=1.01e-15  SNR=0.450
  33. proxy_rank=  13  sky_w=0.83  f=3.69e-09 Hz  Mc=1.80e+10 Msun  h0=1.72e-15  SNR=0.450
  34. proxy_rank= 277  sky_w=0.63  f=8.99e-09 Hz  Mc=9.36e+09 Msun  h0=6.21e-16  SNR=0.435
  35. proxy_rank= 138  sky_w=1.20  f=4.89e-09 Hz  Mc=9.14e+09 Msun  h0=3.69e-16  SNR=0.409
  36. proxy_rank= 167  sky_w=1.10  f=5.33e-09 Hz  Mc=7.16e+09 Msun  h0=3.68e-16  SNR=0.402
  37. proxy_rank=  21  sky_w=1.22  f=2.53e-09 Hz  Mc=1.49e+10 Msun  h0=6.32e-16  SNR=0.395
  38. proxy_rank= 158  sky_w=0.71  f=4.40e-09 Hz  Mc=8.18e+09 Msun  h0=5.04e-16  SNR=0.381
  39. proxy_rank=  30  sky_w=0.87  f=3.48e-09 Hz  Mc=7.26e+09 Msun  h0=1.00e-15  SNR=0.368
  40. proxy_rank=  11  sky_w=1.20  f=2.06e-09 Hz  Mc=1.56e+10 Msun  h0=8.17e-16  SNR=0.367
  41. proxy_rank= 206  sky_w=1.26  f=5.10e-09 Hz  Mc=5.81e+09 Msun  h0=2.35e-16  SNR=0.339
  42. proxy_rank=  52  sky_w=1.61  f=3.28e-09 Hz  Mc=9.32e+09 Msun  h0=3.51e-16  SNR=0.335
  43. proxy_rank= 407  sky_w=0.51  f=7.39e-09 Hz  Mc=8.65e+09 Msun  h0=4.47e-16  SNR=0.327
  44. proxy_rank= 508  sky_w=0.68  f=8.82e-09 Hz  Mc=6.36e+09 Msun  h0=3.15e-16  SNR=0.318
  45. proxy_rank= 268  sky_w=1.48  f=5.95e-09 Hz  Mc=5.11e+09 Msun  h0=1.78e-16  SNR=0.308
  46. proxy_rank= 177  sky_w=0.89  f=6.10e-09 Hz  Mc=9.69e+09 Msun  h0=4.85e-16  SNR=0.306
  47. proxy_rank= 216  sky_w=0.74  f=6.07e-09 Hz  Mc=8.10e+09 Msun  h0=4.62e-16  SNR=0.305
  48. proxy_rank=  68  sky_w=0.59  f=3.73e-09 Hz  Mc=1.80e+10 Msun  h0=9.66e-16  SNR=0.291
  49. proxy_rank= 331  sky_w=0.74  f=6.63e-09 Hz  Mc=5.30e+09 Msun  h0=3.34e-16  SNR=0.290
  50. proxy_rank=  60  sky_w=1.50  f=4.88e-09 Hz  Mc=1.01e+10 Msun  h0=5.20e-16  SNR=0.290
💾 Saved: data/2026-04-29/realistic_run_144/consistent_population_realistic_targetSNR4.25_sims1.json
💾 Saved compressed pickle: data/2026-04-29/realistic_run_144/consistent_population_realistic_targetSNR4.25_sims1.pkl.gz
Saved to figures/cgw_analysis_realistic.pdf

======================================================================
ANALYSIS COMPLETE
Results saved to: data/2026-04-29/realistic_run_144
======================================================================

==========================================
Job finished at: Wed Apr 29 13:42:28 AEST 2026
Exit code: 0
==========================================

+------------------ Job Report: 11736944 (COMPLETED) ------------------+
| Memory (RAM)  [################### ] 97.6% (31.2 GB peak / 32 GB)    |
| CPU           [###############     ] 77.5% average                   |
| Time          [------------>       ] 62.0% (0-00:49:37 / 0-01:20:00) |
|                                                                      |
| Lustre Filesystem:                                                   |
|   Path    Total Read    Total Write    Total IOPS                    |
|   ------  ------------  -------------  ------------                  |
|   /apps   0 B           0 B            232                           |
|   /fred   200 KB        6.4 MB         47                            |
|   /home   30.8 MB       0 B            2.7 K                         |
|   OS      0 B           0 B            2                             |
|                                                                      |
| Warnings:                                                            |
|   - Too much time requested                                          |
+----------------------------------------------------------------------+
