==========================================
Job ID: 11740684
Job Name: smbhb_optimistic
Node: dave305
Start Time: Wed Apr 29 14:49:10 AEST 2026
==========================================

/home/bhoulden/.conda/envs/smbhb312/share/tempo2
Working directory: /fred/oz005/users/bhoulden/SMBHB_population_injections

Loaded modules:

Starting SMBHB analysis...
==========================================

📁 Save directory: data/2026-04-29/optimistic_run_298
📝 Run name: optimistic_run_298

[MEM] Start: 244.8 MB

📡 Loading pulsars...
======================================================================
LOADING NANOGRAV PULSARS (libstempo)
======================================================================

📦 Loading from cache: nanograv_pulsars_cache.pkl
⚠ Cache load failed: Ran out of input
[DEBUG] Found 76 .par files
[tempo2Util.C:396] Warning: [MISC1] Unknown parameter in par file:  DMDATA
[tempo2Util.C:401] Warning: [DUP1] duplicated warnings have been suppressed.

WARNING: Using tempo RNAMP parameter: setting TNRedC to 100!
[observatory.C:271] Warning: Assuming site 'arecibo' means 'ao'
✓ Loaded B1855+09 (7758 TOAs)

WARNING: Using tempo RNAMP parameter: setting TNRedC to 100!
✓ Loaded B1937+21 (23023 TOAs)

WARNING: Using tempo RNAMP parameter: setting TNRedC to 100!
✓ Loaded B1937+21ao (7241 TOAs)

WARNING: Using tempo RNAMP parameter: setting TNRedC to 100!
✓ Loaded B1937+21gbt (16048 TOAs)

WARNING: Using tempo RNAMP parameter: setting TNRedC to 100!
✓ Loaded B1953+29 (5126 TOAs)
✓ Loaded J0023+0923 (15896 TOAs)

WARNING: Using tempo RNAMP parameter: setting TNRedC to 100!
✓ Loaded J0030+0451 (19571 TOAs)
✓ Loaded J0340+4130 (11093 TOAs)
✓ Loaded J0406+3039 (2446 TOAs)

WARNING: Using tempo RNAMP parameter: setting TNRedC to 100!
✓ Loaded J0437-4715 (5830 TOAs)
✓ Loaded J0509+0856 (2169 TOAs)
✓ Loaded J0557+1551 (525 TOAs)
✓ Loaded J0605+3757 (554 TOAs)

WARNING: Using tempo RNAMP parameter: setting TNRedC to 100!
✓ Loaded J0610-2100 (4885 TOAs)

WARNING: Using tempo RNAMP parameter: setting TNRedC to 100!
✓ Loaded J0613-0200 (17124 TOAs)
✓ Loaded J0614-3329 (1714 TOAs)
✓ Loaded J0636+5128 (32222 TOAs)
✓ Loaded J0645+5158 (10403 TOAs)
✓ Loaded J0709+0458 (3030 TOAs)
✓ Loaded J0740+6620 (13401 TOAs)
✓ Loaded J0931-1902 (5473 TOAs)

WARNING: Using tempo RNAMP parameter: setting TNRedC to 100!
✓ Loaded J1012+5307 (25837 TOAs)
✓ Loaded J1012-4235 (797 TOAs)
✓ Loaded J1022+1001 (3978 TOAs)
✓ Loaded J1024-0719 (12635 TOAs)
✓ Loaded J1125+7819 (8723 TOAs)
✓ Loaded J1312+0051 (1705 TOAs)
✓ Loaded J1453+1902 (2551 TOAs)
✓ Loaded J1455-3330 (10818 TOAs)

WARNING: Using tempo RNAMP parameter: setting TNRedC to 100!
✓ Loaded J1600-3053 (22955 TOAs)

WARNING: Using tempo RNAMP parameter: setting TNRedC to 100!
✓ Loaded J1600-3053gbt (19725 TOAs)

WARNING: Using tempo RNAMP parameter: setting TNRedC to 100!
✓ Loaded J1614-2230 (18445 TOAs)
✓ Loaded J1630+3734 (1815 TOAs)
✓ Loaded J1640+2224 (14066 TOAs)

WARNING: Using tempo RNAMP parameter: setting TNRedC to 100!
✓ Loaded J1643-1224 (22144 TOAs)

WARNING: Using tempo RNAMP parameter: setting TNRedC to 100!
✓ Loaded J1643-1224gbt (17932 TOAs)

WARNING: Using tempo RNAMP parameter: setting TNRedC to 100!
✓ Loaded J1705-1903 (9871 TOAs)

WARNING: Using tempo RNAMP parameter: setting TNRedC to 100!
✓ Loaded J1713+0747 (59389 TOAs)

WARNING: Using tempo RNAMP parameter: setting TNRedC to 100!
✓ Loaded J1713+0747ao (21362 TOAs)

WARNING: Using tempo RNAMP parameter: setting TNRedC to 100!
✓ Loaded J1713+0747gbt (32963 TOAs)
✓ Loaded J1719-1438 (6356 TOAs)
✓ Loaded J1730-2304 (4870 TOAs)
✓ Loaded J1738+0333 (8790 TOAs)
✓ Loaded J1741+1351 (5582 TOAs)

WARNING: Using tempo RNAMP parameter: setting TNRedC to 100!
✓ Loaded J1744-1134 (17745 TOAs)

WARNING: Using tempo RNAMP parameter: setting TNRedC to 100!
✓ Loaded J1745+1017 (3017 TOAs)

WARNING: Using tempo RNAMP parameter: setting TNRedC to 100!
✓ Loaded J1747-4036 (11055 TOAs)
✓ Loaded J1751-2857 (2025 TOAs)

WARNING: Using tempo RNAMP parameter: setting TNRedC to 100!
✓ Loaded J1802-2124 (6796 TOAs)
✓ Loaded J1811-2405 (5266 TOAs)
✓ Loaded J1832-0836 (7739 TOAs)
✓ Loaded J1843-1113 (4595 TOAs)

WARNING: Using tempo RNAMP parameter: setting TNRedC to 100!
✓ Loaded J1853+1303 (4570 TOAs)

WARNING: Using tempo RNAMP parameter: setting TNRedC to 100!
✓ Loaded J1903+0327 (6856 TOAs)

WARNING: Using tempo RNAMP parameter: setting TNRedC to 100!
✓ Loaded J1903+0327ao (6423 TOAs)

WARNING: Using tempo RNAMP parameter: setting TNRedC to 100!
✓ Loaded J1909-3744 (35037 TOAs)

WARNING: Using tempo RNAMP parameter: setting TNRedC to 100!
✓ Loaded J1909-3744gbt (31526 TOAs)
✓ Loaded J1910+1256 (6486 TOAs)
✓ Loaded J1911+1347 (3786 TOAs)
✓ Loaded J1918-0642 (18875 TOAs)
✓ Loaded J1923+2515 (3974 TOAs)
✓ Loaded J1944+0907 (5328 TOAs)

WARNING: Using tempo RNAMP parameter: setting TNRedC to 100!
✓ Loaded J1946+3417 (4743 TOAs)
✓ Loaded J2010-1323 (17077 TOAs)
✓ Loaded J2017+0603 (3512 TOAs)
✓ Loaded J2033+1734 (3847 TOAs)
✓ Loaded J2043+1711 (7397 TOAs)
✓ Loaded J2124-3358 (4982 TOAs)

WARNING: Using tempo RNAMP parameter: setting TNRedC to 100!
✓ Loaded J2145-0750 (18675 TOAs)
✓ Loaded J2214+3000 (7406 TOAs)
✓ Loaded J2229+2643 (3711 TOAs)

WARNING: Using tempo RNAMP parameter: setting TNRedC to 100!
✓ Loaded J2234+0611 (3566 TOAs)
✓ Loaded J2234+0944 (7535 TOAs)
✓ Loaded J2302+4442 (10211 TOAs)
✓ Loaded J2317+1439 (13927 TOAs)
✓ Loaded J2322+2057 (3088 TOAs)
⚠ Could not save cache: no default __reduce__ due to non-trivial __cinit__

✓ Loaded 76 pulsars
✗ Failed: 0 — []
[MEM] After loading pulsars: 8863.8 MB

🔍 Filtering pulsars...

Filtered: 76 → 67 pulsars
[MEM] After filtering pulsars: 8864.8 MB
[MEM] After garbage collection: 8864.9 MB

======================================================================
SMBHB POPULATION ANALYSIS
======================================================================

Configuration: optimistic
  Larger mass, higher spread in distance, small population
  N_binaries: 500

======================================================================
CONSISTENT POPULATION SYNTHESIS
======================================================================

======================================================================
GENERATING SNR-CONSISTENT POPULATIONS
======================================================================
Target SNR:          4.0
Simulations:         1
======================================================================


──────────────────────────────────────────────────────────────────────
SIMULATION 1/1
──────────────────────────────────────────────────────────────────────
  [B1855+09] zeroing residuals...
  [B1855+09] adding red noise...
  [B1855+09] white noise for 430_ASP (390 TOAs)...
  [B1855+09] white noise for 430_PUPPI (1185 TOAs)...
  [B1855+09] white noise for L-wide_ASP (1178 TOAs)...
  [B1855+09] white noise for L-wide_PUPPI (5005 TOAs)...
  [B1937+21] zeroing residuals...
  [B1937+21] adding red noise...
  [B1937+21] white noise for Rcvr_800_GASP (586 TOAs)...
  [B1937+21] white noise for Rcvr_800_GUPPI (7140 TOAs)...
  [B1937+21] white noise for L-wide_ASP (452 TOAs)...
  [B1937+21] white noise for S-wide_ASP (344 TOAs)...
  [B1937+21] white noise for Rcvr1_2_GASP (1069 TOAs)...
  [B1937+21] white noise for Rcvr1_2_GUPPI (7048 TOAs)...
  [B1937+21] white noise for S-wide_PUPPI (2251 TOAs)...
  [B1937+21] white noise for L-wide_PUPPI (4133 TOAs)...
  [B1953+29] zeroing residuals...
  [B1953+29] adding red noise...
  [B1953+29] white noise for 430_PUPPI (941 TOAs)...
  [B1953+29] white noise for L-wide_ASP (94 TOAs)...
  [B1953+29] white noise for S-wide_ASP (25 TOAs)...
  [B1953+29] white noise for 430_ASP (29 TOAs)...
  [B1953+29] white noise for L-wide_PUPPI (4037 TOAs)...
  [J0023+0923] zeroing residuals...
  [J0023+0923] adding red noise...
  [J0023+0923] white noise for 430_ASP (90 TOAs)...
  [J0023+0923] white noise for 430_PUPPI (4564 TOAs)...
  [J0023+0923] white noise for L-wide_ASP (119 TOAs)...
  [J0023+0923] white noise for L-wide_PUPPI (11123 TOAs)...
  [J0030+0451] zeroing residuals...
  [J0030+0451] adding red noise...
  [J0030+0451] white noise for 430_PUPPI (3068 TOAs)...
  [J0030+0451] white noise for L-wide_ASP (789 TOAs)...
  [J0030+0451] white noise for 430_ASP (267 TOAs)...
  [J0030+0451] white noise for S-wide_PUPPI (2673 TOAs)...
  [J0030+0451] white noise for L-wide_PUPPI (12774 TOAs)...
  [J0340+4130] zeroing residuals...
  [J0340+4130] adding red noise...
  [J0340+4130] white noise for Rcvr_800_GUPPI (6056 TOAs)...
  [J0340+4130] white noise for Rcvr1_2_GUPPI (5037 TOAs)...
  [J0406+3039] zeroing residuals...
  [J0406+3039] adding red noise...
  [J0406+3039] white noise for S-wide_PUPPI (575 TOAs)...
  [J0406+3039] white noise for L-wide_PUPPI (1871 TOAs)...
  [J0437-4715] zeroing residuals...
  [J0437-4715] adding red noise...
  [J0437-4715] white noise for 1.5GHz_YUPPI (2134 TOAs)...
  [J0437-4715] white noise for 3GHz_YUPPI (3696 TOAs)...
  [J0509+0856] zeroing residuals...
  [J0509+0856] adding red noise...
  [J0509+0856] white noise for S-wide_PUPPI (544 TOAs)...
  [J0509+0856] white noise for L-wide_PUPPI (1625 TOAs)...
  [J0557+1551] zeroing residuals...
  [J0557+1551] adding red noise...
  [J0557+1551] white noise for S-wide_PUPPI (58 TOAs)...
  [J0557+1551] white noise for L-wide_PUPPI (467 TOAs)...
  [J0605+3757] zeroing residuals...
  [J0605+3757] adding red noise...
  [J0605+3757] white noise for Rcvr_800_GUPPI (236 TOAs)...
  [J0605+3757] white noise for Rcvr1_2_GUPPI (318 TOAs)...
  [J0610-2100] zeroing residuals...
  [J0610-2100] adding red noise...
  [J0610-2100] white noise for Rcvr_800_GUPPI (2484 TOAs)...
  [J0610-2100] white noise for Rcvr1_2_GUPPI (2401 TOAs)...
  [J0613-0200] zeroing residuals...
  [J0613-0200] adding red noise...
  [J0613-0200] white noise for Rcvr_800_GASP (809 TOAs)...
  [J0613-0200] white noise for Rcvr1_2_GASP (992 TOAs)...
  [J0613-0200] white noise for Rcvr_800_GUPPI (7900 TOAs)...
  [J0613-0200] white noise for Rcvr1_2_GUPPI (7423 TOAs)...
  [J0636+5128] zeroing residuals...
  [J0636+5128] adding red noise...
  [J0636+5128] white noise for Rcvr_800_GUPPI (17419 TOAs)...
  [J0636+5128] white noise for Rcvr1_2_GUPPI (14803 TOAs)...
  [J0645+5158] zeroing residuals...
  [J0645+5158] adding red noise...
  [J0645+5158] white noise for Rcvr_800_GUPPI (4682 TOAs)...
  [J0645+5158] white noise for Rcvr1_2_GUPPI (5721 TOAs)...
  [J0709+0458] zeroing residuals...
  [J0709+0458] adding red noise...
  [J0709+0458] white noise for S-wide_PUPPI (595 TOAs)...
  [J0709+0458] white noise for L-wide_PUPPI (2435 TOAs)...
  [J0740+6620] zeroing residuals...
  [J0740+6620] adding red noise...
  [J0740+6620] white noise for Rcvr_800_GUPPI (5136 TOAs)...
  [J0740+6620] white noise for Rcvr1_2_GUPPI (8265 TOAs)...
  [J0931-1902] zeroing residuals...
  [J0931-1902] adding red noise...
  [J0931-1902] white noise for Rcvr_800_GUPPI (3419 TOAs)...
  [J0931-1902] white noise for Rcvr1_2_GUPPI (2054 TOAs)...
  [J1012+5307] zeroing residuals...
  [J1012+5307] adding red noise...
  [J1012+5307] white noise for Rcvr_800_GASP (1210 TOAs)...
  [J1012+5307] white noise for Rcvr1_2_GASP (1479 TOAs)...
  [J1012+5307] white noise for Rcvr_800_GUPPI (10299 TOAs)...
  [J1012+5307] white noise for Rcvr1_2_GUPPI (12849 TOAs)...
  [J1012-4235] zeroing residuals...
  [J1012-4235] adding red noise...
  [J1012-4235] white noise for Rcvr_800_GUPPI (342 TOAs)...
  [J1012-4235] white noise for Rcvr1_2_GUPPI (455 TOAs)...
  [J1022+1001] zeroing residuals...
  [J1022+1001] adding red noise...
  [J1022+1001] white noise for 430_PUPPI (232 TOAs)...
  [J1022+1001] white noise for S-wide_PUPPI (1154 TOAs)...
  [J1022+1001] white noise for L-wide_PUPPI (2592 TOAs)...
  [J1024-0719] zeroing residuals...
  [J1024-0719] adding red noise...
  [J1024-0719] white noise for Rcvr_800_GASP (51 TOAs)...
  [J1024-0719] white noise for Rcvr1_2_GASP (43 TOAs)...
  [J1024-0719] white noise for Rcvr_800_GUPPI (5455 TOAs)...
  [J1024-0719] white noise for Rcvr1_2_GUPPI (7086 TOAs)...
  [J1125+7819] zeroing residuals...
  [J1125+7819] adding red noise...
  [J1125+7819] white noise for Rcvr_800_GUPPI (4707 TOAs)...
  [J1125+7819] white noise for Rcvr1_2_GUPPI (4016 TOAs)...
  [J1312+0051] zeroing residuals...
  [J1312+0051] adding red noise...
  [J1312+0051] white noise for S-wide_PUPPI (416 TOAs)...
  [J1312+0051] white noise for L-wide_PUPPI (1289 TOAs)...
  [J1453+1902] zeroing residuals...
  [J1453+1902] adding red noise...
  [J1453+1902] white noise for 430_PUPPI (425 TOAs)...
  [J1453+1902] white noise for S-wide_PUPPI (4 TOAs)...
  [J1453+1902] white noise for L-wide_PUPPI (2122 TOAs)...
  [J1455-3330] zeroing residuals...
  [J1455-3330] adding red noise...
  [J1455-3330] white noise for Rcvr_800_GASP (479 TOAs)...
  [J1455-3330] white noise for Rcvr1_2_GASP (564 TOAs)...
  [J1455-3330] white noise for Rcvr_800_GUPPI (4843 TOAs)...
  [J1455-3330] white noise for Rcvr1_2_GUPPI (4932 TOAs)...
  [J1600-3053] zeroing residuals...
  [J1600-3053] adding red noise...
  [J1600-3053] white noise for Rcvr_800_GASP (297 TOAs)...
  [J1600-3053] white noise for Rcvr_800_GUPPI (8796 TOAs)...
  [J1600-3053] white noise for Rcvr1_2_GASP (457 TOAs)...
  [J1600-3053] white noise for Rcvr1_2_GUPPI (10168 TOAs)...
  [J1600-3053] white noise for 3GHz_YUPPI (3237 TOAs)...
  [J1614-2230] zeroing residuals...
  [J1614-2230] adding red noise...
  [J1614-2230] white noise for Rcvr_800_GASP (84 TOAs)...
  [J1614-2230] white noise for Rcvr1_2_GASP (84 TOAs)...
  [J1614-2230] white noise for Rcvr_800_GUPPI (7768 TOAs)...
  [J1614-2230] white noise for Rcvr1_2_GUPPI (10509 TOAs)...
  [J1630+3734] zeroing residuals...
  [J1630+3734] adding red noise...
  [J1630+3734] white noise for Rcvr_800_GUPPI (906 TOAs)...
  [J1630+3734] white noise for Rcvr1_2_GUPPI (909 TOAs)...
  [J1640+2224] zeroing residuals...
  [J1640+2224] adding red noise...
  [J1640+2224] white noise for 430_ASP (340 TOAs)...
  [J1640+2224] white noise for 430_PUPPI (3157 TOAs)...
  [J1640+2224] white noise for L-wide_ASP (722 TOAs)...
  [J1640+2224] white noise for L-wide_PUPPI (9847 TOAs)...
  [J1643-1224] zeroing residuals...
  [J1643-1224] adding red noise...
  [J1643-1224] white noise for Rcvr_800_GASP (559 TOAs)...
  [J1643-1224] white noise for Rcvr_800_GUPPI (7734 TOAs)...
  [J1643-1224] white noise for Rcvr1_2_GASP (833 TOAs)...
  [J1643-1224] white noise for Rcvr1_2_GUPPI (8803 TOAs)...
  [J1643-1224] white noise for 3GHz_YUPPI (4215 TOAs)...
  [J1705-1903] zeroing residuals...
  [J1705-1903] adding red noise...
  [J1705-1903] white noise for Rcvr_800_GUPPI (3521 TOAs)...
  [J1705-1903] white noise for Rcvr1_2_GUPPI (6350 TOAs)...
  [J1713+0747] zeroing residuals...
  [J1713+0747] adding red noise...
  [J1713+0747] white noise for Rcvr_800_GASP (1032 TOAs)...
  [J1713+0747] white noise for Rcvr_800_GUPPI (8479 TOAs)...
  [J1713+0747] white noise for L-wide_ASP (843 TOAs)...
  [J1713+0747] white noise for S-wide_ASP (624 TOAs)...
  [J1713+0747] white noise for Rcvr1_2_GASP (1109 TOAs)...
  [J1713+0747] white noise for Rcvr1_2_GUPPI (22334 TOAs)...
  [J1713+0747] white noise for 1.5GHz_YUPPI (1461 TOAs)...
  [J1713+0747] white noise for S-wide_PUPPI (7482 TOAs)...
  [J1713+0747] white noise for L-wide_PUPPI (12743 TOAs)...
  [J1713+0747] white noise for 3GHz_YUPPI (3282 TOAs)...
  [J1719-1438] zeroing residuals...
  [J1719-1438] adding red noise...
  [J1719-1438] white noise for Rcvr_800_GUPPI (3634 TOAs)...
  [J1719-1438] white noise for Rcvr1_2_GUPPI (2722 TOAs)...
  [J1730-2304] zeroing residuals...
  [J1730-2304] adding red noise...
  [J1730-2304] white noise for Rcvr_800_GUPPI (2503 TOAs)...
  [J1730-2304] white noise for Rcvr1_2_GUPPI (2367 TOAs)...
  [J1738+0333] zeroing residuals...
  [J1738+0333] adding red noise...
  [J1738+0333] white noise for S-wide_PUPPI (1737 TOAs)...
  [J1738+0333] white noise for L-wide_ASP (201 TOAs)...
  [J1738+0333] white noise for L-wide_PUPPI (6718 TOAs)...
  [J1738+0333] white noise for S-wide_ASP (134 TOAs)...
  [J1741+1351] zeroing residuals...
  [J1741+1351] adding red noise...
  [J1741+1351] white noise for 430_PUPPI (1159 TOAs)...
  [J1741+1351] white noise for L-wide_ASP (236 TOAs)...
  [J1741+1351] white noise for S-wide_ASP (115 TOAs)...
  [J1741+1351] white noise for 430_ASP (27 TOAs)...
  [J1741+1351] white noise for L-wide_PUPPI (4045 TOAs)...
  [J1744-1134] zeroing residuals...
  [J1744-1134] adding red noise...
  [J1744-1134] white noise for Rcvr_800_GASP (930 TOAs)...
  [J1744-1134] white noise for Rcvr1_2_GASP (807 TOAs)...
  [J1744-1134] white noise for Rcvr_800_GUPPI (7899 TOAs)...
  [J1744-1134] white noise for Rcvr1_2_GUPPI (8109 TOAs)...
  [J1745+1017] zeroing residuals...
  [J1745+1017] adding red noise...
  [J1745+1017] white noise for S-wide_PUPPI (838 TOAs)...
  [J1745+1017] white noise for L-wide_PUPPI (2179 TOAs)...
  [J1747-4036] zeroing residuals...
  [J1747-4036] adding red noise...
  [J1747-4036] white noise for Rcvr_800_GUPPI (5816 TOAs)...
  [J1747-4036] white noise for Rcvr1_2_GUPPI (5239 TOAs)...
  [J1751-2857] zeroing residuals...
  [J1751-2857] adding red noise...
  [J1751-2857] white noise for Rcvr_800_GUPPI (239 TOAs)...
  [J1751-2857] white noise for Rcvr1_2_GUPPI (1786 TOAs)...
  [J1802-2124] zeroing residuals...
  [J1802-2124] adding red noise...
  [J1802-2124] white noise for Rcvr_800_GUPPI (3565 TOAs)...
  [J1802-2124] white noise for Rcvr1_2_GUPPI (3231 TOAs)...
  [J1811-2405] zeroing residuals...
  [J1811-2405] adding red noise...
  [J1811-2405] white noise for Rcvr_800_GUPPI (2628 TOAs)...
  [J1811-2405] white noise for Rcvr1_2_GUPPI (2638 TOAs)...
  [J1832-0836] zeroing residuals...
  [J1832-0836] adding red noise...
  [J1832-0836] white noise for Rcvr_800_GUPPI (3078 TOAs)...
  [J1832-0836] white noise for Rcvr1_2_GUPPI (4661 TOAs)...
  [J1843-1113] zeroing residuals...
  [J1843-1113] adding red noise...
  [J1843-1113] white noise for Rcvr_800_GUPPI (2201 TOAs)...
  [J1843-1113] white noise for Rcvr1_2_GUPPI (2394 TOAs)...
  [J1853+1303] zeroing residuals...
  [J1853+1303] adding red noise...
  [J1853+1303] white noise for 430_ASP (24 TOAs)...
  [J1853+1303] white noise for 430_PUPPI (1151 TOAs)...
  [J1853+1303] white noise for L-wide_ASP (33 TOAs)...
  [J1853+1303] white noise for L-wide_PUPPI (3362 TOAs)...
  [J1903+0327] zeroing residuals...
  [J1903+0327] adding red noise...
  [J1903+0327] white noise for L-wide_ASP (139 TOAs)...
  [J1903+0327] white noise for S-wide_ASP (151 TOAs)...
  [J1903+0327] white noise for S-wide_PUPPI (2282 TOAs)...
  [J1903+0327] white noise for L-wide_PUPPI (3845 TOAs)...
  [J1903+0327] white noise for 3GHz_YUPPI (439 TOAs)...
  [J1909-3744] zeroing residuals...
  [J1909-3744] adding red noise...
  [J1909-3744] white noise for Rcvr_800_GASP (866 TOAs)...
  [J1909-3744] white noise for Rcvr_800_GUPPI (9399 TOAs)...
  [J1909-3744] white noise for Rcvr1_2_GASP (808 TOAs)...
  [J1909-3744] white noise for Rcvr1_2_GUPPI (20439 TOAs)...
  [J1909-3744] white noise for 3GHz_YUPPI (3525 TOAs)...
  [J1910+1256] zeroing residuals...
  [J1910+1256] adding red noise...
  [J1910+1256] white noise for S-wide_PUPPI (1857 TOAs)...
  [J1910+1256] white noise for L-wide_ASP (297 TOAs)...
  [J1910+1256] white noise for L-wide_PUPPI (4124 TOAs)...
  [J1910+1256] white noise for S-wide_ASP (208 TOAs)...
  [J1911+1347] zeroing residuals...
  [J1911+1347] adding red noise...
  [J1911+1347] white noise for 430_PUPPI (753 TOAs)...
  [J1911+1347] white noise for L-wide_PUPPI (3033 TOAs)...
  [J1918-0642] zeroing residuals...
  [J1918-0642] adding red noise...
  [J1918-0642] white noise for Rcvr_800_GASP (835 TOAs)...
  [J1918-0642] white noise for Rcvr1_2_GASP (778 TOAs)...
  [J1918-0642] white noise for Rcvr_800_GUPPI (8352 TOAs)...
  [J1918-0642] white noise for Rcvr1_2_GUPPI (8910 TOAs)...
  [J1923+2515] zeroing residuals...
  [J1923+2515] adding red noise...
  [J1923+2515] white noise for 430_ASP (10 TOAs)...
  [J1923+2515] white noise for 430_PUPPI (922 TOAs)...
  [J1923+2515] white noise for L-wide_ASP (14 TOAs)...
  [J1923+2515] white noise for L-wide_PUPPI (3028 TOAs)...
  [J1944+0907] zeroing residuals...
  [J1944+0907] adding red noise...
  [J1944+0907] white noise for 430_PUPPI (1017 TOAs)...
  [J1944+0907] white noise for L-wide_ASP (257 TOAs)...
  [J1944+0907] white noise for S-wide_ASP (116 TOAs)...
  [J1944+0907] white noise for 430_ASP (38 TOAs)...
  [J1944+0907] white noise for L-wide_PUPPI (3900 TOAs)...
  [J1946+3417] zeroing residuals...
  [J1946+3417] adding red noise...
  [J1946+3417] white noise for S-wide_PUPPI (1546 TOAs)...
  [J1946+3417] white noise for L-wide_PUPPI (3197 TOAs)...
  [J2010-1323] zeroing residuals...
  [J2010-1323] adding red noise...
  [J2010-1323] white noise for Rcvr_800_GASP (70 TOAs)...
  [J2010-1323] white noise for Rcvr1_2_GASP (70 TOAs)...
  [J2010-1323] white noise for Rcvr_800_GUPPI (9158 TOAs)...
  [J2010-1323] white noise for Rcvr1_2_GUPPI (7779 TOAs)...
  [J2017+0603] zeroing residuals...
  [J2017+0603] adding red noise...
  [J2017+0603] white noise for 430_PUPPI (78 TOAs)...
  [J2017+0603] white noise for L-wide_ASP (16 TOAs)...
  [J2017+0603] white noise for L-wide_PUPPI (2569 TOAs)...
  [J2017+0603] white noise for S-wide_PUPPI (849 TOAs)...
  [J2033+1734] zeroing residuals...
  [J2033+1734] adding red noise...
  [J2033+1734] white noise for 430_PUPPI (797 TOAs)...
  [J2033+1734] white noise for L-wide_PUPPI (3050 TOAs)...
  [J2043+1711] zeroing residuals...
  [J2043+1711] adding red noise...
  [J2043+1711] white noise for 430_ASP (30 TOAs)...
  [J2043+1711] white noise for 430_PUPPI (2908 TOAs)...
  [J2043+1711] white noise for L-wide_ASP (40 TOAs)...
  [J2043+1711] white noise for L-wide_PUPPI (4419 TOAs)...
  [J2124-3358] zeroing residuals...
  [J2124-3358] adding red noise...
  [J2124-3358] white noise for Rcvr_800_GUPPI (2025 TOAs)...
  [J2124-3358] white noise for Rcvr1_2_GUPPI (2957 TOAs)...
  [J2145-0750] zeroing residuals...
  [J2145-0750] adding red noise...
  [J2145-0750] white noise for Rcvr_800_GASP (362 TOAs)...
  [J2145-0750] white noise for Rcvr1_2_GASP (427 TOAs)...
  [J2145-0750] white noise for Rcvr_800_GUPPI (8728 TOAs)...
  [J2145-0750] white noise for Rcvr1_2_GUPPI (9158 TOAs)...
  [J2214+3000] zeroing residuals...
  [J2214+3000] adding red noise...
  [J2214+3000] white noise for S-wide_PUPPI (1568 TOAs)...
  [J2214+3000] white noise for L-wide_ASP (9 TOAs)...
  [J2214+3000] white noise for L-wide_PUPPI (5829 TOAs)...
  [J2229+2643] zeroing residuals...
  [J2229+2643] adding red noise...
  [J2229+2643] white noise for 430_PUPPI (956 TOAs)...
  [J2229+2643] white noise for L-wide_PUPPI (2755 TOAs)...
  [J2234+0611] zeroing residuals...
  [J2234+0611] adding red noise...
  [J2234+0611] white noise for 430_PUPPI (653 TOAs)...
  [J2234+0611] white noise for L-wide_PUPPI (2913 TOAs)...
  [J2234+0944] zeroing residuals...
  [J2234+0944] adding red noise...
  [J2234+0944] white noise for S-wide_PUPPI (2532 TOAs)...
  [J2234+0944] white noise for L-wide_PUPPI (5003 TOAs)...
  [J2302+4442] zeroing residuals...
  [J2302+4442] adding red noise...
  [J2302+4442] white noise for Rcvr_800_GUPPI (6432 TOAs)...
  [J2302+4442] white noise for Rcvr1_2_GUPPI (3779 TOAs)...
  [J2317+1439] zeroing residuals...
  [J2317+1439] adding red noise...
  [J2317+1439] white noise for 430_PUPPI (3217 TOAs)...
  [J2317+1439] white noise for 327_ASP (413 TOAs)...
  [J2317+1439] white noise for 430_ASP (458 TOAs)...
  [J2317+1439] white noise for 327_PUPPI (276 TOAs)...
  [J2317+1439] white noise for L-wide_PUPPI (9563 TOAs)...
  [J2322+2057] zeroing residuals...
  [J2322+2057] adding red noise...
  [J2322+2057] white noise for 430_PUPPI (752 TOAs)...
  [J2322+2057] white noise for S-wide_PUPPI (140 TOAs)...
  [J2322+2057] white noise for L-wide_PUPPI (2196 TOAs)...
Resetting pulsars to clean stoas...
Restore: 0.00 s
Inject: 0.00 s
Snapshotting into enterprise Pulsar objects...
Building PTA...
PTA build: 540.72 s
Computing optimal statistic...
OS time: 52.53 s
Total: 593.25 s
Noise-only SNR baseline: 0.7339

Generating SNR-consistent population...
Target SNR: 4.0
Resetting pulsars to clean stoas...
Restore: 0.01 s
Injecting population...
  B1855+09: RMS = 6058.856 ns
  B1937+21: RMS = 6305.897 ns
  B1953+29: RMS = 4165.460 ns
  J0023+0923: RMS = 4014.056 ns
  J0030+0451: RMS = 4740.221 ns
  J0340+4130: RMS = 4073.563 ns
  J0406+3039: RMS = 5342.563 ns
  J0437-4715: RMS = 3238.212 ns
  J0509+0856: RMS = 2240.063 ns
  J0557+1551: RMS = 2226.879 ns
  J0605+3757: RMS = 1996.061 ns
  J0610-2100: RMS = 1316.615 ns
  J0613-0200: RMS = 1340.819 ns
  J0636+5128: RMS = 5307.708 ns
  J0645+5158: RMS = 5245.070 ns
  J0709+0458: RMS = 1024.061 ns
  J0740+6620: RMS = 973.725 ns
  J0931-1902: RMS = 1558.388 ns
  J1012+5307: RMS = 3019.090 ns
  J1012-4235: RMS = 934.734 ns
  J1022+1001: RMS = 2607.984 ns
  J1024-0719: RMS = 2085.707 ns
  J1125+7819: RMS = 3425.979 ns
  J1312+0051: RMS = 1036.313 ns
  J1453+1902: RMS = 1647.734 ns
  J1455-3330: RMS = 3523.039 ns
  J1600-3053: RMS = 1789.436 ns
  J1614-2230: RMS = 2715.324 ns
  J1630+3734: RMS = 610.905 ns
  J1640+2224: RMS = 3664.442 ns
  J1643-1224: RMS = 3504.717 ns
  J1705-1903: RMS = 2404.402 ns
  J1713+0747: RMS = 6291.298 ns
  J1719-1438: RMS = 3174.212 ns
  J1730-2304: RMS = 2297.322 ns
  J1738+0333: RMS = 5492.120 ns
  J1741+1351: RMS = 6476.651 ns
  J1744-1134: RMS = 4418.259 ns
  J1745+1017: RMS = 6691.577 ns
  J1747-4036: RMS = 1479.022 ns
  J1751-2857: RMS = 1561.972 ns
  J1802-2124: RMS = 2251.328 ns
  J1811-2405: RMS = 2125.740 ns
  J1832-0836: RMS = 3491.358 ns
  J1843-1113: RMS = 2566.774 ns
  J1853+1303: RMS = 4925.613 ns
  J1903+0327: RMS = 6277.130 ns
  J1909-3744: RMS = 2660.017 ns
  J1910+1256: RMS = 6361.457 ns
  J1911+1347: RMS = 4491.194 ns
  J1918-0642: RMS = 4889.067 ns
  J1923+2515: RMS = 5012.692 ns
  J1944+0907: RMS = 4903.930 ns
  J1946+3417: RMS = 4436.938 ns
  J2010-1323: RMS = 3578.842 ns
  J2017+0603: RMS = 3480.317 ns
  J2033+1734: RMS = 2482.079 ns
  J2043+1711: RMS = 3803.517 ns
  J2124-3358: RMS = 2652.734 ns
  J2145-0750: RMS = 1865.994 ns
  J2214+3000: RMS = 2891.373 ns
  J2229+2643: RMS = 4787.798 ns
  J2234+0611: RMS = 2637.429 ns
  J2234+0944: RMS = 4399.582 ns
  J2302+4442: RMS = 3270.877 ns
  J2317+1439: RMS = 2974.527 ns
  J2322+2057: RMS = 3515.050 ns
Inject: 0.54 s
Snapshotting into enterprise Pulsar objects...
Building PTA...
PTA build: 516.66 s
Computing optimal statistic...
OS time: 57.71 s
Total: 574.91 s
Initial SNR: 97.0510, Target SNR: 4.0000
  Initial SNR 97.0510 outside of provided SNR_range [3.5, 4.25] — rescaling.
Scaling distances by factor 5.4305 to achieve target SNR...
Resetting pulsars to clean stoas...
Restore: 0.01 s
Injecting population...
  B1855+09: RMS = 1115.717 ns
  B1937+21: RMS = 1161.209 ns
  B1953+29: RMS = 767.055 ns
  J0023+0923: RMS = 739.174 ns
  J0030+0451: RMS = 872.895 ns
  J0340+4130: RMS = 750.132 ns
  J0406+3039: RMS = 983.814 ns
  J0437-4715: RMS = 596.305 ns
  J0509+0856: RMS = 412.500 ns
  J0557+1551: RMS = 410.072 ns
  J0605+3757: RMS = 367.568 ns
  J0610-2100: RMS = 242.450 ns
  J0613-0200: RMS = 246.907 ns
  J0636+5128: RMS = 977.396 ns
  J0645+5158: RMS = 965.861 ns
  J0709+0458: RMS = 188.577 ns
  J0740+6620: RMS = 179.308 ns
  J0931-1902: RMS = 286.972 ns
  J1012+5307: RMS = 555.955 ns
  J1012-4235: RMS = 172.128 ns
  J1022+1001: RMS = 480.251 ns
  J1024-0719: RMS = 384.076 ns
  J1125+7819: RMS = 630.882 ns
  J1312+0051: RMS = 190.833 ns
  J1453+1902: RMS = 303.424 ns
  J1455-3330: RMS = 648.755 ns
  J1600-3053: RMS = 329.518 ns
  J1614-2230: RMS = 500.017 ns
  J1630+3734: RMS = 112.496 ns
  J1640+2224: RMS = 674.794 ns
  J1643-1224: RMS = 645.381 ns
  J1705-1903: RMS = 442.762 ns
  J1713+0747: RMS = 1158.521 ns
  J1719-1438: RMS = 584.520 ns
  J1730-2304: RMS = 423.044 ns
  J1738+0333: RMS = 1011.355 ns
  J1741+1351: RMS = 1192.653 ns
  J1744-1134: RMS = 813.607 ns
  J1745+1017: RMS = 1232.230 ns
  J1747-4036: RMS = 272.357 ns
  J1751-2857: RMS = 287.632 ns
  J1802-2124: RMS = 414.574 ns
  J1811-2405: RMS = 391.448 ns
  J1832-0836: RMS = 642.921 ns
  J1843-1113: RMS = 472.662 ns
  J1853+1303: RMS = 907.034 ns
  J1903+0327: RMS = 1155.912 ns
  J1909-3744: RMS = 489.833 ns
  J1910+1256: RMS = 1171.440 ns
  J1911+1347: RMS = 827.038 ns
  J1918-0642: RMS = 900.305 ns
  J1923+2515: RMS = 923.070 ns
  J1944+0907: RMS = 903.041 ns
  J1946+3417: RMS = 817.047 ns
  J2010-1323: RMS = 659.031 ns
  J2017+0603: RMS = 640.888 ns
  J2033+1734: RMS = 457.066 ns
  J2043+1711: RMS = 700.404 ns
  J2124-3358: RMS = 488.492 ns
  J2145-0750: RMS = 343.616 ns
  J2214+3000: RMS = 532.436 ns
  J2229+2643: RMS = 881.656 ns
  J2234+0611: RMS = 485.673 ns
  J2234+0944: RMS = 810.168 ns
  J2302+4442: RMS = 602.321 ns
  J2317+1439: RMS = 547.749 ns
  J2322+2057: RMS = 647.284 ns
Inject: 0.70 s
Snapshotting into enterprise Pulsar objects...
Building PTA...
PTA build: 504.72 s
Computing optimal statistic...
OS time: 50.25 s
Total: 555.68 s
  SNR 5.1613 outside of provided SNR_range [3.5, 4.25] — rescaling.
[Iteration 1/4] SNR after scaling: 5.1613 (target: 4.0000)
  SNR history: it0→97.0510@1.0000x, it1→5.1613@5.4305x
  Re-scaling distances by factor 1.1819  (cumulative after: 6.4183×)
Resetting pulsars to clean stoas...
Restore: 9.56 s
Injecting population...
  B1855+09: RMS = 944.000 ns
  B1937+21: RMS = 982.490 ns
  B1953+29: RMS = 648.999 ns
  J0023+0923: RMS = 625.410 ns
  J0030+0451: RMS = 738.550 ns
  J0340+4130: RMS = 634.681 ns
  J0406+3039: RMS = 832.398 ns
  J0437-4715: RMS = 504.529 ns
  J0509+0856: RMS = 349.013 ns
  J0557+1551: RMS = 346.959 ns
  J0605+3757: RMS = 310.996 ns
  J0610-2100: RMS = 205.135 ns
  J0613-0200: RMS = 208.906 ns
  J0636+5128: RMS = 826.967 ns
  J0645+5158: RMS = 817.208 ns
  J0709+0458: RMS = 159.554 ns
  J0740+6620: RMS = 151.711 ns
  J0931-1902: RMS = 242.805 ns
  J1012+5307: RMS = 470.389 ns
  J1012-4235: RMS = 145.636 ns
  J1022+1001: RMS = 406.337 ns
  J1024-0719: RMS = 324.963 ns
  J1125+7819: RMS = 533.784 ns
  J1312+0051: RMS = 161.463 ns
  J1453+1902: RMS = 256.725 ns
  J1455-3330: RMS = 548.907 ns
  J1600-3053: RMS = 278.803 ns
  J1614-2230: RMS = 423.061 ns
  J1630+3734: RMS = 95.182 ns
  J1640+2224: RMS = 570.938 ns
  J1643-1224: RMS = 546.052 ns
  J1705-1903: RMS = 374.618 ns
  J1713+0747: RMS = 980.215 ns
  J1719-1438: RMS = 494.558 ns
  J1730-2304: RMS = 357.934 ns
  J1738+0333: RMS = 855.699 ns
  J1741+1351: RMS = 1009.094 ns
  J1744-1134: RMS = 688.387 ns
  J1745+1017: RMS = 1042.581 ns
  J1747-4036: RMS = 230.439 ns
  J1751-2857: RMS = 243.363 ns
  J1802-2124: RMS = 350.768 ns
  J1811-2405: RMS = 331.201 ns
  J1832-0836: RMS = 543.971 ns
  J1843-1113: RMS = 399.916 ns
  J1853+1303: RMS = 767.435 ns
  J1903+0327: RMS = 978.008 ns
  J1909-3744: RMS = 414.444 ns
  J1910+1256: RMS = 991.146 ns
  J1911+1347: RMS = 699.750 ns
  J1918-0642: RMS = 761.741 ns
  J1923+2515: RMS = 781.002 ns
  J1944+0907: RMS = 764.056 ns
  J1946+3417: RMS = 691.297 ns
  J2010-1323: RMS = 557.601 ns
  J2017+0603: RMS = 542.251 ns
  J2033+1734: RMS = 386.720 ns
  J2043+1711: RMS = 592.607 ns
  J2124-3358: RMS = 413.309 ns
  J2145-0750: RMS = 290.731 ns
  J2214+3000: RMS = 450.490 ns
  J2229+2643: RMS = 745.963 ns
  J2234+0611: RMS = 410.924 ns
  J2234+0944: RMS = 685.477 ns
  J2302+4442: RMS = 509.619 ns
  J2317+1439: RMS = 463.446 ns
  J2322+2057: RMS = 547.662 ns
Inject: 0.59 s
Snapshotting into enterprise Pulsar objects...
Building PTA...
PTA build: 514.31 s
Computing optimal statistic...
OS time: 58.02 s
Total: 582.49 s
  ✓ SNR is within the provided SNR_range: 4.0836 ∈ [3.5, 4.25]

Final SNR history:
  it 0: cumulative_scale=1.0000×  SNR=97.0510
  it 1: cumulative_scale=5.4305×  SNR=5.1613
  it 2: cumulative_scale=6.4183×  SNR=4.0836
✓ Simulation 1 done (1714.3 s)

======================================================================
ENSEMBLE SUMMARY
======================================================================
Success rate: 100.0% (1/1)

Binaries per population:
  Mean ± std : 500 ± 0
  Range      : [500, 500]

SNR achieved:
  Mean ± std : 4.0836 ± 0.0000
  Range      : [4.0836, 4.0836]

Total time: 2349.2 s (39.2 min)
======================================================================

💾 Saved: data/2026-04-29/optimistic_run_298/consistent_population_optimistic_targetSNR4.25_sims1.json
💾 Saved compressed pickle: data/2026-04-29/optimistic_run_298/consistent_population_optimistic_targetSNR4.25_sims1.pkl.gz

======================================================================
CONTINUOUS WAVE SNR ANALYSIS
======================================================================

--- Population 1 ---
Precomputation of phiinvs, TNTs, Ts, Nvecs, Sigmas took 0.04 seconds.
Total SNR computation for population took 265.09 seconds.
Top 50 CGW candidates:
   1. proxy_rank=   1  sky_w=1.20  f=3.05e-09 Hz  Mc=5.98e+10 Msun  h0=9.30e-15  SNR=7.180
   2. proxy_rank=   7  sky_w=1.50  f=3.77e-09 Hz  Mc=3.81e+10 Msun  h0=4.16e-15  SNR=3.649
   3. proxy_rank=   4  sky_w=0.91  f=2.62e-09 Hz  Mc=6.51e+10 Msun  h0=7.16e-15  SNR=2.713
   4. proxy_rank=   3  sky_w=1.27  f=2.70e-09 Hz  Mc=5.13e+10 Msun  h0=5.78e-15  SNR=2.301
   5. proxy_rank=  27  sky_w=0.51  f=5.26e-09 Hz  Mc=3.43e+10 Msun  h0=4.00e-15  SNR=2.272
   6. proxy_rank=   8  sky_w=1.56  f=3.42e-09 Hz  Mc=3.38e+10 Msun  h0=3.58e-15  SNR=2.219
   7. proxy_rank=   5  sky_w=1.09  f=2.05e-09 Hz  Mc=5.09e+10 Msun  h0=4.02e-15  SNR=1.980
   8. proxy_rank=  26  sky_w=1.36  f=4.31e-09 Hz  Mc=1.87e+10 Msun  h0=1.47e-15  SNR=1.799
   9. proxy_rank=  10  sky_w=1.34  f=3.95e-09 Hz  Mc=3.72e+10 Msun  h0=3.69e-15  SNR=1.561
  10. proxy_rank=  13  sky_w=0.56  f=2.57e-09 Hz  Mc=4.98e+10 Msun  h0=4.87e-15  SNR=1.550
  11. proxy_rank=   6  sky_w=0.90  f=2.29e-09 Hz  Mc=5.51e+10 Msun  h0=5.25e-15  SNR=1.508
  12. proxy_rank=  12  sky_w=1.04  f=2.11e-09 Hz  Mc=3.55e+10 Msun  h0=2.29e-15  SNR=0.972
  13. proxy_rank=  17  sky_w=0.79  f=2.49e-09 Hz  Mc=3.24e+10 Msun  h0=2.33e-15  SNR=0.942
  14. proxy_rank=  28  sky_w=1.44  f=3.57e-09 Hz  Mc=1.51e+10 Msun  h0=9.34e-16  SNR=0.882
  15. proxy_rank=   2  sky_w=1.20  f=2.00e-09 Hz  Mc=5.55e+10 Msun  h0=4.65e-15  SNR=0.863
  16. proxy_rank=  35  sky_w=1.15  f=4.79e-09 Hz  Mc=1.16e+10 Msun  h0=6.08e-16  SNR=0.763
  17. proxy_rank=  15  sky_w=1.13  f=3.20e-09 Hz  Mc=2.47e+10 Msun  h0=2.42e-15  SNR=0.729
  18. proxy_rank=  20  sky_w=0.79  f=2.24e-09 Hz  Mc=2.99e+10 Msun  h0=1.83e-15  SNR=0.670
  19. proxy_rank=   9  sky_w=1.00  f=2.19e-09 Hz  Mc=4.28e+10 Msun  h0=3.17e-15  SNR=0.669
  20. proxy_rank=  39  sky_w=0.61  f=4.44e-09 Hz  Mc=1.54e+10 Msun  h0=9.24e-16  SNR=0.627
  21. proxy_rank=  22  sky_w=1.05  f=2.89e-09 Hz  Mc=2.55e+10 Msun  h0=1.64e-15  SNR=0.613
  22. proxy_rank=  29  sky_w=0.90  f=2.77e-09 Hz  Mc=2.00e+10 Msun  h0=1.06e-15  SNR=0.603
  23. proxy_rank=  16  sky_w=1.43  f=2.16e-09 Hz  Mc=2.19e+10 Msun  h0=1.20e-15  SNR=0.586
  24. proxy_rank=  11  sky_w=1.60  f=2.11e-09 Hz  Mc=2.46e+10 Msun  h0=1.53e-15  SNR=0.510
  25. proxy_rank=  19  sky_w=0.79  f=2.66e-09 Hz  Mc=2.99e+10 Msun  h0=2.23e-15  SNR=0.502
  26. proxy_rank=  21  sky_w=1.04  f=2.03e-09 Hz  Mc=2.27e+10 Msun  h0=1.17e-15  SNR=0.498
  27. proxy_rank=  18  sky_w=0.99  f=2.52e-09 Hz  Mc=2.34e+10 Msun  h0=1.79e-15  SNR=0.470
  28. proxy_rank=  23  sky_w=1.49  f=2.17e-09 Hz  Mc=1.82e+10 Msun  h0=8.18e-16  SNR=0.383
  29. proxy_rank=  31  sky_w=0.97  f=2.96e-09 Hz  Mc=1.48e+10 Msun  h0=7.26e-16  SNR=0.361
  30. proxy_rank=  14  sky_w=1.06  f=2.31e-09 Hz  Mc=3.02e+10 Msun  h0=1.87e-15  SNR=0.349
  31. proxy_rank=  36  sky_w=1.16  f=5.26e-09 Hz  Mc=1.12e+10 Msun  h0=6.38e-16  SNR=0.333
  32. proxy_rank=  25  sky_w=1.38  f=2.26e-09 Hz  Mc=1.79e+10 Msun  h0=7.61e-16  SNR=0.315
  33. proxy_rank=  34  sky_w=0.60  f=3.08e-09 Hz  Mc=1.72e+10 Msun  h0=8.84e-16  SNR=0.271
  34. proxy_rank=  24  sky_w=0.62  f=2.00e-09 Hz  Mc=2.65e+10 Msun  h0=1.55e-15  SNR=0.270
  35. proxy_rank=  32  sky_w=1.54  f=2.35e-09 Hz  Mc=1.06e+10 Msun  h0=3.24e-16  SNR=0.244
  36. proxy_rank=  55  sky_w=0.65  f=5.20e-09 Hz  Mc=6.78e+09 Msun  h0=3.72e-16  SNR=0.240
  37. proxy_rank=  30  sky_w=1.11  f=2.54e-09 Hz  Mc=1.57e+10 Msun  h0=6.83e-16  SNR=0.219
  38. proxy_rank=  38  sky_w=1.56  f=2.65e-09 Hz  Mc=8.16e+09 Msun  h0=2.29e-16  SNR=0.198
  39. proxy_rank=  42  sky_w=1.21  f=2.97e-09 Hz  Mc=7.82e+09 Msun  h0=2.32e-16  SNR=0.177
  40. proxy_rank=  37  sky_w=0.83  f=2.61e-09 Hz  Mc=1.18e+10 Msun  h0=4.32e-16  SNR=0.171
  41. proxy_rank=  33  sky_w=1.57  f=3.53e-09 Hz  Mc=9.51e+09 Msun  h0=3.95e-16  SNR=0.159
  42. proxy_rank=  44  sky_w=1.24  f=3.57e-09 Hz  Mc=7.34e+09 Msun  h0=2.49e-16  SNR=0.153
  43. proxy_rank=  47  sky_w=0.54  f=3.51e-09 Hz  Mc=1.03e+10 Msun  h0=5.10e-16  SNR=0.148
  44. proxy_rank=  48  sky_w=0.64  f=3.06e-09 Hz  Mc=1.02e+10 Msun  h0=3.68e-16  SNR=0.141
  45. proxy_rank=  43  sky_w=1.49  f=2.77e-09 Hz  Mc=6.59e+09 Msun  h0=1.66e-16  SNR=0.126
  46. proxy_rank=  51  sky_w=0.79  f=4.41e-09 Hz  Mc=8.90e+09 Msun  h0=3.71e-16  SNR=0.124
  47. proxy_rank=  53  sky_w=1.11  f=3.06e-09 Hz  Mc=6.05e+09 Msun  h0=1.64e-16  SNR=0.090
  48. proxy_rank=  59  sky_w=1.49  f=3.22e-09 Hz  Mc=3.58e+09 Msun  h0=8.57e-17  SNR=0.088
  49. proxy_rank=  64  sky_w=0.67  f=3.56e-09 Hz  Mc=4.53e+09 Msun  h0=1.38e-16  SNR=0.070
  50. proxy_rank=  40  sky_w=1.31  f=2.41e-09 Hz  Mc=8.39e+09 Msun  h0=2.27e-16  SNR=0.067
💾 Saved: data/2026-04-29/optimistic_run_298/consistent_population_optimistic_targetSNR4.25_sims1.json
💾 Saved compressed pickle: data/2026-04-29/optimistic_run_298/consistent_population_optimistic_targetSNR4.25_sims1.pkl.gz
Saved to figures/cgw_analysis_optimistic.pdf

======================================================================
ANALYSIS COMPLETE
Results saved to: data/2026-04-29/optimistic_run_298
======================================================================

==========================================
Job finished at: Wed Apr 29 15:35:43 AEST 2026
Exit code: 0
==========================================

+------------------ Job Report: 11740684 (COMPLETED) ------------------+
| Memory (RAM)  [##################  ] 93.3% (31.7 GB peak / 34 GB)    |
| CPU           [##############      ] 73.6% average                   |
| Time          [----------->        ] 58.2% (0-00:46:36 / 0-01:20:00) |
|                                                                      |
| Lustre Filesystem:                                                   |
|   Path    Total Read    Total Write    Total IOPS                    |
|   ------  ------------  -------------  ------------                  |
|   /apps   0 B           0 B            423                           |
|   /fred   96 KB         315.1 KB       99                            |
|   /home   0 B           0 B            2.1 K                         |
|   OS      0 B           0 B            2                             |
|                                                                      |
| Warnings:                                                            |
|   - CPU usage is low                                                 |
|   - Too much time requested                                          |
+----------------------------------------------------------------------+
