==========================================
Job ID: 11737330
Job Name: smbhb_realistic
Node: dave305
Start Time: Wed Apr 29 13:33:49 AEST 2026
==========================================

/home/bhoulden/.conda/envs/smbhb312/share/tempo2
Working directory: /fred/oz005/users/bhoulden/SMBHB_population_injections

Loaded modules:

Starting SMBHB analysis...
==========================================

📁 Save directory: data/2026-04-29/realistic_run_193
📝 Run name: realistic_run_193

[MEM] Start: 244.0 MB

📡 Loading pulsars...
======================================================================
LOADING NANOGRAV PULSARS (libstempo)
======================================================================

📦 Loading from cache: nanograv_pulsars_cache.pkl
⚠ Cache load failed: Ran out of input
[DEBUG] Found 76 .par files
[tempo2Util.C:396] Warning: [MISC1] Unknown parameter in par file:  DMDATA
[tempo2Util.C:401] Warning: [DUP1] duplicated warnings have been suppressed.

WARNING: Using tempo RNAMP parameter: setting TNRedC to 100!
[observatory.C:271] Warning: Assuming site 'arecibo' means 'ao'
✓ Loaded B1855+09 (7758 TOAs)

WARNING: Using tempo RNAMP parameter: setting TNRedC to 100!
✓ Loaded B1937+21 (23023 TOAs)

WARNING: Using tempo RNAMP parameter: setting TNRedC to 100!
✓ Loaded B1937+21ao (7241 TOAs)

WARNING: Using tempo RNAMP parameter: setting TNRedC to 100!
✓ Loaded B1937+21gbt (16048 TOAs)

WARNING: Using tempo RNAMP parameter: setting TNRedC to 100!
✓ Loaded B1953+29 (5126 TOAs)
✓ Loaded J0023+0923 (15896 TOAs)

WARNING: Using tempo RNAMP parameter: setting TNRedC to 100!
✓ Loaded J0030+0451 (19571 TOAs)
✓ Loaded J0340+4130 (11093 TOAs)
✓ Loaded J0406+3039 (2446 TOAs)

WARNING: Using tempo RNAMP parameter: setting TNRedC to 100!
✓ Loaded J0437-4715 (5830 TOAs)
✓ Loaded J0509+0856 (2169 TOAs)
✓ Loaded J0557+1551 (525 TOAs)
✓ Loaded J0605+3757 (554 TOAs)

WARNING: Using tempo RNAMP parameter: setting TNRedC to 100!
✓ Loaded J0610-2100 (4885 TOAs)

WARNING: Using tempo RNAMP parameter: setting TNRedC to 100!
✓ Loaded J0613-0200 (17124 TOAs)
✓ Loaded J0614-3329 (1714 TOAs)
✓ Loaded J0636+5128 (32222 TOAs)
✓ Loaded J0645+5158 (10403 TOAs)
✓ Loaded J0709+0458 (3030 TOAs)
✓ Loaded J0740+6620 (13401 TOAs)
✓ Loaded J0931-1902 (5473 TOAs)

WARNING: Using tempo RNAMP parameter: setting TNRedC to 100!
✓ Loaded J1012+5307 (25837 TOAs)
✓ Loaded J1012-4235 (797 TOAs)
✓ Loaded J1022+1001 (3978 TOAs)
✓ Loaded J1024-0719 (12635 TOAs)
✓ Loaded J1125+7819 (8723 TOAs)
✓ Loaded J1312+0051 (1705 TOAs)
✓ Loaded J1453+1902 (2551 TOAs)
✓ Loaded J1455-3330 (10818 TOAs)

WARNING: Using tempo RNAMP parameter: setting TNRedC to 100!
✓ Loaded J1600-3053 (22955 TOAs)

WARNING: Using tempo RNAMP parameter: setting TNRedC to 100!
✓ Loaded J1600-3053gbt (19725 TOAs)

WARNING: Using tempo RNAMP parameter: setting TNRedC to 100!
✓ Loaded J1614-2230 (18445 TOAs)
✓ Loaded J1630+3734 (1815 TOAs)
✓ Loaded J1640+2224 (14066 TOAs)

WARNING: Using tempo RNAMP parameter: setting TNRedC to 100!
✓ Loaded J1643-1224 (22144 TOAs)

WARNING: Using tempo RNAMP parameter: setting TNRedC to 100!
✓ Loaded J1643-1224gbt (17932 TOAs)

WARNING: Using tempo RNAMP parameter: setting TNRedC to 100!
✓ Loaded J1705-1903 (9871 TOAs)

WARNING: Using tempo RNAMP parameter: setting TNRedC to 100!
✓ Loaded J1713+0747 (59389 TOAs)

WARNING: Using tempo RNAMP parameter: setting TNRedC to 100!
✓ Loaded J1713+0747ao (21362 TOAs)

WARNING: Using tempo RNAMP parameter: setting TNRedC to 100!
✓ Loaded J1713+0747gbt (32963 TOAs)
✓ Loaded J1719-1438 (6356 TOAs)
✓ Loaded J1730-2304 (4870 TOAs)
✓ Loaded J1738+0333 (8790 TOAs)
✓ Loaded J1741+1351 (5582 TOAs)

WARNING: Using tempo RNAMP parameter: setting TNRedC to 100!
✓ Loaded J1744-1134 (17745 TOAs)

WARNING: Using tempo RNAMP parameter: setting TNRedC to 100!
✓ Loaded J1745+1017 (3017 TOAs)

WARNING: Using tempo RNAMP parameter: setting TNRedC to 100!
✓ Loaded J1747-4036 (11055 TOAs)
✓ Loaded J1751-2857 (2025 TOAs)

WARNING: Using tempo RNAMP parameter: setting TNRedC to 100!
✓ Loaded J1802-2124 (6796 TOAs)
✓ Loaded J1811-2405 (5266 TOAs)
✓ Loaded J1832-0836 (7739 TOAs)
✓ Loaded J1843-1113 (4595 TOAs)

WARNING: Using tempo RNAMP parameter: setting TNRedC to 100!
✓ Loaded J1853+1303 (4570 TOAs)

WARNING: Using tempo RNAMP parameter: setting TNRedC to 100!
✓ Loaded J1903+0327 (6856 TOAs)

WARNING: Using tempo RNAMP parameter: setting TNRedC to 100!
✓ Loaded J1903+0327ao (6423 TOAs)

WARNING: Using tempo RNAMP parameter: setting TNRedC to 100!
✓ Loaded J1909-3744 (35037 TOAs)

WARNING: Using tempo RNAMP parameter: setting TNRedC to 100!
✓ Loaded J1909-3744gbt (31526 TOAs)
✓ Loaded J1910+1256 (6486 TOAs)
✓ Loaded J1911+1347 (3786 TOAs)
✓ Loaded J1918-0642 (18875 TOAs)
✓ Loaded J1923+2515 (3974 TOAs)
✓ Loaded J1944+0907 (5328 TOAs)

WARNING: Using tempo RNAMP parameter: setting TNRedC to 100!
✓ Loaded J1946+3417 (4743 TOAs)
✓ Loaded J2010-1323 (17077 TOAs)
✓ Loaded J2017+0603 (3512 TOAs)
✓ Loaded J2033+1734 (3847 TOAs)
✓ Loaded J2043+1711 (7397 TOAs)
✓ Loaded J2124-3358 (4982 TOAs)

WARNING: Using tempo RNAMP parameter: setting TNRedC to 100!
✓ Loaded J2145-0750 (18675 TOAs)
✓ Loaded J2214+3000 (7406 TOAs)
✓ Loaded J2229+2643 (3711 TOAs)

WARNING: Using tempo RNAMP parameter: setting TNRedC to 100!
✓ Loaded J2234+0611 (3566 TOAs)
✓ Loaded J2234+0944 (7535 TOAs)
✓ Loaded J2302+4442 (10211 TOAs)
✓ Loaded J2317+1439 (13927 TOAs)
✓ Loaded J2322+2057 (3088 TOAs)
⚠ Could not save cache: no default __reduce__ due to non-trivial __cinit__

✓ Loaded 76 pulsars
✗ Failed: 0 — []
[MEM] After loading pulsars: 8881.1 MB

🔍 Filtering pulsars...

Filtered: 76 → 67 pulsars
[MEM] After filtering pulsars: 8882.2 MB
[MEM] After garbage collection: 8882.4 MB

======================================================================
SMBHB POPULATION ANALYSIS
======================================================================

Configuration: realistic
  Medium mass, medium spread in distance, medium population
  N_binaries: 20000

======================================================================
CONSISTENT POPULATION SYNTHESIS
======================================================================

======================================================================
GENERATING SNR-CONSISTENT POPULATIONS
======================================================================
Target SNR:          4.0
Simulations:         1
======================================================================


──────────────────────────────────────────────────────────────────────
SIMULATION 1/1
──────────────────────────────────────────────────────────────────────
  [B1855+09] zeroing residuals...
  [B1855+09] adding red noise...
  [B1855+09] white noise for L-wide_ASP (1178 TOAs)...
  [B1855+09] white noise for L-wide_PUPPI (5005 TOAs)...
  [B1855+09] white noise for 430_ASP (390 TOAs)...
  [B1855+09] white noise for 430_PUPPI (1185 TOAs)...
  [B1937+21] zeroing residuals...
  [B1937+21] adding red noise...
  [B1937+21] white noise for L-wide_PUPPI (4133 TOAs)...
  [B1937+21] white noise for Rcvr_800_GASP (586 TOAs)...
  [B1937+21] white noise for S-wide_PUPPI (2251 TOAs)...
  [B1937+21] white noise for L-wide_ASP (452 TOAs)...
  [B1937+21] white noise for Rcvr1_2_GASP (1069 TOAs)...
  [B1937+21] white noise for Rcvr1_2_GUPPI (7048 TOAs)...
  [B1937+21] white noise for Rcvr_800_GUPPI (7140 TOAs)...
  [B1937+21] white noise for S-wide_ASP (344 TOAs)...
  [B1953+29] zeroing residuals...
  [B1953+29] adding red noise...
  [B1953+29] white noise for L-wide_PUPPI (4037 TOAs)...
  [B1953+29] white noise for 430_ASP (29 TOAs)...
  [B1953+29] white noise for 430_PUPPI (941 TOAs)...
  [B1953+29] white noise for L-wide_ASP (94 TOAs)...
  [B1953+29] white noise for S-wide_ASP (25 TOAs)...
  [J0023+0923] zeroing residuals...
  [J0023+0923] adding red noise...
  [J0023+0923] white noise for L-wide_ASP (119 TOAs)...
  [J0023+0923] white noise for L-wide_PUPPI (11123 TOAs)...
  [J0023+0923] white noise for 430_ASP (90 TOAs)...
  [J0023+0923] white noise for 430_PUPPI (4564 TOAs)...
  [J0030+0451] zeroing residuals...
  [J0030+0451] adding red noise...
  [J0030+0451] white noise for L-wide_PUPPI (12774 TOAs)...
  [J0030+0451] white noise for 430_ASP (267 TOAs)...
  [J0030+0451] white noise for 430_PUPPI (3068 TOAs)...
  [J0030+0451] white noise for S-wide_PUPPI (2673 TOAs)...
  [J0030+0451] white noise for L-wide_ASP (789 TOAs)...
  [J0340+4130] zeroing residuals...
  [J0340+4130] adding red noise...
  [J0340+4130] white noise for Rcvr1_2_GUPPI (5037 TOAs)...
  [J0340+4130] white noise for Rcvr_800_GUPPI (6056 TOAs)...
  [J0406+3039] zeroing residuals...
  [J0406+3039] adding red noise...
  [J0406+3039] white noise for L-wide_PUPPI (1871 TOAs)...
  [J0406+3039] white noise for S-wide_PUPPI (575 TOAs)...
  [J0437-4715] zeroing residuals...
  [J0437-4715] adding red noise...
  [J0437-4715] white noise for 3GHz_YUPPI (3696 TOAs)...
  [J0437-4715] white noise for 1.5GHz_YUPPI (2134 TOAs)...
  [J0509+0856] zeroing residuals...
  [J0509+0856] adding red noise...
  [J0509+0856] white noise for L-wide_PUPPI (1625 TOAs)...
  [J0509+0856] white noise for S-wide_PUPPI (544 TOAs)...
  [J0557+1551] zeroing residuals...
  [J0557+1551] adding red noise...
  [J0557+1551] white noise for L-wide_PUPPI (467 TOAs)...
  [J0557+1551] white noise for S-wide_PUPPI (58 TOAs)...
  [J0605+3757] zeroing residuals...
  [J0605+3757] adding red noise...
  [J0605+3757] white noise for Rcvr1_2_GUPPI (318 TOAs)...
  [J0605+3757] white noise for Rcvr_800_GUPPI (236 TOAs)...
  [J0610-2100] zeroing residuals...
  [J0610-2100] adding red noise...
  [J0610-2100] white noise for Rcvr1_2_GUPPI (2401 TOAs)...
  [J0610-2100] white noise for Rcvr_800_GUPPI (2484 TOAs)...
  [J0613-0200] zeroing residuals...
  [J0613-0200] adding red noise...
  [J0613-0200] white noise for Rcvr1_2_GUPPI (7423 TOAs)...
  [J0613-0200] white noise for Rcvr_800_GASP (809 TOAs)...
  [J0613-0200] white noise for Rcvr1_2_GASP (992 TOAs)...
  [J0613-0200] white noise for Rcvr_800_GUPPI (7900 TOAs)...
  [J0636+5128] zeroing residuals...
  [J0636+5128] adding red noise...
  [J0636+5128] white noise for Rcvr1_2_GUPPI (14803 TOAs)...
  [J0636+5128] white noise for Rcvr_800_GUPPI (17419 TOAs)...
  [J0645+5158] zeroing residuals...
  [J0645+5158] adding red noise...
  [J0645+5158] white noise for Rcvr1_2_GUPPI (5721 TOAs)...
  [J0645+5158] white noise for Rcvr_800_GUPPI (4682 TOAs)...
  [J0709+0458] zeroing residuals...
  [J0709+0458] adding red noise...
  [J0709+0458] white noise for L-wide_PUPPI (2435 TOAs)...
  [J0709+0458] white noise for S-wide_PUPPI (595 TOAs)...
  [J0740+6620] zeroing residuals...
  [J0740+6620] adding red noise...
  [J0740+6620] white noise for Rcvr1_2_GUPPI (8265 TOAs)...
  [J0740+6620] white noise for Rcvr_800_GUPPI (5136 TOAs)...
  [J0931-1902] zeroing residuals...
  [J0931-1902] adding red noise...
  [J0931-1902] white noise for Rcvr1_2_GUPPI (2054 TOAs)...
  [J0931-1902] white noise for Rcvr_800_GUPPI (3419 TOAs)...
  [J1012+5307] zeroing residuals...
  [J1012+5307] adding red noise...
  [J1012+5307] white noise for Rcvr1_2_GUPPI (12849 TOAs)...
  [J1012+5307] white noise for Rcvr_800_GASP (1210 TOAs)...
  [J1012+5307] white noise for Rcvr1_2_GASP (1479 TOAs)...
  [J1012+5307] white noise for Rcvr_800_GUPPI (10299 TOAs)...
  [J1012-4235] zeroing residuals...
  [J1012-4235] adding red noise...
  [J1012-4235] white noise for Rcvr1_2_GUPPI (455 TOAs)...
  [J1012-4235] white noise for Rcvr_800_GUPPI (342 TOAs)...
  [J1022+1001] zeroing residuals...
  [J1022+1001] adding red noise...
  [J1022+1001] white noise for L-wide_PUPPI (2592 TOAs)...
  [J1022+1001] white noise for 430_PUPPI (232 TOAs)...
  [J1022+1001] white noise for S-wide_PUPPI (1154 TOAs)...
  [J1024-0719] zeroing residuals...
  [J1024-0719] adding red noise...
  [J1024-0719] white noise for Rcvr1_2_GUPPI (7086 TOAs)...
  [J1024-0719] white noise for Rcvr_800_GASP (51 TOAs)...
  [J1024-0719] white noise for Rcvr1_2_GASP (43 TOAs)...
  [J1024-0719] white noise for Rcvr_800_GUPPI (5455 TOAs)...
  [J1125+7819] zeroing residuals...
  [J1125+7819] adding red noise...
  [J1125+7819] white noise for Rcvr1_2_GUPPI (4016 TOAs)...
  [J1125+7819] white noise for Rcvr_800_GUPPI (4707 TOAs)...
  [J1312+0051] zeroing residuals...
  [J1312+0051] adding red noise...
  [J1312+0051] white noise for L-wide_PUPPI (1289 TOAs)...
  [J1312+0051] white noise for S-wide_PUPPI (416 TOAs)...
  [J1453+1902] zeroing residuals...
  [J1453+1902] adding red noise...
  [J1453+1902] white noise for L-wide_PUPPI (2122 TOAs)...
  [J1453+1902] white noise for 430_PUPPI (425 TOAs)...
  [J1453+1902] white noise for S-wide_PUPPI (4 TOAs)...
  [J1455-3330] zeroing residuals...
  [J1455-3330] adding red noise...
  [J1455-3330] white noise for Rcvr1_2_GUPPI (4932 TOAs)...
  [J1455-3330] white noise for Rcvr_800_GASP (479 TOAs)...
  [J1455-3330] white noise for Rcvr1_2_GASP (564 TOAs)...
  [J1455-3330] white noise for Rcvr_800_GUPPI (4843 TOAs)...
  [J1600-3053] zeroing residuals...
  [J1600-3053] adding red noise...
  [J1600-3053] white noise for Rcvr_800_GASP (297 TOAs)...
  [J1600-3053] white noise for 3GHz_YUPPI (3237 TOAs)...
  [J1600-3053] white noise for Rcvr1_2_GASP (457 TOAs)...
  [J1600-3053] white noise for Rcvr1_2_GUPPI (10168 TOAs)...
  [J1600-3053] white noise for Rcvr_800_GUPPI (8796 TOAs)...
  [J1614-2230] zeroing residuals...
  [J1614-2230] adding red noise...
  [J1614-2230] white noise for Rcvr1_2_GUPPI (10509 TOAs)...
  [J1614-2230] white noise for Rcvr_800_GASP (84 TOAs)...
  [J1614-2230] white noise for Rcvr1_2_GASP (84 TOAs)...
  [J1614-2230] white noise for Rcvr_800_GUPPI (7768 TOAs)...
  [J1630+3734] zeroing residuals...
  [J1630+3734] adding red noise...
  [J1630+3734] white noise for Rcvr1_2_GUPPI (909 TOAs)...
  [J1630+3734] white noise for Rcvr_800_GUPPI (906 TOAs)...
  [J1640+2224] zeroing residuals...
  [J1640+2224] adding red noise...
  [J1640+2224] white noise for L-wide_ASP (722 TOAs)...
  [J1640+2224] white noise for L-wide_PUPPI (9847 TOAs)...
  [J1640+2224] white noise for 430_ASP (340 TOAs)...
  [J1640+2224] white noise for 430_PUPPI (3157 TOAs)...
  [J1643-1224] zeroing residuals...
  [J1643-1224] adding red noise...
  [J1643-1224] white noise for Rcvr_800_GASP (559 TOAs)...
  [J1643-1224] white noise for 3GHz_YUPPI (4215 TOAs)...
  [J1643-1224] white noise for Rcvr1_2_GASP (833 TOAs)...
  [J1643-1224] white noise for Rcvr1_2_GUPPI (8803 TOAs)...
  [J1643-1224] white noise for Rcvr_800_GUPPI (7734 TOAs)...
  [J1705-1903] zeroing residuals...
  [J1705-1903] adding red noise...
  [J1705-1903] white noise for Rcvr1_2_GUPPI (6350 TOAs)...
  [J1705-1903] white noise for Rcvr_800_GUPPI (3521 TOAs)...
  [J1713+0747] zeroing residuals...
  [J1713+0747] adding red noise...
  [J1713+0747] white noise for L-wide_PUPPI (12743 TOAs)...
  [J1713+0747] white noise for Rcvr_800_GASP (1032 TOAs)...
  [J1713+0747] white noise for S-wide_PUPPI (7482 TOAs)...
  [J1713+0747] white noise for 3GHz_YUPPI (3282 TOAs)...
  [J1713+0747] white noise for L-wide_ASP (843 TOAs)...
  [J1713+0747] white noise for Rcvr1_2_GASP (1109 TOAs)...
  [J1713+0747] white noise for 1.5GHz_YUPPI (1461 TOAs)...
  [J1713+0747] white noise for Rcvr1_2_GUPPI (22334 TOAs)...
  [J1713+0747] white noise for Rcvr_800_GUPPI (8479 TOAs)...
  [J1713+0747] white noise for S-wide_ASP (624 TOAs)...
  [J1719-1438] zeroing residuals...
  [J1719-1438] adding red noise...
  [J1719-1438] white noise for Rcvr1_2_GUPPI (2722 TOAs)...
  [J1719-1438] white noise for Rcvr_800_GUPPI (3634 TOAs)...
  [J1730-2304] zeroing residuals...
  [J1730-2304] adding red noise...
  [J1730-2304] white noise for Rcvr1_2_GUPPI (2367 TOAs)...
  [J1730-2304] white noise for Rcvr_800_GUPPI (2503 TOAs)...
  [J1738+0333] zeroing residuals...
  [J1738+0333] adding red noise...
  [J1738+0333] white noise for L-wide_ASP (201 TOAs)...
  [J1738+0333] white noise for L-wide_PUPPI (6718 TOAs)...
  [J1738+0333] white noise for S-wide_PUPPI (1737 TOAs)...
  [J1738+0333] white noise for S-wide_ASP (134 TOAs)...
  [J1741+1351] zeroing residuals...
  [J1741+1351] adding red noise...
  [J1741+1351] white noise for L-wide_PUPPI (4045 TOAs)...
  [J1741+1351] white noise for 430_ASP (27 TOAs)...
  [J1741+1351] white noise for 430_PUPPI (1159 TOAs)...
  [J1741+1351] white noise for L-wide_ASP (236 TOAs)...
  [J1741+1351] white noise for S-wide_ASP (115 TOAs)...
  [J1744-1134] zeroing residuals...
  [J1744-1134] adding red noise...
  [J1744-1134] white noise for Rcvr1_2_GUPPI (8109 TOAs)...
  [J1744-1134] white noise for Rcvr_800_GASP (930 TOAs)...
  [J1744-1134] white noise for Rcvr1_2_GASP (807 TOAs)...
  [J1744-1134] white noise for Rcvr_800_GUPPI (7899 TOAs)...
  [J1745+1017] zeroing residuals...
  [J1745+1017] adding red noise...
  [J1745+1017] white noise for L-wide_PUPPI (2179 TOAs)...
  [J1745+1017] white noise for S-wide_PUPPI (838 TOAs)...
  [J1747-4036] zeroing residuals...
  [J1747-4036] adding red noise...
  [J1747-4036] white noise for Rcvr1_2_GUPPI (5239 TOAs)...
  [J1747-4036] white noise for Rcvr_800_GUPPI (5816 TOAs)...
  [J1751-2857] zeroing residuals...
  [J1751-2857] adding red noise...
  [J1751-2857] white noise for Rcvr1_2_GUPPI (1786 TOAs)...
  [J1751-2857] white noise for Rcvr_800_GUPPI (239 TOAs)...
  [J1802-2124] zeroing residuals...
  [J1802-2124] adding red noise...
  [J1802-2124] white noise for Rcvr1_2_GUPPI (3231 TOAs)...
  [J1802-2124] white noise for Rcvr_800_GUPPI (3565 TOAs)...
  [J1811-2405] zeroing residuals...
  [J1811-2405] adding red noise...
  [J1811-2405] white noise for Rcvr1_2_GUPPI (2638 TOAs)...
  [J1811-2405] white noise for Rcvr_800_GUPPI (2628 TOAs)...
  [J1832-0836] zeroing residuals...
  [J1832-0836] adding red noise...
  [J1832-0836] white noise for Rcvr1_2_GUPPI (4661 TOAs)...
  [J1832-0836] white noise for Rcvr_800_GUPPI (3078 TOAs)...
  [J1843-1113] zeroing residuals...
  [J1843-1113] adding red noise...
  [J1843-1113] white noise for Rcvr1_2_GUPPI (2394 TOAs)...
  [J1843-1113] white noise for Rcvr_800_GUPPI (2201 TOAs)...
  [J1853+1303] zeroing residuals...
  [J1853+1303] adding red noise...
  [J1853+1303] white noise for L-wide_ASP (33 TOAs)...
  [J1853+1303] white noise for L-wide_PUPPI (3362 TOAs)...
  [J1853+1303] white noise for 430_ASP (24 TOAs)...
  [J1853+1303] white noise for 430_PUPPI (1151 TOAs)...
  [J1903+0327] zeroing residuals...
  [J1903+0327] adding red noise...
  [J1903+0327] white noise for L-wide_PUPPI (3845 TOAs)...
  [J1903+0327] white noise for S-wide_PUPPI (2282 TOAs)...
  [J1903+0327] white noise for 3GHz_YUPPI (439 TOAs)...
  [J1903+0327] white noise for L-wide_ASP (139 TOAs)...
  [J1903+0327] white noise for S-wide_ASP (151 TOAs)...
  [J1909-3744] zeroing residuals...
  [J1909-3744] adding red noise...
  [J1909-3744] white noise for Rcvr_800_GASP (866 TOAs)...
  [J1909-3744] white noise for 3GHz_YUPPI (3525 TOAs)...
  [J1909-3744] white noise for Rcvr1_2_GASP (808 TOAs)...
  [J1909-3744] white noise for Rcvr1_2_GUPPI (20439 TOAs)...
  [J1909-3744] white noise for Rcvr_800_GUPPI (9399 TOAs)...
  [J1910+1256] zeroing residuals...
  [J1910+1256] adding red noise...
  [J1910+1256] white noise for L-wide_ASP (297 TOAs)...
  [J1910+1256] white noise for L-wide_PUPPI (4124 TOAs)...
  [J1910+1256] white noise for S-wide_PUPPI (1857 TOAs)...
  [J1910+1256] white noise for S-wide_ASP (208 TOAs)...
  [J1911+1347] zeroing residuals...
  [J1911+1347] adding red noise...
  [J1911+1347] white noise for L-wide_PUPPI (3033 TOAs)...
  [J1911+1347] white noise for 430_PUPPI (753 TOAs)...
  [J1918-0642] zeroing residuals...
  [J1918-0642] adding red noise...
  [J1918-0642] white noise for Rcvr1_2_GUPPI (8910 TOAs)...
  [J1918-0642] white noise for Rcvr_800_GASP (835 TOAs)...
  [J1918-0642] white noise for Rcvr1_2_GASP (778 TOAs)...
  [J1918-0642] white noise for Rcvr_800_GUPPI (8352 TOAs)...
  [J1923+2515] zeroing residuals...
  [J1923+2515] adding red noise...
  [J1923+2515] white noise for L-wide_ASP (14 TOAs)...
  [J1923+2515] white noise for L-wide_PUPPI (3028 TOAs)...
  [J1923+2515] white noise for 430_ASP (10 TOAs)...
  [J1923+2515] white noise for 430_PUPPI (922 TOAs)...
  [J1944+0907] zeroing residuals...
  [J1944+0907] adding red noise...
  [J1944+0907] white noise for L-wide_PUPPI (3900 TOAs)...
  [J1944+0907] white noise for 430_ASP (38 TOAs)...
  [J1944+0907] white noise for 430_PUPPI (1017 TOAs)...
  [J1944+0907] white noise for L-wide_ASP (257 TOAs)...
  [J1944+0907] white noise for S-wide_ASP (116 TOAs)...
  [J1946+3417] zeroing residuals...
  [J1946+3417] adding red noise...
  [J1946+3417] white noise for L-wide_PUPPI (3197 TOAs)...
  [J1946+3417] white noise for S-wide_PUPPI (1546 TOAs)...
  [J2010-1323] zeroing residuals...
  [J2010-1323] adding red noise...
  [J2010-1323] white noise for Rcvr1_2_GUPPI (7779 TOAs)...
  [J2010-1323] white noise for Rcvr_800_GASP (70 TOAs)...
  [J2010-1323] white noise for Rcvr1_2_GASP (70 TOAs)...
  [J2010-1323] white noise for Rcvr_800_GUPPI (9158 TOAs)...
  [J2017+0603] zeroing residuals...
  [J2017+0603] adding red noise...
  [J2017+0603] white noise for L-wide_ASP (16 TOAs)...
  [J2017+0603] white noise for L-wide_PUPPI (2569 TOAs)...
  [J2017+0603] white noise for 430_PUPPI (78 TOAs)...
  [J2017+0603] white noise for S-wide_PUPPI (849 TOAs)...
  [J2033+1734] zeroing residuals...
  [J2033+1734] adding red noise...
  [J2033+1734] white noise for L-wide_PUPPI (3050 TOAs)...
  [J2033+1734] white noise for 430_PUPPI (797 TOAs)...
  [J2043+1711] zeroing residuals...
  [J2043+1711] adding red noise...
  [J2043+1711] white noise for L-wide_ASP (40 TOAs)...
  [J2043+1711] white noise for L-wide_PUPPI (4419 TOAs)...
  [J2043+1711] white noise for 430_ASP (30 TOAs)...
  [J2043+1711] white noise for 430_PUPPI (2908 TOAs)...
  [J2124-3358] zeroing residuals...
  [J2124-3358] adding red noise...
  [J2124-3358] white noise for Rcvr1_2_GUPPI (2957 TOAs)...
  [J2124-3358] white noise for Rcvr_800_GUPPI (2025 TOAs)...
  [J2145-0750] zeroing residuals...
  [J2145-0750] adding red noise...
  [J2145-0750] white noise for Rcvr1_2_GUPPI (9158 TOAs)...
  [J2145-0750] white noise for Rcvr_800_GASP (362 TOAs)...
  [J2145-0750] white noise for Rcvr1_2_GASP (427 TOAs)...
  [J2145-0750] white noise for Rcvr_800_GUPPI (8728 TOAs)...
  [J2214+3000] zeroing residuals...
  [J2214+3000] adding red noise...
  [J2214+3000] white noise for L-wide_ASP (9 TOAs)...
  [J2214+3000] white noise for L-wide_PUPPI (5829 TOAs)...
  [J2214+3000] white noise for S-wide_PUPPI (1568 TOAs)...
  [J2229+2643] zeroing residuals...
  [J2229+2643] adding red noise...
  [J2229+2643] white noise for L-wide_PUPPI (2755 TOAs)...
  [J2229+2643] white noise for 430_PUPPI (956 TOAs)...
  [J2234+0611] zeroing residuals...
  [J2234+0611] adding red noise...
  [J2234+0611] white noise for L-wide_PUPPI (2913 TOAs)...
  [J2234+0611] white noise for 430_PUPPI (653 TOAs)...
  [J2234+0944] zeroing residuals...
  [J2234+0944] adding red noise...
  [J2234+0944] white noise for L-wide_PUPPI (5003 TOAs)...
  [J2234+0944] white noise for S-wide_PUPPI (2532 TOAs)...
  [J2302+4442] zeroing residuals...
  [J2302+4442] adding red noise...
  [J2302+4442] white noise for Rcvr1_2_GUPPI (3779 TOAs)...
  [J2302+4442] white noise for Rcvr_800_GUPPI (6432 TOAs)...
  [J2317+1439] zeroing residuals...
  [J2317+1439] adding red noise...
  [J2317+1439] white noise for L-wide_PUPPI (9563 TOAs)...
  [J2317+1439] white noise for 430_ASP (458 TOAs)...
  [J2317+1439] white noise for 430_PUPPI (3217 TOAs)...
  [J2317+1439] white noise for 327_ASP (413 TOAs)...
  [J2317+1439] white noise for 327_PUPPI (276 TOAs)...
  [J2322+2057] zeroing residuals...
  [J2322+2057] adding red noise...
  [J2322+2057] white noise for L-wide_PUPPI (2196 TOAs)...
  [J2322+2057] white noise for 430_PUPPI (752 TOAs)...
  [J2322+2057] white noise for S-wide_PUPPI (140 TOAs)...
Resetting pulsars to clean stoas...
Restore: 0.01 s
Inject: 0.00 s
Snapshotting into enterprise Pulsar objects...
Building PTA...
PTA build: 523.48 s
Computing optimal statistic...
OS time: 42.66 s
Total: 566.14 s
Noise-only SNR baseline: -1.5250

Generating SNR-consistent population...
Target SNR: 4.0
Resetting pulsars to clean stoas...
Restore: 0.00 s
Injecting population...
  B1855+09: RMS = 3313.601 ns
  B1937+21: RMS = 2892.473 ns
  B1953+29: RMS = 2228.365 ns
  J0023+0923: RMS = 4818.122 ns
  J0030+0451: RMS = 4892.895 ns
  J0340+4130: RMS = 4202.117 ns
  J0406+3039: RMS = 3366.520 ns
  J0437-4715: RMS = 3868.600 ns
  J0509+0856: RMS = 1998.562 ns
  J0557+1551: RMS = 3094.278 ns
  J0605+3757: RMS = 720.547 ns
  J0610-2100: RMS = 1427.076 ns
  J0613-0200: RMS = 5148.960 ns
  J0636+5128: RMS = 3849.654 ns
  J0645+5158: RMS = 4322.547 ns
  J0709+0458: RMS = 1289.032 ns
  J0740+6620: RMS = 4072.646 ns
  J0931-1902: RMS = 1027.436 ns
  J1012+5307: RMS = 2959.237 ns
  J1012-4235: RMS = 853.009 ns
  J1022+1001: RMS = 1741.020 ns
  J1024-0719: RMS = 1774.217 ns
  J1125+7819: RMS = 1756.905 ns
  J1312+0051: RMS = 517.982 ns
  J1453+1902: RMS = 693.015 ns
  J1455-3330: RMS = 1616.835 ns
  J1600-3053: RMS = 411.690 ns
  J1614-2230: RMS = 555.074 ns
  J1630+3734: RMS = 1988.623 ns
  J1640+2224: RMS = 2109.477 ns
  J1643-1224: RMS = 927.582 ns
  J1705-1903: RMS = 314.883 ns
  J1713+0747: RMS = 1409.483 ns
  J1719-1438: RMS = 388.156 ns
  J1730-2304: RMS = 197.143 ns
  J1738+0333: RMS = 1062.390 ns
  J1741+1351: RMS = 1828.976 ns
  J1744-1134: RMS = 1861.760 ns
  J1745+1017: RMS = 1432.893 ns
  J1747-4036: RMS = 3167.938 ns
  J1751-2857: RMS = 701.932 ns
  J1802-2124: RMS = 904.381 ns
  J1811-2405: RMS = 1379.741 ns
  J1832-0836: RMS = 2127.072 ns
  J1843-1113: RMS = 1831.241 ns
  J1853+1303: RMS = 2418.929 ns
  J1903+0327: RMS = 3724.477 ns
  J1909-3744: RMS = 4255.480 ns
  J1910+1256: RMS = 2759.257 ns
  J1911+1347: RMS = 2749.263 ns
  J1918-0642: RMS = 4536.908 ns
  J1923+2515: RMS = 1721.049 ns
  J1944+0907: RMS = 3473.692 ns
  J1946+3417: RMS = 881.275 ns
  J2010-1323: RMS = 3875.086 ns
  J2017+0603: RMS = 3357.079 ns
  J2033+1734: RMS = 2549.674 ns
  J2043+1711: RMS = 3074.018 ns
  J2124-3358: RMS = 3347.048 ns
  J2145-0750: RMS = 4955.170 ns
  J2214+3000: RMS = 2926.452 ns
  J2229+2643: RMS = 3606.198 ns
  J2234+0611: RMS = 4071.046 ns
  J2234+0944: RMS = 2433.965 ns
  J2302+4442: RMS = 2170.620 ns
  J2317+1439: RMS = 2931.945 ns
  J2322+2057: RMS = 4409.176 ns
Inject: 0.76 s
Snapshotting into enterprise Pulsar objects...
Building PTA...
PTA build: 528.83 s
Computing optimal statistic...
OS time: 44.09 s
Total: 573.68 s
Initial SNR: -6.4978, Target SNR: 4.0000
  ✗ Initial SNR -6.4978 is non-positive, cannot scale distances.
✗ Simulation 1, trial 1 FAILED, retrying...

Generating SNR-consistent population...
Target SNR: 4.0
Resetting pulsars to clean stoas...
Restore: 0.01 s
Injecting population...
  B1855+09: RMS = 2776.580 ns
  B1937+21: RMS = 5829.552 ns
  B1953+29: RMS = 4461.644 ns
  J0023+0923: RMS = 2647.005 ns
  J0030+0451: RMS = 1260.179 ns
  J0340+4130: RMS = 1076.397 ns
  J0406+3039: RMS = 774.714 ns
  J0437-4715: RMS = 583.210 ns
  J0509+0856: RMS = 1067.371 ns
  J0557+1551: RMS = 1874.058 ns
  J0605+3757: RMS = 697.209 ns
  J0610-2100: RMS = 2106.585 ns
  J0613-0200: RMS = 1302.097 ns
  J0636+5128: RMS = 646.278 ns
  J0645+5158: RMS = 1201.222 ns
  J0709+0458: RMS = 1680.941 ns
  J0740+6620: RMS = 591.663 ns
  J0931-1902: RMS = 937.305 ns
  J1012+5307: RMS = 2399.816 ns
  J1012-4235: RMS = 1898.754 ns
  J1022+1001: RMS = 3904.355 ns
  J1024-0719: RMS = 1386.107 ns
  J1125+7819: RMS = 1761.817 ns
  J1312+0051: RMS = 978.484 ns
  J1453+1902: RMS = 1698.303 ns
  J1455-3330: RMS = 1502.717 ns
  J1600-3053: RMS = 1495.258 ns
  J1614-2230: RMS = 2280.290 ns
  J1630+3734: RMS = 190.256 ns
  J1640+2224: RMS = 3059.027 ns
  J1643-1224: RMS = 2149.170 ns
  J1705-1903: RMS = 1025.058 ns
  J1713+0747: RMS = 2825.659 ns
  J1719-1438: RMS = 962.887 ns
  J1730-2304: RMS = 765.800 ns
  J1738+0333: RMS = 4042.286 ns
  J1741+1351: RMS = 3341.899 ns
  J1744-1134: RMS = 3124.122 ns
  J1745+1017: RMS = 3017.063 ns
  J1747-4036: RMS = 724.465 ns
  J1751-2857: RMS = 427.455 ns
  J1802-2124: RMS = 433.944 ns
  J1811-2405: RMS = 308.181 ns
  J1832-0836: RMS = 791.164 ns
  J1843-1113: RMS = 258.173 ns
  J1853+1303: RMS = 3137.765 ns
  J1903+0327: RMS = 2776.772 ns
  J1909-3744: RMS = 2035.239 ns
  J1910+1256: RMS = 3751.733 ns
  J1911+1347: RMS = 2439.217 ns
  J1918-0642: RMS = 2200.784 ns
  J1923+2515: RMS = 5058.977 ns
  J1944+0907: RMS = 2871.934 ns
  J1946+3417: RMS = 4971.364 ns
  J2010-1323: RMS = 772.646 ns
  J2017+0603: RMS = 2101.815 ns
  J2033+1734: RMS = 1024.706 ns
  J2043+1711: RMS = 2687.938 ns
  J2124-3358: RMS = 1223.921 ns
  J2145-0750: RMS = 780.653 ns
  J2214+3000: RMS = 1930.056 ns
  J2229+2643: RMS = 1438.536 ns
  J2234+0611: RMS = 1061.316 ns
  J2234+0944: RMS = 1526.297 ns
  J2302+4442: RMS = 1843.975 ns
  J2317+1439: RMS = 684.344 ns
  J2322+2057: RMS = 506.246 ns
Inject: 0.81 s
Snapshotting into enterprise Pulsar objects...
Building PTA...
PTA build: 535.84 s
Computing optimal statistic...
OS time: 41.42 s
Total: 578.08 s
Initial SNR: 31.7010, Target SNR: 4.0000
  Initial SNR 31.7010 outside of provided SNR_range [3.5, 4.25] — rescaling.
Scaling distances by factor 2.4523 to achieve target SNR...
Resetting pulsars to clean stoas...
Restore: 0.00 s
Injecting population...
  B1855+09: RMS = 1132.235 ns
  B1937+21: RMS = 2377.177 ns
  B1953+29: RMS = 1819.371 ns
  J0023+0923: RMS = 1079.396 ns
  J0030+0451: RMS = 513.876 ns
  J0340+4130: RMS = 438.934 ns
  J0406+3039: RMS = 315.913 ns
  J0437-4715: RMS = 237.822 ns
  J0509+0856: RMS = 435.253 ns
  J0557+1551: RMS = 764.204 ns
  J0605+3757: RMS = 284.308 ns
  J0610-2100: RMS = 859.024 ns
  J0613-0200: RMS = 530.969 ns
  J0636+5128: RMS = 263.540 ns
  J0645+5158: RMS = 489.835 ns
  J0709+0458: RMS = 685.455 ns
  J0740+6620: RMS = 241.268 ns
  J0931-1902: RMS = 382.215 ns
  J1012+5307: RMS = 978.598 ns
  J1012-4235: RMS = 774.274 ns
  J1022+1001: RMS = 1592.119 ns
  J1024-0719: RMS = 565.227 ns
  J1125+7819: RMS = 718.434 ns
  J1312+0051: RMS = 399.006 ns
  J1453+1902: RMS = 692.534 ns
  J1455-3330: RMS = 612.778 ns
  J1600-3053: RMS = 609.737 ns
  J1614-2230: RMS = 929.857 ns
  J1630+3734: RMS = 77.583 ns
  J1640+2224: RMS = 1247.411 ns
  J1643-1224: RMS = 876.389 ns
  J1705-1903: RMS = 417.998 ns
  J1713+0747: RMS = 1152.248 ns
  J1719-1438: RMS = 392.646 ns
  J1730-2304: RMS = 312.278 ns
  J1738+0333: RMS = 1648.365 ns
  J1741+1351: RMS = 1362.760 ns
  J1744-1134: RMS = 1273.955 ns
  J1745+1017: RMS = 1230.299 ns
  J1747-4036: RMS = 295.423 ns
  J1751-2857: RMS = 174.308 ns
  J1802-2124: RMS = 176.954 ns
  J1811-2405: RMS = 125.670 ns
  J1832-0836: RMS = 322.621 ns
  J1843-1113: RMS = 105.278 ns
  J1853+1303: RMS = 1279.519 ns
  J1903+0327: RMS = 1132.313 ns
  J1909-3744: RMS = 829.930 ns
  J1910+1256: RMS = 1529.883 ns
  J1911+1347: RMS = 994.665 ns
  J1918-0642: RMS = 897.437 ns
  J1923+2515: RMS = 2062.951 ns
  J1944+0907: RMS = 1171.118 ns
  J1946+3417: RMS = 2027.224 ns
  J2010-1323: RMS = 315.070 ns
  J2017+0603: RMS = 857.079 ns
  J2033+1734: RMS = 417.855 ns
  J2043+1711: RMS = 1096.088 ns
  J2124-3358: RMS = 499.091 ns
  J2145-0750: RMS = 318.335 ns
  J2214+3000: RMS = 787.039 ns
  J2229+2643: RMS = 586.607 ns
  J2234+0611: RMS = 432.784 ns
  J2234+0944: RMS = 622.394 ns
  J2302+4442: RMS = 751.937 ns
  J2317+1439: RMS = 279.062 ns
  J2322+2057: RMS = 206.437 ns
Inject: 0.76 s
Snapshotting into enterprise Pulsar objects...
Building PTA...
PTA build: 523.80 s
Computing optimal statistic...
OS time: 42.01 s
Total: 566.57 s
  SNR 5.6901 outside of provided SNR_range [3.5, 4.25] — rescaling.
[Iteration 1/4] SNR after scaling: 5.6901 (target: 4.0000)
  SNR history: it0→31.7010@1.0000x, it1→5.6901@2.4523x
  Re-scaling distances by factor 1.1697  (cumulative after: 2.8685×)
Resetting pulsars to clean stoas...
Restore: 1.38 s
Injecting population...
  B1855+09: RMS = 967.951 ns
  B1937+21: RMS = 2032.257 ns
  B1953+29: RMS = 1555.386 ns
  J0023+0923: RMS = 922.780 ns
  J0030+0451: RMS = 439.315 ns
  J0340+4130: RMS = 375.246 ns
  J0406+3039: RMS = 270.075 ns
  J0437-4715: RMS = 203.314 ns
  J0509+0856: RMS = 372.099 ns
  J0557+1551: RMS = 653.321 ns
  J0605+3757: RMS = 243.056 ns
  J0610-2100: RMS = 734.383 ns
  J0613-0200: RMS = 453.928 ns
  J0636+5128: RMS = 225.301 ns
  J0645+5158: RMS = 418.762 ns
  J0709+0458: RMS = 585.998 ns
  J0740+6620: RMS = 206.261 ns
  J0931-1902: RMS = 326.757 ns
  J1012+5307: RMS = 836.607 ns
  J1012-4235: RMS = 661.930 ns
  J1022+1001: RMS = 1361.108 ns
  J1024-0719: RMS = 483.215 ns
  J1125+7819: RMS = 614.192 ns
  J1312+0051: RMS = 341.112 ns
  J1453+1902: RMS = 592.050 ns
  J1455-3330: RMS = 523.866 ns
  J1600-3053: RMS = 521.266 ns
  J1614-2230: RMS = 794.938 ns
  J1630+3734: RMS = 66.326 ns
  J1640+2224: RMS = 1066.416 ns
  J1643-1224: RMS = 749.228 ns
  J1705-1903: RMS = 357.348 ns
  J1713+0747: RMS = 985.061 ns
  J1719-1438: RMS = 335.675 ns
  J1730-2304: RMS = 266.968 ns
  J1738+0333: RMS = 1409.193 ns
  J1741+1351: RMS = 1165.029 ns
  J1744-1134: RMS = 1089.109 ns
  J1745+1017: RMS = 1051.787 ns
  J1747-4036: RMS = 252.558 ns
  J1751-2857: RMS = 149.016 ns
  J1802-2124: RMS = 151.278 ns
  J1811-2405: RMS = 107.436 ns
  J1832-0836: RMS = 275.810 ns
  J1843-1113: RMS = 90.002 ns
  J1853+1303: RMS = 1093.865 ns
  J1903+0327: RMS = 968.018 ns
  J1909-3744: RMS = 709.510 ns
  J1910+1256: RMS = 1307.902 ns
  J1911+1347: RMS = 850.342 ns
  J1918-0642: RMS = 767.222 ns
  J1923+2515: RMS = 1763.624 ns
  J1944+0907: RMS = 1001.193 ns
  J1946+3417: RMS = 1733.081 ns
  J2010-1323: RMS = 269.354 ns
  J2017+0603: RMS = 732.720 ns
  J2033+1734: RMS = 357.226 ns
  J2043+1711: RMS = 937.050 ns
  J2124-3358: RMS = 426.674 ns
  J2145-0750: RMS = 272.145 ns
  J2214+3000: RMS = 672.842 ns
  J2229+2643: RMS = 501.492 ns
  J2234+0611: RMS = 369.988 ns
  J2234+0944: RMS = 532.087 ns
  J2302+4442: RMS = 642.833 ns
  J2317+1439: RMS = 238.571 ns
  J2322+2057: RMS = 176.484 ns
Inject: 0.78 s
Snapshotting into enterprise Pulsar objects...
Building PTA...
PTA build: 541.53 s
Computing optimal statistic...
OS time: 41.04 s
Total: 584.73 s
  ✓ SNR is within the provided SNR_range: 4.1043 ∈ [3.5, 4.25]

Final SNR history:
  it 0: cumulative_scale=1.0000×  SNR=31.7010
  it 1: cumulative_scale=2.4523×  SNR=5.6901
  it 2: cumulative_scale=2.8685×  SNR=4.1043
✓ Simulation 1 done (2306.0 s)

======================================================================
ENSEMBLE SUMMARY
======================================================================
Success rate: 100.0% (1/1)

Binaries per population:
  Mean ± std : 20000 ± 0
  Range      : [20000, 20000]

SNR achieved:
  Mean ± std : 4.1043 ± 0.0000
  Range      : [4.1043, 4.1043]

Total time: 2914.4 s (48.6 min)
======================================================================

💾 Saved: data/2026-04-29/realistic_run_193/consistent_population_realistic_targetSNR4.25_sims1.json
💾 Saved compressed pickle: data/2026-04-29/realistic_run_193/consistent_population_realistic_targetSNR4.25_sims1.pkl.gz

======================================================================
CONTINUOUS WAVE SNR ANALYSIS
======================================================================

--- Population 1 ---
Precomputation of phiinvs, TNTs, Ts, Nvecs, Sigmas took 0.04 seconds.
Total SNR computation for population took 430.03 seconds.
Top 50 CGW candidates:
   1. proxy_rank=  63  sky_w=1.31  f=3.81e-08 Hz  Mc=1.95e+10 Msun  h0=1.35e-14  SNR=15.883
   2. proxy_rank=  14  sky_w=1.19  f=6.86e-09 Hz  Mc=2.32e+10 Msun  h0=5.95e-15  SNR=7.663
   3. proxy_rank=  40  sky_w=1.44  f=8.47e-09 Hz  Mc=1.10e+10 Msun  h0=3.57e-15  SNR=6.401
   4. proxy_rank=  12  sky_w=1.61  f=7.36e-09 Hz  Mc=2.07e+10 Msun  h0=4.81e-15  SNR=3.927
   5. proxy_rank=  46  sky_w=1.60  f=8.84e-09 Hz  Mc=1.42e+10 Msun  h0=3.02e-15  SNR=3.339
   6. proxy_rank=  25  sky_w=1.21  f=5.38e-09 Hz  Mc=1.69e+10 Msun  h0=3.39e-15  SNR=3.095
   7. proxy_rank=   3  sky_w=1.30  f=2.46e-09 Hz  Mc=2.32e+10 Msun  h0=4.41e-15  SNR=2.758
   8. proxy_rank=   1  sky_w=1.58  f=2.02e-09 Hz  Mc=3.15e+10 Msun  h0=4.56e-15  SNR=2.666
   9. proxy_rank=   2  sky_w=1.05  f=2.01e-09 Hz  Mc=4.01e+10 Msun  h0=6.26e-15  SNR=2.645
  10. proxy_rank=  37  sky_w=0.88  f=4.54e-09 Hz  Mc=1.92e+10 Msun  h0=3.50e-15  SNR=2.426
  11. proxy_rank= 265  sky_w=1.12  f=1.32e-08 Hz  Mc=7.81e+09 Msun  h0=1.39e-15  SNR=2.374
  12. proxy_rank=   5  sky_w=1.42  f=2.82e-09 Hz  Mc=2.22e+10 Msun  h0=3.01e-15  SNR=2.371
  13. proxy_rank=  34  sky_w=1.31  f=4.00e-09 Hz  Mc=1.57e+10 Msun  h0=2.18e-15  SNR=2.297
  14. proxy_rank=  17  sky_w=1.15  f=3.14e-09 Hz  Mc=1.46e+10 Msun  h0=2.71e-15  SNR=2.195
  15. proxy_rank=  60  sky_w=1.16  f=4.81e-09 Hz  Mc=1.32e+10 Msun  h0=1.96e-15  SNR=2.071
  16. proxy_rank=  68  sky_w=1.05  f=4.77e-09 Hz  Mc=1.41e+10 Msun  h0=1.89e-15  SNR=1.828
  17. proxy_rank= 249  sky_w=0.91  f=9.39e-09 Hz  Mc=8.71e+09 Msun  h0=1.32e-15  SNR=1.712
  18. proxy_rank= 498  sky_w=1.03  f=2.25e-08 Hz  Mc=6.01e+09 Msun  h0=1.29e-15  SNR=1.689
  19. proxy_rank=   6  sky_w=1.26  f=3.17e-09 Hz  Mc=2.40e+10 Msun  h0=3.55e-15  SNR=1.668
  20. proxy_rank= 170  sky_w=1.58  f=6.83e-09 Hz  Mc=7.30e+09 Msun  h0=8.05e-16  SNR=1.660
  21. proxy_rank= 135  sky_w=1.53  f=1.01e-08 Hz  Mc=9.02e+09 Msun  h0=1.47e-15  SNR=1.617
  22. proxy_rank=   4  sky_w=1.61  f=2.14e-09 Hz  Mc=1.82e+10 Msun  h0=2.41e-15  SNR=1.602
  23. proxy_rank=  11  sky_w=1.45  f=2.60e-09 Hz  Mc=1.67e+10 Msun  h0=1.91e-15  SNR=1.512
  24. proxy_rank= 114  sky_w=1.21  f=8.03e-09 Hz  Mc=5.66e+09 Msun  h0=1.67e-15  SNR=1.306
  25. proxy_rank=  75  sky_w=0.96  f=5.27e-09 Hz  Mc=1.30e+10 Msun  h0=1.93e-15  SNR=1.269
  26. proxy_rank=  21  sky_w=1.09  f=2.78e-09 Hz  Mc=1.81e+10 Msun  h0=2.15e-15  SNR=1.268
  27. proxy_rank=  56  sky_w=1.34  f=3.40e-09 Hz  Mc=1.25e+10 Msun  h0=1.21e-15  SNR=1.229
  28. proxy_rank= 323  sky_w=1.62  f=9.57e-09 Hz  Mc=5.04e+09 Msun  h0=5.80e-16  SNR=1.212
  29. proxy_rank=  81  sky_w=1.54  f=4.17e-09 Hz  Mc=9.40e+09 Msun  h0=8.86e-16  SNR=1.210
  30. proxy_rank=  24  sky_w=1.04  f=3.54e-09 Hz  Mc=1.88e+10 Msun  h0=2.68e-15  SNR=1.198
  31. proxy_rank= 295  sky_w=1.05  f=7.81e-09 Hz  Mc=5.83e+09 Msun  h0=7.83e-16  SNR=1.104
  32. proxy_rank= 168  sky_w=0.54  f=4.94e-09 Hz  Mc=1.04e+10 Msun  h0=1.72e-15  SNR=1.084
  33. proxy_rank=  20  sky_w=1.06  f=2.93e-09 Hz  Mc=1.91e+10 Msun  h0=2.36e-15  SNR=1.044
  34. proxy_rank=  43  sky_w=0.86  f=2.91e-09 Hz  Mc=1.76e+10 Msun  h0=1.96e-15  SNR=1.026
  35. proxy_rank= 187  sky_w=0.77  f=5.51e-09 Hz  Mc=5.36e+09 Msun  h0=1.21e-15  SNR=1.015
  36. proxy_rank=  57  sky_w=0.55  f=3.41e-09 Hz  Mc=1.69e+10 Msun  h0=2.96e-15  SNR=0.992
  37. proxy_rank=   8  sky_w=1.55  f=2.49e-09 Hz  Mc=1.10e+10 Msun  h0=2.00e-15  SNR=0.963
  38. proxy_rank=  70  sky_w=1.53  f=3.43e-09 Hz  Mc=9.87e+09 Msun  h0=8.93e-16  SNR=0.910
  39. proxy_rank= 106  sky_w=1.26  f=4.04e-09 Hz  Mc=9.52e+09 Msun  h0=8.90e-16  SNR=0.900
  40. proxy_rank=  77  sky_w=0.57  f=3.13e-09 Hz  Mc=1.66e+10 Msun  h0=1.85e-15  SNR=0.866
  41. proxy_rank=  85  sky_w=1.21  f=3.67e-09 Hz  Mc=8.07e+09 Msun  h0=9.54e-16  SNR=0.849
  42. proxy_rank= 159  sky_w=0.63  f=5.11e-09 Hz  Mc=1.23e+10 Msun  h0=1.57e-15  SNR=0.837
  43. proxy_rank= 252  sky_w=0.54  f=5.80e-09 Hz  Mc=1.08e+10 Msun  h0=1.37e-15  SNR=0.826
  44. proxy_rank=  91  sky_w=1.16  f=3.68e-09 Hz  Mc=1.02e+10 Msun  h0=9.54e-16  SNR=0.814
  45. proxy_rank= 255  sky_w=0.83  f=5.38e-09 Hz  Mc=8.04e+09 Msun  h0=8.04e-16  SNR=0.785
  46. proxy_rank= 109  sky_w=0.79  f=3.42e-09 Hz  Mc=1.21e+10 Msun  h0=1.17e-15  SNR=0.775
  47. proxy_rank=  15  sky_w=1.57  f=2.00e-09 Hz  Mc=1.52e+10 Msun  h0=1.30e-15  SNR=0.768
  48. proxy_rank=  69  sky_w=0.89  f=3.58e-09 Hz  Mc=1.29e+10 Msun  h0=1.65e-15  SNR=0.748
  49. proxy_rank= 191  sky_w=0.76  f=4.11e-09 Hz  Mc=9.33e+09 Msun  h0=8.88e-16  SNR=0.739
  50. proxy_rank=  50  sky_w=1.08  f=3.92e-09 Hz  Mc=1.46e+10 Msun  h0=1.90e-15  SNR=0.721
💾 Saved: data/2026-04-29/realistic_run_193/consistent_population_realistic_targetSNR4.25_sims1.json
💾 Saved compressed pickle: data/2026-04-29/realistic_run_193/consistent_population_realistic_targetSNR4.25_sims1.pkl.gz
Saved to figures/cgw_analysis_realistic.pdf

======================================================================
ANALYSIS COMPLETE
Results saved to: data/2026-04-29/realistic_run_193
======================================================================

==========================================
Job finished at: Wed Apr 29 14:32:57 AEST 2026
Exit code: 0
==========================================

+------------------ Job Report: 11737330 (COMPLETED) ------------------+
| Memory (RAM)  [####################] 100.5% (32.2 GB peak / 32 GB)   |
| CPU           [##############      ] 72.0% average                   |
| Time          [-------------->     ] 74.0% (0-00:59:11 / 0-01:20:00) |
|                                                                      |
| Lustre Filesystem:                                                   |
|   Path    Total Read    Total Write    Total IOPS                    |
|   ------  ------------  -------------  ------------                  |
|   /apps   0 B           0 B            895                           |
|   /fred   96 KB         6.4 MB         119                           |
|   /home   1.6 MB        0 B            2.8 K                         |
|   OS      0 B           0 B            2                             |
|                                                                      |
| Warnings:                                                            |
|   - CPU usage is low                                                 |
+----------------------------------------------------------------------+
