==========================================
Job ID: 11718053
Job Name: smbhb_pessimistic
Node: dave305
Start Time: Tue Apr 28 17:20:06 AEST 2026
==========================================

/home/bhoulden/.conda/envs/smbhb312/share/tempo2
Working directory: /fred/oz005/users/bhoulden/SMBHB_population_injections

Loaded modules:

Starting SMBHB analysis...
==========================================

📁 Save directory: data/2026-04-28/pessimistic_run_46
📝 Run name: pessimistic_run_46

[MEM] Start: 244.2 MB

📡 Loading pulsars...
======================================================================
LOADING NANOGRAV PULSARS (libstempo)
======================================================================

📦 Loading from cache: nanograv_pulsars_cache.pkl
⚠ Cache load failed: Ran out of input
[DEBUG] Found 76 .par files
[tempo2Util.C:396] Warning: [MISC1] Unknown parameter in par file:  DMDATA
[tempo2Util.C:401] Warning: [DUP1] duplicated warnings have been suppressed.

WARNING: Using tempo RNAMP parameter: setting TNRedC to 100!
[observatory.C:271] Warning: Assuming site 'arecibo' means 'ao'
✓ Loaded B1855+09 (7758 TOAs)

WARNING: Using tempo RNAMP parameter: setting TNRedC to 100!
✓ Loaded B1937+21 (23023 TOAs)

WARNING: Using tempo RNAMP parameter: setting TNRedC to 100!
✓ Loaded B1937+21ao (7241 TOAs)

WARNING: Using tempo RNAMP parameter: setting TNRedC to 100!
✓ Loaded B1937+21gbt (16048 TOAs)

WARNING: Using tempo RNAMP parameter: setting TNRedC to 100!
✓ Loaded B1953+29 (5126 TOAs)
✓ Loaded J0023+0923 (15896 TOAs)

WARNING: Using tempo RNAMP parameter: setting TNRedC to 100!
✓ Loaded J0030+0451 (19571 TOAs)
✓ Loaded J0340+4130 (11093 TOAs)
✓ Loaded J0406+3039 (2446 TOAs)

WARNING: Using tempo RNAMP parameter: setting TNRedC to 100!
✓ Loaded J0437-4715 (5830 TOAs)
✓ Loaded J0509+0856 (2169 TOAs)
✓ Loaded J0557+1551 (525 TOAs)
✓ Loaded J0605+3757 (554 TOAs)

WARNING: Using tempo RNAMP parameter: setting TNRedC to 100!
✓ Loaded J0610-2100 (4885 TOAs)

WARNING: Using tempo RNAMP parameter: setting TNRedC to 100!
✓ Loaded J0613-0200 (17124 TOAs)
✓ Loaded J0614-3329 (1714 TOAs)
✓ Loaded J0636+5128 (32222 TOAs)
✓ Loaded J0645+5158 (10403 TOAs)
✓ Loaded J0709+0458 (3030 TOAs)
✓ Loaded J0740+6620 (13401 TOAs)
✓ Loaded J0931-1902 (5473 TOAs)

WARNING: Using tempo RNAMP parameter: setting TNRedC to 100!
✓ Loaded J1012+5307 (25837 TOAs)
✓ Loaded J1012-4235 (797 TOAs)
✓ Loaded J1022+1001 (3978 TOAs)
✓ Loaded J1024-0719 (12635 TOAs)
✓ Loaded J1125+7819 (8723 TOAs)
✓ Loaded J1312+0051 (1705 TOAs)
✓ Loaded J1453+1902 (2551 TOAs)
✓ Loaded J1455-3330 (10818 TOAs)

WARNING: Using tempo RNAMP parameter: setting TNRedC to 100!
✓ Loaded J1600-3053 (22955 TOAs)

WARNING: Using tempo RNAMP parameter: setting TNRedC to 100!
✓ Loaded J1600-3053gbt (19725 TOAs)

WARNING: Using tempo RNAMP parameter: setting TNRedC to 100!
✓ Loaded J1614-2230 (18445 TOAs)
✓ Loaded J1630+3734 (1815 TOAs)
✓ Loaded J1640+2224 (14066 TOAs)

WARNING: Using tempo RNAMP parameter: setting TNRedC to 100!
✓ Loaded J1643-1224 (22144 TOAs)

WARNING: Using tempo RNAMP parameter: setting TNRedC to 100!
✓ Loaded J1643-1224gbt (17932 TOAs)

WARNING: Using tempo RNAMP parameter: setting TNRedC to 100!
✓ Loaded J1705-1903 (9871 TOAs)

WARNING: Using tempo RNAMP parameter: setting TNRedC to 100!
✓ Loaded J1713+0747 (59389 TOAs)

WARNING: Using tempo RNAMP parameter: setting TNRedC to 100!
✓ Loaded J1713+0747ao (21362 TOAs)

WARNING: Using tempo RNAMP parameter: setting TNRedC to 100!
✓ Loaded J1713+0747gbt (32963 TOAs)
✓ Loaded J1719-1438 (6356 TOAs)
✓ Loaded J1730-2304 (4870 TOAs)
✓ Loaded J1738+0333 (8790 TOAs)
✓ Loaded J1741+1351 (5582 TOAs)

WARNING: Using tempo RNAMP parameter: setting TNRedC to 100!
✓ Loaded J1744-1134 (17745 TOAs)

WARNING: Using tempo RNAMP parameter: setting TNRedC to 100!
✓ Loaded J1745+1017 (3017 TOAs)

WARNING: Using tempo RNAMP parameter: setting TNRedC to 100!
✓ Loaded J1747-4036 (11055 TOAs)
✓ Loaded J1751-2857 (2025 TOAs)

WARNING: Using tempo RNAMP parameter: setting TNRedC to 100!
✓ Loaded J1802-2124 (6796 TOAs)
✓ Loaded J1811-2405 (5266 TOAs)
✓ Loaded J1832-0836 (7739 TOAs)
✓ Loaded J1843-1113 (4595 TOAs)

WARNING: Using tempo RNAMP parameter: setting TNRedC to 100!
✓ Loaded J1853+1303 (4570 TOAs)

WARNING: Using tempo RNAMP parameter: setting TNRedC to 100!
✓ Loaded J1903+0327 (6856 TOAs)

WARNING: Using tempo RNAMP parameter: setting TNRedC to 100!
✓ Loaded J1903+0327ao (6423 TOAs)

WARNING: Using tempo RNAMP parameter: setting TNRedC to 100!
✓ Loaded J1909-3744 (35037 TOAs)

WARNING: Using tempo RNAMP parameter: setting TNRedC to 100!
✓ Loaded J1909-3744gbt (31526 TOAs)
✓ Loaded J1910+1256 (6486 TOAs)
✓ Loaded J1911+1347 (3786 TOAs)
✓ Loaded J1918-0642 (18875 TOAs)
✓ Loaded J1923+2515 (3974 TOAs)
✓ Loaded J1944+0907 (5328 TOAs)

WARNING: Using tempo RNAMP parameter: setting TNRedC to 100!
✓ Loaded J1946+3417 (4743 TOAs)
✓ Loaded J2010-1323 (17077 TOAs)
✓ Loaded J2017+0603 (3512 TOAs)
✓ Loaded J2033+1734 (3847 TOAs)
✓ Loaded J2043+1711 (7397 TOAs)
✓ Loaded J2124-3358 (4982 TOAs)

WARNING: Using tempo RNAMP parameter: setting TNRedC to 100!
✓ Loaded J2145-0750 (18675 TOAs)
✓ Loaded J2214+3000 (7406 TOAs)
✓ Loaded J2229+2643 (3711 TOAs)

WARNING: Using tempo RNAMP parameter: setting TNRedC to 100!
✓ Loaded J2234+0611 (3566 TOAs)
✓ Loaded J2234+0944 (7535 TOAs)
✓ Loaded J2302+4442 (10211 TOAs)
✓ Loaded J2317+1439 (13927 TOAs)
✓ Loaded J2322+2057 (3088 TOAs)
⚠ Could not save cache: no default __reduce__ due to non-trivial __cinit__

✓ Loaded 76 pulsars
✗ Failed: 0 — []
[MEM] After loading pulsars: 8872.6 MB

🔍 Filtering pulsars...

Filtered: 76 → 67 pulsars
[MEM] After filtering pulsars: 8873.8 MB
[MEM] After garbage collection: 8873.9 MB

======================================================================
SMBHB POPULATION ANALYSIS
======================================================================

Configuration: pessimistic
  Lower mass, lower spread in distance, large population
  N_binaries: 10000000

======================================================================
CONSISTENT POPULATION SYNTHESIS
======================================================================

======================================================================
GENERATING SNR-CONSISTENT POPULATIONS
======================================================================
Target SNR:          4.0
Simulations:         1
======================================================================


──────────────────────────────────────────────────────────────────────
SIMULATION 1/1
──────────────────────────────────────────────────────────────────────
  [B1855+09] zeroing residuals...
  [B1855+09] adding red noise...
  [B1855+09] white noise for 430_PUPPI (1185 TOAs)...
  [B1855+09] white noise for L-wide_PUPPI (5005 TOAs)...
  [B1855+09] white noise for 430_ASP (390 TOAs)...
  [B1855+09] white noise for L-wide_ASP (1178 TOAs)...
  [B1937+21] zeroing residuals...
  [B1937+21] adding red noise...
  [B1937+21] white noise for Rcvr_800_GASP (586 TOAs)...
  [B1937+21] white noise for S-wide_ASP (344 TOAs)...
  [B1937+21] white noise for Rcvr1_2_GUPPI (7048 TOAs)...
  [B1937+21] white noise for L-wide_PUPPI (4133 TOAs)...
  [B1937+21] white noise for S-wide_PUPPI (2251 TOAs)...
  [B1937+21] white noise for Rcvr_800_GUPPI (7140 TOAs)...
  [B1937+21] white noise for L-wide_ASP (452 TOAs)...
  [B1937+21] white noise for Rcvr1_2_GASP (1069 TOAs)...
  [B1953+29] zeroing residuals...
  [B1953+29] adding red noise...
  [B1953+29] white noise for 430_PUPPI (941 TOAs)...
  [B1953+29] white noise for S-wide_ASP (25 TOAs)...
  [B1953+29] white noise for L-wide_PUPPI (4037 TOAs)...
  [B1953+29] white noise for 430_ASP (29 TOAs)...
  [B1953+29] white noise for L-wide_ASP (94 TOAs)...
  [J0023+0923] zeroing residuals...
  [J0023+0923] adding red noise...
  [J0023+0923] white noise for 430_PUPPI (4564 TOAs)...
  [J0023+0923] white noise for L-wide_PUPPI (11123 TOAs)...
  [J0023+0923] white noise for 430_ASP (90 TOAs)...
  [J0023+0923] white noise for L-wide_ASP (119 TOAs)...
  [J0030+0451] zeroing residuals...
  [J0030+0451] adding red noise...
  [J0030+0451] white noise for 430_PUPPI (3068 TOAs)...
  [J0030+0451] white noise for L-wide_PUPPI (12774 TOAs)...
  [J0030+0451] white noise for S-wide_PUPPI (2673 TOAs)...
  [J0030+0451] white noise for 430_ASP (267 TOAs)...
  [J0030+0451] white noise for L-wide_ASP (789 TOAs)...
  [J0340+4130] zeroing residuals...
  [J0340+4130] adding red noise...
  [J0340+4130] white noise for Rcvr_800_GUPPI (6056 TOAs)...
  [J0340+4130] white noise for Rcvr1_2_GUPPI (5037 TOAs)...
  [J0406+3039] zeroing residuals...
  [J0406+3039] adding red noise...
  [J0406+3039] white noise for S-wide_PUPPI (575 TOAs)...
  [J0406+3039] white noise for L-wide_PUPPI (1871 TOAs)...
  [J0437-4715] zeroing residuals...
  [J0437-4715] adding red noise...
  [J0437-4715] white noise for 3GHz_YUPPI (3696 TOAs)...
  [J0437-4715] white noise for 1.5GHz_YUPPI (2134 TOAs)...
  [J0509+0856] zeroing residuals...
  [J0509+0856] adding red noise...
  [J0509+0856] white noise for S-wide_PUPPI (544 TOAs)...
  [J0509+0856] white noise for L-wide_PUPPI (1625 TOAs)...
  [J0557+1551] zeroing residuals...
  [J0557+1551] adding red noise...
  [J0557+1551] white noise for S-wide_PUPPI (58 TOAs)...
  [J0557+1551] white noise for L-wide_PUPPI (467 TOAs)...
  [J0605+3757] zeroing residuals...
  [J0605+3757] adding red noise...
  [J0605+3757] white noise for Rcvr_800_GUPPI (236 TOAs)...
  [J0605+3757] white noise for Rcvr1_2_GUPPI (318 TOAs)...
  [J0610-2100] zeroing residuals...
  [J0610-2100] adding red noise...
  [J0610-2100] white noise for Rcvr_800_GUPPI (2484 TOAs)...
  [J0610-2100] white noise for Rcvr1_2_GUPPI (2401 TOAs)...
  [J0613-0200] zeroing residuals...
  [J0613-0200] adding red noise...
  [J0613-0200] white noise for Rcvr_800_GASP (809 TOAs)...
  [J0613-0200] white noise for Rcvr1_2_GASP (992 TOAs)...
  [J0613-0200] white noise for Rcvr_800_GUPPI (7900 TOAs)...
  [J0613-0200] white noise for Rcvr1_2_GUPPI (7423 TOAs)...
  [J0636+5128] zeroing residuals...
  [J0636+5128] adding red noise...
  [J0636+5128] white noise for Rcvr_800_GUPPI (17419 TOAs)...
  [J0636+5128] white noise for Rcvr1_2_GUPPI (14803 TOAs)...
  [J0645+5158] zeroing residuals...
  [J0645+5158] adding red noise...
  [J0645+5158] white noise for Rcvr_800_GUPPI (4682 TOAs)...
  [J0645+5158] white noise for Rcvr1_2_GUPPI (5721 TOAs)...
  [J0709+0458] zeroing residuals...
  [J0709+0458] adding red noise...
  [J0709+0458] white noise for S-wide_PUPPI (595 TOAs)...
  [J0709+0458] white noise for L-wide_PUPPI (2435 TOAs)...
  [J0740+6620] zeroing residuals...
  [J0740+6620] adding red noise...
  [J0740+6620] white noise for Rcvr_800_GUPPI (5136 TOAs)...
  [J0740+6620] white noise for Rcvr1_2_GUPPI (8265 TOAs)...
  [J0931-1902] zeroing residuals...
  [J0931-1902] adding red noise...
  [J0931-1902] white noise for Rcvr_800_GUPPI (3419 TOAs)...
  [J0931-1902] white noise for Rcvr1_2_GUPPI (2054 TOAs)...
  [J1012+5307] zeroing residuals...
  [J1012+5307] adding red noise...
  [J1012+5307] white noise for Rcvr_800_GASP (1210 TOAs)...
  [J1012+5307] white noise for Rcvr1_2_GASP (1479 TOAs)...
  [J1012+5307] white noise for Rcvr_800_GUPPI (10299 TOAs)...
  [J1012+5307] white noise for Rcvr1_2_GUPPI (12849 TOAs)...
  [J1012-4235] zeroing residuals...
  [J1012-4235] adding red noise...
  [J1012-4235] white noise for Rcvr_800_GUPPI (342 TOAs)...
  [J1012-4235] white noise for Rcvr1_2_GUPPI (455 TOAs)...
  [J1022+1001] zeroing residuals...
  [J1022+1001] adding red noise...
  [J1022+1001] white noise for 430_PUPPI (232 TOAs)...
  [J1022+1001] white noise for S-wide_PUPPI (1154 TOAs)...
  [J1022+1001] white noise for L-wide_PUPPI (2592 TOAs)...
  [J1024-0719] zeroing residuals...
  [J1024-0719] adding red noise...
  [J1024-0719] white noise for Rcvr_800_GASP (51 TOAs)...
  [J1024-0719] white noise for Rcvr1_2_GASP (43 TOAs)...
  [J1024-0719] white noise for Rcvr_800_GUPPI (5455 TOAs)...
  [J1024-0719] white noise for Rcvr1_2_GUPPI (7086 TOAs)...
  [J1125+7819] zeroing residuals...
  [J1125+7819] adding red noise...
  [J1125+7819] white noise for Rcvr_800_GUPPI (4707 TOAs)...
  [J1125+7819] white noise for Rcvr1_2_GUPPI (4016 TOAs)...
  [J1312+0051] zeroing residuals...
  [J1312+0051] adding red noise...
  [J1312+0051] white noise for S-wide_PUPPI (416 TOAs)...
  [J1312+0051] white noise for L-wide_PUPPI (1289 TOAs)...
  [J1453+1902] zeroing residuals...
  [J1453+1902] adding red noise...
  [J1453+1902] white noise for 430_PUPPI (425 TOAs)...
  [J1453+1902] white noise for S-wide_PUPPI (4 TOAs)...
  [J1453+1902] white noise for L-wide_PUPPI (2122 TOAs)...
  [J1455-3330] zeroing residuals...
  [J1455-3330] adding red noise...
  [J1455-3330] white noise for Rcvr_800_GASP (479 TOAs)...
  [J1455-3330] white noise for Rcvr1_2_GASP (564 TOAs)...
  [J1455-3330] white noise for Rcvr_800_GUPPI (4843 TOAs)...
  [J1455-3330] white noise for Rcvr1_2_GUPPI (4932 TOAs)...
  [J1600-3053] zeroing residuals...
  [J1600-3053] adding red noise...
  [J1600-3053] white noise for 3GHz_YUPPI (3237 TOAs)...
  [J1600-3053] white noise for Rcvr_800_GASP (297 TOAs)...
  [J1600-3053] white noise for Rcvr1_2_GUPPI (10168 TOAs)...
  [J1600-3053] white noise for Rcvr_800_GUPPI (8796 TOAs)...
  [J1600-3053] white noise for Rcvr1_2_GASP (457 TOAs)...
  [J1614-2230] zeroing residuals...
  [J1614-2230] adding red noise...
  [J1614-2230] white noise for Rcvr_800_GASP (84 TOAs)...
  [J1614-2230] white noise for Rcvr1_2_GASP (84 TOAs)...
  [J1614-2230] white noise for Rcvr_800_GUPPI (7768 TOAs)...
  [J1614-2230] white noise for Rcvr1_2_GUPPI (10509 TOAs)...
  [J1630+3734] zeroing residuals...
  [J1630+3734] adding red noise...
  [J1630+3734] white noise for Rcvr_800_GUPPI (906 TOAs)...
  [J1630+3734] white noise for Rcvr1_2_GUPPI (909 TOAs)...
  [J1640+2224] zeroing residuals...
  [J1640+2224] adding red noise...
  [J1640+2224] white noise for 430_PUPPI (3157 TOAs)...
  [J1640+2224] white noise for L-wide_PUPPI (9847 TOAs)...
  [J1640+2224] white noise for 430_ASP (340 TOAs)...
  [J1640+2224] white noise for L-wide_ASP (722 TOAs)...
  [J1643-1224] zeroing residuals...
  [J1643-1224] adding red noise...
  [J1643-1224] white noise for 3GHz_YUPPI (4215 TOAs)...
  [J1643-1224] white noise for Rcvr_800_GASP (559 TOAs)...
  [J1643-1224] white noise for Rcvr1_2_GUPPI (8803 TOAs)...
  [J1643-1224] white noise for Rcvr_800_GUPPI (7734 TOAs)...
  [J1643-1224] white noise for Rcvr1_2_GASP (833 TOAs)...
  [J1705-1903] zeroing residuals...
  [J1705-1903] adding red noise...
  [J1705-1903] white noise for Rcvr_800_GUPPI (3521 TOAs)...
  [J1705-1903] white noise for Rcvr1_2_GUPPI (6350 TOAs)...
  [J1713+0747] zeroing residuals...
  [J1713+0747] adding red noise...
  [J1713+0747] white noise for 3GHz_YUPPI (3282 TOAs)...
  [J1713+0747] white noise for Rcvr_800_GASP (1032 TOAs)...
  [J1713+0747] white noise for S-wide_ASP (624 TOAs)...
  [J1713+0747] white noise for Rcvr1_2_GUPPI (22334 TOAs)...
  [J1713+0747] white noise for L-wide_PUPPI (12743 TOAs)...
  [J1713+0747] white noise for S-wide_PUPPI (7482 TOAs)...
  [J1713+0747] white noise for Rcvr_800_GUPPI (8479 TOAs)...
  [J1713+0747] white noise for L-wide_ASP (843 TOAs)...
  [J1713+0747] white noise for 1.5GHz_YUPPI (1461 TOAs)...
  [J1713+0747] white noise for Rcvr1_2_GASP (1109 TOAs)...
  [J1719-1438] zeroing residuals...
  [J1719-1438] adding red noise...
  [J1719-1438] white noise for Rcvr_800_GUPPI (3634 TOAs)...
  [J1719-1438] white noise for Rcvr1_2_GUPPI (2722 TOAs)...
  [J1730-2304] zeroing residuals...
  [J1730-2304] adding red noise...
  [J1730-2304] white noise for Rcvr_800_GUPPI (2503 TOAs)...
  [J1730-2304] white noise for Rcvr1_2_GUPPI (2367 TOAs)...
  [J1738+0333] zeroing residuals...
  [J1738+0333] adding red noise...
  [J1738+0333] white noise for L-wide_ASP (201 TOAs)...
  [J1738+0333] white noise for S-wide_ASP (134 TOAs)...
  [J1738+0333] white noise for S-wide_PUPPI (1737 TOAs)...
  [J1738+0333] white noise for L-wide_PUPPI (6718 TOAs)...
  [J1741+1351] zeroing residuals...
  [J1741+1351] adding red noise...
  [J1741+1351] white noise for 430_PUPPI (1159 TOAs)...
  [J1741+1351] white noise for S-wide_ASP (115 TOAs)...
  [J1741+1351] white noise for L-wide_PUPPI (4045 TOAs)...
  [J1741+1351] white noise for 430_ASP (27 TOAs)...
  [J1741+1351] white noise for L-wide_ASP (236 TOAs)...
  [J1744-1134] zeroing residuals...
  [J1744-1134] adding red noise...
  [J1744-1134] white noise for Rcvr_800_GASP (930 TOAs)...
  [J1744-1134] white noise for Rcvr1_2_GASP (807 TOAs)...
  [J1744-1134] white noise for Rcvr_800_GUPPI (7899 TOAs)...
  [J1744-1134] white noise for Rcvr1_2_GUPPI (8109 TOAs)...
  [J1745+1017] zeroing residuals...
  [J1745+1017] adding red noise...
  [J1745+1017] white noise for S-wide_PUPPI (838 TOAs)...
  [J1745+1017] white noise for L-wide_PUPPI (2179 TOAs)...
  [J1747-4036] zeroing residuals...
  [J1747-4036] adding red noise...
  [J1747-4036] white noise for Rcvr_800_GUPPI (5816 TOAs)...
  [J1747-4036] white noise for Rcvr1_2_GUPPI (5239 TOAs)...
  [J1751-2857] zeroing residuals...
  [J1751-2857] adding red noise...
  [J1751-2857] white noise for Rcvr_800_GUPPI (239 TOAs)...
  [J1751-2857] white noise for Rcvr1_2_GUPPI (1786 TOAs)...
  [J1802-2124] zeroing residuals...
  [J1802-2124] adding red noise...
  [J1802-2124] white noise for Rcvr_800_GUPPI (3565 TOAs)...
  [J1802-2124] white noise for Rcvr1_2_GUPPI (3231 TOAs)...
  [J1811-2405] zeroing residuals...
  [J1811-2405] adding red noise...
  [J1811-2405] white noise for Rcvr_800_GUPPI (2628 TOAs)...
  [J1811-2405] white noise for Rcvr1_2_GUPPI (2638 TOAs)...
  [J1832-0836] zeroing residuals...
  [J1832-0836] adding red noise...
  [J1832-0836] white noise for Rcvr_800_GUPPI (3078 TOAs)...
  [J1832-0836] white noise for Rcvr1_2_GUPPI (4661 TOAs)...
  [J1843-1113] zeroing residuals...
  [J1843-1113] adding red noise...
  [J1843-1113] white noise for Rcvr_800_GUPPI (2201 TOAs)...
  [J1843-1113] white noise for Rcvr1_2_GUPPI (2394 TOAs)...
  [J1853+1303] zeroing residuals...
  [J1853+1303] adding red noise...
  [J1853+1303] white noise for 430_PUPPI (1151 TOAs)...
  [J1853+1303] white noise for L-wide_PUPPI (3362 TOAs)...
  [J1853+1303] white noise for 430_ASP (24 TOAs)...
  [J1853+1303] white noise for L-wide_ASP (33 TOAs)...
  [J1903+0327] zeroing residuals...
  [J1903+0327] adding red noise...
  [J1903+0327] white noise for 3GHz_YUPPI (439 TOAs)...
  [J1903+0327] white noise for S-wide_ASP (151 TOAs)...
  [J1903+0327] white noise for S-wide_PUPPI (2282 TOAs)...
  [J1903+0327] white noise for L-wide_PUPPI (3845 TOAs)...
  [J1903+0327] white noise for L-wide_ASP (139 TOAs)...
  [J1909-3744] zeroing residuals...
  [J1909-3744] adding red noise...
  [J1909-3744] white noise for 3GHz_YUPPI (3525 TOAs)...
  [J1909-3744] white noise for Rcvr_800_GASP (866 TOAs)...
  [J1909-3744] white noise for Rcvr1_2_GUPPI (20439 TOAs)...
  [J1909-3744] white noise for Rcvr_800_GUPPI (9399 TOAs)...
  [J1909-3744] white noise for Rcvr1_2_GASP (808 TOAs)...
  [J1910+1256] zeroing residuals...
  [J1910+1256] adding red noise...
  [J1910+1256] white noise for L-wide_ASP (297 TOAs)...
  [J1910+1256] white noise for S-wide_ASP (208 TOAs)...
  [J1910+1256] white noise for S-wide_PUPPI (1857 TOAs)...
  [J1910+1256] white noise for L-wide_PUPPI (4124 TOAs)...
  [J1911+1347] zeroing residuals...
  [J1911+1347] adding red noise...
  [J1911+1347] white noise for 430_PUPPI (753 TOAs)...
  [J1911+1347] white noise for L-wide_PUPPI (3033 TOAs)...
  [J1918-0642] zeroing residuals...
  [J1918-0642] adding red noise...
  [J1918-0642] white noise for Rcvr_800_GASP (835 TOAs)...
  [J1918-0642] white noise for Rcvr1_2_GASP (778 TOAs)...
  [J1918-0642] white noise for Rcvr_800_GUPPI (8352 TOAs)...
  [J1918-0642] white noise for Rcvr1_2_GUPPI (8910 TOAs)...
  [J1923+2515] zeroing residuals...
  [J1923+2515] adding red noise...
  [J1923+2515] white noise for 430_PUPPI (922 TOAs)...
  [J1923+2515] white noise for L-wide_PUPPI (3028 TOAs)...
  [J1923+2515] white noise for 430_ASP (10 TOAs)...
  [J1923+2515] white noise for L-wide_ASP (14 TOAs)...
  [J1944+0907] zeroing residuals...
  [J1944+0907] adding red noise...
  [J1944+0907] white noise for 430_PUPPI (1017 TOAs)...
  [J1944+0907] white noise for S-wide_ASP (116 TOAs)...
  [J1944+0907] white noise for L-wide_PUPPI (3900 TOAs)...
  [J1944+0907] white noise for 430_ASP (38 TOAs)...
  [J1944+0907] white noise for L-wide_ASP (257 TOAs)...
  [J1946+3417] zeroing residuals...
  [J1946+3417] adding red noise...
  [J1946+3417] white noise for S-wide_PUPPI (1546 TOAs)...
  [J1946+3417] white noise for L-wide_PUPPI (3197 TOAs)...
  [J2010-1323] zeroing residuals...
  [J2010-1323] adding red noise...
  [J2010-1323] white noise for Rcvr_800_GASP (70 TOAs)...
  [J2010-1323] white noise for Rcvr1_2_GASP (70 TOAs)...
  [J2010-1323] white noise for Rcvr_800_GUPPI (9158 TOAs)...
  [J2010-1323] white noise for Rcvr1_2_GUPPI (7779 TOAs)...
  [J2017+0603] zeroing residuals...
  [J2017+0603] adding red noise...
  [J2017+0603] white noise for 430_PUPPI (78 TOAs)...
  [J2017+0603] white noise for S-wide_PUPPI (849 TOAs)...
  [J2017+0603] white noise for L-wide_PUPPI (2569 TOAs)...
  [J2017+0603] white noise for L-wide_ASP (16 TOAs)...
  [J2033+1734] zeroing residuals...
  [J2033+1734] adding red noise...
  [J2033+1734] white noise for 430_PUPPI (797 TOAs)...
  [J2033+1734] white noise for L-wide_PUPPI (3050 TOAs)...
  [J2043+1711] zeroing residuals...
  [J2043+1711] adding red noise...
  [J2043+1711] white noise for 430_PUPPI (2908 TOAs)...
  [J2043+1711] white noise for L-wide_PUPPI (4419 TOAs)...
  [J2043+1711] white noise for 430_ASP (30 TOAs)...
  [J2043+1711] white noise for L-wide_ASP (40 TOAs)...
  [J2124-3358] zeroing residuals...
  [J2124-3358] adding red noise...
  [J2124-3358] white noise for Rcvr_800_GUPPI (2025 TOAs)...
  [J2124-3358] white noise for Rcvr1_2_GUPPI (2957 TOAs)...
  [J2145-0750] zeroing residuals...
  [J2145-0750] adding red noise...
  [J2145-0750] white noise for Rcvr_800_GASP (362 TOAs)...
  [J2145-0750] white noise for Rcvr1_2_GASP (427 TOAs)...
  [J2145-0750] white noise for Rcvr_800_GUPPI (8728 TOAs)...
  [J2145-0750] white noise for Rcvr1_2_GUPPI (9158 TOAs)...
  [J2214+3000] zeroing residuals...
  [J2214+3000] adding red noise...
  [J2214+3000] white noise for L-wide_ASP (9 TOAs)...
  [J2214+3000] white noise for S-wide_PUPPI (1568 TOAs)...
  [J2214+3000] white noise for L-wide_PUPPI (5829 TOAs)...
  [J2229+2643] zeroing residuals...
  [J2229+2643] adding red noise...
  [J2229+2643] white noise for 430_PUPPI (956 TOAs)...
  [J2229+2643] white noise for L-wide_PUPPI (2755 TOAs)...
  [J2234+0611] zeroing residuals...
  [J2234+0611] adding red noise...
  [J2234+0611] white noise for 430_PUPPI (653 TOAs)...
  [J2234+0611] white noise for L-wide_PUPPI (2913 TOAs)...
  [J2234+0944] zeroing residuals...
  [J2234+0944] adding red noise...
  [J2234+0944] white noise for S-wide_PUPPI (2532 TOAs)...
  [J2234+0944] white noise for L-wide_PUPPI (5003 TOAs)...
  [J2302+4442] zeroing residuals...
  [J2302+4442] adding red noise...
  [J2302+4442] white noise for Rcvr_800_GUPPI (6432 TOAs)...
  [J2302+4442] white noise for Rcvr1_2_GUPPI (3779 TOAs)...
  [J2317+1439] zeroing residuals...
  [J2317+1439] adding red noise...
  [J2317+1439] white noise for 430_PUPPI (3217 TOAs)...
  [J2317+1439] white noise for L-wide_PUPPI (9563 TOAs)...
  [J2317+1439] white noise for 430_ASP (458 TOAs)...
  [J2317+1439] white noise for 327_PUPPI (276 TOAs)...
  [J2317+1439] white noise for 327_ASP (413 TOAs)...
  [J2322+2057] zeroing residuals...
  [J2322+2057] adding red noise...
  [J2322+2057] white noise for 430_PUPPI (752 TOAs)...
  [J2322+2057] white noise for S-wide_PUPPI (140 TOAs)...
  [J2322+2057] white noise for L-wide_PUPPI (2196 TOAs)...
Resetting pulsars to clean stoas...
Restore: 0.00 s
Inject: 0.00 s
Snapshotting into enterprise Pulsar objects...
Building PTA...
PTA build: 463.31 s
Computing optimal statistic...
OS time: 43.09 s
Total: 506.41 s
Noise-only SNR baseline: 0.8293

Generating SNR-consistent population...
Target SNR: 4.0
Resetting pulsars to clean stoas...
Restore: 0.00 s
Injecting population...
  B1855+09: RMS = 1020.018 ns
  B1937+21: RMS = 1058.587 ns
  B1953+29: RMS = 1169.242 ns
  J0023+0923: RMS = 1527.646 ns
  J0030+0451: RMS = 1150.100 ns
  J0340+4130: RMS = 2161.806 ns
  J0406+3039: RMS = 439.597 ns
  J0437-4715: RMS = 356.690 ns
  J0509+0856: RMS = 330.156 ns
  J0557+1551: RMS = 356.353 ns
  J0605+3757: RMS = 1234.610 ns
  J0610-2100: RMS = 368.351 ns
  J0613-0200: RMS = 1787.660 ns
  J0636+5128: RMS = 1482.491 ns
  J0645+5158: RMS = 1773.135 ns
  J0709+0458: RMS = 439.906 ns
  J0740+6620: RMS = 525.742 ns
  J0931-1902: RMS = 1193.564 ns
  J1012+5307: RMS = 1579.098 ns
  J1012-4235: RMS = 280.590 ns
  J1022+1001: RMS = 1285.445 ns
  J1024-0719: RMS = 2498.527 ns
  J1125+7819: RMS = 1972.416 ns
  J1312+0051: RMS = 1166.665 ns
  J1453+1902: RMS = 2873.011 ns
  J1455-3330: RMS = 1341.403 ns
  J1600-3053: RMS = 1042.602 ns
  J1614-2230: RMS = 1092.280 ns
  J1630+3734: RMS = 1158.534 ns
  J1640+2224: RMS = 2093.222 ns
  J1643-1224: RMS = 1022.064 ns
  J1705-1903: RMS = 306.975 ns
  J1713+0747: RMS = 1023.596 ns
  J1719-1438: RMS = 293.788 ns
  J1730-2304: RMS = 263.676 ns
  J1738+0333: RMS = 1252.004 ns
  J1741+1351: RMS = 879.806 ns
  J1744-1134: RMS = 977.307 ns
  J1745+1017: RMS = 424.200 ns
  J1747-4036: RMS = 3627.639 ns
  J1751-2857: RMS = 999.213 ns
  J1802-2124: RMS = 281.406 ns
  J1811-2405: RMS = 373.730 ns
  J1832-0836: RMS = 1562.917 ns
  J1843-1113: RMS = 1213.057 ns
  J1853+1303: RMS = 1318.751 ns
  J1903+0327: RMS = 1439.661 ns
  J1909-3744: RMS = 880.440 ns
  J1910+1256: RMS = 931.483 ns
  J1911+1347: RMS = 1081.031 ns
  J1918-0642: RMS = 2123.221 ns
  J1923+2515: RMS = 1199.798 ns
  J1944+0907: RMS = 1498.642 ns
  J1946+3417: RMS = 936.750 ns
  J2010-1323: RMS = 2000.841 ns
  J2017+0603: RMS = 1615.222 ns
  J2033+1734: RMS = 1313.071 ns
  J2043+1711: RMS = 1254.353 ns
  J2124-3358: RMS = 684.268 ns
  J2145-0750: RMS = 2351.674 ns
  J2214+3000: RMS = 1328.437 ns
  J2229+2643: RMS = 1233.050 ns
  J2234+0611: RMS = 1868.302 ns
  J2234+0944: RMS = 1441.204 ns
  J2302+4442: RMS = 1561.713 ns
  J2317+1439: RMS = 1105.583 ns
  J2322+2057: RMS = 555.200 ns
Inject: 150.56 s
Snapshotting into enterprise Pulsar objects...
Building PTA...
PTA build: 458.00 s
Computing optimal statistic...
OS time: 47.60 s
Total: 656.17 s
Initial SNR: 19.7339, Target SNR: 4.0000
  Initial SNR 19.7339 outside of provided SNR_range [3.5, 4.25] — rescaling.
Scaling distances by factor 2.4418 to achieve target SNR...
Resetting pulsars to clean stoas...
Restore: 0.01 s
Injecting population...
  B1855+09: RMS = 417.737 ns
  B1937+21: RMS = 433.532 ns
  B1953+29: RMS = 478.850 ns
  J0023+0923: RMS = 625.630 ns
  J0030+0451: RMS = 471.010 ns
  J0340+4130: RMS = 885.343 ns
  J0406+3039: RMS = 180.032 ns
  J0437-4715: RMS = 146.078 ns
  J0509+0856: RMS = 135.212 ns
  J0557+1551: RMS = 145.940 ns
  J0605+3757: RMS = 505.621 ns
  J0610-2100: RMS = 150.854 ns
  J0613-0200: RMS = 732.116 ns
  J0636+5128: RMS = 607.138 ns
  J0645+5158: RMS = 726.167 ns
  J0709+0458: RMS = 180.159 ns
  J0740+6620: RMS = 215.312 ns
  J0931-1902: RMS = 488.811 ns
  J1012+5307: RMS = 646.702 ns
  J1012-4235: RMS = 114.912 ns
  J1022+1001: RMS = 526.439 ns
  J1024-0719: RMS = 1023.243 ns
  J1125+7819: RMS = 807.781 ns
  J1312+0051: RMS = 477.795 ns
  J1453+1902: RMS = 1176.609 ns
  J1455-3330: RMS = 549.356 ns
  J1600-3053: RMS = 426.986 ns
  J1614-2230: RMS = 447.331 ns
  J1630+3734: RMS = 474.465 ns
  J1640+2224: RMS = 857.255 ns
  J1643-1224: RMS = 418.575 ns
  J1705-1903: RMS = 125.718 ns
  J1713+0747: RMS = 419.202 ns
  J1719-1438: RMS = 120.318 ns
  J1730-2304: RMS = 107.985 ns
  J1738+0333: RMS = 512.744 ns
  J1741+1351: RMS = 360.315 ns
  J1744-1134: RMS = 400.245 ns
  J1745+1017: RMS = 173.726 ns
  J1747-4036: RMS = 1485.659 ns
  J1751-2857: RMS = 409.216 ns
  J1802-2124: RMS = 115.247 ns
  J1811-2405: RMS = 153.057 ns
  J1832-0836: RMS = 640.075 ns
  J1843-1113: RMS = 496.794 ns
  J1853+1303: RMS = 540.080 ns
  J1903+0327: RMS = 589.597 ns
  J1909-3744: RMS = 360.574 ns
  J1910+1256: RMS = 381.478 ns
  J1911+1347: RMS = 442.724 ns
  J1918-0642: RMS = 869.541 ns
  J1923+2515: RMS = 491.364 ns
  J1944+0907: RMS = 613.752 ns
  J1946+3417: RMS = 383.635 ns
  J2010-1323: RMS = 819.422 ns
  J2017+0603: RMS = 661.496 ns
  J2033+1734: RMS = 537.754 ns
  J2043+1711: RMS = 513.706 ns
  J2124-3358: RMS = 280.234 ns
  J2145-0750: RMS = 963.102 ns
  J2214+3000: RMS = 544.047 ns
  J2229+2643: RMS = 504.982 ns
  J2234+0611: RMS = 765.142 ns
  J2234+0944: RMS = 590.229 ns
  J2302+4442: RMS = 639.582 ns
  J2317+1439: RMS = 452.779 ns
  J2322+2057: RMS = 227.376 ns
Inject: 200.72 s
Snapshotting into enterprise Pulsar objects...
Building PTA...
PTA build: 464.79 s
Computing optimal statistic...
OS time: 61.26 s
Total: 726.78 s
  ✓ SNR is within the provided SNR_range: 4.1320 ∈ [3.5, 4.25]

Final SNR history:
  it 0: cumulative_scale=1.0000×  SNR=19.7339
  it 1: cumulative_scale=2.4418×  SNR=4.1320
✓ Simulation 1 done (1419.0 s)

======================================================================
ENSEMBLE SUMMARY
======================================================================
Success rate: 100.0% (1/1)

Binaries per population:
  Mean ± std : 10000000 ± 0
  Range      : [10000000, 10000000]

SNR achieved:
  Mean ± std : 4.1320 ± 0.0000
  Range      : [4.1320, 4.1320]

Total time: 1964.3 s (32.7 min)
======================================================================

💾 Saved: data/2026-04-28/pessimistic_run_46/consistent_population_pessimistic_targetSNR4.25_sims1.json
💾 Saved compressed pickle: data/2026-04-28/pessimistic_run_46/consistent_population_pessimistic_targetSNR4.25_sims1.pkl.gz

======================================================================
CONTINUOUS WAVE SNR ANALYSIS
======================================================================

--- Population 1 ---
Precomputation of phiinvs, TNTs, Ts, Nvecs, Sigmas took 0.10 seconds.
Total SNR computation for population took 329.86 seconds.
Top 50 CGW candidates:
   1. proxy_rank=  18  sky_w=1.58  f=1.15e-08 Hz  Mc=3.40e+09 Msun  h0=1.66e-15  SNR=3.786
   2. proxy_rank= 728  sky_w=1.04  f=1.61e-08 Hz  Mc=5.37e+09 Msun  h0=1.31e-15  SNR=2.062
   3. proxy_rank= 147  sky_w=1.56  f=8.25e-09 Hz  Mc=4.20e+09 Msun  h0=6.98e-16  SNR=1.532
   4. proxy_rank= 950  sky_w=1.19  f=1.32e-08 Hz  Mc=2.62e+09 Msun  h0=8.57e-16  SNR=1.493
   5. proxy_rank= 880  sky_w=1.14  f=1.04e-08 Hz  Mc=3.97e+09 Msun  h0=7.21e-16  SNR=1.175
   6. proxy_rank= 324  sky_w=1.27  f=7.99e-09 Hz  Mc=5.25e+09 Msun  h0=6.75e-16  SNR=1.142
   7. proxy_rank= 970  sky_w=1.53  f=1.09e-08 Hz  Mc=3.70e+09 Msun  h0=5.45e-16  SNR=0.927
   8. proxy_rank=   3  sky_w=0.99  f=3.43e-09 Hz  Mc=3.49e+09 Msun  h0=1.23e-15  SNR=0.884
   9. proxy_rank= 610  sky_w=1.42  f=1.06e-08 Hz  Mc=1.90e+09 Msun  h0=6.65e-16  SNR=0.866
  10. proxy_rank=  76  sky_w=1.36  f=4.79e-09 Hz  Mc=1.00e+09 Msun  h0=5.75e-16  SNR=0.825
  11. proxy_rank=  22  sky_w=1.14  f=3.84e-09 Hz  Mc=4.13e+09 Msun  h0=7.34e-16  SNR=0.740
  12. proxy_rank= 192  sky_w=1.56  f=5.75e-09 Hz  Mc=3.28e+09 Msun  h0=4.55e-16  SNR=0.701
  13. proxy_rank= 265  sky_w=1.27  f=6.52e-09 Hz  Mc=5.49e+09 Msun  h0=5.81e-16  SNR=0.686
  14. proxy_rank= 885  sky_w=1.08  f=8.06e-09 Hz  Mc=4.93e+09 Msun  h0=5.89e-16  SNR=0.681
  15. proxy_rank= 220  sky_w=1.43  f=5.53e-09 Hz  Mc=1.74e+09 Msun  h0=4.60e-16  SNR=0.664
  16. proxy_rank= 838  sky_w=1.33  f=6.41e-09 Hz  Mc=3.45e+09 Msun  h0=3.87e-16  SNR=0.657
  17. proxy_rank= 334  sky_w=0.95  f=7.24e-09 Hz  Mc=6.51e+09 Msun  h0=8.13e-16  SNR=0.615
  18. proxy_rank=  90  sky_w=1.17  f=4.26e-09 Hz  Mc=1.18e+09 Msun  h0=5.77e-16  SNR=0.610
  19. proxy_rank= 386  sky_w=0.50  f=5.09e-09 Hz  Mc=2.41e+09 Msun  h0=1.03e-15  SNR=0.578
  20. proxy_rank= 384  sky_w=1.42  f=4.87e-09 Hz  Mc=4.35e+09 Msun  h0=3.51e-16  SNR=0.535
  21. proxy_rank= 818  sky_w=1.60  f=5.63e-09 Hz  Mc=3.43e+09 Msun  h0=2.86e-16  SNR=0.531
  22. proxy_rank= 528  sky_w=0.96  f=5.08e-09 Hz  Mc=5.07e+09 Msun  h0=4.93e-16  SNR=0.516
  23. proxy_rank= 951  sky_w=1.47  f=6.60e-09 Hz  Mc=2.78e+09 Msun  h0=3.46e-16  SNR=0.510
  24. proxy_rank= 851  sky_w=1.54  f=5.60e-09 Hz  Mc=3.95e+09 Msun  h0=2.91e-16  SNR=0.497
  25. proxy_rank= 763  sky_w=0.93  f=5.85e-09 Hz  Mc=2.45e+09 Msun  h0=5.23e-16  SNR=0.490
  26. proxy_rank= 478  sky_w=1.17  f=5.20e-09 Hz  Mc=3.50e+09 Msun  h0=4.23e-16  SNR=0.479
  27. proxy_rank= 510  sky_w=1.43  f=4.96e-09 Hz  Mc=4.11e+09 Msun  h0=3.25e-16  SNR=0.470
  28. proxy_rank=  15  sky_w=1.05  f=3.11e-09 Hz  Mc=5.49e+09 Msun  h0=7.02e-16  SNR=0.467
  29. proxy_rank= 866  sky_w=1.59  f=5.34e-09 Hz  Mc=3.80e+09 Msun  h0=2.66e-16  SNR=0.465
  30. proxy_rank= 171  sky_w=1.53  f=4.85e-09 Hz  Mc=3.50e+09 Msun  h0=4.08e-16  SNR=0.457
  31. proxy_rank=  29  sky_w=1.60  f=3.44e-09 Hz  Mc=5.56e+09 Msun  h0=4.43e-16  SNR=0.454
  32. proxy_rank= 215  sky_w=1.47  f=4.48e-09 Hz  Mc=4.85e+09 Msun  h0=3.65e-16  SNR=0.444
  33. proxy_rank=   7  sky_w=1.37  f=2.91e-09 Hz  Mc=3.96e+09 Msun  h0=6.33e-16  SNR=0.434
  34. proxy_rank=   5  sky_w=0.99  f=2.78e-09 Hz  Mc=3.39e+09 Msun  h0=9.13e-16  SNR=0.425
  35. proxy_rank= 578  sky_w=1.09  f=4.92e-09 Hz  Mc=4.34e+09 Msun  h0=4.04e-16  SNR=0.416
  36. proxy_rank= 511  sky_w=1.10  f=6.29e-09 Hz  Mc=4.23e+09 Msun  h0=5.34e-16  SNR=0.412
  37. proxy_rank=  72  sky_w=1.37  f=3.64e-09 Hz  Mc=5.83e+09 Msun  h0=4.43e-16  SNR=0.410
  38. proxy_rank= 781  sky_w=1.21  f=5.57e-09 Hz  Mc=3.98e+09 Msun  h0=3.80e-16  SNR=0.408
  39. proxy_rank= 461  sky_w=1.16  f=4.33e-09 Hz  Mc=4.95e+09 Msun  h0=3.61e-16  SNR=0.405
  40. proxy_rank= 159  sky_w=1.00  f=3.70e-09 Hz  Mc=5.84e+09 Msun  h0=4.83e-16  SNR=0.405
  41. proxy_rank= 264  sky_w=1.48  f=4.01e-09 Hz  Mc=4.37e+09 Msun  h0=3.07e-16  SNR=0.396
  42. proxy_rank=  59  sky_w=1.05  f=3.25e-09 Hz  Mc=7.01e+08 Msun  h0=5.36e-16  SNR=0.385
  43. proxy_rank= 130  sky_w=0.97  f=5.94e-09 Hz  Mc=2.94e+09 Msun  h0=8.62e-16  SNR=0.384
  44. proxy_rank=   2  sky_w=0.98  f=2.51e-09 Hz  Mc=3.11e+09 Msun  h0=1.00e-15  SNR=0.383
  45. proxy_rank= 276  sky_w=1.40  f=5.08e-09 Hz  Mc=3.36e+09 Msun  h0=4.05e-16  SNR=0.378
  46. proxy_rank= 943  sky_w=1.48  f=4.62e-09 Hz  Mc=3.67e+09 Msun  h0=2.41e-16  SNR=0.374
  47. proxy_rank= 319  sky_w=1.19  f=4.37e-09 Hz  Mc=4.85e+09 Msun  h0=3.96e-16  SNR=0.374
  48. proxy_rank= 292  sky_w=0.82  f=4.65e-09 Hz  Mc=1.25e+09 Msun  h0=6.22e-16  SNR=0.373
  49. proxy_rank= 560  sky_w=1.23  f=4.34e-09 Hz  Mc=1.40e+09 Msun  h0=3.21e-16  SNR=0.372
  50. proxy_rank= 794  sky_w=1.42  f=4.57e-09 Hz  Mc=2.66e+09 Msun  h0=2.64e-16  SNR=0.371
💾 Saved: data/2026-04-28/pessimistic_run_46/consistent_population_pessimistic_targetSNR4.25_sims1.json
💾 Saved compressed pickle: data/2026-04-28/pessimistic_run_46/consistent_population_pessimistic_targetSNR4.25_sims1.pkl.gz
Saved to figures/cgw_analysis_pessimistic.pdf

======================================================================
ANALYSIS COMPLETE
Results saved to: data/2026-04-28/pessimistic_run_46
======================================================================

==========================================
Job finished at: Tue Apr 28 18:05:55 AEST 2026
Exit code: 0
==========================================

+------------------ Job Report: 11718053 (COMPLETED) ------------------+
| Memory (RAM)  [##################  ] 92.9% (37.2 GB peak / 40 GB)    |
| CPU           [################    ] 83.0% average                   |
| Time          [------------>       ] 61.2% (0-00:45:54 / 0-01:15:00) |
|                                                                      |
| Lustre Filesystem:                                                   |
|   Path    Total Read    Total Write    Total IOPS                    |
|   ------  ------------  -------------  ------------                  |
|   /apps   0 B           0 B            107                           |
|   /fred   318.1 MB      6.5 MB         128                           |
|   /home   365.2 MB      0 B            1.7 K                         |
|   OS      0 B           0 B            5                             |
|                                                                      |
| Warnings:                                                            |
|   - Too much time requested                                          |
+----------------------------------------------------------------------+
