==========================================
Job ID: 11736968
Job Name: smbhb_pessimistic
Node: gina304
Start Time: Wed Apr 29 12:52:58 AEST 2026
==========================================

/home/bhoulden/.conda/envs/smbhb312/share/tempo2
Working directory: /fred/oz005/users/bhoulden/SMBHB_population_injections

Loaded modules:

Starting SMBHB analysis...
==========================================

📁 Save directory: data/2026-04-29/pessimistic_run_128
📝 Run name: pessimistic_run_128

[MEM] Start: 244.1 MB

📡 Loading pulsars...
======================================================================
LOADING NANOGRAV PULSARS (libstempo)
======================================================================

📦 Loading from cache: nanograv_pulsars_cache.pkl
⚠ Cache load failed: Ran out of input
[DEBUG] Found 76 .par files
[tempo2Util.C:396] Warning: [MISC1] Unknown parameter in par file:  DMDATA
[tempo2Util.C:401] Warning: [DUP1] duplicated warnings have been suppressed.

WARNING: Using tempo RNAMP parameter: setting TNRedC to 100!
[observatory.C:271] Warning: Assuming site 'arecibo' means 'ao'
✓ Loaded B1855+09 (7758 TOAs)

WARNING: Using tempo RNAMP parameter: setting TNRedC to 100!
✓ Loaded B1937+21 (23023 TOAs)

WARNING: Using tempo RNAMP parameter: setting TNRedC to 100!
✓ Loaded B1937+21ao (7241 TOAs)

WARNING: Using tempo RNAMP parameter: setting TNRedC to 100!
✓ Loaded B1937+21gbt (16048 TOAs)

WARNING: Using tempo RNAMP parameter: setting TNRedC to 100!
✓ Loaded B1953+29 (5126 TOAs)
✓ Loaded J0023+0923 (15896 TOAs)

WARNING: Using tempo RNAMP parameter: setting TNRedC to 100!
✓ Loaded J0030+0451 (19571 TOAs)
✓ Loaded J0340+4130 (11093 TOAs)
✓ Loaded J0406+3039 (2446 TOAs)

WARNING: Using tempo RNAMP parameter: setting TNRedC to 100!
✓ Loaded J0437-4715 (5830 TOAs)
✓ Loaded J0509+0856 (2169 TOAs)
✓ Loaded J0557+1551 (525 TOAs)
✓ Loaded J0605+3757 (554 TOAs)

WARNING: Using tempo RNAMP parameter: setting TNRedC to 100!
✓ Loaded J0610-2100 (4885 TOAs)

WARNING: Using tempo RNAMP parameter: setting TNRedC to 100!
✓ Loaded J0613-0200 (17124 TOAs)
✓ Loaded J0614-3329 (1714 TOAs)
✓ Loaded J0636+5128 (32222 TOAs)
✓ Loaded J0645+5158 (10403 TOAs)
✓ Loaded J0709+0458 (3030 TOAs)
✓ Loaded J0740+6620 (13401 TOAs)
✓ Loaded J0931-1902 (5473 TOAs)

WARNING: Using tempo RNAMP parameter: setting TNRedC to 100!
✓ Loaded J1012+5307 (25837 TOAs)
✓ Loaded J1012-4235 (797 TOAs)
✓ Loaded J1022+1001 (3978 TOAs)
✓ Loaded J1024-0719 (12635 TOAs)
✓ Loaded J1125+7819 (8723 TOAs)
✓ Loaded J1312+0051 (1705 TOAs)
✓ Loaded J1453+1902 (2551 TOAs)
✓ Loaded J1455-3330 (10818 TOAs)

WARNING: Using tempo RNAMP parameter: setting TNRedC to 100!
✓ Loaded J1600-3053 (22955 TOAs)

WARNING: Using tempo RNAMP parameter: setting TNRedC to 100!
✓ Loaded J1600-3053gbt (19725 TOAs)

WARNING: Using tempo RNAMP parameter: setting TNRedC to 100!
✓ Loaded J1614-2230 (18445 TOAs)
✓ Loaded J1630+3734 (1815 TOAs)
✓ Loaded J1640+2224 (14066 TOAs)

WARNING: Using tempo RNAMP parameter: setting TNRedC to 100!
✓ Loaded J1643-1224 (22144 TOAs)

WARNING: Using tempo RNAMP parameter: setting TNRedC to 100!
✓ Loaded J1643-1224gbt (17932 TOAs)

WARNING: Using tempo RNAMP parameter: setting TNRedC to 100!
✓ Loaded J1705-1903 (9871 TOAs)

WARNING: Using tempo RNAMP parameter: setting TNRedC to 100!
✓ Loaded J1713+0747 (59389 TOAs)

WARNING: Using tempo RNAMP parameter: setting TNRedC to 100!
✓ Loaded J1713+0747ao (21362 TOAs)

WARNING: Using tempo RNAMP parameter: setting TNRedC to 100!
✓ Loaded J1713+0747gbt (32963 TOAs)
✓ Loaded J1719-1438 (6356 TOAs)
✓ Loaded J1730-2304 (4870 TOAs)
✓ Loaded J1738+0333 (8790 TOAs)
✓ Loaded J1741+1351 (5582 TOAs)

WARNING: Using tempo RNAMP parameter: setting TNRedC to 100!
✓ Loaded J1744-1134 (17745 TOAs)

WARNING: Using tempo RNAMP parameter: setting TNRedC to 100!
✓ Loaded J1745+1017 (3017 TOAs)

WARNING: Using tempo RNAMP parameter: setting TNRedC to 100!
✓ Loaded J1747-4036 (11055 TOAs)
✓ Loaded J1751-2857 (2025 TOAs)

WARNING: Using tempo RNAMP parameter: setting TNRedC to 100!
✓ Loaded J1802-2124 (6796 TOAs)
✓ Loaded J1811-2405 (5266 TOAs)
✓ Loaded J1832-0836 (7739 TOAs)
✓ Loaded J1843-1113 (4595 TOAs)

WARNING: Using tempo RNAMP parameter: setting TNRedC to 100!
✓ Loaded J1853+1303 (4570 TOAs)

WARNING: Using tempo RNAMP parameter: setting TNRedC to 100!
✓ Loaded J1903+0327 (6856 TOAs)

WARNING: Using tempo RNAMP parameter: setting TNRedC to 100!
✓ Loaded J1903+0327ao (6423 TOAs)

WARNING: Using tempo RNAMP parameter: setting TNRedC to 100!
✓ Loaded J1909-3744 (35037 TOAs)

WARNING: Using tempo RNAMP parameter: setting TNRedC to 100!
✓ Loaded J1909-3744gbt (31526 TOAs)
✓ Loaded J1910+1256 (6486 TOAs)
✓ Loaded J1911+1347 (3786 TOAs)
✓ Loaded J1918-0642 (18875 TOAs)
✓ Loaded J1923+2515 (3974 TOAs)
✓ Loaded J1944+0907 (5328 TOAs)

WARNING: Using tempo RNAMP parameter: setting TNRedC to 100!
✓ Loaded J1946+3417 (4743 TOAs)
✓ Loaded J2010-1323 (17077 TOAs)
✓ Loaded J2017+0603 (3512 TOAs)
✓ Loaded J2033+1734 (3847 TOAs)
✓ Loaded J2043+1711 (7397 TOAs)
✓ Loaded J2124-3358 (4982 TOAs)

WARNING: Using tempo RNAMP parameter: setting TNRedC to 100!
✓ Loaded J2145-0750 (18675 TOAs)
✓ Loaded J2214+3000 (7406 TOAs)
✓ Loaded J2229+2643 (3711 TOAs)

WARNING: Using tempo RNAMP parameter: setting TNRedC to 100!
✓ Loaded J2234+0611 (3566 TOAs)
✓ Loaded J2234+0944 (7535 TOAs)
✓ Loaded J2302+4442 (10211 TOAs)
✓ Loaded J2317+1439 (13927 TOAs)
✓ Loaded J2322+2057 (3088 TOAs)
⚠ Could not save cache: no default __reduce__ due to non-trivial __cinit__

✓ Loaded 76 pulsars
✗ Failed: 0 — []
[MEM] After loading pulsars: 8877.3 MB

🔍 Filtering pulsars...

Filtered: 76 → 67 pulsars
[MEM] After filtering pulsars: 8880.3 MB
[MEM] After garbage collection: 8880.4 MB

======================================================================
SMBHB POPULATION ANALYSIS
======================================================================

Configuration: pessimistic
  Lower mass, lower spread in distance, large population
  N_binaries: 10000000

======================================================================
CONSISTENT POPULATION SYNTHESIS
======================================================================

======================================================================
GENERATING SNR-CONSISTENT POPULATIONS
======================================================================
Target SNR:          4.0
Simulations:         1
======================================================================


──────────────────────────────────────────────────────────────────────
SIMULATION 1/1
──────────────────────────────────────────────────────────────────────
  [B1855+09] zeroing residuals...
  [B1855+09] adding red noise...
  [B1855+09] white noise for 430_PUPPI (1185 TOAs)...
  [B1855+09] white noise for L-wide_ASP (1178 TOAs)...
  [B1855+09] white noise for 430_ASP (390 TOAs)...
  [B1855+09] white noise for L-wide_PUPPI (5005 TOAs)...
  [B1937+21] zeroing residuals...
  [B1937+21] adding red noise...
  [B1937+21] white noise for L-wide_PUPPI (4133 TOAs)...
  [B1937+21] white noise for Rcvr_800_GUPPI (7140 TOAs)...
  [B1937+21] white noise for S-wide_PUPPI (2251 TOAs)...
  [B1937+21] white noise for L-wide_ASP (452 TOAs)...
  [B1937+21] white noise for Rcvr_800_GASP (586 TOAs)...
  [B1937+21] white noise for S-wide_ASP (344 TOAs)...
  [B1937+21] white noise for Rcvr1_2_GUPPI (7048 TOAs)...
  [B1937+21] white noise for Rcvr1_2_GASP (1069 TOAs)...
  [B1953+29] zeroing residuals...
  [B1953+29] adding red noise...
  [B1953+29] white noise for L-wide_PUPPI (4037 TOAs)...
  [B1953+29] white noise for 430_ASP (29 TOAs)...
  [B1953+29] white noise for 430_PUPPI (941 TOAs)...
  [B1953+29] white noise for S-wide_ASP (25 TOAs)...
  [B1953+29] white noise for L-wide_ASP (94 TOAs)...
  [J0023+0923] zeroing residuals...
  [J0023+0923] adding red noise...
  [J0023+0923] white noise for 430_PUPPI (4564 TOAs)...
  [J0023+0923] white noise for L-wide_ASP (119 TOAs)...
  [J0023+0923] white noise for 430_ASP (90 TOAs)...
  [J0023+0923] white noise for L-wide_PUPPI (11123 TOAs)...
  [J0030+0451] zeroing residuals...
  [J0030+0451] adding red noise...
  [J0030+0451] white noise for L-wide_PUPPI (12774 TOAs)...
  [J0030+0451] white noise for 430_ASP (267 TOAs)...
  [J0030+0451] white noise for S-wide_PUPPI (2673 TOAs)...
  [J0030+0451] white noise for 430_PUPPI (3068 TOAs)...
  [J0030+0451] white noise for L-wide_ASP (789 TOAs)...
  [J0340+4130] zeroing residuals...
  [J0340+4130] adding red noise...
  [J0340+4130] white noise for Rcvr_800_GUPPI (6056 TOAs)...
  [J0340+4130] white noise for Rcvr1_2_GUPPI (5037 TOAs)...
  [J0406+3039] zeroing residuals...
  [J0406+3039] adding red noise...
  [J0406+3039] white noise for L-wide_PUPPI (1871 TOAs)...
  [J0406+3039] white noise for S-wide_PUPPI (575 TOAs)...
  [J0437-4715] zeroing residuals...
  [J0437-4715] adding red noise...
  [J0437-4715] white noise for 1.5GHz_YUPPI (2134 TOAs)...
  [J0437-4715] white noise for 3GHz_YUPPI (3696 TOAs)...
  [J0509+0856] zeroing residuals...
  [J0509+0856] adding red noise...
  [J0509+0856] white noise for L-wide_PUPPI (1625 TOAs)...
  [J0509+0856] white noise for S-wide_PUPPI (544 TOAs)...
  [J0557+1551] zeroing residuals...
  [J0557+1551] adding red noise...
  [J0557+1551] white noise for L-wide_PUPPI (467 TOAs)...
  [J0557+1551] white noise for S-wide_PUPPI (58 TOAs)...
  [J0605+3757] zeroing residuals...
  [J0605+3757] adding red noise...
  [J0605+3757] white noise for Rcvr_800_GUPPI (236 TOAs)...
  [J0605+3757] white noise for Rcvr1_2_GUPPI (318 TOAs)...
  [J0610-2100] zeroing residuals...
  [J0610-2100] adding red noise...
  [J0610-2100] white noise for Rcvr_800_GUPPI (2484 TOAs)...
  [J0610-2100] white noise for Rcvr1_2_GUPPI (2401 TOAs)...
  [J0613-0200] zeroing residuals...
  [J0613-0200] adding red noise...
  [J0613-0200] white noise for Rcvr_800_GASP (809 TOAs)...
  [J0613-0200] white noise for Rcvr1_2_GUPPI (7423 TOAs)...
  [J0613-0200] white noise for Rcvr1_2_GASP (992 TOAs)...
  [J0613-0200] white noise for Rcvr_800_GUPPI (7900 TOAs)...
  [J0636+5128] zeroing residuals...
  [J0636+5128] adding red noise...
  [J0636+5128] white noise for Rcvr_800_GUPPI (17419 TOAs)...
  [J0636+5128] white noise for Rcvr1_2_GUPPI (14803 TOAs)...
  [J0645+5158] zeroing residuals...
  [J0645+5158] adding red noise...
  [J0645+5158] white noise for Rcvr_800_GUPPI (4682 TOAs)...
  [J0645+5158] white noise for Rcvr1_2_GUPPI (5721 TOAs)...
  [J0709+0458] zeroing residuals...
  [J0709+0458] adding red noise...
  [J0709+0458] white noise for L-wide_PUPPI (2435 TOAs)...
  [J0709+0458] white noise for S-wide_PUPPI (595 TOAs)...
  [J0740+6620] zeroing residuals...
  [J0740+6620] adding red noise...
  [J0740+6620] white noise for Rcvr_800_GUPPI (5136 TOAs)...
  [J0740+6620] white noise for Rcvr1_2_GUPPI (8265 TOAs)...
  [J0931-1902] zeroing residuals...
  [J0931-1902] adding red noise...
  [J0931-1902] white noise for Rcvr_800_GUPPI (3419 TOAs)...
  [J0931-1902] white noise for Rcvr1_2_GUPPI (2054 TOAs)...
  [J1012+5307] zeroing residuals...
  [J1012+5307] adding red noise...
  [J1012+5307] white noise for Rcvr_800_GASP (1210 TOAs)...
  [J1012+5307] white noise for Rcvr1_2_GUPPI (12849 TOAs)...
  [J1012+5307] white noise for Rcvr1_2_GASP (1479 TOAs)...
  [J1012+5307] white noise for Rcvr_800_GUPPI (10299 TOAs)...
  [J1012-4235] zeroing residuals...
  [J1012-4235] adding red noise...
  [J1012-4235] white noise for Rcvr_800_GUPPI (342 TOAs)...
  [J1012-4235] white noise for Rcvr1_2_GUPPI (455 TOAs)...
  [J1022+1001] zeroing residuals...
  [J1022+1001] adding red noise...
  [J1022+1001] white noise for 430_PUPPI (232 TOAs)...
  [J1022+1001] white noise for L-wide_PUPPI (2592 TOAs)...
  [J1022+1001] white noise for S-wide_PUPPI (1154 TOAs)...
  [J1024-0719] zeroing residuals...
  [J1024-0719] adding red noise...
  [J1024-0719] white noise for Rcvr_800_GASP (51 TOAs)...
  [J1024-0719] white noise for Rcvr1_2_GUPPI (7086 TOAs)...
  [J1024-0719] white noise for Rcvr1_2_GASP (43 TOAs)...
  [J1024-0719] white noise for Rcvr_800_GUPPI (5455 TOAs)...
  [J1125+7819] zeroing residuals...
  [J1125+7819] adding red noise...
  [J1125+7819] white noise for Rcvr_800_GUPPI (4707 TOAs)...
  [J1125+7819] white noise for Rcvr1_2_GUPPI (4016 TOAs)...
  [J1312+0051] zeroing residuals...
  [J1312+0051] adding red noise...
  [J1312+0051] white noise for L-wide_PUPPI (1289 TOAs)...
  [J1312+0051] white noise for S-wide_PUPPI (416 TOAs)...
  [J1453+1902] zeroing residuals...
  [J1453+1902] adding red noise...
  [J1453+1902] white noise for 430_PUPPI (425 TOAs)...
  [J1453+1902] white noise for L-wide_PUPPI (2122 TOAs)...
  [J1453+1902] white noise for S-wide_PUPPI (4 TOAs)...
  [J1455-3330] zeroing residuals...
  [J1455-3330] adding red noise...
  [J1455-3330] white noise for Rcvr_800_GASP (479 TOAs)...
  [J1455-3330] white noise for Rcvr1_2_GUPPI (4932 TOAs)...
  [J1455-3330] white noise for Rcvr1_2_GASP (564 TOAs)...
  [J1455-3330] white noise for Rcvr_800_GUPPI (4843 TOAs)...
  [J1600-3053] zeroing residuals...
  [J1600-3053] adding red noise...
  [J1600-3053] white noise for Rcvr_800_GUPPI (8796 TOAs)...
  [J1600-3053] white noise for Rcvr_800_GASP (297 TOAs)...
  [J1600-3053] white noise for Rcvr1_2_GUPPI (10168 TOAs)...
  [J1600-3053] white noise for 3GHz_YUPPI (3237 TOAs)...
  [J1600-3053] white noise for Rcvr1_2_GASP (457 TOAs)...
  [J1614-2230] zeroing residuals...
  [J1614-2230] adding red noise...
  [J1614-2230] white noise for Rcvr_800_GASP (84 TOAs)...
  [J1614-2230] white noise for Rcvr1_2_GUPPI (10509 TOAs)...
  [J1614-2230] white noise for Rcvr1_2_GASP (84 TOAs)...
  [J1614-2230] white noise for Rcvr_800_GUPPI (7768 TOAs)...
  [J1630+3734] zeroing residuals...
  [J1630+3734] adding red noise...
  [J1630+3734] white noise for Rcvr_800_GUPPI (906 TOAs)...
  [J1630+3734] white noise for Rcvr1_2_GUPPI (909 TOAs)...
  [J1640+2224] zeroing residuals...
  [J1640+2224] adding red noise...
  [J1640+2224] white noise for 430_PUPPI (3157 TOAs)...
  [J1640+2224] white noise for L-wide_ASP (722 TOAs)...
  [J1640+2224] white noise for 430_ASP (340 TOAs)...
  [J1640+2224] white noise for L-wide_PUPPI (9847 TOAs)...
  [J1643-1224] zeroing residuals...
  [J1643-1224] adding red noise...
  [J1643-1224] white noise for Rcvr_800_GUPPI (7734 TOAs)...
  [J1643-1224] white noise for Rcvr_800_GASP (559 TOAs)...
  [J1643-1224] white noise for Rcvr1_2_GUPPI (8803 TOAs)...
  [J1643-1224] white noise for 3GHz_YUPPI (4215 TOAs)...
  [J1643-1224] white noise for Rcvr1_2_GASP (833 TOAs)...
  [J1705-1903] zeroing residuals...
  [J1705-1903] adding red noise...
  [J1705-1903] white noise for Rcvr_800_GUPPI (3521 TOAs)...
  [J1705-1903] white noise for Rcvr1_2_GUPPI (6350 TOAs)...
  [J1713+0747] zeroing residuals...
  [J1713+0747] adding red noise...
  [J1713+0747] white noise for L-wide_PUPPI (12743 TOAs)...
  [J1713+0747] white noise for 1.5GHz_YUPPI (1461 TOAs)...
  [J1713+0747] white noise for Rcvr_800_GUPPI (8479 TOAs)...
  [J1713+0747] white noise for S-wide_PUPPI (7482 TOAs)...
  [J1713+0747] white noise for L-wide_ASP (843 TOAs)...
  [J1713+0747] white noise for Rcvr_800_GASP (1032 TOAs)...
  [J1713+0747] white noise for S-wide_ASP (624 TOAs)...
  [J1713+0747] white noise for Rcvr1_2_GUPPI (22334 TOAs)...
  [J1713+0747] white noise for 3GHz_YUPPI (3282 TOAs)...
  [J1713+0747] white noise for Rcvr1_2_GASP (1109 TOAs)...
  [J1719-1438] zeroing residuals...
  [J1719-1438] adding red noise...
  [J1719-1438] white noise for Rcvr_800_GUPPI (3634 TOAs)...
  [J1719-1438] white noise for Rcvr1_2_GUPPI (2722 TOAs)...
  [J1730-2304] zeroing residuals...
  [J1730-2304] adding red noise...
  [J1730-2304] white noise for Rcvr_800_GUPPI (2503 TOAs)...
  [J1730-2304] white noise for Rcvr1_2_GUPPI (2367 TOAs)...
  [J1738+0333] zeroing residuals...
  [J1738+0333] adding red noise...
  [J1738+0333] white noise for L-wide_ASP (201 TOAs)...
  [J1738+0333] white noise for S-wide_ASP (134 TOAs)...
  [J1738+0333] white noise for L-wide_PUPPI (6718 TOAs)...
  [J1738+0333] white noise for S-wide_PUPPI (1737 TOAs)...
  [J1741+1351] zeroing residuals...
  [J1741+1351] adding red noise...
  [J1741+1351] white noise for L-wide_PUPPI (4045 TOAs)...
  [J1741+1351] white noise for 430_ASP (27 TOAs)...
  [J1741+1351] white noise for 430_PUPPI (1159 TOAs)...
  [J1741+1351] white noise for S-wide_ASP (115 TOAs)...
  [J1741+1351] white noise for L-wide_ASP (236 TOAs)...
  [J1744-1134] zeroing residuals...
  [J1744-1134] adding red noise...
  [J1744-1134] white noise for Rcvr_800_GASP (930 TOAs)...
  [J1744-1134] white noise for Rcvr1_2_GUPPI (8109 TOAs)...
  [J1744-1134] white noise for Rcvr1_2_GASP (807 TOAs)...
  [J1744-1134] white noise for Rcvr_800_GUPPI (7899 TOAs)...
  [J1745+1017] zeroing residuals...
  [J1745+1017] adding red noise...
  [J1745+1017] white noise for L-wide_PUPPI (2179 TOAs)...
  [J1745+1017] white noise for S-wide_PUPPI (838 TOAs)...
  [J1747-4036] zeroing residuals...
  [J1747-4036] adding red noise...
  [J1747-4036] white noise for Rcvr_800_GUPPI (5816 TOAs)...
  [J1747-4036] white noise for Rcvr1_2_GUPPI (5239 TOAs)...
  [J1751-2857] zeroing residuals...
  [J1751-2857] adding red noise...
  [J1751-2857] white noise for Rcvr_800_GUPPI (239 TOAs)...
  [J1751-2857] white noise for Rcvr1_2_GUPPI (1786 TOAs)...
  [J1802-2124] zeroing residuals...
  [J1802-2124] adding red noise...
  [J1802-2124] white noise for Rcvr_800_GUPPI (3565 TOAs)...
  [J1802-2124] white noise for Rcvr1_2_GUPPI (3231 TOAs)...
  [J1811-2405] zeroing residuals...
  [J1811-2405] adding red noise...
  [J1811-2405] white noise for Rcvr_800_GUPPI (2628 TOAs)...
  [J1811-2405] white noise for Rcvr1_2_GUPPI (2638 TOAs)...
  [J1832-0836] zeroing residuals...
  [J1832-0836] adding red noise...
  [J1832-0836] white noise for Rcvr_800_GUPPI (3078 TOAs)...
  [J1832-0836] white noise for Rcvr1_2_GUPPI (4661 TOAs)...
  [J1843-1113] zeroing residuals...
  [J1843-1113] adding red noise...
  [J1843-1113] white noise for Rcvr_800_GUPPI (2201 TOAs)...
  [J1843-1113] white noise for Rcvr1_2_GUPPI (2394 TOAs)...
  [J1853+1303] zeroing residuals...
  [J1853+1303] adding red noise...
  [J1853+1303] white noise for 430_PUPPI (1151 TOAs)...
  [J1853+1303] white noise for L-wide_ASP (33 TOAs)...
  [J1853+1303] white noise for 430_ASP (24 TOAs)...
  [J1853+1303] white noise for L-wide_PUPPI (3362 TOAs)...
  [J1903+0327] zeroing residuals...
  [J1903+0327] adding red noise...
  [J1903+0327] white noise for L-wide_PUPPI (3845 TOAs)...
  [J1903+0327] white noise for S-wide_PUPPI (2282 TOAs)...
  [J1903+0327] white noise for L-wide_ASP (139 TOAs)...
  [J1903+0327] white noise for S-wide_ASP (151 TOAs)...
  [J1903+0327] white noise for 3GHz_YUPPI (439 TOAs)...
  [J1909-3744] zeroing residuals...
  [J1909-3744] adding red noise...
  [J1909-3744] white noise for Rcvr_800_GUPPI (9399 TOAs)...
  [J1909-3744] white noise for Rcvr_800_GASP (866 TOAs)...
  [J1909-3744] white noise for Rcvr1_2_GUPPI (20439 TOAs)...
  [J1909-3744] white noise for 3GHz_YUPPI (3525 TOAs)...
  [J1909-3744] white noise for Rcvr1_2_GASP (808 TOAs)...
  [J1910+1256] zeroing residuals...
  [J1910+1256] adding red noise...
  [J1910+1256] white noise for L-wide_ASP (297 TOAs)...
  [J1910+1256] white noise for S-wide_ASP (208 TOAs)...
  [J1910+1256] white noise for L-wide_PUPPI (4124 TOAs)...
  [J1910+1256] white noise for S-wide_PUPPI (1857 TOAs)...
  [J1911+1347] zeroing residuals...
  [J1911+1347] adding red noise...
  [J1911+1347] white noise for 430_PUPPI (753 TOAs)...
  [J1911+1347] white noise for L-wide_PUPPI (3033 TOAs)...
  [J1918-0642] zeroing residuals...
  [J1918-0642] adding red noise...
  [J1918-0642] white noise for Rcvr_800_GASP (835 TOAs)...
  [J1918-0642] white noise for Rcvr1_2_GUPPI (8910 TOAs)...
  [J1918-0642] white noise for Rcvr1_2_GASP (778 TOAs)...
  [J1918-0642] white noise for Rcvr_800_GUPPI (8352 TOAs)...
  [J1923+2515] zeroing residuals...
  [J1923+2515] adding red noise...
  [J1923+2515] white noise for 430_PUPPI (922 TOAs)...
  [J1923+2515] white noise for L-wide_ASP (14 TOAs)...
  [J1923+2515] white noise for 430_ASP (10 TOAs)...
  [J1923+2515] white noise for L-wide_PUPPI (3028 TOAs)...
  [J1944+0907] zeroing residuals...
  [J1944+0907] adding red noise...
  [J1944+0907] white noise for L-wide_PUPPI (3900 TOAs)...
  [J1944+0907] white noise for 430_ASP (38 TOAs)...
  [J1944+0907] white noise for 430_PUPPI (1017 TOAs)...
  [J1944+0907] white noise for S-wide_ASP (116 TOAs)...
  [J1944+0907] white noise for L-wide_ASP (257 TOAs)...
  [J1946+3417] zeroing residuals...
  [J1946+3417] adding red noise...
  [J1946+3417] white noise for L-wide_PUPPI (3197 TOAs)...
  [J1946+3417] white noise for S-wide_PUPPI (1546 TOAs)...
  [J2010-1323] zeroing residuals...
  [J2010-1323] adding red noise...
  [J2010-1323] white noise for Rcvr_800_GASP (70 TOAs)...
  [J2010-1323] white noise for Rcvr1_2_GUPPI (7779 TOAs)...
  [J2010-1323] white noise for Rcvr1_2_GASP (70 TOAs)...
  [J2010-1323] white noise for Rcvr_800_GUPPI (9158 TOAs)...
  [J2017+0603] zeroing residuals...
  [J2017+0603] adding red noise...
  [J2017+0603] white noise for 430_PUPPI (78 TOAs)...
  [J2017+0603] white noise for L-wide_ASP (16 TOAs)...
  [J2017+0603] white noise for S-wide_PUPPI (849 TOAs)...
  [J2017+0603] white noise for L-wide_PUPPI (2569 TOAs)...
  [J2033+1734] zeroing residuals...
  [J2033+1734] adding red noise...
  [J2033+1734] white noise for 430_PUPPI (797 TOAs)...
  [J2033+1734] white noise for L-wide_PUPPI (3050 TOAs)...
  [J2043+1711] zeroing residuals...
  [J2043+1711] adding red noise...
  [J2043+1711] white noise for 430_PUPPI (2908 TOAs)...
  [J2043+1711] white noise for L-wide_ASP (40 TOAs)...
  [J2043+1711] white noise for 430_ASP (30 TOAs)...
  [J2043+1711] white noise for L-wide_PUPPI (4419 TOAs)...
  [J2124-3358] zeroing residuals...
  [J2124-3358] adding red noise...
  [J2124-3358] white noise for Rcvr_800_GUPPI (2025 TOAs)...
  [J2124-3358] white noise for Rcvr1_2_GUPPI (2957 TOAs)...
  [J2145-0750] zeroing residuals...
  [J2145-0750] adding red noise...
  [J2145-0750] white noise for Rcvr_800_GASP (362 TOAs)...
  [J2145-0750] white noise for Rcvr1_2_GUPPI (9158 TOAs)...
  [J2145-0750] white noise for Rcvr1_2_GASP (427 TOAs)...
  [J2145-0750] white noise for Rcvr_800_GUPPI (8728 TOAs)...
  [J2214+3000] zeroing residuals...
  [J2214+3000] adding red noise...
  [J2214+3000] white noise for L-wide_ASP (9 TOAs)...
  [J2214+3000] white noise for L-wide_PUPPI (5829 TOAs)...
  [J2214+3000] white noise for S-wide_PUPPI (1568 TOAs)...
  [J2229+2643] zeroing residuals...
  [J2229+2643] adding red noise...
  [J2229+2643] white noise for 430_PUPPI (956 TOAs)...
  [J2229+2643] white noise for L-wide_PUPPI (2755 TOAs)...
  [J2234+0611] zeroing residuals...
  [J2234+0611] adding red noise...
  [J2234+0611] white noise for 430_PUPPI (653 TOAs)...
  [J2234+0611] white noise for L-wide_PUPPI (2913 TOAs)...
  [J2234+0944] zeroing residuals...
  [J2234+0944] adding red noise...
  [J2234+0944] white noise for L-wide_PUPPI (5003 TOAs)...
  [J2234+0944] white noise for S-wide_PUPPI (2532 TOAs)...
  [J2302+4442] zeroing residuals...
  [J2302+4442] adding red noise...
  [J2302+4442] white noise for Rcvr_800_GUPPI (6432 TOAs)...
  [J2302+4442] white noise for Rcvr1_2_GUPPI (3779 TOAs)...
  [J2317+1439] zeroing residuals...
  [J2317+1439] adding red noise...
  [J2317+1439] white noise for L-wide_PUPPI (9563 TOAs)...
  [J2317+1439] white noise for 430_ASP (458 TOAs)...
  [J2317+1439] white noise for 327_PUPPI (276 TOAs)...
  [J2317+1439] white noise for 430_PUPPI (3217 TOAs)...
  [J2317+1439] white noise for 327_ASP (413 TOAs)...
  [J2322+2057] zeroing residuals...
  [J2322+2057] adding red noise...
  [J2322+2057] white noise for 430_PUPPI (752 TOAs)...
  [J2322+2057] white noise for L-wide_PUPPI (2196 TOAs)...
  [J2322+2057] white noise for S-wide_PUPPI (140 TOAs)...
Resetting pulsars to clean stoas...
Restore: 0.00 s
Inject: 0.00 s
Snapshotting into enterprise Pulsar objects...
Building PTA...
PTA build: 448.58 s
Computing optimal statistic...
OS time: 67.64 s
Total: 516.22 s
Noise-only SNR baseline: -0.4098

Generating SNR-consistent population...
Target SNR: 4.0
Resetting pulsars to clean stoas...
Restore: 1.16 s
Injecting population...
  B1855+09: RMS = 1978.158 ns
  B1937+21: RMS = 1206.260 ns
  B1953+29: RMS = 1286.315 ns
  J0023+0923: RMS = 2176.290 ns
  J0030+0451: RMS = 1705.265 ns
  J0340+4130: RMS = 1976.734 ns
  J0406+3039: RMS = 1140.703 ns
  J0437-4715: RMS = 871.678 ns
  J0509+0856: RMS = 1234.949 ns
  J0557+1551: RMS = 485.097 ns
  J0605+3757: RMS = 496.610 ns
  J0610-2100: RMS = 644.711 ns
  J0613-0200: RMS = 681.424 ns
  J0636+5128: RMS = 205.306 ns
  J0645+5158: RMS = 457.325 ns
  J0709+0458: RMS = 570.234 ns
  J0740+6620: RMS = 549.968 ns
  J0931-1902: RMS = 1099.925 ns
  J1012+5307: RMS = 713.230 ns
  J1012-4235: RMS = 383.179 ns
  J1022+1001: RMS = 570.854 ns
  J1024-0719: RMS = 2455.392 ns
  J1125+7819: RMS = 975.672 ns
  J1312+0051: RMS = 1408.345 ns
  J1453+1902: RMS = 708.476 ns
  J1455-3330: RMS = 1103.626 ns
  J1600-3053: RMS = 1735.372 ns
  J1614-2230: RMS = 2305.402 ns
  J1630+3734: RMS = 564.490 ns
  J1640+2224: RMS = 1940.594 ns
  J1643-1224: RMS = 1842.217 ns
  J1705-1903: RMS = 2189.291 ns
  J1713+0747: RMS = 3383.988 ns
  J1719-1438: RMS = 1923.910 ns
  J1730-2304: RMS = 2041.064 ns
  J1738+0333: RMS = 3199.837 ns
  J1741+1351: RMS = 3288.237 ns
  J1744-1134: RMS = 2373.580 ns
  J1745+1017: RMS = 3040.443 ns
  J1747-4036: RMS = 1139.531 ns
  J1751-2857: RMS = 1658.126 ns
  J1802-2124: RMS = 1283.143 ns
  J1811-2405: RMS = 941.926 ns
  J1832-0836: RMS = 3186.837 ns
  J1843-1113: RMS = 1205.773 ns
  J1853+1303: RMS = 1466.906 ns
  J1903+0327: RMS = 1663.238 ns
  J1909-3744: RMS = 825.175 ns
  J1910+1256: RMS = 1150.886 ns
  J1911+1347: RMS = 1069.868 ns
  J1918-0642: RMS = 980.331 ns
  J1923+2515: RMS = 1304.258 ns
  J1944+0907: RMS = 1192.152 ns
  J1946+3417: RMS = 886.335 ns
  J2010-1323: RMS = 1404.445 ns
  J2017+0603: RMS = 2050.113 ns
  J2033+1734: RMS = 1491.074 ns
  J2043+1711: RMS = 1077.939 ns
  J2124-3358: RMS = 801.187 ns
  J2145-0750: RMS = 1684.849 ns
  J2214+3000: RMS = 1137.592 ns
  J2229+2643: RMS = 1168.106 ns
  J2234+0611: RMS = 493.261 ns
  J2234+0944: RMS = 715.856 ns
  J2302+4442: RMS = 1143.192 ns
  J2317+1439: RMS = 1768.472 ns
  J2322+2057: RMS = 686.883 ns
Inject: 264.12 s
Snapshotting into enterprise Pulsar objects...
Building PTA...
PTA build: 441.39 s
Computing optimal statistic...
OS time: 70.96 s
Total: 777.63 s
Initial SNR: 33.1067, Target SNR: 4.0000
  Initial SNR 33.1067 outside of provided SNR_range [3.5, 4.25] — rescaling.
Scaling distances by factor 2.7569 to achieve target SNR...
Resetting pulsars to clean stoas...
Restore: 0.01 s
Injecting population...
  B1855+09: RMS = 717.529 ns
  B1937+21: RMS = 437.542 ns
  B1953+29: RMS = 466.580 ns
  J0023+0923: RMS = 789.397 ns
  J0030+0451: RMS = 618.544 ns
  J0340+4130: RMS = 717.013 ns
  J0406+3039: RMS = 413.763 ns
  J0437-4715: RMS = 316.180 ns
  J0509+0856: RMS = 447.948 ns
  J0557+1551: RMS = 175.957 ns
  J0605+3757: RMS = 180.133 ns
  J0610-2100: RMS = 233.853 ns
  J0613-0200: RMS = 247.170 ns
  J0636+5128: RMS = 74.470 ns
  J0645+5158: RMS = 165.884 ns
  J0709+0458: RMS = 206.839 ns
  J0740+6620: RMS = 199.488 ns
  J0931-1902: RMS = 398.972 ns
  J1012+5307: RMS = 258.707 ns
  J1012-4235: RMS = 138.989 ns
  J1022+1001: RMS = 207.064 ns
  J1024-0719: RMS = 890.635 ns
  J1125+7819: RMS = 353.902 ns
  J1312+0051: RMS = 510.843 ns
  J1453+1902: RMS = 256.983 ns
  J1455-3330: RMS = 400.314 ns
  J1600-3053: RMS = 629.465 ns
  J1614-2230: RMS = 836.230 ns
  J1630+3734: RMS = 204.755 ns
  J1640+2224: RMS = 703.904 ns
  J1643-1224: RMS = 668.220 ns
  J1705-1903: RMS = 794.113 ns
  J1713+0747: RMS = 1227.461 ns
  J1719-1438: RMS = 697.852 ns
  J1730-2304: RMS = 740.347 ns
  J1738+0333: RMS = 1160.665 ns
  J1741+1351: RMS = 1192.729 ns
  J1744-1134: RMS = 860.960 ns
  J1745+1017: RMS = 1102.848 ns
  J1747-4036: RMS = 413.338 ns
  J1751-2857: RMS = 601.446 ns
  J1802-2124: RMS = 465.430 ns
  J1811-2405: RMS = 341.661 ns
  J1832-0836: RMS = 1155.949 ns
  J1843-1113: RMS = 437.365 ns
  J1853+1303: RMS = 532.085 ns
  J1903+0327: RMS = 603.300 ns
  J1909-3744: RMS = 299.312 ns
  J1910+1256: RMS = 417.457 ns
  J1911+1347: RMS = 388.069 ns
  J1918-0642: RMS = 355.592 ns
  J1923+2515: RMS = 473.088 ns
  J1944+0907: RMS = 432.425 ns
  J1946+3417: RMS = 321.497 ns
  J2010-1323: RMS = 509.429 ns
  J2017+0603: RMS = 743.629 ns
  J2033+1734: RMS = 540.852 ns
  J2043+1711: RMS = 390.997 ns
  J2124-3358: RMS = 290.611 ns
  J2145-0750: RMS = 611.139 ns
  J2214+3000: RMS = 412.634 ns
  J2229+2643: RMS = 423.703 ns
  J2234+0611: RMS = 178.919 ns
  J2234+0944: RMS = 259.660 ns
  J2302+4442: RMS = 414.666 ns
  J2317+1439: RMS = 641.471 ns
  J2322+2057: RMS = 249.150 ns
Inject: 364.94 s
Snapshotting into enterprise Pulsar objects...
Building PTA...
PTA build: 440.56 s
Computing optimal statistic...
OS time: 75.75 s
Total: 881.25 s
  SNR 2.5423 outside of provided SNR_range [3.5, 4.25] — rescaling.
[Iteration 1/4] SNR after scaling: 2.5423 (target: 4.0000)
  SNR history: it0→33.1067@1.0000x, it1→2.5423@2.7569x
  Re-scaling distances by factor 0.6023  (cumulative after: 1.6604×)
Resetting pulsars to clean stoas...
Restore: 16.32 s
Injecting population...
  B1855+09: RMS = 1191.380 ns
  B1937+21: RMS = 726.491 ns
  B1953+29: RMS = 774.706 ns
  J0023+0923: RMS = 1310.708 ns
  J0030+0451: RMS = 1027.025 ns
  J0340+4130: RMS = 1190.523 ns
  J0406+3039: RMS = 687.008 ns
  J0437-4715: RMS = 524.983 ns
  J0509+0856: RMS = 743.770 ns
  J0557+1551: RMS = 292.158 ns
  J0605+3757: RMS = 299.092 ns
  J0610-2100: RMS = 388.288 ns
  J0613-0200: RMS = 410.400 ns
  J0636+5128: RMS = 123.649 ns
  J0645+5158: RMS = 275.432 ns
  J0709+0458: RMS = 343.434 ns
  J0740+6620: RMS = 331.228 ns
  J0931-1902: RMS = 662.449 ns
  J1012+5307: RMS = 429.555 ns
  J1012-4235: RMS = 230.776 ns
  J1022+1001: RMS = 343.807 ns
  J1024-0719: RMS = 1478.803 ns
  J1125+7819: RMS = 587.615 ns
  J1312+0051: RMS = 848.200 ns
  J1453+1902: RMS = 426.692 ns
  J1455-3330: RMS = 664.678 ns
  J1600-3053: RMS = 1045.158 ns
  J1614-2230: RMS = 1388.469 ns
  J1630+3734: RMS = 339.974 ns
  J1640+2224: RMS = 1168.757 ns
  J1643-1224: RMS = 1109.508 ns
  J1705-1903: RMS = 1318.539 ns
  J1713+0747: RMS = 2038.066 ns
  J1719-1438: RMS = 1158.708 ns
  J1730-2304: RMS = 1229.267 ns
  J1738+0333: RMS = 1927.158 ns
  J1741+1351: RMS = 1980.398 ns
  J1744-1134: RMS = 1429.530 ns
  J1745+1017: RMS = 1831.160 ns
  J1747-4036: RMS = 686.303 ns
  J1751-2857: RMS = 998.635 ns
  J1802-2124: RMS = 772.796 ns
  J1811-2405: RMS = 567.291 ns
  J1832-0836: RMS = 1919.328 ns
  J1843-1113: RMS = 726.198 ns
  J1853+1303: RMS = 883.470 ns
  J1903+0327: RMS = 1001.714 ns
  J1909-3744: RMS = 496.976 ns
  J1910+1256: RMS = 693.141 ns
  J1911+1347: RMS = 644.347 ns
  J1918-0642: RMS = 590.422 ns
  J1923+2515: RMS = 785.512 ns
  J1944+0907: RMS = 717.994 ns
  J1946+3417: RMS = 533.811 ns
  J2010-1323: RMS = 845.851 ns
  J2017+0603: RMS = 1234.716 ns
  J2033+1734: RMS = 898.025 ns
  J2043+1711: RMS = 649.208 ns
  J2124-3358: RMS = 482.529 ns
  J2145-0750: RMS = 1014.730 ns
  J2214+3000: RMS = 685.135 ns
  J2229+2643: RMS = 703.513 ns
  J2234+0611: RMS = 297.075 ns
  J2234+0944: RMS = 431.137 ns
  J2302+4442: RMS = 688.508 ns
  J2317+1439: RMS = 1065.093 ns
  J2322+2057: RMS = 413.687 ns
Inject: 221.89 s
Snapshotting into enterprise Pulsar objects...
Building PTA...
PTA build: 458.65 s
Computing optimal statistic...
OS time: 63.94 s
Total: 760.80 s
  SNR 10.2382 outside of provided SNR_range [3.5, 4.25] — rescaling.
[Iteration 2/4] SNR after scaling: 10.2382 (target: 4.0000)
  SNR history: it0→33.1067@1.0000x, it1→2.5423@2.7569x, it2→10.2382@1.6604x
  Re-scaling distances by factor 1.2886  (cumulative after: 2.1395×)
Resetting pulsars to clean stoas...
Restore: 0.04 s
Injecting population...
  B1855+09: RMS = 924.581 ns
  B1937+21: RMS = 563.800 ns
  B1953+29: RMS = 601.218 ns
  J0023+0923: RMS = 1017.187 ns
  J0030+0451: RMS = 797.032 ns
  J0340+4130: RMS = 923.916 ns
  J0406+3039: RMS = 533.159 ns
  J0437-4715: RMS = 407.418 ns
  J0509+0856: RMS = 577.209 ns
  J0557+1551: RMS = 226.732 ns
  J0605+3757: RMS = 232.113 ns
  J0610-2100: RMS = 301.335 ns
  J0613-0200: RMS = 318.494 ns
  J0636+5128: RMS = 95.959 ns
  J0645+5158: RMS = 213.752 ns
  J0709+0458: RMS = 266.525 ns
  J0740+6620: RMS = 257.052 ns
  J0931-1902: RMS = 514.100 ns
  J1012+5307: RMS = 333.360 ns
  J1012-4235: RMS = 179.096 ns
  J1022+1001: RMS = 266.814 ns
  J1024-0719: RMS = 1147.638 ns
  J1125+7819: RMS = 456.024 ns
  J1312+0051: RMS = 658.253 ns
  J1453+1902: RMS = 331.138 ns
  J1455-3330: RMS = 515.830 ns
  J1600-3053: RMS = 811.104 ns
  J1614-2230: RMS = 1077.534 ns
  J1630+3734: RMS = 263.840 ns
  J1640+2224: RMS = 907.024 ns
  J1643-1224: RMS = 861.043 ns
  J1705-1903: RMS = 1023.264 ns
  J1713+0747: RMS = 1581.659 ns
  J1719-1438: RMS = 899.226 ns
  J1730-2304: RMS = 953.983 ns
  J1738+0333: RMS = 1495.588 ns
  J1741+1351: RMS = 1536.906 ns
  J1744-1134: RMS = 1109.400 ns
  J1745+1017: RMS = 1421.088 ns
  J1747-4036: RMS = 532.611 ns
  J1751-2857: RMS = 775.000 ns
  J1802-2124: RMS = 599.735 ns
  J1811-2405: RMS = 440.252 ns
  J1832-0836: RMS = 1489.512 ns
  J1843-1113: RMS = 563.572 ns
  J1853+1303: RMS = 685.625 ns
  J1903+0327: RMS = 777.389 ns
  J1909-3744: RMS = 385.683 ns
  J1910+1256: RMS = 537.919 ns
  J1911+1347: RMS = 500.051 ns
  J1918-0642: RMS = 458.202 ns
  J1923+2515: RMS = 609.604 ns
  J1944+0907: RMS = 557.206 ns
  J1946+3417: RMS = 414.269 ns
  J2010-1323: RMS = 656.431 ns
  J2017+0603: RMS = 958.213 ns
  J2033+1734: RMS = 696.921 ns
  J2043+1711: RMS = 503.824 ns
  J2124-3358: RMS = 374.471 ns
  J2145-0750: RMS = 787.490 ns
  J2214+3000: RMS = 531.705 ns
  J2229+2643: RMS = 545.967 ns
  J2234+0611: RMS = 230.548 ns
  J2234+0944: RMS = 334.588 ns
  J2302+4442: RMS = 534.322 ns
  J2317+1439: RMS = 826.575 ns
  J2322+2057: RMS = 321.046 ns
Inject: 145.64 s
Snapshotting into enterprise Pulsar objects...
Building PTA...
PTA build: 426.89 s
Computing optimal statistic...
OS time: 55.58 s
Total: 628.15 s
  SNR 5.3440 outside of provided SNR_range [3.5, 4.25] — rescaling.
[Iteration 3/4] SNR after scaling: 5.3440 (target: 4.0000)
  SNR history: it0→33.1067@1.0000x, it1→2.5423@2.7569x, it2→10.2382@1.6604x, it3→5.3440@2.1395x
  Re-scaling distances by factor 1.1351  (cumulative after: 2.4287×)
Resetting pulsars to clean stoas...
Restore: 0.01 s
Injecting population...
  B1855+09: RMS = 814.502 ns
  B1937+21: RMS = 496.675 ns
  B1953+29: RMS = 529.638 ns
  J0023+0923: RMS = 896.083 ns
  J0030+0451: RMS = 702.139 ns
  J0340+4130: RMS = 813.916 ns
  J0406+3039: RMS = 469.682 ns
  J0437-4715: RMS = 358.912 ns
  J0509+0856: RMS = 508.488 ns
  J0557+1551: RMS = 199.738 ns
  J0605+3757: RMS = 204.478 ns
  J0610-2100: RMS = 265.458 ns
  J0613-0200: RMS = 280.575 ns
  J0636+5128: RMS = 84.534 ns
  J0645+5158: RMS = 188.303 ns
  J0709+0458: RMS = 234.793 ns
  J0740+6620: RMS = 226.448 ns
  J0931-1902: RMS = 452.892 ns
  J1012+5307: RMS = 293.671 ns
  J1012-4235: RMS = 157.773 ns
  J1022+1001: RMS = 235.048 ns
  J1024-0719: RMS = 1011.003 ns
  J1125+7819: RMS = 401.731 ns
  J1312+0051: RMS = 579.883 ns
  J1453+1902: RMS = 291.714 ns
  J1455-3330: RMS = 454.416 ns
  J1600-3053: RMS = 714.536 ns
  J1614-2230: RMS = 949.245 ns
  J1630+3734: RMS = 232.428 ns
  J1640+2224: RMS = 799.036 ns
  J1643-1224: RMS = 758.529 ns
  J1705-1903: RMS = 901.436 ns
  J1713+0747: RMS = 1393.350 ns
  J1719-1438: RMS = 792.166 ns
  J1730-2304: RMS = 840.404 ns
  J1738+0333: RMS = 1317.526 ns
  J1741+1351: RMS = 1353.925 ns
  J1744-1134: RMS = 977.317 ns
  J1745+1017: RMS = 1251.896 ns
  J1747-4036: RMS = 469.200 ns
  J1751-2857: RMS = 682.730 ns
  J1802-2124: RMS = 528.332 ns
  J1811-2405: RMS = 387.836 ns
  J1832-0836: RMS = 1312.174 ns
  J1843-1113: RMS = 496.475 ns
  J1853+1303: RMS = 603.996 ns
  J1903+0327: RMS = 684.835 ns
  J1909-3744: RMS = 339.764 ns
  J1910+1256: RMS = 473.875 ns
  J1911+1347: RMS = 440.516 ns
  J1918-0642: RMS = 403.649 ns
  J1923+2515: RMS = 537.026 ns
  J1944+0907: RMS = 490.866 ns
  J1946+3417: RMS = 364.947 ns
  J2010-1323: RMS = 578.277 ns
  J2017+0603: RMS = 844.130 ns
  J2033+1734: RMS = 613.947 ns
  J2043+1711: RMS = 443.839 ns
  J2124-3358: RMS = 329.887 ns
  J2145-0750: RMS = 693.733 ns
  J2214+3000: RMS = 468.401 ns
  J2229+2643: RMS = 480.965 ns
  J2234+0611: RMS = 203.099 ns
  J2234+0944: RMS = 294.752 ns
  J2302+4442: RMS = 470.707 ns
  J2317+1439: RMS = 728.165 ns
  J2322+2057: RMS = 282.823 ns
Inject: 166.91 s
Snapshotting into enterprise Pulsar objects...
Building PTA...
PTA build: 444.70 s
Computing optimal statistic...
OS time: 43.59 s
Total: 655.21 s
  ✓ SNR is within the provided SNR_range: 3.7450 ∈ [3.5, 4.25]

Final SNR history:
  it 0: cumulative_scale=1.0000×  SNR=33.1067
  it 1: cumulative_scale=2.7569×  SNR=2.5423
  it 2: cumulative_scale=1.6604×  SNR=10.2382
  it 3: cumulative_scale=2.1395×  SNR=5.3440
  it 4: cumulative_scale=2.4287×  SNR=3.7450
✓ Simulation 1 done (3739.9 s)

======================================================================
ENSEMBLE SUMMARY
======================================================================
Success rate: 100.0% (1/1)

Binaries per population:
  Mean ± std : 10000000 ± 0
  Range      : [10000000, 10000000]

SNR achieved:
  Mean ± std : 3.7450 ± 0.0000
  Range      : [3.7450, 3.7450]

Total time: 4298.3 s (71.6 min)
======================================================================

💾 Saved: data/2026-04-29/pessimistic_run_128/consistent_population_pessimistic_targetSNR4.25_sims1.json
💾 Saved compressed pickle: data/2026-04-29/pessimistic_run_128/consistent_population_pessimistic_targetSNR4.25_sims1.pkl.gz

======================================================================
CONTINUOUS WAVE SNR ANALYSIS
======================================================================

--- Population 1 ---
Precomputation of phiinvs, TNTs, Ts, Nvecs, Sigmas took 0.03 seconds.
Total SNR computation for population took 342.76 seconds.
Top 50 CGW candidates:
   1. proxy_rank=   3  sky_w=1.23  f=4.63e-09 Hz  Mc=1.65e+09 Msun  h0=1.55e-15  SNR=1.795
   2. proxy_rank=  15  sky_w=1.24  f=5.65e-09 Hz  Mc=7.99e+09 Msun  h0=1.23e-15  SNR=1.534
   3. proxy_rank=  26  sky_w=1.35  f=5.55e-09 Hz  Mc=5.29e+09 Msun  h0=9.00e-16  SNR=1.399
   4. proxy_rank= 348  sky_w=1.32  f=8.08e-09 Hz  Mc=3.24e+09 Msun  h0=6.56e-16  SNR=1.166
   5. proxy_rank= 840  sky_w=1.40  f=9.51e-09 Hz  Mc=4.23e+09 Msun  h0=5.50e-16  SNR=1.157
   6. proxy_rank= 649  sky_w=1.53  f=1.27e-08 Hz  Mc=4.90e+09 Msun  h0=7.30e-16  SNR=1.149
   7. proxy_rank= 258  sky_w=1.61  f=7.30e-09 Hz  Mc=4.75e+09 Msun  h0=5.23e-16  SNR=1.044
   8. proxy_rank= 330  sky_w=1.29  f=7.33e-09 Hz  Mc=5.26e+09 Msun  h0=6.14e-16  SNR=0.955
   9. proxy_rank= 102  sky_w=0.95  f=5.50e-09 Hz  Mc=3.01e+09 Msun  h0=8.91e-16  SNR=0.892
  10. proxy_rank= 680  sky_w=1.61  f=8.02e-09 Hz  Mc=4.25e+09 Msun  h0=4.30e-16  SNR=0.857
  11. proxy_rank= 392  sky_w=1.47  f=6.52e-09 Hz  Mc=3.96e+09 Msun  h0=4.60e-16  SNR=0.776
  12. proxy_rank= 231  sky_w=1.51  f=5.54e-09 Hz  Mc=3.60e+09 Msun  h0=4.38e-16  SNR=0.753
  13. proxy_rank= 162  sky_w=1.62  f=5.04e-09 Hz  Mc=4.15e+09 Msun  h0=4.20e-16  SNR=0.719
  14. proxy_rank=   9  sky_w=1.57  f=3.12e-09 Hz  Mc=5.57e+09 Msun  h0=6.36e-16  SNR=0.668
  15. proxy_rank= 911  sky_w=1.47  f=9.40e-09 Hz  Mc=4.00e+09 Msun  h0=5.05e-16  SNR=0.659
  16. proxy_rank= 484  sky_w=1.21  f=5.72e-09 Hz  Mc=3.79e+09 Msun  h0=4.57e-16  SNR=0.656
  17. proxy_rank= 819  sky_w=1.50  f=6.53e-09 Hz  Mc=4.10e+09 Msun  h0=3.55e-16  SNR=0.650
  18. proxy_rank= 966  sky_w=1.07  f=6.70e-09 Hz  Mc=4.83e+09 Msun  h0=4.83e-16  SNR=0.619
  19. proxy_rank=  68  sky_w=1.35  f=7.66e-09 Hz  Mc=4.66e+09 Msun  h0=9.78e-16  SNR=0.609
  20. proxy_rank= 702  sky_w=1.53  f=5.24e-09 Hz  Mc=3.76e+09 Msun  h0=2.94e-16  SNR=0.502
  21. proxy_rank= 219  sky_w=1.30  f=5.70e-09 Hz  Mc=5.57e+09 Msun  h0=5.35e-16  SNR=0.497
  22. proxy_rank= 989  sky_w=0.97  f=6.89e-09 Hz  Mc=5.29e+09 Msun  h0=5.47e-16  SNR=0.484
  23. proxy_rank= 419  sky_w=0.77  f=4.65e-09 Hz  Mc=6.37e+09 Msun  h0=6.06e-16  SNR=0.483
  24. proxy_rank= 814  sky_w=1.50  f=5.30e-09 Hz  Mc=1.04e+09 Msun  h0=2.88e-16  SNR=0.429
  25. proxy_rank=  17  sky_w=1.30  f=4.05e-09 Hz  Mc=4.53e+09 Msun  h0=8.09e-16  SNR=0.428
  26. proxy_rank= 341  sky_w=1.46  f=4.47e-09 Hz  Mc=4.47e+09 Msun  h0=3.29e-16  SNR=0.418
  27. proxy_rank= 291  sky_w=1.29  f=4.12e-09 Hz  Mc=2.00e+09 Msun  h0=3.58e-16  SNR=0.409
  28. proxy_rank= 820  sky_w=1.09  f=5.64e-09 Hz  Mc=2.73e+09 Msun  h0=4.22e-16  SNR=0.392
  29. proxy_rank= 132  sky_w=1.61  f=3.57e-09 Hz  Mc=4.16e+09 Msun  h0=3.13e-16  SNR=0.388
  30. proxy_rank=  77  sky_w=1.21  f=3.18e-09 Hz  Mc=4.87e+09 Msun  h0=4.41e-16  SNR=0.385
  31. proxy_rank=  98  sky_w=1.01  f=3.81e-09 Hz  Mc=6.19e+09 Msun  h0=5.87e-16  SNR=0.384
  32. proxy_rank=  14  sky_w=0.91  f=2.79e-09 Hz  Mc=8.42e+09 Msun  h0=8.62e-16  SNR=0.378
  33. proxy_rank=   8  sky_w=1.46  f=2.35e-09 Hz  Mc=1.10e+09 Msun  h0=5.34e-16  SNR=0.375
  34. proxy_rank= 185  sky_w=1.58  f=3.65e-09 Hz  Mc=4.64e+09 Msun  h0=3.00e-16  SNR=0.373
  35. proxy_rank= 696  sky_w=1.56  f=5.13e-09 Hz  Mc=3.80e+09 Msun  h0=2.83e-16  SNR=0.360
  36. proxy_rank= 607  sky_w=1.61  f=4.23e-09 Hz  Mc=3.34e+09 Msun  h0=2.37e-16  SNR=0.345
  37. proxy_rank=  24  sky_w=1.62  f=3.21e-09 Hz  Mc=5.10e+09 Msun  h0=4.51e-16  SNR=0.341
  38. proxy_rank= 332  sky_w=1.10  f=4.49e-09 Hz  Mc=4.99e+09 Msun  h0=4.40e-16  SNR=0.333
  39. proxy_rank=   1  sky_w=1.54  f=2.53e-09 Hz  Mc=5.57e+09 Msun  h0=7.77e-16  SNR=0.332
  40. proxy_rank=   7  sky_w=1.57  f=2.24e-09 Hz  Mc=6.49e+09 Msun  h0=4.80e-16  SNR=0.330
  41. proxy_rank= 303  sky_w=1.28  f=3.91e-09 Hz  Mc=4.71e+09 Msun  h0=3.39e-16  SNR=0.323
  42. proxy_rank= 681  sky_w=1.52  f=4.18e-09 Hz  Mc=3.42e+09 Msun  h0=2.37e-16  SNR=0.323
  43. proxy_rank= 786  sky_w=1.38  f=4.31e-09 Hz  Mc=3.10e+09 Msun  h0=2.57e-16  SNR=0.321
  44. proxy_rank= 317  sky_w=1.14  f=3.76e-09 Hz  Mc=5.20e+09 Msun  h0=3.62e-16  SNR=0.312
  45. proxy_rank= 515  sky_w=1.45  f=4.05e-09 Hz  Mc=3.58e+09 Msun  h0=2.65e-16  SNR=0.311
  46. proxy_rank=   5  sky_w=1.54  f=2.13e-09 Hz  Mc=8.66e+08 Msun  h0=4.99e-16  SNR=0.311
  47. proxy_rank= 679  sky_w=1.32  f=3.97e-09 Hz  Mc=2.72e+09 Msun  h0=2.59e-16  SNR=0.303
  48. proxy_rank= 201  sky_w=0.79  f=3.39e-09 Hz  Mc=5.24e+09 Msun  h0=5.33e-16  SNR=0.301
  49. proxy_rank= 125  sky_w=1.02  f=3.28e-09 Hz  Mc=5.96e+09 Msun  h0=4.64e-16  SNR=0.299
  50. proxy_rank= 176  sky_w=0.70  f=3.35e-09 Hz  Mc=1.95e+09 Msun  h0=6.25e-16  SNR=0.296
💾 Saved: data/2026-04-29/pessimistic_run_128/consistent_population_pessimistic_targetSNR4.25_sims1.json
💾 Saved compressed pickle: data/2026-04-29/pessimistic_run_128/consistent_population_pessimistic_targetSNR4.25_sims1.pkl.gz
Saved to figures/cgw_analysis_pessimistic.pdf

======================================================================
ANALYSIS COMPLETE
Results saved to: data/2026-04-29/pessimistic_run_128
======================================================================

==========================================
Job finished at: Wed Apr 29 14:17:26 AEST 2026
Exit code: 0
==========================================

+------------------ Job Report: 11736968 (COMPLETED) ------------------+
| Memory (RAM)  [################### ] 98.8% (39.5 GB peak / 40 GB)    |
| CPU           [################    ] 83.3% average                   |
| Time          [------------------->] 99.5% (0-01:24:35 / 0-01:25:00) |
|                                                                      |
| Lustre Filesystem:                                                   |
|   Path    Total Read    Total Write    Total IOPS                    |
|   ------  ------------  -------------  ------------                  |
|   /apps   0 B           0 B            5                             |
|   /fred   3.4 MB        6.9 MB         35                            |
|   /home   6.9 MB        0 B            2 K                           |
|   OS      0 B           0 B            2                             |
+----------------------------------------------------------------------+
