==========================================
Job ID: 11717845
Job Name: smbhb_realistic
Node: gina304
Start Time: Tue Apr 28 16:29:45 AEST 2026
==========================================

/home/bhoulden/.conda/envs/smbhb312/share/tempo2
Working directory: /fred/oz005/users/bhoulden/SMBHB_population_injections

Loaded modules:

Starting SMBHB analysis...
==========================================

📁 Save directory: data/2026-04-28/realistic_run_45
📝 Run name: realistic_run_45

[MEM] Start: 244.3 MB

📡 Loading pulsars...
======================================================================
LOADING NANOGRAV PULSARS (libstempo)
======================================================================

📦 Loading from cache: nanograv_pulsars_cache.pkl
⚠ Cache load failed: Ran out of input
[DEBUG] Found 76 .par files
[tempo2Util.C:396] Warning: [MISC1] Unknown parameter in par file:  DMDATA
[tempo2Util.C:401] Warning: [DUP1] duplicated warnings have been suppressed.

WARNING: Using tempo RNAMP parameter: setting TNRedC to 100!
[observatory.C:271] Warning: Assuming site 'arecibo' means 'ao'
✓ Loaded B1855+09 (7758 TOAs)

WARNING: Using tempo RNAMP parameter: setting TNRedC to 100!
✓ Loaded B1937+21 (23023 TOAs)

WARNING: Using tempo RNAMP parameter: setting TNRedC to 100!
✓ Loaded B1937+21ao (7241 TOAs)

WARNING: Using tempo RNAMP parameter: setting TNRedC to 100!
✓ Loaded B1937+21gbt (16048 TOAs)

WARNING: Using tempo RNAMP parameter: setting TNRedC to 100!
✓ Loaded B1953+29 (5126 TOAs)
✓ Loaded J0023+0923 (15896 TOAs)

WARNING: Using tempo RNAMP parameter: setting TNRedC to 100!
✓ Loaded J0030+0451 (19571 TOAs)
✓ Loaded J0340+4130 (11093 TOAs)
✓ Loaded J0406+3039 (2446 TOAs)

WARNING: Using tempo RNAMP parameter: setting TNRedC to 100!
✓ Loaded J0437-4715 (5830 TOAs)
✓ Loaded J0509+0856 (2169 TOAs)
✓ Loaded J0557+1551 (525 TOAs)
✓ Loaded J0605+3757 (554 TOAs)

WARNING: Using tempo RNAMP parameter: setting TNRedC to 100!
✓ Loaded J0610-2100 (4885 TOAs)

WARNING: Using tempo RNAMP parameter: setting TNRedC to 100!
✓ Loaded J0613-0200 (17124 TOAs)
✓ Loaded J0614-3329 (1714 TOAs)
✓ Loaded J0636+5128 (32222 TOAs)
✓ Loaded J0645+5158 (10403 TOAs)
✓ Loaded J0709+0458 (3030 TOAs)
✓ Loaded J0740+6620 (13401 TOAs)
✓ Loaded J0931-1902 (5473 TOAs)

WARNING: Using tempo RNAMP parameter: setting TNRedC to 100!
✓ Loaded J1012+5307 (25837 TOAs)
✓ Loaded J1012-4235 (797 TOAs)
✓ Loaded J1022+1001 (3978 TOAs)
✓ Loaded J1024-0719 (12635 TOAs)
✓ Loaded J1125+7819 (8723 TOAs)
✓ Loaded J1312+0051 (1705 TOAs)
✓ Loaded J1453+1902 (2551 TOAs)
✓ Loaded J1455-3330 (10818 TOAs)

WARNING: Using tempo RNAMP parameter: setting TNRedC to 100!
✓ Loaded J1600-3053 (22955 TOAs)

WARNING: Using tempo RNAMP parameter: setting TNRedC to 100!
✓ Loaded J1600-3053gbt (19725 TOAs)

WARNING: Using tempo RNAMP parameter: setting TNRedC to 100!
✓ Loaded J1614-2230 (18445 TOAs)
✓ Loaded J1630+3734 (1815 TOAs)
✓ Loaded J1640+2224 (14066 TOAs)

WARNING: Using tempo RNAMP parameter: setting TNRedC to 100!
✓ Loaded J1643-1224 (22144 TOAs)

WARNING: Using tempo RNAMP parameter: setting TNRedC to 100!
✓ Loaded J1643-1224gbt (17932 TOAs)

WARNING: Using tempo RNAMP parameter: setting TNRedC to 100!
✓ Loaded J1705-1903 (9871 TOAs)

WARNING: Using tempo RNAMP parameter: setting TNRedC to 100!
✓ Loaded J1713+0747 (59389 TOAs)

WARNING: Using tempo RNAMP parameter: setting TNRedC to 100!
✓ Loaded J1713+0747ao (21362 TOAs)

WARNING: Using tempo RNAMP parameter: setting TNRedC to 100!
✓ Loaded J1713+0747gbt (32963 TOAs)
✓ Loaded J1719-1438 (6356 TOAs)
✓ Loaded J1730-2304 (4870 TOAs)
✓ Loaded J1738+0333 (8790 TOAs)
✓ Loaded J1741+1351 (5582 TOAs)

WARNING: Using tempo RNAMP parameter: setting TNRedC to 100!
✓ Loaded J1744-1134 (17745 TOAs)

WARNING: Using tempo RNAMP parameter: setting TNRedC to 100!
✓ Loaded J1745+1017 (3017 TOAs)

WARNING: Using tempo RNAMP parameter: setting TNRedC to 100!
✓ Loaded J1747-4036 (11055 TOAs)
✓ Loaded J1751-2857 (2025 TOAs)

WARNING: Using tempo RNAMP parameter: setting TNRedC to 100!
✓ Loaded J1802-2124 (6796 TOAs)
✓ Loaded J1811-2405 (5266 TOAs)
✓ Loaded J1832-0836 (7739 TOAs)
✓ Loaded J1843-1113 (4595 TOAs)

WARNING: Using tempo RNAMP parameter: setting TNRedC to 100!
✓ Loaded J1853+1303 (4570 TOAs)

WARNING: Using tempo RNAMP parameter: setting TNRedC to 100!
✓ Loaded J1903+0327 (6856 TOAs)

WARNING: Using tempo RNAMP parameter: setting TNRedC to 100!
✓ Loaded J1903+0327ao (6423 TOAs)

WARNING: Using tempo RNAMP parameter: setting TNRedC to 100!
✓ Loaded J1909-3744 (35037 TOAs)

WARNING: Using tempo RNAMP parameter: setting TNRedC to 100!
✓ Loaded J1909-3744gbt (31526 TOAs)
✓ Loaded J1910+1256 (6486 TOAs)
✓ Loaded J1911+1347 (3786 TOAs)
✓ Loaded J1918-0642 (18875 TOAs)
✓ Loaded J1923+2515 (3974 TOAs)
✓ Loaded J1944+0907 (5328 TOAs)

WARNING: Using tempo RNAMP parameter: setting TNRedC to 100!
✓ Loaded J1946+3417 (4743 TOAs)
✓ Loaded J2010-1323 (17077 TOAs)
✓ Loaded J2017+0603 (3512 TOAs)
✓ Loaded J2033+1734 (3847 TOAs)
✓ Loaded J2043+1711 (7397 TOAs)
✓ Loaded J2124-3358 (4982 TOAs)

WARNING: Using tempo RNAMP parameter: setting TNRedC to 100!
✓ Loaded J2145-0750 (18675 TOAs)
✓ Loaded J2214+3000 (7406 TOAs)
✓ Loaded J2229+2643 (3711 TOAs)

WARNING: Using tempo RNAMP parameter: setting TNRedC to 100!
✓ Loaded J2234+0611 (3566 TOAs)
✓ Loaded J2234+0944 (7535 TOAs)
✓ Loaded J2302+4442 (10211 TOAs)
✓ Loaded J2317+1439 (13927 TOAs)
✓ Loaded J2322+2057 (3088 TOAs)
⚠ Could not save cache: no default __reduce__ due to non-trivial __cinit__

✓ Loaded 76 pulsars
✗ Failed: 0 — []
[MEM] After loading pulsars: 8880.0 MB

🔍 Filtering pulsars...

Filtered: 76 → 67 pulsars
[MEM] After filtering pulsars: 8881.1 MB
[MEM] After garbage collection: 8881.2 MB

======================================================================
SMBHB POPULATION ANALYSIS
======================================================================

Configuration: realistic
  Medium mass, medium spread in distance, medium population
  N_binaries: 20000

======================================================================
CONSISTENT POPULATION SYNTHESIS
======================================================================

======================================================================
GENERATING SNR-CONSISTENT POPULATIONS
======================================================================
Target SNR:          4.0
Simulations:         1
======================================================================


──────────────────────────────────────────────────────────────────────
SIMULATION 1/1
──────────────────────────────────────────────────────────────────────
  [B1855+09] zeroing residuals...
  [B1855+09] adding red noise...
  [B1855+09] white noise for 430_ASP (390 TOAs)...
  [B1855+09] white noise for 430_PUPPI (1185 TOAs)...
  [B1855+09] white noise for L-wide_PUPPI (5005 TOAs)...
  [B1855+09] white noise for L-wide_ASP (1178 TOAs)...
  [B1937+21] zeroing residuals...
  [B1937+21] adding red noise...
  [B1937+21] white noise for L-wide_ASP (452 TOAs)...
  [B1937+21] white noise for S-wide_ASP (344 TOAs)...
  [B1937+21] white noise for Rcvr_800_GUPPI (7140 TOAs)...
  [B1937+21] white noise for S-wide_PUPPI (2251 TOAs)...
  [B1937+21] white noise for L-wide_PUPPI (4133 TOAs)...
  [B1937+21] white noise for Rcvr1_2_GUPPI (7048 TOAs)...
  [B1937+21] white noise for Rcvr_800_GASP (586 TOAs)...
  [B1937+21] white noise for Rcvr1_2_GASP (1069 TOAs)...
  [B1953+29] zeroing residuals...
  [B1953+29] adding red noise...
  [B1953+29] white noise for L-wide_ASP (94 TOAs)...
  [B1953+29] white noise for S-wide_ASP (25 TOAs)...
  [B1953+29] white noise for 430_PUPPI (941 TOAs)...
  [B1953+29] white noise for 430_ASP (29 TOAs)...
  [B1953+29] white noise for L-wide_PUPPI (4037 TOAs)...
  [J0023+0923] zeroing residuals...
  [J0023+0923] adding red noise...
  [J0023+0923] white noise for 430_ASP (90 TOAs)...
  [J0023+0923] white noise for 430_PUPPI (4564 TOAs)...
  [J0023+0923] white noise for L-wide_PUPPI (11123 TOAs)...
  [J0023+0923] white noise for L-wide_ASP (119 TOAs)...
  [J0030+0451] zeroing residuals...
  [J0030+0451] adding red noise...
  [J0030+0451] white noise for L-wide_ASP (789 TOAs)...
  [J0030+0451] white noise for 430_PUPPI (3068 TOAs)...
  [J0030+0451] white noise for S-wide_PUPPI (2673 TOAs)...
  [J0030+0451] white noise for 430_ASP (267 TOAs)...
  [J0030+0451] white noise for L-wide_PUPPI (12774 TOAs)...
  [J0340+4130] zeroing residuals...
  [J0340+4130] adding red noise...
  [J0340+4130] white noise for Rcvr1_2_GUPPI (5037 TOAs)...
  [J0340+4130] white noise for Rcvr_800_GUPPI (6056 TOAs)...
  [J0406+3039] zeroing residuals...
  [J0406+3039] adding red noise...
  [J0406+3039] white noise for L-wide_PUPPI (1871 TOAs)...
  [J0406+3039] white noise for S-wide_PUPPI (575 TOAs)...
  [J0437-4715] zeroing residuals...
  [J0437-4715] adding red noise...
  [J0437-4715] white noise for 1.5GHz_YUPPI (2134 TOAs)...
  [J0437-4715] white noise for 3GHz_YUPPI (3696 TOAs)...
  [J0509+0856] zeroing residuals...
  [J0509+0856] adding red noise...
  [J0509+0856] white noise for L-wide_PUPPI (1625 TOAs)...
  [J0509+0856] white noise for S-wide_PUPPI (544 TOAs)...
  [J0557+1551] zeroing residuals...
  [J0557+1551] adding red noise...
  [J0557+1551] white noise for L-wide_PUPPI (467 TOAs)...
  [J0557+1551] white noise for S-wide_PUPPI (58 TOAs)...
  [J0605+3757] zeroing residuals...
  [J0605+3757] adding red noise...
  [J0605+3757] white noise for Rcvr1_2_GUPPI (318 TOAs)...
  [J0605+3757] white noise for Rcvr_800_GUPPI (236 TOAs)...
  [J0610-2100] zeroing residuals...
  [J0610-2100] adding red noise...
  [J0610-2100] white noise for Rcvr1_2_GUPPI (2401 TOAs)...
  [J0610-2100] white noise for Rcvr_800_GUPPI (2484 TOAs)...
  [J0613-0200] zeroing residuals...
  [J0613-0200] adding red noise...
  [J0613-0200] white noise for Rcvr_800_GASP (809 TOAs)...
  [J0613-0200] white noise for Rcvr1_2_GUPPI (7423 TOAs)...
  [J0613-0200] white noise for Rcvr1_2_GASP (992 TOAs)...
  [J0613-0200] white noise for Rcvr_800_GUPPI (7900 TOAs)...
  [J0636+5128] zeroing residuals...
  [J0636+5128] adding red noise...
  [J0636+5128] white noise for Rcvr1_2_GUPPI (14803 TOAs)...
  [J0636+5128] white noise for Rcvr_800_GUPPI (17419 TOAs)...
  [J0645+5158] zeroing residuals...
  [J0645+5158] adding red noise...
  [J0645+5158] white noise for Rcvr1_2_GUPPI (5721 TOAs)...
  [J0645+5158] white noise for Rcvr_800_GUPPI (4682 TOAs)...
  [J0709+0458] zeroing residuals...
  [J0709+0458] adding red noise...
  [J0709+0458] white noise for L-wide_PUPPI (2435 TOAs)...
  [J0709+0458] white noise for S-wide_PUPPI (595 TOAs)...
  [J0740+6620] zeroing residuals...
  [J0740+6620] adding red noise...
  [J0740+6620] white noise for Rcvr1_2_GUPPI (8265 TOAs)...
  [J0740+6620] white noise for Rcvr_800_GUPPI (5136 TOAs)...
  [J0931-1902] zeroing residuals...
  [J0931-1902] adding red noise...
  [J0931-1902] white noise for Rcvr1_2_GUPPI (2054 TOAs)...
  [J0931-1902] white noise for Rcvr_800_GUPPI (3419 TOAs)...
  [J1012+5307] zeroing residuals...
  [J1012+5307] adding red noise...
  [J1012+5307] white noise for Rcvr_800_GASP (1210 TOAs)...
  [J1012+5307] white noise for Rcvr1_2_GUPPI (12849 TOAs)...
  [J1012+5307] white noise for Rcvr1_2_GASP (1479 TOAs)...
  [J1012+5307] white noise for Rcvr_800_GUPPI (10299 TOAs)...
  [J1012-4235] zeroing residuals...
  [J1012-4235] adding red noise...
  [J1012-4235] white noise for Rcvr1_2_GUPPI (455 TOAs)...
  [J1012-4235] white noise for Rcvr_800_GUPPI (342 TOAs)...
  [J1022+1001] zeroing residuals...
  [J1022+1001] adding red noise...
  [J1022+1001] white noise for L-wide_PUPPI (2592 TOAs)...
  [J1022+1001] white noise for 430_PUPPI (232 TOAs)...
  [J1022+1001] white noise for S-wide_PUPPI (1154 TOAs)...
  [J1024-0719] zeroing residuals...
  [J1024-0719] adding red noise...
  [J1024-0719] white noise for Rcvr_800_GASP (51 TOAs)...
  [J1024-0719] white noise for Rcvr1_2_GUPPI (7086 TOAs)...
  [J1024-0719] white noise for Rcvr1_2_GASP (43 TOAs)...
  [J1024-0719] white noise for Rcvr_800_GUPPI (5455 TOAs)...
  [J1125+7819] zeroing residuals...
  [J1125+7819] adding red noise...
  [J1125+7819] white noise for Rcvr1_2_GUPPI (4016 TOAs)...
  [J1125+7819] white noise for Rcvr_800_GUPPI (4707 TOAs)...
  [J1312+0051] zeroing residuals...
  [J1312+0051] adding red noise...
  [J1312+0051] white noise for L-wide_PUPPI (1289 TOAs)...
  [J1312+0051] white noise for S-wide_PUPPI (416 TOAs)...
  [J1453+1902] zeroing residuals...
  [J1453+1902] adding red noise...
  [J1453+1902] white noise for L-wide_PUPPI (2122 TOAs)...
  [J1453+1902] white noise for 430_PUPPI (425 TOAs)...
  [J1453+1902] white noise for S-wide_PUPPI (4 TOAs)...
  [J1455-3330] zeroing residuals...
  [J1455-3330] adding red noise...
  [J1455-3330] white noise for Rcvr_800_GASP (479 TOAs)...
  [J1455-3330] white noise for Rcvr1_2_GUPPI (4932 TOAs)...
  [J1455-3330] white noise for Rcvr1_2_GASP (564 TOAs)...
  [J1455-3330] white noise for Rcvr_800_GUPPI (4843 TOAs)...
  [J1600-3053] zeroing residuals...
  [J1600-3053] adding red noise...
  [J1600-3053] white noise for Rcvr_800_GUPPI (8796 TOAs)...
  [J1600-3053] white noise for Rcvr1_2_GUPPI (10168 TOAs)...
  [J1600-3053] white noise for Rcvr_800_GASP (297 TOAs)...
  [J1600-3053] white noise for Rcvr1_2_GASP (457 TOAs)...
  [J1600-3053] white noise for 3GHz_YUPPI (3237 TOAs)...
  [J1614-2230] zeroing residuals...
  [J1614-2230] adding red noise...
  [J1614-2230] white noise for Rcvr_800_GASP (84 TOAs)...
  [J1614-2230] white noise for Rcvr1_2_GUPPI (10509 TOAs)...
  [J1614-2230] white noise for Rcvr1_2_GASP (84 TOAs)...
  [J1614-2230] white noise for Rcvr_800_GUPPI (7768 TOAs)...
  [J1630+3734] zeroing residuals...
  [J1630+3734] adding red noise...
  [J1630+3734] white noise for Rcvr1_2_GUPPI (909 TOAs)...
  [J1630+3734] white noise for Rcvr_800_GUPPI (906 TOAs)...
  [J1640+2224] zeroing residuals...
  [J1640+2224] adding red noise...
  [J1640+2224] white noise for 430_ASP (340 TOAs)...
  [J1640+2224] white noise for 430_PUPPI (3157 TOAs)...
  [J1640+2224] white noise for L-wide_PUPPI (9847 TOAs)...
  [J1640+2224] white noise for L-wide_ASP (722 TOAs)...
  [J1643-1224] zeroing residuals...
  [J1643-1224] adding red noise...
  [J1643-1224] white noise for Rcvr_800_GUPPI (7734 TOAs)...
  [J1643-1224] white noise for Rcvr1_2_GUPPI (8803 TOAs)...
  [J1643-1224] white noise for Rcvr_800_GASP (559 TOAs)...
  [J1643-1224] white noise for Rcvr1_2_GASP (833 TOAs)...
  [J1643-1224] white noise for 3GHz_YUPPI (4215 TOAs)...
  [J1705-1903] zeroing residuals...
  [J1705-1903] adding red noise...
  [J1705-1903] white noise for Rcvr1_2_GUPPI (6350 TOAs)...
  [J1705-1903] white noise for Rcvr_800_GUPPI (3521 TOAs)...
  [J1713+0747] zeroing residuals...
  [J1713+0747] adding red noise...
  [J1713+0747] white noise for L-wide_ASP (843 TOAs)...
  [J1713+0747] white noise for S-wide_ASP (624 TOAs)...
  [J1713+0747] white noise for Rcvr_800_GUPPI (8479 TOAs)...
  [J1713+0747] white noise for S-wide_PUPPI (7482 TOAs)...
  [J1713+0747] white noise for L-wide_PUPPI (12743 TOAs)...
  [J1713+0747] white noise for Rcvr1_2_GUPPI (22334 TOAs)...
  [J1713+0747] white noise for 1.5GHz_YUPPI (1461 TOAs)...
  [J1713+0747] white noise for Rcvr_800_GASP (1032 TOAs)...
  [J1713+0747] white noise for Rcvr1_2_GASP (1109 TOAs)...
  [J1713+0747] white noise for 3GHz_YUPPI (3282 TOAs)...
  [J1719-1438] zeroing residuals...
  [J1719-1438] adding red noise...
  [J1719-1438] white noise for Rcvr1_2_GUPPI (2722 TOAs)...
  [J1719-1438] white noise for Rcvr_800_GUPPI (3634 TOAs)...
  [J1730-2304] zeroing residuals...
  [J1730-2304] adding red noise...
  [J1730-2304] white noise for Rcvr1_2_GUPPI (2367 TOAs)...
  [J1730-2304] white noise for Rcvr_800_GUPPI (2503 TOAs)...
  [J1738+0333] zeroing residuals...
  [J1738+0333] adding red noise...
  [J1738+0333] white noise for L-wide_ASP (201 TOAs)...
  [J1738+0333] white noise for L-wide_PUPPI (6718 TOAs)...
  [J1738+0333] white noise for S-wide_ASP (134 TOAs)...
  [J1738+0333] white noise for S-wide_PUPPI (1737 TOAs)...
  [J1741+1351] zeroing residuals...
  [J1741+1351] adding red noise...
  [J1741+1351] white noise for L-wide_ASP (236 TOAs)...
  [J1741+1351] white noise for S-wide_ASP (115 TOAs)...
  [J1741+1351] white noise for 430_PUPPI (1159 TOAs)...
  [J1741+1351] white noise for 430_ASP (27 TOAs)...
  [J1741+1351] white noise for L-wide_PUPPI (4045 TOAs)...
  [J1744-1134] zeroing residuals...
  [J1744-1134] adding red noise...
  [J1744-1134] white noise for Rcvr_800_GASP (930 TOAs)...
  [J1744-1134] white noise for Rcvr1_2_GUPPI (8109 TOAs)...
  [J1744-1134] white noise for Rcvr1_2_GASP (807 TOAs)...
  [J1744-1134] white noise for Rcvr_800_GUPPI (7899 TOAs)...
  [J1745+1017] zeroing residuals...
  [J1745+1017] adding red noise...
  [J1745+1017] white noise for L-wide_PUPPI (2179 TOAs)...
  [J1745+1017] white noise for S-wide_PUPPI (838 TOAs)...
  [J1747-4036] zeroing residuals...
  [J1747-4036] adding red noise...
  [J1747-4036] white noise for Rcvr1_2_GUPPI (5239 TOAs)...
  [J1747-4036] white noise for Rcvr_800_GUPPI (5816 TOAs)...
  [J1751-2857] zeroing residuals...
  [J1751-2857] adding red noise...
  [J1751-2857] white noise for Rcvr1_2_GUPPI (1786 TOAs)...
  [J1751-2857] white noise for Rcvr_800_GUPPI (239 TOAs)...
  [J1802-2124] zeroing residuals...
  [J1802-2124] adding red noise...
  [J1802-2124] white noise for Rcvr1_2_GUPPI (3231 TOAs)...
  [J1802-2124] white noise for Rcvr_800_GUPPI (3565 TOAs)...
  [J1811-2405] zeroing residuals...
  [J1811-2405] adding red noise...
  [J1811-2405] white noise for Rcvr1_2_GUPPI (2638 TOAs)...
  [J1811-2405] white noise for Rcvr_800_GUPPI (2628 TOAs)...
  [J1832-0836] zeroing residuals...
  [J1832-0836] adding red noise...
  [J1832-0836] white noise for Rcvr1_2_GUPPI (4661 TOAs)...
  [J1832-0836] white noise for Rcvr_800_GUPPI (3078 TOAs)...
  [J1843-1113] zeroing residuals...
  [J1843-1113] adding red noise...
  [J1843-1113] white noise for Rcvr1_2_GUPPI (2394 TOAs)...
  [J1843-1113] white noise for Rcvr_800_GUPPI (2201 TOAs)...
  [J1853+1303] zeroing residuals...
  [J1853+1303] adding red noise...
  [J1853+1303] white noise for 430_ASP (24 TOAs)...
  [J1853+1303] white noise for 430_PUPPI (1151 TOAs)...
  [J1853+1303] white noise for L-wide_PUPPI (3362 TOAs)...
  [J1853+1303] white noise for L-wide_ASP (33 TOAs)...
  [J1903+0327] zeroing residuals...
  [J1903+0327] adding red noise...
  [J1903+0327] white noise for L-wide_ASP (139 TOAs)...
  [J1903+0327] white noise for S-wide_ASP (151 TOAs)...
  [J1903+0327] white noise for S-wide_PUPPI (2282 TOAs)...
  [J1903+0327] white noise for L-wide_PUPPI (3845 TOAs)...
  [J1903+0327] white noise for 3GHz_YUPPI (439 TOAs)...
  [J1909-3744] zeroing residuals...
  [J1909-3744] adding red noise...
  [J1909-3744] white noise for Rcvr_800_GUPPI (9399 TOAs)...
  [J1909-3744] white noise for Rcvr1_2_GUPPI (20439 TOAs)...
  [J1909-3744] white noise for Rcvr_800_GASP (866 TOAs)...
  [J1909-3744] white noise for Rcvr1_2_GASP (808 TOAs)...
  [J1909-3744] white noise for 3GHz_YUPPI (3525 TOAs)...
  [J1910+1256] zeroing residuals...
  [J1910+1256] adding red noise...
  [J1910+1256] white noise for L-wide_ASP (297 TOAs)...
  [J1910+1256] white noise for L-wide_PUPPI (4124 TOAs)...
  [J1910+1256] white noise for S-wide_ASP (208 TOAs)...
  [J1910+1256] white noise for S-wide_PUPPI (1857 TOAs)...
  [J1911+1347] zeroing residuals...
  [J1911+1347] adding red noise...
  [J1911+1347] white noise for L-wide_PUPPI (3033 TOAs)...
  [J1911+1347] white noise for 430_PUPPI (753 TOAs)...
  [J1918-0642] zeroing residuals...
  [J1918-0642] adding red noise...
  [J1918-0642] white noise for Rcvr_800_GASP (835 TOAs)...
  [J1918-0642] white noise for Rcvr1_2_GUPPI (8910 TOAs)...
  [J1918-0642] white noise for Rcvr1_2_GASP (778 TOAs)...
  [J1918-0642] white noise for Rcvr_800_GUPPI (8352 TOAs)...
  [J1923+2515] zeroing residuals...
  [J1923+2515] adding red noise...
  [J1923+2515] white noise for 430_ASP (10 TOAs)...
  [J1923+2515] white noise for 430_PUPPI (922 TOAs)...
  [J1923+2515] white noise for L-wide_PUPPI (3028 TOAs)...
  [J1923+2515] white noise for L-wide_ASP (14 TOAs)...
  [J1944+0907] zeroing residuals...
  [J1944+0907] adding red noise...
  [J1944+0907] white noise for L-wide_ASP (257 TOAs)...
  [J1944+0907] white noise for S-wide_ASP (116 TOAs)...
  [J1944+0907] white noise for 430_PUPPI (1017 TOAs)...
  [J1944+0907] white noise for 430_ASP (38 TOAs)...
  [J1944+0907] white noise for L-wide_PUPPI (3900 TOAs)...
  [J1946+3417] zeroing residuals...
  [J1946+3417] adding red noise...
  [J1946+3417] white noise for L-wide_PUPPI (3197 TOAs)...
  [J1946+3417] white noise for S-wide_PUPPI (1546 TOAs)...
  [J2010-1323] zeroing residuals...
  [J2010-1323] adding red noise...
  [J2010-1323] white noise for Rcvr_800_GASP (70 TOAs)...
  [J2010-1323] white noise for Rcvr1_2_GUPPI (7779 TOAs)...
  [J2010-1323] white noise for Rcvr1_2_GASP (70 TOAs)...
  [J2010-1323] white noise for Rcvr_800_GUPPI (9158 TOAs)...
  [J2017+0603] zeroing residuals...
  [J2017+0603] adding red noise...
  [J2017+0603] white noise for L-wide_ASP (16 TOAs)...
  [J2017+0603] white noise for 430_PUPPI (78 TOAs)...
  [J2017+0603] white noise for L-wide_PUPPI (2569 TOAs)...
  [J2017+0603] white noise for S-wide_PUPPI (849 TOAs)...
  [J2033+1734] zeroing residuals...
  [J2033+1734] adding red noise...
  [J2033+1734] white noise for L-wide_PUPPI (3050 TOAs)...
  [J2033+1734] white noise for 430_PUPPI (797 TOAs)...
  [J2043+1711] zeroing residuals...
  [J2043+1711] adding red noise...
  [J2043+1711] white noise for 430_ASP (30 TOAs)...
  [J2043+1711] white noise for 430_PUPPI (2908 TOAs)...
  [J2043+1711] white noise for L-wide_PUPPI (4419 TOAs)...
  [J2043+1711] white noise for L-wide_ASP (40 TOAs)...
  [J2124-3358] zeroing residuals...
  [J2124-3358] adding red noise...
  [J2124-3358] white noise for Rcvr1_2_GUPPI (2957 TOAs)...
  [J2124-3358] white noise for Rcvr_800_GUPPI (2025 TOAs)...
  [J2145-0750] zeroing residuals...
  [J2145-0750] adding red noise...
  [J2145-0750] white noise for Rcvr_800_GASP (362 TOAs)...
  [J2145-0750] white noise for Rcvr1_2_GUPPI (9158 TOAs)...
  [J2145-0750] white noise for Rcvr1_2_GASP (427 TOAs)...
  [J2145-0750] white noise for Rcvr_800_GUPPI (8728 TOAs)...
  [J2214+3000] zeroing residuals...
  [J2214+3000] adding red noise...
  [J2214+3000] white noise for L-wide_ASP (9 TOAs)...
  [J2214+3000] white noise for L-wide_PUPPI (5829 TOAs)...
  [J2214+3000] white noise for S-wide_PUPPI (1568 TOAs)...
  [J2229+2643] zeroing residuals...
  [J2229+2643] adding red noise...
  [J2229+2643] white noise for L-wide_PUPPI (2755 TOAs)...
  [J2229+2643] white noise for 430_PUPPI (956 TOAs)...
  [J2234+0611] zeroing residuals...
  [J2234+0611] adding red noise...
  [J2234+0611] white noise for L-wide_PUPPI (2913 TOAs)...
  [J2234+0611] white noise for 430_PUPPI (653 TOAs)...
  [J2234+0944] zeroing residuals...
  [J2234+0944] adding red noise...
  [J2234+0944] white noise for L-wide_PUPPI (5003 TOAs)...
  [J2234+0944] white noise for S-wide_PUPPI (2532 TOAs)...
  [J2302+4442] zeroing residuals...
  [J2302+4442] adding red noise...
  [J2302+4442] white noise for Rcvr1_2_GUPPI (3779 TOAs)...
  [J2302+4442] white noise for Rcvr_800_GUPPI (6432 TOAs)...
  [J2317+1439] zeroing residuals...
  [J2317+1439] adding red noise...
  [J2317+1439] white noise for 327_ASP (413 TOAs)...
  [J2317+1439] white noise for 327_PUPPI (276 TOAs)...
  [J2317+1439] white noise for 430_PUPPI (3217 TOAs)...
  [J2317+1439] white noise for 430_ASP (458 TOAs)...
  [J2317+1439] white noise for L-wide_PUPPI (9563 TOAs)...
  [J2322+2057] zeroing residuals...
  [J2322+2057] adding red noise...
  [J2322+2057] white noise for L-wide_PUPPI (2196 TOAs)...
  [J2322+2057] white noise for 430_PUPPI (752 TOAs)...
  [J2322+2057] white noise for S-wide_PUPPI (140 TOAs)...
Resetting pulsars to clean stoas...
Restore: 0.00 s
Inject: 0.00 s
Snapshotting into enterprise Pulsar objects...
Building PTA...
PTA build: 447.43 s
Computing optimal statistic...
OS time: 92.50 s
Total: 539.93 s
Noise-only SNR baseline: -0.2607

Generating SNR-consistent population...
Target SNR: 4.0
Resetting pulsars to clean stoas...
Restore: 22.56 s
Injecting population...
  B1855+09: RMS = 703.942 ns
  B1937+21: RMS = 1756.045 ns
  B1953+29: RMS = 2000.001 ns
  J0023+0923: RMS = 2071.862 ns
  J0030+0451: RMS = 2038.418 ns
  J0340+4130: RMS = 1182.957 ns
  J0406+3039: RMS = 589.792 ns
  J0437-4715: RMS = 1673.672 ns
  J0509+0856: RMS = 904.000 ns
  J0557+1551: RMS = 1912.418 ns
  J0605+3757: RMS = 246.972 ns
  J0610-2100: RMS = 1887.115 ns
  J0613-0200: RMS = 2972.570 ns
  J0636+5128: RMS = 1026.849 ns
  J0645+5158: RMS = 1379.688 ns
  J0709+0458: RMS = 1031.524 ns
  J0740+6620: RMS = 991.108 ns
  J0931-1902: RMS = 1399.199 ns
  J1012+5307: RMS = 963.678 ns
  J1012-4235: RMS = 2017.414 ns
  J1022+1001: RMS = 614.601 ns
  J1024-0719: RMS = 474.825 ns
  J1125+7819: RMS = 724.945 ns
  J1312+0051: RMS = 1531.746 ns
  J1453+1902: RMS = 1592.486 ns
  J1455-3330: RMS = 1163.050 ns
  J1600-3053: RMS = 1915.628 ns
  J1614-2230: RMS = 2486.617 ns
  J1630+3734: RMS = 1005.254 ns
  J1640+2224: RMS = 826.469 ns
  J1643-1224: RMS = 2396.498 ns
  J1705-1903: RMS = 1407.283 ns
  J1713+0747: RMS = 1779.078 ns
  J1719-1438: RMS = 1356.072 ns
  J1730-2304: RMS = 1300.774 ns
  J1738+0333: RMS = 1330.359 ns
  J1741+1351: RMS = 1549.936 ns
  J1744-1134: RMS = 1259.397 ns
  J1745+1017: RMS = 2070.573 ns
  J1747-4036: RMS = 2676.096 ns
  J1751-2857: RMS = 1325.242 ns
  J1802-2124: RMS = 955.528 ns
  J1811-2405: RMS = 826.365 ns
  J1832-0836: RMS = 2088.771 ns
  J1843-1113: RMS = 1111.552 ns
  J1853+1303: RMS = 1000.565 ns
  J1903+0327: RMS = 812.211 ns
  J1909-3744: RMS = 1084.151 ns
  J1910+1256: RMS = 841.279 ns
  J1911+1347: RMS = 1013.102 ns
  J1918-0642: RMS = 1790.717 ns
  J1923+2515: RMS = 2317.782 ns
  J1944+0907: RMS = 676.240 ns
  J1946+3417: RMS = 3247.497 ns
  J2010-1323: RMS = 2356.836 ns
  J2017+0603: RMS = 1312.968 ns
  J2033+1734: RMS = 1033.536 ns
  J2043+1711: RMS = 427.015 ns
  J2124-3358: RMS = 664.969 ns
  J2145-0750: RMS = 1416.757 ns
  J2214+3000: RMS = 1663.266 ns
  J2229+2643: RMS = 740.386 ns
  J2234+0611: RMS = 1030.905 ns
  J2234+0944: RMS = 1506.389 ns
  J2302+4442: RMS = 1591.149 ns
  J2317+1439: RMS = 2223.864 ns
  J2322+2057: RMS = 498.025 ns
Inject: 0.91 s
Snapshotting into enterprise Pulsar objects...
Building PTA...
PTA build: 469.62 s
Computing optimal statistic...
OS time: 55.94 s
Total: 549.03 s
Initial SNR: 30.0729, Target SNR: 4.0000
  Initial SNR 30.0729 outside of provided SNR_range [3.5, 4.25] — rescaling.
Scaling distances by factor 2.6682 to achieve target SNR...
Resetting pulsars to clean stoas...
Restore: 0.01 s
Injecting population...
  B1855+09: RMS = 263.824 ns
  B1937+21: RMS = 658.133 ns
  B1953+29: RMS = 749.563 ns
  J0023+0923: RMS = 776.495 ns
  J0030+0451: RMS = 763.961 ns
  J0340+4130: RMS = 443.350 ns
  J0406+3039: RMS = 221.043 ns
  J0437-4715: RMS = 627.261 ns
  J0509+0856: RMS = 338.802 ns
  J0557+1551: RMS = 716.738 ns
  J0605+3757: RMS = 92.561 ns
  J0610-2100: RMS = 707.255 ns
  J0613-0200: RMS = 1114.064 ns
  J0636+5128: RMS = 384.844 ns
  J0645+5158: RMS = 517.081 ns
  J0709+0458: RMS = 386.596 ns
  J0740+6620: RMS = 371.449 ns
  J0931-1902: RMS = 524.394 ns
  J1012+5307: RMS = 361.169 ns
  J1012-4235: RMS = 756.089 ns
  J1022+1001: RMS = 230.341 ns
  J1024-0719: RMS = 177.956 ns
  J1125+7819: RMS = 271.696 ns
  J1312+0051: RMS = 574.070 ns
  J1453+1902: RMS = 596.834 ns
  J1455-3330: RMS = 435.889 ns
  J1600-3053: RMS = 717.942 ns
  J1614-2230: RMS = 931.938 ns
  J1630+3734: RMS = 376.750 ns
  J1640+2224: RMS = 309.745 ns
  J1643-1224: RMS = 898.163 ns
  J1705-1903: RMS = 527.423 ns
  J1713+0747: RMS = 666.765 ns
  J1719-1438: RMS = 508.230 ns
  J1730-2304: RMS = 487.506 ns
  J1738+0333: RMS = 498.594 ns
  J1741+1351: RMS = 580.887 ns
  J1744-1134: RMS = 471.998 ns
  J1745+1017: RMS = 776.012 ns
  J1747-4036: RMS = 1002.951 ns
  J1751-2857: RMS = 496.676 ns
  J1802-2124: RMS = 358.114 ns
  J1811-2405: RMS = 309.706 ns
  J1832-0836: RMS = 782.833 ns
  J1843-1113: RMS = 416.589 ns
  J1853+1303: RMS = 374.993 ns
  J1903+0327: RMS = 304.402 ns
  J1909-3744: RMS = 406.320 ns
  J1910+1256: RMS = 315.296 ns
  J1911+1347: RMS = 379.692 ns
  J1918-0642: RMS = 671.127 ns
  J1923+2515: RMS = 868.661 ns
  J1944+0907: RMS = 253.442 ns
  J1946+3417: RMS = 1217.101 ns
  J2010-1323: RMS = 883.298 ns
  J2017+0603: RMS = 492.076 ns
  J2033+1734: RMS = 387.350 ns
  J2043+1711: RMS = 160.037 ns
  J2124-3358: RMS = 249.218 ns
  J2145-0750: RMS = 530.974 ns
  J2214+3000: RMS = 623.361 ns
  J2229+2643: RMS = 277.483 ns
  J2234+0611: RMS = 386.364 ns
  J2234+0944: RMS = 564.566 ns
  J2302+4442: RMS = 596.333 ns
  J2317+1439: RMS = 833.463 ns
  J2322+2057: RMS = 186.650 ns
Inject: 1.07 s
Snapshotting into enterprise Pulsar objects...
Building PTA...
PTA build: 482.84 s
Computing optimal statistic...
OS time: 101.27 s
Total: 585.19 s
  SNR 5.1875 outside of provided SNR_range [3.5, 4.25] — rescaling.
[Iteration 1/4] SNR after scaling: 5.1875 (target: 4.0000)
  SNR history: it0→30.0729@1.0000x, it1→5.1875@2.6682x
  Re-scaling distances by factor 1.1509  (cumulative after: 3.0708×)
Resetting pulsars to clean stoas...
Restore: 19.76 s
Injecting population...
  B1855+09: RMS = 229.236 ns
  B1937+21: RMS = 571.850 ns
  B1953+29: RMS = 651.293 ns
  J0023+0923: RMS = 674.694 ns
  J0030+0451: RMS = 663.803 ns
  J0340+4130: RMS = 385.226 ns
  J0406+3039: RMS = 192.064 ns
  J0437-4715: RMS = 545.025 ns
  J0509+0856: RMS = 294.384 ns
  J0557+1551: RMS = 622.772 ns
  J0605+3757: RMS = 80.426 ns
  J0610-2100: RMS = 614.532 ns
  J0613-0200: RMS = 968.006 ns
  J0636+5128: RMS = 334.390 ns
  J0645+5158: RMS = 449.290 ns
  J0709+0458: RMS = 335.912 ns
  J0740+6620: RMS = 322.751 ns
  J0931-1902: RMS = 455.644 ns
  J1012+5307: RMS = 313.818 ns
  J1012-4235: RMS = 656.963 ns
  J1022+1001: RMS = 200.143 ns
  J1024-0719: RMS = 154.625 ns
  J1125+7819: RMS = 236.076 ns
  J1312+0051: RMS = 498.808 ns
  J1453+1902: RMS = 518.587 ns
  J1455-3330: RMS = 378.743 ns
  J1600-3053: RMS = 623.817 ns
  J1614-2230: RMS = 809.758 ns
  J1630+3734: RMS = 327.357 ns
  J1640+2224: RMS = 269.137 ns
  J1643-1224: RMS = 780.411 ns
  J1705-1903: RMS = 458.277 ns
  J1713+0747: RMS = 579.350 ns
  J1719-1438: RMS = 441.600 ns
  J1730-2304: RMS = 423.592 ns
  J1738+0333: RMS = 433.227 ns
  J1741+1351: RMS = 504.731 ns
  J1744-1134: RMS = 410.118 ns
  J1745+1017: RMS = 674.275 ns
  J1747-4036: RMS = 871.461 ns
  J1751-2857: RMS = 431.560 ns
  J1802-2124: RMS = 311.164 ns
  J1811-2405: RMS = 269.103 ns
  J1832-0836: RMS = 680.201 ns
  J1843-1113: RMS = 361.973 ns
  J1853+1303: RMS = 325.830 ns
  J1903+0327: RMS = 264.494 ns
  J1909-3744: RMS = 353.050 ns
  J1910+1256: RMS = 273.960 ns
  J1911+1347: RMS = 329.913 ns
  J1918-0642: RMS = 583.140 ns
  J1923+2515: RMS = 754.777 ns
  J1944+0907: RMS = 220.215 ns
  J1946+3417: RMS = 1057.535 ns
  J2010-1323: RMS = 767.495 ns
  J2017+0603: RMS = 427.563 ns
  J2033+1734: RMS = 336.567 ns
  J2043+1711: RMS = 139.056 ns
  J2124-3358: RMS = 216.545 ns
  J2145-0750: RMS = 461.362 ns
  J2214+3000: RMS = 541.636 ns
  J2229+2643: RMS = 241.104 ns
  J2234+0611: RMS = 335.711 ns
  J2234+0944: RMS = 490.550 ns
  J2302+4442: RMS = 518.152 ns
  J2317+1439: RMS = 724.193 ns
  J2322+2057: RMS = 162.180 ns
Inject: 1.02 s
Snapshotting into enterprise Pulsar objects...
Building PTA...
PTA build: 450.83 s
Computing optimal statistic...
OS time: 44.40 s
Total: 516.02 s
  ✓ SNR is within the provided SNR_range: 4.0685 ∈ [3.5, 4.25]

Final SNR history:
  it 0: cumulative_scale=1.0000×  SNR=30.0729
  it 1: cumulative_scale=2.6682×  SNR=5.1875
  it 2: cumulative_scale=3.0708×  SNR=4.0685
✓ Simulation 1 done (1652.0 s)

======================================================================
ENSEMBLE SUMMARY
======================================================================
Success rate: 100.0% (1/1)

Binaries per population:
  Mean ± std : 20000 ± 0
  Range      : [20000, 20000]

SNR achieved:
  Mean ± std : 4.0685 ± 0.0000
  Range      : [4.0685, 4.0685]

Total time: 2234.4 s (37.2 min)
======================================================================

💾 Saved: data/2026-04-28/realistic_run_45/consistent_population_realistic_targetSNR4.25_sims1.json
💾 Saved compressed pickle: data/2026-04-28/realistic_run_45/consistent_population_realistic_targetSNR4.25_sims1.pkl.gz

======================================================================
CONTINUOUS WAVE SNR ANALYSIS
======================================================================

--- Population 1 ---
Precomputation of phiinvs, TNTs, Ts, Nvecs, Sigmas took 0.03 seconds.
Total SNR computation for population took 293.91 seconds.
Top 50 CGW candidates:
   1. proxy_rank= 140  sky_w=1.30  f=2.14e-08 Hz  Mc=1.07e+10 Msun  h0=3.70e-15  SNR=6.449
   2. proxy_rank= 238  sky_w=1.40  f=2.66e-08 Hz  Mc=9.14e+09 Msun  h0=2.66e-15  SNR=5.108
   3. proxy_rank=  36  sky_w=1.23  f=5.26e-09 Hz  Mc=1.62e+10 Msun  h0=2.42e-15  SNR=3.150
   4. proxy_rank=  48  sky_w=0.88  f=5.47e-09 Hz  Mc=1.79e+10 Msun  h0=2.91e-15  SNR=2.884
   5. proxy_rank=  26  sky_w=1.32  f=4.79e-09 Hz  Mc=1.57e+10 Msun  h0=2.45e-15  SNR=2.713
   6. proxy_rank=  67  sky_w=0.96  f=5.99e-09 Hz  Mc=1.39e+10 Msun  h0=2.26e-15  SNR=2.703
   7. proxy_rank=   3  sky_w=0.92  f=2.57e-09 Hz  Mc=3.09e+10 Msun  h0=5.32e-15  SNR=2.242
   8. proxy_rank= 229  sky_w=1.20  f=1.12e-08 Hz  Mc=7.86e+09 Msun  h0=1.34e-15  SNR=2.053
   9. proxy_rank=  77  sky_w=1.11  f=5.57e-09 Hz  Mc=1.21e+10 Msun  h0=1.62e-15  SNR=1.946
  10. proxy_rank=  13  sky_w=1.30  f=3.42e-09 Hz  Mc=1.90e+10 Msun  h0=2.51e-15  SNR=1.693
  11. proxy_rank= 307  sky_w=1.51  f=1.15e-08 Hz  Mc=6.12e+09 Msun  h0=7.84e-16  SNR=1.661
  12. proxy_rank=   1  sky_w=0.54  f=2.70e-09 Hz  Mc=6.05e+10 Msun  h0=1.36e-14  SNR=1.612
  13. proxy_rank= 281  sky_w=1.60  f=9.60e-09 Hz  Mc=4.23e+09 Msun  h0=6.83e-16  SNR=1.595
  14. proxy_rank=   7  sky_w=1.63  f=2.67e-09 Hz  Mc=1.00e+10 Msun  h0=1.93e-15  SNR=1.560
  15. proxy_rank= 260  sky_w=1.38  f=8.65e-09 Hz  Mc=5.70e+09 Msun  h0=7.73e-16  SNR=1.531
  16. proxy_rank=  79  sky_w=1.60  f=4.56e-09 Hz  Mc=7.70e+09 Msun  h0=9.19e-16  SNR=1.455
  17. proxy_rank= 100  sky_w=1.61  f=5.63e-09 Hz  Mc=8.91e+09 Msun  h0=9.72e-16  SNR=1.398
  18. proxy_rank=  49  sky_w=0.68  f=3.54e-09 Hz  Mc=1.90e+10 Msun  h0=2.41e-15  SNR=1.366
  19. proxy_rank=  32  sky_w=0.91  f=3.31e-09 Hz  Mc=1.93e+10 Msun  h0=2.29e-15  SNR=1.365
  20. proxy_rank=  29  sky_w=0.85  f=4.27e-09 Hz  Mc=8.68e+09 Msun  h0=3.25e-15  SNR=1.303
  21. proxy_rank=  11  sky_w=1.51  f=2.60e-09 Hz  Mc=1.31e+10 Msun  h0=1.76e-15  SNR=1.300
  22. proxy_rank=  22  sky_w=1.56  f=4.44e-09 Hz  Mc=1.43e+10 Msun  h0=2.01e-15  SNR=1.215
  23. proxy_rank=  53  sky_w=1.30  f=3.75e-09 Hz  Mc=9.87e+09 Msun  h0=1.30e-15  SNR=1.209
  24. proxy_rank=  91  sky_w=0.75  f=4.47e-09 Hz  Mc=1.45e+10 Msun  h0=1.77e-15  SNR=1.207
  25. proxy_rank=   5  sky_w=0.95  f=2.10e-09 Hz  Mc=2.48e+10 Msun  h0=2.84e-15  SNR=1.193
  26. proxy_rank=   9  sky_w=1.18  f=2.27e-09 Hz  Mc=2.04e+10 Msun  h0=2.13e-15  SNR=1.189
  27. proxy_rank=   8  sky_w=1.60  f=2.35e-09 Hz  Mc=1.43e+10 Msun  h0=1.72e-15  SNR=1.185
  28. proxy_rank= 193  sky_w=0.81  f=5.72e-09 Hz  Mc=9.51e+09 Msun  h0=1.17e-15  SNR=1.122
  29. proxy_rank=  34  sky_w=0.56  f=3.08e-09 Hz  Mc=2.01e+10 Msun  h0=3.35e-15  SNR=1.100
  30. proxy_rank= 611  sky_w=0.68  f=2.61e-08 Hz  Mc=7.23e+09 Msun  h0=1.83e-15  SNR=1.070
  31. proxy_rank=  10  sky_w=1.50  f=3.12e-09 Hz  Mc=1.80e+10 Msun  h0=2.17e-15  SNR=1.064
  32. proxy_rank=  14  sky_w=0.98  f=2.47e-09 Hz  Mc=2.18e+10 Msun  h0=2.34e-15  SNR=1.050
  33. proxy_rank= 291  sky_w=0.73  f=8.18e-09 Hz  Mc=9.07e+09 Msun  h0=1.21e-15  SNR=1.046
  34. proxy_rank=  30  sky_w=0.97  f=2.66e-09 Hz  Mc=1.70e+10 Msun  h0=1.75e-15  SNR=1.042
  35. proxy_rank=  86  sky_w=0.98  f=3.80e-09 Hz  Mc=8.61e+09 Msun  h0=1.18e-15  SNR=0.992
  36. proxy_rank=  20  sky_w=0.84  f=3.46e-09 Hz  Mc=2.11e+10 Msun  h0=3.16e-15  SNR=0.990
  37. proxy_rank= 408  sky_w=0.69  f=9.27e-09 Hz  Mc=7.65e+09 Msun  h0=9.91e-16  SNR=0.985
  38. proxy_rank=  25  sky_w=1.26  f=3.31e-09 Hz  Mc=1.33e+10 Msun  h0=1.82e-15  SNR=0.980
  39. proxy_rank= 524  sky_w=1.59  f=1.13e-08 Hz  Mc=3.99e+09 Msun  h0=4.03e-16  SNR=0.974
  40. proxy_rank= 432  sky_w=1.33  f=9.34e-09 Hz  Mc=5.04e+09 Msun  h0=4.92e-16  SNR=0.972
  41. proxy_rank=   2  sky_w=1.29  f=2.06e-09 Hz  Mc=3.25e+10 Msun  h0=4.02e-15  SNR=0.966
  42. proxy_rank=   6  sky_w=1.59  f=2.05e-09 Hz  Mc=1.74e+10 Msun  h0=1.57e-15  SNR=0.869
  43. proxy_rank= 121  sky_w=1.52  f=4.02e-09 Hz  Mc=8.30e+09 Msun  h0=6.51e-16  SNR=0.869
  44. proxy_rank= 235  sky_w=0.85  f=4.98e-09 Hz  Mc=7.69e+09 Msun  h0=8.26e-16  SNR=0.859
  45. proxy_rank=  57  sky_w=1.59  f=3.21e-09 Hz  Mc=9.92e+09 Msun  h0=8.46e-16  SNR=0.854
  46. proxy_rank= 303  sky_w=0.86  f=6.71e-09 Hz  Mc=7.76e+09 Msun  h0=8.07e-16  SNR=0.846
  47. proxy_rank= 209  sky_w=1.46  f=7.22e-09 Hz  Mc=6.16e+09 Msun  h0=7.81e-16  SNR=0.843
  48. proxy_rank= 384  sky_w=1.11  f=1.40e-08 Hz  Mc=5.46e+09 Msun  h0=1.01e-15  SNR=0.833
  49. proxy_rank= 453  sky_w=0.94  f=1.33e-08 Hz  Mc=6.39e+09 Msun  h0=9.39e-16  SNR=0.830
  50. proxy_rank=  75  sky_w=0.65  f=3.70e-09 Hz  Mc=1.50e+10 Msun  h0=1.88e-15  SNR=0.829
💾 Saved: data/2026-04-28/realistic_run_45/consistent_population_realistic_targetSNR4.25_sims1.json
💾 Saved compressed pickle: data/2026-04-28/realistic_run_45/consistent_population_realistic_targetSNR4.25_sims1.pkl.gz
Saved to figures/cgw_analysis_realistic.pdf

======================================================================
ANALYSIS COMPLETE
Results saved to: data/2026-04-28/realistic_run_45
======================================================================

==========================================
Job finished at: Tue Apr 28 17:15:08 AEST 2026
Exit code: 0
==========================================

+------------------ Job Report: 11717845 (COMPLETED) ------------------+
| Memory (RAM)  [################### ] 97.3% (31.1 GB peak / 32 GB)    |
| CPU           [##############      ] 73.1% average                   |
| Time          [------------->      ] 69.9% (0-00:45:28 / 0-01:05:00) |
|                                                                      |
| Lustre Filesystem:                                                   |
|   Path    Total Read    Total Write    Total IOPS                    |
|   ------  ------------  -------------  ------------                  |
|   /apps   0 B           0 B            407                           |
|   /fred   160 KB        6.4 MB         50                            |
|   /home   1.8 GB        0 B            2.9 K                         |
|   OS      0 B           0 B            2                             |
|                                                                      |
| Warnings:                                                            |
|   - CPU usage is low                                                 |
|   - Too much time requested                                          |
+----------------------------------------------------------------------+
