==========================================
Job ID: 11738796
Job Name: smbhb_optimistic
Node: gina4
Start Time: Wed Apr 29 13:46:23 AEST 2026
==========================================

/home/bhoulden/.conda/envs/smbhb312/share/tempo2
Working directory: /fred/oz005/users/bhoulden/SMBHB_population_injections

Loaded modules:

Starting SMBHB analysis...
==========================================

📁 Save directory: data/2026-04-29/optimistic_run_156
📝 Run name: optimistic_run_156

[MEM] Start: 244.4 MB

📡 Loading pulsars...
======================================================================
LOADING NANOGRAV PULSARS (libstempo)
======================================================================

📦 Loading from cache: nanograv_pulsars_cache.pkl
⚠ Cache load failed: Ran out of input
[DEBUG] Found 76 .par files
[tempo2Util.C:396] Warning: [MISC1] Unknown parameter in par file:  DMDATA
[tempo2Util.C:401] Warning: [DUP1] duplicated warnings have been suppressed.

WARNING: Using tempo RNAMP parameter: setting TNRedC to 100!
[observatory.C:271] Warning: Assuming site 'arecibo' means 'ao'
✓ Loaded B1855+09 (7758 TOAs)

WARNING: Using tempo RNAMP parameter: setting TNRedC to 100!
✓ Loaded B1937+21 (23023 TOAs)

WARNING: Using tempo RNAMP parameter: setting TNRedC to 100!
✓ Loaded B1937+21ao (7241 TOAs)

WARNING: Using tempo RNAMP parameter: setting TNRedC to 100!
✓ Loaded B1937+21gbt (16048 TOAs)

WARNING: Using tempo RNAMP parameter: setting TNRedC to 100!
✓ Loaded B1953+29 (5126 TOAs)
✓ Loaded J0023+0923 (15896 TOAs)

WARNING: Using tempo RNAMP parameter: setting TNRedC to 100!
✓ Loaded J0030+0451 (19571 TOAs)
✓ Loaded J0340+4130 (11093 TOAs)
✓ Loaded J0406+3039 (2446 TOAs)

WARNING: Using tempo RNAMP parameter: setting TNRedC to 100!
✓ Loaded J0437-4715 (5830 TOAs)
✓ Loaded J0509+0856 (2169 TOAs)
✓ Loaded J0557+1551 (525 TOAs)
✓ Loaded J0605+3757 (554 TOAs)

WARNING: Using tempo RNAMP parameter: setting TNRedC to 100!
✓ Loaded J0610-2100 (4885 TOAs)

WARNING: Using tempo RNAMP parameter: setting TNRedC to 100!
✓ Loaded J0613-0200 (17124 TOAs)
✓ Loaded J0614-3329 (1714 TOAs)
✓ Loaded J0636+5128 (32222 TOAs)
✓ Loaded J0645+5158 (10403 TOAs)
✓ Loaded J0709+0458 (3030 TOAs)
✓ Loaded J0740+6620 (13401 TOAs)
✓ Loaded J0931-1902 (5473 TOAs)

WARNING: Using tempo RNAMP parameter: setting TNRedC to 100!
✓ Loaded J1012+5307 (25837 TOAs)
✓ Loaded J1012-4235 (797 TOAs)
✓ Loaded J1022+1001 (3978 TOAs)
✓ Loaded J1024-0719 (12635 TOAs)
✓ Loaded J1125+7819 (8723 TOAs)
✓ Loaded J1312+0051 (1705 TOAs)
✓ Loaded J1453+1902 (2551 TOAs)
✓ Loaded J1455-3330 (10818 TOAs)

WARNING: Using tempo RNAMP parameter: setting TNRedC to 100!
✓ Loaded J1600-3053 (22955 TOAs)

WARNING: Using tempo RNAMP parameter: setting TNRedC to 100!
✓ Loaded J1600-3053gbt (19725 TOAs)

WARNING: Using tempo RNAMP parameter: setting TNRedC to 100!
✓ Loaded J1614-2230 (18445 TOAs)
✓ Loaded J1630+3734 (1815 TOAs)
✓ Loaded J1640+2224 (14066 TOAs)

WARNING: Using tempo RNAMP parameter: setting TNRedC to 100!
✓ Loaded J1643-1224 (22144 TOAs)

WARNING: Using tempo RNAMP parameter: setting TNRedC to 100!
✓ Loaded J1643-1224gbt (17932 TOAs)

WARNING: Using tempo RNAMP parameter: setting TNRedC to 100!
✓ Loaded J1705-1903 (9871 TOAs)

WARNING: Using tempo RNAMP parameter: setting TNRedC to 100!
✓ Loaded J1713+0747 (59389 TOAs)

WARNING: Using tempo RNAMP parameter: setting TNRedC to 100!
✓ Loaded J1713+0747ao (21362 TOAs)

WARNING: Using tempo RNAMP parameter: setting TNRedC to 100!
✓ Loaded J1713+0747gbt (32963 TOAs)
✓ Loaded J1719-1438 (6356 TOAs)
✓ Loaded J1730-2304 (4870 TOAs)
✓ Loaded J1738+0333 (8790 TOAs)
✓ Loaded J1741+1351 (5582 TOAs)

WARNING: Using tempo RNAMP parameter: setting TNRedC to 100!
✓ Loaded J1744-1134 (17745 TOAs)

WARNING: Using tempo RNAMP parameter: setting TNRedC to 100!
✓ Loaded J1745+1017 (3017 TOAs)

WARNING: Using tempo RNAMP parameter: setting TNRedC to 100!
✓ Loaded J1747-4036 (11055 TOAs)
✓ Loaded J1751-2857 (2025 TOAs)

WARNING: Using tempo RNAMP parameter: setting TNRedC to 100!
✓ Loaded J1802-2124 (6796 TOAs)
✓ Loaded J1811-2405 (5266 TOAs)
✓ Loaded J1832-0836 (7739 TOAs)
✓ Loaded J1843-1113 (4595 TOAs)

WARNING: Using tempo RNAMP parameter: setting TNRedC to 100!
✓ Loaded J1853+1303 (4570 TOAs)

WARNING: Using tempo RNAMP parameter: setting TNRedC to 100!
✓ Loaded J1903+0327 (6856 TOAs)

WARNING: Using tempo RNAMP parameter: setting TNRedC to 100!
✓ Loaded J1903+0327ao (6423 TOAs)

WARNING: Using tempo RNAMP parameter: setting TNRedC to 100!
✓ Loaded J1909-3744 (35037 TOAs)

WARNING: Using tempo RNAMP parameter: setting TNRedC to 100!
✓ Loaded J1909-3744gbt (31526 TOAs)
✓ Loaded J1910+1256 (6486 TOAs)
✓ Loaded J1911+1347 (3786 TOAs)
✓ Loaded J1918-0642 (18875 TOAs)
✓ Loaded J1923+2515 (3974 TOAs)
✓ Loaded J1944+0907 (5328 TOAs)

WARNING: Using tempo RNAMP parameter: setting TNRedC to 100!
✓ Loaded J1946+3417 (4743 TOAs)
✓ Loaded J2010-1323 (17077 TOAs)
✓ Loaded J2017+0603 (3512 TOAs)
✓ Loaded J2033+1734 (3847 TOAs)
✓ Loaded J2043+1711 (7397 TOAs)
✓ Loaded J2124-3358 (4982 TOAs)

WARNING: Using tempo RNAMP parameter: setting TNRedC to 100!
✓ Loaded J2145-0750 (18675 TOAs)
✓ Loaded J2214+3000 (7406 TOAs)
✓ Loaded J2229+2643 (3711 TOAs)

WARNING: Using tempo RNAMP parameter: setting TNRedC to 100!
✓ Loaded J2234+0611 (3566 TOAs)
✓ Loaded J2234+0944 (7535 TOAs)
✓ Loaded J2302+4442 (10211 TOAs)
✓ Loaded J2317+1439 (13927 TOAs)
✓ Loaded J2322+2057 (3088 TOAs)
⚠ Could not save cache: no default __reduce__ due to non-trivial __cinit__

✓ Loaded 76 pulsars
✗ Failed: 0 — []
[MEM] After loading pulsars: 8863.7 MB

🔍 Filtering pulsars...

Filtered: 76 → 67 pulsars
[MEM] After filtering pulsars: 8864.9 MB
[MEM] After garbage collection: 8865.1 MB

======================================================================
SMBHB POPULATION ANALYSIS
======================================================================

Configuration: optimistic
  Larger mass, higher spread in distance, small population
  N_binaries: 500

======================================================================
CONSISTENT POPULATION SYNTHESIS
======================================================================

======================================================================
GENERATING SNR-CONSISTENT POPULATIONS
======================================================================
Target SNR:          4.0
Simulations:         1
======================================================================


──────────────────────────────────────────────────────────────────────
SIMULATION 1/1
──────────────────────────────────────────────────────────────────────
  [B1855+09] zeroing residuals...
  [B1855+09] adding red noise...
  [B1855+09] white noise for L-wide_ASP (1178 TOAs)...
  [B1855+09] white noise for L-wide_PUPPI (5005 TOAs)...
  [B1855+09] white noise for 430_ASP (390 TOAs)...
  [B1855+09] white noise for 430_PUPPI (1185 TOAs)...
  [B1937+21] zeroing residuals...
  [B1937+21] adding red noise...
  [B1937+21] white noise for Rcvr_800_GUPPI (7140 TOAs)...
  [B1937+21] white noise for L-wide_ASP (452 TOAs)...
  [B1937+21] white noise for S-wide_ASP (344 TOAs)...
  [B1937+21] white noise for Rcvr_800_GASP (586 TOAs)...
  [B1937+21] white noise for Rcvr1_2_GASP (1069 TOAs)...
  [B1937+21] white noise for L-wide_PUPPI (4133 TOAs)...
  [B1937+21] white noise for S-wide_PUPPI (2251 TOAs)...
  [B1937+21] white noise for Rcvr1_2_GUPPI (7048 TOAs)...
  [B1953+29] zeroing residuals...
  [B1953+29] adding red noise...
  [B1953+29] white noise for L-wide_ASP (94 TOAs)...
  [B1953+29] white noise for S-wide_ASP (25 TOAs)...
  [B1953+29] white noise for L-wide_PUPPI (4037 TOAs)...
  [B1953+29] white noise for 430_PUPPI (941 TOAs)...
  [B1953+29] white noise for 430_ASP (29 TOAs)...
  [J0023+0923] zeroing residuals...
  [J0023+0923] adding red noise...
  [J0023+0923] white noise for L-wide_ASP (119 TOAs)...
  [J0023+0923] white noise for L-wide_PUPPI (11123 TOAs)...
  [J0023+0923] white noise for 430_ASP (90 TOAs)...
  [J0023+0923] white noise for 430_PUPPI (4564 TOAs)...
  [J0030+0451] zeroing residuals...
  [J0030+0451] adding red noise...
  [J0030+0451] white noise for L-wide_ASP (789 TOAs)...
  [J0030+0451] white noise for L-wide_PUPPI (12774 TOAs)...
  [J0030+0451] white noise for S-wide_PUPPI (2673 TOAs)...
  [J0030+0451] white noise for 430_PUPPI (3068 TOAs)...
  [J0030+0451] white noise for 430_ASP (267 TOAs)...
  [J0340+4130] zeroing residuals...
  [J0340+4130] adding red noise...
  [J0340+4130] white noise for Rcvr_800_GUPPI (6056 TOAs)...
  [J0340+4130] white noise for Rcvr1_2_GUPPI (5037 TOAs)...
  [J0406+3039] zeroing residuals...
  [J0406+3039] adding red noise...
  [J0406+3039] white noise for L-wide_PUPPI (1871 TOAs)...
  [J0406+3039] white noise for S-wide_PUPPI (575 TOAs)...
  [J0437-4715] zeroing residuals...
  [J0437-4715] adding red noise...
  [J0437-4715] white noise for 1.5GHz_YUPPI (2134 TOAs)...
  [J0437-4715] white noise for 3GHz_YUPPI (3696 TOAs)...
  [J0509+0856] zeroing residuals...
  [J0509+0856] adding red noise...
  [J0509+0856] white noise for L-wide_PUPPI (1625 TOAs)...
  [J0509+0856] white noise for S-wide_PUPPI (544 TOAs)...
  [J0557+1551] zeroing residuals...
  [J0557+1551] adding red noise...
  [J0557+1551] white noise for L-wide_PUPPI (467 TOAs)...
  [J0557+1551] white noise for S-wide_PUPPI (58 TOAs)...
  [J0605+3757] zeroing residuals...
  [J0605+3757] adding red noise...
  [J0605+3757] white noise for Rcvr_800_GUPPI (236 TOAs)...
  [J0605+3757] white noise for Rcvr1_2_GUPPI (318 TOAs)...
  [J0610-2100] zeroing residuals...
  [J0610-2100] adding red noise...
  [J0610-2100] white noise for Rcvr_800_GUPPI (2484 TOAs)...
  [J0610-2100] white noise for Rcvr1_2_GUPPI (2401 TOAs)...
  [J0613-0200] zeroing residuals...
  [J0613-0200] adding red noise...
  [J0613-0200] white noise for Rcvr_800_GASP (809 TOAs)...
  [J0613-0200] white noise for Rcvr1_2_GASP (992 TOAs)...
  [J0613-0200] white noise for Rcvr_800_GUPPI (7900 TOAs)...
  [J0613-0200] white noise for Rcvr1_2_GUPPI (7423 TOAs)...
  [J0636+5128] zeroing residuals...
  [J0636+5128] adding red noise...
  [J0636+5128] white noise for Rcvr_800_GUPPI (17419 TOAs)...
  [J0636+5128] white noise for Rcvr1_2_GUPPI (14803 TOAs)...
  [J0645+5158] zeroing residuals...
  [J0645+5158] adding red noise...
  [J0645+5158] white noise for Rcvr_800_GUPPI (4682 TOAs)...
  [J0645+5158] white noise for Rcvr1_2_GUPPI (5721 TOAs)...
  [J0709+0458] zeroing residuals...
  [J0709+0458] adding red noise...
  [J0709+0458] white noise for L-wide_PUPPI (2435 TOAs)...
  [J0709+0458] white noise for S-wide_PUPPI (595 TOAs)...
  [J0740+6620] zeroing residuals...
  [J0740+6620] adding red noise...
  [J0740+6620] white noise for Rcvr_800_GUPPI (5136 TOAs)...
  [J0740+6620] white noise for Rcvr1_2_GUPPI (8265 TOAs)...
  [J0931-1902] zeroing residuals...
  [J0931-1902] adding red noise...
  [J0931-1902] white noise for Rcvr_800_GUPPI (3419 TOAs)...
  [J0931-1902] white noise for Rcvr1_2_GUPPI (2054 TOAs)...
  [J1012+5307] zeroing residuals...
  [J1012+5307] adding red noise...
  [J1012+5307] white noise for Rcvr_800_GASP (1210 TOAs)...
  [J1012+5307] white noise for Rcvr1_2_GASP (1479 TOAs)...
  [J1012+5307] white noise for Rcvr_800_GUPPI (10299 TOAs)...
  [J1012+5307] white noise for Rcvr1_2_GUPPI (12849 TOAs)...
  [J1012-4235] zeroing residuals...
  [J1012-4235] adding red noise...
  [J1012-4235] white noise for Rcvr_800_GUPPI (342 TOAs)...
  [J1012-4235] white noise for Rcvr1_2_GUPPI (455 TOAs)...
  [J1022+1001] zeroing residuals...
  [J1022+1001] adding red noise...
  [J1022+1001] white noise for L-wide_PUPPI (2592 TOAs)...
  [J1022+1001] white noise for S-wide_PUPPI (1154 TOAs)...
  [J1022+1001] white noise for 430_PUPPI (232 TOAs)...
  [J1024-0719] zeroing residuals...
  [J1024-0719] adding red noise...
  [J1024-0719] white noise for Rcvr_800_GASP (51 TOAs)...
  [J1024-0719] white noise for Rcvr1_2_GASP (43 TOAs)...
  [J1024-0719] white noise for Rcvr_800_GUPPI (5455 TOAs)...
  [J1024-0719] white noise for Rcvr1_2_GUPPI (7086 TOAs)...
  [J1125+7819] zeroing residuals...
  [J1125+7819] adding red noise...
  [J1125+7819] white noise for Rcvr_800_GUPPI (4707 TOAs)...
  [J1125+7819] white noise for Rcvr1_2_GUPPI (4016 TOAs)...
  [J1312+0051] zeroing residuals...
  [J1312+0051] adding red noise...
  [J1312+0051] white noise for L-wide_PUPPI (1289 TOAs)...
  [J1312+0051] white noise for S-wide_PUPPI (416 TOAs)...
  [J1453+1902] zeroing residuals...
  [J1453+1902] adding red noise...
  [J1453+1902] white noise for L-wide_PUPPI (2122 TOAs)...
  [J1453+1902] white noise for S-wide_PUPPI (4 TOAs)...
  [J1453+1902] white noise for 430_PUPPI (425 TOAs)...
  [J1455-3330] zeroing residuals...
  [J1455-3330] adding red noise...
  [J1455-3330] white noise for Rcvr_800_GASP (479 TOAs)...
  [J1455-3330] white noise for Rcvr1_2_GASP (564 TOAs)...
  [J1455-3330] white noise for Rcvr_800_GUPPI (4843 TOAs)...
  [J1455-3330] white noise for Rcvr1_2_GUPPI (4932 TOAs)...
  [J1600-3053] zeroing residuals...
  [J1600-3053] adding red noise...
  [J1600-3053] white noise for Rcvr_800_GUPPI (8796 TOAs)...
  [J1600-3053] white noise for Rcvr_800_GASP (297 TOAs)...
  [J1600-3053] white noise for Rcvr1_2_GASP (457 TOAs)...
  [J1600-3053] white noise for 3GHz_YUPPI (3237 TOAs)...
  [J1600-3053] white noise for Rcvr1_2_GUPPI (10168 TOAs)...
  [J1614-2230] zeroing residuals...
  [J1614-2230] adding red noise...
  [J1614-2230] white noise for Rcvr_800_GASP (84 TOAs)...
  [J1614-2230] white noise for Rcvr1_2_GASP (84 TOAs)...
  [J1614-2230] white noise for Rcvr_800_GUPPI (7768 TOAs)...
  [J1614-2230] white noise for Rcvr1_2_GUPPI (10509 TOAs)...
  [J1630+3734] zeroing residuals...
  [J1630+3734] adding red noise...
  [J1630+3734] white noise for Rcvr_800_GUPPI (906 TOAs)...
  [J1630+3734] white noise for Rcvr1_2_GUPPI (909 TOAs)...
  [J1640+2224] zeroing residuals...
  [J1640+2224] adding red noise...
  [J1640+2224] white noise for L-wide_ASP (722 TOAs)...
  [J1640+2224] white noise for L-wide_PUPPI (9847 TOAs)...
  [J1640+2224] white noise for 430_ASP (340 TOAs)...
  [J1640+2224] white noise for 430_PUPPI (3157 TOAs)...
  [J1643-1224] zeroing residuals...
  [J1643-1224] adding red noise...
  [J1643-1224] white noise for Rcvr_800_GUPPI (7734 TOAs)...
  [J1643-1224] white noise for Rcvr_800_GASP (559 TOAs)...
  [J1643-1224] white noise for Rcvr1_2_GASP (833 TOAs)...
  [J1643-1224] white noise for 3GHz_YUPPI (4215 TOAs)...
  [J1643-1224] white noise for Rcvr1_2_GUPPI (8803 TOAs)...
  [J1705-1903] zeroing residuals...
  [J1705-1903] adding red noise...
  [J1705-1903] white noise for Rcvr_800_GUPPI (3521 TOAs)...
  [J1705-1903] white noise for Rcvr1_2_GUPPI (6350 TOAs)...
  [J1713+0747] zeroing residuals...
  [J1713+0747] adding red noise...
  [J1713+0747] white noise for Rcvr_800_GUPPI (8479 TOAs)...
  [J1713+0747] white noise for L-wide_ASP (843 TOAs)...
  [J1713+0747] white noise for S-wide_ASP (624 TOAs)...
  [J1713+0747] white noise for Rcvr_800_GASP (1032 TOAs)...
  [J1713+0747] white noise for Rcvr1_2_GASP (1109 TOAs)...
  [J1713+0747] white noise for L-wide_PUPPI (12743 TOAs)...
  [J1713+0747] white noise for S-wide_PUPPI (7482 TOAs)...
  [J1713+0747] white noise for 3GHz_YUPPI (3282 TOAs)...
  [J1713+0747] white noise for Rcvr1_2_GUPPI (22334 TOAs)...
  [J1713+0747] white noise for 1.5GHz_YUPPI (1461 TOAs)...
  [J1719-1438] zeroing residuals...
  [J1719-1438] adding red noise...
  [J1719-1438] white noise for Rcvr_800_GUPPI (3634 TOAs)...
  [J1719-1438] white noise for Rcvr1_2_GUPPI (2722 TOAs)...
  [J1730-2304] zeroing residuals...
  [J1730-2304] adding red noise...
  [J1730-2304] white noise for Rcvr_800_GUPPI (2503 TOAs)...
  [J1730-2304] white noise for Rcvr1_2_GUPPI (2367 TOAs)...
  [J1738+0333] zeroing residuals...
  [J1738+0333] adding red noise...
  [J1738+0333] white noise for L-wide_ASP (201 TOAs)...
  [J1738+0333] white noise for L-wide_PUPPI (6718 TOAs)...
  [J1738+0333] white noise for S-wide_PUPPI (1737 TOAs)...
  [J1738+0333] white noise for S-wide_ASP (134 TOAs)...
  [J1741+1351] zeroing residuals...
  [J1741+1351] adding red noise...
  [J1741+1351] white noise for L-wide_ASP (236 TOAs)...
  [J1741+1351] white noise for S-wide_ASP (115 TOAs)...
  [J1741+1351] white noise for L-wide_PUPPI (4045 TOAs)...
  [J1741+1351] white noise for 430_PUPPI (1159 TOAs)...
  [J1741+1351] white noise for 430_ASP (27 TOAs)...
  [J1744-1134] zeroing residuals...
  [J1744-1134] adding red noise...
  [J1744-1134] white noise for Rcvr_800_GASP (930 TOAs)...
  [J1744-1134] white noise for Rcvr1_2_GASP (807 TOAs)...
  [J1744-1134] white noise for Rcvr_800_GUPPI (7899 TOAs)...
  [J1744-1134] white noise for Rcvr1_2_GUPPI (8109 TOAs)...
  [J1745+1017] zeroing residuals...
  [J1745+1017] adding red noise...
  [J1745+1017] white noise for L-wide_PUPPI (2179 TOAs)...
  [J1745+1017] white noise for S-wide_PUPPI (838 TOAs)...
  [J1747-4036] zeroing residuals...
  [J1747-4036] adding red noise...
  [J1747-4036] white noise for Rcvr_800_GUPPI (5816 TOAs)...
  [J1747-4036] white noise for Rcvr1_2_GUPPI (5239 TOAs)...
  [J1751-2857] zeroing residuals...
  [J1751-2857] adding red noise...
  [J1751-2857] white noise for Rcvr_800_GUPPI (239 TOAs)...
  [J1751-2857] white noise for Rcvr1_2_GUPPI (1786 TOAs)...
  [J1802-2124] zeroing residuals...
  [J1802-2124] adding red noise...
  [J1802-2124] white noise for Rcvr_800_GUPPI (3565 TOAs)...
  [J1802-2124] white noise for Rcvr1_2_GUPPI (3231 TOAs)...
  [J1811-2405] zeroing residuals...
  [J1811-2405] adding red noise...
  [J1811-2405] white noise for Rcvr_800_GUPPI (2628 TOAs)...
  [J1811-2405] white noise for Rcvr1_2_GUPPI (2638 TOAs)...
  [J1832-0836] zeroing residuals...
  [J1832-0836] adding red noise...
  [J1832-0836] white noise for Rcvr_800_GUPPI (3078 TOAs)...
  [J1832-0836] white noise for Rcvr1_2_GUPPI (4661 TOAs)...
  [J1843-1113] zeroing residuals...
  [J1843-1113] adding red noise...
  [J1843-1113] white noise for Rcvr_800_GUPPI (2201 TOAs)...
  [J1843-1113] white noise for Rcvr1_2_GUPPI (2394 TOAs)...
  [J1853+1303] zeroing residuals...
  [J1853+1303] adding red noise...
  [J1853+1303] white noise for L-wide_ASP (33 TOAs)...
  [J1853+1303] white noise for L-wide_PUPPI (3362 TOAs)...
  [J1853+1303] white noise for 430_ASP (24 TOAs)...
  [J1853+1303] white noise for 430_PUPPI (1151 TOAs)...
  [J1903+0327] zeroing residuals...
  [J1903+0327] adding red noise...
  [J1903+0327] white noise for L-wide_ASP (139 TOAs)...
  [J1903+0327] white noise for S-wide_ASP (151 TOAs)...
  [J1903+0327] white noise for L-wide_PUPPI (3845 TOAs)...
  [J1903+0327] white noise for S-wide_PUPPI (2282 TOAs)...
  [J1903+0327] white noise for 3GHz_YUPPI (439 TOAs)...
  [J1909-3744] zeroing residuals...
  [J1909-3744] adding red noise...
  [J1909-3744] white noise for Rcvr_800_GUPPI (9399 TOAs)...
  [J1909-3744] white noise for Rcvr_800_GASP (866 TOAs)...
  [J1909-3744] white noise for Rcvr1_2_GASP (808 TOAs)...
  [J1909-3744] white noise for 3GHz_YUPPI (3525 TOAs)...
  [J1909-3744] white noise for Rcvr1_2_GUPPI (20439 TOAs)...
  [J1910+1256] zeroing residuals...
  [J1910+1256] adding red noise...
  [J1910+1256] white noise for L-wide_ASP (297 TOAs)...
  [J1910+1256] white noise for L-wide_PUPPI (4124 TOAs)...
  [J1910+1256] white noise for S-wide_PUPPI (1857 TOAs)...
  [J1910+1256] white noise for S-wide_ASP (208 TOAs)...
  [J1911+1347] zeroing residuals...
  [J1911+1347] adding red noise...
  [J1911+1347] white noise for L-wide_PUPPI (3033 TOAs)...
  [J1911+1347] white noise for 430_PUPPI (753 TOAs)...
  [J1918-0642] zeroing residuals...
  [J1918-0642] adding red noise...
  [J1918-0642] white noise for Rcvr_800_GASP (835 TOAs)...
  [J1918-0642] white noise for Rcvr1_2_GASP (778 TOAs)...
  [J1918-0642] white noise for Rcvr_800_GUPPI (8352 TOAs)...
  [J1918-0642] white noise for Rcvr1_2_GUPPI (8910 TOAs)...
  [J1923+2515] zeroing residuals...
  [J1923+2515] adding red noise...
  [J1923+2515] white noise for L-wide_ASP (14 TOAs)...
  [J1923+2515] white noise for L-wide_PUPPI (3028 TOAs)...
  [J1923+2515] white noise for 430_ASP (10 TOAs)...
  [J1923+2515] white noise for 430_PUPPI (922 TOAs)...
  [J1944+0907] zeroing residuals...
  [J1944+0907] adding red noise...
  [J1944+0907] white noise for L-wide_ASP (257 TOAs)...
  [J1944+0907] white noise for S-wide_ASP (116 TOAs)...
  [J1944+0907] white noise for L-wide_PUPPI (3900 TOAs)...
  [J1944+0907] white noise for 430_PUPPI (1017 TOAs)...
  [J1944+0907] white noise for 430_ASP (38 TOAs)...
  [J1946+3417] zeroing residuals...
  [J1946+3417] adding red noise...
  [J1946+3417] white noise for L-wide_PUPPI (3197 TOAs)...
  [J1946+3417] white noise for S-wide_PUPPI (1546 TOAs)...
  [J2010-1323] zeroing residuals...
  [J2010-1323] adding red noise...
  [J2010-1323] white noise for Rcvr_800_GASP (70 TOAs)...
  [J2010-1323] white noise for Rcvr1_2_GASP (70 TOAs)...
  [J2010-1323] white noise for Rcvr_800_GUPPI (9158 TOAs)...
  [J2010-1323] white noise for Rcvr1_2_GUPPI (7779 TOAs)...
  [J2017+0603] zeroing residuals...
  [J2017+0603] adding red noise...
  [J2017+0603] white noise for L-wide_ASP (16 TOAs)...
  [J2017+0603] white noise for L-wide_PUPPI (2569 TOAs)...
  [J2017+0603] white noise for S-wide_PUPPI (849 TOAs)...
  [J2017+0603] white noise for 430_PUPPI (78 TOAs)...
  [J2033+1734] zeroing residuals...
  [J2033+1734] adding red noise...
  [J2033+1734] white noise for L-wide_PUPPI (3050 TOAs)...
  [J2033+1734] white noise for 430_PUPPI (797 TOAs)...
  [J2043+1711] zeroing residuals...
  [J2043+1711] adding red noise...
  [J2043+1711] white noise for L-wide_ASP (40 TOAs)...
  [J2043+1711] white noise for L-wide_PUPPI (4419 TOAs)...
  [J2043+1711] white noise for 430_ASP (30 TOAs)...
  [J2043+1711] white noise for 430_PUPPI (2908 TOAs)...
  [J2124-3358] zeroing residuals...
  [J2124-3358] adding red noise...
  [J2124-3358] white noise for Rcvr_800_GUPPI (2025 TOAs)...
  [J2124-3358] white noise for Rcvr1_2_GUPPI (2957 TOAs)...
  [J2145-0750] zeroing residuals...
  [J2145-0750] adding red noise...
  [J2145-0750] white noise for Rcvr_800_GASP (362 TOAs)...
  [J2145-0750] white noise for Rcvr1_2_GASP (427 TOAs)...
  [J2145-0750] white noise for Rcvr_800_GUPPI (8728 TOAs)...
  [J2145-0750] white noise for Rcvr1_2_GUPPI (9158 TOAs)...
  [J2214+3000] zeroing residuals...
  [J2214+3000] adding red noise...
  [J2214+3000] white noise for L-wide_ASP (9 TOAs)...
  [J2214+3000] white noise for L-wide_PUPPI (5829 TOAs)...
  [J2214+3000] white noise for S-wide_PUPPI (1568 TOAs)...
  [J2229+2643] zeroing residuals...
  [J2229+2643] adding red noise...
  [J2229+2643] white noise for L-wide_PUPPI (2755 TOAs)...
  [J2229+2643] white noise for 430_PUPPI (956 TOAs)...
  [J2234+0611] zeroing residuals...
  [J2234+0611] adding red noise...
  [J2234+0611] white noise for L-wide_PUPPI (2913 TOAs)...
  [J2234+0611] white noise for 430_PUPPI (653 TOAs)...
  [J2234+0944] zeroing residuals...
  [J2234+0944] adding red noise...
  [J2234+0944] white noise for L-wide_PUPPI (5003 TOAs)...
  [J2234+0944] white noise for S-wide_PUPPI (2532 TOAs)...
  [J2302+4442] zeroing residuals...
  [J2302+4442] adding red noise...
  [J2302+4442] white noise for Rcvr_800_GUPPI (6432 TOAs)...
  [J2302+4442] white noise for Rcvr1_2_GUPPI (3779 TOAs)...
  [J2317+1439] zeroing residuals...
  [J2317+1439] adding red noise...
  [J2317+1439] white noise for 327_ASP (413 TOAs)...
  [J2317+1439] white noise for L-wide_PUPPI (9563 TOAs)...
  [J2317+1439] white noise for 430_PUPPI (3217 TOAs)...
  [J2317+1439] white noise for 430_ASP (458 TOAs)...
  [J2317+1439] white noise for 327_PUPPI (276 TOAs)...
  [J2322+2057] zeroing residuals...
  [J2322+2057] adding red noise...
  [J2322+2057] white noise for L-wide_PUPPI (2196 TOAs)...
  [J2322+2057] white noise for S-wide_PUPPI (140 TOAs)...
  [J2322+2057] white noise for 430_PUPPI (752 TOAs)...
Resetting pulsars to clean stoas...
Restore: 0.01 s
Inject: 0.00 s
Snapshotting into enterprise Pulsar objects...
Building PTA...
PTA build: 436.02 s
Computing optimal statistic...
OS time: 47.60 s
Total: 483.63 s
Noise-only SNR baseline: 0.8862

Generating SNR-consistent population...
Target SNR: 4.0
Resetting pulsars to clean stoas...
Restore: 4.23 s
Injecting population...
  B1855+09: RMS = 4130.566 ns
  B1937+21: RMS = 4339.187 ns
  B1953+29: RMS = 2882.732 ns
  J0023+0923: RMS = 6046.888 ns
  J0030+0451: RMS = 6679.975 ns
  J0340+4130: RMS = 3833.062 ns
  J0406+3039: RMS = 1216.510 ns
  J0437-4715: RMS = 2752.598 ns
  J0509+0856: RMS = 2991.556 ns
  J0557+1551: RMS = 4763.708 ns
  J0605+3757: RMS = 4550.855 ns
  J0610-2100: RMS = 1612.111 ns
  J0613-0200: RMS = 5842.773 ns
  J0636+5128: RMS = 3402.794 ns
  J0645+5158: RMS = 3028.422 ns
  J0709+0458: RMS = 2298.848 ns
  J0740+6620: RMS = 2650.835 ns
  J0931-1902: RMS = 2722.023 ns
  J1012+5307: RMS = 2456.225 ns
  J1012-4235: RMS = 3199.070 ns
  J1022+1001: RMS = 2483.313 ns
  J1024-0719: RMS = 4296.827 ns
  J1125+7819: RMS = 3132.910 ns
  J1312+0051: RMS = 269.647 ns
  J1453+1902: RMS = 2713.003 ns
  J1455-3330: RMS = 5447.853 ns
  J1600-3053: RMS = 5227.458 ns
  J1614-2230: RMS = 3835.364 ns
  J1630+3734: RMS = 1572.268 ns
  J1640+2224: RMS = 3095.624 ns
  J1643-1224: RMS = 3962.488 ns
  J1705-1903: RMS = 1067.288 ns
  J1713+0747: RMS = 2729.887 ns
  J1719-1438: RMS = 1689.617 ns
  J1730-2304: RMS = 651.582 ns
  J1738+0333: RMS = 2452.923 ns
  J1741+1351: RMS = 3128.207 ns
  J1744-1134: RMS = 2629.940 ns
  J1745+1017: RMS = 2849.097 ns
  J1747-4036: RMS = 5238.847 ns
  J1751-2857: RMS = 649.747 ns
  J1802-2124: RMS = 867.572 ns
  J1811-2405: RMS = 567.343 ns
  J1832-0836: RMS = 2662.355 ns
  J1843-1113: RMS = 1460.153 ns
  J1853+1303: RMS = 3361.174 ns
  J1903+0327: RMS = 5175.337 ns
  J1909-3744: RMS = 2657.695 ns
  J1910+1256: RMS = 4760.609 ns
  J1911+1347: RMS = 2966.488 ns
  J1918-0642: RMS = 4982.970 ns
  J1923+2515: RMS = 3036.990 ns
  J1944+0907: RMS = 3626.054 ns
  J1946+3417: RMS = 1270.107 ns
  J2010-1323: RMS = 6103.733 ns
  J2017+0603: RMS = 3310.612 ns
  J2033+1734: RMS = 3110.749 ns
  J2043+1711: RMS = 2370.747 ns
  J2124-3358: RMS = 1129.265 ns
  J2145-0750: RMS = 3686.630 ns
  J2214+3000: RMS = 2759.731 ns
  J2229+2643: RMS = 3745.943 ns
  J2234+0611: RMS = 3730.078 ns
  J2234+0944: RMS = 3812.599 ns
  J2302+4442: RMS = 5565.203 ns
  J2317+1439: RMS = 7743.717 ns
  J2322+2057: RMS = 2209.275 ns
Inject: 0.64 s
Snapshotting into enterprise Pulsar objects...
Building PTA...
PTA build: 436.52 s
Computing optimal statistic...
OS time: 43.51 s
Total: 484.90 s
Initial SNR: -26.6674, Target SNR: 4.0000
  ✗ Initial SNR -26.6674 is non-positive, cannot scale distances.
✗ Simulation 1, trial 1 FAILED, retrying...

Generating SNR-consistent population...
Target SNR: 4.0
Resetting pulsars to clean stoas...
Restore: 0.01 s
Injecting population...
  B1855+09: RMS = 4346.381 ns
  B1937+21: RMS = 2744.414 ns
  B1953+29: RMS = 1382.797 ns
  J0023+0923: RMS = 2355.405 ns
  J0030+0451: RMS = 3418.909 ns
  J0340+4130: RMS = 1620.647 ns
  J0406+3039: RMS = 3948.440 ns
  J0437-4715: RMS = 1156.969 ns
  J0509+0856: RMS = 5398.933 ns
  J0557+1551: RMS = 2444.868 ns
  J0605+3757: RMS = 723.754 ns
  J0610-2100: RMS = 3187.382 ns
  J0613-0200: RMS = 4663.033 ns
  J0636+5128: RMS = 2203.929 ns
  J0645+5158: RMS = 2567.141 ns
  J0709+0458: RMS = 4849.878 ns
  J0740+6620: RMS = 2517.178 ns
  J0931-1902: RMS = 2597.228 ns
  J1012+5307: RMS = 3484.060 ns
  J1012-4235: RMS = 917.153 ns
  J1022+1001: RMS = 2822.929 ns
  J1024-0719: RMS = 1044.583 ns
  J1125+7819: RMS = 3061.162 ns
  J1312+0051: RMS = 3020.520 ns
  J1453+1902: RMS = 6862.760 ns
  J1455-3330: RMS = 4936.211 ns
  J1600-3053: RMS = 3512.648 ns
  J1614-2230: RMS = 3237.955 ns
  J1630+3734: RMS = 3559.362 ns
  J1640+2224: RMS = 4834.261 ns
  J1643-1224: RMS = 3948.976 ns
  J1705-1903: RMS = 554.398 ns
  J1713+0747: RMS = 5738.254 ns
  J1719-1438: RMS = 1988.088 ns
  J1730-2304: RMS = 526.015 ns
  J1738+0333: RMS = 4272.624 ns
  J1741+1351: RMS = 5640.636 ns
  J1744-1134: RMS = 4298.040 ns
  J1745+1017: RMS = 7938.458 ns
  J1747-4036: RMS = 6224.233 ns
  J1751-2857: RMS = 984.930 ns
  J1802-2124: RMS = 2119.622 ns
  J1811-2405: RMS = 2354.606 ns
  J1832-0836: RMS = 5810.809 ns
  J1843-1113: RMS = 4064.546 ns
  J1853+1303: RMS = 2770.217 ns
  J1903+0327: RMS = 2321.694 ns
  J1909-3744: RMS = 3852.949 ns
  J1910+1256: RMS = 2071.545 ns
  J1911+1347: RMS = 3126.201 ns
  J1918-0642: RMS = 3599.633 ns
  J1923+2515: RMS = 1533.402 ns
  J1944+0907: RMS = 3044.914 ns
  J1946+3417: RMS = 3499.850 ns
  J2010-1323: RMS = 3703.317 ns
  J2017+0603: RMS = 2481.664 ns
  J2033+1734: RMS = 3699.836 ns
  J2043+1711: RMS = 1446.041 ns
  J2124-3358: RMS = 2661.674 ns
  J2145-0750: RMS = 2226.271 ns
  J2214+3000: RMS = 2077.833 ns
  J2229+2643: RMS = 2160.936 ns
  J2234+0611: RMS = 1969.588 ns
  J2234+0944: RMS = 2463.312 ns
  J2302+4442: RMS = 2139.283 ns
  J2317+1439: RMS = 3211.643 ns
  J2322+2057: RMS = 2772.331 ns
Inject: 0.55 s
Snapshotting into enterprise Pulsar objects...
Building PTA...
PTA build: 437.28 s
Computing optimal statistic...
OS time: 45.68 s
Total: 483.52 s
Initial SNR: 334.7214, Target SNR: 4.0000
  Initial SNR 334.7214 outside of provided SNR_range [3.5, 4.25] — rescaling.
Scaling distances by factor 10.3542 to achieve target SNR...
Resetting pulsars to clean stoas...
Restore: 0.01 s
Injecting population...
  B1855+09: RMS = 419.769 ns
  B1937+21: RMS = 265.053 ns
  B1953+29: RMS = 133.549 ns
  J0023+0923: RMS = 227.483 ns
  J0030+0451: RMS = 330.195 ns
  J0340+4130: RMS = 156.520 ns
  J0406+3039: RMS = 381.336 ns
  J0437-4715: RMS = 111.739 ns
  J0509+0856: RMS = 521.423 ns
  J0557+1551: RMS = 236.123 ns
  J0605+3757: RMS = 69.899 ns
  J0610-2100: RMS = 307.834 ns
  J0613-0200: RMS = 450.351 ns
  J0636+5128: RMS = 212.853 ns
  J0645+5158: RMS = 247.932 ns
  J0709+0458: RMS = 468.396 ns
  J0740+6620: RMS = 243.106 ns
  J0931-1902: RMS = 250.838 ns
  J1012+5307: RMS = 336.487 ns
  J1012-4235: RMS = 88.578 ns
  J1022+1001: RMS = 272.635 ns
  J1024-0719: RMS = 100.885 ns
  J1125+7819: RMS = 295.644 ns
  J1312+0051: RMS = 291.719 ns
  J1453+1902: RMS = 662.798 ns
  J1455-3330: RMS = 476.734 ns
  J1600-3053: RMS = 339.248 ns
  J1614-2230: RMS = 312.718 ns
  J1630+3734: RMS = 343.759 ns
  J1640+2224: RMS = 466.888 ns
  J1643-1224: RMS = 381.388 ns
  J1705-1903: RMS = 53.543 ns
  J1713+0747: RMS = 554.195 ns
  J1719-1438: RMS = 192.007 ns
  J1730-2304: RMS = 50.802 ns
  J1738+0333: RMS = 412.646 ns
  J1741+1351: RMS = 544.767 ns
  J1744-1134: RMS = 415.100 ns
  J1745+1017: RMS = 766.688 ns
  J1747-4036: RMS = 601.130 ns
  J1751-2857: RMS = 95.123 ns
  J1802-2124: RMS = 204.711 ns
  J1811-2405: RMS = 227.405 ns
  J1832-0836: RMS = 561.202 ns
  J1843-1113: RMS = 392.550 ns
  J1853+1303: RMS = 267.545 ns
  J1903+0327: RMS = 224.227 ns
  J1909-3744: RMS = 372.114 ns
  J1910+1256: RMS = 200.068 ns
  J1911+1347: RMS = 301.925 ns
  J1918-0642: RMS = 347.649 ns
  J1923+2515: RMS = 148.094 ns
  J1944+0907: RMS = 294.075 ns
  J1946+3417: RMS = 338.012 ns
  J2010-1323: RMS = 357.662 ns
  J2017+0603: RMS = 239.676 ns
  J2033+1734: RMS = 357.326 ns
  J2043+1711: RMS = 139.657 ns
  J2124-3358: RMS = 257.062 ns
  J2145-0750: RMS = 215.011 ns
  J2214+3000: RMS = 200.675 ns
  J2229+2643: RMS = 208.701 ns
  J2234+0611: RMS = 190.221 ns
  J2234+0944: RMS = 237.904 ns
  J2302+4442: RMS = 206.610 ns
  J2317+1439: RMS = 310.177 ns
  J2322+2057: RMS = 267.749 ns
Inject: 0.51 s
Snapshotting into enterprise Pulsar objects...
Building PTA...
PTA build: 438.62 s
Computing optimal statistic...
OS time: 48.02 s
Total: 487.16 s
  SNR 3.0337 outside of provided SNR_range [3.5, 4.25] — rescaling.
[Iteration 1/4] SNR after scaling: 3.0337 (target: 4.0000)
  SNR history: it0→334.7214@1.0000x, it1→3.0337@10.3542x
  Re-scaling distances by factor 0.3108  (cumulative after: 3.2178×)
Resetting pulsars to clean stoas...
Restore: 0.01 s
Injecting population...
  B1855+09: RMS = 1350.731 ns
  B1937+21: RMS = 852.886 ns
  B1953+29: RMS = 429.734 ns
  J0023+0923: RMS = 731.993 ns
  J0030+0451: RMS = 1062.499 ns
  J0340+4130: RMS = 503.651 ns
  J0406+3039: RMS = 1227.063 ns
  J0437-4715: RMS = 359.553 ns
  J0509+0856: RMS = 1677.835 ns
  J0557+1551: RMS = 759.796 ns
  J0605+3757: RMS = 224.922 ns
  J0610-2100: RMS = 990.548 ns
  J0613-0200: RMS = 1449.138 ns
  J0636+5128: RMS = 684.918 ns
  J0645+5158: RMS = 797.794 ns
  J0709+0458: RMS = 1507.204 ns
  J0740+6620: RMS = 782.267 ns
  J0931-1902: RMS = 807.145 ns
  J1012+5307: RMS = 1082.747 ns
  J1012-4235: RMS = 285.025 ns
  J1022+1001: RMS = 877.286 ns
  J1024-0719: RMS = 324.627 ns
  J1125+7819: RMS = 951.322 ns
  J1312+0051: RMS = 938.691 ns
  J1453+1902: RMS = 2132.750 ns
  J1455-3330: RMS = 1534.034 ns
  J1600-3053: RMS = 1091.631 ns
  J1614-2230: RMS = 1006.264 ns
  J1630+3734: RMS = 1106.148 ns
  J1640+2224: RMS = 1502.351 ns
  J1643-1224: RMS = 1227.229 ns
  J1705-1903: RMS = 172.291 ns
  J1713+0747: RMS = 1783.286 ns
  J1719-1438: RMS = 617.841 ns
  J1730-2304: RMS = 163.471 ns
  J1738+0333: RMS = 1327.810 ns
  J1741+1351: RMS = 1752.949 ns
  J1744-1134: RMS = 1335.708 ns
  J1745+1017: RMS = 2467.047 ns
  J1747-4036: RMS = 1934.314 ns
  J1751-2857: RMS = 306.088 ns
  J1802-2124: RMS = 658.718 ns
  J1811-2405: RMS = 731.744 ns
  J1832-0836: RMS = 1805.834 ns
  J1843-1113: RMS = 1263.145 ns
  J1853+1303: RMS = 860.904 ns
  J1903+0327: RMS = 721.517 ns
  J1909-3744: RMS = 1197.387 ns
  J1910+1256: RMS = 643.777 ns
  J1911+1347: RMS = 971.534 ns
  J1918-0642: RMS = 1118.663 ns
  J1923+2515: RMS = 476.538 ns
  J1944+0907: RMS = 946.272 ns
  J1946+3417: RMS = 1087.654 ns
  J2010-1323: RMS = 1150.885 ns
  J2017+0603: RMS = 771.230 ns
  J2033+1734: RMS = 1149.804 ns
  J2043+1711: RMS = 449.388 ns
  J2124-3358: RMS = 827.172 ns
  J2145-0750: RMS = 691.862 ns
  J2214+3000: RMS = 645.731 ns
  J2229+2643: RMS = 671.557 ns
  J2234+0611: RMS = 612.092 ns
  J2234+0944: RMS = 765.527 ns
  J2302+4442: RMS = 664.828 ns
  J2317+1439: RMS = 998.087 ns
  J2322+2057: RMS = 861.562 ns
Inject: 0.70 s
Snapshotting into enterprise Pulsar objects...
Building PTA...
PTA build: 441.35 s
Computing optimal statistic...
OS time: 41.52 s
Total: 483.58 s
  SNR 30.7603 outside of provided SNR_range [3.5, 4.25] — rescaling.
[Iteration 2/4] SNR after scaling: 30.7603 (target: 4.0000)
  SNR history: it0→334.7214@1.0000x, it1→3.0337@10.3542x, it2→30.7603@3.2178x
  Re-scaling distances by factor 1.7938  (cumulative after: 5.7722×)
Resetting pulsars to clean stoas...
Restore: 0.00 s
Injecting population...
  B1855+09: RMS = 752.991 ns
  B1937+21: RMS = 475.457 ns
  B1953+29: RMS = 239.563 ns
  J0023+0923: RMS = 408.063 ns
  J0030+0451: RMS = 592.310 ns
  J0340+4130: RMS = 280.770 ns
  J0406+3039: RMS = 684.049 ns
  J0437-4715: RMS = 200.440 ns
  J0509+0856: RMS = 935.341 ns
  J0557+1551: RMS = 423.562 ns
  J0605+3757: RMS = 125.387 ns
  J0610-2100: RMS = 552.199 ns
  J0613-0200: RMS = 807.849 ns
  J0636+5128: RMS = 381.821 ns
  J0645+5158: RMS = 444.745 ns
  J0709+0458: RMS = 840.219 ns
  J0740+6620: RMS = 436.090 ns
  J0931-1902: RMS = 449.958 ns
  J1012+5307: RMS = 603.598 ns
  J1012-4235: RMS = 158.893 ns
  J1022+1001: RMS = 489.060 ns
  J1024-0719: RMS = 180.969 ns
  J1125+7819: RMS = 530.332 ns
  J1312+0051: RMS = 523.291 ns
  J1453+1902: RMS = 1188.942 ns
  J1455-3330: RMS = 855.176 ns
  J1600-3053: RMS = 608.550 ns
  J1614-2230: RMS = 560.961 ns
  J1630+3734: RMS = 616.643 ns
  J1640+2224: RMS = 837.514 ns
  J1643-1224: RMS = 684.142 ns
  J1705-1903: RMS = 96.047 ns
  J1713+0747: RMS = 994.126 ns
  J1719-1438: RMS = 344.427 ns
  J1730-2304: RMS = 91.130 ns
  J1738+0333: RMS = 740.213 ns
  J1741+1351: RMS = 977.215 ns
  J1744-1134: RMS = 744.616 ns
  J1745+1017: RMS = 1375.302 ns
  J1747-4036: RMS = 1078.320 ns
  J1751-2857: RMS = 170.635 ns
  J1802-2124: RMS = 367.215 ns
  J1811-2405: RMS = 407.925 ns
  J1832-0836: RMS = 1006.696 ns
  J1843-1113: RMS = 704.164 ns
  J1853+1303: RMS = 479.927 ns
  J1903+0327: RMS = 402.223 ns
  J1909-3744: RMS = 667.506 ns
  J1910+1256: RMS = 358.886 ns
  J1911+1347: RMS = 541.600 ns
  J1918-0642: RMS = 623.620 ns
  J1923+2515: RMS = 265.655 ns
  J1944+0907: RMS = 527.517 ns
  J1946+3417: RMS = 606.333 ns
  J2010-1323: RMS = 641.583 ns
  J2017+0603: RMS = 429.937 ns
  J2033+1734: RMS = 640.980 ns
  J2043+1711: RMS = 250.520 ns
  J2124-3358: RMS = 461.123 ns
  J2145-0750: RMS = 385.691 ns
  J2214+3000: RMS = 359.975 ns
  J2229+2643: RMS = 374.372 ns
  J2234+0611: RMS = 341.222 ns
  J2234+0944: RMS = 426.758 ns
  J2302+4442: RMS = 370.621 ns
  J2317+1439: RMS = 556.402 ns
  J2322+2057: RMS = 480.294 ns
Inject: 0.54 s
Snapshotting into enterprise Pulsar objects...
Building PTA...
PTA build: 441.53 s
Computing optimal statistic...
OS time: 45.62 s
Total: 487.69 s
  SNR 9.3227 outside of provided SNR_range [3.5, 4.25] — rescaling.
[Iteration 3/4] SNR after scaling: 9.3227 (target: 4.0000)
  SNR history: it0→334.7214@1.0000x, it1→3.0337@10.3542x, it2→30.7603@3.2178x, it3→9.3227@5.7722x
  Re-scaling distances by factor 1.3393  (cumulative after: 7.7309×)
Resetting pulsars to clean stoas...
Restore: 0.01 s
Injecting population...
  B1855+09: RMS = 562.212 ns
  B1937+21: RMS = 354.995 ns
  B1953+29: RMS = 178.867 ns
  J0023+0923: RMS = 304.676 ns
  J0030+0451: RMS = 442.242 ns
  J0340+4130: RMS = 209.633 ns
  J0406+3039: RMS = 510.737 ns
  J0437-4715: RMS = 149.656 ns
  J0509+0856: RMS = 698.361 ns
  J0557+1551: RMS = 316.248 ns
  J0605+3757: RMS = 93.619 ns
  J0610-2100: RMS = 412.293 ns
  J0613-0200: RMS = 603.171 ns
  J0636+5128: RMS = 285.082 ns
  J0645+5158: RMS = 332.064 ns
  J0709+0458: RMS = 627.340 ns
  J0740+6620: RMS = 325.601 ns
  J0931-1902: RMS = 335.956 ns
  J1012+5307: RMS = 450.669 ns
  J1012-4235: RMS = 118.635 ns
  J1022+1001: RMS = 365.151 ns
  J1024-0719: RMS = 135.119 ns
  J1125+7819: RMS = 395.966 ns
  J1312+0051: RMS = 390.709 ns
  J1453+1902: RMS = 887.710 ns
  J1455-3330: RMS = 638.507 ns
  J1600-3053: RMS = 454.367 ns
  J1614-2230: RMS = 418.835 ns
  J1630+3734: RMS = 460.410 ns
  J1640+2224: RMS = 625.320 ns
  J1643-1224: RMS = 510.807 ns
  J1705-1903: RMS = 71.712 ns
  J1713+0747: RMS = 742.253 ns
  J1719-1438: RMS = 257.163 ns
  J1730-2304: RMS = 68.041 ns
  J1738+0333: RMS = 552.671 ns
  J1741+1351: RMS = 729.626 ns
  J1744-1134: RMS = 555.959 ns
  J1745+1017: RMS = 1026.853 ns
  J1747-4036: RMS = 805.115 ns
  J1751-2857: RMS = 127.402 ns
  J1802-2124: RMS = 274.177 ns
  J1811-2405: RMS = 304.572 ns
  J1832-0836: RMS = 751.638 ns
  J1843-1113: RMS = 525.756 ns
  J1853+1303: RMS = 358.332 ns
  J1903+0327: RMS = 300.315 ns
  J1909-3744: RMS = 498.386 ns
  J1910+1256: RMS = 267.958 ns
  J1911+1347: RMS = 404.379 ns
  J1918-0642: RMS = 465.619 ns
  J1923+2515: RMS = 198.348 ns
  J1944+0907: RMS = 393.865 ns
  J1946+3417: RMS = 452.712 ns
  J2010-1323: RMS = 479.030 ns
  J2017+0603: RMS = 321.007 ns
  J2033+1734: RMS = 478.580 ns
  J2043+1711: RMS = 187.048 ns
  J2124-3358: RMS = 344.292 ns
  J2145-0750: RMS = 287.972 ns
  J2214+3000: RMS = 268.771 ns
  J2229+2643: RMS = 279.521 ns
  J2234+0611: RMS = 254.770 ns
  J2234+0944: RMS = 318.634 ns
  J2302+4442: RMS = 276.720 ns
  J2317+1439: RMS = 415.431 ns
  J2322+2057: RMS = 358.606 ns
Inject: 0.56 s
Snapshotting into enterprise Pulsar objects...
Building PTA...
PTA build: 439.86 s
Computing optimal statistic...
OS time: 41.03 s
Total: 481.46 s
  SNR 5.2258 outside of provided SNR_range [3.5, 4.25] — rescaling.
[Iteration 4/4] SNR after scaling: 5.2258 (target: 4.0000)
  SNR history: it0→334.7214@1.0000x, it1→3.0337@10.3542x, it2→30.7603@3.2178x, it3→9.3227@5.7722x, it4→5.2258@7.7309x

Final SNR history:
  it 0: cumulative_scale=1.0000×  SNR=334.7214
  it 1: cumulative_scale=10.3542×  SNR=3.0337
  it 2: cumulative_scale=3.2178×  SNR=30.7603
  it 3: cumulative_scale=5.7722×  SNR=9.3227
  it 4: cumulative_scale=7.7309×  SNR=5.2258
✓ Simulation 1 done (2910.6 s)

======================================================================
ENSEMBLE SUMMARY
======================================================================
Success rate: 100.0% (1/1)

Binaries per population:
  Mean ± std : 500 ± 0
  Range      : [500, 500]

SNR achieved:
  Mean ± std : 5.2258 ± 0.0000
  Range      : [5.2258, 5.2258]

Total time: 3434.0 s (57.2 min)
======================================================================

💾 Saved: data/2026-04-29/optimistic_run_156/consistent_population_optimistic_targetSNR4.25_sims1.json
💾 Saved compressed pickle: data/2026-04-29/optimistic_run_156/consistent_population_optimistic_targetSNR4.25_sims1.pkl.gz

======================================================================
CONTINUOUS WAVE SNR ANALYSIS
======================================================================

--- Population 1 ---
Precomputation of phiinvs, TNTs, Ts, Nvecs, Sigmas took 0.03 seconds.
Total SNR computation for population took 161.31 seconds.
Top 50 CGW candidates:
   1. proxy_rank=   1  sky_w=1.53  f=4.38e-09 Hz  Mc=6.06e+10 Msun  h0=1.01e-14  SNR=10.552
   2. proxy_rank=   2  sky_w=1.13  f=2.87e-09 Hz  Mc=7.46e+10 Msun  h0=8.13e-15  SNR=5.444
   3. proxy_rank=   4  sky_w=0.99  f=4.00e-09 Hz  Mc=6.25e+10 Msun  h0=7.45e-15  SNR=3.003
   4. proxy_rank=  13  sky_w=1.47  f=5.96e-09 Hz  Mc=3.11e+10 Msun  h0=3.01e-15  SNR=2.337
   5. proxy_rank=   3  sky_w=1.15  f=2.47e-09 Hz  Mc=5.15e+10 Msun  h0=4.11e-15  SNR=2.332
   6. proxy_rank=  11  sky_w=1.48  f=3.36e-09 Hz  Mc=3.02e+10 Msun  h0=1.97e-15  SNR=1.653
   7. proxy_rank=  15  sky_w=1.17  f=3.07e-09 Hz  Mc=2.91e+10 Msun  h0=1.87e-15  SNR=1.218
   8. proxy_rank=   7  sky_w=1.01  f=3.20e-09 Hz  Mc=4.44e+10 Msun  h0=3.72e-15  SNR=1.159
   9. proxy_rank=   8  sky_w=0.85  f=3.05e-09 Hz  Mc=4.88e+10 Msun  h0=4.08e-15  SNR=1.076
  10. proxy_rank=  12  sky_w=1.13  f=3.59e-09 Hz  Mc=3.16e+10 Msun  h0=2.58e-15  SNR=1.007
  11. proxy_rank=   9  sky_w=0.70  f=2.19e-09 Hz  Mc=5.00e+10 Msun  h0=3.48e-15  SNR=0.965
  12. proxy_rank=  25  sky_w=1.07  f=3.97e-09 Hz  Mc=1.81e+10 Msun  h0=9.37e-16  SNR=0.870
  13. proxy_rank=  29  sky_w=1.14  f=4.18e-09 Hz  Mc=1.52e+10 Msun  h0=7.31e-16  SNR=0.804
  14. proxy_rank=   6  sky_w=1.09  f=2.00e-09 Hz  Mc=3.95e+10 Msun  h0=2.19e-15  SNR=0.723
  15. proxy_rank=  10  sky_w=0.55  f=2.40e-09 Hz  Mc=5.53e+10 Msun  h0=4.34e-15  SNR=0.546
  16. proxy_rank=  14  sky_w=0.70  f=2.01e-09 Hz  Mc=3.82e+10 Msun  h0=2.05e-15  SNR=0.523
  17. proxy_rank=  19  sky_w=1.03  f=2.17e-09 Hz  Mc=2.46e+10 Msun  h0=1.03e-15  SNR=0.435
  18. proxy_rank=   5  sky_w=0.83  f=2.11e-09 Hz  Mc=5.25e+10 Msun  h0=3.85e-15  SNR=0.435
  19. proxy_rank=  21  sky_w=1.10  f=2.50e-09 Hz  Mc=2.40e+10 Msun  h0=1.09e-15  SNR=0.420
  20. proxy_rank=  23  sky_w=1.00  f=2.89e-09 Hz  Mc=1.83e+10 Msun  h0=7.72e-16  SNR=0.419
  21. proxy_rank=  18  sky_w=0.65  f=2.02e-09 Hz  Mc=3.35e+10 Msun  h0=1.79e-15  SNR=0.404
  22. proxy_rank=  16  sky_w=0.98  f=2.14e-09 Hz  Mc=2.57e+10 Msun  h0=1.45e-15  SNR=0.374
  23. proxy_rank=  24  sky_w=1.41  f=3.56e-09 Hz  Mc=1.33e+10 Msun  h0=6.66e-16  SNR=0.362
  24. proxy_rank=  20  sky_w=0.72  f=2.12e-09 Hz  Mc=2.40e+10 Msun  h0=1.42e-15  SNR=0.321
  25. proxy_rank=  22  sky_w=0.82  f=2.30e-09 Hz  Mc=2.33e+10 Msun  h0=1.15e-15  SNR=0.321
  26. proxy_rank=  17  sky_w=1.42  f=2.38e-09 Hz  Mc=2.19e+10 Msun  h0=1.02e-15  SNR=0.268
  27. proxy_rank=  32  sky_w=0.52  f=2.98e-09 Hz  Mc=1.13e+10 Msun  h0=7.95e-16  SNR=0.257
  28. proxy_rank=  31  sky_w=1.58  f=3.21e-09 Hz  Mc=9.70e+09 Msun  h0=2.88e-16  SNR=0.249
  29. proxy_rank=  43  sky_w=0.50  f=4.07e-09 Hz  Mc=1.22e+10 Msun  h0=5.05e-16  SNR=0.236
  30. proxy_rank=  35  sky_w=1.22  f=4.12e-09 Hz  Mc=1.06e+10 Msun  h0=4.15e-16  SNR=0.223
  31. proxy_rank=  27  sky_w=1.52  f=3.26e-09 Hz  Mc=1.32e+10 Msun  h0=5.07e-16  SNR=0.169
  32. proxy_rank=  71  sky_w=0.95  f=9.33e-09 Hz  Mc=5.03e+09 Msun  h0=1.96e-16  SNR=0.156
  33. proxy_rank=  30  sky_w=1.18  f=2.23e-09 Hz  Mc=1.18e+10 Msun  h0=3.15e-16  SNR=0.155
  34. proxy_rank=  28  sky_w=0.81  f=2.16e-09 Hz  Mc=1.81e+10 Msun  h0=6.17e-16  SNR=0.141
  35. proxy_rank=  26  sky_w=0.66  f=2.44e-09 Hz  Mc=2.05e+10 Msun  h0=8.98e-16  SNR=0.137
  36. proxy_rank=  38  sky_w=0.67  f=2.88e-09 Hz  Mc=1.30e+10 Msun  h0=4.75e-16  SNR=0.130
  37. proxy_rank=  66  sky_w=0.71  f=5.31e-09 Hz  Mc=6.74e+09 Msun  h0=2.18e-16  SNR=0.127
  38. proxy_rank=  46  sky_w=1.46  f=3.27e-09 Hz  Mc=4.90e+09 Msun  h0=1.18e-16  SNR=0.114
  39. proxy_rank=  34  sky_w=0.95  f=2.59e-09 Hz  Mc=1.15e+10 Msun  h0=3.37e-16  SNR=0.100
  40. proxy_rank=  60  sky_w=1.24  f=3.76e-09 Hz  Mc=4.62e+09 Msun  h0=1.07e-16  SNR=0.100
  41. proxy_rank=  59  sky_w=1.45  f=3.79e-09 Hz  Mc=4.39e+09 Msun  h0=9.30e-17  SNR=0.092
  42. proxy_rank=  36  sky_w=0.55  f=1.99e-09 Hz  Mc=1.50e+10 Msun  h0=4.31e-16  SNR=0.087
  43. proxy_rank=  58  sky_w=1.05  f=3.00e-09 Hz  Mc=4.82e+09 Msun  h0=1.03e-16  SNR=0.075
  44. proxy_rank=  40  sky_w=1.37  f=2.40e-09 Hz  Mc=7.00e+09 Msun  h0=1.39e-16  SNR=0.074
  45. proxy_rank=  92  sky_w=1.41  f=9.86e-09 Hz  Mc=2.12e+09 Msun  h0=4.83e-17  SNR=0.072
  46. proxy_rank=  62  sky_w=0.80  f=3.45e-09 Hz  Mc=6.45e+09 Msun  h0=1.52e-16  SNR=0.070
  47. proxy_rank=  33  sky_w=0.88  f=1.99e-09 Hz  Mc=1.11e+10 Msun  h0=2.96e-16  SNR=0.070
  48. proxy_rank=  87  sky_w=1.24  f=6.35e-09 Hz  Mc=2.43e+09 Msun  h0=4.47e-17  SNR=0.070
  49. proxy_rank=  51  sky_w=0.65  f=2.66e-09 Hz  Mc=7.76e+09 Msun  h0=1.82e-16  SNR=0.063
  50. proxy_rank=  49  sky_w=1.59  f=2.64e-09 Hz  Mc=4.31e+09 Msun  h0=8.17e-17  SNR=0.062
💾 Saved: data/2026-04-29/optimistic_run_156/consistent_population_optimistic_targetSNR4.25_sims1.json
💾 Saved compressed pickle: data/2026-04-29/optimistic_run_156/consistent_population_optimistic_targetSNR4.25_sims1.pkl.gz
Saved to figures/cgw_analysis_optimistic.pdf

======================================================================
ANALYSIS COMPLETE
Results saved to: data/2026-04-29/optimistic_run_156
======================================================================

==========================================
Job finished at: Wed Apr 29 14:48:43 AEST 2026
Exit code: 0
==========================================

+------------------ Job Report: 11738796 (COMPLETED) ------------------+
| Memory (RAM)  [################### ] 98.6% (33.5 GB peak / 34 GB)    |
| CPU           [################    ] 80.8% average                   |
| Time          [--------------->    ] 78.0% (0-01:02:25 / 0-01:20:00) |
|                                                                      |
| Lustre Filesystem:                                                   |
|   Path    Total Read    Total Write    Total IOPS                    |
|   ------  ------------  -------------  ------------                  |
|   /apps   0 B           0 B            787                           |
|   /fred   196 KB        323.9 KB       122                           |
|   /home   5.4 MB        0 B            2.4 K                         |
|   OS      0 B           0 B            4                             |
+----------------------------------------------------------------------+
