==========================================
Job ID: 11736991
Job Name: smbhb_optimistic
Node: dave310
Start Time: Wed Apr 29 12:53:31 AEST 2026
==========================================

/home/bhoulden/.conda/envs/smbhb312/share/tempo2
Working directory: /fred/oz005/users/bhoulden/SMBHB_population_injections

Loaded modules:

Starting SMBHB analysis...
==========================================

📁 Save directory: data/2026-04-29/optimistic_run_105
📝 Run name: optimistic_run_105

[MEM] Start: 244.0 MB

📡 Loading pulsars...
======================================================================
LOADING NANOGRAV PULSARS (libstempo)
======================================================================

📦 Loading from cache: nanograv_pulsars_cache.pkl
⚠ Cache load failed: Ran out of input
[DEBUG] Found 76 .par files
[tempo2Util.C:396] Warning: [MISC1] Unknown parameter in par file:  DMDATA
[tempo2Util.C:401] Warning: [DUP1] duplicated warnings have been suppressed.

WARNING: Using tempo RNAMP parameter: setting TNRedC to 100!
[observatory.C:271] Warning: Assuming site 'arecibo' means 'ao'
✓ Loaded B1855+09 (7758 TOAs)

WARNING: Using tempo RNAMP parameter: setting TNRedC to 100!
✓ Loaded B1937+21 (23023 TOAs)

WARNING: Using tempo RNAMP parameter: setting TNRedC to 100!
✓ Loaded B1937+21ao (7241 TOAs)

WARNING: Using tempo RNAMP parameter: setting TNRedC to 100!
✓ Loaded B1937+21gbt (16048 TOAs)

WARNING: Using tempo RNAMP parameter: setting TNRedC to 100!
✓ Loaded B1953+29 (5126 TOAs)
✓ Loaded J0023+0923 (15896 TOAs)

WARNING: Using tempo RNAMP parameter: setting TNRedC to 100!
✓ Loaded J0030+0451 (19571 TOAs)
✓ Loaded J0340+4130 (11093 TOAs)
✓ Loaded J0406+3039 (2446 TOAs)

WARNING: Using tempo RNAMP parameter: setting TNRedC to 100!
✓ Loaded J0437-4715 (5830 TOAs)
✓ Loaded J0509+0856 (2169 TOAs)
✓ Loaded J0557+1551 (525 TOAs)
✓ Loaded J0605+3757 (554 TOAs)

WARNING: Using tempo RNAMP parameter: setting TNRedC to 100!
✓ Loaded J0610-2100 (4885 TOAs)

WARNING: Using tempo RNAMP parameter: setting TNRedC to 100!
✓ Loaded J0613-0200 (17124 TOAs)
✓ Loaded J0614-3329 (1714 TOAs)
✓ Loaded J0636+5128 (32222 TOAs)
✓ Loaded J0645+5158 (10403 TOAs)
✓ Loaded J0709+0458 (3030 TOAs)
✓ Loaded J0740+6620 (13401 TOAs)
✓ Loaded J0931-1902 (5473 TOAs)

WARNING: Using tempo RNAMP parameter: setting TNRedC to 100!
✓ Loaded J1012+5307 (25837 TOAs)
✓ Loaded J1012-4235 (797 TOAs)
✓ Loaded J1022+1001 (3978 TOAs)
✓ Loaded J1024-0719 (12635 TOAs)
✓ Loaded J1125+7819 (8723 TOAs)
✓ Loaded J1312+0051 (1705 TOAs)
✓ Loaded J1453+1902 (2551 TOAs)
✓ Loaded J1455-3330 (10818 TOAs)

WARNING: Using tempo RNAMP parameter: setting TNRedC to 100!
✓ Loaded J1600-3053 (22955 TOAs)

WARNING: Using tempo RNAMP parameter: setting TNRedC to 100!
✓ Loaded J1600-3053gbt (19725 TOAs)

WARNING: Using tempo RNAMP parameter: setting TNRedC to 100!
✓ Loaded J1614-2230 (18445 TOAs)
✓ Loaded J1630+3734 (1815 TOAs)
✓ Loaded J1640+2224 (14066 TOAs)

WARNING: Using tempo RNAMP parameter: setting TNRedC to 100!
✓ Loaded J1643-1224 (22144 TOAs)

WARNING: Using tempo RNAMP parameter: setting TNRedC to 100!
✓ Loaded J1643-1224gbt (17932 TOAs)

WARNING: Using tempo RNAMP parameter: setting TNRedC to 100!
✓ Loaded J1705-1903 (9871 TOAs)

WARNING: Using tempo RNAMP parameter: setting TNRedC to 100!
✓ Loaded J1713+0747 (59389 TOAs)

WARNING: Using tempo RNAMP parameter: setting TNRedC to 100!
✓ Loaded J1713+0747ao (21362 TOAs)

WARNING: Using tempo RNAMP parameter: setting TNRedC to 100!
✓ Loaded J1713+0747gbt (32963 TOAs)
✓ Loaded J1719-1438 (6356 TOAs)
✓ Loaded J1730-2304 (4870 TOAs)
✓ Loaded J1738+0333 (8790 TOAs)
✓ Loaded J1741+1351 (5582 TOAs)

WARNING: Using tempo RNAMP parameter: setting TNRedC to 100!
✓ Loaded J1744-1134 (17745 TOAs)

WARNING: Using tempo RNAMP parameter: setting TNRedC to 100!
✓ Loaded J1745+1017 (3017 TOAs)

WARNING: Using tempo RNAMP parameter: setting TNRedC to 100!
✓ Loaded J1747-4036 (11055 TOAs)
✓ Loaded J1751-2857 (2025 TOAs)

WARNING: Using tempo RNAMP parameter: setting TNRedC to 100!
✓ Loaded J1802-2124 (6796 TOAs)
✓ Loaded J1811-2405 (5266 TOAs)
✓ Loaded J1832-0836 (7739 TOAs)
✓ Loaded J1843-1113 (4595 TOAs)

WARNING: Using tempo RNAMP parameter: setting TNRedC to 100!
✓ Loaded J1853+1303 (4570 TOAs)

WARNING: Using tempo RNAMP parameter: setting TNRedC to 100!
✓ Loaded J1903+0327 (6856 TOAs)

WARNING: Using tempo RNAMP parameter: setting TNRedC to 100!
✓ Loaded J1903+0327ao (6423 TOAs)

WARNING: Using tempo RNAMP parameter: setting TNRedC to 100!
✓ Loaded J1909-3744 (35037 TOAs)

WARNING: Using tempo RNAMP parameter: setting TNRedC to 100!
✓ Loaded J1909-3744gbt (31526 TOAs)
✓ Loaded J1910+1256 (6486 TOAs)
✓ Loaded J1911+1347 (3786 TOAs)
✓ Loaded J1918-0642 (18875 TOAs)
✓ Loaded J1923+2515 (3974 TOAs)
✓ Loaded J1944+0907 (5328 TOAs)

WARNING: Using tempo RNAMP parameter: setting TNRedC to 100!
✓ Loaded J1946+3417 (4743 TOAs)
✓ Loaded J2010-1323 (17077 TOAs)
✓ Loaded J2017+0603 (3512 TOAs)
✓ Loaded J2033+1734 (3847 TOAs)
✓ Loaded J2043+1711 (7397 TOAs)
✓ Loaded J2124-3358 (4982 TOAs)

WARNING: Using tempo RNAMP parameter: setting TNRedC to 100!
✓ Loaded J2145-0750 (18675 TOAs)
✓ Loaded J2214+3000 (7406 TOAs)
✓ Loaded J2229+2643 (3711 TOAs)

WARNING: Using tempo RNAMP parameter: setting TNRedC to 100!
✓ Loaded J2234+0611 (3566 TOAs)
✓ Loaded J2234+0944 (7535 TOAs)
✓ Loaded J2302+4442 (10211 TOAs)
✓ Loaded J2317+1439 (13927 TOAs)
✓ Loaded J2322+2057 (3088 TOAs)
⚠ Could not save cache: no default __reduce__ due to non-trivial __cinit__

✓ Loaded 76 pulsars
✗ Failed: 0 — []
[MEM] After loading pulsars: 8858.7 MB

🔍 Filtering pulsars...

Filtered: 76 → 67 pulsars
[MEM] After filtering pulsars: 8861.1 MB
[MEM] After garbage collection: 8861.3 MB

======================================================================
SMBHB POPULATION ANALYSIS
======================================================================

Configuration: optimistic
  Larger mass, higher spread in distance, small population
  N_binaries: 500

======================================================================
CONSISTENT POPULATION SYNTHESIS
======================================================================

======================================================================
GENERATING SNR-CONSISTENT POPULATIONS
======================================================================
Target SNR:          4.0
Simulations:         1
======================================================================


──────────────────────────────────────────────────────────────────────
SIMULATION 1/1
──────────────────────────────────────────────────────────────────────
  [B1855+09] zeroing residuals...
  [B1855+09] adding red noise...
  [B1855+09] white noise for L-wide_PUPPI (5005 TOAs)...
  [B1855+09] white noise for 430_ASP (390 TOAs)...
  [B1855+09] white noise for L-wide_ASP (1178 TOAs)...
  [B1855+09] white noise for 430_PUPPI (1185 TOAs)...
  [B1937+21] zeroing residuals...
  [B1937+21] adding red noise...
  [B1937+21] white noise for L-wide_ASP (452 TOAs)...
  [B1937+21] white noise for S-wide_ASP (344 TOAs)...
  [B1937+21] white noise for L-wide_PUPPI (4133 TOAs)...
  [B1937+21] white noise for S-wide_PUPPI (2251 TOAs)...
  [B1937+21] white noise for Rcvr1_2_GUPPI (7048 TOAs)...
  [B1937+21] white noise for Rcvr1_2_GASP (1069 TOAs)...
  [B1937+21] white noise for Rcvr_800_GUPPI (7140 TOAs)...
  [B1937+21] white noise for Rcvr_800_GASP (586 TOAs)...
  [B1953+29] zeroing residuals...
  [B1953+29] adding red noise...
  [B1953+29] white noise for L-wide_ASP (94 TOAs)...
  [B1953+29] white noise for S-wide_ASP (25 TOAs)...
  [B1953+29] white noise for L-wide_PUPPI (4037 TOAs)...
  [B1953+29] white noise for 430_PUPPI (941 TOAs)...
  [B1953+29] white noise for 430_ASP (29 TOAs)...
  [J0023+0923] zeroing residuals...
  [J0023+0923] adding red noise...
  [J0023+0923] white noise for L-wide_PUPPI (11123 TOAs)...
  [J0023+0923] white noise for 430_ASP (90 TOAs)...
  [J0023+0923] white noise for L-wide_ASP (119 TOAs)...
  [J0023+0923] white noise for 430_PUPPI (4564 TOAs)...
  [J0030+0451] zeroing residuals...
  [J0030+0451] adding red noise...
  [J0030+0451] white noise for L-wide_ASP (789 TOAs)...
  [J0030+0451] white noise for L-wide_PUPPI (12774 TOAs)...
  [J0030+0451] white noise for S-wide_PUPPI (2673 TOAs)...
  [J0030+0451] white noise for 430_PUPPI (3068 TOAs)...
  [J0030+0451] white noise for 430_ASP (267 TOAs)...
  [J0340+4130] zeroing residuals...
  [J0340+4130] adding red noise...
  [J0340+4130] white noise for Rcvr_800_GUPPI (6056 TOAs)...
  [J0340+4130] white noise for Rcvr1_2_GUPPI (5037 TOAs)...
  [J0406+3039] zeroing residuals...
  [J0406+3039] adding red noise...
  [J0406+3039] white noise for L-wide_PUPPI (1871 TOAs)...
  [J0406+3039] white noise for S-wide_PUPPI (575 TOAs)...
  [J0437-4715] zeroing residuals...
  [J0437-4715] adding red noise...
  [J0437-4715] white noise for 3GHz_YUPPI (3696 TOAs)...
  [J0437-4715] white noise for 1.5GHz_YUPPI (2134 TOAs)...
  [J0509+0856] zeroing residuals...
  [J0509+0856] adding red noise...
  [J0509+0856] white noise for L-wide_PUPPI (1625 TOAs)...
  [J0509+0856] white noise for S-wide_PUPPI (544 TOAs)...
  [J0557+1551] zeroing residuals...
  [J0557+1551] adding red noise...
  [J0557+1551] white noise for L-wide_PUPPI (467 TOAs)...
  [J0557+1551] white noise for S-wide_PUPPI (58 TOAs)...
  [J0605+3757] zeroing residuals...
  [J0605+3757] adding red noise...
  [J0605+3757] white noise for Rcvr_800_GUPPI (236 TOAs)...
  [J0605+3757] white noise for Rcvr1_2_GUPPI (318 TOAs)...
  [J0610-2100] zeroing residuals...
  [J0610-2100] adding red noise...
  [J0610-2100] white noise for Rcvr_800_GUPPI (2484 TOAs)...
  [J0610-2100] white noise for Rcvr1_2_GUPPI (2401 TOAs)...
  [J0613-0200] zeroing residuals...
  [J0613-0200] adding red noise...
  [J0613-0200] white noise for Rcvr_800_GUPPI (7900 TOAs)...
  [J0613-0200] white noise for Rcvr1_2_GUPPI (7423 TOAs)...
  [J0613-0200] white noise for Rcvr1_2_GASP (992 TOAs)...
  [J0613-0200] white noise for Rcvr_800_GASP (809 TOAs)...
  [J0636+5128] zeroing residuals...
  [J0636+5128] adding red noise...
  [J0636+5128] white noise for Rcvr_800_GUPPI (17419 TOAs)...
  [J0636+5128] white noise for Rcvr1_2_GUPPI (14803 TOAs)...
  [J0645+5158] zeroing residuals...
  [J0645+5158] adding red noise...
  [J0645+5158] white noise for Rcvr_800_GUPPI (4682 TOAs)...
  [J0645+5158] white noise for Rcvr1_2_GUPPI (5721 TOAs)...
  [J0709+0458] zeroing residuals...
  [J0709+0458] adding red noise...
  [J0709+0458] white noise for L-wide_PUPPI (2435 TOAs)...
  [J0709+0458] white noise for S-wide_PUPPI (595 TOAs)...
  [J0740+6620] zeroing residuals...
  [J0740+6620] adding red noise...
  [J0740+6620] white noise for Rcvr_800_GUPPI (5136 TOAs)...
  [J0740+6620] white noise for Rcvr1_2_GUPPI (8265 TOAs)...
  [J0931-1902] zeroing residuals...
  [J0931-1902] adding red noise...
  [J0931-1902] white noise for Rcvr_800_GUPPI (3419 TOAs)...
  [J0931-1902] white noise for Rcvr1_2_GUPPI (2054 TOAs)...
  [J1012+5307] zeroing residuals...
  [J1012+5307] adding red noise...
  [J1012+5307] white noise for Rcvr_800_GUPPI (10299 TOAs)...
  [J1012+5307] white noise for Rcvr1_2_GUPPI (12849 TOAs)...
  [J1012+5307] white noise for Rcvr1_2_GASP (1479 TOAs)...
  [J1012+5307] white noise for Rcvr_800_GASP (1210 TOAs)...
  [J1012-4235] zeroing residuals...
  [J1012-4235] adding red noise...
  [J1012-4235] white noise for Rcvr_800_GUPPI (342 TOAs)...
  [J1012-4235] white noise for Rcvr1_2_GUPPI (455 TOAs)...
  [J1022+1001] zeroing residuals...
  [J1022+1001] adding red noise...
  [J1022+1001] white noise for L-wide_PUPPI (2592 TOAs)...
  [J1022+1001] white noise for S-wide_PUPPI (1154 TOAs)...
  [J1022+1001] white noise for 430_PUPPI (232 TOAs)...
  [J1024-0719] zeroing residuals...
  [J1024-0719] adding red noise...
  [J1024-0719] white noise for Rcvr_800_GUPPI (5455 TOAs)...
  [J1024-0719] white noise for Rcvr1_2_GUPPI (7086 TOAs)...
  [J1024-0719] white noise for Rcvr1_2_GASP (43 TOAs)...
  [J1024-0719] white noise for Rcvr_800_GASP (51 TOAs)...
  [J1125+7819] zeroing residuals...
  [J1125+7819] adding red noise...
  [J1125+7819] white noise for Rcvr_800_GUPPI (4707 TOAs)...
  [J1125+7819] white noise for Rcvr1_2_GUPPI (4016 TOAs)...
  [J1312+0051] zeroing residuals...
  [J1312+0051] adding red noise...
  [J1312+0051] white noise for L-wide_PUPPI (1289 TOAs)...
  [J1312+0051] white noise for S-wide_PUPPI (416 TOAs)...
  [J1453+1902] zeroing residuals...
  [J1453+1902] adding red noise...
  [J1453+1902] white noise for L-wide_PUPPI (2122 TOAs)...
  [J1453+1902] white noise for S-wide_PUPPI (4 TOAs)...
  [J1453+1902] white noise for 430_PUPPI (425 TOAs)...
  [J1455-3330] zeroing residuals...
  [J1455-3330] adding red noise...
  [J1455-3330] white noise for Rcvr_800_GUPPI (4843 TOAs)...
  [J1455-3330] white noise for Rcvr1_2_GUPPI (4932 TOAs)...
  [J1455-3330] white noise for Rcvr1_2_GASP (564 TOAs)...
  [J1455-3330] white noise for Rcvr_800_GASP (479 TOAs)...
  [J1600-3053] zeroing residuals...
  [J1600-3053] adding red noise...
  [J1600-3053] white noise for 3GHz_YUPPI (3237 TOAs)...
  [J1600-3053] white noise for Rcvr1_2_GUPPI (10168 TOAs)...
  [J1600-3053] white noise for Rcvr1_2_GASP (457 TOAs)...
  [J1600-3053] white noise for Rcvr_800_GUPPI (8796 TOAs)...
  [J1600-3053] white noise for Rcvr_800_GASP (297 TOAs)...
  [J1614-2230] zeroing residuals...
  [J1614-2230] adding red noise...
  [J1614-2230] white noise for Rcvr_800_GUPPI (7768 TOAs)...
  [J1614-2230] white noise for Rcvr1_2_GUPPI (10509 TOAs)...
  [J1614-2230] white noise for Rcvr1_2_GASP (84 TOAs)...
  [J1614-2230] white noise for Rcvr_800_GASP (84 TOAs)...
  [J1630+3734] zeroing residuals...
  [J1630+3734] adding red noise...
  [J1630+3734] white noise for Rcvr_800_GUPPI (906 TOAs)...
  [J1630+3734] white noise for Rcvr1_2_GUPPI (909 TOAs)...
  [J1640+2224] zeroing residuals...
  [J1640+2224] adding red noise...
  [J1640+2224] white noise for L-wide_PUPPI (9847 TOAs)...
  [J1640+2224] white noise for 430_ASP (340 TOAs)...
  [J1640+2224] white noise for L-wide_ASP (722 TOAs)...
  [J1640+2224] white noise for 430_PUPPI (3157 TOAs)...
  [J1643-1224] zeroing residuals...
  [J1643-1224] adding red noise...
  [J1643-1224] white noise for 3GHz_YUPPI (4215 TOAs)...
  [J1643-1224] white noise for Rcvr1_2_GUPPI (8803 TOAs)...
  [J1643-1224] white noise for Rcvr1_2_GASP (833 TOAs)...
  [J1643-1224] white noise for Rcvr_800_GUPPI (7734 TOAs)...
  [J1643-1224] white noise for Rcvr_800_GASP (559 TOAs)...
  [J1705-1903] zeroing residuals...
  [J1705-1903] adding red noise...
  [J1705-1903] white noise for Rcvr_800_GUPPI (3521 TOAs)...
  [J1705-1903] white noise for Rcvr1_2_GUPPI (6350 TOAs)...
  [J1713+0747] zeroing residuals...
  [J1713+0747] adding red noise...
  [J1713+0747] white noise for L-wide_ASP (843 TOAs)...
  [J1713+0747] white noise for S-wide_ASP (624 TOAs)...
  [J1713+0747] white noise for L-wide_PUPPI (12743 TOAs)...
  [J1713+0747] white noise for 1.5GHz_YUPPI (1461 TOAs)...
  [J1713+0747] white noise for 3GHz_YUPPI (3282 TOAs)...
  [J1713+0747] white noise for S-wide_PUPPI (7482 TOAs)...
  [J1713+0747] white noise for Rcvr1_2_GUPPI (22334 TOAs)...
  [J1713+0747] white noise for Rcvr1_2_GASP (1109 TOAs)...
  [J1713+0747] white noise for Rcvr_800_GUPPI (8479 TOAs)...
  [J1713+0747] white noise for Rcvr_800_GASP (1032 TOAs)...
  [J1719-1438] zeroing residuals...
  [J1719-1438] adding red noise...
  [J1719-1438] white noise for Rcvr_800_GUPPI (3634 TOAs)...
  [J1719-1438] white noise for Rcvr1_2_GUPPI (2722 TOAs)...
  [J1730-2304] zeroing residuals...
  [J1730-2304] adding red noise...
  [J1730-2304] white noise for Rcvr_800_GUPPI (2503 TOAs)...
  [J1730-2304] white noise for Rcvr1_2_GUPPI (2367 TOAs)...
  [J1738+0333] zeroing residuals...
  [J1738+0333] adding red noise...
  [J1738+0333] white noise for L-wide_PUPPI (6718 TOAs)...
  [J1738+0333] white noise for S-wide_PUPPI (1737 TOAs)...
  [J1738+0333] white noise for L-wide_ASP (201 TOAs)...
  [J1738+0333] white noise for S-wide_ASP (134 TOAs)...
  [J1741+1351] zeroing residuals...
  [J1741+1351] adding red noise...
  [J1741+1351] white noise for L-wide_ASP (236 TOAs)...
  [J1741+1351] white noise for S-wide_ASP (115 TOAs)...
  [J1741+1351] white noise for L-wide_PUPPI (4045 TOAs)...
  [J1741+1351] white noise for 430_PUPPI (1159 TOAs)...
  [J1741+1351] white noise for 430_ASP (27 TOAs)...
  [J1744-1134] zeroing residuals...
  [J1744-1134] adding red noise...
  [J1744-1134] white noise for Rcvr_800_GUPPI (7899 TOAs)...
  [J1744-1134] white noise for Rcvr1_2_GUPPI (8109 TOAs)...
  [J1744-1134] white noise for Rcvr1_2_GASP (807 TOAs)...
  [J1744-1134] white noise for Rcvr_800_GASP (930 TOAs)...
  [J1745+1017] zeroing residuals...
  [J1745+1017] adding red noise...
  [J1745+1017] white noise for L-wide_PUPPI (2179 TOAs)...
  [J1745+1017] white noise for S-wide_PUPPI (838 TOAs)...
  [J1747-4036] zeroing residuals...
  [J1747-4036] adding red noise...
  [J1747-4036] white noise for Rcvr_800_GUPPI (5816 TOAs)...
  [J1747-4036] white noise for Rcvr1_2_GUPPI (5239 TOAs)...
  [J1751-2857] zeroing residuals...
  [J1751-2857] adding red noise...
  [J1751-2857] white noise for Rcvr_800_GUPPI (239 TOAs)...
  [J1751-2857] white noise for Rcvr1_2_GUPPI (1786 TOAs)...
  [J1802-2124] zeroing residuals...
  [J1802-2124] adding red noise...
  [J1802-2124] white noise for Rcvr_800_GUPPI (3565 TOAs)...
  [J1802-2124] white noise for Rcvr1_2_GUPPI (3231 TOAs)...
  [J1811-2405] zeroing residuals...
  [J1811-2405] adding red noise...
  [J1811-2405] white noise for Rcvr_800_GUPPI (2628 TOAs)...
  [J1811-2405] white noise for Rcvr1_2_GUPPI (2638 TOAs)...
  [J1832-0836] zeroing residuals...
  [J1832-0836] adding red noise...
  [J1832-0836] white noise for Rcvr_800_GUPPI (3078 TOAs)...
  [J1832-0836] white noise for Rcvr1_2_GUPPI (4661 TOAs)...
  [J1843-1113] zeroing residuals...
  [J1843-1113] adding red noise...
  [J1843-1113] white noise for Rcvr_800_GUPPI (2201 TOAs)...
  [J1843-1113] white noise for Rcvr1_2_GUPPI (2394 TOAs)...
  [J1853+1303] zeroing residuals...
  [J1853+1303] adding red noise...
  [J1853+1303] white noise for L-wide_PUPPI (3362 TOAs)...
  [J1853+1303] white noise for 430_ASP (24 TOAs)...
  [J1853+1303] white noise for L-wide_ASP (33 TOAs)...
  [J1853+1303] white noise for 430_PUPPI (1151 TOAs)...
  [J1903+0327] zeroing residuals...
  [J1903+0327] adding red noise...
  [J1903+0327] white noise for L-wide_ASP (139 TOAs)...
  [J1903+0327] white noise for S-wide_ASP (151 TOAs)...
  [J1903+0327] white noise for L-wide_PUPPI (3845 TOAs)...
  [J1903+0327] white noise for 3GHz_YUPPI (439 TOAs)...
  [J1903+0327] white noise for S-wide_PUPPI (2282 TOAs)...
  [J1909-3744] zeroing residuals...
  [J1909-3744] adding red noise...
  [J1909-3744] white noise for 3GHz_YUPPI (3525 TOAs)...
  [J1909-3744] white noise for Rcvr1_2_GUPPI (20439 TOAs)...
  [J1909-3744] white noise for Rcvr1_2_GASP (808 TOAs)...
  [J1909-3744] white noise for Rcvr_800_GUPPI (9399 TOAs)...
  [J1909-3744] white noise for Rcvr_800_GASP (866 TOAs)...
  [J1910+1256] zeroing residuals...
  [J1910+1256] adding red noise...
  [J1910+1256] white noise for L-wide_PUPPI (4124 TOAs)...
  [J1910+1256] white noise for S-wide_PUPPI (1857 TOAs)...
  [J1910+1256] white noise for L-wide_ASP (297 TOAs)...
  [J1910+1256] white noise for S-wide_ASP (208 TOAs)...
  [J1911+1347] zeroing residuals...
  [J1911+1347] adding red noise...
  [J1911+1347] white noise for L-wide_PUPPI (3033 TOAs)...
  [J1911+1347] white noise for 430_PUPPI (753 TOAs)...
  [J1918-0642] zeroing residuals...
  [J1918-0642] adding red noise...
  [J1918-0642] white noise for Rcvr_800_GUPPI (8352 TOAs)...
  [J1918-0642] white noise for Rcvr1_2_GUPPI (8910 TOAs)...
  [J1918-0642] white noise for Rcvr1_2_GASP (778 TOAs)...
  [J1918-0642] white noise for Rcvr_800_GASP (835 TOAs)...
  [J1923+2515] zeroing residuals...
  [J1923+2515] adding red noise...
  [J1923+2515] white noise for L-wide_PUPPI (3028 TOAs)...
  [J1923+2515] white noise for 430_ASP (10 TOAs)...
  [J1923+2515] white noise for L-wide_ASP (14 TOAs)...
  [J1923+2515] white noise for 430_PUPPI (922 TOAs)...
  [J1944+0907] zeroing residuals...
  [J1944+0907] adding red noise...
  [J1944+0907] white noise for L-wide_ASP (257 TOAs)...
  [J1944+0907] white noise for S-wide_ASP (116 TOAs)...
  [J1944+0907] white noise for L-wide_PUPPI (3900 TOAs)...
  [J1944+0907] white noise for 430_PUPPI (1017 TOAs)...
  [J1944+0907] white noise for 430_ASP (38 TOAs)...
  [J1946+3417] zeroing residuals...
  [J1946+3417] adding red noise...
  [J1946+3417] white noise for L-wide_PUPPI (3197 TOAs)...
  [J1946+3417] white noise for S-wide_PUPPI (1546 TOAs)...
  [J2010-1323] zeroing residuals...
  [J2010-1323] adding red noise...
  [J2010-1323] white noise for Rcvr_800_GUPPI (9158 TOAs)...
  [J2010-1323] white noise for Rcvr1_2_GUPPI (7779 TOAs)...
  [J2010-1323] white noise for Rcvr1_2_GASP (70 TOAs)...
  [J2010-1323] white noise for Rcvr_800_GASP (70 TOAs)...
  [J2017+0603] zeroing residuals...
  [J2017+0603] adding red noise...
  [J2017+0603] white noise for L-wide_PUPPI (2569 TOAs)...
  [J2017+0603] white noise for S-wide_PUPPI (849 TOAs)...
  [J2017+0603] white noise for L-wide_ASP (16 TOAs)...
  [J2017+0603] white noise for 430_PUPPI (78 TOAs)...
  [J2033+1734] zeroing residuals...
  [J2033+1734] adding red noise...
  [J2033+1734] white noise for L-wide_PUPPI (3050 TOAs)...
  [J2033+1734] white noise for 430_PUPPI (797 TOAs)...
  [J2043+1711] zeroing residuals...
  [J2043+1711] adding red noise...
  [J2043+1711] white noise for L-wide_PUPPI (4419 TOAs)...
  [J2043+1711] white noise for 430_ASP (30 TOAs)...
  [J2043+1711] white noise for L-wide_ASP (40 TOAs)...
  [J2043+1711] white noise for 430_PUPPI (2908 TOAs)...
  [J2124-3358] zeroing residuals...
  [J2124-3358] adding red noise...
  [J2124-3358] white noise for Rcvr_800_GUPPI (2025 TOAs)...
  [J2124-3358] white noise for Rcvr1_2_GUPPI (2957 TOAs)...
  [J2145-0750] zeroing residuals...
  [J2145-0750] adding red noise...
  [J2145-0750] white noise for Rcvr_800_GUPPI (8728 TOAs)...
  [J2145-0750] white noise for Rcvr1_2_GUPPI (9158 TOAs)...
  [J2145-0750] white noise for Rcvr1_2_GASP (427 TOAs)...
  [J2145-0750] white noise for Rcvr_800_GASP (362 TOAs)...
  [J2214+3000] zeroing residuals...
  [J2214+3000] adding red noise...
  [J2214+3000] white noise for L-wide_PUPPI (5829 TOAs)...
  [J2214+3000] white noise for S-wide_PUPPI (1568 TOAs)...
  [J2214+3000] white noise for L-wide_ASP (9 TOAs)...
  [J2229+2643] zeroing residuals...
  [J2229+2643] adding red noise...
  [J2229+2643] white noise for L-wide_PUPPI (2755 TOAs)...
  [J2229+2643] white noise for 430_PUPPI (956 TOAs)...
  [J2234+0611] zeroing residuals...
  [J2234+0611] adding red noise...
  [J2234+0611] white noise for L-wide_PUPPI (2913 TOAs)...
  [J2234+0611] white noise for 430_PUPPI (653 TOAs)...
  [J2234+0944] zeroing residuals...
  [J2234+0944] adding red noise...
  [J2234+0944] white noise for L-wide_PUPPI (5003 TOAs)...
  [J2234+0944] white noise for S-wide_PUPPI (2532 TOAs)...
  [J2302+4442] zeroing residuals...
  [J2302+4442] adding red noise...
  [J2302+4442] white noise for Rcvr_800_GUPPI (6432 TOAs)...
  [J2302+4442] white noise for Rcvr1_2_GUPPI (3779 TOAs)...
  [J2317+1439] zeroing residuals...
  [J2317+1439] adding red noise...
  [J2317+1439] white noise for L-wide_PUPPI (9563 TOAs)...
  [J2317+1439] white noise for 327_ASP (413 TOAs)...
  [J2317+1439] white noise for 327_PUPPI (276 TOAs)...
  [J2317+1439] white noise for 430_PUPPI (3217 TOAs)...
  [J2317+1439] white noise for 430_ASP (458 TOAs)...
  [J2322+2057] zeroing residuals...
  [J2322+2057] adding red noise...
  [J2322+2057] white noise for L-wide_PUPPI (2196 TOAs)...
  [J2322+2057] white noise for S-wide_PUPPI (140 TOAs)...
  [J2322+2057] white noise for 430_PUPPI (752 TOAs)...
Resetting pulsars to clean stoas...
Restore: 0.00 s
Inject: 0.00 s
Snapshotting into enterprise Pulsar objects...
Building PTA...
PTA build: 450.72 s
Computing optimal statistic...
OS time: 76.31 s
Total: 527.03 s
Noise-only SNR baseline: -0.7656

Generating SNR-consistent population...
Target SNR: 4.0
Resetting pulsars to clean stoas...
Restore: 0.96 s
Injecting population...
  B1855+09: RMS = 5209.926 ns
  B1937+21: RMS = 7727.655 ns
  B1953+29: RMS = 6712.196 ns
  J0023+0923: RMS = 8592.252 ns
  J0030+0451: RMS = 6151.263 ns
  J0340+4130: RMS = 5450.839 ns
  J0406+3039: RMS = 3286.649 ns
  J0437-4715: RMS = 3353.617 ns
  J0509+0856: RMS = 8275.171 ns
  J0557+1551: RMS = 3383.266 ns
  J0605+3757: RMS = 1068.730 ns
  J0610-2100: RMS = 6319.738 ns
  J0613-0200: RMS = 11750.801 ns
  J0636+5128: RMS = 4804.474 ns
  J0645+5158: RMS = 5689.417 ns
  J0709+0458: RMS = 10039.885 ns
  J0740+6620: RMS = 3223.054 ns
  J0931-1902: RMS = 4495.675 ns
  J1012+5307: RMS = 5542.307 ns
  J1012-4235: RMS = 1137.101 ns
  J1022+1001: RMS = 6480.848 ns
  J1024-0719: RMS = 5663.922 ns
  J1125+7819: RMS = 2979.990 ns
  J1312+0051: RMS = 3574.256 ns
  J1453+1902: RMS = 2133.764 ns
  J1455-3330: RMS = 3966.600 ns
  J1600-3053: RMS = 3214.907 ns
  J1614-2230: RMS = 4578.924 ns
  J1630+3734: RMS = 1794.172 ns
  J1640+2224: RMS = 5048.439 ns
  J1643-1224: RMS = 3340.672 ns
  J1705-1903: RMS = 576.366 ns
  J1713+0747: RMS = 4290.590 ns
  J1719-1438: RMS = 1455.782 ns
  J1730-2304: RMS = 909.034 ns
  J1738+0333: RMS = 2268.528 ns
  J1741+1351: RMS = 3578.260 ns
  J1744-1134: RMS = 3778.303 ns
  J1745+1017: RMS = 4394.007 ns
  J1747-4036: RMS = 1914.710 ns
  J1751-2857: RMS = 1161.791 ns
  J1802-2124: RMS = 1468.750 ns
  J1811-2405: RMS = 1453.517 ns
  J1832-0836: RMS = 4647.514 ns
  J1843-1113: RMS = 2890.896 ns
  J1853+1303: RMS = 4865.972 ns
  J1903+0327: RMS = 5847.270 ns
  J1909-3744: RMS = 5254.756 ns
  J1910+1256: RMS = 7415.677 ns
  J1911+1347: RMS = 3523.351 ns
  J1918-0642: RMS = 3899.582 ns
  J1923+2515: RMS = 7432.120 ns
  J1944+0907: RMS = 6372.395 ns
  J1946+3417: RMS = 4391.217 ns
  J2010-1323: RMS = 3989.640 ns
  J2017+0603: RMS = 4334.411 ns
  J2033+1734: RMS = 3749.856 ns
  J2043+1711: RMS = 5196.715 ns
  J2124-3358: RMS = 1942.456 ns
  J2145-0750: RMS = 5716.613 ns
  J2214+3000: RMS = 4482.492 ns
  J2229+2643: RMS = 2411.662 ns
  J2234+0611: RMS = 7764.524 ns
  J2234+0944: RMS = 6643.975 ns
  J2302+4442: RMS = 2319.477 ns
  J2317+1439: RMS = 6856.192 ns
  J2322+2057: RMS = 3863.114 ns
Inject: 0.52 s
Snapshotting into enterprise Pulsar objects...
Building PTA...
PTA build: 447.42 s
Computing optimal statistic...
OS time: 66.27 s
Total: 515.16 s
Initial SNR: -52.0596, Target SNR: 4.0000
  ✗ Initial SNR -52.0596 is non-positive, cannot scale distances.
✗ Simulation 1, trial 1 FAILED, retrying...

Generating SNR-consistent population...
Target SNR: 4.0
Resetting pulsars to clean stoas...
Restore: 0.01 s
Injecting population...
  B1855+09: RMS = 2787.033 ns
  B1937+21: RMS = 3492.853 ns
  B1953+29: RMS = 3088.994 ns
  J0023+0923: RMS = 4226.820 ns
  J0030+0451: RMS = 2461.523 ns
  J0340+4130: RMS = 5999.262 ns
  J0406+3039: RMS = 2622.774 ns
  J0437-4715: RMS = 2263.721 ns
  J0509+0856: RMS = 1731.929 ns
  J0557+1551: RMS = 895.899 ns
  J0605+3757: RMS = 1767.628 ns
  J0610-2100: RMS = 688.491 ns
  J0613-0200: RMS = 3763.588 ns
  J0636+5128: RMS = 1961.244 ns
  J0645+5158: RMS = 2807.155 ns
  J0709+0458: RMS = 1744.036 ns
  J0740+6620: RMS = 2641.130 ns
  J0931-1902: RMS = 3765.079 ns
  J1012+5307: RMS = 2918.057 ns
  J1012-4235: RMS = 3726.083 ns
  J1022+1001: RMS = 1020.646 ns
  J1024-0719: RMS = 4556.225 ns
  J1125+7819: RMS = 1728.537 ns
  J1312+0051: RMS = 5802.235 ns
  J1453+1902: RMS = 3352.757 ns
  J1455-3330: RMS = 4557.878 ns
  J1600-3053: RMS = 4903.182 ns
  J1614-2230: RMS = 3809.856 ns
  J1630+3734: RMS = 708.138 ns
  J1640+2224: RMS = 1879.329 ns
  J1643-1224: RMS = 4432.170 ns
  J1705-1903: RMS = 2887.034 ns
  J1713+0747: RMS = 3736.639 ns
  J1719-1438: RMS = 3320.201 ns
  J1730-2304: RMS = 1999.847 ns
  J1738+0333: RMS = 4462.952 ns
  J1741+1351: RMS = 3379.490 ns
  J1744-1134: RMS = 5331.028 ns
  J1745+1017: RMS = 2360.911 ns
  J1747-4036: RMS = 1746.961 ns
  J1751-2857: RMS = 1670.329 ns
  J1802-2124: RMS = 2243.173 ns
  J1811-2405: RMS = 1432.999 ns
  J1832-0836: RMS = 4723.565 ns
  J1843-1113: RMS = 1801.232 ns
  J1853+1303: RMS = 2624.130 ns
  J1903+0327: RMS = 2321.541 ns
  J1909-3744: RMS = 1864.943 ns
  J1910+1256: RMS = 2215.182 ns
  J1911+1347: RMS = 1439.896 ns
  J1918-0642: RMS = 2738.872 ns
  J1923+2515: RMS = 2987.462 ns
  J1944+0907: RMS = 1810.690 ns
  J1946+3417: RMS = 3759.522 ns
  J2010-1323: RMS = 932.969 ns
  J2017+0603: RMS = 1527.592 ns
  J2033+1734: RMS = 2532.426 ns
  J2043+1711: RMS = 2568.038 ns
  J2124-3358: RMS = 1114.009 ns
  J2145-0750: RMS = 3981.424 ns
  J2214+3000: RMS = 3090.084 ns
  J2229+2643: RMS = 2167.809 ns
  J2234+0611: RMS = 3804.961 ns
  J2234+0944: RMS = 4548.260 ns
  J2302+4442: RMS = 4531.568 ns
  J2317+1439: RMS = 3225.722 ns
  J2322+2057: RMS = 2032.868 ns
Inject: 0.66 s
Snapshotting into enterprise Pulsar objects...
Building PTA...
PTA build: 455.95 s
Computing optimal statistic...
OS time: 135.75 s
Total: 592.36 s
Initial SNR: -8.1605, Target SNR: 4.0000
  ✗ Initial SNR -8.1605 is non-positive, cannot scale distances.
✗ Simulation 1, trial 2 FAILED, retrying...

Generating SNR-consistent population...
Target SNR: 4.0
Resetting pulsars to clean stoas...
Restore: 20.69 s
Injecting population...
  B1855+09: RMS = 3667.239 ns
  B1937+21: RMS = 2232.335 ns
  B1953+29: RMS = 1993.550 ns
  J0023+0923: RMS = 2101.788 ns
  J0030+0451: RMS = 1912.652 ns
  J0340+4130: RMS = 2475.617 ns
  J0406+3039: RMS = 1961.579 ns
  J0437-4715: RMS = 1887.929 ns
  J0509+0856: RMS = 3189.859 ns
  J0557+1551: RMS = 2427.168 ns
  J0605+3757: RMS = 1907.214 ns
  J0610-2100: RMS = 2014.222 ns
  J0613-0200: RMS = 1646.982 ns
  J0636+5128: RMS = 2045.829 ns
  J0645+5158: RMS = 2653.106 ns
  J0709+0458: RMS = 1255.346 ns
  J0740+6620: RMS = 3075.863 ns
  J0931-1902: RMS = 939.404 ns
  J1012+5307: RMS = 3561.936 ns
  J1012-4235: RMS = 975.886 ns
  J1022+1001: RMS = 2241.234 ns
  J1024-0719: RMS = 1313.885 ns
  J1125+7819: RMS = 3403.220 ns
  J1312+0051: RMS = 2120.246 ns
  J1453+1902: RMS = 2201.268 ns
  J1455-3330: RMS = 2701.185 ns
  J1600-3053: RMS = 2668.044 ns
  J1614-2230: RMS = 2677.296 ns
  J1630+3734: RMS = 1184.681 ns
  J1640+2224: RMS = 1714.391 ns
  J1643-1224: RMS = 2092.805 ns
  J1705-1903: RMS = 1424.887 ns
  J1713+0747: RMS = 2785.419 ns
  J1719-1438: RMS = 1613.432 ns
  J1730-2304: RMS = 676.432 ns
  J1738+0333: RMS = 2228.225 ns
  J1741+1351: RMS = 2619.177 ns
  J1744-1134: RMS = 2718.575 ns
  J1745+1017: RMS = 3400.620 ns
  J1747-4036: RMS = 1140.807 ns
  J1751-2857: RMS = 260.715 ns
  J1802-2124: RMS = 629.717 ns
  J1811-2405: RMS = 912.251 ns
  J1832-0836: RMS = 2451.957 ns
  J1843-1113: RMS = 1613.845 ns
  J1853+1303: RMS = 2105.854 ns
  J1903+0327: RMS = 1934.580 ns
  J1909-3744: RMS = 1094.639 ns
  J1910+1256: RMS = 2327.801 ns
  J1911+1347: RMS = 2165.119 ns
  J1918-0642: RMS = 2232.058 ns
  J1923+2515: RMS = 1651.266 ns
  J1944+0907: RMS = 2088.900 ns
  J1946+3417: RMS = 1430.127 ns
  J2010-1323: RMS = 3525.186 ns
  J2017+0603: RMS = 1785.784 ns
  J2033+1734: RMS = 1350.025 ns
  J2043+1711: RMS = 1595.929 ns
  J2124-3358: RMS = 1584.531 ns
  J2145-0750: RMS = 3400.547 ns
  J2214+3000: RMS = 1928.492 ns
  J2229+2643: RMS = 3190.818 ns
  J2234+0611: RMS = 1143.097 ns
  J2234+0944: RMS = 1875.731 ns
  J2302+4442: RMS = 2594.141 ns
  J2317+1439: RMS = 998.598 ns
  J2322+2057: RMS = 2067.480 ns
Inject: 0.73 s
Snapshotting into enterprise Pulsar objects...
Building PTA...
PTA build: 479.78 s
Computing optimal statistic...
OS time: 67.14 s
Total: 568.33 s
Initial SNR: 71.1331, Target SNR: 4.0000
  Initial SNR 71.1331 outside of provided SNR_range [3.5, 4.25] — rescaling.
Scaling distances by factor 3.8842 to achieve target SNR...
Resetting pulsars to clean stoas...
Restore: 0.19 s
Injecting population...
  B1855+09: RMS = 944.142 ns
  B1937+21: RMS = 574.722 ns
  B1953+29: RMS = 513.246 ns
  J0023+0923: RMS = 541.112 ns
  J0030+0451: RMS = 492.418 ns
  J0340+4130: RMS = 637.355 ns
  J0406+3039: RMS = 505.015 ns
  J0437-4715: RMS = 486.053 ns
  J0509+0856: RMS = 821.239 ns
  J0557+1551: RMS = 624.882 ns
  J0605+3757: RMS = 491.018 ns
  J0610-2100: RMS = 518.568 ns
  J0613-0200: RMS = 424.021 ns
  J0636+5128: RMS = 526.705 ns
  J0645+5158: RMS = 683.051 ns
  J0709+0458: RMS = 323.193 ns
  J0740+6620: RMS = 791.891 ns
  J0931-1902: RMS = 241.853 ns
  J1012+5307: RMS = 917.032 ns
  J1012-4235: RMS = 251.245 ns
  J1022+1001: RMS = 577.013 ns
  J1024-0719: RMS = 338.264 ns
  J1125+7819: RMS = 876.170 ns
  J1312+0051: RMS = 545.864 ns
  J1453+1902: RMS = 566.723 ns
  J1455-3330: RMS = 695.429 ns
  J1600-3053: RMS = 686.896 ns
  J1614-2230: RMS = 689.278 ns
  J1630+3734: RMS = 305.000 ns
  J1640+2224: RMS = 441.375 ns
  J1643-1224: RMS = 538.799 ns
  J1705-1903: RMS = 366.842 ns
  J1713+0747: RMS = 717.115 ns
  J1719-1438: RMS = 415.383 ns
  J1730-2304: RMS = 174.150 ns
  J1738+0333: RMS = 573.664 ns
  J1741+1351: RMS = 674.315 ns
  J1744-1134: RMS = 699.906 ns
  J1745+1017: RMS = 875.500 ns
  J1747-4036: RMS = 293.704 ns
  J1751-2857: RMS = 67.122 ns
  J1802-2124: RMS = 162.123 ns
  J1811-2405: RMS = 234.862 ns
  J1832-0836: RMS = 631.264 ns
  J1843-1113: RMS = 415.490 ns
  J1853+1303: RMS = 542.159 ns
  J1903+0327: RMS = 498.064 ns
  J1909-3744: RMS = 281.818 ns
  J1910+1256: RMS = 599.300 ns
  J1911+1347: RMS = 557.417 ns
  J1918-0642: RMS = 574.650 ns
  J1923+2515: RMS = 425.124 ns
  J1944+0907: RMS = 537.794 ns
  J1946+3417: RMS = 368.191 ns
  J2010-1323: RMS = 907.570 ns
  J2017+0603: RMS = 459.756 ns
  J2033+1734: RMS = 347.568 ns
  J2043+1711: RMS = 410.877 ns
  J2124-3358: RMS = 407.943 ns
  J2145-0750: RMS = 875.481 ns
  J2214+3000: RMS = 496.496 ns
  J2229+2643: RMS = 821.486 ns
  J2234+0611: RMS = 294.294 ns
  J2234+0944: RMS = 482.913 ns
  J2302+4442: RMS = 667.870 ns
  J2317+1439: RMS = 257.092 ns
  J2322+2057: RMS = 532.279 ns
Inject: 0.69 s
Snapshotting into enterprise Pulsar objects...
Building PTA...
PTA build: 464.02 s
Computing optimal statistic...
OS time: 56.27 s
Total: 521.17 s
  SNR 6.2172 outside of provided SNR_range [3.5, 4.25] — rescaling.
[Iteration 1/4] SNR after scaling: 6.2172 (target: 4.0000)
  SNR history: it0→71.1331@1.0000x, it1→6.2172@3.8842x
  Re-scaling distances by factor 1.2490  (cumulative after: 4.8512×)
Resetting pulsars to clean stoas...
Restore: 0.04 s
Injecting population...
  B1855+09: RMS = 755.945 ns
  B1937+21: RMS = 460.162 ns
  B1953+29: RMS = 410.940 ns
  J0023+0923: RMS = 433.251 ns
  J0030+0451: RMS = 394.264 ns
  J0340+4130: RMS = 510.311 ns
  J0406+3039: RMS = 404.349 ns
  J0437-4715: RMS = 389.168 ns
  J0509+0856: RMS = 657.541 ns
  J0557+1551: RMS = 500.323 ns
  J0605+3757: RMS = 393.143 ns
  J0610-2100: RMS = 415.201 ns
  J0613-0200: RMS = 339.500 ns
  J0636+5128: RMS = 421.716 ns
  J0645+5158: RMS = 546.897 ns
  J0709+0458: RMS = 258.770 ns
  J0740+6620: RMS = 634.042 ns
  J0931-1902: RMS = 193.644 ns
  J1012+5307: RMS = 734.238 ns
  J1012-4235: RMS = 201.164 ns
  J1022+1001: RMS = 461.996 ns
  J1024-0719: RMS = 270.837 ns
  J1125+7819: RMS = 701.522 ns
  J1312+0051: RMS = 437.056 ns
  J1453+1902: RMS = 453.758 ns
  J1455-3330: RMS = 556.808 ns
  J1600-3053: RMS = 549.976 ns
  J1614-2230: RMS = 551.883 ns
  J1630+3734: RMS = 244.204 ns
  J1640+2224: RMS = 353.395 ns
  J1643-1224: RMS = 431.400 ns
  J1705-1903: RMS = 293.719 ns
  J1713+0747: RMS = 574.171 ns
  J1719-1438: RMS = 332.584 ns
  J1730-2304: RMS = 139.436 ns
  J1738+0333: RMS = 459.314 ns
  J1741+1351: RMS = 539.903 ns
  J1744-1134: RMS = 560.393 ns
  J1745+1017: RMS = 700.986 ns
  J1747-4036: RMS = 235.160 ns
  J1751-2857: RMS = 53.742 ns
  J1802-2124: RMS = 129.807 ns
  J1811-2405: RMS = 188.047 ns
  J1832-0836: RMS = 505.433 ns
  J1843-1113: RMS = 332.669 ns
  J1853+1303: RMS = 434.090 ns
  J1903+0327: RMS = 398.784 ns
  J1909-3744: RMS = 225.643 ns
  J1910+1256: RMS = 479.840 ns
  J1911+1347: RMS = 446.306 ns
  J1918-0642: RMS = 460.105 ns
  J1923+2515: RMS = 340.383 ns
  J1944+0907: RMS = 430.595 ns
  J1946+3417: RMS = 294.799 ns
  J2010-1323: RMS = 726.663 ns
  J2017+0603: RMS = 368.112 ns
  J2033+1734: RMS = 278.287 ns
  J2043+1711: RMS = 328.976 ns
  J2124-3358: RMS = 326.627 ns
  J2145-0750: RMS = 700.970 ns
  J2214+3000: RMS = 397.529 ns
  J2229+2643: RMS = 657.738 ns
  J2234+0611: RMS = 235.632 ns
  J2234+0944: RMS = 386.653 ns
  J2302+4442: RMS = 534.742 ns
  J2317+1439: RMS = 205.846 ns
  J2322+2057: RMS = 426.179 ns
Inject: 0.76 s
Snapshotting into enterprise Pulsar objects...
Building PTA...
PTA build: 473.70 s
Computing optimal statistic...
OS time: 47.30 s
Total: 521.80 s
  ✓ SNR is within the provided SNR_range: 4.1889 ∈ [3.5, 4.25]

Final SNR history:
  it 0: cumulative_scale=1.0000×  SNR=71.1331
  it 1: cumulative_scale=3.8842×  SNR=6.2172
  it 2: cumulative_scale=4.8512×  SNR=4.1889
✓ Simulation 1 done (2720.5 s)

======================================================================
ENSEMBLE SUMMARY
======================================================================
Success rate: 100.0% (1/1)

Binaries per population:
  Mean ± std : 500 ± 0
  Range      : [500, 500]

SNR achieved:
  Mean ± std : 4.1889 ± 0.0000
  Range      : [4.1889, 4.1889]

Total time: 3289.0 s (54.8 min)
======================================================================

💾 Saved: data/2026-04-29/optimistic_run_105/consistent_population_optimistic_targetSNR4.25_sims1.json
💾 Saved compressed pickle: data/2026-04-29/optimistic_run_105/consistent_population_optimistic_targetSNR4.25_sims1.pkl.gz

======================================================================
CONTINUOUS WAVE SNR ANALYSIS
======================================================================

--- Population 1 ---
Precomputation of phiinvs, TNTs, Ts, Nvecs, Sigmas took 0.06 seconds.
Total SNR computation for population took 211.83 seconds.
Top 50 CGW candidates:
   1. proxy_rank=  27  sky_w=0.85  f=8.65e-08 Hz  Mc=3.17e+10 Msun  h0=3.94e-14  SNR=6.539
   2. proxy_rank=  16  sky_w=1.12  f=6.35e-09 Hz  Mc=2.77e+10 Msun  h0=4.20e-15  SNR=5.675
   3. proxy_rank=   1  sky_w=1.10  f=2.46e-09 Hz  Mc=5.58e+10 Msun  h0=1.22e-14  SNR=4.481
   4. proxy_rank=   3  sky_w=1.51  f=3.91e-09 Hz  Mc=4.28e+10 Msun  h0=6.17e-15  SNR=4.274
   5. proxy_rank=  17  sky_w=1.57  f=5.69e-09 Hz  Mc=2.07e+10 Msun  h0=2.39e-15  SNR=3.631
   6. proxy_rank=   8  sky_w=1.09  f=2.88e-09 Hz  Mc=3.57e+10 Msun  h0=3.82e-15  SNR=2.583
   7. proxy_rank=  12  sky_w=0.61  f=3.78e-09 Hz  Mc=4.16e+10 Msun  h0=6.11e-15  SNR=2.319
   8. proxy_rank=   4  sky_w=0.84  f=2.27e-09 Hz  Mc=5.29e+10 Msun  h0=6.06e-15  SNR=2.246
   9. proxy_rank=  10  sky_w=1.34  f=2.41e-09 Hz  Mc=2.87e+10 Msun  h0=2.30e-15  SNR=1.625
  10. proxy_rank=   5  sky_w=1.07  f=2.17e-09 Hz  Mc=4.42e+10 Msun  h0=4.52e-15  SNR=1.594
  11. proxy_rank=   7  sky_w=0.80  f=2.40e-09 Hz  Mc=4.66e+10 Msun  h0=5.33e-15  SNR=1.391
  12. proxy_rank=  15  sky_w=1.11  f=4.39e-09 Hz  Mc=2.63e+10 Msun  h0=2.98e-15  SNR=1.249
  13. proxy_rank=  14  sky_w=1.19  f=3.26e-09 Hz  Mc=2.39e+10 Msun  h0=2.12e-15  SNR=1.196
  14. proxy_rank=   9  sky_w=1.53  f=2.01e-09 Hz  Mc=2.50e+10 Msun  h0=1.85e-15  SNR=1.098
  15. proxy_rank=  18  sky_w=1.44  f=3.21e-09 Hz  Mc=1.83e+10 Msun  h0=1.43e-15  SNR=0.877
  16. proxy_rank=  13  sky_w=1.27  f=3.51e-09 Hz  Mc=1.78e+10 Msun  h0=2.39e-15  SNR=0.863
  17. proxy_rank=   2  sky_w=1.61  f=2.01e-09 Hz  Mc=3.52e+10 Msun  h0=2.98e-15  SNR=0.853
  18. proxy_rank=  40  sky_w=1.50  f=4.56e-09 Hz  Mc=8.69e+09 Msun  h0=5.09e-16  SNR=0.709
  19. proxy_rank=  26  sky_w=1.19  f=2.81e-09 Hz  Mc=1.60e+10 Msun  h0=9.87e-16  SNR=0.688
  20. proxy_rank=   6  sky_w=1.46  f=2.09e-09 Hz  Mc=3.45e+10 Msun  h0=2.87e-15  SNR=0.592
  21. proxy_rank=  37  sky_w=1.34  f=3.96e-09 Hz  Mc=9.06e+09 Msun  h0=5.10e-16  SNR=0.571
  22. proxy_rank=  34  sky_w=1.10  f=4.14e-09 Hz  Mc=1.10e+10 Msun  h0=7.15e-16  SNR=0.504
  23. proxy_rank=  20  sky_w=1.10  f=2.87e-09 Hz  Mc=2.11e+10 Msun  h0=1.54e-15  SNR=0.503
  24. proxy_rank=  23  sky_w=0.77  f=2.30e-09 Hz  Mc=1.45e+10 Msun  h0=1.31e-15  SNR=0.473
  25. proxy_rank=  19  sky_w=0.52  f=2.27e-09 Hz  Mc=3.20e+10 Msun  h0=2.74e-15  SNR=0.469
  26. proxy_rank=  11  sky_w=1.47  f=2.21e-09 Hz  Mc=2.29e+10 Msun  h0=1.60e-15  SNR=0.403
  27. proxy_rank=  63  sky_w=1.27  f=8.55e-09 Hz  Mc=4.06e+09 Msun  h0=2.25e-16  SNR=0.383
  28. proxy_rank=  47  sky_w=1.46  f=4.10e-09 Hz  Mc=6.51e+09 Msun  h0=2.75e-16  SNR=0.379
  29. proxy_rank=  24  sky_w=1.09  f=2.47e-09 Hz  Mc=1.39e+10 Msun  h0=9.69e-16  SNR=0.330
  30. proxy_rank=  38  sky_w=0.57  f=2.91e-09 Hz  Mc=1.46e+10 Msun  h0=8.68e-16  SNR=0.295
  31. proxy_rank=  46  sky_w=1.45  f=3.93e-09 Hz  Mc=5.99e+09 Msun  h0=2.80e-16  SNR=0.294
  32. proxy_rank=  25  sky_w=1.32  f=2.22e-09 Hz  Mc=1.45e+10 Msun  h0=7.04e-16  SNR=0.280
  33. proxy_rank=  29  sky_w=1.59  f=2.51e-09 Hz  Mc=8.79e+09 Msun  h0=4.19e-16  SNR=0.272
  34. proxy_rank=  52  sky_w=1.11  f=5.42e-09 Hz  Mc=4.89e+09 Msun  h0=2.92e-16  SNR=0.261
  35. proxy_rank=  21  sky_w=0.72  f=2.16e-09 Hz  Mc=2.42e+10 Msun  h0=1.61e-15  SNR=0.255
  36. proxy_rank=  65  sky_w=0.71  f=7.19e-09 Hz  Mc=5.34e+09 Msun  h0=2.92e-16  SNR=0.247
  37. proxy_rank=  28  sky_w=0.56  f=2.45e-09 Hz  Mc=1.67e+10 Msun  h0=1.17e-15  SNR=0.241
  38. proxy_rank=  36  sky_w=1.12  f=2.41e-09 Hz  Mc=9.29e+09 Msun  h0=3.76e-16  SNR=0.201
  39. proxy_rank=  22  sky_w=1.56  f=2.02e-09 Hz  Mc=1.15e+10 Msun  h0=6.13e-16  SNR=0.179
  40. proxy_rank=  55  sky_w=1.35  f=3.77e-09 Hz  Mc=4.32e+09 Msun  h0=1.46e-16  SNR=0.170
  41. proxy_rank=  32  sky_w=0.51  f=2.42e-09 Hz  Mc=1.70e+10 Msun  h0=9.87e-16  SNR=0.169
  42. proxy_rank=  31  sky_w=0.66  f=2.07e-09 Hz  Mc=1.45e+10 Msun  h0=6.73e-16  SNR=0.162
  43. proxy_rank=  70  sky_w=1.46  f=5.46e-09 Hz  Mc=2.62e+09 Msun  h0=9.41e-17  SNR=0.151
  44. proxy_rank=  57  sky_w=0.95  f=4.26e-09 Hz  Mc=5.35e+09 Msun  h0=2.19e-16  SNR=0.143
  45. proxy_rank=  48  sky_w=0.82  f=2.47e-09 Hz  Mc=7.51e+09 Msun  h0=2.55e-16  SNR=0.107
  46. proxy_rank=  30  sky_w=0.61  f=2.37e-09 Hz  Mc=1.53e+10 Msun  h0=8.56e-16  SNR=0.098
  47. proxy_rank=  67  sky_w=1.44  f=4.23e-09 Hz  Mc=2.75e+09 Msun  h0=7.86e-17  SNR=0.096
  48. proxy_rank=  42  sky_w=1.27  f=2.11e-09 Hz  Mc=7.87e+09 Msun  h0=2.53e-16  SNR=0.096
  49. proxy_rank=  92  sky_w=0.51  f=2.04e-08 Hz  Mc=4.06e+09 Msun  h0=3.63e-16  SNR=0.095
  50. proxy_rank=  33  sky_w=1.21  f=2.53e-09 Hz  Mc=9.75e+09 Msun  h0=4.03e-16  SNR=0.093
💾 Saved: data/2026-04-29/optimistic_run_105/consistent_population_optimistic_targetSNR4.25_sims1.json
💾 Saved compressed pickle: data/2026-04-29/optimistic_run_105/consistent_population_optimistic_targetSNR4.25_sims1.pkl.gz
Saved to figures/cgw_analysis_optimistic.pdf

======================================================================
ANALYSIS COMPLETE
Results saved to: data/2026-04-29/optimistic_run_105
======================================================================

==========================================
Job finished at: Wed Apr 29 13:54:38 AEST 2026
Exit code: 0
==========================================

+------------------ Job Report: 11736991 (COMPLETED) ------------------+
| Memory (RAM)  [################### ] 95.3% (32.4 GB peak / 34 GB)    |
| CPU           [###############     ] 78.1% average                   |
| Time          [--------------->    ] 76.5% (0-01:01:13 / 0-01:20:00) |
|                                                                      |
| Lustre Filesystem:                                                   |
|   Path    Total Read    Total Write      Total IOPS                  |
|   ------  ------------  -------------  ------------                  |
|   /apps   0 B           0 B                      5                   |
|   /fred   3.6 MB        350.3 KB                24                   |
|   /home   4.5 MB        0 B                     29                   |
|   OS      0 B           0 B                      2                   |
+----------------------------------------------------------------------+
