==========================================
Job ID: 11738924
Job Name: smbhb_realistic
Node: dave305
Start Time: Wed Apr 29 13:53:22 AEST 2026
==========================================

/home/bhoulden/.conda/envs/smbhb312/share/tempo2
Working directory: /fred/oz005/users/bhoulden/SMBHB_population_injections

Loaded modules:

Starting SMBHB analysis...
==========================================

📁 Save directory: data/2026-04-29/realistic_run_248
📝 Run name: realistic_run_248

[MEM] Start: 245.0 MB

📡 Loading pulsars...
======================================================================
LOADING NANOGRAV PULSARS (libstempo)
======================================================================

📦 Loading from cache: nanograv_pulsars_cache.pkl
⚠ Cache load failed: Ran out of input
[DEBUG] Found 76 .par files
[tempo2Util.C:396] Warning: [MISC1] Unknown parameter in par file:  DMDATA
[tempo2Util.C:401] Warning: [DUP1] duplicated warnings have been suppressed.

WARNING: Using tempo RNAMP parameter: setting TNRedC to 100!
[observatory.C:271] Warning: Assuming site 'arecibo' means 'ao'
✓ Loaded B1855+09 (7758 TOAs)

WARNING: Using tempo RNAMP parameter: setting TNRedC to 100!
✓ Loaded B1937+21 (23023 TOAs)

WARNING: Using tempo RNAMP parameter: setting TNRedC to 100!
✓ Loaded B1937+21ao (7241 TOAs)

WARNING: Using tempo RNAMP parameter: setting TNRedC to 100!
✓ Loaded B1937+21gbt (16048 TOAs)

WARNING: Using tempo RNAMP parameter: setting TNRedC to 100!
✓ Loaded B1953+29 (5126 TOAs)
✓ Loaded J0023+0923 (15896 TOAs)

WARNING: Using tempo RNAMP parameter: setting TNRedC to 100!
✓ Loaded J0030+0451 (19571 TOAs)
✓ Loaded J0340+4130 (11093 TOAs)
✓ Loaded J0406+3039 (2446 TOAs)

WARNING: Using tempo RNAMP parameter: setting TNRedC to 100!
✓ Loaded J0437-4715 (5830 TOAs)
✓ Loaded J0509+0856 (2169 TOAs)
✓ Loaded J0557+1551 (525 TOAs)
✓ Loaded J0605+3757 (554 TOAs)

WARNING: Using tempo RNAMP parameter: setting TNRedC to 100!
✓ Loaded J0610-2100 (4885 TOAs)

WARNING: Using tempo RNAMP parameter: setting TNRedC to 100!
✓ Loaded J0613-0200 (17124 TOAs)
✓ Loaded J0614-3329 (1714 TOAs)
✓ Loaded J0636+5128 (32222 TOAs)
✓ Loaded J0645+5158 (10403 TOAs)
✓ Loaded J0709+0458 (3030 TOAs)
✓ Loaded J0740+6620 (13401 TOAs)
✓ Loaded J0931-1902 (5473 TOAs)

WARNING: Using tempo RNAMP parameter: setting TNRedC to 100!
✓ Loaded J1012+5307 (25837 TOAs)
✓ Loaded J1012-4235 (797 TOAs)
✓ Loaded J1022+1001 (3978 TOAs)
✓ Loaded J1024-0719 (12635 TOAs)
✓ Loaded J1125+7819 (8723 TOAs)
✓ Loaded J1312+0051 (1705 TOAs)
✓ Loaded J1453+1902 (2551 TOAs)
✓ Loaded J1455-3330 (10818 TOAs)

WARNING: Using tempo RNAMP parameter: setting TNRedC to 100!
✓ Loaded J1600-3053 (22955 TOAs)

WARNING: Using tempo RNAMP parameter: setting TNRedC to 100!
✓ Loaded J1600-3053gbt (19725 TOAs)

WARNING: Using tempo RNAMP parameter: setting TNRedC to 100!
✓ Loaded J1614-2230 (18445 TOAs)
✓ Loaded J1630+3734 (1815 TOAs)
✓ Loaded J1640+2224 (14066 TOAs)

WARNING: Using tempo RNAMP parameter: setting TNRedC to 100!
✓ Loaded J1643-1224 (22144 TOAs)

WARNING: Using tempo RNAMP parameter: setting TNRedC to 100!
✓ Loaded J1643-1224gbt (17932 TOAs)

WARNING: Using tempo RNAMP parameter: setting TNRedC to 100!
✓ Loaded J1705-1903 (9871 TOAs)

WARNING: Using tempo RNAMP parameter: setting TNRedC to 100!
✓ Loaded J1713+0747 (59389 TOAs)

WARNING: Using tempo RNAMP parameter: setting TNRedC to 100!
✓ Loaded J1713+0747ao (21362 TOAs)

WARNING: Using tempo RNAMP parameter: setting TNRedC to 100!
✓ Loaded J1713+0747gbt (32963 TOAs)
✓ Loaded J1719-1438 (6356 TOAs)
✓ Loaded J1730-2304 (4870 TOAs)
✓ Loaded J1738+0333 (8790 TOAs)
✓ Loaded J1741+1351 (5582 TOAs)

WARNING: Using tempo RNAMP parameter: setting TNRedC to 100!
✓ Loaded J1744-1134 (17745 TOAs)

WARNING: Using tempo RNAMP parameter: setting TNRedC to 100!
✓ Loaded J1745+1017 (3017 TOAs)

WARNING: Using tempo RNAMP parameter: setting TNRedC to 100!
✓ Loaded J1747-4036 (11055 TOAs)
✓ Loaded J1751-2857 (2025 TOAs)

WARNING: Using tempo RNAMP parameter: setting TNRedC to 100!
✓ Loaded J1802-2124 (6796 TOAs)
✓ Loaded J1811-2405 (5266 TOAs)
✓ Loaded J1832-0836 (7739 TOAs)
✓ Loaded J1843-1113 (4595 TOAs)

WARNING: Using tempo RNAMP parameter: setting TNRedC to 100!
✓ Loaded J1853+1303 (4570 TOAs)

WARNING: Using tempo RNAMP parameter: setting TNRedC to 100!
✓ Loaded J1903+0327 (6856 TOAs)

WARNING: Using tempo RNAMP parameter: setting TNRedC to 100!
✓ Loaded J1903+0327ao (6423 TOAs)

WARNING: Using tempo RNAMP parameter: setting TNRedC to 100!
✓ Loaded J1909-3744 (35037 TOAs)

WARNING: Using tempo RNAMP parameter: setting TNRedC to 100!
✓ Loaded J1909-3744gbt (31526 TOAs)
✓ Loaded J1910+1256 (6486 TOAs)
✓ Loaded J1911+1347 (3786 TOAs)
✓ Loaded J1918-0642 (18875 TOAs)
✓ Loaded J1923+2515 (3974 TOAs)
✓ Loaded J1944+0907 (5328 TOAs)

WARNING: Using tempo RNAMP parameter: setting TNRedC to 100!
✓ Loaded J1946+3417 (4743 TOAs)
✓ Loaded J2010-1323 (17077 TOAs)
✓ Loaded J2017+0603 (3512 TOAs)
✓ Loaded J2033+1734 (3847 TOAs)
✓ Loaded J2043+1711 (7397 TOAs)
✓ Loaded J2124-3358 (4982 TOAs)

WARNING: Using tempo RNAMP parameter: setting TNRedC to 100!
✓ Loaded J2145-0750 (18675 TOAs)
✓ Loaded J2214+3000 (7406 TOAs)
✓ Loaded J2229+2643 (3711 TOAs)

WARNING: Using tempo RNAMP parameter: setting TNRedC to 100!
✓ Loaded J2234+0611 (3566 TOAs)
✓ Loaded J2234+0944 (7535 TOAs)
✓ Loaded J2302+4442 (10211 TOAs)
✓ Loaded J2317+1439 (13927 TOAs)
✓ Loaded J2322+2057 (3088 TOAs)
⚠ Could not save cache: no default __reduce__ due to non-trivial __cinit__

✓ Loaded 76 pulsars
✗ Failed: 0 — []
[MEM] After loading pulsars: 8874.9 MB

🔍 Filtering pulsars...

Filtered: 76 → 67 pulsars
[MEM] After filtering pulsars: 8875.9 MB
[MEM] After garbage collection: 8875.9 MB

======================================================================
SMBHB POPULATION ANALYSIS
======================================================================

Configuration: realistic
  Medium mass, medium spread in distance, medium population
  N_binaries: 20000

======================================================================
CONSISTENT POPULATION SYNTHESIS
======================================================================

======================================================================
GENERATING SNR-CONSISTENT POPULATIONS
======================================================================
Target SNR:          4.0
Simulations:         1
======================================================================


──────────────────────────────────────────────────────────────────────
SIMULATION 1/1
──────────────────────────────────────────────────────────────────────
  [B1855+09] zeroing residuals...
  [B1855+09] adding red noise...
  [B1855+09] white noise for 430_PUPPI (1185 TOAs)...
  [B1855+09] white noise for 430_ASP (390 TOAs)...
  [B1855+09] white noise for L-wide_PUPPI (5005 TOAs)...
  [B1855+09] white noise for L-wide_ASP (1178 TOAs)...
  [B1937+21] zeroing residuals...
  [B1937+21] adding red noise...
  [B1937+21] white noise for S-wide_ASP (344 TOAs)...
  [B1937+21] white noise for Rcvr1_2_GASP (1069 TOAs)...
  [B1937+21] white noise for Rcvr_800_GASP (586 TOAs)...
  [B1937+21] white noise for L-wide_ASP (452 TOAs)...
  [B1937+21] white noise for L-wide_PUPPI (4133 TOAs)...
  [B1937+21] white noise for Rcvr1_2_GUPPI (7048 TOAs)...
  [B1937+21] white noise for Rcvr_800_GUPPI (7140 TOAs)...
  [B1937+21] white noise for S-wide_PUPPI (2251 TOAs)...
  [B1953+29] zeroing residuals...
  [B1953+29] adding red noise...
  [B1953+29] white noise for S-wide_ASP (25 TOAs)...
  [B1953+29] white noise for 430_ASP (29 TOAs)...
  [B1953+29] white noise for L-wide_ASP (94 TOAs)...
  [B1953+29] white noise for L-wide_PUPPI (4037 TOAs)...
  [B1953+29] white noise for 430_PUPPI (941 TOAs)...
  [J0023+0923] zeroing residuals...
  [J0023+0923] adding red noise...
  [J0023+0923] white noise for 430_PUPPI (4564 TOAs)...
  [J0023+0923] white noise for 430_ASP (90 TOAs)...
  [J0023+0923] white noise for L-wide_PUPPI (11123 TOAs)...
  [J0023+0923] white noise for L-wide_ASP (119 TOAs)...
  [J0030+0451] zeroing residuals...
  [J0030+0451] adding red noise...
  [J0030+0451] white noise for 430_ASP (267 TOAs)...
  [J0030+0451] white noise for L-wide_ASP (789 TOAs)...
  [J0030+0451] white noise for L-wide_PUPPI (12774 TOAs)...
  [J0030+0451] white noise for 430_PUPPI (3068 TOAs)...
  [J0030+0451] white noise for S-wide_PUPPI (2673 TOAs)...
  [J0340+4130] zeroing residuals...
  [J0340+4130] adding red noise...
  [J0340+4130] white noise for Rcvr_800_GUPPI (6056 TOAs)...
  [J0340+4130] white noise for Rcvr1_2_GUPPI (5037 TOAs)...
  [J0406+3039] zeroing residuals...
  [J0406+3039] adding red noise...
  [J0406+3039] white noise for S-wide_PUPPI (575 TOAs)...
  [J0406+3039] white noise for L-wide_PUPPI (1871 TOAs)...
  [J0437-4715] zeroing residuals...
  [J0437-4715] adding red noise...
  [J0437-4715] white noise for 3GHz_YUPPI (3696 TOAs)...
  [J0437-4715] white noise for 1.5GHz_YUPPI (2134 TOAs)...
  [J0509+0856] zeroing residuals...
  [J0509+0856] adding red noise...
  [J0509+0856] white noise for S-wide_PUPPI (544 TOAs)...
  [J0509+0856] white noise for L-wide_PUPPI (1625 TOAs)...
  [J0557+1551] zeroing residuals...
  [J0557+1551] adding red noise...
  [J0557+1551] white noise for S-wide_PUPPI (58 TOAs)...
  [J0557+1551] white noise for L-wide_PUPPI (467 TOAs)...
  [J0605+3757] zeroing residuals...
  [J0605+3757] adding red noise...
  [J0605+3757] white noise for Rcvr_800_GUPPI (236 TOAs)...
  [J0605+3757] white noise for Rcvr1_2_GUPPI (318 TOAs)...
  [J0610-2100] zeroing residuals...
  [J0610-2100] adding red noise...
  [J0610-2100] white noise for Rcvr_800_GUPPI (2484 TOAs)...
  [J0610-2100] white noise for Rcvr1_2_GUPPI (2401 TOAs)...
  [J0613-0200] zeroing residuals...
  [J0613-0200] adding red noise...
  [J0613-0200] white noise for Rcvr_800_GASP (809 TOAs)...
  [J0613-0200] white noise for Rcvr_800_GUPPI (7900 TOAs)...
  [J0613-0200] white noise for Rcvr1_2_GUPPI (7423 TOAs)...
  [J0613-0200] white noise for Rcvr1_2_GASP (992 TOAs)...
  [J0636+5128] zeroing residuals...
  [J0636+5128] adding red noise...
  [J0636+5128] white noise for Rcvr_800_GUPPI (17419 TOAs)...
  [J0636+5128] white noise for Rcvr1_2_GUPPI (14803 TOAs)...
  [J0645+5158] zeroing residuals...
  [J0645+5158] adding red noise...
  [J0645+5158] white noise for Rcvr_800_GUPPI (4682 TOAs)...
  [J0645+5158] white noise for Rcvr1_2_GUPPI (5721 TOAs)...
  [J0709+0458] zeroing residuals...
  [J0709+0458] adding red noise...
  [J0709+0458] white noise for S-wide_PUPPI (595 TOAs)...
  [J0709+0458] white noise for L-wide_PUPPI (2435 TOAs)...
  [J0740+6620] zeroing residuals...
  [J0740+6620] adding red noise...
  [J0740+6620] white noise for Rcvr_800_GUPPI (5136 TOAs)...
  [J0740+6620] white noise for Rcvr1_2_GUPPI (8265 TOAs)...
  [J0931-1902] zeroing residuals...
  [J0931-1902] adding red noise...
  [J0931-1902] white noise for Rcvr_800_GUPPI (3419 TOAs)...
  [J0931-1902] white noise for Rcvr1_2_GUPPI (2054 TOAs)...
  [J1012+5307] zeroing residuals...
  [J1012+5307] adding red noise...
  [J1012+5307] white noise for Rcvr_800_GASP (1210 TOAs)...
  [J1012+5307] white noise for Rcvr_800_GUPPI (10299 TOAs)...
  [J1012+5307] white noise for Rcvr1_2_GUPPI (12849 TOAs)...
  [J1012+5307] white noise for Rcvr1_2_GASP (1479 TOAs)...
  [J1012-4235] zeroing residuals...
  [J1012-4235] adding red noise...
  [J1012-4235] white noise for Rcvr_800_GUPPI (342 TOAs)...
  [J1012-4235] white noise for Rcvr1_2_GUPPI (455 TOAs)...
  [J1022+1001] zeroing residuals...
  [J1022+1001] adding red noise...
  [J1022+1001] white noise for 430_PUPPI (232 TOAs)...
  [J1022+1001] white noise for S-wide_PUPPI (1154 TOAs)...
  [J1022+1001] white noise for L-wide_PUPPI (2592 TOAs)...
  [J1024-0719] zeroing residuals...
  [J1024-0719] adding red noise...
  [J1024-0719] white noise for Rcvr_800_GASP (51 TOAs)...
  [J1024-0719] white noise for Rcvr_800_GUPPI (5455 TOAs)...
  [J1024-0719] white noise for Rcvr1_2_GUPPI (7086 TOAs)...
  [J1024-0719] white noise for Rcvr1_2_GASP (43 TOAs)...
  [J1125+7819] zeroing residuals...
  [J1125+7819] adding red noise...
  [J1125+7819] white noise for Rcvr_800_GUPPI (4707 TOAs)...
  [J1125+7819] white noise for Rcvr1_2_GUPPI (4016 TOAs)...
  [J1312+0051] zeroing residuals...
  [J1312+0051] adding red noise...
  [J1312+0051] white noise for S-wide_PUPPI (416 TOAs)...
  [J1312+0051] white noise for L-wide_PUPPI (1289 TOAs)...
  [J1453+1902] zeroing residuals...
  [J1453+1902] adding red noise...
  [J1453+1902] white noise for 430_PUPPI (425 TOAs)...
  [J1453+1902] white noise for S-wide_PUPPI (4 TOAs)...
  [J1453+1902] white noise for L-wide_PUPPI (2122 TOAs)...
  [J1455-3330] zeroing residuals...
  [J1455-3330] adding red noise...
  [J1455-3330] white noise for Rcvr_800_GASP (479 TOAs)...
  [J1455-3330] white noise for Rcvr_800_GUPPI (4843 TOAs)...
  [J1455-3330] white noise for Rcvr1_2_GUPPI (4932 TOAs)...
  [J1455-3330] white noise for Rcvr1_2_GASP (564 TOAs)...
  [J1600-3053] zeroing residuals...
  [J1600-3053] adding red noise...
  [J1600-3053] white noise for Rcvr1_2_GASP (457 TOAs)...
  [J1600-3053] white noise for Rcvr_800_GASP (297 TOAs)...
  [J1600-3053] white noise for Rcvr1_2_GUPPI (10168 TOAs)...
  [J1600-3053] white noise for 3GHz_YUPPI (3237 TOAs)...
  [J1600-3053] white noise for Rcvr_800_GUPPI (8796 TOAs)...
  [J1614-2230] zeroing residuals...
  [J1614-2230] adding red noise...
  [J1614-2230] white noise for Rcvr_800_GASP (84 TOAs)...
  [J1614-2230] white noise for Rcvr_800_GUPPI (7768 TOAs)...
  [J1614-2230] white noise for Rcvr1_2_GUPPI (10509 TOAs)...
  [J1614-2230] white noise for Rcvr1_2_GASP (84 TOAs)...
  [J1630+3734] zeroing residuals...
  [J1630+3734] adding red noise...
  [J1630+3734] white noise for Rcvr_800_GUPPI (906 TOAs)...
  [J1630+3734] white noise for Rcvr1_2_GUPPI (909 TOAs)...
  [J1640+2224] zeroing residuals...
  [J1640+2224] adding red noise...
  [J1640+2224] white noise for 430_PUPPI (3157 TOAs)...
  [J1640+2224] white noise for 430_ASP (340 TOAs)...
  [J1640+2224] white noise for L-wide_PUPPI (9847 TOAs)...
  [J1640+2224] white noise for L-wide_ASP (722 TOAs)...
  [J1643-1224] zeroing residuals...
  [J1643-1224] adding red noise...
  [J1643-1224] white noise for Rcvr1_2_GASP (833 TOAs)...
  [J1643-1224] white noise for Rcvr_800_GASP (559 TOAs)...
  [J1643-1224] white noise for Rcvr1_2_GUPPI (8803 TOAs)...
  [J1643-1224] white noise for 3GHz_YUPPI (4215 TOAs)...
  [J1643-1224] white noise for Rcvr_800_GUPPI (7734 TOAs)...
  [J1705-1903] zeroing residuals...
  [J1705-1903] adding red noise...
  [J1705-1903] white noise for Rcvr_800_GUPPI (3521 TOAs)...
  [J1705-1903] white noise for Rcvr1_2_GUPPI (6350 TOAs)...
  [J1713+0747] zeroing residuals...
  [J1713+0747] adding red noise...
  [J1713+0747] white noise for S-wide_ASP (624 TOAs)...
  [J1713+0747] white noise for Rcvr1_2_GASP (1109 TOAs)...
  [J1713+0747] white noise for Rcvr_800_GASP (1032 TOAs)...
  [J1713+0747] white noise for L-wide_ASP (843 TOAs)...
  [J1713+0747] white noise for L-wide_PUPPI (12743 TOAs)...
  [J1713+0747] white noise for Rcvr1_2_GUPPI (22334 TOAs)...
  [J1713+0747] white noise for 3GHz_YUPPI (3282 TOAs)...
  [J1713+0747] white noise for Rcvr_800_GUPPI (8479 TOAs)...
  [J1713+0747] white noise for S-wide_PUPPI (7482 TOAs)...
  [J1713+0747] white noise for 1.5GHz_YUPPI (1461 TOAs)...
  [J1719-1438] zeroing residuals...
  [J1719-1438] adding red noise...
  [J1719-1438] white noise for Rcvr_800_GUPPI (3634 TOAs)...
  [J1719-1438] white noise for Rcvr1_2_GUPPI (2722 TOAs)...
  [J1730-2304] zeroing residuals...
  [J1730-2304] adding red noise...
  [J1730-2304] white noise for Rcvr_800_GUPPI (2503 TOAs)...
  [J1730-2304] white noise for Rcvr1_2_GUPPI (2367 TOAs)...
  [J1738+0333] zeroing residuals...
  [J1738+0333] adding red noise...
  [J1738+0333] white noise for S-wide_ASP (134 TOAs)...
  [J1738+0333] white noise for S-wide_PUPPI (1737 TOAs)...
  [J1738+0333] white noise for L-wide_ASP (201 TOAs)...
  [J1738+0333] white noise for L-wide_PUPPI (6718 TOAs)...
  [J1741+1351] zeroing residuals...
  [J1741+1351] adding red noise...
  [J1741+1351] white noise for S-wide_ASP (115 TOAs)...
  [J1741+1351] white noise for 430_ASP (27 TOAs)...
  [J1741+1351] white noise for L-wide_ASP (236 TOAs)...
  [J1741+1351] white noise for L-wide_PUPPI (4045 TOAs)...
  [J1741+1351] white noise for 430_PUPPI (1159 TOAs)...
  [J1744-1134] zeroing residuals...
  [J1744-1134] adding red noise...
  [J1744-1134] white noise for Rcvr_800_GASP (930 TOAs)...
  [J1744-1134] white noise for Rcvr_800_GUPPI (7899 TOAs)...
  [J1744-1134] white noise for Rcvr1_2_GUPPI (8109 TOAs)...
  [J1744-1134] white noise for Rcvr1_2_GASP (807 TOAs)...
  [J1745+1017] zeroing residuals...
  [J1745+1017] adding red noise...
  [J1745+1017] white noise for S-wide_PUPPI (838 TOAs)...
  [J1745+1017] white noise for L-wide_PUPPI (2179 TOAs)...
  [J1747-4036] zeroing residuals...
  [J1747-4036] adding red noise...
  [J1747-4036] white noise for Rcvr_800_GUPPI (5816 TOAs)...
  [J1747-4036] white noise for Rcvr1_2_GUPPI (5239 TOAs)...
  [J1751-2857] zeroing residuals...
  [J1751-2857] adding red noise...
  [J1751-2857] white noise for Rcvr_800_GUPPI (239 TOAs)...
  [J1751-2857] white noise for Rcvr1_2_GUPPI (1786 TOAs)...
  [J1802-2124] zeroing residuals...
  [J1802-2124] adding red noise...
  [J1802-2124] white noise for Rcvr_800_GUPPI (3565 TOAs)...
  [J1802-2124] white noise for Rcvr1_2_GUPPI (3231 TOAs)...
  [J1811-2405] zeroing residuals...
  [J1811-2405] adding red noise...
  [J1811-2405] white noise for Rcvr_800_GUPPI (2628 TOAs)...
  [J1811-2405] white noise for Rcvr1_2_GUPPI (2638 TOAs)...
  [J1832-0836] zeroing residuals...
  [J1832-0836] adding red noise...
  [J1832-0836] white noise for Rcvr_800_GUPPI (3078 TOAs)...
  [J1832-0836] white noise for Rcvr1_2_GUPPI (4661 TOAs)...
  [J1843-1113] zeroing residuals...
  [J1843-1113] adding red noise...
  [J1843-1113] white noise for Rcvr_800_GUPPI (2201 TOAs)...
  [J1843-1113] white noise for Rcvr1_2_GUPPI (2394 TOAs)...
  [J1853+1303] zeroing residuals...
  [J1853+1303] adding red noise...
  [J1853+1303] white noise for 430_PUPPI (1151 TOAs)...
  [J1853+1303] white noise for 430_ASP (24 TOAs)...
  [J1853+1303] white noise for L-wide_PUPPI (3362 TOAs)...
  [J1853+1303] white noise for L-wide_ASP (33 TOAs)...
  [J1903+0327] zeroing residuals...
  [J1903+0327] adding red noise...
  [J1903+0327] white noise for S-wide_ASP (151 TOAs)...
  [J1903+0327] white noise for L-wide_ASP (139 TOAs)...
  [J1903+0327] white noise for L-wide_PUPPI (3845 TOAs)...
  [J1903+0327] white noise for 3GHz_YUPPI (439 TOAs)...
  [J1903+0327] white noise for S-wide_PUPPI (2282 TOAs)...
  [J1909-3744] zeroing residuals...
  [J1909-3744] adding red noise...
  [J1909-3744] white noise for Rcvr1_2_GASP (808 TOAs)...
  [J1909-3744] white noise for Rcvr_800_GASP (866 TOAs)...
  [J1909-3744] white noise for Rcvr1_2_GUPPI (20439 TOAs)...
  [J1909-3744] white noise for 3GHz_YUPPI (3525 TOAs)...
  [J1909-3744] white noise for Rcvr_800_GUPPI (9399 TOAs)...
  [J1910+1256] zeroing residuals...
  [J1910+1256] adding red noise...
  [J1910+1256] white noise for S-wide_ASP (208 TOAs)...
  [J1910+1256] white noise for S-wide_PUPPI (1857 TOAs)...
  [J1910+1256] white noise for L-wide_ASP (297 TOAs)...
  [J1910+1256] white noise for L-wide_PUPPI (4124 TOAs)...
  [J1911+1347] zeroing residuals...
  [J1911+1347] adding red noise...
  [J1911+1347] white noise for 430_PUPPI (753 TOAs)...
  [J1911+1347] white noise for L-wide_PUPPI (3033 TOAs)...
  [J1918-0642] zeroing residuals...
  [J1918-0642] adding red noise...
  [J1918-0642] white noise for Rcvr_800_GASP (835 TOAs)...
  [J1918-0642] white noise for Rcvr_800_GUPPI (8352 TOAs)...
  [J1918-0642] white noise for Rcvr1_2_GUPPI (8910 TOAs)...
  [J1918-0642] white noise for Rcvr1_2_GASP (778 TOAs)...
  [J1923+2515] zeroing residuals...
  [J1923+2515] adding red noise...
  [J1923+2515] white noise for 430_PUPPI (922 TOAs)...
  [J1923+2515] white noise for 430_ASP (10 TOAs)...
  [J1923+2515] white noise for L-wide_PUPPI (3028 TOAs)...
  [J1923+2515] white noise for L-wide_ASP (14 TOAs)...
  [J1944+0907] zeroing residuals...
  [J1944+0907] adding red noise...
  [J1944+0907] white noise for S-wide_ASP (116 TOAs)...
  [J1944+0907] white noise for 430_ASP (38 TOAs)...
  [J1944+0907] white noise for L-wide_ASP (257 TOAs)...
  [J1944+0907] white noise for L-wide_PUPPI (3900 TOAs)...
  [J1944+0907] white noise for 430_PUPPI (1017 TOAs)...
  [J1946+3417] zeroing residuals...
  [J1946+3417] adding red noise...
  [J1946+3417] white noise for S-wide_PUPPI (1546 TOAs)...
  [J1946+3417] white noise for L-wide_PUPPI (3197 TOAs)...
  [J2010-1323] zeroing residuals...
  [J2010-1323] adding red noise...
  [J2010-1323] white noise for Rcvr_800_GASP (70 TOAs)...
  [J2010-1323] white noise for Rcvr_800_GUPPI (9158 TOAs)...
  [J2010-1323] white noise for Rcvr1_2_GUPPI (7779 TOAs)...
  [J2010-1323] white noise for Rcvr1_2_GASP (70 TOAs)...
  [J2017+0603] zeroing residuals...
  [J2017+0603] adding red noise...
  [J2017+0603] white noise for 430_PUPPI (78 TOAs)...
  [J2017+0603] white noise for L-wide_ASP (16 TOAs)...
  [J2017+0603] white noise for L-wide_PUPPI (2569 TOAs)...
  [J2017+0603] white noise for S-wide_PUPPI (849 TOAs)...
  [J2033+1734] zeroing residuals...
  [J2033+1734] adding red noise...
  [J2033+1734] white noise for 430_PUPPI (797 TOAs)...
  [J2033+1734] white noise for L-wide_PUPPI (3050 TOAs)...
  [J2043+1711] zeroing residuals...
  [J2043+1711] adding red noise...
  [J2043+1711] white noise for 430_PUPPI (2908 TOAs)...
  [J2043+1711] white noise for 430_ASP (30 TOAs)...
  [J2043+1711] white noise for L-wide_PUPPI (4419 TOAs)...
  [J2043+1711] white noise for L-wide_ASP (40 TOAs)...
  [J2124-3358] zeroing residuals...
  [J2124-3358] adding red noise...
  [J2124-3358] white noise for Rcvr_800_GUPPI (2025 TOAs)...
  [J2124-3358] white noise for Rcvr1_2_GUPPI (2957 TOAs)...
  [J2145-0750] zeroing residuals...
  [J2145-0750] adding red noise...
  [J2145-0750] white noise for Rcvr_800_GASP (362 TOAs)...
  [J2145-0750] white noise for Rcvr_800_GUPPI (8728 TOAs)...
  [J2145-0750] white noise for Rcvr1_2_GUPPI (9158 TOAs)...
  [J2145-0750] white noise for Rcvr1_2_GASP (427 TOAs)...
  [J2214+3000] zeroing residuals...
  [J2214+3000] adding red noise...
  [J2214+3000] white noise for S-wide_PUPPI (1568 TOAs)...
  [J2214+3000] white noise for L-wide_ASP (9 TOAs)...
  [J2214+3000] white noise for L-wide_PUPPI (5829 TOAs)...
  [J2229+2643] zeroing residuals...
  [J2229+2643] adding red noise...
  [J2229+2643] white noise for 430_PUPPI (956 TOAs)...
  [J2229+2643] white noise for L-wide_PUPPI (2755 TOAs)...
  [J2234+0611] zeroing residuals...
  [J2234+0611] adding red noise...
  [J2234+0611] white noise for 430_PUPPI (653 TOAs)...
  [J2234+0611] white noise for L-wide_PUPPI (2913 TOAs)...
  [J2234+0944] zeroing residuals...
  [J2234+0944] adding red noise...
  [J2234+0944] white noise for S-wide_PUPPI (2532 TOAs)...
  [J2234+0944] white noise for L-wide_PUPPI (5003 TOAs)...
  [J2302+4442] zeroing residuals...
  [J2302+4442] adding red noise...
  [J2302+4442] white noise for Rcvr_800_GUPPI (6432 TOAs)...
  [J2302+4442] white noise for Rcvr1_2_GUPPI (3779 TOAs)...
  [J2317+1439] zeroing residuals...
  [J2317+1439] adding red noise...
  [J2317+1439] white noise for 430_ASP (458 TOAs)...
  [J2317+1439] white noise for 327_PUPPI (276 TOAs)...
  [J2317+1439] white noise for L-wide_PUPPI (9563 TOAs)...
  [J2317+1439] white noise for 430_PUPPI (3217 TOAs)...
  [J2317+1439] white noise for 327_ASP (413 TOAs)...
  [J2322+2057] zeroing residuals...
  [J2322+2057] adding red noise...
  [J2322+2057] white noise for 430_PUPPI (752 TOAs)...
  [J2322+2057] white noise for S-wide_PUPPI (140 TOAs)...
  [J2322+2057] white noise for L-wide_PUPPI (2196 TOAs)...
Resetting pulsars to clean stoas...
Restore: 0.00 s
Inject: 0.00 s
Snapshotting into enterprise Pulsar objects...
Building PTA...
PTA build: 532.38 s
Computing optimal statistic...
OS time: 43.12 s
Total: 575.49 s
Noise-only SNR baseline: -0.2763

Generating SNR-consistent population...
Target SNR: 4.0
Resetting pulsars to clean stoas...
Restore: 0.00 s
Injecting population...
  B1855+09: RMS = 2127.349 ns
  B1937+21: RMS = 1567.210 ns
  B1953+29: RMS = 1062.368 ns
  J0023+0923: RMS = 1854.496 ns
  J0030+0451: RMS = 1371.218 ns
  J0340+4130: RMS = 1945.473 ns
  J0406+3039: RMS = 1575.612 ns
  J0437-4715: RMS = 1437.791 ns
  J0509+0856: RMS = 1026.333 ns
  J0557+1551: RMS = 3032.013 ns
  J0605+3757: RMS = 3031.302 ns
  J0610-2100: RMS = 1972.845 ns
  J0613-0200: RMS = 2343.397 ns
  J0636+5128: RMS = 1425.963 ns
  J0645+5158: RMS = 1584.097 ns
  J0709+0458: RMS = 2981.814 ns
  J0740+6620: RMS = 632.736 ns
  J0931-1902: RMS = 1208.528 ns
  J1012+5307: RMS = 5032.280 ns
  J1012-4235: RMS = 2377.960 ns
  J1022+1001: RMS = 4312.044 ns
  J1024-0719: RMS = 1902.083 ns
  J1125+7819: RMS = 2139.092 ns
  J1312+0051: RMS = 337.845 ns
  J1453+1902: RMS = 582.134 ns
  J1455-3330: RMS = 2459.759 ns
  J1600-3053: RMS = 1409.448 ns
  J1614-2230: RMS = 2236.059 ns
  J1630+3734: RMS = 998.240 ns
  J1640+2224: RMS = 2427.059 ns
  J1643-1224: RMS = 2114.140 ns
  J1705-1903: RMS = 592.133 ns
  J1713+0747: RMS = 1523.267 ns
  J1719-1438: RMS = 450.034 ns
  J1730-2304: RMS = 561.818 ns
  J1738+0333: RMS = 1265.840 ns
  J1741+1351: RMS = 1694.875 ns
  J1744-1134: RMS = 591.211 ns
  J1745+1017: RMS = 1464.482 ns
  J1747-4036: RMS = 1320.381 ns
  J1751-2857: RMS = 422.955 ns
  J1802-2124: RMS = 399.334 ns
  J1811-2405: RMS = 453.072 ns
  J1832-0836: RMS = 605.392 ns
  J1843-1113: RMS = 614.591 ns
  J1853+1303: RMS = 2059.441 ns
  J1903+0327: RMS = 2389.602 ns
  J1909-3744: RMS = 1861.848 ns
  J1910+1256: RMS = 2108.311 ns
  J1911+1347: RMS = 882.207 ns
  J1918-0642: RMS = 1874.957 ns
  J1923+2515: RMS = 1059.380 ns
  J1944+0907: RMS = 2597.747 ns
  J1946+3417: RMS = 458.539 ns
  J2010-1323: RMS = 2700.025 ns
  J2017+0603: RMS = 2050.373 ns
  J2033+1734: RMS = 2119.557 ns
  J2043+1711: RMS = 2362.671 ns
  J2124-3358: RMS = 997.549 ns
  J2145-0750: RMS = 3460.776 ns
  J2214+3000: RMS = 967.944 ns
  J2229+2643: RMS = 1255.156 ns
  J2234+0611: RMS = 2693.182 ns
  J2234+0944: RMS = 1908.794 ns
  J2302+4442: RMS = 1686.284 ns
  J2317+1439: RMS = 1635.458 ns
  J2322+2057: RMS = 437.470 ns
Inject: 0.78 s
Snapshotting into enterprise Pulsar objects...
Building PTA...
PTA build: 521.87 s
Computing optimal statistic...
OS time: 43.17 s
Total: 565.82 s
Initial SNR: 36.0889, Target SNR: 4.0000
  Initial SNR 36.0889 outside of provided SNR_range [3.5, 4.25] — rescaling.
Scaling distances by factor 2.9161 to achieve target SNR...
Resetting pulsars to clean stoas...
Restore: 0.00 s
Injecting population...
  B1855+09: RMS = 729.509 ns
  B1937+21: RMS = 537.427 ns
  B1953+29: RMS = 364.307 ns
  J0023+0923: RMS = 635.943 ns
  J0030+0451: RMS = 470.217 ns
  J0340+4130: RMS = 667.141 ns
  J0406+3039: RMS = 540.308 ns
  J0437-4715: RMS = 493.047 ns
  J0509+0856: RMS = 351.950 ns
  J0557+1551: RMS = 1039.736 ns
  J0605+3757: RMS = 1039.492 ns
  J0610-2100: RMS = 676.527 ns
  J0613-0200: RMS = 803.596 ns
  J0636+5128: RMS = 488.990 ns
  J0645+5158: RMS = 543.218 ns
  J0709+0458: RMS = 1022.522 ns
  J0740+6620: RMS = 216.978 ns
  J0931-1902: RMS = 414.428 ns
  J1012+5307: RMS = 1725.667 ns
  J1012-4235: RMS = 815.449 ns
  J1022+1001: RMS = 1478.684 ns
  J1024-0719: RMS = 652.261 ns
  J1125+7819: RMS = 733.536 ns
  J1312+0051: RMS = 115.853 ns
  J1453+1902: RMS = 199.625 ns
  J1455-3330: RMS = 843.499 ns
  J1600-3053: RMS = 483.327 ns
  J1614-2230: RMS = 766.788 ns
  J1630+3734: RMS = 342.316 ns
  J1640+2224: RMS = 832.286 ns
  J1643-1224: RMS = 724.980 ns
  J1705-1903: RMS = 203.054 ns
  J1713+0747: RMS = 522.358 ns
  J1719-1438: RMS = 154.326 ns
  J1730-2304: RMS = 192.658 ns
  J1738+0333: RMS = 434.081 ns
  J1741+1351: RMS = 581.206 ns
  J1744-1134: RMS = 202.738 ns
  J1745+1017: RMS = 502.200 ns
  J1747-4036: RMS = 452.784 ns
  J1751-2857: RMS = 145.039 ns
  J1802-2124: RMS = 136.939 ns
  J1811-2405: RMS = 155.367 ns
  J1832-0836: RMS = 207.601 ns
  J1843-1113: RMS = 210.755 ns
  J1853+1303: RMS = 706.223 ns
  J1903+0327: RMS = 819.441 ns
  J1909-3744: RMS = 638.464 ns
  J1910+1256: RMS = 722.981 ns
  J1911+1347: RMS = 302.526 ns
  J1918-0642: RMS = 642.959 ns
  J1923+2515: RMS = 363.282 ns
  J1944+0907: RMS = 890.818 ns
  J1946+3417: RMS = 157.242 ns
  J2010-1323: RMS = 925.891 ns
  J2017+0603: RMS = 703.113 ns
  J2033+1734: RMS = 726.837 ns
  J2043+1711: RMS = 810.206 ns
  J2124-3358: RMS = 342.079 ns
  J2145-0750: RMS = 1186.767 ns
  J2214+3000: RMS = 331.927 ns
  J2229+2643: RMS = 430.417 ns
  J2234+0611: RMS = 923.545 ns
  J2234+0944: RMS = 654.563 ns
  J2302+4442: RMS = 578.259 ns
  J2317+1439: RMS = 560.830 ns
  J2322+2057: RMS = 150.017 ns
Inject: 0.78 s
Snapshotting into enterprise Pulsar objects...
Building PTA...
PTA build: 529.61 s
Computing optimal statistic...
OS time: 43.33 s
Total: 573.72 s
  ✓ SNR is within the provided SNR_range: 3.6967 ∈ [3.5, 4.25]

Final SNR history:
  it 0: cumulative_scale=1.0000×  SNR=36.0889
  it 1: cumulative_scale=2.9161×  SNR=3.6967
✓ Simulation 1 done (1140.8 s)

======================================================================
ENSEMBLE SUMMARY
======================================================================
Success rate: 100.0% (1/1)

Binaries per population:
  Mean ± std : 20000 ± 0
  Range      : [20000, 20000]

SNR achieved:
  Mean ± std : 3.6967 ± 0.0000
  Range      : [3.6967, 3.6967]

Total time: 1754.9 s (29.2 min)
======================================================================

💾 Saved: data/2026-04-29/realistic_run_248/consistent_population_realistic_targetSNR4.25_sims1.json
💾 Saved compressed pickle: data/2026-04-29/realistic_run_248/consistent_population_realistic_targetSNR4.25_sims1.pkl.gz

======================================================================
CONTINUOUS WAVE SNR ANALYSIS
======================================================================

--- Population 1 ---
Precomputation of phiinvs, TNTs, Ts, Nvecs, Sigmas took 0.03 seconds.
Total SNR computation for population took 444.74 seconds.
Top 50 CGW candidates:
   1. proxy_rank=  29  sky_w=1.06  f=6.03e-09 Hz  Mc=1.93e+10 Msun  h0=4.10e-15  SNR=5.671
   2. proxy_rank=  12  sky_w=0.81  f=5.94e-09 Hz  Mc=2.70e+10 Msun  h0=8.84e-15  SNR=3.640
   3. proxy_rank= 232  sky_w=1.08  f=1.52e-08 Hz  Mc=5.88e+09 Msun  h0=2.02e-15  SNR=3.314
   4. proxy_rank=  76  sky_w=1.43  f=6.74e-09 Hz  Mc=1.14e+10 Msun  h0=1.82e-15  SNR=3.248
   5. proxy_rank= 198  sky_w=1.20  f=1.30e-08 Hz  Mc=8.36e+09 Msun  h0=1.81e-15  SNR=3.191
   6. proxy_rank=   2  sky_w=1.37  f=2.78e-09 Hz  Mc=2.37e+10 Msun  h0=3.92e-15  SNR=3.181
   7. proxy_rank=   5  sky_w=0.52  f=3.41e-09 Hz  Mc=3.93e+10 Msun  h0=9.11e-15  SNR=3.004
   8. proxy_rank=  16  sky_w=1.54  f=3.80e-09 Hz  Mc=1.76e+10 Msun  h0=2.56e-15  SNR=2.495
   9. proxy_rank=   1  sky_w=1.24  f=3.16e-09 Hz  Mc=3.01e+10 Msun  h0=6.24e-15  SNR=2.324
  10. proxy_rank= 114  sky_w=1.62  f=6.35e-09 Hz  Mc=9.29e+09 Msun  h0=1.10e-15  SNR=2.234
  11. proxy_rank=  10  sky_w=1.32  f=3.25e-09 Hz  Mc=2.20e+10 Msun  h0=3.05e-15  SNR=2.055
  12. proxy_rank=  14  sky_w=1.19  f=2.71e-09 Hz  Mc=1.60e+10 Msun  h0=2.56e-15  SNR=1.912
  13. proxy_rank= 160  sky_w=1.28  f=6.91e-09 Hz  Mc=8.52e+09 Msun  h0=1.13e-15  SNR=1.893
  14. proxy_rank=   8  sky_w=1.26  f=2.75e-09 Hz  Mc=2.30e+10 Msun  h0=2.92e-15  SNR=1.826
  15. proxy_rank= 142  sky_w=1.20  f=1.24e-08 Hz  Mc=1.02e+10 Msun  h0=2.40e-15  SNR=1.767
  16. proxy_rank=  30  sky_w=0.96  f=5.62e-09 Hz  Mc=2.17e+10 Msun  h0=4.20e-15  SNR=1.764
  17. proxy_rank=  65  sky_w=1.33  f=4.48e-09 Hz  Mc=1.25e+10 Msun  h0=1.52e-15  SNR=1.737
  18. proxy_rank=  43  sky_w=0.55  f=4.36e-09 Hz  Mc=2.12e+10 Msun  h0=4.89e-15  SNR=1.676
  19. proxy_rank= 100  sky_w=1.41  f=4.88e-09 Hz  Mc=1.02e+10 Msun  h0=1.09e-15  SNR=1.643
  20. proxy_rank= 108  sky_w=1.32  f=5.11e-09 Hz  Mc=1.01e+10 Msun  h0=1.14e-15  SNR=1.631
  21. proxy_rank=  48  sky_w=0.84  f=3.51e-09 Hz  Mc=1.76e+10 Msun  h0=2.34e-15  SNR=1.558
  22. proxy_rank=  73  sky_w=1.04  f=5.73e-09 Hz  Mc=1.46e+10 Msun  h0=2.23e-15  SNR=1.396
  23. proxy_rank=  41  sky_w=0.96  f=3.73e-09 Hz  Mc=1.66e+10 Msun  h0=2.46e-15  SNR=1.387
  24. proxy_rank= 138  sky_w=0.96  f=5.48e-09 Hz  Mc=1.12e+10 Msun  h0=1.38e-15  SNR=1.367
  25. proxy_rank= 365  sky_w=1.39  f=1.26e-08 Hz  Mc=4.65e+09 Msun  h0=8.26e-16  SNR=1.340
  26. proxy_rank=   7  sky_w=1.13  f=2.46e-09 Hz  Mc=2.10e+10 Msun  h0=2.94e-15  SNR=1.336
  27. proxy_rank=   4  sky_w=1.15  f=2.57e-09 Hz  Mc=2.27e+10 Msun  h0=3.13e-15  SNR=1.230
  28. proxy_rank=  39  sky_w=1.03  f=2.94e-09 Hz  Mc=1.67e+10 Msun  h0=1.85e-15  SNR=1.196
  29. proxy_rank=  13  sky_w=0.97  f=3.39e-09 Hz  Mc=2.62e+10 Msun  h0=4.13e-15  SNR=1.194
  30. proxy_rank= 136  sky_w=1.46  f=9.51e-09 Hz  Mc=8.09e+09 Msun  h0=1.60e-15  SNR=1.191
  31. proxy_rank=  33  sky_w=1.43  f=4.78e-09 Hz  Mc=1.58e+10 Msun  h0=2.37e-15  SNR=1.167
  32. proxy_rank= 103  sky_w=1.15  f=5.74e-09 Hz  Mc=1.15e+10 Msun  h0=1.53e-15  SNR=1.117
  33. proxy_rank=   9  sky_w=1.51  f=2.36e-09 Hz  Mc=1.67e+10 Msun  h0=2.10e-15  SNR=1.114
  34. proxy_rank=   6  sky_w=1.25  f=2.77e-09 Hz  Mc=2.36e+10 Msun  h0=3.01e-15  SNR=1.112
  35. proxy_rank= 117  sky_w=1.26  f=4.79e-09 Hz  Mc=9.19e+09 Msun  h0=1.06e-15  SNR=1.109
  36. proxy_rank= 294  sky_w=0.52  f=6.45e-09 Hz  Mc=9.99e+09 Msun  h0=1.43e-15  SNR=1.083
  37. proxy_rank= 466  sky_w=1.32  f=1.06e-08 Hz  Mc=4.33e+09 Msun  h0=5.39e-16  SNR=1.054
  38. proxy_rank= 319  sky_w=0.78  f=8.95e-09 Hz  Mc=6.60e+09 Msun  h0=1.21e-15  SNR=1.020
  39. proxy_rank= 227  sky_w=0.93  f=5.93e-09 Hz  Mc=8.47e+09 Msun  h0=9.45e-16  SNR=0.980
  40. proxy_rank= 101  sky_w=1.31  f=7.07e-09 Hz  Mc=9.60e+09 Msun  h0=1.69e-15  SNR=0.959
  41. proxy_rank=  36  sky_w=1.10  f=2.66e-09 Hz  Mc=1.33e+10 Msun  h0=1.67e-15  SNR=0.942
  42. proxy_rank=  34  sky_w=1.36  f=2.76e-09 Hz  Mc=1.44e+10 Msun  h0=1.41e-15  SNR=0.929
  43. proxy_rank=  11  sky_w=1.24  f=2.14e-09 Hz  Mc=1.01e+10 Msun  h0=2.09e-15  SNR=0.923
  44. proxy_rank=  21  sky_w=0.89  f=2.67e-09 Hz  Mc=1.83e+10 Msun  h0=2.77e-15  SNR=0.914
  45. proxy_rank=  74  sky_w=1.62  f=3.23e-09 Hz  Mc=7.66e+09 Msun  h0=8.07e-16  SNR=0.907
  46. proxy_rank=  24  sky_w=1.35  f=2.39e-09 Hz  Mc=1.59e+10 Msun  h0=1.42e-15  SNR=0.880
  47. proxy_rank=  42  sky_w=0.63  f=2.43e-09 Hz  Mc=2.16e+10 Msun  h0=2.39e-15  SNR=0.878
  48. proxy_rank= 126  sky_w=1.12  f=4.24e-09 Hz  Mc=1.02e+10 Msun  h0=9.87e-16  SNR=0.874
  49. proxy_rank=   3  sky_w=1.44  f=2.40e-09 Hz  Mc=2.49e+10 Msun  h0=3.04e-15  SNR=0.843
  50. proxy_rank=  18  sky_w=0.82  f=2.66e-09 Hz  Mc=2.40e+10 Msun  h0=3.15e-15  SNR=0.841
💾 Saved: data/2026-04-29/realistic_run_248/consistent_population_realistic_targetSNR4.25_sims1.json
💾 Saved compressed pickle: data/2026-04-29/realistic_run_248/consistent_population_realistic_targetSNR4.25_sims1.pkl.gz
Saved to figures/cgw_analysis_realistic.pdf

======================================================================
ANALYSIS COMPLETE
Results saved to: data/2026-04-29/realistic_run_248
======================================================================

==========================================
Job finished at: Wed Apr 29 14:33:08 AEST 2026
Exit code: 0
==========================================

+------------------ Job Report: 11738924 (COMPLETED) ------------------+
| Memory (RAM)  [##################  ] 91.9% (29.4 GB peak / 32 GB)    |
| CPU           [##############      ] 73.7% average                   |
| Time          [--------->          ] 49.8% (0-00:39:52 / 0-01:20:00) |
|                                                                      |
| Lustre Filesystem:                                                   |
|   Path    Total Read    Total Write      Total IOPS                  |
|   ------  ------------  -------------  ------------                  |
|   /apps   0 B           0 B                      5                   |
|   /fred   8 KB          6.4 MB                  26                   |
|   /home   16 KB         0 B                     27                   |
|                                                                      |
| Warnings:                                                            |
|   - CPU usage is low                                                 |
|   - Too much time requested                                          |
+----------------------------------------------------------------------+
