==========================================
Job ID: 11728563
Job Name: smbhb_optimistic
Node: dave310
Start Time: Wed Apr 29 10:06:05 AEST 2026
==========================================

/home/bhoulden/.conda/envs/smbhb312/share/tempo2
Working directory: /fred/oz005/users/bhoulden/SMBHB_population_injections

Loaded modules:

Starting SMBHB analysis...
==========================================

📁 Save directory: data/2026-04-29/optimistic_run_29
📝 Run name: optimistic_run_29

[MEM] Start: 244.3 MB

📡 Loading pulsars...
======================================================================
LOADING NANOGRAV PULSARS (libstempo)
======================================================================

📦 Loading from cache: nanograv_pulsars_cache.pkl
⚠ Cache load failed: Ran out of input
[DEBUG] Found 76 .par files
[tempo2Util.C:396] Warning: [MISC1] Unknown parameter in par file:  DMDATA
[tempo2Util.C:401] Warning: [DUP1] duplicated warnings have been suppressed.

WARNING: Using tempo RNAMP parameter: setting TNRedC to 100!
[observatory.C:271] Warning: Assuming site 'arecibo' means 'ao'
✓ Loaded B1855+09 (7758 TOAs)

WARNING: Using tempo RNAMP parameter: setting TNRedC to 100!
✓ Loaded B1937+21 (23023 TOAs)

WARNING: Using tempo RNAMP parameter: setting TNRedC to 100!
✓ Loaded B1937+21ao (7241 TOAs)

WARNING: Using tempo RNAMP parameter: setting TNRedC to 100!
✓ Loaded B1937+21gbt (16048 TOAs)

WARNING: Using tempo RNAMP parameter: setting TNRedC to 100!
✓ Loaded B1953+29 (5126 TOAs)
✓ Loaded J0023+0923 (15896 TOAs)

WARNING: Using tempo RNAMP parameter: setting TNRedC to 100!
✓ Loaded J0030+0451 (19571 TOAs)
✓ Loaded J0340+4130 (11093 TOAs)
✓ Loaded J0406+3039 (2446 TOAs)

WARNING: Using tempo RNAMP parameter: setting TNRedC to 100!
✓ Loaded J0437-4715 (5830 TOAs)
✓ Loaded J0509+0856 (2169 TOAs)
✓ Loaded J0557+1551 (525 TOAs)
✓ Loaded J0605+3757 (554 TOAs)

WARNING: Using tempo RNAMP parameter: setting TNRedC to 100!
✓ Loaded J0610-2100 (4885 TOAs)

WARNING: Using tempo RNAMP parameter: setting TNRedC to 100!
✓ Loaded J0613-0200 (17124 TOAs)
✓ Loaded J0614-3329 (1714 TOAs)
✓ Loaded J0636+5128 (32222 TOAs)
✓ Loaded J0645+5158 (10403 TOAs)
✓ Loaded J0709+0458 (3030 TOAs)
✓ Loaded J0740+6620 (13401 TOAs)
✓ Loaded J0931-1902 (5473 TOAs)

WARNING: Using tempo RNAMP parameter: setting TNRedC to 100!
✓ Loaded J1012+5307 (25837 TOAs)
✓ Loaded J1012-4235 (797 TOAs)
✓ Loaded J1022+1001 (3978 TOAs)
✓ Loaded J1024-0719 (12635 TOAs)
✓ Loaded J1125+7819 (8723 TOAs)
✓ Loaded J1312+0051 (1705 TOAs)
✓ Loaded J1453+1902 (2551 TOAs)
✓ Loaded J1455-3330 (10818 TOAs)

WARNING: Using tempo RNAMP parameter: setting TNRedC to 100!
✓ Loaded J1600-3053 (22955 TOAs)

WARNING: Using tempo RNAMP parameter: setting TNRedC to 100!
✓ Loaded J1600-3053gbt (19725 TOAs)

WARNING: Using tempo RNAMP parameter: setting TNRedC to 100!
✓ Loaded J1614-2230 (18445 TOAs)
✓ Loaded J1630+3734 (1815 TOAs)
✓ Loaded J1640+2224 (14066 TOAs)

WARNING: Using tempo RNAMP parameter: setting TNRedC to 100!
✓ Loaded J1643-1224 (22144 TOAs)

WARNING: Using tempo RNAMP parameter: setting TNRedC to 100!
✓ Loaded J1643-1224gbt (17932 TOAs)

WARNING: Using tempo RNAMP parameter: setting TNRedC to 100!
✓ Loaded J1705-1903 (9871 TOAs)

WARNING: Using tempo RNAMP parameter: setting TNRedC to 100!
✓ Loaded J1713+0747 (59389 TOAs)

WARNING: Using tempo RNAMP parameter: setting TNRedC to 100!
✓ Loaded J1713+0747ao (21362 TOAs)

WARNING: Using tempo RNAMP parameter: setting TNRedC to 100!
✓ Loaded J1713+0747gbt (32963 TOAs)
✓ Loaded J1719-1438 (6356 TOAs)
✓ Loaded J1730-2304 (4870 TOAs)
✓ Loaded J1738+0333 (8790 TOAs)
✓ Loaded J1741+1351 (5582 TOAs)

WARNING: Using tempo RNAMP parameter: setting TNRedC to 100!
✓ Loaded J1744-1134 (17745 TOAs)

WARNING: Using tempo RNAMP parameter: setting TNRedC to 100!
✓ Loaded J1745+1017 (3017 TOAs)

WARNING: Using tempo RNAMP parameter: setting TNRedC to 100!
✓ Loaded J1747-4036 (11055 TOAs)
✓ Loaded J1751-2857 (2025 TOAs)

WARNING: Using tempo RNAMP parameter: setting TNRedC to 100!
✓ Loaded J1802-2124 (6796 TOAs)
✓ Loaded J1811-2405 (5266 TOAs)
✓ Loaded J1832-0836 (7739 TOAs)
✓ Loaded J1843-1113 (4595 TOAs)

WARNING: Using tempo RNAMP parameter: setting TNRedC to 100!
✓ Loaded J1853+1303 (4570 TOAs)

WARNING: Using tempo RNAMP parameter: setting TNRedC to 100!
✓ Loaded J1903+0327 (6856 TOAs)

WARNING: Using tempo RNAMP parameter: setting TNRedC to 100!
✓ Loaded J1903+0327ao (6423 TOAs)

WARNING: Using tempo RNAMP parameter: setting TNRedC to 100!
✓ Loaded J1909-3744 (35037 TOAs)

WARNING: Using tempo RNAMP parameter: setting TNRedC to 100!
✓ Loaded J1909-3744gbt (31526 TOAs)
✓ Loaded J1910+1256 (6486 TOAs)
✓ Loaded J1911+1347 (3786 TOAs)
✓ Loaded J1918-0642 (18875 TOAs)
✓ Loaded J1923+2515 (3974 TOAs)
✓ Loaded J1944+0907 (5328 TOAs)

WARNING: Using tempo RNAMP parameter: setting TNRedC to 100!
✓ Loaded J1946+3417 (4743 TOAs)
✓ Loaded J2010-1323 (17077 TOAs)
✓ Loaded J2017+0603 (3512 TOAs)
✓ Loaded J2033+1734 (3847 TOAs)
✓ Loaded J2043+1711 (7397 TOAs)
✓ Loaded J2124-3358 (4982 TOAs)

WARNING: Using tempo RNAMP parameter: setting TNRedC to 100!
✓ Loaded J2145-0750 (18675 TOAs)
✓ Loaded J2214+3000 (7406 TOAs)
✓ Loaded J2229+2643 (3711 TOAs)

WARNING: Using tempo RNAMP parameter: setting TNRedC to 100!
✓ Loaded J2234+0611 (3566 TOAs)
✓ Loaded J2234+0944 (7535 TOAs)
✓ Loaded J2302+4442 (10211 TOAs)
✓ Loaded J2317+1439 (13927 TOAs)
✓ Loaded J2322+2057 (3088 TOAs)
⚠ Could not save cache: no default __reduce__ due to non-trivial __cinit__

✓ Loaded 76 pulsars
✗ Failed: 0 — []
[MEM] After loading pulsars: 8878.0 MB

🔍 Filtering pulsars...

Filtered: 76 → 67 pulsars
[MEM] After filtering pulsars: 8881.1 MB
[MEM] After garbage collection: 8881.2 MB

======================================================================
SMBHB POPULATION ANALYSIS
======================================================================

Configuration: optimistic
  Larger mass, higher spread in distance, small population
  N_binaries: 500

======================================================================
CONSISTENT POPULATION SYNTHESIS
======================================================================

======================================================================
GENERATING SNR-CONSISTENT POPULATIONS
======================================================================
Target SNR:          4.0
Simulations:         1
======================================================================


──────────────────────────────────────────────────────────────────────
SIMULATION 1/1
──────────────────────────────────────────────────────────────────────
  [B1855+09] zeroing residuals...
  [B1855+09] adding red noise...
  [B1855+09] white noise for L-wide_PUPPI (5005 TOAs)...
  [B1855+09] white noise for 430_ASP (390 TOAs)...
  [B1855+09] white noise for 430_PUPPI (1185 TOAs)...
  [B1855+09] white noise for L-wide_ASP (1178 TOAs)...
  [B1937+21] zeroing residuals...
  [B1937+21] adding red noise...
  [B1937+21] white noise for L-wide_PUPPI (4133 TOAs)...
  [B1937+21] white noise for L-wide_ASP (452 TOAs)...
  [B1937+21] white noise for Rcvr_800_GUPPI (7140 TOAs)...
  [B1937+21] white noise for Rcvr_800_GASP (586 TOAs)...
  [B1937+21] white noise for Rcvr1_2_GASP (1069 TOAs)...
  [B1937+21] white noise for S-wide_PUPPI (2251 TOAs)...
  [B1937+21] white noise for S-wide_ASP (344 TOAs)...
  [B1937+21] white noise for Rcvr1_2_GUPPI (7048 TOAs)...
  [B1953+29] zeroing residuals...
  [B1953+29] adding red noise...
  [B1953+29] white noise for L-wide_PUPPI (4037 TOAs)...
  [B1953+29] white noise for 430_PUPPI (941 TOAs)...
  [B1953+29] white noise for L-wide_ASP (94 TOAs)...
  [B1953+29] white noise for 430_ASP (29 TOAs)...
  [B1953+29] white noise for S-wide_ASP (25 TOAs)...
  [J0023+0923] zeroing residuals...
  [J0023+0923] adding red noise...
  [J0023+0923] white noise for L-wide_PUPPI (11123 TOAs)...
  [J0023+0923] white noise for 430_ASP (90 TOAs)...
  [J0023+0923] white noise for 430_PUPPI (4564 TOAs)...
  [J0023+0923] white noise for L-wide_ASP (119 TOAs)...
  [J0030+0451] zeroing residuals...
  [J0030+0451] adding red noise...
  [J0030+0451] white noise for L-wide_PUPPI (12774 TOAs)...
  [J0030+0451] white noise for 430_PUPPI (3068 TOAs)...
  [J0030+0451] white noise for L-wide_ASP (789 TOAs)...
  [J0030+0451] white noise for 430_ASP (267 TOAs)...
  [J0030+0451] white noise for S-wide_PUPPI (2673 TOAs)...
  [J0340+4130] zeroing residuals...
  [J0340+4130] adding red noise...
  [J0340+4130] white noise for Rcvr_800_GUPPI (6056 TOAs)...
  [J0340+4130] white noise for Rcvr1_2_GUPPI (5037 TOAs)...
  [J0406+3039] zeroing residuals...
  [J0406+3039] adding red noise...
  [J0406+3039] white noise for L-wide_PUPPI (1871 TOAs)...
  [J0406+3039] white noise for S-wide_PUPPI (575 TOAs)...
  [J0437-4715] zeroing residuals...
  [J0437-4715] adding red noise...
  [J0437-4715] white noise for 3GHz_YUPPI (3696 TOAs)...
  [J0437-4715] white noise for 1.5GHz_YUPPI (2134 TOAs)...
  [J0509+0856] zeroing residuals...
  [J0509+0856] adding red noise...
  [J0509+0856] white noise for L-wide_PUPPI (1625 TOAs)...
  [J0509+0856] white noise for S-wide_PUPPI (544 TOAs)...
  [J0557+1551] zeroing residuals...
  [J0557+1551] adding red noise...
  [J0557+1551] white noise for L-wide_PUPPI (467 TOAs)...
  [J0557+1551] white noise for S-wide_PUPPI (58 TOAs)...
  [J0605+3757] zeroing residuals...
  [J0605+3757] adding red noise...
  [J0605+3757] white noise for Rcvr_800_GUPPI (236 TOAs)...
  [J0605+3757] white noise for Rcvr1_2_GUPPI (318 TOAs)...
  [J0610-2100] zeroing residuals...
  [J0610-2100] adding red noise...
  [J0610-2100] white noise for Rcvr_800_GUPPI (2484 TOAs)...
  [J0610-2100] white noise for Rcvr1_2_GUPPI (2401 TOAs)...
  [J0613-0200] zeroing residuals...
  [J0613-0200] adding red noise...
  [J0613-0200] white noise for Rcvr1_2_GASP (992 TOAs)...
  [J0613-0200] white noise for Rcvr_800_GASP (809 TOAs)...
  [J0613-0200] white noise for Rcvr_800_GUPPI (7900 TOAs)...
  [J0613-0200] white noise for Rcvr1_2_GUPPI (7423 TOAs)...
  [J0636+5128] zeroing residuals...
  [J0636+5128] adding red noise...
  [J0636+5128] white noise for Rcvr_800_GUPPI (17419 TOAs)...
  [J0636+5128] white noise for Rcvr1_2_GUPPI (14803 TOAs)...
  [J0645+5158] zeroing residuals...
  [J0645+5158] adding red noise...
  [J0645+5158] white noise for Rcvr_800_GUPPI (4682 TOAs)...
  [J0645+5158] white noise for Rcvr1_2_GUPPI (5721 TOAs)...
  [J0709+0458] zeroing residuals...
  [J0709+0458] adding red noise...
  [J0709+0458] white noise for L-wide_PUPPI (2435 TOAs)...
  [J0709+0458] white noise for S-wide_PUPPI (595 TOAs)...
  [J0740+6620] zeroing residuals...
  [J0740+6620] adding red noise...
  [J0740+6620] white noise for Rcvr_800_GUPPI (5136 TOAs)...
  [J0740+6620] white noise for Rcvr1_2_GUPPI (8265 TOAs)...
  [J0931-1902] zeroing residuals...
  [J0931-1902] adding red noise...
  [J0931-1902] white noise for Rcvr_800_GUPPI (3419 TOAs)...
  [J0931-1902] white noise for Rcvr1_2_GUPPI (2054 TOAs)...
  [J1012+5307] zeroing residuals...
  [J1012+5307] adding red noise...
  [J1012+5307] white noise for Rcvr1_2_GASP (1479 TOAs)...
  [J1012+5307] white noise for Rcvr_800_GASP (1210 TOAs)...
  [J1012+5307] white noise for Rcvr_800_GUPPI (10299 TOAs)...
  [J1012+5307] white noise for Rcvr1_2_GUPPI (12849 TOAs)...
  [J1012-4235] zeroing residuals...
  [J1012-4235] adding red noise...
  [J1012-4235] white noise for Rcvr_800_GUPPI (342 TOAs)...
  [J1012-4235] white noise for Rcvr1_2_GUPPI (455 TOAs)...
  [J1022+1001] zeroing residuals...
  [J1022+1001] adding red noise...
  [J1022+1001] white noise for L-wide_PUPPI (2592 TOAs)...
  [J1022+1001] white noise for S-wide_PUPPI (1154 TOAs)...
  [J1022+1001] white noise for 430_PUPPI (232 TOAs)...
  [J1024-0719] zeroing residuals...
  [J1024-0719] adding red noise...
  [J1024-0719] white noise for Rcvr1_2_GASP (43 TOAs)...
  [J1024-0719] white noise for Rcvr_800_GASP (51 TOAs)...
  [J1024-0719] white noise for Rcvr_800_GUPPI (5455 TOAs)...
  [J1024-0719] white noise for Rcvr1_2_GUPPI (7086 TOAs)...
  [J1125+7819] zeroing residuals...
  [J1125+7819] adding red noise...
  [J1125+7819] white noise for Rcvr_800_GUPPI (4707 TOAs)...
  [J1125+7819] white noise for Rcvr1_2_GUPPI (4016 TOAs)...
  [J1312+0051] zeroing residuals...
  [J1312+0051] adding red noise...
  [J1312+0051] white noise for L-wide_PUPPI (1289 TOAs)...
  [J1312+0051] white noise for S-wide_PUPPI (416 TOAs)...
  [J1453+1902] zeroing residuals...
  [J1453+1902] adding red noise...
  [J1453+1902] white noise for L-wide_PUPPI (2122 TOAs)...
  [J1453+1902] white noise for S-wide_PUPPI (4 TOAs)...
  [J1453+1902] white noise for 430_PUPPI (425 TOAs)...
  [J1455-3330] zeroing residuals...
  [J1455-3330] adding red noise...
  [J1455-3330] white noise for Rcvr1_2_GASP (564 TOAs)...
  [J1455-3330] white noise for Rcvr_800_GASP (479 TOAs)...
  [J1455-3330] white noise for Rcvr_800_GUPPI (4843 TOAs)...
  [J1455-3330] white noise for Rcvr1_2_GUPPI (4932 TOAs)...
  [J1600-3053] zeroing residuals...
  [J1600-3053] adding red noise...
  [J1600-3053] white noise for Rcvr_800_GUPPI (8796 TOAs)...
  [J1600-3053] white noise for Rcvr_800_GASP (297 TOAs)...
  [J1600-3053] white noise for Rcvr1_2_GASP (457 TOAs)...
  [J1600-3053] white noise for 3GHz_YUPPI (3237 TOAs)...
  [J1600-3053] white noise for Rcvr1_2_GUPPI (10168 TOAs)...
  [J1614-2230] zeroing residuals...
  [J1614-2230] adding red noise...
  [J1614-2230] white noise for Rcvr1_2_GASP (84 TOAs)...
  [J1614-2230] white noise for Rcvr_800_GASP (84 TOAs)...
  [J1614-2230] white noise for Rcvr_800_GUPPI (7768 TOAs)...
  [J1614-2230] white noise for Rcvr1_2_GUPPI (10509 TOAs)...
  [J1630+3734] zeroing residuals...
  [J1630+3734] adding red noise...
  [J1630+3734] white noise for Rcvr_800_GUPPI (906 TOAs)...
  [J1630+3734] white noise for Rcvr1_2_GUPPI (909 TOAs)...
  [J1640+2224] zeroing residuals...
  [J1640+2224] adding red noise...
  [J1640+2224] white noise for L-wide_PUPPI (9847 TOAs)...
  [J1640+2224] white noise for 430_ASP (340 TOAs)...
  [J1640+2224] white noise for 430_PUPPI (3157 TOAs)...
  [J1640+2224] white noise for L-wide_ASP (722 TOAs)...
  [J1643-1224] zeroing residuals...
  [J1643-1224] adding red noise...
  [J1643-1224] white noise for Rcvr_800_GUPPI (7734 TOAs)...
  [J1643-1224] white noise for Rcvr_800_GASP (559 TOAs)...
  [J1643-1224] white noise for Rcvr1_2_GASP (833 TOAs)...
  [J1643-1224] white noise for 3GHz_YUPPI (4215 TOAs)...
  [J1643-1224] white noise for Rcvr1_2_GUPPI (8803 TOAs)...
  [J1705-1903] zeroing residuals...
  [J1705-1903] adding red noise...
  [J1705-1903] white noise for Rcvr_800_GUPPI (3521 TOAs)...
  [J1705-1903] white noise for Rcvr1_2_GUPPI (6350 TOAs)...
  [J1713+0747] zeroing residuals...
  [J1713+0747] adding red noise...
  [J1713+0747] white noise for L-wide_PUPPI (12743 TOAs)...
  [J1713+0747] white noise for L-wide_ASP (843 TOAs)...
  [J1713+0747] white noise for Rcvr_800_GUPPI (8479 TOAs)...
  [J1713+0747] white noise for Rcvr_800_GASP (1032 TOAs)...
  [J1713+0747] white noise for Rcvr1_2_GASP (1109 TOAs)...
  [J1713+0747] white noise for 3GHz_YUPPI (3282 TOAs)...
  [J1713+0747] white noise for S-wide_PUPPI (7482 TOAs)...
  [J1713+0747] white noise for S-wide_ASP (624 TOAs)...
  [J1713+0747] white noise for 1.5GHz_YUPPI (1461 TOAs)...
  [J1713+0747] white noise for Rcvr1_2_GUPPI (22334 TOAs)...
  [J1719-1438] zeroing residuals...
  [J1719-1438] adding red noise...
  [J1719-1438] white noise for Rcvr_800_GUPPI (3634 TOAs)...
  [J1719-1438] white noise for Rcvr1_2_GUPPI (2722 TOAs)...
  [J1730-2304] zeroing residuals...
  [J1730-2304] adding red noise...
  [J1730-2304] white noise for Rcvr_800_GUPPI (2503 TOAs)...
  [J1730-2304] white noise for Rcvr1_2_GUPPI (2367 TOAs)...
  [J1738+0333] zeroing residuals...
  [J1738+0333] adding red noise...
  [J1738+0333] white noise for L-wide_PUPPI (6718 TOAs)...
  [J1738+0333] white noise for S-wide_PUPPI (1737 TOAs)...
  [J1738+0333] white noise for S-wide_ASP (134 TOAs)...
  [J1738+0333] white noise for L-wide_ASP (201 TOAs)...
  [J1741+1351] zeroing residuals...
  [J1741+1351] adding red noise...
  [J1741+1351] white noise for L-wide_PUPPI (4045 TOAs)...
  [J1741+1351] white noise for 430_PUPPI (1159 TOAs)...
  [J1741+1351] white noise for L-wide_ASP (236 TOAs)...
  [J1741+1351] white noise for 430_ASP (27 TOAs)...
  [J1741+1351] white noise for S-wide_ASP (115 TOAs)...
  [J1744-1134] zeroing residuals...
  [J1744-1134] adding red noise...
  [J1744-1134] white noise for Rcvr1_2_GASP (807 TOAs)...
  [J1744-1134] white noise for Rcvr_800_GASP (930 TOAs)...
  [J1744-1134] white noise for Rcvr_800_GUPPI (7899 TOAs)...
  [J1744-1134] white noise for Rcvr1_2_GUPPI (8109 TOAs)...
  [J1745+1017] zeroing residuals...
  [J1745+1017] adding red noise...
  [J1745+1017] white noise for L-wide_PUPPI (2179 TOAs)...
  [J1745+1017] white noise for S-wide_PUPPI (838 TOAs)...
  [J1747-4036] zeroing residuals...
  [J1747-4036] adding red noise...
  [J1747-4036] white noise for Rcvr_800_GUPPI (5816 TOAs)...
  [J1747-4036] white noise for Rcvr1_2_GUPPI (5239 TOAs)...
  [J1751-2857] zeroing residuals...
  [J1751-2857] adding red noise...
  [J1751-2857] white noise for Rcvr_800_GUPPI (239 TOAs)...
  [J1751-2857] white noise for Rcvr1_2_GUPPI (1786 TOAs)...
  [J1802-2124] zeroing residuals...
  [J1802-2124] adding red noise...
  [J1802-2124] white noise for Rcvr_800_GUPPI (3565 TOAs)...
  [J1802-2124] white noise for Rcvr1_2_GUPPI (3231 TOAs)...
  [J1811-2405] zeroing residuals...
  [J1811-2405] adding red noise...
  [J1811-2405] white noise for Rcvr_800_GUPPI (2628 TOAs)...
  [J1811-2405] white noise for Rcvr1_2_GUPPI (2638 TOAs)...
  [J1832-0836] zeroing residuals...
  [J1832-0836] adding red noise...
  [J1832-0836] white noise for Rcvr_800_GUPPI (3078 TOAs)...
  [J1832-0836] white noise for Rcvr1_2_GUPPI (4661 TOAs)...
  [J1843-1113] zeroing residuals...
  [J1843-1113] adding red noise...
  [J1843-1113] white noise for Rcvr_800_GUPPI (2201 TOAs)...
  [J1843-1113] white noise for Rcvr1_2_GUPPI (2394 TOAs)...
  [J1853+1303] zeroing residuals...
  [J1853+1303] adding red noise...
  [J1853+1303] white noise for L-wide_PUPPI (3362 TOAs)...
  [J1853+1303] white noise for 430_ASP (24 TOAs)...
  [J1853+1303] white noise for 430_PUPPI (1151 TOAs)...
  [J1853+1303] white noise for L-wide_ASP (33 TOAs)...
  [J1903+0327] zeroing residuals...
  [J1903+0327] adding red noise...
  [J1903+0327] white noise for L-wide_PUPPI (3845 TOAs)...
  [J1903+0327] white noise for L-wide_ASP (139 TOAs)...
  [J1903+0327] white noise for 3GHz_YUPPI (439 TOAs)...
  [J1903+0327] white noise for S-wide_PUPPI (2282 TOAs)...
  [J1903+0327] white noise for S-wide_ASP (151 TOAs)...
  [J1909-3744] zeroing residuals...
  [J1909-3744] adding red noise...
  [J1909-3744] white noise for Rcvr_800_GUPPI (9399 TOAs)...
  [J1909-3744] white noise for Rcvr_800_GASP (866 TOAs)...
  [J1909-3744] white noise for Rcvr1_2_GASP (808 TOAs)...
  [J1909-3744] white noise for 3GHz_YUPPI (3525 TOAs)...
  [J1909-3744] white noise for Rcvr1_2_GUPPI (20439 TOAs)...
  [J1910+1256] zeroing residuals...
  [J1910+1256] adding red noise...
  [J1910+1256] white noise for L-wide_PUPPI (4124 TOAs)...
  [J1910+1256] white noise for S-wide_PUPPI (1857 TOAs)...
  [J1910+1256] white noise for S-wide_ASP (208 TOAs)...
  [J1910+1256] white noise for L-wide_ASP (297 TOAs)...
  [J1911+1347] zeroing residuals...
  [J1911+1347] adding red noise...
  [J1911+1347] white noise for L-wide_PUPPI (3033 TOAs)...
  [J1911+1347] white noise for 430_PUPPI (753 TOAs)...
  [J1918-0642] zeroing residuals...
  [J1918-0642] adding red noise...
  [J1918-0642] white noise for Rcvr1_2_GASP (778 TOAs)...
  [J1918-0642] white noise for Rcvr_800_GASP (835 TOAs)...
  [J1918-0642] white noise for Rcvr_800_GUPPI (8352 TOAs)...
  [J1918-0642] white noise for Rcvr1_2_GUPPI (8910 TOAs)...
  [J1923+2515] zeroing residuals...
  [J1923+2515] adding red noise...
  [J1923+2515] white noise for L-wide_PUPPI (3028 TOAs)...
  [J1923+2515] white noise for 430_ASP (10 TOAs)...
  [J1923+2515] white noise for 430_PUPPI (922 TOAs)...
  [J1923+2515] white noise for L-wide_ASP (14 TOAs)...
  [J1944+0907] zeroing residuals...
  [J1944+0907] adding red noise...
  [J1944+0907] white noise for L-wide_PUPPI (3900 TOAs)...
  [J1944+0907] white noise for 430_PUPPI (1017 TOAs)...
  [J1944+0907] white noise for L-wide_ASP (257 TOAs)...
  [J1944+0907] white noise for 430_ASP (38 TOAs)...
  [J1944+0907] white noise for S-wide_ASP (116 TOAs)...
  [J1946+3417] zeroing residuals...
  [J1946+3417] adding red noise...
  [J1946+3417] white noise for L-wide_PUPPI (3197 TOAs)...
  [J1946+3417] white noise for S-wide_PUPPI (1546 TOAs)...
  [J2010-1323] zeroing residuals...
  [J2010-1323] adding red noise...
  [J2010-1323] white noise for Rcvr1_2_GASP (70 TOAs)...
  [J2010-1323] white noise for Rcvr_800_GASP (70 TOAs)...
  [J2010-1323] white noise for Rcvr_800_GUPPI (9158 TOAs)...
  [J2010-1323] white noise for Rcvr1_2_GUPPI (7779 TOAs)...
  [J2017+0603] zeroing residuals...
  [J2017+0603] adding red noise...
  [J2017+0603] white noise for L-wide_PUPPI (2569 TOAs)...
  [J2017+0603] white noise for S-wide_PUPPI (849 TOAs)...
  [J2017+0603] white noise for 430_PUPPI (78 TOAs)...
  [J2017+0603] white noise for L-wide_ASP (16 TOAs)...
  [J2033+1734] zeroing residuals...
  [J2033+1734] adding red noise...
  [J2033+1734] white noise for L-wide_PUPPI (3050 TOAs)...
  [J2033+1734] white noise for 430_PUPPI (797 TOAs)...
  [J2043+1711] zeroing residuals...
  [J2043+1711] adding red noise...
  [J2043+1711] white noise for L-wide_PUPPI (4419 TOAs)...
  [J2043+1711] white noise for 430_ASP (30 TOAs)...
  [J2043+1711] white noise for 430_PUPPI (2908 TOAs)...
  [J2043+1711] white noise for L-wide_ASP (40 TOAs)...
  [J2124-3358] zeroing residuals...
  [J2124-3358] adding red noise...
  [J2124-3358] white noise for Rcvr_800_GUPPI (2025 TOAs)...
  [J2124-3358] white noise for Rcvr1_2_GUPPI (2957 TOAs)...
  [J2145-0750] zeroing residuals...
  [J2145-0750] adding red noise...
  [J2145-0750] white noise for Rcvr1_2_GASP (427 TOAs)...
  [J2145-0750] white noise for Rcvr_800_GASP (362 TOAs)...
  [J2145-0750] white noise for Rcvr_800_GUPPI (8728 TOAs)...
  [J2145-0750] white noise for Rcvr1_2_GUPPI (9158 TOAs)...
  [J2214+3000] zeroing residuals...
  [J2214+3000] adding red noise...
  [J2214+3000] white noise for L-wide_PUPPI (5829 TOAs)...
  [J2214+3000] white noise for S-wide_PUPPI (1568 TOAs)...
  [J2214+3000] white noise for L-wide_ASP (9 TOAs)...
  [J2229+2643] zeroing residuals...
  [J2229+2643] adding red noise...
  [J2229+2643] white noise for L-wide_PUPPI (2755 TOAs)...
  [J2229+2643] white noise for 430_PUPPI (956 TOAs)...
  [J2234+0611] zeroing residuals...
  [J2234+0611] adding red noise...
  [J2234+0611] white noise for L-wide_PUPPI (2913 TOAs)...
  [J2234+0611] white noise for 430_PUPPI (653 TOAs)...
  [J2234+0944] zeroing residuals...
  [J2234+0944] adding red noise...
  [J2234+0944] white noise for L-wide_PUPPI (5003 TOAs)...
  [J2234+0944] white noise for S-wide_PUPPI (2532 TOAs)...
  [J2302+4442] zeroing residuals...
  [J2302+4442] adding red noise...
  [J2302+4442] white noise for Rcvr_800_GUPPI (6432 TOAs)...
  [J2302+4442] white noise for Rcvr1_2_GUPPI (3779 TOAs)...
  [J2317+1439] zeroing residuals...
  [J2317+1439] adding red noise...
  [J2317+1439] white noise for L-wide_PUPPI (9563 TOAs)...
  [J2317+1439] white noise for 430_PUPPI (3217 TOAs)...
  [J2317+1439] white noise for 327_ASP (413 TOAs)...
  [J2317+1439] white noise for 327_PUPPI (276 TOAs)...
  [J2317+1439] white noise for 430_ASP (458 TOAs)...
  [J2322+2057] zeroing residuals...
  [J2322+2057] adding red noise...
  [J2322+2057] white noise for L-wide_PUPPI (2196 TOAs)...
  [J2322+2057] white noise for S-wide_PUPPI (140 TOAs)...
  [J2322+2057] white noise for 430_PUPPI (752 TOAs)...
Resetting pulsars to clean stoas...
Restore: 0.00 s
Inject: 0.00 s
Snapshotting into enterprise Pulsar objects...
Building PTA...
PTA build: 459.57 s
Computing optimal statistic...
OS time: 83.62 s
Total: 543.20 s
Noise-only SNR baseline: 0.4436

Generating SNR-consistent population...
Target SNR: 4.0
Resetting pulsars to clean stoas...
Restore: 26.34 s
Injecting population...
  B1855+09: RMS = 2536.937 ns
  B1937+21: RMS = 1567.057 ns
  B1953+29: RMS = 1796.877 ns
  J0023+0923: RMS = 4349.050 ns
  J0030+0451: RMS = 5200.235 ns
  J0340+4130: RMS = 6679.770 ns
  J0406+3039: RMS = 1462.100 ns
  J0437-4715: RMS = 2652.527 ns
  J0509+0856: RMS = 3416.423 ns
  J0557+1551: RMS = 1141.482 ns
  J0605+3757: RMS = 1844.137 ns
  J0610-2100: RMS = 3392.731 ns
  J0613-0200: RMS = 2687.461 ns
  J0636+5128: RMS = 2789.369 ns
  J0645+5158: RMS = 3015.746 ns
  J0709+0458: RMS = 5641.355 ns
  J0740+6620: RMS = 1878.128 ns
  J0931-1902: RMS = 5189.361 ns
  J1012+5307: RMS = 3417.406 ns
  J1012-4235: RMS = 7337.471 ns
  J1022+1001: RMS = 11318.274 ns
  J1024-0719: RMS = 9691.021 ns
  J1125+7819: RMS = 1480.598 ns
  J1312+0051: RMS = 5346.108 ns
  J1453+1902: RMS = 1966.735 ns
  J1455-3330: RMS = 4835.065 ns
  J1600-3053: RMS = 3913.798 ns
  J1614-2230: RMS = 4086.377 ns
  J1630+3734: RMS = 997.476 ns
  J1640+2224: RMS = 3813.857 ns
  J1643-1224: RMS = 3162.326 ns
  J1705-1903: RMS = 1192.199 ns
  J1713+0747: RMS = 1688.354 ns
  J1719-1438: RMS = 983.339 ns
  J1730-2304: RMS = 846.810 ns
  J1738+0333: RMS = 2459.623 ns
  J1741+1351: RMS = 1269.549 ns
  J1744-1134: RMS = 4010.956 ns
  J1745+1017: RMS = 1680.441 ns
  J1747-4036: RMS = 4871.802 ns
  J1751-2857: RMS = 988.161 ns
  J1802-2124: RMS = 1301.580 ns
  J1811-2405: RMS = 1994.453 ns
  J1832-0836: RMS = 2613.878 ns
  J1843-1113: RMS = 2445.305 ns
  J1853+1303: RMS = 1605.241 ns
  J1903+0327: RMS = 2892.834 ns
  J1909-3744: RMS = 5919.196 ns
  J1910+1256: RMS = 1839.698 ns
  J1911+1347: RMS = 2981.701 ns
  J1918-0642: RMS = 5036.596 ns
  J1923+2515: RMS = 1249.101 ns
  J1944+0907: RMS = 2509.509 ns
  J1946+3417: RMS = 1741.964 ns
  J2010-1323: RMS = 5478.633 ns
  J2017+0603: RMS = 2473.457 ns
  J2033+1734: RMS = 1269.587 ns
  J2043+1711: RMS = 1303.152 ns
  J2124-3358: RMS = 1307.448 ns
  J2145-0750: RMS = 4728.844 ns
  J2214+3000: RMS = 2098.875 ns
  J2229+2643: RMS = 2432.837 ns
  J2234+0611: RMS = 6280.378 ns
  J2234+0944: RMS = 2888.837 ns
  J2302+4442: RMS = 3760.016 ns
  J2317+1439: RMS = 4890.816 ns
  J2322+2057: RMS = 1237.205 ns
Inject: 0.68 s
Snapshotting into enterprise Pulsar objects...
Building PTA...
PTA build: 474.27 s
Computing optimal statistic...
OS time: 82.43 s
Total: 583.72 s
Initial SNR: 37.8570, Target SNR: 4.0000
  Initial SNR 37.8570 outside of provided SNR_range [3.5, 4.25] — rescaling.
Scaling distances by factor 3.2435 to achieve target SNR...
Resetting pulsars to clean stoas...
Restore: 6.68 s
Injecting population...
  B1855+09: RMS = 782.168 ns
  B1937+21: RMS = 483.143 ns
  B1953+29: RMS = 553.999 ns
  J0023+0923: RMS = 1340.865 ns
  J0030+0451: RMS = 1603.296 ns
  J0340+4130: RMS = 2059.454 ns
  J0406+3039: RMS = 450.783 ns
  J0437-4715: RMS = 817.806 ns
  J0509+0856: RMS = 1053.325 ns
  J0557+1551: RMS = 351.933 ns
  J0605+3757: RMS = 568.570 ns
  J0610-2100: RMS = 1046.020 ns
  J0613-0200: RMS = 828.577 ns
  J0636+5128: RMS = 859.996 ns
  J0645+5158: RMS = 929.791 ns
  J0709+0458: RMS = 1739.298 ns
  J0740+6620: RMS = 579.050 ns
  J0931-1902: RMS = 1599.943 ns
  J1012+5307: RMS = 1053.628 ns
  J1012-4235: RMS = 2262.231 ns
  J1022+1001: RMS = 3489.561 ns
  J1024-0719: RMS = 2987.859 ns
  J1125+7819: RMS = 456.486 ns
  J1312+0051: RMS = 1648.270 ns
  J1453+1902: RMS = 606.368 ns
  J1455-3330: RMS = 1490.709 ns
  J1600-3053: RMS = 1206.671 ns
  J1614-2230: RMS = 1259.880 ns
  J1630+3734: RMS = 307.534 ns
  J1640+2224: RMS = 1175.859 ns
  J1643-1224: RMS = 974.984 ns
  J1705-1903: RMS = 367.569 ns
  J1713+0747: RMS = 520.540 ns
  J1719-1438: RMS = 303.175 ns
  J1730-2304: RMS = 261.082 ns
  J1738+0333: RMS = 758.332 ns
  J1741+1351: RMS = 391.417 ns
  J1744-1134: RMS = 1236.626 ns
  J1745+1017: RMS = 518.100 ns
  J1747-4036: RMS = 1502.036 ns
  J1751-2857: RMS = 304.662 ns
  J1802-2124: RMS = 401.293 ns
  J1811-2405: RMS = 614.914 ns
  J1832-0836: RMS = 805.890 ns
  J1843-1113: RMS = 753.917 ns
  J1853+1303: RMS = 494.915 ns
  J1903+0327: RMS = 891.896 ns
  J1909-3744: RMS = 1824.960 ns
  J1910+1256: RMS = 567.201 ns
  J1911+1347: RMS = 919.295 ns
  J1918-0642: RMS = 1552.844 ns
  J1923+2515: RMS = 385.113 ns
  J1944+0907: RMS = 773.712 ns
  J1946+3417: RMS = 537.069 ns
  J2010-1323: RMS = 1689.129 ns
  J2017+0603: RMS = 762.597 ns
  J2033+1734: RMS = 391.429 ns
  J2043+1711: RMS = 401.778 ns
  J2124-3358: RMS = 403.102 ns
  J2145-0750: RMS = 1457.960 ns
  J2214+3000: RMS = 647.109 ns
  J2229+2643: RMS = 750.073 ns
  J2234+0611: RMS = 1936.317 ns
  J2234+0944: RMS = 890.664 ns
  J2302+4442: RMS = 1159.258 ns
  J2317+1439: RMS = 1507.898 ns
  J2322+2057: RMS = 381.445 ns
Inject: 0.58 s
Snapshotting into enterprise Pulsar objects...
Building PTA...
PTA build: 468.23 s
Computing optimal statistic...
OS time: 75.97 s
Total: 551.47 s
  ✓ SNR is within the provided SNR_range: 3.7908 ∈ [3.5, 4.25]

Final SNR history:
  it 0: cumulative_scale=1.0000×  SNR=37.8570
  it 1: cumulative_scale=3.2435×  SNR=3.7908
✓ Simulation 1 done (1136.6 s)

======================================================================
ENSEMBLE SUMMARY
======================================================================
Success rate: 100.0% (1/1)

Binaries per population:
  Mean ± std : 500 ± 0
  Range      : [500, 500]

SNR achieved:
  Mean ± std : 3.7908 ± 0.0000
  Range      : [3.7908, 3.7908]

Total time: 1722.7 s (28.7 min)
======================================================================

💾 Saved: data/2026-04-29/optimistic_run_29/consistent_population_optimistic_targetSNR4.25_sims1.json
💾 Saved compressed pickle: data/2026-04-29/optimistic_run_29/consistent_population_optimistic_targetSNR4.25_sims1.pkl.gz

======================================================================
CONTINUOUS WAVE SNR ANALYSIS
======================================================================

--- Population 1 ---
Precomputation of phiinvs, TNTs, Ts, Nvecs, Sigmas took 0.12 seconds.
Total SNR computation for population took 263.97 seconds.
Top 50 CGW candidates:
   1. proxy_rank=  11  sky_w=1.28  f=6.53e-09 Hz  Mc=4.67e+10 Msun  h0=1.67e-14  SNR=14.777
   2. proxy_rank=   1  sky_w=1.28  f=2.29e-09 Hz  Mc=5.59e+10 Msun  h0=1.57e-14  SNR=9.105
   3. proxy_rank=  29  sky_w=0.86  f=1.07e-08 Hz  Mc=1.95e+10 Msun  h0=6.79e-15  SNR=7.622
   4. proxy_rank=   9  sky_w=1.50  f=3.14e-09 Hz  Mc=4.01e+10 Msun  h0=7.23e-15  SNR=7.409
   5. proxy_rank=   2  sky_w=0.64  f=3.14e-09 Hz  Mc=6.72e+10 Msun  h0=3.36e-14  SNR=6.496
   6. proxy_rank=   7  sky_w=0.60  f=2.17e-09 Hz  Mc=6.09e+10 Msun  h0=1.41e-14  SNR=4.267
   7. proxy_rank=  12  sky_w=0.65  f=2.91e-09 Hz  Mc=5.30e+10 Msun  h0=1.09e-14  SNR=4.115
   8. proxy_rank=   5  sky_w=1.17  f=2.09e-09 Hz  Mc=4.38e+10 Msun  h0=8.02e-15  SNR=3.605
   9. proxy_rank=   8  sky_w=1.39  f=2.77e-09 Hz  Mc=4.30e+10 Msun  h0=7.33e-15  SNR=3.371
  10. proxy_rank=  17  sky_w=1.55  f=3.34e-09 Hz  Mc=2.14e+10 Msun  h0=2.58e-15  SNR=2.925
  11. proxy_rank=  13  sky_w=1.38  f=2.50e-09 Hz  Mc=1.90e+10 Msun  h0=4.13e-15  SNR=2.526
  12. proxy_rank=   3  sky_w=1.31  f=2.43e-09 Hz  Mc=5.87e+10 Msun  h0=1.13e-14  SNR=2.422
  13. proxy_rank=  28  sky_w=0.99  f=4.44e-09 Hz  Mc=1.88e+10 Msun  h0=2.52e-15  SNR=2.304
  14. proxy_rank=   4  sky_w=0.89  f=2.02e-09 Hz  Mc=5.97e+10 Msun  h0=1.12e-14  SNR=2.189
  15. proxy_rank=   6  sky_w=1.38  f=2.14e-09 Hz  Mc=4.32e+10 Msun  h0=6.28e-15  SNR=2.094
  16. proxy_rank=  16  sky_w=1.05  f=3.03e-09 Hz  Mc=2.79e+10 Msun  h0=4.24e-15  SNR=2.018
  17. proxy_rank=  14  sky_w=0.67  f=2.83e-09 Hz  Mc=4.36e+10 Msun  h0=8.27e-15  SNR=1.888
  18. proxy_rank=  15  sky_w=1.53  f=2.62e-09 Hz  Mc=2.19e+10 Msun  h0=2.54e-15  SNR=1.685
  19. proxy_rank=  10  sky_w=0.80  f=2.44e-09 Hz  Mc=5.07e+10 Msun  h0=1.01e-14  SNR=1.484
  20. proxy_rank=  19  sky_w=1.02  f=2.69e-09 Hz  Mc=1.81e+10 Msun  h0=2.29e-15  SNR=1.364
  21. proxy_rank=  22  sky_w=1.61  f=3.15e-09 Hz  Mc=1.47e+10 Msun  h0=1.45e-15  SNR=1.325
  22. proxy_rank=  18  sky_w=0.52  f=3.44e-09 Hz  Mc=3.62e+10 Msun  h0=6.42e-15  SNR=0.953
  23. proxy_rank=  20  sky_w=1.30  f=3.20e-09 Hz  Mc=1.26e+10 Msun  h0=2.09e-15  SNR=0.752
  24. proxy_rank=  21  sky_w=0.94  f=2.09e-09 Hz  Mc=2.00e+10 Msun  h0=1.72e-15  SNR=0.682
  25. proxy_rank=  49  sky_w=0.69  f=8.19e-09 Hz  Mc=9.73e+09 Msun  h0=1.31e-15  SNR=0.660
  26. proxy_rank=  38  sky_w=0.52  f=3.43e-09 Hz  Mc=1.76e+10 Msun  h0=1.91e-15  SNR=0.613
  27. proxy_rank=  23  sky_w=1.40  f=2.34e-09 Hz  Mc=1.45e+10 Msun  h0=1.24e-15  SNR=0.599
  28. proxy_rank=  25  sky_w=0.81  f=2.17e-09 Hz  Mc=1.77e+10 Msun  h0=1.67e-15  SNR=0.531
  29. proxy_rank=  30  sky_w=1.13  f=2.24e-09 Hz  Mc=1.43e+10 Msun  h0=1.04e-15  SNR=0.507
  30. proxy_rank=  24  sky_w=0.66  f=2.70e-09 Hz  Mc=2.40e+10 Msun  h0=2.98e-15  SNR=0.489
  31. proxy_rank=  39  sky_w=1.50  f=3.89e-09 Hz  Mc=8.06e+09 Msun  h0=7.56e-16  SNR=0.428
  32. proxy_rank=  37  sky_w=0.90  f=2.59e-09 Hz  Mc=1.13e+10 Msun  h0=8.66e-16  SNR=0.415
  33. proxy_rank=  85  sky_w=0.83  f=1.22e-08 Hz  Mc=1.35e+09 Msun  h0=3.22e-16  SNR=0.400
  34. proxy_rank=  27  sky_w=1.37  f=3.24e-09 Hz  Mc=1.43e+10 Msun  h0=1.36e-15  SNR=0.385
  35. proxy_rank=  32  sky_w=0.67  f=2.59e-09 Hz  Mc=1.89e+10 Msun  h0=1.81e-15  SNR=0.383
  36. proxy_rank=  84  sky_w=1.38  f=1.37e-08 Hz  Mc=2.60e+09 Msun  h0=2.18e-16  SNR=0.348
  37. proxy_rank=  35  sky_w=0.97  f=2.67e-09 Hz  Mc=1.33e+10 Msun  h0=1.05e-15  SNR=0.343
  38. proxy_rank=  33  sky_w=1.04  f=2.39e-09 Hz  Mc=1.16e+10 Msun  h0=9.97e-16  SNR=0.333
  39. proxy_rank=  36  sky_w=0.78  f=3.40e-09 Hz  Mc=1.45e+10 Msun  h0=1.39e-15  SNR=0.316
  40. proxy_rank=  26  sky_w=1.11  f=2.13e-09 Hz  Mc=1.55e+10 Msun  h0=1.19e-15  SNR=0.286
  41. proxy_rank=  63  sky_w=0.89  f=3.87e-09 Hz  Mc=5.08e+09 Msun  h0=2.69e-16  SNR=0.220
  42. proxy_rank=  47  sky_w=0.89  f=3.14e-09 Hz  Mc=7.25e+09 Msun  h0=4.15e-16  SNR=0.220
  43. proxy_rank=  50  sky_w=1.40  f=3.42e-09 Hz  Mc=4.27e+09 Msun  h0=2.20e-16  SNR=0.214
  44. proxy_rank=  31  sky_w=1.42  f=2.19e-09 Hz  Mc=1.17e+10 Msun  h0=7.58e-16  SNR=0.213
  45. proxy_rank=  53  sky_w=1.08  f=3.50e-09 Hz  Mc=5.39e+09 Msun  h0=2.70e-16  SNR=0.213
  46. proxy_rank=  73  sky_w=1.37  f=4.76e-09 Hz  Mc=2.86e+09 Msun  h0=1.41e-16  SNR=0.197
  47. proxy_rank=  42  sky_w=0.96  f=3.49e-09 Hz  Mc=8.71e+09 Msun  h0=5.98e-16  SNR=0.196
  48. proxy_rank=  46  sky_w=1.62  f=2.82e-09 Hz  Mc=5.19e+09 Msun  h0=2.23e-16  SNR=0.179
  49. proxy_rank=  34  sky_w=0.94  f=2.45e-09 Hz  Mc=1.43e+10 Msun  h0=1.09e-15  SNR=0.179
  50. proxy_rank=  44  sky_w=1.12  f=3.20e-09 Hz  Mc=6.71e+09 Msun  h0=4.06e-16  SNR=0.140
💾 Saved: data/2026-04-29/optimistic_run_29/consistent_population_optimistic_targetSNR4.25_sims1.json
💾 Saved compressed pickle: data/2026-04-29/optimistic_run_29/consistent_population_optimistic_targetSNR4.25_sims1.pkl.gz
Saved to figures/cgw_analysis_optimistic.pdf

======================================================================
ANALYSIS COMPLETE
Results saved to: data/2026-04-29/optimistic_run_29
======================================================================

==========================================
Job finished at: Wed Apr 29 10:42:27 AEST 2026
Exit code: 0
==========================================

+------------------ Job Report: 11728563 (COMPLETED) ------------------+
| Memory (RAM)  [##################  ] 93.2% (29.8 GB peak / 32 GB)    |
| CPU           [###############     ] 75.2% average                   |
| Time          [---------->         ] 52.0% (0-00:36:25 / 0-01:10:00) |
|                                                                      |
| Lustre Filesystem:                                                   |
|   Path    Total Read    Total Write    Total IOPS                    |
|   ------  ------------  -------------  ------------                  |
|   /apps   0 B           0 B            5                             |
|   /fred   104 KB        324 KB         47                            |
|   /home   23 MB         0 B            2.1 K                         |
|   OS      0 B           0 B            2                             |
|                                                                      |
| Warnings:                                                            |
|   - Too much time requested                                          |
+----------------------------------------------------------------------+
