==========================================
Job ID: 11736920
Job Name: smbhb_realistic
Node: dave305
Start Time: Wed Apr 29 12:52:55 AEST 2026
==========================================

/home/bhoulden/.conda/envs/smbhb312/share/tempo2
Working directory: /fred/oz005/users/bhoulden/SMBHB_population_injections

Loaded modules:

Starting SMBHB analysis...
==========================================

📁 Save directory: data/2026-04-29/realistic_run_120
📝 Run name: realistic_run_120

[MEM] Start: 244.0 MB

📡 Loading pulsars...
======================================================================
LOADING NANOGRAV PULSARS (libstempo)
======================================================================

📦 Loading from cache: nanograv_pulsars_cache.pkl
⚠ Cache load failed: Ran out of input
[DEBUG] Found 76 .par files
[tempo2Util.C:396] Warning: [MISC1] Unknown parameter in par file:  DMDATA
[tempo2Util.C:401] Warning: [DUP1] duplicated warnings have been suppressed.

WARNING: Using tempo RNAMP parameter: setting TNRedC to 100!
[observatory.C:271] Warning: Assuming site 'arecibo' means 'ao'
✓ Loaded B1855+09 (7758 TOAs)

WARNING: Using tempo RNAMP parameter: setting TNRedC to 100!
✓ Loaded B1937+21 (23023 TOAs)

WARNING: Using tempo RNAMP parameter: setting TNRedC to 100!
✓ Loaded B1937+21ao (7241 TOAs)

WARNING: Using tempo RNAMP parameter: setting TNRedC to 100!
✓ Loaded B1937+21gbt (16048 TOAs)

WARNING: Using tempo RNAMP parameter: setting TNRedC to 100!
✓ Loaded B1953+29 (5126 TOAs)
✓ Loaded J0023+0923 (15896 TOAs)

WARNING: Using tempo RNAMP parameter: setting TNRedC to 100!
✓ Loaded J0030+0451 (19571 TOAs)
✓ Loaded J0340+4130 (11093 TOAs)
✓ Loaded J0406+3039 (2446 TOAs)

WARNING: Using tempo RNAMP parameter: setting TNRedC to 100!
✓ Loaded J0437-4715 (5830 TOAs)
✓ Loaded J0509+0856 (2169 TOAs)
✓ Loaded J0557+1551 (525 TOAs)
✓ Loaded J0605+3757 (554 TOAs)

WARNING: Using tempo RNAMP parameter: setting TNRedC to 100!
✓ Loaded J0610-2100 (4885 TOAs)

WARNING: Using tempo RNAMP parameter: setting TNRedC to 100!
✓ Loaded J0613-0200 (17124 TOAs)
✓ Loaded J0614-3329 (1714 TOAs)
✓ Loaded J0636+5128 (32222 TOAs)
✓ Loaded J0645+5158 (10403 TOAs)
✓ Loaded J0709+0458 (3030 TOAs)
✓ Loaded J0740+6620 (13401 TOAs)
✓ Loaded J0931-1902 (5473 TOAs)

WARNING: Using tempo RNAMP parameter: setting TNRedC to 100!
✓ Loaded J1012+5307 (25837 TOAs)
✓ Loaded J1012-4235 (797 TOAs)
✓ Loaded J1022+1001 (3978 TOAs)
✓ Loaded J1024-0719 (12635 TOAs)
✓ Loaded J1125+7819 (8723 TOAs)
✓ Loaded J1312+0051 (1705 TOAs)
✓ Loaded J1453+1902 (2551 TOAs)
✓ Loaded J1455-3330 (10818 TOAs)

WARNING: Using tempo RNAMP parameter: setting TNRedC to 100!
✓ Loaded J1600-3053 (22955 TOAs)

WARNING: Using tempo RNAMP parameter: setting TNRedC to 100!
✓ Loaded J1600-3053gbt (19725 TOAs)

WARNING: Using tempo RNAMP parameter: setting TNRedC to 100!
✓ Loaded J1614-2230 (18445 TOAs)
✓ Loaded J1630+3734 (1815 TOAs)
✓ Loaded J1640+2224 (14066 TOAs)

WARNING: Using tempo RNAMP parameter: setting TNRedC to 100!
✓ Loaded J1643-1224 (22144 TOAs)

WARNING: Using tempo RNAMP parameter: setting TNRedC to 100!
✓ Loaded J1643-1224gbt (17932 TOAs)

WARNING: Using tempo RNAMP parameter: setting TNRedC to 100!
✓ Loaded J1705-1903 (9871 TOAs)

WARNING: Using tempo RNAMP parameter: setting TNRedC to 100!
✓ Loaded J1713+0747 (59389 TOAs)

WARNING: Using tempo RNAMP parameter: setting TNRedC to 100!
✓ Loaded J1713+0747ao (21362 TOAs)

WARNING: Using tempo RNAMP parameter: setting TNRedC to 100!
✓ Loaded J1713+0747gbt (32963 TOAs)
✓ Loaded J1719-1438 (6356 TOAs)
✓ Loaded J1730-2304 (4870 TOAs)
✓ Loaded J1738+0333 (8790 TOAs)
✓ Loaded J1741+1351 (5582 TOAs)

WARNING: Using tempo RNAMP parameter: setting TNRedC to 100!
✓ Loaded J1744-1134 (17745 TOAs)

WARNING: Using tempo RNAMP parameter: setting TNRedC to 100!
✓ Loaded J1745+1017 (3017 TOAs)

WARNING: Using tempo RNAMP parameter: setting TNRedC to 100!
✓ Loaded J1747-4036 (11055 TOAs)
✓ Loaded J1751-2857 (2025 TOAs)

WARNING: Using tempo RNAMP parameter: setting TNRedC to 100!
✓ Loaded J1802-2124 (6796 TOAs)
✓ Loaded J1811-2405 (5266 TOAs)
✓ Loaded J1832-0836 (7739 TOAs)
✓ Loaded J1843-1113 (4595 TOAs)

WARNING: Using tempo RNAMP parameter: setting TNRedC to 100!
✓ Loaded J1853+1303 (4570 TOAs)

WARNING: Using tempo RNAMP parameter: setting TNRedC to 100!
✓ Loaded J1903+0327 (6856 TOAs)

WARNING: Using tempo RNAMP parameter: setting TNRedC to 100!
✓ Loaded J1903+0327ao (6423 TOAs)

WARNING: Using tempo RNAMP parameter: setting TNRedC to 100!
✓ Loaded J1909-3744 (35037 TOAs)

WARNING: Using tempo RNAMP parameter: setting TNRedC to 100!
✓ Loaded J1909-3744gbt (31526 TOAs)
✓ Loaded J1910+1256 (6486 TOAs)
✓ Loaded J1911+1347 (3786 TOAs)
✓ Loaded J1918-0642 (18875 TOAs)
✓ Loaded J1923+2515 (3974 TOAs)
✓ Loaded J1944+0907 (5328 TOAs)

WARNING: Using tempo RNAMP parameter: setting TNRedC to 100!
✓ Loaded J1946+3417 (4743 TOAs)
✓ Loaded J2010-1323 (17077 TOAs)
✓ Loaded J2017+0603 (3512 TOAs)
✓ Loaded J2033+1734 (3847 TOAs)
✓ Loaded J2043+1711 (7397 TOAs)
✓ Loaded J2124-3358 (4982 TOAs)

WARNING: Using tempo RNAMP parameter: setting TNRedC to 100!
✓ Loaded J2145-0750 (18675 TOAs)
✓ Loaded J2214+3000 (7406 TOAs)
✓ Loaded J2229+2643 (3711 TOAs)

WARNING: Using tempo RNAMP parameter: setting TNRedC to 100!
✓ Loaded J2234+0611 (3566 TOAs)
✓ Loaded J2234+0944 (7535 TOAs)
✓ Loaded J2302+4442 (10211 TOAs)
✓ Loaded J2317+1439 (13927 TOAs)
✓ Loaded J2322+2057 (3088 TOAs)
⚠ Could not save cache: no default __reduce__ due to non-trivial __cinit__

✓ Loaded 76 pulsars
✗ Failed: 0 — []
[MEM] After loading pulsars: 8862.4 MB

🔍 Filtering pulsars...

Filtered: 76 → 67 pulsars
[MEM] After filtering pulsars: 8864.9 MB
[MEM] After garbage collection: 8865.0 MB

======================================================================
SMBHB POPULATION ANALYSIS
======================================================================

Configuration: realistic
  Medium mass, medium spread in distance, medium population
  N_binaries: 20000

======================================================================
CONSISTENT POPULATION SYNTHESIS
======================================================================

======================================================================
GENERATING SNR-CONSISTENT POPULATIONS
======================================================================
Target SNR:          4.0
Simulations:         1
======================================================================


──────────────────────────────────────────────────────────────────────
SIMULATION 1/1
──────────────────────────────────────────────────────────────────────
  [B1855+09] zeroing residuals...
  [B1855+09] adding red noise...
  [B1855+09] white noise for L-wide_ASP (1178 TOAs)...
  [B1855+09] white noise for 430_PUPPI (1185 TOAs)...
  [B1855+09] white noise for 430_ASP (390 TOAs)...
  [B1855+09] white noise for L-wide_PUPPI (5005 TOAs)...
  [B1937+21] zeroing residuals...
  [B1937+21] adding red noise...
  [B1937+21] white noise for L-wide_ASP (452 TOAs)...
  [B1937+21] white noise for L-wide_PUPPI (4133 TOAs)...
  [B1937+21] white noise for S-wide_ASP (344 TOAs)...
  [B1937+21] white noise for S-wide_PUPPI (2251 TOAs)...
  [B1937+21] white noise for Rcvr_800_GUPPI (7140 TOAs)...
  [B1937+21] white noise for Rcvr_800_GASP (586 TOAs)...
  [B1937+21] white noise for Rcvr1_2_GUPPI (7048 TOAs)...
  [B1937+21] white noise for Rcvr1_2_GASP (1069 TOAs)...
  [B1953+29] zeroing residuals...
  [B1953+29] adding red noise...
  [B1953+29] white noise for L-wide_ASP (94 TOAs)...
  [B1953+29] white noise for L-wide_PUPPI (4037 TOAs)...
  [B1953+29] white noise for S-wide_ASP (25 TOAs)...
  [B1953+29] white noise for 430_PUPPI (941 TOAs)...
  [B1953+29] white noise for 430_ASP (29 TOAs)...
  [J0023+0923] zeroing residuals...
  [J0023+0923] adding red noise...
  [J0023+0923] white noise for L-wide_ASP (119 TOAs)...
  [J0023+0923] white noise for 430_PUPPI (4564 TOAs)...
  [J0023+0923] white noise for 430_ASP (90 TOAs)...
  [J0023+0923] white noise for L-wide_PUPPI (11123 TOAs)...
  [J0030+0451] zeroing residuals...
  [J0030+0451] adding red noise...
  [J0030+0451] white noise for L-wide_ASP (789 TOAs)...
  [J0030+0451] white noise for L-wide_PUPPI (12774 TOAs)...
  [J0030+0451] white noise for 430_PUPPI (3068 TOAs)...
  [J0030+0451] white noise for S-wide_PUPPI (2673 TOAs)...
  [J0030+0451] white noise for 430_ASP (267 TOAs)...
  [J0340+4130] zeroing residuals...
  [J0340+4130] adding red noise...
  [J0340+4130] white noise for Rcvr1_2_GUPPI (5037 TOAs)...
  [J0340+4130] white noise for Rcvr_800_GUPPI (6056 TOAs)...
  [J0406+3039] zeroing residuals...
  [J0406+3039] adding red noise...
  [J0406+3039] white noise for L-wide_PUPPI (1871 TOAs)...
  [J0406+3039] white noise for S-wide_PUPPI (575 TOAs)...
  [J0437-4715] zeroing residuals...
  [J0437-4715] adding red noise...
  [J0437-4715] white noise for 1.5GHz_YUPPI (2134 TOAs)...
  [J0437-4715] white noise for 3GHz_YUPPI (3696 TOAs)...
  [J0509+0856] zeroing residuals...
  [J0509+0856] adding red noise...
  [J0509+0856] white noise for L-wide_PUPPI (1625 TOAs)...
  [J0509+0856] white noise for S-wide_PUPPI (544 TOAs)...
  [J0557+1551] zeroing residuals...
  [J0557+1551] adding red noise...
  [J0557+1551] white noise for L-wide_PUPPI (467 TOAs)...
  [J0557+1551] white noise for S-wide_PUPPI (58 TOAs)...
  [J0605+3757] zeroing residuals...
  [J0605+3757] adding red noise...
  [J0605+3757] white noise for Rcvr1_2_GUPPI (318 TOAs)...
  [J0605+3757] white noise for Rcvr_800_GUPPI (236 TOAs)...
  [J0610-2100] zeroing residuals...
  [J0610-2100] adding red noise...
  [J0610-2100] white noise for Rcvr1_2_GUPPI (2401 TOAs)...
  [J0610-2100] white noise for Rcvr_800_GUPPI (2484 TOAs)...
  [J0613-0200] zeroing residuals...
  [J0613-0200] adding red noise...
  [J0613-0200] white noise for Rcvr1_2_GUPPI (7423 TOAs)...
  [J0613-0200] white noise for Rcvr_800_GASP (809 TOAs)...
  [J0613-0200] white noise for Rcvr_800_GUPPI (7900 TOAs)...
  [J0613-0200] white noise for Rcvr1_2_GASP (992 TOAs)...
  [J0636+5128] zeroing residuals...
  [J0636+5128] adding red noise...
  [J0636+5128] white noise for Rcvr1_2_GUPPI (14803 TOAs)...
  [J0636+5128] white noise for Rcvr_800_GUPPI (17419 TOAs)...
  [J0645+5158] zeroing residuals...
  [J0645+5158] adding red noise...
  [J0645+5158] white noise for Rcvr1_2_GUPPI (5721 TOAs)...
  [J0645+5158] white noise for Rcvr_800_GUPPI (4682 TOAs)...
  [J0709+0458] zeroing residuals...
  [J0709+0458] adding red noise...
  [J0709+0458] white noise for L-wide_PUPPI (2435 TOAs)...
  [J0709+0458] white noise for S-wide_PUPPI (595 TOAs)...
  [J0740+6620] zeroing residuals...
  [J0740+6620] adding red noise...
  [J0740+6620] white noise for Rcvr1_2_GUPPI (8265 TOAs)...
  [J0740+6620] white noise for Rcvr_800_GUPPI (5136 TOAs)...
  [J0931-1902] zeroing residuals...
  [J0931-1902] adding red noise...
  [J0931-1902] white noise for Rcvr1_2_GUPPI (2054 TOAs)...
  [J0931-1902] white noise for Rcvr_800_GUPPI (3419 TOAs)...
  [J1012+5307] zeroing residuals...
  [J1012+5307] adding red noise...
  [J1012+5307] white noise for Rcvr1_2_GUPPI (12849 TOAs)...
  [J1012+5307] white noise for Rcvr_800_GASP (1210 TOAs)...
  [J1012+5307] white noise for Rcvr_800_GUPPI (10299 TOAs)...
  [J1012+5307] white noise for Rcvr1_2_GASP (1479 TOAs)...
  [J1012-4235] zeroing residuals...
  [J1012-4235] adding red noise...
  [J1012-4235] white noise for Rcvr1_2_GUPPI (455 TOAs)...
  [J1012-4235] white noise for Rcvr_800_GUPPI (342 TOAs)...
  [J1022+1001] zeroing residuals...
  [J1022+1001] adding red noise...
  [J1022+1001] white noise for 430_PUPPI (232 TOAs)...
  [J1022+1001] white noise for S-wide_PUPPI (1154 TOAs)...
  [J1022+1001] white noise for L-wide_PUPPI (2592 TOAs)...
  [J1024-0719] zeroing residuals...
  [J1024-0719] adding red noise...
  [J1024-0719] white noise for Rcvr1_2_GUPPI (7086 TOAs)...
  [J1024-0719] white noise for Rcvr_800_GASP (51 TOAs)...
  [J1024-0719] white noise for Rcvr_800_GUPPI (5455 TOAs)...
  [J1024-0719] white noise for Rcvr1_2_GASP (43 TOAs)...
  [J1125+7819] zeroing residuals...
  [J1125+7819] adding red noise...
  [J1125+7819] white noise for Rcvr1_2_GUPPI (4016 TOAs)...
  [J1125+7819] white noise for Rcvr_800_GUPPI (4707 TOAs)...
  [J1312+0051] zeroing residuals...
  [J1312+0051] adding red noise...
  [J1312+0051] white noise for L-wide_PUPPI (1289 TOAs)...
  [J1312+0051] white noise for S-wide_PUPPI (416 TOAs)...
  [J1453+1902] zeroing residuals...
  [J1453+1902] adding red noise...
  [J1453+1902] white noise for 430_PUPPI (425 TOAs)...
  [J1453+1902] white noise for S-wide_PUPPI (4 TOAs)...
  [J1453+1902] white noise for L-wide_PUPPI (2122 TOAs)...
  [J1455-3330] zeroing residuals...
  [J1455-3330] adding red noise...
  [J1455-3330] white noise for Rcvr1_2_GUPPI (4932 TOAs)...
  [J1455-3330] white noise for Rcvr_800_GASP (479 TOAs)...
  [J1455-3330] white noise for Rcvr_800_GUPPI (4843 TOAs)...
  [J1455-3330] white noise for Rcvr1_2_GASP (564 TOAs)...
  [J1600-3053] zeroing residuals...
  [J1600-3053] adding red noise...
  [J1600-3053] white noise for Rcvr_800_GUPPI (8796 TOAs)...
  [J1600-3053] white noise for Rcvr_800_GASP (297 TOAs)...
  [J1600-3053] white noise for Rcvr1_2_GUPPI (10168 TOAs)...
  [J1600-3053] white noise for 3GHz_YUPPI (3237 TOAs)...
  [J1600-3053] white noise for Rcvr1_2_GASP (457 TOAs)...
  [J1614-2230] zeroing residuals...
  [J1614-2230] adding red noise...
  [J1614-2230] white noise for Rcvr1_2_GUPPI (10509 TOAs)...
  [J1614-2230] white noise for Rcvr_800_GASP (84 TOAs)...
  [J1614-2230] white noise for Rcvr_800_GUPPI (7768 TOAs)...
  [J1614-2230] white noise for Rcvr1_2_GASP (84 TOAs)...
  [J1630+3734] zeroing residuals...
  [J1630+3734] adding red noise...
  [J1630+3734] white noise for Rcvr1_2_GUPPI (909 TOAs)...
  [J1630+3734] white noise for Rcvr_800_GUPPI (906 TOAs)...
  [J1640+2224] zeroing residuals...
  [J1640+2224] adding red noise...
  [J1640+2224] white noise for L-wide_ASP (722 TOAs)...
  [J1640+2224] white noise for 430_PUPPI (3157 TOAs)...
  [J1640+2224] white noise for 430_ASP (340 TOAs)...
  [J1640+2224] white noise for L-wide_PUPPI (9847 TOAs)...
  [J1643-1224] zeroing residuals...
  [J1643-1224] adding red noise...
  [J1643-1224] white noise for Rcvr_800_GUPPI (7734 TOAs)...
  [J1643-1224] white noise for Rcvr_800_GASP (559 TOAs)...
  [J1643-1224] white noise for Rcvr1_2_GUPPI (8803 TOAs)...
  [J1643-1224] white noise for 3GHz_YUPPI (4215 TOAs)...
  [J1643-1224] white noise for Rcvr1_2_GASP (833 TOAs)...
  [J1705-1903] zeroing residuals...
  [J1705-1903] adding red noise...
  [J1705-1903] white noise for Rcvr1_2_GUPPI (6350 TOAs)...
  [J1705-1903] white noise for Rcvr_800_GUPPI (3521 TOAs)...
  [J1713+0747] zeroing residuals...
  [J1713+0747] adding red noise...
  [J1713+0747] white noise for L-wide_ASP (843 TOAs)...
  [J1713+0747] white noise for L-wide_PUPPI (12743 TOAs)...
  [J1713+0747] white noise for S-wide_ASP (624 TOAs)...
  [J1713+0747] white noise for S-wide_PUPPI (7482 TOAs)...
  [J1713+0747] white noise for 1.5GHz_YUPPI (1461 TOAs)...
  [J1713+0747] white noise for Rcvr_800_GUPPI (8479 TOAs)...
  [J1713+0747] white noise for Rcvr_800_GASP (1032 TOAs)...
  [J1713+0747] white noise for Rcvr1_2_GUPPI (22334 TOAs)...
  [J1713+0747] white noise for 3GHz_YUPPI (3282 TOAs)...
  [J1713+0747] white noise for Rcvr1_2_GASP (1109 TOAs)...
  [J1719-1438] zeroing residuals...
  [J1719-1438] adding red noise...
  [J1719-1438] white noise for Rcvr1_2_GUPPI (2722 TOAs)...
  [J1719-1438] white noise for Rcvr_800_GUPPI (3634 TOAs)...
  [J1730-2304] zeroing residuals...
  [J1730-2304] adding red noise...
  [J1730-2304] white noise for Rcvr1_2_GUPPI (2367 TOAs)...
  [J1730-2304] white noise for Rcvr_800_GUPPI (2503 TOAs)...
  [J1738+0333] zeroing residuals...
  [J1738+0333] adding red noise...
  [J1738+0333] white noise for L-wide_ASP (201 TOAs)...
  [J1738+0333] white noise for L-wide_PUPPI (6718 TOAs)...
  [J1738+0333] white noise for S-wide_ASP (134 TOAs)...
  [J1738+0333] white noise for S-wide_PUPPI (1737 TOAs)...
  [J1741+1351] zeroing residuals...
  [J1741+1351] adding red noise...
  [J1741+1351] white noise for L-wide_ASP (236 TOAs)...
  [J1741+1351] white noise for L-wide_PUPPI (4045 TOAs)...
  [J1741+1351] white noise for S-wide_ASP (115 TOAs)...
  [J1741+1351] white noise for 430_PUPPI (1159 TOAs)...
  [J1741+1351] white noise for 430_ASP (27 TOAs)...
  [J1744-1134] zeroing residuals...
  [J1744-1134] adding red noise...
  [J1744-1134] white noise for Rcvr1_2_GUPPI (8109 TOAs)...
  [J1744-1134] white noise for Rcvr_800_GASP (930 TOAs)...
  [J1744-1134] white noise for Rcvr_800_GUPPI (7899 TOAs)...
  [J1744-1134] white noise for Rcvr1_2_GASP (807 TOAs)...
  [J1745+1017] zeroing residuals...
  [J1745+1017] adding red noise...
  [J1745+1017] white noise for L-wide_PUPPI (2179 TOAs)...
  [J1745+1017] white noise for S-wide_PUPPI (838 TOAs)...
  [J1747-4036] zeroing residuals...
  [J1747-4036] adding red noise...
  [J1747-4036] white noise for Rcvr1_2_GUPPI (5239 TOAs)...
  [J1747-4036] white noise for Rcvr_800_GUPPI (5816 TOAs)...
  [J1751-2857] zeroing residuals...
  [J1751-2857] adding red noise...
  [J1751-2857] white noise for Rcvr1_2_GUPPI (1786 TOAs)...
  [J1751-2857] white noise for Rcvr_800_GUPPI (239 TOAs)...
  [J1802-2124] zeroing residuals...
  [J1802-2124] adding red noise...
  [J1802-2124] white noise for Rcvr1_2_GUPPI (3231 TOAs)...
  [J1802-2124] white noise for Rcvr_800_GUPPI (3565 TOAs)...
  [J1811-2405] zeroing residuals...
  [J1811-2405] adding red noise...
  [J1811-2405] white noise for Rcvr1_2_GUPPI (2638 TOAs)...
  [J1811-2405] white noise for Rcvr_800_GUPPI (2628 TOAs)...
  [J1832-0836] zeroing residuals...
  [J1832-0836] adding red noise...
  [J1832-0836] white noise for Rcvr1_2_GUPPI (4661 TOAs)...
  [J1832-0836] white noise for Rcvr_800_GUPPI (3078 TOAs)...
  [J1843-1113] zeroing residuals...
  [J1843-1113] adding red noise...
  [J1843-1113] white noise for Rcvr1_2_GUPPI (2394 TOAs)...
  [J1843-1113] white noise for Rcvr_800_GUPPI (2201 TOAs)...
  [J1853+1303] zeroing residuals...
  [J1853+1303] adding red noise...
  [J1853+1303] white noise for L-wide_ASP (33 TOAs)...
  [J1853+1303] white noise for 430_PUPPI (1151 TOAs)...
  [J1853+1303] white noise for 430_ASP (24 TOAs)...
  [J1853+1303] white noise for L-wide_PUPPI (3362 TOAs)...
  [J1903+0327] zeroing residuals...
  [J1903+0327] adding red noise...
  [J1903+0327] white noise for L-wide_ASP (139 TOAs)...
  [J1903+0327] white noise for L-wide_PUPPI (3845 TOAs)...
  [J1903+0327] white noise for S-wide_ASP (151 TOAs)...
  [J1903+0327] white noise for S-wide_PUPPI (2282 TOAs)...
  [J1903+0327] white noise for 3GHz_YUPPI (439 TOAs)...
  [J1909-3744] zeroing residuals...
  [J1909-3744] adding red noise...
  [J1909-3744] white noise for Rcvr_800_GUPPI (9399 TOAs)...
  [J1909-3744] white noise for Rcvr_800_GASP (866 TOAs)...
  [J1909-3744] white noise for Rcvr1_2_GUPPI (20439 TOAs)...
  [J1909-3744] white noise for 3GHz_YUPPI (3525 TOAs)...
  [J1909-3744] white noise for Rcvr1_2_GASP (808 TOAs)...
  [J1910+1256] zeroing residuals...
  [J1910+1256] adding red noise...
  [J1910+1256] white noise for L-wide_ASP (297 TOAs)...
  [J1910+1256] white noise for L-wide_PUPPI (4124 TOAs)...
  [J1910+1256] white noise for S-wide_ASP (208 TOAs)...
  [J1910+1256] white noise for S-wide_PUPPI (1857 TOAs)...
  [J1911+1347] zeroing residuals...
  [J1911+1347] adding red noise...
  [J1911+1347] white noise for 430_PUPPI (753 TOAs)...
  [J1911+1347] white noise for L-wide_PUPPI (3033 TOAs)...
  [J1918-0642] zeroing residuals...
  [J1918-0642] adding red noise...
  [J1918-0642] white noise for Rcvr1_2_GUPPI (8910 TOAs)...
  [J1918-0642] white noise for Rcvr_800_GASP (835 TOAs)...
  [J1918-0642] white noise for Rcvr_800_GUPPI (8352 TOAs)...
  [J1918-0642] white noise for Rcvr1_2_GASP (778 TOAs)...
  [J1923+2515] zeroing residuals...
  [J1923+2515] adding red noise...
  [J1923+2515] white noise for L-wide_ASP (14 TOAs)...
  [J1923+2515] white noise for 430_PUPPI (922 TOAs)...
  [J1923+2515] white noise for 430_ASP (10 TOAs)...
  [J1923+2515] white noise for L-wide_PUPPI (3028 TOAs)...
  [J1944+0907] zeroing residuals...
  [J1944+0907] adding red noise...
  [J1944+0907] white noise for L-wide_ASP (257 TOAs)...
  [J1944+0907] white noise for L-wide_PUPPI (3900 TOAs)...
  [J1944+0907] white noise for S-wide_ASP (116 TOAs)...
  [J1944+0907] white noise for 430_PUPPI (1017 TOAs)...
  [J1944+0907] white noise for 430_ASP (38 TOAs)...
  [J1946+3417] zeroing residuals...
  [J1946+3417] adding red noise...
  [J1946+3417] white noise for L-wide_PUPPI (3197 TOAs)...
  [J1946+3417] white noise for S-wide_PUPPI (1546 TOAs)...
  [J2010-1323] zeroing residuals...
  [J2010-1323] adding red noise...
  [J2010-1323] white noise for Rcvr1_2_GUPPI (7779 TOAs)...
  [J2010-1323] white noise for Rcvr_800_GASP (70 TOAs)...
  [J2010-1323] white noise for Rcvr_800_GUPPI (9158 TOAs)...
  [J2010-1323] white noise for Rcvr1_2_GASP (70 TOAs)...
  [J2017+0603] zeroing residuals...
  [J2017+0603] adding red noise...
  [J2017+0603] white noise for L-wide_ASP (16 TOAs)...
  [J2017+0603] white noise for 430_PUPPI (78 TOAs)...
  [J2017+0603] white noise for S-wide_PUPPI (849 TOAs)...
  [J2017+0603] white noise for L-wide_PUPPI (2569 TOAs)...
  [J2033+1734] zeroing residuals...
  [J2033+1734] adding red noise...
  [J2033+1734] white noise for 430_PUPPI (797 TOAs)...
  [J2033+1734] white noise for L-wide_PUPPI (3050 TOAs)...
  [J2043+1711] zeroing residuals...
  [J2043+1711] adding red noise...
  [J2043+1711] white noise for L-wide_ASP (40 TOAs)...
  [J2043+1711] white noise for 430_PUPPI (2908 TOAs)...
  [J2043+1711] white noise for 430_ASP (30 TOAs)...
  [J2043+1711] white noise for L-wide_PUPPI (4419 TOAs)...
  [J2124-3358] zeroing residuals...
  [J2124-3358] adding red noise...
  [J2124-3358] white noise for Rcvr1_2_GUPPI (2957 TOAs)...
  [J2124-3358] white noise for Rcvr_800_GUPPI (2025 TOAs)...
  [J2145-0750] zeroing residuals...
  [J2145-0750] adding red noise...
  [J2145-0750] white noise for Rcvr1_2_GUPPI (9158 TOAs)...
  [J2145-0750] white noise for Rcvr_800_GASP (362 TOAs)...
  [J2145-0750] white noise for Rcvr_800_GUPPI (8728 TOAs)...
  [J2145-0750] white noise for Rcvr1_2_GASP (427 TOAs)...
  [J2214+3000] zeroing residuals...
  [J2214+3000] adding red noise...
  [J2214+3000] white noise for L-wide_ASP (9 TOAs)...
  [J2214+3000] white noise for L-wide_PUPPI (5829 TOAs)...
  [J2214+3000] white noise for S-wide_PUPPI (1568 TOAs)...
  [J2229+2643] zeroing residuals...
  [J2229+2643] adding red noise...
  [J2229+2643] white noise for 430_PUPPI (956 TOAs)...
  [J2229+2643] white noise for L-wide_PUPPI (2755 TOAs)...
  [J2234+0611] zeroing residuals...
  [J2234+0611] adding red noise...
  [J2234+0611] white noise for 430_PUPPI (653 TOAs)...
  [J2234+0611] white noise for L-wide_PUPPI (2913 TOAs)...
  [J2234+0944] zeroing residuals...
  [J2234+0944] adding red noise...
  [J2234+0944] white noise for L-wide_PUPPI (5003 TOAs)...
  [J2234+0944] white noise for S-wide_PUPPI (2532 TOAs)...
  [J2302+4442] zeroing residuals...
  [J2302+4442] adding red noise...
  [J2302+4442] white noise for Rcvr1_2_GUPPI (3779 TOAs)...
  [J2302+4442] white noise for Rcvr_800_GUPPI (6432 TOAs)...
  [J2317+1439] zeroing residuals...
  [J2317+1439] adding red noise...
  [J2317+1439] white noise for L-wide_PUPPI (9563 TOAs)...
  [J2317+1439] white noise for 430_PUPPI (3217 TOAs)...
  [J2317+1439] white noise for 327_ASP (413 TOAs)...
  [J2317+1439] white noise for 430_ASP (458 TOAs)...
  [J2317+1439] white noise for 327_PUPPI (276 TOAs)...
  [J2322+2057] zeroing residuals...
  [J2322+2057] adding red noise...
  [J2322+2057] white noise for 430_PUPPI (752 TOAs)...
  [J2322+2057] white noise for S-wide_PUPPI (140 TOAs)...
  [J2322+2057] white noise for L-wide_PUPPI (2196 TOAs)...
Resetting pulsars to clean stoas...
Restore: 0.00 s
Inject: 0.00 s
Snapshotting into enterprise Pulsar objects...
Building PTA...
PTA build: 539.62 s
Computing optimal statistic...
OS time: 50.19 s
Total: 589.81 s
Noise-only SNR baseline: -0.3479

Generating SNR-consistent population...
Target SNR: 4.0
Resetting pulsars to clean stoas...
Restore: 0.01 s
Injecting population...
  B1855+09: RMS = 1440.223 ns
  B1937+21: RMS = 2037.654 ns
  B1953+29: RMS = 1724.245 ns
  J0023+0923: RMS = 2586.053 ns
  J0030+0451: RMS = 2003.777 ns
  J0340+4130: RMS = 798.218 ns
  J0406+3039: RMS = 1798.498 ns
  J0437-4715: RMS = 555.350 ns
  J0509+0856: RMS = 1781.960 ns
  J0557+1551: RMS = 1546.368 ns
  J0605+3757: RMS = 1000.625 ns
  J0610-2100: RMS = 1151.796 ns
  J0613-0200: RMS = 2229.160 ns
  J0636+5128: RMS = 375.526 ns
  J0645+5158: RMS = 891.229 ns
  J0709+0458: RMS = 387.340 ns
  J0740+6620: RMS = 387.857 ns
  J0931-1902: RMS = 2960.822 ns
  J1012+5307: RMS = 1272.774 ns
  J1012-4235: RMS = 851.034 ns
  J1022+1001: RMS = 1074.938 ns
  J1024-0719: RMS = 2606.252 ns
  J1125+7819: RMS = 1426.125 ns
  J1312+0051: RMS = 1199.257 ns
  J1453+1902: RMS = 1134.156 ns
  J1455-3330: RMS = 1988.145 ns
  J1600-3053: RMS = 2084.289 ns
  J1614-2230: RMS = 1945.924 ns
  J1630+3734: RMS = 898.122 ns
  J1640+2224: RMS = 1045.706 ns
  J1643-1224: RMS = 2113.446 ns
  J1705-1903: RMS = 2054.407 ns
  J1713+0747: RMS = 2062.634 ns
  J1719-1438: RMS = 1873.395 ns
  J1730-2304: RMS = 1082.985 ns
  J1738+0333: RMS = 1663.491 ns
  J1741+1351: RMS = 1001.467 ns
  J1744-1134: RMS = 1110.391 ns
  J1745+1017: RMS = 1612.828 ns
  J1747-4036: RMS = 1421.826 ns
  J1751-2857: RMS = 494.982 ns
  J1802-2124: RMS = 564.885 ns
  J1811-2405: RMS = 440.554 ns
  J1832-0836: RMS = 2325.516 ns
  J1843-1113: RMS = 1059.347 ns
  J1853+1303: RMS = 823.968 ns
  J1903+0327: RMS = 665.176 ns
  J1909-3744: RMS = 941.785 ns
  J1910+1256: RMS = 932.756 ns
  J1911+1347: RMS = 1554.011 ns
  J1918-0642: RMS = 790.715 ns
  J1923+2515: RMS = 1568.231 ns
  J1944+0907: RMS = 1243.645 ns
  J1946+3417: RMS = 1699.128 ns
  J2010-1323: RMS = 2862.848 ns
  J2017+0603: RMS = 2000.933 ns
  J2033+1734: RMS = 2663.940 ns
  J2043+1711: RMS = 2093.189 ns
  J2124-3358: RMS = 784.409 ns
  J2145-0750: RMS = 2325.395 ns
  J2214+3000: RMS = 1912.074 ns
  J2229+2643: RMS = 1466.471 ns
  J2234+0611: RMS = 1819.000 ns
  J2234+0944: RMS = 353.656 ns
  J2302+4442: RMS = 3306.808 ns
  J2317+1439: RMS = 988.820 ns
  J2322+2057: RMS = 640.766 ns
Inject: 0.97 s
Snapshotting into enterprise Pulsar objects...
Building PTA...
PTA build: 523.69 s
Computing optimal statistic...
OS time: 47.95 s
Total: 572.61 s
Initial SNR: 10.7005, Target SNR: 4.0000
  Initial SNR 10.7005 outside of provided SNR_range [3.5, 4.25] — rescaling.
Scaling distances by factor 1.5941 to achieve target SNR...
Resetting pulsars to clean stoas...
Restore: 0.01 s
Injecting population...
  B1855+09: RMS = 903.484 ns
  B1937+21: RMS = 1278.265 ns
  B1953+29: RMS = 1081.657 ns
  J0023+0923: RMS = 1622.288 ns
  J0030+0451: RMS = 1257.013 ns
  J0340+4130: RMS = 500.740 ns
  J0406+3039: RMS = 1128.237 ns
  J0437-4715: RMS = 348.384 ns
  J0509+0856: RMS = 1117.863 ns
  J0557+1551: RMS = 970.071 ns
  J0605+3757: RMS = 627.714 ns
  J0610-2100: RMS = 722.547 ns
  J0613-0200: RMS = 1398.401 ns
  J0636+5128: RMS = 235.576 ns
  J0645+5158: RMS = 559.088 ns
  J0709+0458: RMS = 242.987 ns
  J0740+6620: RMS = 243.312 ns
  J0931-1902: RMS = 1857.389 ns
  J1012+5307: RMS = 798.439 ns
  J1012-4235: RMS = 533.873 ns
  J1022+1001: RMS = 674.333 ns
  J1024-0719: RMS = 1634.960 ns
  J1125+7819: RMS = 894.640 ns
  J1312+0051: RMS = 752.321 ns
  J1453+1902: RMS = 711.481 ns
  J1455-3330: RMS = 1247.207 ns
  J1600-3053: RMS = 1307.520 ns
  J1614-2230: RMS = 1220.721 ns
  J1630+3734: RMS = 563.412 ns
  J1640+2224: RMS = 655.995 ns
  J1643-1224: RMS = 1325.811 ns
  J1705-1903: RMS = 1288.775 ns
  J1713+0747: RMS = 1293.936 ns
  J1719-1438: RMS = 1175.222 ns
  J1730-2304: RMS = 679.380 ns
  J1738+0333: RMS = 1043.545 ns
  J1741+1351: RMS = 628.242 ns
  J1744-1134: RMS = 696.573 ns
  J1745+1017: RMS = 1011.762 ns
  J1747-4036: RMS = 891.943 ns
  J1751-2857: RMS = 310.513 ns
  J1802-2124: RMS = 354.365 ns
  J1811-2405: RMS = 276.369 ns
  J1832-0836: RMS = 1458.848 ns
  J1843-1113: RMS = 664.552 ns
  J1853+1303: RMS = 516.893 ns
  J1903+0327: RMS = 417.279 ns
  J1909-3744: RMS = 590.803 ns
  J1910+1256: RMS = 585.138 ns
  J1911+1347: RMS = 974.866 ns
  J1918-0642: RMS = 496.033 ns
  J1923+2515: RMS = 983.786 ns
  J1944+0907: RMS = 780.166 ns
  J1946+3417: RMS = 1065.900 ns
  J2010-1323: RMS = 1795.928 ns
  J2017+0603: RMS = 1255.230 ns
  J2033+1734: RMS = 1671.148 ns
  J2043+1711: RMS = 1313.104 ns
  J2124-3358: RMS = 492.077 ns
  J2145-0750: RMS = 1458.772 ns
  J2214+3000: RMS = 1199.486 ns
  J2229+2643: RMS = 919.950 ns
  J2234+0611: RMS = 1141.099 ns
  J2234+0944: RMS = 221.856 ns
  J2302+4442: RMS = 2074.434 ns
  J2317+1439: RMS = 620.309 ns
  J2322+2057: RMS = 401.967 ns
Inject: 1.06 s
Snapshotting into enterprise Pulsar objects...
Building PTA...
PTA build: 525.43 s
Computing optimal statistic...
OS time: 46.92 s
Total: 573.42 s
  SNR 3.3794 outside of provided SNR_range [3.5, 4.25] — rescaling.
[Iteration 1/4] SNR after scaling: 3.3794 (target: 4.0000)
  SNR history: it0→10.7005@1.0000x, it1→3.3794@1.5941x
  Re-scaling distances by factor 0.7920  (cumulative after: 1.2626×)
Resetting pulsars to clean stoas...
Restore: 0.01 s
Injecting population...
  B1855+09: RMS = 1140.709 ns
  B1937+21: RMS = 1613.896 ns
  B1953+29: RMS = 1365.665 ns
  J0023+0923: RMS = 2048.249 ns
  J0030+0451: RMS = 1587.065 ns
  J0340+4130: RMS = 632.218 ns
  J0406+3039: RMS = 1424.476 ns
  J0437-4715: RMS = 439.858 ns
  J0509+0856: RMS = 1411.377 ns
  J0557+1551: RMS = 1224.781 ns
  J0605+3757: RMS = 792.532 ns
  J0610-2100: RMS = 912.265 ns
  J0613-0200: RMS = 1765.576 ns
  J0636+5128: RMS = 297.430 ns
  J0645+5158: RMS = 705.886 ns
  J0709+0458: RMS = 306.787 ns
  J0740+6620: RMS = 307.197 ns
  J0931-1902: RMS = 2345.079 ns
  J1012+5307: RMS = 1008.083 ns
  J1012-4235: RMS = 674.051 ns
  J1022+1001: RMS = 851.391 ns
  J1024-0719: RMS = 2064.247 ns
  J1125+7819: RMS = 1129.543 ns
  J1312+0051: RMS = 949.856 ns
  J1453+1902: RMS = 898.293 ns
  J1455-3330: RMS = 1574.683 ns
  J1600-3053: RMS = 1650.833 ns
  J1614-2230: RMS = 1541.244 ns
  J1630+3734: RMS = 711.346 ns
  J1640+2224: RMS = 828.238 ns
  J1643-1224: RMS = 1673.926 ns
  J1705-1903: RMS = 1627.166 ns
  J1713+0747: RMS = 1633.682 ns
  J1719-1438: RMS = 1483.797 ns
  J1730-2304: RMS = 857.764 ns
  J1738+0333: RMS = 1317.546 ns
  J1741+1351: RMS = 793.198 ns
  J1744-1134: RMS = 879.470 ns
  J1745+1017: RMS = 1277.419 ns
  J1747-4036: RMS = 1126.138 ns
  J1751-2857: RMS = 392.044 ns
  J1802-2124: RMS = 447.409 ns
  J1811-2405: RMS = 348.935 ns
  J1832-0836: RMS = 1841.894 ns
  J1843-1113: RMS = 839.042 ns
  J1853+1303: RMS = 652.613 ns
  J1903+0327: RMS = 526.844 ns
  J1909-3744: RMS = 745.928 ns
  J1910+1256: RMS = 738.777 ns
  J1911+1347: RMS = 1230.834 ns
  J1918-0642: RMS = 626.276 ns
  J1923+2515: RMS = 1242.097 ns
  J1944+0907: RMS = 985.012 ns
  J1946+3417: RMS = 1345.772 ns
  J2010-1323: RMS = 2267.481 ns
  J2017+0603: RMS = 1584.813 ns
  J2033+1734: RMS = 2109.938 ns
  J2043+1711: RMS = 1657.882 ns
  J2124-3358: RMS = 621.281 ns
  J2145-0750: RMS = 1841.799 ns
  J2214+3000: RMS = 1514.432 ns
  J2229+2643: RMS = 1161.499 ns
  J2234+0611: RMS = 1440.715 ns
  J2234+0944: RMS = 280.109 ns
  J2302+4442: RMS = 2619.113 ns
  J2317+1439: RMS = 783.182 ns
  J2322+2057: RMS = 507.510 ns
Inject: 1.07 s
Snapshotting into enterprise Pulsar objects...
Building PTA...
PTA build: 551.06 s
Computing optimal statistic...
OS time: 48.72 s
Total: 600.86 s
  SNR 6.1440 outside of provided SNR_range [3.5, 4.25] — rescaling.
[Iteration 2/4] SNR after scaling: 6.1440 (target: 4.0000)
  SNR history: it0→10.7005@1.0000x, it1→3.3794@1.5941x, it2→6.1440@1.2626x
  Re-scaling distances by factor 1.1236  (cumulative after: 1.4187×)
Resetting pulsars to clean stoas...
Restore: 0.05 s
Injecting population...
  B1855+09: RMS = 1015.191 ns
  B1937+21: RMS = 1436.310 ns
  B1953+29: RMS = 1215.394 ns
  J0023+0923: RMS = 1822.869 ns
  J0030+0451: RMS = 1412.431 ns
  J0340+4130: RMS = 562.651 ns
  J0406+3039: RMS = 1267.733 ns
  J0437-4715: RMS = 391.458 ns
  J0509+0856: RMS = 1256.076 ns
  J0557+1551: RMS = 1090.011 ns
  J0605+3757: RMS = 705.325 ns
  J0610-2100: RMS = 811.883 ns
  J0613-0200: RMS = 1571.300 ns
  J0636+5128: RMS = 264.702 ns
  J0645+5158: RMS = 628.214 ns
  J0709+0458: RMS = 273.030 ns
  J0740+6620: RMS = 273.395 ns
  J0931-1902: RMS = 2087.037 ns
  J1012+5307: RMS = 897.158 ns
  J1012-4235: RMS = 599.881 ns
  J1022+1001: RMS = 757.707 ns
  J1024-0719: RMS = 1837.107 ns
  J1125+7819: RMS = 1005.253 ns
  J1312+0051: RMS = 845.338 ns
  J1453+1902: RMS = 799.449 ns
  J1455-3330: RMS = 1401.412 ns
  J1600-3053: RMS = 1469.183 ns
  J1614-2230: RMS = 1371.652 ns
  J1630+3734: RMS = 633.072 ns
  J1640+2224: RMS = 737.102 ns
  J1643-1224: RMS = 1489.735 ns
  J1705-1903: RMS = 1448.120 ns
  J1713+0747: RMS = 1453.919 ns
  J1719-1438: RMS = 1320.527 ns
  J1730-2304: RMS = 763.379 ns
  J1738+0333: RMS = 1172.569 ns
  J1741+1351: RMS = 705.918 ns
  J1744-1134: RMS = 782.697 ns
  J1745+1017: RMS = 1136.857 ns
  J1747-4036: RMS = 1002.223 ns
  J1751-2857: RMS = 348.905 ns
  J1802-2124: RMS = 398.178 ns
  J1811-2405: RMS = 310.540 ns
  J1832-0836: RMS = 1639.220 ns
  J1843-1113: RMS = 746.717 ns
  J1853+1303: RMS = 580.802 ns
  J1903+0327: RMS = 468.872 ns
  J1909-3744: RMS = 663.850 ns
  J1910+1256: RMS = 657.485 ns
  J1911+1347: RMS = 1095.398 ns
  J1918-0642: RMS = 557.363 ns
  J1923+2515: RMS = 1105.422 ns
  J1944+0907: RMS = 876.626 ns
  J1946+3417: RMS = 1197.689 ns
  J2010-1323: RMS = 2017.977 ns
  J2017+0603: RMS = 1410.427 ns
  J2033+1734: RMS = 1877.770 ns
  J2043+1711: RMS = 1475.456 ns
  J2124-3358: RMS = 552.918 ns
  J2145-0750: RMS = 1639.135 ns
  J2214+3000: RMS = 1347.791 ns
  J2229+2643: RMS = 1033.693 ns
  J2234+0611: RMS = 1282.185 ns
  J2234+0944: RMS = 249.287 ns
  J2302+4442: RMS = 2330.918 ns
  J2317+1439: RMS = 697.004 ns
  J2322+2057: RMS = 451.666 ns
Inject: 0.93 s
Snapshotting into enterprise Pulsar objects...
Building PTA...
PTA build: 515.94 s
Computing optimal statistic...
OS time: 42.80 s
Total: 559.72 s
  SNR 4.5885 outside of provided SNR_range [3.5, 4.25] — rescaling.
[Iteration 3/4] SNR after scaling: 4.5885 (target: 4.0000)
  SNR history: it0→10.7005@1.0000x, it1→3.3794@1.5941x, it2→6.1440@1.2626x, it3→4.5885@1.4187x
  Re-scaling distances by factor 1.0600  (cumulative after: 1.5038×)
Resetting pulsars to clean stoas...
Restore: 0.00 s
Injecting population...
  B1855+09: RMS = 957.710 ns
  B1937+21: RMS = 1354.986 ns
  B1953+29: RMS = 1146.577 ns
  J0023+0923: RMS = 1719.657 ns
  J0030+0451: RMS = 1332.458 ns
  J0340+4130: RMS = 530.794 ns
  J0406+3039: RMS = 1195.953 ns
  J0437-4715: RMS = 369.293 ns
  J0509+0856: RMS = 1184.956 ns
  J0557+1551: RMS = 1028.294 ns
  J0605+3757: RMS = 665.389 ns
  J0610-2100: RMS = 765.914 ns
  J0613-0200: RMS = 1482.332 ns
  J0636+5128: RMS = 249.715 ns
  J0645+5158: RMS = 592.644 ns
  J0709+0458: RMS = 257.570 ns
  J0740+6620: RMS = 257.915 ns
  J0931-1902: RMS = 1968.868 ns
  J1012+5307: RMS = 846.361 ns
  J1012-4235: RMS = 565.915 ns
  J1022+1001: RMS = 714.805 ns
  J1024-0719: RMS = 1733.088 ns
  J1125+7819: RMS = 948.335 ns
  J1312+0051: RMS = 797.474 ns
  J1453+1902: RMS = 754.183 ns
  J1455-3330: RMS = 1322.063 ns
  J1600-3053: RMS = 1385.996 ns
  J1614-2230: RMS = 1293.988 ns
  J1630+3734: RMS = 597.227 ns
  J1640+2224: RMS = 695.367 ns
  J1643-1224: RMS = 1405.385 ns
  J1705-1903: RMS = 1366.126 ns
  J1713+0747: RMS = 1371.597 ns
  J1719-1438: RMS = 1245.758 ns
  J1730-2304: RMS = 720.156 ns
  J1738+0333: RMS = 1106.178 ns
  J1741+1351: RMS = 665.949 ns
  J1744-1134: RMS = 738.380 ns
  J1745+1017: RMS = 1072.487 ns
  J1747-4036: RMS = 945.476 ns
  J1751-2857: RMS = 329.150 ns
  J1802-2124: RMS = 375.633 ns
  J1811-2405: RMS = 292.957 ns
  J1832-0836: RMS = 1546.407 ns
  J1843-1113: RMS = 704.438 ns
  J1853+1303: RMS = 547.917 ns
  J1903+0327: RMS = 442.324 ns
  J1909-3744: RMS = 626.262 ns
  J1910+1256: RMS = 620.258 ns
  J1911+1347: RMS = 1033.376 ns
  J1918-0642: RMS = 525.805 ns
  J1923+2515: RMS = 1042.832 ns
  J1944+0907: RMS = 826.991 ns
  J1946+3417: RMS = 1129.875 ns
  J2010-1323: RMS = 1903.718 ns
  J2017+0603: RMS = 1330.567 ns
  J2033+1734: RMS = 1771.449 ns
  J2043+1711: RMS = 1391.915 ns
  J2124-3358: RMS = 521.611 ns
  J2145-0750: RMS = 1546.326 ns
  J2214+3000: RMS = 1271.478 ns
  J2229+2643: RMS = 975.164 ns
  J2234+0611: RMS = 1209.587 ns
  J2234+0944: RMS = 235.172 ns
  J2302+4442: RMS = 2198.939 ns
  J2317+1439: RMS = 657.539 ns
  J2322+2057: RMS = 426.092 ns
Inject: 0.78 s
Snapshotting into enterprise Pulsar objects...
Building PTA...
PTA build: 520.95 s
Computing optimal statistic...
OS time: 43.44 s
Total: 565.18 s
  ✓ SNR is within the provided SNR_range: 3.9460 ∈ [3.5, 4.25]

Final SNR history:
  it 0: cumulative_scale=1.0000×  SNR=10.7005
  it 1: cumulative_scale=1.5941×  SNR=3.3794
  it 2: cumulative_scale=1.2626×  SNR=6.1440
  it 3: cumulative_scale=1.4187×  SNR=4.5885
  it 4: cumulative_scale=1.5038×  SNR=3.9460
✓ Simulation 1 done (2874.0 s)

======================================================================
ENSEMBLE SUMMARY
======================================================================
Success rate: 100.0% (1/1)

Binaries per population:
  Mean ± std : 20000 ± 0
  Range      : [20000, 20000]

SNR achieved:
  Mean ± std : 3.9460 ± 0.0000
  Range      : [3.9460, 3.9460]

Total time: 3503.6 s (58.4 min)
======================================================================

💾 Saved: data/2026-04-29/realistic_run_120/consistent_population_realistic_targetSNR4.25_sims1.json
💾 Saved compressed pickle: data/2026-04-29/realistic_run_120/consistent_population_realistic_targetSNR4.25_sims1.pkl.gz

======================================================================
CONTINUOUS WAVE SNR ANALYSIS
======================================================================

--- Population 1 ---
Precomputation of phiinvs, TNTs, Ts, Nvecs, Sigmas took 0.03 seconds.
Total SNR computation for population took 357.37 seconds.
Top 50 CGW candidates:
   1. proxy_rank=  73  sky_w=1.47  f=1.07e-08 Hz  Mc=1.36e+10 Msun  h0=6.08e-15  SNR=11.388
   2. proxy_rank=  24  sky_w=0.76  f=6.19e-09 Hz  Mc=1.25e+10 Msun  h0=1.25e-14  SNR=11.046
   3. proxy_rank=   2  sky_w=1.40  f=2.70e-09 Hz  Mc=3.32e+10 Msun  h0=1.35e-14  SNR=10.215
   4. proxy_rank=  11  sky_w=0.68  f=4.52e-09 Hz  Mc=3.29e+10 Msun  h0=1.69e-14  SNR=8.603
   5. proxy_rank=   1  sky_w=1.55  f=2.60e-09 Hz  Mc=2.67e+10 Msun  h0=1.19e-14  SNR=7.936
   6. proxy_rank= 134  sky_w=1.55  f=8.31e-09 Hz  Mc=8.79e+09 Msun  h0=2.66e-15  SNR=5.900
   7. proxy_rank=   4  sky_w=0.72  f=2.41e-09 Hz  Mc=4.52e+10 Msun  h0=1.67e-14  SNR=5.769
   8. proxy_rank= 126  sky_w=0.66  f=7.07e-09 Hz  Mc=1.58e+10 Msun  h0=5.67e-15  SNR=5.280
   9. proxy_rank=  55  sky_w=0.81  f=4.49e-09 Hz  Mc=1.59e+10 Msun  h0=5.31e-15  SNR=4.813
  10. proxy_rank=  31  sky_w=1.61  f=4.34e-09 Hz  Mc=1.24e+10 Msun  h0=3.75e-15  SNR=4.663
  11. proxy_rank= 182  sky_w=0.84  f=1.36e-08 Hz  Mc=1.01e+10 Msun  h0=5.67e-15  SNR=4.401
  12. proxy_rank=  50  sky_w=1.45  f=4.58e-09 Hz  Mc=7.47e+09 Msun  h0=3.17e-15  SNR=4.313
  13. proxy_rank=   5  sky_w=1.49  f=2.30e-09 Hz  Mc=2.04e+10 Msun  h0=6.97e-15  SNR=4.155
  14. proxy_rank=  10  sky_w=1.22  f=2.98e-09 Hz  Mc=2.43e+10 Msun  h0=6.53e-15  SNR=4.007
  15. proxy_rank=   6  sky_w=1.50  f=2.35e-09 Hz  Mc=2.35e+10 Msun  h0=5.55e-15  SNR=3.955
  16. proxy_rank= 114  sky_w=0.75  f=8.46e-09 Hz  Mc=1.50e+10 Msun  h0=6.39e-15  SNR=3.857
  17. proxy_rank=  23  sky_w=1.07  f=3.99e-09 Hz  Mc=1.96e+10 Msun  h0=5.76e-15  SNR=3.760
  18. proxy_rank= 164  sky_w=0.86  f=6.88e-09 Hz  Mc=1.09e+10 Msun  h0=3.14e-15  SNR=3.695
  19. proxy_rank=   7  sky_w=1.31  f=2.62e-09 Hz  Mc=2.67e+10 Msun  h0=6.97e-15  SNR=3.335
  20. proxy_rank=  26  sky_w=0.88  f=4.00e-09 Hz  Mc=1.85e+10 Msun  h0=6.81e-15  SNR=3.208
  21. proxy_rank=  37  sky_w=1.62  f=4.08e-09 Hz  Mc=9.27e+09 Msun  h0=2.97e-15  SNR=2.844
  22. proxy_rank=  40  sky_w=1.40  f=4.74e-09 Hz  Mc=1.24e+10 Msun  h0=3.74e-15  SNR=2.656
  23. proxy_rank=   3  sky_w=1.57  f=2.24e-09 Hz  Mc=1.97e+10 Msun  h0=7.54e-15  SNR=2.636
  24. proxy_rank= 173  sky_w=1.02  f=6.10e-09 Hz  Mc=9.66e+09 Msun  h0=2.25e-15  SNR=2.622
  25. proxy_rank= 142  sky_w=0.61  f=4.94e-09 Hz  Mc=9.77e+09 Msun  h0=3.72e-15  SNR=2.535
  26. proxy_rank=  46  sky_w=0.86  f=5.21e-09 Hz  Mc=1.61e+10 Msun  h0=6.22e-15  SNR=2.491
  27. proxy_rank=  17  sky_w=1.22  f=2.56e-09 Hz  Mc=1.91e+10 Msun  h0=4.24e-15  SNR=2.490
  28. proxy_rank=  25  sky_w=0.78  f=2.97e-09 Hz  Mc=2.29e+10 Msun  h0=5.86e-15  SNR=2.389
  29. proxy_rank= 100  sky_w=1.55  f=4.53e-09 Hz  Mc=9.33e+09 Msun  h0=1.84e-15  SNR=2.337
  30. proxy_rank=  49  sky_w=1.56  f=3.56e-09 Hz  Mc=1.20e+10 Msun  h0=2.28e-15  SNR=2.258
  31. proxy_rank= 130  sky_w=0.81  f=4.46e-09 Hz  Mc=1.15e+10 Msun  h0=2.83e-15  SNR=2.247
  32. proxy_rank=  16  sky_w=1.61  f=3.20e-09 Hz  Mc=1.47e+10 Msun  h0=4.19e-15  SNR=2.056
  33. proxy_rank=  92  sky_w=0.85  f=3.84e-09 Hz  Mc=1.28e+10 Msun  h0=3.08e-15  SNR=2.046
  34. proxy_rank=  22  sky_w=1.48  f=2.59e-09 Hz  Mc=1.24e+10 Msun  h0=2.72e-15  SNR=2.029
  35. proxy_rank= 288  sky_w=0.82  f=7.28e-09 Hz  Mc=8.66e+09 Msun  h0=2.11e-15  SNR=2.000
  36. proxy_rank= 375  sky_w=1.04  f=8.82e-09 Hz  Mc=4.17e+09 Msun  h0=1.51e-15  SNR=1.973
  37. proxy_rank= 110  sky_w=1.04  f=4.37e-09 Hz  Mc=1.16e+10 Msun  h0=2.42e-15  SNR=1.928
  38. proxy_rank=  45  sky_w=0.66  f=2.62e-09 Hz  Mc=1.87e+10 Msun  h0=4.16e-15  SNR=1.893
  39. proxy_rank= 297  sky_w=1.43  f=8.51e-09 Hz  Mc=3.83e+09 Msun  h0=1.37e-15  SNR=1.887
  40. proxy_rank= 234  sky_w=0.84  f=5.31e-09 Hz  Mc=7.50e+09 Msun  h0=1.77e-15  SNR=1.880
  41. proxy_rank=   8  sky_w=1.32  f=2.45e-09 Hz  Mc=1.99e+10 Msun  h0=6.47e-15  SNR=1.790
  42. proxy_rank= 202  sky_w=1.30  f=6.71e-09 Hz  Mc=7.10e+09 Msun  h0=1.63e-15  SNR=1.741
  43. proxy_rank=  14  sky_w=1.32  f=2.75e-09 Hz  Mc=2.11e+10 Msun  h0=4.80e-15  SNR=1.736
  44. proxy_rank=  86  sky_w=0.50  f=3.17e-09 Hz  Mc=1.90e+10 Msun  h0=4.67e-15  SNR=1.722
  45. proxy_rank= 177  sky_w=1.46  f=4.73e-09 Hz  Mc=5.08e+09 Msun  h0=1.17e-15  SNR=1.687
  46. proxy_rank= 210  sky_w=0.85  f=5.89e-09 Hz  Mc=8.48e+09 Msun  h0=2.12e-15  SNR=1.674
  47. proxy_rank=  95  sky_w=1.01  f=3.98e-09 Hz  Mc=1.26e+10 Msun  h0=2.66e-15  SNR=1.663
  48. proxy_rank=  39  sky_w=1.56  f=2.73e-09 Hz  Mc=1.25e+10 Msun  h0=2.02e-15  SNR=1.652
  49. proxy_rank= 366  sky_w=1.38  f=1.38e-08 Hz  Mc=5.13e+09 Msun  h0=1.82e-15  SNR=1.638
  50. proxy_rank= 187  sky_w=1.52  f=5.08e-09 Hz  Mc=7.00e+09 Msun  h0=1.15e-15  SNR=1.611
💾 Saved: data/2026-04-29/realistic_run_120/consistent_population_realistic_targetSNR4.25_sims1.json
💾 Saved compressed pickle: data/2026-04-29/realistic_run_120/consistent_population_realistic_targetSNR4.25_sims1.pkl.gz
Saved to figures/cgw_analysis_realistic.pdf

======================================================================
ANALYSIS COMPLETE
Results saved to: data/2026-04-29/realistic_run_120
======================================================================

==========================================
Job finished at: Wed Apr 29 14:01:45 AEST 2026
Exit code: 0
==========================================

+------------------ Job Report: 11736920 (COMPLETED) ------------------+
| Memory (RAM)  [################### ] 99.3% (31.8 GB peak / 32 GB)    |
| CPU           [##############      ] 70.6% average                   |
| Time          [----------------->  ] 86.1% (0-01:08:54 / 0-01:20:00) |
|                                                                      |
| Lustre Filesystem:                                                   |
|   Path    Total Read    Total Write    Total IOPS                    |
|   ------  ------------  -------------  ------------                  |
|   /apps   108 KB        0 B            92                            |
|   /fred   100 KB        6.4 MB         33                            |
|   /home   543.5 MB      0 B            2.3 K                         |
|   OS      0 B           0 B            2                             |
|                                                                      |
| Warnings:                                                            |
|   - CPU usage is low                                                 |
+----------------------------------------------------------------------+
