==========================================
Job ID: 11740166
Job Name: smbhb_optimistic
Node: gina303
Start Time: Wed Apr 29 14:13:16 AEST 2026
==========================================

/home/bhoulden/.conda/envs/smbhb312/share/tempo2
Working directory: /fred/oz005/users/bhoulden/SMBHB_population_injections

Loaded modules:

Starting SMBHB analysis...
==========================================

📁 Save directory: data/2026-04-29/optimistic_run_206
📝 Run name: optimistic_run_206

[MEM] Start: 243.3 MB

📡 Loading pulsars...
======================================================================
LOADING NANOGRAV PULSARS (libstempo)
======================================================================

📦 Loading from cache: nanograv_pulsars_cache.pkl
⚠ Cache load failed: Ran out of input
[DEBUG] Found 76 .par files
[tempo2Util.C:396] Warning: [MISC1] Unknown parameter in par file:  DMDATA
[tempo2Util.C:401] Warning: [DUP1] duplicated warnings have been suppressed.

WARNING: Using tempo RNAMP parameter: setting TNRedC to 100!
[observatory.C:271] Warning: Assuming site 'arecibo' means 'ao'
✓ Loaded B1855+09 (7758 TOAs)

WARNING: Using tempo RNAMP parameter: setting TNRedC to 100!
✓ Loaded B1937+21 (23023 TOAs)

WARNING: Using tempo RNAMP parameter: setting TNRedC to 100!
✓ Loaded B1937+21ao (7241 TOAs)

WARNING: Using tempo RNAMP parameter: setting TNRedC to 100!
✓ Loaded B1937+21gbt (16048 TOAs)

WARNING: Using tempo RNAMP parameter: setting TNRedC to 100!
✓ Loaded B1953+29 (5126 TOAs)
✓ Loaded J0023+0923 (15896 TOAs)

WARNING: Using tempo RNAMP parameter: setting TNRedC to 100!
✓ Loaded J0030+0451 (19571 TOAs)
✓ Loaded J0340+4130 (11093 TOAs)
✓ Loaded J0406+3039 (2446 TOAs)

WARNING: Using tempo RNAMP parameter: setting TNRedC to 100!
✓ Loaded J0437-4715 (5830 TOAs)
✓ Loaded J0509+0856 (2169 TOAs)
✓ Loaded J0557+1551 (525 TOAs)
✓ Loaded J0605+3757 (554 TOAs)

WARNING: Using tempo RNAMP parameter: setting TNRedC to 100!
✓ Loaded J0610-2100 (4885 TOAs)

WARNING: Using tempo RNAMP parameter: setting TNRedC to 100!
✓ Loaded J0613-0200 (17124 TOAs)
✓ Loaded J0614-3329 (1714 TOAs)
✓ Loaded J0636+5128 (32222 TOAs)
✓ Loaded J0645+5158 (10403 TOAs)
✓ Loaded J0709+0458 (3030 TOAs)
✓ Loaded J0740+6620 (13401 TOAs)
✓ Loaded J0931-1902 (5473 TOAs)

WARNING: Using tempo RNAMP parameter: setting TNRedC to 100!
✓ Loaded J1012+5307 (25837 TOAs)
✓ Loaded J1012-4235 (797 TOAs)
✓ Loaded J1022+1001 (3978 TOAs)
✓ Loaded J1024-0719 (12635 TOAs)
✓ Loaded J1125+7819 (8723 TOAs)
✓ Loaded J1312+0051 (1705 TOAs)
✓ Loaded J1453+1902 (2551 TOAs)
✓ Loaded J1455-3330 (10818 TOAs)

WARNING: Using tempo RNAMP parameter: setting TNRedC to 100!
✓ Loaded J1600-3053 (22955 TOAs)

WARNING: Using tempo RNAMP parameter: setting TNRedC to 100!
✓ Loaded J1600-3053gbt (19725 TOAs)

WARNING: Using tempo RNAMP parameter: setting TNRedC to 100!
✓ Loaded J1614-2230 (18445 TOAs)
✓ Loaded J1630+3734 (1815 TOAs)
✓ Loaded J1640+2224 (14066 TOAs)

WARNING: Using tempo RNAMP parameter: setting TNRedC to 100!
✓ Loaded J1643-1224 (22144 TOAs)

WARNING: Using tempo RNAMP parameter: setting TNRedC to 100!
✓ Loaded J1643-1224gbt (17932 TOAs)

WARNING: Using tempo RNAMP parameter: setting TNRedC to 100!
✓ Loaded J1705-1903 (9871 TOAs)

WARNING: Using tempo RNAMP parameter: setting TNRedC to 100!
✓ Loaded J1713+0747 (59389 TOAs)

WARNING: Using tempo RNAMP parameter: setting TNRedC to 100!
✓ Loaded J1713+0747ao (21362 TOAs)

WARNING: Using tempo RNAMP parameter: setting TNRedC to 100!
✓ Loaded J1713+0747gbt (32963 TOAs)
✓ Loaded J1719-1438 (6356 TOAs)
✓ Loaded J1730-2304 (4870 TOAs)
✓ Loaded J1738+0333 (8790 TOAs)
✓ Loaded J1741+1351 (5582 TOAs)

WARNING: Using tempo RNAMP parameter: setting TNRedC to 100!
✓ Loaded J1744-1134 (17745 TOAs)

WARNING: Using tempo RNAMP parameter: setting TNRedC to 100!
✓ Loaded J1745+1017 (3017 TOAs)

WARNING: Using tempo RNAMP parameter: setting TNRedC to 100!
✓ Loaded J1747-4036 (11055 TOAs)
✓ Loaded J1751-2857 (2025 TOAs)

WARNING: Using tempo RNAMP parameter: setting TNRedC to 100!
✓ Loaded J1802-2124 (6796 TOAs)
✓ Loaded J1811-2405 (5266 TOAs)
✓ Loaded J1832-0836 (7739 TOAs)
✓ Loaded J1843-1113 (4595 TOAs)

WARNING: Using tempo RNAMP parameter: setting TNRedC to 100!
✓ Loaded J1853+1303 (4570 TOAs)

WARNING: Using tempo RNAMP parameter: setting TNRedC to 100!
✓ Loaded J1903+0327 (6856 TOAs)

WARNING: Using tempo RNAMP parameter: setting TNRedC to 100!
✓ Loaded J1903+0327ao (6423 TOAs)

WARNING: Using tempo RNAMP parameter: setting TNRedC to 100!
✓ Loaded J1909-3744 (35037 TOAs)

WARNING: Using tempo RNAMP parameter: setting TNRedC to 100!
✓ Loaded J1909-3744gbt (31526 TOAs)
✓ Loaded J1910+1256 (6486 TOAs)
✓ Loaded J1911+1347 (3786 TOAs)
✓ Loaded J1918-0642 (18875 TOAs)
✓ Loaded J1923+2515 (3974 TOAs)
✓ Loaded J1944+0907 (5328 TOAs)

WARNING: Using tempo RNAMP parameter: setting TNRedC to 100!
✓ Loaded J1946+3417 (4743 TOAs)
✓ Loaded J2010-1323 (17077 TOAs)
✓ Loaded J2017+0603 (3512 TOAs)
✓ Loaded J2033+1734 (3847 TOAs)
✓ Loaded J2043+1711 (7397 TOAs)
✓ Loaded J2124-3358 (4982 TOAs)

WARNING: Using tempo RNAMP parameter: setting TNRedC to 100!
✓ Loaded J2145-0750 (18675 TOAs)
✓ Loaded J2214+3000 (7406 TOAs)
✓ Loaded J2229+2643 (3711 TOAs)

WARNING: Using tempo RNAMP parameter: setting TNRedC to 100!
✓ Loaded J2234+0611 (3566 TOAs)
✓ Loaded J2234+0944 (7535 TOAs)
✓ Loaded J2302+4442 (10211 TOAs)
✓ Loaded J2317+1439 (13927 TOAs)
✓ Loaded J2322+2057 (3088 TOAs)
⚠ Could not save cache: no default __reduce__ due to non-trivial __cinit__

✓ Loaded 76 pulsars
✗ Failed: 0 — []
[MEM] After loading pulsars: 8871.9 MB

🔍 Filtering pulsars...

Filtered: 76 → 67 pulsars
[MEM] After filtering pulsars: 8874.6 MB
[MEM] After garbage collection: 8874.6 MB

======================================================================
SMBHB POPULATION ANALYSIS
======================================================================

Configuration: optimistic
  Larger mass, higher spread in distance, small population
  N_binaries: 500

======================================================================
CONSISTENT POPULATION SYNTHESIS
======================================================================

======================================================================
GENERATING SNR-CONSISTENT POPULATIONS
======================================================================
Target SNR:          4.0
Simulations:         1
======================================================================


──────────────────────────────────────────────────────────────────────
SIMULATION 1/1
──────────────────────────────────────────────────────────────────────
  [B1855+09] zeroing residuals...
  [B1855+09] adding red noise...
  [B1855+09] white noise for L-wide_PUPPI (5005 TOAs)...
  [B1855+09] white noise for 430_PUPPI (1185 TOAs)...
  [B1855+09] white noise for 430_ASP (390 TOAs)...
  [B1855+09] white noise for L-wide_ASP (1178 TOAs)...
  [B1937+21] zeroing residuals...
  [B1937+21] adding red noise...
  [B1937+21] white noise for S-wide_PUPPI (2251 TOAs)...
  [B1937+21] white noise for Rcvr1_2_GASP (1069 TOAs)...
  [B1937+21] white noise for L-wide_ASP (452 TOAs)...
  [B1937+21] white noise for Rcvr_800_GUPPI (7140 TOAs)...
  [B1937+21] white noise for Rcvr1_2_GUPPI (7048 TOAs)...
  [B1937+21] white noise for L-wide_PUPPI (4133 TOAs)...
  [B1937+21] white noise for Rcvr_800_GASP (586 TOAs)...
  [B1937+21] white noise for S-wide_ASP (344 TOAs)...
  [B1953+29] zeroing residuals...
  [B1953+29] adding red noise...
  [B1953+29] white noise for 430_PUPPI (941 TOAs)...
  [B1953+29] white noise for L-wide_ASP (94 TOAs)...
  [B1953+29] white noise for 430_ASP (29 TOAs)...
  [B1953+29] white noise for L-wide_PUPPI (4037 TOAs)...
  [B1953+29] white noise for S-wide_ASP (25 TOAs)...
  [J0023+0923] zeroing residuals...
  [J0023+0923] adding red noise...
  [J0023+0923] white noise for L-wide_PUPPI (11123 TOAs)...
  [J0023+0923] white noise for 430_PUPPI (4564 TOAs)...
  [J0023+0923] white noise for 430_ASP (90 TOAs)...
  [J0023+0923] white noise for L-wide_ASP (119 TOAs)...
  [J0030+0451] zeroing residuals...
  [J0030+0451] adding red noise...
  [J0030+0451] white noise for 430_PUPPI (3068 TOAs)...
  [J0030+0451] white noise for S-wide_PUPPI (2673 TOAs)...
  [J0030+0451] white noise for L-wide_ASP (789 TOAs)...
  [J0030+0451] white noise for 430_ASP (267 TOAs)...
  [J0030+0451] white noise for L-wide_PUPPI (12774 TOAs)...
  [J0340+4130] zeroing residuals...
  [J0340+4130] adding red noise...
  [J0340+4130] white noise for Rcvr_800_GUPPI (6056 TOAs)...
  [J0340+4130] white noise for Rcvr1_2_GUPPI (5037 TOAs)...
  [J0406+3039] zeroing residuals...
  [J0406+3039] adding red noise...
  [J0406+3039] white noise for L-wide_PUPPI (1871 TOAs)...
  [J0406+3039] white noise for S-wide_PUPPI (575 TOAs)...
  [J0437-4715] zeroing residuals...
  [J0437-4715] adding red noise...
  [J0437-4715] white noise for 1.5GHz_YUPPI (2134 TOAs)...
  [J0437-4715] white noise for 3GHz_YUPPI (3696 TOAs)...
  [J0509+0856] zeroing residuals...
  [J0509+0856] adding red noise...
  [J0509+0856] white noise for L-wide_PUPPI (1625 TOAs)...
  [J0509+0856] white noise for S-wide_PUPPI (544 TOAs)...
  [J0557+1551] zeroing residuals...
  [J0557+1551] adding red noise...
  [J0557+1551] white noise for L-wide_PUPPI (467 TOAs)...
  [J0557+1551] white noise for S-wide_PUPPI (58 TOAs)...
  [J0605+3757] zeroing residuals...
  [J0605+3757] adding red noise...
  [J0605+3757] white noise for Rcvr_800_GUPPI (236 TOAs)...
  [J0605+3757] white noise for Rcvr1_2_GUPPI (318 TOAs)...
  [J0610-2100] zeroing residuals...
  [J0610-2100] adding red noise...
  [J0610-2100] white noise for Rcvr_800_GUPPI (2484 TOAs)...
  [J0610-2100] white noise for Rcvr1_2_GUPPI (2401 TOAs)...
  [J0613-0200] zeroing residuals...
  [J0613-0200] adding red noise...
  [J0613-0200] white noise for Rcvr_800_GUPPI (7900 TOAs)...
  [J0613-0200] white noise for Rcvr1_2_GUPPI (7423 TOAs)...
  [J0613-0200] white noise for Rcvr_800_GASP (809 TOAs)...
  [J0613-0200] white noise for Rcvr1_2_GASP (992 TOAs)...
  [J0636+5128] zeroing residuals...
  [J0636+5128] adding red noise...
  [J0636+5128] white noise for Rcvr_800_GUPPI (17419 TOAs)...
  [J0636+5128] white noise for Rcvr1_2_GUPPI (14803 TOAs)...
  [J0645+5158] zeroing residuals...
  [J0645+5158] adding red noise...
  [J0645+5158] white noise for Rcvr_800_GUPPI (4682 TOAs)...
  [J0645+5158] white noise for Rcvr1_2_GUPPI (5721 TOAs)...
  [J0709+0458] zeroing residuals...
  [J0709+0458] adding red noise...
  [J0709+0458] white noise for L-wide_PUPPI (2435 TOAs)...
  [J0709+0458] white noise for S-wide_PUPPI (595 TOAs)...
  [J0740+6620] zeroing residuals...
  [J0740+6620] adding red noise...
  [J0740+6620] white noise for Rcvr_800_GUPPI (5136 TOAs)...
  [J0740+6620] white noise for Rcvr1_2_GUPPI (8265 TOAs)...
  [J0931-1902] zeroing residuals...
  [J0931-1902] adding red noise...
  [J0931-1902] white noise for Rcvr_800_GUPPI (3419 TOAs)...
  [J0931-1902] white noise for Rcvr1_2_GUPPI (2054 TOAs)...
  [J1012+5307] zeroing residuals...
  [J1012+5307] adding red noise...
  [J1012+5307] white noise for Rcvr_800_GUPPI (10299 TOAs)...
  [J1012+5307] white noise for Rcvr1_2_GUPPI (12849 TOAs)...
  [J1012+5307] white noise for Rcvr_800_GASP (1210 TOAs)...
  [J1012+5307] white noise for Rcvr1_2_GASP (1479 TOAs)...
  [J1012-4235] zeroing residuals...
  [J1012-4235] adding red noise...
  [J1012-4235] white noise for Rcvr_800_GUPPI (342 TOAs)...
  [J1012-4235] white noise for Rcvr1_2_GUPPI (455 TOAs)...
  [J1022+1001] zeroing residuals...
  [J1022+1001] adding red noise...
  [J1022+1001] white noise for L-wide_PUPPI (2592 TOAs)...
  [J1022+1001] white noise for 430_PUPPI (232 TOAs)...
  [J1022+1001] white noise for S-wide_PUPPI (1154 TOAs)...
  [J1024-0719] zeroing residuals...
  [J1024-0719] adding red noise...
  [J1024-0719] white noise for Rcvr_800_GUPPI (5455 TOAs)...
  [J1024-0719] white noise for Rcvr1_2_GUPPI (7086 TOAs)...
  [J1024-0719] white noise for Rcvr_800_GASP (51 TOAs)...
  [J1024-0719] white noise for Rcvr1_2_GASP (43 TOAs)...
  [J1125+7819] zeroing residuals...
  [J1125+7819] adding red noise...
  [J1125+7819] white noise for Rcvr_800_GUPPI (4707 TOAs)...
  [J1125+7819] white noise for Rcvr1_2_GUPPI (4016 TOAs)...
  [J1312+0051] zeroing residuals...
  [J1312+0051] adding red noise...
  [J1312+0051] white noise for L-wide_PUPPI (1289 TOAs)...
  [J1312+0051] white noise for S-wide_PUPPI (416 TOAs)...
  [J1453+1902] zeroing residuals...
  [J1453+1902] adding red noise...
  [J1453+1902] white noise for L-wide_PUPPI (2122 TOAs)...
  [J1453+1902] white noise for 430_PUPPI (425 TOAs)...
  [J1453+1902] white noise for S-wide_PUPPI (4 TOAs)...
  [J1455-3330] zeroing residuals...
  [J1455-3330] adding red noise...
  [J1455-3330] white noise for Rcvr_800_GUPPI (4843 TOAs)...
  [J1455-3330] white noise for Rcvr1_2_GUPPI (4932 TOAs)...
  [J1455-3330] white noise for Rcvr_800_GASP (479 TOAs)...
  [J1455-3330] white noise for Rcvr1_2_GASP (564 TOAs)...
  [J1600-3053] zeroing residuals...
  [J1600-3053] adding red noise...
  [J1600-3053] white noise for 3GHz_YUPPI (3237 TOAs)...
  [J1600-3053] white noise for Rcvr1_2_GASP (457 TOAs)...
  [J1600-3053] white noise for Rcvr_800_GUPPI (8796 TOAs)...
  [J1600-3053] white noise for Rcvr1_2_GUPPI (10168 TOAs)...
  [J1600-3053] white noise for Rcvr_800_GASP (297 TOAs)...
  [J1614-2230] zeroing residuals...
  [J1614-2230] adding red noise...
  [J1614-2230] white noise for Rcvr_800_GUPPI (7768 TOAs)...
  [J1614-2230] white noise for Rcvr1_2_GUPPI (10509 TOAs)...
  [J1614-2230] white noise for Rcvr_800_GASP (84 TOAs)...
  [J1614-2230] white noise for Rcvr1_2_GASP (84 TOAs)...
  [J1630+3734] zeroing residuals...
  [J1630+3734] adding red noise...
  [J1630+3734] white noise for Rcvr_800_GUPPI (906 TOAs)...
  [J1630+3734] white noise for Rcvr1_2_GUPPI (909 TOAs)...
  [J1640+2224] zeroing residuals...
  [J1640+2224] adding red noise...
  [J1640+2224] white noise for L-wide_PUPPI (9847 TOAs)...
  [J1640+2224] white noise for 430_PUPPI (3157 TOAs)...
  [J1640+2224] white noise for 430_ASP (340 TOAs)...
  [J1640+2224] white noise for L-wide_ASP (722 TOAs)...
  [J1643-1224] zeroing residuals...
  [J1643-1224] adding red noise...
  [J1643-1224] white noise for 3GHz_YUPPI (4215 TOAs)...
  [J1643-1224] white noise for Rcvr1_2_GASP (833 TOAs)...
  [J1643-1224] white noise for Rcvr_800_GUPPI (7734 TOAs)...
  [J1643-1224] white noise for Rcvr1_2_GUPPI (8803 TOAs)...
  [J1643-1224] white noise for Rcvr_800_GASP (559 TOAs)...
  [J1705-1903] zeroing residuals...
  [J1705-1903] adding red noise...
  [J1705-1903] white noise for Rcvr_800_GUPPI (3521 TOAs)...
  [J1705-1903] white noise for Rcvr1_2_GUPPI (6350 TOAs)...
  [J1713+0747] zeroing residuals...
  [J1713+0747] adding red noise...
  [J1713+0747] white noise for 1.5GHz_YUPPI (1461 TOAs)...
  [J1713+0747] white noise for 3GHz_YUPPI (3282 TOAs)...
  [J1713+0747] white noise for S-wide_PUPPI (7482 TOAs)...
  [J1713+0747] white noise for Rcvr1_2_GASP (1109 TOAs)...
  [J1713+0747] white noise for L-wide_ASP (843 TOAs)...
  [J1713+0747] white noise for Rcvr_800_GUPPI (8479 TOAs)...
  [J1713+0747] white noise for Rcvr1_2_GUPPI (22334 TOAs)...
  [J1713+0747] white noise for L-wide_PUPPI (12743 TOAs)...
  [J1713+0747] white noise for Rcvr_800_GASP (1032 TOAs)...
  [J1713+0747] white noise for S-wide_ASP (624 TOAs)...
  [J1719-1438] zeroing residuals...
  [J1719-1438] adding red noise...
  [J1719-1438] white noise for Rcvr_800_GUPPI (3634 TOAs)...
  [J1719-1438] white noise for Rcvr1_2_GUPPI (2722 TOAs)...
  [J1730-2304] zeroing residuals...
  [J1730-2304] adding red noise...
  [J1730-2304] white noise for Rcvr_800_GUPPI (2503 TOAs)...
  [J1730-2304] white noise for Rcvr1_2_GUPPI (2367 TOAs)...
  [J1738+0333] zeroing residuals...
  [J1738+0333] adding red noise...
  [J1738+0333] white noise for L-wide_PUPPI (6718 TOAs)...
  [J1738+0333] white noise for S-wide_ASP (134 TOAs)...
  [J1738+0333] white noise for S-wide_PUPPI (1737 TOAs)...
  [J1738+0333] white noise for L-wide_ASP (201 TOAs)...
  [J1741+1351] zeroing residuals...
  [J1741+1351] adding red noise...
  [J1741+1351] white noise for 430_PUPPI (1159 TOAs)...
  [J1741+1351] white noise for L-wide_ASP (236 TOAs)...
  [J1741+1351] white noise for 430_ASP (27 TOAs)...
  [J1741+1351] white noise for L-wide_PUPPI (4045 TOAs)...
  [J1741+1351] white noise for S-wide_ASP (115 TOAs)...
  [J1744-1134] zeroing residuals...
  [J1744-1134] adding red noise...
  [J1744-1134] white noise for Rcvr_800_GUPPI (7899 TOAs)...
  [J1744-1134] white noise for Rcvr1_2_GUPPI (8109 TOAs)...
  [J1744-1134] white noise for Rcvr_800_GASP (930 TOAs)...
  [J1744-1134] white noise for Rcvr1_2_GASP (807 TOAs)...
  [J1745+1017] zeroing residuals...
  [J1745+1017] adding red noise...
  [J1745+1017] white noise for L-wide_PUPPI (2179 TOAs)...
  [J1745+1017] white noise for S-wide_PUPPI (838 TOAs)...
  [J1747-4036] zeroing residuals...
  [J1747-4036] adding red noise...
  [J1747-4036] white noise for Rcvr_800_GUPPI (5816 TOAs)...
  [J1747-4036] white noise for Rcvr1_2_GUPPI (5239 TOAs)...
  [J1751-2857] zeroing residuals...
  [J1751-2857] adding red noise...
  [J1751-2857] white noise for Rcvr_800_GUPPI (239 TOAs)...
  [J1751-2857] white noise for Rcvr1_2_GUPPI (1786 TOAs)...
  [J1802-2124] zeroing residuals...
  [J1802-2124] adding red noise...
  [J1802-2124] white noise for Rcvr_800_GUPPI (3565 TOAs)...
  [J1802-2124] white noise for Rcvr1_2_GUPPI (3231 TOAs)...
  [J1811-2405] zeroing residuals...
  [J1811-2405] adding red noise...
  [J1811-2405] white noise for Rcvr_800_GUPPI (2628 TOAs)...
  [J1811-2405] white noise for Rcvr1_2_GUPPI (2638 TOAs)...
  [J1832-0836] zeroing residuals...
  [J1832-0836] adding red noise...
  [J1832-0836] white noise for Rcvr_800_GUPPI (3078 TOAs)...
  [J1832-0836] white noise for Rcvr1_2_GUPPI (4661 TOAs)...
  [J1843-1113] zeroing residuals...
  [J1843-1113] adding red noise...
  [J1843-1113] white noise for Rcvr_800_GUPPI (2201 TOAs)...
  [J1843-1113] white noise for Rcvr1_2_GUPPI (2394 TOAs)...
  [J1853+1303] zeroing residuals...
  [J1853+1303] adding red noise...
  [J1853+1303] white noise for L-wide_PUPPI (3362 TOAs)...
  [J1853+1303] white noise for 430_PUPPI (1151 TOAs)...
  [J1853+1303] white noise for 430_ASP (24 TOAs)...
  [J1853+1303] white noise for L-wide_ASP (33 TOAs)...
  [J1903+0327] zeroing residuals...
  [J1903+0327] adding red noise...
  [J1903+0327] white noise for 3GHz_YUPPI (439 TOAs)...
  [J1903+0327] white noise for S-wide_PUPPI (2282 TOAs)...
  [J1903+0327] white noise for L-wide_ASP (139 TOAs)...
  [J1903+0327] white noise for L-wide_PUPPI (3845 TOAs)...
  [J1903+0327] white noise for S-wide_ASP (151 TOAs)...
  [J1909-3744] zeroing residuals...
  [J1909-3744] adding red noise...
  [J1909-3744] white noise for 3GHz_YUPPI (3525 TOAs)...
  [J1909-3744] white noise for Rcvr1_2_GASP (808 TOAs)...
  [J1909-3744] white noise for Rcvr_800_GUPPI (9399 TOAs)...
  [J1909-3744] white noise for Rcvr1_2_GUPPI (20439 TOAs)...
  [J1909-3744] white noise for Rcvr_800_GASP (866 TOAs)...
  [J1910+1256] zeroing residuals...
  [J1910+1256] adding red noise...
  [J1910+1256] white noise for L-wide_PUPPI (4124 TOAs)...
  [J1910+1256] white noise for S-wide_ASP (208 TOAs)...
  [J1910+1256] white noise for S-wide_PUPPI (1857 TOAs)...
  [J1910+1256] white noise for L-wide_ASP (297 TOAs)...
  [J1911+1347] zeroing residuals...
  [J1911+1347] adding red noise...
  [J1911+1347] white noise for L-wide_PUPPI (3033 TOAs)...
  [J1911+1347] white noise for 430_PUPPI (753 TOAs)...
  [J1918-0642] zeroing residuals...
  [J1918-0642] adding red noise...
  [J1918-0642] white noise for Rcvr_800_GUPPI (8352 TOAs)...
  [J1918-0642] white noise for Rcvr1_2_GUPPI (8910 TOAs)...
  [J1918-0642] white noise for Rcvr_800_GASP (835 TOAs)...
  [J1918-0642] white noise for Rcvr1_2_GASP (778 TOAs)...
  [J1923+2515] zeroing residuals...
  [J1923+2515] adding red noise...
  [J1923+2515] white noise for L-wide_PUPPI (3028 TOAs)...
  [J1923+2515] white noise for 430_PUPPI (922 TOAs)...
  [J1923+2515] white noise for 430_ASP (10 TOAs)...
  [J1923+2515] white noise for L-wide_ASP (14 TOAs)...
  [J1944+0907] zeroing residuals...
  [J1944+0907] adding red noise...
  [J1944+0907] white noise for 430_PUPPI (1017 TOAs)...
  [J1944+0907] white noise for L-wide_ASP (257 TOAs)...
  [J1944+0907] white noise for 430_ASP (38 TOAs)...
  [J1944+0907] white noise for L-wide_PUPPI (3900 TOAs)...
  [J1944+0907] white noise for S-wide_ASP (116 TOAs)...
  [J1946+3417] zeroing residuals...
  [J1946+3417] adding red noise...
  [J1946+3417] white noise for L-wide_PUPPI (3197 TOAs)...
  [J1946+3417] white noise for S-wide_PUPPI (1546 TOAs)...
  [J2010-1323] zeroing residuals...
  [J2010-1323] adding red noise...
  [J2010-1323] white noise for Rcvr_800_GUPPI (9158 TOAs)...
  [J2010-1323] white noise for Rcvr1_2_GUPPI (7779 TOAs)...
  [J2010-1323] white noise for Rcvr_800_GASP (70 TOAs)...
  [J2010-1323] white noise for Rcvr1_2_GASP (70 TOAs)...
  [J2017+0603] zeroing residuals...
  [J2017+0603] adding red noise...
  [J2017+0603] white noise for L-wide_PUPPI (2569 TOAs)...
  [J2017+0603] white noise for 430_PUPPI (78 TOAs)...
  [J2017+0603] white noise for S-wide_PUPPI (849 TOAs)...
  [J2017+0603] white noise for L-wide_ASP (16 TOAs)...
  [J2033+1734] zeroing residuals...
  [J2033+1734] adding red noise...
  [J2033+1734] white noise for L-wide_PUPPI (3050 TOAs)...
  [J2033+1734] white noise for 430_PUPPI (797 TOAs)...
  [J2043+1711] zeroing residuals...
  [J2043+1711] adding red noise...
  [J2043+1711] white noise for L-wide_PUPPI (4419 TOAs)...
  [J2043+1711] white noise for 430_PUPPI (2908 TOAs)...
  [J2043+1711] white noise for 430_ASP (30 TOAs)...
  [J2043+1711] white noise for L-wide_ASP (40 TOAs)...
  [J2124-3358] zeroing residuals...
  [J2124-3358] adding red noise...
  [J2124-3358] white noise for Rcvr_800_GUPPI (2025 TOAs)...
  [J2124-3358] white noise for Rcvr1_2_GUPPI (2957 TOAs)...
  [J2145-0750] zeroing residuals...
  [J2145-0750] adding red noise...
  [J2145-0750] white noise for Rcvr_800_GUPPI (8728 TOAs)...
  [J2145-0750] white noise for Rcvr1_2_GUPPI (9158 TOAs)...
  [J2145-0750] white noise for Rcvr_800_GASP (362 TOAs)...
  [J2145-0750] white noise for Rcvr1_2_GASP (427 TOAs)...
  [J2214+3000] zeroing residuals...
  [J2214+3000] adding red noise...
  [J2214+3000] white noise for L-wide_PUPPI (5829 TOAs)...
  [J2214+3000] white noise for S-wide_PUPPI (1568 TOAs)...
  [J2214+3000] white noise for L-wide_ASP (9 TOAs)...
  [J2229+2643] zeroing residuals...
  [J2229+2643] adding red noise...
  [J2229+2643] white noise for L-wide_PUPPI (2755 TOAs)...
  [J2229+2643] white noise for 430_PUPPI (956 TOAs)...
  [J2234+0611] zeroing residuals...
  [J2234+0611] adding red noise...
  [J2234+0611] white noise for L-wide_PUPPI (2913 TOAs)...
  [J2234+0611] white noise for 430_PUPPI (653 TOAs)...
  [J2234+0944] zeroing residuals...
  [J2234+0944] adding red noise...
  [J2234+0944] white noise for L-wide_PUPPI (5003 TOAs)...
  [J2234+0944] white noise for S-wide_PUPPI (2532 TOAs)...
  [J2302+4442] zeroing residuals...
  [J2302+4442] adding red noise...
  [J2302+4442] white noise for Rcvr_800_GUPPI (6432 TOAs)...
  [J2302+4442] white noise for Rcvr1_2_GUPPI (3779 TOAs)...
  [J2317+1439] zeroing residuals...
  [J2317+1439] adding red noise...
  [J2317+1439] white noise for 327_ASP (413 TOAs)...
  [J2317+1439] white noise for 430_PUPPI (3217 TOAs)...
  [J2317+1439] white noise for 327_PUPPI (276 TOAs)...
  [J2317+1439] white noise for 430_ASP (458 TOAs)...
  [J2317+1439] white noise for L-wide_PUPPI (9563 TOAs)...
  [J2322+2057] zeroing residuals...
  [J2322+2057] adding red noise...
  [J2322+2057] white noise for L-wide_PUPPI (2196 TOAs)...
  [J2322+2057] white noise for 430_PUPPI (752 TOAs)...
  [J2322+2057] white noise for S-wide_PUPPI (140 TOAs)...
Resetting pulsars to clean stoas...
Restore: 0.00 s
Inject: 0.00 s
Snapshotting into enterprise Pulsar objects...
Building PTA...
PTA build: 469.85 s
Computing optimal statistic...
OS time: 61.53 s
Total: 531.38 s
Noise-only SNR baseline: 0.5016

Generating SNR-consistent population...
Target SNR: 4.0
Resetting pulsars to clean stoas...
Restore: 0.01 s
Injecting population...
  B1855+09: RMS = 3201.606 ns
  B1937+21: RMS = 3716.648 ns
  B1953+29: RMS = 3173.751 ns
  J0023+0923: RMS = 2874.744 ns
  J0030+0451: RMS = 2091.928 ns
  J0340+4130: RMS = 2415.082 ns
  J0406+3039: RMS = 529.365 ns
  J0437-4715: RMS = 2597.143 ns
  J0509+0856: RMS = 669.442 ns
  J0557+1551: RMS = 398.807 ns
  J0605+3757: RMS = 937.683 ns
  J0610-2100: RMS = 1629.417 ns
  J0613-0200: RMS = 3887.806 ns
  J0636+5128: RMS = 1563.846 ns
  J0645+5158: RMS = 1632.892 ns
  J0709+0458: RMS = 1024.352 ns
  J0740+6620: RMS = 1596.340 ns
  J0931-1902: RMS = 1621.490 ns
  J1012+5307: RMS = 2767.529 ns
  J1012-4235: RMS = 1169.270 ns
  J1022+1001: RMS = 1294.717 ns
  J1024-0719: RMS = 4601.984 ns
  J1125+7819: RMS = 409.835 ns
  J1312+0051: RMS = 817.325 ns
  J1453+1902: RMS = 1887.242 ns
  J1455-3330: RMS = 6064.673 ns
  J1600-3053: RMS = 6359.817 ns
  J1614-2230: RMS = 5522.463 ns
  J1630+3734: RMS = 1137.925 ns
  J1640+2224: RMS = 4230.309 ns
  J1643-1224: RMS = 4558.246 ns
  J1705-1903: RMS = 1380.752 ns
  J1713+0747: RMS = 3798.326 ns
  J1719-1438: RMS = 822.657 ns
  J1730-2304: RMS = 845.127 ns
  J1738+0333: RMS = 3782.455 ns
  J1741+1351: RMS = 5338.323 ns
  J1744-1134: RMS = 2795.084 ns
  J1745+1017: RMS = 1658.115 ns
  J1747-4036: RMS = 1008.260 ns
  J1751-2857: RMS = 902.949 ns
  J1802-2124: RMS = 537.710 ns
  J1811-2405: RMS = 655.793 ns
  J1832-0836: RMS = 2471.983 ns
  J1843-1113: RMS = 894.525 ns
  J1853+1303: RMS = 4259.119 ns
  J1903+0327: RMS = 2186.375 ns
  J1909-3744: RMS = 2255.345 ns
  J1910+1256: RMS = 3703.940 ns
  J1911+1347: RMS = 3467.090 ns
  J1918-0642: RMS = 954.676 ns
  J1923+2515: RMS = 4343.092 ns
  J1944+0907: RMS = 2779.679 ns
  J1946+3417: RMS = 2141.991 ns
  J2010-1323: RMS = 3312.192 ns
  J2017+0603: RMS = 1987.698 ns
  J2033+1734: RMS = 2364.262 ns
  J2043+1711: RMS = 1595.709 ns
  J2124-3358: RMS = 2284.898 ns
  J2145-0750: RMS = 2652.352 ns
  J2214+3000: RMS = 1988.910 ns
  J2229+2643: RMS = 2306.442 ns
  J2234+0611: RMS = 1025.330 ns
  J2234+0944: RMS = 1566.414 ns
  J2302+4442: RMS = 1644.375 ns
  J2317+1439: RMS = 1812.871 ns
  J2322+2057: RMS = 1890.007 ns
Inject: 0.60 s
Snapshotting into enterprise Pulsar objects...
Building PTA...
PTA build: 469.76 s
Computing optimal statistic...
OS time: 55.27 s
Total: 525.63 s
Initial SNR: 212.2533, Target SNR: 4.0000
  Initial SNR 212.2533 outside of provided SNR_range [3.5, 4.25] — rescaling.
Scaling distances by factor 7.7800 to achieve target SNR...
Resetting pulsars to clean stoas...
Restore: 0.01 s
Injecting population...
  B1855+09: RMS = 411.518 ns
  B1937+21: RMS = 477.718 ns
  B1953+29: RMS = 407.937 ns
  J0023+0923: RMS = 369.504 ns
  J0030+0451: RMS = 268.885 ns
  J0340+4130: RMS = 310.422 ns
  J0406+3039: RMS = 68.042 ns
  J0437-4715: RMS = 333.823 ns
  J0509+0856: RMS = 86.047 ns
  J0557+1551: RMS = 51.261 ns
  J0605+3757: RMS = 120.525 ns
  J0610-2100: RMS = 209.437 ns
  J0613-0200: RMS = 499.718 ns
  J0636+5128: RMS = 201.008 ns
  J0645+5158: RMS = 209.883 ns
  J0709+0458: RMS = 131.665 ns
  J0740+6620: RMS = 205.185 ns
  J0931-1902: RMS = 208.418 ns
  J1012+5307: RMS = 355.724 ns
  J1012-4235: RMS = 150.292 ns
  J1022+1001: RMS = 166.416 ns
  J1024-0719: RMS = 591.515 ns
  J1125+7819: RMS = 52.678 ns
  J1312+0051: RMS = 105.055 ns
  J1453+1902: RMS = 242.576 ns
  J1455-3330: RMS = 779.521 ns
  J1600-3053: RMS = 817.457 ns
  J1614-2230: RMS = 709.828 ns
  J1630+3734: RMS = 146.263 ns
  J1640+2224: RMS = 543.742 ns
  J1643-1224: RMS = 585.893 ns
  J1705-1903: RMS = 177.475 ns
  J1713+0747: RMS = 488.217 ns
  J1719-1438: RMS = 105.740 ns
  J1730-2304: RMS = 108.628 ns
  J1738+0333: RMS = 486.177 ns
  J1741+1351: RMS = 686.160 ns
  J1744-1134: RMS = 359.265 ns
  J1745+1017: RMS = 213.125 ns
  J1747-4036: RMS = 129.596 ns
  J1751-2857: RMS = 116.060 ns
  J1802-2124: RMS = 69.114 ns
  J1811-2405: RMS = 84.292 ns
  J1832-0836: RMS = 317.736 ns
  J1843-1113: RMS = 114.978 ns
  J1853+1303: RMS = 547.445 ns
  J1903+0327: RMS = 281.025 ns
  J1909-3744: RMS = 289.890 ns
  J1910+1256: RMS = 476.085 ns
  J1911+1347: RMS = 445.641 ns
  J1918-0642: RMS = 122.709 ns
  J1923+2515: RMS = 558.238 ns
  J1944+0907: RMS = 357.285 ns
  J1946+3417: RMS = 275.320 ns
  J2010-1323: RMS = 425.732 ns
  J2017+0603: RMS = 255.488 ns
  J2033+1734: RMS = 303.890 ns
  J2043+1711: RMS = 205.104 ns
  J2124-3358: RMS = 293.689 ns
  J2145-0750: RMS = 340.919 ns
  J2214+3000: RMS = 255.644 ns
  J2229+2643: RMS = 296.458 ns
  J2234+0611: RMS = 131.791 ns
  J2234+0944: RMS = 201.339 ns
  J2302+4442: RMS = 211.359 ns
  J2317+1439: RMS = 233.017 ns
  J2322+2057: RMS = 242.931 ns
Inject: 0.58 s
Snapshotting into enterprise Pulsar objects...
Building PTA...
PTA build: 483.86 s
Computing optimal statistic...
OS time: 66.37 s
Total: 550.82 s
  SNR 1.4695 outside of provided SNR_range [3.5, 4.25] — rescaling.
[Iteration 1/4] SNR after scaling: 1.4695 (target: 4.0000)
  SNR history: it0→212.2533@1.0000x, it1→1.4695@7.7800x
  Re-scaling distances by factor 0.3585  (cumulative after: 2.7893×)
Resetting pulsars to clean stoas...
Restore: 0.01 s
Injecting population...
  B1855+09: RMS = 1147.831 ns
  B1937+21: RMS = 1332.483 ns
  B1953+29: RMS = 1137.845 ns
  J0023+0923: RMS = 1030.646 ns
  J0030+0451: RMS = 749.993 ns
  J0340+4130: RMS = 865.849 ns
  J0406+3039: RMS = 189.786 ns
  J0437-4715: RMS = 931.121 ns
  J0509+0856: RMS = 240.007 ns
  J0557+1551: RMS = 142.979 ns
  J0605+3757: RMS = 336.176 ns
  J0610-2100: RMS = 584.174 ns
  J0613-0200: RMS = 1393.846 ns
  J0636+5128: RMS = 560.666 ns
  J0645+5158: RMS = 585.420 ns
  J0709+0458: RMS = 367.248 ns
  J0740+6620: RMS = 572.316 ns
  J0931-1902: RMS = 581.332 ns
  J1012+5307: RMS = 992.207 ns
  J1012-4235: RMS = 419.204 ns
  J1022+1001: RMS = 464.179 ns
  J1024-0719: RMS = 1649.891 ns
  J1125+7819: RMS = 146.933 ns
  J1312+0051: RMS = 293.025 ns
  J1453+1902: RMS = 676.609 ns
  J1455-3330: RMS = 2174.291 ns
  J1600-3053: RMS = 2280.105 ns
  J1614-2230: RMS = 1979.899 ns
  J1630+3734: RMS = 407.966 ns
  J1640+2224: RMS = 1516.640 ns
  J1643-1224: RMS = 1634.210 ns
  J1705-1903: RMS = 495.024 ns
  J1713+0747: RMS = 1361.766 ns
  J1719-1438: RMS = 294.937 ns
  J1730-2304: RMS = 302.993 ns
  J1738+0333: RMS = 1356.076 ns
  J1741+1351: RMS = 1913.882 ns
  J1744-1134: RMS = 1002.086 ns
  J1745+1017: RMS = 594.463 ns
  J1747-4036: RMS = 361.479 ns
  J1751-2857: RMS = 323.723 ns
  J1802-2124: RMS = 192.778 ns
  J1811-2405: RMS = 235.113 ns
  J1832-0836: RMS = 886.249 ns
  J1843-1113: RMS = 320.703 ns
  J1853+1303: RMS = 1526.968 ns
  J1903+0327: RMS = 783.853 ns
  J1909-3744: RMS = 808.580 ns
  J1910+1256: RMS = 1327.927 ns
  J1911+1347: RMS = 1243.012 ns
  J1918-0642: RMS = 342.268 ns
  J1923+2515: RMS = 1557.074 ns
  J1944+0907: RMS = 996.563 ns
  J1946+3417: RMS = 767.941 ns
  J2010-1323: RMS = 1187.479 ns
  J2017+0603: RMS = 712.624 ns
  J2033+1734: RMS = 847.629 ns
  J2043+1711: RMS = 572.089 ns
  J2124-3358: RMS = 819.176 ns
  J2145-0750: RMS = 950.914 ns
  J2214+3000: RMS = 713.059 ns
  J2229+2643: RMS = 826.900 ns
  J2234+0611: RMS = 367.599 ns
  J2234+0944: RMS = 561.587 ns
  J2302+4442: RMS = 589.537 ns
  J2317+1439: RMS = 649.946 ns
  J2322+2057: RMS = 677.600 ns
Inject: 0.77 s
Snapshotting into enterprise Pulsar objects...
Building PTA...
PTA build: 453.79 s
Computing optimal statistic...
OS time: 48.17 s
Total: 502.73 s
  SNR 22.5211 outside of provided SNR_range [3.5, 4.25] — rescaling.
[Iteration 2/4] SNR after scaling: 22.5211 (target: 4.0000)
  SNR history: it0→212.2533@1.0000x, it1→1.4695@7.7800x, it2→22.5211@2.7893x
  Re-scaling distances by factor 1.6701  (cumulative after: 4.6584×)
Resetting pulsars to clean stoas...
Restore: 0.00 s
Injecting population...
  B1855+09: RMS = 687.279 ns
  B1937+21: RMS = 797.842 ns
  B1953+29: RMS = 681.300 ns
  J0023+0923: RMS = 617.113 ns
  J0030+0451: RMS = 449.068 ns
  J0340+4130: RMS = 518.438 ns
  J0406+3039: RMS = 113.637 ns
  J0437-4715: RMS = 557.521 ns
  J0509+0856: RMS = 143.707 ns
  J0557+1551: RMS = 85.611 ns
  J0605+3757: RMS = 201.290 ns
  J0610-2100: RMS = 349.782 ns
  J0613-0200: RMS = 834.584 ns
  J0636+5128: RMS = 335.706 ns
  J0645+5158: RMS = 350.528 ns
  J0709+0458: RMS = 219.895 ns
  J0740+6620: RMS = 342.682 ns
  J0931-1902: RMS = 348.080 ns
  J1012+5307: RMS = 594.097 ns
  J1012-4235: RMS = 251.004 ns
  J1022+1001: RMS = 277.933 ns
  J1024-0719: RMS = 987.894 ns
  J1125+7819: RMS = 87.978 ns
  J1312+0051: RMS = 175.453 ns
  J1453+1902: RMS = 405.129 ns
  J1455-3330: RMS = 1301.885 ns
  J1600-3053: RMS = 1365.243 ns
  J1614-2230: RMS = 1185.491 ns
  J1630+3734: RMS = 244.275 ns
  J1640+2224: RMS = 908.108 ns
  J1643-1224: RMS = 978.505 ns
  J1705-1903: RMS = 296.402 ns
  J1713+0747: RMS = 815.375 ns
  J1719-1438: RMS = 176.597 ns
  J1730-2304: RMS = 181.421 ns
  J1738+0333: RMS = 811.968 ns
  J1741+1351: RMS = 1145.962 ns
  J1744-1134: RMS = 600.012 ns
  J1745+1017: RMS = 355.943 ns
  J1747-4036: RMS = 216.440 ns
  J1751-2857: RMS = 193.833 ns
  J1802-2124: RMS = 115.429 ns
  J1811-2405: RMS = 140.777 ns
  J1832-0836: RMS = 530.653 ns
  J1843-1113: RMS = 192.025 ns
  J1853+1303: RMS = 914.292 ns
  J1903+0327: RMS = 469.343 ns
  J1909-3744: RMS = 484.148 ns
  J1910+1256: RMS = 795.114 ns
  J1911+1347: RMS = 744.270 ns
  J1918-0642: RMS = 204.938 ns
  J1923+2515: RMS = 932.319 ns
  J1944+0907: RMS = 596.705 ns
  J1946+3417: RMS = 459.815 ns
  J2010-1323: RMS = 711.019 ns
  J2017+0603: RMS = 426.693 ns
  J2033+1734: RMS = 507.529 ns
  J2043+1711: RMS = 342.546 ns
  J2124-3358: RMS = 490.492 ns
  J2145-0750: RMS = 569.372 ns
  J2214+3000: RMS = 426.953 ns
  J2229+2643: RMS = 495.117 ns
  J2234+0611: RMS = 220.105 ns
  J2234+0944: RMS = 336.257 ns
  J2302+4442: RMS = 352.993 ns
  J2317+1439: RMS = 389.164 ns
  J2322+2057: RMS = 405.722 ns
Inject: 0.68 s
Snapshotting into enterprise Pulsar objects...
Building PTA...
PTA build: 447.38 s
Computing optimal statistic...
OS time: 43.69 s
Total: 491.76 s
  SNR 6.4480 outside of provided SNR_range [3.5, 4.25] — rescaling.
[Iteration 3/4] SNR after scaling: 6.4480 (target: 4.0000)
  SNR history: it0→212.2533@1.0000x, it1→1.4695@7.7800x, it2→22.5211@2.7893x, it3→6.4480@4.6584x
  Re-scaling distances by factor 1.2923  (cumulative after: 6.0201×)
Resetting pulsars to clean stoas...
Restore: 0.00 s
Injecting population...
  B1855+09: RMS = 531.815 ns
  B1937+21: RMS = 617.368 ns
  B1953+29: RMS = 527.188 ns
  J0023+0923: RMS = 477.521 ns
  J0030+0451: RMS = 347.488 ns
  J0340+4130: RMS = 401.167 ns
  J0406+3039: RMS = 87.932 ns
  J0437-4715: RMS = 431.409 ns
  J0509+0856: RMS = 111.200 ns
  J0557+1551: RMS = 66.245 ns
  J0605+3757: RMS = 155.758 ns
  J0610-2100: RMS = 270.661 ns
  J0613-0200: RMS = 645.799 ns
  J0636+5128: RMS = 259.769 ns
  J0645+5158: RMS = 271.238 ns
  J0709+0458: RMS = 170.154 ns
  J0740+6620: RMS = 265.166 ns
  J0931-1902: RMS = 269.344 ns
  J1012+5307: RMS = 459.711 ns
  J1012-4235: RMS = 194.226 ns
  J1022+1001: RMS = 215.064 ns
  J1024-0719: RMS = 764.431 ns
  J1125+7819: RMS = 68.077 ns
  J1312+0051: RMS = 135.765 ns
  J1453+1902: RMS = 313.488 ns
  J1455-3330: RMS = 1007.396 ns
  J1600-3053: RMS = 1056.422 ns
  J1614-2230: RMS = 917.330 ns
  J1630+3734: RMS = 189.019 ns
  J1640+2224: RMS = 702.692 ns
  J1643-1224: RMS = 757.165 ns
  J1705-1903: RMS = 229.355 ns
  J1713+0747: RMS = 630.936 ns
  J1719-1438: RMS = 136.651 ns
  J1730-2304: RMS = 140.383 ns
  J1738+0333: RMS = 628.299 ns
  J1741+1351: RMS = 886.743 ns
  J1744-1134: RMS = 464.288 ns
  J1745+1017: RMS = 275.428 ns
  J1747-4036: RMS = 167.481 ns
  J1751-2857: RMS = 149.988 ns
  J1802-2124: RMS = 89.318 ns
  J1811-2405: RMS = 108.933 ns
  J1832-0836: RMS = 410.618 ns
  J1843-1113: RMS = 148.589 ns
  J1853+1303: RMS = 707.478 ns
  J1903+0327: RMS = 363.176 ns
  J1909-3744: RMS = 374.633 ns
  J1910+1256: RMS = 615.257 ns
  J1911+1347: RMS = 575.914 ns
  J1918-0642: RMS = 158.580 ns
  J1923+2515: RMS = 721.426 ns
  J1944+0907: RMS = 461.729 ns
  J1946+3417: RMS = 355.804 ns
  J2010-1323: RMS = 550.185 ns
  J2017+0603: RMS = 330.174 ns
  J2033+1734: RMS = 392.725 ns
  J2043+1711: RMS = 265.061 ns
  J2124-3358: RMS = 379.542 ns
  J2145-0750: RMS = 440.579 ns
  J2214+3000: RMS = 330.376 ns
  J2229+2643: RMS = 383.121 ns
  J2234+0611: RMS = 170.316 ns
  J2234+0944: RMS = 260.195 ns
  J2302+4442: RMS = 273.145 ns
  J2317+1439: RMS = 301.134 ns
  J2322+2057: RMS = 313.947 ns
Inject: 0.53 s
Snapshotting into enterprise Pulsar objects...
Building PTA...
PTA build: 454.19 s
Computing optimal statistic...
OS time: 44.13 s
Total: 498.85 s
  SNR 3.2138 outside of provided SNR_range [3.5, 4.25] — rescaling.
[Iteration 4/4] SNR after scaling: 3.2138 (target: 4.0000)
  SNR history: it0→212.2533@1.0000x, it1→1.4695@7.7800x, it2→22.5211@2.7893x, it3→6.4480@4.6584x, it4→3.2138@6.0201x

Final SNR history:
  it 0: cumulative_scale=1.0000×  SNR=212.2533
  it 1: cumulative_scale=7.7800×  SNR=1.4695
  it 2: cumulative_scale=2.7893×  SNR=22.5211
  it 3: cumulative_scale=4.6584×  SNR=6.4480
  it 4: cumulative_scale=6.0201×  SNR=3.2138
✓ Simulation 1 done (2571.4 s)

======================================================================
ENSEMBLE SUMMARY
======================================================================
Success rate: 100.0% (1/1)

Binaries per population:
  Mean ± std : 500 ± 0
  Range      : [500, 500]

SNR achieved:
  Mean ± std : 3.2138 ± 0.0000
  Range      : [3.2138, 3.2138]

Total time: 3143.4 s (52.4 min)
======================================================================

💾 Saved: data/2026-04-29/optimistic_run_206/consistent_population_optimistic_targetSNR4.25_sims1.json
💾 Saved compressed pickle: data/2026-04-29/optimistic_run_206/consistent_population_optimistic_targetSNR4.25_sims1.pkl.gz

======================================================================
CONTINUOUS WAVE SNR ANALYSIS
======================================================================

--- Population 1 ---
Precomputation of phiinvs, TNTs, Ts, Nvecs, Sigmas took 0.03 seconds.
Total SNR computation for population took 218.70 seconds.
Top 50 CGW candidates:
   1. proxy_rank=   8  sky_w=1.45  f=4.06e-09 Hz  Mc=3.72e+10 Msun  h0=4.15e-15  SNR=5.436
   2. proxy_rank=  13  sky_w=1.07  f=4.66e-09 Hz  Mc=3.18e+10 Msun  h0=4.01e-15  SNR=4.012
   3. proxy_rank=   1  sky_w=1.52  f=2.93e-09 Hz  Mc=4.94e+10 Msun  h0=5.32e-15  SNR=2.639
   4. proxy_rank=   7  sky_w=1.39  f=3.17e-09 Hz  Mc=3.51e+10 Msun  h0=3.43e-15  SNR=2.411
   5. proxy_rank=  18  sky_w=1.47  f=3.92e-09 Hz  Mc=1.86e+10 Msun  h0=1.90e-15  SNR=2.337
   6. proxy_rank=   3  sky_w=1.11  f=2.31e-09 Hz  Mc=3.00e+10 Msun  h0=4.37e-15  SNR=2.273
   7. proxy_rank=   5  sky_w=1.12  f=2.47e-09 Hz  Mc=4.87e+10 Msun  h0=4.49e-15  SNR=2.218
   8. proxy_rank=  21  sky_w=0.74  f=4.24e-09 Hz  Mc=3.11e+10 Msun  h0=3.08e-15  SNR=2.063
   9. proxy_rank=  10  sky_w=1.25  f=2.57e-09 Hz  Mc=3.22e+10 Msun  h0=2.71e-15  SNR=1.787
  10. proxy_rank=   4  sky_w=1.45  f=2.30e-09 Hz  Mc=3.83e+10 Msun  h0=3.34e-15  SNR=1.750
  11. proxy_rank=  17  sky_w=0.90  f=4.21e-09 Hz  Mc=3.28e+10 Msun  h0=3.36e-15  SNR=1.649
  12. proxy_rank=  22  sky_w=1.16  f=3.95e-09 Hz  Mc=2.19e+10 Msun  h0=1.77e-15  SNR=1.560
  13. proxy_rank=  16  sky_w=0.98  f=2.96e-09 Hz  Mc=2.72e+10 Msun  h0=2.19e-15  SNR=1.283
  14. proxy_rank=  23  sky_w=1.36  f=3.31e-09 Hz  Mc=1.02e+10 Msun  h0=1.23e-15  SNR=1.214
  15. proxy_rank=   6  sky_w=0.69  f=2.18e-09 Hz  Mc=5.04e+10 Msun  h0=4.92e-15  SNR=1.049
  16. proxy_rank=   9  sky_w=0.53  f=2.40e-09 Hz  Mc=5.64e+10 Msun  h0=6.15e-15  SNR=0.991
  17. proxy_rank=  19  sky_w=0.93  f=2.65e-09 Hz  Mc=2.75e+10 Msun  h0=1.96e-15  SNR=0.984
  18. proxy_rank=  14  sky_w=1.38  f=2.42e-09 Hz  Mc=1.98e+10 Msun  h0=1.58e-15  SNR=0.938
  19. proxy_rank=  41  sky_w=1.42  f=6.25e-09 Hz  Mc=8.23e+09 Msun  h0=6.69e-16  SNR=0.896
  20. proxy_rank=  11  sky_w=0.97  f=2.39e-09 Hz  Mc=3.51e+10 Msun  h0=2.56e-15  SNR=0.784
  21. proxy_rank=  20  sky_w=0.51  f=2.98e-09 Hz  Mc=3.75e+10 Msun  h0=3.36e-15  SNR=0.765
  22. proxy_rank=  29  sky_w=1.51  f=3.26e-09 Hz  Mc=1.25e+10 Msun  h0=6.71e-16  SNR=0.692
  23. proxy_rank=  34  sky_w=1.41  f=3.68e-09 Hz  Mc=1.11e+10 Msun  h0=6.19e-16  SNR=0.664
  24. proxy_rank=   2  sky_w=0.75  f=2.02e-09 Hz  Mc=6.03e+10 Msun  h0=6.57e-15  SNR=0.610
  25. proxy_rank=  15  sky_w=0.80  f=2.57e-09 Hz  Mc=3.31e+10 Msun  h0=2.82e-15  SNR=0.508
  26. proxy_rank=  12  sky_w=1.01  f=2.69e-09 Hz  Mc=2.33e+10 Msun  h0=2.47e-15  SNR=0.503
  27. proxy_rank=  25  sky_w=1.07  f=2.28e-09 Hz  Mc=1.86e+10 Msun  h0=9.30e-16  SNR=0.444
  28. proxy_rank=  39  sky_w=0.67  f=3.92e-09 Hz  Mc=1.34e+10 Msun  h0=1.01e-15  SNR=0.433
  29. proxy_rank=  33  sky_w=1.42  f=3.23e-09 Hz  Mc=1.23e+10 Msun  h0=5.60e-16  SNR=0.396
  30. proxy_rank=  30  sky_w=0.54  f=2.82e-09 Hz  Mc=2.16e+10 Msun  h0=1.57e-15  SNR=0.341
  31. proxy_rank=  37  sky_w=1.07  f=2.98e-09 Hz  Mc=1.34e+10 Msun  h0=6.43e-16  SNR=0.336
  32. proxy_rank=  99  sky_w=1.41  f=4.59e-08 Hz  Mc=2.42e+09 Msun  h0=2.99e-16  SNR=0.334
  33. proxy_rank=  38  sky_w=0.63  f=3.04e-09 Hz  Mc=1.57e+10 Msun  h0=8.94e-16  SNR=0.315
  34. proxy_rank=  54  sky_w=1.57  f=5.05e-09 Hz  Mc=5.21e+09 Msun  h0=2.22e-16  SNR=0.303
  35. proxy_rank=  32  sky_w=0.91  f=2.54e-09 Hz  Mc=1.61e+10 Msun  h0=7.25e-16  SNR=0.301
  36. proxy_rank=  45  sky_w=0.78  f=2.97e-09 Hz  Mc=1.28e+10 Msun  h0=5.63e-16  SNR=0.272
  37. proxy_rank=  35  sky_w=1.45  f=3.75e-09 Hz  Mc=9.61e+09 Msun  h0=6.11e-16  SNR=0.239
  38. proxy_rank=  27  sky_w=0.89  f=2.00e-09 Hz  Mc=1.90e+10 Msun  h0=8.49e-16  SNR=0.234
  39. proxy_rank=  73  sky_w=1.55  f=1.59e-08 Hz  Mc=4.13e+09 Msun  h0=2.57e-16  SNR=0.233
  40. proxy_rank=  40  sky_w=1.06  f=3.05e-09 Hz  Mc=6.34e+09 Msun  h0=4.79e-16  SNR=0.228
  41. proxy_rank=  49  sky_w=1.54  f=3.37e-09 Hz  Mc=6.74e+09 Msun  h0=2.12e-16  SNR=0.216
  42. proxy_rank=  46  sky_w=1.31  f=4.04e-09 Hz  Mc=8.65e+09 Msun  h0=3.54e-16  SNR=0.216
  43. proxy_rank=  26  sky_w=0.81  f=2.25e-09 Hz  Mc=2.20e+10 Msun  h0=1.20e-15  SNR=0.216
  44. proxy_rank=  42  sky_w=0.80  f=3.36e-09 Hz  Mc=1.13e+10 Msun  h0=6.34e-16  SNR=0.212
  45. proxy_rank=  51  sky_w=0.94  f=3.24e-09 Hz  Mc=7.76e+09 Msun  h0=2.87e-16  SNR=0.208
  46. proxy_rank=  24  sky_w=1.48  f=2.07e-09 Hz  Mc=1.62e+10 Msun  h0=6.50e-16  SNR=0.187
  47. proxy_rank=  31  sky_w=0.83  f=2.31e-09 Hz  Mc=1.70e+10 Msun  h0=7.62e-16  SNR=0.134
  48. proxy_rank=  70  sky_w=0.57  f=5.79e-09 Hz  Mc=6.75e+09 Msun  h0=2.96e-16  SNR=0.128
  49. proxy_rank=  28  sky_w=0.61  f=2.18e-09 Hz  Mc=2.25e+10 Msun  h0=1.21e-15  SNR=0.127
  50. proxy_rank=  36  sky_w=1.22  f=2.26e-09 Hz  Mc=1.22e+10 Msun  h0=4.28e-16  SNR=0.115
💾 Saved: data/2026-04-29/optimistic_run_206/consistent_population_optimistic_targetSNR4.25_sims1.json
💾 Saved compressed pickle: data/2026-04-29/optimistic_run_206/consistent_population_optimistic_targetSNR4.25_sims1.pkl.gz
Saved to figures/cgw_analysis_optimistic.pdf

======================================================================
ANALYSIS COMPLETE
Results saved to: data/2026-04-29/optimistic_run_206
======================================================================

==========================================
Job finished at: Wed Apr 29 15:11:51 AEST 2026
Exit code: 0
==========================================

+------------------ Job Report: 11740166 (COMPLETED) ------------------+
| Memory (RAM)  [################### ] 97.7% (33.2 GB peak / 34 GB)    |
| CPU           [###############     ] 79.6% average                   |
| Time          [-------------->     ] 73.3% (0-00:58:40 / 0-01:20:00) |
|                                                                      |
| Lustre Filesystem:                                                   |
|   Path    Total Read    Total Write      Total IOPS                  |
|   ------  ------------  -------------  ------------                  |
|   /apps   0 B           0 B                     23                   |
|   /fred   64 KB         325.8 KB                23                   |
|   /home   95.9 MB       0 B                     36                   |
+----------------------------------------------------------------------+
