==========================================
Job ID: 11738349
Job Name: smbhb_realistic
Node: dave305
Start Time: Wed Apr 29 13:44:33 AEST 2026
==========================================

/home/bhoulden/.conda/envs/smbhb312/share/tempo2
Working directory: /fred/oz005/users/bhoulden/SMBHB_population_injections

Loaded modules:

Starting SMBHB analysis...
==========================================

📁 Save directory: data/2026-04-29/realistic_run_215
📝 Run name: realistic_run_215

[MEM] Start: 244.1 MB

📡 Loading pulsars...
======================================================================
LOADING NANOGRAV PULSARS (libstempo)
======================================================================

📦 Loading from cache: nanograv_pulsars_cache.pkl
⚠ Cache load failed: Ran out of input
[DEBUG] Found 76 .par files
[tempo2Util.C:396] Warning: [MISC1] Unknown parameter in par file:  DMDATA
[tempo2Util.C:401] Warning: [DUP1] duplicated warnings have been suppressed.

WARNING: Using tempo RNAMP parameter: setting TNRedC to 100!
[observatory.C:271] Warning: Assuming site 'arecibo' means 'ao'
✓ Loaded B1855+09 (7758 TOAs)

WARNING: Using tempo RNAMP parameter: setting TNRedC to 100!
✓ Loaded B1937+21 (23023 TOAs)

WARNING: Using tempo RNAMP parameter: setting TNRedC to 100!
✓ Loaded B1937+21ao (7241 TOAs)

WARNING: Using tempo RNAMP parameter: setting TNRedC to 100!
✓ Loaded B1937+21gbt (16048 TOAs)

WARNING: Using tempo RNAMP parameter: setting TNRedC to 100!
✓ Loaded B1953+29 (5126 TOAs)
✓ Loaded J0023+0923 (15896 TOAs)

WARNING: Using tempo RNAMP parameter: setting TNRedC to 100!
✓ Loaded J0030+0451 (19571 TOAs)
✓ Loaded J0340+4130 (11093 TOAs)
✓ Loaded J0406+3039 (2446 TOAs)

WARNING: Using tempo RNAMP parameter: setting TNRedC to 100!
✓ Loaded J0437-4715 (5830 TOAs)
✓ Loaded J0509+0856 (2169 TOAs)
✓ Loaded J0557+1551 (525 TOAs)
✓ Loaded J0605+3757 (554 TOAs)

WARNING: Using tempo RNAMP parameter: setting TNRedC to 100!
✓ Loaded J0610-2100 (4885 TOAs)

WARNING: Using tempo RNAMP parameter: setting TNRedC to 100!
✓ Loaded J0613-0200 (17124 TOAs)
✓ Loaded J0614-3329 (1714 TOAs)
✓ Loaded J0636+5128 (32222 TOAs)
✓ Loaded J0645+5158 (10403 TOAs)
✓ Loaded J0709+0458 (3030 TOAs)
✓ Loaded J0740+6620 (13401 TOAs)
✓ Loaded J0931-1902 (5473 TOAs)

WARNING: Using tempo RNAMP parameter: setting TNRedC to 100!
✓ Loaded J1012+5307 (25837 TOAs)
✓ Loaded J1012-4235 (797 TOAs)
✓ Loaded J1022+1001 (3978 TOAs)
✓ Loaded J1024-0719 (12635 TOAs)
✓ Loaded J1125+7819 (8723 TOAs)
✓ Loaded J1312+0051 (1705 TOAs)
✓ Loaded J1453+1902 (2551 TOAs)
✓ Loaded J1455-3330 (10818 TOAs)

WARNING: Using tempo RNAMP parameter: setting TNRedC to 100!
✓ Loaded J1600-3053 (22955 TOAs)

WARNING: Using tempo RNAMP parameter: setting TNRedC to 100!
✓ Loaded J1600-3053gbt (19725 TOAs)

WARNING: Using tempo RNAMP parameter: setting TNRedC to 100!
✓ Loaded J1614-2230 (18445 TOAs)
✓ Loaded J1630+3734 (1815 TOAs)
✓ Loaded J1640+2224 (14066 TOAs)

WARNING: Using tempo RNAMP parameter: setting TNRedC to 100!
✓ Loaded J1643-1224 (22144 TOAs)

WARNING: Using tempo RNAMP parameter: setting TNRedC to 100!
✓ Loaded J1643-1224gbt (17932 TOAs)

WARNING: Using tempo RNAMP parameter: setting TNRedC to 100!
✓ Loaded J1705-1903 (9871 TOAs)

WARNING: Using tempo RNAMP parameter: setting TNRedC to 100!
✓ Loaded J1713+0747 (59389 TOAs)

WARNING: Using tempo RNAMP parameter: setting TNRedC to 100!
✓ Loaded J1713+0747ao (21362 TOAs)

WARNING: Using tempo RNAMP parameter: setting TNRedC to 100!
✓ Loaded J1713+0747gbt (32963 TOAs)
✓ Loaded J1719-1438 (6356 TOAs)
✓ Loaded J1730-2304 (4870 TOAs)
✓ Loaded J1738+0333 (8790 TOAs)
✓ Loaded J1741+1351 (5582 TOAs)

WARNING: Using tempo RNAMP parameter: setting TNRedC to 100!
✓ Loaded J1744-1134 (17745 TOAs)

WARNING: Using tempo RNAMP parameter: setting TNRedC to 100!
✓ Loaded J1745+1017 (3017 TOAs)

WARNING: Using tempo RNAMP parameter: setting TNRedC to 100!
✓ Loaded J1747-4036 (11055 TOAs)
✓ Loaded J1751-2857 (2025 TOAs)

WARNING: Using tempo RNAMP parameter: setting TNRedC to 100!
✓ Loaded J1802-2124 (6796 TOAs)
✓ Loaded J1811-2405 (5266 TOAs)
✓ Loaded J1832-0836 (7739 TOAs)
✓ Loaded J1843-1113 (4595 TOAs)

WARNING: Using tempo RNAMP parameter: setting TNRedC to 100!
✓ Loaded J1853+1303 (4570 TOAs)

WARNING: Using tempo RNAMP parameter: setting TNRedC to 100!
✓ Loaded J1903+0327 (6856 TOAs)

WARNING: Using tempo RNAMP parameter: setting TNRedC to 100!
✓ Loaded J1903+0327ao (6423 TOAs)

WARNING: Using tempo RNAMP parameter: setting TNRedC to 100!
✓ Loaded J1909-3744 (35037 TOAs)

WARNING: Using tempo RNAMP parameter: setting TNRedC to 100!
✓ Loaded J1909-3744gbt (31526 TOAs)
✓ Loaded J1910+1256 (6486 TOAs)
✓ Loaded J1911+1347 (3786 TOAs)
✓ Loaded J1918-0642 (18875 TOAs)
✓ Loaded J1923+2515 (3974 TOAs)
✓ Loaded J1944+0907 (5328 TOAs)

WARNING: Using tempo RNAMP parameter: setting TNRedC to 100!
✓ Loaded J1946+3417 (4743 TOAs)
✓ Loaded J2010-1323 (17077 TOAs)
✓ Loaded J2017+0603 (3512 TOAs)
✓ Loaded J2033+1734 (3847 TOAs)
✓ Loaded J2043+1711 (7397 TOAs)
✓ Loaded J2124-3358 (4982 TOAs)

WARNING: Using tempo RNAMP parameter: setting TNRedC to 100!
✓ Loaded J2145-0750 (18675 TOAs)
✓ Loaded J2214+3000 (7406 TOAs)
✓ Loaded J2229+2643 (3711 TOAs)

WARNING: Using tempo RNAMP parameter: setting TNRedC to 100!
✓ Loaded J2234+0611 (3566 TOAs)
✓ Loaded J2234+0944 (7535 TOAs)
✓ Loaded J2302+4442 (10211 TOAs)
✓ Loaded J2317+1439 (13927 TOAs)
✓ Loaded J2322+2057 (3088 TOAs)
⚠ Could not save cache: no default __reduce__ due to non-trivial __cinit__

✓ Loaded 76 pulsars
✗ Failed: 0 — []
[MEM] After loading pulsars: 8871.9 MB

🔍 Filtering pulsars...

Filtered: 76 → 67 pulsars
[MEM] After filtering pulsars: 8874.4 MB
[MEM] After garbage collection: 8874.5 MB

======================================================================
SMBHB POPULATION ANALYSIS
======================================================================

Configuration: realistic
  Medium mass, medium spread in distance, medium population
  N_binaries: 20000

======================================================================
CONSISTENT POPULATION SYNTHESIS
======================================================================

======================================================================
GENERATING SNR-CONSISTENT POPULATIONS
======================================================================
Target SNR:          4.0
Simulations:         1
======================================================================


──────────────────────────────────────────────────────────────────────
SIMULATION 1/1
──────────────────────────────────────────────────────────────────────
  [B1855+09] zeroing residuals...
  [B1855+09] adding red noise...
  [B1855+09] white noise for L-wide_PUPPI (5005 TOAs)...
  [B1855+09] white noise for 430_PUPPI (1185 TOAs)...
  [B1855+09] white noise for 430_ASP (390 TOAs)...
  [B1855+09] white noise for L-wide_ASP (1178 TOAs)...
  [B1937+21] zeroing residuals...
  [B1937+21] adding red noise...
  [B1937+21] white noise for L-wide_PUPPI (4133 TOAs)...
  [B1937+21] white noise for Rcvr_800_GASP (586 TOAs)...
  [B1937+21] white noise for Rcvr1_2_GASP (1069 TOAs)...
  [B1937+21] white noise for S-wide_PUPPI (2251 TOAs)...
  [B1937+21] white noise for L-wide_ASP (452 TOAs)...
  [B1937+21] white noise for Rcvr1_2_GUPPI (7048 TOAs)...
  [B1937+21] white noise for S-wide_ASP (344 TOAs)...
  [B1937+21] white noise for Rcvr_800_GUPPI (7140 TOAs)...
  [B1953+29] zeroing residuals...
  [B1953+29] adding red noise...
  [B1953+29] white noise for L-wide_PUPPI (4037 TOAs)...
  [B1953+29] white noise for 430_ASP (29 TOAs)...
  [B1953+29] white noise for 430_PUPPI (941 TOAs)...
  [B1953+29] white noise for L-wide_ASP (94 TOAs)...
  [B1953+29] white noise for S-wide_ASP (25 TOAs)...
  [J0023+0923] zeroing residuals...
  [J0023+0923] adding red noise...
  [J0023+0923] white noise for L-wide_PUPPI (11123 TOAs)...
  [J0023+0923] white noise for 430_PUPPI (4564 TOAs)...
  [J0023+0923] white noise for 430_ASP (90 TOAs)...
  [J0023+0923] white noise for L-wide_ASP (119 TOAs)...
  [J0030+0451] zeroing residuals...
  [J0030+0451] adding red noise...
  [J0030+0451] white noise for L-wide_PUPPI (12774 TOAs)...
  [J0030+0451] white noise for 430_ASP (267 TOAs)...
  [J0030+0451] white noise for S-wide_PUPPI (2673 TOAs)...
  [J0030+0451] white noise for L-wide_ASP (789 TOAs)...
  [J0030+0451] white noise for 430_PUPPI (3068 TOAs)...
  [J0340+4130] zeroing residuals...
  [J0340+4130] adding red noise...
  [J0340+4130] white noise for Rcvr1_2_GUPPI (5037 TOAs)...
  [J0340+4130] white noise for Rcvr_800_GUPPI (6056 TOAs)...
  [J0406+3039] zeroing residuals...
  [J0406+3039] adding red noise...
  [J0406+3039] white noise for L-wide_PUPPI (1871 TOAs)...
  [J0406+3039] white noise for S-wide_PUPPI (575 TOAs)...
  [J0437-4715] zeroing residuals...
  [J0437-4715] adding red noise...
  [J0437-4715] white noise for 3GHz_YUPPI (3696 TOAs)...
  [J0437-4715] white noise for 1.5GHz_YUPPI (2134 TOAs)...
  [J0509+0856] zeroing residuals...
  [J0509+0856] adding red noise...
  [J0509+0856] white noise for L-wide_PUPPI (1625 TOAs)...
  [J0509+0856] white noise for S-wide_PUPPI (544 TOAs)...
  [J0557+1551] zeroing residuals...
  [J0557+1551] adding red noise...
  [J0557+1551] white noise for L-wide_PUPPI (467 TOAs)...
  [J0557+1551] white noise for S-wide_PUPPI (58 TOAs)...
  [J0605+3757] zeroing residuals...
  [J0605+3757] adding red noise...
  [J0605+3757] white noise for Rcvr1_2_GUPPI (318 TOAs)...
  [J0605+3757] white noise for Rcvr_800_GUPPI (236 TOAs)...
  [J0610-2100] zeroing residuals...
  [J0610-2100] adding red noise...
  [J0610-2100] white noise for Rcvr1_2_GUPPI (2401 TOAs)...
  [J0610-2100] white noise for Rcvr_800_GUPPI (2484 TOAs)...
  [J0613-0200] zeroing residuals...
  [J0613-0200] adding red noise...
  [J0613-0200] white noise for Rcvr1_2_GUPPI (7423 TOAs)...
  [J0613-0200] white noise for Rcvr1_2_GASP (992 TOAs)...
  [J0613-0200] white noise for Rcvr_800_GASP (809 TOAs)...
  [J0613-0200] white noise for Rcvr_800_GUPPI (7900 TOAs)...
  [J0636+5128] zeroing residuals...
  [J0636+5128] adding red noise...
  [J0636+5128] white noise for Rcvr1_2_GUPPI (14803 TOAs)...
  [J0636+5128] white noise for Rcvr_800_GUPPI (17419 TOAs)...
  [J0645+5158] zeroing residuals...
  [J0645+5158] adding red noise...
  [J0645+5158] white noise for Rcvr1_2_GUPPI (5721 TOAs)...
  [J0645+5158] white noise for Rcvr_800_GUPPI (4682 TOAs)...
  [J0709+0458] zeroing residuals...
  [J0709+0458] adding red noise...
  [J0709+0458] white noise for L-wide_PUPPI (2435 TOAs)...
  [J0709+0458] white noise for S-wide_PUPPI (595 TOAs)...
  [J0740+6620] zeroing residuals...
  [J0740+6620] adding red noise...
  [J0740+6620] white noise for Rcvr1_2_GUPPI (8265 TOAs)...
  [J0740+6620] white noise for Rcvr_800_GUPPI (5136 TOAs)...
  [J0931-1902] zeroing residuals...
  [J0931-1902] adding red noise...
  [J0931-1902] white noise for Rcvr1_2_GUPPI (2054 TOAs)...
  [J0931-1902] white noise for Rcvr_800_GUPPI (3419 TOAs)...
  [J1012+5307] zeroing residuals...
  [J1012+5307] adding red noise...
  [J1012+5307] white noise for Rcvr1_2_GUPPI (12849 TOAs)...
  [J1012+5307] white noise for Rcvr1_2_GASP (1479 TOAs)...
  [J1012+5307] white noise for Rcvr_800_GASP (1210 TOAs)...
  [J1012+5307] white noise for Rcvr_800_GUPPI (10299 TOAs)...
  [J1012-4235] zeroing residuals...
  [J1012-4235] adding red noise...
  [J1012-4235] white noise for Rcvr1_2_GUPPI (455 TOAs)...
  [J1012-4235] white noise for Rcvr_800_GUPPI (342 TOAs)...
  [J1022+1001] zeroing residuals...
  [J1022+1001] adding red noise...
  [J1022+1001] white noise for L-wide_PUPPI (2592 TOAs)...
  [J1022+1001] white noise for 430_PUPPI (232 TOAs)...
  [J1022+1001] white noise for S-wide_PUPPI (1154 TOAs)...
  [J1024-0719] zeroing residuals...
  [J1024-0719] adding red noise...
  [J1024-0719] white noise for Rcvr1_2_GUPPI (7086 TOAs)...
  [J1024-0719] white noise for Rcvr1_2_GASP (43 TOAs)...
  [J1024-0719] white noise for Rcvr_800_GASP (51 TOAs)...
  [J1024-0719] white noise for Rcvr_800_GUPPI (5455 TOAs)...
  [J1125+7819] zeroing residuals...
  [J1125+7819] adding red noise...
  [J1125+7819] white noise for Rcvr1_2_GUPPI (4016 TOAs)...
  [J1125+7819] white noise for Rcvr_800_GUPPI (4707 TOAs)...
  [J1312+0051] zeroing residuals...
  [J1312+0051] adding red noise...
  [J1312+0051] white noise for L-wide_PUPPI (1289 TOAs)...
  [J1312+0051] white noise for S-wide_PUPPI (416 TOAs)...
  [J1453+1902] zeroing residuals...
  [J1453+1902] adding red noise...
  [J1453+1902] white noise for L-wide_PUPPI (2122 TOAs)...
  [J1453+1902] white noise for 430_PUPPI (425 TOAs)...
  [J1453+1902] white noise for S-wide_PUPPI (4 TOAs)...
  [J1455-3330] zeroing residuals...
  [J1455-3330] adding red noise...
  [J1455-3330] white noise for Rcvr1_2_GUPPI (4932 TOAs)...
  [J1455-3330] white noise for Rcvr1_2_GASP (564 TOAs)...
  [J1455-3330] white noise for Rcvr_800_GASP (479 TOAs)...
  [J1455-3330] white noise for Rcvr_800_GUPPI (4843 TOAs)...
  [J1600-3053] zeroing residuals...
  [J1600-3053] adding red noise...
  [J1600-3053] white noise for Rcvr_800_GASP (297 TOAs)...
  [J1600-3053] white noise for 3GHz_YUPPI (3237 TOAs)...
  [J1600-3053] white noise for Rcvr1_2_GASP (457 TOAs)...
  [J1600-3053] white noise for Rcvr1_2_GUPPI (10168 TOAs)...
  [J1600-3053] white noise for Rcvr_800_GUPPI (8796 TOAs)...
  [J1614-2230] zeroing residuals...
  [J1614-2230] adding red noise...
  [J1614-2230] white noise for Rcvr1_2_GUPPI (10509 TOAs)...
  [J1614-2230] white noise for Rcvr1_2_GASP (84 TOAs)...
  [J1614-2230] white noise for Rcvr_800_GASP (84 TOAs)...
  [J1614-2230] white noise for Rcvr_800_GUPPI (7768 TOAs)...
  [J1630+3734] zeroing residuals...
  [J1630+3734] adding red noise...
  [J1630+3734] white noise for Rcvr1_2_GUPPI (909 TOAs)...
  [J1630+3734] white noise for Rcvr_800_GUPPI (906 TOAs)...
  [J1640+2224] zeroing residuals...
  [J1640+2224] adding red noise...
  [J1640+2224] white noise for L-wide_PUPPI (9847 TOAs)...
  [J1640+2224] white noise for 430_PUPPI (3157 TOAs)...
  [J1640+2224] white noise for 430_ASP (340 TOAs)...
  [J1640+2224] white noise for L-wide_ASP (722 TOAs)...
  [J1643-1224] zeroing residuals...
  [J1643-1224] adding red noise...
  [J1643-1224] white noise for Rcvr_800_GASP (559 TOAs)...
  [J1643-1224] white noise for 3GHz_YUPPI (4215 TOAs)...
  [J1643-1224] white noise for Rcvr1_2_GASP (833 TOAs)...
  [J1643-1224] white noise for Rcvr1_2_GUPPI (8803 TOAs)...
  [J1643-1224] white noise for Rcvr_800_GUPPI (7734 TOAs)...
  [J1705-1903] zeroing residuals...
  [J1705-1903] adding red noise...
  [J1705-1903] white noise for Rcvr1_2_GUPPI (6350 TOAs)...
  [J1705-1903] white noise for Rcvr_800_GUPPI (3521 TOAs)...
  [J1713+0747] zeroing residuals...
  [J1713+0747] adding red noise...
  [J1713+0747] white noise for L-wide_PUPPI (12743 TOAs)...
  [J1713+0747] white noise for Rcvr_800_GUPPI (8479 TOAs)...
  [J1713+0747] white noise for Rcvr_800_GASP (1032 TOAs)...
  [J1713+0747] white noise for 3GHz_YUPPI (3282 TOAs)...
  [J1713+0747] white noise for Rcvr1_2_GASP (1109 TOAs)...
  [J1713+0747] white noise for S-wide_PUPPI (7482 TOAs)...
  [J1713+0747] white noise for L-wide_ASP (843 TOAs)...
  [J1713+0747] white noise for Rcvr1_2_GUPPI (22334 TOAs)...
  [J1713+0747] white noise for S-wide_ASP (624 TOAs)...
  [J1713+0747] white noise for 1.5GHz_YUPPI (1461 TOAs)...
  [J1719-1438] zeroing residuals...
  [J1719-1438] adding red noise...
  [J1719-1438] white noise for Rcvr1_2_GUPPI (2722 TOAs)...
  [J1719-1438] white noise for Rcvr_800_GUPPI (3634 TOAs)...
  [J1730-2304] zeroing residuals...
  [J1730-2304] adding red noise...
  [J1730-2304] white noise for Rcvr1_2_GUPPI (2367 TOAs)...
  [J1730-2304] white noise for Rcvr_800_GUPPI (2503 TOAs)...
  [J1738+0333] zeroing residuals...
  [J1738+0333] adding red noise...
  [J1738+0333] white noise for L-wide_PUPPI (6718 TOAs)...
  [J1738+0333] white noise for S-wide_ASP (134 TOAs)...
  [J1738+0333] white noise for S-wide_PUPPI (1737 TOAs)...
  [J1738+0333] white noise for L-wide_ASP (201 TOAs)...
  [J1741+1351] zeroing residuals...
  [J1741+1351] adding red noise...
  [J1741+1351] white noise for L-wide_PUPPI (4045 TOAs)...
  [J1741+1351] white noise for 430_ASP (27 TOAs)...
  [J1741+1351] white noise for 430_PUPPI (1159 TOAs)...
  [J1741+1351] white noise for L-wide_ASP (236 TOAs)...
  [J1741+1351] white noise for S-wide_ASP (115 TOAs)...
  [J1744-1134] zeroing residuals...
  [J1744-1134] adding red noise...
  [J1744-1134] white noise for Rcvr1_2_GUPPI (8109 TOAs)...
  [J1744-1134] white noise for Rcvr1_2_GASP (807 TOAs)...
  [J1744-1134] white noise for Rcvr_800_GASP (930 TOAs)...
  [J1744-1134] white noise for Rcvr_800_GUPPI (7899 TOAs)...
  [J1745+1017] zeroing residuals...
  [J1745+1017] adding red noise...
  [J1745+1017] white noise for L-wide_PUPPI (2179 TOAs)...
  [J1745+1017] white noise for S-wide_PUPPI (838 TOAs)...
  [J1747-4036] zeroing residuals...
  [J1747-4036] adding red noise...
  [J1747-4036] white noise for Rcvr1_2_GUPPI (5239 TOAs)...
  [J1747-4036] white noise for Rcvr_800_GUPPI (5816 TOAs)...
  [J1751-2857] zeroing residuals...
  [J1751-2857] adding red noise...
  [J1751-2857] white noise for Rcvr1_2_GUPPI (1786 TOAs)...
  [J1751-2857] white noise for Rcvr_800_GUPPI (239 TOAs)...
  [J1802-2124] zeroing residuals...
  [J1802-2124] adding red noise...
  [J1802-2124] white noise for Rcvr1_2_GUPPI (3231 TOAs)...
  [J1802-2124] white noise for Rcvr_800_GUPPI (3565 TOAs)...
  [J1811-2405] zeroing residuals...
  [J1811-2405] adding red noise...
  [J1811-2405] white noise for Rcvr1_2_GUPPI (2638 TOAs)...
  [J1811-2405] white noise for Rcvr_800_GUPPI (2628 TOAs)...
  [J1832-0836] zeroing residuals...
  [J1832-0836] adding red noise...
  [J1832-0836] white noise for Rcvr1_2_GUPPI (4661 TOAs)...
  [J1832-0836] white noise for Rcvr_800_GUPPI (3078 TOAs)...
  [J1843-1113] zeroing residuals...
  [J1843-1113] adding red noise...
  [J1843-1113] white noise for Rcvr1_2_GUPPI (2394 TOAs)...
  [J1843-1113] white noise for Rcvr_800_GUPPI (2201 TOAs)...
  [J1853+1303] zeroing residuals...
  [J1853+1303] adding red noise...
  [J1853+1303] white noise for L-wide_PUPPI (3362 TOAs)...
  [J1853+1303] white noise for 430_PUPPI (1151 TOAs)...
  [J1853+1303] white noise for 430_ASP (24 TOAs)...
  [J1853+1303] white noise for L-wide_ASP (33 TOAs)...
  [J1903+0327] zeroing residuals...
  [J1903+0327] adding red noise...
  [J1903+0327] white noise for L-wide_PUPPI (3845 TOAs)...
  [J1903+0327] white noise for 3GHz_YUPPI (439 TOAs)...
  [J1903+0327] white noise for S-wide_PUPPI (2282 TOAs)...
  [J1903+0327] white noise for L-wide_ASP (139 TOAs)...
  [J1903+0327] white noise for S-wide_ASP (151 TOAs)...
  [J1909-3744] zeroing residuals...
  [J1909-3744] adding red noise...
  [J1909-3744] white noise for Rcvr_800_GASP (866 TOAs)...
  [J1909-3744] white noise for 3GHz_YUPPI (3525 TOAs)...
  [J1909-3744] white noise for Rcvr1_2_GASP (808 TOAs)...
  [J1909-3744] white noise for Rcvr1_2_GUPPI (20439 TOAs)...
  [J1909-3744] white noise for Rcvr_800_GUPPI (9399 TOAs)...
  [J1910+1256] zeroing residuals...
  [J1910+1256] adding red noise...
  [J1910+1256] white noise for L-wide_PUPPI (4124 TOAs)...
  [J1910+1256] white noise for S-wide_ASP (208 TOAs)...
  [J1910+1256] white noise for S-wide_PUPPI (1857 TOAs)...
  [J1910+1256] white noise for L-wide_ASP (297 TOAs)...
  [J1911+1347] zeroing residuals...
  [J1911+1347] adding red noise...
  [J1911+1347] white noise for L-wide_PUPPI (3033 TOAs)...
  [J1911+1347] white noise for 430_PUPPI (753 TOAs)...
  [J1918-0642] zeroing residuals...
  [J1918-0642] adding red noise...
  [J1918-0642] white noise for Rcvr1_2_GUPPI (8910 TOAs)...
  [J1918-0642] white noise for Rcvr1_2_GASP (778 TOAs)...
  [J1918-0642] white noise for Rcvr_800_GASP (835 TOAs)...
  [J1918-0642] white noise for Rcvr_800_GUPPI (8352 TOAs)...
  [J1923+2515] zeroing residuals...
  [J1923+2515] adding red noise...
  [J1923+2515] white noise for L-wide_PUPPI (3028 TOAs)...
  [J1923+2515] white noise for 430_PUPPI (922 TOAs)...
  [J1923+2515] white noise for 430_ASP (10 TOAs)...
  [J1923+2515] white noise for L-wide_ASP (14 TOAs)...
  [J1944+0907] zeroing residuals...
  [J1944+0907] adding red noise...
  [J1944+0907] white noise for L-wide_PUPPI (3900 TOAs)...
  [J1944+0907] white noise for 430_ASP (38 TOAs)...
  [J1944+0907] white noise for 430_PUPPI (1017 TOAs)...
  [J1944+0907] white noise for L-wide_ASP (257 TOAs)...
  [J1944+0907] white noise for S-wide_ASP (116 TOAs)...
  [J1946+3417] zeroing residuals...
  [J1946+3417] adding red noise...
  [J1946+3417] white noise for L-wide_PUPPI (3197 TOAs)...
  [J1946+3417] white noise for S-wide_PUPPI (1546 TOAs)...
  [J2010-1323] zeroing residuals...
  [J2010-1323] adding red noise...
  [J2010-1323] white noise for Rcvr1_2_GUPPI (7779 TOAs)...
  [J2010-1323] white noise for Rcvr1_2_GASP (70 TOAs)...
  [J2010-1323] white noise for Rcvr_800_GASP (70 TOAs)...
  [J2010-1323] white noise for Rcvr_800_GUPPI (9158 TOAs)...
  [J2017+0603] zeroing residuals...
  [J2017+0603] adding red noise...
  [J2017+0603] white noise for L-wide_PUPPI (2569 TOAs)...
  [J2017+0603] white noise for 430_PUPPI (78 TOAs)...
  [J2017+0603] white noise for S-wide_PUPPI (849 TOAs)...
  [J2017+0603] white noise for L-wide_ASP (16 TOAs)...
  [J2033+1734] zeroing residuals...
  [J2033+1734] adding red noise...
  [J2033+1734] white noise for L-wide_PUPPI (3050 TOAs)...
  [J2033+1734] white noise for 430_PUPPI (797 TOAs)...
  [J2043+1711] zeroing residuals...
  [J2043+1711] adding red noise...
  [J2043+1711] white noise for L-wide_PUPPI (4419 TOAs)...
  [J2043+1711] white noise for 430_PUPPI (2908 TOAs)...
  [J2043+1711] white noise for 430_ASP (30 TOAs)...
  [J2043+1711] white noise for L-wide_ASP (40 TOAs)...
  [J2124-3358] zeroing residuals...
  [J2124-3358] adding red noise...
  [J2124-3358] white noise for Rcvr1_2_GUPPI (2957 TOAs)...
  [J2124-3358] white noise for Rcvr_800_GUPPI (2025 TOAs)...
  [J2145-0750] zeroing residuals...
  [J2145-0750] adding red noise...
  [J2145-0750] white noise for Rcvr1_2_GUPPI (9158 TOAs)...
  [J2145-0750] white noise for Rcvr1_2_GASP (427 TOAs)...
  [J2145-0750] white noise for Rcvr_800_GASP (362 TOAs)...
  [J2145-0750] white noise for Rcvr_800_GUPPI (8728 TOAs)...
  [J2214+3000] zeroing residuals...
  [J2214+3000] adding red noise...
  [J2214+3000] white noise for L-wide_PUPPI (5829 TOAs)...
  [J2214+3000] white noise for S-wide_PUPPI (1568 TOAs)...
  [J2214+3000] white noise for L-wide_ASP (9 TOAs)...
  [J2229+2643] zeroing residuals...
  [J2229+2643] adding red noise...
  [J2229+2643] white noise for L-wide_PUPPI (2755 TOAs)...
  [J2229+2643] white noise for 430_PUPPI (956 TOAs)...
  [J2234+0611] zeroing residuals...
  [J2234+0611] adding red noise...
  [J2234+0611] white noise for L-wide_PUPPI (2913 TOAs)...
  [J2234+0611] white noise for 430_PUPPI (653 TOAs)...
  [J2234+0944] zeroing residuals...
  [J2234+0944] adding red noise...
  [J2234+0944] white noise for L-wide_PUPPI (5003 TOAs)...
  [J2234+0944] white noise for S-wide_PUPPI (2532 TOAs)...
  [J2302+4442] zeroing residuals...
  [J2302+4442] adding red noise...
  [J2302+4442] white noise for Rcvr1_2_GUPPI (3779 TOAs)...
  [J2302+4442] white noise for Rcvr_800_GUPPI (6432 TOAs)...
  [J2317+1439] zeroing residuals...
  [J2317+1439] adding red noise...
  [J2317+1439] white noise for L-wide_PUPPI (9563 TOAs)...
  [J2317+1439] white noise for 430_ASP (458 TOAs)...
  [J2317+1439] white noise for 327_PUPPI (276 TOAs)...
  [J2317+1439] white noise for 430_PUPPI (3217 TOAs)...
  [J2317+1439] white noise for 327_ASP (413 TOAs)...
  [J2322+2057] zeroing residuals...
  [J2322+2057] adding red noise...
  [J2322+2057] white noise for L-wide_PUPPI (2196 TOAs)...
  [J2322+2057] white noise for 430_PUPPI (752 TOAs)...
  [J2322+2057] white noise for S-wide_PUPPI (140 TOAs)...
Resetting pulsars to clean stoas...
Restore: 0.00 s
Inject: 0.00 s
Snapshotting into enterprise Pulsar objects...
Building PTA...
PTA build: 528.10 s
Computing optimal statistic...
OS time: 49.79 s
Total: 577.90 s
Noise-only SNR baseline: -0.6039

Generating SNR-consistent population...
Target SNR: 4.0
Resetting pulsars to clean stoas...
Restore: 0.01 s
Injecting population...
  B1855+09: RMS = 2191.529 ns
  B1937+21: RMS = 1692.629 ns
  B1953+29: RMS = 2128.579 ns
  J0023+0923: RMS = 551.573 ns
  J0030+0451: RMS = 893.397 ns
  J0340+4130: RMS = 1771.099 ns
  J0406+3039: RMS = 892.433 ns
  J0437-4715: RMS = 1865.093 ns
  J0509+0856: RMS = 528.172 ns
  J0557+1551: RMS = 1648.067 ns
  J0605+3757: RMS = 605.571 ns
  J0610-2100: RMS = 381.979 ns
  J0613-0200: RMS = 1419.136 ns
  J0636+5128: RMS = 1306.834 ns
  J0645+5158: RMS = 1874.250 ns
  J0709+0458: RMS = 928.203 ns
  J0740+6620: RMS = 940.759 ns
  J0931-1902: RMS = 2114.636 ns
  J1012+5307: RMS = 1172.284 ns
  J1012-4235: RMS = 1623.190 ns
  J1022+1001: RMS = 807.716 ns
  J1024-0719: RMS = 1282.815 ns
  J1125+7819: RMS = 800.976 ns
  J1312+0051: RMS = 1417.955 ns
  J1453+1902: RMS = 1854.789 ns
  J1455-3330: RMS = 2124.405 ns
  J1600-3053: RMS = 3111.383 ns
  J1614-2230: RMS = 2674.648 ns
  J1630+3734: RMS = 159.406 ns
  J1640+2224: RMS = 588.726 ns
  J1643-1224: RMS = 2073.938 ns
  J1705-1903: RMS = 1448.844 ns
  J1713+0747: RMS = 2453.224 ns
  J1719-1438: RMS = 856.573 ns
  J1730-2304: RMS = 1332.660 ns
  J1738+0333: RMS = 2726.905 ns
  J1741+1351: RMS = 2096.539 ns
  J1744-1134: RMS = 2644.378 ns
  J1745+1017: RMS = 2636.015 ns
  J1747-4036: RMS = 4449.248 ns
  J1751-2857: RMS = 1599.327 ns
  J1802-2124: RMS = 932.876 ns
  J1811-2405: RMS = 526.680 ns
  J1832-0836: RMS = 1720.255 ns
  J1843-1113: RMS = 1396.287 ns
  J1853+1303: RMS = 1893.479 ns
  J1903+0327: RMS = 2537.579 ns
  J1909-3744: RMS = 3229.092 ns
  J1910+1256: RMS = 2052.966 ns
  J1911+1347: RMS = 1250.896 ns
  J1918-0642: RMS = 3378.046 ns
  J1923+2515: RMS = 1766.818 ns
  J1944+0907: RMS = 2207.870 ns
  J1946+3417: RMS = 1052.693 ns
  J2010-1323: RMS = 2315.361 ns
  J2017+0603: RMS = 1794.693 ns
  J2033+1734: RMS = 531.901 ns
  J2043+1711: RMS = 1594.830 ns
  J2124-3358: RMS = 594.873 ns
  J2145-0750: RMS = 1724.774 ns
  J2214+3000: RMS = 1880.016 ns
  J2229+2643: RMS = 1374.150 ns
  J2234+0611: RMS = 413.473 ns
  J2234+0944: RMS = 677.675 ns
  J2302+4442: RMS = 1568.714 ns
  J2317+1439: RMS = 1062.598 ns
  J2322+2057: RMS = 1194.233 ns
Inject: 0.94 s
Snapshotting into enterprise Pulsar objects...
Building PTA...
PTA build: 526.86 s
Computing optimal statistic...
OS time: 42.20 s
Total: 570.01 s
Initial SNR: 24.0051, Target SNR: 4.0000
  Initial SNR 24.0051 outside of provided SNR_range [3.5, 4.25] — rescaling.
Scaling distances by factor 2.3120 to achieve target SNR...
Resetting pulsars to clean stoas...
Restore: 0.01 s
Injecting population...
  B1855+09: RMS = 947.901 ns
  B1937+21: RMS = 732.112 ns
  B1953+29: RMS = 920.674 ns
  J0023+0923: RMS = 238.572 ns
  J0030+0451: RMS = 386.421 ns
  J0340+4130: RMS = 766.053 ns
  J0406+3039: RMS = 386.004 ns
  J0437-4715: RMS = 806.708 ns
  J0509+0856: RMS = 228.450 ns
  J0557+1551: RMS = 712.838 ns
  J0605+3757: RMS = 261.927 ns
  J0610-2100: RMS = 165.217 ns
  J0613-0200: RMS = 613.818 ns
  J0636+5128: RMS = 565.244 ns
  J0645+5158: RMS = 810.669 ns
  J0709+0458: RMS = 401.475 ns
  J0740+6620: RMS = 406.906 ns
  J0931-1902: RMS = 914.643 ns
  J1012+5307: RMS = 507.048 ns
  J1012-4235: RMS = 702.078 ns
  J1022+1001: RMS = 349.361 ns
  J1024-0719: RMS = 554.856 ns
  J1125+7819: RMS = 346.446 ns
  J1312+0051: RMS = 613.307 ns
  J1453+1902: RMS = 802.251 ns
  J1455-3330: RMS = 918.868 ns
  J1600-3053: RMS = 1345.766 ns
  J1614-2230: RMS = 1156.865 ns
  J1630+3734: RMS = 68.948 ns
  J1640+2224: RMS = 254.641 ns
  J1643-1224: RMS = 897.040 ns
  J1705-1903: RMS = 626.668 ns
  J1713+0747: RMS = 1061.092 ns
  J1719-1438: RMS = 370.493 ns
  J1730-2304: RMS = 576.415 ns
  J1738+0333: RMS = 1179.467 ns
  J1741+1351: RMS = 906.815 ns
  J1744-1134: RMS = 1143.772 ns
  J1745+1017: RMS = 1140.155 ns
  J1747-4036: RMS = 1924.432 ns
  J1751-2857: RMS = 691.756 ns
  J1802-2124: RMS = 403.497 ns
  J1811-2405: RMS = 227.805 ns
  J1832-0836: RMS = 744.062 ns
  J1843-1113: RMS = 603.936 ns
  J1853+1303: RMS = 818.986 ns
  J1903+0327: RMS = 1097.578 ns
  J1909-3744: RMS = 1396.678 ns
  J1910+1256: RMS = 887.969 ns
  J1911+1347: RMS = 541.050 ns
  J1918-0642: RMS = 1461.105 ns
  J1923+2515: RMS = 764.201 ns
  J1944+0907: RMS = 954.969 ns
  J1946+3417: RMS = 455.321 ns
  J2010-1323: RMS = 1001.462 ns
  J2017+0603: RMS = 776.258 ns
  J2033+1734: RMS = 230.063 ns
  J2043+1711: RMS = 689.812 ns
  J2124-3358: RMS = 257.300 ns
  J2145-0750: RMS = 746.016 ns
  J2214+3000: RMS = 813.163 ns
  J2229+2643: RMS = 594.361 ns
  J2234+0611: RMS = 178.839 ns
  J2234+0944: RMS = 293.115 ns
  J2302+4442: RMS = 678.515 ns
  J2317+1439: RMS = 459.605 ns
  J2322+2057: RMS = 516.541 ns
Inject: 0.78 s
Snapshotting into enterprise Pulsar objects...
Building PTA...
PTA build: 518.77 s
Computing optimal statistic...
OS time: 42.29 s
Total: 561.84 s
  SNR 2.1465 outside of provided SNR_range [3.5, 4.25] — rescaling.
[Iteration 1/4] SNR after scaling: 2.1465 (target: 4.0000)
  SNR history: it0→24.0051@1.0000x, it1→2.1465@2.3120x
  Re-scaling distances by factor 0.6577  (cumulative after: 1.5205×)
Resetting pulsars to clean stoas...
Restore: 0.00 s
Injecting population...
  B1855+09: RMS = 1441.302 ns
  B1937+21: RMS = 1113.191 ns
  B1953+29: RMS = 1399.903 ns
  J0023+0923: RMS = 362.753 ns
  J0030+0451: RMS = 587.560 ns
  J0340+4130: RMS = 1164.799 ns
  J0406+3039: RMS = 586.926 ns
  J0437-4715: RMS = 1226.615 ns
  J0509+0856: RMS = 347.363 ns
  J0557+1551: RMS = 1083.884 ns
  J0605+3757: RMS = 398.266 ns
  J0610-2100: RMS = 251.216 ns
  J0613-0200: RMS = 933.323 ns
  J0636+5128: RMS = 859.465 ns
  J0645+5158: RMS = 1232.638 ns
  J0709+0458: RMS = 610.451 ns
  J0740+6620: RMS = 618.709 ns
  J0931-1902: RMS = 1390.733 ns
  J1012+5307: RMS = 770.976 ns
  J1012-4235: RMS = 1067.523 ns
  J1022+1001: RMS = 531.210 ns
  J1024-0719: RMS = 843.669 ns
  J1125+7819: RMS = 526.778 ns
  J1312+0051: RMS = 932.546 ns
  J1453+1902: RMS = 1219.839 ns
  J1455-3330: RMS = 1397.157 ns
  J1600-3053: RMS = 2046.263 ns
  J1614-2230: RMS = 1759.036 ns
  J1630+3734: RMS = 104.837 ns
  J1640+2224: RMS = 387.187 ns
  J1643-1224: RMS = 1363.967 ns
  J1705-1903: RMS = 952.861 ns
  J1713+0747: RMS = 1613.412 ns
  J1719-1438: RMS = 563.342 ns
  J1730-2304: RMS = 876.450 ns
  J1738+0333: RMS = 1793.403 ns
  J1741+1351: RMS = 1378.830 ns
  J1744-1134: RMS = 1739.128 ns
  J1745+1017: RMS = 1733.628 ns
  J1747-4036: RMS = 2926.136 ns
  J1751-2857: RMS = 1051.829 ns
  J1802-2124: RMS = 613.524 ns
  J1811-2405: RMS = 346.382 ns
  J1832-0836: RMS = 1131.360 ns
  J1843-1113: RMS = 918.296 ns
  J1853+1303: RMS = 1245.284 ns
  J1903+0327: RMS = 1668.889 ns
  J1909-3744: RMS = 2123.677 ns
  J1910+1256: RMS = 1350.174 ns
  J1911+1347: RMS = 822.677 ns
  J1918-0642: RMS = 2221.639 ns
  J1923+2515: RMS = 1161.983 ns
  J1944+0907: RMS = 1452.050 ns
  J1946+3417: RMS = 692.325 ns
  J2010-1323: RMS = 1522.743 ns
  J2017+0603: RMS = 1180.315 ns
  J2033+1734: RMS = 349.815 ns
  J2043+1711: RMS = 1048.872 ns
  J2124-3358: RMS = 391.230 ns
  J2145-0750: RMS = 1134.332 ns
  J2214+3000: RMS = 1236.430 ns
  J2229+2643: RMS = 903.737 ns
  J2234+0611: RMS = 271.929 ns
  J2234+0944: RMS = 445.687 ns
  J2302+4442: RMS = 1031.696 ns
  J2317+1439: RMS = 698.839 ns
  J2322+2057: RMS = 785.411 ns
Inject: 0.80 s
Snapshotting into enterprise Pulsar objects...
Building PTA...
PTA build: 527.33 s
Computing optimal statistic...
OS time: 49.27 s
Total: 577.40 s
  SNR 8.3400 outside of provided SNR_range [3.5, 4.25] — rescaling.
[Iteration 2/4] SNR after scaling: 8.3400 (target: 4.0000)
  SNR history: it0→24.0051@1.0000x, it1→2.1465@2.3120x, it2→8.3400@1.5205x
  Re-scaling distances by factor 1.2331  (cumulative after: 1.8749×)
Resetting pulsars to clean stoas...
Restore: 0.62 s
Injecting population...
  B1855+09: RMS = 1168.851 ns
  B1937+21: RMS = 902.763 ns
  B1953+29: RMS = 1135.277 ns
  J0023+0923: RMS = 294.181 ns
  J0030+0451: RMS = 476.493 ns
  J0340+4130: RMS = 944.615 ns
  J0406+3039: RMS = 475.979 ns
  J0437-4715: RMS = 994.746 ns
  J0509+0856: RMS = 281.700 ns
  J0557+1551: RMS = 878.996 ns
  J0605+3757: RMS = 322.981 ns
  J0610-2100: RMS = 203.728 ns
  J0613-0200: RMS = 756.895 ns
  J0636+5128: RMS = 696.999 ns
  J0645+5158: RMS = 999.631 ns
  J0709+0458: RMS = 495.057 ns
  J0740+6620: RMS = 501.753 ns
  J0931-1902: RMS = 1127.840 ns
  J1012+5307: RMS = 625.237 ns
  J1012-4235: RMS = 865.728 ns
  J1022+1001: RMS = 430.795 ns
  J1024-0719: RMS = 684.189 ns
  J1125+7819: RMS = 427.200 ns
  J1312+0051: RMS = 756.266 ns
  J1453+1902: RMS = 989.251 ns
  J1455-3330: RMS = 1133.050 ns
  J1600-3053: RMS = 1659.455 ns
  J1614-2230: RMS = 1426.522 ns
  J1630+3734: RMS = 85.019 ns
  J1640+2224: RMS = 313.996 ns
  J1643-1224: RMS = 1106.134 ns
  J1705-1903: RMS = 772.740 ns
  J1713+0747: RMS = 1308.426 ns
  J1719-1438: RMS = 456.853 ns
  J1730-2304: RMS = 710.774 ns
  J1738+0333: RMS = 1454.394 ns
  J1741+1351: RMS = 1118.188 ns
  J1744-1134: RMS = 1410.378 ns
  J1745+1017: RMS = 1405.917 ns
  J1747-4036: RMS = 2373.004 ns
  J1751-2857: RMS = 853.000 ns
  J1802-2124: RMS = 497.549 ns
  J1811-2405: RMS = 280.905 ns
  J1832-0836: RMS = 917.497 ns
  J1843-1113: RMS = 744.709 ns
  J1853+1303: RMS = 1009.886 ns
  J1903+0327: RMS = 1353.417 ns
  J1909-3744: RMS = 1722.235 ns
  J1910+1256: RMS = 1094.948 ns
  J1911+1347: RMS = 667.165 ns
  J1918-0642: RMS = 1801.679 ns
  J1923+2515: RMS = 942.332 ns
  J1944+0907: RMS = 1177.566 ns
  J1946+3417: RMS = 561.453 ns
  J2010-1323: RMS = 1234.897 ns
  J2017+0603: RMS = 957.198 ns
  J2033+1734: RMS = 283.689 ns
  J2043+1711: RMS = 850.602 ns
  J2124-3358: RMS = 317.275 ns
  J2145-0750: RMS = 919.907 ns
  J2214+3000: RMS = 1002.706 ns
  J2229+2643: RMS = 732.902 ns
  J2234+0611: RMS = 220.526 ns
  J2234+0944: RMS = 361.438 ns
  J2302+4442: RMS = 836.673 ns
  J2317+1439: RMS = 566.736 ns
  J2322+2057: RMS = 636.944 ns
Inject: 0.81 s
Snapshotting into enterprise Pulsar objects...
Building PTA...
PTA build: 532.26 s
Computing optimal statistic...
OS time: 44.09 s
Total: 577.77 s
  SNR 4.5174 outside of provided SNR_range [3.5, 4.25] — rescaling.
[Iteration 3/4] SNR after scaling: 4.5174 (target: 4.0000)
  SNR history: it0→24.0051@1.0000x, it1→2.1465@2.3120x, it2→8.3400@1.5205x, it3→4.5174@1.8749x
  Re-scaling distances by factor 1.1104  (cumulative after: 2.0820×)
Resetting pulsars to clean stoas...
Restore: 0.01 s
Injecting population...
  B1855+09: RMS = 1052.594 ns
  B1937+21: RMS = 812.972 ns
  B1953+29: RMS = 1022.360 ns
  J0023+0923: RMS = 264.922 ns
  J0030+0451: RMS = 429.100 ns
  J0340+4130: RMS = 850.661 ns
  J0406+3039: RMS = 428.637 ns
  J0437-4715: RMS = 895.807 ns
  J0509+0856: RMS = 253.682 ns
  J0557+1551: RMS = 791.569 ns
  J0605+3757: RMS = 290.857 ns
  J0610-2100: RMS = 183.465 ns
  J0613-0200: RMS = 681.613 ns
  J0636+5128: RMS = 627.674 ns
  J0645+5158: RMS = 900.205 ns
  J0709+0458: RMS = 445.817 ns
  J0740+6620: RMS = 451.848 ns
  J0931-1902: RMS = 1015.663 ns
  J1012+5307: RMS = 563.050 ns
  J1012-4235: RMS = 779.620 ns
  J1022+1001: RMS = 387.947 ns
  J1024-0719: RMS = 616.138 ns
  J1125+7819: RMS = 384.710 ns
  J1312+0051: RMS = 681.046 ns
  J1453+1902: RMS = 890.858 ns
  J1455-3330: RMS = 1020.355 ns
  J1600-3053: RMS = 1494.402 ns
  J1614-2230: RMS = 1284.638 ns
  J1630+3734: RMS = 76.563 ns
  J1640+2224: RMS = 282.766 ns
  J1643-1224: RMS = 996.116 ns
  J1705-1903: RMS = 695.882 ns
  J1713+0747: RMS = 1178.287 ns
  J1719-1438: RMS = 411.413 ns
  J1730-2304: RMS = 640.078 ns
  J1738+0333: RMS = 1309.737 ns
  J1741+1351: RMS = 1006.971 ns
  J1744-1134: RMS = 1270.099 ns
  J1745+1017: RMS = 1266.082 ns
  J1747-4036: RMS = 2136.980 ns
  J1751-2857: RMS = 768.159 ns
  J1802-2124: RMS = 448.062 ns
  J1811-2405: RMS = 252.965 ns
  J1832-0836: RMS = 826.241 ns
  J1843-1113: RMS = 670.639 ns
  J1853+1303: RMS = 909.441 ns
  J1903+0327: RMS = 1218.803 ns
  J1909-3744: RMS = 1550.938 ns
  J1910+1256: RMS = 986.042 ns
  J1911+1347: RMS = 600.807 ns
  J1918-0642: RMS = 1622.480 ns
  J1923+2515: RMS = 848.605 ns
  J1944+0907: RMS = 1060.443 ns
  J1946+3417: RMS = 505.610 ns
  J2010-1323: RMS = 1112.071 ns
  J2017+0603: RMS = 861.993 ns
  J2033+1734: RMS = 255.473 ns
  J2043+1711: RMS = 765.999 ns
  J2124-3358: RMS = 285.719 ns
  J2145-0750: RMS = 828.411 ns
  J2214+3000: RMS = 902.974 ns
  J2229+2643: RMS = 660.006 ns
  J2234+0611: RMS = 198.592 ns
  J2234+0944: RMS = 325.488 ns
  J2302+4442: RMS = 753.456 ns
  J2317+1439: RMS = 510.367 ns
  J2322+2057: RMS = 573.592 ns
Inject: 0.80 s
Snapshotting into enterprise Pulsar objects...
Building PTA...
PTA build: 528.88 s
Computing optimal statistic...
OS time: 42.04 s
Total: 571.73 s
  SNR 3.1891 outside of provided SNR_range [3.5, 4.25] — rescaling.
[Iteration 4/4] SNR after scaling: 3.1891 (target: 4.0000)
  SNR history: it0→24.0051@1.0000x, it1→2.1465@2.3120x, it2→8.3400@1.5205x, it3→4.5174@1.8749x, it4→3.1891@2.0820x

Final SNR history:
  it 0: cumulative_scale=1.0000×  SNR=24.0051
  it 1: cumulative_scale=2.3120×  SNR=2.1465
  it 2: cumulative_scale=1.5205×  SNR=8.3400
  it 3: cumulative_scale=1.8749×  SNR=4.5174
  it 4: cumulative_scale=2.0820×  SNR=3.1891
✓ Simulation 1 done (2861.9 s)

======================================================================
ENSEMBLE SUMMARY
======================================================================
Success rate: 100.0% (1/1)

Binaries per population:
  Mean ± std : 20000 ± 0
  Range      : [20000, 20000]

SNR achieved:
  Mean ± std : 3.1891 ± 0.0000
  Range      : [3.1891, 3.1891]

Total time: 3477.8 s (58.0 min)
======================================================================

💾 Saved: data/2026-04-29/realistic_run_215/consistent_population_realistic_targetSNR4.25_sims1.json
💾 Saved compressed pickle: data/2026-04-29/realistic_run_215/consistent_population_realistic_targetSNR4.25_sims1.pkl.gz

======================================================================
CONTINUOUS WAVE SNR ANALYSIS
======================================================================

--- Population 1 ---
Precomputation of phiinvs, TNTs, Ts, Nvecs, Sigmas took 0.03 seconds.
Total SNR computation for population took 305.06 seconds.
Top 50 CGW candidates:
   1. proxy_rank=  18  sky_w=1.47  f=5.16e-09 Hz  Mc=1.87e+10 Msun  h0=4.35e-15  SNR=5.706
   2. proxy_rank=   3  sky_w=1.41  f=3.55e-09 Hz  Mc=2.29e+10 Msun  h0=5.91e-15  SNR=4.709
   3. proxy_rank=  66  sky_w=0.77  f=5.81e-09 Hz  Mc=1.61e+10 Msun  h0=3.96e-15  SNR=3.738
   4. proxy_rank=  53  sky_w=0.98  f=5.92e-09 Hz  Mc=1.55e+10 Msun  h0=3.61e-15  SNR=3.561
   5. proxy_rank=  14  sky_w=1.23  f=4.64e-09 Hz  Mc=2.21e+10 Msun  h0=5.42e-15  SNR=3.067
   6. proxy_rank=  45  sky_w=1.60  f=4.91e-09 Hz  Mc=1.30e+10 Msun  h0=2.34e-15  SNR=2.966
   7. proxy_rank=  12  sky_w=1.31  f=2.73e-09 Hz  Mc=2.03e+10 Msun  h0=3.26e-15  SNR=2.334
   8. proxy_rank= 114  sky_w=1.21  f=6.81e-09 Hz  Mc=1.04e+10 Msun  h0=1.98e-15  SNR=2.302
   9. proxy_rank= 249  sky_w=1.31  f=1.50e-08 Hz  Mc=8.01e+09 Msun  h0=2.15e-15  SNR=2.270
  10. proxy_rank=  30  sky_w=1.37  f=3.33e-09 Hz  Mc=1.37e+10 Msun  h0=2.14e-15  SNR=2.212
  11. proxy_rank= 109  sky_w=1.36  f=5.48e-09 Hz  Mc=9.47e+09 Msun  h0=1.45e-15  SNR=2.172
  12. proxy_rank=   1  sky_w=1.31  f=3.22e-09 Hz  Mc=2.45e+10 Msun  h0=6.15e-15  SNR=2.011
  13. proxy_rank=  63  sky_w=1.24  f=4.13e-09 Hz  Mc=1.22e+10 Msun  h0=1.85e-15  SNR=1.955
  14. proxy_rank=   4  sky_w=1.12  f=2.19e-09 Hz  Mc=2.36e+10 Msun  h0=4.44e-15  SNR=1.929
  15. proxy_rank=  16  sky_w=0.88  f=2.71e-09 Hz  Mc=2.20e+10 Msun  h0=4.11e-15  SNR=1.842
  16. proxy_rank=  29  sky_w=0.91  f=3.86e-09 Hz  Mc=1.57e+10 Msun  h0=3.76e-15  SNR=1.831
  17. proxy_rank= 320  sky_w=1.62  f=8.59e-09 Hz  Mc=5.27e+09 Msun  h0=7.65e-16  SNR=1.723
  18. proxy_rank= 733  sky_w=1.48  f=2.14e-08 Hz  Mc=3.59e+09 Msun  h0=7.74e-16  SNR=1.673
  19. proxy_rank=  11  sky_w=1.62  f=2.45e-09 Hz  Mc=1.80e+10 Msun  h0=2.51e-15  SNR=1.671
  20. proxy_rank=   5  sky_w=1.44  f=2.25e-09 Hz  Mc=2.30e+10 Msun  h0=3.52e-15  SNR=1.627
  21. proxy_rank= 295  sky_w=0.81  f=7.59e-09 Hz  Mc=8.18e+09 Msun  h0=1.47e-15  SNR=1.570
  22. proxy_rank=   6  sky_w=0.78  f=2.08e-09 Hz  Mc=2.74e+10 Msun  h0=5.32e-15  SNR=1.545
  23. proxy_rank= 137  sky_w=1.45  f=6.48e-09 Hz  Mc=8.59e+09 Msun  h0=1.40e-15  SNR=1.532
  24. proxy_rank=  22  sky_w=1.10  f=3.08e-09 Hz  Mc=1.80e+10 Msun  h0=2.90e-15  SNR=1.525
  25. proxy_rank=  10  sky_w=1.01  f=2.62e-09 Hz  Mc=2.45e+10 Msun  h0=4.56e-15  SNR=1.497
  26. proxy_rank=  23  sky_w=0.87  f=3.35e-09 Hz  Mc=2.03e+10 Msun  h0=3.95e-15  SNR=1.487
  27. proxy_rank= 152  sky_w=1.36  f=4.90e-09 Hz  Mc=4.89e+09 Msun  h0=1.07e-15  SNR=1.426
  28. proxy_rank=   9  sky_w=1.31  f=2.07e-09 Hz  Mc=1.42e+10 Msun  h0=2.81e-15  SNR=1.376
  29. proxy_rank=  17  sky_w=1.46  f=3.79e-09 Hz  Mc=1.70e+10 Msun  h0=3.31e-15  SNR=1.364
  30. proxy_rank=  55  sky_w=0.56  f=3.25e-09 Hz  Mc=1.68e+10 Msun  h0=3.39e-15  SNR=1.326
  31. proxy_rank=   2  sky_w=1.28  f=2.23e-09 Hz  Mc=1.91e+10 Msun  h0=4.36e-15  SNR=1.293
  32. proxy_rank= 508  sky_w=0.68  f=1.16e-08 Hz  Mc=5.54e+09 Msun  h0=1.44e-15  SNR=1.273
  33. proxy_rank= 473  sky_w=0.82  f=1.17e-08 Hz  Mc=5.80e+09 Msun  h0=1.30e-15  SNR=1.262
  34. proxy_rank=  41  sky_w=1.34  f=2.68e-09 Hz  Mc=1.28e+10 Msun  h0=1.61e-15  SNR=1.210
  35. proxy_rank=  56  sky_w=1.38  f=3.12e-09 Hz  Mc=1.12e+10 Msun  h0=1.32e-15  SNR=1.203
  36. proxy_rank=  54  sky_w=1.18  f=3.18e-09 Hz  Mc=1.23e+10 Msun  h0=1.60e-15  SNR=1.168
  37. proxy_rank= 163  sky_w=0.97  f=4.37e-09 Hz  Mc=9.04e+09 Msun  h0=1.24e-15  SNR=1.116
  38. proxy_rank= 277  sky_w=0.83  f=5.38e-09 Hz  Mc=6.31e+09 Msun  h0=1.10e-15  SNR=1.068
  39. proxy_rank=   7  sky_w=1.25  f=2.05e-09 Hz  Mc=2.12e+10 Msun  h0=2.95e-15  SNR=1.035
  40. proxy_rank=  34  sky_w=0.81  f=3.49e-09 Hz  Mc=1.56e+10 Msun  h0=3.62e-15  SNR=1.031
  41. proxy_rank= 139  sky_w=1.26  f=3.86e-09 Hz  Mc=8.36e+09 Msun  h0=9.57e-16  SNR=1.009
  42. proxy_rank= 159  sky_w=1.11  f=6.96e-09 Hz  Mc=8.51e+09 Msun  h0=1.77e-15  SNR=0.969
  43. proxy_rank= 206  sky_w=1.00  f=5.14e-09 Hz  Mc=8.30e+09 Msun  h0=1.15e-15  SNR=0.962
  44. proxy_rank=  20  sky_w=0.59  f=2.35e-09 Hz  Mc=2.16e+10 Msun  h0=4.27e-15  SNR=0.949
  45. proxy_rank=  73  sky_w=0.88  f=3.08e-09 Hz  Mc=1.25e+10 Msun  h0=1.70e-15  SNR=0.942
  46. proxy_rank=  51  sky_w=1.47  f=2.72e-09 Hz  Mc=1.07e+10 Msun  h0=1.12e-15  SNR=0.920
  47. proxy_rank=  94  sky_w=1.33  f=4.70e-09 Hz  Mc=9.86e+09 Msun  h0=1.42e-15  SNR=0.918
  48. proxy_rank=  21  sky_w=1.17  f=2.23e-09 Hz  Mc=1.09e+10 Msun  h0=2.02e-15  SNR=0.905
  49. proxy_rank=  27  sky_w=0.88  f=2.52e-09 Hz  Mc=1.83e+10 Msun  h0=2.60e-15  SNR=0.894
  50. proxy_rank= 254  sky_w=1.58  f=4.77e-09 Hz  Mc=5.65e+09 Msun  h0=5.62e-16  SNR=0.856
💾 Saved: data/2026-04-29/realistic_run_215/consistent_population_realistic_targetSNR4.25_sims1.json
💾 Saved compressed pickle: data/2026-04-29/realistic_run_215/consistent_population_realistic_targetSNR4.25_sims1.pkl.gz
Saved to figures/cgw_analysis_realistic.pdf

======================================================================
ANALYSIS COMPLETE
Results saved to: data/2026-04-29/realistic_run_215
======================================================================

==========================================
Job finished at: Wed Apr 29 14:51:03 AEST 2026
Exit code: 0
==========================================

+------------------ Job Report: 11738349 (COMPLETED) ------------------+
| Memory (RAM)  [################### ] 99.3% (31.8 GB peak / 32 GB)    |
| CPU           [##############      ] 71.0% average                   |
| Time          [---------------->   ] 83.2% (0-01:06:36 / 0-01:20:00) |
|                                                                      |
| Lustre Filesystem:                                                   |
|   Path    Total Read    Total Write    Total IOPS                    |
|   ------  ------------  -------------  ------------                  |
|   /apps   25.9 MB       0 B            1.7 K                         |
|   /fred   317.9 MB      6.4 MB         417                           |
|   /home   1.1 GB        0 B            7.1 K                         |
|   OS      0 B           0 B            9                             |
|                                                                      |
| Warnings:                                                            |
|   - CPU usage is low                                                 |
+----------------------------------------------------------------------+
