==========================================
Job ID: 11740930
Job Name: smbhb_pessimistic
Node: gina13
Start Time: Wed Apr 29 15:09:01 AEST 2026
==========================================

/home/bhoulden/.conda/envs/smbhb312/share/tempo2
Working directory: /fred/oz005/users/bhoulden/SMBHB_population_injections

Loaded modules:

Starting SMBHB analysis...
==========================================

📁 Save directory: data/2026-04-29/pessimistic_run_241
📝 Run name: pessimistic_run_241

[MEM] Start: 243.9 MB

📡 Loading pulsars...
======================================================================
LOADING NANOGRAV PULSARS (libstempo)
======================================================================

📦 Loading from cache: nanograv_pulsars_cache.pkl
⚠ Cache load failed: Ran out of input
[DEBUG] Found 76 .par files
[tempo2Util.C:396] Warning: [MISC1] Unknown parameter in par file:  DMDATA
[tempo2Util.C:401] Warning: [DUP1] duplicated warnings have been suppressed.

WARNING: Using tempo RNAMP parameter: setting TNRedC to 100!
[observatory.C:271] Warning: Assuming site 'arecibo' means 'ao'
✓ Loaded B1855+09 (7758 TOAs)

WARNING: Using tempo RNAMP parameter: setting TNRedC to 100!
✓ Loaded B1937+21 (23023 TOAs)

WARNING: Using tempo RNAMP parameter: setting TNRedC to 100!
✓ Loaded B1937+21ao (7241 TOAs)

WARNING: Using tempo RNAMP parameter: setting TNRedC to 100!
✓ Loaded B1937+21gbt (16048 TOAs)

WARNING: Using tempo RNAMP parameter: setting TNRedC to 100!
✓ Loaded B1953+29 (5126 TOAs)
✓ Loaded J0023+0923 (15896 TOAs)

WARNING: Using tempo RNAMP parameter: setting TNRedC to 100!
✓ Loaded J0030+0451 (19571 TOAs)
✓ Loaded J0340+4130 (11093 TOAs)
✓ Loaded J0406+3039 (2446 TOAs)

WARNING: Using tempo RNAMP parameter: setting TNRedC to 100!
✓ Loaded J0437-4715 (5830 TOAs)
✓ Loaded J0509+0856 (2169 TOAs)
✓ Loaded J0557+1551 (525 TOAs)
✓ Loaded J0605+3757 (554 TOAs)

WARNING: Using tempo RNAMP parameter: setting TNRedC to 100!
✓ Loaded J0610-2100 (4885 TOAs)

WARNING: Using tempo RNAMP parameter: setting TNRedC to 100!
✓ Loaded J0613-0200 (17124 TOAs)
✓ Loaded J0614-3329 (1714 TOAs)
✓ Loaded J0636+5128 (32222 TOAs)
✓ Loaded J0645+5158 (10403 TOAs)
✓ Loaded J0709+0458 (3030 TOAs)
✓ Loaded J0740+6620 (13401 TOAs)
✓ Loaded J0931-1902 (5473 TOAs)

WARNING: Using tempo RNAMP parameter: setting TNRedC to 100!
✓ Loaded J1012+5307 (25837 TOAs)
✓ Loaded J1012-4235 (797 TOAs)
✓ Loaded J1022+1001 (3978 TOAs)
✓ Loaded J1024-0719 (12635 TOAs)
✓ Loaded J1125+7819 (8723 TOAs)
✓ Loaded J1312+0051 (1705 TOAs)
✓ Loaded J1453+1902 (2551 TOAs)
✓ Loaded J1455-3330 (10818 TOAs)

WARNING: Using tempo RNAMP parameter: setting TNRedC to 100!
✓ Loaded J1600-3053 (22955 TOAs)

WARNING: Using tempo RNAMP parameter: setting TNRedC to 100!
✓ Loaded J1600-3053gbt (19725 TOAs)

WARNING: Using tempo RNAMP parameter: setting TNRedC to 100!
✓ Loaded J1614-2230 (18445 TOAs)
✓ Loaded J1630+3734 (1815 TOAs)
✓ Loaded J1640+2224 (14066 TOAs)

WARNING: Using tempo RNAMP parameter: setting TNRedC to 100!
✓ Loaded J1643-1224 (22144 TOAs)

WARNING: Using tempo RNAMP parameter: setting TNRedC to 100!
✓ Loaded J1643-1224gbt (17932 TOAs)

WARNING: Using tempo RNAMP parameter: setting TNRedC to 100!
✓ Loaded J1705-1903 (9871 TOAs)

WARNING: Using tempo RNAMP parameter: setting TNRedC to 100!
✓ Loaded J1713+0747 (59389 TOAs)

WARNING: Using tempo RNAMP parameter: setting TNRedC to 100!
✓ Loaded J1713+0747ao (21362 TOAs)

WARNING: Using tempo RNAMP parameter: setting TNRedC to 100!
✓ Loaded J1713+0747gbt (32963 TOAs)
✓ Loaded J1719-1438 (6356 TOAs)
✓ Loaded J1730-2304 (4870 TOAs)
✓ Loaded J1738+0333 (8790 TOAs)
✓ Loaded J1741+1351 (5582 TOAs)

WARNING: Using tempo RNAMP parameter: setting TNRedC to 100!
✓ Loaded J1744-1134 (17745 TOAs)

WARNING: Using tempo RNAMP parameter: setting TNRedC to 100!
✓ Loaded J1745+1017 (3017 TOAs)

WARNING: Using tempo RNAMP parameter: setting TNRedC to 100!
✓ Loaded J1747-4036 (11055 TOAs)
✓ Loaded J1751-2857 (2025 TOAs)

WARNING: Using tempo RNAMP parameter: setting TNRedC to 100!
✓ Loaded J1802-2124 (6796 TOAs)
✓ Loaded J1811-2405 (5266 TOAs)
✓ Loaded J1832-0836 (7739 TOAs)
✓ Loaded J1843-1113 (4595 TOAs)

WARNING: Using tempo RNAMP parameter: setting TNRedC to 100!
✓ Loaded J1853+1303 (4570 TOAs)

WARNING: Using tempo RNAMP parameter: setting TNRedC to 100!
✓ Loaded J1903+0327 (6856 TOAs)

WARNING: Using tempo RNAMP parameter: setting TNRedC to 100!
✓ Loaded J1903+0327ao (6423 TOAs)

WARNING: Using tempo RNAMP parameter: setting TNRedC to 100!
✓ Loaded J1909-3744 (35037 TOAs)

WARNING: Using tempo RNAMP parameter: setting TNRedC to 100!
✓ Loaded J1909-3744gbt (31526 TOAs)
✓ Loaded J1910+1256 (6486 TOAs)
✓ Loaded J1911+1347 (3786 TOAs)
✓ Loaded J1918-0642 (18875 TOAs)
✓ Loaded J1923+2515 (3974 TOAs)
✓ Loaded J1944+0907 (5328 TOAs)

WARNING: Using tempo RNAMP parameter: setting TNRedC to 100!
✓ Loaded J1946+3417 (4743 TOAs)
✓ Loaded J2010-1323 (17077 TOAs)
✓ Loaded J2017+0603 (3512 TOAs)
✓ Loaded J2033+1734 (3847 TOAs)
✓ Loaded J2043+1711 (7397 TOAs)
✓ Loaded J2124-3358 (4982 TOAs)

WARNING: Using tempo RNAMP parameter: setting TNRedC to 100!
✓ Loaded J2145-0750 (18675 TOAs)
✓ Loaded J2214+3000 (7406 TOAs)
✓ Loaded J2229+2643 (3711 TOAs)

WARNING: Using tempo RNAMP parameter: setting TNRedC to 100!
✓ Loaded J2234+0611 (3566 TOAs)
✓ Loaded J2234+0944 (7535 TOAs)
✓ Loaded J2302+4442 (10211 TOAs)
✓ Loaded J2317+1439 (13927 TOAs)
✓ Loaded J2322+2057 (3088 TOAs)
⚠ Could not save cache: no default __reduce__ due to non-trivial __cinit__

✓ Loaded 76 pulsars
✗ Failed: 0 — []
[MEM] After loading pulsars: 8883.4 MB

🔍 Filtering pulsars...

Filtered: 76 → 67 pulsars
[MEM] After filtering pulsars: 8884.4 MB
[MEM] After garbage collection: 8884.4 MB

======================================================================
SMBHB POPULATION ANALYSIS
======================================================================

Configuration: pessimistic
  Lower mass, lower spread in distance, large population
  N_binaries: 10000000

======================================================================
CONSISTENT POPULATION SYNTHESIS
======================================================================

======================================================================
GENERATING SNR-CONSISTENT POPULATIONS
======================================================================
Target SNR:          4.0
Simulations:         1
======================================================================


──────────────────────────────────────────────────────────────────────
SIMULATION 1/1
──────────────────────────────────────────────────────────────────────
  [B1855+09] zeroing residuals...
  [B1855+09] adding red noise...
  [B1855+09] white noise for 430_ASP (390 TOAs)...
  [B1855+09] white noise for L-wide_ASP (1178 TOAs)...
  [B1855+09] white noise for L-wide_PUPPI (5005 TOAs)...
  [B1855+09] white noise for 430_PUPPI (1185 TOAs)...
  [B1937+21] zeroing residuals...
  [B1937+21] adding red noise...
  [B1937+21] white noise for Rcvr1_2_GASP (1069 TOAs)...
  [B1937+21] white noise for Rcvr_800_GUPPI (7140 TOAs)...
  [B1937+21] white noise for L-wide_ASP (452 TOAs)...
  [B1937+21] white noise for S-wide_PUPPI (2251 TOAs)...
  [B1937+21] white noise for S-wide_ASP (344 TOAs)...
  [B1937+21] white noise for Rcvr_800_GASP (586 TOAs)...
  [B1937+21] white noise for Rcvr1_2_GUPPI (7048 TOAs)...
  [B1937+21] white noise for L-wide_PUPPI (4133 TOAs)...
  [B1953+29] zeroing residuals...
  [B1953+29] adding red noise...
  [B1953+29] white noise for L-wide_ASP (94 TOAs)...
  [B1953+29] white noise for 430_ASP (29 TOAs)...
  [B1953+29] white noise for S-wide_ASP (25 TOAs)...
  [B1953+29] white noise for L-wide_PUPPI (4037 TOAs)...
  [B1953+29] white noise for 430_PUPPI (941 TOAs)...
  [J0023+0923] zeroing residuals...
  [J0023+0923] adding red noise...
  [J0023+0923] white noise for 430_ASP (90 TOAs)...
  [J0023+0923] white noise for L-wide_ASP (119 TOAs)...
  [J0023+0923] white noise for L-wide_PUPPI (11123 TOAs)...
  [J0023+0923] white noise for 430_PUPPI (4564 TOAs)...
  [J0030+0451] zeroing residuals...
  [J0030+0451] adding red noise...
  [J0030+0451] white noise for L-wide_ASP (789 TOAs)...
  [J0030+0451] white noise for 430_ASP (267 TOAs)...
  [J0030+0451] white noise for S-wide_PUPPI (2673 TOAs)...
  [J0030+0451] white noise for L-wide_PUPPI (12774 TOAs)...
  [J0030+0451] white noise for 430_PUPPI (3068 TOAs)...
  [J0340+4130] zeroing residuals...
  [J0340+4130] adding red noise...
  [J0340+4130] white noise for Rcvr1_2_GUPPI (5037 TOAs)...
  [J0340+4130] white noise for Rcvr_800_GUPPI (6056 TOAs)...
  [J0406+3039] zeroing residuals...
  [J0406+3039] adding red noise...
  [J0406+3039] white noise for S-wide_PUPPI (575 TOAs)...
  [J0406+3039] white noise for L-wide_PUPPI (1871 TOAs)...
  [J0437-4715] zeroing residuals...
  [J0437-4715] adding red noise...
  [J0437-4715] white noise for 1.5GHz_YUPPI (2134 TOAs)...
  [J0437-4715] white noise for 3GHz_YUPPI (3696 TOAs)...
  [J0509+0856] zeroing residuals...
  [J0509+0856] adding red noise...
  [J0509+0856] white noise for S-wide_PUPPI (544 TOAs)...
  [J0509+0856] white noise for L-wide_PUPPI (1625 TOAs)...
  [J0557+1551] zeroing residuals...
  [J0557+1551] adding red noise...
  [J0557+1551] white noise for S-wide_PUPPI (58 TOAs)...
  [J0557+1551] white noise for L-wide_PUPPI (467 TOAs)...
  [J0605+3757] zeroing residuals...
  [J0605+3757] adding red noise...
  [J0605+3757] white noise for Rcvr1_2_GUPPI (318 TOAs)...
  [J0605+3757] white noise for Rcvr_800_GUPPI (236 TOAs)...
  [J0610-2100] zeroing residuals...
  [J0610-2100] adding red noise...
  [J0610-2100] white noise for Rcvr1_2_GUPPI (2401 TOAs)...
  [J0610-2100] white noise for Rcvr_800_GUPPI (2484 TOAs)...
  [J0613-0200] zeroing residuals...
  [J0613-0200] adding red noise...
  [J0613-0200] white noise for Rcvr_800_GASP (809 TOAs)...
  [J0613-0200] white noise for Rcvr1_2_GUPPI (7423 TOAs)...
  [J0613-0200] white noise for Rcvr1_2_GASP (992 TOAs)...
  [J0613-0200] white noise for Rcvr_800_GUPPI (7900 TOAs)...
  [J0636+5128] zeroing residuals...
  [J0636+5128] adding red noise...
  [J0636+5128] white noise for Rcvr1_2_GUPPI (14803 TOAs)...
  [J0636+5128] white noise for Rcvr_800_GUPPI (17419 TOAs)...
  [J0645+5158] zeroing residuals...
  [J0645+5158] adding red noise...
  [J0645+5158] white noise for Rcvr1_2_GUPPI (5721 TOAs)...
  [J0645+5158] white noise for Rcvr_800_GUPPI (4682 TOAs)...
  [J0709+0458] zeroing residuals...
  [J0709+0458] adding red noise...
  [J0709+0458] white noise for S-wide_PUPPI (595 TOAs)...
  [J0709+0458] white noise for L-wide_PUPPI (2435 TOAs)...
  [J0740+6620] zeroing residuals...
  [J0740+6620] adding red noise...
  [J0740+6620] white noise for Rcvr1_2_GUPPI (8265 TOAs)...
  [J0740+6620] white noise for Rcvr_800_GUPPI (5136 TOAs)...
  [J0931-1902] zeroing residuals...
  [J0931-1902] adding red noise...
  [J0931-1902] white noise for Rcvr1_2_GUPPI (2054 TOAs)...
  [J0931-1902] white noise for Rcvr_800_GUPPI (3419 TOAs)...
  [J1012+5307] zeroing residuals...
  [J1012+5307] adding red noise...
  [J1012+5307] white noise for Rcvr_800_GASP (1210 TOAs)...
  [J1012+5307] white noise for Rcvr1_2_GUPPI (12849 TOAs)...
  [J1012+5307] white noise for Rcvr1_2_GASP (1479 TOAs)...
  [J1012+5307] white noise for Rcvr_800_GUPPI (10299 TOAs)...
  [J1012-4235] zeroing residuals...
  [J1012-4235] adding red noise...
  [J1012-4235] white noise for Rcvr1_2_GUPPI (455 TOAs)...
  [J1012-4235] white noise for Rcvr_800_GUPPI (342 TOAs)...
  [J1022+1001] zeroing residuals...
  [J1022+1001] adding red noise...
  [J1022+1001] white noise for S-wide_PUPPI (1154 TOAs)...
  [J1022+1001] white noise for L-wide_PUPPI (2592 TOAs)...
  [J1022+1001] white noise for 430_PUPPI (232 TOAs)...
  [J1024-0719] zeroing residuals...
  [J1024-0719] adding red noise...
  [J1024-0719] white noise for Rcvr_800_GASP (51 TOAs)...
  [J1024-0719] white noise for Rcvr1_2_GUPPI (7086 TOAs)...
  [J1024-0719] white noise for Rcvr1_2_GASP (43 TOAs)...
  [J1024-0719] white noise for Rcvr_800_GUPPI (5455 TOAs)...
  [J1125+7819] zeroing residuals...
  [J1125+7819] adding red noise...
  [J1125+7819] white noise for Rcvr1_2_GUPPI (4016 TOAs)...
  [J1125+7819] white noise for Rcvr_800_GUPPI (4707 TOAs)...
  [J1312+0051] zeroing residuals...
  [J1312+0051] adding red noise...
  [J1312+0051] white noise for S-wide_PUPPI (416 TOAs)...
  [J1312+0051] white noise for L-wide_PUPPI (1289 TOAs)...
  [J1453+1902] zeroing residuals...
  [J1453+1902] adding red noise...
  [J1453+1902] white noise for S-wide_PUPPI (4 TOAs)...
  [J1453+1902] white noise for L-wide_PUPPI (2122 TOAs)...
  [J1453+1902] white noise for 430_PUPPI (425 TOAs)...
  [J1455-3330] zeroing residuals...
  [J1455-3330] adding red noise...
  [J1455-3330] white noise for Rcvr_800_GASP (479 TOAs)...
  [J1455-3330] white noise for Rcvr1_2_GUPPI (4932 TOAs)...
  [J1455-3330] white noise for Rcvr1_2_GASP (564 TOAs)...
  [J1455-3330] white noise for Rcvr_800_GUPPI (4843 TOAs)...
  [J1600-3053] zeroing residuals...
  [J1600-3053] adding red noise...
  [J1600-3053] white noise for Rcvr1_2_GASP (457 TOAs)...
  [J1600-3053] white noise for Rcvr_800_GUPPI (8796 TOAs)...
  [J1600-3053] white noise for 3GHz_YUPPI (3237 TOAs)...
  [J1600-3053] white noise for Rcvr_800_GASP (297 TOAs)...
  [J1600-3053] white noise for Rcvr1_2_GUPPI (10168 TOAs)...
  [J1614-2230] zeroing residuals...
  [J1614-2230] adding red noise...
  [J1614-2230] white noise for Rcvr_800_GASP (84 TOAs)...
  [J1614-2230] white noise for Rcvr1_2_GUPPI (10509 TOAs)...
  [J1614-2230] white noise for Rcvr1_2_GASP (84 TOAs)...
  [J1614-2230] white noise for Rcvr_800_GUPPI (7768 TOAs)...
  [J1630+3734] zeroing residuals...
  [J1630+3734] adding red noise...
  [J1630+3734] white noise for Rcvr1_2_GUPPI (909 TOAs)...
  [J1630+3734] white noise for Rcvr_800_GUPPI (906 TOAs)...
  [J1640+2224] zeroing residuals...
  [J1640+2224] adding red noise...
  [J1640+2224] white noise for 430_ASP (340 TOAs)...
  [J1640+2224] white noise for L-wide_ASP (722 TOAs)...
  [J1640+2224] white noise for L-wide_PUPPI (9847 TOAs)...
  [J1640+2224] white noise for 430_PUPPI (3157 TOAs)...
  [J1643-1224] zeroing residuals...
  [J1643-1224] adding red noise...
  [J1643-1224] white noise for Rcvr1_2_GASP (833 TOAs)...
  [J1643-1224] white noise for Rcvr_800_GUPPI (7734 TOAs)...
  [J1643-1224] white noise for 3GHz_YUPPI (4215 TOAs)...
  [J1643-1224] white noise for Rcvr_800_GASP (559 TOAs)...
  [J1643-1224] white noise for Rcvr1_2_GUPPI (8803 TOAs)...
  [J1705-1903] zeroing residuals...
  [J1705-1903] adding red noise...
  [J1705-1903] white noise for Rcvr1_2_GUPPI (6350 TOAs)...
  [J1705-1903] white noise for Rcvr_800_GUPPI (3521 TOAs)...
  [J1713+0747] zeroing residuals...
  [J1713+0747] adding red noise...
  [J1713+0747] white noise for Rcvr1_2_GASP (1109 TOAs)...
  [J1713+0747] white noise for Rcvr_800_GUPPI (8479 TOAs)...
  [J1713+0747] white noise for Rcvr_800_GASP (1032 TOAs)...
  [J1713+0747] white noise for L-wide_ASP (843 TOAs)...
  [J1713+0747] white noise for 3GHz_YUPPI (3282 TOAs)...
  [J1713+0747] white noise for S-wide_PUPPI (7482 TOAs)...
  [J1713+0747] white noise for S-wide_ASP (624 TOAs)...
  [J1713+0747] white noise for 1.5GHz_YUPPI (1461 TOAs)...
  [J1713+0747] white noise for Rcvr1_2_GUPPI (22334 TOAs)...
  [J1713+0747] white noise for L-wide_PUPPI (12743 TOAs)...
  [J1719-1438] zeroing residuals...
  [J1719-1438] adding red noise...
  [J1719-1438] white noise for Rcvr1_2_GUPPI (2722 TOAs)...
  [J1719-1438] white noise for Rcvr_800_GUPPI (3634 TOAs)...
  [J1730-2304] zeroing residuals...
  [J1730-2304] adding red noise...
  [J1730-2304] white noise for Rcvr1_2_GUPPI (2367 TOAs)...
  [J1730-2304] white noise for Rcvr_800_GUPPI (2503 TOAs)...
  [J1738+0333] zeroing residuals...
  [J1738+0333] adding red noise...
  [J1738+0333] white noise for S-wide_PUPPI (1737 TOAs)...
  [J1738+0333] white noise for L-wide_ASP (201 TOAs)...
  [J1738+0333] white noise for L-wide_PUPPI (6718 TOAs)...
  [J1738+0333] white noise for S-wide_ASP (134 TOAs)...
  [J1741+1351] zeroing residuals...
  [J1741+1351] adding red noise...
  [J1741+1351] white noise for L-wide_ASP (236 TOAs)...
  [J1741+1351] white noise for 430_ASP (27 TOAs)...
  [J1741+1351] white noise for S-wide_ASP (115 TOAs)...
  [J1741+1351] white noise for L-wide_PUPPI (4045 TOAs)...
  [J1741+1351] white noise for 430_PUPPI (1159 TOAs)...
  [J1744-1134] zeroing residuals...
  [J1744-1134] adding red noise...
  [J1744-1134] white noise for Rcvr_800_GASP (930 TOAs)...
  [J1744-1134] white noise for Rcvr1_2_GUPPI (8109 TOAs)...
  [J1744-1134] white noise for Rcvr1_2_GASP (807 TOAs)...
  [J1744-1134] white noise for Rcvr_800_GUPPI (7899 TOAs)...
  [J1745+1017] zeroing residuals...
  [J1745+1017] adding red noise...
  [J1745+1017] white noise for S-wide_PUPPI (838 TOAs)...
  [J1745+1017] white noise for L-wide_PUPPI (2179 TOAs)...
  [J1747-4036] zeroing residuals...
  [J1747-4036] adding red noise...
  [J1747-4036] white noise for Rcvr1_2_GUPPI (5239 TOAs)...
  [J1747-4036] white noise for Rcvr_800_GUPPI (5816 TOAs)...
  [J1751-2857] zeroing residuals...
  [J1751-2857] adding red noise...
  [J1751-2857] white noise for Rcvr1_2_GUPPI (1786 TOAs)...
  [J1751-2857] white noise for Rcvr_800_GUPPI (239 TOAs)...
  [J1802-2124] zeroing residuals...
  [J1802-2124] adding red noise...
  [J1802-2124] white noise for Rcvr1_2_GUPPI (3231 TOAs)...
  [J1802-2124] white noise for Rcvr_800_GUPPI (3565 TOAs)...
  [J1811-2405] zeroing residuals...
  [J1811-2405] adding red noise...
  [J1811-2405] white noise for Rcvr1_2_GUPPI (2638 TOAs)...
  [J1811-2405] white noise for Rcvr_800_GUPPI (2628 TOAs)...
  [J1832-0836] zeroing residuals...
  [J1832-0836] adding red noise...
  [J1832-0836] white noise for Rcvr1_2_GUPPI (4661 TOAs)...
  [J1832-0836] white noise for Rcvr_800_GUPPI (3078 TOAs)...
  [J1843-1113] zeroing residuals...
  [J1843-1113] adding red noise...
  [J1843-1113] white noise for Rcvr1_2_GUPPI (2394 TOAs)...
  [J1843-1113] white noise for Rcvr_800_GUPPI (2201 TOAs)...
  [J1853+1303] zeroing residuals...
  [J1853+1303] adding red noise...
  [J1853+1303] white noise for 430_ASP (24 TOAs)...
  [J1853+1303] white noise for L-wide_ASP (33 TOAs)...
  [J1853+1303] white noise for L-wide_PUPPI (3362 TOAs)...
  [J1853+1303] white noise for 430_PUPPI (1151 TOAs)...
  [J1903+0327] zeroing residuals...
  [J1903+0327] adding red noise...
  [J1903+0327] white noise for L-wide_ASP (139 TOAs)...
  [J1903+0327] white noise for 3GHz_YUPPI (439 TOAs)...
  [J1903+0327] white noise for S-wide_PUPPI (2282 TOAs)...
  [J1903+0327] white noise for S-wide_ASP (151 TOAs)...
  [J1903+0327] white noise for L-wide_PUPPI (3845 TOAs)...
  [J1909-3744] zeroing residuals...
  [J1909-3744] adding red noise...
  [J1909-3744] white noise for Rcvr1_2_GASP (808 TOAs)...
  [J1909-3744] white noise for Rcvr_800_GUPPI (9399 TOAs)...
  [J1909-3744] white noise for 3GHz_YUPPI (3525 TOAs)...
  [J1909-3744] white noise for Rcvr_800_GASP (866 TOAs)...
  [J1909-3744] white noise for Rcvr1_2_GUPPI (20439 TOAs)...
  [J1910+1256] zeroing residuals...
  [J1910+1256] adding red noise...
  [J1910+1256] white noise for S-wide_PUPPI (1857 TOAs)...
  [J1910+1256] white noise for L-wide_ASP (297 TOAs)...
  [J1910+1256] white noise for L-wide_PUPPI (4124 TOAs)...
  [J1910+1256] white noise for S-wide_ASP (208 TOAs)...
  [J1911+1347] zeroing residuals...
  [J1911+1347] adding red noise...
  [J1911+1347] white noise for L-wide_PUPPI (3033 TOAs)...
  [J1911+1347] white noise for 430_PUPPI (753 TOAs)...
  [J1918-0642] zeroing residuals...
  [J1918-0642] adding red noise...
  [J1918-0642] white noise for Rcvr_800_GASP (835 TOAs)...
  [J1918-0642] white noise for Rcvr1_2_GUPPI (8910 TOAs)...
  [J1918-0642] white noise for Rcvr1_2_GASP (778 TOAs)...
  [J1918-0642] white noise for Rcvr_800_GUPPI (8352 TOAs)...
  [J1923+2515] zeroing residuals...
  [J1923+2515] adding red noise...
  [J1923+2515] white noise for 430_ASP (10 TOAs)...
  [J1923+2515] white noise for L-wide_ASP (14 TOAs)...
  [J1923+2515] white noise for L-wide_PUPPI (3028 TOAs)...
  [J1923+2515] white noise for 430_PUPPI (922 TOAs)...
  [J1944+0907] zeroing residuals...
  [J1944+0907] adding red noise...
  [J1944+0907] white noise for L-wide_ASP (257 TOAs)...
  [J1944+0907] white noise for 430_ASP (38 TOAs)...
  [J1944+0907] white noise for S-wide_ASP (116 TOAs)...
  [J1944+0907] white noise for L-wide_PUPPI (3900 TOAs)...
  [J1944+0907] white noise for 430_PUPPI (1017 TOAs)...
  [J1946+3417] zeroing residuals...
  [J1946+3417] adding red noise...
  [J1946+3417] white noise for S-wide_PUPPI (1546 TOAs)...
  [J1946+3417] white noise for L-wide_PUPPI (3197 TOAs)...
  [J2010-1323] zeroing residuals...
  [J2010-1323] adding red noise...
  [J2010-1323] white noise for Rcvr_800_GASP (70 TOAs)...
  [J2010-1323] white noise for Rcvr1_2_GUPPI (7779 TOAs)...
  [J2010-1323] white noise for Rcvr1_2_GASP (70 TOAs)...
  [J2010-1323] white noise for Rcvr_800_GUPPI (9158 TOAs)...
  [J2017+0603] zeroing residuals...
  [J2017+0603] adding red noise...
  [J2017+0603] white noise for S-wide_PUPPI (849 TOAs)...
  [J2017+0603] white noise for L-wide_ASP (16 TOAs)...
  [J2017+0603] white noise for L-wide_PUPPI (2569 TOAs)...
  [J2017+0603] white noise for 430_PUPPI (78 TOAs)...
  [J2033+1734] zeroing residuals...
  [J2033+1734] adding red noise...
  [J2033+1734] white noise for L-wide_PUPPI (3050 TOAs)...
  [J2033+1734] white noise for 430_PUPPI (797 TOAs)...
  [J2043+1711] zeroing residuals...
  [J2043+1711] adding red noise...
  [J2043+1711] white noise for 430_ASP (30 TOAs)...
  [J2043+1711] white noise for L-wide_ASP (40 TOAs)...
  [J2043+1711] white noise for L-wide_PUPPI (4419 TOAs)...
  [J2043+1711] white noise for 430_PUPPI (2908 TOAs)...
  [J2124-3358] zeroing residuals...
  [J2124-3358] adding red noise...
  [J2124-3358] white noise for Rcvr1_2_GUPPI (2957 TOAs)...
  [J2124-3358] white noise for Rcvr_800_GUPPI (2025 TOAs)...
  [J2145-0750] zeroing residuals...
  [J2145-0750] adding red noise...
  [J2145-0750] white noise for Rcvr_800_GASP (362 TOAs)...
  [J2145-0750] white noise for Rcvr1_2_GUPPI (9158 TOAs)...
  [J2145-0750] white noise for Rcvr1_2_GASP (427 TOAs)...
  [J2145-0750] white noise for Rcvr_800_GUPPI (8728 TOAs)...
  [J2214+3000] zeroing residuals...
  [J2214+3000] adding red noise...
  [J2214+3000] white noise for S-wide_PUPPI (1568 TOAs)...
  [J2214+3000] white noise for L-wide_ASP (9 TOAs)...
  [J2214+3000] white noise for L-wide_PUPPI (5829 TOAs)...
  [J2229+2643] zeroing residuals...
  [J2229+2643] adding red noise...
  [J2229+2643] white noise for L-wide_PUPPI (2755 TOAs)...
  [J2229+2643] white noise for 430_PUPPI (956 TOAs)...
  [J2234+0611] zeroing residuals...
  [J2234+0611] adding red noise...
  [J2234+0611] white noise for L-wide_PUPPI (2913 TOAs)...
  [J2234+0611] white noise for 430_PUPPI (653 TOAs)...
  [J2234+0944] zeroing residuals...
  [J2234+0944] adding red noise...
  [J2234+0944] white noise for S-wide_PUPPI (2532 TOAs)...
  [J2234+0944] white noise for L-wide_PUPPI (5003 TOAs)...
  [J2302+4442] zeroing residuals...
  [J2302+4442] adding red noise...
  [J2302+4442] white noise for Rcvr1_2_GUPPI (3779 TOAs)...
  [J2302+4442] white noise for Rcvr_800_GUPPI (6432 TOAs)...
  [J2317+1439] zeroing residuals...
  [J2317+1439] adding red noise...
  [J2317+1439] white noise for 327_PUPPI (276 TOAs)...
  [J2317+1439] white noise for 430_ASP (458 TOAs)...
  [J2317+1439] white noise for 327_ASP (413 TOAs)...
  [J2317+1439] white noise for L-wide_PUPPI (9563 TOAs)...
  [J2317+1439] white noise for 430_PUPPI (3217 TOAs)...
  [J2322+2057] zeroing residuals...
  [J2322+2057] adding red noise...
  [J2322+2057] white noise for S-wide_PUPPI (140 TOAs)...
  [J2322+2057] white noise for L-wide_PUPPI (2196 TOAs)...
  [J2322+2057] white noise for 430_PUPPI (752 TOAs)...
Resetting pulsars to clean stoas...
Restore: 0.01 s
Inject: 0.00 s
Snapshotting into enterprise Pulsar objects...
Building PTA...
PTA build: 449.29 s
Computing optimal statistic...
OS time: 45.99 s
Total: 495.29 s
Noise-only SNR baseline: 0.1531

Generating SNR-consistent population...
Target SNR: 4.0
Resetting pulsars to clean stoas...
Restore: 0.01 s
Injecting population...
  B1855+09: RMS = 1211.803 ns
  B1937+21: RMS = 729.874 ns
  B1953+29: RMS = 363.099 ns
  J0023+0923: RMS = 1585.641 ns
  J0030+0451: RMS = 808.790 ns
  J0340+4130: RMS = 542.041 ns
  J0406+3039: RMS = 1254.276 ns
  J0437-4715: RMS = 1009.312 ns
  J0509+0856: RMS = 508.579 ns
  J0557+1551: RMS = 519.968 ns
  J0605+3757: RMS = 475.153 ns
  J0610-2100: RMS = 183.018 ns
  J0613-0200: RMS = 1109.179 ns
  J0636+5128: RMS = 532.468 ns
  J0645+5158: RMS = 530.972 ns
  J0709+0458: RMS = 1048.171 ns
  J0740+6620: RMS = 898.914 ns
  J0931-1902: RMS = 641.265 ns
  J1012+5307: RMS = 2307.789 ns
  J1012-4235: RMS = 1306.938 ns
  J1022+1001: RMS = 2032.364 ns
  J1024-0719: RMS = 1501.755 ns
  J1125+7819: RMS = 1454.501 ns
  J1312+0051: RMS = 333.904 ns
  J1453+1902: RMS = 1721.619 ns
  J1455-3330: RMS = 1095.218 ns
  J1600-3053: RMS = 842.020 ns
  J1614-2230: RMS = 1234.362 ns
  J1630+3734: RMS = 941.391 ns
  J1640+2224: RMS = 763.396 ns
  J1643-1224: RMS = 878.985 ns
  J1705-1903: RMS = 222.457 ns
  J1713+0747: RMS = 909.727 ns
  J1719-1438: RMS = 85.789 ns
  J1730-2304: RMS = 347.293 ns
  J1738+0333: RMS = 800.504 ns
  J1741+1351: RMS = 951.355 ns
  J1744-1134: RMS = 820.230 ns
  J1745+1017: RMS = 1318.510 ns
  J1747-4036: RMS = 753.855 ns
  J1751-2857: RMS = 573.028 ns
  J1802-2124: RMS = 450.252 ns
  J1811-2405: RMS = 463.837 ns
  J1832-0836: RMS = 1092.246 ns
  J1843-1113: RMS = 1064.132 ns
  J1853+1303: RMS = 799.182 ns
  J1903+0327: RMS = 1071.019 ns
  J1909-3744: RMS = 710.765 ns
  J1910+1256: RMS = 761.068 ns
  J1911+1347: RMS = 1293.322 ns
  J1918-0642: RMS = 1738.202 ns
  J1923+2515: RMS = 535.219 ns
  J1944+0907: RMS = 1531.867 ns
  J1946+3417: RMS = 348.041 ns
  J2010-1323: RMS = 2155.824 ns
  J2017+0603: RMS = 2353.691 ns
  J2033+1734: RMS = 2166.758 ns
  J2043+1711: RMS = 1334.906 ns
  J2124-3358: RMS = 625.740 ns
  J2145-0750: RMS = 1920.231 ns
  J2214+3000: RMS = 1279.360 ns
  J2229+2643: RMS = 1396.438 ns
  J2234+0611: RMS = 1141.266 ns
  J2234+0944: RMS = 1311.288 ns
  J2302+4442: RMS = 1083.344 ns
  J2317+1439: RMS = 1228.745 ns
  J2322+2057: RMS = 1363.605 ns
Inject: 158.51 s
Snapshotting into enterprise Pulsar objects...
Building PTA...
PTA build: 449.91 s
Computing optimal statistic...
OS time: 46.75 s
Total: 655.18 s
Initial SNR: 8.7824, Target SNR: 4.0000
  Initial SNR 8.7824 outside of provided SNR_range [3.5, 4.25] — rescaling.
Scaling distances by factor 1.4977 to achieve target SNR...
Resetting pulsars to clean stoas...
Restore: 0.00 s
Injecting population...
  B1855+09: RMS = 809.094 ns
  B1937+21: RMS = 487.321 ns
  B1953+29: RMS = 242.433 ns
  J0023+0923: RMS = 1058.697 ns
  J0030+0451: RMS = 540.011 ns
  J0340+4130: RMS = 361.909 ns
  J0406+3039: RMS = 837.452 ns
  J0437-4715: RMS = 673.895 ns
  J0509+0856: RMS = 339.567 ns
  J0557+1551: RMS = 347.171 ns
  J0605+3757: RMS = 317.249 ns
  J0610-2100: RMS = 122.197 ns
  J0613-0200: RMS = 740.574 ns
  J0636+5128: RMS = 355.517 ns
  J0645+5158: RMS = 354.518 ns
  J0709+0458: RMS = 699.840 ns
  J0740+6620: RMS = 600.185 ns
  J0931-1902: RMS = 428.159 ns
  J1012+5307: RMS = 1540.860 ns
  J1012-4235: RMS = 872.614 ns
  J1022+1001: RMS = 1356.965 ns
  J1024-0719: RMS = 1002.688 ns
  J1125+7819: RMS = 971.138 ns
  J1312+0051: RMS = 222.940 ns
  J1453+1902: RMS = 1149.487 ns
  J1455-3330: RMS = 731.253 ns
  J1600-3053: RMS = 562.198 ns
  J1614-2230: RMS = 824.156 ns
  J1630+3734: RMS = 628.546 ns
  J1640+2224: RMS = 509.702 ns
  J1643-1224: RMS = 586.879 ns
  J1705-1903: RMS = 148.529 ns
  J1713+0747: RMS = 607.405 ns
  J1719-1438: RMS = 57.280 ns
  J1730-2304: RMS = 231.880 ns
  J1738+0333: RMS = 534.479 ns
  J1741+1351: RMS = 635.199 ns
  J1744-1134: RMS = 547.650 ns
  J1745+1017: RMS = 880.340 ns
  J1747-4036: RMS = 503.332 ns
  J1751-2857: RMS = 382.598 ns
  J1802-2124: RMS = 300.623 ns
  J1811-2405: RMS = 309.694 ns
  J1832-0836: RMS = 729.268 ns
  J1843-1113: RMS = 710.498 ns
  J1853+1303: RMS = 533.596 ns
  J1903+0327: RMS = 715.096 ns
  J1909-3744: RMS = 474.562 ns
  J1910+1256: RMS = 508.148 ns
  J1911+1347: RMS = 863.523 ns
  J1918-0642: RMS = 1160.559 ns
  J1923+2515: RMS = 357.354 ns
  J1944+0907: RMS = 1022.794 ns
  J1946+3417: RMS = 232.379 ns
  J2010-1323: RMS = 1439.396 ns
  J2017+0603: RMS = 1571.507 ns
  J2033+1734: RMS = 1446.696 ns
  J2043+1711: RMS = 891.287 ns
  J2124-3358: RMS = 417.793 ns
  J2145-0750: RMS = 1282.096 ns
  J2214+3000: RMS = 854.200 ns
  J2229+2643: RMS = 932.371 ns
  J2234+0611: RMS = 761.998 ns
  J2234+0944: RMS = 875.518 ns
  J2302+4442: RMS = 723.325 ns
  J2317+1439: RMS = 820.406 ns
  J2322+2057: RMS = 910.449 ns
Inject: 175.93 s
Snapshotting into enterprise Pulsar objects...
Building PTA...
PTA build: 458.06 s
Computing optimal statistic...
OS time: 47.20 s
Total: 681.18 s
  SNR 4.3303 outside of provided SNR_range [3.5, 4.25] — rescaling.
[Iteration 1/4] SNR after scaling: 4.3303 (target: 4.0000)
  SNR history: it0→8.7824@1.0000x, it1→4.3303@1.4977x
  Re-scaling distances by factor 1.0469  (cumulative after: 1.5680×)
Resetting pulsars to clean stoas...
Restore: 0.01 s
Injecting population...
  B1855+09: RMS = 772.823 ns
  B1937+21: RMS = 465.475 ns
  B1953+29: RMS = 231.565 ns
  J0023+0923: RMS = 1011.237 ns
  J0030+0451: RMS = 515.803 ns
  J0340+4130: RMS = 345.685 ns
  J0406+3039: RMS = 799.910 ns
  J0437-4715: RMS = 643.685 ns
  J0509+0856: RMS = 324.344 ns
  J0557+1551: RMS = 331.608 ns
  J0605+3757: RMS = 303.027 ns
  J0610-2100: RMS = 116.719 ns
  J0613-0200: RMS = 707.375 ns
  J0636+5128: RMS = 339.580 ns
  J0645+5158: RMS = 338.625 ns
  J0709+0458: RMS = 668.467 ns
  J0740+6620: RMS = 573.280 ns
  J0931-1902: RMS = 408.965 ns
  J1012+5307: RMS = 1471.785 ns
  J1012-4235: RMS = 833.495 ns
  J1022+1001: RMS = 1296.133 ns
  J1024-0719: RMS = 957.739 ns
  J1125+7819: RMS = 927.603 ns
  J1312+0051: RMS = 212.946 ns
  J1453+1902: RMS = 1097.957 ns
  J1455-3330: RMS = 698.471 ns
  J1600-3053: RMS = 536.995 ns
  J1614-2230: RMS = 787.210 ns
  J1630+3734: RMS = 600.369 ns
  J1640+2224: RMS = 486.853 ns
  J1643-1224: RMS = 560.569 ns
  J1705-1903: RMS = 141.871 ns
  J1713+0747: RMS = 580.175 ns
  J1719-1438: RMS = 54.712 ns
  J1730-2304: RMS = 221.485 ns
  J1738+0333: RMS = 510.519 ns
  J1741+1351: RMS = 606.723 ns
  J1744-1134: RMS = 523.099 ns
  J1745+1017: RMS = 840.875 ns
  J1747-4036: RMS = 480.769 ns
  J1751-2857: RMS = 365.447 ns
  J1802-2124: RMS = 287.147 ns
  J1811-2405: RMS = 295.811 ns
  J1832-0836: RMS = 696.576 ns
  J1843-1113: RMS = 678.647 ns
  J1853+1303: RMS = 509.676 ns
  J1903+0327: RMS = 683.039 ns
  J1909-3744: RMS = 453.288 ns
  J1910+1256: RMS = 485.368 ns
  J1911+1347: RMS = 824.812 ns
  J1918-0642: RMS = 1108.533 ns
  J1923+2515: RMS = 341.334 ns
  J1944+0907: RMS = 976.943 ns
  J1946+3417: RMS = 221.962 ns
  J2010-1323: RMS = 1374.869 ns
  J2017+0603: RMS = 1501.058 ns
  J2033+1734: RMS = 1381.842 ns
  J2043+1711: RMS = 851.332 ns
  J2124-3358: RMS = 399.064 ns
  J2145-0750: RMS = 1224.621 ns
  J2214+3000: RMS = 815.908 ns
  J2229+2643: RMS = 890.573 ns
  J2234+0611: RMS = 727.838 ns
  J2234+0944: RMS = 836.269 ns
  J2302+4442: RMS = 690.899 ns
  J2317+1439: RMS = 783.628 ns
  J2322+2057: RMS = 869.635 ns
Inject: 158.77 s
Snapshotting into enterprise Pulsar objects...
Building PTA...
PTA build: 451.55 s
Computing optimal statistic...
OS time: 52.11 s
Total: 662.43 s
  ✓ SNR is within the provided SNR_range: 4.0062 ∈ [3.5, 4.25]

Final SNR history:
  it 0: cumulative_scale=1.0000×  SNR=8.7824
  it 1: cumulative_scale=1.4977×  SNR=4.3303
  it 2: cumulative_scale=1.5680×  SNR=4.0062
✓ Simulation 1 done (2036.4 s)

======================================================================
ENSEMBLE SUMMARY
======================================================================
Success rate: 100.0% (1/1)

Binaries per population:
  Mean ± std : 10000000 ± 0
  Range      : [10000000, 10000000]

SNR achieved:
  Mean ± std : 4.0062 ± 0.0000
  Range      : [4.0062, 4.0062]

Total time: 2577.1 s (43.0 min)
======================================================================

💾 Saved: data/2026-04-29/pessimistic_run_241/consistent_population_pessimistic_targetSNR4.25_sims1.json
💾 Saved compressed pickle: data/2026-04-29/pessimistic_run_241/consistent_population_pessimistic_targetSNR4.25_sims1.pkl.gz

======================================================================
CONTINUOUS WAVE SNR ANALYSIS
======================================================================

--- Population 1 ---
Precomputation of phiinvs, TNTs, Ts, Nvecs, Sigmas took 0.04 seconds.
Total SNR computation for population took 348.02 seconds.
Top 50 CGW candidates:
   1. proxy_rank=   6  sky_w=1.34  f=8.92e-09 Hz  Mc=2.99e+09 Msun  h0=4.19e-15  SNR=4.496
   2. proxy_rank= 151  sky_w=1.19  f=1.19e-08 Hz  Mc=7.02e+09 Msun  h0=2.18e-15  SNR=3.626
   3. proxy_rank= 619  sky_w=1.26  f=1.37e-08 Hz  Mc=5.69e+09 Msun  h0=1.53e-15  SNR=3.006
   4. proxy_rank= 148  sky_w=1.20  f=6.41e-09 Hz  Mc=1.72e+09 Msun  h0=1.17e-15  SNR=1.582
   5. proxy_rank= 823  sky_w=1.54  f=8.52e-09 Hz  Mc=4.18e+09 Msun  h0=7.12e-16  SNR=1.539
   6. proxy_rank= 648  sky_w=1.58  f=8.62e-09 Hz  Mc=2.83e+09 Msun  h0=7.53e-16  SNR=1.500
   7. proxy_rank= 109  sky_w=1.48  f=5.59e-09 Hz  Mc=2.47e+09 Msun  h0=9.20e-16  SNR=1.318
   8. proxy_rank= 266  sky_w=0.99  f=9.16e-09 Hz  Mc=3.41e+09 Msun  h0=1.72e-15  SNR=1.159
   9. proxy_rank=   4  sky_w=1.24  f=2.97e-09 Hz  Mc=4.11e+09 Msun  h0=1.67e-15  SNR=1.143
  10. proxy_rank= 184  sky_w=1.15  f=9.86e-09 Hz  Mc=3.42e+09 Msun  h0=1.78e-15  SNR=1.036
  11. proxy_rank= 515  sky_w=1.02  f=6.16e-09 Hz  Mc=3.72e+09 Msun  h0=9.02e-16  SNR=0.977
  12. proxy_rank=  34  sky_w=1.62  f=4.07e-09 Hz  Mc=6.20e+09 Msun  h0=8.67e-16  SNR=0.976
  13. proxy_rank= 130  sky_w=1.60  f=5.46e-09 Hz  Mc=4.72e+09 Msun  h0=7.76e-16  SNR=0.968
  14. proxy_rank=  10  sky_w=1.43  f=3.79e-09 Hz  Mc=3.81e+09 Msun  h0=1.25e-15  SNR=0.965
  15. proxy_rank= 963  sky_w=1.61  f=6.80e-09 Hz  Mc=3.33e+09 Msun  h0=5.15e-16  SNR=0.950
  16. proxy_rank= 376  sky_w=1.55  f=6.14e-09 Hz  Mc=4.06e+09 Msun  h0=6.55e-16  SNR=0.931
  17. proxy_rank= 214  sky_w=1.53  f=4.68e-09 Hz  Mc=4.69e+09 Msun  h0=6.03e-16  SNR=0.916
  18. proxy_rank= 449  sky_w=0.73  f=5.57e-09 Hz  Mc=5.48e+09 Msun  h0=1.19e-15  SNR=0.914
  19. proxy_rank= 228  sky_w=1.11  f=4.56e-09 Hz  Mc=1.55e+09 Msun  h0=8.03e-16  SNR=0.880
  20. proxy_rank=  77  sky_w=0.91  f=4.52e-09 Hz  Mc=5.23e+09 Msun  h0=1.37e-15  SNR=0.838
  21. proxy_rank= 229  sky_w=1.29  f=4.39e-09 Hz  Mc=3.40e+09 Msun  h0=6.65e-16  SNR=0.836
  22. proxy_rank=  62  sky_w=1.22  f=3.51e-09 Hz  Mc=3.14e+09 Msun  h0=8.74e-16  SNR=0.833
  23. proxy_rank=  21  sky_w=1.44  f=3.16e-09 Hz  Mc=7.00e+09 Msun  h0=8.39e-16  SNR=0.832
  24. proxy_rank= 174  sky_w=1.42  f=4.78e-09 Hz  Mc=4.40e+09 Msun  h0=7.11e-16  SNR=0.831
  25. proxy_rank= 181  sky_w=1.43  f=4.38e-09 Hz  Mc=4.67e+09 Msun  h0=6.43e-16  SNR=0.815
  26. proxy_rank= 772  sky_w=0.83  f=5.69e-09 Hz  Mc=5.63e+09 Msun  h0=9.02e-16  SNR=0.789
  27. proxy_rank=  96  sky_w=0.97  f=3.90e-09 Hz  Mc=6.97e+09 Msun  h0=1.02e-15  SNR=0.782
  28. proxy_rank=  49  sky_w=1.24  f=3.56e-09 Hz  Mc=6.86e+09 Msun  h0=9.14e-16  SNR=0.775
  29. proxy_rank= 730  sky_w=0.73  f=6.72e-09 Hz  Mc=3.25e+09 Msun  h0=1.23e-15  SNR=0.739
  30. proxy_rank= 251  sky_w=1.17  f=4.31e-09 Hz  Mc=2.05e+09 Msun  h0=6.98e-16  SNR=0.724
  31. proxy_rank= 503  sky_w=1.50  f=4.80e-09 Hz  Mc=3.19e+09 Msun  h0=4.81e-16  SNR=0.704
  32. proxy_rank=   1  sky_w=1.22  f=2.39e-09 Hz  Mc=2.27e+09 Msun  h0=1.70e-15  SNR=0.701
  33. proxy_rank= 241  sky_w=0.83  f=3.99e-09 Hz  Mc=4.45e+09 Msun  h0=9.20e-16  SNR=0.698
  34. proxy_rank=  24  sky_w=1.50  f=3.50e-09 Hz  Mc=2.85e+09 Msun  h0=8.82e-16  SNR=0.697
  35. proxy_rank= 545  sky_w=1.48  f=7.99e-09 Hz  Mc=3.82e+09 Msun  h0=7.89e-16  SNR=0.682
  36. proxy_rank= 547  sky_w=0.56  f=4.48e-09 Hz  Mc=2.81e+09 Msun  h0=1.17e-15  SNR=0.678
  37. proxy_rank= 575  sky_w=1.41  f=4.78e-09 Hz  Mc=4.13e+09 Msun  h0=4.85e-16  SNR=0.671
  38. proxy_rank=  66  sky_w=0.55  f=4.52e-09 Hz  Mc=9.37e+08 Msun  h0=2.42e-15  SNR=0.660
  39. proxy_rank= 643  sky_w=1.53  f=4.78e-09 Hz  Mc=3.32e+09 Msun  h0=4.33e-16  SNR=0.658
  40. proxy_rank= 756  sky_w=1.62  f=4.82e-09 Hz  Mc=3.72e+09 Msun  h0=3.93e-16  SNR=0.657
  41. proxy_rank= 333  sky_w=1.23  f=4.28e-09 Hz  Mc=1.63e+09 Msun  h0=6.03e-16  SNR=0.657
  42. proxy_rank= 124  sky_w=1.10  f=3.49e-09 Hz  Mc=5.62e+09 Msun  h0=7.31e-16  SNR=0.634
  43. proxy_rank= 438  sky_w=1.49  f=4.16e-09 Hz  Mc=4.31e+09 Msun  h0=4.42e-16  SNR=0.620
  44. proxy_rank= 576  sky_w=1.40  f=4.49e-09 Hz  Mc=4.09e+09 Msun  h0=4.60e-16  SNR=0.616
  45. proxy_rank=  91  sky_w=1.34  f=3.43e-09 Hz  Mc=2.86e+09 Msun  h0=6.69e-16  SNR=0.614
  46. proxy_rank= 273  sky_w=1.55  f=3.91e-09 Hz  Mc=4.16e+09 Msun  h0=4.63e-16  SNR=0.613
  47. proxy_rank= 459  sky_w=1.19  f=5.05e-09 Hz  Mc=3.53e+09 Msun  h0=6.57e-16  SNR=0.610
  48. proxy_rank= 836  sky_w=1.50  f=7.62e-09 Hz  Mc=2.89e+09 Msun  h0=6.51e-16  SNR=0.603
  49. proxy_rank=  80  sky_w=1.55  f=3.36e-09 Hz  Mc=2.19e+09 Msun  h0=5.92e-16  SNR=0.599
  50. proxy_rank= 488  sky_w=1.48  f=4.21e-09 Hz  Mc=3.31e+09 Msun  h0=4.31e-16  SNR=0.596
💾 Saved: data/2026-04-29/pessimistic_run_241/consistent_population_pessimistic_targetSNR4.25_sims1.json
💾 Saved compressed pickle: data/2026-04-29/pessimistic_run_241/consistent_population_pessimistic_targetSNR4.25_sims1.pkl.gz
Saved to figures/cgw_analysis_pessimistic.pdf

======================================================================
ANALYSIS COMPLETE
Results saved to: data/2026-04-29/pessimistic_run_241
======================================================================

==========================================
Job finished at: Wed Apr 29 16:04:57 AEST 2026
Exit code: 0
==========================================

+------------------ Job Report: 11740930 (COMPLETED) ------------------+
| Memory (RAM)  [#################   ] 89.3% (35.7 GB peak / 40 GB)    |
| CPU           [#################   ] 88.5% average                   |
| Time          [------------->      ] 65.9% (0-00:56:00 / 0-01:25:00) |
|                                                                      |
| Lustre Filesystem:                                                   |
|   Path    Total Read    Total Write    Total IOPS                    |
|   ------  ------------  -------------  ------------                  |
|   /apps   0 B           0 B            428                           |
|   /fred   0 B           6.7 MB         132                           |
|   /home   0 B           0 B            2.4 K                         |
|   OS      0 B           0 B            2                             |
|                                                                      |
| Warnings:                                                            |
|   - Too much time requested                                          |
+----------------------------------------------------------------------+
