==========================================
Job ID: 11735307
Job Name: smbhb_pessimistic
Node: dave310
Start Time: Wed Apr 29 11:13:19 AEST 2026
==========================================

/home/bhoulden/.conda/envs/smbhb312/share/tempo2
Working directory: /fred/oz005/users/bhoulden/SMBHB_population_injections

Loaded modules:

Starting SMBHB analysis...
==========================================

📁 Save directory: data/2026-04-29/pessimistic_run_69
📝 Run name: pessimistic_run_69

[MEM] Start: 244.1 MB

📡 Loading pulsars...
======================================================================
LOADING NANOGRAV PULSARS (libstempo)
======================================================================

📦 Loading from cache: nanograv_pulsars_cache.pkl
⚠ Cache load failed: Ran out of input
[DEBUG] Found 76 .par files
[tempo2Util.C:396] Warning: [MISC1] Unknown parameter in par file:  DMDATA
[tempo2Util.C:401] Warning: [DUP1] duplicated warnings have been suppressed.

WARNING: Using tempo RNAMP parameter: setting TNRedC to 100!
[observatory.C:271] Warning: Assuming site 'arecibo' means 'ao'
✓ Loaded B1855+09 (7758 TOAs)

WARNING: Using tempo RNAMP parameter: setting TNRedC to 100!
✓ Loaded B1937+21 (23023 TOAs)

WARNING: Using tempo RNAMP parameter: setting TNRedC to 100!
✓ Loaded B1937+21ao (7241 TOAs)

WARNING: Using tempo RNAMP parameter: setting TNRedC to 100!
✓ Loaded B1937+21gbt (16048 TOAs)

WARNING: Using tempo RNAMP parameter: setting TNRedC to 100!
✓ Loaded B1953+29 (5126 TOAs)
✓ Loaded J0023+0923 (15896 TOAs)

WARNING: Using tempo RNAMP parameter: setting TNRedC to 100!
✓ Loaded J0030+0451 (19571 TOAs)
✓ Loaded J0340+4130 (11093 TOAs)
✓ Loaded J0406+3039 (2446 TOAs)

WARNING: Using tempo RNAMP parameter: setting TNRedC to 100!
✓ Loaded J0437-4715 (5830 TOAs)
✓ Loaded J0509+0856 (2169 TOAs)
✓ Loaded J0557+1551 (525 TOAs)
✓ Loaded J0605+3757 (554 TOAs)

WARNING: Using tempo RNAMP parameter: setting TNRedC to 100!
✓ Loaded J0610-2100 (4885 TOAs)

WARNING: Using tempo RNAMP parameter: setting TNRedC to 100!
✓ Loaded J0613-0200 (17124 TOAs)
✓ Loaded J0614-3329 (1714 TOAs)
✓ Loaded J0636+5128 (32222 TOAs)
✓ Loaded J0645+5158 (10403 TOAs)
✓ Loaded J0709+0458 (3030 TOAs)
✓ Loaded J0740+6620 (13401 TOAs)
✓ Loaded J0931-1902 (5473 TOAs)

WARNING: Using tempo RNAMP parameter: setting TNRedC to 100!
✓ Loaded J1012+5307 (25837 TOAs)
✓ Loaded J1012-4235 (797 TOAs)
✓ Loaded J1022+1001 (3978 TOAs)
✓ Loaded J1024-0719 (12635 TOAs)
✓ Loaded J1125+7819 (8723 TOAs)
✓ Loaded J1312+0051 (1705 TOAs)
✓ Loaded J1453+1902 (2551 TOAs)
✓ Loaded J1455-3330 (10818 TOAs)

WARNING: Using tempo RNAMP parameter: setting TNRedC to 100!
✓ Loaded J1600-3053 (22955 TOAs)

WARNING: Using tempo RNAMP parameter: setting TNRedC to 100!
✓ Loaded J1600-3053gbt (19725 TOAs)

WARNING: Using tempo RNAMP parameter: setting TNRedC to 100!
✓ Loaded J1614-2230 (18445 TOAs)
✓ Loaded J1630+3734 (1815 TOAs)
✓ Loaded J1640+2224 (14066 TOAs)

WARNING: Using tempo RNAMP parameter: setting TNRedC to 100!
✓ Loaded J1643-1224 (22144 TOAs)

WARNING: Using tempo RNAMP parameter: setting TNRedC to 100!
✓ Loaded J1643-1224gbt (17932 TOAs)

WARNING: Using tempo RNAMP parameter: setting TNRedC to 100!
✓ Loaded J1705-1903 (9871 TOAs)

WARNING: Using tempo RNAMP parameter: setting TNRedC to 100!
✓ Loaded J1713+0747 (59389 TOAs)

WARNING: Using tempo RNAMP parameter: setting TNRedC to 100!
✓ Loaded J1713+0747ao (21362 TOAs)

WARNING: Using tempo RNAMP parameter: setting TNRedC to 100!
✓ Loaded J1713+0747gbt (32963 TOAs)
✓ Loaded J1719-1438 (6356 TOAs)
✓ Loaded J1730-2304 (4870 TOAs)
✓ Loaded J1738+0333 (8790 TOAs)
✓ Loaded J1741+1351 (5582 TOAs)

WARNING: Using tempo RNAMP parameter: setting TNRedC to 100!
✓ Loaded J1744-1134 (17745 TOAs)

WARNING: Using tempo RNAMP parameter: setting TNRedC to 100!
✓ Loaded J1745+1017 (3017 TOAs)

WARNING: Using tempo RNAMP parameter: setting TNRedC to 100!
✓ Loaded J1747-4036 (11055 TOAs)
✓ Loaded J1751-2857 (2025 TOAs)

WARNING: Using tempo RNAMP parameter: setting TNRedC to 100!
✓ Loaded J1802-2124 (6796 TOAs)
✓ Loaded J1811-2405 (5266 TOAs)
✓ Loaded J1832-0836 (7739 TOAs)
✓ Loaded J1843-1113 (4595 TOAs)

WARNING: Using tempo RNAMP parameter: setting TNRedC to 100!
✓ Loaded J1853+1303 (4570 TOAs)

WARNING: Using tempo RNAMP parameter: setting TNRedC to 100!
✓ Loaded J1903+0327 (6856 TOAs)

WARNING: Using tempo RNAMP parameter: setting TNRedC to 100!
✓ Loaded J1903+0327ao (6423 TOAs)

WARNING: Using tempo RNAMP parameter: setting TNRedC to 100!
✓ Loaded J1909-3744 (35037 TOAs)

WARNING: Using tempo RNAMP parameter: setting TNRedC to 100!
✓ Loaded J1909-3744gbt (31526 TOAs)
✓ Loaded J1910+1256 (6486 TOAs)
✓ Loaded J1911+1347 (3786 TOAs)
✓ Loaded J1918-0642 (18875 TOAs)
✓ Loaded J1923+2515 (3974 TOAs)
✓ Loaded J1944+0907 (5328 TOAs)

WARNING: Using tempo RNAMP parameter: setting TNRedC to 100!
✓ Loaded J1946+3417 (4743 TOAs)
✓ Loaded J2010-1323 (17077 TOAs)
✓ Loaded J2017+0603 (3512 TOAs)
✓ Loaded J2033+1734 (3847 TOAs)
✓ Loaded J2043+1711 (7397 TOAs)
✓ Loaded J2124-3358 (4982 TOAs)

WARNING: Using tempo RNAMP parameter: setting TNRedC to 100!
✓ Loaded J2145-0750 (18675 TOAs)
✓ Loaded J2214+3000 (7406 TOAs)
✓ Loaded J2229+2643 (3711 TOAs)

WARNING: Using tempo RNAMP parameter: setting TNRedC to 100!
✓ Loaded J2234+0611 (3566 TOAs)
✓ Loaded J2234+0944 (7535 TOAs)
✓ Loaded J2302+4442 (10211 TOAs)
✓ Loaded J2317+1439 (13927 TOAs)
✓ Loaded J2322+2057 (3088 TOAs)
⚠ Could not save cache: no default __reduce__ due to non-trivial __cinit__

✓ Loaded 76 pulsars
✗ Failed: 0 — []
[MEM] After loading pulsars: 8874.6 MB

🔍 Filtering pulsars...

Filtered: 76 → 67 pulsars
[MEM] After filtering pulsars: 8876.9 MB
[MEM] After garbage collection: 8877.1 MB

======================================================================
SMBHB POPULATION ANALYSIS
======================================================================

Configuration: pessimistic
  Lower mass, lower spread in distance, large population
  N_binaries: 10000000

======================================================================
CONSISTENT POPULATION SYNTHESIS
======================================================================

======================================================================
GENERATING SNR-CONSISTENT POPULATIONS
======================================================================
Target SNR:          4.0
Simulations:         1
======================================================================


──────────────────────────────────────────────────────────────────────
SIMULATION 1/1
──────────────────────────────────────────────────────────────────────
  [B1855+09] zeroing residuals...
  [B1855+09] adding red noise...
  [B1855+09] white noise for L-wide_PUPPI (5005 TOAs)...
  [B1855+09] white noise for L-wide_ASP (1178 TOAs)...
  [B1855+09] white noise for 430_PUPPI (1185 TOAs)...
  [B1855+09] white noise for 430_ASP (390 TOAs)...
  [B1937+21] zeroing residuals...
  [B1937+21] adding red noise...
  [B1937+21] white noise for L-wide_PUPPI (4133 TOAs)...
  [B1937+21] white noise for Rcvr1_2_GUPPI (7048 TOAs)...
  [B1937+21] white noise for S-wide_ASP (344 TOAs)...
  [B1937+21] white noise for Rcvr1_2_GASP (1069 TOAs)...
  [B1937+21] white noise for Rcvr_800_GUPPI (7140 TOAs)...
  [B1937+21] white noise for Rcvr_800_GASP (586 TOAs)...
  [B1937+21] white noise for L-wide_ASP (452 TOAs)...
  [B1937+21] white noise for S-wide_PUPPI (2251 TOAs)...
  [B1953+29] zeroing residuals...
  [B1953+29] adding red noise...
  [B1953+29] white noise for L-wide_PUPPI (4037 TOAs)...
  [B1953+29] white noise for 430_PUPPI (941 TOAs)...
  [B1953+29] white noise for 430_ASP (29 TOAs)...
  [B1953+29] white noise for S-wide_ASP (25 TOAs)...
  [B1953+29] white noise for L-wide_ASP (94 TOAs)...
  [J0023+0923] zeroing residuals...
  [J0023+0923] adding red noise...
  [J0023+0923] white noise for L-wide_PUPPI (11123 TOAs)...
  [J0023+0923] white noise for L-wide_ASP (119 TOAs)...
  [J0023+0923] white noise for 430_PUPPI (4564 TOAs)...
  [J0023+0923] white noise for 430_ASP (90 TOAs)...
  [J0030+0451] zeroing residuals...
  [J0030+0451] adding red noise...
  [J0030+0451] white noise for L-wide_PUPPI (12774 TOAs)...
  [J0030+0451] white noise for 430_PUPPI (3068 TOAs)...
  [J0030+0451] white noise for 430_ASP (267 TOAs)...
  [J0030+0451] white noise for L-wide_ASP (789 TOAs)...
  [J0030+0451] white noise for S-wide_PUPPI (2673 TOAs)...
  [J0340+4130] zeroing residuals...
  [J0340+4130] adding red noise...
  [J0340+4130] white noise for Rcvr1_2_GUPPI (5037 TOAs)...
  [J0340+4130] white noise for Rcvr_800_GUPPI (6056 TOAs)...
  [J0406+3039] zeroing residuals...
  [J0406+3039] adding red noise...
  [J0406+3039] white noise for L-wide_PUPPI (1871 TOAs)...
  [J0406+3039] white noise for S-wide_PUPPI (575 TOAs)...
  [J0437-4715] zeroing residuals...
  [J0437-4715] adding red noise...
  [J0437-4715] white noise for 1.5GHz_YUPPI (2134 TOAs)...
  [J0437-4715] white noise for 3GHz_YUPPI (3696 TOAs)...
  [J0509+0856] zeroing residuals...
  [J0509+0856] adding red noise...
  [J0509+0856] white noise for L-wide_PUPPI (1625 TOAs)...
  [J0509+0856] white noise for S-wide_PUPPI (544 TOAs)...
  [J0557+1551] zeroing residuals...
  [J0557+1551] adding red noise...
  [J0557+1551] white noise for L-wide_PUPPI (467 TOAs)...
  [J0557+1551] white noise for S-wide_PUPPI (58 TOAs)...
  [J0605+3757] zeroing residuals...
  [J0605+3757] adding red noise...
  [J0605+3757] white noise for Rcvr1_2_GUPPI (318 TOAs)...
  [J0605+3757] white noise for Rcvr_800_GUPPI (236 TOAs)...
  [J0610-2100] zeroing residuals...
  [J0610-2100] adding red noise...
  [J0610-2100] white noise for Rcvr1_2_GUPPI (2401 TOAs)...
  [J0610-2100] white noise for Rcvr_800_GUPPI (2484 TOAs)...
  [J0613-0200] zeroing residuals...
  [J0613-0200] adding red noise...
  [J0613-0200] white noise for Rcvr1_2_GUPPI (7423 TOAs)...
  [J0613-0200] white noise for Rcvr1_2_GASP (992 TOAs)...
  [J0613-0200] white noise for Rcvr_800_GUPPI (7900 TOAs)...
  [J0613-0200] white noise for Rcvr_800_GASP (809 TOAs)...
  [J0636+5128] zeroing residuals...
  [J0636+5128] adding red noise...
  [J0636+5128] white noise for Rcvr1_2_GUPPI (14803 TOAs)...
  [J0636+5128] white noise for Rcvr_800_GUPPI (17419 TOAs)...
  [J0645+5158] zeroing residuals...
  [J0645+5158] adding red noise...
  [J0645+5158] white noise for Rcvr1_2_GUPPI (5721 TOAs)...
  [J0645+5158] white noise for Rcvr_800_GUPPI (4682 TOAs)...
  [J0709+0458] zeroing residuals...
  [J0709+0458] adding red noise...
  [J0709+0458] white noise for L-wide_PUPPI (2435 TOAs)...
  [J0709+0458] white noise for S-wide_PUPPI (595 TOAs)...
  [J0740+6620] zeroing residuals...
  [J0740+6620] adding red noise...
  [J0740+6620] white noise for Rcvr1_2_GUPPI (8265 TOAs)...
  [J0740+6620] white noise for Rcvr_800_GUPPI (5136 TOAs)...
  [J0931-1902] zeroing residuals...
  [J0931-1902] adding red noise...
  [J0931-1902] white noise for Rcvr1_2_GUPPI (2054 TOAs)...
  [J0931-1902] white noise for Rcvr_800_GUPPI (3419 TOAs)...
  [J1012+5307] zeroing residuals...
  [J1012+5307] adding red noise...
  [J1012+5307] white noise for Rcvr1_2_GUPPI (12849 TOAs)...
  [J1012+5307] white noise for Rcvr1_2_GASP (1479 TOAs)...
  [J1012+5307] white noise for Rcvr_800_GUPPI (10299 TOAs)...
  [J1012+5307] white noise for Rcvr_800_GASP (1210 TOAs)...
  [J1012-4235] zeroing residuals...
  [J1012-4235] adding red noise...
  [J1012-4235] white noise for Rcvr1_2_GUPPI (455 TOAs)...
  [J1012-4235] white noise for Rcvr_800_GUPPI (342 TOAs)...
  [J1022+1001] zeroing residuals...
  [J1022+1001] adding red noise...
  [J1022+1001] white noise for L-wide_PUPPI (2592 TOAs)...
  [J1022+1001] white noise for 430_PUPPI (232 TOAs)...
  [J1022+1001] white noise for S-wide_PUPPI (1154 TOAs)...
  [J1024-0719] zeroing residuals...
  [J1024-0719] adding red noise...
  [J1024-0719] white noise for Rcvr1_2_GUPPI (7086 TOAs)...
  [J1024-0719] white noise for Rcvr1_2_GASP (43 TOAs)...
  [J1024-0719] white noise for Rcvr_800_GUPPI (5455 TOAs)...
  [J1024-0719] white noise for Rcvr_800_GASP (51 TOAs)...
  [J1125+7819] zeroing residuals...
  [J1125+7819] adding red noise...
  [J1125+7819] white noise for Rcvr1_2_GUPPI (4016 TOAs)...
  [J1125+7819] white noise for Rcvr_800_GUPPI (4707 TOAs)...
  [J1312+0051] zeroing residuals...
  [J1312+0051] adding red noise...
  [J1312+0051] white noise for L-wide_PUPPI (1289 TOAs)...
  [J1312+0051] white noise for S-wide_PUPPI (416 TOAs)...
  [J1453+1902] zeroing residuals...
  [J1453+1902] adding red noise...
  [J1453+1902] white noise for L-wide_PUPPI (2122 TOAs)...
  [J1453+1902] white noise for 430_PUPPI (425 TOAs)...
  [J1453+1902] white noise for S-wide_PUPPI (4 TOAs)...
  [J1455-3330] zeroing residuals...
  [J1455-3330] adding red noise...
  [J1455-3330] white noise for Rcvr1_2_GUPPI (4932 TOAs)...
  [J1455-3330] white noise for Rcvr1_2_GASP (564 TOAs)...
  [J1455-3330] white noise for Rcvr_800_GUPPI (4843 TOAs)...
  [J1455-3330] white noise for Rcvr_800_GASP (479 TOAs)...
  [J1600-3053] zeroing residuals...
  [J1600-3053] adding red noise...
  [J1600-3053] white noise for Rcvr1_2_GUPPI (10168 TOAs)...
  [J1600-3053] white noise for Rcvr1_2_GASP (457 TOAs)...
  [J1600-3053] white noise for 3GHz_YUPPI (3237 TOAs)...
  [J1600-3053] white noise for Rcvr_800_GUPPI (8796 TOAs)...
  [J1600-3053] white noise for Rcvr_800_GASP (297 TOAs)...
  [J1614-2230] zeroing residuals...
  [J1614-2230] adding red noise...
  [J1614-2230] white noise for Rcvr1_2_GUPPI (10509 TOAs)...
  [J1614-2230] white noise for Rcvr1_2_GASP (84 TOAs)...
  [J1614-2230] white noise for Rcvr_800_GUPPI (7768 TOAs)...
  [J1614-2230] white noise for Rcvr_800_GASP (84 TOAs)...
  [J1630+3734] zeroing residuals...
  [J1630+3734] adding red noise...
  [J1630+3734] white noise for Rcvr1_2_GUPPI (909 TOAs)...
  [J1630+3734] white noise for Rcvr_800_GUPPI (906 TOAs)...
  [J1640+2224] zeroing residuals...
  [J1640+2224] adding red noise...
  [J1640+2224] white noise for L-wide_PUPPI (9847 TOAs)...
  [J1640+2224] white noise for L-wide_ASP (722 TOAs)...
  [J1640+2224] white noise for 430_PUPPI (3157 TOAs)...
  [J1640+2224] white noise for 430_ASP (340 TOAs)...
  [J1643-1224] zeroing residuals...
  [J1643-1224] adding red noise...
  [J1643-1224] white noise for Rcvr1_2_GUPPI (8803 TOAs)...
  [J1643-1224] white noise for Rcvr1_2_GASP (833 TOAs)...
  [J1643-1224] white noise for 3GHz_YUPPI (4215 TOAs)...
  [J1643-1224] white noise for Rcvr_800_GUPPI (7734 TOAs)...
  [J1643-1224] white noise for Rcvr_800_GASP (559 TOAs)...
  [J1705-1903] zeroing residuals...
  [J1705-1903] adding red noise...
  [J1705-1903] white noise for Rcvr1_2_GUPPI (6350 TOAs)...
  [J1705-1903] white noise for Rcvr_800_GUPPI (3521 TOAs)...
  [J1713+0747] zeroing residuals...
  [J1713+0747] adding red noise...
  [J1713+0747] white noise for L-wide_PUPPI (12743 TOAs)...
  [J1713+0747] white noise for Rcvr1_2_GUPPI (22334 TOAs)...
  [J1713+0747] white noise for 1.5GHz_YUPPI (1461 TOAs)...
  [J1713+0747] white noise for S-wide_ASP (624 TOAs)...
  [J1713+0747] white noise for Rcvr1_2_GASP (1109 TOAs)...
  [J1713+0747] white noise for 3GHz_YUPPI (3282 TOAs)...
  [J1713+0747] white noise for Rcvr_800_GUPPI (8479 TOAs)...
  [J1713+0747] white noise for Rcvr_800_GASP (1032 TOAs)...
  [J1713+0747] white noise for L-wide_ASP (843 TOAs)...
  [J1713+0747] white noise for S-wide_PUPPI (7482 TOAs)...
  [J1719-1438] zeroing residuals...
  [J1719-1438] adding red noise...
  [J1719-1438] white noise for Rcvr1_2_GUPPI (2722 TOAs)...
  [J1719-1438] white noise for Rcvr_800_GUPPI (3634 TOAs)...
  [J1730-2304] zeroing residuals...
  [J1730-2304] adding red noise...
  [J1730-2304] white noise for Rcvr1_2_GUPPI (2367 TOAs)...
  [J1730-2304] white noise for Rcvr_800_GUPPI (2503 TOAs)...
  [J1738+0333] zeroing residuals...
  [J1738+0333] adding red noise...
  [J1738+0333] white noise for L-wide_PUPPI (6718 TOAs)...
  [J1738+0333] white noise for L-wide_ASP (201 TOAs)...
  [J1738+0333] white noise for S-wide_PUPPI (1737 TOAs)...
  [J1738+0333] white noise for S-wide_ASP (134 TOAs)...
  [J1741+1351] zeroing residuals...
  [J1741+1351] adding red noise...
  [J1741+1351] white noise for L-wide_PUPPI (4045 TOAs)...
  [J1741+1351] white noise for 430_PUPPI (1159 TOAs)...
  [J1741+1351] white noise for 430_ASP (27 TOAs)...
  [J1741+1351] white noise for S-wide_ASP (115 TOAs)...
  [J1741+1351] white noise for L-wide_ASP (236 TOAs)...
  [J1744-1134] zeroing residuals...
  [J1744-1134] adding red noise...
  [J1744-1134] white noise for Rcvr1_2_GUPPI (8109 TOAs)...
  [J1744-1134] white noise for Rcvr1_2_GASP (807 TOAs)...
  [J1744-1134] white noise for Rcvr_800_GUPPI (7899 TOAs)...
  [J1744-1134] white noise for Rcvr_800_GASP (930 TOAs)...
  [J1745+1017] zeroing residuals...
  [J1745+1017] adding red noise...
  [J1745+1017] white noise for L-wide_PUPPI (2179 TOAs)...
  [J1745+1017] white noise for S-wide_PUPPI (838 TOAs)...
  [J1747-4036] zeroing residuals...
  [J1747-4036] adding red noise...
  [J1747-4036] white noise for Rcvr1_2_GUPPI (5239 TOAs)...
  [J1747-4036] white noise for Rcvr_800_GUPPI (5816 TOAs)...
  [J1751-2857] zeroing residuals...
  [J1751-2857] adding red noise...
  [J1751-2857] white noise for Rcvr1_2_GUPPI (1786 TOAs)...
  [J1751-2857] white noise for Rcvr_800_GUPPI (239 TOAs)...
  [J1802-2124] zeroing residuals...
  [J1802-2124] adding red noise...
  [J1802-2124] white noise for Rcvr1_2_GUPPI (3231 TOAs)...
  [J1802-2124] white noise for Rcvr_800_GUPPI (3565 TOAs)...
  [J1811-2405] zeroing residuals...
  [J1811-2405] adding red noise...
  [J1811-2405] white noise for Rcvr1_2_GUPPI (2638 TOAs)...
  [J1811-2405] white noise for Rcvr_800_GUPPI (2628 TOAs)...
  [J1832-0836] zeroing residuals...
  [J1832-0836] adding red noise...
  [J1832-0836] white noise for Rcvr1_2_GUPPI (4661 TOAs)...
  [J1832-0836] white noise for Rcvr_800_GUPPI (3078 TOAs)...
  [J1843-1113] zeroing residuals...
  [J1843-1113] adding red noise...
  [J1843-1113] white noise for Rcvr1_2_GUPPI (2394 TOAs)...
  [J1843-1113] white noise for Rcvr_800_GUPPI (2201 TOAs)...
  [J1853+1303] zeroing residuals...
  [J1853+1303] adding red noise...
  [J1853+1303] white noise for L-wide_PUPPI (3362 TOAs)...
  [J1853+1303] white noise for L-wide_ASP (33 TOAs)...
  [J1853+1303] white noise for 430_PUPPI (1151 TOAs)...
  [J1853+1303] white noise for 430_ASP (24 TOAs)...
  [J1903+0327] zeroing residuals...
  [J1903+0327] adding red noise...
  [J1903+0327] white noise for L-wide_PUPPI (3845 TOAs)...
  [J1903+0327] white noise for S-wide_ASP (151 TOAs)...
  [J1903+0327] white noise for 3GHz_YUPPI (439 TOAs)...
  [J1903+0327] white noise for L-wide_ASP (139 TOAs)...
  [J1903+0327] white noise for S-wide_PUPPI (2282 TOAs)...
  [J1909-3744] zeroing residuals...
  [J1909-3744] adding red noise...
  [J1909-3744] white noise for Rcvr1_2_GUPPI (20439 TOAs)...
  [J1909-3744] white noise for Rcvr1_2_GASP (808 TOAs)...
  [J1909-3744] white noise for 3GHz_YUPPI (3525 TOAs)...
  [J1909-3744] white noise for Rcvr_800_GUPPI (9399 TOAs)...
  [J1909-3744] white noise for Rcvr_800_GASP (866 TOAs)...
  [J1910+1256] zeroing residuals...
  [J1910+1256] adding red noise...
  [J1910+1256] white noise for L-wide_PUPPI (4124 TOAs)...
  [J1910+1256] white noise for L-wide_ASP (297 TOAs)...
  [J1910+1256] white noise for S-wide_PUPPI (1857 TOAs)...
  [J1910+1256] white noise for S-wide_ASP (208 TOAs)...
  [J1911+1347] zeroing residuals...
  [J1911+1347] adding red noise...
  [J1911+1347] white noise for L-wide_PUPPI (3033 TOAs)...
  [J1911+1347] white noise for 430_PUPPI (753 TOAs)...
  [J1918-0642] zeroing residuals...
  [J1918-0642] adding red noise...
  [J1918-0642] white noise for Rcvr1_2_GUPPI (8910 TOAs)...
  [J1918-0642] white noise for Rcvr1_2_GASP (778 TOAs)...
  [J1918-0642] white noise for Rcvr_800_GUPPI (8352 TOAs)...
  [J1918-0642] white noise for Rcvr_800_GASP (835 TOAs)...
  [J1923+2515] zeroing residuals...
  [J1923+2515] adding red noise...
  [J1923+2515] white noise for L-wide_PUPPI (3028 TOAs)...
  [J1923+2515] white noise for L-wide_ASP (14 TOAs)...
  [J1923+2515] white noise for 430_PUPPI (922 TOAs)...
  [J1923+2515] white noise for 430_ASP (10 TOAs)...
  [J1944+0907] zeroing residuals...
  [J1944+0907] adding red noise...
  [J1944+0907] white noise for L-wide_PUPPI (3900 TOAs)...
  [J1944+0907] white noise for 430_PUPPI (1017 TOAs)...
  [J1944+0907] white noise for 430_ASP (38 TOAs)...
  [J1944+0907] white noise for S-wide_ASP (116 TOAs)...
  [J1944+0907] white noise for L-wide_ASP (257 TOAs)...
  [J1946+3417] zeroing residuals...
  [J1946+3417] adding red noise...
  [J1946+3417] white noise for L-wide_PUPPI (3197 TOAs)...
  [J1946+3417] white noise for S-wide_PUPPI (1546 TOAs)...
  [J2010-1323] zeroing residuals...
  [J2010-1323] adding red noise...
  [J2010-1323] white noise for Rcvr1_2_GUPPI (7779 TOAs)...
  [J2010-1323] white noise for Rcvr1_2_GASP (70 TOAs)...
  [J2010-1323] white noise for Rcvr_800_GUPPI (9158 TOAs)...
  [J2010-1323] white noise for Rcvr_800_GASP (70 TOAs)...
  [J2017+0603] zeroing residuals...
  [J2017+0603] adding red noise...
  [J2017+0603] white noise for L-wide_PUPPI (2569 TOAs)...
  [J2017+0603] white noise for 430_PUPPI (78 TOAs)...
  [J2017+0603] white noise for S-wide_PUPPI (849 TOAs)...
  [J2017+0603] white noise for L-wide_ASP (16 TOAs)...
  [J2033+1734] zeroing residuals...
  [J2033+1734] adding red noise...
  [J2033+1734] white noise for L-wide_PUPPI (3050 TOAs)...
  [J2033+1734] white noise for 430_PUPPI (797 TOAs)...
  [J2043+1711] zeroing residuals...
  [J2043+1711] adding red noise...
  [J2043+1711] white noise for L-wide_PUPPI (4419 TOAs)...
  [J2043+1711] white noise for L-wide_ASP (40 TOAs)...
  [J2043+1711] white noise for 430_PUPPI (2908 TOAs)...
  [J2043+1711] white noise for 430_ASP (30 TOAs)...
  [J2124-3358] zeroing residuals...
  [J2124-3358] adding red noise...
  [J2124-3358] white noise for Rcvr1_2_GUPPI (2957 TOAs)...
  [J2124-3358] white noise for Rcvr_800_GUPPI (2025 TOAs)...
  [J2145-0750] zeroing residuals...
  [J2145-0750] adding red noise...
  [J2145-0750] white noise for Rcvr1_2_GUPPI (9158 TOAs)...
  [J2145-0750] white noise for Rcvr1_2_GASP (427 TOAs)...
  [J2145-0750] white noise for Rcvr_800_GUPPI (8728 TOAs)...
  [J2145-0750] white noise for Rcvr_800_GASP (362 TOAs)...
  [J2214+3000] zeroing residuals...
  [J2214+3000] adding red noise...
  [J2214+3000] white noise for L-wide_PUPPI (5829 TOAs)...
  [J2214+3000] white noise for L-wide_ASP (9 TOAs)...
  [J2214+3000] white noise for S-wide_PUPPI (1568 TOAs)...
  [J2229+2643] zeroing residuals...
  [J2229+2643] adding red noise...
  [J2229+2643] white noise for L-wide_PUPPI (2755 TOAs)...
  [J2229+2643] white noise for 430_PUPPI (956 TOAs)...
  [J2234+0611] zeroing residuals...
  [J2234+0611] adding red noise...
  [J2234+0611] white noise for L-wide_PUPPI (2913 TOAs)...
  [J2234+0611] white noise for 430_PUPPI (653 TOAs)...
  [J2234+0944] zeroing residuals...
  [J2234+0944] adding red noise...
  [J2234+0944] white noise for L-wide_PUPPI (5003 TOAs)...
  [J2234+0944] white noise for S-wide_PUPPI (2532 TOAs)...
  [J2302+4442] zeroing residuals...
  [J2302+4442] adding red noise...
  [J2302+4442] white noise for Rcvr1_2_GUPPI (3779 TOAs)...
  [J2302+4442] white noise for Rcvr_800_GUPPI (6432 TOAs)...
  [J2317+1439] zeroing residuals...
  [J2317+1439] adding red noise...
  [J2317+1439] white noise for 327_PUPPI (276 TOAs)...
  [J2317+1439] white noise for L-wide_PUPPI (9563 TOAs)...
  [J2317+1439] white noise for 430_PUPPI (3217 TOAs)...
  [J2317+1439] white noise for 430_ASP (458 TOAs)...
  [J2317+1439] white noise for 327_ASP (413 TOAs)...
  [J2322+2057] zeroing residuals...
  [J2322+2057] adding red noise...
  [J2322+2057] white noise for L-wide_PUPPI (2196 TOAs)...
  [J2322+2057] white noise for 430_PUPPI (752 TOAs)...
  [J2322+2057] white noise for S-wide_PUPPI (140 TOAs)...
Resetting pulsars to clean stoas...
Restore: 0.00 s
Inject: 0.00 s
Snapshotting into enterprise Pulsar objects...
Building PTA...
PTA build: 439.32 s
Computing optimal statistic...
OS time: 47.07 s
Total: 486.39 s
Noise-only SNR baseline: -0.0564

Generating SNR-consistent population...
Target SNR: 4.0
Resetting pulsars to clean stoas...
Restore: 0.01 s
Injecting population...
  B1855+09: RMS = 955.056 ns
  B1937+21: RMS = 2125.690 ns
  B1953+29: RMS = 2674.495 ns
  J0023+0923: RMS = 1763.447 ns
  J0030+0451: RMS = 1885.255 ns
  J0340+4130: RMS = 1804.014 ns
  J0406+3039: RMS = 1465.841 ns
  J0437-4715: RMS = 1019.109 ns
  J0509+0856: RMS = 612.646 ns
  J0557+1551: RMS = 458.726 ns
  J0605+3757: RMS = 931.568 ns
  J0610-2100: RMS = 426.326 ns
  J0613-0200: RMS = 894.313 ns
  J0636+5128: RMS = 1689.783 ns
  J0645+5158: RMS = 1651.548 ns
  J0709+0458: RMS = 245.937 ns
  J0740+6620: RMS = 566.513 ns
  J0931-1902: RMS = 2670.292 ns
  J1012+5307: RMS = 802.336 ns
  J1012-4235: RMS = 582.422 ns
  J1022+1001: RMS = 771.440 ns
  J1024-0719: RMS = 2558.007 ns
  J1125+7819: RMS = 552.168 ns
  J1312+0051: RMS = 1293.077 ns
  J1453+1902: RMS = 1080.027 ns
  J1455-3330: RMS = 1198.460 ns
  J1600-3053: RMS = 1220.834 ns
  J1614-2230: RMS = 961.132 ns
  J1630+3734: RMS = 678.795 ns
  J1640+2224: RMS = 1648.400 ns
  J1643-1224: RMS = 1335.030 ns
  J1705-1903: RMS = 690.818 ns
  J1713+0747: RMS = 1631.346 ns
  J1719-1438: RMS = 959.878 ns
  J1730-2304: RMS = 484.381 ns
  J1738+0333: RMS = 1427.415 ns
  J1741+1351: RMS = 1568.251 ns
  J1744-1134: RMS = 1026.871 ns
  J1745+1017: RMS = 1828.052 ns
  J1747-4036: RMS = 707.647 ns
  J1751-2857: RMS = 218.616 ns
  J1802-2124: RMS = 380.152 ns
  J1811-2405: RMS = 688.929 ns
  J1832-0836: RMS = 931.840 ns
  J1843-1113: RMS = 689.853 ns
  J1853+1303: RMS = 1146.328 ns
  J1903+0327: RMS = 826.951 ns
  J1909-3744: RMS = 2305.100 ns
  J1910+1256: RMS = 1164.346 ns
  J1911+1347: RMS = 1658.164 ns
  J1918-0642: RMS = 985.309 ns
  J1923+2515: RMS = 2203.430 ns
  J1944+0907: RMS = 1852.790 ns
  J1946+3417: RMS = 1644.289 ns
  J2010-1323: RMS = 1202.891 ns
  J2017+0603: RMS = 1938.015 ns
  J2033+1734: RMS = 2233.558 ns
  J2043+1711: RMS = 2439.007 ns
  J2124-3358: RMS = 983.710 ns
  J2145-0750: RMS = 947.575 ns
  J2214+3000: RMS = 2455.846 ns
  J2229+2643: RMS = 2405.990 ns
  J2234+0611: RMS = 1415.989 ns
  J2234+0944: RMS = 2673.149 ns
  J2302+4442: RMS = 714.371 ns
  J2317+1439: RMS = 1480.623 ns
  J2322+2057: RMS = 922.114 ns
Inject: 203.11 s
Snapshotting into enterprise Pulsar objects...
Building PTA...
PTA build: 420.17 s
Computing optimal statistic...
OS time: 46.96 s
Total: 670.24 s
Initial SNR: 6.9783, Target SNR: 4.0000
  Initial SNR 6.9783 outside of provided SNR_range [3.5, 4.25] — rescaling.
Scaling distances by factor 1.3169 to achieve target SNR...
Resetting pulsars to clean stoas...
Restore: 0.00 s
Injecting population...
  B1855+09: RMS = 725.230 ns
  B1937+21: RMS = 1614.162 ns
  B1953+29: RMS = 2030.902 ns
  J0023+0923: RMS = 1339.089 ns
  J0030+0451: RMS = 1431.586 ns
  J0340+4130: RMS = 1369.894 ns
  J0406+3039: RMS = 1113.100 ns
  J0437-4715: RMS = 773.869 ns
  J0509+0856: RMS = 465.218 ns
  J0557+1551: RMS = 348.338 ns
  J0605+3757: RMS = 707.395 ns
  J0610-2100: RMS = 323.734 ns
  J0613-0200: RMS = 679.105 ns
  J0636+5128: RMS = 1283.152 ns
  J0645+5158: RMS = 1254.118 ns
  J0709+0458: RMS = 186.755 ns
  J0740+6620: RMS = 430.186 ns
  J0931-1902: RMS = 2027.711 ns
  J1012+5307: RMS = 609.261 ns
  J1012-4235: RMS = 442.268 ns
  J1022+1001: RMS = 585.800 ns
  J1024-0719: RMS = 1942.446 ns
  J1125+7819: RMS = 419.294 ns
  J1312+0051: RMS = 981.910 ns
  J1453+1902: RMS = 820.128 ns
  J1455-3330: RMS = 910.061 ns
  J1600-3053: RMS = 927.051 ns
  J1614-2230: RMS = 729.845 ns
  J1630+3734: RMS = 515.449 ns
  J1640+2224: RMS = 1251.728 ns
  J1643-1224: RMS = 1013.767 ns
  J1705-1903: RMS = 524.579 ns
  J1713+0747: RMS = 1238.777 ns
  J1719-1438: RMS = 728.892 ns
  J1730-2304: RMS = 367.819 ns
  J1738+0333: RMS = 1083.921 ns
  J1741+1351: RMS = 1190.865 ns
  J1744-1134: RMS = 779.764 ns
  J1745+1017: RMS = 1388.148 ns
  J1747-4036: RMS = 537.358 ns
  J1751-2857: RMS = 166.008 ns
  J1802-2124: RMS = 288.672 ns
  J1811-2405: RMS = 523.144 ns
  J1832-0836: RMS = 707.601 ns
  J1843-1113: RMS = 523.846 ns
  J1853+1303: RMS = 870.474 ns
  J1903+0327: RMS = 627.953 ns
  J1909-3744: RMS = 1750.398 ns
  J1910+1256: RMS = 884.156 ns
  J1911+1347: RMS = 1259.142 ns
  J1918-0642: RMS = 748.203 ns
  J1923+2515: RMS = 1673.194 ns
  J1944+0907: RMS = 1406.932 ns
  J1946+3417: RMS = 1248.606 ns
  J2010-1323: RMS = 913.426 ns
  J2017+0603: RMS = 1471.649 ns
  J2033+1734: RMS = 1696.072 ns
  J2043+1711: RMS = 1852.082 ns
  J2124-3358: RMS = 746.989 ns
  J2145-0750: RMS = 719.550 ns
  J2214+3000: RMS = 1864.869 ns
  J2229+2643: RMS = 1827.010 ns
  J2234+0611: RMS = 1075.244 ns
  J2234+0944: RMS = 2029.880 ns
  J2302+4442: RMS = 542.464 ns
  J2317+1439: RMS = 1124.324 ns
  J2322+2057: RMS = 700.216 ns
Inject: 191.09 s
Snapshotting into enterprise Pulsar objects...
Building PTA...
PTA build: 418.74 s
Computing optimal statistic...
OS time: 49.75 s
Total: 659.59 s
  ✓ SNR is within the provided SNR_range: 3.8620 ∈ [3.5, 4.25]

Final SNR history:
  it 0: cumulative_scale=1.0000×  SNR=6.9783
  it 1: cumulative_scale=1.3169×  SNR=3.8620
✓ Simulation 1 done (1364.4 s)

======================================================================
ENSEMBLE SUMMARY
======================================================================
Success rate: 100.0% (1/1)

Binaries per population:
  Mean ± std : 10000000 ± 0
  Range      : [10000000, 10000000]

SNR achieved:
  Mean ± std : 3.8620 ± 0.0000
  Range      : [3.8620, 3.8620]

Total time: 1893.3 s (31.6 min)
======================================================================

💾 Saved: data/2026-04-29/pessimistic_run_69/consistent_population_pessimistic_targetSNR4.25_sims1.json
💾 Saved compressed pickle: data/2026-04-29/pessimistic_run_69/consistent_population_pessimistic_targetSNR4.25_sims1.pkl.gz

======================================================================
CONTINUOUS WAVE SNR ANALYSIS
======================================================================

--- Population 1 ---
Precomputation of phiinvs, TNTs, Ts, Nvecs, Sigmas took 0.11 seconds.
Total SNR computation for population took 473.94 seconds.
Top 50 CGW candidates:
   1. proxy_rank=   6  sky_w=1.44  f=7.08e-09 Hz  Mc=3.69e+09 Msun  h0=3.11e-15  SNR=6.063
   2. proxy_rank= 417  sky_w=1.49  f=6.53e-09 Hz  Mc=4.43e+09 Msun  h0=8.26e-16  SNR=1.571
   3. proxy_rank=   9  sky_w=1.15  f=3.33e-09 Hz  Mc=4.10e+09 Msun  h0=1.76e-15  SNR=1.571
   4. proxy_rank= 599  sky_w=1.59  f=6.93e-09 Hz  Mc=2.84e+09 Msun  h0=7.45e-16  SNR=1.533
   5. proxy_rank=  50  sky_w=0.78  f=5.17e-09 Hz  Mc=7.55e+09 Msun  h0=2.31e-15  SNR=1.524
   6. proxy_rank= 606  sky_w=1.11  f=7.80e-09 Hz  Mc=4.77e+09 Msun  h0=1.19e-15  SNR=1.416
   7. proxy_rank= 271  sky_w=1.41  f=1.32e-08 Hz  Mc=5.47e+09 Msun  h0=2.01e-15  SNR=1.413
   8. proxy_rank= 157  sky_w=1.59  f=7.78e-09 Hz  Mc=4.63e+09 Msun  h0=1.24e-15  SNR=1.349
   9. proxy_rank=  42  sky_w=1.46  f=4.05e-09 Hz  Mc=5.70e+09 Msun  h0=1.02e-15  SNR=1.313
  10. proxy_rank= 455  sky_w=1.57  f=6.01e-09 Hz  Mc=4.49e+09 Msun  h0=7.02e-16  SNR=1.312
  11. proxy_rank=   1  sky_w=1.23  f=2.54e-09 Hz  Mc=3.99e+09 Msun  h0=2.15e-15  SNR=1.157
  12. proxy_rank= 482  sky_w=1.61  f=5.77e-09 Hz  Mc=2.53e+09 Msun  h0=6.51e-16  SNR=1.105
  13. proxy_rank=  21  sky_w=1.41  f=3.44e-09 Hz  Mc=4.80e+09 Msun  h0=1.08e-15  SNR=1.101
  14. proxy_rank=  63  sky_w=1.04  f=3.88e-09 Hz  Mc=4.08e+09 Msun  h0=1.24e-15  SNR=1.086
  15. proxy_rank= 184  sky_w=0.84  f=4.23e-09 Hz  Mc=2.45e+09 Msun  h0=1.23e-15  SNR=1.072
  16. proxy_rank= 634  sky_w=0.68  f=5.92e-09 Hz  Mc=3.34e+09 Msun  h0=1.45e-15  SNR=1.053
  17. proxy_rank= 960  sky_w=1.58  f=6.67e-09 Hz  Mc=3.85e+09 Msun  h0=6.16e-16  SNR=1.042
  18. proxy_rank= 956  sky_w=1.60  f=9.84e-09 Hz  Mc=3.76e+09 Msun  h0=8.97e-16  SNR=1.015
  19. proxy_rank=  66  sky_w=1.34  f=4.10e-09 Hz  Mc=3.22e+09 Msun  h0=1.01e-15  SNR=0.952
  20. proxy_rank=  99  sky_w=1.33  f=3.70e-09 Hz  Mc=5.81e+09 Msun  h0=8.11e-16  SNR=0.926
  21. proxy_rank= 196  sky_w=1.58  f=6.84e-09 Hz  Mc=3.17e+09 Msun  h0=1.02e-15  SNR=0.924
  22. proxy_rank=  53  sky_w=1.33  f=3.61e-09 Hz  Mc=2.80e+09 Msun  h0=9.43e-16  SNR=0.889
  23. proxy_rank= 337  sky_w=0.63  f=7.18e-09 Hz  Mc=2.73e+09 Msun  h0=2.30e-15  SNR=0.877
  24. proxy_rank= 229  sky_w=1.23  f=7.11e-09 Hz  Mc=4.94e+09 Msun  h0=1.31e-15  SNR=0.871
  25. proxy_rank=  71  sky_w=1.17  f=3.53e-09 Hz  Mc=5.40e+09 Msun  h0=9.50e-16  SNR=0.870
  26. proxy_rank= 230  sky_w=1.56  f=4.24e-09 Hz  Mc=2.89e+09 Msun  h0=6.12e-16  SNR=0.866
  27. proxy_rank=  77  sky_w=1.55  f=3.59e-09 Hz  Mc=2.98e+09 Msun  h0=7.17e-16  SNR=0.837
  28. proxy_rank=  93  sky_w=1.22  f=3.96e-09 Hz  Mc=4.10e+09 Msun  h0=9.60e-16  SNR=0.824
  29. proxy_rank= 159  sky_w=1.46  f=4.12e-09 Hz  Mc=4.92e+09 Msun  h0=7.14e-16  SNR=0.799
  30. proxy_rank= 425  sky_w=1.41  f=4.54e-09 Hz  Mc=4.41e+09 Msun  h0=6.04e-16  SNR=0.793
  31. proxy_rank= 453  sky_w=1.43  f=4.53e-09 Hz  Mc=4.30e+09 Msun  h0=5.85e-16  SNR=0.755
  32. proxy_rank= 171  sky_w=0.64  f=4.33e-09 Hz  Mc=1.57e+09 Msun  h0=1.68e-15  SNR=0.752
  33. proxy_rank= 365  sky_w=0.93  f=4.17e-09 Hz  Mc=3.82e+09 Msun  h0=8.82e-16  SNR=0.750
  34. proxy_rank= 316  sky_w=1.21  f=5.36e-09 Hz  Mc=3.48e+09 Msun  h0=9.16e-16  SNR=0.747
  35. proxy_rank= 824  sky_w=1.56  f=4.70e-09 Hz  Mc=2.32e+09 Msun  h0=4.63e-16  SNR=0.730
  36. proxy_rank=  11  sky_w=1.53  f=2.86e-09 Hz  Mc=4.09e+09 Msun  h0=1.04e-15  SNR=0.721
  37. proxy_rank= 588  sky_w=1.50  f=4.54e-09 Hz  Mc=4.15e+09 Msun  h0=5.20e-16  SNR=0.719
  38. proxy_rank= 829  sky_w=1.32  f=4.75e-09 Hz  Mc=2.26e+09 Msun  h0=5.51e-16  SNR=0.718
  39. proxy_rank= 673  sky_w=1.03  f=4.48e-09 Hz  Mc=2.27e+09 Msun  h0=7.12e-16  SNR=0.695
  40. proxy_rank=   3  sky_w=1.47  f=2.41e-09 Hz  Mc=7.12e+09 Msun  h0=1.34e-15  SNR=0.669
  41. proxy_rank= 200  sky_w=1.36  f=3.81e-09 Hz  Mc=2.74e+09 Msun  h0=6.61e-16  SNR=0.656
  42. proxy_rank= 515  sky_w=1.59  f=4.24e-09 Hz  Mc=3.78e+09 Msun  h0=4.77e-16  SNR=0.655
  43. proxy_rank= 506  sky_w=1.34  f=4.72e-09 Hz  Mc=2.96e+09 Msun  h0=6.32e-16  SNR=0.643
  44. proxy_rank= 450  sky_w=1.38  f=4.08e-09 Hz  Mc=1.89e+09 Msun  h0=5.43e-16  SNR=0.640
  45. proxy_rank= 111  sky_w=1.38  f=4.21e-09 Hz  Mc=5.74e+09 Msun  h0=8.38e-16  SNR=0.635
  46. proxy_rank=   2  sky_w=1.41  f=2.02e-09 Hz  Mc=3.56e+09 Msun  h0=1.19e-15  SNR=0.634
  47. proxy_rank=  56  sky_w=1.10  f=3.19e-09 Hz  Mc=2.21e+09 Msun  h0=9.87e-16  SNR=0.633
  48. proxy_rank=  76  sky_w=1.22  f=3.12e-09 Hz  Mc=5.67e+09 Msun  h0=7.94e-16  SNR=0.631
  49. proxy_rank=  19  sky_w=1.36  f=2.52e-09 Hz  Mc=4.31e+09 Msun  h0=8.36e-16  SNR=0.627
  50. proxy_rank= 702  sky_w=1.34  f=6.07e-09 Hz  Mc=4.37e+09 Msun  h0=7.30e-16  SNR=0.622
💾 Saved: data/2026-04-29/pessimistic_run_69/consistent_population_pessimistic_targetSNR4.25_sims1.json
💾 Saved compressed pickle: data/2026-04-29/pessimistic_run_69/consistent_population_pessimistic_targetSNR4.25_sims1.pkl.gz
Saved to figures/cgw_analysis_pessimistic.pdf

======================================================================
ANALYSIS COMPLETE
Results saved to: data/2026-04-29/pessimistic_run_69
======================================================================

==========================================
Job finished at: Wed Apr 29 11:59:43 AEST 2026
Exit code: 0
==========================================

+------------------ Job Report: 11735307 (COMPLETED) ------------------+
| Memory (RAM)  [##################  ] 93.6% (37.4 GB peak / 40 GB)    |
| CPU           [#################   ] 87.3% average                   |
| Time          [------------>       ] 62.0% (0-00:46:28 / 0-01:15:00) |
|                                                                      |
| Lustre Filesystem:                                                   |
|   Path    Total Read    Total Write      Total IOPS                  |
|   ------  ------------  -------------  ------------                  |
|   /apps   0 B           0 B                      5                   |
|   /fred   204 KB        6.6 MB                  26                   |
|   /home   16 KB         0 B                     28                   |
|   OS      0 B           0 B                      2                   |
|                                                                      |
| Warnings:                                                            |
|   - Too much time requested                                          |
+----------------------------------------------------------------------+
