==========================================
Job ID: 11736957
Job Name: smbhb_pessimistic
Node: gina303
Start Time: Wed Apr 29 12:52:57 AEST 2026
==========================================

/home/bhoulden/.conda/envs/smbhb312/share/tempo2
Working directory: /fred/oz005/users/bhoulden/SMBHB_population_injections

Loaded modules:

Starting SMBHB analysis...
==========================================

📁 Save directory: data/2026-04-29/pessimistic_run_117
📝 Run name: pessimistic_run_117

[MEM] Start: 243.3 MB

📡 Loading pulsars...
======================================================================
LOADING NANOGRAV PULSARS (libstempo)
======================================================================

📦 Loading from cache: nanograv_pulsars_cache.pkl
⚠ Cache load failed: Ran out of input
[DEBUG] Found 76 .par files
[tempo2Util.C:396] Warning: [MISC1] Unknown parameter in par file:  DMDATA
[tempo2Util.C:401] Warning: [DUP1] duplicated warnings have been suppressed.

WARNING: Using tempo RNAMP parameter: setting TNRedC to 100!
[observatory.C:271] Warning: Assuming site 'arecibo' means 'ao'
✓ Loaded B1855+09 (7758 TOAs)

WARNING: Using tempo RNAMP parameter: setting TNRedC to 100!
✓ Loaded B1937+21 (23023 TOAs)

WARNING: Using tempo RNAMP parameter: setting TNRedC to 100!
✓ Loaded B1937+21ao (7241 TOAs)

WARNING: Using tempo RNAMP parameter: setting TNRedC to 100!
✓ Loaded B1937+21gbt (16048 TOAs)

WARNING: Using tempo RNAMP parameter: setting TNRedC to 100!
✓ Loaded B1953+29 (5126 TOAs)
✓ Loaded J0023+0923 (15896 TOAs)

WARNING: Using tempo RNAMP parameter: setting TNRedC to 100!
✓ Loaded J0030+0451 (19571 TOAs)
✓ Loaded J0340+4130 (11093 TOAs)
✓ Loaded J0406+3039 (2446 TOAs)

WARNING: Using tempo RNAMP parameter: setting TNRedC to 100!
✓ Loaded J0437-4715 (5830 TOAs)
✓ Loaded J0509+0856 (2169 TOAs)
✓ Loaded J0557+1551 (525 TOAs)
✓ Loaded J0605+3757 (554 TOAs)

WARNING: Using tempo RNAMP parameter: setting TNRedC to 100!
✓ Loaded J0610-2100 (4885 TOAs)

WARNING: Using tempo RNAMP parameter: setting TNRedC to 100!
✓ Loaded J0613-0200 (17124 TOAs)
✓ Loaded J0614-3329 (1714 TOAs)
✓ Loaded J0636+5128 (32222 TOAs)
✓ Loaded J0645+5158 (10403 TOAs)
✓ Loaded J0709+0458 (3030 TOAs)
✓ Loaded J0740+6620 (13401 TOAs)
✓ Loaded J0931-1902 (5473 TOAs)

WARNING: Using tempo RNAMP parameter: setting TNRedC to 100!
✓ Loaded J1012+5307 (25837 TOAs)
✓ Loaded J1012-4235 (797 TOAs)
✓ Loaded J1022+1001 (3978 TOAs)
✓ Loaded J1024-0719 (12635 TOAs)
✓ Loaded J1125+7819 (8723 TOAs)
✓ Loaded J1312+0051 (1705 TOAs)
✓ Loaded J1453+1902 (2551 TOAs)
✓ Loaded J1455-3330 (10818 TOAs)

WARNING: Using tempo RNAMP parameter: setting TNRedC to 100!
✓ Loaded J1600-3053 (22955 TOAs)

WARNING: Using tempo RNAMP parameter: setting TNRedC to 100!
✓ Loaded J1600-3053gbt (19725 TOAs)

WARNING: Using tempo RNAMP parameter: setting TNRedC to 100!
✓ Loaded J1614-2230 (18445 TOAs)
✓ Loaded J1630+3734 (1815 TOAs)
✓ Loaded J1640+2224 (14066 TOAs)

WARNING: Using tempo RNAMP parameter: setting TNRedC to 100!
✓ Loaded J1643-1224 (22144 TOAs)

WARNING: Using tempo RNAMP parameter: setting TNRedC to 100!
✓ Loaded J1643-1224gbt (17932 TOAs)

WARNING: Using tempo RNAMP parameter: setting TNRedC to 100!
✓ Loaded J1705-1903 (9871 TOAs)

WARNING: Using tempo RNAMP parameter: setting TNRedC to 100!
✓ Loaded J1713+0747 (59389 TOAs)

WARNING: Using tempo RNAMP parameter: setting TNRedC to 100!
✓ Loaded J1713+0747ao (21362 TOAs)

WARNING: Using tempo RNAMP parameter: setting TNRedC to 100!
✓ Loaded J1713+0747gbt (32963 TOAs)
✓ Loaded J1719-1438 (6356 TOAs)
✓ Loaded J1730-2304 (4870 TOAs)
✓ Loaded J1738+0333 (8790 TOAs)
✓ Loaded J1741+1351 (5582 TOAs)

WARNING: Using tempo RNAMP parameter: setting TNRedC to 100!
✓ Loaded J1744-1134 (17745 TOAs)

WARNING: Using tempo RNAMP parameter: setting TNRedC to 100!
✓ Loaded J1745+1017 (3017 TOAs)

WARNING: Using tempo RNAMP parameter: setting TNRedC to 100!
✓ Loaded J1747-4036 (11055 TOAs)
✓ Loaded J1751-2857 (2025 TOAs)

WARNING: Using tempo RNAMP parameter: setting TNRedC to 100!
✓ Loaded J1802-2124 (6796 TOAs)
✓ Loaded J1811-2405 (5266 TOAs)
✓ Loaded J1832-0836 (7739 TOAs)
✓ Loaded J1843-1113 (4595 TOAs)

WARNING: Using tempo RNAMP parameter: setting TNRedC to 100!
✓ Loaded J1853+1303 (4570 TOAs)

WARNING: Using tempo RNAMP parameter: setting TNRedC to 100!
✓ Loaded J1903+0327 (6856 TOAs)

WARNING: Using tempo RNAMP parameter: setting TNRedC to 100!
✓ Loaded J1903+0327ao (6423 TOAs)

WARNING: Using tempo RNAMP parameter: setting TNRedC to 100!
✓ Loaded J1909-3744 (35037 TOAs)

WARNING: Using tempo RNAMP parameter: setting TNRedC to 100!
✓ Loaded J1909-3744gbt (31526 TOAs)
✓ Loaded J1910+1256 (6486 TOAs)
✓ Loaded J1911+1347 (3786 TOAs)
✓ Loaded J1918-0642 (18875 TOAs)
✓ Loaded J1923+2515 (3974 TOAs)
✓ Loaded J1944+0907 (5328 TOAs)

WARNING: Using tempo RNAMP parameter: setting TNRedC to 100!
✓ Loaded J1946+3417 (4743 TOAs)
✓ Loaded J2010-1323 (17077 TOAs)
✓ Loaded J2017+0603 (3512 TOAs)
✓ Loaded J2033+1734 (3847 TOAs)
✓ Loaded J2043+1711 (7397 TOAs)
✓ Loaded J2124-3358 (4982 TOAs)

WARNING: Using tempo RNAMP parameter: setting TNRedC to 100!
✓ Loaded J2145-0750 (18675 TOAs)
✓ Loaded J2214+3000 (7406 TOAs)
✓ Loaded J2229+2643 (3711 TOAs)

WARNING: Using tempo RNAMP parameter: setting TNRedC to 100!
✓ Loaded J2234+0611 (3566 TOAs)
✓ Loaded J2234+0944 (7535 TOAs)
✓ Loaded J2302+4442 (10211 TOAs)
✓ Loaded J2317+1439 (13927 TOAs)
✓ Loaded J2322+2057 (3088 TOAs)
⚠ Could not save cache: no default __reduce__ due to non-trivial __cinit__

✓ Loaded 76 pulsars
✗ Failed: 0 — []
[MEM] After loading pulsars: 8867.1 MB

🔍 Filtering pulsars...

Filtered: 76 → 67 pulsars
[MEM] After filtering pulsars: 8868.0 MB
[MEM] After garbage collection: 8868.1 MB

======================================================================
SMBHB POPULATION ANALYSIS
======================================================================

Configuration: pessimistic
  Lower mass, lower spread in distance, large population
  N_binaries: 10000000

======================================================================
CONSISTENT POPULATION SYNTHESIS
======================================================================

======================================================================
GENERATING SNR-CONSISTENT POPULATIONS
======================================================================
Target SNR:          4.0
Simulations:         1
======================================================================


──────────────────────────────────────────────────────────────────────
SIMULATION 1/1
──────────────────────────────────────────────────────────────────────
  [B1855+09] zeroing residuals...
  [B1855+09] adding red noise...
  [B1855+09] white noise for 430_ASP (390 TOAs)...
  [B1855+09] white noise for L-wide_ASP (1178 TOAs)...
  [B1855+09] white noise for 430_PUPPI (1185 TOAs)...
  [B1855+09] white noise for L-wide_PUPPI (5005 TOAs)...
  [B1937+21] zeroing residuals...
  [B1937+21] adding red noise...
  [B1937+21] white noise for S-wide_ASP (344 TOAs)...
  [B1937+21] white noise for L-wide_PUPPI (4133 TOAs)...
  [B1937+21] white noise for Rcvr_800_GASP (586 TOAs)...
  [B1937+21] white noise for Rcvr1_2_GASP (1069 TOAs)...
  [B1937+21] white noise for Rcvr_800_GUPPI (7140 TOAs)...
  [B1937+21] white noise for S-wide_PUPPI (2251 TOAs)...
  [B1937+21] white noise for L-wide_ASP (452 TOAs)...
  [B1937+21] white noise for Rcvr1_2_GUPPI (7048 TOAs)...
  [B1953+29] zeroing residuals...
  [B1953+29] adding red noise...
  [B1953+29] white noise for S-wide_ASP (25 TOAs)...
  [B1953+29] white noise for L-wide_PUPPI (4037 TOAs)...
  [B1953+29] white noise for L-wide_ASP (94 TOAs)...
  [B1953+29] white noise for 430_PUPPI (941 TOAs)...
  [B1953+29] white noise for 430_ASP (29 TOAs)...
  [J0023+0923] zeroing residuals...
  [J0023+0923] adding red noise...
  [J0023+0923] white noise for 430_ASP (90 TOAs)...
  [J0023+0923] white noise for L-wide_ASP (119 TOAs)...
  [J0023+0923] white noise for 430_PUPPI (4564 TOAs)...
  [J0023+0923] white noise for L-wide_PUPPI (11123 TOAs)...
  [J0030+0451] zeroing residuals...
  [J0030+0451] adding red noise...
  [J0030+0451] white noise for L-wide_PUPPI (12774 TOAs)...
  [J0030+0451] white noise for S-wide_PUPPI (2673 TOAs)...
  [J0030+0451] white noise for L-wide_ASP (789 TOAs)...
  [J0030+0451] white noise for 430_PUPPI (3068 TOAs)...
  [J0030+0451] white noise for 430_ASP (267 TOAs)...
  [J0340+4130] zeroing residuals...
  [J0340+4130] adding red noise...
  [J0340+4130] white noise for Rcvr1_2_GUPPI (5037 TOAs)...
  [J0340+4130] white noise for Rcvr_800_GUPPI (6056 TOAs)...
  [J0406+3039] zeroing residuals...
  [J0406+3039] adding red noise...
  [J0406+3039] white noise for S-wide_PUPPI (575 TOAs)...
  [J0406+3039] white noise for L-wide_PUPPI (1871 TOAs)...
  [J0437-4715] zeroing residuals...
  [J0437-4715] adding red noise...
  [J0437-4715] white noise for 1.5GHz_YUPPI (2134 TOAs)...
  [J0437-4715] white noise for 3GHz_YUPPI (3696 TOAs)...
  [J0509+0856] zeroing residuals...
  [J0509+0856] adding red noise...
  [J0509+0856] white noise for S-wide_PUPPI (544 TOAs)...
  [J0509+0856] white noise for L-wide_PUPPI (1625 TOAs)...
  [J0557+1551] zeroing residuals...
  [J0557+1551] adding red noise...
  [J0557+1551] white noise for S-wide_PUPPI (58 TOAs)...
  [J0557+1551] white noise for L-wide_PUPPI (467 TOAs)...
  [J0605+3757] zeroing residuals...
  [J0605+3757] adding red noise...
  [J0605+3757] white noise for Rcvr1_2_GUPPI (318 TOAs)...
  [J0605+3757] white noise for Rcvr_800_GUPPI (236 TOAs)...
  [J0610-2100] zeroing residuals...
  [J0610-2100] adding red noise...
  [J0610-2100] white noise for Rcvr1_2_GUPPI (2401 TOAs)...
  [J0610-2100] white noise for Rcvr_800_GUPPI (2484 TOAs)...
  [J0613-0200] zeroing residuals...
  [J0613-0200] adding red noise...
  [J0613-0200] white noise for Rcvr1_2_GASP (992 TOAs)...
  [J0613-0200] white noise for Rcvr_800_GUPPI (7900 TOAs)...
  [J0613-0200] white noise for Rcvr1_2_GUPPI (7423 TOAs)...
  [J0613-0200] white noise for Rcvr_800_GASP (809 TOAs)...
  [J0636+5128] zeroing residuals...
  [J0636+5128] adding red noise...
  [J0636+5128] white noise for Rcvr1_2_GUPPI (14803 TOAs)...
  [J0636+5128] white noise for Rcvr_800_GUPPI (17419 TOAs)...
  [J0645+5158] zeroing residuals...
  [J0645+5158] adding red noise...
  [J0645+5158] white noise for Rcvr1_2_GUPPI (5721 TOAs)...
  [J0645+5158] white noise for Rcvr_800_GUPPI (4682 TOAs)...
  [J0709+0458] zeroing residuals...
  [J0709+0458] adding red noise...
  [J0709+0458] white noise for S-wide_PUPPI (595 TOAs)...
  [J0709+0458] white noise for L-wide_PUPPI (2435 TOAs)...
  [J0740+6620] zeroing residuals...
  [J0740+6620] adding red noise...
  [J0740+6620] white noise for Rcvr1_2_GUPPI (8265 TOAs)...
  [J0740+6620] white noise for Rcvr_800_GUPPI (5136 TOAs)...
  [J0931-1902] zeroing residuals...
  [J0931-1902] adding red noise...
  [J0931-1902] white noise for Rcvr1_2_GUPPI (2054 TOAs)...
  [J0931-1902] white noise for Rcvr_800_GUPPI (3419 TOAs)...
  [J1012+5307] zeroing residuals...
  [J1012+5307] adding red noise...
  [J1012+5307] white noise for Rcvr1_2_GASP (1479 TOAs)...
  [J1012+5307] white noise for Rcvr_800_GUPPI (10299 TOAs)...
  [J1012+5307] white noise for Rcvr1_2_GUPPI (12849 TOAs)...
  [J1012+5307] white noise for Rcvr_800_GASP (1210 TOAs)...
  [J1012-4235] zeroing residuals...
  [J1012-4235] adding red noise...
  [J1012-4235] white noise for Rcvr1_2_GUPPI (455 TOAs)...
  [J1012-4235] white noise for Rcvr_800_GUPPI (342 TOAs)...
  [J1022+1001] zeroing residuals...
  [J1022+1001] adding red noise...
  [J1022+1001] white noise for S-wide_PUPPI (1154 TOAs)...
  [J1022+1001] white noise for L-wide_PUPPI (2592 TOAs)...
  [J1022+1001] white noise for 430_PUPPI (232 TOAs)...
  [J1024-0719] zeroing residuals...
  [J1024-0719] adding red noise...
  [J1024-0719] white noise for Rcvr1_2_GASP (43 TOAs)...
  [J1024-0719] white noise for Rcvr_800_GUPPI (5455 TOAs)...
  [J1024-0719] white noise for Rcvr1_2_GUPPI (7086 TOAs)...
  [J1024-0719] white noise for Rcvr_800_GASP (51 TOAs)...
  [J1125+7819] zeroing residuals...
  [J1125+7819] adding red noise...
  [J1125+7819] white noise for Rcvr1_2_GUPPI (4016 TOAs)...
  [J1125+7819] white noise for Rcvr_800_GUPPI (4707 TOAs)...
  [J1312+0051] zeroing residuals...
  [J1312+0051] adding red noise...
  [J1312+0051] white noise for S-wide_PUPPI (416 TOAs)...
  [J1312+0051] white noise for L-wide_PUPPI (1289 TOAs)...
  [J1453+1902] zeroing residuals...
  [J1453+1902] adding red noise...
  [J1453+1902] white noise for S-wide_PUPPI (4 TOAs)...
  [J1453+1902] white noise for L-wide_PUPPI (2122 TOAs)...
  [J1453+1902] white noise for 430_PUPPI (425 TOAs)...
  [J1455-3330] zeroing residuals...
  [J1455-3330] adding red noise...
  [J1455-3330] white noise for Rcvr1_2_GASP (564 TOAs)...
  [J1455-3330] white noise for Rcvr_800_GUPPI (4843 TOAs)...
  [J1455-3330] white noise for Rcvr1_2_GUPPI (4932 TOAs)...
  [J1455-3330] white noise for Rcvr_800_GASP (479 TOAs)...
  [J1600-3053] zeroing residuals...
  [J1600-3053] adding red noise...
  [J1600-3053] white noise for Rcvr_800_GASP (297 TOAs)...
  [J1600-3053] white noise for Rcvr1_2_GASP (457 TOAs)...
  [J1600-3053] white noise for Rcvr_800_GUPPI (8796 TOAs)...
  [J1600-3053] white noise for Rcvr1_2_GUPPI (10168 TOAs)...
  [J1600-3053] white noise for 3GHz_YUPPI (3237 TOAs)...
  [J1614-2230] zeroing residuals...
  [J1614-2230] adding red noise...
  [J1614-2230] white noise for Rcvr1_2_GASP (84 TOAs)...
  [J1614-2230] white noise for Rcvr_800_GUPPI (7768 TOAs)...
  [J1614-2230] white noise for Rcvr1_2_GUPPI (10509 TOAs)...
  [J1614-2230] white noise for Rcvr_800_GASP (84 TOAs)...
  [J1630+3734] zeroing residuals...
  [J1630+3734] adding red noise...
  [J1630+3734] white noise for Rcvr1_2_GUPPI (909 TOAs)...
  [J1630+3734] white noise for Rcvr_800_GUPPI (906 TOAs)...
  [J1640+2224] zeroing residuals...
  [J1640+2224] adding red noise...
  [J1640+2224] white noise for 430_ASP (340 TOAs)...
  [J1640+2224] white noise for L-wide_ASP (722 TOAs)...
  [J1640+2224] white noise for 430_PUPPI (3157 TOAs)...
  [J1640+2224] white noise for L-wide_PUPPI (9847 TOAs)...
  [J1643-1224] zeroing residuals...
  [J1643-1224] adding red noise...
  [J1643-1224] white noise for Rcvr_800_GASP (559 TOAs)...
  [J1643-1224] white noise for Rcvr1_2_GASP (833 TOAs)...
  [J1643-1224] white noise for Rcvr_800_GUPPI (7734 TOAs)...
  [J1643-1224] white noise for Rcvr1_2_GUPPI (8803 TOAs)...
  [J1643-1224] white noise for 3GHz_YUPPI (4215 TOAs)...
  [J1705-1903] zeroing residuals...
  [J1705-1903] adding red noise...
  [J1705-1903] white noise for Rcvr1_2_GUPPI (6350 TOAs)...
  [J1705-1903] white noise for Rcvr_800_GUPPI (3521 TOAs)...
  [J1713+0747] zeroing residuals...
  [J1713+0747] adding red noise...
  [J1713+0747] white noise for S-wide_ASP (624 TOAs)...
  [J1713+0747] white noise for L-wide_PUPPI (12743 TOAs)...
  [J1713+0747] white noise for Rcvr_800_GASP (1032 TOAs)...
  [J1713+0747] white noise for 1.5GHz_YUPPI (1461 TOAs)...
  [J1713+0747] white noise for Rcvr1_2_GASP (1109 TOAs)...
  [J1713+0747] white noise for Rcvr_800_GUPPI (8479 TOAs)...
  [J1713+0747] white noise for S-wide_PUPPI (7482 TOAs)...
  [J1713+0747] white noise for L-wide_ASP (843 TOAs)...
  [J1713+0747] white noise for Rcvr1_2_GUPPI (22334 TOAs)...
  [J1713+0747] white noise for 3GHz_YUPPI (3282 TOAs)...
  [J1719-1438] zeroing residuals...
  [J1719-1438] adding red noise...
  [J1719-1438] white noise for Rcvr1_2_GUPPI (2722 TOAs)...
  [J1719-1438] white noise for Rcvr_800_GUPPI (3634 TOAs)...
  [J1730-2304] zeroing residuals...
  [J1730-2304] adding red noise...
  [J1730-2304] white noise for Rcvr1_2_GUPPI (2367 TOAs)...
  [J1730-2304] white noise for Rcvr_800_GUPPI (2503 TOAs)...
  [J1738+0333] zeroing residuals...
  [J1738+0333] adding red noise...
  [J1738+0333] white noise for S-wide_PUPPI (1737 TOAs)...
  [J1738+0333] white noise for S-wide_ASP (134 TOAs)...
  [J1738+0333] white noise for L-wide_PUPPI (6718 TOAs)...
  [J1738+0333] white noise for L-wide_ASP (201 TOAs)...
  [J1741+1351] zeroing residuals...
  [J1741+1351] adding red noise...
  [J1741+1351] white noise for S-wide_ASP (115 TOAs)...
  [J1741+1351] white noise for L-wide_PUPPI (4045 TOAs)...
  [J1741+1351] white noise for L-wide_ASP (236 TOAs)...
  [J1741+1351] white noise for 430_PUPPI (1159 TOAs)...
  [J1741+1351] white noise for 430_ASP (27 TOAs)...
  [J1744-1134] zeroing residuals...
  [J1744-1134] adding red noise...
  [J1744-1134] white noise for Rcvr1_2_GASP (807 TOAs)...
  [J1744-1134] white noise for Rcvr_800_GUPPI (7899 TOAs)...
  [J1744-1134] white noise for Rcvr1_2_GUPPI (8109 TOAs)...
  [J1744-1134] white noise for Rcvr_800_GASP (930 TOAs)...
  [J1745+1017] zeroing residuals...
  [J1745+1017] adding red noise...
  [J1745+1017] white noise for S-wide_PUPPI (838 TOAs)...
  [J1745+1017] white noise for L-wide_PUPPI (2179 TOAs)...
  [J1747-4036] zeroing residuals...
  [J1747-4036] adding red noise...
  [J1747-4036] white noise for Rcvr1_2_GUPPI (5239 TOAs)...
  [J1747-4036] white noise for Rcvr_800_GUPPI (5816 TOAs)...
  [J1751-2857] zeroing residuals...
  [J1751-2857] adding red noise...
  [J1751-2857] white noise for Rcvr1_2_GUPPI (1786 TOAs)...
  [J1751-2857] white noise for Rcvr_800_GUPPI (239 TOAs)...
  [J1802-2124] zeroing residuals...
  [J1802-2124] adding red noise...
  [J1802-2124] white noise for Rcvr1_2_GUPPI (3231 TOAs)...
  [J1802-2124] white noise for Rcvr_800_GUPPI (3565 TOAs)...
  [J1811-2405] zeroing residuals...
  [J1811-2405] adding red noise...
  [J1811-2405] white noise for Rcvr1_2_GUPPI (2638 TOAs)...
  [J1811-2405] white noise for Rcvr_800_GUPPI (2628 TOAs)...
  [J1832-0836] zeroing residuals...
  [J1832-0836] adding red noise...
  [J1832-0836] white noise for Rcvr1_2_GUPPI (4661 TOAs)...
  [J1832-0836] white noise for Rcvr_800_GUPPI (3078 TOAs)...
  [J1843-1113] zeroing residuals...
  [J1843-1113] adding red noise...
  [J1843-1113] white noise for Rcvr1_2_GUPPI (2394 TOAs)...
  [J1843-1113] white noise for Rcvr_800_GUPPI (2201 TOAs)...
  [J1853+1303] zeroing residuals...
  [J1853+1303] adding red noise...
  [J1853+1303] white noise for 430_ASP (24 TOAs)...
  [J1853+1303] white noise for L-wide_ASP (33 TOAs)...
  [J1853+1303] white noise for 430_PUPPI (1151 TOAs)...
  [J1853+1303] white noise for L-wide_PUPPI (3362 TOAs)...
  [J1903+0327] zeroing residuals...
  [J1903+0327] adding red noise...
  [J1903+0327] white noise for S-wide_ASP (151 TOAs)...
  [J1903+0327] white noise for L-wide_PUPPI (3845 TOAs)...
  [J1903+0327] white noise for S-wide_PUPPI (2282 TOAs)...
  [J1903+0327] white noise for L-wide_ASP (139 TOAs)...
  [J1903+0327] white noise for 3GHz_YUPPI (439 TOAs)...
  [J1909-3744] zeroing residuals...
  [J1909-3744] adding red noise...
  [J1909-3744] white noise for Rcvr_800_GASP (866 TOAs)...
  [J1909-3744] white noise for Rcvr1_2_GASP (808 TOAs)...
  [J1909-3744] white noise for Rcvr_800_GUPPI (9399 TOAs)...
  [J1909-3744] white noise for Rcvr1_2_GUPPI (20439 TOAs)...
  [J1909-3744] white noise for 3GHz_YUPPI (3525 TOAs)...
  [J1910+1256] zeroing residuals...
  [J1910+1256] adding red noise...
  [J1910+1256] white noise for S-wide_PUPPI (1857 TOAs)...
  [J1910+1256] white noise for S-wide_ASP (208 TOAs)...
  [J1910+1256] white noise for L-wide_PUPPI (4124 TOAs)...
  [J1910+1256] white noise for L-wide_ASP (297 TOAs)...
  [J1911+1347] zeroing residuals...
  [J1911+1347] adding red noise...
  [J1911+1347] white noise for L-wide_PUPPI (3033 TOAs)...
  [J1911+1347] white noise for 430_PUPPI (753 TOAs)...
  [J1918-0642] zeroing residuals...
  [J1918-0642] adding red noise...
  [J1918-0642] white noise for Rcvr1_2_GASP (778 TOAs)...
  [J1918-0642] white noise for Rcvr_800_GUPPI (8352 TOAs)...
  [J1918-0642] white noise for Rcvr1_2_GUPPI (8910 TOAs)...
  [J1918-0642] white noise for Rcvr_800_GASP (835 TOAs)...
  [J1923+2515] zeroing residuals...
  [J1923+2515] adding red noise...
  [J1923+2515] white noise for 430_ASP (10 TOAs)...
  [J1923+2515] white noise for L-wide_ASP (14 TOAs)...
  [J1923+2515] white noise for 430_PUPPI (922 TOAs)...
  [J1923+2515] white noise for L-wide_PUPPI (3028 TOAs)...
  [J1944+0907] zeroing residuals...
  [J1944+0907] adding red noise...
  [J1944+0907] white noise for S-wide_ASP (116 TOAs)...
  [J1944+0907] white noise for L-wide_PUPPI (3900 TOAs)...
  [J1944+0907] white noise for L-wide_ASP (257 TOAs)...
  [J1944+0907] white noise for 430_PUPPI (1017 TOAs)...
  [J1944+0907] white noise for 430_ASP (38 TOAs)...
  [J1946+3417] zeroing residuals...
  [J1946+3417] adding red noise...
  [J1946+3417] white noise for S-wide_PUPPI (1546 TOAs)...
  [J1946+3417] white noise for L-wide_PUPPI (3197 TOAs)...
  [J2010-1323] zeroing residuals...
  [J2010-1323] adding red noise...
  [J2010-1323] white noise for Rcvr1_2_GASP (70 TOAs)...
  [J2010-1323] white noise for Rcvr_800_GUPPI (9158 TOAs)...
  [J2010-1323] white noise for Rcvr1_2_GUPPI (7779 TOAs)...
  [J2010-1323] white noise for Rcvr_800_GASP (70 TOAs)...
  [J2017+0603] zeroing residuals...
  [J2017+0603] adding red noise...
  [J2017+0603] white noise for S-wide_PUPPI (849 TOAs)...
  [J2017+0603] white noise for L-wide_PUPPI (2569 TOAs)...
  [J2017+0603] white noise for L-wide_ASP (16 TOAs)...
  [J2017+0603] white noise for 430_PUPPI (78 TOAs)...
  [J2033+1734] zeroing residuals...
  [J2033+1734] adding red noise...
  [J2033+1734] white noise for L-wide_PUPPI (3050 TOAs)...
  [J2033+1734] white noise for 430_PUPPI (797 TOAs)...
  [J2043+1711] zeroing residuals...
  [J2043+1711] adding red noise...
  [J2043+1711] white noise for 430_ASP (30 TOAs)...
  [J2043+1711] white noise for L-wide_ASP (40 TOAs)...
  [J2043+1711] white noise for 430_PUPPI (2908 TOAs)...
  [J2043+1711] white noise for L-wide_PUPPI (4419 TOAs)...
  [J2124-3358] zeroing residuals...
  [J2124-3358] adding red noise...
  [J2124-3358] white noise for Rcvr1_2_GUPPI (2957 TOAs)...
  [J2124-3358] white noise for Rcvr_800_GUPPI (2025 TOAs)...
  [J2145-0750] zeroing residuals...
  [J2145-0750] adding red noise...
  [J2145-0750] white noise for Rcvr1_2_GASP (427 TOAs)...
  [J2145-0750] white noise for Rcvr_800_GUPPI (8728 TOAs)...
  [J2145-0750] white noise for Rcvr1_2_GUPPI (9158 TOAs)...
  [J2145-0750] white noise for Rcvr_800_GASP (362 TOAs)...
  [J2214+3000] zeroing residuals...
  [J2214+3000] adding red noise...
  [J2214+3000] white noise for S-wide_PUPPI (1568 TOAs)...
  [J2214+3000] white noise for L-wide_PUPPI (5829 TOAs)...
  [J2214+3000] white noise for L-wide_ASP (9 TOAs)...
  [J2229+2643] zeroing residuals...
  [J2229+2643] adding red noise...
  [J2229+2643] white noise for L-wide_PUPPI (2755 TOAs)...
  [J2229+2643] white noise for 430_PUPPI (956 TOAs)...
  [J2234+0611] zeroing residuals...
  [J2234+0611] adding red noise...
  [J2234+0611] white noise for L-wide_PUPPI (2913 TOAs)...
  [J2234+0611] white noise for 430_PUPPI (653 TOAs)...
  [J2234+0944] zeroing residuals...
  [J2234+0944] adding red noise...
  [J2234+0944] white noise for S-wide_PUPPI (2532 TOAs)...
  [J2234+0944] white noise for L-wide_PUPPI (5003 TOAs)...
  [J2302+4442] zeroing residuals...
  [J2302+4442] adding red noise...
  [J2302+4442] white noise for Rcvr1_2_GUPPI (3779 TOAs)...
  [J2302+4442] white noise for Rcvr_800_GUPPI (6432 TOAs)...
  [J2317+1439] zeroing residuals...
  [J2317+1439] adding red noise...
  [J2317+1439] white noise for L-wide_PUPPI (9563 TOAs)...
  [J2317+1439] white noise for 430_PUPPI (3217 TOAs)...
  [J2317+1439] white noise for 327_PUPPI (276 TOAs)...
  [J2317+1439] white noise for 327_ASP (413 TOAs)...
  [J2317+1439] white noise for 430_ASP (458 TOAs)...
  [J2322+2057] zeroing residuals...
  [J2322+2057] adding red noise...
  [J2322+2057] white noise for S-wide_PUPPI (140 TOAs)...
  [J2322+2057] white noise for L-wide_PUPPI (2196 TOAs)...
  [J2322+2057] white noise for 430_PUPPI (752 TOAs)...
Resetting pulsars to clean stoas...
Restore: 0.00 s
Inject: 0.00 s
Snapshotting into enterprise Pulsar objects...
Building PTA...
PTA build: 467.77 s
Computing optimal statistic...
OS time: 47.28 s
Total: 515.05 s
Noise-only SNR baseline: -0.6552

Generating SNR-consistent population...
Target SNR: 4.0
Resetting pulsars to clean stoas...
Restore: 0.01 s
Injecting population...
  B1855+09: RMS = 1512.184 ns
  B1937+21: RMS = 1521.004 ns
  B1953+29: RMS = 1011.308 ns
  J0023+0923: RMS = 902.697 ns
  J0030+0451: RMS = 770.911 ns
  J0340+4130: RMS = 1345.854 ns
  J0406+3039: RMS = 883.865 ns
  J0437-4715: RMS = 1583.840 ns
  J0509+0856: RMS = 1185.852 ns
  J0557+1551: RMS = 1671.783 ns
  J0605+3757: RMS = 1491.614 ns
  J0610-2100: RMS = 684.394 ns
  J0613-0200: RMS = 889.533 ns
  J0636+5128: RMS = 1205.830 ns
  J0645+5158: RMS = 1282.015 ns
  J0709+0458: RMS = 1186.788 ns
  J0740+6620: RMS = 548.274 ns
  J0931-1902: RMS = 2856.675 ns
  J1012+5307: RMS = 1054.009 ns
  J1012-4235: RMS = 204.978 ns
  J1022+1001: RMS = 1283.691 ns
  J1024-0719: RMS = 1810.869 ns
  J1125+7819: RMS = 1196.387 ns
  J1312+0051: RMS = 1016.951 ns
  J1453+1902: RMS = 1645.664 ns
  J1455-3330: RMS = 809.325 ns
  J1600-3053: RMS = 1248.719 ns
  J1614-2230: RMS = 1035.966 ns
  J1630+3734: RMS = 615.166 ns
  J1640+2224: RMS = 1637.251 ns
  J1643-1224: RMS = 2529.364 ns
  J1705-1903: RMS = 282.790 ns
  J1713+0747: RMS = 1483.556 ns
  J1719-1438: RMS = 413.035 ns
  J1730-2304: RMS = 381.155 ns
  J1738+0333: RMS = 1256.984 ns
  J1741+1351: RMS = 1292.699 ns
  J1744-1134: RMS = 1624.837 ns
  J1745+1017: RMS = 557.772 ns
  J1747-4036: RMS = 786.039 ns
  J1751-2857: RMS = 296.681 ns
  J1802-2124: RMS = 353.195 ns
  J1811-2405: RMS = 396.708 ns
  J1832-0836: RMS = 425.334 ns
  J1843-1113: RMS = 692.843 ns
  J1853+1303: RMS = 1873.351 ns
  J1903+0327: RMS = 2320.365 ns
  J1909-3744: RMS = 2588.287 ns
  J1910+1256: RMS = 1521.274 ns
  J1911+1347: RMS = 1026.929 ns
  J1918-0642: RMS = 1825.839 ns
  J1923+2515: RMS = 1490.003 ns
  J1944+0907: RMS = 2163.318 ns
  J1946+3417: RMS = 974.618 ns
  J2010-1323: RMS = 2175.801 ns
  J2017+0603: RMS = 1376.435 ns
  J2033+1734: RMS = 600.711 ns
  J2043+1711: RMS = 1630.664 ns
  J2124-3358: RMS = 634.133 ns
  J2145-0750: RMS = 2340.966 ns
  J2214+3000: RMS = 2451.311 ns
  J2229+2643: RMS = 689.300 ns
  J2234+0611: RMS = 1761.097 ns
  J2234+0944: RMS = 983.361 ns
  J2302+4442: RMS = 1238.446 ns
  J2317+1439: RMS = 1234.265 ns
  J2322+2057: RMS = 487.836 ns
Inject: 167.48 s
Snapshotting into enterprise Pulsar objects...
Building PTA...
PTA build: 461.52 s
Computing optimal statistic...
OS time: 47.67 s
Total: 676.69 s
Initial SNR: 10.7550, Target SNR: 4.0000
  Initial SNR 10.7550 outside of provided SNR_range [3.5, 4.25] — rescaling.
Scaling distances by factor 1.5656 to achieve target SNR...
Resetting pulsars to clean stoas...
Restore: 0.01 s
Injecting population...
  B1855+09: RMS = 965.889 ns
  B1937+21: RMS = 971.522 ns
  B1953+29: RMS = 645.960 ns
  J0023+0923: RMS = 576.586 ns
  J0030+0451: RMS = 492.409 ns
  J0340+4130: RMS = 859.647 ns
  J0406+3039: RMS = 564.557 ns
  J0437-4715: RMS = 1011.658 ns
  J0509+0856: RMS = 757.448 ns
  J0557+1551: RMS = 1067.830 ns
  J0605+3757: RMS = 952.749 ns
  J0610-2100: RMS = 437.148 ns
  J0613-0200: RMS = 568.178 ns
  J0636+5128: RMS = 770.208 ns
  J0645+5158: RMS = 818.871 ns
  J0709+0458: RMS = 758.046 ns
  J0740+6620: RMS = 350.203 ns
  J0931-1902: RMS = 1824.665 ns
  J1012+5307: RMS = 673.235 ns
  J1012-4235: RMS = 130.927 ns
  J1022+1001: RMS = 819.941 ns
  J1024-0719: RMS = 1156.669 ns
  J1125+7819: RMS = 764.177 ns
  J1312+0051: RMS = 649.565 ns
  J1453+1902: RMS = 1051.147 ns
  J1455-3330: RMS = 516.946 ns
  J1600-3053: RMS = 797.603 ns
  J1614-2230: RMS = 661.710 ns
  J1630+3734: RMS = 392.930 ns
  J1640+2224: RMS = 1045.773 ns
  J1643-1224: RMS = 1615.599 ns
  J1705-1903: RMS = 180.628 ns
  J1713+0747: RMS = 947.603 ns
  J1719-1438: RMS = 263.821 ns
  J1730-2304: RMS = 243.458 ns
  J1738+0333: RMS = 802.883 ns
  J1741+1351: RMS = 825.695 ns
  J1744-1134: RMS = 1037.844 ns
  J1745+1017: RMS = 356.270 ns
  J1747-4036: RMS = 502.073 ns
  J1751-2857: RMS = 189.501 ns
  J1802-2124: RMS = 225.599 ns
  J1811-2405: RMS = 253.392 ns
  J1832-0836: RMS = 271.677 ns
  J1843-1113: RMS = 442.545 ns
  J1853+1303: RMS = 1196.579 ns
  J1903+0327: RMS = 1482.104 ns
  J1909-3744: RMS = 1653.235 ns
  J1910+1256: RMS = 971.694 ns
  J1911+1347: RMS = 655.938 ns
  J1918-0642: RMS = 1166.231 ns
  J1923+2515: RMS = 951.720 ns
  J1944+0907: RMS = 1381.792 ns
  J1946+3417: RMS = 622.525 ns
  J2010-1323: RMS = 1389.765 ns
  J2017+0603: RMS = 879.180 ns
  J2033+1734: RMS = 383.696 ns
  J2043+1711: RMS = 1041.566 ns
  J2124-3358: RMS = 405.044 ns
  J2145-0750: RMS = 1495.262 ns
  J2214+3000: RMS = 1565.743 ns
  J2229+2643: RMS = 440.282 ns
  J2234+0611: RMS = 1124.879 ns
  J2234+0944: RMS = 628.109 ns
  J2302+4442: RMS = 791.042 ns
  J2317+1439: RMS = 788.371 ns
  J2322+2057: RMS = 311.599 ns
Inject: 194.03 s
Snapshotting into enterprise Pulsar objects...
Building PTA...
PTA build: 450.90 s
Computing optimal statistic...
OS time: 47.97 s
Total: 692.91 s
  SNR 3.4417 outside of provided SNR_range [3.5, 4.25] — rescaling.
[Iteration 1/4] SNR after scaling: 3.4417 (target: 4.0000)
  SNR history: it0→10.7550@1.0000x, it1→3.4417@1.5656x
  Re-scaling distances by factor 0.7992  (cumulative after: 1.2512×)
Resetting pulsars to clean stoas...
Restore: 0.01 s
Injecting population...
  B1855+09: RMS = 1208.554 ns
  B1937+21: RMS = 1215.602 ns
  B1953+29: RMS = 808.248 ns
  J0023+0923: RMS = 721.445 ns
  J0030+0451: RMS = 616.120 ns
  J0340+4130: RMS = 1075.620 ns
  J0406+3039: RMS = 706.394 ns
  J0437-4715: RMS = 1265.821 ns
  J0509+0856: RMS = 947.745 ns
  J0557+1551: RMS = 1336.107 ns
  J0605+3757: RMS = 1192.113 ns
  J0610-2100: RMS = 546.975 ns
  J0613-0200: RMS = 710.924 ns
  J0636+5128: RMS = 963.712 ns
  J0645+5158: RMS = 1024.600 ns
  J0709+0458: RMS = 948.494 ns
  J0740+6620: RMS = 438.186 ns
  J0931-1902: RMS = 2283.085 ns
  J1012+5307: RMS = 842.375 ns
  J1012-4235: RMS = 163.821 ns
  J1022+1001: RMS = 1025.939 ns
  J1024-0719: RMS = 1447.265 ns
  J1125+7819: RMS = 956.165 ns
  J1312+0051: RMS = 812.758 ns
  J1453+1902: RMS = 1315.232 ns
  J1455-3330: RMS = 646.821 ns
  J1600-3053: RMS = 997.989 ns
  J1614-2230: RMS = 827.955 ns
  J1630+3734: RMS = 491.647 ns
  J1640+2224: RMS = 1308.508 ns
  J1643-1224: RMS = 2021.494 ns
  J1705-1903: RMS = 226.008 ns
  J1713+0747: RMS = 1185.674 ns
  J1719-1438: RMS = 330.102 ns
  J1730-2304: RMS = 304.623 ns
  J1738+0333: RMS = 1004.595 ns
  J1741+1351: RMS = 1033.138 ns
  J1744-1134: RMS = 1298.586 ns
  J1745+1017: RMS = 445.777 ns
  J1747-4036: RMS = 628.211 ns
  J1751-2857: RMS = 237.110 ns
  J1802-2124: RMS = 282.277 ns
  J1811-2405: RMS = 317.053 ns
  J1832-0836: RMS = 339.931 ns
  J1843-1113: RMS = 553.728 ns
  J1853+1303: RMS = 1497.202 ns
  J1903+0327: RMS = 1854.460 ns
  J1909-3744: RMS = 2068.586 ns
  J1910+1256: RMS = 1215.818 ns
  J1911+1347: RMS = 820.732 ns
  J1918-0642: RMS = 1459.229 ns
  J1923+2515: RMS = 1190.826 ns
  J1944+0907: RMS = 1728.946 ns
  J1946+3417: RMS = 778.925 ns
  J2010-1323: RMS = 1738.923 ns
  J2017+0603: RMS = 1100.061 ns
  J2033+1734: RMS = 480.094 ns
  J2043+1711: RMS = 1303.244 ns
  J2124-3358: RMS = 506.806 ns
  J2145-0750: RMS = 1870.924 ns
  J2214+3000: RMS = 1959.113 ns
  J2229+2643: RMS = 550.896 ns
  J2234+0611: RMS = 1407.487 ns
  J2234+0944: RMS = 785.912 ns
  J2302+4442: RMS = 989.779 ns
  J2317+1439: RMS = 986.437 ns
  J2322+2057: RMS = 389.883 ns
Inject: 173.16 s
Snapshotting into enterprise Pulsar objects...
Building PTA...
PTA build: 448.39 s
Computing optimal statistic...
OS time: 46.35 s
Total: 667.90 s
  SNR 6.2456 outside of provided SNR_range [3.5, 4.25] — rescaling.
[Iteration 2/4] SNR after scaling: 6.2456 (target: 4.0000)
  SNR history: it0→10.7550@1.0000x, it1→3.4417@1.5656x, it2→6.2456@1.2512x
  Re-scaling distances by factor 1.1186  (cumulative after: 1.3996×)
Resetting pulsars to clean stoas...
Restore: 0.01 s
Injecting population...
  B1855+09: RMS = 1080.430 ns
  B1937+21: RMS = 1086.731 ns
  B1953+29: RMS = 722.562 ns
  J0023+0923: RMS = 644.961 ns
  J0030+0451: RMS = 550.802 ns
  J0340+4130: RMS = 961.589 ns
  J0406+3039: RMS = 631.506 ns
  J0437-4715: RMS = 1131.626 ns
  J0509+0856: RMS = 847.271 ns
  J0557+1551: RMS = 1194.460 ns
  J0605+3757: RMS = 1065.732 ns
  J0610-2100: RMS = 488.987 ns
  J0613-0200: RMS = 635.556 ns
  J0636+5128: RMS = 861.544 ns
  J0645+5158: RMS = 915.977 ns
  J0709+0458: RMS = 847.940 ns
  J0740+6620: RMS = 391.732 ns
  J0931-1902: RMS = 2041.045 ns
  J1012+5307: RMS = 753.071 ns
  J1012-4235: RMS = 146.453 ns
  J1022+1001: RMS = 917.175 ns
  J1024-0719: RMS = 1293.834 ns
  J1125+7819: RMS = 854.798 ns
  J1312+0051: RMS = 726.594 ns
  J1453+1902: RMS = 1175.799 ns
  J1455-3330: RMS = 578.249 ns
  J1600-3053: RMS = 892.188 ns
  J1614-2230: RMS = 740.180 ns
  J1630+3734: RMS = 439.526 ns
  J1640+2224: RMS = 1169.787 ns
  J1643-1224: RMS = 1807.187 ns
  J1705-1903: RMS = 202.048 ns
  J1713+0747: RMS = 1059.975 ns
  J1719-1438: RMS = 295.106 ns
  J1730-2304: RMS = 272.329 ns
  J1738+0333: RMS = 898.093 ns
  J1741+1351: RMS = 923.611 ns
  J1744-1134: RMS = 1160.918 ns
  J1745+1017: RMS = 398.518 ns
  J1747-4036: RMS = 561.611 ns
  J1751-2857: RMS = 211.973 ns
  J1802-2124: RMS = 252.352 ns
  J1811-2405: RMS = 283.441 ns
  J1832-0836: RMS = 303.894 ns
  J1843-1113: RMS = 495.025 ns
  J1853+1303: RMS = 1338.477 ns
  J1903+0327: RMS = 1657.861 ns
  J1909-3744: RMS = 1849.286 ns
  J1910+1256: RMS = 1086.924 ns
  J1911+1347: RMS = 733.723 ns
  J1918-0642: RMS = 1304.530 ns
  J1923+2515: RMS = 1064.581 ns
  J1944+0907: RMS = 1545.653 ns
  J1946+3417: RMS = 696.348 ns
  J2010-1323: RMS = 1554.572 ns
  J2017+0603: RMS = 983.439 ns
  J2033+1734: RMS = 429.198 ns
  J2043+1711: RMS = 1165.081 ns
  J2124-3358: RMS = 453.077 ns
  J2145-0750: RMS = 1672.580 ns
  J2214+3000: RMS = 1751.419 ns
  J2229+2643: RMS = 492.493 ns
  J2234+0611: RMS = 1258.274 ns
  J2234+0944: RMS = 702.594 ns
  J2302+4442: RMS = 884.848 ns
  J2317+1439: RMS = 881.861 ns
  J2322+2057: RMS = 348.550 ns
Inject: 170.35 s
Snapshotting into enterprise Pulsar objects...
Building PTA...
PTA build: 455.54 s
Computing optimal statistic...
OS time: 48.71 s
Total: 674.60 s
  SNR 4.6771 outside of provided SNR_range [3.5, 4.25] — rescaling.
[Iteration 3/4] SNR after scaling: 4.6771 (target: 4.0000)
  SNR history: it0→10.7550@1.0000x, it1→3.4417@1.5656x, it2→6.2456@1.2512x, it3→4.6771@1.3996x
  Re-scaling distances by factor 1.0576  (cumulative after: 1.4803×)
Resetting pulsars to clean stoas...
Restore: 0.01 s
Injecting population...
  B1855+09: RMS = 1021.555 ns
  B1937+21: RMS = 1027.513 ns
  B1953+29: RMS = 683.188 ns
  J0023+0923: RMS = 609.816 ns
  J0030+0451: RMS = 520.788 ns
  J0340+4130: RMS = 909.190 ns
  J0406+3039: RMS = 597.094 ns
  J0437-4715: RMS = 1069.962 ns
  J0509+0856: RMS = 801.101 ns
  J0557+1551: RMS = 1129.372 ns
  J0605+3757: RMS = 1007.659 ns
  J0610-2100: RMS = 462.342 ns
  J0613-0200: RMS = 600.923 ns
  J0636+5128: RMS = 814.597 ns
  J0645+5158: RMS = 866.064 ns
  J0709+0458: RMS = 801.734 ns
  J0740+6620: RMS = 370.386 ns
  J0931-1902: RMS = 1929.825 ns
  J1012+5307: RMS = 712.035 ns
  J1012-4235: RMS = 138.473 ns
  J1022+1001: RMS = 867.197 ns
  J1024-0719: RMS = 1223.331 ns
  J1125+7819: RMS = 808.218 ns
  J1312+0051: RMS = 687.001 ns
  J1453+1902: RMS = 1111.727 ns
  J1455-3330: RMS = 546.739 ns
  J1600-3053: RMS = 843.571 ns
  J1614-2230: RMS = 699.846 ns
  J1630+3734: RMS = 415.575 ns
  J1640+2224: RMS = 1106.043 ns
  J1643-1224: RMS = 1708.710 ns
  J1705-1903: RMS = 191.038 ns
  J1713+0747: RMS = 1002.215 ns
  J1719-1438: RMS = 279.025 ns
  J1730-2304: RMS = 257.489 ns
  J1738+0333: RMS = 849.155 ns
  J1741+1351: RMS = 873.281 ns
  J1744-1134: RMS = 1097.657 ns
  J1745+1017: RMS = 376.802 ns
  J1747-4036: RMS = 531.008 ns
  J1751-2857: RMS = 200.422 ns
  J1802-2124: RMS = 238.600 ns
  J1811-2405: RMS = 267.995 ns
  J1832-0836: RMS = 287.334 ns
  J1843-1113: RMS = 468.050 ns
  J1853+1303: RMS = 1265.541 ns
  J1903+0327: RMS = 1567.521 ns
  J1909-3744: RMS = 1748.515 ns
  J1910+1256: RMS = 1027.695 ns
  J1911+1347: RMS = 693.741 ns
  J1918-0642: RMS = 1233.444 ns
  J1923+2515: RMS = 1006.570 ns
  J1944+0907: RMS = 1461.428 ns
  J1946+3417: RMS = 658.403 ns
  J2010-1323: RMS = 1469.860 ns
  J2017+0603: RMS = 929.850 ns
  J2033+1734: RMS = 405.810 ns
  J2043+1711: RMS = 1101.594 ns
  J2124-3358: RMS = 428.388 ns
  J2145-0750: RMS = 1581.438 ns
  J2214+3000: RMS = 1655.981 ns
  J2229+2643: RMS = 465.656 ns
  J2234+0611: RMS = 1189.708 ns
  J2234+0944: RMS = 664.309 ns
  J2302+4442: RMS = 836.631 ns
  J2317+1439: RMS = 833.807 ns
  J2322+2057: RMS = 329.557 ns
Inject: 155.82 s
Snapshotting into enterprise Pulsar objects...
Building PTA...
PTA build: 469.62 s
Computing optimal statistic...
OS time: 45.63 s
Total: 671.07 s
  ✓ SNR is within the provided SNR_range: 4.0225 ∈ [3.5, 4.25]

Final SNR history:
  it 0: cumulative_scale=1.0000×  SNR=10.7550
  it 1: cumulative_scale=1.5656×  SNR=3.4417
  it 2: cumulative_scale=1.2512×  SNR=6.2456
  it 3: cumulative_scale=1.3996×  SNR=4.6771
  it 4: cumulative_scale=1.4803×  SNR=4.0225
✓ Simulation 1 done (3419.7 s)

======================================================================
ENSEMBLE SUMMARY
======================================================================
Success rate: 100.0% (1/1)

Binaries per population:
  Mean ± std : 10000000 ± 0
  Range      : [10000000, 10000000]

SNR achieved:
  Mean ± std : 4.0225 ± 0.0000
  Range      : [4.0225, 4.0225]

Total time: 3974.9 s (66.2 min)
======================================================================

💾 Saved: data/2026-04-29/pessimistic_run_117/consistent_population_pessimistic_targetSNR4.25_sims1.json
💾 Saved compressed pickle: data/2026-04-29/pessimistic_run_117/consistent_population_pessimistic_targetSNR4.25_sims1.pkl.gz

======================================================================
CONTINUOUS WAVE SNR ANALYSIS
======================================================================

--- Population 1 ---
Precomputation of phiinvs, TNTs, Ts, Nvecs, Sigmas took 0.04 seconds.
Total SNR computation for population took 317.75 seconds.
Top 50 CGW candidates:
   1. proxy_rank= 579  sky_w=1.32  f=1.17e-08 Hz  Mc=2.61e+09 Msun  h0=1.34e-15  SNR=2.603
   2. proxy_rank= 286  sky_w=1.38  f=9.80e-09 Hz  Mc=4.88e+09 Msun  h0=1.35e-15  SNR=1.461
   3. proxy_rank=  55  sky_w=1.00  f=4.81e-09 Hz  Mc=3.07e+09 Msun  h0=1.45e-15  SNR=1.360
   4. proxy_rank=  21  sky_w=1.57  f=3.98e-09 Hz  Mc=4.30e+09 Msun  h0=1.01e-15  SNR=1.330
   5. proxy_rank= 470  sky_w=1.60  f=6.45e-09 Hz  Mc=3.16e+09 Msun  h0=6.54e-16  SNR=1.297
   6. proxy_rank= 108  sky_w=1.47  f=4.95e-09 Hz  Mc=4.44e+09 Msun  h0=8.38e-16  SNR=1.204
   7. proxy_rank= 334  sky_w=1.47  f=5.67e-09 Hz  Mc=4.17e+09 Msun  h0=7.00e-16  SNR=1.166
   8. proxy_rank= 285  sky_w=1.53  f=6.24e-09 Hz  Mc=3.86e+09 Msun  h0=7.79e-16  SNR=1.116
   9. proxy_rank= 618  sky_w=1.51  f=5.99e-09 Hz  Mc=3.21e+09 Msun  h0=5.91e-16  SNR=1.067
  10. proxy_rank= 616  sky_w=0.71  f=9.00e-09 Hz  Mc=3.04e+09 Msun  h0=1.89e-15  SNR=1.004
  11. proxy_rank=  23  sky_w=1.06  f=3.69e-09 Hz  Mc=4.78e+09 Msun  h0=1.36e-15  SNR=0.945
  12. proxy_rank= 612  sky_w=1.08  f=7.53e-09 Hz  Mc=5.12e+09 Msun  h0=1.04e-15  SNR=0.942
  13. proxy_rank= 429  sky_w=1.13  f=4.98e-09 Hz  Mc=3.74e+09 Msun  h0=7.34e-16  SNR=0.929
  14. proxy_rank= 675  sky_w=1.12  f=5.44e-09 Hz  Mc=4.84e+09 Msun  h0=7.00e-16  SNR=0.920
  15. proxy_rank= 384  sky_w=1.61  f=5.03e-09 Hz  Mc=2.80e+09 Msun  h0=5.44e-16  SNR=0.899
  16. proxy_rank= 575  sky_w=1.39  f=5.08e-09 Hz  Mc=2.35e+09 Msun  h0=5.55e-16  SNR=0.853
  17. proxy_rank= 558  sky_w=1.37  f=5.87e-09 Hz  Mc=4.28e+09 Msun  h0=6.54e-16  SNR=0.801
  18. proxy_rank= 931  sky_w=1.60  f=6.67e-09 Hz  Mc=1.70e+09 Msun  h0=5.40e-16  SNR=0.773
  19. proxy_rank= 314  sky_w=1.61  f=4.45e-09 Hz  Mc=4.24e+09 Msun  h0=5.12e-16  SNR=0.760
  20. proxy_rank= 167  sky_w=1.23  f=6.79e-09 Hz  Mc=3.01e+09 Msun  h0=1.22e-15  SNR=0.756
  21. proxy_rank=  95  sky_w=1.43  f=3.73e-09 Hz  Mc=4.94e+09 Msun  h0=6.62e-16  SNR=0.755
  22. proxy_rank= 451  sky_w=1.48  f=4.69e-09 Hz  Mc=4.27e+09 Msun  h0=5.18e-16  SNR=0.734
  23. proxy_rank= 156  sky_w=1.53  f=3.89e-09 Hz  Mc=3.18e+09 Msun  h0=5.77e-16  SNR=0.720
  24. proxy_rank= 563  sky_w=0.76  f=4.49e-09 Hz  Mc=1.50e+09 Msun  h0=8.98e-16  SNR=0.711
  25. proxy_rank= 430  sky_w=1.21  f=4.31e-09 Hz  Mc=2.94e+09 Msun  h0=5.90e-16  SNR=0.701
  26. proxy_rank= 376  sky_w=0.83  f=4.48e-09 Hz  Mc=6.43e+09 Msun  h0=9.45e-16  SNR=0.691
  27. proxy_rank=  82  sky_w=1.37  f=5.03e-09 Hz  Mc=4.11e+09 Msun  h0=9.76e-16  SNR=0.678
  28. proxy_rank= 663  sky_w=1.45  f=4.86e-09 Hz  Mc=4.17e+09 Msun  h0=4.86e-16  SNR=0.677
  29. proxy_rank= 441  sky_w=1.40  f=4.64e-09 Hz  Mc=4.53e+09 Msun  h0=5.44e-16  SNR=0.675
  30. proxy_rank= 438  sky_w=1.41  f=4.28e-09 Hz  Mc=3.20e+09 Msun  h0=5.01e-16  SNR=0.672
  31. proxy_rank=  45  sky_w=1.46  f=3.18e-09 Hz  Mc=2.59e+09 Msun  h0=7.03e-16  SNR=0.670
  32. proxy_rank=   6  sky_w=1.60  f=2.50e-09 Hz  Mc=5.84e+09 Msun  h0=8.23e-16  SNR=0.667
  33. proxy_rank= 514  sky_w=1.00  f=6.15e-09 Hz  Mc=5.21e+09 Msun  h0=9.68e-16  SNR=0.656
  34. proxy_rank= 316  sky_w=1.62  f=4.70e-09 Hz  Mc=2.28e+09 Msun  h0=5.33e-16  SNR=0.650
  35. proxy_rank= 551  sky_w=1.57  f=4.73e-09 Hz  Mc=4.12e+09 Msun  h0=4.62e-16  SNR=0.648
  36. proxy_rank= 633  sky_w=1.62  f=4.59e-09 Hz  Mc=3.11e+09 Msun  h0=4.19e-16  SNR=0.642
  37. proxy_rank=  12  sky_w=1.48  f=2.86e-09 Hz  Mc=5.89e+09 Msun  h0=8.71e-16  SNR=0.632
  38. proxy_rank= 158  sky_w=1.49  f=3.57e-09 Hz  Mc=4.58e+09 Msun  h0=5.41e-16  SNR=0.615
  39. proxy_rank= 223  sky_w=0.96  f=4.12e-09 Hz  Mc=3.08e+09 Msun  h0=8.83e-16  SNR=0.613
  40. proxy_rank= 324  sky_w=0.97  f=3.82e-09 Hz  Mc=3.94e+09 Msun  h0=7.23e-16  SNR=0.592
  41. proxy_rank= 213  sky_w=1.37  f=3.58e-09 Hz  Mc=5.10e+09 Msun  h0=5.47e-16  SNR=0.581
  42. proxy_rank=   1  sky_w=1.56  f=2.06e-09 Hz  Mc=8.19e+09 Msun  h0=9.45e-16  SNR=0.576
  43. proxy_rank= 373  sky_w=1.05  f=3.76e-09 Hz  Mc=4.64e+09 Msun  h0=6.24e-16  SNR=0.575
  44. proxy_rank=  53  sky_w=1.54  f=3.49e-09 Hz  Mc=3.66e+09 Msun  h0=6.93e-16  SNR=0.567
  45. proxy_rank= 303  sky_w=1.49  f=3.65e-09 Hz  Mc=3.93e+09 Msun  h0=4.59e-16  SNR=0.560
  46. proxy_rank= 424  sky_w=1.30  f=4.47e-09 Hz  Mc=1.01e+09 Msun  h0=5.75e-16  SNR=0.552
  47. proxy_rank= 196  sky_w=0.79  f=3.49e-09 Hz  Mc=6.36e+09 Msun  h0=9.36e-16  SNR=0.540
  48. proxy_rank=  37  sky_w=1.58  f=3.39e-09 Hz  Mc=5.97e+09 Msun  h0=7.23e-16  SNR=0.538
  49. proxy_rank=  60  sky_w=1.48  f=2.95e-09 Hz  Mc=1.68e+09 Msun  h0=5.82e-16  SNR=0.535
  50. proxy_rank=  67  sky_w=1.52  f=3.22e-09 Hz  Mc=5.57e+09 Msun  h0=5.99e-16  SNR=0.532
💾 Saved: data/2026-04-29/pessimistic_run_117/consistent_population_pessimistic_targetSNR4.25_sims1.json
💾 Saved compressed pickle: data/2026-04-29/pessimistic_run_117/consistent_population_pessimistic_targetSNR4.25_sims1.pkl.gz
Saved to figures/cgw_analysis_pessimistic.pdf

======================================================================
ANALYSIS COMPLETE
Results saved to: data/2026-04-29/pessimistic_run_117
======================================================================

==========================================
Job finished at: Wed Apr 29 14:12:08 AEST 2026
Exit code: 0
==========================================

+------------------ Job Report: 11736957 (COMPLETED) ------------------+
| Memory (RAM)  [################### ] 99.2% (39.7 GB peak / 40 GB)    |
| CPU           [################    ] 84.5% average                   |
| Time          [------------------> ] 93.3% (0-01:19:17 / 0-01:25:00) |
|                                                                      |
| Lustre Filesystem:                                                   |
|   Path    Total Read    Total Write    Total IOPS                    |
|   ------  ------------  -------------  ------------                  |
|   /apps   0 B           0 B            5                             |
|   /fred   232 KB        6.8 MB         39                            |
|   /home   377.8 MB      0 B            2 K                           |
|   OS      0 B           0 B            2                             |
+----------------------------------------------------------------------+
