==========================================
Job ID: 11718050
Job Name: smbhb_pessimistic
Node: gina303
Start Time: Tue Apr 28 17:18:57 AEST 2026
==========================================

/home/bhoulden/.conda/envs/smbhb312/share/tempo2
Working directory: /fred/oz005/users/bhoulden/SMBHB_population_injections

Loaded modules:

Starting SMBHB analysis...
==========================================

📁 Save directory: data/2026-04-28/pessimistic_run_43
📝 Run name: pessimistic_run_43

[MEM] Start: 243.2 MB

📡 Loading pulsars...
======================================================================
LOADING NANOGRAV PULSARS (libstempo)
======================================================================

📦 Loading from cache: nanograv_pulsars_cache.pkl
⚠ Cache load failed: Ran out of input
[DEBUG] Found 76 .par files
[tempo2Util.C:396] Warning: [MISC1] Unknown parameter in par file:  DMDATA
[tempo2Util.C:401] Warning: [DUP1] duplicated warnings have been suppressed.

WARNING: Using tempo RNAMP parameter: setting TNRedC to 100!
[observatory.C:271] Warning: Assuming site 'arecibo' means 'ao'
✓ Loaded B1855+09 (7758 TOAs)

WARNING: Using tempo RNAMP parameter: setting TNRedC to 100!
✓ Loaded B1937+21 (23023 TOAs)

WARNING: Using tempo RNAMP parameter: setting TNRedC to 100!
✓ Loaded B1937+21ao (7241 TOAs)

WARNING: Using tempo RNAMP parameter: setting TNRedC to 100!
✓ Loaded B1937+21gbt (16048 TOAs)

WARNING: Using tempo RNAMP parameter: setting TNRedC to 100!
✓ Loaded B1953+29 (5126 TOAs)
✓ Loaded J0023+0923 (15896 TOAs)

WARNING: Using tempo RNAMP parameter: setting TNRedC to 100!
✓ Loaded J0030+0451 (19571 TOAs)
✓ Loaded J0340+4130 (11093 TOAs)
✓ Loaded J0406+3039 (2446 TOAs)

WARNING: Using tempo RNAMP parameter: setting TNRedC to 100!
✓ Loaded J0437-4715 (5830 TOAs)
✓ Loaded J0509+0856 (2169 TOAs)
✓ Loaded J0557+1551 (525 TOAs)
✓ Loaded J0605+3757 (554 TOAs)

WARNING: Using tempo RNAMP parameter: setting TNRedC to 100!
✓ Loaded J0610-2100 (4885 TOAs)

WARNING: Using tempo RNAMP parameter: setting TNRedC to 100!
✓ Loaded J0613-0200 (17124 TOAs)
✓ Loaded J0614-3329 (1714 TOAs)
✓ Loaded J0636+5128 (32222 TOAs)
✓ Loaded J0645+5158 (10403 TOAs)
✓ Loaded J0709+0458 (3030 TOAs)
✓ Loaded J0740+6620 (13401 TOAs)
✓ Loaded J0931-1902 (5473 TOAs)

WARNING: Using tempo RNAMP parameter: setting TNRedC to 100!
✓ Loaded J1012+5307 (25837 TOAs)
✓ Loaded J1012-4235 (797 TOAs)
✓ Loaded J1022+1001 (3978 TOAs)
✓ Loaded J1024-0719 (12635 TOAs)
✓ Loaded J1125+7819 (8723 TOAs)
✓ Loaded J1312+0051 (1705 TOAs)
✓ Loaded J1453+1902 (2551 TOAs)
✓ Loaded J1455-3330 (10818 TOAs)

WARNING: Using tempo RNAMP parameter: setting TNRedC to 100!
✓ Loaded J1600-3053 (22955 TOAs)

WARNING: Using tempo RNAMP parameter: setting TNRedC to 100!
✓ Loaded J1600-3053gbt (19725 TOAs)

WARNING: Using tempo RNAMP parameter: setting TNRedC to 100!
✓ Loaded J1614-2230 (18445 TOAs)
✓ Loaded J1630+3734 (1815 TOAs)
✓ Loaded J1640+2224 (14066 TOAs)

WARNING: Using tempo RNAMP parameter: setting TNRedC to 100!
✓ Loaded J1643-1224 (22144 TOAs)

WARNING: Using tempo RNAMP parameter: setting TNRedC to 100!
✓ Loaded J1643-1224gbt (17932 TOAs)

WARNING: Using tempo RNAMP parameter: setting TNRedC to 100!
✓ Loaded J1705-1903 (9871 TOAs)

WARNING: Using tempo RNAMP parameter: setting TNRedC to 100!
✓ Loaded J1713+0747 (59389 TOAs)

WARNING: Using tempo RNAMP parameter: setting TNRedC to 100!
✓ Loaded J1713+0747ao (21362 TOAs)

WARNING: Using tempo RNAMP parameter: setting TNRedC to 100!
✓ Loaded J1713+0747gbt (32963 TOAs)
✓ Loaded J1719-1438 (6356 TOAs)
✓ Loaded J1730-2304 (4870 TOAs)
✓ Loaded J1738+0333 (8790 TOAs)
✓ Loaded J1741+1351 (5582 TOAs)

WARNING: Using tempo RNAMP parameter: setting TNRedC to 100!
✓ Loaded J1744-1134 (17745 TOAs)

WARNING: Using tempo RNAMP parameter: setting TNRedC to 100!
✓ Loaded J1745+1017 (3017 TOAs)

WARNING: Using tempo RNAMP parameter: setting TNRedC to 100!
✓ Loaded J1747-4036 (11055 TOAs)
✓ Loaded J1751-2857 (2025 TOAs)

WARNING: Using tempo RNAMP parameter: setting TNRedC to 100!
✓ Loaded J1802-2124 (6796 TOAs)
✓ Loaded J1811-2405 (5266 TOAs)
✓ Loaded J1832-0836 (7739 TOAs)
✓ Loaded J1843-1113 (4595 TOAs)

WARNING: Using tempo RNAMP parameter: setting TNRedC to 100!
✓ Loaded J1853+1303 (4570 TOAs)

WARNING: Using tempo RNAMP parameter: setting TNRedC to 100!
✓ Loaded J1903+0327 (6856 TOAs)

WARNING: Using tempo RNAMP parameter: setting TNRedC to 100!
✓ Loaded J1903+0327ao (6423 TOAs)

WARNING: Using tempo RNAMP parameter: setting TNRedC to 100!
✓ Loaded J1909-3744 (35037 TOAs)

WARNING: Using tempo RNAMP parameter: setting TNRedC to 100!
✓ Loaded J1909-3744gbt (31526 TOAs)
✓ Loaded J1910+1256 (6486 TOAs)
✓ Loaded J1911+1347 (3786 TOAs)
✓ Loaded J1918-0642 (18875 TOAs)
✓ Loaded J1923+2515 (3974 TOAs)
✓ Loaded J1944+0907 (5328 TOAs)

WARNING: Using tempo RNAMP parameter: setting TNRedC to 100!
✓ Loaded J1946+3417 (4743 TOAs)
✓ Loaded J2010-1323 (17077 TOAs)
✓ Loaded J2017+0603 (3512 TOAs)
✓ Loaded J2033+1734 (3847 TOAs)
✓ Loaded J2043+1711 (7397 TOAs)
✓ Loaded J2124-3358 (4982 TOAs)

WARNING: Using tempo RNAMP parameter: setting TNRedC to 100!
✓ Loaded J2145-0750 (18675 TOAs)
✓ Loaded J2214+3000 (7406 TOAs)
✓ Loaded J2229+2643 (3711 TOAs)

WARNING: Using tempo RNAMP parameter: setting TNRedC to 100!
✓ Loaded J2234+0611 (3566 TOAs)
✓ Loaded J2234+0944 (7535 TOAs)
✓ Loaded J2302+4442 (10211 TOAs)
✓ Loaded J2317+1439 (13927 TOAs)
✓ Loaded J2322+2057 (3088 TOAs)
⚠ Could not save cache: no default __reduce__ due to non-trivial __cinit__

✓ Loaded 76 pulsars
✗ Failed: 0 — []
[MEM] After loading pulsars: 8873.0 MB

🔍 Filtering pulsars...

Filtered: 76 → 67 pulsars
[MEM] After filtering pulsars: 8874.1 MB
[MEM] After garbage collection: 8874.3 MB

======================================================================
SMBHB POPULATION ANALYSIS
======================================================================

Configuration: pessimistic
  Lower mass, lower spread in distance, large population
  N_binaries: 10000000

======================================================================
CONSISTENT POPULATION SYNTHESIS
======================================================================

======================================================================
GENERATING SNR-CONSISTENT POPULATIONS
======================================================================
Target SNR:          4.0
Simulations:         1
======================================================================


──────────────────────────────────────────────────────────────────────
SIMULATION 1/1
──────────────────────────────────────────────────────────────────────
  [B1855+09] zeroing residuals...
  [B1855+09] adding red noise...
  [B1855+09] white noise for 430_ASP (390 TOAs)...
  [B1855+09] white noise for 430_PUPPI (1185 TOAs)...
  [B1855+09] white noise for L-wide_ASP (1178 TOAs)...
  [B1855+09] white noise for L-wide_PUPPI (5005 TOAs)...
  [B1937+21] zeroing residuals...
  [B1937+21] adding red noise...
  [B1937+21] white noise for Rcvr1_2_GASP (1069 TOAs)...
  [B1937+21] white noise for S-wide_ASP (344 TOAs)...
  [B1937+21] white noise for Rcvr_800_GASP (586 TOAs)...
  [B1937+21] white noise for L-wide_PUPPI (4133 TOAs)...
  [B1937+21] white noise for S-wide_PUPPI (2251 TOAs)...
  [B1937+21] white noise for Rcvr1_2_GUPPI (7048 TOAs)...
  [B1937+21] white noise for L-wide_ASP (452 TOAs)...
  [B1937+21] white noise for Rcvr_800_GUPPI (7140 TOAs)...
  [B1953+29] zeroing residuals...
  [B1953+29] adding red noise...
  [B1953+29] white noise for 430_PUPPI (941 TOAs)...
  [B1953+29] white noise for S-wide_ASP (25 TOAs)...
  [B1953+29] white noise for L-wide_PUPPI (4037 TOAs)...
  [B1953+29] white noise for 430_ASP (29 TOAs)...
  [B1953+29] white noise for L-wide_ASP (94 TOAs)...
  [J0023+0923] zeroing residuals...
  [J0023+0923] adding red noise...
  [J0023+0923] white noise for 430_ASP (90 TOAs)...
  [J0023+0923] white noise for 430_PUPPI (4564 TOAs)...
  [J0023+0923] white noise for L-wide_ASP (119 TOAs)...
  [J0023+0923] white noise for L-wide_PUPPI (11123 TOAs)...
  [J0030+0451] zeroing residuals...
  [J0030+0451] adding red noise...
  [J0030+0451] white noise for 430_PUPPI (3068 TOAs)...
  [J0030+0451] white noise for L-wide_PUPPI (12774 TOAs)...
  [J0030+0451] white noise for S-wide_PUPPI (2673 TOAs)...
  [J0030+0451] white noise for 430_ASP (267 TOAs)...
  [J0030+0451] white noise for L-wide_ASP (789 TOAs)...
  [J0340+4130] zeroing residuals...
  [J0340+4130] adding red noise...
  [J0340+4130] white noise for Rcvr1_2_GUPPI (5037 TOAs)...
  [J0340+4130] white noise for Rcvr_800_GUPPI (6056 TOAs)...
  [J0406+3039] zeroing residuals...
  [J0406+3039] adding red noise...
  [J0406+3039] white noise for S-wide_PUPPI (575 TOAs)...
  [J0406+3039] white noise for L-wide_PUPPI (1871 TOAs)...
  [J0437-4715] zeroing residuals...
  [J0437-4715] adding red noise...
  [J0437-4715] white noise for 3GHz_YUPPI (3696 TOAs)...
  [J0437-4715] white noise for 1.5GHz_YUPPI (2134 TOAs)...
  [J0509+0856] zeroing residuals...
  [J0509+0856] adding red noise...
  [J0509+0856] white noise for S-wide_PUPPI (544 TOAs)...
  [J0509+0856] white noise for L-wide_PUPPI (1625 TOAs)...
  [J0557+1551] zeroing residuals...
  [J0557+1551] adding red noise...
  [J0557+1551] white noise for S-wide_PUPPI (58 TOAs)...
  [J0557+1551] white noise for L-wide_PUPPI (467 TOAs)...
  [J0605+3757] zeroing residuals...
  [J0605+3757] adding red noise...
  [J0605+3757] white noise for Rcvr1_2_GUPPI (318 TOAs)...
  [J0605+3757] white noise for Rcvr_800_GUPPI (236 TOAs)...
  [J0610-2100] zeroing residuals...
  [J0610-2100] adding red noise...
  [J0610-2100] white noise for Rcvr1_2_GUPPI (2401 TOAs)...
  [J0610-2100] white noise for Rcvr_800_GUPPI (2484 TOAs)...
  [J0613-0200] zeroing residuals...
  [J0613-0200] adding red noise...
  [J0613-0200] white noise for Rcvr1_2_GASP (992 TOAs)...
  [J0613-0200] white noise for Rcvr1_2_GUPPI (7423 TOAs)...
  [J0613-0200] white noise for Rcvr_800_GASP (809 TOAs)...
  [J0613-0200] white noise for Rcvr_800_GUPPI (7900 TOAs)...
  [J0636+5128] zeroing residuals...
  [J0636+5128] adding red noise...
  [J0636+5128] white noise for Rcvr1_2_GUPPI (14803 TOAs)...
  [J0636+5128] white noise for Rcvr_800_GUPPI (17419 TOAs)...
  [J0645+5158] zeroing residuals...
  [J0645+5158] adding red noise...
  [J0645+5158] white noise for Rcvr1_2_GUPPI (5721 TOAs)...
  [J0645+5158] white noise for Rcvr_800_GUPPI (4682 TOAs)...
  [J0709+0458] zeroing residuals...
  [J0709+0458] adding red noise...
  [J0709+0458] white noise for S-wide_PUPPI (595 TOAs)...
  [J0709+0458] white noise for L-wide_PUPPI (2435 TOAs)...
  [J0740+6620] zeroing residuals...
  [J0740+6620] adding red noise...
  [J0740+6620] white noise for Rcvr1_2_GUPPI (8265 TOAs)...
  [J0740+6620] white noise for Rcvr_800_GUPPI (5136 TOAs)...
  [J0931-1902] zeroing residuals...
  [J0931-1902] adding red noise...
  [J0931-1902] white noise for Rcvr1_2_GUPPI (2054 TOAs)...
  [J0931-1902] white noise for Rcvr_800_GUPPI (3419 TOAs)...
  [J1012+5307] zeroing residuals...
  [J1012+5307] adding red noise...
  [J1012+5307] white noise for Rcvr1_2_GASP (1479 TOAs)...
  [J1012+5307] white noise for Rcvr1_2_GUPPI (12849 TOAs)...
  [J1012+5307] white noise for Rcvr_800_GASP (1210 TOAs)...
  [J1012+5307] white noise for Rcvr_800_GUPPI (10299 TOAs)...
  [J1012-4235] zeroing residuals...
  [J1012-4235] adding red noise...
  [J1012-4235] white noise for Rcvr1_2_GUPPI (455 TOAs)...
  [J1012-4235] white noise for Rcvr_800_GUPPI (342 TOAs)...
  [J1022+1001] zeroing residuals...
  [J1022+1001] adding red noise...
  [J1022+1001] white noise for S-wide_PUPPI (1154 TOAs)...
  [J1022+1001] white noise for 430_PUPPI (232 TOAs)...
  [J1022+1001] white noise for L-wide_PUPPI (2592 TOAs)...
  [J1024-0719] zeroing residuals...
  [J1024-0719] adding red noise...
  [J1024-0719] white noise for Rcvr1_2_GASP (43 TOAs)...
  [J1024-0719] white noise for Rcvr1_2_GUPPI (7086 TOAs)...
  [J1024-0719] white noise for Rcvr_800_GASP (51 TOAs)...
  [J1024-0719] white noise for Rcvr_800_GUPPI (5455 TOAs)...
  [J1125+7819] zeroing residuals...
  [J1125+7819] adding red noise...
  [J1125+7819] white noise for Rcvr1_2_GUPPI (4016 TOAs)...
  [J1125+7819] white noise for Rcvr_800_GUPPI (4707 TOAs)...
  [J1312+0051] zeroing residuals...
  [J1312+0051] adding red noise...
  [J1312+0051] white noise for S-wide_PUPPI (416 TOAs)...
  [J1312+0051] white noise for L-wide_PUPPI (1289 TOAs)...
  [J1453+1902] zeroing residuals...
  [J1453+1902] adding red noise...
  [J1453+1902] white noise for S-wide_PUPPI (4 TOAs)...
  [J1453+1902] white noise for 430_PUPPI (425 TOAs)...
  [J1453+1902] white noise for L-wide_PUPPI (2122 TOAs)...
  [J1455-3330] zeroing residuals...
  [J1455-3330] adding red noise...
  [J1455-3330] white noise for Rcvr1_2_GASP (564 TOAs)...
  [J1455-3330] white noise for Rcvr1_2_GUPPI (4932 TOAs)...
  [J1455-3330] white noise for Rcvr_800_GASP (479 TOAs)...
  [J1455-3330] white noise for Rcvr_800_GUPPI (4843 TOAs)...
  [J1600-3053] zeroing residuals...
  [J1600-3053] adding red noise...
  [J1600-3053] white noise for Rcvr1_2_GASP (457 TOAs)...
  [J1600-3053] white noise for Rcvr_800_GASP (297 TOAs)...
  [J1600-3053] white noise for Rcvr1_2_GUPPI (10168 TOAs)...
  [J1600-3053] white noise for 3GHz_YUPPI (3237 TOAs)...
  [J1600-3053] white noise for Rcvr_800_GUPPI (8796 TOAs)...
  [J1614-2230] zeroing residuals...
  [J1614-2230] adding red noise...
  [J1614-2230] white noise for Rcvr1_2_GASP (84 TOAs)...
  [J1614-2230] white noise for Rcvr1_2_GUPPI (10509 TOAs)...
  [J1614-2230] white noise for Rcvr_800_GASP (84 TOAs)...
  [J1614-2230] white noise for Rcvr_800_GUPPI (7768 TOAs)...
  [J1630+3734] zeroing residuals...
  [J1630+3734] adding red noise...
  [J1630+3734] white noise for Rcvr1_2_GUPPI (909 TOAs)...
  [J1630+3734] white noise for Rcvr_800_GUPPI (906 TOAs)...
  [J1640+2224] zeroing residuals...
  [J1640+2224] adding red noise...
  [J1640+2224] white noise for 430_ASP (340 TOAs)...
  [J1640+2224] white noise for 430_PUPPI (3157 TOAs)...
  [J1640+2224] white noise for L-wide_ASP (722 TOAs)...
  [J1640+2224] white noise for L-wide_PUPPI (9847 TOAs)...
  [J1643-1224] zeroing residuals...
  [J1643-1224] adding red noise...
  [J1643-1224] white noise for Rcvr1_2_GASP (833 TOAs)...
  [J1643-1224] white noise for Rcvr_800_GASP (559 TOAs)...
  [J1643-1224] white noise for Rcvr1_2_GUPPI (8803 TOAs)...
  [J1643-1224] white noise for 3GHz_YUPPI (4215 TOAs)...
  [J1643-1224] white noise for Rcvr_800_GUPPI (7734 TOAs)...
  [J1705-1903] zeroing residuals...
  [J1705-1903] adding red noise...
  [J1705-1903] white noise for Rcvr1_2_GUPPI (6350 TOAs)...
  [J1705-1903] white noise for Rcvr_800_GUPPI (3521 TOAs)...
  [J1713+0747] zeroing residuals...
  [J1713+0747] adding red noise...
  [J1713+0747] white noise for Rcvr1_2_GASP (1109 TOAs)...
  [J1713+0747] white noise for S-wide_ASP (624 TOAs)...
  [J1713+0747] white noise for Rcvr_800_GASP (1032 TOAs)...
  [J1713+0747] white noise for L-wide_PUPPI (12743 TOAs)...
  [J1713+0747] white noise for S-wide_PUPPI (7482 TOAs)...
  [J1713+0747] white noise for Rcvr1_2_GUPPI (22334 TOAs)...
  [J1713+0747] white noise for 1.5GHz_YUPPI (1461 TOAs)...
  [J1713+0747] white noise for 3GHz_YUPPI (3282 TOAs)...
  [J1713+0747] white noise for L-wide_ASP (843 TOAs)...
  [J1713+0747] white noise for Rcvr_800_GUPPI (8479 TOAs)...
  [J1719-1438] zeroing residuals...
  [J1719-1438] adding red noise...
  [J1719-1438] white noise for Rcvr1_2_GUPPI (2722 TOAs)...
  [J1719-1438] white noise for Rcvr_800_GUPPI (3634 TOAs)...
  [J1730-2304] zeroing residuals...
  [J1730-2304] adding red noise...
  [J1730-2304] white noise for Rcvr1_2_GUPPI (2367 TOAs)...
  [J1730-2304] white noise for Rcvr_800_GUPPI (2503 TOAs)...
  [J1738+0333] zeroing residuals...
  [J1738+0333] adding red noise...
  [J1738+0333] white noise for S-wide_ASP (134 TOAs)...
  [J1738+0333] white noise for S-wide_PUPPI (1737 TOAs)...
  [J1738+0333] white noise for L-wide_ASP (201 TOAs)...
  [J1738+0333] white noise for L-wide_PUPPI (6718 TOAs)...
  [J1741+1351] zeroing residuals...
  [J1741+1351] adding red noise...
  [J1741+1351] white noise for 430_PUPPI (1159 TOAs)...
  [J1741+1351] white noise for S-wide_ASP (115 TOAs)...
  [J1741+1351] white noise for L-wide_PUPPI (4045 TOAs)...
  [J1741+1351] white noise for 430_ASP (27 TOAs)...
  [J1741+1351] white noise for L-wide_ASP (236 TOAs)...
  [J1744-1134] zeroing residuals...
  [J1744-1134] adding red noise...
  [J1744-1134] white noise for Rcvr1_2_GASP (807 TOAs)...
  [J1744-1134] white noise for Rcvr1_2_GUPPI (8109 TOAs)...
  [J1744-1134] white noise for Rcvr_800_GASP (930 TOAs)...
  [J1744-1134] white noise for Rcvr_800_GUPPI (7899 TOAs)...
  [J1745+1017] zeroing residuals...
  [J1745+1017] adding red noise...
  [J1745+1017] white noise for S-wide_PUPPI (838 TOAs)...
  [J1745+1017] white noise for L-wide_PUPPI (2179 TOAs)...
  [J1747-4036] zeroing residuals...
  [J1747-4036] adding red noise...
  [J1747-4036] white noise for Rcvr1_2_GUPPI (5239 TOAs)...
  [J1747-4036] white noise for Rcvr_800_GUPPI (5816 TOAs)...
  [J1751-2857] zeroing residuals...
  [J1751-2857] adding red noise...
  [J1751-2857] white noise for Rcvr1_2_GUPPI (1786 TOAs)...
  [J1751-2857] white noise for Rcvr_800_GUPPI (239 TOAs)...
  [J1802-2124] zeroing residuals...
  [J1802-2124] adding red noise...
  [J1802-2124] white noise for Rcvr1_2_GUPPI (3231 TOAs)...
  [J1802-2124] white noise for Rcvr_800_GUPPI (3565 TOAs)...
  [J1811-2405] zeroing residuals...
  [J1811-2405] adding red noise...
  [J1811-2405] white noise for Rcvr1_2_GUPPI (2638 TOAs)...
  [J1811-2405] white noise for Rcvr_800_GUPPI (2628 TOAs)...
  [J1832-0836] zeroing residuals...
  [J1832-0836] adding red noise...
  [J1832-0836] white noise for Rcvr1_2_GUPPI (4661 TOAs)...
  [J1832-0836] white noise for Rcvr_800_GUPPI (3078 TOAs)...
  [J1843-1113] zeroing residuals...
  [J1843-1113] adding red noise...
  [J1843-1113] white noise for Rcvr1_2_GUPPI (2394 TOAs)...
  [J1843-1113] white noise for Rcvr_800_GUPPI (2201 TOAs)...
  [J1853+1303] zeroing residuals...
  [J1853+1303] adding red noise...
  [J1853+1303] white noise for 430_ASP (24 TOAs)...
  [J1853+1303] white noise for 430_PUPPI (1151 TOAs)...
  [J1853+1303] white noise for L-wide_ASP (33 TOAs)...
  [J1853+1303] white noise for L-wide_PUPPI (3362 TOAs)...
  [J1903+0327] zeroing residuals...
  [J1903+0327] adding red noise...
  [J1903+0327] white noise for S-wide_ASP (151 TOAs)...
  [J1903+0327] white noise for L-wide_PUPPI (3845 TOAs)...
  [J1903+0327] white noise for S-wide_PUPPI (2282 TOAs)...
  [J1903+0327] white noise for 3GHz_YUPPI (439 TOAs)...
  [J1903+0327] white noise for L-wide_ASP (139 TOAs)...
  [J1909-3744] zeroing residuals...
  [J1909-3744] adding red noise...
  [J1909-3744] white noise for Rcvr1_2_GASP (808 TOAs)...
  [J1909-3744] white noise for Rcvr_800_GASP (866 TOAs)...
  [J1909-3744] white noise for Rcvr1_2_GUPPI (20439 TOAs)...
  [J1909-3744] white noise for 3GHz_YUPPI (3525 TOAs)...
  [J1909-3744] white noise for Rcvr_800_GUPPI (9399 TOAs)...
  [J1910+1256] zeroing residuals...
  [J1910+1256] adding red noise...
  [J1910+1256] white noise for S-wide_ASP (208 TOAs)...
  [J1910+1256] white noise for S-wide_PUPPI (1857 TOAs)...
  [J1910+1256] white noise for L-wide_ASP (297 TOAs)...
  [J1910+1256] white noise for L-wide_PUPPI (4124 TOAs)...
  [J1911+1347] zeroing residuals...
  [J1911+1347] adding red noise...
  [J1911+1347] white noise for 430_PUPPI (753 TOAs)...
  [J1911+1347] white noise for L-wide_PUPPI (3033 TOAs)...
  [J1918-0642] zeroing residuals...
  [J1918-0642] adding red noise...
  [J1918-0642] white noise for Rcvr1_2_GASP (778 TOAs)...
  [J1918-0642] white noise for Rcvr1_2_GUPPI (8910 TOAs)...
  [J1918-0642] white noise for Rcvr_800_GASP (835 TOAs)...
  [J1918-0642] white noise for Rcvr_800_GUPPI (8352 TOAs)...
  [J1923+2515] zeroing residuals...
  [J1923+2515] adding red noise...
  [J1923+2515] white noise for 430_ASP (10 TOAs)...
  [J1923+2515] white noise for 430_PUPPI (922 TOAs)...
  [J1923+2515] white noise for L-wide_ASP (14 TOAs)...
  [J1923+2515] white noise for L-wide_PUPPI (3028 TOAs)...
  [J1944+0907] zeroing residuals...
  [J1944+0907] adding red noise...
  [J1944+0907] white noise for 430_PUPPI (1017 TOAs)...
  [J1944+0907] white noise for S-wide_ASP (116 TOAs)...
  [J1944+0907] white noise for L-wide_PUPPI (3900 TOAs)...
  [J1944+0907] white noise for 430_ASP (38 TOAs)...
  [J1944+0907] white noise for L-wide_ASP (257 TOAs)...
  [J1946+3417] zeroing residuals...
  [J1946+3417] adding red noise...
  [J1946+3417] white noise for S-wide_PUPPI (1546 TOAs)...
  [J1946+3417] white noise for L-wide_PUPPI (3197 TOAs)...
  [J2010-1323] zeroing residuals...
  [J2010-1323] adding red noise...
  [J2010-1323] white noise for Rcvr1_2_GASP (70 TOAs)...
  [J2010-1323] white noise for Rcvr1_2_GUPPI (7779 TOAs)...
  [J2010-1323] white noise for Rcvr_800_GASP (70 TOAs)...
  [J2010-1323] white noise for Rcvr_800_GUPPI (9158 TOAs)...
  [J2017+0603] zeroing residuals...
  [J2017+0603] adding red noise...
  [J2017+0603] white noise for S-wide_PUPPI (849 TOAs)...
  [J2017+0603] white noise for 430_PUPPI (78 TOAs)...
  [J2017+0603] white noise for L-wide_ASP (16 TOAs)...
  [J2017+0603] white noise for L-wide_PUPPI (2569 TOAs)...
  [J2033+1734] zeroing residuals...
  [J2033+1734] adding red noise...
  [J2033+1734] white noise for 430_PUPPI (797 TOAs)...
  [J2033+1734] white noise for L-wide_PUPPI (3050 TOAs)...
  [J2043+1711] zeroing residuals...
  [J2043+1711] adding red noise...
  [J2043+1711] white noise for 430_ASP (30 TOAs)...
  [J2043+1711] white noise for 430_PUPPI (2908 TOAs)...
  [J2043+1711] white noise for L-wide_ASP (40 TOAs)...
  [J2043+1711] white noise for L-wide_PUPPI (4419 TOAs)...
  [J2124-3358] zeroing residuals...
  [J2124-3358] adding red noise...
  [J2124-3358] white noise for Rcvr1_2_GUPPI (2957 TOAs)...
  [J2124-3358] white noise for Rcvr_800_GUPPI (2025 TOAs)...
  [J2145-0750] zeroing residuals...
  [J2145-0750] adding red noise...
  [J2145-0750] white noise for Rcvr1_2_GASP (427 TOAs)...
  [J2145-0750] white noise for Rcvr1_2_GUPPI (9158 TOAs)...
  [J2145-0750] white noise for Rcvr_800_GASP (362 TOAs)...
  [J2145-0750] white noise for Rcvr_800_GUPPI (8728 TOAs)...
  [J2214+3000] zeroing residuals...
  [J2214+3000] adding red noise...
  [J2214+3000] white noise for S-wide_PUPPI (1568 TOAs)...
  [J2214+3000] white noise for L-wide_ASP (9 TOAs)...
  [J2214+3000] white noise for L-wide_PUPPI (5829 TOAs)...
  [J2229+2643] zeroing residuals...
  [J2229+2643] adding red noise...
  [J2229+2643] white noise for 430_PUPPI (956 TOAs)...
  [J2229+2643] white noise for L-wide_PUPPI (2755 TOAs)...
  [J2234+0611] zeroing residuals...
  [J2234+0611] adding red noise...
  [J2234+0611] white noise for 430_PUPPI (653 TOAs)...
  [J2234+0611] white noise for L-wide_PUPPI (2913 TOAs)...
  [J2234+0944] zeroing residuals...
  [J2234+0944] adding red noise...
  [J2234+0944] white noise for S-wide_PUPPI (2532 TOAs)...
  [J2234+0944] white noise for L-wide_PUPPI (5003 TOAs)...
  [J2302+4442] zeroing residuals...
  [J2302+4442] adding red noise...
  [J2302+4442] white noise for Rcvr1_2_GUPPI (3779 TOAs)...
  [J2302+4442] white noise for Rcvr_800_GUPPI (6432 TOAs)...
  [J2317+1439] zeroing residuals...
  [J2317+1439] adding red noise...
  [J2317+1439] white noise for 430_PUPPI (3217 TOAs)...
  [J2317+1439] white noise for 327_PUPPI (276 TOAs)...
  [J2317+1439] white noise for L-wide_PUPPI (9563 TOAs)...
  [J2317+1439] white noise for 430_ASP (458 TOAs)...
  [J2317+1439] white noise for 327_ASP (413 TOAs)...
  [J2322+2057] zeroing residuals...
  [J2322+2057] adding red noise...
  [J2322+2057] white noise for S-wide_PUPPI (140 TOAs)...
  [J2322+2057] white noise for 430_PUPPI (752 TOAs)...
  [J2322+2057] white noise for L-wide_PUPPI (2196 TOAs)...
Resetting pulsars to clean stoas...
Restore: 0.00 s
Inject: 0.00 s
Snapshotting into enterprise Pulsar objects...
Building PTA...
PTA build: 430.64 s
Computing optimal statistic...
OS time: 42.66 s
Total: 473.31 s
Noise-only SNR baseline: -1.2872

Generating SNR-consistent population...
Target SNR: 4.0
Resetting pulsars to clean stoas...
Restore: 0.00 s
Injecting population...
  B1855+09: RMS = 1811.561 ns
  B1937+21: RMS = 1638.516 ns
  B1953+29: RMS = 1937.801 ns
  J0023+0923: RMS = 2184.173 ns
  J0030+0451: RMS = 1176.093 ns
  J0340+4130: RMS = 1867.642 ns
  J0406+3039: RMS = 576.107 ns
  J0437-4715: RMS = 1106.950 ns
  J0509+0856: RMS = 245.714 ns
  J0557+1551: RMS = 220.917 ns
  J0605+3757: RMS = 818.012 ns
  J0610-2100: RMS = 292.057 ns
  J0613-0200: RMS = 3737.386 ns
  J0636+5128: RMS = 1329.151 ns
  J0645+5158: RMS = 2180.354 ns
  J0709+0458: RMS = 1249.119 ns
  J0740+6620: RMS = 2918.630 ns
  J0931-1902: RMS = 1482.312 ns
  J1012+5307: RMS = 3290.792 ns
  J1012-4235: RMS = 1400.106 ns
  J1022+1001: RMS = 1946.402 ns
  J1024-0719: RMS = 2052.417 ns
  J1125+7819: RMS = 1649.386 ns
  J1312+0051: RMS = 1502.583 ns
  J1453+1902: RMS = 776.288 ns
  J1455-3330: RMS = 649.753 ns
  J1600-3053: RMS = 1006.606 ns
  J1614-2230: RMS = 1162.077 ns
  J1630+3734: RMS = 392.867 ns
  J1640+2224: RMS = 1589.248 ns
  J1643-1224: RMS = 2335.362 ns
  J1705-1903: RMS = 421.118 ns
  J1713+0747: RMS = 1585.971 ns
  J1719-1438: RMS = 807.718 ns
  J1730-2304: RMS = 777.733 ns
  J1738+0333: RMS = 1706.675 ns
  J1741+1351: RMS = 1178.654 ns
  J1744-1134: RMS = 1412.938 ns
  J1745+1017: RMS = 1077.779 ns
  J1747-4036: RMS = 506.061 ns
  J1751-2857: RMS = 585.288 ns
  J1802-2124: RMS = 842.632 ns
  J1811-2405: RMS = 562.604 ns
  J1832-0836: RMS = 928.280 ns
  J1843-1113: RMS = 263.056 ns
  J1853+1303: RMS = 1314.562 ns
  J1903+0327: RMS = 1836.403 ns
  J1909-3744: RMS = 1871.057 ns
  J1910+1256: RMS = 1972.253 ns
  J1911+1347: RMS = 1285.604 ns
  J1918-0642: RMS = 989.616 ns
  J1923+2515: RMS = 1627.525 ns
  J1944+0907: RMS = 1698.987 ns
  J1946+3417: RMS = 1574.654 ns
  J2010-1323: RMS = 1149.634 ns
  J2017+0603: RMS = 1301.410 ns
  J2033+1734: RMS = 1009.170 ns
  J2043+1711: RMS = 1570.247 ns
  J2124-3358: RMS = 614.171 ns
  J2145-0750: RMS = 1136.742 ns
  J2214+3000: RMS = 2164.231 ns
  J2229+2643: RMS = 1963.973 ns
  J2234+0611: RMS = 2588.841 ns
  J2234+0944: RMS = 1309.163 ns
  J2302+4442: RMS = 2245.205 ns
  J2317+1439: RMS = 1348.717 ns
  J2322+2057: RMS = 1714.877 ns
Inject: 164.42 s
Snapshotting into enterprise Pulsar objects...
Building PTA...
PTA build: 428.02 s
Computing optimal statistic...
OS time: 51.29 s
Total: 643.74 s
Initial SNR: 41.2326, Target SNR: 4.0000
  Initial SNR 41.2326 outside of provided SNR_range [3.5, 4.25] — rescaling.
Scaling distances by factor 2.8359 to achieve target SNR...
Resetting pulsars to clean stoas...
Restore: 0.01 s
Injecting population...
  B1855+09: RMS = 638.806 ns
  B1937+21: RMS = 577.785 ns
  B1953+29: RMS = 683.321 ns
  J0023+0923: RMS = 770.199 ns
  J0030+0451: RMS = 414.722 ns
  J0340+4130: RMS = 658.581 ns
  J0406+3039: RMS = 203.151 ns
  J0437-4715: RMS = 390.341 ns
  J0509+0856: RMS = 86.646 ns
  J0557+1551: RMS = 77.901 ns
  J0605+3757: RMS = 288.453 ns
  J0610-2100: RMS = 102.987 ns
  J0613-0200: RMS = 1317.904 ns
  J0636+5128: RMS = 468.695 ns
  J0645+5158: RMS = 768.852 ns
  J0709+0458: RMS = 440.473 ns
  J0740+6620: RMS = 1029.188 ns
  J0931-1902: RMS = 522.703 ns
  J1012+5307: RMS = 1160.423 ns
  J1012-4235: RMS = 493.715 ns
  J1022+1001: RMS = 686.354 ns
  J1024-0719: RMS = 723.738 ns
  J1125+7819: RMS = 581.618 ns
  J1312+0051: RMS = 529.851 ns
  J1453+1902: RMS = 273.740 ns
  J1455-3330: RMS = 229.121 ns
  J1600-3053: RMS = 354.957 ns
  J1614-2230: RMS = 409.780 ns
  J1630+3734: RMS = 138.536 ns
  J1640+2224: RMS = 560.412 ns
  J1643-1224: RMS = 823.512 ns
  J1705-1903: RMS = 148.497 ns
  J1713+0747: RMS = 559.257 ns
  J1719-1438: RMS = 284.823 ns
  J1730-2304: RMS = 274.250 ns
  J1738+0333: RMS = 601.820 ns
  J1741+1351: RMS = 415.626 ns
  J1744-1134: RMS = 498.240 ns
  J1745+1017: RMS = 380.054 ns
  J1747-4036: RMS = 178.451 ns
  J1751-2857: RMS = 206.388 ns
  J1802-2124: RMS = 297.135 ns
  J1811-2405: RMS = 198.389 ns
  J1832-0836: RMS = 327.337 ns
  J1843-1113: RMS = 92.761 ns
  J1853+1303: RMS = 463.550 ns
  J1903+0327: RMS = 647.566 ns
  J1909-3744: RMS = 659.786 ns
  J1910+1256: RMS = 695.470 ns
  J1911+1347: RMS = 453.339 ns
  J1918-0642: RMS = 348.966 ns
  J1923+2515: RMS = 573.909 ns
  J1944+0907: RMS = 599.109 ns
  J1946+3417: RMS = 555.266 ns
  J2010-1323: RMS = 405.392 ns
  J2017+0603: RMS = 458.912 ns
  J2033+1734: RMS = 355.861 ns
  J2043+1711: RMS = 553.712 ns
  J2124-3358: RMS = 216.573 ns
  J2145-0750: RMS = 400.846 ns
  J2214+3000: RMS = 763.167 ns
  J2229+2643: RMS = 692.550 ns
  J2234+0611: RMS = 912.896 ns
  J2234+0944: RMS = 461.646 ns
  J2302+4442: RMS = 791.720 ns
  J2317+1439: RMS = 475.594 ns
  J2322+2057: RMS = 604.712 ns
Inject: 280.34 s
Snapshotting into enterprise Pulsar objects...
Building PTA...
PTA build: 424.53 s
Computing optimal statistic...
OS time: 48.33 s
Total: 753.21 s
  ✓ SNR is within the provided SNR_range: 4.1753 ∈ [3.5, 4.25]

Final SNR history:
  it 0: cumulative_scale=1.0000×  SNR=41.2326
  it 1: cumulative_scale=2.8359×  SNR=4.1753
✓ Simulation 1 done (1432.3 s)

======================================================================
ENSEMBLE SUMMARY
======================================================================
Success rate: 100.0% (1/1)

Binaries per population:
  Mean ± std : 10000000 ± 0
  Range      : [10000000, 10000000]

SNR achieved:
  Mean ± std : 4.1753 ± 0.0000
  Range      : [4.1753, 4.1753]

Total time: 1945.2 s (32.4 min)
======================================================================

💾 Saved: data/2026-04-28/pessimistic_run_43/consistent_population_pessimistic_targetSNR4.25_sims1.json
💾 Saved compressed pickle: data/2026-04-28/pessimistic_run_43/consistent_population_pessimistic_targetSNR4.25_sims1.pkl.gz

======================================================================
CONTINUOUS WAVE SNR ANALYSIS
======================================================================

--- Population 1 ---
Precomputation of phiinvs, TNTs, Ts, Nvecs, Sigmas took 0.04 seconds.
Total SNR computation for population took 420.67 seconds.
Top 50 CGW candidates:
   1. proxy_rank= 435  sky_w=1.38  f=1.04e-08 Hz  Mc=1.78e+09 Msun  h0=6.46e-16  SNR=0.983
   2. proxy_rank=   7  sky_w=1.56  f=4.24e-09 Hz  Mc=2.37e+09 Msun  h0=8.22e-16  SNR=0.946
   3. proxy_rank=  94  sky_w=1.13  f=6.21e-09 Hz  Mc=5.59e+09 Msun  h0=7.63e-16  SNR=0.939
   4. proxy_rank=  21  sky_w=1.26  f=4.52e-09 Hz  Mc=2.19e+09 Msun  h0=7.66e-16  SNR=0.938
   5. proxy_rank= 473  sky_w=1.04  f=8.97e-09 Hz  Mc=5.18e+09 Msun  h0=7.24e-16  SNR=0.775
   6. proxy_rank= 309  sky_w=1.39  f=7.20e-09 Hz  Mc=1.85e+09 Msun  h0=4.88e-16  SNR=0.761
   7. proxy_rank= 652  sky_w=1.45  f=7.65e-09 Hz  Mc=2.67e+09 Msun  h0=3.99e-16  SNR=0.732
   8. proxy_rank=  91  sky_w=0.86  f=5.06e-09 Hz  Mc=5.33e+09 Msun  h0=8.25e-16  SNR=0.687
   9. proxy_rank= 518  sky_w=1.19  f=6.24e-09 Hz  Mc=4.72e+09 Msun  h0=4.30e-16  SNR=0.652
  10. proxy_rank= 135  sky_w=1.12  f=5.85e-09 Hz  Mc=2.42e+09 Msun  h0=6.35e-16  SNR=0.589
  11. proxy_rank=  33  sky_w=1.61  f=3.78e-09 Hz  Mc=2.37e+09 Msun  h0=4.41e-16  SNR=0.588
  12. proxy_rank=   3  sky_w=1.60  f=3.27e-09 Hz  Mc=2.90e+09 Msun  h0=7.53e-16  SNR=0.586
  13. proxy_rank= 384  sky_w=1.45  f=6.12e-09 Hz  Mc=2.97e+09 Msun  h0=3.77e-16  SNR=0.585
  14. proxy_rank= 118  sky_w=1.34  f=4.67e-09 Hz  Mc=5.92e+09 Msun  h0=4.39e-16  SNR=0.572
  15. proxy_rank= 255  sky_w=1.06  f=5.10e-09 Hz  Mc=3.92e+09 Msun  h0=4.84e-16  SNR=0.540
  16. proxy_rank= 904  sky_w=1.34  f=7.30e-09 Hz  Mc=4.49e+09 Msun  h0=3.72e-16  SNR=0.526
  17. proxy_rank= 267  sky_w=1.13  f=4.86e-09 Hz  Mc=3.28e+09 Msun  h0=4.25e-16  SNR=0.512
  18. proxy_rank= 753  sky_w=1.45  f=6.53e-09 Hz  Mc=9.99e+08 Msun  h0=3.26e-16  SNR=0.504
  19. proxy_rank= 443  sky_w=1.08  f=5.70e-09 Hz  Mc=3.15e+09 Msun  h0=4.54e-16  SNR=0.501
  20. proxy_rank= 490  sky_w=1.16  f=5.73e-09 Hz  Mc=5.14e+09 Msun  h0=4.10e-16  SNR=0.497
  21. proxy_rank= 760  sky_w=1.58  f=6.00e-09 Hz  Mc=3.51e+09 Msun  h0=2.74e-16  SNR=0.462
  22. proxy_rank= 286  sky_w=1.49  f=4.86e-09 Hz  Mc=3.81e+09 Msun  h0=3.14e-16  SNR=0.451
  23. proxy_rank= 578  sky_w=1.45  f=5.50e-09 Hz  Mc=4.19e+09 Msun  h0=2.99e-16  SNR=0.450
  24. proxy_rank= 489  sky_w=1.24  f=5.49e-09 Hz  Mc=2.96e+09 Msun  h0=3.68e-16  SNR=0.444
  25. proxy_rank= 517  sky_w=1.24  f=4.93e-09 Hz  Mc=4.75e+09 Msun  h0=3.26e-16  SNR=0.428
  26. proxy_rank= 417  sky_w=1.42  f=5.87e-09 Hz  Mc=2.70e+09 Msun  h0=3.62e-16  SNR=0.427
  27. proxy_rank= 568  sky_w=1.30  f=5.24e-09 Hz  Mc=2.09e+09 Msun  h0=3.18e-16  SNR=0.422
  28. proxy_rank=  43  sky_w=1.26  f=4.15e-09 Hz  Mc=7.30e+09 Msun  h0=5.73e-16  SNR=0.414
  29. proxy_rank= 576  sky_w=1.56  f=4.93e-09 Hz  Mc=3.43e+09 Msun  h0=2.50e-16  SNR=0.407
  30. proxy_rank=  47  sky_w=1.52  f=3.70e-09 Hz  Mc=5.73e+09 Msun  h0=4.21e-16  SNR=0.397
  31. proxy_rank= 159  sky_w=0.77  f=5.36e-09 Hz  Mc=7.94e+09 Msun  h0=8.10e-16  SNR=0.392
  32. proxy_rank= 340  sky_w=1.38  f=5.69e-09 Hz  Mc=2.94e+09 Msun  h0=3.76e-16  SNR=0.392
  33. proxy_rank=  48  sky_w=1.38  f=3.24e-09 Hz  Mc=4.75e+09 Msun  h0=4.02e-16  SNR=0.391
  34. proxy_rank= 647  sky_w=1.62  f=5.30e-09 Hz  Mc=2.68e+09 Msun  h0=2.48e-16  SNR=0.388
  35. proxy_rank= 285  sky_w=1.25  f=4.41e-09 Hz  Mc=2.09e+09 Msun  h0=3.39e-16  SNR=0.387
  36. proxy_rank= 167  sky_w=1.49  f=4.26e-09 Hz  Mc=3.75e+09 Msun  h0=3.30e-16  SNR=0.373
  37. proxy_rank= 375  sky_w=1.51  f=8.14e-09 Hz  Mc=4.47e+09 Msun  h0=4.83e-16  SNR=0.372
  38. proxy_rank=   2  sky_w=1.43  f=2.43e-09 Hz  Mc=8.64e+09 Msun  h0=8.66e-16  SNR=0.368
  39. proxy_rank= 511  sky_w=1.55  f=7.35e-09 Hz  Mc=4.54e+09 Msun  h0=3.90e-16  SNR=0.355
  40. proxy_rank= 465  sky_w=1.41  f=4.84e-09 Hz  Mc=4.26e+09 Msun  h0=2.90e-16  SNR=0.349
  41. proxy_rank= 438  sky_w=1.55  f=5.74e-09 Hz  Mc=2.61e+09 Msun  h0=3.20e-16  SNR=0.345
  42. proxy_rank= 847  sky_w=1.50  f=4.87e-09 Hz  Mc=2.71e+09 Msun  h0=2.26e-16  SNR=0.341
  43. proxy_rank=  31  sky_w=0.89  f=2.81e-09 Hz  Mc=6.85e+09 Msun  h0=6.04e-16  SNR=0.318
  44. proxy_rank= 127  sky_w=1.16  f=3.29e-09 Hz  Mc=3.78e+09 Msun  h0=3.53e-16  SNR=0.313
  45. proxy_rank= 298  sky_w=1.22  f=3.79e-09 Hz  Mc=2.27e+09 Msun  h0=2.95e-16  SNR=0.312
  46. proxy_rank= 803  sky_w=1.30  f=4.64e-09 Hz  Mc=3.54e+09 Msun  h0=2.53e-16  SNR=0.310
  47. proxy_rank= 451  sky_w=1.15  f=4.61e-09 Hz  Mc=4.71e+09 Msun  h0=3.41e-16  SNR=0.304
  48. proxy_rank= 702  sky_w=1.25  f=4.56e-09 Hz  Mc=4.19e+09 Msun  h0=2.70e-16  SNR=0.302
  49. proxy_rank= 850  sky_w=1.38  f=5.90e-09 Hz  Mc=4.19e+09 Msun  h0=2.98e-16  SNR=0.293
  50. proxy_rank=  44  sky_w=1.45  f=2.80e-09 Hz  Mc=3.37e+09 Msun  h0=3.36e-16  SNR=0.289
💾 Saved: data/2026-04-28/pessimistic_run_43/consistent_population_pessimistic_targetSNR4.25_sims1.json
💾 Saved compressed pickle: data/2026-04-28/pessimistic_run_43/consistent_population_pessimistic_targetSNR4.25_sims1.pkl.gz
Saved to figures/cgw_analysis_pessimistic.pdf

======================================================================
ANALYSIS COMPLETE
Results saved to: data/2026-04-28/pessimistic_run_43
======================================================================

==========================================
Job finished at: Tue Apr 28 18:05:15 AEST 2026
Exit code: 0
==========================================

+------------------ Job Report: 11718050 (COMPLETED) ------------------+
| Memory (RAM)  [##################  ] 93.0% (37.2 GB peak / 40 GB)    |
| CPU           [################    ] 85.0% average                   |
| Time          [------------>       ] 61.8% (0-00:46:21 / 0-01:15:00) |
|                                                                      |
| Lustre Filesystem:                                                   |
|   Path    Total Read    Total Write      Total IOPS                  |
|   ------  ------------  -------------  ------------                  |
|   /apps   0 B           0 B                      5                   |
|   /fred   3.6 MB        6.6 MB                  26                   |
|   /home   136 KB        0 B                     27                   |
|   OS      0 B           0 B                      2                   |
|                                                                      |
| Warnings:                                                            |
|   - Too much time requested                                          |
+----------------------------------------------------------------------+
