==========================================
Job ID: 11737084
Job Name: smbhb_pessimistic
Node: gina4
Start Time: Wed Apr 29 14:24:32 AEST 2026
==========================================

/home/bhoulden/.conda/envs/smbhb312/share/tempo2
Working directory: /fred/oz005/users/bhoulden/SMBHB_population_injections

Loaded modules:

Starting SMBHB analysis...
==========================================

📁 Save directory: data/2026-04-29/pessimistic_run_136
📝 Run name: pessimistic_run_136

[MEM] Start: 243.5 MB

📡 Loading pulsars...
======================================================================
LOADING NANOGRAV PULSARS (libstempo)
======================================================================

📦 Loading from cache: nanograv_pulsars_cache.pkl
⚠ Cache load failed: Ran out of input
[DEBUG] Found 76 .par files
[tempo2Util.C:396] Warning: [MISC1] Unknown parameter in par file:  DMDATA
[tempo2Util.C:401] Warning: [DUP1] duplicated warnings have been suppressed.

WARNING: Using tempo RNAMP parameter: setting TNRedC to 100!
[observatory.C:271] Warning: Assuming site 'arecibo' means 'ao'
✓ Loaded B1855+09 (7758 TOAs)

WARNING: Using tempo RNAMP parameter: setting TNRedC to 100!
✓ Loaded B1937+21 (23023 TOAs)

WARNING: Using tempo RNAMP parameter: setting TNRedC to 100!
✓ Loaded B1937+21ao (7241 TOAs)

WARNING: Using tempo RNAMP parameter: setting TNRedC to 100!
✓ Loaded B1937+21gbt (16048 TOAs)

WARNING: Using tempo RNAMP parameter: setting TNRedC to 100!
✓ Loaded B1953+29 (5126 TOAs)
✓ Loaded J0023+0923 (15896 TOAs)

WARNING: Using tempo RNAMP parameter: setting TNRedC to 100!
✓ Loaded J0030+0451 (19571 TOAs)
✓ Loaded J0340+4130 (11093 TOAs)
✓ Loaded J0406+3039 (2446 TOAs)

WARNING: Using tempo RNAMP parameter: setting TNRedC to 100!
✓ Loaded J0437-4715 (5830 TOAs)
✓ Loaded J0509+0856 (2169 TOAs)
✓ Loaded J0557+1551 (525 TOAs)
✓ Loaded J0605+3757 (554 TOAs)

WARNING: Using tempo RNAMP parameter: setting TNRedC to 100!
✓ Loaded J0610-2100 (4885 TOAs)

WARNING: Using tempo RNAMP parameter: setting TNRedC to 100!
✓ Loaded J0613-0200 (17124 TOAs)
✓ Loaded J0614-3329 (1714 TOAs)
✓ Loaded J0636+5128 (32222 TOAs)
✓ Loaded J0645+5158 (10403 TOAs)
✓ Loaded J0709+0458 (3030 TOAs)
✓ Loaded J0740+6620 (13401 TOAs)
✓ Loaded J0931-1902 (5473 TOAs)

WARNING: Using tempo RNAMP parameter: setting TNRedC to 100!
✓ Loaded J1012+5307 (25837 TOAs)
✓ Loaded J1012-4235 (797 TOAs)
✓ Loaded J1022+1001 (3978 TOAs)
✓ Loaded J1024-0719 (12635 TOAs)
✓ Loaded J1125+7819 (8723 TOAs)
✓ Loaded J1312+0051 (1705 TOAs)
✓ Loaded J1453+1902 (2551 TOAs)
✓ Loaded J1455-3330 (10818 TOAs)

WARNING: Using tempo RNAMP parameter: setting TNRedC to 100!
✓ Loaded J1600-3053 (22955 TOAs)

WARNING: Using tempo RNAMP parameter: setting TNRedC to 100!
✓ Loaded J1600-3053gbt (19725 TOAs)

WARNING: Using tempo RNAMP parameter: setting TNRedC to 100!
✓ Loaded J1614-2230 (18445 TOAs)
✓ Loaded J1630+3734 (1815 TOAs)
✓ Loaded J1640+2224 (14066 TOAs)

WARNING: Using tempo RNAMP parameter: setting TNRedC to 100!
✓ Loaded J1643-1224 (22144 TOAs)

WARNING: Using tempo RNAMP parameter: setting TNRedC to 100!
✓ Loaded J1643-1224gbt (17932 TOAs)

WARNING: Using tempo RNAMP parameter: setting TNRedC to 100!
✓ Loaded J1705-1903 (9871 TOAs)

WARNING: Using tempo RNAMP parameter: setting TNRedC to 100!
✓ Loaded J1713+0747 (59389 TOAs)

WARNING: Using tempo RNAMP parameter: setting TNRedC to 100!
✓ Loaded J1713+0747ao (21362 TOAs)

WARNING: Using tempo RNAMP parameter: setting TNRedC to 100!
✓ Loaded J1713+0747gbt (32963 TOAs)
✓ Loaded J1719-1438 (6356 TOAs)
✓ Loaded J1730-2304 (4870 TOAs)
✓ Loaded J1738+0333 (8790 TOAs)
✓ Loaded J1741+1351 (5582 TOAs)

WARNING: Using tempo RNAMP parameter: setting TNRedC to 100!
✓ Loaded J1744-1134 (17745 TOAs)

WARNING: Using tempo RNAMP parameter: setting TNRedC to 100!
✓ Loaded J1745+1017 (3017 TOAs)

WARNING: Using tempo RNAMP parameter: setting TNRedC to 100!
✓ Loaded J1747-4036 (11055 TOAs)
✓ Loaded J1751-2857 (2025 TOAs)

WARNING: Using tempo RNAMP parameter: setting TNRedC to 100!
✓ Loaded J1802-2124 (6796 TOAs)
✓ Loaded J1811-2405 (5266 TOAs)
✓ Loaded J1832-0836 (7739 TOAs)
✓ Loaded J1843-1113 (4595 TOAs)

WARNING: Using tempo RNAMP parameter: setting TNRedC to 100!
✓ Loaded J1853+1303 (4570 TOAs)

WARNING: Using tempo RNAMP parameter: setting TNRedC to 100!
✓ Loaded J1903+0327 (6856 TOAs)

WARNING: Using tempo RNAMP parameter: setting TNRedC to 100!
✓ Loaded J1903+0327ao (6423 TOAs)

WARNING: Using tempo RNAMP parameter: setting TNRedC to 100!
✓ Loaded J1909-3744 (35037 TOAs)

WARNING: Using tempo RNAMP parameter: setting TNRedC to 100!
✓ Loaded J1909-3744gbt (31526 TOAs)
✓ Loaded J1910+1256 (6486 TOAs)
✓ Loaded J1911+1347 (3786 TOAs)
✓ Loaded J1918-0642 (18875 TOAs)
✓ Loaded J1923+2515 (3974 TOAs)
✓ Loaded J1944+0907 (5328 TOAs)

WARNING: Using tempo RNAMP parameter: setting TNRedC to 100!
✓ Loaded J1946+3417 (4743 TOAs)
✓ Loaded J2010-1323 (17077 TOAs)
✓ Loaded J2017+0603 (3512 TOAs)
✓ Loaded J2033+1734 (3847 TOAs)
✓ Loaded J2043+1711 (7397 TOAs)
✓ Loaded J2124-3358 (4982 TOAs)

WARNING: Using tempo RNAMP parameter: setting TNRedC to 100!
✓ Loaded J2145-0750 (18675 TOAs)
✓ Loaded J2214+3000 (7406 TOAs)
✓ Loaded J2229+2643 (3711 TOAs)

WARNING: Using tempo RNAMP parameter: setting TNRedC to 100!
✓ Loaded J2234+0611 (3566 TOAs)
✓ Loaded J2234+0944 (7535 TOAs)
✓ Loaded J2302+4442 (10211 TOAs)
✓ Loaded J2317+1439 (13927 TOAs)
✓ Loaded J2322+2057 (3088 TOAs)
⚠ Could not save cache: no default __reduce__ due to non-trivial __cinit__

✓ Loaded 76 pulsars
✗ Failed: 0 — []
[MEM] After loading pulsars: 8880.4 MB

🔍 Filtering pulsars...

Filtered: 76 → 67 pulsars
[MEM] After filtering pulsars: 8882.7 MB
[MEM] After garbage collection: 8882.9 MB

======================================================================
SMBHB POPULATION ANALYSIS
======================================================================

Configuration: pessimistic
  Lower mass, lower spread in distance, large population
  N_binaries: 10000000

======================================================================
CONSISTENT POPULATION SYNTHESIS
======================================================================

======================================================================
GENERATING SNR-CONSISTENT POPULATIONS
======================================================================
Target SNR:          4.0
Simulations:         1
======================================================================


──────────────────────────────────────────────────────────────────────
SIMULATION 1/1
──────────────────────────────────────────────────────────────────────
  [B1855+09] zeroing residuals...
  [B1855+09] adding red noise...
  [B1855+09] white noise for 430_PUPPI (1185 TOAs)...
  [B1855+09] white noise for L-wide_ASP (1178 TOAs)...
  [B1855+09] white noise for 430_ASP (390 TOAs)...
  [B1855+09] white noise for L-wide_PUPPI (5005 TOAs)...
  [B1937+21] zeroing residuals...
  [B1937+21] adding red noise...
  [B1937+21] white noise for L-wide_ASP (452 TOAs)...
  [B1937+21] white noise for S-wide_PUPPI (2251 TOAs)...
  [B1937+21] white noise for Rcvr_800_GASP (586 TOAs)...
  [B1937+21] white noise for L-wide_PUPPI (4133 TOAs)...
  [B1937+21] white noise for S-wide_ASP (344 TOAs)...
  [B1937+21] white noise for Rcvr1_2_GASP (1069 TOAs)...
  [B1937+21] white noise for Rcvr_800_GUPPI (7140 TOAs)...
  [B1937+21] white noise for Rcvr1_2_GUPPI (7048 TOAs)...
  [B1953+29] zeroing residuals...
  [B1953+29] adding red noise...
  [B1953+29] white noise for L-wide_ASP (94 TOAs)...
  [B1953+29] white noise for 430_PUPPI (941 TOAs)...
  [B1953+29] white noise for 430_ASP (29 TOAs)...
  [B1953+29] white noise for L-wide_PUPPI (4037 TOAs)...
  [B1953+29] white noise for S-wide_ASP (25 TOAs)...
  [J0023+0923] zeroing residuals...
  [J0023+0923] adding red noise...
  [J0023+0923] white noise for 430_PUPPI (4564 TOAs)...
  [J0023+0923] white noise for L-wide_ASP (119 TOAs)...
  [J0023+0923] white noise for 430_ASP (90 TOAs)...
  [J0023+0923] white noise for L-wide_PUPPI (11123 TOAs)...
  [J0030+0451] zeroing residuals...
  [J0030+0451] adding red noise...
  [J0030+0451] white noise for L-wide_ASP (789 TOAs)...
  [J0030+0451] white noise for S-wide_PUPPI (2673 TOAs)...
  [J0030+0451] white noise for 430_PUPPI (3068 TOAs)...
  [J0030+0451] white noise for 430_ASP (267 TOAs)...
  [J0030+0451] white noise for L-wide_PUPPI (12774 TOAs)...
  [J0340+4130] zeroing residuals...
  [J0340+4130] adding red noise...
  [J0340+4130] white noise for Rcvr_800_GUPPI (6056 TOAs)...
  [J0340+4130] white noise for Rcvr1_2_GUPPI (5037 TOAs)...
  [J0406+3039] zeroing residuals...
  [J0406+3039] adding red noise...
  [J0406+3039] white noise for S-wide_PUPPI (575 TOAs)...
  [J0406+3039] white noise for L-wide_PUPPI (1871 TOAs)...
  [J0437-4715] zeroing residuals...
  [J0437-4715] adding red noise...
  [J0437-4715] white noise for 3GHz_YUPPI (3696 TOAs)...
  [J0437-4715] white noise for 1.5GHz_YUPPI (2134 TOAs)...
  [J0509+0856] zeroing residuals...
  [J0509+0856] adding red noise...
  [J0509+0856] white noise for S-wide_PUPPI (544 TOAs)...
  [J0509+0856] white noise for L-wide_PUPPI (1625 TOAs)...
  [J0557+1551] zeroing residuals...
  [J0557+1551] adding red noise...
  [J0557+1551] white noise for S-wide_PUPPI (58 TOAs)...
  [J0557+1551] white noise for L-wide_PUPPI (467 TOAs)...
  [J0605+3757] zeroing residuals...
  [J0605+3757] adding red noise...
  [J0605+3757] white noise for Rcvr_800_GUPPI (236 TOAs)...
  [J0605+3757] white noise for Rcvr1_2_GUPPI (318 TOAs)...
  [J0610-2100] zeroing residuals...
  [J0610-2100] adding red noise...
  [J0610-2100] white noise for Rcvr_800_GUPPI (2484 TOAs)...
  [J0610-2100] white noise for Rcvr1_2_GUPPI (2401 TOAs)...
  [J0613-0200] zeroing residuals...
  [J0613-0200] adding red noise...
  [J0613-0200] white noise for Rcvr1_2_GASP (992 TOAs)...
  [J0613-0200] white noise for Rcvr_800_GASP (809 TOAs)...
  [J0613-0200] white noise for Rcvr_800_GUPPI (7900 TOAs)...
  [J0613-0200] white noise for Rcvr1_2_GUPPI (7423 TOAs)...
  [J0636+5128] zeroing residuals...
  [J0636+5128] adding red noise...
  [J0636+5128] white noise for Rcvr_800_GUPPI (17419 TOAs)...
  [J0636+5128] white noise for Rcvr1_2_GUPPI (14803 TOAs)...
  [J0645+5158] zeroing residuals...
  [J0645+5158] adding red noise...
  [J0645+5158] white noise for Rcvr_800_GUPPI (4682 TOAs)...
  [J0645+5158] white noise for Rcvr1_2_GUPPI (5721 TOAs)...
  [J0709+0458] zeroing residuals...
  [J0709+0458] adding red noise...
  [J0709+0458] white noise for S-wide_PUPPI (595 TOAs)...
  [J0709+0458] white noise for L-wide_PUPPI (2435 TOAs)...
  [J0740+6620] zeroing residuals...
  [J0740+6620] adding red noise...
  [J0740+6620] white noise for Rcvr_800_GUPPI (5136 TOAs)...
  [J0740+6620] white noise for Rcvr1_2_GUPPI (8265 TOAs)...
  [J0931-1902] zeroing residuals...
  [J0931-1902] adding red noise...
  [J0931-1902] white noise for Rcvr_800_GUPPI (3419 TOAs)...
  [J0931-1902] white noise for Rcvr1_2_GUPPI (2054 TOAs)...
  [J1012+5307] zeroing residuals...
  [J1012+5307] adding red noise...
  [J1012+5307] white noise for Rcvr1_2_GASP (1479 TOAs)...
  [J1012+5307] white noise for Rcvr_800_GASP (1210 TOAs)...
  [J1012+5307] white noise for Rcvr_800_GUPPI (10299 TOAs)...
  [J1012+5307] white noise for Rcvr1_2_GUPPI (12849 TOAs)...
  [J1012-4235] zeroing residuals...
  [J1012-4235] adding red noise...
  [J1012-4235] white noise for Rcvr_800_GUPPI (342 TOAs)...
  [J1012-4235] white noise for Rcvr1_2_GUPPI (455 TOAs)...
  [J1022+1001] zeroing residuals...
  [J1022+1001] adding red noise...
  [J1022+1001] white noise for 430_PUPPI (232 TOAs)...
  [J1022+1001] white noise for S-wide_PUPPI (1154 TOAs)...
  [J1022+1001] white noise for L-wide_PUPPI (2592 TOAs)...
  [J1024-0719] zeroing residuals...
  [J1024-0719] adding red noise...
  [J1024-0719] white noise for Rcvr1_2_GASP (43 TOAs)...
  [J1024-0719] white noise for Rcvr_800_GASP (51 TOAs)...
  [J1024-0719] white noise for Rcvr_800_GUPPI (5455 TOAs)...
  [J1024-0719] white noise for Rcvr1_2_GUPPI (7086 TOAs)...
  [J1125+7819] zeroing residuals...
  [J1125+7819] adding red noise...
  [J1125+7819] white noise for Rcvr_800_GUPPI (4707 TOAs)...
  [J1125+7819] white noise for Rcvr1_2_GUPPI (4016 TOAs)...
  [J1312+0051] zeroing residuals...
  [J1312+0051] adding red noise...
  [J1312+0051] white noise for S-wide_PUPPI (416 TOAs)...
  [J1312+0051] white noise for L-wide_PUPPI (1289 TOAs)...
  [J1453+1902] zeroing residuals...
  [J1453+1902] adding red noise...
  [J1453+1902] white noise for 430_PUPPI (425 TOAs)...
  [J1453+1902] white noise for S-wide_PUPPI (4 TOAs)...
  [J1453+1902] white noise for L-wide_PUPPI (2122 TOAs)...
  [J1455-3330] zeroing residuals...
  [J1455-3330] adding red noise...
  [J1455-3330] white noise for Rcvr1_2_GASP (564 TOAs)...
  [J1455-3330] white noise for Rcvr_800_GASP (479 TOAs)...
  [J1455-3330] white noise for Rcvr_800_GUPPI (4843 TOAs)...
  [J1455-3330] white noise for Rcvr1_2_GUPPI (4932 TOAs)...
  [J1600-3053] zeroing residuals...
  [J1600-3053] adding red noise...
  [J1600-3053] white noise for Rcvr_800_GASP (297 TOAs)...
  [J1600-3053] white noise for Rcvr1_2_GASP (457 TOAs)...
  [J1600-3053] white noise for 3GHz_YUPPI (3237 TOAs)...
  [J1600-3053] white noise for Rcvr_800_GUPPI (8796 TOAs)...
  [J1600-3053] white noise for Rcvr1_2_GUPPI (10168 TOAs)...
  [J1614-2230] zeroing residuals...
  [J1614-2230] adding red noise...
  [J1614-2230] white noise for Rcvr1_2_GASP (84 TOAs)...
  [J1614-2230] white noise for Rcvr_800_GASP (84 TOAs)...
  [J1614-2230] white noise for Rcvr_800_GUPPI (7768 TOAs)...
  [J1614-2230] white noise for Rcvr1_2_GUPPI (10509 TOAs)...
  [J1630+3734] zeroing residuals...
  [J1630+3734] adding red noise...
  [J1630+3734] white noise for Rcvr_800_GUPPI (906 TOAs)...
  [J1630+3734] white noise for Rcvr1_2_GUPPI (909 TOAs)...
  [J1640+2224] zeroing residuals...
  [J1640+2224] adding red noise...
  [J1640+2224] white noise for 430_PUPPI (3157 TOAs)...
  [J1640+2224] white noise for L-wide_ASP (722 TOAs)...
  [J1640+2224] white noise for 430_ASP (340 TOAs)...
  [J1640+2224] white noise for L-wide_PUPPI (9847 TOAs)...
  [J1643-1224] zeroing residuals...
  [J1643-1224] adding red noise...
  [J1643-1224] white noise for Rcvr_800_GASP (559 TOAs)...
  [J1643-1224] white noise for Rcvr1_2_GASP (833 TOAs)...
  [J1643-1224] white noise for 3GHz_YUPPI (4215 TOAs)...
  [J1643-1224] white noise for Rcvr_800_GUPPI (7734 TOAs)...
  [J1643-1224] white noise for Rcvr1_2_GUPPI (8803 TOAs)...
  [J1705-1903] zeroing residuals...
  [J1705-1903] adding red noise...
  [J1705-1903] white noise for Rcvr_800_GUPPI (3521 TOAs)...
  [J1705-1903] white noise for Rcvr1_2_GUPPI (6350 TOAs)...
  [J1713+0747] zeroing residuals...
  [J1713+0747] adding red noise...
  [J1713+0747] white noise for L-wide_ASP (843 TOAs)...
  [J1713+0747] white noise for S-wide_PUPPI (7482 TOAs)...
  [J1713+0747] white noise for Rcvr_800_GASP (1032 TOAs)...
  [J1713+0747] white noise for 1.5GHz_YUPPI (1461 TOAs)...
  [J1713+0747] white noise for L-wide_PUPPI (12743 TOAs)...
  [J1713+0747] white noise for S-wide_ASP (624 TOAs)...
  [J1713+0747] white noise for Rcvr1_2_GASP (1109 TOAs)...
  [J1713+0747] white noise for 3GHz_YUPPI (3282 TOAs)...
  [J1713+0747] white noise for Rcvr_800_GUPPI (8479 TOAs)...
  [J1713+0747] white noise for Rcvr1_2_GUPPI (22334 TOAs)...
  [J1719-1438] zeroing residuals...
  [J1719-1438] adding red noise...
  [J1719-1438] white noise for Rcvr_800_GUPPI (3634 TOAs)...
  [J1719-1438] white noise for Rcvr1_2_GUPPI (2722 TOAs)...
  [J1730-2304] zeroing residuals...
  [J1730-2304] adding red noise...
  [J1730-2304] white noise for Rcvr_800_GUPPI (2503 TOAs)...
  [J1730-2304] white noise for Rcvr1_2_GUPPI (2367 TOAs)...
  [J1738+0333] zeroing residuals...
  [J1738+0333] adding red noise...
  [J1738+0333] white noise for L-wide_ASP (201 TOAs)...
  [J1738+0333] white noise for S-wide_PUPPI (1737 TOAs)...
  [J1738+0333] white noise for L-wide_PUPPI (6718 TOAs)...
  [J1738+0333] white noise for S-wide_ASP (134 TOAs)...
  [J1741+1351] zeroing residuals...
  [J1741+1351] adding red noise...
  [J1741+1351] white noise for L-wide_ASP (236 TOAs)...
  [J1741+1351] white noise for 430_PUPPI (1159 TOAs)...
  [J1741+1351] white noise for 430_ASP (27 TOAs)...
  [J1741+1351] white noise for L-wide_PUPPI (4045 TOAs)...
  [J1741+1351] white noise for S-wide_ASP (115 TOAs)...
  [J1744-1134] zeroing residuals...
  [J1744-1134] adding red noise...
  [J1744-1134] white noise for Rcvr1_2_GASP (807 TOAs)...
  [J1744-1134] white noise for Rcvr_800_GASP (930 TOAs)...
  [J1744-1134] white noise for Rcvr_800_GUPPI (7899 TOAs)...
  [J1744-1134] white noise for Rcvr1_2_GUPPI (8109 TOAs)...
  [J1745+1017] zeroing residuals...
  [J1745+1017] adding red noise...
  [J1745+1017] white noise for S-wide_PUPPI (838 TOAs)...
  [J1745+1017] white noise for L-wide_PUPPI (2179 TOAs)...
  [J1747-4036] zeroing residuals...
  [J1747-4036] adding red noise...
  [J1747-4036] white noise for Rcvr_800_GUPPI (5816 TOAs)...
  [J1747-4036] white noise for Rcvr1_2_GUPPI (5239 TOAs)...
  [J1751-2857] zeroing residuals...
  [J1751-2857] adding red noise...
  [J1751-2857] white noise for Rcvr_800_GUPPI (239 TOAs)...
  [J1751-2857] white noise for Rcvr1_2_GUPPI (1786 TOAs)...
  [J1802-2124] zeroing residuals...
  [J1802-2124] adding red noise...
  [J1802-2124] white noise for Rcvr_800_GUPPI (3565 TOAs)...
  [J1802-2124] white noise for Rcvr1_2_GUPPI (3231 TOAs)...
  [J1811-2405] zeroing residuals...
  [J1811-2405] adding red noise...
  [J1811-2405] white noise for Rcvr_800_GUPPI (2628 TOAs)...
  [J1811-2405] white noise for Rcvr1_2_GUPPI (2638 TOAs)...
  [J1832-0836] zeroing residuals...
  [J1832-0836] adding red noise...
  [J1832-0836] white noise for Rcvr_800_GUPPI (3078 TOAs)...
  [J1832-0836] white noise for Rcvr1_2_GUPPI (4661 TOAs)...
  [J1843-1113] zeroing residuals...
  [J1843-1113] adding red noise...
  [J1843-1113] white noise for Rcvr_800_GUPPI (2201 TOAs)...
  [J1843-1113] white noise for Rcvr1_2_GUPPI (2394 TOAs)...
  [J1853+1303] zeroing residuals...
  [J1853+1303] adding red noise...
  [J1853+1303] white noise for 430_PUPPI (1151 TOAs)...
  [J1853+1303] white noise for L-wide_ASP (33 TOAs)...
  [J1853+1303] white noise for 430_ASP (24 TOAs)...
  [J1853+1303] white noise for L-wide_PUPPI (3362 TOAs)...
  [J1903+0327] zeroing residuals...
  [J1903+0327] adding red noise...
  [J1903+0327] white noise for L-wide_ASP (139 TOAs)...
  [J1903+0327] white noise for S-wide_PUPPI (2282 TOAs)...
  [J1903+0327] white noise for L-wide_PUPPI (3845 TOAs)...
  [J1903+0327] white noise for S-wide_ASP (151 TOAs)...
  [J1903+0327] white noise for 3GHz_YUPPI (439 TOAs)...
  [J1909-3744] zeroing residuals...
  [J1909-3744] adding red noise...
  [J1909-3744] white noise for Rcvr_800_GASP (866 TOAs)...
  [J1909-3744] white noise for Rcvr1_2_GASP (808 TOAs)...
  [J1909-3744] white noise for 3GHz_YUPPI (3525 TOAs)...
  [J1909-3744] white noise for Rcvr_800_GUPPI (9399 TOAs)...
  [J1909-3744] white noise for Rcvr1_2_GUPPI (20439 TOAs)...
  [J1910+1256] zeroing residuals...
  [J1910+1256] adding red noise...
  [J1910+1256] white noise for L-wide_ASP (297 TOAs)...
  [J1910+1256] white noise for S-wide_PUPPI (1857 TOAs)...
  [J1910+1256] white noise for L-wide_PUPPI (4124 TOAs)...
  [J1910+1256] white noise for S-wide_ASP (208 TOAs)...
  [J1911+1347] zeroing residuals...
  [J1911+1347] adding red noise...
  [J1911+1347] white noise for 430_PUPPI (753 TOAs)...
  [J1911+1347] white noise for L-wide_PUPPI (3033 TOAs)...
  [J1918-0642] zeroing residuals...
  [J1918-0642] adding red noise...
  [J1918-0642] white noise for Rcvr1_2_GASP (778 TOAs)...
  [J1918-0642] white noise for Rcvr_800_GASP (835 TOAs)...
  [J1918-0642] white noise for Rcvr_800_GUPPI (8352 TOAs)...
  [J1918-0642] white noise for Rcvr1_2_GUPPI (8910 TOAs)...
  [J1923+2515] zeroing residuals...
  [J1923+2515] adding red noise...
  [J1923+2515] white noise for 430_PUPPI (922 TOAs)...
  [J1923+2515] white noise for L-wide_ASP (14 TOAs)...
  [J1923+2515] white noise for 430_ASP (10 TOAs)...
  [J1923+2515] white noise for L-wide_PUPPI (3028 TOAs)...
  [J1944+0907] zeroing residuals...
  [J1944+0907] adding red noise...
  [J1944+0907] white noise for L-wide_ASP (257 TOAs)...
  [J1944+0907] white noise for 430_PUPPI (1017 TOAs)...
  [J1944+0907] white noise for 430_ASP (38 TOAs)...
  [J1944+0907] white noise for L-wide_PUPPI (3900 TOAs)...
  [J1944+0907] white noise for S-wide_ASP (116 TOAs)...
  [J1946+3417] zeroing residuals...
  [J1946+3417] adding red noise...
  [J1946+3417] white noise for S-wide_PUPPI (1546 TOAs)...
  [J1946+3417] white noise for L-wide_PUPPI (3197 TOAs)...
  [J2010-1323] zeroing residuals...
  [J2010-1323] adding red noise...
  [J2010-1323] white noise for Rcvr1_2_GASP (70 TOAs)...
  [J2010-1323] white noise for Rcvr_800_GASP (70 TOAs)...
  [J2010-1323] white noise for Rcvr_800_GUPPI (9158 TOAs)...
  [J2010-1323] white noise for Rcvr1_2_GUPPI (7779 TOAs)...
  [J2017+0603] zeroing residuals...
  [J2017+0603] adding red noise...
  [J2017+0603] white noise for 430_PUPPI (78 TOAs)...
  [J2017+0603] white noise for S-wide_PUPPI (849 TOAs)...
  [J2017+0603] white noise for L-wide_ASP (16 TOAs)...
  [J2017+0603] white noise for L-wide_PUPPI (2569 TOAs)...
  [J2033+1734] zeroing residuals...
  [J2033+1734] adding red noise...
  [J2033+1734] white noise for 430_PUPPI (797 TOAs)...
  [J2033+1734] white noise for L-wide_PUPPI (3050 TOAs)...
  [J2043+1711] zeroing residuals...
  [J2043+1711] adding red noise...
  [J2043+1711] white noise for 430_PUPPI (2908 TOAs)...
  [J2043+1711] white noise for L-wide_ASP (40 TOAs)...
  [J2043+1711] white noise for 430_ASP (30 TOAs)...
  [J2043+1711] white noise for L-wide_PUPPI (4419 TOAs)...
  [J2124-3358] zeroing residuals...
  [J2124-3358] adding red noise...
  [J2124-3358] white noise for Rcvr_800_GUPPI (2025 TOAs)...
  [J2124-3358] white noise for Rcvr1_2_GUPPI (2957 TOAs)...
  [J2145-0750] zeroing residuals...
  [J2145-0750] adding red noise...
  [J2145-0750] white noise for Rcvr1_2_GASP (427 TOAs)...
  [J2145-0750] white noise for Rcvr_800_GASP (362 TOAs)...
  [J2145-0750] white noise for Rcvr_800_GUPPI (8728 TOAs)...
  [J2145-0750] white noise for Rcvr1_2_GUPPI (9158 TOAs)...
  [J2214+3000] zeroing residuals...
  [J2214+3000] adding red noise...
  [J2214+3000] white noise for L-wide_ASP (9 TOAs)...
  [J2214+3000] white noise for S-wide_PUPPI (1568 TOAs)...
  [J2214+3000] white noise for L-wide_PUPPI (5829 TOAs)...
  [J2229+2643] zeroing residuals...
  [J2229+2643] adding red noise...
  [J2229+2643] white noise for 430_PUPPI (956 TOAs)...
  [J2229+2643] white noise for L-wide_PUPPI (2755 TOAs)...
  [J2234+0611] zeroing residuals...
  [J2234+0611] adding red noise...
  [J2234+0611] white noise for 430_PUPPI (653 TOAs)...
  [J2234+0611] white noise for L-wide_PUPPI (2913 TOAs)...
  [J2234+0944] zeroing residuals...
  [J2234+0944] adding red noise...
  [J2234+0944] white noise for S-wide_PUPPI (2532 TOAs)...
  [J2234+0944] white noise for L-wide_PUPPI (5003 TOAs)...
  [J2302+4442] zeroing residuals...
  [J2302+4442] adding red noise...
  [J2302+4442] white noise for Rcvr_800_GUPPI (6432 TOAs)...
  [J2302+4442] white noise for Rcvr1_2_GUPPI (3779 TOAs)...
  [J2317+1439] zeroing residuals...
  [J2317+1439] adding red noise...
  [J2317+1439] white noise for 430_PUPPI (3217 TOAs)...
  [J2317+1439] white noise for 327_ASP (413 TOAs)...
  [J2317+1439] white noise for 327_PUPPI (276 TOAs)...
  [J2317+1439] white noise for 430_ASP (458 TOAs)...
  [J2317+1439] white noise for L-wide_PUPPI (9563 TOAs)...
  [J2322+2057] zeroing residuals...
  [J2322+2057] adding red noise...
  [J2322+2057] white noise for 430_PUPPI (752 TOAs)...
  [J2322+2057] white noise for S-wide_PUPPI (140 TOAs)...
  [J2322+2057] white noise for L-wide_PUPPI (2196 TOAs)...
Resetting pulsars to clean stoas...
Restore: 0.00 s
Inject: 0.00 s
Snapshotting into enterprise Pulsar objects...
Building PTA...
PTA build: 447.19 s
Computing optimal statistic...
OS time: 50.29 s
Total: 497.48 s
Noise-only SNR baseline: -0.2383

Generating SNR-consistent population...
Target SNR: 4.0
Resetting pulsars to clean stoas...
Restore: 0.00 s
Injecting population...
  B1855+09: RMS = 2271.242 ns
  B1937+21: RMS = 2015.022 ns
  B1953+29: RMS = 1298.943 ns
  J0023+0923: RMS = 1546.500 ns
  J0030+0451: RMS = 1262.628 ns
  J0340+4130: RMS = 1790.873 ns
  J0406+3039: RMS = 1323.456 ns
  J0437-4715: RMS = 1700.976 ns
  J0509+0856: RMS = 532.030 ns
  J0557+1551: RMS = 712.326 ns
  J0605+3757: RMS = 908.310 ns
  J0610-2100: RMS = 1446.288 ns
  J0613-0200: RMS = 2164.845 ns
  J0636+5128: RMS = 936.239 ns
  J0645+5158: RMS = 782.177 ns
  J0709+0458: RMS = 255.474 ns
  J0740+6620: RMS = 585.712 ns
  J0931-1902: RMS = 990.082 ns
  J1012+5307: RMS = 1842.107 ns
  J1012-4235: RMS = 632.762 ns
  J1022+1001: RMS = 1022.054 ns
  J1024-0719: RMS = 721.852 ns
  J1125+7819: RMS = 1028.489 ns
  J1312+0051: RMS = 379.781 ns
  J1453+1902: RMS = 1419.729 ns
  J1455-3330: RMS = 688.857 ns
  J1600-3053: RMS = 832.849 ns
  J1614-2230: RMS = 1183.925 ns
  J1630+3734: RMS = 947.592 ns
  J1640+2224: RMS = 1137.295 ns
  J1643-1224: RMS = 1264.951 ns
  J1705-1903: RMS = 730.003 ns
  J1713+0747: RMS = 704.855 ns
  J1719-1438: RMS = 753.816 ns
  J1730-2304: RMS = 616.545 ns
  J1738+0333: RMS = 1037.583 ns
  J1741+1351: RMS = 641.340 ns
  J1744-1134: RMS = 1006.796 ns
  J1745+1017: RMS = 490.178 ns
  J1747-4036: RMS = 2428.739 ns
  J1751-2857: RMS = 1100.253 ns
  J1802-2124: RMS = 562.207 ns
  J1811-2405: RMS = 505.250 ns
  J1832-0836: RMS = 1083.713 ns
  J1843-1113: RMS = 663.024 ns
  J1853+1303: RMS = 2040.940 ns
  J1903+0327: RMS = 1649.907 ns
  J1909-3744: RMS = 738.584 ns
  J1910+1256: RMS = 2630.809 ns
  J1911+1347: RMS = 2626.497 ns
  J1918-0642: RMS = 1350.368 ns
  J1923+2515: RMS = 1861.015 ns
  J1944+0907: RMS = 2301.906 ns
  J1946+3417: RMS = 267.953 ns
  J2010-1323: RMS = 556.191 ns
  J2017+0603: RMS = 1913.997 ns
  J2033+1734: RMS = 1388.047 ns
  J2043+1711: RMS = 1366.177 ns
  J2124-3358: RMS = 1382.030 ns
  J2145-0750: RMS = 862.678 ns
  J2214+3000: RMS = 583.314 ns
  J2229+2643: RMS = 631.069 ns
  J2234+0611: RMS = 1291.545 ns
  J2234+0944: RMS = 667.273 ns
  J2302+4442: RMS = 1371.154 ns
  J2317+1439: RMS = 1517.645 ns
  J2322+2057: RMS = 517.926 ns
Inject: 151.65 s
Snapshotting into enterprise Pulsar objects...
Building PTA...
PTA build: 440.50 s
Computing optimal statistic...
OS time: 43.22 s
Total: 635.38 s
Initial SNR: 12.4985, Target SNR: 4.0000
  Initial SNR 12.4985 outside of provided SNR_range [3.5, 4.25] — rescaling.
Scaling distances by factor 1.7335 to achieve target SNR...
Resetting pulsars to clean stoas...
Restore: 0.01 s
Injecting population...
  B1855+09: RMS = 1310.177 ns
  B1937+21: RMS = 1162.375 ns
  B1953+29: RMS = 749.301 ns
  J0023+0923: RMS = 892.106 ns
  J0030+0451: RMS = 728.353 ns
  J0340+4130: RMS = 1033.074 ns
  J0406+3039: RMS = 763.442 ns
  J0437-4715: RMS = 981.216 ns
  J0509+0856: RMS = 306.904 ns
  J0557+1551: RMS = 410.909 ns
  J0605+3757: RMS = 523.963 ns
  J0610-2100: RMS = 834.298 ns
  J0613-0200: RMS = 1248.801 ns
  J0636+5128: RMS = 540.074 ns
  J0645+5158: RMS = 451.203 ns
  J0709+0458: RMS = 147.371 ns
  J0740+6620: RMS = 337.871 ns
  J0931-1902: RMS = 571.133 ns
  J1012+5307: RMS = 1062.628 ns
  J1012-4235: RMS = 365.011 ns
  J1022+1001: RMS = 589.576 ns
  J1024-0719: RMS = 416.404 ns
  J1125+7819: RMS = 593.288 ns
  J1312+0051: RMS = 219.078 ns
  J1453+1902: RMS = 818.977 ns
  J1455-3330: RMS = 397.371 ns
  J1600-3053: RMS = 480.433 ns
  J1614-2230: RMS = 682.953 ns
  J1630+3734: RMS = 546.623 ns
  J1640+2224: RMS = 656.054 ns
  J1643-1224: RMS = 729.693 ns
  J1705-1903: RMS = 421.105 ns
  J1713+0747: RMS = 406.599 ns
  J1719-1438: RMS = 434.842 ns
  J1730-2304: RMS = 355.657 ns
  J1738+0333: RMS = 598.535 ns
  J1741+1351: RMS = 369.960 ns
  J1744-1134: RMS = 580.775 ns
  J1745+1017: RMS = 282.762 ns
  J1747-4036: RMS = 1401.029 ns
  J1751-2857: RMS = 634.686 ns
  J1802-2124: RMS = 324.312 ns
  J1811-2405: RMS = 291.456 ns
  J1832-0836: RMS = 625.145 ns
  J1843-1113: RMS = 382.469 ns
  J1853+1303: RMS = 1177.326 ns
  J1903+0327: RMS = 951.757 ns
  J1909-3744: RMS = 426.055 ns
  J1910+1256: RMS = 1517.595 ns
  J1911+1347: RMS = 1515.107 ns
  J1918-0642: RMS = 778.966 ns
  J1923+2515: RMS = 1073.535 ns
  J1944+0907: RMS = 1327.865 ns
  J1946+3417: RMS = 154.570 ns
  J2010-1323: RMS = 320.841 ns
  J2017+0603: RMS = 1104.098 ns
  J2033+1734: RMS = 800.701 ns
  J2043+1711: RMS = 788.086 ns
  J2124-3358: RMS = 797.230 ns
  J2145-0750: RMS = 497.640 ns
  J2214+3000: RMS = 336.488 ns
  J2229+2643: RMS = 364.035 ns
  J2234+0611: RMS = 745.033 ns
  J2234+0944: RMS = 384.920 ns
  J2302+4442: RMS = 790.957 ns
  J2317+1439: RMS = 875.460 ns
  J2322+2057: RMS = 298.768 ns
Inject: 216.42 s
Snapshotting into enterprise Pulsar objects...
Building PTA...
PTA build: 437.06 s
Computing optimal statistic...
OS time: 52.05 s
Total: 705.53 s
  SNR 5.1553 outside of provided SNR_range [3.5, 4.25] — rescaling.
[Iteration 1/4] SNR after scaling: 5.1553 (target: 4.0000)
  SNR history: it0→12.4985@1.0000x, it1→5.1553@1.7335x
  Re-scaling distances by factor 1.1669  (cumulative after: 2.0228×)
Resetting pulsars to clean stoas...
Restore: 0.01 s
Injecting population...
  B1855+09: RMS = 1122.799 ns
  B1937+21: RMS = 996.135 ns
  B1953+29: RMS = 642.138 ns
  J0023+0923: RMS = 764.519 ns
  J0030+0451: RMS = 624.186 ns
  J0340+4130: RMS = 885.326 ns
  J0406+3039: RMS = 654.256 ns
  J0437-4715: RMS = 840.885 ns
  J0509+0856: RMS = 263.011 ns
  J0557+1551: RMS = 352.142 ns
  J0605+3757: RMS = 449.027 ns
  J0610-2100: RMS = 714.979 ns
  J0613-0200: RMS = 1070.201 ns
  J0636+5128: RMS = 462.834 ns
  J0645+5158: RMS = 386.673 ns
  J0709+0458: RMS = 126.295 ns
  J0740+6620: RMS = 289.549 ns
  J0931-1902: RMS = 489.451 ns
  J1012+5307: RMS = 910.654 ns
  J1012-4235: RMS = 312.809 ns
  J1022+1001: RMS = 505.257 ns
  J1024-0719: RMS = 356.851 ns
  J1125+7819: RMS = 508.438 ns
  J1312+0051: RMS = 187.746 ns
  J1453+1902: RMS = 701.849 ns
  J1455-3330: RMS = 340.540 ns
  J1600-3053: RMS = 411.723 ns
  J1614-2230: RMS = 585.279 ns
  J1630+3734: RMS = 468.446 ns
  J1640+2224: RMS = 562.227 ns
  J1643-1224: RMS = 625.334 ns
  J1705-1903: RMS = 360.880 ns
  J1713+0747: RMS = 348.448 ns
  J1719-1438: RMS = 372.652 ns
  J1730-2304: RMS = 304.792 ns
  J1738+0333: RMS = 512.934 ns
  J1741+1351: RMS = 317.049 ns
  J1744-1134: RMS = 497.714 ns
  J1745+1017: RMS = 242.322 ns
  J1747-4036: RMS = 1200.658 ns
  J1751-2857: RMS = 543.915 ns
  J1802-2124: RMS = 277.929 ns
  J1811-2405: RMS = 249.772 ns
  J1832-0836: RMS = 535.738 ns
  J1843-1113: RMS = 327.769 ns
  J1853+1303: RMS = 1008.948 ns
  J1903+0327: RMS = 815.639 ns
  J1909-3744: RMS = 365.122 ns
  J1910+1256: RMS = 1300.552 ns
  J1911+1347: RMS = 1298.421 ns
  J1918-0642: RMS = 667.561 ns
  J1923+2515: RMS = 920.001 ns
  J1944+0907: RMS = 1137.957 ns
  J1946+3417: RMS = 132.464 ns
  J2010-1323: RMS = 274.955 ns
  J2017+0603: RMS = 946.193 ns
  J2033+1734: RMS = 686.187 ns
  J2043+1711: RMS = 675.376 ns
  J2124-3358: RMS = 683.213 ns
  J2145-0750: RMS = 426.469 ns
  J2214+3000: RMS = 288.364 ns
  J2229+2643: RMS = 311.972 ns
  J2234+0611: RMS = 638.481 ns
  J2234+0944: RMS = 329.870 ns
  J2302+4442: RMS = 677.836 ns
  J2317+1439: RMS = 750.254 ns
  J2322+2057: RMS = 256.039 ns
Inject: 144.18 s
Snapshotting into enterprise Pulsar objects...
Building PTA...
PTA build: 427.43 s
Computing optimal statistic...
OS time: 45.21 s
Total: 616.82 s
  ✓ SNR is within the provided SNR_range: 4.0552 ∈ [3.5, 4.25]

Final SNR history:
  it 0: cumulative_scale=1.0000×  SNR=12.4985
  it 1: cumulative_scale=1.7335×  SNR=5.1553
  it 2: cumulative_scale=2.0228×  SNR=4.0552
✓ Simulation 1 done (1991.9 s)

======================================================================
ENSEMBLE SUMMARY
======================================================================
Success rate: 100.0% (1/1)

Binaries per population:
  Mean ± std : 10000000 ± 0
  Range      : [10000000, 10000000]

SNR achieved:
  Mean ± std : 4.0552 ± 0.0000
  Range      : [4.0552, 4.0552]

Total time: 2528.4 s (42.1 min)
======================================================================

💾 Saved: data/2026-04-29/pessimistic_run_136/consistent_population_pessimistic_targetSNR4.25_sims1.json
💾 Saved compressed pickle: data/2026-04-29/pessimistic_run_136/consistent_population_pessimistic_targetSNR4.25_sims1.pkl.gz

======================================================================
CONTINUOUS WAVE SNR ANALYSIS
======================================================================

--- Population 1 ---
Precomputation of phiinvs, TNTs, Ts, Nvecs, Sigmas took 0.03 seconds.
Total SNR computation for population took 333.53 seconds.
Top 50 CGW candidates:
   1. proxy_rank=  83  sky_w=1.40  f=7.32e-09 Hz  Mc=4.21e+09 Msun  h0=1.04e-15  SNR=1.538
   2. proxy_rank= 378  sky_w=1.44  f=8.10e-09 Hz  Mc=5.18e+09 Msun  h0=7.23e-16  SNR=1.510
   3. proxy_rank=  23  sky_w=1.56  f=4.91e-09 Hz  Mc=3.67e+09 Msun  h0=8.78e-16  SNR=1.415
   4. proxy_rank=   4  sky_w=1.55  f=3.66e-09 Hz  Mc=4.71e+09 Msun  h0=1.05e-15  SNR=1.249
   5. proxy_rank=  38  sky_w=1.32  f=4.98e-09 Hz  Mc=2.15e+09 Msun  h0=8.94e-16  SNR=1.203
   6. proxy_rank=  33  sky_w=1.41  f=4.72e-09 Hz  Mc=4.30e+09 Msun  h0=8.29e-16  SNR=1.116
   7. proxy_rank= 108  sky_w=1.09  f=6.91e-09 Hz  Mc=4.80e+09 Msun  h0=1.19e-15  SNR=0.992
   8. proxy_rank= 398  sky_w=0.91  f=8.71e-09 Hz  Mc=2.50e+09 Msun  h0=1.20e-15  SNR=0.990
   9. proxy_rank=   5  sky_w=1.21  f=3.92e-09 Hz  Mc=3.96e+09 Msun  h0=1.39e-15  SNR=0.982
  10. proxy_rank= 767  sky_w=1.30  f=7.20e-09 Hz  Mc=4.18e+09 Msun  h0=5.60e-16  SNR=0.964
  11. proxy_rank= 200  sky_w=1.39  f=5.19e-09 Hz  Mc=3.68e+09 Msun  h0=5.99e-16  SNR=0.890
  12. proxy_rank= 937  sky_w=1.00  f=7.36e-09 Hz  Mc=5.19e+09 Msun  h0=6.96e-16  SNR=0.882
  13. proxy_rank= 399  sky_w=1.38  f=6.50e-09 Hz  Mc=1.06e+09 Msun  h0=5.89e-16  SNR=0.881
  14. proxy_rank= 304  sky_w=1.34  f=5.42e-09 Hz  Mc=4.74e+09 Msun  h0=5.52e-16  SNR=0.829
  15. proxy_rank= 825  sky_w=1.52  f=6.50e-09 Hz  Mc=2.40e+09 Msun  h0=4.23e-16  SNR=0.810
  16. proxy_rank=  32  sky_w=0.85  f=3.78e-09 Hz  Mc=5.35e+09 Msun  h0=1.12e-15  SNR=0.800
  17. proxy_rank=  96  sky_w=1.23  f=4.66e-09 Hz  Mc=1.06e+09 Msun  h0=7.28e-16  SNR=0.791
  18. proxy_rank=  19  sky_w=1.17  f=3.47e-09 Hz  Mc=2.38e+09 Msun  h0=8.76e-16  SNR=0.789
  19. proxy_rank=   1  sky_w=1.24  f=2.33e-09 Hz  Mc=8.32e+08 Msun  h0=3.70e-15  SNR=0.775
  20. proxy_rank= 341  sky_w=1.08  f=5.26e-09 Hz  Mc=1.91e+09 Msun  h0=6.45e-16  SNR=0.760
  21. proxy_rank= 564  sky_w=0.62  f=5.89e-09 Hz  Mc=4.90e+09 Msun  h0=1.08e-15  SNR=0.756
  22. proxy_rank= 978  sky_w=1.47  f=6.44e-09 Hz  Mc=2.90e+09 Msun  h0=4.09e-16  SNR=0.724
  23. proxy_rank= 176  sky_w=1.56  f=4.60e-09 Hz  Mc=5.18e+09 Msun  h0=4.84e-16  SNR=0.720
  24. proxy_rank= 288  sky_w=1.19  f=4.98e-09 Hz  Mc=5.49e+09 Msun  h0=5.82e-16  SNR=0.698
  25. proxy_rank= 352  sky_w=1.59  f=5.10e-09 Hz  Mc=4.09e+09 Msun  h0=4.22e-16  SNR=0.691
  26. proxy_rank= 831  sky_w=1.30  f=6.85e-09 Hz  Mc=3.18e+09 Msun  h0=5.17e-16  SNR=0.671
  27. proxy_rank= 336  sky_w=0.90  f=4.63e-09 Hz  Mc=5.04e+09 Msun  h0=6.89e-16  SNR=0.647
  28. proxy_rank=  11  sky_w=1.46  f=3.40e-09 Hz  Mc=5.89e+09 Msun  h0=8.03e-16  SNR=0.628
  29. proxy_rank=   9  sky_w=1.42  f=3.21e-09 Hz  Mc=1.54e+09 Msun  h0=7.93e-16  SNR=0.623
  30. proxy_rank=  20  sky_w=0.78  f=3.28e-09 Hz  Mc=3.25e+09 Msun  h0=1.21e-15  SNR=0.619
  31. proxy_rank=  47  sky_w=1.62  f=3.93e-09 Hz  Mc=2.46e+09 Msun  h0=5.47e-16  SNR=0.618
  32. proxy_rank= 106  sky_w=1.26  f=3.84e-09 Hz  Mc=5.00e+09 Msun  h0=5.78e-16  SNR=0.607
  33. proxy_rank= 688  sky_w=0.92  f=5.25e-09 Hz  Mc=4.27e+09 Msun  h0=6.01e-16  SNR=0.582
  34. proxy_rank= 148  sky_w=1.33  f=6.07e-09 Hz  Mc=5.10e+09 Msun  h0=7.81e-16  SNR=0.581
  35. proxy_rank=  14  sky_w=1.59  f=2.94e-09 Hz  Mc=4.82e+09 Msun  h0=6.06e-16  SNR=0.578
  36. proxy_rank=  43  sky_w=1.40  f=3.35e-09 Hz  Mc=3.47e+09 Msun  h0=5.55e-16  SNR=0.572
  37. proxy_rank=  59  sky_w=0.93  f=3.38e-09 Hz  Mc=1.84e+09 Msun  h0=7.89e-16  SNR=0.564
  38. proxy_rank=  88  sky_w=1.49  f=3.72e-09 Hz  Mc=2.38e+09 Msun  h0=4.93e-16  SNR=0.558
  39. proxy_rank= 424  sky_w=1.47  f=5.34e-09 Hz  Mc=1.83e+09 Msun  h0=4.48e-16  SNR=0.545
  40. proxy_rank= 112  sky_w=1.49  f=3.88e-09 Hz  Mc=5.45e+09 Msun  h0=4.85e-16  SNR=0.524
  41. proxy_rank= 128  sky_w=1.44  f=3.85e-09 Hz  Mc=4.63e+09 Msun  h0=4.74e-16  SNR=0.521
  42. proxy_rank=  27  sky_w=1.50  f=3.60e-09 Hz  Mc=2.20e+09 Msun  h0=6.35e-16  SNR=0.516
  43. proxy_rank= 229  sky_w=1.57  f=4.15e-09 Hz  Mc=4.82e+09 Msun  h0=4.02e-16  SNR=0.516
  44. proxy_rank= 162  sky_w=1.38  f=5.41e-09 Hz  Mc=5.75e+09 Msun  h0=6.54e-16  SNR=0.515
  45. proxy_rank=  86  sky_w=1.57  f=3.36e-09 Hz  Mc=3.95e+09 Msun  h0=4.24e-16  SNR=0.477
  46. proxy_rank= 188  sky_w=1.49  f=3.83e-09 Hz  Mc=5.05e+09 Msun  h0=4.17e-16  SNR=0.461
  47. proxy_rank= 142  sky_w=1.32  f=3.79e-09 Hz  Mc=2.70e+09 Msun  h0=5.01e-16  SNR=0.456
  48. proxy_rank= 758  sky_w=1.14  f=4.33e-09 Hz  Mc=4.61e+09 Msun  h0=3.86e-16  SNR=0.448
  49. proxy_rank= 531  sky_w=1.60  f=4.35e-09 Hz  Mc=3.53e+09 Msun  h0=3.13e-16  SNR=0.448
  50. proxy_rank=  54  sky_w=1.28  f=3.29e-09 Hz  Mc=4.69e+09 Msun  h0=5.68e-16  SNR=0.447
💾 Saved: data/2026-04-29/pessimistic_run_136/consistent_population_pessimistic_targetSNR4.25_sims1.json
💾 Saved compressed pickle: data/2026-04-29/pessimistic_run_136/consistent_population_pessimistic_targetSNR4.25_sims1.pkl.gz
Saved to figures/cgw_analysis_pessimistic.pdf

======================================================================
ANALYSIS COMPLETE
Results saved to: data/2026-04-29/pessimistic_run_136
======================================================================

==========================================
Job finished at: Wed Apr 29 15:18:57 AEST 2026
Exit code: 0
==========================================

+------------------ Job Report: 11737084 (COMPLETED) ------------------+
| Memory (RAM)  [#################   ] 87.9% (35.2 GB peak / 40 GB)    |
| CPU           [################    ] 83.5% average                   |
| Time          [------------>       ] 64.1% (0-00:54:29 / 0-01:25:00) |
|                                                                      |
| Lustre Filesystem:                                                   |
|   Path    Total Read    Total Write    Total IOPS                    |
|   ------  ------------  -------------  ------------                  |
|   /apps   0 B           0 B            801                           |
|   /fred   116 KB        6.7 MB         132                           |
|   /home   6.6 MB        0 B            2.8 K                         |
|   OS      0 B           0 B            4                             |
|                                                                      |
| Warnings:                                                            |
|   - Too much time requested                                          |
+----------------------------------------------------------------------+
