==========================================
Job ID: 11736922
Job Name: smbhb_realistic
Node: dave305
Start Time: Wed Apr 29 12:52:56 AEST 2026
==========================================

/home/bhoulden/.conda/envs/smbhb312/share/tempo2
Working directory: /fred/oz005/users/bhoulden/SMBHB_population_injections

Loaded modules:

Starting SMBHB analysis...
==========================================

📁 Save directory: data/2026-04-29/realistic_run_122
📝 Run name: realistic_run_122

[MEM] Start: 243.9 MB

📡 Loading pulsars...
======================================================================
LOADING NANOGRAV PULSARS (libstempo)
======================================================================

📦 Loading from cache: nanograv_pulsars_cache.pkl
⚠ Cache load failed: Ran out of input
[DEBUG] Found 76 .par files
[tempo2Util.C:396] Warning: [MISC1] Unknown parameter in par file:  DMDATA
[tempo2Util.C:401] Warning: [DUP1] duplicated warnings have been suppressed.

WARNING: Using tempo RNAMP parameter: setting TNRedC to 100!
[observatory.C:271] Warning: Assuming site 'arecibo' means 'ao'
✓ Loaded B1855+09 (7758 TOAs)

WARNING: Using tempo RNAMP parameter: setting TNRedC to 100!
✓ Loaded B1937+21 (23023 TOAs)

WARNING: Using tempo RNAMP parameter: setting TNRedC to 100!
✓ Loaded B1937+21ao (7241 TOAs)

WARNING: Using tempo RNAMP parameter: setting TNRedC to 100!
✓ Loaded B1937+21gbt (16048 TOAs)

WARNING: Using tempo RNAMP parameter: setting TNRedC to 100!
✓ Loaded B1953+29 (5126 TOAs)
✓ Loaded J0023+0923 (15896 TOAs)

WARNING: Using tempo RNAMP parameter: setting TNRedC to 100!
✓ Loaded J0030+0451 (19571 TOAs)
✓ Loaded J0340+4130 (11093 TOAs)
✓ Loaded J0406+3039 (2446 TOAs)

WARNING: Using tempo RNAMP parameter: setting TNRedC to 100!
✓ Loaded J0437-4715 (5830 TOAs)
✓ Loaded J0509+0856 (2169 TOAs)
✓ Loaded J0557+1551 (525 TOAs)
✓ Loaded J0605+3757 (554 TOAs)

WARNING: Using tempo RNAMP parameter: setting TNRedC to 100!
✓ Loaded J0610-2100 (4885 TOAs)

WARNING: Using tempo RNAMP parameter: setting TNRedC to 100!
✓ Loaded J0613-0200 (17124 TOAs)
✓ Loaded J0614-3329 (1714 TOAs)
✓ Loaded J0636+5128 (32222 TOAs)
✓ Loaded J0645+5158 (10403 TOAs)
✓ Loaded J0709+0458 (3030 TOAs)
✓ Loaded J0740+6620 (13401 TOAs)
✓ Loaded J0931-1902 (5473 TOAs)

WARNING: Using tempo RNAMP parameter: setting TNRedC to 100!
✓ Loaded J1012+5307 (25837 TOAs)
✓ Loaded J1012-4235 (797 TOAs)
✓ Loaded J1022+1001 (3978 TOAs)
✓ Loaded J1024-0719 (12635 TOAs)
✓ Loaded J1125+7819 (8723 TOAs)
✓ Loaded J1312+0051 (1705 TOAs)
✓ Loaded J1453+1902 (2551 TOAs)
✓ Loaded J1455-3330 (10818 TOAs)

WARNING: Using tempo RNAMP parameter: setting TNRedC to 100!
✓ Loaded J1600-3053 (22955 TOAs)

WARNING: Using tempo RNAMP parameter: setting TNRedC to 100!
✓ Loaded J1600-3053gbt (19725 TOAs)

WARNING: Using tempo RNAMP parameter: setting TNRedC to 100!
✓ Loaded J1614-2230 (18445 TOAs)
✓ Loaded J1630+3734 (1815 TOAs)
✓ Loaded J1640+2224 (14066 TOAs)

WARNING: Using tempo RNAMP parameter: setting TNRedC to 100!
✓ Loaded J1643-1224 (22144 TOAs)

WARNING: Using tempo RNAMP parameter: setting TNRedC to 100!
✓ Loaded J1643-1224gbt (17932 TOAs)

WARNING: Using tempo RNAMP parameter: setting TNRedC to 100!
✓ Loaded J1705-1903 (9871 TOAs)

WARNING: Using tempo RNAMP parameter: setting TNRedC to 100!
✓ Loaded J1713+0747 (59389 TOAs)

WARNING: Using tempo RNAMP parameter: setting TNRedC to 100!
✓ Loaded J1713+0747ao (21362 TOAs)

WARNING: Using tempo RNAMP parameter: setting TNRedC to 100!
✓ Loaded J1713+0747gbt (32963 TOAs)
✓ Loaded J1719-1438 (6356 TOAs)
✓ Loaded J1730-2304 (4870 TOAs)
✓ Loaded J1738+0333 (8790 TOAs)
✓ Loaded J1741+1351 (5582 TOAs)

WARNING: Using tempo RNAMP parameter: setting TNRedC to 100!
✓ Loaded J1744-1134 (17745 TOAs)

WARNING: Using tempo RNAMP parameter: setting TNRedC to 100!
✓ Loaded J1745+1017 (3017 TOAs)

WARNING: Using tempo RNAMP parameter: setting TNRedC to 100!
✓ Loaded J1747-4036 (11055 TOAs)
✓ Loaded J1751-2857 (2025 TOAs)

WARNING: Using tempo RNAMP parameter: setting TNRedC to 100!
✓ Loaded J1802-2124 (6796 TOAs)
✓ Loaded J1811-2405 (5266 TOAs)
✓ Loaded J1832-0836 (7739 TOAs)
✓ Loaded J1843-1113 (4595 TOAs)

WARNING: Using tempo RNAMP parameter: setting TNRedC to 100!
✓ Loaded J1853+1303 (4570 TOAs)

WARNING: Using tempo RNAMP parameter: setting TNRedC to 100!
✓ Loaded J1903+0327 (6856 TOAs)

WARNING: Using tempo RNAMP parameter: setting TNRedC to 100!
✓ Loaded J1903+0327ao (6423 TOAs)

WARNING: Using tempo RNAMP parameter: setting TNRedC to 100!
✓ Loaded J1909-3744 (35037 TOAs)

WARNING: Using tempo RNAMP parameter: setting TNRedC to 100!
✓ Loaded J1909-3744gbt (31526 TOAs)
✓ Loaded J1910+1256 (6486 TOAs)
✓ Loaded J1911+1347 (3786 TOAs)
✓ Loaded J1918-0642 (18875 TOAs)
✓ Loaded J1923+2515 (3974 TOAs)
✓ Loaded J1944+0907 (5328 TOAs)

WARNING: Using tempo RNAMP parameter: setting TNRedC to 100!
✓ Loaded J1946+3417 (4743 TOAs)
✓ Loaded J2010-1323 (17077 TOAs)
✓ Loaded J2017+0603 (3512 TOAs)
✓ Loaded J2033+1734 (3847 TOAs)
✓ Loaded J2043+1711 (7397 TOAs)
✓ Loaded J2124-3358 (4982 TOAs)

WARNING: Using tempo RNAMP parameter: setting TNRedC to 100!
✓ Loaded J2145-0750 (18675 TOAs)
✓ Loaded J2214+3000 (7406 TOAs)
✓ Loaded J2229+2643 (3711 TOAs)

WARNING: Using tempo RNAMP parameter: setting TNRedC to 100!
✓ Loaded J2234+0611 (3566 TOAs)
✓ Loaded J2234+0944 (7535 TOAs)
✓ Loaded J2302+4442 (10211 TOAs)
✓ Loaded J2317+1439 (13927 TOAs)
✓ Loaded J2322+2057 (3088 TOAs)
⚠ Could not save cache: no default __reduce__ due to non-trivial __cinit__

✓ Loaded 76 pulsars
✗ Failed: 0 — []
[MEM] After loading pulsars: 8866.9 MB

🔍 Filtering pulsars...

Filtered: 76 → 67 pulsars
[MEM] After filtering pulsars: 8868.0 MB
[MEM] After garbage collection: 8868.2 MB

======================================================================
SMBHB POPULATION ANALYSIS
======================================================================

Configuration: realistic
  Medium mass, medium spread in distance, medium population
  N_binaries: 20000

======================================================================
CONSISTENT POPULATION SYNTHESIS
======================================================================

======================================================================
GENERATING SNR-CONSISTENT POPULATIONS
======================================================================
Target SNR:          4.0
Simulations:         1
======================================================================


──────────────────────────────────────────────────────────────────────
SIMULATION 1/1
──────────────────────────────────────────────────────────────────────
  [B1855+09] zeroing residuals...
  [B1855+09] adding red noise...
  [B1855+09] white noise for 430_PUPPI (1185 TOAs)...
  [B1855+09] white noise for L-wide_ASP (1178 TOAs)...
  [B1855+09] white noise for 430_ASP (390 TOAs)...
  [B1855+09] white noise for L-wide_PUPPI (5005 TOAs)...
  [B1937+21] zeroing residuals...
  [B1937+21] adding red noise...
  [B1937+21] white noise for Rcvr_800_GASP (586 TOAs)...
  [B1937+21] white noise for L-wide_ASP (452 TOAs)...
  [B1937+21] white noise for Rcvr1_2_GUPPI (7048 TOAs)...
  [B1937+21] white noise for S-wide_PUPPI (2251 TOAs)...
  [B1937+21] white noise for S-wide_ASP (344 TOAs)...
  [B1937+21] white noise for L-wide_PUPPI (4133 TOAs)...
  [B1937+21] white noise for Rcvr1_2_GASP (1069 TOAs)...
  [B1937+21] white noise for Rcvr_800_GUPPI (7140 TOAs)...
  [B1953+29] zeroing residuals...
  [B1953+29] adding red noise...
  [B1953+29] white noise for L-wide_ASP (94 TOAs)...
  [B1953+29] white noise for 430_PUPPI (941 TOAs)...
  [B1953+29] white noise for 430_ASP (29 TOAs)...
  [B1953+29] white noise for S-wide_ASP (25 TOAs)...
  [B1953+29] white noise for L-wide_PUPPI (4037 TOAs)...
  [J0023+0923] zeroing residuals...
  [J0023+0923] adding red noise...
  [J0023+0923] white noise for 430_PUPPI (4564 TOAs)...
  [J0023+0923] white noise for L-wide_ASP (119 TOAs)...
  [J0023+0923] white noise for 430_ASP (90 TOAs)...
  [J0023+0923] white noise for L-wide_PUPPI (11123 TOAs)...
  [J0030+0451] zeroing residuals...
  [J0030+0451] adding red noise...
  [J0030+0451] white noise for L-wide_ASP (789 TOAs)...
  [J0030+0451] white noise for 430_PUPPI (3068 TOAs)...
  [J0030+0451] white noise for 430_ASP (267 TOAs)...
  [J0030+0451] white noise for S-wide_PUPPI (2673 TOAs)...
  [J0030+0451] white noise for L-wide_PUPPI (12774 TOAs)...
  [J0340+4130] zeroing residuals...
  [J0340+4130] adding red noise...
  [J0340+4130] white noise for Rcvr1_2_GUPPI (5037 TOAs)...
  [J0340+4130] white noise for Rcvr_800_GUPPI (6056 TOAs)...
  [J0406+3039] zeroing residuals...
  [J0406+3039] adding red noise...
  [J0406+3039] white noise for S-wide_PUPPI (575 TOAs)...
  [J0406+3039] white noise for L-wide_PUPPI (1871 TOAs)...
  [J0437-4715] zeroing residuals...
  [J0437-4715] adding red noise...
  [J0437-4715] white noise for 1.5GHz_YUPPI (2134 TOAs)...
  [J0437-4715] white noise for 3GHz_YUPPI (3696 TOAs)...
  [J0509+0856] zeroing residuals...
  [J0509+0856] adding red noise...
  [J0509+0856] white noise for S-wide_PUPPI (544 TOAs)...
  [J0509+0856] white noise for L-wide_PUPPI (1625 TOAs)...
  [J0557+1551] zeroing residuals...
  [J0557+1551] adding red noise...
  [J0557+1551] white noise for S-wide_PUPPI (58 TOAs)...
  [J0557+1551] white noise for L-wide_PUPPI (467 TOAs)...
  [J0605+3757] zeroing residuals...
  [J0605+3757] adding red noise...
  [J0605+3757] white noise for Rcvr1_2_GUPPI (318 TOAs)...
  [J0605+3757] white noise for Rcvr_800_GUPPI (236 TOAs)...
  [J0610-2100] zeroing residuals...
  [J0610-2100] adding red noise...
  [J0610-2100] white noise for Rcvr1_2_GUPPI (2401 TOAs)...
  [J0610-2100] white noise for Rcvr_800_GUPPI (2484 TOAs)...
  [J0613-0200] zeroing residuals...
  [J0613-0200] adding red noise...
  [J0613-0200] white noise for Rcvr_800_GASP (809 TOAs)...
  [J0613-0200] white noise for Rcvr1_2_GASP (992 TOAs)...
  [J0613-0200] white noise for Rcvr1_2_GUPPI (7423 TOAs)...
  [J0613-0200] white noise for Rcvr_800_GUPPI (7900 TOAs)...
  [J0636+5128] zeroing residuals...
  [J0636+5128] adding red noise...
  [J0636+5128] white noise for Rcvr1_2_GUPPI (14803 TOAs)...
  [J0636+5128] white noise for Rcvr_800_GUPPI (17419 TOAs)...
  [J0645+5158] zeroing residuals...
  [J0645+5158] adding red noise...
  [J0645+5158] white noise for Rcvr1_2_GUPPI (5721 TOAs)...
  [J0645+5158] white noise for Rcvr_800_GUPPI (4682 TOAs)...
  [J0709+0458] zeroing residuals...
  [J0709+0458] adding red noise...
  [J0709+0458] white noise for S-wide_PUPPI (595 TOAs)...
  [J0709+0458] white noise for L-wide_PUPPI (2435 TOAs)...
  [J0740+6620] zeroing residuals...
  [J0740+6620] adding red noise...
  [J0740+6620] white noise for Rcvr1_2_GUPPI (8265 TOAs)...
  [J0740+6620] white noise for Rcvr_800_GUPPI (5136 TOAs)...
  [J0931-1902] zeroing residuals...
  [J0931-1902] adding red noise...
  [J0931-1902] white noise for Rcvr1_2_GUPPI (2054 TOAs)...
  [J0931-1902] white noise for Rcvr_800_GUPPI (3419 TOAs)...
  [J1012+5307] zeroing residuals...
  [J1012+5307] adding red noise...
  [J1012+5307] white noise for Rcvr_800_GASP (1210 TOAs)...
  [J1012+5307] white noise for Rcvr1_2_GASP (1479 TOAs)...
  [J1012+5307] white noise for Rcvr1_2_GUPPI (12849 TOAs)...
  [J1012+5307] white noise for Rcvr_800_GUPPI (10299 TOAs)...
  [J1012-4235] zeroing residuals...
  [J1012-4235] adding red noise...
  [J1012-4235] white noise for Rcvr1_2_GUPPI (455 TOAs)...
  [J1012-4235] white noise for Rcvr_800_GUPPI (342 TOAs)...
  [J1022+1001] zeroing residuals...
  [J1022+1001] adding red noise...
  [J1022+1001] white noise for S-wide_PUPPI (1154 TOAs)...
  [J1022+1001] white noise for 430_PUPPI (232 TOAs)...
  [J1022+1001] white noise for L-wide_PUPPI (2592 TOAs)...
  [J1024-0719] zeroing residuals...
  [J1024-0719] adding red noise...
  [J1024-0719] white noise for Rcvr_800_GASP (51 TOAs)...
  [J1024-0719] white noise for Rcvr1_2_GASP (43 TOAs)...
  [J1024-0719] white noise for Rcvr1_2_GUPPI (7086 TOAs)...
  [J1024-0719] white noise for Rcvr_800_GUPPI (5455 TOAs)...
  [J1125+7819] zeroing residuals...
  [J1125+7819] adding red noise...
  [J1125+7819] white noise for Rcvr1_2_GUPPI (4016 TOAs)...
  [J1125+7819] white noise for Rcvr_800_GUPPI (4707 TOAs)...
  [J1312+0051] zeroing residuals...
  [J1312+0051] adding red noise...
  [J1312+0051] white noise for S-wide_PUPPI (416 TOAs)...
  [J1312+0051] white noise for L-wide_PUPPI (1289 TOAs)...
  [J1453+1902] zeroing residuals...
  [J1453+1902] adding red noise...
  [J1453+1902] white noise for S-wide_PUPPI (4 TOAs)...
  [J1453+1902] white noise for 430_PUPPI (425 TOAs)...
  [J1453+1902] white noise for L-wide_PUPPI (2122 TOAs)...
  [J1455-3330] zeroing residuals...
  [J1455-3330] adding red noise...
  [J1455-3330] white noise for Rcvr_800_GASP (479 TOAs)...
  [J1455-3330] white noise for Rcvr1_2_GASP (564 TOAs)...
  [J1455-3330] white noise for Rcvr1_2_GUPPI (4932 TOAs)...
  [J1455-3330] white noise for Rcvr_800_GUPPI (4843 TOAs)...
  [J1600-3053] zeroing residuals...
  [J1600-3053] adding red noise...
  [J1600-3053] white noise for Rcvr_800_GASP (297 TOAs)...
  [J1600-3053] white noise for Rcvr1_2_GUPPI (10168 TOAs)...
  [J1600-3053] white noise for Rcvr_800_GUPPI (8796 TOAs)...
  [J1600-3053] white noise for Rcvr1_2_GASP (457 TOAs)...
  [J1600-3053] white noise for 3GHz_YUPPI (3237 TOAs)...
  [J1614-2230] zeroing residuals...
  [J1614-2230] adding red noise...
  [J1614-2230] white noise for Rcvr_800_GASP (84 TOAs)...
  [J1614-2230] white noise for Rcvr1_2_GASP (84 TOAs)...
  [J1614-2230] white noise for Rcvr1_2_GUPPI (10509 TOAs)...
  [J1614-2230] white noise for Rcvr_800_GUPPI (7768 TOAs)...
  [J1630+3734] zeroing residuals...
  [J1630+3734] adding red noise...
  [J1630+3734] white noise for Rcvr1_2_GUPPI (909 TOAs)...
  [J1630+3734] white noise for Rcvr_800_GUPPI (906 TOAs)...
  [J1640+2224] zeroing residuals...
  [J1640+2224] adding red noise...
  [J1640+2224] white noise for 430_PUPPI (3157 TOAs)...
  [J1640+2224] white noise for L-wide_ASP (722 TOAs)...
  [J1640+2224] white noise for 430_ASP (340 TOAs)...
  [J1640+2224] white noise for L-wide_PUPPI (9847 TOAs)...
  [J1643-1224] zeroing residuals...
  [J1643-1224] adding red noise...
  [J1643-1224] white noise for Rcvr_800_GASP (559 TOAs)...
  [J1643-1224] white noise for Rcvr1_2_GUPPI (8803 TOAs)...
  [J1643-1224] white noise for Rcvr_800_GUPPI (7734 TOAs)...
  [J1643-1224] white noise for Rcvr1_2_GASP (833 TOAs)...
  [J1643-1224] white noise for 3GHz_YUPPI (4215 TOAs)...
  [J1705-1903] zeroing residuals...
  [J1705-1903] adding red noise...
  [J1705-1903] white noise for Rcvr1_2_GUPPI (6350 TOAs)...
  [J1705-1903] white noise for Rcvr_800_GUPPI (3521 TOAs)...
  [J1713+0747] zeroing residuals...
  [J1713+0747] adding red noise...
  [J1713+0747] white noise for Rcvr_800_GASP (1032 TOAs)...
  [J1713+0747] white noise for L-wide_ASP (843 TOAs)...
  [J1713+0747] white noise for 1.5GHz_YUPPI (1461 TOAs)...
  [J1713+0747] white noise for Rcvr1_2_GUPPI (22334 TOAs)...
  [J1713+0747] white noise for S-wide_PUPPI (7482 TOAs)...
  [J1713+0747] white noise for Rcvr_800_GUPPI (8479 TOAs)...
  [J1713+0747] white noise for S-wide_ASP (624 TOAs)...
  [J1713+0747] white noise for L-wide_PUPPI (12743 TOAs)...
  [J1713+0747] white noise for Rcvr1_2_GASP (1109 TOAs)...
  [J1713+0747] white noise for 3GHz_YUPPI (3282 TOAs)...
  [J1719-1438] zeroing residuals...
  [J1719-1438] adding red noise...
  [J1719-1438] white noise for Rcvr1_2_GUPPI (2722 TOAs)...
  [J1719-1438] white noise for Rcvr_800_GUPPI (3634 TOAs)...
  [J1730-2304] zeroing residuals...
  [J1730-2304] adding red noise...
  [J1730-2304] white noise for Rcvr1_2_GUPPI (2367 TOAs)...
  [J1730-2304] white noise for Rcvr_800_GUPPI (2503 TOAs)...
  [J1738+0333] zeroing residuals...
  [J1738+0333] adding red noise...
  [J1738+0333] white noise for S-wide_ASP (134 TOAs)...
  [J1738+0333] white noise for L-wide_PUPPI (6718 TOAs)...
  [J1738+0333] white noise for L-wide_ASP (201 TOAs)...
  [J1738+0333] white noise for S-wide_PUPPI (1737 TOAs)...
  [J1741+1351] zeroing residuals...
  [J1741+1351] adding red noise...
  [J1741+1351] white noise for L-wide_ASP (236 TOAs)...
  [J1741+1351] white noise for 430_PUPPI (1159 TOAs)...
  [J1741+1351] white noise for 430_ASP (27 TOAs)...
  [J1741+1351] white noise for S-wide_ASP (115 TOAs)...
  [J1741+1351] white noise for L-wide_PUPPI (4045 TOAs)...
  [J1744-1134] zeroing residuals...
  [J1744-1134] adding red noise...
  [J1744-1134] white noise for Rcvr_800_GASP (930 TOAs)...
  [J1744-1134] white noise for Rcvr1_2_GASP (807 TOAs)...
  [J1744-1134] white noise for Rcvr1_2_GUPPI (8109 TOAs)...
  [J1744-1134] white noise for Rcvr_800_GUPPI (7899 TOAs)...
  [J1745+1017] zeroing residuals...
  [J1745+1017] adding red noise...
  [J1745+1017] white noise for S-wide_PUPPI (838 TOAs)...
  [J1745+1017] white noise for L-wide_PUPPI (2179 TOAs)...
  [J1747-4036] zeroing residuals...
  [J1747-4036] adding red noise...
  [J1747-4036] white noise for Rcvr1_2_GUPPI (5239 TOAs)...
  [J1747-4036] white noise for Rcvr_800_GUPPI (5816 TOAs)...
  [J1751-2857] zeroing residuals...
  [J1751-2857] adding red noise...
  [J1751-2857] white noise for Rcvr1_2_GUPPI (1786 TOAs)...
  [J1751-2857] white noise for Rcvr_800_GUPPI (239 TOAs)...
  [J1802-2124] zeroing residuals...
  [J1802-2124] adding red noise...
  [J1802-2124] white noise for Rcvr1_2_GUPPI (3231 TOAs)...
  [J1802-2124] white noise for Rcvr_800_GUPPI (3565 TOAs)...
  [J1811-2405] zeroing residuals...
  [J1811-2405] adding red noise...
  [J1811-2405] white noise for Rcvr1_2_GUPPI (2638 TOAs)...
  [J1811-2405] white noise for Rcvr_800_GUPPI (2628 TOAs)...
  [J1832-0836] zeroing residuals...
  [J1832-0836] adding red noise...
  [J1832-0836] white noise for Rcvr1_2_GUPPI (4661 TOAs)...
  [J1832-0836] white noise for Rcvr_800_GUPPI (3078 TOAs)...
  [J1843-1113] zeroing residuals...
  [J1843-1113] adding red noise...
  [J1843-1113] white noise for Rcvr1_2_GUPPI (2394 TOAs)...
  [J1843-1113] white noise for Rcvr_800_GUPPI (2201 TOAs)...
  [J1853+1303] zeroing residuals...
  [J1853+1303] adding red noise...
  [J1853+1303] white noise for 430_PUPPI (1151 TOAs)...
  [J1853+1303] white noise for L-wide_ASP (33 TOAs)...
  [J1853+1303] white noise for 430_ASP (24 TOAs)...
  [J1853+1303] white noise for L-wide_PUPPI (3362 TOAs)...
  [J1903+0327] zeroing residuals...
  [J1903+0327] adding red noise...
  [J1903+0327] white noise for L-wide_ASP (139 TOAs)...
  [J1903+0327] white noise for 3GHz_YUPPI (439 TOAs)...
  [J1903+0327] white noise for S-wide_ASP (151 TOAs)...
  [J1903+0327] white noise for L-wide_PUPPI (3845 TOAs)...
  [J1903+0327] white noise for S-wide_PUPPI (2282 TOAs)...
  [J1909-3744] zeroing residuals...
  [J1909-3744] adding red noise...
  [J1909-3744] white noise for Rcvr_800_GASP (866 TOAs)...
  [J1909-3744] white noise for Rcvr1_2_GUPPI (20439 TOAs)...
  [J1909-3744] white noise for Rcvr_800_GUPPI (9399 TOAs)...
  [J1909-3744] white noise for Rcvr1_2_GASP (808 TOAs)...
  [J1909-3744] white noise for 3GHz_YUPPI (3525 TOAs)...
  [J1910+1256] zeroing residuals...
  [J1910+1256] adding red noise...
  [J1910+1256] white noise for S-wide_ASP (208 TOAs)...
  [J1910+1256] white noise for L-wide_PUPPI (4124 TOAs)...
  [J1910+1256] white noise for L-wide_ASP (297 TOAs)...
  [J1910+1256] white noise for S-wide_PUPPI (1857 TOAs)...
  [J1911+1347] zeroing residuals...
  [J1911+1347] adding red noise...
  [J1911+1347] white noise for 430_PUPPI (753 TOAs)...
  [J1911+1347] white noise for L-wide_PUPPI (3033 TOAs)...
  [J1918-0642] zeroing residuals...
  [J1918-0642] adding red noise...
  [J1918-0642] white noise for Rcvr_800_GASP (835 TOAs)...
  [J1918-0642] white noise for Rcvr1_2_GASP (778 TOAs)...
  [J1918-0642] white noise for Rcvr1_2_GUPPI (8910 TOAs)...
  [J1918-0642] white noise for Rcvr_800_GUPPI (8352 TOAs)...
  [J1923+2515] zeroing residuals...
  [J1923+2515] adding red noise...
  [J1923+2515] white noise for 430_PUPPI (922 TOAs)...
  [J1923+2515] white noise for L-wide_ASP (14 TOAs)...
  [J1923+2515] white noise for 430_ASP (10 TOAs)...
  [J1923+2515] white noise for L-wide_PUPPI (3028 TOAs)...
  [J1944+0907] zeroing residuals...
  [J1944+0907] adding red noise...
  [J1944+0907] white noise for L-wide_ASP (257 TOAs)...
  [J1944+0907] white noise for 430_PUPPI (1017 TOAs)...
  [J1944+0907] white noise for 430_ASP (38 TOAs)...
  [J1944+0907] white noise for S-wide_ASP (116 TOAs)...
  [J1944+0907] white noise for L-wide_PUPPI (3900 TOAs)...
  [J1946+3417] zeroing residuals...
  [J1946+3417] adding red noise...
  [J1946+3417] white noise for S-wide_PUPPI (1546 TOAs)...
  [J1946+3417] white noise for L-wide_PUPPI (3197 TOAs)...
  [J2010-1323] zeroing residuals...
  [J2010-1323] adding red noise...
  [J2010-1323] white noise for Rcvr_800_GASP (70 TOAs)...
  [J2010-1323] white noise for Rcvr1_2_GASP (70 TOAs)...
  [J2010-1323] white noise for Rcvr1_2_GUPPI (7779 TOAs)...
  [J2010-1323] white noise for Rcvr_800_GUPPI (9158 TOAs)...
  [J2017+0603] zeroing residuals...
  [J2017+0603] adding red noise...
  [J2017+0603] white noise for S-wide_PUPPI (849 TOAs)...
  [J2017+0603] white noise for 430_PUPPI (78 TOAs)...
  [J2017+0603] white noise for L-wide_ASP (16 TOAs)...
  [J2017+0603] white noise for L-wide_PUPPI (2569 TOAs)...
  [J2033+1734] zeroing residuals...
  [J2033+1734] adding red noise...
  [J2033+1734] white noise for 430_PUPPI (797 TOAs)...
  [J2033+1734] white noise for L-wide_PUPPI (3050 TOAs)...
  [J2043+1711] zeroing residuals...
  [J2043+1711] adding red noise...
  [J2043+1711] white noise for 430_PUPPI (2908 TOAs)...
  [J2043+1711] white noise for L-wide_ASP (40 TOAs)...
  [J2043+1711] white noise for 430_ASP (30 TOAs)...
  [J2043+1711] white noise for L-wide_PUPPI (4419 TOAs)...
  [J2124-3358] zeroing residuals...
  [J2124-3358] adding red noise...
  [J2124-3358] white noise for Rcvr1_2_GUPPI (2957 TOAs)...
  [J2124-3358] white noise for Rcvr_800_GUPPI (2025 TOAs)...
  [J2145-0750] zeroing residuals...
  [J2145-0750] adding red noise...
  [J2145-0750] white noise for Rcvr_800_GASP (362 TOAs)...
  [J2145-0750] white noise for Rcvr1_2_GASP (427 TOAs)...
  [J2145-0750] white noise for Rcvr1_2_GUPPI (9158 TOAs)...
  [J2145-0750] white noise for Rcvr_800_GUPPI (8728 TOAs)...
  [J2214+3000] zeroing residuals...
  [J2214+3000] adding red noise...
  [J2214+3000] white noise for S-wide_PUPPI (1568 TOAs)...
  [J2214+3000] white noise for L-wide_PUPPI (5829 TOAs)...
  [J2214+3000] white noise for L-wide_ASP (9 TOAs)...
  [J2229+2643] zeroing residuals...
  [J2229+2643] adding red noise...
  [J2229+2643] white noise for 430_PUPPI (956 TOAs)...
  [J2229+2643] white noise for L-wide_PUPPI (2755 TOAs)...
  [J2234+0611] zeroing residuals...
  [J2234+0611] adding red noise...
  [J2234+0611] white noise for 430_PUPPI (653 TOAs)...
  [J2234+0611] white noise for L-wide_PUPPI (2913 TOAs)...
  [J2234+0944] zeroing residuals...
  [J2234+0944] adding red noise...
  [J2234+0944] white noise for S-wide_PUPPI (2532 TOAs)...
  [J2234+0944] white noise for L-wide_PUPPI (5003 TOAs)...
  [J2302+4442] zeroing residuals...
  [J2302+4442] adding red noise...
  [J2302+4442] white noise for Rcvr1_2_GUPPI (3779 TOAs)...
  [J2302+4442] white noise for Rcvr_800_GUPPI (6432 TOAs)...
  [J2317+1439] zeroing residuals...
  [J2317+1439] adding red noise...
  [J2317+1439] white noise for 327_PUPPI (276 TOAs)...
  [J2317+1439] white noise for 327_ASP (413 TOAs)...
  [J2317+1439] white noise for 430_PUPPI (3217 TOAs)...
  [J2317+1439] white noise for 430_ASP (458 TOAs)...
  [J2317+1439] white noise for L-wide_PUPPI (9563 TOAs)...
  [J2322+2057] zeroing residuals...
  [J2322+2057] adding red noise...
  [J2322+2057] white noise for S-wide_PUPPI (140 TOAs)...
  [J2322+2057] white noise for 430_PUPPI (752 TOAs)...
  [J2322+2057] white noise for L-wide_PUPPI (2196 TOAs)...
Resetting pulsars to clean stoas...
Restore: 0.00 s
Inject: 0.00 s
Snapshotting into enterprise Pulsar objects...
Building PTA...
PTA build: 526.81 s
Computing optimal statistic...
OS time: 49.97 s
Total: 576.78 s
Noise-only SNR baseline: -0.4491

Generating SNR-consistent population...
Target SNR: 4.0
Resetting pulsars to clean stoas...
Restore: 0.01 s
Injecting population...
  B1855+09: RMS = 3244.258 ns
  B1937+21: RMS = 3941.976 ns
  B1953+29: RMS = 4037.623 ns
  J0023+0923: RMS = 606.225 ns
  J0030+0451: RMS = 1009.081 ns
  J0340+4130: RMS = 1646.410 ns
  J0406+3039: RMS = 1035.227 ns
  J0437-4715: RMS = 1399.228 ns
  J0509+0856: RMS = 1233.372 ns
  J0557+1551: RMS = 2059.218 ns
  J0605+3757: RMS = 310.299 ns
  J0610-2100: RMS = 951.445 ns
  J0613-0200: RMS = 2561.517 ns
  J0636+5128: RMS = 352.860 ns
  J0645+5158: RMS = 407.242 ns
  J0709+0458: RMS = 591.756 ns
  J0740+6620: RMS = 802.639 ns
  J0931-1902: RMS = 928.442 ns
  J1012+5307: RMS = 872.088 ns
  J1012-4235: RMS = 1367.626 ns
  J1022+1001: RMS = 1025.377 ns
  J1024-0719: RMS = 1732.244 ns
  J1125+7819: RMS = 396.737 ns
  J1312+0051: RMS = 4630.629 ns
  J1453+1902: RMS = 1404.140 ns
  J1455-3330: RMS = 1336.984 ns
  J1600-3053: RMS = 3412.372 ns
  J1614-2230: RMS = 3200.385 ns
  J1630+3734: RMS = 889.009 ns
  J1640+2224: RMS = 950.778 ns
  J1643-1224: RMS = 2206.192 ns
  J1705-1903: RMS = 1402.655 ns
  J1713+0747: RMS = 1804.696 ns
  J1719-1438: RMS = 615.103 ns
  J1730-2304: RMS = 511.063 ns
  J1738+0333: RMS = 2716.510 ns
  J1741+1351: RMS = 2361.451 ns
  J1744-1134: RMS = 1995.668 ns
  J1745+1017: RMS = 1069.660 ns
  J1747-4036: RMS = 2361.648 ns
  J1751-2857: RMS = 616.021 ns
  J1802-2124: RMS = 136.916 ns
  J1811-2405: RMS = 241.730 ns
  J1832-0836: RMS = 3078.852 ns
  J1843-1113: RMS = 1410.350 ns
  J1853+1303: RMS = 3550.041 ns
  J1903+0327: RMS = 3307.187 ns
  J1909-3744: RMS = 3680.551 ns
  J1910+1256: RMS = 3463.344 ns
  J1911+1347: RMS = 2791.650 ns
  J1918-0642: RMS = 2641.749 ns
  J1923+2515: RMS = 4171.941 ns
  J1944+0907: RMS = 2720.443 ns
  J1946+3417: RMS = 2505.417 ns
  J2010-1323: RMS = 1130.983 ns
  J2017+0603: RMS = 1286.931 ns
  J2033+1734: RMS = 728.039 ns
  J2043+1711: RMS = 1654.308 ns
  J2124-3358: RMS = 276.635 ns
  J2145-0750: RMS = 2051.185 ns
  J2214+3000: RMS = 1939.496 ns
  J2229+2643: RMS = 587.082 ns
  J2234+0611: RMS = 691.286 ns
  J2234+0944: RMS = 930.984 ns
  J2302+4442: RMS = 1467.744 ns
  J2317+1439: RMS = 662.643 ns
  J2322+2057: RMS = 292.325 ns
Inject: 1.03 s
Snapshotting into enterprise Pulsar objects...
Building PTA...
PTA build: 526.80 s
Computing optimal statistic...
OS time: 48.24 s
Total: 576.07 s
Initial SNR: 70.9084, Target SNR: 4.0000
  Initial SNR 70.9084 outside of provided SNR_range [3.5, 4.25] — rescaling.
Scaling distances by factor 4.0048 to achieve target SNR...
Resetting pulsars to clean stoas...
Restore: 0.00 s
Injecting population...
  B1855+09: RMS = 810.085 ns
  B1937+21: RMS = 984.304 ns
  B1953+29: RMS = 1008.187 ns
  J0023+0923: RMS = 151.373 ns
  J0030+0451: RMS = 251.966 ns
  J0340+4130: RMS = 411.105 ns
  J0406+3039: RMS = 258.494 ns
  J0437-4715: RMS = 349.385 ns
  J0509+0856: RMS = 307.971 ns
  J0557+1551: RMS = 514.183 ns
  J0605+3757: RMS = 77.481 ns
  J0610-2100: RMS = 237.574 ns
  J0613-0200: RMS = 639.606 ns
  J0636+5128: RMS = 88.108 ns
  J0645+5158: RMS = 101.688 ns
  J0709+0458: RMS = 147.760 ns
  J0740+6620: RMS = 200.417 ns
  J0931-1902: RMS = 231.830 ns
  J1012+5307: RMS = 217.759 ns
  J1012-4235: RMS = 341.494 ns
  J1022+1001: RMS = 256.035 ns
  J1024-0719: RMS = 432.538 ns
  J1125+7819: RMS = 99.064 ns
  J1312+0051: RMS = 1156.259 ns
  J1453+1902: RMS = 350.611 ns
  J1455-3330: RMS = 333.842 ns
  J1600-3053: RMS = 852.062 ns
  J1614-2230: RMS = 799.130 ns
  J1630+3734: RMS = 221.984 ns
  J1640+2224: RMS = 237.407 ns
  J1643-1224: RMS = 550.882 ns
  J1705-1903: RMS = 350.240 ns
  J1713+0747: RMS = 450.629 ns
  J1719-1438: RMS = 153.590 ns
  J1730-2304: RMS = 127.611 ns
  J1738+0333: RMS = 678.307 ns
  J1741+1351: RMS = 589.650 ns
  J1744-1134: RMS = 498.314 ns
  J1745+1017: RMS = 267.092 ns
  J1747-4036: RMS = 589.699 ns
  J1751-2857: RMS = 153.819 ns
  J1802-2124: RMS = 34.188 ns
  J1811-2405: RMS = 60.359 ns
  J1832-0836: RMS = 768.783 ns
  J1843-1113: RMS = 352.162 ns
  J1853+1303: RMS = 886.438 ns
  J1903+0327: RMS = 825.798 ns
  J1909-3744: RMS = 919.026 ns
  J1910+1256: RMS = 864.790 ns
  J1911+1347: RMS = 697.070 ns
  J1918-0642: RMS = 659.639 ns
  J1923+2515: RMS = 1041.725 ns
  J1944+0907: RMS = 679.289 ns
  J1946+3417: RMS = 625.598 ns
  J2010-1323: RMS = 282.404 ns
  J2017+0603: RMS = 321.344 ns
  J2033+1734: RMS = 181.790 ns
  J2043+1711: RMS = 413.077 ns
  J2124-3358: RMS = 69.075 ns
  J2145-0750: RMS = 512.177 ns
  J2214+3000: RMS = 484.288 ns
  J2229+2643: RMS = 146.593 ns
  J2234+0611: RMS = 172.613 ns
  J2234+0944: RMS = 232.465 ns
  J2302+4442: RMS = 366.493 ns
  J2317+1439: RMS = 165.461 ns
  J2322+2057: RMS = 72.993 ns
Inject: 1.06 s
Snapshotting into enterprise Pulsar objects...
Building PTA...
PTA build: 527.14 s
Computing optimal statistic...
OS time: 56.53 s
Total: 584.73 s
  SNR 3.4931 outside of provided SNR_range [3.5, 4.25] — rescaling.
[Iteration 1/4] SNR after scaling: 3.4931 (target: 4.0000)
  SNR history: it0→70.9084@1.0000x, it1→3.4931@4.0048x
  Re-scaling distances by factor 0.4997  (cumulative after: 2.0012×)
Resetting pulsars to clean stoas...
Restore: 34.60 s
Injecting population...
  B1855+09: RMS = 1621.149 ns
  B1937+21: RMS = 1969.797 ns
  B1953+29: RMS = 2017.592 ns
  J0023+0923: RMS = 302.929 ns
  J0030+0451: RMS = 504.236 ns
  J0340+4130: RMS = 822.708 ns
  J0406+3039: RMS = 517.301 ns
  J0437-4715: RMS = 699.192 ns
  J0509+0856: RMS = 616.313 ns
  J0557+1551: RMS = 1028.987 ns
  J0605+3757: RMS = 155.056 ns
  J0610-2100: RMS = 475.435 ns
  J0613-0200: RMS = 1279.985 ns
  J0636+5128: RMS = 176.323 ns
  J0645+5158: RMS = 203.498 ns
  J0709+0458: RMS = 295.699 ns
  J0740+6620: RMS = 401.077 ns
  J0931-1902: RMS = 463.941 ns
  J1012+5307: RMS = 435.780 ns
  J1012-4235: RMS = 683.400 ns
  J1022+1001: RMS = 512.379 ns
  J1024-0719: RMS = 865.599 ns
  J1125+7819: RMS = 198.249 ns
  J1312+0051: RMS = 2313.915 ns
  J1453+1902: RMS = 701.646 ns
  J1455-3330: RMS = 668.088 ns
  J1600-3053: RMS = 1705.155 ns
  J1614-2230: RMS = 1599.226 ns
  J1630+3734: RMS = 444.236 ns
  J1640+2224: RMS = 475.102 ns
  J1643-1224: RMS = 1102.430 ns
  J1705-1903: RMS = 700.904 ns
  J1713+0747: RMS = 901.803 ns
  J1719-1438: RMS = 307.366 ns
  J1730-2304: RMS = 255.377 ns
  J1738+0333: RMS = 1357.434 ns
  J1741+1351: RMS = 1180.012 ns
  J1744-1134: RMS = 997.231 ns
  J1745+1017: RMS = 534.507 ns
  J1747-4036: RMS = 1180.111 ns
  J1751-2857: RMS = 307.824 ns
  J1802-2124: RMS = 68.417 ns
  J1811-2405: RMS = 120.792 ns
  J1832-0836: RMS = 1538.496 ns
  J1843-1113: RMS = 704.749 ns
  J1853+1303: RMS = 1773.948 ns
  J1903+0327: RMS = 1652.594 ns
  J1909-3744: RMS = 1839.164 ns
  J1910+1256: RMS = 1730.626 ns
  J1911+1347: RMS = 1394.982 ns
  J1918-0642: RMS = 1320.076 ns
  J1923+2515: RMS = 2084.710 ns
  J1944+0907: RMS = 1359.400 ns
  J1946+3417: RMS = 1251.952 ns
  J2010-1323: RMS = 565.150 ns
  J2017+0603: RMS = 643.077 ns
  J2033+1734: RMS = 363.800 ns
  J2043+1711: RMS = 826.654 ns
  J2124-3358: RMS = 138.234 ns
  J2145-0750: RMS = 1024.973 ns
  J2214+3000: RMS = 969.162 ns
  J2229+2643: RMS = 293.364 ns
  J2234+0611: RMS = 345.434 ns
  J2234+0944: RMS = 465.211 ns
  J2302+4442: RMS = 733.428 ns
  J2317+1439: RMS = 331.121 ns
  J2322+2057: RMS = 146.074 ns
Inject: 11.56 s
Snapshotting into enterprise Pulsar objects...
Building PTA...
PTA build: 555.22 s
Computing optimal statistic...
OS time: 47.10 s
Total: 648.49 s
  SNR 16.6935 outside of provided SNR_range [3.5, 4.25] — rescaling.
[Iteration 2/4] SNR after scaling: 16.6935 (target: 4.0000)
  SNR history: it0→70.9084@1.0000x, it1→3.4931@4.0048x, it2→16.6935@2.0012x
  Re-scaling distances by factor 1.4146  (cumulative after: 2.8310×)
Resetting pulsars to clean stoas...
Restore: 0.01 s
Injecting population...
  B1855+09: RMS = 1145.979 ns
  B1937+21: RMS = 1392.436 ns
  B1953+29: RMS = 1426.222 ns
  J0023+0923: RMS = 214.139 ns
  J0030+0451: RMS = 356.441 ns
  J0340+4130: RMS = 581.566 ns
  J0406+3039: RMS = 365.676 ns
  J0437-4715: RMS = 494.254 ns
  J0509+0856: RMS = 435.668 ns
  J0557+1551: RMS = 727.384 ns
  J0605+3757: RMS = 109.608 ns
  J0610-2100: RMS = 336.082 ns
  J0613-0200: RMS = 904.812 ns
  J0636+5128: RMS = 124.642 ns
  J0645+5158: RMS = 143.851 ns
  J0709+0458: RMS = 209.028 ns
  J0740+6620: RMS = 283.518 ns
  J0931-1902: RMS = 327.956 ns
  J1012+5307: RMS = 308.050 ns
  J1012-4235: RMS = 483.091 ns
  J1022+1001: RMS = 362.197 ns
  J1024-0719: RMS = 611.886 ns
  J1125+7819: RMS = 140.141 ns
  J1312+0051: RMS = 1635.691 ns
  J1453+1902: RMS = 495.989 ns
  J1455-3330: RMS = 472.267 ns
  J1600-3053: RMS = 1205.362 ns
  J1614-2230: RMS = 1130.482 ns
  J1630+3734: RMS = 314.027 ns
  J1640+2224: RMS = 335.846 ns
  J1643-1224: RMS = 779.300 ns
  J1705-1903: RMS = 495.464 ns
  J1713+0747: RMS = 637.478 ns
  J1719-1438: RMS = 217.275 ns
  J1730-2304: RMS = 180.524 ns
  J1738+0333: RMS = 959.561 ns
  J1741+1351: RMS = 834.142 ns
  J1744-1134: RMS = 704.936 ns
  J1745+1017: RMS = 377.839 ns
  J1747-4036: RMS = 834.212 ns
  J1751-2857: RMS = 217.599 ns
  J1802-2124: RMS = 48.363 ns
  J1811-2405: RMS = 85.387 ns
  J1832-0836: RMS = 1087.552 ns
  J1843-1113: RMS = 498.182 ns
  J1853+1303: RMS = 1253.992 ns
  J1903+0327: RMS = 1168.208 ns
  J1909-3744: RMS = 1300.092 ns
  J1910+1256: RMS = 1223.368 ns
  J1911+1347: RMS = 986.103 ns
  J1918-0642: RMS = 933.153 ns
  J1923+2515: RMS = 1473.667 ns
  J1944+0907: RMS = 960.950 ns
  J1946+3417: RMS = 884.996 ns
  J2010-1323: RMS = 399.500 ns
  J2017+0603: RMS = 454.587 ns
  J2033+1734: RMS = 257.167 ns
  J2043+1711: RMS = 584.356 ns
  J2124-3358: RMS = 97.717 ns
  J2145-0750: RMS = 724.546 ns
  J2214+3000: RMS = 685.094 ns
  J2229+2643: RMS = 207.377 ns
  J2234+0611: RMS = 244.185 ns
  J2234+0944: RMS = 328.854 ns
  J2302+4442: RMS = 518.456 ns
  J2317+1439: RMS = 234.068 ns
  J2322+2057: RMS = 103.259 ns
Inject: 1.06 s
Snapshotting into enterprise Pulsar objects...
Building PTA...
PTA build: 518.68 s
Computing optimal statistic...
OS time: 43.26 s
Total: 563.00 s
  SNR 7.8372 outside of provided SNR_range [3.5, 4.25] — rescaling.
[Iteration 3/4] SNR after scaling: 7.8372 (target: 4.0000)
  SNR history: it0→70.9084@1.0000x, it1→3.4931@4.0048x, it2→16.6935@2.0012x, it3→7.8372@2.8310x
  Re-scaling distances by factor 1.1894  (cumulative after: 3.3671×)
Resetting pulsars to clean stoas...
Restore: 0.01 s
Injecting population...
  B1855+09: RMS = 963.504 ns
  B1937+21: RMS = 1170.718 ns
  B1953+29: RMS = 1199.124 ns
  J0023+0923: RMS = 180.041 ns
  J0030+0451: RMS = 299.685 ns
  J0340+4130: RMS = 488.963 ns
  J0406+3039: RMS = 307.449 ns
  J0437-4715: RMS = 415.553 ns
  J0509+0856: RMS = 366.296 ns
  J0557+1551: RMS = 611.562 ns
  J0605+3757: RMS = 92.155 ns
  J0610-2100: RMS = 282.567 ns
  J0613-0200: RMS = 760.738 ns
  J0636+5128: RMS = 104.795 ns
  J0645+5158: RMS = 120.946 ns
  J0709+0458: RMS = 175.744 ns
  J0740+6620: RMS = 238.374 ns
  J0931-1902: RMS = 275.736 ns
  J1012+5307: RMS = 258.999 ns
  J1012-4235: RMS = 406.168 ns
  J1022+1001: RMS = 304.524 ns
  J1024-0719: RMS = 514.455 ns
  J1125+7819: RMS = 117.826 ns
  J1312+0051: RMS = 1375.239 ns
  J1453+1902: RMS = 417.012 ns
  J1455-3330: RMS = 397.068 ns
  J1600-3053: RMS = 1013.432 ns
  J1614-2230: RMS = 950.474 ns
  J1630+3734: RMS = 264.025 ns
  J1640+2224: RMS = 282.369 ns
  J1643-1224: RMS = 655.212 ns
  J1705-1903: RMS = 416.571 ns
  J1713+0747: RMS = 535.972 ns
  J1719-1438: RMS = 182.678 ns
  J1730-2304: RMS = 151.779 ns
  J1738+0333: RMS = 806.770 ns
  J1741+1351: RMS = 701.321 ns
  J1744-1134: RMS = 592.689 ns
  J1745+1017: RMS = 317.676 ns
  J1747-4036: RMS = 701.380 ns
  J1751-2857: RMS = 182.950 ns
  J1802-2124: RMS = 40.662 ns
  J1811-2405: RMS = 71.791 ns
  J1832-0836: RMS = 914.381 ns
  J1843-1113: RMS = 418.856 ns
  J1853+1303: RMS = 1054.318 ns
  J1903+0327: RMS = 982.193 ns
  J1909-3744: RMS = 1093.078 ns
  J1910+1256: RMS = 1028.570 ns
  J1911+1347: RMS = 829.085 ns
  J1918-0642: RMS = 784.566 ns
  J1923+2515: RMS = 1239.014 ns
  J1944+0907: RMS = 807.938 ns
  J1946+3417: RMS = 744.078 ns
  J2010-1323: RMS = 335.888 ns
  J2017+0603: RMS = 382.203 ns
  J2033+1734: RMS = 216.219 ns
  J2043+1711: RMS = 491.309 ns
  J2124-3358: RMS = 82.157 ns
  J2145-0750: RMS = 609.176 ns
  J2214+3000: RMS = 576.006 ns
  J2229+2643: RMS = 174.356 ns
  J2234+0611: RMS = 205.303 ns
  J2234+0944: RMS = 276.491 ns
  J2302+4442: RMS = 435.902 ns
  J2317+1439: RMS = 196.797 ns
  J2322+2057: RMS = 86.817 ns
Inject: 0.87 s
Snapshotting into enterprise Pulsar objects...
Building PTA...
PTA build: 523.25 s
Computing optimal statistic...
OS time: 44.16 s
Total: 568.30 s
  SNR 5.2804 outside of provided SNR_range [3.5, 4.25] — rescaling.
[Iteration 4/4] SNR after scaling: 5.2804 (target: 4.0000)
  SNR history: it0→70.9084@1.0000x, it1→3.4931@4.0048x, it2→16.6935@2.0012x, it3→7.8372@2.8310x, it4→5.2804@3.3671x

Final SNR history:
  it 0: cumulative_scale=1.0000×  SNR=70.9084
  it 1: cumulative_scale=4.0048×  SNR=3.4931
  it 2: cumulative_scale=2.0012×  SNR=16.6935
  it 3: cumulative_scale=2.8310×  SNR=7.8372
  it 4: cumulative_scale=3.3671×  SNR=5.2804
✓ Simulation 1 done (2942.8 s)

======================================================================
ENSEMBLE SUMMARY
======================================================================
Success rate: 100.0% (1/1)

Binaries per population:
  Mean ± std : 20000 ± 0
  Range      : [20000, 20000]

SNR achieved:
  Mean ± std : 5.2804 ± 0.0000
  Range      : [5.2804, 5.2804]

Total time: 3559.2 s (59.3 min)
======================================================================

💾 Saved: data/2026-04-29/realistic_run_122/consistent_population_realistic_targetSNR4.25_sims1.json
💾 Saved compressed pickle: data/2026-04-29/realistic_run_122/consistent_population_realistic_targetSNR4.25_sims1.pkl.gz

======================================================================
CONTINUOUS WAVE SNR ANALYSIS
======================================================================

--- Population 1 ---
Precomputation of phiinvs, TNTs, Ts, Nvecs, Sigmas took 0.05 seconds.
Total SNR computation for population took 382.98 seconds.
Top 50 CGW candidates:
   1. proxy_rank=   1  sky_w=1.26  f=2.52e-09 Hz  Mc=9.78e+09 Msun  h0=1.32e-14  SNR=5.731
   2. proxy_rank=   3  sky_w=1.61  f=3.95e-09 Hz  Mc=4.15e+10 Msun  h0=8.47e-15  SNR=4.607
   3. proxy_rank=  19  sky_w=0.90  f=6.14e-09 Hz  Mc=2.15e+10 Msun  h0=5.31e-15  SNR=3.382
   4. proxy_rank=   2  sky_w=1.53  f=1.99e-09 Hz  Mc=3.54e+10 Msun  h0=5.74e-15  SNR=2.919
   5. proxy_rank=  13  sky_w=1.58  f=3.25e-09 Hz  Mc=1.43e+10 Msun  h0=2.21e-15  SNR=2.484
   6. proxy_rank=  25  sky_w=0.62  f=4.06e-09 Hz  Mc=2.03e+10 Msun  h0=4.61e-15  SNR=2.314
   7. proxy_rank=  22  sky_w=1.54  f=3.82e-09 Hz  Mc=1.54e+10 Msun  h0=1.81e-15  SNR=2.212
   8. proxy_rank= 104  sky_w=1.45  f=6.73e-09 Hz  Mc=1.05e+10 Msun  h0=1.23e-15  SNR=2.196
   9. proxy_rank=   4  sky_w=0.75  f=2.44e-09 Hz  Mc=3.37e+10 Msun  h0=6.16e-15  SNR=2.031
  10. proxy_rank=  73  sky_w=0.94  f=5.13e-09 Hz  Mc=1.27e+10 Msun  h0=1.91e-15  SNR=1.986
  11. proxy_rank=  26  sky_w=1.00  f=3.63e-09 Hz  Mc=1.78e+10 Msun  h0=2.51e-15  SNR=1.935
  12. proxy_rank= 246  sky_w=0.83  f=1.01e-08 Hz  Mc=9.40e+09 Msun  h0=1.54e-15  SNR=1.924
  13. proxy_rank=  16  sky_w=1.20  f=3.09e-09 Hz  Mc=2.11e+10 Msun  h0=2.34e-15  SNR=1.817
  14. proxy_rank=  46  sky_w=1.42  f=5.21e-09 Hz  Mc=1.39e+10 Msun  h0=1.67e-15  SNR=1.801
  15. proxy_rank= 282  sky_w=1.02  f=1.09e-08 Hz  Mc=7.01e+09 Msun  h0=1.19e-15  SNR=1.733
  16. proxy_rank= 156  sky_w=1.49  f=7.08e-09 Hz  Mc=8.67e+09 Msun  h0=9.31e-16  SNR=1.653
  17. proxy_rank= 122  sky_w=0.83  f=6.19e-09 Hz  Mc=1.08e+10 Msun  h0=1.77e-15  SNR=1.652
  18. proxy_rank=  17  sky_w=0.80  f=3.41e-09 Hz  Mc=1.64e+10 Msun  h0=3.38e-15  SNR=1.426
  19. proxy_rank= 137  sky_w=1.34  f=5.60e-09 Hz  Mc=9.19e+09 Msun  h0=9.04e-16  SNR=1.403
  20. proxy_rank=   9  sky_w=0.74  f=2.42e-09 Hz  Mc=2.96e+10 Msun  h0=4.08e-15  SNR=1.383
  21. proxy_rank=   5  sky_w=1.56  f=2.04e-09 Hz  Mc=1.60e+10 Msun  h0=2.25e-15  SNR=1.355
  22. proxy_rank=  21  sky_w=1.33  f=3.12e-09 Hz  Mc=1.75e+10 Msun  h0=1.73e-15  SNR=1.240
  23. proxy_rank=  12  sky_w=0.57  f=4.09e-09 Hz  Mc=3.64e+10 Msun  h0=7.94e-15  SNR=1.212
  24. proxy_rank= 179  sky_w=1.17  f=9.08e-09 Hz  Mc=8.42e+09 Msun  h0=1.30e-15  SNR=1.210
  25. proxy_rank=  69  sky_w=1.31  f=3.89e-09 Hz  Mc=1.02e+10 Msun  h0=1.07e-15  SNR=1.169
  26. proxy_rank=  41  sky_w=0.89  f=4.40e-09 Hz  Mc=1.45e+10 Msun  h0=2.70e-15  SNR=1.160
  27. proxy_rank=   7  sky_w=1.31  f=2.17e-09 Hz  Mc=2.54e+10 Msun  h0=2.59e-15  SNR=1.125
  28. proxy_rank=  23  sky_w=1.12  f=2.77e-09 Hz  Mc=1.72e+10 Msun  h0=1.78e-15  SNR=1.087
  29. proxy_rank= 166  sky_w=1.19  f=7.68e-09 Hz  Mc=7.50e+09 Msun  h0=1.15e-15  SNR=1.080
  30. proxy_rank=  88  sky_w=0.93  f=4.24e-09 Hz  Mc=1.15e+10 Msun  h0=1.34e-15  SNR=1.001
  31. proxy_rank=  29  sky_w=1.48  f=2.87e-09 Hz  Mc=1.19e+10 Msun  h0=1.22e-15  SNR=0.991
  32. proxy_rank=  39  sky_w=1.12  f=3.09e-09 Hz  Mc=1.57e+10 Msun  h0=1.57e-15  SNR=0.972
  33. proxy_rank=  56  sky_w=0.90  f=3.47e-09 Hz  Mc=1.45e+10 Msun  h0=1.52e-15  SNR=0.953
  34. proxy_rank=  18  sky_w=1.04  f=2.30e-09 Hz  Mc=1.71e+10 Msun  h0=1.72e-15  SNR=0.942
  35. proxy_rank= 139  sky_w=1.25  f=7.23e-09 Hz  Mc=9.45e+09 Msun  h0=1.24e-15  SNR=0.935
  36. proxy_rank=  93  sky_w=1.10  f=5.02e-09 Hz  Mc=1.05e+10 Msun  h0=1.32e-15  SNR=0.884
  37. proxy_rank=  24  sky_w=1.45  f=2.39e-09 Hz  Mc=1.55e+10 Msun  h0=1.18e-15  SNR=0.867
  38. proxy_rank=  33  sky_w=0.75  f=3.86e-09 Hz  Mc=2.30e+10 Msun  h0=3.11e-15  SNR=0.858
  39. proxy_rank=  14  sky_w=1.05  f=2.06e-09 Hz  Mc=2.15e+10 Msun  h0=2.03e-15  SNR=0.820
  40. proxy_rank=  63  sky_w=1.25  f=3.15e-09 Hz  Mc=1.18e+10 Msun  h0=9.24e-16  SNR=0.779
  41. proxy_rank=  10  sky_w=1.31  f=2.02e-09 Hz  Mc=2.19e+10 Msun  h0=1.87e-15  SNR=0.767
  42. proxy_rank= 323  sky_w=1.37  f=7.71e-09 Hz  Mc=5.98e+09 Msun  h0=5.37e-16  SNR=0.752
  43. proxy_rank=  72  sky_w=1.14  f=3.17e-09 Hz  Mc=1.19e+10 Msun  h0=9.85e-16  SNR=0.747
  44. proxy_rank=  52  sky_w=1.29  f=3.02e-09 Hz  Mc=1.22e+10 Msun  h0=9.66e-16  SNR=0.738
  45. proxy_rank=  95  sky_w=1.42  f=3.65e-09 Hz  Mc=9.17e+09 Msun  h0=7.22e-16  SNR=0.726
  46. proxy_rank= 614  sky_w=1.33  f=1.05e-08 Hz  Mc=4.13e+09 Msun  h0=3.60e-16  SNR=0.726
  47. proxy_rank=  30  sky_w=1.45  f=2.89e-09 Hz  Mc=1.42e+10 Msun  h0=1.25e-15  SNR=0.720
  48. proxy_rank=  90  sky_w=0.50  f=3.13e-09 Hz  Mc=1.75e+10 Msun  h0=1.82e-15  SNR=0.706
  49. proxy_rank=  34  sky_w=1.32  f=2.41e-09 Hz  Mc=1.12e+10 Msun  h0=1.07e-15  SNR=0.697
  50. proxy_rank=   6  sky_w=1.62  f=2.05e-09 Hz  Mc=2.26e+10 Msun  h0=2.08e-15  SNR=0.692
💾 Saved: data/2026-04-29/realistic_run_122/consistent_population_realistic_targetSNR4.25_sims1.json
💾 Saved compressed pickle: data/2026-04-29/realistic_run_122/consistent_population_realistic_targetSNR4.25_sims1.pkl.gz
Saved to figures/cgw_analysis_realistic.pdf

======================================================================
ANALYSIS COMPLETE
Results saved to: data/2026-04-29/realistic_run_122
======================================================================

==========================================
Job finished at: Wed Apr 29 14:03:05 AEST 2026
Exit code: 0
==========================================

+------------------ Job Report: 11736922 (COMPLETED) ------------------+
| Memory (RAM)  [####################] 104.6% (33.5 GB peak / 32 GB)   |
| CPU           [#############       ] 69.8% average                   |
| Time          [----------------->  ] 87.8% (0-01:10:14 / 0-01:20:00) |
|                                                                      |
| Lustre Filesystem:                                                   |
|   Path    Total Read    Total Write    Total IOPS                    |
|   ------  ------------  -------------  ------------                  |
|   /apps   0 B           0 B            5                             |
|   /fred   400 KB        6.4 MB         35                            |
|   /home   221.6 MB      0 B            2 K                           |
|   OS      0 B           0 B            2                             |
|                                                                      |
| Warnings:                                                            |
|   - CPU usage is low                                                 |
+----------------------------------------------------------------------+
