==========================================
Job ID: 11728667
Job Name: smbhb_realistic
Node: gina12
Start Time: Wed Apr 29 10:06:10 AEST 2026
==========================================

/home/bhoulden/.conda/envs/smbhb312/share/tempo2
Working directory: /fred/oz005/users/bhoulden/SMBHB_population_injections

Loaded modules:

Starting SMBHB analysis...
==========================================

📁 Save directory: data/2026-04-29/realistic_run_33
📝 Run name: realistic_run_33

[MEM] Start: 243.5 MB

📡 Loading pulsars...
======================================================================
LOADING NANOGRAV PULSARS (libstempo)
======================================================================

📦 Loading from cache: nanograv_pulsars_cache.pkl
⚠ Cache load failed: Ran out of input
[DEBUG] Found 76 .par files
[tempo2Util.C:396] Warning: [MISC1] Unknown parameter in par file:  DMDATA
[tempo2Util.C:401] Warning: [DUP1] duplicated warnings have been suppressed.

WARNING: Using tempo RNAMP parameter: setting TNRedC to 100!
[observatory.C:271] Warning: Assuming site 'arecibo' means 'ao'
✓ Loaded B1855+09 (7758 TOAs)

WARNING: Using tempo RNAMP parameter: setting TNRedC to 100!
✓ Loaded B1937+21 (23023 TOAs)

WARNING: Using tempo RNAMP parameter: setting TNRedC to 100!
✓ Loaded B1937+21ao (7241 TOAs)

WARNING: Using tempo RNAMP parameter: setting TNRedC to 100!
✓ Loaded B1937+21gbt (16048 TOAs)

WARNING: Using tempo RNAMP parameter: setting TNRedC to 100!
✓ Loaded B1953+29 (5126 TOAs)
✓ Loaded J0023+0923 (15896 TOAs)

WARNING: Using tempo RNAMP parameter: setting TNRedC to 100!
✓ Loaded J0030+0451 (19571 TOAs)
✓ Loaded J0340+4130 (11093 TOAs)
✓ Loaded J0406+3039 (2446 TOAs)

WARNING: Using tempo RNAMP parameter: setting TNRedC to 100!
✓ Loaded J0437-4715 (5830 TOAs)
✓ Loaded J0509+0856 (2169 TOAs)
✓ Loaded J0557+1551 (525 TOAs)
✓ Loaded J0605+3757 (554 TOAs)

WARNING: Using tempo RNAMP parameter: setting TNRedC to 100!
✓ Loaded J0610-2100 (4885 TOAs)

WARNING: Using tempo RNAMP parameter: setting TNRedC to 100!
✓ Loaded J0613-0200 (17124 TOAs)
✓ Loaded J0614-3329 (1714 TOAs)
✓ Loaded J0636+5128 (32222 TOAs)
✓ Loaded J0645+5158 (10403 TOAs)
✓ Loaded J0709+0458 (3030 TOAs)
✓ Loaded J0740+6620 (13401 TOAs)
✓ Loaded J0931-1902 (5473 TOAs)

WARNING: Using tempo RNAMP parameter: setting TNRedC to 100!
✓ Loaded J1012+5307 (25837 TOAs)
✓ Loaded J1012-4235 (797 TOAs)
✓ Loaded J1022+1001 (3978 TOAs)
✓ Loaded J1024-0719 (12635 TOAs)
✓ Loaded J1125+7819 (8723 TOAs)
✓ Loaded J1312+0051 (1705 TOAs)
✓ Loaded J1453+1902 (2551 TOAs)
✓ Loaded J1455-3330 (10818 TOAs)

WARNING: Using tempo RNAMP parameter: setting TNRedC to 100!
✓ Loaded J1600-3053 (22955 TOAs)

WARNING: Using tempo RNAMP parameter: setting TNRedC to 100!
✓ Loaded J1600-3053gbt (19725 TOAs)

WARNING: Using tempo RNAMP parameter: setting TNRedC to 100!
✓ Loaded J1614-2230 (18445 TOAs)
✓ Loaded J1630+3734 (1815 TOAs)
✓ Loaded J1640+2224 (14066 TOAs)

WARNING: Using tempo RNAMP parameter: setting TNRedC to 100!
✓ Loaded J1643-1224 (22144 TOAs)

WARNING: Using tempo RNAMP parameter: setting TNRedC to 100!
✓ Loaded J1643-1224gbt (17932 TOAs)

WARNING: Using tempo RNAMP parameter: setting TNRedC to 100!
✓ Loaded J1705-1903 (9871 TOAs)

WARNING: Using tempo RNAMP parameter: setting TNRedC to 100!
✓ Loaded J1713+0747 (59389 TOAs)

WARNING: Using tempo RNAMP parameter: setting TNRedC to 100!
✓ Loaded J1713+0747ao (21362 TOAs)

WARNING: Using tempo RNAMP parameter: setting TNRedC to 100!
✓ Loaded J1713+0747gbt (32963 TOAs)
✓ Loaded J1719-1438 (6356 TOAs)
✓ Loaded J1730-2304 (4870 TOAs)
✓ Loaded J1738+0333 (8790 TOAs)
✓ Loaded J1741+1351 (5582 TOAs)

WARNING: Using tempo RNAMP parameter: setting TNRedC to 100!
✓ Loaded J1744-1134 (17745 TOAs)

WARNING: Using tempo RNAMP parameter: setting TNRedC to 100!
✓ Loaded J1745+1017 (3017 TOAs)

WARNING: Using tempo RNAMP parameter: setting TNRedC to 100!
✓ Loaded J1747-4036 (11055 TOAs)
✓ Loaded J1751-2857 (2025 TOAs)

WARNING: Using tempo RNAMP parameter: setting TNRedC to 100!
✓ Loaded J1802-2124 (6796 TOAs)
✓ Loaded J1811-2405 (5266 TOAs)
✓ Loaded J1832-0836 (7739 TOAs)
✓ Loaded J1843-1113 (4595 TOAs)

WARNING: Using tempo RNAMP parameter: setting TNRedC to 100!
✓ Loaded J1853+1303 (4570 TOAs)

WARNING: Using tempo RNAMP parameter: setting TNRedC to 100!
✓ Loaded J1903+0327 (6856 TOAs)

WARNING: Using tempo RNAMP parameter: setting TNRedC to 100!
✓ Loaded J1903+0327ao (6423 TOAs)

WARNING: Using tempo RNAMP parameter: setting TNRedC to 100!
✓ Loaded J1909-3744 (35037 TOAs)

WARNING: Using tempo RNAMP parameter: setting TNRedC to 100!
✓ Loaded J1909-3744gbt (31526 TOAs)
✓ Loaded J1910+1256 (6486 TOAs)
✓ Loaded J1911+1347 (3786 TOAs)
✓ Loaded J1918-0642 (18875 TOAs)
✓ Loaded J1923+2515 (3974 TOAs)
✓ Loaded J1944+0907 (5328 TOAs)

WARNING: Using tempo RNAMP parameter: setting TNRedC to 100!
✓ Loaded J1946+3417 (4743 TOAs)
✓ Loaded J2010-1323 (17077 TOAs)
✓ Loaded J2017+0603 (3512 TOAs)
✓ Loaded J2033+1734 (3847 TOAs)
✓ Loaded J2043+1711 (7397 TOAs)
✓ Loaded J2124-3358 (4982 TOAs)

WARNING: Using tempo RNAMP parameter: setting TNRedC to 100!
✓ Loaded J2145-0750 (18675 TOAs)
✓ Loaded J2214+3000 (7406 TOAs)
✓ Loaded J2229+2643 (3711 TOAs)

WARNING: Using tempo RNAMP parameter: setting TNRedC to 100!
✓ Loaded J2234+0611 (3566 TOAs)
✓ Loaded J2234+0944 (7535 TOAs)
✓ Loaded J2302+4442 (10211 TOAs)
✓ Loaded J2317+1439 (13927 TOAs)
✓ Loaded J2322+2057 (3088 TOAs)
⚠ Could not save cache: no default __reduce__ due to non-trivial __cinit__

✓ Loaded 76 pulsars
✗ Failed: 0 — []
[MEM] After loading pulsars: 8807.7 MB

🔍 Filtering pulsars...

Filtered: 76 → 67 pulsars
[MEM] After filtering pulsars: 8808.6 MB
[MEM] After garbage collection: 8808.7 MB

======================================================================
SMBHB POPULATION ANALYSIS
======================================================================

Configuration: realistic
  Medium mass, medium spread in distance, medium population
  N_binaries: 20000

======================================================================
CONSISTENT POPULATION SYNTHESIS
======================================================================

======================================================================
GENERATING SNR-CONSISTENT POPULATIONS
======================================================================
Target SNR:          4.0
Simulations:         1
======================================================================


──────────────────────────────────────────────────────────────────────
SIMULATION 1/1
──────────────────────────────────────────────────────────────────────
  [B1855+09] zeroing residuals...
  [B1855+09] adding red noise...
  [B1855+09] white noise for L-wide_ASP (1178 TOAs)...
  [B1855+09] white noise for 430_ASP (390 TOAs)...
  [B1855+09] white noise for 430_PUPPI (1185 TOAs)...
  [B1855+09] white noise for L-wide_PUPPI (5005 TOAs)...
  [B1937+21] zeroing residuals...
  [B1937+21] adding red noise...
  [B1937+21] white noise for S-wide_ASP (344 TOAs)...
  [B1937+21] white noise for Rcvr1_2_GASP (1069 TOAs)...
  [B1937+21] white noise for S-wide_PUPPI (2251 TOAs)...
  [B1937+21] white noise for L-wide_PUPPI (4133 TOAs)...
  [B1937+21] white noise for L-wide_ASP (452 TOAs)...
  [B1937+21] white noise for Rcvr_800_GUPPI (7140 TOAs)...
  [B1937+21] white noise for Rcvr1_2_GUPPI (7048 TOAs)...
  [B1937+21] white noise for Rcvr_800_GASP (586 TOAs)...
  [B1953+29] zeroing residuals...
  [B1953+29] adding red noise...
  [B1953+29] white noise for S-wide_ASP (25 TOAs)...
  [B1953+29] white noise for L-wide_PUPPI (4037 TOAs)...
  [B1953+29] white noise for L-wide_ASP (94 TOAs)...
  [B1953+29] white noise for 430_ASP (29 TOAs)...
  [B1953+29] white noise for 430_PUPPI (941 TOAs)...
  [J0023+0923] zeroing residuals...
  [J0023+0923] adding red noise...
  [J0023+0923] white noise for L-wide_ASP (119 TOAs)...
  [J0023+0923] white noise for 430_ASP (90 TOAs)...
  [J0023+0923] white noise for 430_PUPPI (4564 TOAs)...
  [J0023+0923] white noise for L-wide_PUPPI (11123 TOAs)...
  [J0030+0451] zeroing residuals...
  [J0030+0451] adding red noise...
  [J0030+0451] white noise for S-wide_PUPPI (2673 TOAs)...
  [J0030+0451] white noise for L-wide_PUPPI (12774 TOAs)...
  [J0030+0451] white noise for L-wide_ASP (789 TOAs)...
  [J0030+0451] white noise for 430_ASP (267 TOAs)...
  [J0030+0451] white noise for 430_PUPPI (3068 TOAs)...
  [J0340+4130] zeroing residuals...
  [J0340+4130] adding red noise...
  [J0340+4130] white noise for Rcvr_800_GUPPI (6056 TOAs)...
  [J0340+4130] white noise for Rcvr1_2_GUPPI (5037 TOAs)...
  [J0406+3039] zeroing residuals...
  [J0406+3039] adding red noise...
  [J0406+3039] white noise for S-wide_PUPPI (575 TOAs)...
  [J0406+3039] white noise for L-wide_PUPPI (1871 TOAs)...
  [J0437-4715] zeroing residuals...
  [J0437-4715] adding red noise...
  [J0437-4715] white noise for 3GHz_YUPPI (3696 TOAs)...
  [J0437-4715] white noise for 1.5GHz_YUPPI (2134 TOAs)...
  [J0509+0856] zeroing residuals...
  [J0509+0856] adding red noise...
  [J0509+0856] white noise for S-wide_PUPPI (544 TOAs)...
  [J0509+0856] white noise for L-wide_PUPPI (1625 TOAs)...
  [J0557+1551] zeroing residuals...
  [J0557+1551] adding red noise...
  [J0557+1551] white noise for S-wide_PUPPI (58 TOAs)...
  [J0557+1551] white noise for L-wide_PUPPI (467 TOAs)...
  [J0605+3757] zeroing residuals...
  [J0605+3757] adding red noise...
  [J0605+3757] white noise for Rcvr_800_GUPPI (236 TOAs)...
  [J0605+3757] white noise for Rcvr1_2_GUPPI (318 TOAs)...
  [J0610-2100] zeroing residuals...
  [J0610-2100] adding red noise...
  [J0610-2100] white noise for Rcvr_800_GUPPI (2484 TOAs)...
  [J0610-2100] white noise for Rcvr1_2_GUPPI (2401 TOAs)...
  [J0613-0200] zeroing residuals...
  [J0613-0200] adding red noise...
  [J0613-0200] white noise for Rcvr_800_GUPPI (7900 TOAs)...
  [J0613-0200] white noise for Rcvr1_2_GASP (992 TOAs)...
  [J0613-0200] white noise for Rcvr1_2_GUPPI (7423 TOAs)...
  [J0613-0200] white noise for Rcvr_800_GASP (809 TOAs)...
  [J0636+5128] zeroing residuals...
  [J0636+5128] adding red noise...
  [J0636+5128] white noise for Rcvr_800_GUPPI (17419 TOAs)...
  [J0636+5128] white noise for Rcvr1_2_GUPPI (14803 TOAs)...
  [J0645+5158] zeroing residuals...
  [J0645+5158] adding red noise...
  [J0645+5158] white noise for Rcvr_800_GUPPI (4682 TOAs)...
  [J0645+5158] white noise for Rcvr1_2_GUPPI (5721 TOAs)...
  [J0709+0458] zeroing residuals...
  [J0709+0458] adding red noise...
  [J0709+0458] white noise for S-wide_PUPPI (595 TOAs)...
  [J0709+0458] white noise for L-wide_PUPPI (2435 TOAs)...
  [J0740+6620] zeroing residuals...
  [J0740+6620] adding red noise...
  [J0740+6620] white noise for Rcvr_800_GUPPI (5136 TOAs)...
  [J0740+6620] white noise for Rcvr1_2_GUPPI (8265 TOAs)...
  [J0931-1902] zeroing residuals...
  [J0931-1902] adding red noise...
  [J0931-1902] white noise for Rcvr_800_GUPPI (3419 TOAs)...
  [J0931-1902] white noise for Rcvr1_2_GUPPI (2054 TOAs)...
  [J1012+5307] zeroing residuals...
  [J1012+5307] adding red noise...
  [J1012+5307] white noise for Rcvr_800_GUPPI (10299 TOAs)...
  [J1012+5307] white noise for Rcvr1_2_GASP (1479 TOAs)...
  [J1012+5307] white noise for Rcvr1_2_GUPPI (12849 TOAs)...
  [J1012+5307] white noise for Rcvr_800_GASP (1210 TOAs)...
  [J1012-4235] zeroing residuals...
  [J1012-4235] adding red noise...
  [J1012-4235] white noise for Rcvr_800_GUPPI (342 TOAs)...
  [J1012-4235] white noise for Rcvr1_2_GUPPI (455 TOAs)...
  [J1022+1001] zeroing residuals...
  [J1022+1001] adding red noise...
  [J1022+1001] white noise for 430_PUPPI (232 TOAs)...
  [J1022+1001] white noise for S-wide_PUPPI (1154 TOAs)...
  [J1022+1001] white noise for L-wide_PUPPI (2592 TOAs)...
  [J1024-0719] zeroing residuals...
  [J1024-0719] adding red noise...
  [J1024-0719] white noise for Rcvr_800_GUPPI (5455 TOAs)...
  [J1024-0719] white noise for Rcvr1_2_GASP (43 TOAs)...
  [J1024-0719] white noise for Rcvr1_2_GUPPI (7086 TOAs)...
  [J1024-0719] white noise for Rcvr_800_GASP (51 TOAs)...
  [J1125+7819] zeroing residuals...
  [J1125+7819] adding red noise...
  [J1125+7819] white noise for Rcvr_800_GUPPI (4707 TOAs)...
  [J1125+7819] white noise for Rcvr1_2_GUPPI (4016 TOAs)...
  [J1312+0051] zeroing residuals...
  [J1312+0051] adding red noise...
  [J1312+0051] white noise for S-wide_PUPPI (416 TOAs)...
  [J1312+0051] white noise for L-wide_PUPPI (1289 TOAs)...
  [J1453+1902] zeroing residuals...
  [J1453+1902] adding red noise...
  [J1453+1902] white noise for 430_PUPPI (425 TOAs)...
  [J1453+1902] white noise for S-wide_PUPPI (4 TOAs)...
  [J1453+1902] white noise for L-wide_PUPPI (2122 TOAs)...
  [J1455-3330] zeroing residuals...
  [J1455-3330] adding red noise...
  [J1455-3330] white noise for Rcvr_800_GUPPI (4843 TOAs)...
  [J1455-3330] white noise for Rcvr1_2_GASP (564 TOAs)...
  [J1455-3330] white noise for Rcvr1_2_GUPPI (4932 TOAs)...
  [J1455-3330] white noise for Rcvr_800_GASP (479 TOAs)...
  [J1600-3053] zeroing residuals...
  [J1600-3053] adding red noise...
  [J1600-3053] white noise for Rcvr1_2_GASP (457 TOAs)...
  [J1600-3053] white noise for 3GHz_YUPPI (3237 TOAs)...
  [J1600-3053] white noise for Rcvr_800_GUPPI (8796 TOAs)...
  [J1600-3053] white noise for Rcvr1_2_GUPPI (10168 TOAs)...
  [J1600-3053] white noise for Rcvr_800_GASP (297 TOAs)...
  [J1614-2230] zeroing residuals...
  [J1614-2230] adding red noise...
  [J1614-2230] white noise for Rcvr_800_GUPPI (7768 TOAs)...
  [J1614-2230] white noise for Rcvr1_2_GASP (84 TOAs)...
  [J1614-2230] white noise for Rcvr1_2_GUPPI (10509 TOAs)...
  [J1614-2230] white noise for Rcvr_800_GASP (84 TOAs)...
  [J1630+3734] zeroing residuals...
  [J1630+3734] adding red noise...
  [J1630+3734] white noise for Rcvr_800_GUPPI (906 TOAs)...
  [J1630+3734] white noise for Rcvr1_2_GUPPI (909 TOAs)...
  [J1640+2224] zeroing residuals...
  [J1640+2224] adding red noise...
  [J1640+2224] white noise for L-wide_ASP (722 TOAs)...
  [J1640+2224] white noise for 430_ASP (340 TOAs)...
  [J1640+2224] white noise for 430_PUPPI (3157 TOAs)...
  [J1640+2224] white noise for L-wide_PUPPI (9847 TOAs)...
  [J1643-1224] zeroing residuals...
  [J1643-1224] adding red noise...
  [J1643-1224] white noise for Rcvr1_2_GASP (833 TOAs)...
  [J1643-1224] white noise for 3GHz_YUPPI (4215 TOAs)...
  [J1643-1224] white noise for Rcvr_800_GUPPI (7734 TOAs)...
  [J1643-1224] white noise for Rcvr1_2_GUPPI (8803 TOAs)...
  [J1643-1224] white noise for Rcvr_800_GASP (559 TOAs)...
  [J1705-1903] zeroing residuals...
  [J1705-1903] adding red noise...
  [J1705-1903] white noise for Rcvr_800_GUPPI (3521 TOAs)...
  [J1705-1903] white noise for Rcvr1_2_GUPPI (6350 TOAs)...
  [J1713+0747] zeroing residuals...
  [J1713+0747] adding red noise...
  [J1713+0747] white noise for S-wide_ASP (624 TOAs)...
  [J1713+0747] white noise for Rcvr1_2_GASP (1109 TOAs)...
  [J1713+0747] white noise for S-wide_PUPPI (7482 TOAs)...
  [J1713+0747] white noise for L-wide_PUPPI (12743 TOAs)...
  [J1713+0747] white noise for 1.5GHz_YUPPI (1461 TOAs)...
  [J1713+0747] white noise for L-wide_ASP (843 TOAs)...
  [J1713+0747] white noise for 3GHz_YUPPI (3282 TOAs)...
  [J1713+0747] white noise for Rcvr_800_GUPPI (8479 TOAs)...
  [J1713+0747] white noise for Rcvr1_2_GUPPI (22334 TOAs)...
  [J1713+0747] white noise for Rcvr_800_GASP (1032 TOAs)...
  [J1719-1438] zeroing residuals...
  [J1719-1438] adding red noise...
  [J1719-1438] white noise for Rcvr_800_GUPPI (3634 TOAs)...
  [J1719-1438] white noise for Rcvr1_2_GUPPI (2722 TOAs)...
  [J1730-2304] zeroing residuals...
  [J1730-2304] adding red noise...
  [J1730-2304] white noise for Rcvr_800_GUPPI (2503 TOAs)...
  [J1730-2304] white noise for Rcvr1_2_GUPPI (2367 TOAs)...
  [J1738+0333] zeroing residuals...
  [J1738+0333] adding red noise...
  [J1738+0333] white noise for L-wide_ASP (201 TOAs)...
  [J1738+0333] white noise for S-wide_ASP (134 TOAs)...
  [J1738+0333] white noise for S-wide_PUPPI (1737 TOAs)...
  [J1738+0333] white noise for L-wide_PUPPI (6718 TOAs)...
  [J1741+1351] zeroing residuals...
  [J1741+1351] adding red noise...
  [J1741+1351] white noise for S-wide_ASP (115 TOAs)...
  [J1741+1351] white noise for L-wide_PUPPI (4045 TOAs)...
  [J1741+1351] white noise for L-wide_ASP (236 TOAs)...
  [J1741+1351] white noise for 430_ASP (27 TOAs)...
  [J1741+1351] white noise for 430_PUPPI (1159 TOAs)...
  [J1744-1134] zeroing residuals...
  [J1744-1134] adding red noise...
  [J1744-1134] white noise for Rcvr_800_GUPPI (7899 TOAs)...
  [J1744-1134] white noise for Rcvr1_2_GASP (807 TOAs)...
  [J1744-1134] white noise for Rcvr1_2_GUPPI (8109 TOAs)...
  [J1744-1134] white noise for Rcvr_800_GASP (930 TOAs)...
  [J1745+1017] zeroing residuals...
  [J1745+1017] adding red noise...
  [J1745+1017] white noise for S-wide_PUPPI (838 TOAs)...
  [J1745+1017] white noise for L-wide_PUPPI (2179 TOAs)...
  [J1747-4036] zeroing residuals...
  [J1747-4036] adding red noise...
  [J1747-4036] white noise for Rcvr_800_GUPPI (5816 TOAs)...
  [J1747-4036] white noise for Rcvr1_2_GUPPI (5239 TOAs)...
  [J1751-2857] zeroing residuals...
  [J1751-2857] adding red noise...
  [J1751-2857] white noise for Rcvr_800_GUPPI (239 TOAs)...
  [J1751-2857] white noise for Rcvr1_2_GUPPI (1786 TOAs)...
  [J1802-2124] zeroing residuals...
  [J1802-2124] adding red noise...
  [J1802-2124] white noise for Rcvr_800_GUPPI (3565 TOAs)...
  [J1802-2124] white noise for Rcvr1_2_GUPPI (3231 TOAs)...
  [J1811-2405] zeroing residuals...
  [J1811-2405] adding red noise...
  [J1811-2405] white noise for Rcvr_800_GUPPI (2628 TOAs)...
  [J1811-2405] white noise for Rcvr1_2_GUPPI (2638 TOAs)...
  [J1832-0836] zeroing residuals...
  [J1832-0836] adding red noise...
  [J1832-0836] white noise for Rcvr_800_GUPPI (3078 TOAs)...
  [J1832-0836] white noise for Rcvr1_2_GUPPI (4661 TOAs)...
  [J1843-1113] zeroing residuals...
  [J1843-1113] adding red noise...
  [J1843-1113] white noise for Rcvr_800_GUPPI (2201 TOAs)...
  [J1843-1113] white noise for Rcvr1_2_GUPPI (2394 TOAs)...
  [J1853+1303] zeroing residuals...
  [J1853+1303] adding red noise...
  [J1853+1303] white noise for L-wide_ASP (33 TOAs)...
  [J1853+1303] white noise for 430_ASP (24 TOAs)...
  [J1853+1303] white noise for 430_PUPPI (1151 TOAs)...
  [J1853+1303] white noise for L-wide_PUPPI (3362 TOAs)...
  [J1903+0327] zeroing residuals...
  [J1903+0327] adding red noise...
  [J1903+0327] white noise for S-wide_ASP (151 TOAs)...
  [J1903+0327] white noise for S-wide_PUPPI (2282 TOAs)...
  [J1903+0327] white noise for L-wide_PUPPI (3845 TOAs)...
  [J1903+0327] white noise for L-wide_ASP (139 TOAs)...
  [J1903+0327] white noise for 3GHz_YUPPI (439 TOAs)...
  [J1909-3744] zeroing residuals...
  [J1909-3744] adding red noise...
  [J1909-3744] white noise for Rcvr1_2_GASP (808 TOAs)...
  [J1909-3744] white noise for 3GHz_YUPPI (3525 TOAs)...
  [J1909-3744] white noise for Rcvr_800_GUPPI (9399 TOAs)...
  [J1909-3744] white noise for Rcvr1_2_GUPPI (20439 TOAs)...
  [J1909-3744] white noise for Rcvr_800_GASP (866 TOAs)...
  [J1910+1256] zeroing residuals...
  [J1910+1256] adding red noise...
  [J1910+1256] white noise for L-wide_ASP (297 TOAs)...
  [J1910+1256] white noise for S-wide_ASP (208 TOAs)...
  [J1910+1256] white noise for S-wide_PUPPI (1857 TOAs)...
  [J1910+1256] white noise for L-wide_PUPPI (4124 TOAs)...
  [J1911+1347] zeroing residuals...
  [J1911+1347] adding red noise...
  [J1911+1347] white noise for 430_PUPPI (753 TOAs)...
  [J1911+1347] white noise for L-wide_PUPPI (3033 TOAs)...
  [J1918-0642] zeroing residuals...
  [J1918-0642] adding red noise...
  [J1918-0642] white noise for Rcvr_800_GUPPI (8352 TOAs)...
  [J1918-0642] white noise for Rcvr1_2_GASP (778 TOAs)...
  [J1918-0642] white noise for Rcvr1_2_GUPPI (8910 TOAs)...
  [J1918-0642] white noise for Rcvr_800_GASP (835 TOAs)...
  [J1923+2515] zeroing residuals...
  [J1923+2515] adding red noise...
  [J1923+2515] white noise for L-wide_ASP (14 TOAs)...
  [J1923+2515] white noise for 430_ASP (10 TOAs)...
  [J1923+2515] white noise for 430_PUPPI (922 TOAs)...
  [J1923+2515] white noise for L-wide_PUPPI (3028 TOAs)...
  [J1944+0907] zeroing residuals...
  [J1944+0907] adding red noise...
  [J1944+0907] white noise for S-wide_ASP (116 TOAs)...
  [J1944+0907] white noise for L-wide_PUPPI (3900 TOAs)...
  [J1944+0907] white noise for L-wide_ASP (257 TOAs)...
  [J1944+0907] white noise for 430_ASP (38 TOAs)...
  [J1944+0907] white noise for 430_PUPPI (1017 TOAs)...
  [J1946+3417] zeroing residuals...
  [J1946+3417] adding red noise...
  [J1946+3417] white noise for S-wide_PUPPI (1546 TOAs)...
  [J1946+3417] white noise for L-wide_PUPPI (3197 TOAs)...
  [J2010-1323] zeroing residuals...
  [J2010-1323] adding red noise...
  [J2010-1323] white noise for Rcvr_800_GUPPI (9158 TOAs)...
  [J2010-1323] white noise for Rcvr1_2_GASP (70 TOAs)...
  [J2010-1323] white noise for Rcvr1_2_GUPPI (7779 TOAs)...
  [J2010-1323] white noise for Rcvr_800_GASP (70 TOAs)...
  [J2017+0603] zeroing residuals...
  [J2017+0603] adding red noise...
  [J2017+0603] white noise for L-wide_ASP (16 TOAs)...
  [J2017+0603] white noise for 430_PUPPI (78 TOAs)...
  [J2017+0603] white noise for S-wide_PUPPI (849 TOAs)...
  [J2017+0603] white noise for L-wide_PUPPI (2569 TOAs)...
  [J2033+1734] zeroing residuals...
  [J2033+1734] adding red noise...
  [J2033+1734] white noise for 430_PUPPI (797 TOAs)...
  [J2033+1734] white noise for L-wide_PUPPI (3050 TOAs)...
  [J2043+1711] zeroing residuals...
  [J2043+1711] adding red noise...
  [J2043+1711] white noise for L-wide_ASP (40 TOAs)...
  [J2043+1711] white noise for 430_ASP (30 TOAs)...
  [J2043+1711] white noise for 430_PUPPI (2908 TOAs)...
  [J2043+1711] white noise for L-wide_PUPPI (4419 TOAs)...
  [J2124-3358] zeroing residuals...
  [J2124-3358] adding red noise...
  [J2124-3358] white noise for Rcvr_800_GUPPI (2025 TOAs)...
  [J2124-3358] white noise for Rcvr1_2_GUPPI (2957 TOAs)...
  [J2145-0750] zeroing residuals...
  [J2145-0750] adding red noise...
  [J2145-0750] white noise for Rcvr_800_GUPPI (8728 TOAs)...
  [J2145-0750] white noise for Rcvr1_2_GASP (427 TOAs)...
  [J2145-0750] white noise for Rcvr1_2_GUPPI (9158 TOAs)...
  [J2145-0750] white noise for Rcvr_800_GASP (362 TOAs)...
  [J2214+3000] zeroing residuals...
  [J2214+3000] adding red noise...
  [J2214+3000] white noise for L-wide_ASP (9 TOAs)...
  [J2214+3000] white noise for S-wide_PUPPI (1568 TOAs)...
  [J2214+3000] white noise for L-wide_PUPPI (5829 TOAs)...
  [J2229+2643] zeroing residuals...
  [J2229+2643] adding red noise...
  [J2229+2643] white noise for 430_PUPPI (956 TOAs)...
  [J2229+2643] white noise for L-wide_PUPPI (2755 TOAs)...
  [J2234+0611] zeroing residuals...
  [J2234+0611] adding red noise...
  [J2234+0611] white noise for 430_PUPPI (653 TOAs)...
  [J2234+0611] white noise for L-wide_PUPPI (2913 TOAs)...
  [J2234+0944] zeroing residuals...
  [J2234+0944] adding red noise...
  [J2234+0944] white noise for S-wide_PUPPI (2532 TOAs)...
  [J2234+0944] white noise for L-wide_PUPPI (5003 TOAs)...
  [J2302+4442] zeroing residuals...
  [J2302+4442] adding red noise...
  [J2302+4442] white noise for Rcvr_800_GUPPI (6432 TOAs)...
  [J2302+4442] white noise for Rcvr1_2_GUPPI (3779 TOAs)...
  [J2317+1439] zeroing residuals...
  [J2317+1439] adding red noise...
  [J2317+1439] white noise for L-wide_PUPPI (9563 TOAs)...
  [J2317+1439] white noise for 327_PUPPI (276 TOAs)...
  [J2317+1439] white noise for 327_ASP (413 TOAs)...
  [J2317+1439] white noise for 430_ASP (458 TOAs)...
  [J2317+1439] white noise for 430_PUPPI (3217 TOAs)...
  [J2322+2057] zeroing residuals...
  [J2322+2057] adding red noise...
  [J2322+2057] white noise for 430_PUPPI (752 TOAs)...
  [J2322+2057] white noise for S-wide_PUPPI (140 TOAs)...
  [J2322+2057] white noise for L-wide_PUPPI (2196 TOAs)...
Resetting pulsars to clean stoas...
Restore: 0.01 s
Inject: 0.00 s
Snapshotting into enterprise Pulsar objects...
Building PTA...
PTA build: 450.98 s
Computing optimal statistic...
OS time: 80.74 s
Total: 531.72 s
Noise-only SNR baseline: -0.2095

Generating SNR-consistent population...
Target SNR: 4.0
Resetting pulsars to clean stoas...
Restore: 0.00 s
Injecting population...
  B1855+09: RMS = 1044.655 ns
  B1937+21: RMS = 2414.313 ns
  B1953+29: RMS = 2921.154 ns
  J0023+0923: RMS = 743.653 ns
  J0030+0451: RMS = 747.314 ns
  J0340+4130: RMS = 655.280 ns
  J0406+3039: RMS = 415.453 ns
  J0437-4715: RMS = 676.174 ns
  J0509+0856: RMS = 374.417 ns
  J0557+1551: RMS = 178.302 ns
  J0605+3757: RMS = 718.232 ns
  J0610-2100: RMS = 995.401 ns
  J0613-0200: RMS = 2715.770 ns
  J0636+5128: RMS = 189.918 ns
  J0645+5158: RMS = 326.785 ns
  J0709+0458: RMS = 866.641 ns
  J0740+6620: RMS = 961.238 ns
  J0931-1902: RMS = 820.730 ns
  J1012+5307: RMS = 2963.782 ns
  J1012-4235: RMS = 613.632 ns
  J1022+1001: RMS = 1363.561 ns
  J1024-0719: RMS = 984.656 ns
  J1125+7819: RMS = 1335.872 ns
  J1312+0051: RMS = 1927.047 ns
  J1453+1902: RMS = 1098.815 ns
  J1455-3330: RMS = 1391.207 ns
  J1600-3053: RMS = 1230.505 ns
  J1614-2230: RMS = 1523.573 ns
  J1630+3734: RMS = 1068.727 ns
  J1640+2224: RMS = 763.751 ns
  J1643-1224: RMS = 1405.630 ns
  J1705-1903: RMS = 1038.511 ns
  J1713+0747: RMS = 1070.896 ns
  J1719-1438: RMS = 725.999 ns
  J1730-2304: RMS = 562.974 ns
  J1738+0333: RMS = 1048.679 ns
  J1741+1351: RMS = 838.021 ns
  J1744-1134: RMS = 1290.792 ns
  J1745+1017: RMS = 136.674 ns
  J1747-4036: RMS = 499.088 ns
  J1751-2857: RMS = 408.748 ns
  J1802-2124: RMS = 393.257 ns
  J1811-2405: RMS = 230.716 ns
  J1832-0836: RMS = 764.002 ns
  J1843-1113: RMS = 235.244 ns
  J1853+1303: RMS = 1427.013 ns
  J1903+0327: RMS = 847.812 ns
  J1909-3744: RMS = 515.391 ns
  J1910+1256: RMS = 1691.012 ns
  J1911+1347: RMS = 358.733 ns
  J1918-0642: RMS = 1080.014 ns
  J1923+2515: RMS = 2685.444 ns
  J1944+0907: RMS = 2239.867 ns
  J1946+3417: RMS = 1179.021 ns
  J2010-1323: RMS = 1747.078 ns
  J2017+0603: RMS = 3099.623 ns
  J2033+1734: RMS = 3792.958 ns
  J2043+1711: RMS = 2071.021 ns
  J2124-3358: RMS = 621.005 ns
  J2145-0750: RMS = 1220.966 ns
  J2214+3000: RMS = 1810.853 ns
  J2229+2643: RMS = 1076.511 ns
  J2234+0611: RMS = 600.755 ns
  J2234+0944: RMS = 1391.738 ns
  J2302+4442: RMS = 756.512 ns
  J2317+1439: RMS = 966.885 ns
  J2322+2057: RMS = 829.674 ns
Inject: 0.89 s
Snapshotting into enterprise Pulsar objects...
Building PTA...
PTA build: 450.38 s
Computing optimal statistic...
OS time: 63.50 s
Total: 514.77 s
Initial SNR: -7.8705, Target SNR: 4.0000
  ✗ Initial SNR -7.8705 is non-positive, cannot scale distances.
✗ Simulation 1, trial 1 FAILED, retrying...

Generating SNR-consistent population...
Target SNR: 4.0
Resetting pulsars to clean stoas...
Restore: 3.58 s
Injecting population...
  B1855+09: RMS = 2486.189 ns
  B1937+21: RMS = 3319.291 ns
  B1953+29: RMS = 3537.484 ns
  J0023+0923: RMS = 3410.725 ns
  J0030+0451: RMS = 2011.740 ns
  J0340+4130: RMS = 1097.162 ns
  J0406+3039: RMS = 431.857 ns
  J0437-4715: RMS = 622.754 ns
  J0509+0856: RMS = 1993.030 ns
  J0557+1551: RMS = 742.203 ns
  J0605+3757: RMS = 2412.908 ns
  J0610-2100: RMS = 590.556 ns
  J0613-0200: RMS = 1466.284 ns
  J0636+5128: RMS = 3954.958 ns
  J0645+5158: RMS = 4330.800 ns
  J0709+0458: RMS = 1492.027 ns
  J0740+6620: RMS = 1936.863 ns
  J0931-1902: RMS = 1412.497 ns
  J1012+5307: RMS = 1728.832 ns
  J1012-4235: RMS = 505.332 ns
  J1022+1001: RMS = 1467.546 ns
  J1024-0719: RMS = 923.676 ns
  J1125+7819: RMS = 1550.909 ns
  J1312+0051: RMS = 961.162 ns
  J1453+1902: RMS = 1968.186 ns
  J1455-3330: RMS = 1195.973 ns
  J1600-3053: RMS = 1676.140 ns
  J1614-2230: RMS = 2091.284 ns
  J1630+3734: RMS = 382.903 ns
  J1640+2224: RMS = 2033.995 ns
  J1643-1224: RMS = 1915.299 ns
  J1705-1903: RMS = 1235.776 ns
  J1713+0747: RMS = 1964.490 ns
  J1719-1438: RMS = 1506.840 ns
  J1730-2304: RMS = 1503.517 ns
  J1738+0333: RMS = 1652.804 ns
  J1741+1351: RMS = 1373.476 ns
  J1744-1134: RMS = 1828.232 ns
  J1745+1017: RMS = 1248.065 ns
  J1747-4036: RMS = 2899.389 ns
  J1751-2857: RMS = 1851.122 ns
  J1802-2124: RMS = 1661.007 ns
  J1811-2405: RMS = 1440.723 ns
  J1832-0836: RMS = 2334.833 ns
  J1843-1113: RMS = 1266.832 ns
  J1853+1303: RMS = 2068.655 ns
  J1903+0327: RMS = 2288.446 ns
  J1909-3744: RMS = 1533.319 ns
  J1910+1256: RMS = 2343.696 ns
  J1911+1347: RMS = 2219.643 ns
  J1918-0642: RMS = 1970.320 ns
  J1923+2515: RMS = 3077.864 ns
  J1944+0907: RMS = 2393.736 ns
  J1946+3417: RMS = 3540.318 ns
  J2010-1323: RMS = 2553.748 ns
  J2017+0603: RMS = 2250.805 ns
  J2033+1734: RMS = 2449.335 ns
  J2043+1711: RMS = 2576.916 ns
  J2124-3358: RMS = 606.086 ns
  J2145-0750: RMS = 1347.964 ns
  J2214+3000: RMS = 1453.778 ns
  J2229+2643: RMS = 1377.127 ns
  J2234+0611: RMS = 996.679 ns
  J2234+0944: RMS = 600.793 ns
  J2302+4442: RMS = 3073.853 ns
  J2317+1439: RMS = 992.161 ns
  J2322+2057: RMS = 2296.614 ns
Inject: 0.91 s
Snapshotting into enterprise Pulsar objects...
Building PTA...
PTA build: 531.15 s
Computing optimal statistic...
OS time: 112.72 s
Total: 648.37 s
Initial SNR: -3.7532, Target SNR: 4.0000
  ✗ Initial SNR -3.7532 is non-positive, cannot scale distances.
✗ Simulation 1, trial 2 FAILED, retrying...

Generating SNR-consistent population...
Target SNR: 4.0
Resetting pulsars to clean stoas...
Restore: 31.75 s
Injecting population...
  B1855+09: RMS = 770.015 ns
  B1937+21: RMS = 1089.369 ns
  B1953+29: RMS = 737.813 ns
  J0023+0923: RMS = 767.772 ns
  J0030+0451: RMS = 1123.367 ns
  J0340+4130: RMS = 1707.441 ns
  J0406+3039: RMS = 285.154 ns
  J0437-4715: RMS = 1071.177 ns
  J0509+0856: RMS = 2011.572 ns
  J0557+1551: RMS = 1045.359 ns
  J0605+3757: RMS = 641.020 ns
  J0610-2100: RMS = 1248.584 ns
  J0613-0200: RMS = 1421.439 ns
  J0636+5128: RMS = 1026.911 ns
  J0645+5158: RMS = 1187.331 ns
  J0709+0458: RMS = 1417.842 ns
  J0740+6620: RMS = 676.769 ns
  J0931-1902: RMS = 482.283 ns
  J1012+5307: RMS = 1789.774 ns
  J1012-4235: RMS = 259.725 ns
  J1022+1001: RMS = 1828.312 ns
  J1024-0719: RMS = 1131.606 ns
  J1125+7819: RMS = 1551.703 ns
  J1312+0051: RMS = 1312.155 ns
  J1453+1902: RMS = 1227.169 ns
  J1455-3330: RMS = 1312.570 ns
  J1600-3053: RMS = 927.671 ns
  J1614-2230: RMS = 352.113 ns
  J1630+3734: RMS = 660.147 ns
  J1640+2224: RMS = 1415.302 ns
  J1643-1224: RMS = 466.773 ns
  J1705-1903: RMS = 314.389 ns
  J1713+0747: RMS = 889.759 ns
  J1719-1438: RMS = 487.417 ns
  J1730-2304: RMS = 550.826 ns
  J1738+0333: RMS = 567.694 ns
  J1741+1351: RMS = 838.983 ns
  J1744-1134: RMS = 505.520 ns
  J1745+1017: RMS = 1237.445 ns
  J1747-4036: RMS = 362.798 ns
  J1751-2857: RMS = 271.491 ns
  J1802-2124: RMS = 323.239 ns
  J1811-2405: RMS = 195.635 ns
  J1832-0836: RMS = 272.452 ns
  J1843-1113: RMS = 91.809 ns
  J1853+1303: RMS = 959.618 ns
  J1903+0327: RMS = 602.931 ns
  J1909-3744: RMS = 1635.680 ns
  J1910+1256: RMS = 941.382 ns
  J1911+1347: RMS = 1316.894 ns
  J1918-0642: RMS = 1252.692 ns
  J1923+2515: RMS = 1155.385 ns
  J1944+0907: RMS = 1300.822 ns
  J1946+3417: RMS = 2156.805 ns
  J2010-1323: RMS = 2036.292 ns
  J2017+0603: RMS = 1927.542 ns
  J2033+1734: RMS = 1486.662 ns
  J2043+1711: RMS = 1466.467 ns
  J2124-3358: RMS = 1022.597 ns
  J2145-0750: RMS = 3627.786 ns
  J2214+3000: RMS = 1717.757 ns
  J2229+2643: RMS = 2222.006 ns
  J2234+0611: RMS = 4751.397 ns
  J2234+0944: RMS = 2751.325 ns
  J2302+4442: RMS = 1060.549 ns
  J2317+1439: RMS = 4149.943 ns
  J2322+2057: RMS = 1600.482 ns
Inject: 1.13 s
Snapshotting into enterprise Pulsar objects...
Building PTA...
PTA build: 505.18 s
Computing optimal statistic...
OS time: 62.25 s
Total: 600.31 s
Initial SNR: 0.9945, Target SNR: 4.0000
  Initial SNR 0.9945 outside of provided SNR_range [3.5, 4.25] — rescaling.
Scaling distances by factor 0.5348 to achieve target SNR...
Resetting pulsars to clean stoas...
Restore: 1.11 s
Injecting population...
  B1855+09: RMS = 1439.791 ns
  B1937+21: RMS = 2036.925 ns
  B1953+29: RMS = 1379.577 ns
  J0023+0923: RMS = 1435.596 ns
  J0030+0451: RMS = 2100.495 ns
  J0340+4130: RMS = 3192.607 ns
  J0406+3039: RMS = 533.186 ns
  J0437-4715: RMS = 2002.909 ns
  J0509+0856: RMS = 3761.278 ns
  J0557+1551: RMS = 1954.634 ns
  J0605+3757: RMS = 1198.593 ns
  J0610-2100: RMS = 2334.627 ns
  J0613-0200: RMS = 2657.836 ns
  J0636+5128: RMS = 1920.140 ns
  J0645+5158: RMS = 2220.095 ns
  J0709+0458: RMS = 2651.110 ns
  J0740+6620: RMS = 1265.437 ns
  J0931-1902: RMS = 901.782 ns
  J1012+5307: RMS = 3346.556 ns
  J1012-4235: RMS = 485.638 ns
  J1022+1001: RMS = 3418.615 ns
  J1024-0719: RMS = 2115.901 ns
  J1125+7819: RMS = 2901.407 ns
  J1312+0051: RMS = 2453.495 ns
  J1453+1902: RMS = 2294.585 ns
  J1455-3330: RMS = 2454.271 ns
  J1600-3053: RMS = 1734.579 ns
  J1614-2230: RMS = 658.388 ns
  J1630+3734: RMS = 1234.356 ns
  J1640+2224: RMS = 2646.361 ns
  J1643-1224: RMS = 872.782 ns
  J1705-1903: RMS = 587.852 ns
  J1713+0747: RMS = 1663.689 ns
  J1719-1438: RMS = 911.382 ns
  J1730-2304: RMS = 1029.946 ns
  J1738+0333: RMS = 1061.486 ns
  J1741+1351: RMS = 1568.748 ns
  J1744-1134: RMS = 945.232 ns
  J1745+1017: RMS = 2313.800 ns
  J1747-4036: RMS = 678.368 ns
  J1751-2857: RMS = 507.639 ns
  J1802-2124: RMS = 604.398 ns
  J1811-2405: RMS = 365.802 ns
  J1832-0836: RMS = 509.437 ns
  J1843-1113: RMS = 171.667 ns
  J1853+1303: RMS = 1794.314 ns
  J1903+0327: RMS = 1127.373 ns
  J1909-3744: RMS = 3058.427 ns
  J1910+1256: RMS = 1760.215 ns
  J1911+1347: RMS = 2462.356 ns
  J1918-0642: RMS = 2342.310 ns
  J1923+2515: RMS = 2160.363 ns
  J1944+0907: RMS = 2432.303 ns
  J1946+3417: RMS = 4032.837 ns
  J2010-1323: RMS = 3807.501 ns
  J2017+0603: RMS = 3604.158 ns
  J2033+1734: RMS = 2779.791 ns
  J2043+1711: RMS = 2742.029 ns
  J2124-3358: RMS = 1912.073 ns
  J2145-0750: RMS = 6783.309 ns
  J2214+3000: RMS = 3211.897 ns
  J2229+2643: RMS = 4154.753 ns
  J2234+0611: RMS = 8884.260 ns
  J2234+0944: RMS = 5144.484 ns
  J2302+4442: RMS = 1983.036 ns
  J2317+1439: RMS = 7759.648 ns
  J2322+2057: RMS = 2992.614 ns
Inject: 1.07 s
Snapshotting into enterprise Pulsar objects...
Building PTA...
PTA build: 465.67 s
Computing optimal statistic...
OS time: 64.06 s
Total: 531.91 s
  SNR 1.6940 outside of provided SNR_range [3.5, 4.25] — rescaling.
[Iteration 1/4] SNR after scaling: 1.6940 (target: 4.0000)
  SNR history: it0→0.9945@1.0000x, it1→1.6940@0.5348x
  Re-scaling distances by factor 0.3381  (cumulative after: 0.1808×)
Resetting pulsars to clean stoas...
Restore: 0.05 s
Injecting population...
  B1855+09: RMS = 4258.734 ns
  B1937+21: RMS = 6024.990 ns
  B1953+29: RMS = 4080.631 ns
  J0023+0923: RMS = 4246.329 ns
  J0030+0451: RMS = 6213.021 ns
  J0340+4130: RMS = 9443.364 ns
  J0406+3039: RMS = 1577.103 ns
  J0437-4715: RMS = 5924.374 ns
  J0509+0856: RMS = 11125.428 ns
  J0557+1551: RMS = 5781.582 ns
  J0605+3757: RMS = 3545.300 ns
  J0610-2100: RMS = 6905.558 ns
  J0613-0200: RMS = 7861.573 ns
  J0636+5128: RMS = 5679.552 ns
  J0645+5158: RMS = 6566.785 ns
  J0709+0458: RMS = 7841.677 ns
  J0740+6620: RMS = 3743.016 ns
  J0931-1902: RMS = 2667.367 ns
  J1012+5307: RMS = 9898.727 ns
  J1012-4235: RMS = 1436.462 ns
  J1022+1001: RMS = 10111.870 ns
  J1024-0719: RMS = 6258.590 ns
  J1125+7819: RMS = 8582.026 ns
  J1312+0051: RMS = 7257.155 ns
  J1453+1902: RMS = 6787.118 ns
  J1455-3330: RMS = 7259.450 ns
  J1600-3053: RMS = 5130.684 ns
  J1614-2230: RMS = 1947.435 ns
  J1630+3734: RMS = 3651.083 ns
  J1640+2224: RMS = 7827.630 ns
  J1643-1224: RMS = 2581.589 ns
  J1705-1903: RMS = 1738.798 ns
  J1713+0747: RMS = 4921.000 ns
  J1719-1438: RMS = 2695.764 ns
  J1730-2304: RMS = 3046.463 ns
  J1738+0333: RMS = 3139.754 ns
  J1741+1351: RMS = 4640.176 ns
  J1744-1134: RMS = 2795.887 ns
  J1745+1017: RMS = 6843.953 ns
  J1747-4036: RMS = 2006.534 ns
  J1751-2857: RMS = 1501.538 ns
  J1802-2124: RMS = 1787.741 ns
  J1811-2405: RMS = 1082.001 ns
  J1832-0836: RMS = 1506.855 ns
  J1843-1113: RMS = 507.770 ns
  J1853+1303: RMS = 5307.374 ns
  J1903+0327: RMS = 3334.639 ns
  J1909-3744: RMS = 9046.475 ns
  J1910+1256: RMS = 5206.513 ns
  J1911+1347: RMS = 7283.364 ns
  J1918-0642: RMS = 6928.283 ns
  J1923+2515: RMS = 6390.106 ns
  J1944+0907: RMS = 7194.471 ns
  J1946+3417: RMS = 11928.668 ns
  J2010-1323: RMS = 11262.149 ns
  J2017+0603: RMS = 10660.683 ns
  J2033+1734: RMS = 8222.303 ns
  J2043+1711: RMS = 8110.606 ns
  J2124-3358: RMS = 5655.692 ns
  J2145-0750: RMS = 20064.246 ns
  J2214+3000: RMS = 9500.422 ns
  J2229+2643: RMS = 12289.279 ns
  J2234+0611: RMS = 26278.616 ns
  J2234+0944: RMS = 15216.790 ns
  J2302+4442: RMS = 5865.593 ns
  J2317+1439: RMS = 22952.145 ns
  J2322+2057: RMS = 8851.807 ns
Inject: 1.36 s
Snapshotting into enterprise Pulsar objects...
Building PTA...
PTA build: 464.87 s
Computing optimal statistic...
OS time: 54.22 s
Total: 520.50 s
  SNR 1.0678 outside of provided SNR_range [3.5, 4.25] — rescaling.
[Iteration 2/4] SNR after scaling: 1.0678 (target: 4.0000)
  SNR history: it0→0.9945@1.0000x, it1→1.6940@0.5348x, it2→1.0678@0.1808x
  Re-scaling distances by factor 10.0000  (cumulative after: 1.8081×)
Resetting pulsars to clean stoas...
Restore: 0.01 s
Injecting population...
  B1855+09: RMS = 425.873 ns
  B1937+21: RMS = 602.499 ns
  B1953+29: RMS = 408.063 ns
  J0023+0923: RMS = 424.633 ns
  J0030+0451: RMS = 621.302 ns
  J0340+4130: RMS = 944.336 ns
  J0406+3039: RMS = 157.710 ns
  J0437-4715: RMS = 592.437 ns
  J0509+0856: RMS = 1112.543 ns
  J0557+1551: RMS = 578.158 ns
  J0605+3757: RMS = 354.530 ns
  J0610-2100: RMS = 690.556 ns
  J0613-0200: RMS = 786.157 ns
  J0636+5128: RMS = 567.955 ns
  J0645+5158: RMS = 656.679 ns
  J0709+0458: RMS = 784.168 ns
  J0740+6620: RMS = 374.302 ns
  J0931-1902: RMS = 266.737 ns
  J1012+5307: RMS = 989.873 ns
  J1012-4235: RMS = 143.646 ns
  J1022+1001: RMS = 1011.187 ns
  J1024-0719: RMS = 625.859 ns
  J1125+7819: RMS = 858.203 ns
  J1312+0051: RMS = 725.716 ns
  J1453+1902: RMS = 678.712 ns
  J1455-3330: RMS = 725.945 ns
  J1600-3053: RMS = 513.068 ns
  J1614-2230: RMS = 194.743 ns
  J1630+3734: RMS = 365.108 ns
  J1640+2224: RMS = 782.763 ns
  J1643-1224: RMS = 258.159 ns
  J1705-1903: RMS = 173.880 ns
  J1713+0747: RMS = 492.100 ns
  J1719-1438: RMS = 269.576 ns
  J1730-2304: RMS = 304.646 ns
  J1738+0333: RMS = 313.975 ns
  J1741+1351: RMS = 464.018 ns
  J1744-1134: RMS = 279.589 ns
  J1745+1017: RMS = 684.395 ns
  J1747-4036: RMS = 200.653 ns
  J1751-2857: RMS = 150.154 ns
  J1802-2124: RMS = 178.774 ns
  J1811-2405: RMS = 108.200 ns
  J1832-0836: RMS = 150.686 ns
  J1843-1113: RMS = 50.777 ns
  J1853+1303: RMS = 530.737 ns
  J1903+0327: RMS = 333.464 ns
  J1909-3744: RMS = 904.648 ns
  J1910+1256: RMS = 520.651 ns
  J1911+1347: RMS = 728.336 ns
  J1918-0642: RMS = 692.828 ns
  J1923+2515: RMS = 639.011 ns
  J1944+0907: RMS = 719.447 ns
  J1946+3417: RMS = 1192.867 ns
  J2010-1323: RMS = 1126.215 ns
  J2017+0603: RMS = 1066.068 ns
  J2033+1734: RMS = 822.230 ns
  J2043+1711: RMS = 811.061 ns
  J2124-3358: RMS = 565.569 ns
  J2145-0750: RMS = 2006.425 ns
  J2214+3000: RMS = 950.042 ns
  J2229+2643: RMS = 1228.928 ns
  J2234+0611: RMS = 2627.862 ns
  J2234+0944: RMS = 1521.679 ns
  J2302+4442: RMS = 586.559 ns
  J2317+1439: RMS = 2295.215 ns
  J2322+2057: RMS = 885.181 ns
Inject: 1.27 s
Snapshotting into enterprise Pulsar objects...

+------------------- Job Report: 11728667 (TIMEOUT) --------------------+
| Memory (RAM)  [####################] 102.6% (32.8 GB peak / 32 GB)    |
| CPU           [###############     ] 78.3% average                    |
| Time          [------------------->] 100.5% (0-01:05:19 / 0-01:05:00) |
|                                                                       |
| Lustre Filesystem:                                                    |
|   Path    Total Read    Total Write    Total IOPS                     |
|   ------  ------------  -------------  ------------                   |
|   /apps   0 B           0 B            302                            |
|   /fred   4.2 MB        83.2 KB        88                             |
|   /home   484.2 MB      0 B            3.2 K                          |
|   OS      0 B           0 B            1                              |
+-----------------------------------------------------------------------+
