==========================================
Job ID: 11740357
Job Name: smbhb_optimistic
Node: gina17
Start Time: Wed Apr 29 14:30:43 AEST 2026
==========================================

/home/bhoulden/.conda/envs/smbhb312/share/tempo2
Working directory: /fred/oz005/users/bhoulden/SMBHB_population_injections

Loaded modules:

Starting SMBHB analysis...
==========================================

📁 Save directory: data/2026-04-29/optimistic_run_244
📝 Run name: optimistic_run_244

[MEM] Start: 244.1 MB

📡 Loading pulsars...
======================================================================
LOADING NANOGRAV PULSARS (libstempo)
======================================================================

📦 Loading from cache: nanograv_pulsars_cache.pkl
⚠ Cache load failed: Ran out of input
[DEBUG] Found 76 .par files
[tempo2Util.C:396] Warning: [MISC1] Unknown parameter in par file:  DMDATA
[tempo2Util.C:401] Warning: [DUP1] duplicated warnings have been suppressed.

WARNING: Using tempo RNAMP parameter: setting TNRedC to 100!
[observatory.C:271] Warning: Assuming site 'arecibo' means 'ao'
✓ Loaded B1855+09 (7758 TOAs)

WARNING: Using tempo RNAMP parameter: setting TNRedC to 100!
✓ Loaded B1937+21 (23023 TOAs)

WARNING: Using tempo RNAMP parameter: setting TNRedC to 100!
✓ Loaded B1937+21ao (7241 TOAs)

WARNING: Using tempo RNAMP parameter: setting TNRedC to 100!
✓ Loaded B1937+21gbt (16048 TOAs)

WARNING: Using tempo RNAMP parameter: setting TNRedC to 100!
✓ Loaded B1953+29 (5126 TOAs)
✓ Loaded J0023+0923 (15896 TOAs)

WARNING: Using tempo RNAMP parameter: setting TNRedC to 100!
✓ Loaded J0030+0451 (19571 TOAs)
✓ Loaded J0340+4130 (11093 TOAs)
✓ Loaded J0406+3039 (2446 TOAs)

WARNING: Using tempo RNAMP parameter: setting TNRedC to 100!
✓ Loaded J0437-4715 (5830 TOAs)
✓ Loaded J0509+0856 (2169 TOAs)
✓ Loaded J0557+1551 (525 TOAs)
✓ Loaded J0605+3757 (554 TOAs)

WARNING: Using tempo RNAMP parameter: setting TNRedC to 100!
✓ Loaded J0610-2100 (4885 TOAs)

WARNING: Using tempo RNAMP parameter: setting TNRedC to 100!
✓ Loaded J0613-0200 (17124 TOAs)
✓ Loaded J0614-3329 (1714 TOAs)
✓ Loaded J0636+5128 (32222 TOAs)
✓ Loaded J0645+5158 (10403 TOAs)
✓ Loaded J0709+0458 (3030 TOAs)
✓ Loaded J0740+6620 (13401 TOAs)
✓ Loaded J0931-1902 (5473 TOAs)

WARNING: Using tempo RNAMP parameter: setting TNRedC to 100!
✓ Loaded J1012+5307 (25837 TOAs)
✓ Loaded J1012-4235 (797 TOAs)
✓ Loaded J1022+1001 (3978 TOAs)
✓ Loaded J1024-0719 (12635 TOAs)
✓ Loaded J1125+7819 (8723 TOAs)
✓ Loaded J1312+0051 (1705 TOAs)
✓ Loaded J1453+1902 (2551 TOAs)
✓ Loaded J1455-3330 (10818 TOAs)

WARNING: Using tempo RNAMP parameter: setting TNRedC to 100!
✓ Loaded J1600-3053 (22955 TOAs)

WARNING: Using tempo RNAMP parameter: setting TNRedC to 100!
✓ Loaded J1600-3053gbt (19725 TOAs)

WARNING: Using tempo RNAMP parameter: setting TNRedC to 100!
✓ Loaded J1614-2230 (18445 TOAs)
✓ Loaded J1630+3734 (1815 TOAs)
✓ Loaded J1640+2224 (14066 TOAs)

WARNING: Using tempo RNAMP parameter: setting TNRedC to 100!
✓ Loaded J1643-1224 (22144 TOAs)

WARNING: Using tempo RNAMP parameter: setting TNRedC to 100!
✓ Loaded J1643-1224gbt (17932 TOAs)

WARNING: Using tempo RNAMP parameter: setting TNRedC to 100!
✓ Loaded J1705-1903 (9871 TOAs)

WARNING: Using tempo RNAMP parameter: setting TNRedC to 100!
✓ Loaded J1713+0747 (59389 TOAs)

WARNING: Using tempo RNAMP parameter: setting TNRedC to 100!
✓ Loaded J1713+0747ao (21362 TOAs)

WARNING: Using tempo RNAMP parameter: setting TNRedC to 100!
✓ Loaded J1713+0747gbt (32963 TOAs)
✓ Loaded J1719-1438 (6356 TOAs)
✓ Loaded J1730-2304 (4870 TOAs)
✓ Loaded J1738+0333 (8790 TOAs)
✓ Loaded J1741+1351 (5582 TOAs)

WARNING: Using tempo RNAMP parameter: setting TNRedC to 100!
✓ Loaded J1744-1134 (17745 TOAs)

WARNING: Using tempo RNAMP parameter: setting TNRedC to 100!
✓ Loaded J1745+1017 (3017 TOAs)

WARNING: Using tempo RNAMP parameter: setting TNRedC to 100!
✓ Loaded J1747-4036 (11055 TOAs)
✓ Loaded J1751-2857 (2025 TOAs)

WARNING: Using tempo RNAMP parameter: setting TNRedC to 100!
✓ Loaded J1802-2124 (6796 TOAs)
✓ Loaded J1811-2405 (5266 TOAs)
✓ Loaded J1832-0836 (7739 TOAs)
✓ Loaded J1843-1113 (4595 TOAs)

WARNING: Using tempo RNAMP parameter: setting TNRedC to 100!
✓ Loaded J1853+1303 (4570 TOAs)

WARNING: Using tempo RNAMP parameter: setting TNRedC to 100!
✓ Loaded J1903+0327 (6856 TOAs)

WARNING: Using tempo RNAMP parameter: setting TNRedC to 100!
✓ Loaded J1903+0327ao (6423 TOAs)

WARNING: Using tempo RNAMP parameter: setting TNRedC to 100!
✓ Loaded J1909-3744 (35037 TOAs)

WARNING: Using tempo RNAMP parameter: setting TNRedC to 100!
✓ Loaded J1909-3744gbt (31526 TOAs)
✓ Loaded J1910+1256 (6486 TOAs)
✓ Loaded J1911+1347 (3786 TOAs)
✓ Loaded J1918-0642 (18875 TOAs)
✓ Loaded J1923+2515 (3974 TOAs)
✓ Loaded J1944+0907 (5328 TOAs)

WARNING: Using tempo RNAMP parameter: setting TNRedC to 100!
✓ Loaded J1946+3417 (4743 TOAs)
✓ Loaded J2010-1323 (17077 TOAs)
✓ Loaded J2017+0603 (3512 TOAs)
✓ Loaded J2033+1734 (3847 TOAs)
✓ Loaded J2043+1711 (7397 TOAs)
✓ Loaded J2124-3358 (4982 TOAs)

WARNING: Using tempo RNAMP parameter: setting TNRedC to 100!
✓ Loaded J2145-0750 (18675 TOAs)
✓ Loaded J2214+3000 (7406 TOAs)
✓ Loaded J2229+2643 (3711 TOAs)

WARNING: Using tempo RNAMP parameter: setting TNRedC to 100!
✓ Loaded J2234+0611 (3566 TOAs)
✓ Loaded J2234+0944 (7535 TOAs)
✓ Loaded J2302+4442 (10211 TOAs)
✓ Loaded J2317+1439 (13927 TOAs)
✓ Loaded J2322+2057 (3088 TOAs)
⚠ Could not save cache: no default __reduce__ due to non-trivial __cinit__

✓ Loaded 76 pulsars
✗ Failed: 0 — []
[MEM] After loading pulsars: 8863.1 MB

🔍 Filtering pulsars...

Filtered: 76 → 67 pulsars
[MEM] After filtering pulsars: 8864.1 MB
[MEM] After garbage collection: 8864.1 MB

======================================================================
SMBHB POPULATION ANALYSIS
======================================================================

Configuration: optimistic
  Larger mass, higher spread in distance, small population
  N_binaries: 500

======================================================================
CONSISTENT POPULATION SYNTHESIS
======================================================================

======================================================================
GENERATING SNR-CONSISTENT POPULATIONS
======================================================================
Target SNR:          4.0
Simulations:         1
======================================================================


──────────────────────────────────────────────────────────────────────
SIMULATION 1/1
──────────────────────────────────────────────────────────────────────
  [B1855+09] zeroing residuals...
  [B1855+09] adding red noise...
  [B1855+09] white noise for L-wide_ASP (1178 TOAs)...
  [B1855+09] white noise for 430_ASP (390 TOAs)...
  [B1855+09] white noise for L-wide_PUPPI (5005 TOAs)...
  [B1855+09] white noise for 430_PUPPI (1185 TOAs)...
  [B1937+21] zeroing residuals...
  [B1937+21] adding red noise...
  [B1937+21] white noise for L-wide_ASP (452 TOAs)...
  [B1937+21] white noise for Rcvr_800_GASP (586 TOAs)...
  [B1937+21] white noise for Rcvr_800_GUPPI (7140 TOAs)...
  [B1937+21] white noise for Rcvr1_2_GUPPI (7048 TOAs)...
  [B1937+21] white noise for S-wide_PUPPI (2251 TOAs)...
  [B1937+21] white noise for Rcvr1_2_GASP (1069 TOAs)...
  [B1937+21] white noise for L-wide_PUPPI (4133 TOAs)...
  [B1937+21] white noise for S-wide_ASP (344 TOAs)...
  [B1953+29] zeroing residuals...
  [B1953+29] adding red noise...
  [B1953+29] white noise for L-wide_ASP (94 TOAs)...
  [B1953+29] white noise for 430_ASP (29 TOAs)...
  [B1953+29] white noise for L-wide_PUPPI (4037 TOAs)...
  [B1953+29] white noise for S-wide_ASP (25 TOAs)...
  [B1953+29] white noise for 430_PUPPI (941 TOAs)...
  [J0023+0923] zeroing residuals...
  [J0023+0923] adding red noise...
  [J0023+0923] white noise for L-wide_ASP (119 TOAs)...
  [J0023+0923] white noise for 430_ASP (90 TOAs)...
  [J0023+0923] white noise for L-wide_PUPPI (11123 TOAs)...
  [J0023+0923] white noise for 430_PUPPI (4564 TOAs)...
  [J0030+0451] zeroing residuals...
  [J0030+0451] adding red noise...
  [J0030+0451] white noise for L-wide_ASP (789 TOAs)...
  [J0030+0451] white noise for 430_ASP (267 TOAs)...
  [J0030+0451] white noise for S-wide_PUPPI (2673 TOAs)...
  [J0030+0451] white noise for L-wide_PUPPI (12774 TOAs)...
  [J0030+0451] white noise for 430_PUPPI (3068 TOAs)...
  [J0340+4130] zeroing residuals...
  [J0340+4130] adding red noise...
  [J0340+4130] white noise for Rcvr_800_GUPPI (6056 TOAs)...
  [J0340+4130] white noise for Rcvr1_2_GUPPI (5037 TOAs)...
  [J0406+3039] zeroing residuals...
  [J0406+3039] adding red noise...
  [J0406+3039] white noise for S-wide_PUPPI (575 TOAs)...
  [J0406+3039] white noise for L-wide_PUPPI (1871 TOAs)...
  [J0437-4715] zeroing residuals...
  [J0437-4715] adding red noise...
  [J0437-4715] white noise for 1.5GHz_YUPPI (2134 TOAs)...
  [J0437-4715] white noise for 3GHz_YUPPI (3696 TOAs)...
  [J0509+0856] zeroing residuals...
  [J0509+0856] adding red noise...
  [J0509+0856] white noise for S-wide_PUPPI (544 TOAs)...
  [J0509+0856] white noise for L-wide_PUPPI (1625 TOAs)...
  [J0557+1551] zeroing residuals...
  [J0557+1551] adding red noise...
  [J0557+1551] white noise for S-wide_PUPPI (58 TOAs)...
  [J0557+1551] white noise for L-wide_PUPPI (467 TOAs)...
  [J0605+3757] zeroing residuals...
  [J0605+3757] adding red noise...
  [J0605+3757] white noise for Rcvr_800_GUPPI (236 TOAs)...
  [J0605+3757] white noise for Rcvr1_2_GUPPI (318 TOAs)...
  [J0610-2100] zeroing residuals...
  [J0610-2100] adding red noise...
  [J0610-2100] white noise for Rcvr_800_GUPPI (2484 TOAs)...
  [J0610-2100] white noise for Rcvr1_2_GUPPI (2401 TOAs)...
  [J0613-0200] zeroing residuals...
  [J0613-0200] adding red noise...
  [J0613-0200] white noise for Rcvr1_2_GASP (992 TOAs)...
  [J0613-0200] white noise for Rcvr_800_GUPPI (7900 TOAs)...
  [J0613-0200] white noise for Rcvr_800_GASP (809 TOAs)...
  [J0613-0200] white noise for Rcvr1_2_GUPPI (7423 TOAs)...
  [J0636+5128] zeroing residuals...
  [J0636+5128] adding red noise...
  [J0636+5128] white noise for Rcvr_800_GUPPI (17419 TOAs)...
  [J0636+5128] white noise for Rcvr1_2_GUPPI (14803 TOAs)...
  [J0645+5158] zeroing residuals...
  [J0645+5158] adding red noise...
  [J0645+5158] white noise for Rcvr_800_GUPPI (4682 TOAs)...
  [J0645+5158] white noise for Rcvr1_2_GUPPI (5721 TOAs)...
  [J0709+0458] zeroing residuals...
  [J0709+0458] adding red noise...
  [J0709+0458] white noise for S-wide_PUPPI (595 TOAs)...
  [J0709+0458] white noise for L-wide_PUPPI (2435 TOAs)...
  [J0740+6620] zeroing residuals...
  [J0740+6620] adding red noise...
  [J0740+6620] white noise for Rcvr_800_GUPPI (5136 TOAs)...
  [J0740+6620] white noise for Rcvr1_2_GUPPI (8265 TOAs)...
  [J0931-1902] zeroing residuals...
  [J0931-1902] adding red noise...
  [J0931-1902] white noise for Rcvr_800_GUPPI (3419 TOAs)...
  [J0931-1902] white noise for Rcvr1_2_GUPPI (2054 TOAs)...
  [J1012+5307] zeroing residuals...
  [J1012+5307] adding red noise...
  [J1012+5307] white noise for Rcvr1_2_GASP (1479 TOAs)...
  [J1012+5307] white noise for Rcvr_800_GUPPI (10299 TOAs)...
  [J1012+5307] white noise for Rcvr_800_GASP (1210 TOAs)...
  [J1012+5307] white noise for Rcvr1_2_GUPPI (12849 TOAs)...
  [J1012-4235] zeroing residuals...
  [J1012-4235] adding red noise...
  [J1012-4235] white noise for Rcvr_800_GUPPI (342 TOAs)...
  [J1012-4235] white noise for Rcvr1_2_GUPPI (455 TOAs)...
  [J1022+1001] zeroing residuals...
  [J1022+1001] adding red noise...
  [J1022+1001] white noise for S-wide_PUPPI (1154 TOAs)...
  [J1022+1001] white noise for L-wide_PUPPI (2592 TOAs)...
  [J1022+1001] white noise for 430_PUPPI (232 TOAs)...
  [J1024-0719] zeroing residuals...
  [J1024-0719] adding red noise...
  [J1024-0719] white noise for Rcvr1_2_GASP (43 TOAs)...
  [J1024-0719] white noise for Rcvr_800_GUPPI (5455 TOAs)...
  [J1024-0719] white noise for Rcvr_800_GASP (51 TOAs)...
  [J1024-0719] white noise for Rcvr1_2_GUPPI (7086 TOAs)...
  [J1125+7819] zeroing residuals...
  [J1125+7819] adding red noise...
  [J1125+7819] white noise for Rcvr_800_GUPPI (4707 TOAs)...
  [J1125+7819] white noise for Rcvr1_2_GUPPI (4016 TOAs)...
  [J1312+0051] zeroing residuals...
  [J1312+0051] adding red noise...
  [J1312+0051] white noise for S-wide_PUPPI (416 TOAs)...
  [J1312+0051] white noise for L-wide_PUPPI (1289 TOAs)...
  [J1453+1902] zeroing residuals...
  [J1453+1902] adding red noise...
  [J1453+1902] white noise for S-wide_PUPPI (4 TOAs)...
  [J1453+1902] white noise for L-wide_PUPPI (2122 TOAs)...
  [J1453+1902] white noise for 430_PUPPI (425 TOAs)...
  [J1455-3330] zeroing residuals...
  [J1455-3330] adding red noise...
  [J1455-3330] white noise for Rcvr1_2_GASP (564 TOAs)...
  [J1455-3330] white noise for Rcvr_800_GUPPI (4843 TOAs)...
  [J1455-3330] white noise for Rcvr_800_GASP (479 TOAs)...
  [J1455-3330] white noise for Rcvr1_2_GUPPI (4932 TOAs)...
  [J1600-3053] zeroing residuals...
  [J1600-3053] adding red noise...
  [J1600-3053] white noise for Rcvr_800_GASP (297 TOAs)...
  [J1600-3053] white noise for Rcvr_800_GUPPI (8796 TOAs)...
  [J1600-3053] white noise for 3GHz_YUPPI (3237 TOAs)...
  [J1600-3053] white noise for Rcvr1_2_GUPPI (10168 TOAs)...
  [J1600-3053] white noise for Rcvr1_2_GASP (457 TOAs)...
  [J1614-2230] zeroing residuals...
  [J1614-2230] adding red noise...
  [J1614-2230] white noise for Rcvr1_2_GASP (84 TOAs)...
  [J1614-2230] white noise for Rcvr_800_GUPPI (7768 TOAs)...
  [J1614-2230] white noise for Rcvr_800_GASP (84 TOAs)...
  [J1614-2230] white noise for Rcvr1_2_GUPPI (10509 TOAs)...
  [J1630+3734] zeroing residuals...
  [J1630+3734] adding red noise...
  [J1630+3734] white noise for Rcvr_800_GUPPI (906 TOAs)...
  [J1630+3734] white noise for Rcvr1_2_GUPPI (909 TOAs)...
  [J1640+2224] zeroing residuals...
  [J1640+2224] adding red noise...
  [J1640+2224] white noise for L-wide_ASP (722 TOAs)...
  [J1640+2224] white noise for 430_ASP (340 TOAs)...
  [J1640+2224] white noise for L-wide_PUPPI (9847 TOAs)...
  [J1640+2224] white noise for 430_PUPPI (3157 TOAs)...
  [J1643-1224] zeroing residuals...
  [J1643-1224] adding red noise...
  [J1643-1224] white noise for Rcvr_800_GASP (559 TOAs)...
  [J1643-1224] white noise for Rcvr_800_GUPPI (7734 TOAs)...
  [J1643-1224] white noise for 3GHz_YUPPI (4215 TOAs)...
  [J1643-1224] white noise for Rcvr1_2_GUPPI (8803 TOAs)...
  [J1643-1224] white noise for Rcvr1_2_GASP (833 TOAs)...
  [J1705-1903] zeroing residuals...
  [J1705-1903] adding red noise...
  [J1705-1903] white noise for Rcvr_800_GUPPI (3521 TOAs)...
  [J1705-1903] white noise for Rcvr1_2_GUPPI (6350 TOAs)...
  [J1713+0747] zeroing residuals...
  [J1713+0747] adding red noise...
  [J1713+0747] white noise for L-wide_ASP (843 TOAs)...
  [J1713+0747] white noise for Rcvr_800_GASP (1032 TOAs)...
  [J1713+0747] white noise for Rcvr_800_GUPPI (8479 TOAs)...
  [J1713+0747] white noise for 3GHz_YUPPI (3282 TOAs)...
  [J1713+0747] white noise for Rcvr1_2_GUPPI (22334 TOAs)...
  [J1713+0747] white noise for S-wide_PUPPI (7482 TOAs)...
  [J1713+0747] white noise for 1.5GHz_YUPPI (1461 TOAs)...
  [J1713+0747] white noise for Rcvr1_2_GASP (1109 TOAs)...
  [J1713+0747] white noise for L-wide_PUPPI (12743 TOAs)...
  [J1713+0747] white noise for S-wide_ASP (624 TOAs)...
  [J1719-1438] zeroing residuals...
  [J1719-1438] adding red noise...
  [J1719-1438] white noise for Rcvr_800_GUPPI (3634 TOAs)...
  [J1719-1438] white noise for Rcvr1_2_GUPPI (2722 TOAs)...
  [J1730-2304] zeroing residuals...
  [J1730-2304] adding red noise...
  [J1730-2304] white noise for Rcvr_800_GUPPI (2503 TOAs)...
  [J1730-2304] white noise for Rcvr1_2_GUPPI (2367 TOAs)...
  [J1738+0333] zeroing residuals...
  [J1738+0333] adding red noise...
  [J1738+0333] white noise for L-wide_ASP (201 TOAs)...
  [J1738+0333] white noise for S-wide_PUPPI (1737 TOAs)...
  [J1738+0333] white noise for L-wide_PUPPI (6718 TOAs)...
  [J1738+0333] white noise for S-wide_ASP (134 TOAs)...
  [J1741+1351] zeroing residuals...
  [J1741+1351] adding red noise...
  [J1741+1351] white noise for L-wide_ASP (236 TOAs)...
  [J1741+1351] white noise for 430_ASP (27 TOAs)...
  [J1741+1351] white noise for L-wide_PUPPI (4045 TOAs)...
  [J1741+1351] white noise for S-wide_ASP (115 TOAs)...
  [J1741+1351] white noise for 430_PUPPI (1159 TOAs)...
  [J1744-1134] zeroing residuals...
  [J1744-1134] adding red noise...
  [J1744-1134] white noise for Rcvr1_2_GASP (807 TOAs)...
  [J1744-1134] white noise for Rcvr_800_GUPPI (7899 TOAs)...
  [J1744-1134] white noise for Rcvr_800_GASP (930 TOAs)...
  [J1744-1134] white noise for Rcvr1_2_GUPPI (8109 TOAs)...
  [J1745+1017] zeroing residuals...
  [J1745+1017] adding red noise...
  [J1745+1017] white noise for S-wide_PUPPI (838 TOAs)...
  [J1745+1017] white noise for L-wide_PUPPI (2179 TOAs)...
  [J1747-4036] zeroing residuals...
  [J1747-4036] adding red noise...
  [J1747-4036] white noise for Rcvr_800_GUPPI (5816 TOAs)...
  [J1747-4036] white noise for Rcvr1_2_GUPPI (5239 TOAs)...
  [J1751-2857] zeroing residuals...
  [J1751-2857] adding red noise...
  [J1751-2857] white noise for Rcvr_800_GUPPI (239 TOAs)...
  [J1751-2857] white noise for Rcvr1_2_GUPPI (1786 TOAs)...
  [J1802-2124] zeroing residuals...
  [J1802-2124] adding red noise...
  [J1802-2124] white noise for Rcvr_800_GUPPI (3565 TOAs)...
  [J1802-2124] white noise for Rcvr1_2_GUPPI (3231 TOAs)...
  [J1811-2405] zeroing residuals...
  [J1811-2405] adding red noise...
  [J1811-2405] white noise for Rcvr_800_GUPPI (2628 TOAs)...
  [J1811-2405] white noise for Rcvr1_2_GUPPI (2638 TOAs)...
  [J1832-0836] zeroing residuals...
  [J1832-0836] adding red noise...
  [J1832-0836] white noise for Rcvr_800_GUPPI (3078 TOAs)...
  [J1832-0836] white noise for Rcvr1_2_GUPPI (4661 TOAs)...
  [J1843-1113] zeroing residuals...
  [J1843-1113] adding red noise...
  [J1843-1113] white noise for Rcvr_800_GUPPI (2201 TOAs)...
  [J1843-1113] white noise for Rcvr1_2_GUPPI (2394 TOAs)...
  [J1853+1303] zeroing residuals...
  [J1853+1303] adding red noise...
  [J1853+1303] white noise for L-wide_ASP (33 TOAs)...
  [J1853+1303] white noise for 430_ASP (24 TOAs)...
  [J1853+1303] white noise for L-wide_PUPPI (3362 TOAs)...
  [J1853+1303] white noise for 430_PUPPI (1151 TOAs)...
  [J1903+0327] zeroing residuals...
  [J1903+0327] adding red noise...
  [J1903+0327] white noise for L-wide_ASP (139 TOAs)...
  [J1903+0327] white noise for 3GHz_YUPPI (439 TOAs)...
  [J1903+0327] white noise for S-wide_PUPPI (2282 TOAs)...
  [J1903+0327] white noise for L-wide_PUPPI (3845 TOAs)...
  [J1903+0327] white noise for S-wide_ASP (151 TOAs)...
  [J1909-3744] zeroing residuals...
  [J1909-3744] adding red noise...
  [J1909-3744] white noise for Rcvr_800_GASP (866 TOAs)...
  [J1909-3744] white noise for Rcvr_800_GUPPI (9399 TOAs)...
  [J1909-3744] white noise for 3GHz_YUPPI (3525 TOAs)...
  [J1909-3744] white noise for Rcvr1_2_GUPPI (20439 TOAs)...
  [J1909-3744] white noise for Rcvr1_2_GASP (808 TOAs)...
  [J1910+1256] zeroing residuals...
  [J1910+1256] adding red noise...
  [J1910+1256] white noise for L-wide_ASP (297 TOAs)...
  [J1910+1256] white noise for S-wide_PUPPI (1857 TOAs)...
  [J1910+1256] white noise for L-wide_PUPPI (4124 TOAs)...
  [J1910+1256] white noise for S-wide_ASP (208 TOAs)...
  [J1911+1347] zeroing residuals...
  [J1911+1347] adding red noise...
  [J1911+1347] white noise for L-wide_PUPPI (3033 TOAs)...
  [J1911+1347] white noise for 430_PUPPI (753 TOAs)...
  [J1918-0642] zeroing residuals...
  [J1918-0642] adding red noise...
  [J1918-0642] white noise for Rcvr1_2_GASP (778 TOAs)...
  [J1918-0642] white noise for Rcvr_800_GUPPI (8352 TOAs)...
  [J1918-0642] white noise for Rcvr_800_GASP (835 TOAs)...
  [J1918-0642] white noise for Rcvr1_2_GUPPI (8910 TOAs)...
  [J1923+2515] zeroing residuals...
  [J1923+2515] adding red noise...
  [J1923+2515] white noise for L-wide_ASP (14 TOAs)...
  [J1923+2515] white noise for 430_ASP (10 TOAs)...
  [J1923+2515] white noise for L-wide_PUPPI (3028 TOAs)...
  [J1923+2515] white noise for 430_PUPPI (922 TOAs)...
  [J1944+0907] zeroing residuals...
  [J1944+0907] adding red noise...
  [J1944+0907] white noise for L-wide_ASP (257 TOAs)...
  [J1944+0907] white noise for 430_ASP (38 TOAs)...
  [J1944+0907] white noise for L-wide_PUPPI (3900 TOAs)...
  [J1944+0907] white noise for S-wide_ASP (116 TOAs)...
  [J1944+0907] white noise for 430_PUPPI (1017 TOAs)...
  [J1946+3417] zeroing residuals...
  [J1946+3417] adding red noise...
  [J1946+3417] white noise for S-wide_PUPPI (1546 TOAs)...
  [J1946+3417] white noise for L-wide_PUPPI (3197 TOAs)...
  [J2010-1323] zeroing residuals...
  [J2010-1323] adding red noise...
  [J2010-1323] white noise for Rcvr1_2_GASP (70 TOAs)...
  [J2010-1323] white noise for Rcvr_800_GUPPI (9158 TOAs)...
  [J2010-1323] white noise for Rcvr_800_GASP (70 TOAs)...
  [J2010-1323] white noise for Rcvr1_2_GUPPI (7779 TOAs)...
  [J2017+0603] zeroing residuals...
  [J2017+0603] adding red noise...
  [J2017+0603] white noise for L-wide_ASP (16 TOAs)...
  [J2017+0603] white noise for S-wide_PUPPI (849 TOAs)...
  [J2017+0603] white noise for L-wide_PUPPI (2569 TOAs)...
  [J2017+0603] white noise for 430_PUPPI (78 TOAs)...
  [J2033+1734] zeroing residuals...
  [J2033+1734] adding red noise...
  [J2033+1734] white noise for L-wide_PUPPI (3050 TOAs)...
  [J2033+1734] white noise for 430_PUPPI (797 TOAs)...
  [J2043+1711] zeroing residuals...
  [J2043+1711] adding red noise...
  [J2043+1711] white noise for L-wide_ASP (40 TOAs)...
  [J2043+1711] white noise for 430_ASP (30 TOAs)...
  [J2043+1711] white noise for L-wide_PUPPI (4419 TOAs)...
  [J2043+1711] white noise for 430_PUPPI (2908 TOAs)...
  [J2124-3358] zeroing residuals...
  [J2124-3358] adding red noise...
  [J2124-3358] white noise for Rcvr_800_GUPPI (2025 TOAs)...
  [J2124-3358] white noise for Rcvr1_2_GUPPI (2957 TOAs)...
  [J2145-0750] zeroing residuals...
  [J2145-0750] adding red noise...
  [J2145-0750] white noise for Rcvr1_2_GASP (427 TOAs)...
  [J2145-0750] white noise for Rcvr_800_GUPPI (8728 TOAs)...
  [J2145-0750] white noise for Rcvr_800_GASP (362 TOAs)...
  [J2145-0750] white noise for Rcvr1_2_GUPPI (9158 TOAs)...
  [J2214+3000] zeroing residuals...
  [J2214+3000] adding red noise...
  [J2214+3000] white noise for L-wide_ASP (9 TOAs)...
  [J2214+3000] white noise for S-wide_PUPPI (1568 TOAs)...
  [J2214+3000] white noise for L-wide_PUPPI (5829 TOAs)...
  [J2229+2643] zeroing residuals...
  [J2229+2643] adding red noise...
  [J2229+2643] white noise for L-wide_PUPPI (2755 TOAs)...
  [J2229+2643] white noise for 430_PUPPI (956 TOAs)...
  [J2234+0611] zeroing residuals...
  [J2234+0611] adding red noise...
  [J2234+0611] white noise for L-wide_PUPPI (2913 TOAs)...
  [J2234+0611] white noise for 430_PUPPI (653 TOAs)...
  [J2234+0944] zeroing residuals...
  [J2234+0944] adding red noise...
  [J2234+0944] white noise for S-wide_PUPPI (2532 TOAs)...
  [J2234+0944] white noise for L-wide_PUPPI (5003 TOAs)...
  [J2302+4442] zeroing residuals...
  [J2302+4442] adding red noise...
  [J2302+4442] white noise for Rcvr_800_GUPPI (6432 TOAs)...
  [J2302+4442] white noise for Rcvr1_2_GUPPI (3779 TOAs)...
  [J2317+1439] zeroing residuals...
  [J2317+1439] adding red noise...
  [J2317+1439] white noise for 430_ASP (458 TOAs)...
  [J2317+1439] white noise for 327_ASP (413 TOAs)...
  [J2317+1439] white noise for L-wide_PUPPI (9563 TOAs)...
  [J2317+1439] white noise for 327_PUPPI (276 TOAs)...
  [J2317+1439] white noise for 430_PUPPI (3217 TOAs)...
  [J2322+2057] zeroing residuals...
  [J2322+2057] adding red noise...
  [J2322+2057] white noise for S-wide_PUPPI (140 TOAs)...
  [J2322+2057] white noise for L-wide_PUPPI (2196 TOAs)...
  [J2322+2057] white noise for 430_PUPPI (752 TOAs)...
Resetting pulsars to clean stoas...
Restore: 0.01 s
Inject: 0.00 s
Snapshotting into enterprise Pulsar objects...
Building PTA...
PTA build: 488.18 s
Computing optimal statistic...
OS time: 109.08 s
Total: 597.27 s
Noise-only SNR baseline: 0.1151

Generating SNR-consistent population...
Target SNR: 4.0
Resetting pulsars to clean stoas...
Restore: 0.01 s
Injecting population...
  B1855+09: RMS = 7540.167 ns
  B1937+21: RMS = 6673.965 ns
  B1953+29: RMS = 6591.685 ns
  J0023+0923: RMS = 3015.745 ns
  J0030+0451: RMS = 3840.237 ns
  J0340+4130: RMS = 5676.853 ns
  J0406+3039: RMS = 3380.283 ns
  J0437-4715: RMS = 867.087 ns
  J0509+0856: RMS = 707.001 ns
  J0557+1551: RMS = 1917.110 ns
  J0605+3757: RMS = 1205.688 ns
  J0610-2100: RMS = 1255.188 ns
  J0613-0200: RMS = 4874.546 ns
  J0636+5128: RMS = 2443.374 ns
  J0645+5158: RMS = 3129.251 ns
  J0709+0458: RMS = 2335.251 ns
  J0740+6620: RMS = 3740.979 ns
  J0931-1902: RMS = 1561.103 ns
  J1012+5307: RMS = 4147.418 ns
  J1012-4235: RMS = 1759.450 ns
  J1022+1001: RMS = 1626.452 ns
  J1024-0719: RMS = 2983.908 ns
  J1125+7819: RMS = 2868.560 ns
  J1312+0051: RMS = 3682.026 ns
  J1453+1902: RMS = 4013.451 ns
  J1455-3330: RMS = 3552.850 ns
  J1600-3053: RMS = 3585.843 ns
  J1614-2230: RMS = 4161.205 ns
  J1630+3734: RMS = 964.447 ns
  J1640+2224: RMS = 2909.687 ns
  J1643-1224: RMS = 3817.124 ns
  J1705-1903: RMS = 2521.611 ns
  J1713+0747: RMS = 4428.821 ns
  J1719-1438: RMS = 2301.038 ns
  J1730-2304: RMS = 2140.155 ns
  J1738+0333: RMS = 4516.028 ns
  J1741+1351: RMS = 5726.818 ns
  J1744-1134: RMS = 3855.464 ns
  J1745+1017: RMS = 2022.147 ns
  J1747-4036: RMS = 1853.716 ns
  J1751-2857: RMS = 1942.254 ns
  J1802-2124: RMS = 1768.516 ns
  J1811-2405: RMS = 1124.920 ns
  J1832-0836: RMS = 2221.906 ns
  J1843-1113: RMS = 1362.823 ns
  J1853+1303: RMS = 7710.547 ns
  J1903+0327: RMS = 6280.888 ns
  J1909-3744: RMS = 3005.814 ns
  J1910+1256: RMS = 7313.610 ns
  J1911+1347: RMS = 6048.615 ns
  J1918-0642: RMS = 3882.645 ns
  J1923+2515: RMS = 7189.656 ns
  J1944+0907: RMS = 6885.848 ns
  J1946+3417: RMS = 2659.257 ns
  J2010-1323: RMS = 3452.458 ns
  J2017+0603: RMS = 6316.243 ns
  J2033+1734: RMS = 2851.923 ns
  J2043+1711: RMS = 5537.249 ns
  J2124-3358: RMS = 852.072 ns
  J2145-0750: RMS = 2328.718 ns
  J2214+3000: RMS = 3182.618 ns
  J2229+2643: RMS = 2411.461 ns
  J2234+0611: RMS = 2116.434 ns
  J2234+0944: RMS = 2460.241 ns
  J2302+4442: RMS = 3917.148 ns
  J2317+1439: RMS = 5470.231 ns
  J2322+2057: RMS = 1275.255 ns
Inject: 0.68 s
Snapshotting into enterprise Pulsar objects...
Building PTA...
PTA build: 485.28 s
Computing optimal statistic...
OS time: 76.99 s
Total: 562.95 s
Initial SNR: 97.1112, Target SNR: 4.0000
  Initial SNR 97.1112 outside of provided SNR_range [3.5, 4.25] — rescaling.
Scaling distances by factor 4.9967 to achieve target SNR...
Resetting pulsars to clean stoas...
Restore: 0.01 s
Injecting population...
  B1855+09: RMS = 1509.024 ns
  B1937+21: RMS = 1335.670 ns
  B1953+29: RMS = 1319.203 ns
  J0023+0923: RMS = 603.545 ns
  J0030+0451: RMS = 768.552 ns
  J0340+4130: RMS = 1136.116 ns
  J0406+3039: RMS = 676.501 ns
  J0437-4715: RMS = 173.531 ns
  J0509+0856: RMS = 141.493 ns
  J0557+1551: RMS = 383.674 ns
  J0605+3757: RMS = 241.296 ns
  J0610-2100: RMS = 251.203 ns
  J0613-0200: RMS = 975.549 ns
  J0636+5128: RMS = 488.996 ns
  J0645+5158: RMS = 626.261 ns
  J0709+0458: RMS = 467.357 ns
  J0740+6620: RMS = 748.687 ns
  J0931-1902: RMS = 312.426 ns
  J1012+5307: RMS = 830.028 ns
  J1012-4235: RMS = 352.121 ns
  J1022+1001: RMS = 325.504 ns
  J1024-0719: RMS = 597.173 ns
  J1125+7819: RMS = 574.089 ns
  J1312+0051: RMS = 736.889 ns
  J1453+1902: RMS = 803.217 ns
  J1455-3330: RMS = 711.037 ns
  J1600-3053: RMS = 717.640 ns
  J1614-2230: RMS = 832.788 ns
  J1630+3734: RMS = 193.016 ns
  J1640+2224: RMS = 582.320 ns
  J1643-1224: RMS = 763.926 ns
  J1705-1903: RMS = 504.653 ns
  J1713+0747: RMS = 886.346 ns
  J1719-1438: RMS = 460.510 ns
  J1730-2304: RMS = 428.312 ns
  J1738+0333: RMS = 903.799 ns
  J1741+1351: RMS = 1146.116 ns
  J1744-1134: RMS = 771.599 ns
  J1745+1017: RMS = 404.695 ns
  J1747-4036: RMS = 370.987 ns
  J1751-2857: RMS = 388.706 ns
  J1802-2124: RMS = 353.935 ns
  J1811-2405: RMS = 225.132 ns
  J1832-0836: RMS = 444.673 ns
  J1843-1113: RMS = 272.744 ns
  J1853+1303: RMS = 1543.122 ns
  J1903+0327: RMS = 1257.003 ns
  J1909-3744: RMS = 601.558 ns
  J1910+1256: RMS = 1463.682 ns
  J1911+1347: RMS = 1210.517 ns
  J1918-0642: RMS = 777.039 ns
  J1923+2515: RMS = 1438.876 ns
  J1944+0907: RMS = 1378.074 ns
  J1946+3417: RMS = 532.201 ns
  J2010-1323: RMS = 690.945 ns
  J2017+0603: RMS = 1264.078 ns
  J2033+1734: RMS = 570.759 ns
  J2043+1711: RMS = 1108.177 ns
  J2124-3358: RMS = 170.526 ns
  J2145-0750: RMS = 466.050 ns
  J2214+3000: RMS = 636.942 ns
  J2229+2643: RMS = 482.609 ns
  J2234+0611: RMS = 423.565 ns
  J2234+0944: RMS = 492.371 ns
  J2302+4442: RMS = 783.944 ns
  J2317+1439: RMS = 1094.765 ns
  J2322+2057: RMS = 255.219 ns
Inject: 0.76 s
Snapshotting into enterprise Pulsar objects...
Building PTA...
PTA build: 487.33 s
Computing optimal statistic...
OS time: 67.55 s
Total: 555.64 s
  SNR 3.1169 outside of provided SNR_range [3.5, 4.25] — rescaling.
[Iteration 1/4] SNR after scaling: 3.1169 (target: 4.0000)
  SNR history: it0→97.1112@1.0000x, it1→3.1169@4.9967x
  Re-scaling distances by factor 0.4474  (cumulative after: 2.2353×)
Resetting pulsars to clean stoas...
Restore: 0.01 s
Injecting population...
  B1855+09: RMS = 3373.172 ns
  B1937+21: RMS = 2985.668 ns
  B1953+29: RMS = 2948.859 ns
  J0023+0923: RMS = 1349.125 ns
  J0030+0451: RMS = 1717.970 ns
  J0340+4130: RMS = 2539.599 ns
  J0406+3039: RMS = 1512.205 ns
  J0437-4715: RMS = 387.900 ns
  J0509+0856: RMS = 316.284 ns
  J0557+1551: RMS = 857.639 ns
  J0605+3757: RMS = 539.377 ns
  J0610-2100: RMS = 561.522 ns
  J0613-0200: RMS = 2180.679 ns
  J0636+5128: RMS = 1093.069 ns
  J0645+5158: RMS = 1399.903 ns
  J0709+0458: RMS = 1044.699 ns
  J0740+6620: RMS = 1673.566 ns
  J0931-1902: RMS = 698.376 ns
  J1012+5307: RMS = 1855.391 ns
  J1012-4235: RMS = 787.108 ns
  J1022+1001: RMS = 727.610 ns
  J1024-0719: RMS = 1334.882 ns
  J1125+7819: RMS = 1283.280 ns
  J1312+0051: RMS = 1647.192 ns
  J1453+1902: RMS = 1795.459 ns
  J1455-3330: RMS = 1589.404 ns
  J1600-3053: RMS = 1604.164 ns
  J1614-2230: RMS = 1861.559 ns
  J1630+3734: RMS = 431.455 ns
  J1640+2224: RMS = 1301.679 ns
  J1643-1224: RMS = 1707.630 ns
  J1705-1903: RMS = 1128.069 ns
  J1713+0747: RMS = 1981.279 ns
  J1719-1438: RMS = 1029.393 ns
  J1730-2304: RMS = 957.421 ns
  J1738+0333: RMS = 2020.292 ns
  J1741+1351: RMS = 2561.952 ns
  J1744-1134: RMS = 1724.782 ns
  J1745+1017: RMS = 904.629 ns
  J1747-4036: RMS = 829.279 ns
  J1751-2857: RMS = 868.888 ns
  J1802-2124: RMS = 791.164 ns
  J1811-2405: RMS = 503.244 ns
  J1832-0836: RMS = 993.993 ns
  J1843-1113: RMS = 609.673 ns
  J1853+1303: RMS = 3449.394 ns
  J1903+0327: RMS = 2809.821 ns
  J1909-3744: RMS = 1344.682 ns
  J1910+1256: RMS = 3271.819 ns
  J1911+1347: RMS = 2705.911 ns
  J1918-0642: RMS = 1736.942 ns
  J1923+2515: RMS = 3216.368 ns
  J1944+0907: RMS = 3080.456 ns
  J1946+3417: RMS = 1189.646 ns
  J2010-1323: RMS = 1544.493 ns
  J2017+0603: RMS = 2825.637 ns
  J2033+1734: RMS = 1275.837 ns
  J2043+1711: RMS = 2477.146 ns
  J2124-3358: RMS = 381.183 ns
  J2145-0750: RMS = 1041.776 ns
  J2214+3000: RMS = 1423.777 ns
  J2229+2643: RMS = 1078.792 ns
  J2234+0611: RMS = 946.809 ns
  J2234+0944: RMS = 1100.614 ns
  J2302+4442: RMS = 1752.377 ns
  J2317+1439: RMS = 2447.165 ns
  J2322+2057: RMS = 570.499 ns
Inject: 0.72 s
Snapshotting into enterprise Pulsar objects...
Building PTA...
PTA build: 485.71 s
Computing optimal statistic...
OS time: 61.45 s
Total: 547.88 s
  SNR 18.1668 outside of provided SNR_range [3.5, 4.25] — rescaling.
[Iteration 2/4] SNR after scaling: 18.1668 (target: 4.0000)
  SNR history: it0→97.1112@1.0000x, it1→3.1169@4.9967x, it2→18.1668@2.2353x
  Re-scaling distances by factor 1.4951  (cumulative after: 3.3421×)
Resetting pulsars to clean stoas...
Restore: 0.01 s
Injecting population...
  B1855+09: RMS = 2256.146 ns
  B1937+21: RMS = 1996.964 ns
  B1953+29: RMS = 1972.345 ns
  J0023+0923: RMS = 902.362 ns
  J0030+0451: RMS = 1149.064 ns
  J0340+4130: RMS = 1698.611 ns
  J0406+3039: RMS = 1011.438 ns
  J0437-4715: RMS = 259.447 ns
  J0509+0856: RMS = 211.547 ns
  J0557+1551: RMS = 573.632 ns
  J0605+3757: RMS = 360.762 ns
  J0610-2100: RMS = 375.574 ns
  J0613-0200: RMS = 1458.547 ns
  J0636+5128: RMS = 731.099 ns
  J0645+5158: RMS = 936.325 ns
  J0709+0458: RMS = 698.747 ns
  J0740+6620: RMS = 1119.365 ns
  J0931-1902: RMS = 467.109 ns
  J1012+5307: RMS = 1240.978 ns
  J1012-4235: RMS = 526.457 ns
  J1022+1001: RMS = 486.662 ns
  J1024-0719: RMS = 892.836 ns
  J1125+7819: RMS = 858.322 ns
  J1312+0051: RMS = 1101.725 ns
  J1453+1902: RMS = 1200.893 ns
  J1455-3330: RMS = 1063.073 ns
  J1600-3053: RMS = 1072.945 ns
  J1614-2230: RMS = 1245.104 ns
  J1630+3734: RMS = 288.579 ns
  J1640+2224: RMS = 870.628 ns
  J1643-1224: RMS = 1142.149 ns
  J1705-1903: RMS = 754.509 ns
  J1713+0747: RMS = 1325.179 ns
  J1719-1438: RMS = 688.510 ns
  J1730-2304: RMS = 640.371 ns
  J1738+0333: RMS = 1351.273 ns
  J1741+1351: RMS = 1713.562 ns
  J1744-1134: RMS = 1153.620 ns
  J1745+1017: RMS = 605.061 ns
  J1747-4036: RMS = 554.663 ns
  J1751-2857: RMS = 581.156 ns
  J1802-2124: RMS = 529.170 ns
  J1811-2405: RMS = 336.595 ns
  J1832-0836: RMS = 664.832 ns
  J1843-1113: RMS = 407.780 ns
  J1853+1303: RMS = 2307.127 ns
  J1903+0327: RMS = 1879.349 ns
  J1909-3744: RMS = 899.391 ns
  J1910+1256: RMS = 2188.357 ns
  J1911+1347: RMS = 1809.849 ns
  J1918-0642: RMS = 1161.753 ns
  J1923+2515: RMS = 2151.268 ns
  J1944+0907: RMS = 2060.363 ns
  J1946+3417: RMS = 795.695 ns
  J2010-1323: RMS = 1033.034 ns
  J2017+0603: RMS = 1889.927 ns
  J2033+1734: RMS = 853.344 ns
  J2043+1711: RMS = 1656.839 ns
  J2124-3358: RMS = 254.954 ns
  J2145-0750: RMS = 696.792 ns
  J2214+3000: RMS = 952.293 ns
  J2229+2643: RMS = 721.550 ns
  J2234+0611: RMS = 633.273 ns
  J2234+0944: RMS = 736.146 ns
  J2302+4442: RMS = 1172.078 ns
  J2317+1439: RMS = 1636.786 ns
  J2322+2057: RMS = 381.578 ns
Inject: 0.73 s
Snapshotting into enterprise Pulsar objects...
Building PTA...
PTA build: 485.75 s
Computing optimal statistic...
OS time: 63.24 s
Total: 549.72 s
  SNR 7.6473 outside of provided SNR_range [3.5, 4.25] — rescaling.
[Iteration 3/4] SNR after scaling: 7.6473 (target: 4.0000)
  SNR history: it0→97.1112@1.0000x, it1→3.1169@4.9967x, it2→18.1668@2.2353x, it3→7.6473@3.3421x
  Re-scaling distances by factor 1.2227  (cumulative after: 4.0865×)
Resetting pulsars to clean stoas...
Restore: 0.01 s
Injecting population...
  B1855+09: RMS = 1845.150 ns
  B1937+21: RMS = 1633.182 ns
  B1953+29: RMS = 1613.048 ns
  J0023+0923: RMS = 737.981 ns
  J0030+0451: RMS = 939.742 ns
  J0340+4130: RMS = 1389.179 ns
  J0406+3039: RMS = 827.187 ns
  J0437-4715: RMS = 212.184 ns
  J0509+0856: RMS = 173.010 ns
  J0557+1551: RMS = 469.135 ns
  J0605+3757: RMS = 295.043 ns
  J0610-2100: RMS = 307.156 ns
  J0613-0200: RMS = 1192.847 ns
  J0636+5128: RMS = 597.917 ns
  J0645+5158: RMS = 765.757 ns
  J0709+0458: RMS = 571.458 ns
  J0740+6620: RMS = 915.453 ns
  J0931-1902: RMS = 382.017 ns
  J1012+5307: RMS = 1014.912 ns
  J1012-4235: RMS = 430.554 ns
  J1022+1001: RMS = 398.008 ns
  J1024-0719: RMS = 730.190 ns
  J1125+7819: RMS = 701.964 ns
  J1312+0051: RMS = 901.026 ns
  J1453+1902: RMS = 982.129 ns
  J1455-3330: RMS = 869.416 ns
  J1600-3053: RMS = 877.490 ns
  J1614-2230: RMS = 1018.286 ns
  J1630+3734: RMS = 236.009 ns
  J1640+2224: RMS = 712.028 ns
  J1643-1224: RMS = 934.086 ns
  J1705-1903: RMS = 617.062 ns
  J1713+0747: RMS = 1083.774 ns
  J1719-1438: RMS = 563.086 ns
  J1730-2304: RMS = 523.716 ns
  J1738+0333: RMS = 1105.115 ns
  J1741+1351: RMS = 1401.406 ns
  J1744-1134: RMS = 943.468 ns
  J1745+1017: RMS = 494.838 ns
  J1747-4036: RMS = 453.622 ns
  J1751-2857: RMS = 475.288 ns
  J1802-2124: RMS = 432.772 ns
  J1811-2405: RMS = 275.278 ns
  J1832-0836: RMS = 543.721 ns
  J1843-1113: RMS = 333.496 ns
  J1853+1303: RMS = 1886.844 ns
  J1903+0327: RMS = 1536.993 ns
  J1909-3744: RMS = 735.551 ns
  J1910+1256: RMS = 1789.709 ns
  J1911+1347: RMS = 1480.153 ns
  J1918-0642: RMS = 950.120 ns
  J1923+2515: RMS = 1759.377 ns
  J1944+0907: RMS = 1685.032 ns
  J1946+3417: RMS = 650.745 ns
  J2010-1323: RMS = 844.849 ns
  J2017+0603: RMS = 1545.644 ns
  J2033+1734: RMS = 697.892 ns
  J2043+1711: RMS = 1355.017 ns
  J2124-3358: RMS = 208.510 ns
  J2145-0750: RMS = 569.859 ns
  J2214+3000: RMS = 778.817 ns
  J2229+2643: RMS = 590.107 ns
  J2234+0611: RMS = 517.911 ns
  J2234+0944: RMS = 602.044 ns
  J2302+4442: RMS = 958.563 ns
  J2317+1439: RMS = 1338.617 ns
  J2322+2057: RMS = 312.067 ns
Inject: 0.70 s
Snapshotting into enterprise Pulsar objects...
Building PTA...
PTA build: 486.09 s
Computing optimal statistic...
OS time: 59.55 s
Total: 546.35 s
  SNR 4.9059 outside of provided SNR_range [3.5, 4.25] — rescaling.
[Iteration 4/4] SNR after scaling: 4.9059 (target: 4.0000)
  SNR history: it0→97.1112@1.0000x, it1→3.1169@4.9967x, it2→18.1668@2.2353x, it3→7.6473@3.3421x, it4→4.9059@4.0865x

Final SNR history:
  it 0: cumulative_scale=1.0000×  SNR=97.1112
  it 1: cumulative_scale=4.9967×  SNR=3.1169
  it 2: cumulative_scale=2.2353×  SNR=18.1668
  it 3: cumulative_scale=3.3421×  SNR=7.6473
  it 4: cumulative_scale=4.0865×  SNR=4.9059
✓ Simulation 1 done (2764.5 s)

======================================================================
ENSEMBLE SUMMARY
======================================================================
Success rate: 100.0% (1/1)

Binaries per population:
  Mean ± std : 500 ± 0
  Range      : [500, 500]

SNR achieved:
  Mean ± std : 4.9059 ± 0.0000
  Range      : [4.9059, 4.9059]

Total time: 3409.6 s (56.8 min)
======================================================================

💾 Saved: data/2026-04-29/optimistic_run_244/consistent_population_optimistic_targetSNR4.25_sims1.json
💾 Saved compressed pickle: data/2026-04-29/optimistic_run_244/consistent_population_optimistic_targetSNR4.25_sims1.pkl.gz

======================================================================
CONTINUOUS WAVE SNR ANALYSIS
======================================================================

--- Population 1 ---
Precomputation of phiinvs, TNTs, Ts, Nvecs, Sigmas took 0.04 seconds.
Total SNR computation for population took 234.72 seconds.
Top 50 CGW candidates:
   1. proxy_rank=   2  sky_w=1.37  f=5.12e-09 Hz  Mc=7.12e+10 Msun  h0=2.05e-14  SNR=27.044
   2. proxy_rank=   8  sky_w=0.83  f=7.99e-09 Hz  Mc=3.88e+10 Msun  h0=1.30e-14  SNR=7.495
   3. proxy_rank=   6  sky_w=0.92  f=3.52e-09 Hz  Mc=4.51e+10 Msun  h0=7.84e-15  SNR=5.967
   4. proxy_rank=   1  sky_w=1.44  f=2.17e-09 Hz  Mc=7.27e+10 Msun  h0=1.39e-14  SNR=5.188
   5. proxy_rank=   5  sky_w=0.50  f=3.34e-09 Hz  Mc=6.57e+10 Msun  h0=1.50e-14  SNR=4.477
   6. proxy_rank=  24  sky_w=1.08  f=6.23e-09 Hz  Mc=1.41e+10 Msun  h0=1.81e-15  SNR=2.530
   7. proxy_rank=  14  sky_w=0.58  f=5.12e-09 Hz  Mc=2.99e+10 Msun  h0=6.13e-15  SNR=2.529
   8. proxy_rank=  17  sky_w=0.59  f=3.78e-09 Hz  Mc=2.97e+10 Msun  h0=4.20e-15  SNR=2.213
   9. proxy_rank=   3  sky_w=1.52  f=2.26e-09 Hz  Mc=4.08e+10 Msun  h0=5.06e-15  SNR=2.080
  10. proxy_rank=  11  sky_w=0.60  f=2.66e-09 Hz  Mc=3.49e+10 Msun  h0=4.37e-15  SNR=1.645
  11. proxy_rank=   4  sky_w=1.58  f=2.07e-09 Hz  Mc=3.54e+10 Msun  h0=3.71e-15  SNR=1.641
  12. proxy_rank=  23  sky_w=1.61  f=3.88e-09 Hz  Mc=1.15e+10 Msun  h0=8.31e-16  SNR=1.113
  13. proxy_rank=  16  sky_w=1.11  f=3.35e-09 Hz  Mc=1.84e+10 Msun  h0=2.01e-15  SNR=1.049
  14. proxy_rank=  12  sky_w=1.22  f=2.56e-09 Hz  Mc=1.97e+10 Msun  h0=1.70e-15  SNR=0.921
  15. proxy_rank=   7  sky_w=0.84  f=2.19e-09 Hz  Mc=3.53e+10 Msun  h0=3.76e-15  SNR=0.828
  16. proxy_rank=  25  sky_w=1.05  f=3.56e-09 Hz  Mc=1.37e+10 Msun  h0=1.02e-15  SNR=0.820
  17. proxy_rank=  13  sky_w=0.56  f=2.02e-09 Hz  Mc=3.16e+10 Msun  h0=2.91e-15  SNR=0.743
  18. proxy_rank=  18  sky_w=1.61  f=2.41e-09 Hz  Mc=1.19e+10 Msun  h0=9.65e-16  SNR=0.730
  19. proxy_rank=  35  sky_w=0.80  f=1.16e-08 Hz  Mc=1.20e+10 Msun  h0=1.94e-15  SNR=0.675
  20. proxy_rank=   9  sky_w=0.49  f=2.60e-09 Hz  Mc=3.84e+10 Msun  h0=5.28e-15  SNR=0.610
  21. proxy_rank=  22  sky_w=1.38  f=4.50e-09 Hz  Mc=1.20e+10 Msun  h0=1.15e-15  SNR=0.579
  22. proxy_rank=  10  sky_w=1.53  f=2.16e-09 Hz  Mc=2.02e+10 Msun  h0=1.40e-15  SNR=0.537
  23. proxy_rank=  15  sky_w=0.79  f=2.56e-09 Hz  Mc=2.10e+10 Msun  h0=2.17e-15  SNR=0.480
  24. proxy_rank=  48  sky_w=1.01  f=7.42e-09 Hz  Mc=5.16e+09 Msun  h0=5.51e-16  SNR=0.446
  25. proxy_rank=  20  sky_w=0.55  f=2.34e-09 Hz  Mc=2.32e+10 Msun  h0=1.86e-15  SNR=0.438
  26. proxy_rank=  27  sky_w=0.63  f=2.94e-09 Hz  Mc=1.09e+10 Msun  h0=1.28e-15  SNR=0.370
  27. proxy_rank=  19  sky_w=1.06  f=2.35e-09 Hz  Mc=1.48e+10 Msun  h0=1.01e-15  SNR=0.285
  28. proxy_rank=  21  sky_w=1.39  f=2.12e-09 Hz  Mc=1.20e+10 Msun  h0=5.84e-16  SNR=0.254
  29. proxy_rank=  30  sky_w=1.11  f=2.73e-09 Hz  Mc=8.83e+09 Msun  h0=5.73e-16  SNR=0.233
  30. proxy_rank=  37  sky_w=0.98  f=2.66e-09 Hz  Mc=7.81e+09 Msun  h0=3.58e-16  SNR=0.206
  31. proxy_rank=  31  sky_w=0.96  f=2.59e-09 Hz  Mc=9.72e+09 Msun  h0=6.19e-16  SNR=0.196
  32. proxy_rank=  63  sky_w=0.94  f=8.87e-09 Hz  Mc=2.98e+09 Msun  h0=1.57e-16  SNR=0.178
  33. proxy_rank=  29  sky_w=1.36  f=2.05e-09 Hz  Mc=8.96e+09 Msun  h0=3.52e-16  SNR=0.175
  34. proxy_rank=  45  sky_w=1.59  f=3.94e-09 Hz  Mc=5.65e+09 Msun  h0=2.51e-16  SNR=0.173
  35. proxy_rank=  26  sky_w=0.64  f=1.98e-09 Hz  Mc=1.52e+10 Msun  h0=8.64e-16  SNR=0.172
  36. proxy_rank=  41  sky_w=0.57  f=2.65e-09 Hz  Mc=8.47e+09 Msun  h0=4.98e-16  SNR=0.145
  37. proxy_rank=  52  sky_w=1.62  f=4.61e-09 Hz  Mc=3.39e+09 Msun  h0=1.23e-16  SNR=0.145
  38. proxy_rank=  33  sky_w=0.81  f=2.15e-09 Hz  Mc=1.02e+10 Msun  h0=4.48e-16  SNR=0.136
  39. proxy_rank=  44  sky_w=1.58  f=2.48e-09 Hz  Mc=5.12e+09 Msun  h0=1.62e-16  SNR=0.131
  40. proxy_rank=  43  sky_w=1.05  f=3.63e-09 Hz  Mc=6.77e+09 Msun  h0=3.65e-16  SNR=0.129
  41. proxy_rank=  38  sky_w=0.78  f=2.23e-09 Hz  Mc=4.96e+09 Msun  h0=3.37e-16  SNR=0.110
  42. proxy_rank=  36  sky_w=1.49  f=2.25e-09 Hz  Mc=6.20e+09 Msun  h0=2.00e-16  SNR=0.108
  43. proxy_rank=  34  sky_w=0.94  f=1.99e-09 Hz  Mc=8.29e+09 Msun  h0=3.14e-16  SNR=0.101
  44. proxy_rank=  28  sky_w=1.54  f=2.04e-09 Hz  Mc=9.04e+09 Msun  h0=3.53e-16  SNR=0.094
  45. proxy_rank=  40  sky_w=1.60  f=2.08e-09 Hz  Mc=4.94e+09 Msun  h0=1.39e-16  SNR=0.089
  46. proxy_rank=  39  sky_w=0.72  f=2.51e-09 Hz  Mc=8.41e+09 Msun  h0=3.82e-16  SNR=0.075
  47. proxy_rank=  42  sky_w=0.81  f=2.28e-09 Hz  Mc=7.23e+09 Msun  h0=2.99e-16  SNR=0.071
  48. proxy_rank=  64  sky_w=1.28  f=4.85e-09 Hz  Mc=2.18e+09 Msun  h0=5.99e-17  SNR=0.065
  49. proxy_rank=  49  sky_w=1.00  f=2.26e-09 Hz  Mc=4.84e+09 Msun  h0=1.51e-16  SNR=0.059
  50. proxy_rank=  32  sky_w=1.12  f=2.06e-09 Hz  Mc=8.38e+09 Msun  h0=3.26e-16  SNR=0.054
💾 Saved: data/2026-04-29/optimistic_run_244/consistent_population_optimistic_targetSNR4.25_sims1.json
💾 Saved compressed pickle: data/2026-04-29/optimistic_run_244/consistent_population_optimistic_targetSNR4.25_sims1.pkl.gz
Saved to figures/cgw_analysis_optimistic.pdf

======================================================================
ANALYSIS COMPLETE
Results saved to: data/2026-04-29/optimistic_run_244
======================================================================

==========================================
Job finished at: Wed Apr 29 15:33:58 AEST 2026
Exit code: 0
==========================================

+------------------ Job Report: 11740357 (COMPLETED) ------------------+
| Memory (RAM)  [################### ] 96.2% (32.7 GB peak / 34 GB)    |
| CPU           [#################   ] 85.3% average                   |
| Time          [--------------->    ] 79.2% (0-01:03:22 / 0-01:20:00) |
|                                                                      |
| Lustre Filesystem:                                                   |
|   Path    Total Read    Total Write    Total IOPS                    |
|   ------  ------------  -------------  ------------                  |
|   /apps   0 B           0 B            904                           |
|   /fred   317.9 MB      326.9 KB       131                           |
|   /home   37.2 MB       0 B            3 K                           |
|   OS      0 B           0 B            2                             |
+----------------------------------------------------------------------+
