==========================================
Job ID: 11780321
Job Name: smbhb_optimistic
Node: gina11
Start Time: Fri May  1 16:42:23 AEST 2026
==========================================

/home/bhoulden/.conda/envs/smbhb312/share/tempo2
Working directory: /fred/oz005/users/bhoulden/SMBHB_population_injections

Loaded modules:

Starting SMBHB analysis...
==========================================

📁 Save directory: data/2026-05-01/optimistic_run_82
📝 Run name: optimistic_run_82

[MEM] Start: 244.1 MB

📡 Loading pulsars...
======================================================================
LOADING NANOGRAV PULSARS (libstempo)
======================================================================

📦 Loading from cache: nanograv_pulsars_cache.pkl
⚠ Cache load failed: Ran out of input
[DEBUG] Found 76 .par files
[tempo2Util.C:396] Warning: [MISC1] Unknown parameter in par file:  DMDATA
[tempo2Util.C:401] Warning: [DUP1] duplicated warnings have been suppressed.

WARNING: Using tempo RNAMP parameter: setting TNRedC to 100!
[observatory.C:271] Warning: Assuming site 'arecibo' means 'ao'
✓ Loaded B1855+09 (7758 TOAs)

WARNING: Using tempo RNAMP parameter: setting TNRedC to 100!
✓ Loaded B1937+21 (23023 TOAs)

WARNING: Using tempo RNAMP parameter: setting TNRedC to 100!
✓ Loaded B1937+21ao (7241 TOAs)

WARNING: Using tempo RNAMP parameter: setting TNRedC to 100!
✓ Loaded B1937+21gbt (16048 TOAs)

WARNING: Using tempo RNAMP parameter: setting TNRedC to 100!
✓ Loaded B1953+29 (5126 TOAs)
✓ Loaded J0023+0923 (15896 TOAs)

WARNING: Using tempo RNAMP parameter: setting TNRedC to 100!
✓ Loaded J0030+0451 (19571 TOAs)
✓ Loaded J0340+4130 (11093 TOAs)
✓ Loaded J0406+3039 (2446 TOAs)

WARNING: Using tempo RNAMP parameter: setting TNRedC to 100!
✓ Loaded J0437-4715 (5830 TOAs)
✓ Loaded J0509+0856 (2169 TOAs)
✓ Loaded J0557+1551 (525 TOAs)
✓ Loaded J0605+3757 (554 TOAs)

WARNING: Using tempo RNAMP parameter: setting TNRedC to 100!
✓ Loaded J0610-2100 (4885 TOAs)

WARNING: Using tempo RNAMP parameter: setting TNRedC to 100!
✓ Loaded J0613-0200 (17124 TOAs)
✓ Loaded J0614-3329 (1714 TOAs)
✓ Loaded J0636+5128 (32222 TOAs)
✓ Loaded J0645+5158 (10403 TOAs)
✓ Loaded J0709+0458 (3030 TOAs)
✓ Loaded J0740+6620 (13401 TOAs)
✓ Loaded J0931-1902 (5473 TOAs)

WARNING: Using tempo RNAMP parameter: setting TNRedC to 100!
✓ Loaded J1012+5307 (25837 TOAs)
✓ Loaded J1012-4235 (797 TOAs)
✓ Loaded J1022+1001 (3978 TOAs)
✓ Loaded J1024-0719 (12635 TOAs)
✓ Loaded J1125+7819 (8723 TOAs)
✓ Loaded J1312+0051 (1705 TOAs)
✓ Loaded J1453+1902 (2551 TOAs)
✓ Loaded J1455-3330 (10818 TOAs)

WARNING: Using tempo RNAMP parameter: setting TNRedC to 100!
✓ Loaded J1600-3053 (22955 TOAs)

WARNING: Using tempo RNAMP parameter: setting TNRedC to 100!
✓ Loaded J1600-3053gbt (19725 TOAs)

WARNING: Using tempo RNAMP parameter: setting TNRedC to 100!
✓ Loaded J1614-2230 (18445 TOAs)
✓ Loaded J1630+3734 (1815 TOAs)
✓ Loaded J1640+2224 (14066 TOAs)

WARNING: Using tempo RNAMP parameter: setting TNRedC to 100!
✓ Loaded J1643-1224 (22144 TOAs)

WARNING: Using tempo RNAMP parameter: setting TNRedC to 100!
✓ Loaded J1643-1224gbt (17932 TOAs)

WARNING: Using tempo RNAMP parameter: setting TNRedC to 100!
✓ Loaded J1705-1903 (9871 TOAs)

WARNING: Using tempo RNAMP parameter: setting TNRedC to 100!
✓ Loaded J1713+0747 (59389 TOAs)

WARNING: Using tempo RNAMP parameter: setting TNRedC to 100!
✓ Loaded J1713+0747ao (21362 TOAs)

WARNING: Using tempo RNAMP parameter: setting TNRedC to 100!
✓ Loaded J1713+0747gbt (32963 TOAs)
✓ Loaded J1719-1438 (6356 TOAs)
✓ Loaded J1730-2304 (4870 TOAs)
✓ Loaded J1738+0333 (8790 TOAs)
✓ Loaded J1741+1351 (5582 TOAs)

WARNING: Using tempo RNAMP parameter: setting TNRedC to 100!
✓ Loaded J1744-1134 (17745 TOAs)

WARNING: Using tempo RNAMP parameter: setting TNRedC to 100!
✓ Loaded J1745+1017 (3017 TOAs)

WARNING: Using tempo RNAMP parameter: setting TNRedC to 100!
✓ Loaded J1747-4036 (11055 TOAs)
✓ Loaded J1751-2857 (2025 TOAs)

WARNING: Using tempo RNAMP parameter: setting TNRedC to 100!
✓ Loaded J1802-2124 (6796 TOAs)
✓ Loaded J1811-2405 (5266 TOAs)
✓ Loaded J1832-0836 (7739 TOAs)
✓ Loaded J1843-1113 (4595 TOAs)

WARNING: Using tempo RNAMP parameter: setting TNRedC to 100!
✓ Loaded J1853+1303 (4570 TOAs)

WARNING: Using tempo RNAMP parameter: setting TNRedC to 100!
✓ Loaded J1903+0327 (6856 TOAs)

WARNING: Using tempo RNAMP parameter: setting TNRedC to 100!
✓ Loaded J1903+0327ao (6423 TOAs)

WARNING: Using tempo RNAMP parameter: setting TNRedC to 100!
✓ Loaded J1909-3744 (35037 TOAs)

WARNING: Using tempo RNAMP parameter: setting TNRedC to 100!
✓ Loaded J1909-3744gbt (31526 TOAs)
✓ Loaded J1910+1256 (6486 TOAs)
✓ Loaded J1911+1347 (3786 TOAs)
✓ Loaded J1918-0642 (18875 TOAs)
✓ Loaded J1923+2515 (3974 TOAs)
✓ Loaded J1944+0907 (5328 TOAs)

WARNING: Using tempo RNAMP parameter: setting TNRedC to 100!
✓ Loaded J1946+3417 (4743 TOAs)
✓ Loaded J2010-1323 (17077 TOAs)
✓ Loaded J2017+0603 (3512 TOAs)
✓ Loaded J2033+1734 (3847 TOAs)
✓ Loaded J2043+1711 (7397 TOAs)
✓ Loaded J2124-3358 (4982 TOAs)

WARNING: Using tempo RNAMP parameter: setting TNRedC to 100!
✓ Loaded J2145-0750 (18675 TOAs)
✓ Loaded J2214+3000 (7406 TOAs)
✓ Loaded J2229+2643 (3711 TOAs)

WARNING: Using tempo RNAMP parameter: setting TNRedC to 100!
✓ Loaded J2234+0611 (3566 TOAs)
✓ Loaded J2234+0944 (7535 TOAs)
✓ Loaded J2302+4442 (10211 TOAs)
✓ Loaded J2317+1439 (13927 TOAs)
✓ Loaded J2322+2057 (3088 TOAs)
⚠ Could not save cache: no default __reduce__ due to non-trivial __cinit__

✓ Loaded 76 pulsars
✗ Failed: 0 — []
[MEM] After loading pulsars: 8875.6 MB

🔍 Filtering pulsars...

Filtered: 76 → 67 pulsars
[MEM] After filtering pulsars: 8878.4 MB
[MEM] After garbage collection: 8878.4 MB

======================================================================
SMBHB POPULATION ANALYSIS
======================================================================

Configuration: optimistic
  Larger mass, higher spread in distance, small population
  N_binaries: 500

======================================================================
CONSISTENT POPULATION SYNTHESIS
======================================================================

======================================================================
GENERATING SNR-CONSISTENT POPULATIONS
======================================================================
Target SNR:          4.0
Simulations:         1
======================================================================


──────────────────────────────────────────────────────────────────────
SIMULATION 1/1
──────────────────────────────────────────────────────────────────────
  [B1855+09] zeroing residuals...
  [B1855+09] adding red noise...
  [B1855+09] white noise for 430_PUPPI (1185 TOAs)...
  [B1855+09] white noise for 430_ASP (390 TOAs)...
  [B1855+09] white noise for L-wide_PUPPI (5005 TOAs)...
  [B1855+09] white noise for L-wide_ASP (1178 TOAs)...
  [B1937+21] zeroing residuals...
  [B1937+21] adding red noise...
  [B1937+21] white noise for S-wide_PUPPI (2251 TOAs)...
  [B1937+21] white noise for L-wide_ASP (452 TOAs)...
  [B1937+21] white noise for L-wide_PUPPI (4133 TOAs)...
  [B1937+21] white noise for S-wide_ASP (344 TOAs)...
  [B1937+21] white noise for Rcvr_800_GUPPI (7140 TOAs)...
  [B1937+21] white noise for Rcvr_800_GASP (586 TOAs)...
  [B1937+21] white noise for Rcvr1_2_GASP (1069 TOAs)...
  [B1937+21] white noise for Rcvr1_2_GUPPI (7048 TOAs)...
  [B1953+29] zeroing residuals...
  [B1953+29] adding red noise...
  [B1953+29] white noise for L-wide_ASP (94 TOAs)...
  [B1953+29] white noise for L-wide_PUPPI (4037 TOAs)...
  [B1953+29] white noise for S-wide_ASP (25 TOAs)...
  [B1953+29] white noise for 430_PUPPI (941 TOAs)...
  [B1953+29] white noise for 430_ASP (29 TOAs)...
  [J0023+0923] zeroing residuals...
  [J0023+0923] adding red noise...
  [J0023+0923] white noise for 430_PUPPI (4564 TOAs)...
  [J0023+0923] white noise for 430_ASP (90 TOAs)...
  [J0023+0923] white noise for L-wide_PUPPI (11123 TOAs)...
  [J0023+0923] white noise for L-wide_ASP (119 TOAs)...
  [J0030+0451] zeroing residuals...
  [J0030+0451] adding red noise...
  [J0030+0451] white noise for S-wide_PUPPI (2673 TOAs)...
  [J0030+0451] white noise for L-wide_ASP (789 TOAs)...
  [J0030+0451] white noise for L-wide_PUPPI (12774 TOAs)...
  [J0030+0451] white noise for 430_PUPPI (3068 TOAs)...
  [J0030+0451] white noise for 430_ASP (267 TOAs)...
  [J0340+4130] zeroing residuals...
  [J0340+4130] adding red noise...
  [J0340+4130] white noise for Rcvr_800_GUPPI (6056 TOAs)...
  [J0340+4130] white noise for Rcvr1_2_GUPPI (5037 TOAs)...
  [J0406+3039] zeroing residuals...
  [J0406+3039] adding red noise...
  [J0406+3039] white noise for S-wide_PUPPI (575 TOAs)...
  [J0406+3039] white noise for L-wide_PUPPI (1871 TOAs)...
  [J0437-4715] zeroing residuals...
  [J0437-4715] adding red noise...
  [J0437-4715] white noise for 3GHz_YUPPI (3696 TOAs)...
  [J0437-4715] white noise for 1.5GHz_YUPPI (2134 TOAs)...
  [J0509+0856] zeroing residuals...
  [J0509+0856] adding red noise...
  [J0509+0856] white noise for S-wide_PUPPI (544 TOAs)...
  [J0509+0856] white noise for L-wide_PUPPI (1625 TOAs)...
  [J0557+1551] zeroing residuals...
  [J0557+1551] adding red noise...
  [J0557+1551] white noise for S-wide_PUPPI (58 TOAs)...
  [J0557+1551] white noise for L-wide_PUPPI (467 TOAs)...
  [J0605+3757] zeroing residuals...
  [J0605+3757] adding red noise...
  [J0605+3757] white noise for Rcvr_800_GUPPI (236 TOAs)...
  [J0605+3757] white noise for Rcvr1_2_GUPPI (318 TOAs)...
  [J0610-2100] zeroing residuals...
  [J0610-2100] adding red noise...
  [J0610-2100] white noise for Rcvr_800_GUPPI (2484 TOAs)...
  [J0610-2100] white noise for Rcvr1_2_GUPPI (2401 TOAs)...
  [J0613-0200] zeroing residuals...
  [J0613-0200] adding red noise...
  [J0613-0200] white noise for Rcvr_800_GUPPI (7900 TOAs)...
  [J0613-0200] white noise for Rcvr_800_GASP (809 TOAs)...
  [J0613-0200] white noise for Rcvr1_2_GASP (992 TOAs)...
  [J0613-0200] white noise for Rcvr1_2_GUPPI (7423 TOAs)...
  [J0636+5128] zeroing residuals...
  [J0636+5128] adding red noise...
  [J0636+5128] white noise for Rcvr_800_GUPPI (17419 TOAs)...
  [J0636+5128] white noise for Rcvr1_2_GUPPI (14803 TOAs)...
  [J0645+5158] zeroing residuals...
  [J0645+5158] adding red noise...
  [J0645+5158] white noise for Rcvr_800_GUPPI (4682 TOAs)...
  [J0645+5158] white noise for Rcvr1_2_GUPPI (5721 TOAs)...
  [J0709+0458] zeroing residuals...
  [J0709+0458] adding red noise...
  [J0709+0458] white noise for S-wide_PUPPI (595 TOAs)...
  [J0709+0458] white noise for L-wide_PUPPI (2435 TOAs)...
  [J0740+6620] zeroing residuals...
  [J0740+6620] adding red noise...
  [J0740+6620] white noise for Rcvr_800_GUPPI (5136 TOAs)...
  [J0740+6620] white noise for Rcvr1_2_GUPPI (8265 TOAs)...
  [J0931-1902] zeroing residuals...
  [J0931-1902] adding red noise...
  [J0931-1902] white noise for Rcvr_800_GUPPI (3419 TOAs)...
  [J0931-1902] white noise for Rcvr1_2_GUPPI (2054 TOAs)...
  [J1012+5307] zeroing residuals...
  [J1012+5307] adding red noise...
  [J1012+5307] white noise for Rcvr_800_GUPPI (10299 TOAs)...
  [J1012+5307] white noise for Rcvr_800_GASP (1210 TOAs)...
  [J1012+5307] white noise for Rcvr1_2_GASP (1479 TOAs)...
  [J1012+5307] white noise for Rcvr1_2_GUPPI (12849 TOAs)...
  [J1012-4235] zeroing residuals...
  [J1012-4235] adding red noise...
  [J1012-4235] white noise for Rcvr_800_GUPPI (342 TOAs)...
  [J1012-4235] white noise for Rcvr1_2_GUPPI (455 TOAs)...
  [J1022+1001] zeroing residuals...
  [J1022+1001] adding red noise...
  [J1022+1001] white noise for S-wide_PUPPI (1154 TOAs)...
  [J1022+1001] white noise for 430_PUPPI (232 TOAs)...
  [J1022+1001] white noise for L-wide_PUPPI (2592 TOAs)...
  [J1024-0719] zeroing residuals...
  [J1024-0719] adding red noise...
  [J1024-0719] white noise for Rcvr_800_GUPPI (5455 TOAs)...
  [J1024-0719] white noise for Rcvr_800_GASP (51 TOAs)...
  [J1024-0719] white noise for Rcvr1_2_GASP (43 TOAs)...
  [J1024-0719] white noise for Rcvr1_2_GUPPI (7086 TOAs)...
  [J1125+7819] zeroing residuals...
  [J1125+7819] adding red noise...
  [J1125+7819] white noise for Rcvr_800_GUPPI (4707 TOAs)...
  [J1125+7819] white noise for Rcvr1_2_GUPPI (4016 TOAs)...
  [J1312+0051] zeroing residuals...
  [J1312+0051] adding red noise...
  [J1312+0051] white noise for S-wide_PUPPI (416 TOAs)...
  [J1312+0051] white noise for L-wide_PUPPI (1289 TOAs)...
  [J1453+1902] zeroing residuals...
  [J1453+1902] adding red noise...
  [J1453+1902] white noise for S-wide_PUPPI (4 TOAs)...
  [J1453+1902] white noise for 430_PUPPI (425 TOAs)...
  [J1453+1902] white noise for L-wide_PUPPI (2122 TOAs)...
  [J1455-3330] zeroing residuals...
  [J1455-3330] adding red noise...
  [J1455-3330] white noise for Rcvr_800_GUPPI (4843 TOAs)...
  [J1455-3330] white noise for Rcvr_800_GASP (479 TOAs)...
  [J1455-3330] white noise for Rcvr1_2_GASP (564 TOAs)...
  [J1455-3330] white noise for Rcvr1_2_GUPPI (4932 TOAs)...
  [J1600-3053] zeroing residuals...
  [J1600-3053] adding red noise...
  [J1600-3053] white noise for Rcvr_800_GUPPI (8796 TOAs)...
  [J1600-3053] white noise for Rcvr_800_GASP (297 TOAs)...
  [J1600-3053] white noise for Rcvr1_2_GASP (457 TOAs)...
  [J1600-3053] white noise for 3GHz_YUPPI (3237 TOAs)...
  [J1600-3053] white noise for Rcvr1_2_GUPPI (10168 TOAs)...
  [J1614-2230] zeroing residuals...
  [J1614-2230] adding red noise...
  [J1614-2230] white noise for Rcvr_800_GUPPI (7768 TOAs)...
  [J1614-2230] white noise for Rcvr_800_GASP (84 TOAs)...
  [J1614-2230] white noise for Rcvr1_2_GASP (84 TOAs)...
  [J1614-2230] white noise for Rcvr1_2_GUPPI (10509 TOAs)...
  [J1630+3734] zeroing residuals...
  [J1630+3734] adding red noise...
  [J1630+3734] white noise for Rcvr_800_GUPPI (906 TOAs)...
  [J1630+3734] white noise for Rcvr1_2_GUPPI (909 TOAs)...
  [J1640+2224] zeroing residuals...
  [J1640+2224] adding red noise...
  [J1640+2224] white noise for 430_PUPPI (3157 TOAs)...
  [J1640+2224] white noise for 430_ASP (340 TOAs)...
  [J1640+2224] white noise for L-wide_PUPPI (9847 TOAs)...
  [J1640+2224] white noise for L-wide_ASP (722 TOAs)...
  [J1643-1224] zeroing residuals...
  [J1643-1224] adding red noise...
  [J1643-1224] white noise for Rcvr_800_GUPPI (7734 TOAs)...
  [J1643-1224] white noise for Rcvr_800_GASP (559 TOAs)...
  [J1643-1224] white noise for Rcvr1_2_GASP (833 TOAs)...
  [J1643-1224] white noise for 3GHz_YUPPI (4215 TOAs)...
  [J1643-1224] white noise for Rcvr1_2_GUPPI (8803 TOAs)...
  [J1705-1903] zeroing residuals...
  [J1705-1903] adding red noise...
  [J1705-1903] white noise for Rcvr_800_GUPPI (3521 TOAs)...
  [J1705-1903] white noise for Rcvr1_2_GUPPI (6350 TOAs)...
  [J1713+0747] zeroing residuals...
  [J1713+0747] adding red noise...
  [J1713+0747] white noise for S-wide_PUPPI (7482 TOAs)...
  [J1713+0747] white noise for L-wide_ASP (843 TOAs)...
  [J1713+0747] white noise for L-wide_PUPPI (12743 TOAs)...
  [J1713+0747] white noise for S-wide_ASP (624 TOAs)...
  [J1713+0747] white noise for Rcvr_800_GUPPI (8479 TOAs)...
  [J1713+0747] white noise for 1.5GHz_YUPPI (1461 TOAs)...
  [J1713+0747] white noise for Rcvr_800_GASP (1032 TOAs)...
  [J1713+0747] white noise for Rcvr1_2_GASP (1109 TOAs)...
  [J1713+0747] white noise for 3GHz_YUPPI (3282 TOAs)...
  [J1713+0747] white noise for Rcvr1_2_GUPPI (22334 TOAs)...
  [J1719-1438] zeroing residuals...
  [J1719-1438] adding red noise...
  [J1719-1438] white noise for Rcvr_800_GUPPI (3634 TOAs)...
  [J1719-1438] white noise for Rcvr1_2_GUPPI (2722 TOAs)...
  [J1730-2304] zeroing residuals...
  [J1730-2304] adding red noise...
  [J1730-2304] white noise for Rcvr_800_GUPPI (2503 TOAs)...
  [J1730-2304] white noise for Rcvr1_2_GUPPI (2367 TOAs)...
  [J1738+0333] zeroing residuals...
  [J1738+0333] adding red noise...
  [J1738+0333] white noise for S-wide_ASP (134 TOAs)...
  [J1738+0333] white noise for S-wide_PUPPI (1737 TOAs)...
  [J1738+0333] white noise for L-wide_PUPPI (6718 TOAs)...
  [J1738+0333] white noise for L-wide_ASP (201 TOAs)...
  [J1741+1351] zeroing residuals...
  [J1741+1351] adding red noise...
  [J1741+1351] white noise for L-wide_ASP (236 TOAs)...
  [J1741+1351] white noise for L-wide_PUPPI (4045 TOAs)...
  [J1741+1351] white noise for S-wide_ASP (115 TOAs)...
  [J1741+1351] white noise for 430_PUPPI (1159 TOAs)...
  [J1741+1351] white noise for 430_ASP (27 TOAs)...
  [J1744-1134] zeroing residuals...
  [J1744-1134] adding red noise...
  [J1744-1134] white noise for Rcvr_800_GUPPI (7899 TOAs)...
  [J1744-1134] white noise for Rcvr_800_GASP (930 TOAs)...
  [J1744-1134] white noise for Rcvr1_2_GASP (807 TOAs)...
  [J1744-1134] white noise for Rcvr1_2_GUPPI (8109 TOAs)...
  [J1745+1017] zeroing residuals...
  [J1745+1017] adding red noise...
  [J1745+1017] white noise for S-wide_PUPPI (838 TOAs)...
  [J1745+1017] white noise for L-wide_PUPPI (2179 TOAs)...
  [J1747-4036] zeroing residuals...
  [J1747-4036] adding red noise...
  [J1747-4036] white noise for Rcvr_800_GUPPI (5816 TOAs)...
  [J1747-4036] white noise for Rcvr1_2_GUPPI (5239 TOAs)...
  [J1751-2857] zeroing residuals...
  [J1751-2857] adding red noise...
  [J1751-2857] white noise for Rcvr_800_GUPPI (239 TOAs)...
  [J1751-2857] white noise for Rcvr1_2_GUPPI (1786 TOAs)...
  [J1802-2124] zeroing residuals...
  [J1802-2124] adding red noise...
  [J1802-2124] white noise for Rcvr_800_GUPPI (3565 TOAs)...
  [J1802-2124] white noise for Rcvr1_2_GUPPI (3231 TOAs)...
  [J1811-2405] zeroing residuals...
  [J1811-2405] adding red noise...
  [J1811-2405] white noise for Rcvr_800_GUPPI (2628 TOAs)...
  [J1811-2405] white noise for Rcvr1_2_GUPPI (2638 TOAs)...
  [J1832-0836] zeroing residuals...
  [J1832-0836] adding red noise...
  [J1832-0836] white noise for Rcvr_800_GUPPI (3078 TOAs)...
  [J1832-0836] white noise for Rcvr1_2_GUPPI (4661 TOAs)...
  [J1843-1113] zeroing residuals...
  [J1843-1113] adding red noise...
  [J1843-1113] white noise for Rcvr_800_GUPPI (2201 TOAs)...
  [J1843-1113] white noise for Rcvr1_2_GUPPI (2394 TOAs)...
  [J1853+1303] zeroing residuals...
  [J1853+1303] adding red noise...
  [J1853+1303] white noise for 430_PUPPI (1151 TOAs)...
  [J1853+1303] white noise for 430_ASP (24 TOAs)...
  [J1853+1303] white noise for L-wide_PUPPI (3362 TOAs)...
  [J1853+1303] white noise for L-wide_ASP (33 TOAs)...
  [J1903+0327] zeroing residuals...
  [J1903+0327] adding red noise...
  [J1903+0327] white noise for S-wide_PUPPI (2282 TOAs)...
  [J1903+0327] white noise for L-wide_ASP (139 TOAs)...
  [J1903+0327] white noise for L-wide_PUPPI (3845 TOAs)...
  [J1903+0327] white noise for S-wide_ASP (151 TOAs)...
  [J1903+0327] white noise for 3GHz_YUPPI (439 TOAs)...
  [J1909-3744] zeroing residuals...
  [J1909-3744] adding red noise...
  [J1909-3744] white noise for Rcvr_800_GUPPI (9399 TOAs)...
  [J1909-3744] white noise for Rcvr_800_GASP (866 TOAs)...
  [J1909-3744] white noise for Rcvr1_2_GASP (808 TOAs)...
  [J1909-3744] white noise for 3GHz_YUPPI (3525 TOAs)...
  [J1909-3744] white noise for Rcvr1_2_GUPPI (20439 TOAs)...
  [J1910+1256] zeroing residuals...
  [J1910+1256] adding red noise...
  [J1910+1256] white noise for S-wide_ASP (208 TOAs)...
  [J1910+1256] white noise for S-wide_PUPPI (1857 TOAs)...
  [J1910+1256] white noise for L-wide_PUPPI (4124 TOAs)...
  [J1910+1256] white noise for L-wide_ASP (297 TOAs)...
  [J1911+1347] zeroing residuals...
  [J1911+1347] adding red noise...
  [J1911+1347] white noise for 430_PUPPI (753 TOAs)...
  [J1911+1347] white noise for L-wide_PUPPI (3033 TOAs)...
  [J1918-0642] zeroing residuals...
  [J1918-0642] adding red noise...
  [J1918-0642] white noise for Rcvr_800_GUPPI (8352 TOAs)...
  [J1918-0642] white noise for Rcvr_800_GASP (835 TOAs)...
  [J1918-0642] white noise for Rcvr1_2_GASP (778 TOAs)...
  [J1918-0642] white noise for Rcvr1_2_GUPPI (8910 TOAs)...
  [J1923+2515] zeroing residuals...
  [J1923+2515] adding red noise...
  [J1923+2515] white noise for 430_PUPPI (922 TOAs)...
  [J1923+2515] white noise for 430_ASP (10 TOAs)...
  [J1923+2515] white noise for L-wide_PUPPI (3028 TOAs)...
  [J1923+2515] white noise for L-wide_ASP (14 TOAs)...
  [J1944+0907] zeroing residuals...
  [J1944+0907] adding red noise...
  [J1944+0907] white noise for L-wide_ASP (257 TOAs)...
  [J1944+0907] white noise for L-wide_PUPPI (3900 TOAs)...
  [J1944+0907] white noise for S-wide_ASP (116 TOAs)...
  [J1944+0907] white noise for 430_PUPPI (1017 TOAs)...
  [J1944+0907] white noise for 430_ASP (38 TOAs)...
  [J1946+3417] zeroing residuals...
  [J1946+3417] adding red noise...
  [J1946+3417] white noise for S-wide_PUPPI (1546 TOAs)...
  [J1946+3417] white noise for L-wide_PUPPI (3197 TOAs)...
  [J2010-1323] zeroing residuals...
  [J2010-1323] adding red noise...
  [J2010-1323] white noise for Rcvr_800_GUPPI (9158 TOAs)...
  [J2010-1323] white noise for Rcvr_800_GASP (70 TOAs)...
  [J2010-1323] white noise for Rcvr1_2_GASP (70 TOAs)...
  [J2010-1323] white noise for Rcvr1_2_GUPPI (7779 TOAs)...
  [J2017+0603] zeroing residuals...
  [J2017+0603] adding red noise...
  [J2017+0603] white noise for S-wide_PUPPI (849 TOAs)...
  [J2017+0603] white noise for 430_PUPPI (78 TOAs)...
  [J2017+0603] white noise for L-wide_PUPPI (2569 TOAs)...
  [J2017+0603] white noise for L-wide_ASP (16 TOAs)...
  [J2033+1734] zeroing residuals...
  [J2033+1734] adding red noise...
  [J2033+1734] white noise for 430_PUPPI (797 TOAs)...
  [J2033+1734] white noise for L-wide_PUPPI (3050 TOAs)...
  [J2043+1711] zeroing residuals...
  [J2043+1711] adding red noise...
  [J2043+1711] white noise for 430_PUPPI (2908 TOAs)...
  [J2043+1711] white noise for 430_ASP (30 TOAs)...
  [J2043+1711] white noise for L-wide_PUPPI (4419 TOAs)...
  [J2043+1711] white noise for L-wide_ASP (40 TOAs)...
  [J2124-3358] zeroing residuals...
  [J2124-3358] adding red noise...
  [J2124-3358] white noise for Rcvr_800_GUPPI (2025 TOAs)...
  [J2124-3358] white noise for Rcvr1_2_GUPPI (2957 TOAs)...
  [J2145-0750] zeroing residuals...
  [J2145-0750] adding red noise...
  [J2145-0750] white noise for Rcvr_800_GUPPI (8728 TOAs)...
  [J2145-0750] white noise for Rcvr_800_GASP (362 TOAs)...
  [J2145-0750] white noise for Rcvr1_2_GASP (427 TOAs)...
  [J2145-0750] white noise for Rcvr1_2_GUPPI (9158 TOAs)...
  [J2214+3000] zeroing residuals...
  [J2214+3000] adding red noise...
  [J2214+3000] white noise for S-wide_PUPPI (1568 TOAs)...
  [J2214+3000] white noise for L-wide_PUPPI (5829 TOAs)...
  [J2214+3000] white noise for L-wide_ASP (9 TOAs)...
  [J2229+2643] zeroing residuals...
  [J2229+2643] adding red noise...
  [J2229+2643] white noise for 430_PUPPI (956 TOAs)...
  [J2229+2643] white noise for L-wide_PUPPI (2755 TOAs)...
  [J2234+0611] zeroing residuals...
  [J2234+0611] adding red noise...
  [J2234+0611] white noise for 430_PUPPI (653 TOAs)...
  [J2234+0611] white noise for L-wide_PUPPI (2913 TOAs)...
  [J2234+0944] zeroing residuals...
  [J2234+0944] adding red noise...
  [J2234+0944] white noise for S-wide_PUPPI (2532 TOAs)...
  [J2234+0944] white noise for L-wide_PUPPI (5003 TOAs)...
  [J2302+4442] zeroing residuals...
  [J2302+4442] adding red noise...
  [J2302+4442] white noise for Rcvr_800_GUPPI (6432 TOAs)...
  [J2302+4442] white noise for Rcvr1_2_GUPPI (3779 TOAs)...
  [J2317+1439] zeroing residuals...
  [J2317+1439] adding red noise...
  [J2317+1439] white noise for L-wide_PUPPI (9563 TOAs)...
  [J2317+1439] white noise for 327_PUPPI (276 TOAs)...
  [J2317+1439] white noise for 327_ASP (413 TOAs)...
  [J2317+1439] white noise for 430_PUPPI (3217 TOAs)...
  [J2317+1439] white noise for 430_ASP (458 TOAs)...
  [J2322+2057] zeroing residuals...
  [J2322+2057] adding red noise...
  [J2322+2057] white noise for S-wide_PUPPI (140 TOAs)...
  [J2322+2057] white noise for 430_PUPPI (752 TOAs)...
  [J2322+2057] white noise for L-wide_PUPPI (2196 TOAs)...
Resetting pulsars to clean stoas...
Restore: 0.00 s
Inject: 0.00 s
Snapshotting into enterprise Pulsar objects...
Building PTA...
PTA build: 432.50 s
Computing optimal statistic...
OS time: 59.23 s
Total: 491.74 s
Noise-only SNR baseline: -0.3227

Generating SNR-consistent population...
Target SNR: 4.0
Resetting pulsars to clean stoas...
Restore: 0.62 s
Injecting population...
  B1855+09: RMS = 4076.023 ns
  B1937+21: RMS = 2490.184 ns
  B1953+29: RMS = 2595.981 ns
  J0023+0923: RMS = 2707.027 ns
  J0030+0451: RMS = 1822.670 ns
  J0340+4130: RMS = 1136.977 ns
  J0406+3039: RMS = 1860.089 ns
  J0437-4715: RMS = 1580.574 ns
  J0509+0856: RMS = 962.435 ns
  J0557+1551: RMS = 1777.668 ns
  J0605+3757: RMS = 1243.868 ns
  J0610-2100: RMS = 1302.187 ns
  J0613-0200: RMS = 2974.187 ns
  J0636+5128: RMS = 1824.964 ns
  J0645+5158: RMS = 2098.078 ns
  J0709+0458: RMS = 1110.733 ns
  J0740+6620: RMS = 2296.644 ns
  J0931-1902: RMS = 2613.923 ns
  J1012+5307: RMS = 6759.272 ns
  J1012-4235: RMS = 1846.451 ns
  J1022+1001: RMS = 2684.972 ns
  J1024-0719: RMS = 3755.185 ns
  J1125+7819: RMS = 1293.255 ns
  J1312+0051: RMS = 2809.067 ns
  J1453+1902: RMS = 3239.035 ns
  J1455-3330: RMS = 3683.120 ns
  J1600-3053: RMS = 3900.971 ns
  J1614-2230: RMS = 3282.562 ns
  J1630+3734: RMS = 3302.028 ns
  J1640+2224: RMS = 2113.142 ns
  J1643-1224: RMS = 2744.832 ns
  J1705-1903: RMS = 917.198 ns
  J1713+0747: RMS = 2563.880 ns
  J1719-1438: RMS = 812.917 ns
  J1730-2304: RMS = 1219.685 ns
  J1738+0333: RMS = 2409.527 ns
  J1741+1351: RMS = 3541.847 ns
  J1744-1134: RMS = 2255.843 ns
  J1745+1017: RMS = 2812.795 ns
  J1747-4036: RMS = 2217.803 ns
  J1751-2857: RMS = 1212.760 ns
  J1802-2124: RMS = 1914.274 ns
  J1811-2405: RMS = 1636.582 ns
  J1832-0836: RMS = 3023.600 ns
  J1843-1113: RMS = 3454.537 ns
  J1853+1303: RMS = 5573.413 ns
  J1903+0327: RMS = 5660.433 ns
  J1909-3744: RMS = 2611.268 ns
  J1910+1256: RMS = 4470.280 ns
  J1911+1347: RMS = 5354.639 ns
  J1918-0642: RMS = 6557.867 ns
  J1923+2515: RMS = 4351.957 ns
  J1944+0907: RMS = 4982.202 ns
  J1946+3417: RMS = 3472.756 ns
  J2010-1323: RMS = 6327.317 ns
  J2017+0603: RMS = 4602.764 ns
  J2033+1734: RMS = 1724.205 ns
  J2043+1711: RMS = 1987.426 ns
  J2124-3358: RMS = 1166.483 ns
  J2145-0750: RMS = 3917.668 ns
  J2214+3000: RMS = 2472.131 ns
  J2229+2643: RMS = 3385.485 ns
  J2234+0611: RMS = 1038.850 ns
  J2234+0944: RMS = 812.354 ns
  J2302+4442: RMS = 4799.405 ns
  J2317+1439: RMS = 2684.044 ns
  J2322+2057: RMS = 3223.204 ns
Inject: 0.90 s
Snapshotting into enterprise Pulsar objects...
Building PTA...
PTA build: 420.00 s
Computing optimal statistic...
OS time: 49.07 s
Total: 470.58 s
Initial SNR: -6.3180, Target SNR: 4.0000
  ✗ Initial SNR -6.3180 is non-positive, cannot scale distances.
✗ Simulation 1, trial 1 FAILED, retrying...

Generating SNR-consistent population...
Target SNR: 4.0
Resetting pulsars to clean stoas...
Restore: 0.01 s
Injecting population...
  B1855+09: RMS = 3840.178 ns
  B1937+21: RMS = 4809.178 ns
  B1953+29: RMS = 4213.188 ns
  J0023+0923: RMS = 5461.910 ns
  J0030+0451: RMS = 3297.893 ns
  J0340+4130: RMS = 3814.150 ns
  J0406+3039: RMS = 3766.928 ns
  J0437-4715: RMS = 2329.151 ns
  J0509+0856: RMS = 1791.201 ns
  J0557+1551: RMS = 3697.769 ns
  J0605+3757: RMS = 593.152 ns
  J0610-2100: RMS = 1322.082 ns
  J0613-0200: RMS = 8249.708 ns
  J0636+5128: RMS = 4879.794 ns
  J0645+5158: RMS = 5785.005 ns
  J0709+0458: RMS = 4774.078 ns
  J0740+6620: RMS = 5724.231 ns
  J0931-1902: RMS = 2256.022 ns
  J1012+5307: RMS = 2624.459 ns
  J1012-4235: RMS = 1556.443 ns
  J1022+1001: RMS = 4973.869 ns
  J1024-0719: RMS = 4353.410 ns
  J1125+7819: RMS = 3558.651 ns
  J1312+0051: RMS = 4872.520 ns
  J1453+1902: RMS = 573.226 ns
  J1455-3330: RMS = 2717.098 ns
  J1600-3053: RMS = 3635.634 ns
  J1614-2230: RMS = 4172.195 ns
  J1630+3734: RMS = 683.442 ns
  J1640+2224: RMS = 4060.665 ns
  J1643-1224: RMS = 4923.703 ns
  J1705-1903: RMS = 508.853 ns
  J1713+0747: RMS = 3755.355 ns
  J1719-1438: RMS = 481.746 ns
  J1730-2304: RMS = 475.333 ns
  J1738+0333: RMS = 4143.593 ns
  J1741+1351: RMS = 4439.671 ns
  J1744-1134: RMS = 3712.599 ns
  J1745+1017: RMS = 2740.023 ns
  J1747-4036: RMS = 1366.231 ns
  J1751-2857: RMS = 424.974 ns
  J1802-2124: RMS = 511.479 ns
  J1811-2405: RMS = 875.183 ns
  J1832-0836: RMS = 3250.995 ns
  J1843-1113: RMS = 1116.994 ns
  J1853+1303: RMS = 4909.581 ns
  J1903+0327: RMS = 2676.436 ns
  J1909-3744: RMS = 2143.261 ns
  J1910+1256: RMS = 4017.906 ns
  J1911+1347: RMS = 6406.472 ns
  J1918-0642: RMS = 2130.341 ns
  J1923+2515: RMS = 5165.373 ns
  J1944+0907: RMS = 4517.083 ns
  J1946+3417: RMS = 4263.066 ns
  J2010-1323: RMS = 2430.831 ns
  J2017+0603: RMS = 4208.206 ns
  J2033+1734: RMS = 5808.967 ns
  J2043+1711: RMS = 5193.555 ns
  J2124-3358: RMS = 768.171 ns
  J2145-0750: RMS = 7321.942 ns
  J2214+3000: RMS = 2737.187 ns
  J2229+2643: RMS = 3314.664 ns
  J2234+0611: RMS = 2315.018 ns
  J2234+0944: RMS = 3676.709 ns
  J2302+4442: RMS = 2609.749 ns
  J2317+1439: RMS = 2581.890 ns
  J2322+2057: RMS = 1928.548 ns
Inject: 0.58 s
Snapshotting into enterprise Pulsar objects...
Building PTA...
PTA build: 455.09 s
Computing optimal statistic...
OS time: 76.28 s
Total: 531.95 s
Initial SNR: 108.1474, Target SNR: 4.0000
  Initial SNR 108.1474 outside of provided SNR_range [3.5, 4.25] — rescaling.
Scaling distances by factor 5.0093 to achieve target SNR...
Resetting pulsars to clean stoas...
Restore: 22.78 s
Injecting population...
  B1855+09: RMS = 766.608 ns
  B1937+21: RMS = 960.048 ns
  B1953+29: RMS = 841.071 ns
  J0023+0923: RMS = 1090.352 ns
  J0030+0451: RMS = 658.353 ns
  J0340+4130: RMS = 761.412 ns
  J0406+3039: RMS = 751.985 ns
  J0437-4715: RMS = 464.964 ns
  J0509+0856: RMS = 357.574 ns
  J0557+1551: RMS = 738.179 ns
  J0605+3757: RMS = 118.410 ns
  J0610-2100: RMS = 263.925 ns
  J0613-0200: RMS = 1646.875 ns
  J0636+5128: RMS = 974.145 ns
  J0645+5158: RMS = 1154.850 ns
  J0709+0458: RMS = 953.041 ns
  J0740+6620: RMS = 1142.718 ns
  J0931-1902: RMS = 450.366 ns
  J1012+5307: RMS = 523.916 ns
  J1012-4235: RMS = 310.710 ns
  J1022+1001: RMS = 992.925 ns
  J1024-0719: RMS = 869.064 ns
  J1125+7819: RMS = 710.407 ns
  J1312+0051: RMS = 972.693 ns
  J1453+1902: RMS = 114.432 ns
  J1455-3330: RMS = 542.410 ns
  J1600-3053: RMS = 725.775 ns
  J1614-2230: RMS = 832.888 ns
  J1630+3734: RMS = 136.434 ns
  J1640+2224: RMS = 810.623 ns
  J1643-1224: RMS = 982.910 ns
  J1705-1903: RMS = 101.581 ns
  J1713+0747: RMS = 749.675 ns
  J1719-1438: RMS = 96.170 ns
  J1730-2304: RMS = 94.890 ns
  J1738+0333: RMS = 827.178 ns
  J1741+1351: RMS = 886.284 ns
  J1744-1134: RMS = 741.140 ns
  J1745+1017: RMS = 546.986 ns
  J1747-4036: RMS = 272.738 ns
  J1751-2857: RMS = 84.837 ns
  J1802-2124: RMS = 102.106 ns
  J1811-2405: RMS = 174.711 ns
  J1832-0836: RMS = 648.990 ns
  J1843-1113: RMS = 222.983 ns
  J1853+1303: RMS = 980.091 ns
  J1903+0327: RMS = 534.292 ns
  J1909-3744: RMS = 427.855 ns
  J1910+1256: RMS = 802.088 ns
  J1911+1347: RMS = 1278.913 ns
  J1918-0642: RMS = 425.276 ns
  J1923+2515: RMS = 1031.154 ns
  J1944+0907: RMS = 901.737 ns
  J1946+3417: RMS = 851.028 ns
  J2010-1323: RMS = 485.263 ns
  J2017+0603: RMS = 840.077 ns
  J2033+1734: RMS = 1159.634 ns
  J2043+1711: RMS = 1036.780 ns
  J2124-3358: RMS = 153.349 ns
  J2145-0750: RMS = 1461.667 ns
  J2214+3000: RMS = 546.420 ns
  J2229+2643: RMS = 661.701 ns
  J2234+0611: RMS = 462.143 ns
  J2234+0944: RMS = 733.975 ns
  J2302+4442: RMS = 520.980 ns
  J2317+1439: RMS = 515.418 ns
  J2322+2057: RMS = 384.993 ns
Inject: 0.67 s
Snapshotting into enterprise Pulsar objects...
Building PTA...
PTA build: 433.93 s
Computing optimal statistic...
OS time: 51.85 s
Total: 509.23 s
  SNR 5.9372 outside of provided SNR_range [3.5, 4.25] — rescaling.
[Iteration 1/100] SNR after scaling: 5.9372 (target: 4.0000)
  SNR history: it0→108.1474@1.0000x, it1→5.9372@5.0093x
  Re-scaling distances by factor 1.2327  (cumulative after: 6.1748×)
Resetting pulsars to clean stoas...
Restore: 0.04 s
Injecting population...
  B1855+09: RMS = 621.913 ns
  B1937+21: RMS = 778.842 ns
  B1953+29: RMS = 682.322 ns
  J0023+0923: RMS = 884.551 ns
  J0030+0451: RMS = 534.091 ns
  J0340+4130: RMS = 617.698 ns
  J0406+3039: RMS = 610.050 ns
  J0437-4715: RMS = 377.204 ns
  J0509+0856: RMS = 290.083 ns
  J0557+1551: RMS = 598.850 ns
  J0605+3757: RMS = 96.060 ns
  J0610-2100: RMS = 214.110 ns
  J0613-0200: RMS = 1336.032 ns
  J0636+5128: RMS = 790.278 ns
  J0645+5158: RMS = 936.876 ns
  J0709+0458: RMS = 773.157 ns
  J0740+6620: RMS = 927.034 ns
  J0931-1902: RMS = 365.361 ns
  J1012+5307: RMS = 425.029 ns
  J1012-4235: RMS = 252.065 ns
  J1022+1001: RMS = 805.513 ns
  J1024-0719: RMS = 705.031 ns
  J1125+7819: RMS = 576.320 ns
  J1312+0051: RMS = 789.100 ns
  J1453+1902: RMS = 92.833 ns
  J1455-3330: RMS = 440.031 ns
  J1600-3053: RMS = 588.787 ns
  J1614-2230: RMS = 675.683 ns
  J1630+3734: RMS = 110.683 ns
  J1640+2224: RMS = 657.621 ns
  J1643-1224: RMS = 797.389 ns
  J1705-1903: RMS = 82.408 ns
  J1713+0747: RMS = 608.176 ns
  J1719-1438: RMS = 78.018 ns
  J1730-2304: RMS = 76.980 ns
  J1738+0333: RMS = 671.051 ns
  J1741+1351: RMS = 719.001 ns
  J1744-1134: RMS = 601.252 ns
  J1745+1017: RMS = 443.744 ns
  J1747-4036: RMS = 221.260 ns
  J1751-2857: RMS = 68.824 ns
  J1802-2124: RMS = 82.834 ns
  J1811-2405: RMS = 141.735 ns
  J1832-0836: RMS = 526.496 ns
  J1843-1113: RMS = 180.896 ns
  J1853+1303: RMS = 795.102 ns
  J1903+0327: RMS = 433.446 ns
  J1909-3744: RMS = 347.099 ns
  J1910+1256: RMS = 650.696 ns
  J1911+1347: RMS = 1037.522 ns
  J1918-0642: RMS = 345.007 ns
  J1923+2515: RMS = 836.527 ns
  J1944+0907: RMS = 731.537 ns
  J1946+3417: RMS = 690.400 ns
  J2010-1323: RMS = 393.671 ns
  J2017+0603: RMS = 681.515 ns
  J2033+1734: RMS = 940.757 ns
  J2043+1711: RMS = 841.091 ns
  J2124-3358: RMS = 124.405 ns
  J2145-0750: RMS = 1185.782 ns
  J2214+3000: RMS = 443.285 ns
  J2229+2643: RMS = 536.807 ns
  J2234+0611: RMS = 374.915 ns
  J2234+0944: RMS = 595.439 ns
  J2302+4442: RMS = 422.646 ns
  J2317+1439: RMS = 418.135 ns
  J2322+2057: RMS = 312.327 ns
Inject: 0.55 s
Snapshotting into enterprise Pulsar objects...

+------------------ Job Report: 11780321 (CANCELLED) ------------------+
| Memory (RAM)  [##################  ] 94.9% (32.3 GB peak / 34 GB)    |
| CPU           [###############     ] 76.6% average                   |
| Time          [------>             ] 34.8% (0-00:38:16 / 0-01:50:00) |
|                                                                      |
| Lustre Filesystem:                                                   |
|   Path    Total Read    Total Write    Total IOPS                    |
|   ------  ------------  -------------  ------------                  |
|   /apps   24.9 MB       0 B            1.7 K                         |
|   /fred   26.9 MB       67.6 KB        153                           |
|   /home   1.4 GB        0 B            4.5 K                         |
|   OS      0 B           0 B            2                             |
|                                                                      |
| Warnings:                                                            |
|   - Too much time requested                                          |
+----------------------------------------------------------------------+
