==========================================
Job ID: 11783160
Job Name: smbhb_pessimistic
Node: dave305
Start Time: Fri May  1 17:22:28 AEST 2026
==========================================

/home/bhoulden/.conda/envs/smbhb312/share/tempo2
Working directory: /fred/oz005/users/bhoulden/SMBHB_population_injections

Loaded modules:

Starting SMBHB analysis...
==========================================

📁 Save directory: data/2026-05-01/pessimistic_run_11
📝 Run name: pessimistic_run_11

[MEM] Start: 244.0 MB

📡 Loading pulsars...
======================================================================
LOADING NANOGRAV PULSARS (libstempo)
======================================================================

📦 Loading from cache: nanograv_pulsars_cache.pkl
⚠ Cache load failed: Ran out of input
[DEBUG] Found 76 .par files
[tempo2Util.C:396] Warning: [MISC1] Unknown parameter in par file:  DMDATA
[tempo2Util.C:401] Warning: [DUP1] duplicated warnings have been suppressed.

WARNING: Using tempo RNAMP parameter: setting TNRedC to 100!
[observatory.C:271] Warning: Assuming site 'arecibo' means 'ao'
✓ Loaded B1855+09 (7758 TOAs)

WARNING: Using tempo RNAMP parameter: setting TNRedC to 100!
✓ Loaded B1937+21 (23023 TOAs)

WARNING: Using tempo RNAMP parameter: setting TNRedC to 100!
✓ Loaded B1937+21ao (7241 TOAs)

WARNING: Using tempo RNAMP parameter: setting TNRedC to 100!
✓ Loaded B1937+21gbt (16048 TOAs)

WARNING: Using tempo RNAMP parameter: setting TNRedC to 100!
✓ Loaded B1953+29 (5126 TOAs)
✓ Loaded J0023+0923 (15896 TOAs)

WARNING: Using tempo RNAMP parameter: setting TNRedC to 100!
✓ Loaded J0030+0451 (19571 TOAs)
✓ Loaded J0340+4130 (11093 TOAs)
✓ Loaded J0406+3039 (2446 TOAs)

WARNING: Using tempo RNAMP parameter: setting TNRedC to 100!
✓ Loaded J0437-4715 (5830 TOAs)
✓ Loaded J0509+0856 (2169 TOAs)
✓ Loaded J0557+1551 (525 TOAs)
✓ Loaded J0605+3757 (554 TOAs)

WARNING: Using tempo RNAMP parameter: setting TNRedC to 100!
✓ Loaded J0610-2100 (4885 TOAs)

WARNING: Using tempo RNAMP parameter: setting TNRedC to 100!
✓ Loaded J0613-0200 (17124 TOAs)
✓ Loaded J0614-3329 (1714 TOAs)
✓ Loaded J0636+5128 (32222 TOAs)
✓ Loaded J0645+5158 (10403 TOAs)
✓ Loaded J0709+0458 (3030 TOAs)
✓ Loaded J0740+6620 (13401 TOAs)
✓ Loaded J0931-1902 (5473 TOAs)

WARNING: Using tempo RNAMP parameter: setting TNRedC to 100!
✓ Loaded J1012+5307 (25837 TOAs)
✓ Loaded J1012-4235 (797 TOAs)
✓ Loaded J1022+1001 (3978 TOAs)
✓ Loaded J1024-0719 (12635 TOAs)
✓ Loaded J1125+7819 (8723 TOAs)
✓ Loaded J1312+0051 (1705 TOAs)
✓ Loaded J1453+1902 (2551 TOAs)
✓ Loaded J1455-3330 (10818 TOAs)

WARNING: Using tempo RNAMP parameter: setting TNRedC to 100!
✓ Loaded J1600-3053 (22955 TOAs)

WARNING: Using tempo RNAMP parameter: setting TNRedC to 100!
✓ Loaded J1600-3053gbt (19725 TOAs)

WARNING: Using tempo RNAMP parameter: setting TNRedC to 100!
✓ Loaded J1614-2230 (18445 TOAs)
✓ Loaded J1630+3734 (1815 TOAs)
✓ Loaded J1640+2224 (14066 TOAs)

WARNING: Using tempo RNAMP parameter: setting TNRedC to 100!
✓ Loaded J1643-1224 (22144 TOAs)

WARNING: Using tempo RNAMP parameter: setting TNRedC to 100!
✓ Loaded J1643-1224gbt (17932 TOAs)

WARNING: Using tempo RNAMP parameter: setting TNRedC to 100!
✓ Loaded J1705-1903 (9871 TOAs)

WARNING: Using tempo RNAMP parameter: setting TNRedC to 100!
✓ Loaded J1713+0747 (59389 TOAs)

WARNING: Using tempo RNAMP parameter: setting TNRedC to 100!
✓ Loaded J1713+0747ao (21362 TOAs)

WARNING: Using tempo RNAMP parameter: setting TNRedC to 100!
✓ Loaded J1713+0747gbt (32963 TOAs)
✓ Loaded J1719-1438 (6356 TOAs)
✓ Loaded J1730-2304 (4870 TOAs)
✓ Loaded J1738+0333 (8790 TOAs)
✓ Loaded J1741+1351 (5582 TOAs)

WARNING: Using tempo RNAMP parameter: setting TNRedC to 100!
✓ Loaded J1744-1134 (17745 TOAs)

WARNING: Using tempo RNAMP parameter: setting TNRedC to 100!
✓ Loaded J1745+1017 (3017 TOAs)

WARNING: Using tempo RNAMP parameter: setting TNRedC to 100!
✓ Loaded J1747-4036 (11055 TOAs)
✓ Loaded J1751-2857 (2025 TOAs)

WARNING: Using tempo RNAMP parameter: setting TNRedC to 100!
✓ Loaded J1802-2124 (6796 TOAs)
✓ Loaded J1811-2405 (5266 TOAs)
✓ Loaded J1832-0836 (7739 TOAs)
✓ Loaded J1843-1113 (4595 TOAs)

WARNING: Using tempo RNAMP parameter: setting TNRedC to 100!
✓ Loaded J1853+1303 (4570 TOAs)

WARNING: Using tempo RNAMP parameter: setting TNRedC to 100!
✓ Loaded J1903+0327 (6856 TOAs)

WARNING: Using tempo RNAMP parameter: setting TNRedC to 100!
✓ Loaded J1903+0327ao (6423 TOAs)

WARNING: Using tempo RNAMP parameter: setting TNRedC to 100!
✓ Loaded J1909-3744 (35037 TOAs)

WARNING: Using tempo RNAMP parameter: setting TNRedC to 100!
✓ Loaded J1909-3744gbt (31526 TOAs)
✓ Loaded J1910+1256 (6486 TOAs)
✓ Loaded J1911+1347 (3786 TOAs)
✓ Loaded J1918-0642 (18875 TOAs)
✓ Loaded J1923+2515 (3974 TOAs)
✓ Loaded J1944+0907 (5328 TOAs)

WARNING: Using tempo RNAMP parameter: setting TNRedC to 100!
✓ Loaded J1946+3417 (4743 TOAs)
✓ Loaded J2010-1323 (17077 TOAs)
✓ Loaded J2017+0603 (3512 TOAs)
✓ Loaded J2033+1734 (3847 TOAs)
✓ Loaded J2043+1711 (7397 TOAs)
✓ Loaded J2124-3358 (4982 TOAs)

WARNING: Using tempo RNAMP parameter: setting TNRedC to 100!
✓ Loaded J2145-0750 (18675 TOAs)
✓ Loaded J2214+3000 (7406 TOAs)
✓ Loaded J2229+2643 (3711 TOAs)

WARNING: Using tempo RNAMP parameter: setting TNRedC to 100!
✓ Loaded J2234+0611 (3566 TOAs)
✓ Loaded J2234+0944 (7535 TOAs)
✓ Loaded J2302+4442 (10211 TOAs)
✓ Loaded J2317+1439 (13927 TOAs)
✓ Loaded J2322+2057 (3088 TOAs)
⚠ Could not save cache: no default __reduce__ due to non-trivial __cinit__

✓ Loaded 76 pulsars
✗ Failed: 0 — []
[MEM] After loading pulsars: 8874.2 MB

🔍 Filtering pulsars...

Filtered: 76 → 67 pulsars
[MEM] After filtering pulsars: 8875.2 MB
[MEM] After garbage collection: 8875.3 MB

======================================================================
SMBHB POPULATION ANALYSIS
======================================================================

Configuration: pessimistic
  Lower mass, lower spread in distance, large population
  N_binaries: 10000000

======================================================================
CONSISTENT POPULATION SYNTHESIS
======================================================================

======================================================================
GENERATING SNR-CONSISTENT POPULATIONS
======================================================================
Target SNR:          4.0
Simulations:         1
======================================================================


──────────────────────────────────────────────────────────────────────
SIMULATION 1/1
──────────────────────────────────────────────────────────────────────
  [B1855+09] zeroing residuals...
  [B1855+09] adding red noise...
  [B1855+09] white noise for 430_ASP (390 TOAs)...
  [B1855+09] white noise for L-wide_PUPPI (5005 TOAs)...
  [B1855+09] white noise for 430_PUPPI (1185 TOAs)...
  [B1855+09] white noise for L-wide_ASP (1178 TOAs)...
  [B1937+21] zeroing residuals...
  [B1937+21] adding red noise...
  [B1937+21] white noise for L-wide_PUPPI (4133 TOAs)...
  [B1937+21] white noise for Rcvr_800_GUPPI (7140 TOAs)...
  [B1937+21] white noise for S-wide_PUPPI (2251 TOAs)...
  [B1937+21] white noise for L-wide_ASP (452 TOAs)...
  [B1937+21] white noise for Rcvr_800_GASP (586 TOAs)...
  [B1937+21] white noise for S-wide_ASP (344 TOAs)...
  [B1937+21] white noise for Rcvr1_2_GASP (1069 TOAs)...
  [B1937+21] white noise for Rcvr1_2_GUPPI (7048 TOAs)...
  [B1953+29] zeroing residuals...
  [B1953+29] adding red noise...
  [B1953+29] white noise for L-wide_PUPPI (4037 TOAs)...
  [B1953+29] white noise for 430_ASP (29 TOAs)...
  [B1953+29] white noise for L-wide_ASP (94 TOAs)...
  [B1953+29] white noise for S-wide_ASP (25 TOAs)...
  [B1953+29] white noise for 430_PUPPI (941 TOAs)...
  [J0023+0923] zeroing residuals...
  [J0023+0923] adding red noise...
  [J0023+0923] white noise for 430_ASP (90 TOAs)...
  [J0023+0923] white noise for L-wide_PUPPI (11123 TOAs)...
  [J0023+0923] white noise for 430_PUPPI (4564 TOAs)...
  [J0023+0923] white noise for L-wide_ASP (119 TOAs)...
  [J0030+0451] zeroing residuals...
  [J0030+0451] adding red noise...
  [J0030+0451] white noise for L-wide_PUPPI (12774 TOAs)...
  [J0030+0451] white noise for 430_ASP (267 TOAs)...
  [J0030+0451] white noise for S-wide_PUPPI (2673 TOAs)...
  [J0030+0451] white noise for L-wide_ASP (789 TOAs)...
  [J0030+0451] white noise for 430_PUPPI (3068 TOAs)...
  [J0340+4130] zeroing residuals...
  [J0340+4130] adding red noise...
  [J0340+4130] white noise for Rcvr1_2_GUPPI (5037 TOAs)...
  [J0340+4130] white noise for Rcvr_800_GUPPI (6056 TOAs)...
  [J0406+3039] zeroing residuals...
  [J0406+3039] adding red noise...
  [J0406+3039] white noise for L-wide_PUPPI (1871 TOAs)...
  [J0406+3039] white noise for S-wide_PUPPI (575 TOAs)...
  [J0437-4715] zeroing residuals...
  [J0437-4715] adding red noise...
  [J0437-4715] white noise for 1.5GHz_YUPPI (2134 TOAs)...
  [J0437-4715] white noise for 3GHz_YUPPI (3696 TOAs)...
  [J0509+0856] zeroing residuals...
  [J0509+0856] adding red noise...
  [J0509+0856] white noise for L-wide_PUPPI (1625 TOAs)...
  [J0509+0856] white noise for S-wide_PUPPI (544 TOAs)...
  [J0557+1551] zeroing residuals...
  [J0557+1551] adding red noise...
  [J0557+1551] white noise for L-wide_PUPPI (467 TOAs)...
  [J0557+1551] white noise for S-wide_PUPPI (58 TOAs)...
  [J0605+3757] zeroing residuals...
  [J0605+3757] adding red noise...
  [J0605+3757] white noise for Rcvr1_2_GUPPI (318 TOAs)...
  [J0605+3757] white noise for Rcvr_800_GUPPI (236 TOAs)...
  [J0610-2100] zeroing residuals...
  [J0610-2100] adding red noise...
  [J0610-2100] white noise for Rcvr1_2_GUPPI (2401 TOAs)...
  [J0610-2100] white noise for Rcvr_800_GUPPI (2484 TOAs)...
  [J0613-0200] zeroing residuals...
  [J0613-0200] adding red noise...
  [J0613-0200] white noise for Rcvr1_2_GUPPI (7423 TOAs)...
  [J0613-0200] white noise for Rcvr_800_GUPPI (7900 TOAs)...
  [J0613-0200] white noise for Rcvr_800_GASP (809 TOAs)...
  [J0613-0200] white noise for Rcvr1_2_GASP (992 TOAs)...
  [J0636+5128] zeroing residuals...
  [J0636+5128] adding red noise...
  [J0636+5128] white noise for Rcvr1_2_GUPPI (14803 TOAs)...
  [J0636+5128] white noise for Rcvr_800_GUPPI (17419 TOAs)...
  [J0645+5158] zeroing residuals...
  [J0645+5158] adding red noise...
  [J0645+5158] white noise for Rcvr1_2_GUPPI (5721 TOAs)...
  [J0645+5158] white noise for Rcvr_800_GUPPI (4682 TOAs)...
  [J0709+0458] zeroing residuals...
  [J0709+0458] adding red noise...
  [J0709+0458] white noise for L-wide_PUPPI (2435 TOAs)...
  [J0709+0458] white noise for S-wide_PUPPI (595 TOAs)...
  [J0740+6620] zeroing residuals...
  [J0740+6620] adding red noise...
  [J0740+6620] white noise for Rcvr1_2_GUPPI (8265 TOAs)...
  [J0740+6620] white noise for Rcvr_800_GUPPI (5136 TOAs)...
  [J0931-1902] zeroing residuals...
  [J0931-1902] adding red noise...
  [J0931-1902] white noise for Rcvr1_2_GUPPI (2054 TOAs)...
  [J0931-1902] white noise for Rcvr_800_GUPPI (3419 TOAs)...
  [J1012+5307] zeroing residuals...
  [J1012+5307] adding red noise...
  [J1012+5307] white noise for Rcvr1_2_GUPPI (12849 TOAs)...
  [J1012+5307] white noise for Rcvr_800_GUPPI (10299 TOAs)...
  [J1012+5307] white noise for Rcvr_800_GASP (1210 TOAs)...
  [J1012+5307] white noise for Rcvr1_2_GASP (1479 TOAs)...
  [J1012-4235] zeroing residuals...
  [J1012-4235] adding red noise...
  [J1012-4235] white noise for Rcvr1_2_GUPPI (455 TOAs)...
  [J1012-4235] white noise for Rcvr_800_GUPPI (342 TOAs)...
  [J1022+1001] zeroing residuals...
  [J1022+1001] adding red noise...
  [J1022+1001] white noise for L-wide_PUPPI (2592 TOAs)...
  [J1022+1001] white noise for S-wide_PUPPI (1154 TOAs)...
  [J1022+1001] white noise for 430_PUPPI (232 TOAs)...
  [J1024-0719] zeroing residuals...
  [J1024-0719] adding red noise...
  [J1024-0719] white noise for Rcvr1_2_GUPPI (7086 TOAs)...
  [J1024-0719] white noise for Rcvr_800_GUPPI (5455 TOAs)...
  [J1024-0719] white noise for Rcvr_800_GASP (51 TOAs)...
  [J1024-0719] white noise for Rcvr1_2_GASP (43 TOAs)...
  [J1125+7819] zeroing residuals...
  [J1125+7819] adding red noise...
  [J1125+7819] white noise for Rcvr1_2_GUPPI (4016 TOAs)...
  [J1125+7819] white noise for Rcvr_800_GUPPI (4707 TOAs)...
  [J1312+0051] zeroing residuals...
  [J1312+0051] adding red noise...
  [J1312+0051] white noise for L-wide_PUPPI (1289 TOAs)...
  [J1312+0051] white noise for S-wide_PUPPI (416 TOAs)...
  [J1453+1902] zeroing residuals...
  [J1453+1902] adding red noise...
  [J1453+1902] white noise for L-wide_PUPPI (2122 TOAs)...
  [J1453+1902] white noise for S-wide_PUPPI (4 TOAs)...
  [J1453+1902] white noise for 430_PUPPI (425 TOAs)...
  [J1455-3330] zeroing residuals...
  [J1455-3330] adding red noise...
  [J1455-3330] white noise for Rcvr1_2_GUPPI (4932 TOAs)...
  [J1455-3330] white noise for Rcvr_800_GUPPI (4843 TOAs)...
  [J1455-3330] white noise for Rcvr_800_GASP (479 TOAs)...
  [J1455-3330] white noise for Rcvr1_2_GASP (564 TOAs)...
  [J1600-3053] zeroing residuals...
  [J1600-3053] adding red noise...
  [J1600-3053] white noise for Rcvr_800_GUPPI (8796 TOAs)...
  [J1600-3053] white noise for 3GHz_YUPPI (3237 TOAs)...
  [J1600-3053] white noise for Rcvr_800_GASP (297 TOAs)...
  [J1600-3053] white noise for Rcvr1_2_GASP (457 TOAs)...
  [J1600-3053] white noise for Rcvr1_2_GUPPI (10168 TOAs)...
  [J1614-2230] zeroing residuals...
  [J1614-2230] adding red noise...
  [J1614-2230] white noise for Rcvr1_2_GUPPI (10509 TOAs)...
  [J1614-2230] white noise for Rcvr_800_GUPPI (7768 TOAs)...
  [J1614-2230] white noise for Rcvr_800_GASP (84 TOAs)...
  [J1614-2230] white noise for Rcvr1_2_GASP (84 TOAs)...
  [J1630+3734] zeroing residuals...
  [J1630+3734] adding red noise...
  [J1630+3734] white noise for Rcvr1_2_GUPPI (909 TOAs)...
  [J1630+3734] white noise for Rcvr_800_GUPPI (906 TOAs)...
  [J1640+2224] zeroing residuals...
  [J1640+2224] adding red noise...
  [J1640+2224] white noise for 430_ASP (340 TOAs)...
  [J1640+2224] white noise for L-wide_PUPPI (9847 TOAs)...
  [J1640+2224] white noise for 430_PUPPI (3157 TOAs)...
  [J1640+2224] white noise for L-wide_ASP (722 TOAs)...
  [J1643-1224] zeroing residuals...
  [J1643-1224] adding red noise...
  [J1643-1224] white noise for Rcvr_800_GUPPI (7734 TOAs)...
  [J1643-1224] white noise for 3GHz_YUPPI (4215 TOAs)...
  [J1643-1224] white noise for Rcvr_800_GASP (559 TOAs)...
  [J1643-1224] white noise for Rcvr1_2_GASP (833 TOAs)...
  [J1643-1224] white noise for Rcvr1_2_GUPPI (8803 TOAs)...
  [J1705-1903] zeroing residuals...
  [J1705-1903] adding red noise...
  [J1705-1903] white noise for Rcvr1_2_GUPPI (6350 TOAs)...
  [J1705-1903] white noise for Rcvr_800_GUPPI (3521 TOAs)...
  [J1713+0747] zeroing residuals...
  [J1713+0747] adding red noise...
  [J1713+0747] white noise for L-wide_PUPPI (12743 TOAs)...
  [J1713+0747] white noise for Rcvr_800_GUPPI (8479 TOAs)...
  [J1713+0747] white noise for S-wide_PUPPI (7482 TOAs)...
  [J1713+0747] white noise for 1.5GHz_YUPPI (1461 TOAs)...
  [J1713+0747] white noise for 3GHz_YUPPI (3282 TOAs)...
  [J1713+0747] white noise for L-wide_ASP (843 TOAs)...
  [J1713+0747] white noise for Rcvr_800_GASP (1032 TOAs)...
  [J1713+0747] white noise for S-wide_ASP (624 TOAs)...
  [J1713+0747] white noise for Rcvr1_2_GASP (1109 TOAs)...
  [J1713+0747] white noise for Rcvr1_2_GUPPI (22334 TOAs)...
  [J1719-1438] zeroing residuals...
  [J1719-1438] adding red noise...
  [J1719-1438] white noise for Rcvr1_2_GUPPI (2722 TOAs)...
  [J1719-1438] white noise for Rcvr_800_GUPPI (3634 TOAs)...
  [J1730-2304] zeroing residuals...
  [J1730-2304] adding red noise...
  [J1730-2304] white noise for Rcvr1_2_GUPPI (2367 TOAs)...
  [J1730-2304] white noise for Rcvr_800_GUPPI (2503 TOAs)...
  [J1738+0333] zeroing residuals...
  [J1738+0333] adding red noise...
  [J1738+0333] white noise for L-wide_PUPPI (6718 TOAs)...
  [J1738+0333] white noise for S-wide_ASP (134 TOAs)...
  [J1738+0333] white noise for S-wide_PUPPI (1737 TOAs)...
  [J1738+0333] white noise for L-wide_ASP (201 TOAs)...
  [J1741+1351] zeroing residuals...
  [J1741+1351] adding red noise...
  [J1741+1351] white noise for L-wide_PUPPI (4045 TOAs)...
  [J1741+1351] white noise for 430_ASP (27 TOAs)...
  [J1741+1351] white noise for L-wide_ASP (236 TOAs)...
  [J1741+1351] white noise for S-wide_ASP (115 TOAs)...
  [J1741+1351] white noise for 430_PUPPI (1159 TOAs)...
  [J1744-1134] zeroing residuals...
  [J1744-1134] adding red noise...
  [J1744-1134] white noise for Rcvr1_2_GUPPI (8109 TOAs)...
  [J1744-1134] white noise for Rcvr_800_GUPPI (7899 TOAs)...
  [J1744-1134] white noise for Rcvr_800_GASP (930 TOAs)...
  [J1744-1134] white noise for Rcvr1_2_GASP (807 TOAs)...
  [J1745+1017] zeroing residuals...
  [J1745+1017] adding red noise...
  [J1745+1017] white noise for L-wide_PUPPI (2179 TOAs)...
  [J1745+1017] white noise for S-wide_PUPPI (838 TOAs)...
  [J1747-4036] zeroing residuals...
  [J1747-4036] adding red noise...
  [J1747-4036] white noise for Rcvr1_2_GUPPI (5239 TOAs)...
  [J1747-4036] white noise for Rcvr_800_GUPPI (5816 TOAs)...
  [J1751-2857] zeroing residuals...
  [J1751-2857] adding red noise...
  [J1751-2857] white noise for Rcvr1_2_GUPPI (1786 TOAs)...
  [J1751-2857] white noise for Rcvr_800_GUPPI (239 TOAs)...
  [J1802-2124] zeroing residuals...
  [J1802-2124] adding red noise...
  [J1802-2124] white noise for Rcvr1_2_GUPPI (3231 TOAs)...
  [J1802-2124] white noise for Rcvr_800_GUPPI (3565 TOAs)...
  [J1811-2405] zeroing residuals...
  [J1811-2405] adding red noise...
  [J1811-2405] white noise for Rcvr1_2_GUPPI (2638 TOAs)...
  [J1811-2405] white noise for Rcvr_800_GUPPI (2628 TOAs)...
  [J1832-0836] zeroing residuals...
  [J1832-0836] adding red noise...
  [J1832-0836] white noise for Rcvr1_2_GUPPI (4661 TOAs)...
  [J1832-0836] white noise for Rcvr_800_GUPPI (3078 TOAs)...
  [J1843-1113] zeroing residuals...
  [J1843-1113] adding red noise...
  [J1843-1113] white noise for Rcvr1_2_GUPPI (2394 TOAs)...
  [J1843-1113] white noise for Rcvr_800_GUPPI (2201 TOAs)...
  [J1853+1303] zeroing residuals...
  [J1853+1303] adding red noise...
  [J1853+1303] white noise for 430_ASP (24 TOAs)...
  [J1853+1303] white noise for L-wide_PUPPI (3362 TOAs)...
  [J1853+1303] white noise for 430_PUPPI (1151 TOAs)...
  [J1853+1303] white noise for L-wide_ASP (33 TOAs)...
  [J1903+0327] zeroing residuals...
  [J1903+0327] adding red noise...
  [J1903+0327] white noise for L-wide_PUPPI (3845 TOAs)...
  [J1903+0327] white noise for S-wide_PUPPI (2282 TOAs)...
  [J1903+0327] white noise for 3GHz_YUPPI (439 TOAs)...
  [J1903+0327] white noise for L-wide_ASP (139 TOAs)...
  [J1903+0327] white noise for S-wide_ASP (151 TOAs)...
  [J1909-3744] zeroing residuals...
  [J1909-3744] adding red noise...
  [J1909-3744] white noise for Rcvr_800_GUPPI (9399 TOAs)...
  [J1909-3744] white noise for 3GHz_YUPPI (3525 TOAs)...
  [J1909-3744] white noise for Rcvr_800_GASP (866 TOAs)...
  [J1909-3744] white noise for Rcvr1_2_GASP (808 TOAs)...
  [J1909-3744] white noise for Rcvr1_2_GUPPI (20439 TOAs)...
  [J1910+1256] zeroing residuals...
  [J1910+1256] adding red noise...
  [J1910+1256] white noise for L-wide_PUPPI (4124 TOAs)...
  [J1910+1256] white noise for S-wide_ASP (208 TOAs)...
  [J1910+1256] white noise for S-wide_PUPPI (1857 TOAs)...
  [J1910+1256] white noise for L-wide_ASP (297 TOAs)...
  [J1911+1347] zeroing residuals...
  [J1911+1347] adding red noise...
  [J1911+1347] white noise for L-wide_PUPPI (3033 TOAs)...
  [J1911+1347] white noise for 430_PUPPI (753 TOAs)...
  [J1918-0642] zeroing residuals...
  [J1918-0642] adding red noise...
  [J1918-0642] white noise for Rcvr1_2_GUPPI (8910 TOAs)...
  [J1918-0642] white noise for Rcvr_800_GUPPI (8352 TOAs)...
  [J1918-0642] white noise for Rcvr_800_GASP (835 TOAs)...
  [J1918-0642] white noise for Rcvr1_2_GASP (778 TOAs)...
  [J1923+2515] zeroing residuals...
  [J1923+2515] adding red noise...
  [J1923+2515] white noise for 430_ASP (10 TOAs)...
  [J1923+2515] white noise for L-wide_PUPPI (3028 TOAs)...
  [J1923+2515] white noise for 430_PUPPI (922 TOAs)...
  [J1923+2515] white noise for L-wide_ASP (14 TOAs)...
  [J1944+0907] zeroing residuals...
  [J1944+0907] adding red noise...
  [J1944+0907] white noise for L-wide_PUPPI (3900 TOAs)...
  [J1944+0907] white noise for 430_ASP (38 TOAs)...
  [J1944+0907] white noise for L-wide_ASP (257 TOAs)...
  [J1944+0907] white noise for S-wide_ASP (116 TOAs)...
  [J1944+0907] white noise for 430_PUPPI (1017 TOAs)...
  [J1946+3417] zeroing residuals...
  [J1946+3417] adding red noise...
  [J1946+3417] white noise for L-wide_PUPPI (3197 TOAs)...
  [J1946+3417] white noise for S-wide_PUPPI (1546 TOAs)...
  [J2010-1323] zeroing residuals...
  [J2010-1323] adding red noise...
  [J2010-1323] white noise for Rcvr1_2_GUPPI (7779 TOAs)...
  [J2010-1323] white noise for Rcvr_800_GUPPI (9158 TOAs)...
  [J2010-1323] white noise for Rcvr_800_GASP (70 TOAs)...
  [J2010-1323] white noise for Rcvr1_2_GASP (70 TOAs)...
  [J2017+0603] zeroing residuals...
  [J2017+0603] adding red noise...
  [J2017+0603] white noise for L-wide_PUPPI (2569 TOAs)...
  [J2017+0603] white noise for S-wide_PUPPI (849 TOAs)...
  [J2017+0603] white noise for 430_PUPPI (78 TOAs)...
  [J2017+0603] white noise for L-wide_ASP (16 TOAs)...
  [J2033+1734] zeroing residuals...
  [J2033+1734] adding red noise...
  [J2033+1734] white noise for L-wide_PUPPI (3050 TOAs)...
  [J2033+1734] white noise for 430_PUPPI (797 TOAs)...
  [J2043+1711] zeroing residuals...
  [J2043+1711] adding red noise...
  [J2043+1711] white noise for 430_ASP (30 TOAs)...
  [J2043+1711] white noise for L-wide_PUPPI (4419 TOAs)...
  [J2043+1711] white noise for 430_PUPPI (2908 TOAs)...
  [J2043+1711] white noise for L-wide_ASP (40 TOAs)...
  [J2124-3358] zeroing residuals...
  [J2124-3358] adding red noise...
  [J2124-3358] white noise for Rcvr1_2_GUPPI (2957 TOAs)...
  [J2124-3358] white noise for Rcvr_800_GUPPI (2025 TOAs)...
  [J2145-0750] zeroing residuals...
  [J2145-0750] adding red noise...
  [J2145-0750] white noise for Rcvr1_2_GUPPI (9158 TOAs)...
  [J2145-0750] white noise for Rcvr_800_GUPPI (8728 TOAs)...
  [J2145-0750] white noise for Rcvr_800_GASP (362 TOAs)...
  [J2145-0750] white noise for Rcvr1_2_GASP (427 TOAs)...
  [J2214+3000] zeroing residuals...
  [J2214+3000] adding red noise...
  [J2214+3000] white noise for L-wide_PUPPI (5829 TOAs)...
  [J2214+3000] white noise for S-wide_PUPPI (1568 TOAs)...
  [J2214+3000] white noise for L-wide_ASP (9 TOAs)...
  [J2229+2643] zeroing residuals...
  [J2229+2643] adding red noise...
  [J2229+2643] white noise for L-wide_PUPPI (2755 TOAs)...
  [J2229+2643] white noise for 430_PUPPI (956 TOAs)...
  [J2234+0611] zeroing residuals...
  [J2234+0611] adding red noise...
  [J2234+0611] white noise for L-wide_PUPPI (2913 TOAs)...
  [J2234+0611] white noise for 430_PUPPI (653 TOAs)...
  [J2234+0944] zeroing residuals...
  [J2234+0944] adding red noise...
  [J2234+0944] white noise for L-wide_PUPPI (5003 TOAs)...
  [J2234+0944] white noise for S-wide_PUPPI (2532 TOAs)...
  [J2302+4442] zeroing residuals...
  [J2302+4442] adding red noise...
  [J2302+4442] white noise for Rcvr1_2_GUPPI (3779 TOAs)...
  [J2302+4442] white noise for Rcvr_800_GUPPI (6432 TOAs)...
  [J2317+1439] zeroing residuals...
  [J2317+1439] adding red noise...
  [J2317+1439] white noise for L-wide_PUPPI (9563 TOAs)...
  [J2317+1439] white noise for 327_ASP (413 TOAs)...
  [J2317+1439] white noise for 430_ASP (458 TOAs)...
  [J2317+1439] white noise for 327_PUPPI (276 TOAs)...
  [J2317+1439] white noise for 430_PUPPI (3217 TOAs)...
  [J2322+2057] zeroing residuals...
  [J2322+2057] adding red noise...
  [J2322+2057] white noise for L-wide_PUPPI (2196 TOAs)...
  [J2322+2057] white noise for S-wide_PUPPI (140 TOAs)...
  [J2322+2057] white noise for 430_PUPPI (752 TOAs)...
Resetting pulsars to clean stoas...
Restore: 0.00 s
Inject: 0.00 s
Snapshotting into enterprise Pulsar objects...
Building PTA...
PTA build: 474.23 s
Computing optimal statistic...
OS time: 66.41 s
Total: 540.64 s
Noise-only SNR baseline: 0.6800

Generating SNR-consistent population...
Target SNR: 4.0
Resetting pulsars to clean stoas...
Restore: 2.48 s
Injecting population...
  B1855+09: RMS = 1569.122 ns
  B1937+21: RMS = 2509.009 ns
  B1953+29: RMS = 2542.230 ns
  J0023+0923: RMS = 2255.907 ns
  J0030+0451: RMS = 1538.744 ns
  J0340+4130: RMS = 866.491 ns
  J0406+3039: RMS = 799.205 ns
  J0437-4715: RMS = 1327.182 ns
  J0509+0856: RMS = 815.636 ns
  J0557+1551: RMS = 445.200 ns
  J0605+3757: RMS = 513.945 ns
  J0610-2100: RMS = 690.832 ns
  J0613-0200: RMS = 704.096 ns
  J0636+5128: RMS = 266.851 ns
  J0645+5158: RMS = 516.949 ns
  J0709+0458: RMS = 285.768 ns
  J0740+6620: RMS = 1317.751 ns
  J0931-1902: RMS = 619.510 ns
  J1012+5307: RMS = 2588.219 ns
  J1012-4235: RMS = 657.666 ns
  J1022+1001: RMS = 1154.602 ns
  J1024-0719: RMS = 1038.635 ns
  J1125+7819: RMS = 1024.502 ns
  J1312+0051: RMS = 1083.948 ns
  J1453+1902: RMS = 1930.278 ns
  J1455-3330: RMS = 1439.242 ns
  J1600-3053: RMS = 1538.394 ns
  J1614-2230: RMS = 1280.104 ns
  J1630+3734: RMS = 128.052 ns
  J1640+2224: RMS = 996.276 ns
  J1643-1224: RMS = 2165.335 ns
  J1705-1903: RMS = 314.629 ns
  J1713+0747: RMS = 1292.086 ns
  J1719-1438: RMS = 169.813 ns
  J1730-2304: RMS = 359.727 ns
  J1738+0333: RMS = 644.807 ns
  J1741+1351: RMS = 1460.453 ns
  J1744-1134: RMS = 1363.779 ns
  J1745+1017: RMS = 338.465 ns
  J1747-4036: RMS = 709.158 ns
  J1751-2857: RMS = 349.622 ns
  J1802-2124: RMS = 424.251 ns
  J1811-2405: RMS = 290.085 ns
  J1832-0836: RMS = 604.003 ns
  J1843-1113: RMS = 333.431 ns
  J1853+1303: RMS = 1836.355 ns
  J1903+0327: RMS = 1753.655 ns
  J1909-3744: RMS = 1572.695 ns
  J1910+1256: RMS = 1681.334 ns
  J1911+1347: RMS = 1261.144 ns
  J1918-0642: RMS = 1260.857 ns
  J1923+2515: RMS = 2434.127 ns
  J1944+0907: RMS = 1650.368 ns
  J1946+3417: RMS = 948.972 ns
  J2010-1323: RMS = 1274.421 ns
  J2017+0603: RMS = 1442.828 ns
  J2033+1734: RMS = 1653.195 ns
  J2043+1711: RMS = 1456.509 ns
  J2124-3358: RMS = 556.445 ns
  J2145-0750: RMS = 743.384 ns
  J2214+3000: RMS = 1607.077 ns
  J2229+2643: RMS = 909.021 ns
  J2234+0611: RMS = 1729.960 ns
  J2234+0944: RMS = 1358.980 ns
  J2302+4442: RMS = 1202.732 ns
  J2317+1439: RMS = 2254.650 ns
  J2322+2057: RMS = 740.898 ns
Inject: 254.56 s
Snapshotting into enterprise Pulsar objects...
Building PTA...
PTA build: 467.83 s
Computing optimal statistic...
OS time: 66.33 s
Total: 791.20 s
Initial SNR: 23.9545, Target SNR: 4.0000
  Initial SNR 23.9545 outside of provided SNR_range [3.5, 4.25] — rescaling.
Scaling distances by factor 2.6477 to achieve target SNR...
Resetting pulsars to clean stoas...
Restore: 16.99 s
Injecting population...
  B1855+09: RMS = 592.630 ns
  B1937+21: RMS = 947.609 ns
  B1953+29: RMS = 960.156 ns
  J0023+0923: RMS = 852.017 ns
  J0030+0451: RMS = 581.157 ns
  J0340+4130: RMS = 327.259 ns
  J0406+3039: RMS = 301.846 ns
  J0437-4715: RMS = 501.254 ns
  J0509+0856: RMS = 308.052 ns
  J0557+1551: RMS = 168.144 ns
  J0605+3757: RMS = 194.108 ns
  J0610-2100: RMS = 260.915 ns
  J0613-0200: RMS = 265.925 ns
  J0636+5128: RMS = 100.785 ns
  J0645+5158: RMS = 195.243 ns
  J0709+0458: RMS = 107.930 ns
  J0740+6620: RMS = 497.692 ns
  J0931-1902: RMS = 233.978 ns
  J1012+5307: RMS = 977.526 ns
  J1012-4235: RMS = 248.389 ns
  J1022+1001: RMS = 436.073 ns
  J1024-0719: RMS = 392.275 ns
  J1125+7819: RMS = 386.937 ns
  J1312+0051: RMS = 409.389 ns
  J1453+1902: RMS = 729.033 ns
  J1455-3330: RMS = 543.577 ns
  J1600-3053: RMS = 581.025 ns
  J1614-2230: RMS = 483.473 ns
  J1630+3734: RMS = 48.363 ns
  J1640+2224: RMS = 376.276 ns
  J1643-1224: RMS = 817.810 ns
  J1705-1903: RMS = 118.830 ns
  J1713+0747: RMS = 487.999 ns
  J1719-1438: RMS = 64.135 ns
  J1730-2304: RMS = 135.863 ns
  J1738+0333: RMS = 243.533 ns
  J1741+1351: RMS = 551.588 ns
  J1744-1134: RMS = 515.076 ns
  J1745+1017: RMS = 127.832 ns
  J1747-4036: RMS = 267.837 ns
  J1751-2857: RMS = 132.046 ns
  J1802-2124: RMS = 160.232 ns
  J1811-2405: RMS = 109.560 ns
  J1832-0836: RMS = 228.122 ns
  J1843-1113: RMS = 125.931 ns
  J1853+1303: RMS = 693.560 ns
  J1903+0327: RMS = 662.325 ns
  J1909-3744: RMS = 593.980 ns
  J1910+1256: RMS = 635.011 ns
  J1911+1347: RMS = 476.312 ns
  J1918-0642: RMS = 476.204 ns
  J1923+2515: RMS = 919.328 ns
  J1944+0907: RMS = 623.316 ns
  J1946+3417: RMS = 358.410 ns
  J2010-1323: RMS = 481.327 ns
  J2017+0603: RMS = 544.931 ns
  J2033+1734: RMS = 624.383 ns
  J2043+1711: RMS = 550.098 ns
  J2124-3358: RMS = 210.160 ns
  J2145-0750: RMS = 280.764 ns
  J2214+3000: RMS = 606.965 ns
  J2229+2643: RMS = 343.322 ns
  J2234+0611: RMS = 653.376 ns
  J2234+0944: RMS = 513.263 ns
  J2302+4442: RMS = 454.251 ns
  J2317+1439: RMS = 851.543 ns
  J2322+2057: RMS = 279.824 ns
Inject: 312.19 s
Snapshotting into enterprise Pulsar objects...
Building PTA...
PTA build: 529.61 s
Computing optimal statistic...
OS time: 60.54 s
Total: 919.33 s
  ✓ SNR is within the provided SNR_range: 3.7264 ∈ [3.5, 4.25]

Final SNR history:
  it 0: cumulative_scale=1.0000×  SNR=23.9545
  it 1: cumulative_scale=2.6477×  SNR=3.7264
✓ Simulation 1 done (1747.6 s)

======================================================================
ENSEMBLE SUMMARY
======================================================================
Success rate: 100.0% (1/1)

Binaries per population:
  Mean ± std : 10000000 ± 0
  Range      : [10000000, 10000000]

SNR achieved:
  Mean ± std : 3.7264 ± 0.0000
  Range      : [3.7264, 3.7264]

Total time: 2331.3 s (38.9 min)
======================================================================

💾 Saved: data/2026-05-01/pessimistic_run_11/consistent_population_pessimistic_targetSNR4.25_sims1.json
💾 Saved compressed pickle: data/2026-05-01/pessimistic_run_11/consistent_population_pessimistic_targetSNR4.25_sims1.pkl.gz

======================================================================
CONTINUOUS WAVE SNR ANALYSIS
======================================================================

--- Population 1 ---
Precomputation of phiinvs, TNTs, Ts, Nvecs, Sigmas took 0.15 seconds.
Total SNR computation for population took 833.40 seconds.
Top 50 CGW candidates:
   1. proxy_rank=  17  sky_w=1.22  f=6.43e-09 Hz  Mc=4.64e+09 Msun  h0=1.12e-15  SNR=1.605
   2. proxy_rank= 358  sky_w=0.90  f=1.10e-08 Hz  Mc=5.80e+09 Msun  h0=1.20e-15  SNR=1.469
   3. proxy_rank= 188  sky_w=1.50  f=8.44e-09 Hz  Mc=5.60e+09 Msun  h0=6.60e-16  SNR=1.410
   4. proxy_rank=   1  sky_w=0.96  f=2.40e-09 Hz  Mc=3.85e+09 Msun  h0=2.59e-15  SNR=1.266
   5. proxy_rank=   3  sky_w=1.60  f=2.98e-09 Hz  Mc=5.30e+09 Msun  h0=1.12e-15  SNR=1.128
   6. proxy_rank= 323  sky_w=1.41  f=7.78e-09 Hz  Mc=5.39e+09 Msun  h0=5.62e-16  SNR=1.110
   7. proxy_rank= 909  sky_w=1.11  f=9.59e-09 Hz  Mc=5.18e+09 Msun  h0=6.33e-16  SNR=1.030
   8. proxy_rank=1223  sky_w=1.49  f=1.31e-08 Hz  Mc=3.65e+09 Msun  h0=5.82e-16  SNR=1.018
   9. proxy_rank= 425  sky_w=1.46  f=1.23e-08 Hz  Mc=4.14e+09 Msun  h0=7.82e-16  SNR=0.953
  10. proxy_rank=1572  sky_w=1.61  f=1.17e-08 Hz  Mc=2.54e+09 Msun  h0=4.36e-16  SNR=0.893
  11. proxy_rank= 645  sky_w=1.52  f=9.24e-09 Hz  Mc=2.53e+09 Msun  h0=4.96e-16  SNR=0.876
  12. proxy_rank= 422  sky_w=1.39  f=7.49e-09 Hz  Mc=5.09e+09 Msun  h0=5.01e-16  SNR=0.875
  13. proxy_rank= 715  sky_w=0.90  f=7.61e-09 Hz  Mc=1.55e+09 Msun  h0=6.73e-16  SNR=0.827
  14. proxy_rank= 698  sky_w=1.47  f=7.94e-09 Hz  Mc=4.52e+09 Msun  h0=4.32e-16  SNR=0.762
  15. proxy_rank= 770  sky_w=1.29  f=7.31e-09 Hz  Mc=4.01e+09 Msun  h0=4.38e-16  SNR=0.757
  16. proxy_rank=1574  sky_w=1.31  f=9.74e-09 Hz  Mc=4.18e+09 Msun  h0=4.46e-16  SNR=0.751
  17. proxy_rank= 161  sky_w=0.99  f=5.68e-09 Hz  Mc=5.58e+09 Msun  h0=7.24e-16  SNR=0.750
  18. proxy_rank=1383  sky_w=1.60  f=8.74e-09 Hz  Mc=3.71e+09 Msun  h0=3.43e-16  SNR=0.749
  19. proxy_rank= 703  sky_w=1.25  f=7.53e-09 Hz  Mc=1.62e+09 Msun  h0=4.79e-16  SNR=0.716
  20. proxy_rank= 891  sky_w=1.54  f=8.45e-09 Hz  Mc=4.26e+09 Msun  h0=4.03e-16  SNR=0.715
  21. proxy_rank= 465  sky_w=1.30  f=6.13e-09 Hz  Mc=2.94e+09 Msun  h0=4.28e-16  SNR=0.684
  22. proxy_rank= 910  sky_w=1.42  f=6.72e-09 Hz  Mc=2.27e+09 Msun  h0=3.45e-16  SNR=0.628
  23. proxy_rank=1065  sky_w=1.42  f=8.95e-09 Hz  Mc=4.31e+09 Msun  h0=4.36e-16  SNR=0.625
  24. proxy_rank=  10  sky_w=1.29  f=3.39e-09 Hz  Mc=4.84e+09 Msun  h0=6.36e-16  SNR=0.589
  25. proxy_rank=1789  sky_w=1.54  f=1.09e-08 Hz  Mc=3.54e+09 Msun  h0=4.05e-16  SNR=0.575
  26. proxy_rank=1064  sky_w=1.01  f=6.81e-09 Hz  Mc=3.75e+09 Msun  h0=4.65e-16  SNR=0.562
  27. proxy_rank= 231  sky_w=1.43  f=9.26e-09 Hz  Mc=3.93e+09 Msun  h0=7.16e-16  SNR=0.559
  28. proxy_rank=1553  sky_w=1.11  f=6.83e-09 Hz  Mc=3.29e+09 Msun  h0=3.71e-16  SNR=0.547
  29. proxy_rank= 534  sky_w=1.59  f=5.84e-09 Hz  Mc=4.12e+09 Msun  h0=3.19e-16  SNR=0.546
  30. proxy_rank=1748  sky_w=1.53  f=7.61e-09 Hz  Mc=3.25e+09 Msun  h0=2.89e-16  SNR=0.535
  31. proxy_rank=1340  sky_w=0.68  f=6.12e-09 Hz  Mc=5.84e+09 Msun  h0=5.77e-16  SNR=0.524
  32. proxy_rank= 680  sky_w=1.24  f=6.97e-09 Hz  Mc=4.09e+09 Msun  h0=4.54e-16  SNR=0.495
  33. proxy_rank= 268  sky_w=0.87  f=4.87e-09 Hz  Mc=3.29e+09 Msun  h0=5.97e-16  SNR=0.494
  34. proxy_rank=  72  sky_w=1.50  f=6.51e-09 Hz  Mc=6.19e+09 Msun  h0=6.62e-16  SNR=0.492
  35. proxy_rank= 603  sky_w=1.22  f=5.47e-09 Hz  Mc=2.71e+09 Msun  h0=3.75e-16  SNR=0.492
  36. proxy_rank=1308  sky_w=1.41  f=6.09e-09 Hz  Mc=2.58e+09 Msun  h0=2.78e-16  SNR=0.485
  37. proxy_rank= 999  sky_w=1.05  f=5.80e-09 Hz  Mc=3.86e+09 Msun  h0=3.91e-16  SNR=0.466
  38. proxy_rank= 673  sky_w=1.35  f=5.19e-09 Hz  Mc=1.04e+09 Msun  h0=3.10e-16  SNR=0.462
  39. proxy_rank= 963  sky_w=1.48  f=5.68e-09 Hz  Mc=2.08e+09 Msun  h0=2.76e-16  SNR=0.459
  40. proxy_rank=1361  sky_w=1.54  f=1.03e-08 Hz  Mc=1.57e+09 Msun  h0=4.21e-16  SNR=0.457
  41. proxy_rank= 404  sky_w=1.25  f=4.55e-09 Hz  Mc=4.90e+09 Msun  h0=3.42e-16  SNR=0.449
  42. proxy_rank=1656  sky_w=1.02  f=5.83e-09 Hz  Mc=3.45e+09 Msun  h0=3.39e-16  SNR=0.446
  43. proxy_rank= 240  sky_w=1.47  f=4.38e-09 Hz  Mc=4.86e+09 Msun  h0=3.28e-16  SNR=0.444
  44. proxy_rank= 352  sky_w=1.30  f=4.42e-09 Hz  Mc=4.55e+09 Msun  h0=3.36e-16  SNR=0.436
  45. proxy_rank= 310  sky_w=1.44  f=5.14e-09 Hz  Mc=2.05e+09 Msun  h0=3.67e-16  SNR=0.423
  46. proxy_rank= 811  sky_w=1.29  f=5.80e-09 Hz  Mc=4.11e+09 Msun  h0=3.41e-16  SNR=0.413
  47. proxy_rank= 177  sky_w=1.59  f=7.76e-09 Hz  Mc=4.30e+09 Msun  h0=5.87e-16  SNR=0.409
  48. proxy_rank= 296  sky_w=1.47  f=4.93e-09 Hz  Mc=4.24e+09 Msun  h0=3.48e-16  SNR=0.401
  49. proxy_rank=  14  sky_w=1.43  f=2.98e-09 Hz  Mc=3.19e+09 Msun  h0=4.87e-16  SNR=0.401
  50. proxy_rank=1033  sky_w=0.87  f=5.46e-09 Hz  Mc=4.04e+09 Msun  h0=4.39e-16  SNR=0.396
💾 Saved: data/2026-05-01/pessimistic_run_11/consistent_population_pessimistic_targetSNR4.25_sims1.json
💾 Saved compressed pickle: data/2026-05-01/pessimistic_run_11/consistent_population_pessimistic_targetSNR4.25_sims1.pkl.gz
Saved to figures/cgw_analysis_pessimistic.pdf

==========================================
Job finished at: Fri May  1 18:23:36 AEST 2026
Exit code: 0
==========================================

+------------------ Job Report: 11783160 (COMPLETED) ------------------+
| Memory (RAM)  [##################  ] 91.6% (36.6 GB peak / 40 GB)    |
| CPU           [###############     ] 78.2% average                   |
| Time          [------------->      ] 68.0% (0-01:01:12 / 0-01:30:00) |
|                                                                      |
| Lustre Filesystem:                                                   |
|   Path    Total Read    Total Write    Total IOPS                    |
|   ------  ------------  -------------  ------------                  |
|   /apps   0 B           0 B            5                             |
|   /fred   120.8 MB      6.5 MB         177                           |
|   /home   549.5 MB      0 B            3.2 K                         |
|   OS      0 B           0 B            2                             |
|                                                                      |
| Warnings:                                                            |
|   - Too much time requested                                          |
+----------------------------------------------------------------------+
