==========================================
Job ID: 11783313
Job Name: smbhb_optimistic
Node: gina2
Start Time: Fri May  1 17:23:04 AEST 2026
==========================================

/home/bhoulden/.conda/envs/smbhb312/share/tempo2
Working directory: /fred/oz005/users/bhoulden/SMBHB_population_injections

Loaded modules:

Starting SMBHB analysis...
==========================================

📁 Save directory: data/2026-05-01/optimistic_run_42
📝 Run name: optimistic_run_42

[MEM] Start: 244.0 MB

📡 Loading pulsars...
======================================================================
LOADING NANOGRAV PULSARS (libstempo)
======================================================================

📦 Loading from cache: nanograv_pulsars_cache.pkl
⚠ Cache load failed: Ran out of input
[DEBUG] Found 76 .par files
[tempo2Util.C:396] Warning: [MISC1] Unknown parameter in par file:  DMDATA
[tempo2Util.C:401] Warning: [DUP1] duplicated warnings have been suppressed.

WARNING: Using tempo RNAMP parameter: setting TNRedC to 100!
[observatory.C:271] Warning: Assuming site 'arecibo' means 'ao'
✓ Loaded B1855+09 (7758 TOAs)

WARNING: Using tempo RNAMP parameter: setting TNRedC to 100!
✓ Loaded B1937+21 (23023 TOAs)

WARNING: Using tempo RNAMP parameter: setting TNRedC to 100!
✓ Loaded B1937+21ao (7241 TOAs)

WARNING: Using tempo RNAMP parameter: setting TNRedC to 100!
✓ Loaded B1937+21gbt (16048 TOAs)

WARNING: Using tempo RNAMP parameter: setting TNRedC to 100!
✓ Loaded B1953+29 (5126 TOAs)
✓ Loaded J0023+0923 (15896 TOAs)

WARNING: Using tempo RNAMP parameter: setting TNRedC to 100!
✓ Loaded J0030+0451 (19571 TOAs)
✓ Loaded J0340+4130 (11093 TOAs)
✓ Loaded J0406+3039 (2446 TOAs)

WARNING: Using tempo RNAMP parameter: setting TNRedC to 100!
✓ Loaded J0437-4715 (5830 TOAs)
✓ Loaded J0509+0856 (2169 TOAs)
✓ Loaded J0557+1551 (525 TOAs)
✓ Loaded J0605+3757 (554 TOAs)

WARNING: Using tempo RNAMP parameter: setting TNRedC to 100!
✓ Loaded J0610-2100 (4885 TOAs)

WARNING: Using tempo RNAMP parameter: setting TNRedC to 100!
✓ Loaded J0613-0200 (17124 TOAs)
✓ Loaded J0614-3329 (1714 TOAs)
✓ Loaded J0636+5128 (32222 TOAs)
✓ Loaded J0645+5158 (10403 TOAs)
✓ Loaded J0709+0458 (3030 TOAs)
✓ Loaded J0740+6620 (13401 TOAs)
✓ Loaded J0931-1902 (5473 TOAs)

WARNING: Using tempo RNAMP parameter: setting TNRedC to 100!
✓ Loaded J1012+5307 (25837 TOAs)
✓ Loaded J1012-4235 (797 TOAs)
✓ Loaded J1022+1001 (3978 TOAs)
✓ Loaded J1024-0719 (12635 TOAs)
✓ Loaded J1125+7819 (8723 TOAs)
✓ Loaded J1312+0051 (1705 TOAs)
✓ Loaded J1453+1902 (2551 TOAs)
✓ Loaded J1455-3330 (10818 TOAs)

WARNING: Using tempo RNAMP parameter: setting TNRedC to 100!
✓ Loaded J1600-3053 (22955 TOAs)

WARNING: Using tempo RNAMP parameter: setting TNRedC to 100!
✓ Loaded J1600-3053gbt (19725 TOAs)

WARNING: Using tempo RNAMP parameter: setting TNRedC to 100!
✓ Loaded J1614-2230 (18445 TOAs)
✓ Loaded J1630+3734 (1815 TOAs)
✓ Loaded J1640+2224 (14066 TOAs)

WARNING: Using tempo RNAMP parameter: setting TNRedC to 100!
✓ Loaded J1643-1224 (22144 TOAs)

WARNING: Using tempo RNAMP parameter: setting TNRedC to 100!
✓ Loaded J1643-1224gbt (17932 TOAs)

WARNING: Using tempo RNAMP parameter: setting TNRedC to 100!
✓ Loaded J1705-1903 (9871 TOAs)

WARNING: Using tempo RNAMP parameter: setting TNRedC to 100!
✓ Loaded J1713+0747 (59389 TOAs)

WARNING: Using tempo RNAMP parameter: setting TNRedC to 100!
✓ Loaded J1713+0747ao (21362 TOAs)

WARNING: Using tempo RNAMP parameter: setting TNRedC to 100!
✓ Loaded J1713+0747gbt (32963 TOAs)
✓ Loaded J1719-1438 (6356 TOAs)
✓ Loaded J1730-2304 (4870 TOAs)
✓ Loaded J1738+0333 (8790 TOAs)
✓ Loaded J1741+1351 (5582 TOAs)

WARNING: Using tempo RNAMP parameter: setting TNRedC to 100!
✓ Loaded J1744-1134 (17745 TOAs)

WARNING: Using tempo RNAMP parameter: setting TNRedC to 100!
✓ Loaded J1745+1017 (3017 TOAs)

WARNING: Using tempo RNAMP parameter: setting TNRedC to 100!
✓ Loaded J1747-4036 (11055 TOAs)
✓ Loaded J1751-2857 (2025 TOAs)

WARNING: Using tempo RNAMP parameter: setting TNRedC to 100!
✓ Loaded J1802-2124 (6796 TOAs)
✓ Loaded J1811-2405 (5266 TOAs)
✓ Loaded J1832-0836 (7739 TOAs)
✓ Loaded J1843-1113 (4595 TOAs)

WARNING: Using tempo RNAMP parameter: setting TNRedC to 100!
✓ Loaded J1853+1303 (4570 TOAs)

WARNING: Using tempo RNAMP parameter: setting TNRedC to 100!
✓ Loaded J1903+0327 (6856 TOAs)

WARNING: Using tempo RNAMP parameter: setting TNRedC to 100!
✓ Loaded J1903+0327ao (6423 TOAs)

WARNING: Using tempo RNAMP parameter: setting TNRedC to 100!
✓ Loaded J1909-3744 (35037 TOAs)

WARNING: Using tempo RNAMP parameter: setting TNRedC to 100!
✓ Loaded J1909-3744gbt (31526 TOAs)
✓ Loaded J1910+1256 (6486 TOAs)
✓ Loaded J1911+1347 (3786 TOAs)
✓ Loaded J1918-0642 (18875 TOAs)
✓ Loaded J1923+2515 (3974 TOAs)
✓ Loaded J1944+0907 (5328 TOAs)

WARNING: Using tempo RNAMP parameter: setting TNRedC to 100!
✓ Loaded J1946+3417 (4743 TOAs)
✓ Loaded J2010-1323 (17077 TOAs)
✓ Loaded J2017+0603 (3512 TOAs)
✓ Loaded J2033+1734 (3847 TOAs)
✓ Loaded J2043+1711 (7397 TOAs)
✓ Loaded J2124-3358 (4982 TOAs)

WARNING: Using tempo RNAMP parameter: setting TNRedC to 100!
✓ Loaded J2145-0750 (18675 TOAs)
✓ Loaded J2214+3000 (7406 TOAs)
✓ Loaded J2229+2643 (3711 TOAs)

WARNING: Using tempo RNAMP parameter: setting TNRedC to 100!
✓ Loaded J2234+0611 (3566 TOAs)
✓ Loaded J2234+0944 (7535 TOAs)
✓ Loaded J2302+4442 (10211 TOAs)
✓ Loaded J2317+1439 (13927 TOAs)
✓ Loaded J2322+2057 (3088 TOAs)
⚠ Could not save cache: no default __reduce__ due to non-trivial __cinit__

✓ Loaded 76 pulsars
✗ Failed: 0 — []
[MEM] After loading pulsars: 8858.2 MB

🔍 Filtering pulsars...

Filtered: 76 → 67 pulsars
[MEM] After filtering pulsars: 8859.2 MB
[MEM] After garbage collection: 8859.2 MB

======================================================================
SMBHB POPULATION ANALYSIS
======================================================================

Configuration: optimistic
  Larger mass, higher spread in distance, small population
  N_binaries: 500

======================================================================
CONSISTENT POPULATION SYNTHESIS
======================================================================

======================================================================
GENERATING SNR-CONSISTENT POPULATIONS
======================================================================
Target SNR:          4.0
Simulations:         1
======================================================================


──────────────────────────────────────────────────────────────────────
SIMULATION 1/1
──────────────────────────────────────────────────────────────────────
  [B1855+09] zeroing residuals...
  [B1855+09] adding red noise...
  [B1855+09] white noise for 430_ASP (390 TOAs)...
  [B1855+09] white noise for L-wide_ASP (1178 TOAs)...
  [B1855+09] white noise for L-wide_PUPPI (5005 TOAs)...
  [B1855+09] white noise for 430_PUPPI (1185 TOAs)...
  [B1937+21] zeroing residuals...
  [B1937+21] adding red noise...
  [B1937+21] white noise for L-wide_PUPPI (4133 TOAs)...
  [B1937+21] white noise for S-wide_ASP (344 TOAs)...
  [B1937+21] white noise for Rcvr1_2_GASP (1069 TOAs)...
  [B1937+21] white noise for Rcvr_800_GUPPI (7140 TOAs)...
  [B1937+21] white noise for Rcvr_800_GASP (586 TOAs)...
  [B1937+21] white noise for S-wide_PUPPI (2251 TOAs)...
  [B1937+21] white noise for L-wide_ASP (452 TOAs)...
  [B1937+21] white noise for Rcvr1_2_GUPPI (7048 TOAs)...
  [B1953+29] zeroing residuals...
  [B1953+29] adding red noise...
  [B1953+29] white noise for 430_ASP (29 TOAs)...
  [B1953+29] white noise for L-wide_PUPPI (4037 TOAs)...
  [B1953+29] white noise for S-wide_ASP (25 TOAs)...
  [B1953+29] white noise for 430_PUPPI (941 TOAs)...
  [B1953+29] white noise for L-wide_ASP (94 TOAs)...
  [J0023+0923] zeroing residuals...
  [J0023+0923] adding red noise...
  [J0023+0923] white noise for 430_ASP (90 TOAs)...
  [J0023+0923] white noise for L-wide_ASP (119 TOAs)...
  [J0023+0923] white noise for L-wide_PUPPI (11123 TOAs)...
  [J0023+0923] white noise for 430_PUPPI (4564 TOAs)...
  [J0030+0451] zeroing residuals...
  [J0030+0451] adding red noise...
  [J0030+0451] white noise for 430_ASP (267 TOAs)...
  [J0030+0451] white noise for L-wide_PUPPI (12774 TOAs)...
  [J0030+0451] white noise for 430_PUPPI (3068 TOAs)...
  [J0030+0451] white noise for S-wide_PUPPI (2673 TOAs)...
  [J0030+0451] white noise for L-wide_ASP (789 TOAs)...
  [J0340+4130] zeroing residuals...
  [J0340+4130] adding red noise...
  [J0340+4130] white noise for Rcvr_800_GUPPI (6056 TOAs)...
  [J0340+4130] white noise for Rcvr1_2_GUPPI (5037 TOAs)...
  [J0406+3039] zeroing residuals...
  [J0406+3039] adding red noise...
  [J0406+3039] white noise for L-wide_PUPPI (1871 TOAs)...
  [J0406+3039] white noise for S-wide_PUPPI (575 TOAs)...
  [J0437-4715] zeroing residuals...
  [J0437-4715] adding red noise...
  [J0437-4715] white noise for 1.5GHz_YUPPI (2134 TOAs)...
  [J0437-4715] white noise for 3GHz_YUPPI (3696 TOAs)...
  [J0509+0856] zeroing residuals...
  [J0509+0856] adding red noise...
  [J0509+0856] white noise for L-wide_PUPPI (1625 TOAs)...
  [J0509+0856] white noise for S-wide_PUPPI (544 TOAs)...
  [J0557+1551] zeroing residuals...
  [J0557+1551] adding red noise...
  [J0557+1551] white noise for L-wide_PUPPI (467 TOAs)...
  [J0557+1551] white noise for S-wide_PUPPI (58 TOAs)...
  [J0605+3757] zeroing residuals...
  [J0605+3757] adding red noise...
  [J0605+3757] white noise for Rcvr_800_GUPPI (236 TOAs)...
  [J0605+3757] white noise for Rcvr1_2_GUPPI (318 TOAs)...
  [J0610-2100] zeroing residuals...
  [J0610-2100] adding red noise...
  [J0610-2100] white noise for Rcvr_800_GUPPI (2484 TOAs)...
  [J0610-2100] white noise for Rcvr1_2_GUPPI (2401 TOAs)...
  [J0613-0200] zeroing residuals...
  [J0613-0200] adding red noise...
  [J0613-0200] white noise for Rcvr1_2_GASP (992 TOAs)...
  [J0613-0200] white noise for Rcvr_800_GASP (809 TOAs)...
  [J0613-0200] white noise for Rcvr_800_GUPPI (7900 TOAs)...
  [J0613-0200] white noise for Rcvr1_2_GUPPI (7423 TOAs)...
  [J0636+5128] zeroing residuals...
  [J0636+5128] adding red noise...
  [J0636+5128] white noise for Rcvr_800_GUPPI (17419 TOAs)...
  [J0636+5128] white noise for Rcvr1_2_GUPPI (14803 TOAs)...
  [J0645+5158] zeroing residuals...
  [J0645+5158] adding red noise...
  [J0645+5158] white noise for Rcvr_800_GUPPI (4682 TOAs)...
  [J0645+5158] white noise for Rcvr1_2_GUPPI (5721 TOAs)...
  [J0709+0458] zeroing residuals...
  [J0709+0458] adding red noise...
  [J0709+0458] white noise for L-wide_PUPPI (2435 TOAs)...
  [J0709+0458] white noise for S-wide_PUPPI (595 TOAs)...
  [J0740+6620] zeroing residuals...
  [J0740+6620] adding red noise...
  [J0740+6620] white noise for Rcvr_800_GUPPI (5136 TOAs)...
  [J0740+6620] white noise for Rcvr1_2_GUPPI (8265 TOAs)...
  [J0931-1902] zeroing residuals...
  [J0931-1902] adding red noise...
  [J0931-1902] white noise for Rcvr_800_GUPPI (3419 TOAs)...
  [J0931-1902] white noise for Rcvr1_2_GUPPI (2054 TOAs)...
  [J1012+5307] zeroing residuals...
  [J1012+5307] adding red noise...
  [J1012+5307] white noise for Rcvr1_2_GASP (1479 TOAs)...
  [J1012+5307] white noise for Rcvr_800_GASP (1210 TOAs)...
  [J1012+5307] white noise for Rcvr_800_GUPPI (10299 TOAs)...
  [J1012+5307] white noise for Rcvr1_2_GUPPI (12849 TOAs)...
  [J1012-4235] zeroing residuals...
  [J1012-4235] adding red noise...
  [J1012-4235] white noise for Rcvr_800_GUPPI (342 TOAs)...
  [J1012-4235] white noise for Rcvr1_2_GUPPI (455 TOAs)...
  [J1022+1001] zeroing residuals...
  [J1022+1001] adding red noise...
  [J1022+1001] white noise for L-wide_PUPPI (2592 TOAs)...
  [J1022+1001] white noise for S-wide_PUPPI (1154 TOAs)...
  [J1022+1001] white noise for 430_PUPPI (232 TOAs)...
  [J1024-0719] zeroing residuals...
  [J1024-0719] adding red noise...
  [J1024-0719] white noise for Rcvr1_2_GASP (43 TOAs)...
  [J1024-0719] white noise for Rcvr_800_GASP (51 TOAs)...
  [J1024-0719] white noise for Rcvr_800_GUPPI (5455 TOAs)...
  [J1024-0719] white noise for Rcvr1_2_GUPPI (7086 TOAs)...
  [J1125+7819] zeroing residuals...
  [J1125+7819] adding red noise...
  [J1125+7819] white noise for Rcvr_800_GUPPI (4707 TOAs)...
  [J1125+7819] white noise for Rcvr1_2_GUPPI (4016 TOAs)...
  [J1312+0051] zeroing residuals...
  [J1312+0051] adding red noise...
  [J1312+0051] white noise for L-wide_PUPPI (1289 TOAs)...
  [J1312+0051] white noise for S-wide_PUPPI (416 TOAs)...
  [J1453+1902] zeroing residuals...
  [J1453+1902] adding red noise...
  [J1453+1902] white noise for L-wide_PUPPI (2122 TOAs)...
  [J1453+1902] white noise for S-wide_PUPPI (4 TOAs)...
  [J1453+1902] white noise for 430_PUPPI (425 TOAs)...
  [J1455-3330] zeroing residuals...
  [J1455-3330] adding red noise...
  [J1455-3330] white noise for Rcvr1_2_GASP (564 TOAs)...
  [J1455-3330] white noise for Rcvr_800_GASP (479 TOAs)...
  [J1455-3330] white noise for Rcvr_800_GUPPI (4843 TOAs)...
  [J1455-3330] white noise for Rcvr1_2_GUPPI (4932 TOAs)...
  [J1600-3053] zeroing residuals...
  [J1600-3053] adding red noise...
  [J1600-3053] white noise for 3GHz_YUPPI (3237 TOAs)...
  [J1600-3053] white noise for Rcvr1_2_GASP (457 TOAs)...
  [J1600-3053] white noise for Rcvr_800_GUPPI (8796 TOAs)...
  [J1600-3053] white noise for Rcvr_800_GASP (297 TOAs)...
  [J1600-3053] white noise for Rcvr1_2_GUPPI (10168 TOAs)...
  [J1614-2230] zeroing residuals...
  [J1614-2230] adding red noise...
  [J1614-2230] white noise for Rcvr1_2_GASP (84 TOAs)...
  [J1614-2230] white noise for Rcvr_800_GASP (84 TOAs)...
  [J1614-2230] white noise for Rcvr_800_GUPPI (7768 TOAs)...
  [J1614-2230] white noise for Rcvr1_2_GUPPI (10509 TOAs)...
  [J1630+3734] zeroing residuals...
  [J1630+3734] adding red noise...
  [J1630+3734] white noise for Rcvr_800_GUPPI (906 TOAs)...
  [J1630+3734] white noise for Rcvr1_2_GUPPI (909 TOAs)...
  [J1640+2224] zeroing residuals...
  [J1640+2224] adding red noise...
  [J1640+2224] white noise for 430_ASP (340 TOAs)...
  [J1640+2224] white noise for L-wide_ASP (722 TOAs)...
  [J1640+2224] white noise for L-wide_PUPPI (9847 TOAs)...
  [J1640+2224] white noise for 430_PUPPI (3157 TOAs)...
  [J1643-1224] zeroing residuals...
  [J1643-1224] adding red noise...
  [J1643-1224] white noise for 3GHz_YUPPI (4215 TOAs)...
  [J1643-1224] white noise for Rcvr1_2_GASP (833 TOAs)...
  [J1643-1224] white noise for Rcvr_800_GUPPI (7734 TOAs)...
  [J1643-1224] white noise for Rcvr_800_GASP (559 TOAs)...
  [J1643-1224] white noise for Rcvr1_2_GUPPI (8803 TOAs)...
  [J1705-1903] zeroing residuals...
  [J1705-1903] adding red noise...
  [J1705-1903] white noise for Rcvr_800_GUPPI (3521 TOAs)...
  [J1705-1903] white noise for Rcvr1_2_GUPPI (6350 TOAs)...
  [J1713+0747] zeroing residuals...
  [J1713+0747] adding red noise...
  [J1713+0747] white noise for L-wide_PUPPI (12743 TOAs)...
  [J1713+0747] white noise for S-wide_ASP (624 TOAs)...
  [J1713+0747] white noise for 3GHz_YUPPI (3282 TOAs)...
  [J1713+0747] white noise for Rcvr1_2_GASP (1109 TOAs)...
  [J1713+0747] white noise for Rcvr_800_GUPPI (8479 TOAs)...
  [J1713+0747] white noise for 1.5GHz_YUPPI (1461 TOAs)...
  [J1713+0747] white noise for Rcvr_800_GASP (1032 TOAs)...
  [J1713+0747] white noise for S-wide_PUPPI (7482 TOAs)...
  [J1713+0747] white noise for L-wide_ASP (843 TOAs)...
  [J1713+0747] white noise for Rcvr1_2_GUPPI (22334 TOAs)...
  [J1719-1438] zeroing residuals...
  [J1719-1438] adding red noise...
  [J1719-1438] white noise for Rcvr_800_GUPPI (3634 TOAs)...
  [J1719-1438] white noise for Rcvr1_2_GUPPI (2722 TOAs)...
  [J1730-2304] zeroing residuals...
  [J1730-2304] adding red noise...
  [J1730-2304] white noise for Rcvr_800_GUPPI (2503 TOAs)...
  [J1730-2304] white noise for Rcvr1_2_GUPPI (2367 TOAs)...
  [J1738+0333] zeroing residuals...
  [J1738+0333] adding red noise...
  [J1738+0333] white noise for L-wide_PUPPI (6718 TOAs)...
  [J1738+0333] white noise for S-wide_ASP (134 TOAs)...
  [J1738+0333] white noise for S-wide_PUPPI (1737 TOAs)...
  [J1738+0333] white noise for L-wide_ASP (201 TOAs)...
  [J1741+1351] zeroing residuals...
  [J1741+1351] adding red noise...
  [J1741+1351] white noise for 430_ASP (27 TOAs)...
  [J1741+1351] white noise for L-wide_PUPPI (4045 TOAs)...
  [J1741+1351] white noise for S-wide_ASP (115 TOAs)...
  [J1741+1351] white noise for 430_PUPPI (1159 TOAs)...
  [J1741+1351] white noise for L-wide_ASP (236 TOAs)...
  [J1744-1134] zeroing residuals...
  [J1744-1134] adding red noise...
  [J1744-1134] white noise for Rcvr1_2_GASP (807 TOAs)...
  [J1744-1134] white noise for Rcvr_800_GASP (930 TOAs)...
  [J1744-1134] white noise for Rcvr_800_GUPPI (7899 TOAs)...
  [J1744-1134] white noise for Rcvr1_2_GUPPI (8109 TOAs)...
  [J1745+1017] zeroing residuals...
  [J1745+1017] adding red noise...
  [J1745+1017] white noise for L-wide_PUPPI (2179 TOAs)...
  [J1745+1017] white noise for S-wide_PUPPI (838 TOAs)...
  [J1747-4036] zeroing residuals...
  [J1747-4036] adding red noise...
  [J1747-4036] white noise for Rcvr_800_GUPPI (5816 TOAs)...
  [J1747-4036] white noise for Rcvr1_2_GUPPI (5239 TOAs)...
  [J1751-2857] zeroing residuals...
  [J1751-2857] adding red noise...
  [J1751-2857] white noise for Rcvr_800_GUPPI (239 TOAs)...
  [J1751-2857] white noise for Rcvr1_2_GUPPI (1786 TOAs)...
  [J1802-2124] zeroing residuals...
  [J1802-2124] adding red noise...
  [J1802-2124] white noise for Rcvr_800_GUPPI (3565 TOAs)...
  [J1802-2124] white noise for Rcvr1_2_GUPPI (3231 TOAs)...
  [J1811-2405] zeroing residuals...
  [J1811-2405] adding red noise...
  [J1811-2405] white noise for Rcvr_800_GUPPI (2628 TOAs)...
  [J1811-2405] white noise for Rcvr1_2_GUPPI (2638 TOAs)...
  [J1832-0836] zeroing residuals...
  [J1832-0836] adding red noise...
  [J1832-0836] white noise for Rcvr_800_GUPPI (3078 TOAs)...
  [J1832-0836] white noise for Rcvr1_2_GUPPI (4661 TOAs)...
  [J1843-1113] zeroing residuals...
  [J1843-1113] adding red noise...
  [J1843-1113] white noise for Rcvr_800_GUPPI (2201 TOAs)...
  [J1843-1113] white noise for Rcvr1_2_GUPPI (2394 TOAs)...
  [J1853+1303] zeroing residuals...
  [J1853+1303] adding red noise...
  [J1853+1303] white noise for 430_ASP (24 TOAs)...
  [J1853+1303] white noise for L-wide_ASP (33 TOAs)...
  [J1853+1303] white noise for L-wide_PUPPI (3362 TOAs)...
  [J1853+1303] white noise for 430_PUPPI (1151 TOAs)...
  [J1903+0327] zeroing residuals...
  [J1903+0327] adding red noise...
  [J1903+0327] white noise for L-wide_PUPPI (3845 TOAs)...
  [J1903+0327] white noise for S-wide_ASP (151 TOAs)...
  [J1903+0327] white noise for 3GHz_YUPPI (439 TOAs)...
  [J1903+0327] white noise for S-wide_PUPPI (2282 TOAs)...
  [J1903+0327] white noise for L-wide_ASP (139 TOAs)...
  [J1909-3744] zeroing residuals...
  [J1909-3744] adding red noise...
  [J1909-3744] white noise for 3GHz_YUPPI (3525 TOAs)...
  [J1909-3744] white noise for Rcvr1_2_GASP (808 TOAs)...
  [J1909-3744] white noise for Rcvr_800_GUPPI (9399 TOAs)...
  [J1909-3744] white noise for Rcvr_800_GASP (866 TOAs)...
  [J1909-3744] white noise for Rcvr1_2_GUPPI (20439 TOAs)...
  [J1910+1256] zeroing residuals...
  [J1910+1256] adding red noise...
  [J1910+1256] white noise for L-wide_PUPPI (4124 TOAs)...
  [J1910+1256] white noise for S-wide_ASP (208 TOAs)...
  [J1910+1256] white noise for S-wide_PUPPI (1857 TOAs)...
  [J1910+1256] white noise for L-wide_ASP (297 TOAs)...
  [J1911+1347] zeroing residuals...
  [J1911+1347] adding red noise...
  [J1911+1347] white noise for L-wide_PUPPI (3033 TOAs)...
  [J1911+1347] white noise for 430_PUPPI (753 TOAs)...
  [J1918-0642] zeroing residuals...
  [J1918-0642] adding red noise...
  [J1918-0642] white noise for Rcvr1_2_GASP (778 TOAs)...
  [J1918-0642] white noise for Rcvr_800_GASP (835 TOAs)...
  [J1918-0642] white noise for Rcvr_800_GUPPI (8352 TOAs)...
  [J1918-0642] white noise for Rcvr1_2_GUPPI (8910 TOAs)...
  [J1923+2515] zeroing residuals...
  [J1923+2515] adding red noise...
  [J1923+2515] white noise for 430_ASP (10 TOAs)...
  [J1923+2515] white noise for L-wide_ASP (14 TOAs)...
  [J1923+2515] white noise for L-wide_PUPPI (3028 TOAs)...
  [J1923+2515] white noise for 430_PUPPI (922 TOAs)...
  [J1944+0907] zeroing residuals...
  [J1944+0907] adding red noise...
  [J1944+0907] white noise for 430_ASP (38 TOAs)...
  [J1944+0907] white noise for L-wide_PUPPI (3900 TOAs)...
  [J1944+0907] white noise for S-wide_ASP (116 TOAs)...
  [J1944+0907] white noise for 430_PUPPI (1017 TOAs)...
  [J1944+0907] white noise for L-wide_ASP (257 TOAs)...
  [J1946+3417] zeroing residuals...
  [J1946+3417] adding red noise...
  [J1946+3417] white noise for L-wide_PUPPI (3197 TOAs)...
  [J1946+3417] white noise for S-wide_PUPPI (1546 TOAs)...
  [J2010-1323] zeroing residuals...
  [J2010-1323] adding red noise...
  [J2010-1323] white noise for Rcvr1_2_GASP (70 TOAs)...
  [J2010-1323] white noise for Rcvr_800_GASP (70 TOAs)...
  [J2010-1323] white noise for Rcvr_800_GUPPI (9158 TOAs)...
  [J2010-1323] white noise for Rcvr1_2_GUPPI (7779 TOAs)...
  [J2017+0603] zeroing residuals...
  [J2017+0603] adding red noise...
  [J2017+0603] white noise for L-wide_ASP (16 TOAs)...
  [J2017+0603] white noise for L-wide_PUPPI (2569 TOAs)...
  [J2017+0603] white noise for S-wide_PUPPI (849 TOAs)...
  [J2017+0603] white noise for 430_PUPPI (78 TOAs)...
  [J2033+1734] zeroing residuals...
  [J2033+1734] adding red noise...
  [J2033+1734] white noise for L-wide_PUPPI (3050 TOAs)...
  [J2033+1734] white noise for 430_PUPPI (797 TOAs)...
  [J2043+1711] zeroing residuals...
  [J2043+1711] adding red noise...
  [J2043+1711] white noise for 430_ASP (30 TOAs)...
  [J2043+1711] white noise for L-wide_ASP (40 TOAs)...
  [J2043+1711] white noise for L-wide_PUPPI (4419 TOAs)...
  [J2043+1711] white noise for 430_PUPPI (2908 TOAs)...
  [J2124-3358] zeroing residuals...
  [J2124-3358] adding red noise...
  [J2124-3358] white noise for Rcvr_800_GUPPI (2025 TOAs)...
  [J2124-3358] white noise for Rcvr1_2_GUPPI (2957 TOAs)...
  [J2145-0750] zeroing residuals...
  [J2145-0750] adding red noise...
  [J2145-0750] white noise for Rcvr1_2_GASP (427 TOAs)...
  [J2145-0750] white noise for Rcvr_800_GASP (362 TOAs)...
  [J2145-0750] white noise for Rcvr_800_GUPPI (8728 TOAs)...
  [J2145-0750] white noise for Rcvr1_2_GUPPI (9158 TOAs)...
  [J2214+3000] zeroing residuals...
  [J2214+3000] adding red noise...
  [J2214+3000] white noise for L-wide_PUPPI (5829 TOAs)...
  [J2214+3000] white noise for S-wide_PUPPI (1568 TOAs)...
  [J2214+3000] white noise for L-wide_ASP (9 TOAs)...
  [J2229+2643] zeroing residuals...
  [J2229+2643] adding red noise...
  [J2229+2643] white noise for L-wide_PUPPI (2755 TOAs)...
  [J2229+2643] white noise for 430_PUPPI (956 TOAs)...
  [J2234+0611] zeroing residuals...
  [J2234+0611] adding red noise...
  [J2234+0611] white noise for L-wide_PUPPI (2913 TOAs)...
  [J2234+0611] white noise for 430_PUPPI (653 TOAs)...
  [J2234+0944] zeroing residuals...
  [J2234+0944] adding red noise...
  [J2234+0944] white noise for L-wide_PUPPI (5003 TOAs)...
  [J2234+0944] white noise for S-wide_PUPPI (2532 TOAs)...
  [J2302+4442] zeroing residuals...
  [J2302+4442] adding red noise...
  [J2302+4442] white noise for Rcvr_800_GUPPI (6432 TOAs)...
  [J2302+4442] white noise for Rcvr1_2_GUPPI (3779 TOAs)...
  [J2317+1439] zeroing residuals...
  [J2317+1439] adding red noise...
  [J2317+1439] white noise for 430_ASP (458 TOAs)...
  [J2317+1439] white noise for L-wide_PUPPI (9563 TOAs)...
  [J2317+1439] white noise for 327_ASP (413 TOAs)...
  [J2317+1439] white noise for 430_PUPPI (3217 TOAs)...
  [J2317+1439] white noise for 327_PUPPI (276 TOAs)...
  [J2322+2057] zeroing residuals...
  [J2322+2057] adding red noise...
  [J2322+2057] white noise for L-wide_PUPPI (2196 TOAs)...
  [J2322+2057] white noise for S-wide_PUPPI (140 TOAs)...
  [J2322+2057] white noise for 430_PUPPI (752 TOAs)...
Resetting pulsars to clean stoas...
Restore: 0.01 s
Inject: 0.00 s
Snapshotting into enterprise Pulsar objects...
Building PTA...
PTA build: 444.69 s
Computing optimal statistic...
OS time: 54.85 s
Total: 499.54 s
Noise-only SNR baseline: -0.9393

Generating SNR-consistent population...
Target SNR: 4.0
Resetting pulsars to clean stoas...
Restore: 0.00 s
Injecting population...
  B1855+09: RMS = 6959.535 ns
  B1937+21: RMS = 6464.902 ns
  B1953+29: RMS = 6458.364 ns
  J0023+0923: RMS = 3889.672 ns
  J0030+0451: RMS = 2614.257 ns
  J0340+4130: RMS = 2476.652 ns
  J0406+3039: RMS = 450.066 ns
  J0437-4715: RMS = 4172.043 ns
  J0509+0856: RMS = 1273.936 ns
  J0557+1551: RMS = 2008.933 ns
  J0605+3757: RMS = 1274.539 ns
  J0610-2100: RMS = 2136.944 ns
  J0613-0200: RMS = 3365.006 ns
  J0636+5128: RMS = 2787.502 ns
  J0645+5158: RMS = 3214.006 ns
  J0709+0458: RMS = 2298.868 ns
  J0740+6620: RMS = 3330.631 ns
  J0931-1902: RMS = 3599.493 ns
  J1012+5307: RMS = 4759.495 ns
  J1012-4235: RMS = 3165.071 ns
  J1022+1001: RMS = 1516.477 ns
  J1024-0719: RMS = 2921.833 ns
  J1125+7819: RMS = 2198.678 ns
  J1312+0051: RMS = 2365.178 ns
  J1453+1902: RMS = 1492.275 ns
  J1455-3330: RMS = 1915.955 ns
  J1600-3053: RMS = 1989.474 ns
  J1614-2230: RMS = 2526.816 ns
  J1630+3734: RMS = 1292.168 ns
  J1640+2224: RMS = 4872.726 ns
  J1643-1224: RMS = 2915.656 ns
  J1705-1903: RMS = 1534.155 ns
  J1713+0747: RMS = 7765.711 ns
  J1719-1438: RMS = 1379.165 ns
  J1730-2304: RMS = 797.443 ns
  J1738+0333: RMS = 7542.726 ns
  J1741+1351: RMS = 7660.695 ns
  J1744-1134: RMS = 3324.261 ns
  J1745+1017: RMS = 10921.299 ns
  J1747-4036: RMS = 6714.157 ns
  J1751-2857: RMS = 2989.540 ns
  J1802-2124: RMS = 1972.557 ns
  J1811-2405: RMS = 1551.978 ns
  J1832-0836: RMS = 2736.568 ns
  J1843-1113: RMS = 1579.650 ns
  J1853+1303: RMS = 7174.364 ns
  J1903+0327: RMS = 5602.208 ns
  J1909-3744: RMS = 7192.432 ns
  J1910+1256: RMS = 6642.216 ns
  J1911+1347: RMS = 5621.424 ns
  J1918-0642: RMS = 1953.735 ns
  J1923+2515: RMS = 7132.308 ns
  J1944+0907: RMS = 5996.914 ns
  J1946+3417: RMS = 5188.319 ns
  J2010-1323: RMS = 4296.497 ns
  J2017+0603: RMS = 4177.179 ns
  J2033+1734: RMS = 4058.375 ns
  J2043+1711: RMS = 4255.933 ns
  J2124-3358: RMS = 4853.281 ns
  J2145-0750: RMS = 6436.645 ns
  J2214+3000: RMS = 4583.285 ns
  J2229+2643: RMS = 2563.499 ns
  J2234+0611: RMS = 2484.600 ns
  J2234+0944: RMS = 4502.611 ns
  J2302+4442: RMS = 10075.215 ns
  J2317+1439: RMS = 3522.883 ns
  J2322+2057: RMS = 2401.898 ns
Inject: 0.55 s
Snapshotting into enterprise Pulsar objects...
Building PTA...
PTA build: 439.57 s
Computing optimal statistic...
OS time: 52.96 s
Total: 493.07 s
Initial SNR: 227.2931, Target SNR: 4.0000
  Initial SNR 227.2931 outside of provided SNR_range [3.5, 4.25] — rescaling.
Scaling distances by factor 6.7976 to achieve target SNR...
Resetting pulsars to clean stoas...
Restore: 0.00 s
Injecting population...
  B1855+09: RMS = 1023.826 ns
  B1937+21: RMS = 951.060 ns
  B1953+29: RMS = 950.098 ns
  J0023+0923: RMS = 572.215 ns
  J0030+0451: RMS = 384.587 ns
  J0340+4130: RMS = 364.343 ns
  J0406+3039: RMS = 66.210 ns
  J0437-4715: RMS = 613.755 ns
  J0509+0856: RMS = 187.410 ns
  J0557+1551: RMS = 295.537 ns
  J0605+3757: RMS = 187.499 ns
  J0610-2100: RMS = 314.369 ns
  J0613-0200: RMS = 495.030 ns
  J0636+5128: RMS = 410.073 ns
  J0645+5158: RMS = 472.817 ns
  J0709+0458: RMS = 338.189 ns
  J0740+6620: RMS = 489.973 ns
  J0931-1902: RMS = 529.526 ns
  J1012+5307: RMS = 700.175 ns
  J1012-4235: RMS = 465.618 ns
  J1022+1001: RMS = 223.091 ns
  J1024-0719: RMS = 429.835 ns
  J1125+7819: RMS = 323.450 ns
  J1312+0051: RMS = 347.944 ns
  J1453+1902: RMS = 219.531 ns
  J1455-3330: RMS = 281.859 ns
  J1600-3053: RMS = 292.674 ns
  J1614-2230: RMS = 371.723 ns
  J1630+3734: RMS = 190.093 ns
  J1640+2224: RMS = 716.833 ns
  J1643-1224: RMS = 428.926 ns
  J1705-1903: RMS = 225.691 ns
  J1713+0747: RMS = 1142.424 ns
  J1719-1438: RMS = 202.891 ns
  J1730-2304: RMS = 117.313 ns
  J1738+0333: RMS = 1109.620 ns
  J1741+1351: RMS = 1126.975 ns
  J1744-1134: RMS = 489.036 ns
  J1745+1017: RMS = 1606.646 ns
  J1747-4036: RMS = 987.728 ns
  J1751-2857: RMS = 439.795 ns
  J1802-2124: RMS = 290.185 ns
  J1811-2405: RMS = 228.314 ns
  J1832-0836: RMS = 402.580 ns
  J1843-1113: RMS = 232.384 ns
  J1853+1303: RMS = 1055.430 ns
  J1903+0327: RMS = 824.148 ns
  J1909-3744: RMS = 1058.088 ns
  J1910+1256: RMS = 977.145 ns
  J1911+1347: RMS = 826.975 ns
  J1918-0642: RMS = 287.416 ns
  J1923+2515: RMS = 1049.243 ns
  J1944+0907: RMS = 882.214 ns
  J1946+3417: RMS = 763.260 ns
  J2010-1323: RMS = 632.063 ns
  J2017+0603: RMS = 614.510 ns
  J2033+1734: RMS = 597.033 ns
  J2043+1711: RMS = 626.096 ns
  J2124-3358: RMS = 713.972 ns
  J2145-0750: RMS = 946.903 ns
  J2214+3000: RMS = 674.253 ns
  J2229+2643: RMS = 377.120 ns
  J2234+0611: RMS = 365.513 ns
  J2234+0944: RMS = 662.385 ns
  J2302+4442: RMS = 1482.178 ns
  J2317+1439: RMS = 518.256 ns
  J2322+2057: RMS = 353.346 ns
Inject: 0.51 s
Snapshotting into enterprise Pulsar objects...
Building PTA...
PTA build: 473.04 s
Computing optimal statistic...
OS time: 71.85 s
Total: 545.40 s
  SNR 6.9648 outside of provided SNR_range [3.5, 4.25] — rescaling.
[Iteration 1/100] SNR after scaling: 6.9648 (target: 4.0000)
  SNR history: it0→227.2931@1.0000x, it1→6.9648@6.7976x
  Re-scaling distances by factor 1.3073  (cumulative after: 8.8862×)
Resetting pulsars to clean stoas...
Restore: 5.91 s
Injecting population...
  B1855+09: RMS = 783.181 ns
  B1937+21: RMS = 727.518 ns
  B1953+29: RMS = 726.782 ns
  J0023+0923: RMS = 437.718 ns
  J0030+0451: RMS = 294.191 ns
  J0340+4130: RMS = 278.706 ns
  J0406+3039: RMS = 50.647 ns
  J0437-4715: RMS = 469.494 ns
  J0509+0856: RMS = 143.360 ns
  J0557+1551: RMS = 226.072 ns
  J0605+3757: RMS = 143.428 ns
  J0610-2100: RMS = 240.478 ns
  J0613-0200: RMS = 378.676 ns
  J0636+5128: RMS = 313.687 ns
  J0645+5158: RMS = 361.683 ns
  J0709+0458: RMS = 258.700 ns
  J0740+6620: RMS = 374.807 ns
  J0931-1902: RMS = 405.063 ns
  J1012+5307: RMS = 535.603 ns
  J1012-4235: RMS = 356.176 ns
  J1022+1001: RMS = 170.654 ns
  J1024-0719: RMS = 328.804 ns
  J1125+7819: RMS = 247.425 ns
  J1312+0051: RMS = 266.162 ns
  J1453+1902: RMS = 167.931 ns
  J1455-3330: RMS = 215.609 ns
  J1600-3053: RMS = 223.882 ns
  J1614-2230: RMS = 284.351 ns
  J1630+3734: RMS = 145.412 ns
  J1640+2224: RMS = 548.345 ns
  J1643-1224: RMS = 328.109 ns
  J1705-1903: RMS = 172.644 ns
  J1713+0747: RMS = 873.902 ns
  J1719-1438: RMS = 155.202 ns
  J1730-2304: RMS = 89.739 ns
  J1738+0333: RMS = 848.809 ns
  J1741+1351: RMS = 862.085 ns
  J1744-1134: RMS = 374.091 ns
  J1745+1017: RMS = 1229.012 ns
  J1747-4036: RMS = 755.567 ns
  J1751-2857: RMS = 336.423 ns
  J1802-2124: RMS = 221.979 ns
  J1811-2405: RMS = 174.650 ns
  J1832-0836: RMS = 307.956 ns
  J1843-1113: RMS = 177.764 ns
  J1853+1303: RMS = 807.356 ns
  J1903+0327: RMS = 630.436 ns
  J1909-3744: RMS = 809.389 ns
  J1910+1256: RMS = 747.472 ns
  J1911+1347: RMS = 632.598 ns
  J1918-0642: RMS = 219.861 ns
  J1923+2515: RMS = 802.623 ns
  J1944+0907: RMS = 674.854 ns
  J1946+3417: RMS = 583.860 ns
  J2010-1323: RMS = 483.500 ns
  J2017+0603: RMS = 470.072 ns
  J2033+1734: RMS = 456.703 ns
  J2043+1711: RMS = 478.935 ns
  J2124-3358: RMS = 546.157 ns
  J2145-0750: RMS = 724.338 ns
  J2214+3000: RMS = 515.773 ns
  J2229+2643: RMS = 288.479 ns
  J2234+0611: RMS = 279.601 ns
  J2234+0944: RMS = 506.694 ns
  J2302+4442: RMS = 1133.799 ns
  J2317+1439: RMS = 396.442 ns
  J2322+2057: RMS = 270.294 ns
Inject: 0.52 s
Snapshotting into enterprise Pulsar objects...
Building PTA...
PTA build: 436.86 s
Computing optimal statistic...
OS time: 42.58 s
Total: 485.87 s
  SNR 4.3094 outside of provided SNR_range [3.5, 4.25] — rescaling.
[Iteration 2/100] SNR after scaling: 4.3094 (target: 4.0000)
  SNR history: it0→227.2931@1.0000x, it1→6.9648@6.7976x, it2→4.3094@8.8862x
  Re-scaling distances by factor 1.0201  (cumulative after: 9.0648×)
Resetting pulsars to clean stoas...
Restore: 0.01 s
Injecting population...
  B1855+09: RMS = 767.755 ns
  B1937+21: RMS = 713.188 ns
  B1953+29: RMS = 712.467 ns
  J0023+0923: RMS = 429.097 ns
  J0030+0451: RMS = 288.397 ns
  J0340+4130: RMS = 273.217 ns
  J0406+3039: RMS = 49.650 ns
  J0437-4715: RMS = 460.247 ns
  J0509+0856: RMS = 140.537 ns
  J0557+1551: RMS = 221.619 ns
  J0605+3757: RMS = 140.603 ns
  J0610-2100: RMS = 235.741 ns
  J0613-0200: RMS = 371.217 ns
  J0636+5128: RMS = 307.509 ns
  J0645+5158: RMS = 354.559 ns
  J0709+0458: RMS = 253.604 ns
  J0740+6620: RMS = 367.425 ns
  J0931-1902: RMS = 397.085 ns
  J1012+5307: RMS = 525.053 ns
  J1012-4235: RMS = 349.161 ns
  J1022+1001: RMS = 167.293 ns
  J1024-0719: RMS = 322.328 ns
  J1125+7819: RMS = 242.551 ns
  J1312+0051: RMS = 260.919 ns
  J1453+1902: RMS = 164.623 ns
  J1455-3330: RMS = 211.362 ns
  J1600-3053: RMS = 219.473 ns
  J1614-2230: RMS = 278.751 ns
  J1630+3734: RMS = 142.548 ns
  J1640+2224: RMS = 537.544 ns
  J1643-1224: RMS = 321.646 ns
  J1705-1903: RMS = 169.243 ns
  J1713+0747: RMS = 856.689 ns
  J1719-1438: RMS = 152.145 ns
  J1730-2304: RMS = 87.971 ns
  J1738+0333: RMS = 832.090 ns
  J1741+1351: RMS = 845.104 ns
  J1744-1134: RMS = 366.722 ns
  J1745+1017: RMS = 1204.804 ns
  J1747-4036: RMS = 740.685 ns
  J1751-2857: RMS = 329.797 ns
  J1802-2124: RMS = 217.606 ns
  J1811-2405: RMS = 171.210 ns
  J1832-0836: RMS = 301.890 ns
  J1843-1113: RMS = 174.262 ns
  J1853+1303: RMS = 791.454 ns
  J1903+0327: RMS = 618.018 ns
  J1909-3744: RMS = 793.447 ns
  J1910+1256: RMS = 732.749 ns
  J1911+1347: RMS = 620.138 ns
  J1918-0642: RMS = 215.530 ns
  J1923+2515: RMS = 786.814 ns
  J1944+0907: RMS = 661.561 ns
  J1946+3417: RMS = 572.359 ns
  J2010-1323: RMS = 473.976 ns
  J2017+0603: RMS = 460.814 ns
  J2033+1734: RMS = 447.708 ns
  J2043+1711: RMS = 469.502 ns
  J2124-3358: RMS = 535.399 ns
  J2145-0750: RMS = 710.071 ns
  J2214+3000: RMS = 505.614 ns
  J2229+2643: RMS = 282.797 ns
  J2234+0611: RMS = 274.093 ns
  J2234+0944: RMS = 496.714 ns
  J2302+4442: RMS = 1111.467 ns
  J2317+1439: RMS = 388.634 ns
  J2322+2057: RMS = 264.970 ns
Inject: 0.64 s
Snapshotting into enterprise Pulsar objects...
Building PTA...
PTA build: 417.48 s
Computing optimal statistic...
OS time: 43.26 s
Total: 461.39 s
  ✓ SNR is within the provided SNR_range: 4.1571 ∈ [3.5, 4.25]

Final SNR history:
  it 0: cumulative_scale=1.0000×  SNR=227.2931
  it 1: cumulative_scale=6.7976×  SNR=6.9648
  it 2: cumulative_scale=8.8862×  SNR=4.3094
  it 3: cumulative_scale=9.0648×  SNR=4.1571
✓ Simulation 1 done (1988.1 s)

======================================================================
ENSEMBLE SUMMARY
======================================================================
Success rate: 100.0% (1/1)

Binaries per population:
  Mean ± std : 500 ± 0
  Range      : [500, 500]

SNR achieved:
  Mean ± std : 4.1571 ± 0.0000
  Range      : [4.1571, 4.1571]

Total time: 2531.8 s (42.2 min)
======================================================================

💾 Saved: data/2026-05-01/optimistic_run_42/consistent_population_optimistic_targetSNR4.25_sims1.json
💾 Saved compressed pickle: data/2026-05-01/optimistic_run_42/consistent_population_optimistic_targetSNR4.25_sims1.pkl.gz

======================================================================
CONTINUOUS WAVE SNR ANALYSIS
======================================================================

--- Population 1 ---
Precomputation of phiinvs, TNTs, Ts, Nvecs, Sigmas took 0.03 seconds.
Total SNR computation for population took 198.15 seconds.
Top 50 CGW candidates:
   1. proxy_rank=  12  sky_w=1.44  f=5.36e-09 Hz  Mc=3.58e+10 Msun  h0=3.07e-15  SNR=4.966
   2. proxy_rank=  24  sky_w=0.90  f=6.86e-09 Hz  Mc=2.92e+10 Msun  h0=2.69e-15  SNR=3.317
   3. proxy_rank=   4  sky_w=1.45  f=2.86e-09 Hz  Mc=4.36e+10 Msun  h0=3.41e-15  SNR=2.842
   4. proxy_rank=   1  sky_w=1.59  f=2.67e-09 Hz  Mc=6.46e+10 Msun  h0=5.75e-15  SNR=2.527
   5. proxy_rank=  11  sky_w=1.04  f=3.27e-09 Hz  Mc=3.88e+10 Msun  h0=2.69e-15  SNR=1.984
   6. proxy_rank=   3  sky_w=1.12  f=2.59e-09 Hz  Mc=4.95e+10 Msun  h0=4.47e-15  SNR=1.825
   7. proxy_rank=   2  sky_w=1.30  f=2.33e-09 Hz  Mc=7.13e+10 Msun  h0=6.02e-15  SNR=1.697
   8. proxy_rank=  23  sky_w=0.74  f=4.09e-09 Hz  Mc=3.33e+10 Msun  h0=2.22e-15  SNR=1.651
   9. proxy_rank=  15  sky_w=1.22  f=2.91e-09 Hz  Mc=3.16e+10 Msun  h0=1.62e-15  SNR=1.273
  10. proxy_rank=  18  sky_w=0.95  f=4.08e-09 Hz  Mc=3.59e+10 Msun  h0=2.52e-15  SNR=1.175
  11. proxy_rank=  21  sky_w=0.87  f=3.67e-09 Hz  Mc=3.17e+10 Msun  h0=1.93e-15  SNR=1.119
  12. proxy_rank=   8  sky_w=1.44  f=2.32e-09 Hz  Mc=3.38e+10 Msun  h0=1.63e-15  SNR=1.071
  13. proxy_rank=  13  sky_w=1.10  f=4.20e-09 Hz  Mc=3.33e+10 Msun  h0=3.08e-15  SNR=0.933
  14. proxy_rank=  17  sky_w=1.61  f=2.81e-09 Hz  Mc=2.41e+10 Msun  h0=1.04e-15  SNR=0.888
  15. proxy_rank=   7  sky_w=0.80  f=2.18e-09 Hz  Mc=3.69e+10 Msun  h0=2.83e-15  SNR=0.845
  16. proxy_rank=  14  sky_w=0.56  f=2.91e-09 Hz  Mc=5.31e+10 Msun  h0=4.02e-15  SNR=0.738
  17. proxy_rank=  26  sky_w=1.12  f=3.72e-09 Hz  Mc=1.53e+10 Msun  h0=8.31e-16  SNR=0.734
  18. proxy_rank=   6  sky_w=1.43  f=2.13e-09 Hz  Mc=3.50e+10 Msun  h0=1.61e-15  SNR=0.724
  19. proxy_rank=  10  sky_w=0.53  f=2.88e-09 Hz  Mc=4.88e+10 Msun  h0=4.93e-15  SNR=0.693
  20. proxy_rank=  22  sky_w=1.54  f=2.70e-09 Hz  Mc=2.05e+10 Msun  h0=7.71e-16  SNR=0.675
  21. proxy_rank=   5  sky_w=0.75  f=2.27e-09 Hz  Mc=6.20e+10 Msun  h0=4.48e-15  SNR=0.589
  22. proxy_rank=  20  sky_w=1.22  f=2.26e-09 Hz  Mc=2.09e+10 Msun  h0=1.00e-15  SNR=0.572
  23. proxy_rank=  16  sky_w=1.14  f=2.98e-09 Hz  Mc=3.13e+10 Msun  h0=1.74e-15  SNR=0.538
  24. proxy_rank=   9  sky_w=1.47  f=1.99e-09 Hz  Mc=3.09e+10 Msun  h0=1.29e-15  SNR=0.413
  25. proxy_rank=  25  sky_w=0.59  f=3.46e-09 Hz  Mc=2.38e+10 Msun  h0=1.64e-15  SNR=0.389
  26. proxy_rank=  29  sky_w=0.73  f=2.90e-09 Hz  Mc=2.10e+10 Msun  h0=8.39e-16  SNR=0.361
  27. proxy_rank=  53  sky_w=0.74  f=7.20e-09 Hz  Mc=7.55e+09 Msun  h0=3.57e-16  SNR=0.360
  28. proxy_rank=  27  sky_w=1.06  f=2.75e-09 Hz  Mc=1.64e+10 Msun  h0=5.86e-16  SNR=0.338
  29. proxy_rank=  46  sky_w=1.46  f=1.05e-08 Hz  Mc=8.37e+09 Msun  h0=4.16e-16  SNR=0.300
  30. proxy_rank=  48  sky_w=0.59  f=5.56e-09 Hz  Mc=1.05e+10 Msun  h0=4.35e-16  SNR=0.273
  31. proxy_rank=  30  sky_w=0.70  f=2.41e-09 Hz  Mc=2.02e+10 Msun  h0=6.99e-16  SNR=0.230
  32. proxy_rank=  33  sky_w=1.32  f=2.97e-09 Hz  Mc=7.46e+09 Msun  h0=2.68e-16  SNR=0.229
  33. proxy_rank=  34  sky_w=0.84  f=3.01e-09 Hz  Mc=1.38e+10 Msun  h0=4.20e-16  SNR=0.218
  34. proxy_rank=  38  sky_w=1.55  f=3.43e-09 Hz  Mc=8.14e+09 Msun  h0=2.09e-16  SNR=0.208
  35. proxy_rank=  39  sky_w=1.18  f=3.29e-09 Hz  Mc=6.65e+09 Msun  h0=2.41e-16  SNR=0.182
  36. proxy_rank=  31  sky_w=1.03  f=3.49e-09 Hz  Mc=1.52e+10 Msun  h0=5.57e-16  SNR=0.178
  37. proxy_rank=  28  sky_w=0.97  f=3.13e-09 Hz  Mc=1.64e+10 Msun  h0=7.07e-16  SNR=0.170
  38. proxy_rank=  19  sky_w=1.46  f=1.99e-09 Hz  Mc=2.04e+10 Msun  h0=7.42e-16  SNR=0.156
  39. proxy_rank=  70  sky_w=0.76  f=8.31e-09 Hz  Mc=5.13e+09 Msun  h0=1.75e-16  SNR=0.127
  40. proxy_rank=  56  sky_w=1.38  f=4.61e-09 Hz  Mc=4.84e+09 Msun  h0=1.11e-16  SNR=0.123
  41. proxy_rank=  42  sky_w=1.41  f=3.08e-09 Hz  Mc=7.15e+09 Msun  h0=1.42e-16  SNR=0.119
  42. proxy_rank=  49  sky_w=1.43  f=3.46e-09 Hz  Mc=5.19e+09 Msun  h0=1.07e-16  SNR=0.104
  43. proxy_rank=  63  sky_w=1.10  f=4.79e-09 Hz  Mc=4.70e+09 Msun  h0=9.62e-17  SNR=0.103
  44. proxy_rank=  55  sky_w=0.81  f=3.51e-09 Hz  Mc=6.30e+09 Msun  h0=1.43e-16  SNR=0.102
  45. proxy_rank=  37  sky_w=0.57  f=2.13e-09 Hz  Mc=1.34e+10 Msun  h0=3.54e-16  SNR=0.092
  46. proxy_rank=  45  sky_w=0.61  f=3.53e-09 Hz  Mc=9.91e+09 Msun  h0=3.49e-16  SNR=0.079
  47. proxy_rank=  35  sky_w=0.99  f=2.17e-09 Hz  Mc=8.99e+09 Msun  h0=2.21e-16  SNR=0.073
  48. proxy_rank=  32  sky_w=0.54  f=1.98e-09 Hz  Mc=2.00e+10 Msun  h0=6.02e-16  SNR=0.055
  49. proxy_rank=  96  sky_w=0.97  f=5.49e-09 Hz  Mc=2.68e+09 Msun  h0=4.10e-17  SNR=0.048
  50. proxy_rank=  36  sky_w=0.98  f=2.00e-09 Hz  Mc=9.97e+09 Msun  h0=1.94e-16  SNR=0.045
💾 Saved: data/2026-05-01/optimistic_run_42/consistent_population_optimistic_targetSNR4.25_sims1.json
💾 Saved compressed pickle: data/2026-05-01/optimistic_run_42/consistent_population_optimistic_targetSNR4.25_sims1.pkl.gz
Saved to figures/cgw_analysis_optimistic.pdf

==========================================
Job finished at: Fri May  1 18:11:20 AEST 2026
Exit code: 0
==========================================

+------------------ Job Report: 11783313 (COMPLETED) ------------------+
| Memory (RAM)  [##################  ] 91.8% (31.2 GB peak / 34 GB)    |
| CPU           [###############     ] 78.3% average                   |
| Time          [-------->           ] 44.0% (0-00:48:22 / 0-01:50:00) |
|                                                                      |
| Lustre Filesystem:                                                   |
|   Path    Total Read    Total Write    Total IOPS                    |
|   ------  ------------  -------------  ------------                  |
|   /apps   0 B           0 B            92                            |
|   /fred   232.7 MB      269.5 KB       189                           |
|   /home   232.5 MB      0 B            3.2 K                         |
|   OS      0 B           0 B            9                             |
|                                                                      |
| Warnings:                                                            |
|   - Too much time requested                                          |
+----------------------------------------------------------------------+
