==========================================
Job ID: 11780174
Job Name: smbhb_optimistic
Node: dave311
Start Time: Fri May  1 16:35:51 AEST 2026
==========================================

/home/bhoulden/.conda/envs/smbhb312/share/tempo2
Working directory: /fred/oz005/users/bhoulden/SMBHB_population_injections

Loaded modules:

Starting SMBHB analysis...
==========================================

📁 Save directory: data/2026-05-01/optimistic_run_34
📝 Run name: optimistic_run_34

[MEM] Start: 244.6 MB

📡 Loading pulsars...
======================================================================
LOADING NANOGRAV PULSARS (libstempo)
======================================================================

📦 Loading from cache: nanograv_pulsars_cache.pkl
⚠ Cache load failed: Ran out of input
[DEBUG] Found 76 .par files
[tempo2Util.C:396] Warning: [MISC1] Unknown parameter in par file:  DMDATA
[tempo2Util.C:401] Warning: [DUP1] duplicated warnings have been suppressed.

WARNING: Using tempo RNAMP parameter: setting TNRedC to 100!
[observatory.C:271] Warning: Assuming site 'arecibo' means 'ao'
✓ Loaded B1855+09 (7758 TOAs)

WARNING: Using tempo RNAMP parameter: setting TNRedC to 100!
✓ Loaded B1937+21 (23023 TOAs)

WARNING: Using tempo RNAMP parameter: setting TNRedC to 100!
✓ Loaded B1937+21ao (7241 TOAs)

WARNING: Using tempo RNAMP parameter: setting TNRedC to 100!
✓ Loaded B1937+21gbt (16048 TOAs)

WARNING: Using tempo RNAMP parameter: setting TNRedC to 100!
✓ Loaded B1953+29 (5126 TOAs)
✓ Loaded J0023+0923 (15896 TOAs)

WARNING: Using tempo RNAMP parameter: setting TNRedC to 100!
✓ Loaded J0030+0451 (19571 TOAs)
✓ Loaded J0340+4130 (11093 TOAs)
✓ Loaded J0406+3039 (2446 TOAs)

WARNING: Using tempo RNAMP parameter: setting TNRedC to 100!
✓ Loaded J0437-4715 (5830 TOAs)
✓ Loaded J0509+0856 (2169 TOAs)
✓ Loaded J0557+1551 (525 TOAs)
✓ Loaded J0605+3757 (554 TOAs)

WARNING: Using tempo RNAMP parameter: setting TNRedC to 100!
✓ Loaded J0610-2100 (4885 TOAs)

WARNING: Using tempo RNAMP parameter: setting TNRedC to 100!
✓ Loaded J0613-0200 (17124 TOAs)
✓ Loaded J0614-3329 (1714 TOAs)
✓ Loaded J0636+5128 (32222 TOAs)
✓ Loaded J0645+5158 (10403 TOAs)
✓ Loaded J0709+0458 (3030 TOAs)
✓ Loaded J0740+6620 (13401 TOAs)
✓ Loaded J0931-1902 (5473 TOAs)

WARNING: Using tempo RNAMP parameter: setting TNRedC to 100!
✓ Loaded J1012+5307 (25837 TOAs)
✓ Loaded J1012-4235 (797 TOAs)
✓ Loaded J1022+1001 (3978 TOAs)
✓ Loaded J1024-0719 (12635 TOAs)
✓ Loaded J1125+7819 (8723 TOAs)
✓ Loaded J1312+0051 (1705 TOAs)
✓ Loaded J1453+1902 (2551 TOAs)
✓ Loaded J1455-3330 (10818 TOAs)

WARNING: Using tempo RNAMP parameter: setting TNRedC to 100!
✓ Loaded J1600-3053 (22955 TOAs)

WARNING: Using tempo RNAMP parameter: setting TNRedC to 100!
✓ Loaded J1600-3053gbt (19725 TOAs)

WARNING: Using tempo RNAMP parameter: setting TNRedC to 100!
✓ Loaded J1614-2230 (18445 TOAs)
✓ Loaded J1630+3734 (1815 TOAs)
✓ Loaded J1640+2224 (14066 TOAs)

WARNING: Using tempo RNAMP parameter: setting TNRedC to 100!
✓ Loaded J1643-1224 (22144 TOAs)

WARNING: Using tempo RNAMP parameter: setting TNRedC to 100!
✓ Loaded J1643-1224gbt (17932 TOAs)

WARNING: Using tempo RNAMP parameter: setting TNRedC to 100!
✓ Loaded J1705-1903 (9871 TOAs)

WARNING: Using tempo RNAMP parameter: setting TNRedC to 100!
✓ Loaded J1713+0747 (59389 TOAs)

WARNING: Using tempo RNAMP parameter: setting TNRedC to 100!
✓ Loaded J1713+0747ao (21362 TOAs)

WARNING: Using tempo RNAMP parameter: setting TNRedC to 100!
✓ Loaded J1713+0747gbt (32963 TOAs)
✓ Loaded J1719-1438 (6356 TOAs)
✓ Loaded J1730-2304 (4870 TOAs)
✓ Loaded J1738+0333 (8790 TOAs)
✓ Loaded J1741+1351 (5582 TOAs)

WARNING: Using tempo RNAMP parameter: setting TNRedC to 100!
✓ Loaded J1744-1134 (17745 TOAs)

WARNING: Using tempo RNAMP parameter: setting TNRedC to 100!
✓ Loaded J1745+1017 (3017 TOAs)

WARNING: Using tempo RNAMP parameter: setting TNRedC to 100!
✓ Loaded J1747-4036 (11055 TOAs)
✓ Loaded J1751-2857 (2025 TOAs)

WARNING: Using tempo RNAMP parameter: setting TNRedC to 100!
✓ Loaded J1802-2124 (6796 TOAs)
✓ Loaded J1811-2405 (5266 TOAs)
✓ Loaded J1832-0836 (7739 TOAs)
✓ Loaded J1843-1113 (4595 TOAs)

WARNING: Using tempo RNAMP parameter: setting TNRedC to 100!
✓ Loaded J1853+1303 (4570 TOAs)

WARNING: Using tempo RNAMP parameter: setting TNRedC to 100!
✓ Loaded J1903+0327 (6856 TOAs)

WARNING: Using tempo RNAMP parameter: setting TNRedC to 100!
✓ Loaded J1903+0327ao (6423 TOAs)

WARNING: Using tempo RNAMP parameter: setting TNRedC to 100!
✓ Loaded J1909-3744 (35037 TOAs)

WARNING: Using tempo RNAMP parameter: setting TNRedC to 100!
✓ Loaded J1909-3744gbt (31526 TOAs)
✓ Loaded J1910+1256 (6486 TOAs)
✓ Loaded J1911+1347 (3786 TOAs)
✓ Loaded J1918-0642 (18875 TOAs)
✓ Loaded J1923+2515 (3974 TOAs)
✓ Loaded J1944+0907 (5328 TOAs)

WARNING: Using tempo RNAMP parameter: setting TNRedC to 100!
✓ Loaded J1946+3417 (4743 TOAs)
✓ Loaded J2010-1323 (17077 TOAs)
✓ Loaded J2017+0603 (3512 TOAs)
✓ Loaded J2033+1734 (3847 TOAs)
✓ Loaded J2043+1711 (7397 TOAs)
✓ Loaded J2124-3358 (4982 TOAs)

WARNING: Using tempo RNAMP parameter: setting TNRedC to 100!
✓ Loaded J2145-0750 (18675 TOAs)
✓ Loaded J2214+3000 (7406 TOAs)
✓ Loaded J2229+2643 (3711 TOAs)

WARNING: Using tempo RNAMP parameter: setting TNRedC to 100!
✓ Loaded J2234+0611 (3566 TOAs)
✓ Loaded J2234+0944 (7535 TOAs)
✓ Loaded J2302+4442 (10211 TOAs)
✓ Loaded J2317+1439 (13927 TOAs)
✓ Loaded J2322+2057 (3088 TOAs)
⚠ Could not save cache: no default __reduce__ due to non-trivial __cinit__

✓ Loaded 76 pulsars
✗ Failed: 0 — []
[MEM] After loading pulsars: 8887.7 MB

🔍 Filtering pulsars...

Filtered: 76 → 67 pulsars
[MEM] After filtering pulsars: 8888.8 MB
[MEM] After garbage collection: 8889.0 MB

======================================================================
SMBHB POPULATION ANALYSIS
======================================================================

Configuration: optimistic
  Larger mass, higher spread in distance, small population
  N_binaries: 500

======================================================================
CONSISTENT POPULATION SYNTHESIS
======================================================================

======================================================================
GENERATING SNR-CONSISTENT POPULATIONS
======================================================================
Target SNR:          4.0
Simulations:         1
======================================================================


──────────────────────────────────────────────────────────────────────
SIMULATION 1/1
──────────────────────────────────────────────────────────────────────
  [B1855+09] zeroing residuals...
  [B1855+09] adding red noise...
  [B1855+09] white noise for 430_ASP (390 TOAs)...
  [B1855+09] white noise for L-wide_ASP (1178 TOAs)...
  [B1855+09] white noise for L-wide_PUPPI (5005 TOAs)...
  [B1855+09] white noise for 430_PUPPI (1185 TOAs)...
  [B1937+21] zeroing residuals...
  [B1937+21] adding red noise...
  [B1937+21] white noise for Rcvr1_2_GASP (1069 TOAs)...
  [B1937+21] white noise for Rcvr_800_GUPPI (7140 TOAs)...
  [B1937+21] white noise for L-wide_PUPPI (4133 TOAs)...
  [B1937+21] white noise for S-wide_ASP (344 TOAs)...
  [B1937+21] white noise for Rcvr_800_GASP (586 TOAs)...
  [B1937+21] white noise for L-wide_ASP (452 TOAs)...
  [B1937+21] white noise for S-wide_PUPPI (2251 TOAs)...
  [B1937+21] white noise for Rcvr1_2_GUPPI (7048 TOAs)...
  [B1953+29] zeroing residuals...
  [B1953+29] adding red noise...
  [B1953+29] white noise for 430_ASP (29 TOAs)...
  [B1953+29] white noise for L-wide_PUPPI (4037 TOAs)...
  [B1953+29] white noise for S-wide_ASP (25 TOAs)...
  [B1953+29] white noise for L-wide_ASP (94 TOAs)...
  [B1953+29] white noise for 430_PUPPI (941 TOAs)...
  [J0023+0923] zeroing residuals...
  [J0023+0923] adding red noise...
  [J0023+0923] white noise for 430_ASP (90 TOAs)...
  [J0023+0923] white noise for L-wide_ASP (119 TOAs)...
  [J0023+0923] white noise for L-wide_PUPPI (11123 TOAs)...
  [J0023+0923] white noise for 430_PUPPI (4564 TOAs)...
  [J0030+0451] zeroing residuals...
  [J0030+0451] adding red noise...
  [J0030+0451] white noise for 430_ASP (267 TOAs)...
  [J0030+0451] white noise for L-wide_PUPPI (12774 TOAs)...
  [J0030+0451] white noise for S-wide_PUPPI (2673 TOAs)...
  [J0030+0451] white noise for L-wide_ASP (789 TOAs)...
  [J0030+0451] white noise for 430_PUPPI (3068 TOAs)...
  [J0340+4130] zeroing residuals...
  [J0340+4130] adding red noise...
  [J0340+4130] white noise for Rcvr_800_GUPPI (6056 TOAs)...
  [J0340+4130] white noise for Rcvr1_2_GUPPI (5037 TOAs)...
  [J0406+3039] zeroing residuals...
  [J0406+3039] adding red noise...
  [J0406+3039] white noise for L-wide_PUPPI (1871 TOAs)...
  [J0406+3039] white noise for S-wide_PUPPI (575 TOAs)...
  [J0437-4715] zeroing residuals...
  [J0437-4715] adding red noise...
  [J0437-4715] white noise for 3GHz_YUPPI (3696 TOAs)...
  [J0437-4715] white noise for 1.5GHz_YUPPI (2134 TOAs)...
  [J0509+0856] zeroing residuals...
  [J0509+0856] adding red noise...
  [J0509+0856] white noise for L-wide_PUPPI (1625 TOAs)...
  [J0509+0856] white noise for S-wide_PUPPI (544 TOAs)...
  [J0557+1551] zeroing residuals...
  [J0557+1551] adding red noise...
  [J0557+1551] white noise for L-wide_PUPPI (467 TOAs)...
  [J0557+1551] white noise for S-wide_PUPPI (58 TOAs)...
  [J0605+3757] zeroing residuals...
  [J0605+3757] adding red noise...
  [J0605+3757] white noise for Rcvr_800_GUPPI (236 TOAs)...
  [J0605+3757] white noise for Rcvr1_2_GUPPI (318 TOAs)...
  [J0610-2100] zeroing residuals...
  [J0610-2100] adding red noise...
  [J0610-2100] white noise for Rcvr_800_GUPPI (2484 TOAs)...
  [J0610-2100] white noise for Rcvr1_2_GUPPI (2401 TOAs)...
  [J0613-0200] zeroing residuals...
  [J0613-0200] adding red noise...
  [J0613-0200] white noise for Rcvr1_2_GASP (992 TOAs)...
  [J0613-0200] white noise for Rcvr_800_GUPPI (7900 TOAs)...
  [J0613-0200] white noise for Rcvr_800_GASP (809 TOAs)...
  [J0613-0200] white noise for Rcvr1_2_GUPPI (7423 TOAs)...
  [J0636+5128] zeroing residuals...
  [J0636+5128] adding red noise...
  [J0636+5128] white noise for Rcvr_800_GUPPI (17419 TOAs)...
  [J0636+5128] white noise for Rcvr1_2_GUPPI (14803 TOAs)...
  [J0645+5158] zeroing residuals...
  [J0645+5158] adding red noise...
  [J0645+5158] white noise for Rcvr_800_GUPPI (4682 TOAs)...
  [J0645+5158] white noise for Rcvr1_2_GUPPI (5721 TOAs)...
  [J0709+0458] zeroing residuals...
  [J0709+0458] adding red noise...
  [J0709+0458] white noise for L-wide_PUPPI (2435 TOAs)...
  [J0709+0458] white noise for S-wide_PUPPI (595 TOAs)...
  [J0740+6620] zeroing residuals...
  [J0740+6620] adding red noise...
  [J0740+6620] white noise for Rcvr_800_GUPPI (5136 TOAs)...
  [J0740+6620] white noise for Rcvr1_2_GUPPI (8265 TOAs)...
  [J0931-1902] zeroing residuals...
  [J0931-1902] adding red noise...
  [J0931-1902] white noise for Rcvr_800_GUPPI (3419 TOAs)...
  [J0931-1902] white noise for Rcvr1_2_GUPPI (2054 TOAs)...
  [J1012+5307] zeroing residuals...
  [J1012+5307] adding red noise...
  [J1012+5307] white noise for Rcvr1_2_GASP (1479 TOAs)...
  [J1012+5307] white noise for Rcvr_800_GUPPI (10299 TOAs)...
  [J1012+5307] white noise for Rcvr_800_GASP (1210 TOAs)...
  [J1012+5307] white noise for Rcvr1_2_GUPPI (12849 TOAs)...
  [J1012-4235] zeroing residuals...
  [J1012-4235] adding red noise...
  [J1012-4235] white noise for Rcvr_800_GUPPI (342 TOAs)...
  [J1012-4235] white noise for Rcvr1_2_GUPPI (455 TOAs)...
  [J1022+1001] zeroing residuals...
  [J1022+1001] adding red noise...
  [J1022+1001] white noise for L-wide_PUPPI (2592 TOAs)...
  [J1022+1001] white noise for S-wide_PUPPI (1154 TOAs)...
  [J1022+1001] white noise for 430_PUPPI (232 TOAs)...
  [J1024-0719] zeroing residuals...
  [J1024-0719] adding red noise...
  [J1024-0719] white noise for Rcvr1_2_GASP (43 TOAs)...
  [J1024-0719] white noise for Rcvr_800_GUPPI (5455 TOAs)...
  [J1024-0719] white noise for Rcvr_800_GASP (51 TOAs)...
  [J1024-0719] white noise for Rcvr1_2_GUPPI (7086 TOAs)...
  [J1125+7819] zeroing residuals...
  [J1125+7819] adding red noise...
  [J1125+7819] white noise for Rcvr_800_GUPPI (4707 TOAs)...
  [J1125+7819] white noise for Rcvr1_2_GUPPI (4016 TOAs)...
  [J1312+0051] zeroing residuals...
  [J1312+0051] adding red noise...
  [J1312+0051] white noise for L-wide_PUPPI (1289 TOAs)...
  [J1312+0051] white noise for S-wide_PUPPI (416 TOAs)...
  [J1453+1902] zeroing residuals...
  [J1453+1902] adding red noise...
  [J1453+1902] white noise for L-wide_PUPPI (2122 TOAs)...
  [J1453+1902] white noise for S-wide_PUPPI (4 TOAs)...
  [J1453+1902] white noise for 430_PUPPI (425 TOAs)...
  [J1455-3330] zeroing residuals...
  [J1455-3330] adding red noise...
  [J1455-3330] white noise for Rcvr1_2_GASP (564 TOAs)...
  [J1455-3330] white noise for Rcvr_800_GUPPI (4843 TOAs)...
  [J1455-3330] white noise for Rcvr_800_GASP (479 TOAs)...
  [J1455-3330] white noise for Rcvr1_2_GUPPI (4932 TOAs)...
  [J1600-3053] zeroing residuals...
  [J1600-3053] adding red noise...
  [J1600-3053] white noise for Rcvr1_2_GASP (457 TOAs)...
  [J1600-3053] white noise for Rcvr_800_GUPPI (8796 TOAs)...
  [J1600-3053] white noise for Rcvr_800_GASP (297 TOAs)...
  [J1600-3053] white noise for 3GHz_YUPPI (3237 TOAs)...
  [J1600-3053] white noise for Rcvr1_2_GUPPI (10168 TOAs)...
  [J1614-2230] zeroing residuals...
  [J1614-2230] adding red noise...
  [J1614-2230] white noise for Rcvr1_2_GASP (84 TOAs)...
  [J1614-2230] white noise for Rcvr_800_GUPPI (7768 TOAs)...
  [J1614-2230] white noise for Rcvr_800_GASP (84 TOAs)...
  [J1614-2230] white noise for Rcvr1_2_GUPPI (10509 TOAs)...
  [J1630+3734] zeroing residuals...
  [J1630+3734] adding red noise...
  [J1630+3734] white noise for Rcvr_800_GUPPI (906 TOAs)...
  [J1630+3734] white noise for Rcvr1_2_GUPPI (909 TOAs)...
  [J1640+2224] zeroing residuals...
  [J1640+2224] adding red noise...
  [J1640+2224] white noise for 430_ASP (340 TOAs)...
  [J1640+2224] white noise for L-wide_ASP (722 TOAs)...
  [J1640+2224] white noise for L-wide_PUPPI (9847 TOAs)...
  [J1640+2224] white noise for 430_PUPPI (3157 TOAs)...
  [J1643-1224] zeroing residuals...
  [J1643-1224] adding red noise...
  [J1643-1224] white noise for Rcvr1_2_GASP (833 TOAs)...
  [J1643-1224] white noise for Rcvr_800_GUPPI (7734 TOAs)...
  [J1643-1224] white noise for Rcvr_800_GASP (559 TOAs)...
  [J1643-1224] white noise for 3GHz_YUPPI (4215 TOAs)...
  [J1643-1224] white noise for Rcvr1_2_GUPPI (8803 TOAs)...
  [J1705-1903] zeroing residuals...
  [J1705-1903] adding red noise...
  [J1705-1903] white noise for Rcvr_800_GUPPI (3521 TOAs)...
  [J1705-1903] white noise for Rcvr1_2_GUPPI (6350 TOAs)...
  [J1713+0747] zeroing residuals...
  [J1713+0747] adding red noise...
  [J1713+0747] white noise for Rcvr1_2_GASP (1109 TOAs)...
  [J1713+0747] white noise for Rcvr_800_GUPPI (8479 TOAs)...
  [J1713+0747] white noise for L-wide_PUPPI (12743 TOAs)...
  [J1713+0747] white noise for S-wide_ASP (624 TOAs)...
  [J1713+0747] white noise for Rcvr_800_GASP (1032 TOAs)...
  [J1713+0747] white noise for L-wide_ASP (843 TOAs)...
  [J1713+0747] white noise for S-wide_PUPPI (7482 TOAs)...
  [J1713+0747] white noise for 3GHz_YUPPI (3282 TOAs)...
  [J1713+0747] white noise for 1.5GHz_YUPPI (1461 TOAs)...
  [J1713+0747] white noise for Rcvr1_2_GUPPI (22334 TOAs)...
  [J1719-1438] zeroing residuals...
  [J1719-1438] adding red noise...
  [J1719-1438] white noise for Rcvr_800_GUPPI (3634 TOAs)...
  [J1719-1438] white noise for Rcvr1_2_GUPPI (2722 TOAs)...
  [J1730-2304] zeroing residuals...
  [J1730-2304] adding red noise...
  [J1730-2304] white noise for Rcvr_800_GUPPI (2503 TOAs)...
  [J1730-2304] white noise for Rcvr1_2_GUPPI (2367 TOAs)...
  [J1738+0333] zeroing residuals...
  [J1738+0333] adding red noise...
  [J1738+0333] white noise for L-wide_PUPPI (6718 TOAs)...
  [J1738+0333] white noise for S-wide_ASP (134 TOAs)...
  [J1738+0333] white noise for L-wide_ASP (201 TOAs)...
  [J1738+0333] white noise for S-wide_PUPPI (1737 TOAs)...
  [J1741+1351] zeroing residuals...
  [J1741+1351] adding red noise...
  [J1741+1351] white noise for 430_ASP (27 TOAs)...
  [J1741+1351] white noise for L-wide_PUPPI (4045 TOAs)...
  [J1741+1351] white noise for S-wide_ASP (115 TOAs)...
  [J1741+1351] white noise for L-wide_ASP (236 TOAs)...
  [J1741+1351] white noise for 430_PUPPI (1159 TOAs)...
  [J1744-1134] zeroing residuals...
  [J1744-1134] adding red noise...
  [J1744-1134] white noise for Rcvr1_2_GASP (807 TOAs)...
  [J1744-1134] white noise for Rcvr_800_GUPPI (7899 TOAs)...
  [J1744-1134] white noise for Rcvr_800_GASP (930 TOAs)...
  [J1744-1134] white noise for Rcvr1_2_GUPPI (8109 TOAs)...
  [J1745+1017] zeroing residuals...
  [J1745+1017] adding red noise...
  [J1745+1017] white noise for L-wide_PUPPI (2179 TOAs)...
  [J1745+1017] white noise for S-wide_PUPPI (838 TOAs)...
  [J1747-4036] zeroing residuals...
  [J1747-4036] adding red noise...
  [J1747-4036] white noise for Rcvr_800_GUPPI (5816 TOAs)...
  [J1747-4036] white noise for Rcvr1_2_GUPPI (5239 TOAs)...
  [J1751-2857] zeroing residuals...
  [J1751-2857] adding red noise...
  [J1751-2857] white noise for Rcvr_800_GUPPI (239 TOAs)...
  [J1751-2857] white noise for Rcvr1_2_GUPPI (1786 TOAs)...
  [J1802-2124] zeroing residuals...
  [J1802-2124] adding red noise...
  [J1802-2124] white noise for Rcvr_800_GUPPI (3565 TOAs)...
  [J1802-2124] white noise for Rcvr1_2_GUPPI (3231 TOAs)...
  [J1811-2405] zeroing residuals...
  [J1811-2405] adding red noise...
  [J1811-2405] white noise for Rcvr_800_GUPPI (2628 TOAs)...
  [J1811-2405] white noise for Rcvr1_2_GUPPI (2638 TOAs)...
  [J1832-0836] zeroing residuals...
  [J1832-0836] adding red noise...
  [J1832-0836] white noise for Rcvr_800_GUPPI (3078 TOAs)...
  [J1832-0836] white noise for Rcvr1_2_GUPPI (4661 TOAs)...
  [J1843-1113] zeroing residuals...
  [J1843-1113] adding red noise...
  [J1843-1113] white noise for Rcvr_800_GUPPI (2201 TOAs)...
  [J1843-1113] white noise for Rcvr1_2_GUPPI (2394 TOAs)...
  [J1853+1303] zeroing residuals...
  [J1853+1303] adding red noise...
  [J1853+1303] white noise for 430_ASP (24 TOAs)...
  [J1853+1303] white noise for L-wide_ASP (33 TOAs)...
  [J1853+1303] white noise for L-wide_PUPPI (3362 TOAs)...
  [J1853+1303] white noise for 430_PUPPI (1151 TOAs)...
  [J1903+0327] zeroing residuals...
  [J1903+0327] adding red noise...
  [J1903+0327] white noise for L-wide_PUPPI (3845 TOAs)...
  [J1903+0327] white noise for S-wide_ASP (151 TOAs)...
  [J1903+0327] white noise for L-wide_ASP (139 TOAs)...
  [J1903+0327] white noise for S-wide_PUPPI (2282 TOAs)...
  [J1903+0327] white noise for 3GHz_YUPPI (439 TOAs)...
  [J1909-3744] zeroing residuals...
  [J1909-3744] adding red noise...
  [J1909-3744] white noise for Rcvr1_2_GASP (808 TOAs)...
  [J1909-3744] white noise for Rcvr_800_GUPPI (9399 TOAs)...
  [J1909-3744] white noise for Rcvr_800_GASP (866 TOAs)...
  [J1909-3744] white noise for 3GHz_YUPPI (3525 TOAs)...
  [J1909-3744] white noise for Rcvr1_2_GUPPI (20439 TOAs)...
  [J1910+1256] zeroing residuals...
  [J1910+1256] adding red noise...
  [J1910+1256] white noise for L-wide_PUPPI (4124 TOAs)...
  [J1910+1256] white noise for S-wide_ASP (208 TOAs)...
  [J1910+1256] white noise for L-wide_ASP (297 TOAs)...
  [J1910+1256] white noise for S-wide_PUPPI (1857 TOAs)...
  [J1911+1347] zeroing residuals...
  [J1911+1347] adding red noise...
  [J1911+1347] white noise for L-wide_PUPPI (3033 TOAs)...
  [J1911+1347] white noise for 430_PUPPI (753 TOAs)...
  [J1918-0642] zeroing residuals...
  [J1918-0642] adding red noise...
  [J1918-0642] white noise for Rcvr1_2_GASP (778 TOAs)...
  [J1918-0642] white noise for Rcvr_800_GUPPI (8352 TOAs)...
  [J1918-0642] white noise for Rcvr_800_GASP (835 TOAs)...
  [J1918-0642] white noise for Rcvr1_2_GUPPI (8910 TOAs)...
  [J1923+2515] zeroing residuals...
  [J1923+2515] adding red noise...
  [J1923+2515] white noise for 430_ASP (10 TOAs)...
  [J1923+2515] white noise for L-wide_ASP (14 TOAs)...
  [J1923+2515] white noise for L-wide_PUPPI (3028 TOAs)...
  [J1923+2515] white noise for 430_PUPPI (922 TOAs)...
  [J1944+0907] zeroing residuals...
  [J1944+0907] adding red noise...
  [J1944+0907] white noise for 430_ASP (38 TOAs)...
  [J1944+0907] white noise for L-wide_PUPPI (3900 TOAs)...
  [J1944+0907] white noise for S-wide_ASP (116 TOAs)...
  [J1944+0907] white noise for L-wide_ASP (257 TOAs)...
  [J1944+0907] white noise for 430_PUPPI (1017 TOAs)...
  [J1946+3417] zeroing residuals...
  [J1946+3417] adding red noise...
  [J1946+3417] white noise for L-wide_PUPPI (3197 TOAs)...
  [J1946+3417] white noise for S-wide_PUPPI (1546 TOAs)...
  [J2010-1323] zeroing residuals...
  [J2010-1323] adding red noise...
  [J2010-1323] white noise for Rcvr1_2_GASP (70 TOAs)...
  [J2010-1323] white noise for Rcvr_800_GUPPI (9158 TOAs)...
  [J2010-1323] white noise for Rcvr_800_GASP (70 TOAs)...
  [J2010-1323] white noise for Rcvr1_2_GUPPI (7779 TOAs)...
  [J2017+0603] zeroing residuals...
  [J2017+0603] adding red noise...
  [J2017+0603] white noise for L-wide_PUPPI (2569 TOAs)...
  [J2017+0603] white noise for S-wide_PUPPI (849 TOAs)...
  [J2017+0603] white noise for L-wide_ASP (16 TOAs)...
  [J2017+0603] white noise for 430_PUPPI (78 TOAs)...
  [J2033+1734] zeroing residuals...
  [J2033+1734] adding red noise...
  [J2033+1734] white noise for L-wide_PUPPI (3050 TOAs)...
  [J2033+1734] white noise for 430_PUPPI (797 TOAs)...
  [J2043+1711] zeroing residuals...
  [J2043+1711] adding red noise...
  [J2043+1711] white noise for 430_ASP (30 TOAs)...
  [J2043+1711] white noise for L-wide_ASP (40 TOAs)...
  [J2043+1711] white noise for L-wide_PUPPI (4419 TOAs)...
  [J2043+1711] white noise for 430_PUPPI (2908 TOAs)...
  [J2124-3358] zeroing residuals...
  [J2124-3358] adding red noise...
  [J2124-3358] white noise for Rcvr_800_GUPPI (2025 TOAs)...
  [J2124-3358] white noise for Rcvr1_2_GUPPI (2957 TOAs)...
  [J2145-0750] zeroing residuals...
  [J2145-0750] adding red noise...
  [J2145-0750] white noise for Rcvr1_2_GASP (427 TOAs)...
  [J2145-0750] white noise for Rcvr_800_GUPPI (8728 TOAs)...
  [J2145-0750] white noise for Rcvr_800_GASP (362 TOAs)...
  [J2145-0750] white noise for Rcvr1_2_GUPPI (9158 TOAs)...
  [J2214+3000] zeroing residuals...
  [J2214+3000] adding red noise...
  [J2214+3000] white noise for L-wide_PUPPI (5829 TOAs)...
  [J2214+3000] white noise for S-wide_PUPPI (1568 TOAs)...
  [J2214+3000] white noise for L-wide_ASP (9 TOAs)...
  [J2229+2643] zeroing residuals...
  [J2229+2643] adding red noise...
  [J2229+2643] white noise for L-wide_PUPPI (2755 TOAs)...
  [J2229+2643] white noise for 430_PUPPI (956 TOAs)...
  [J2234+0611] zeroing residuals...
  [J2234+0611] adding red noise...
  [J2234+0611] white noise for L-wide_PUPPI (2913 TOAs)...
  [J2234+0611] white noise for 430_PUPPI (653 TOAs)...
  [J2234+0944] zeroing residuals...
  [J2234+0944] adding red noise...
  [J2234+0944] white noise for L-wide_PUPPI (5003 TOAs)...
  [J2234+0944] white noise for S-wide_PUPPI (2532 TOAs)...
  [J2302+4442] zeroing residuals...
  [J2302+4442] adding red noise...
  [J2302+4442] white noise for Rcvr_800_GUPPI (6432 TOAs)...
  [J2302+4442] white noise for Rcvr1_2_GUPPI (3779 TOAs)...
  [J2317+1439] zeroing residuals...
  [J2317+1439] adding red noise...
  [J2317+1439] white noise for 430_ASP (458 TOAs)...
  [J2317+1439] white noise for 327_PUPPI (276 TOAs)...
  [J2317+1439] white noise for L-wide_PUPPI (9563 TOAs)...
  [J2317+1439] white noise for 327_ASP (413 TOAs)...
  [J2317+1439] white noise for 430_PUPPI (3217 TOAs)...
  [J2322+2057] zeroing residuals...
  [J2322+2057] adding red noise...
  [J2322+2057] white noise for L-wide_PUPPI (2196 TOAs)...
  [J2322+2057] white noise for S-wide_PUPPI (140 TOAs)...
  [J2322+2057] white noise for 430_PUPPI (752 TOAs)...
Resetting pulsars to clean stoas...
Restore: 0.00 s
Inject: 0.00 s
Snapshotting into enterprise Pulsar objects...
Building PTA...
PTA build: 489.98 s
Computing optimal statistic...
OS time: 49.52 s
Total: 539.50 s
Noise-only SNR baseline: 0.1150

Generating SNR-consistent population...
Target SNR: 4.0
Resetting pulsars to clean stoas...
Restore: 0.00 s
Injecting population...
  B1855+09: RMS = 4030.779 ns
  B1937+21: RMS = 6082.125 ns
  B1953+29: RMS = 4016.926 ns
  J0023+0923: RMS = 1483.062 ns
  J0030+0451: RMS = 3068.163 ns
  J0340+4130: RMS = 2004.132 ns
  J0406+3039: RMS = 3404.875 ns
  J0437-4715: RMS = 1150.066 ns
  J0509+0856: RMS = 1103.805 ns
  J0557+1551: RMS = 2138.204 ns
  J0605+3757: RMS = 1156.013 ns
  J0610-2100: RMS = 2191.416 ns
  J0613-0200: RMS = 1020.073 ns
  J0636+5128: RMS = 4213.829 ns
  J0645+5158: RMS = 4316.662 ns
  J0709+0458: RMS = 1177.150 ns
  J0740+6620: RMS = 3141.520 ns
  J0931-1902: RMS = 704.619 ns
  J1012+5307: RMS = 2280.929 ns
  J1012-4235: RMS = 147.025 ns
  J1022+1001: RMS = 1117.812 ns
  J1024-0719: RMS = 3630.507 ns
  J1125+7819: RMS = 720.272 ns
  J1312+0051: RMS = 793.785 ns
  J1453+1902: RMS = 1804.258 ns
  J1455-3330: RMS = 2570.950 ns
  J1600-3053: RMS = 2532.686 ns
  J1614-2230: RMS = 2378.333 ns
  J1630+3734: RMS = 1232.754 ns
  J1640+2224: RMS = 1689.634 ns
  J1643-1224: RMS = 1363.816 ns
  J1705-1903: RMS = 3245.878 ns
  J1713+0747: RMS = 1397.618 ns
  J1719-1438: RMS = 2479.770 ns
  J1730-2304: RMS = 2601.962 ns
  J1738+0333: RMS = 484.068 ns
  J1741+1351: RMS = 1542.710 ns
  J1744-1134: RMS = 1490.759 ns
  J1745+1017: RMS = 618.688 ns
  J1747-4036: RMS = 2916.841 ns
  J1751-2857: RMS = 2494.534 ns
  J1802-2124: RMS = 1853.437 ns
  J1811-2405: RMS = 1165.718 ns
  J1832-0836: RMS = 2228.694 ns
  J1843-1113: RMS = 870.322 ns
  J1853+1303: RMS = 2979.766 ns
  J1903+0327: RMS = 2490.496 ns
  J1909-3744: RMS = 5207.787 ns
  J1910+1256: RMS = 4368.659 ns
  J1911+1347: RMS = 4236.148 ns
  J1918-0642: RMS = 1468.308 ns
  J1923+2515: RMS = 4217.450 ns
  J1944+0907: RMS = 3803.264 ns
  J1946+3417: RMS = 3714.435 ns
  J2010-1323: RMS = 2984.833 ns
  J2017+0603: RMS = 4887.299 ns
  J2033+1734: RMS = 4002.212 ns
  J2043+1711: RMS = 3489.325 ns
  J2124-3358: RMS = 2894.625 ns
  J2145-0750: RMS = 4769.936 ns
  J2214+3000: RMS = 3553.583 ns
  J2229+2643: RMS = 3717.162 ns
  J2234+0611: RMS = 613.121 ns
  J2234+0944: RMS = 2517.726 ns
  J2302+4442: RMS = 3238.832 ns
  J2317+1439: RMS = 2207.162 ns
  J2322+2057: RMS = 1661.230 ns
Inject: 0.55 s
Snapshotting into enterprise Pulsar objects...
Building PTA...
PTA build: 480.64 s
Computing optimal statistic...
OS time: 48.97 s
Total: 530.16 s
Initial SNR: 15.4254, Target SNR: 4.0000
  Initial SNR 15.4254 outside of provided SNR_range [3.5, 4.25] — rescaling.
Scaling distances by factor 1.9852 to achieve target SNR...
Resetting pulsars to clean stoas...
Restore: 0.01 s
Injecting population...
  B1855+09: RMS = 2030.441 ns
  B1937+21: RMS = 3063.774 ns
  B1953+29: RMS = 2023.463 ns
  J0023+0923: RMS = 747.069 ns
  J0030+0451: RMS = 1545.539 ns
  J0340+4130: RMS = 1009.550 ns
  J0406+3039: RMS = 1715.152 ns
  J0437-4715: RMS = 579.327 ns
  J0509+0856: RMS = 556.024 ns
  J0557+1551: RMS = 1077.087 ns
  J0605+3757: RMS = 582.323 ns
  J0610-2100: RMS = 1103.891 ns
  J0613-0200: RMS = 513.846 ns
  J0636+5128: RMS = 2122.649 ns
  J0645+5158: RMS = 2174.450 ns
  J0709+0458: RMS = 592.970 ns
  J0740+6620: RMS = 1582.491 ns
  J0931-1902: RMS = 354.941 ns
  J1012+5307: RMS = 1148.982 ns
  J1012-4235: RMS = 74.061 ns
  J1022+1001: RMS = 563.080 ns
  J1024-0719: RMS = 1828.810 ns
  J1125+7819: RMS = 362.826 ns
  J1312+0051: RMS = 399.856 ns
  J1453+1902: RMS = 908.866 ns
  J1455-3330: RMS = 1295.075 ns
  J1600-3053: RMS = 1275.800 ns
  J1614-2230: RMS = 1198.047 ns
  J1630+3734: RMS = 620.980 ns
  J1640+2224: RMS = 851.126 ns
  J1643-1224: RMS = 687.001 ns
  J1705-1903: RMS = 1635.059 ns
  J1713+0747: RMS = 704.028 ns
  J1719-1438: RMS = 1249.145 ns
  J1730-2304: RMS = 1310.697 ns
  J1738+0333: RMS = 243.841 ns
  J1741+1351: RMS = 777.115 ns
  J1744-1134: RMS = 750.946 ns
  J1745+1017: RMS = 311.654 ns
  J1747-4036: RMS = 1469.312 ns
  J1751-2857: RMS = 1256.582 ns
  J1802-2124: RMS = 933.639 ns
  J1811-2405: RMS = 587.212 ns
  J1832-0836: RMS = 1122.669 ns
  J1843-1113: RMS = 438.411 ns
  J1853+1303: RMS = 1501.010 ns
  J1903+0327: RMS = 1254.548 ns
  J1909-3744: RMS = 2623.340 ns
  J1910+1256: RMS = 2200.643 ns
  J1911+1347: RMS = 2133.892 ns
  J1918-0642: RMS = 739.637 ns
  J1923+2515: RMS = 2124.473 ns
  J1944+0907: RMS = 1915.834 ns
  J1946+3417: RMS = 1871.088 ns
  J2010-1323: RMS = 1503.562 ns
  J2017+0603: RMS = 2461.899 ns
  J2033+1734: RMS = 2016.051 ns
  J2043+1711: RMS = 1757.692 ns
  J2124-3358: RMS = 1458.122 ns
  J2145-0750: RMS = 2402.779 ns
  J2214+3000: RMS = 1790.061 ns
  J2229+2643: RMS = 1872.461 ns
  J2234+0611: RMS = 308.850 ns
  J2234+0944: RMS = 1268.264 ns
  J2302+4442: RMS = 1631.510 ns
  J2317+1439: RMS = 1111.823 ns
  J2322+2057: RMS = 836.818 ns
Inject: 0.54 s
Snapshotting into enterprise Pulsar objects...
Building PTA...
PTA build: 482.25 s
Computing optimal statistic...
OS time: 49.56 s
Total: 532.35 s
  SNR 0.9425 outside of provided SNR_range [3.5, 4.25] — rescaling.
[Iteration 1/100] SNR after scaling: 0.9425 (target: 4.0000)
  SNR history: it0→15.4254@1.0000x, it1→0.9425@1.9852x
  Re-scaling distances by factor 0.7097  (cumulative after: 1.4090×)
Resetting pulsars to clean stoas...
Restore: 0.00 s
Injecting population...
  B1855+09: RMS = 2860.815 ns
  B1937+21: RMS = 4316.742 ns
  B1953+29: RMS = 2850.982 ns
  J0023+0923: RMS = 1052.592 ns
  J0030+0451: RMS = 2177.605 ns
  J0340+4130: RMS = 1422.417 ns
  J0406+3039: RMS = 2416.584 ns
  J0437-4715: RMS = 816.250 ns
  J0509+0856: RMS = 783.417 ns
  J0557+1551: RMS = 1517.574 ns
  J0605+3757: RMS = 820.472 ns
  J0610-2100: RMS = 1555.341 ns
  J0613-0200: RMS = 723.989 ns
  J0636+5128: RMS = 2990.732 ns
  J0645+5158: RMS = 3063.717 ns
  J0709+0458: RMS = 835.473 ns
  J0740+6620: RMS = 2229.670 ns
  J0931-1902: RMS = 500.098 ns
  J1012+5307: RMS = 1618.871 ns
  J1012-4235: RMS = 104.350 ns
  J1022+1001: RMS = 793.359 ns
  J1024-0719: RMS = 2576.724 ns
  J1125+7819: RMS = 511.207 ns
  J1312+0051: RMS = 563.383 ns
  J1453+1902: RMS = 1280.558 ns
  J1455-3330: RMS = 1824.712 ns
  J1600-3053: RMS = 1797.554 ns
  J1614-2230: RMS = 1688.003 ns
  J1630+3734: RMS = 874.938 ns
  J1640+2224: RMS = 1199.205 ns
  J1643-1224: RMS = 967.958 ns
  J1705-1903: RMS = 2303.737 ns
  J1713+0747: RMS = 991.949 ns
  J1719-1438: RMS = 1759.998 ns
  J1730-2304: RMS = 1846.722 ns
  J1738+0333: RMS = 343.563 ns
  J1741+1351: RMS = 1094.926 ns
  J1744-1134: RMS = 1058.054 ns
  J1745+1017: RMS = 439.109 ns
  J1747-4036: RMS = 2070.205 ns
  J1751-2857: RMS = 1770.476 ns
  J1802-2124: RMS = 1315.462 ns
  J1811-2405: RMS = 827.359 ns
  J1832-0836: RMS = 1581.799 ns
  J1843-1113: RMS = 617.704 ns
  J1853+1303: RMS = 2114.866 ns
  J1903+0327: RMS = 1767.610 ns
  J1909-3744: RMS = 3696.187 ns
  J1910+1256: RMS = 3100.622 ns
  J1911+1347: RMS = 3006.573 ns
  J1918-0642: RMS = 1042.120 ns
  J1923+2515: RMS = 2993.302 ns
  J1944+0907: RMS = 2699.338 ns
  J1946+3417: RMS = 2636.292 ns
  J2010-1323: RMS = 2118.462 ns
  J2017+0603: RMS = 3468.723 ns
  J2033+1734: RMS = 2840.539 ns
  J2043+1711: RMS = 2476.522 ns
  J2124-3358: RMS = 2054.438 ns
  J2145-0750: RMS = 3385.425 ns
  J2214+3000: RMS = 2522.128 ns
  J2229+2643: RMS = 2638.227 ns
  J2234+0611: RMS = 435.158 ns
  J2234+0944: RMS = 1786.937 ns
  J2302+4442: RMS = 2298.736 ns
  J2317+1439: RMS = 1566.516 ns
  J2322+2057: RMS = 1179.045 ns
Inject: 0.53 s
Snapshotting into enterprise Pulsar objects...
Building PTA...
PTA build: 477.71 s
Computing optimal statistic...
OS time: 46.28 s
Total: 524.52 s
  SNR 5.3091 outside of provided SNR_range [3.5, 4.25] — rescaling.
[Iteration 2/100] SNR after scaling: 5.3091 (target: 4.0000)
  SNR history: it0→15.4254@1.0000x, it1→0.9425@1.9852x, it2→5.3091@1.4090x
  Re-scaling distances by factor 1.1870  (cumulative after: 1.6724×)
Resetting pulsars to clean stoas...
Restore: 0.00 s
Injecting population...
  B1855+09: RMS = 2410.128 ns
  B1937+21: RMS = 3636.691 ns
  B1953+29: RMS = 2401.844 ns
  J0023+0923: RMS = 886.768 ns
  J0030+0451: RMS = 1834.550 ns
  J0340+4130: RMS = 1198.332 ns
  J0406+3039: RMS = 2035.880 ns
  J0437-4715: RMS = 687.660 ns
  J0509+0856: RMS = 659.999 ns
  J0557+1551: RMS = 1278.499 ns
  J0605+3757: RMS = 691.216 ns
  J0610-2100: RMS = 1310.315 ns
  J0613-0200: RMS = 609.933 ns
  J0636+5128: RMS = 2519.579 ns
  J0645+5158: RMS = 2581.066 ns
  J0709+0458: RMS = 703.854 ns
  J0740+6620: RMS = 1878.412 ns
  J0931-1902: RMS = 421.313 ns
  J1012+5307: RMS = 1363.838 ns
  J1012-4235: RMS = 87.911 ns
  J1022+1001: RMS = 668.375 ns
  J1024-0719: RMS = 2170.792 ns
  J1125+7819: RMS = 430.673 ns
  J1312+0051: RMS = 474.628 ns
  J1453+1902: RMS = 1078.821 ns
  J1455-3330: RMS = 1537.250 ns
  J1600-3053: RMS = 1514.371 ns
  J1614-2230: RMS = 1422.079 ns
  J1630+3734: RMS = 737.102 ns
  J1640+2224: RMS = 1010.284 ns
  J1643-1224: RMS = 815.468 ns
  J1705-1903: RMS = 1940.811 ns
  J1713+0747: RMS = 835.679 ns
  J1719-1438: RMS = 1482.731 ns
  J1730-2304: RMS = 1555.793 ns
  J1738+0333: RMS = 289.439 ns
  J1741+1351: RMS = 922.434 ns
  J1744-1134: RMS = 891.371 ns
  J1745+1017: RMS = 369.933 ns
  J1747-4036: RMS = 1744.069 ns
  J1751-2857: RMS = 1491.559 ns
  J1802-2124: RMS = 1108.227 ns
  J1811-2405: RMS = 697.019 ns
  J1832-0836: RMS = 1332.605 ns
  J1843-1113: RMS = 520.392 ns
  J1853+1303: RMS = 1781.694 ns
  J1903+0327: RMS = 1489.145 ns
  J1909-3744: RMS = 3113.897 ns
  J1910+1256: RMS = 2612.157 ns
  J1911+1347: RMS = 2532.924 ns
  J1918-0642: RMS = 877.947 ns
  J1923+2515: RMS = 2521.744 ns
  J1944+0907: RMS = 2274.089 ns
  J1946+3417: RMS = 2220.976 ns
  J2010-1323: RMS = 1784.724 ns
  J2017+0603: RMS = 2922.267 ns
  J2033+1734: RMS = 2393.047 ns
  J2043+1711: RMS = 2086.376 ns
  J2124-3358: RMS = 1730.786 ns
  J2145-0750: RMS = 2852.092 ns
  J2214+3000: RMS = 2124.797 ns
  J2229+2643: RMS = 2222.606 ns
  J2234+0611: RMS = 366.604 ns
  J2234+0944: RMS = 1505.426 ns
  J2302+4442: RMS = 1936.598 ns
  J2317+1439: RMS = 1319.731 ns
  J2322+2057: RMS = 993.301 ns
Inject: 0.56 s
Snapshotting into enterprise Pulsar objects...

+------------------ Job Report: 11780174 (CANCELLED) ------------------+
| Memory (RAM)  [################    ] 83.2% (28.3 GB peak / 34 GB)    |
| CPU           [##############      ] 73.9% average                   |
| Time          [-------->           ] 40.8% (0-00:44:51 / 0-01:50:00) |
|                                                                      |
| Lustre Filesystem:                                                   |
|   Path    Total Read    Total Write    Total IOPS                    |
|   ------  ------------  -------------  ------------                  |
|   /apps   504 KB        0 B            355                           |
|   /fred   80 KB         156.4 KB       33                            |
|   /home   36 MB         0 B            2.7 K                         |
|   OS      0 B           0 B            3                             |
|                                                                      |
| Warnings:                                                            |
|   - CPU usage is low                                                 |
|   - Too much time requested                                          |
+----------------------------------------------------------------------+
