==========================================
Job ID: 11783169
Job Name: smbhb_pessimistic
Node: dave308
Start Time: Fri May  1 17:22:30 AEST 2026
==========================================

/home/bhoulden/.conda/envs/smbhb312/share/tempo2
Working directory: /fred/oz005/users/bhoulden/SMBHB_population_injections

Loaded modules:

Starting SMBHB analysis...
==========================================

📁 Save directory: data/2026-05-01/pessimistic_run_20
📝 Run name: pessimistic_run_20

[MEM] Start: 244.1 MB

📡 Loading pulsars...
======================================================================
LOADING NANOGRAV PULSARS (libstempo)
======================================================================

📦 Loading from cache: nanograv_pulsars_cache.pkl
⚠ Cache load failed: Ran out of input
[DEBUG] Found 76 .par files
[tempo2Util.C:396] Warning: [MISC1] Unknown parameter in par file:  DMDATA
[tempo2Util.C:401] Warning: [DUP1] duplicated warnings have been suppressed.

WARNING: Using tempo RNAMP parameter: setting TNRedC to 100!
[observatory.C:271] Warning: Assuming site 'arecibo' means 'ao'
✓ Loaded B1855+09 (7758 TOAs)

WARNING: Using tempo RNAMP parameter: setting TNRedC to 100!
✓ Loaded B1937+21 (23023 TOAs)

WARNING: Using tempo RNAMP parameter: setting TNRedC to 100!
✓ Loaded B1937+21ao (7241 TOAs)

WARNING: Using tempo RNAMP parameter: setting TNRedC to 100!
✓ Loaded B1937+21gbt (16048 TOAs)

WARNING: Using tempo RNAMP parameter: setting TNRedC to 100!
✓ Loaded B1953+29 (5126 TOAs)
✓ Loaded J0023+0923 (15896 TOAs)

WARNING: Using tempo RNAMP parameter: setting TNRedC to 100!
✓ Loaded J0030+0451 (19571 TOAs)
✓ Loaded J0340+4130 (11093 TOAs)
✓ Loaded J0406+3039 (2446 TOAs)

WARNING: Using tempo RNAMP parameter: setting TNRedC to 100!
✓ Loaded J0437-4715 (5830 TOAs)
✓ Loaded J0509+0856 (2169 TOAs)
✓ Loaded J0557+1551 (525 TOAs)
✓ Loaded J0605+3757 (554 TOAs)

WARNING: Using tempo RNAMP parameter: setting TNRedC to 100!
✓ Loaded J0610-2100 (4885 TOAs)

WARNING: Using tempo RNAMP parameter: setting TNRedC to 100!
✓ Loaded J0613-0200 (17124 TOAs)
✓ Loaded J0614-3329 (1714 TOAs)
✓ Loaded J0636+5128 (32222 TOAs)
✓ Loaded J0645+5158 (10403 TOAs)
✓ Loaded J0709+0458 (3030 TOAs)
✓ Loaded J0740+6620 (13401 TOAs)
✓ Loaded J0931-1902 (5473 TOAs)

WARNING: Using tempo RNAMP parameter: setting TNRedC to 100!
✓ Loaded J1012+5307 (25837 TOAs)
✓ Loaded J1012-4235 (797 TOAs)
✓ Loaded J1022+1001 (3978 TOAs)
✓ Loaded J1024-0719 (12635 TOAs)
✓ Loaded J1125+7819 (8723 TOAs)
✓ Loaded J1312+0051 (1705 TOAs)
✓ Loaded J1453+1902 (2551 TOAs)
✓ Loaded J1455-3330 (10818 TOAs)

WARNING: Using tempo RNAMP parameter: setting TNRedC to 100!
✓ Loaded J1600-3053 (22955 TOAs)

WARNING: Using tempo RNAMP parameter: setting TNRedC to 100!
✓ Loaded J1600-3053gbt (19725 TOAs)

WARNING: Using tempo RNAMP parameter: setting TNRedC to 100!
✓ Loaded J1614-2230 (18445 TOAs)
✓ Loaded J1630+3734 (1815 TOAs)
✓ Loaded J1640+2224 (14066 TOAs)

WARNING: Using tempo RNAMP parameter: setting TNRedC to 100!
✓ Loaded J1643-1224 (22144 TOAs)

WARNING: Using tempo RNAMP parameter: setting TNRedC to 100!
✓ Loaded J1643-1224gbt (17932 TOAs)

WARNING: Using tempo RNAMP parameter: setting TNRedC to 100!
✓ Loaded J1705-1903 (9871 TOAs)

WARNING: Using tempo RNAMP parameter: setting TNRedC to 100!
✓ Loaded J1713+0747 (59389 TOAs)

WARNING: Using tempo RNAMP parameter: setting TNRedC to 100!
✓ Loaded J1713+0747ao (21362 TOAs)

WARNING: Using tempo RNAMP parameter: setting TNRedC to 100!
✓ Loaded J1713+0747gbt (32963 TOAs)
✓ Loaded J1719-1438 (6356 TOAs)
✓ Loaded J1730-2304 (4870 TOAs)
✓ Loaded J1738+0333 (8790 TOAs)
✓ Loaded J1741+1351 (5582 TOAs)

WARNING: Using tempo RNAMP parameter: setting TNRedC to 100!
✓ Loaded J1744-1134 (17745 TOAs)

WARNING: Using tempo RNAMP parameter: setting TNRedC to 100!
✓ Loaded J1745+1017 (3017 TOAs)

WARNING: Using tempo RNAMP parameter: setting TNRedC to 100!
✓ Loaded J1747-4036 (11055 TOAs)
✓ Loaded J1751-2857 (2025 TOAs)

WARNING: Using tempo RNAMP parameter: setting TNRedC to 100!
✓ Loaded J1802-2124 (6796 TOAs)
✓ Loaded J1811-2405 (5266 TOAs)
✓ Loaded J1832-0836 (7739 TOAs)
✓ Loaded J1843-1113 (4595 TOAs)

WARNING: Using tempo RNAMP parameter: setting TNRedC to 100!
✓ Loaded J1853+1303 (4570 TOAs)

WARNING: Using tempo RNAMP parameter: setting TNRedC to 100!
✓ Loaded J1903+0327 (6856 TOAs)

WARNING: Using tempo RNAMP parameter: setting TNRedC to 100!
✓ Loaded J1903+0327ao (6423 TOAs)

WARNING: Using tempo RNAMP parameter: setting TNRedC to 100!
✓ Loaded J1909-3744 (35037 TOAs)

WARNING: Using tempo RNAMP parameter: setting TNRedC to 100!
✓ Loaded J1909-3744gbt (31526 TOAs)
✓ Loaded J1910+1256 (6486 TOAs)
✓ Loaded J1911+1347 (3786 TOAs)
✓ Loaded J1918-0642 (18875 TOAs)
✓ Loaded J1923+2515 (3974 TOAs)
✓ Loaded J1944+0907 (5328 TOAs)

WARNING: Using tempo RNAMP parameter: setting TNRedC to 100!
✓ Loaded J1946+3417 (4743 TOAs)
✓ Loaded J2010-1323 (17077 TOAs)
✓ Loaded J2017+0603 (3512 TOAs)
✓ Loaded J2033+1734 (3847 TOAs)
✓ Loaded J2043+1711 (7397 TOAs)
✓ Loaded J2124-3358 (4982 TOAs)

WARNING: Using tempo RNAMP parameter: setting TNRedC to 100!
✓ Loaded J2145-0750 (18675 TOAs)
✓ Loaded J2214+3000 (7406 TOAs)
✓ Loaded J2229+2643 (3711 TOAs)

WARNING: Using tempo RNAMP parameter: setting TNRedC to 100!
✓ Loaded J2234+0611 (3566 TOAs)
✓ Loaded J2234+0944 (7535 TOAs)
✓ Loaded J2302+4442 (10211 TOAs)
✓ Loaded J2317+1439 (13927 TOAs)
✓ Loaded J2322+2057 (3088 TOAs)
⚠ Could not save cache: no default __reduce__ due to non-trivial __cinit__

✓ Loaded 76 pulsars
✗ Failed: 0 — []
[MEM] After loading pulsars: 8868.5 MB

🔍 Filtering pulsars...

Filtered: 76 → 67 pulsars
[MEM] After filtering pulsars: 8871.2 MB
[MEM] After garbage collection: 8871.4 MB

======================================================================
SMBHB POPULATION ANALYSIS
======================================================================

Configuration: pessimistic
  Lower mass, lower spread in distance, large population
  N_binaries: 10000000

======================================================================
CONSISTENT POPULATION SYNTHESIS
======================================================================

======================================================================
GENERATING SNR-CONSISTENT POPULATIONS
======================================================================
Target SNR:          4.0
Simulations:         1
======================================================================


──────────────────────────────────────────────────────────────────────
SIMULATION 1/1
──────────────────────────────────────────────────────────────────────
  [B1855+09] zeroing residuals...
  [B1855+09] adding red noise...
  [B1855+09] white noise for 430_ASP (390 TOAs)...
  [B1855+09] white noise for L-wide_ASP (1178 TOAs)...
  [B1855+09] white noise for L-wide_PUPPI (5005 TOAs)...
  [B1855+09] white noise for 430_PUPPI (1185 TOAs)...
  [B1937+21] zeroing residuals...
  [B1937+21] adding red noise...
  [B1937+21] white noise for Rcvr1_2_GASP (1069 TOAs)...
  [B1937+21] white noise for Rcvr_800_GUPPI (7140 TOAs)...
  [B1937+21] white noise for S-wide_ASP (344 TOAs)...
  [B1937+21] white noise for S-wide_PUPPI (2251 TOAs)...
  [B1937+21] white noise for L-wide_PUPPI (4133 TOAs)...
  [B1937+21] white noise for L-wide_ASP (452 TOAs)...
  [B1937+21] white noise for Rcvr1_2_GUPPI (7048 TOAs)...
  [B1937+21] white noise for Rcvr_800_GASP (586 TOAs)...
  [B1953+29] zeroing residuals...
  [B1953+29] adding red noise...
  [B1953+29] white noise for 430_PUPPI (941 TOAs)...
  [B1953+29] white noise for S-wide_ASP (25 TOAs)...
  [B1953+29] white noise for L-wide_PUPPI (4037 TOAs)...
  [B1953+29] white noise for L-wide_ASP (94 TOAs)...
  [B1953+29] white noise for 430_ASP (29 TOAs)...
  [J0023+0923] zeroing residuals...
  [J0023+0923] adding red noise...
  [J0023+0923] white noise for 430_ASP (90 TOAs)...
  [J0023+0923] white noise for L-wide_ASP (119 TOAs)...
  [J0023+0923] white noise for L-wide_PUPPI (11123 TOAs)...
  [J0023+0923] white noise for 430_PUPPI (4564 TOAs)...
  [J0030+0451] zeroing residuals...
  [J0030+0451] adding red noise...
  [J0030+0451] white noise for 430_PUPPI (3068 TOAs)...
  [J0030+0451] white noise for L-wide_PUPPI (12774 TOAs)...
  [J0030+0451] white noise for L-wide_ASP (789 TOAs)...
  [J0030+0451] white noise for 430_ASP (267 TOAs)...
  [J0030+0451] white noise for S-wide_PUPPI (2673 TOAs)...
  [J0340+4130] zeroing residuals...
  [J0340+4130] adding red noise...
  [J0340+4130] white noise for Rcvr_800_GUPPI (6056 TOAs)...
  [J0340+4130] white noise for Rcvr1_2_GUPPI (5037 TOAs)...
  [J0406+3039] zeroing residuals...
  [J0406+3039] adding red noise...
  [J0406+3039] white noise for L-wide_PUPPI (1871 TOAs)...
  [J0406+3039] white noise for S-wide_PUPPI (575 TOAs)...
  [J0437-4715] zeroing residuals...
  [J0437-4715] adding red noise...
  [J0437-4715] white noise for 1.5GHz_YUPPI (2134 TOAs)...
  [J0437-4715] white noise for 3GHz_YUPPI (3696 TOAs)...
  [J0509+0856] zeroing residuals...
  [J0509+0856] adding red noise...
  [J0509+0856] white noise for L-wide_PUPPI (1625 TOAs)...
  [J0509+0856] white noise for S-wide_PUPPI (544 TOAs)...
  [J0557+1551] zeroing residuals...
  [J0557+1551] adding red noise...
  [J0557+1551] white noise for L-wide_PUPPI (467 TOAs)...
  [J0557+1551] white noise for S-wide_PUPPI (58 TOAs)...
  [J0605+3757] zeroing residuals...
  [J0605+3757] adding red noise...
  [J0605+3757] white noise for Rcvr_800_GUPPI (236 TOAs)...
  [J0605+3757] white noise for Rcvr1_2_GUPPI (318 TOAs)...
  [J0610-2100] zeroing residuals...
  [J0610-2100] adding red noise...
  [J0610-2100] white noise for Rcvr_800_GUPPI (2484 TOAs)...
  [J0610-2100] white noise for Rcvr1_2_GUPPI (2401 TOAs)...
  [J0613-0200] zeroing residuals...
  [J0613-0200] adding red noise...
  [J0613-0200] white noise for Rcvr_800_GUPPI (7900 TOAs)...
  [J0613-0200] white noise for Rcvr1_2_GASP (992 TOAs)...
  [J0613-0200] white noise for Rcvr1_2_GUPPI (7423 TOAs)...
  [J0613-0200] white noise for Rcvr_800_GASP (809 TOAs)...
  [J0636+5128] zeroing residuals...
  [J0636+5128] adding red noise...
  [J0636+5128] white noise for Rcvr_800_GUPPI (17419 TOAs)...
  [J0636+5128] white noise for Rcvr1_2_GUPPI (14803 TOAs)...
  [J0645+5158] zeroing residuals...
  [J0645+5158] adding red noise...
  [J0645+5158] white noise for Rcvr_800_GUPPI (4682 TOAs)...
  [J0645+5158] white noise for Rcvr1_2_GUPPI (5721 TOAs)...
  [J0709+0458] zeroing residuals...
  [J0709+0458] adding red noise...
  [J0709+0458] white noise for L-wide_PUPPI (2435 TOAs)...
  [J0709+0458] white noise for S-wide_PUPPI (595 TOAs)...
  [J0740+6620] zeroing residuals...
  [J0740+6620] adding red noise...
  [J0740+6620] white noise for Rcvr_800_GUPPI (5136 TOAs)...
  [J0740+6620] white noise for Rcvr1_2_GUPPI (8265 TOAs)...
  [J0931-1902] zeroing residuals...
  [J0931-1902] adding red noise...
  [J0931-1902] white noise for Rcvr_800_GUPPI (3419 TOAs)...
  [J0931-1902] white noise for Rcvr1_2_GUPPI (2054 TOAs)...
  [J1012+5307] zeroing residuals...
  [J1012+5307] adding red noise...
  [J1012+5307] white noise for Rcvr_800_GUPPI (10299 TOAs)...
  [J1012+5307] white noise for Rcvr1_2_GASP (1479 TOAs)...
  [J1012+5307] white noise for Rcvr1_2_GUPPI (12849 TOAs)...
  [J1012+5307] white noise for Rcvr_800_GASP (1210 TOAs)...
  [J1012-4235] zeroing residuals...
  [J1012-4235] adding red noise...
  [J1012-4235] white noise for Rcvr_800_GUPPI (342 TOAs)...
  [J1012-4235] white noise for Rcvr1_2_GUPPI (455 TOAs)...
  [J1022+1001] zeroing residuals...
  [J1022+1001] adding red noise...
  [J1022+1001] white noise for S-wide_PUPPI (1154 TOAs)...
  [J1022+1001] white noise for L-wide_PUPPI (2592 TOAs)...
  [J1022+1001] white noise for 430_PUPPI (232 TOAs)...
  [J1024-0719] zeroing residuals...
  [J1024-0719] adding red noise...
  [J1024-0719] white noise for Rcvr_800_GUPPI (5455 TOAs)...
  [J1024-0719] white noise for Rcvr1_2_GASP (43 TOAs)...
  [J1024-0719] white noise for Rcvr1_2_GUPPI (7086 TOAs)...
  [J1024-0719] white noise for Rcvr_800_GASP (51 TOAs)...
  [J1125+7819] zeroing residuals...
  [J1125+7819] adding red noise...
  [J1125+7819] white noise for Rcvr_800_GUPPI (4707 TOAs)...
  [J1125+7819] white noise for Rcvr1_2_GUPPI (4016 TOAs)...
  [J1312+0051] zeroing residuals...
  [J1312+0051] adding red noise...
  [J1312+0051] white noise for L-wide_PUPPI (1289 TOAs)...
  [J1312+0051] white noise for S-wide_PUPPI (416 TOAs)...
  [J1453+1902] zeroing residuals...
  [J1453+1902] adding red noise...
  [J1453+1902] white noise for S-wide_PUPPI (4 TOAs)...
  [J1453+1902] white noise for L-wide_PUPPI (2122 TOAs)...
  [J1453+1902] white noise for 430_PUPPI (425 TOAs)...
  [J1455-3330] zeroing residuals...
  [J1455-3330] adding red noise...
  [J1455-3330] white noise for Rcvr_800_GUPPI (4843 TOAs)...
  [J1455-3330] white noise for Rcvr1_2_GASP (564 TOAs)...
  [J1455-3330] white noise for Rcvr1_2_GUPPI (4932 TOAs)...
  [J1455-3330] white noise for Rcvr_800_GASP (479 TOAs)...
  [J1600-3053] zeroing residuals...
  [J1600-3053] adding red noise...
  [J1600-3053] white noise for Rcvr1_2_GASP (457 TOAs)...
  [J1600-3053] white noise for Rcvr_800_GUPPI (8796 TOAs)...
  [J1600-3053] white noise for 3GHz_YUPPI (3237 TOAs)...
  [J1600-3053] white noise for Rcvr1_2_GUPPI (10168 TOAs)...
  [J1600-3053] white noise for Rcvr_800_GASP (297 TOAs)...
  [J1614-2230] zeroing residuals...
  [J1614-2230] adding red noise...
  [J1614-2230] white noise for Rcvr_800_GUPPI (7768 TOAs)...
  [J1614-2230] white noise for Rcvr1_2_GASP (84 TOAs)...
  [J1614-2230] white noise for Rcvr1_2_GUPPI (10509 TOAs)...
  [J1614-2230] white noise for Rcvr_800_GASP (84 TOAs)...
  [J1630+3734] zeroing residuals...
  [J1630+3734] adding red noise...
  [J1630+3734] white noise for Rcvr_800_GUPPI (906 TOAs)...
  [J1630+3734] white noise for Rcvr1_2_GUPPI (909 TOAs)...
  [J1640+2224] zeroing residuals...
  [J1640+2224] adding red noise...
  [J1640+2224] white noise for 430_ASP (340 TOAs)...
  [J1640+2224] white noise for L-wide_ASP (722 TOAs)...
  [J1640+2224] white noise for L-wide_PUPPI (9847 TOAs)...
  [J1640+2224] white noise for 430_PUPPI (3157 TOAs)...
  [J1643-1224] zeroing residuals...
  [J1643-1224] adding red noise...
  [J1643-1224] white noise for Rcvr1_2_GASP (833 TOAs)...
  [J1643-1224] white noise for Rcvr_800_GUPPI (7734 TOAs)...
  [J1643-1224] white noise for 3GHz_YUPPI (4215 TOAs)...
  [J1643-1224] white noise for Rcvr1_2_GUPPI (8803 TOAs)...
  [J1643-1224] white noise for Rcvr_800_GASP (559 TOAs)...
  [J1705-1903] zeroing residuals...
  [J1705-1903] adding red noise...
  [J1705-1903] white noise for Rcvr_800_GUPPI (3521 TOAs)...
  [J1705-1903] white noise for Rcvr1_2_GUPPI (6350 TOAs)...
  [J1713+0747] zeroing residuals...
  [J1713+0747] adding red noise...
  [J1713+0747] white noise for 1.5GHz_YUPPI (1461 TOAs)...
  [J1713+0747] white noise for Rcvr1_2_GASP (1109 TOAs)...
  [J1713+0747] white noise for Rcvr_800_GUPPI (8479 TOAs)...
  [J1713+0747] white noise for S-wide_ASP (624 TOAs)...
  [J1713+0747] white noise for S-wide_PUPPI (7482 TOAs)...
  [J1713+0747] white noise for 3GHz_YUPPI (3282 TOAs)...
  [J1713+0747] white noise for L-wide_PUPPI (12743 TOAs)...
  [J1713+0747] white noise for L-wide_ASP (843 TOAs)...
  [J1713+0747] white noise for Rcvr1_2_GUPPI (22334 TOAs)...
  [J1713+0747] white noise for Rcvr_800_GASP (1032 TOAs)...
  [J1719-1438] zeroing residuals...
  [J1719-1438] adding red noise...
  [J1719-1438] white noise for Rcvr_800_GUPPI (3634 TOAs)...
  [J1719-1438] white noise for Rcvr1_2_GUPPI (2722 TOAs)...
  [J1730-2304] zeroing residuals...
  [J1730-2304] adding red noise...
  [J1730-2304] white noise for Rcvr_800_GUPPI (2503 TOAs)...
  [J1730-2304] white noise for Rcvr1_2_GUPPI (2367 TOAs)...
  [J1738+0333] zeroing residuals...
  [J1738+0333] adding red noise...
  [J1738+0333] white noise for L-wide_PUPPI (6718 TOAs)...
  [J1738+0333] white noise for L-wide_ASP (201 TOAs)...
  [J1738+0333] white noise for S-wide_PUPPI (1737 TOAs)...
  [J1738+0333] white noise for S-wide_ASP (134 TOAs)...
  [J1741+1351] zeroing residuals...
  [J1741+1351] adding red noise...
  [J1741+1351] white noise for 430_PUPPI (1159 TOAs)...
  [J1741+1351] white noise for S-wide_ASP (115 TOAs)...
  [J1741+1351] white noise for L-wide_PUPPI (4045 TOAs)...
  [J1741+1351] white noise for L-wide_ASP (236 TOAs)...
  [J1741+1351] white noise for 430_ASP (27 TOAs)...
  [J1744-1134] zeroing residuals...
  [J1744-1134] adding red noise...
  [J1744-1134] white noise for Rcvr_800_GUPPI (7899 TOAs)...
  [J1744-1134] white noise for Rcvr1_2_GASP (807 TOAs)...
  [J1744-1134] white noise for Rcvr1_2_GUPPI (8109 TOAs)...
  [J1744-1134] white noise for Rcvr_800_GASP (930 TOAs)...
  [J1745+1017] zeroing residuals...
  [J1745+1017] adding red noise...
  [J1745+1017] white noise for L-wide_PUPPI (2179 TOAs)...
  [J1745+1017] white noise for S-wide_PUPPI (838 TOAs)...
  [J1747-4036] zeroing residuals...
  [J1747-4036] adding red noise...
  [J1747-4036] white noise for Rcvr_800_GUPPI (5816 TOAs)...
  [J1747-4036] white noise for Rcvr1_2_GUPPI (5239 TOAs)...
  [J1751-2857] zeroing residuals...
  [J1751-2857] adding red noise...
  [J1751-2857] white noise for Rcvr_800_GUPPI (239 TOAs)...
  [J1751-2857] white noise for Rcvr1_2_GUPPI (1786 TOAs)...
  [J1802-2124] zeroing residuals...
  [J1802-2124] adding red noise...
  [J1802-2124] white noise for Rcvr_800_GUPPI (3565 TOAs)...
  [J1802-2124] white noise for Rcvr1_2_GUPPI (3231 TOAs)...
  [J1811-2405] zeroing residuals...
  [J1811-2405] adding red noise...
  [J1811-2405] white noise for Rcvr_800_GUPPI (2628 TOAs)...
  [J1811-2405] white noise for Rcvr1_2_GUPPI (2638 TOAs)...
  [J1832-0836] zeroing residuals...
  [J1832-0836] adding red noise...
  [J1832-0836] white noise for Rcvr_800_GUPPI (3078 TOAs)...
  [J1832-0836] white noise for Rcvr1_2_GUPPI (4661 TOAs)...
  [J1843-1113] zeroing residuals...
  [J1843-1113] adding red noise...
  [J1843-1113] white noise for Rcvr_800_GUPPI (2201 TOAs)...
  [J1843-1113] white noise for Rcvr1_2_GUPPI (2394 TOAs)...
  [J1853+1303] zeroing residuals...
  [J1853+1303] adding red noise...
  [J1853+1303] white noise for 430_ASP (24 TOAs)...
  [J1853+1303] white noise for L-wide_ASP (33 TOAs)...
  [J1853+1303] white noise for L-wide_PUPPI (3362 TOAs)...
  [J1853+1303] white noise for 430_PUPPI (1151 TOAs)...
  [J1903+0327] zeroing residuals...
  [J1903+0327] adding red noise...
  [J1903+0327] white noise for S-wide_ASP (151 TOAs)...
  [J1903+0327] white noise for 3GHz_YUPPI (439 TOAs)...
  [J1903+0327] white noise for L-wide_PUPPI (3845 TOAs)...
  [J1903+0327] white noise for L-wide_ASP (139 TOAs)...
  [J1903+0327] white noise for S-wide_PUPPI (2282 TOAs)...
  [J1909-3744] zeroing residuals...
  [J1909-3744] adding red noise...
  [J1909-3744] white noise for Rcvr1_2_GASP (808 TOAs)...
  [J1909-3744] white noise for Rcvr_800_GUPPI (9399 TOAs)...
  [J1909-3744] white noise for 3GHz_YUPPI (3525 TOAs)...
  [J1909-3744] white noise for Rcvr1_2_GUPPI (20439 TOAs)...
  [J1909-3744] white noise for Rcvr_800_GASP (866 TOAs)...
  [J1910+1256] zeroing residuals...
  [J1910+1256] adding red noise...
  [J1910+1256] white noise for L-wide_PUPPI (4124 TOAs)...
  [J1910+1256] white noise for L-wide_ASP (297 TOAs)...
  [J1910+1256] white noise for S-wide_PUPPI (1857 TOAs)...
  [J1910+1256] white noise for S-wide_ASP (208 TOAs)...
  [J1911+1347] zeroing residuals...
  [J1911+1347] adding red noise...
  [J1911+1347] white noise for L-wide_PUPPI (3033 TOAs)...
  [J1911+1347] white noise for 430_PUPPI (753 TOAs)...
  [J1918-0642] zeroing residuals...
  [J1918-0642] adding red noise...
  [J1918-0642] white noise for Rcvr_800_GUPPI (8352 TOAs)...
  [J1918-0642] white noise for Rcvr1_2_GASP (778 TOAs)...
  [J1918-0642] white noise for Rcvr1_2_GUPPI (8910 TOAs)...
  [J1918-0642] white noise for Rcvr_800_GASP (835 TOAs)...
  [J1923+2515] zeroing residuals...
  [J1923+2515] adding red noise...
  [J1923+2515] white noise for 430_ASP (10 TOAs)...
  [J1923+2515] white noise for L-wide_ASP (14 TOAs)...
  [J1923+2515] white noise for L-wide_PUPPI (3028 TOAs)...
  [J1923+2515] white noise for 430_PUPPI (922 TOAs)...
  [J1944+0907] zeroing residuals...
  [J1944+0907] adding red noise...
  [J1944+0907] white noise for 430_PUPPI (1017 TOAs)...
  [J1944+0907] white noise for S-wide_ASP (116 TOAs)...
  [J1944+0907] white noise for L-wide_PUPPI (3900 TOAs)...
  [J1944+0907] white noise for L-wide_ASP (257 TOAs)...
  [J1944+0907] white noise for 430_ASP (38 TOAs)...
  [J1946+3417] zeroing residuals...
  [J1946+3417] adding red noise...
  [J1946+3417] white noise for L-wide_PUPPI (3197 TOAs)...
  [J1946+3417] white noise for S-wide_PUPPI (1546 TOAs)...
  [J2010-1323] zeroing residuals...
  [J2010-1323] adding red noise...
  [J2010-1323] white noise for Rcvr_800_GUPPI (9158 TOAs)...
  [J2010-1323] white noise for Rcvr1_2_GASP (70 TOAs)...
  [J2010-1323] white noise for Rcvr1_2_GUPPI (7779 TOAs)...
  [J2010-1323] white noise for Rcvr_800_GASP (70 TOAs)...
  [J2017+0603] zeroing residuals...
  [J2017+0603] adding red noise...
  [J2017+0603] white noise for S-wide_PUPPI (849 TOAs)...
  [J2017+0603] white noise for L-wide_PUPPI (2569 TOAs)...
  [J2017+0603] white noise for L-wide_ASP (16 TOAs)...
  [J2017+0603] white noise for 430_PUPPI (78 TOAs)...
  [J2033+1734] zeroing residuals...
  [J2033+1734] adding red noise...
  [J2033+1734] white noise for L-wide_PUPPI (3050 TOAs)...
  [J2033+1734] white noise for 430_PUPPI (797 TOAs)...
  [J2043+1711] zeroing residuals...
  [J2043+1711] adding red noise...
  [J2043+1711] white noise for 430_ASP (30 TOAs)...
  [J2043+1711] white noise for L-wide_ASP (40 TOAs)...
  [J2043+1711] white noise for L-wide_PUPPI (4419 TOAs)...
  [J2043+1711] white noise for 430_PUPPI (2908 TOAs)...
  [J2124-3358] zeroing residuals...
  [J2124-3358] adding red noise...
  [J2124-3358] white noise for Rcvr_800_GUPPI (2025 TOAs)...
  [J2124-3358] white noise for Rcvr1_2_GUPPI (2957 TOAs)...
  [J2145-0750] zeroing residuals...
  [J2145-0750] adding red noise...
  [J2145-0750] white noise for Rcvr_800_GUPPI (8728 TOAs)...
  [J2145-0750] white noise for Rcvr1_2_GASP (427 TOAs)...
  [J2145-0750] white noise for Rcvr1_2_GUPPI (9158 TOAs)...
  [J2145-0750] white noise for Rcvr_800_GASP (362 TOAs)...
  [J2214+3000] zeroing residuals...
  [J2214+3000] adding red noise...
  [J2214+3000] white noise for L-wide_PUPPI (5829 TOAs)...
  [J2214+3000] white noise for L-wide_ASP (9 TOAs)...
  [J2214+3000] white noise for S-wide_PUPPI (1568 TOAs)...
  [J2229+2643] zeroing residuals...
  [J2229+2643] adding red noise...
  [J2229+2643] white noise for L-wide_PUPPI (2755 TOAs)...
  [J2229+2643] white noise for 430_PUPPI (956 TOAs)...
  [J2234+0611] zeroing residuals...
  [J2234+0611] adding red noise...
  [J2234+0611] white noise for L-wide_PUPPI (2913 TOAs)...
  [J2234+0611] white noise for 430_PUPPI (653 TOAs)...
  [J2234+0944] zeroing residuals...
  [J2234+0944] adding red noise...
  [J2234+0944] white noise for L-wide_PUPPI (5003 TOAs)...
  [J2234+0944] white noise for S-wide_PUPPI (2532 TOAs)...
  [J2302+4442] zeroing residuals...
  [J2302+4442] adding red noise...
  [J2302+4442] white noise for Rcvr_800_GUPPI (6432 TOAs)...
  [J2302+4442] white noise for Rcvr1_2_GUPPI (3779 TOAs)...
  [J2317+1439] zeroing residuals...
  [J2317+1439] adding red noise...
  [J2317+1439] white noise for 327_ASP (413 TOAs)...
  [J2317+1439] white noise for 430_PUPPI (3217 TOAs)...
  [J2317+1439] white noise for 327_PUPPI (276 TOAs)...
  [J2317+1439] white noise for L-wide_PUPPI (9563 TOAs)...
  [J2317+1439] white noise for 430_ASP (458 TOAs)...
  [J2322+2057] zeroing residuals...
  [J2322+2057] adding red noise...
  [J2322+2057] white noise for S-wide_PUPPI (140 TOAs)...
  [J2322+2057] white noise for L-wide_PUPPI (2196 TOAs)...
  [J2322+2057] white noise for 430_PUPPI (752 TOAs)...
Resetting pulsars to clean stoas...
Restore: 0.00 s
Inject: 0.00 s
Snapshotting into enterprise Pulsar objects...
Building PTA...
PTA build: 467.19 s
Computing optimal statistic...
OS time: 76.46 s
Total: 543.66 s
Noise-only SNR baseline: -0.0951

Generating SNR-consistent population...
Target SNR: 4.0
Resetting pulsars to clean stoas...
Restore: 0.01 s
Injecting population...
  B1855+09: RMS = 1761.833 ns
  B1937+21: RMS = 1605.019 ns
  B1953+29: RMS = 1420.431 ns
  J0023+0923: RMS = 702.827 ns
  J0030+0451: RMS = 770.663 ns
  J0340+4130: RMS = 2580.880 ns
  J0406+3039: RMS = 2012.558 ns
  J0437-4715: RMS = 478.447 ns
  J0509+0856: RMS = 408.201 ns
  J0557+1551: RMS = 2021.873 ns
  J0605+3757: RMS = 815.768 ns
  J0610-2100: RMS = 317.151 ns
  J0613-0200: RMS = 1898.536 ns
  J0636+5128: RMS = 2496.667 ns
  J0645+5158: RMS = 2586.252 ns
  J0709+0458: RMS = 183.996 ns
  J0740+6620: RMS = 1649.065 ns
  J0931-1902: RMS = 828.324 ns
  J1012+5307: RMS = 2249.464 ns
  J1012-4235: RMS = 402.909 ns
  J1022+1001: RMS = 453.430 ns
  J1024-0719: RMS = 1956.357 ns
  J1125+7819: RMS = 458.527 ns
  J1312+0051: RMS = 679.179 ns
  J1453+1902: RMS = 635.488 ns
  J1455-3330: RMS = 3166.446 ns
  J1600-3053: RMS = 3597.571 ns
  J1614-2230: RMS = 3738.779 ns
  J1630+3734: RMS = 228.137 ns
  J1640+2224: RMS = 1521.601 ns
  J1643-1224: RMS = 2481.345 ns
  J1705-1903: RMS = 2079.700 ns
  J1713+0747: RMS = 898.227 ns
  J1719-1438: RMS = 1573.321 ns
  J1730-2304: RMS = 1772.903 ns
  J1738+0333: RMS = 683.972 ns
  J1741+1351: RMS = 953.722 ns
  J1744-1134: RMS = 1692.351 ns
  J1745+1017: RMS = 289.500 ns
  J1747-4036: RMS = 2938.558 ns
  J1751-2857: RMS = 1610.841 ns
  J1802-2124: RMS = 1163.342 ns
  J1811-2405: RMS = 719.286 ns
  J1832-0836: RMS = 468.434 ns
  J1843-1113: RMS = 165.346 ns
  J1853+1303: RMS = 1389.755 ns
  J1903+0327: RMS = 1701.282 ns
  J1909-3744: RMS = 728.224 ns
  J1910+1256: RMS = 1782.353 ns
  J1911+1347: RMS = 1249.487 ns
  J1918-0642: RMS = 1108.038 ns
  J1923+2515: RMS = 1450.766 ns
  J1944+0907: RMS = 1876.115 ns
  J1946+3417: RMS = 475.656 ns
  J2010-1323: RMS = 1957.729 ns
  J2017+0603: RMS = 1376.666 ns
  J2033+1734: RMS = 1991.955 ns
  J2043+1711: RMS = 1686.209 ns
  J2124-3358: RMS = 598.565 ns
  J2145-0750: RMS = 2685.381 ns
  J2214+3000: RMS = 568.930 ns
  J2229+2643: RMS = 974.718 ns
  J2234+0611: RMS = 977.833 ns
  J2234+0944: RMS = 1877.392 ns
  J2302+4442: RMS = 794.245 ns
  J2317+1439: RMS = 1281.445 ns
  J2322+2057: RMS = 643.051 ns
Inject: 278.83 s
Snapshotting into enterprise Pulsar objects...
Building PTA...
PTA build: 463.67 s
Computing optimal statistic...
OS time: 74.31 s
Total: 816.82 s
Initial SNR: 44.5358, Target SNR: 4.0000
  Initial SNR 44.5358 outside of provided SNR_range [3.5, 4.25] — rescaling.
Scaling distances by factor 3.3013 to achieve target SNR...
Resetting pulsars to clean stoas...
Restore: 2.49 s
Injecting population...
  B1855+09: RMS = 533.677 ns
  B1937+21: RMS = 486.176 ns
  B1953+29: RMS = 430.263 ns
  J0023+0923: RMS = 212.893 ns
  J0030+0451: RMS = 233.441 ns
  J0340+4130: RMS = 781.774 ns
  J0406+3039: RMS = 609.624 ns
  J0437-4715: RMS = 144.926 ns
  J0509+0856: RMS = 123.648 ns
  J0557+1551: RMS = 612.445 ns
  J0605+3757: RMS = 247.104 ns
  J0610-2100: RMS = 96.068 ns
  J0613-0200: RMS = 575.085 ns
  J0636+5128: RMS = 756.265 ns
  J0645+5158: RMS = 783.401 ns
  J0709+0458: RMS = 55.734 ns
  J0740+6620: RMS = 499.518 ns
  J0931-1902: RMS = 250.907 ns
  J1012+5307: RMS = 681.385 ns
  J1012-4235: RMS = 122.045 ns
  J1022+1001: RMS = 137.348 ns
  J1024-0719: RMS = 592.600 ns
  J1125+7819: RMS = 138.892 ns
  J1312+0051: RMS = 205.730 ns
  J1453+1902: RMS = 192.496 ns
  J1455-3330: RMS = 959.148 ns
  J1600-3053: RMS = 1089.740 ns
  J1614-2230: RMS = 1132.513 ns
  J1630+3734: RMS = 69.105 ns
  J1640+2224: RMS = 460.908 ns
  J1643-1224: RMS = 751.624 ns
  J1705-1903: RMS = 629.962 ns
  J1713+0747: RMS = 272.082 ns
  J1719-1438: RMS = 476.575 ns
  J1730-2304: RMS = 537.030 ns
  J1738+0333: RMS = 207.182 ns
  J1741+1351: RMS = 288.892 ns
  J1744-1134: RMS = 512.630 ns
  J1745+1017: RMS = 87.693 ns
  J1747-4036: RMS = 890.118 ns
  J1751-2857: RMS = 487.940 ns
  J1802-2124: RMS = 352.388 ns
  J1811-2405: RMS = 217.879 ns
  J1832-0836: RMS = 141.893 ns
  J1843-1113: RMS = 50.085 ns
  J1853+1303: RMS = 420.971 ns
  J1903+0327: RMS = 515.335 ns
  J1909-3744: RMS = 220.586 ns
  J1910+1256: RMS = 539.892 ns
  J1911+1347: RMS = 378.482 ns
  J1918-0642: RMS = 335.636 ns
  J1923+2515: RMS = 439.451 ns
  J1944+0907: RMS = 568.294 ns
  J1946+3417: RMS = 144.081 ns
  J2010-1323: RMS = 593.015 ns
  J2017+0603: RMS = 417.006 ns
  J2033+1734: RMS = 603.383 ns
  J2043+1711: RMS = 510.769 ns
  J2124-3358: RMS = 181.311 ns
  J2145-0750: RMS = 813.429 ns
  J2214+3000: RMS = 172.335 ns
  J2229+2643: RMS = 295.252 ns
  J2234+0611: RMS = 296.195 ns
  J2234+0944: RMS = 568.681 ns
  J2302+4442: RMS = 240.585 ns
  J2317+1439: RMS = 388.162 ns
  J2322+2057: RMS = 194.787 ns
Inject: 324.92 s
Snapshotting into enterprise Pulsar objects...
Building PTA...
PTA build: 474.13 s
Computing optimal statistic...
OS time: 63.39 s
Total: 864.93 s
  ✓ SNR is within the provided SNR_range: 3.5960 ∈ [3.5, 4.25]

Final SNR history:
  it 0: cumulative_scale=1.0000×  SNR=44.5358
  it 1: cumulative_scale=3.3013×  SNR=3.5960
✓ Simulation 1 done (1720.3 s)

======================================================================
ENSEMBLE SUMMARY
======================================================================
Success rate: 100.0% (1/1)

Binaries per population:
  Mean ± std : 10000000 ± 0
  Range      : [10000000, 10000000]

SNR achieved:
  Mean ± std : 3.5960 ± 0.0000
  Range      : [3.5960, 3.5960]

Total time: 2307.1 s (38.5 min)
======================================================================

💾 Saved: data/2026-05-01/pessimistic_run_20/consistent_population_pessimistic_targetSNR4.25_sims1.json
💾 Saved compressed pickle: data/2026-05-01/pessimistic_run_20/consistent_population_pessimistic_targetSNR4.25_sims1.pkl.gz

======================================================================
CONTINUOUS WAVE SNR ANALYSIS
======================================================================

--- Population 1 ---
Precomputation of phiinvs, TNTs, Ts, Nvecs, Sigmas took 0.07 seconds.
Total SNR computation for population took 1048.87 seconds.
Top 50 CGW candidates:
   1. proxy_rank= 696  sky_w=1.45  f=1.61e-08 Hz  Mc=5.22e+09 Msun  h0=7.10e-16  SNR=1.367
   2. proxy_rank= 912  sky_w=1.58  f=1.25e-08 Hz  Mc=3.90e+09 Msun  h0=4.64e-16  SNR=1.130
   3. proxy_rank= 344  sky_w=1.51  f=7.45e-09 Hz  Mc=4.98e+09 Msun  h0=4.01e-16  SNR=0.814
   4. proxy_rank= 265  sky_w=1.05  f=7.65e-09 Hz  Mc=2.44e+09 Msun  h0=6.51e-16  SNR=0.770
   5. proxy_rank=  35  sky_w=1.13  f=5.76e-09 Hz  Mc=8.40e+09 Msun  h0=7.75e-16  SNR=0.757
   6. proxy_rank=  42  sky_w=1.55  f=4.41e-09 Hz  Mc=5.54e+09 Msun  h0=4.12e-16  SNR=0.614
   7. proxy_rank= 322  sky_w=1.14  f=5.56e-09 Hz  Mc=4.75e+09 Msun  h0=4.05e-16  SNR=0.573
   8. proxy_rank= 429  sky_w=1.03  f=6.11e-09 Hz  Mc=4.43e+09 Msun  h0=4.48e-16  SNR=0.559
   9. proxy_rank=  31  sky_w=1.54  f=4.04e-09 Hz  Mc=2.44e+09 Msun  h0=4.23e-16  SNR=0.539
  10. proxy_rank=1130  sky_w=1.42  f=7.40e-09 Hz  Mc=3.81e+09 Msun  h0=2.84e-16  SNR=0.534
  11. proxy_rank= 762  sky_w=0.53  f=6.88e-09 Hz  Mc=2.53e+09 Msun  h0=8.05e-16  SNR=0.527
  12. proxy_rank=1337  sky_w=1.26  f=1.05e-08 Hz  Mc=3.55e+09 Msun  h0=4.26e-16  SNR=0.511
  13. proxy_rank= 191  sky_w=1.55  f=5.32e-09 Hz  Mc=4.47e+09 Msun  h0=3.33e-16  SNR=0.506
  14. proxy_rank= 519  sky_w=1.37  f=1.00e-08 Hz  Mc=3.60e+09 Msun  h0=5.18e-16  SNR=0.504
  15. proxy_rank=1088  sky_w=1.01  f=6.44e-09 Hz  Mc=5.02e+09 Msun  h0=3.53e-16  SNR=0.470
  16. proxy_rank= 401  sky_w=0.66  f=5.12e-09 Hz  Mc=7.58e+09 Msun  h0=6.01e-16  SNR=0.457
  17. proxy_rank= 840  sky_w=1.21  f=6.38e-09 Hz  Mc=3.57e+09 Msun  h0=3.16e-16  SNR=0.450
  18. proxy_rank= 330  sky_w=1.29  f=5.20e-09 Hz  Mc=3.06e+09 Msun  h0=3.32e-16  SNR=0.446
  19. proxy_rank=  70  sky_w=1.09  f=4.03e-09 Hz  Mc=2.67e+09 Msun  h0=4.68e-16  SNR=0.439
  20. proxy_rank= 358  sky_w=1.16  f=4.96e-09 Hz  Mc=4.82e+09 Msun  h0=3.44e-16  SNR=0.437
  21. proxy_rank= 804  sky_w=1.53  f=6.15e-09 Hz  Mc=3.77e+09 Msun  h0=2.46e-16  SNR=0.430
  22. proxy_rank=1748  sky_w=1.53  f=6.91e-09 Hz  Mc=2.96e+09 Msun  h0=2.11e-16  SNR=0.428
  23. proxy_rank=1558  sky_w=1.14  f=6.97e-09 Hz  Mc=2.37e+09 Msun  h0=2.97e-16  SNR=0.422
  24. proxy_rank= 684  sky_w=1.60  f=5.96e-09 Hz  Mc=2.58e+09 Msun  h0=2.41e-16  SNR=0.412
  25. proxy_rank=  86  sky_w=0.86  f=4.31e-09 Hz  Mc=4.41e+09 Msun  h0=6.07e-16  SNR=0.410
  26. proxy_rank=  56  sky_w=1.46  f=4.52e-09 Hz  Mc=6.30e+09 Msun  h0=4.08e-16  SNR=0.410
  27. proxy_rank= 408  sky_w=1.25  f=4.96e-09 Hz  Mc=3.55e+09 Msun  h0=3.05e-16  SNR=0.408
  28. proxy_rank=   2  sky_w=1.46  f=2.71e-09 Hz  Mc=2.26e+09 Msun  h0=6.06e-16  SNR=0.407
  29. proxy_rank=1961  sky_w=1.52  f=7.53e-09 Hz  Mc=3.18e+09 Msun  h0=2.20e-16  SNR=0.403
  30. proxy_rank=1093  sky_w=0.70  f=7.25e-09 Hz  Mc=2.55e+09 Msun  h0=5.74e-16  SNR=0.403
  31. proxy_rank= 551  sky_w=0.56  f=6.75e-09 Hz  Mc=4.21e+09 Msun  h0=8.35e-16  SNR=0.400
  32. proxy_rank=1200  sky_w=1.16  f=5.78e-09 Hz  Mc=2.63e+09 Msun  h0=2.65e-16  SNR=0.392
  33. proxy_rank= 546  sky_w=1.48  f=5.05e-09 Hz  Mc=4.24e+09 Msun  h0=2.36e-16  SNR=0.379
  34. proxy_rank= 946  sky_w=0.63  f=5.49e-09 Hz  Mc=3.99e+09 Msun  h0=5.07e-16  SNR=0.372
  35. proxy_rank=  21  sky_w=1.38  f=2.97e-09 Hz  Mc=6.58e+09 Msun  h0=4.10e-16  SNR=0.370
  36. proxy_rank= 119  sky_w=1.55  f=4.02e-09 Hz  Mc=5.36e+09 Msun  h0=2.88e-16  SNR=0.369
  37. proxy_rank= 485  sky_w=1.36  f=4.99e-09 Hz  Mc=4.68e+09 Msun  h0=2.67e-16  SNR=0.366
  38. proxy_rank= 521  sky_w=1.45  f=9.08e-09 Hz  Mc=4.58e+09 Msun  h0=4.42e-16  SNR=0.362
  39. proxy_rank= 787  sky_w=1.39  f=5.24e-09 Hz  Mc=3.91e+09 Msun  h0=2.32e-16  SNR=0.361
  40. proxy_rank= 190  sky_w=1.59  f=4.26e-09 Hz  Mc=1.83e+09 Msun  h0=2.59e-16  SNR=0.360
  41. proxy_rank= 668  sky_w=1.60  f=5.21e-09 Hz  Mc=3.89e+09 Msun  h0=2.12e-16  SNR=0.355
  42. proxy_rank=1808  sky_w=1.48  f=8.46e-09 Hz  Mc=3.32e+09 Msun  h0=2.62e-16  SNR=0.352
  43. proxy_rank= 243  sky_w=1.00  f=4.18e-09 Hz  Mc=6.24e+09 Msun  h0=3.82e-16  SNR=0.352
  44. proxy_rank=  34  sky_w=1.05  f=3.32e-09 Hz  Mc=1.70e+09 Msun  h0=4.83e-16  SNR=0.350
  45. proxy_rank=   1  sky_w=1.53  f=2.28e-09 Hz  Mc=3.90e+09 Msun  h0=5.95e-16  SNR=0.349
  46. proxy_rank= 641  sky_w=1.25  f=5.43e-09 Hz  Mc=3.20e+09 Msun  h0=2.85e-16  SNR=0.343
  47. proxy_rank= 370  sky_w=0.76  f=4.89e-09 Hz  Mc=2.03e+09 Msun  h0=5.12e-16  SNR=0.339
  48. proxy_rank= 505  sky_w=1.37  f=4.77e-09 Hz  Mc=1.25e+09 Msun  h0=2.50e-16  SNR=0.336
  49. proxy_rank= 195  sky_w=1.35  f=4.00e-09 Hz  Mc=2.88e+09 Msun  h0=2.87e-16  SNR=0.333
  50. proxy_rank=1061  sky_w=1.28  f=5.39e-09 Hz  Mc=3.84e+09 Msun  h0=2.35e-16  SNR=0.326
💾 Saved: data/2026-05-01/pessimistic_run_20/consistent_population_pessimistic_targetSNR4.25_sims1.json
💾 Saved compressed pickle: data/2026-05-01/pessimistic_run_20/consistent_population_pessimistic_targetSNR4.25_sims1.pkl.gz
Saved to figures/cgw_analysis_pessimistic.pdf

==========================================
Job finished at: Fri May  1 18:26:59 AEST 2026
Exit code: 0
==========================================

+------------------ Job Report: 11783169 (COMPLETED) ------------------+
| Memory (RAM)  [##################  ] 92.8% (37.1 GB peak / 40 GB)    |
| CPU           [################    ] 84.6% average                   |
| Time          [-------------->     ] 71.8% (0-01:04:35 / 0-01:30:00) |
|                                                                      |
| Lustre Filesystem:                                                   |
|   Path    Total Read    Total Write    Total IOPS                    |
|   ------  ------------  -------------  ------------                  |
|   /apps   0 B           0 B            5                             |
|   /fred   3.1 MB        6.5 MB         36                            |
|   /home   433.3 MB      0 B            2.4 K                         |
|   OS      0 B           0 B            2                             |
+----------------------------------------------------------------------+
