==========================================
Job ID: 11783236
Job Name: smbhb_realistic
Node: gina15
Start Time: Fri May  1 17:22:28 AEST 2026
==========================================

/home/bhoulden/.conda/envs/smbhb312/share/tempo2
Working directory: /fred/oz005/users/bhoulden/SMBHB_population_injections

Loaded modules:

Starting SMBHB analysis...
==========================================

📁 Save directory: data/2026-05-01/realistic_run_48
📝 Run name: realistic_run_48

[MEM] Start: 243.3 MB

📡 Loading pulsars...
======================================================================
LOADING NANOGRAV PULSARS (libstempo)
======================================================================

📦 Loading from cache: nanograv_pulsars_cache.pkl
⚠ Cache load failed: Ran out of input
[DEBUG] Found 76 .par files
[tempo2Util.C:396] Warning: [MISC1] Unknown parameter in par file:  DMDATA
[tempo2Util.C:401] Warning: [DUP1] duplicated warnings have been suppressed.

WARNING: Using tempo RNAMP parameter: setting TNRedC to 100!
[observatory.C:271] Warning: Assuming site 'arecibo' means 'ao'
✓ Loaded B1855+09 (7758 TOAs)

WARNING: Using tempo RNAMP parameter: setting TNRedC to 100!
✓ Loaded B1937+21 (23023 TOAs)

WARNING: Using tempo RNAMP parameter: setting TNRedC to 100!
✓ Loaded B1937+21ao (7241 TOAs)

WARNING: Using tempo RNAMP parameter: setting TNRedC to 100!
✓ Loaded B1937+21gbt (16048 TOAs)

WARNING: Using tempo RNAMP parameter: setting TNRedC to 100!
✓ Loaded B1953+29 (5126 TOAs)
✓ Loaded J0023+0923 (15896 TOAs)

WARNING: Using tempo RNAMP parameter: setting TNRedC to 100!
✓ Loaded J0030+0451 (19571 TOAs)
✓ Loaded J0340+4130 (11093 TOAs)
✓ Loaded J0406+3039 (2446 TOAs)

WARNING: Using tempo RNAMP parameter: setting TNRedC to 100!
✓ Loaded J0437-4715 (5830 TOAs)
✓ Loaded J0509+0856 (2169 TOAs)
✓ Loaded J0557+1551 (525 TOAs)
✓ Loaded J0605+3757 (554 TOAs)

WARNING: Using tempo RNAMP parameter: setting TNRedC to 100!
✓ Loaded J0610-2100 (4885 TOAs)

WARNING: Using tempo RNAMP parameter: setting TNRedC to 100!
✓ Loaded J0613-0200 (17124 TOAs)
✓ Loaded J0614-3329 (1714 TOAs)
✓ Loaded J0636+5128 (32222 TOAs)
✓ Loaded J0645+5158 (10403 TOAs)
✓ Loaded J0709+0458 (3030 TOAs)
✓ Loaded J0740+6620 (13401 TOAs)
✓ Loaded J0931-1902 (5473 TOAs)

WARNING: Using tempo RNAMP parameter: setting TNRedC to 100!
✓ Loaded J1012+5307 (25837 TOAs)
✓ Loaded J1012-4235 (797 TOAs)
✓ Loaded J1022+1001 (3978 TOAs)
✓ Loaded J1024-0719 (12635 TOAs)
✓ Loaded J1125+7819 (8723 TOAs)
✓ Loaded J1312+0051 (1705 TOAs)
✓ Loaded J1453+1902 (2551 TOAs)
✓ Loaded J1455-3330 (10818 TOAs)

WARNING: Using tempo RNAMP parameter: setting TNRedC to 100!
✓ Loaded J1600-3053 (22955 TOAs)

WARNING: Using tempo RNAMP parameter: setting TNRedC to 100!
✓ Loaded J1600-3053gbt (19725 TOAs)

WARNING: Using tempo RNAMP parameter: setting TNRedC to 100!
✓ Loaded J1614-2230 (18445 TOAs)
✓ Loaded J1630+3734 (1815 TOAs)
✓ Loaded J1640+2224 (14066 TOAs)

WARNING: Using tempo RNAMP parameter: setting TNRedC to 100!
✓ Loaded J1643-1224 (22144 TOAs)

WARNING: Using tempo RNAMP parameter: setting TNRedC to 100!
✓ Loaded J1643-1224gbt (17932 TOAs)

WARNING: Using tempo RNAMP parameter: setting TNRedC to 100!
✓ Loaded J1705-1903 (9871 TOAs)

WARNING: Using tempo RNAMP parameter: setting TNRedC to 100!
✓ Loaded J1713+0747 (59389 TOAs)

WARNING: Using tempo RNAMP parameter: setting TNRedC to 100!
✓ Loaded J1713+0747ao (21362 TOAs)

WARNING: Using tempo RNAMP parameter: setting TNRedC to 100!
✓ Loaded J1713+0747gbt (32963 TOAs)
✓ Loaded J1719-1438 (6356 TOAs)
✓ Loaded J1730-2304 (4870 TOAs)
✓ Loaded J1738+0333 (8790 TOAs)
✓ Loaded J1741+1351 (5582 TOAs)

WARNING: Using tempo RNAMP parameter: setting TNRedC to 100!
✓ Loaded J1744-1134 (17745 TOAs)

WARNING: Using tempo RNAMP parameter: setting TNRedC to 100!
✓ Loaded J1745+1017 (3017 TOAs)

WARNING: Using tempo RNAMP parameter: setting TNRedC to 100!
✓ Loaded J1747-4036 (11055 TOAs)
✓ Loaded J1751-2857 (2025 TOAs)

WARNING: Using tempo RNAMP parameter: setting TNRedC to 100!
✓ Loaded J1802-2124 (6796 TOAs)
✓ Loaded J1811-2405 (5266 TOAs)
✓ Loaded J1832-0836 (7739 TOAs)
✓ Loaded J1843-1113 (4595 TOAs)

WARNING: Using tempo RNAMP parameter: setting TNRedC to 100!
✓ Loaded J1853+1303 (4570 TOAs)

WARNING: Using tempo RNAMP parameter: setting TNRedC to 100!
✓ Loaded J1903+0327 (6856 TOAs)

WARNING: Using tempo RNAMP parameter: setting TNRedC to 100!
✓ Loaded J1903+0327ao (6423 TOAs)

WARNING: Using tempo RNAMP parameter: setting TNRedC to 100!
✓ Loaded J1909-3744 (35037 TOAs)

WARNING: Using tempo RNAMP parameter: setting TNRedC to 100!
✓ Loaded J1909-3744gbt (31526 TOAs)
✓ Loaded J1910+1256 (6486 TOAs)
✓ Loaded J1911+1347 (3786 TOAs)
✓ Loaded J1918-0642 (18875 TOAs)
✓ Loaded J1923+2515 (3974 TOAs)
✓ Loaded J1944+0907 (5328 TOAs)

WARNING: Using tempo RNAMP parameter: setting TNRedC to 100!
✓ Loaded J1946+3417 (4743 TOAs)
✓ Loaded J2010-1323 (17077 TOAs)
✓ Loaded J2017+0603 (3512 TOAs)
✓ Loaded J2033+1734 (3847 TOAs)
✓ Loaded J2043+1711 (7397 TOAs)
✓ Loaded J2124-3358 (4982 TOAs)

WARNING: Using tempo RNAMP parameter: setting TNRedC to 100!
✓ Loaded J2145-0750 (18675 TOAs)
✓ Loaded J2214+3000 (7406 TOAs)
✓ Loaded J2229+2643 (3711 TOAs)

WARNING: Using tempo RNAMP parameter: setting TNRedC to 100!
✓ Loaded J2234+0611 (3566 TOAs)
✓ Loaded J2234+0944 (7535 TOAs)
✓ Loaded J2302+4442 (10211 TOAs)
✓ Loaded J2317+1439 (13927 TOAs)
✓ Loaded J2322+2057 (3088 TOAs)
⚠ Could not save cache: no default __reduce__ due to non-trivial __cinit__

✓ Loaded 76 pulsars
✗ Failed: 0 — []
[MEM] After loading pulsars: 8654.0 MB

🔍 Filtering pulsars...

Filtered: 76 → 67 pulsars
[MEM] After filtering pulsars: 8655.0 MB
[MEM] After garbage collection: 8655.0 MB

======================================================================
SMBHB POPULATION ANALYSIS
======================================================================

Configuration: realistic
  Medium mass, medium spread in distance, medium population
  N_binaries: 20000

======================================================================
CONSISTENT POPULATION SYNTHESIS
======================================================================

======================================================================
GENERATING SNR-CONSISTENT POPULATIONS
======================================================================
Target SNR:          4.0
Simulations:         1
======================================================================


──────────────────────────────────────────────────────────────────────
SIMULATION 1/1
──────────────────────────────────────────────────────────────────────
  [B1855+09] zeroing residuals...
  [B1855+09] adding red noise...
  [B1855+09] white noise for 430_ASP (390 TOAs)...
  [B1855+09] white noise for L-wide_ASP (1178 TOAs)...
  [B1855+09] white noise for L-wide_PUPPI (5005 TOAs)...
  [B1855+09] white noise for 430_PUPPI (1185 TOAs)...
  [B1937+21] zeroing residuals...
  [B1937+21] adding red noise...
  [B1937+21] white noise for S-wide_PUPPI (2251 TOAs)...
  [B1937+21] white noise for Rcvr1_2_GUPPI (7048 TOAs)...
  [B1937+21] white noise for S-wide_ASP (344 TOAs)...
  [B1937+21] white noise for L-wide_ASP (452 TOAs)...
  [B1937+21] white noise for Rcvr_800_GUPPI (7140 TOAs)...
  [B1937+21] white noise for Rcvr1_2_GASP (1069 TOAs)...
  [B1937+21] white noise for L-wide_PUPPI (4133 TOAs)...
  [B1937+21] white noise for Rcvr_800_GASP (586 TOAs)...
  [B1953+29] zeroing residuals...
  [B1953+29] adding red noise...
  [B1953+29] white noise for L-wide_ASP (94 TOAs)...
  [B1953+29] white noise for 430_ASP (29 TOAs)...
  [B1953+29] white noise for L-wide_PUPPI (4037 TOAs)...
  [B1953+29] white noise for 430_PUPPI (941 TOAs)...
  [B1953+29] white noise for S-wide_ASP (25 TOAs)...
  [J0023+0923] zeroing residuals...
  [J0023+0923] adding red noise...
  [J0023+0923] white noise for 430_ASP (90 TOAs)...
  [J0023+0923] white noise for L-wide_ASP (119 TOAs)...
  [J0023+0923] white noise for L-wide_PUPPI (11123 TOAs)...
  [J0023+0923] white noise for 430_PUPPI (4564 TOAs)...
  [J0030+0451] zeroing residuals...
  [J0030+0451] adding red noise...
  [J0030+0451] white noise for S-wide_PUPPI (2673 TOAs)...
  [J0030+0451] white noise for L-wide_ASP (789 TOAs)...
  [J0030+0451] white noise for 430_ASP (267 TOAs)...
  [J0030+0451] white noise for L-wide_PUPPI (12774 TOAs)...
  [J0030+0451] white noise for 430_PUPPI (3068 TOAs)...
  [J0340+4130] zeroing residuals...
  [J0340+4130] adding red noise...
  [J0340+4130] white noise for Rcvr1_2_GUPPI (5037 TOAs)...
  [J0340+4130] white noise for Rcvr_800_GUPPI (6056 TOAs)...
  [J0406+3039] zeroing residuals...
  [J0406+3039] adding red noise...
  [J0406+3039] white noise for S-wide_PUPPI (575 TOAs)...
  [J0406+3039] white noise for L-wide_PUPPI (1871 TOAs)...
  [J0437-4715] zeroing residuals...
  [J0437-4715] adding red noise...
  [J0437-4715] white noise for 1.5GHz_YUPPI (2134 TOAs)...
  [J0437-4715] white noise for 3GHz_YUPPI (3696 TOAs)...
  [J0509+0856] zeroing residuals...
  [J0509+0856] adding red noise...
  [J0509+0856] white noise for S-wide_PUPPI (544 TOAs)...
  [J0509+0856] white noise for L-wide_PUPPI (1625 TOAs)...
  [J0557+1551] zeroing residuals...
  [J0557+1551] adding red noise...
  [J0557+1551] white noise for S-wide_PUPPI (58 TOAs)...
  [J0557+1551] white noise for L-wide_PUPPI (467 TOAs)...
  [J0605+3757] zeroing residuals...
  [J0605+3757] adding red noise...
  [J0605+3757] white noise for Rcvr1_2_GUPPI (318 TOAs)...
  [J0605+3757] white noise for Rcvr_800_GUPPI (236 TOAs)...
  [J0610-2100] zeroing residuals...
  [J0610-2100] adding red noise...
  [J0610-2100] white noise for Rcvr1_2_GUPPI (2401 TOAs)...
  [J0610-2100] white noise for Rcvr_800_GUPPI (2484 TOAs)...
  [J0613-0200] zeroing residuals...
  [J0613-0200] adding red noise...
  [J0613-0200] white noise for Rcvr1_2_GASP (992 TOAs)...
  [J0613-0200] white noise for Rcvr1_2_GUPPI (7423 TOAs)...
  [J0613-0200] white noise for Rcvr_800_GUPPI (7900 TOAs)...
  [J0613-0200] white noise for Rcvr_800_GASP (809 TOAs)...
  [J0636+5128] zeroing residuals...
  [J0636+5128] adding red noise...
  [J0636+5128] white noise for Rcvr1_2_GUPPI (14803 TOAs)...
  [J0636+5128] white noise for Rcvr_800_GUPPI (17419 TOAs)...
  [J0645+5158] zeroing residuals...
  [J0645+5158] adding red noise...
  [J0645+5158] white noise for Rcvr1_2_GUPPI (5721 TOAs)...
  [J0645+5158] white noise for Rcvr_800_GUPPI (4682 TOAs)...
  [J0709+0458] zeroing residuals...
  [J0709+0458] adding red noise...
  [J0709+0458] white noise for S-wide_PUPPI (595 TOAs)...
  [J0709+0458] white noise for L-wide_PUPPI (2435 TOAs)...
  [J0740+6620] zeroing residuals...
  [J0740+6620] adding red noise...
  [J0740+6620] white noise for Rcvr1_2_GUPPI (8265 TOAs)...
  [J0740+6620] white noise for Rcvr_800_GUPPI (5136 TOAs)...
  [J0931-1902] zeroing residuals...
  [J0931-1902] adding red noise...
  [J0931-1902] white noise for Rcvr1_2_GUPPI (2054 TOAs)...
  [J0931-1902] white noise for Rcvr_800_GUPPI (3419 TOAs)...
  [J1012+5307] zeroing residuals...
  [J1012+5307] adding red noise...
  [J1012+5307] white noise for Rcvr1_2_GASP (1479 TOAs)...
  [J1012+5307] white noise for Rcvr1_2_GUPPI (12849 TOAs)...
  [J1012+5307] white noise for Rcvr_800_GUPPI (10299 TOAs)...
  [J1012+5307] white noise for Rcvr_800_GASP (1210 TOAs)...
  [J1012-4235] zeroing residuals...
  [J1012-4235] adding red noise...
  [J1012-4235] white noise for Rcvr1_2_GUPPI (455 TOAs)...
  [J1012-4235] white noise for Rcvr_800_GUPPI (342 TOAs)...
  [J1022+1001] zeroing residuals...
  [J1022+1001] adding red noise...
  [J1022+1001] white noise for S-wide_PUPPI (1154 TOAs)...
  [J1022+1001] white noise for L-wide_PUPPI (2592 TOAs)...
  [J1022+1001] white noise for 430_PUPPI (232 TOAs)...
  [J1024-0719] zeroing residuals...
  [J1024-0719] adding red noise...
  [J1024-0719] white noise for Rcvr1_2_GASP (43 TOAs)...
  [J1024-0719] white noise for Rcvr1_2_GUPPI (7086 TOAs)...
  [J1024-0719] white noise for Rcvr_800_GUPPI (5455 TOAs)...
  [J1024-0719] white noise for Rcvr_800_GASP (51 TOAs)...
  [J1125+7819] zeroing residuals...
  [J1125+7819] adding red noise...
  [J1125+7819] white noise for Rcvr1_2_GUPPI (4016 TOAs)...
  [J1125+7819] white noise for Rcvr_800_GUPPI (4707 TOAs)...
  [J1312+0051] zeroing residuals...
  [J1312+0051] adding red noise...
  [J1312+0051] white noise for S-wide_PUPPI (416 TOAs)...
  [J1312+0051] white noise for L-wide_PUPPI (1289 TOAs)...
  [J1453+1902] zeroing residuals...
  [J1453+1902] adding red noise...
  [J1453+1902] white noise for S-wide_PUPPI (4 TOAs)...
  [J1453+1902] white noise for L-wide_PUPPI (2122 TOAs)...
  [J1453+1902] white noise for 430_PUPPI (425 TOAs)...
  [J1455-3330] zeroing residuals...
  [J1455-3330] adding red noise...
  [J1455-3330] white noise for Rcvr1_2_GASP (564 TOAs)...
  [J1455-3330] white noise for Rcvr1_2_GUPPI (4932 TOAs)...
  [J1455-3330] white noise for Rcvr_800_GUPPI (4843 TOAs)...
  [J1455-3330] white noise for Rcvr_800_GASP (479 TOAs)...
  [J1600-3053] zeroing residuals...
  [J1600-3053] adding red noise...
  [J1600-3053] white noise for Rcvr1_2_GUPPI (10168 TOAs)...
  [J1600-3053] white noise for 3GHz_YUPPI (3237 TOAs)...
  [J1600-3053] white noise for Rcvr_800_GUPPI (8796 TOAs)...
  [J1600-3053] white noise for Rcvr1_2_GASP (457 TOAs)...
  [J1600-3053] white noise for Rcvr_800_GASP (297 TOAs)...
  [J1614-2230] zeroing residuals...
  [J1614-2230] adding red noise...
  [J1614-2230] white noise for Rcvr1_2_GASP (84 TOAs)...
  [J1614-2230] white noise for Rcvr1_2_GUPPI (10509 TOAs)...
  [J1614-2230] white noise for Rcvr_800_GUPPI (7768 TOAs)...
  [J1614-2230] white noise for Rcvr_800_GASP (84 TOAs)...
  [J1630+3734] zeroing residuals...
  [J1630+3734] adding red noise...
  [J1630+3734] white noise for Rcvr1_2_GUPPI (909 TOAs)...
  [J1630+3734] white noise for Rcvr_800_GUPPI (906 TOAs)...
  [J1640+2224] zeroing residuals...
  [J1640+2224] adding red noise...
  [J1640+2224] white noise for 430_ASP (340 TOAs)...
  [J1640+2224] white noise for L-wide_ASP (722 TOAs)...
  [J1640+2224] white noise for L-wide_PUPPI (9847 TOAs)...
  [J1640+2224] white noise for 430_PUPPI (3157 TOAs)...
  [J1643-1224] zeroing residuals...
  [J1643-1224] adding red noise...
  [J1643-1224] white noise for Rcvr1_2_GUPPI (8803 TOAs)...
  [J1643-1224] white noise for 3GHz_YUPPI (4215 TOAs)...
  [J1643-1224] white noise for Rcvr_800_GUPPI (7734 TOAs)...
  [J1643-1224] white noise for Rcvr1_2_GASP (833 TOAs)...
  [J1643-1224] white noise for Rcvr_800_GASP (559 TOAs)...
  [J1705-1903] zeroing residuals...
  [J1705-1903] adding red noise...
  [J1705-1903] white noise for Rcvr1_2_GUPPI (6350 TOAs)...
  [J1705-1903] white noise for Rcvr_800_GUPPI (3521 TOAs)...
  [J1713+0747] zeroing residuals...
  [J1713+0747] adding red noise...
  [J1713+0747] white noise for S-wide_PUPPI (7482 TOAs)...
  [J1713+0747] white noise for Rcvr1_2_GUPPI (22334 TOAs)...
  [J1713+0747] white noise for 3GHz_YUPPI (3282 TOAs)...
  [J1713+0747] white noise for S-wide_ASP (624 TOAs)...
  [J1713+0747] white noise for L-wide_ASP (843 TOAs)...
  [J1713+0747] white noise for Rcvr_800_GUPPI (8479 TOAs)...
  [J1713+0747] white noise for Rcvr1_2_GASP (1109 TOAs)...
  [J1713+0747] white noise for 1.5GHz_YUPPI (1461 TOAs)...
  [J1713+0747] white noise for L-wide_PUPPI (12743 TOAs)...
  [J1713+0747] white noise for Rcvr_800_GASP (1032 TOAs)...
  [J1719-1438] zeroing residuals...
  [J1719-1438] adding red noise...
  [J1719-1438] white noise for Rcvr1_2_GUPPI (2722 TOAs)...
  [J1719-1438] white noise for Rcvr_800_GUPPI (3634 TOAs)...
  [J1730-2304] zeroing residuals...
  [J1730-2304] adding red noise...
  [J1730-2304] white noise for Rcvr1_2_GUPPI (2367 TOAs)...
  [J1730-2304] white noise for Rcvr_800_GUPPI (2503 TOAs)...
  [J1738+0333] zeroing residuals...
  [J1738+0333] adding red noise...
  [J1738+0333] white noise for L-wide_PUPPI (6718 TOAs)...
  [J1738+0333] white noise for S-wide_PUPPI (1737 TOAs)...
  [J1738+0333] white noise for L-wide_ASP (201 TOAs)...
  [J1738+0333] white noise for S-wide_ASP (134 TOAs)...
  [J1741+1351] zeroing residuals...
  [J1741+1351] adding red noise...
  [J1741+1351] white noise for L-wide_ASP (236 TOAs)...
  [J1741+1351] white noise for 430_ASP (27 TOAs)...
  [J1741+1351] white noise for L-wide_PUPPI (4045 TOAs)...
  [J1741+1351] white noise for 430_PUPPI (1159 TOAs)...
  [J1741+1351] white noise for S-wide_ASP (115 TOAs)...
  [J1744-1134] zeroing residuals...
  [J1744-1134] adding red noise...
  [J1744-1134] white noise for Rcvr1_2_GASP (807 TOAs)...
  [J1744-1134] white noise for Rcvr1_2_GUPPI (8109 TOAs)...
  [J1744-1134] white noise for Rcvr_800_GUPPI (7899 TOAs)...
  [J1744-1134] white noise for Rcvr_800_GASP (930 TOAs)...
  [J1745+1017] zeroing residuals...
  [J1745+1017] adding red noise...
  [J1745+1017] white noise for S-wide_PUPPI (838 TOAs)...
  [J1745+1017] white noise for L-wide_PUPPI (2179 TOAs)...
  [J1747-4036] zeroing residuals...
  [J1747-4036] adding red noise...
  [J1747-4036] white noise for Rcvr1_2_GUPPI (5239 TOAs)...
  [J1747-4036] white noise for Rcvr_800_GUPPI (5816 TOAs)...
  [J1751-2857] zeroing residuals...
  [J1751-2857] adding red noise...
  [J1751-2857] white noise for Rcvr1_2_GUPPI (1786 TOAs)...
  [J1751-2857] white noise for Rcvr_800_GUPPI (239 TOAs)...
  [J1802-2124] zeroing residuals...
  [J1802-2124] adding red noise...
  [J1802-2124] white noise for Rcvr1_2_GUPPI (3231 TOAs)...
  [J1802-2124] white noise for Rcvr_800_GUPPI (3565 TOAs)...
  [J1811-2405] zeroing residuals...
  [J1811-2405] adding red noise...
  [J1811-2405] white noise for Rcvr1_2_GUPPI (2638 TOAs)...
  [J1811-2405] white noise for Rcvr_800_GUPPI (2628 TOAs)...
  [J1832-0836] zeroing residuals...
  [J1832-0836] adding red noise...
  [J1832-0836] white noise for Rcvr1_2_GUPPI (4661 TOAs)...
  [J1832-0836] white noise for Rcvr_800_GUPPI (3078 TOAs)...
  [J1843-1113] zeroing residuals...
  [J1843-1113] adding red noise...
  [J1843-1113] white noise for Rcvr1_2_GUPPI (2394 TOAs)...
  [J1843-1113] white noise for Rcvr_800_GUPPI (2201 TOAs)...
  [J1853+1303] zeroing residuals...
  [J1853+1303] adding red noise...
  [J1853+1303] white noise for 430_ASP (24 TOAs)...
  [J1853+1303] white noise for L-wide_ASP (33 TOAs)...
  [J1853+1303] white noise for L-wide_PUPPI (3362 TOAs)...
  [J1853+1303] white noise for 430_PUPPI (1151 TOAs)...
  [J1903+0327] zeroing residuals...
  [J1903+0327] adding red noise...
  [J1903+0327] white noise for S-wide_PUPPI (2282 TOAs)...
  [J1903+0327] white noise for 3GHz_YUPPI (439 TOAs)...
  [J1903+0327] white noise for L-wide_ASP (139 TOAs)...
  [J1903+0327] white noise for L-wide_PUPPI (3845 TOAs)...
  [J1903+0327] white noise for S-wide_ASP (151 TOAs)...
  [J1909-3744] zeroing residuals...
  [J1909-3744] adding red noise...
  [J1909-3744] white noise for Rcvr1_2_GUPPI (20439 TOAs)...
  [J1909-3744] white noise for 3GHz_YUPPI (3525 TOAs)...
  [J1909-3744] white noise for Rcvr_800_GUPPI (9399 TOAs)...
  [J1909-3744] white noise for Rcvr1_2_GASP (808 TOAs)...
  [J1909-3744] white noise for Rcvr_800_GASP (866 TOAs)...
  [J1910+1256] zeroing residuals...
  [J1910+1256] adding red noise...
  [J1910+1256] white noise for L-wide_PUPPI (4124 TOAs)...
  [J1910+1256] white noise for S-wide_PUPPI (1857 TOAs)...
  [J1910+1256] white noise for L-wide_ASP (297 TOAs)...
  [J1910+1256] white noise for S-wide_ASP (208 TOAs)...
  [J1911+1347] zeroing residuals...
  [J1911+1347] adding red noise...
  [J1911+1347] white noise for L-wide_PUPPI (3033 TOAs)...
  [J1911+1347] white noise for 430_PUPPI (753 TOAs)...
  [J1918-0642] zeroing residuals...
  [J1918-0642] adding red noise...
  [J1918-0642] white noise for Rcvr1_2_GASP (778 TOAs)...
  [J1918-0642] white noise for Rcvr1_2_GUPPI (8910 TOAs)...
  [J1918-0642] white noise for Rcvr_800_GUPPI (8352 TOAs)...
  [J1918-0642] white noise for Rcvr_800_GASP (835 TOAs)...
  [J1923+2515] zeroing residuals...
  [J1923+2515] adding red noise...
  [J1923+2515] white noise for 430_ASP (10 TOAs)...
  [J1923+2515] white noise for L-wide_ASP (14 TOAs)...
  [J1923+2515] white noise for L-wide_PUPPI (3028 TOAs)...
  [J1923+2515] white noise for 430_PUPPI (922 TOAs)...
  [J1944+0907] zeroing residuals...
  [J1944+0907] adding red noise...
  [J1944+0907] white noise for L-wide_ASP (257 TOAs)...
  [J1944+0907] white noise for 430_ASP (38 TOAs)...
  [J1944+0907] white noise for L-wide_PUPPI (3900 TOAs)...
  [J1944+0907] white noise for 430_PUPPI (1017 TOAs)...
  [J1944+0907] white noise for S-wide_ASP (116 TOAs)...
  [J1946+3417] zeroing residuals...
  [J1946+3417] adding red noise...
  [J1946+3417] white noise for S-wide_PUPPI (1546 TOAs)...
  [J1946+3417] white noise for L-wide_PUPPI (3197 TOAs)...
  [J2010-1323] zeroing residuals...
  [J2010-1323] adding red noise...
  [J2010-1323] white noise for Rcvr1_2_GASP (70 TOAs)...
  [J2010-1323] white noise for Rcvr1_2_GUPPI (7779 TOAs)...
  [J2010-1323] white noise for Rcvr_800_GUPPI (9158 TOAs)...
  [J2010-1323] white noise for Rcvr_800_GASP (70 TOAs)...
  [J2017+0603] zeroing residuals...
  [J2017+0603] adding red noise...
  [J2017+0603] white noise for L-wide_PUPPI (2569 TOAs)...
  [J2017+0603] white noise for S-wide_PUPPI (849 TOAs)...
  [J2017+0603] white noise for L-wide_ASP (16 TOAs)...
  [J2017+0603] white noise for 430_PUPPI (78 TOAs)...
  [J2033+1734] zeroing residuals...
  [J2033+1734] adding red noise...
  [J2033+1734] white noise for L-wide_PUPPI (3050 TOAs)...
  [J2033+1734] white noise for 430_PUPPI (797 TOAs)...
  [J2043+1711] zeroing residuals...
  [J2043+1711] adding red noise...
  [J2043+1711] white noise for 430_ASP (30 TOAs)...
  [J2043+1711] white noise for L-wide_ASP (40 TOAs)...
  [J2043+1711] white noise for L-wide_PUPPI (4419 TOAs)...
  [J2043+1711] white noise for 430_PUPPI (2908 TOAs)...
  [J2124-3358] zeroing residuals...
  [J2124-3358] adding red noise...
  [J2124-3358] white noise for Rcvr1_2_GUPPI (2957 TOAs)...
  [J2124-3358] white noise for Rcvr_800_GUPPI (2025 TOAs)...
  [J2145-0750] zeroing residuals...
  [J2145-0750] adding red noise...
  [J2145-0750] white noise for Rcvr1_2_GASP (427 TOAs)...
  [J2145-0750] white noise for Rcvr1_2_GUPPI (9158 TOAs)...
  [J2145-0750] white noise for Rcvr_800_GUPPI (8728 TOAs)...
  [J2145-0750] white noise for Rcvr_800_GASP (362 TOAs)...
  [J2214+3000] zeroing residuals...
  [J2214+3000] adding red noise...
  [J2214+3000] white noise for L-wide_PUPPI (5829 TOAs)...
  [J2214+3000] white noise for S-wide_PUPPI (1568 TOAs)...
  [J2214+3000] white noise for L-wide_ASP (9 TOAs)...
  [J2229+2643] zeroing residuals...
  [J2229+2643] adding red noise...
  [J2229+2643] white noise for L-wide_PUPPI (2755 TOAs)...
  [J2229+2643] white noise for 430_PUPPI (956 TOAs)...
  [J2234+0611] zeroing residuals...
  [J2234+0611] adding red noise...
  [J2234+0611] white noise for L-wide_PUPPI (2913 TOAs)...
  [J2234+0611] white noise for 430_PUPPI (653 TOAs)...
  [J2234+0944] zeroing residuals...
  [J2234+0944] adding red noise...
  [J2234+0944] white noise for S-wide_PUPPI (2532 TOAs)...
  [J2234+0944] white noise for L-wide_PUPPI (5003 TOAs)...
  [J2302+4442] zeroing residuals...
  [J2302+4442] adding red noise...
  [J2302+4442] white noise for Rcvr1_2_GUPPI (3779 TOAs)...
  [J2302+4442] white noise for Rcvr_800_GUPPI (6432 TOAs)...
  [J2317+1439] zeroing residuals...
  [J2317+1439] adding red noise...
  [J2317+1439] white noise for 327_PUPPI (276 TOAs)...
  [J2317+1439] white noise for 327_ASP (413 TOAs)...
  [J2317+1439] white noise for 430_ASP (458 TOAs)...
  [J2317+1439] white noise for L-wide_PUPPI (9563 TOAs)...
  [J2317+1439] white noise for 430_PUPPI (3217 TOAs)...
  [J2322+2057] zeroing residuals...
  [J2322+2057] adding red noise...
  [J2322+2057] white noise for S-wide_PUPPI (140 TOAs)...
  [J2322+2057] white noise for L-wide_PUPPI (2196 TOAs)...
  [J2322+2057] white noise for 430_PUPPI (752 TOAs)...
Resetting pulsars to clean stoas...
Restore: 0.00 s
Inject: 0.00 s
Snapshotting into enterprise Pulsar objects...
Building PTA...
PTA build: 470.19 s
Computing optimal statistic...
OS time: 68.83 s
Total: 539.03 s
Noise-only SNR baseline: -0.1052

Generating SNR-consistent population...
Target SNR: 4.0
Resetting pulsars to clean stoas...
Restore: 14.57 s
Injecting population...
  B1855+09: RMS = 2416.615 ns
  B1937+21: RMS = 1053.342 ns
  B1953+29: RMS = 1087.306 ns
  J0023+0923: RMS = 1833.306 ns
  J0030+0451: RMS = 2046.025 ns
  J0340+4130: RMS = 2072.798 ns
  J0406+3039: RMS = 333.318 ns
  J0437-4715: RMS = 937.961 ns
  J0509+0856: RMS = 827.379 ns
  J0557+1551: RMS = 1705.800 ns
  J0605+3757: RMS = 1358.115 ns
  J0610-2100: RMS = 199.745 ns
  J0613-0200: RMS = 1008.843 ns
  J0636+5128: RMS = 1331.354 ns
  J0645+5158: RMS = 1442.319 ns
  J0709+0458: RMS = 328.007 ns
  J0740+6620: RMS = 370.233 ns
  J0931-1902: RMS = 1563.402 ns
  J1012+5307: RMS = 1258.538 ns
  J1012-4235: RMS = 526.194 ns
  J1022+1001: RMS = 1945.454 ns
  J1024-0719: RMS = 3002.453 ns
  J1125+7819: RMS = 1155.747 ns
  J1312+0051: RMS = 666.893 ns
  J1453+1902: RMS = 745.893 ns
  J1455-3330: RMS = 3121.440 ns
  J1600-3053: RMS = 3716.486 ns
  J1614-2230: RMS = 3016.392 ns
  J1630+3734: RMS = 196.818 ns
  J1640+2224: RMS = 747.969 ns
  J1643-1224: RMS = 1695.290 ns
  J1705-1903: RMS = 770.655 ns
  J1713+0747: RMS = 2430.242 ns
  J1719-1438: RMS = 1194.872 ns
  J1730-2304: RMS = 461.956 ns
  J1738+0333: RMS = 1863.091 ns
  J1741+1351: RMS = 2063.711 ns
  J1744-1134: RMS = 1424.339 ns
  J1745+1017: RMS = 1109.694 ns
  J1747-4036: RMS = 1914.599 ns
  J1751-2857: RMS = 227.893 ns
  J1802-2124: RMS = 528.294 ns
  J1811-2405: RMS = 521.210 ns
  J1832-0836: RMS = 1476.747 ns
  J1843-1113: RMS = 959.900 ns
  J1853+1303: RMS = 2702.539 ns
  J1903+0327: RMS = 1793.022 ns
  J1909-3744: RMS = 1810.891 ns
  J1910+1256: RMS = 2378.990 ns
  J1911+1347: RMS = 1777.038 ns
  J1918-0642: RMS = 1454.534 ns
  J1923+2515: RMS = 1157.132 ns
  J1944+0907: RMS = 2756.027 ns
  J1946+3417: RMS = 572.728 ns
  J2010-1323: RMS = 1368.468 ns
  J2017+0603: RMS = 1809.328 ns
  J2033+1734: RMS = 1350.386 ns
  J2043+1711: RMS = 3585.505 ns
  J2124-3358: RMS = 427.470 ns
  J2145-0750: RMS = 3698.408 ns
  J2214+3000: RMS = 1667.113 ns
  J2229+2643: RMS = 620.801 ns
  J2234+0611: RMS = 1126.837 ns
  J2234+0944: RMS = 2221.819 ns
  J2302+4442: RMS = 1594.490 ns
  J2317+1439: RMS = 2769.772 ns
  J2322+2057: RMS = 404.023 ns
Inject: 0.80 s
Snapshotting into enterprise Pulsar objects...
Building PTA...
PTA build: 454.03 s
Computing optimal statistic...
OS time: 74.15 s
Total: 543.55 s
Initial SNR: 14.4117, Target SNR: 4.0000
  Initial SNR 14.4117 outside of provided SNR_range [3.5, 4.25] — rescaling.
Scaling distances by factor 1.8805 to achieve target SNR...
Resetting pulsars to clean stoas...
Restore: 0.31 s
Injecting population...
  B1855+09: RMS = 1285.105 ns
  B1937+21: RMS = 560.145 ns
  B1953+29: RMS = 578.206 ns
  J0023+0923: RMS = 974.913 ns
  J0030+0451: RMS = 1088.033 ns
  J0340+4130: RMS = 1102.270 ns
  J0406+3039: RMS = 177.251 ns
  J0437-4715: RMS = 498.788 ns
  J0509+0856: RMS = 439.982 ns
  J0557+1551: RMS = 907.108 ns
  J0605+3757: RMS = 722.217 ns
  J0610-2100: RMS = 106.220 ns
  J0613-0200: RMS = 536.481 ns
  J0636+5128: RMS = 707.986 ns
  J0645+5158: RMS = 766.995 ns
  J0709+0458: RMS = 174.427 ns
  J0740+6620: RMS = 196.882 ns
  J0931-1902: RMS = 831.384 ns
  J1012+5307: RMS = 669.264 ns
  J1012-4235: RMS = 279.819 ns
  J1022+1001: RMS = 1034.551 ns
  J1024-0719: RMS = 1596.641 ns
  J1125+7819: RMS = 614.602 ns
  J1312+0051: RMS = 354.639 ns
  J1453+1902: RMS = 396.650 ns
  J1455-3330: RMS = 1659.916 ns
  J1600-3053: RMS = 1976.349 ns
  J1614-2230: RMS = 1604.054 ns
  J1630+3734: RMS = 104.664 ns
  J1640+2224: RMS = 397.754 ns
  J1643-1224: RMS = 901.520 ns
  J1705-1903: RMS = 409.818 ns
  J1713+0747: RMS = 1292.351 ns
  J1719-1438: RMS = 635.407 ns
  J1730-2304: RMS = 245.658 ns
  J1738+0333: RMS = 990.752 ns
  J1741+1351: RMS = 1097.438 ns
  J1744-1134: RMS = 757.433 ns
  J1745+1017: RMS = 590.112 ns
  J1747-4036: RMS = 1018.143 ns
  J1751-2857: RMS = 121.188 ns
  J1802-2124: RMS = 280.936 ns
  J1811-2405: RMS = 277.168 ns
  J1832-0836: RMS = 785.303 ns
  J1843-1113: RMS = 510.454 ns
  J1853+1303: RMS = 1437.153 ns
  J1903+0327: RMS = 953.491 ns
  J1909-3744: RMS = 962.994 ns
  J1910+1256: RMS = 1265.097 ns
  J1911+1347: RMS = 944.991 ns
  J1918-0642: RMS = 773.490 ns
  J1923+2515: RMS = 615.338 ns
  J1944+0907: RMS = 1465.597 ns
  J1946+3417: RMS = 304.565 ns
  J2010-1323: RMS = 727.722 ns
  J2017+0603: RMS = 962.162 ns
  J2033+1734: RMS = 718.107 ns
  J2043+1711: RMS = 1906.696 ns
  J2124-3358: RMS = 227.319 ns
  J2145-0750: RMS = 1966.735 ns
  J2214+3000: RMS = 886.535 ns
  J2229+2643: RMS = 330.129 ns
  J2234+0611: RMS = 599.228 ns
  J2234+0944: RMS = 1181.516 ns
  J2302+4442: RMS = 847.916 ns
  J2317+1439: RMS = 1472.906 ns
  J2322+2057: RMS = 214.851 ns
Inject: 0.80 s
Snapshotting into enterprise Pulsar objects...
Building PTA...
PTA build: 440.17 s
Computing optimal statistic...
OS time: 49.16 s
Total: 490.45 s
  SNR 2.6382 outside of provided SNR_range [3.5, 4.25] — rescaling.
[Iteration 1/100] SNR after scaling: 2.6382 (target: 4.0000)
  SNR history: it0→14.4117@1.0000x, it1→2.6382@1.8805x
  Re-scaling distances by factor 0.7292  (cumulative after: 1.3713×)
Resetting pulsars to clean stoas...
Restore: 0.15 s
Injecting population...
  B1855+09: RMS = 1762.272 ns
  B1937+21: RMS = 768.130 ns
  B1953+29: RMS = 792.898 ns
  J0023+0923: RMS = 1336.905 ns
  J0030+0451: RMS = 1492.026 ns
  J0340+4130: RMS = 1511.550 ns
  J0406+3039: RMS = 243.066 ns
  J0437-4715: RMS = 683.991 ns
  J0509+0856: RMS = 603.351 ns
  J0557+1551: RMS = 1243.923 ns
  J0605+3757: RMS = 990.380 ns
  J0610-2100: RMS = 145.660 ns
  J0613-0200: RMS = 735.680 ns
  J0636+5128: RMS = 970.865 ns
  J0645+5158: RMS = 1051.785 ns
  J0709+0458: RMS = 239.193 ns
  J0740+6620: RMS = 269.986 ns
  J0931-1902: RMS = 1140.083 ns
  J1012+5307: RMS = 917.766 ns
  J1012-4235: RMS = 383.718 ns
  J1022+1001: RMS = 1418.687 ns
  J1024-0719: RMS = 2189.484 ns
  J1125+7819: RMS = 842.807 ns
  J1312+0051: RMS = 486.319 ns
  J1453+1902: RMS = 543.929 ns
  J1455-3330: RMS = 2276.253 ns
  J1600-3053: RMS = 2710.179 ns
  J1614-2230: RMS = 2199.649 ns
  J1630+3734: RMS = 143.526 ns
  J1640+2224: RMS = 545.443 ns
  J1643-1224: RMS = 1236.259 ns
  J1705-1903: RMS = 561.986 ns
  J1713+0747: RMS = 1772.209 ns
  J1719-1438: RMS = 871.338 ns
  J1730-2304: RMS = 336.873 ns
  J1738+0333: RMS = 1358.625 ns
  J1741+1351: RMS = 1504.924 ns
  J1744-1134: RMS = 1038.673 ns
  J1745+1017: RMS = 809.224 ns
  J1747-4036: RMS = 1396.186 ns
  J1751-2857: RMS = 166.186 ns
  J1802-2124: RMS = 385.249 ns
  J1811-2405: RMS = 380.083 ns
  J1832-0836: RMS = 1076.891 ns
  J1843-1113: RMS = 699.989 ns
  J1853+1303: RMS = 1970.777 ns
  J1903+0327: RMS = 1307.529 ns
  J1909-3744: RMS = 1320.559 ns
  J1910+1256: RMS = 1734.835 ns
  J1911+1347: RMS = 1295.873 ns
  J1918-0642: RMS = 1060.692 ns
  J1923+2515: RMS = 843.817 ns
  J1944+0907: RMS = 2009.782 ns
  J1946+3417: RMS = 417.652 ns
  J2010-1323: RMS = 997.930 ns
  J2017+0603: RMS = 1319.419 ns
  J2033+1734: RMS = 984.744 ns
  J2043+1711: RMS = 2614.664 ns
  J2124-3358: RMS = 311.724 ns
  J2145-0750: RMS = 2696.996 ns
  J2214+3000: RMS = 1215.712 ns
  J2229+2643: RMS = 452.708 ns
  J2234+0611: RMS = 821.726 ns
  J2234+0944: RMS = 1620.221 ns
  J2302+4442: RMS = 1162.753 ns
  J2317+1439: RMS = 2019.805 ns
  J2322+2057: RMS = 294.626 ns
Inject: 0.79 s
Snapshotting into enterprise Pulsar objects...
Building PTA...
PTA build: 430.65 s
Computing optimal statistic...
OS time: 55.75 s
Total: 487.34 s
  SNR 6.5362 outside of provided SNR_range [3.5, 4.25] — rescaling.
[Iteration 2/100] SNR after scaling: 6.5362 (target: 4.0000)
  SNR history: it0→14.4117@1.0000x, it1→2.6382@1.8805x, it2→6.5362@1.3713x
  Re-scaling distances by factor 1.1710  (cumulative after: 1.6058×)
Resetting pulsars to clean stoas...
Restore: 0.32 s
Injecting population...
  B1855+09: RMS = 1504.893 ns
  B1937+21: RMS = 655.945 ns
  B1953+29: RMS = 677.096 ns
  J0023+0923: RMS = 1141.651 ns
  J0030+0451: RMS = 1274.117 ns
  J0340+4130: RMS = 1290.789 ns
  J0406+3039: RMS = 207.566 ns
  J0437-4715: RMS = 584.095 ns
  J0509+0856: RMS = 515.232 ns
  J0557+1551: RMS = 1062.249 ns
  J0605+3757: RMS = 845.736 ns
  J0610-2100: RMS = 124.387 ns
  J0613-0200: RMS = 628.235 ns
  J0636+5128: RMS = 829.071 ns
  J0645+5158: RMS = 898.172 ns
  J0709+0458: RMS = 204.259 ns
  J0740+6620: RMS = 230.554 ns
  J0931-1902: RMS = 973.574 ns
  J1012+5307: RMS = 783.727 ns
  J1012-4235: RMS = 327.676 ns
  J1022+1001: RMS = 1211.488 ns
  J1024-0719: RMS = 1869.711 ns
  J1125+7819: RMS = 719.716 ns
  J1312+0051: RMS = 415.293 ns
  J1453+1902: RMS = 464.488 ns
  J1455-3330: RMS = 1943.808 ns
  J1600-3053: RMS = 2314.359 ns
  J1614-2230: RMS = 1878.391 ns
  J1630+3734: RMS = 122.564 ns
  J1640+2224: RMS = 465.781 ns
  J1643-1224: RMS = 1055.705 ns
  J1705-1903: RMS = 479.909 ns
  J1713+0747: RMS = 1513.379 ns
  J1719-1438: RMS = 744.080 ns
  J1730-2304: RMS = 287.673 ns
  J1738+0333: RMS = 1160.198 ns
  J1741+1351: RMS = 1285.130 ns
  J1744-1134: RMS = 886.975 ns
  J1745+1017: RMS = 691.037 ns
  J1747-4036: RMS = 1192.274 ns
  J1751-2857: RMS = 141.915 ns
  J1802-2124: RMS = 328.983 ns
  J1811-2405: RMS = 324.572 ns
  J1832-0836: RMS = 919.612 ns
  J1843-1113: RMS = 597.756 ns
  J1853+1303: RMS = 1682.947 ns
  J1903+0327: RMS = 1116.565 ns
  J1909-3744: RMS = 1127.693 ns
  J1910+1256: RMS = 1481.463 ns
  J1911+1347: RMS = 1106.611 ns
  J1918-0642: RMS = 905.779 ns
  J1923+2515: RMS = 720.578 ns
  J1944+0907: RMS = 1716.255 ns
  J1946+3417: RMS = 356.654 ns
  J2010-1323: RMS = 852.183 ns
  J2017+0603: RMS = 1126.719 ns
  J2033+1734: RMS = 840.923 ns
  J2043+1711: RMS = 2232.794 ns
  J2124-3358: RMS = 266.197 ns
  J2145-0750: RMS = 2303.102 ns
  J2214+3000: RMS = 1038.158 ns
  J2229+2643: RMS = 386.590 ns
  J2234+0611: RMS = 701.713 ns
  J2234+0944: RMS = 1383.588 ns
  J2302+4442: RMS = 992.933 ns
  J2317+1439: RMS = 1724.814 ns
  J2322+2057: RMS = 251.596 ns
Inject: 0.78 s
Snapshotting into enterprise Pulsar objects...
Building PTA...
PTA build: 417.66 s
Computing optimal statistic...
OS time: 43.88 s
Total: 462.64 s
  ✓ SNR is within the provided SNR_range: 4.2388 ∈ [3.5, 4.25]

Final SNR history:
  it 0: cumulative_scale=1.0000×  SNR=14.4117
  it 1: cumulative_scale=1.8805×  SNR=2.6382
  it 2: cumulative_scale=1.3713×  SNR=6.5362
  it 3: cumulative_scale=1.6058×  SNR=4.2388
✓ Simulation 1 done (1986.2 s)

======================================================================
ENSEMBLE SUMMARY
======================================================================
Success rate: 100.0% (1/1)

Binaries per population:
  Mean ± std : 20000 ± 0
  Range      : [20000, 20000]

SNR achieved:
  Mean ± std : 4.2388 ± 0.0000
  Range      : [4.2388, 4.2388]

Total time: 2568.9 s (42.8 min)
======================================================================

💾 Saved: data/2026-05-01/realistic_run_48/consistent_population_realistic_targetSNR4.25_sims1.json
💾 Saved compressed pickle: data/2026-05-01/realistic_run_48/consistent_population_realistic_targetSNR4.25_sims1.pkl.gz

======================================================================
CONTINUOUS WAVE SNR ANALYSIS
======================================================================

--- Population 1 ---
Precomputation of phiinvs, TNTs, Ts, Nvecs, Sigmas took 0.03 seconds.
Total SNR computation for population took 828.18 seconds.
Top 50 CGW candidates:
   1. proxy_rank=  11  sky_w=1.61  f=8.16e-09 Hz  Mc=1.47e+10 Msun  h0=9.12e-15  SNR=21.023
   2. proxy_rank=   4  sky_w=0.91  f=7.31e-09 Hz  Mc=2.26e+10 Msun  h0=2.70e-14  SNR=12.026
   3. proxy_rank=  32  sky_w=1.21  f=7.55e-09 Hz  Mc=1.73e+10 Msun  h0=6.37e-15  SNR=9.954
   4. proxy_rank=  81  sky_w=1.40  f=1.05e-08 Hz  Mc=1.08e+10 Msun  h0=4.45e-15  SNR=7.851
   5. proxy_rank=   1  sky_w=1.42  f=2.37e-09 Hz  Mc=2.88e+10 Msun  h0=1.10e-14  SNR=6.931
   6. proxy_rank=  28  sky_w=1.11  f=6.35e-09 Hz  Mc=1.81e+10 Msun  h0=6.39e-15  SNR=6.354
   7. proxy_rank=  14  sky_w=1.23  f=4.38e-09 Hz  Mc=1.68e+10 Msun  h0=5.79e-15  SNR=6.080
   8. proxy_rank=  87  sky_w=1.29  f=1.06e-08 Hz  Mc=1.21e+10 Msun  h0=4.54e-15  SNR=5.319
   9. proxy_rank=  82  sky_w=1.30  f=6.98e-09 Hz  Mc=1.16e+10 Msun  h0=3.14e-15  SNR=5.088
  10. proxy_rank=  20  sky_w=1.22  f=4.77e-09 Hz  Mc=1.88e+10 Msun  h0=5.34e-15  SNR=4.882
  11. proxy_rank=  85  sky_w=0.97  f=6.18e-09 Hz  Mc=1.09e+10 Msun  h0=3.55e-15  SNR=4.642
  12. proxy_rank=  54  sky_w=0.75  f=6.40e-09 Hz  Mc=1.71e+10 Msun  h0=6.27e-15  SNR=3.953
  13. proxy_rank=  94  sky_w=1.03  f=6.06e-09 Hz  Mc=1.00e+10 Msun  h0=3.05e-15  SNR=3.445
  14. proxy_rank=  29  sky_w=1.23  f=5.28e-09 Hz  Mc=1.65e+10 Msun  h0=4.67e-15  SNR=3.433
  15. proxy_rank= 129  sky_w=1.07  f=1.31e-08 Hz  Mc=8.50e+09 Msun  h0=4.73e-15  SNR=3.287
  16. proxy_rank=   2  sky_w=1.33  f=2.19e-09 Hz  Mc=2.76e+10 Msun  h0=6.23e-15  SNR=3.222
  17. proxy_rank=  83  sky_w=1.12  f=5.22e-09 Hz  Mc=8.19e+09 Msun  h0=2.72e-15  SNR=3.211
  18. proxy_rank= 110  sky_w=0.55  f=4.91e-09 Hz  Mc=1.30e+10 Msun  h0=4.31e-15  SNR=2.955
  19. proxy_rank=  15  sky_w=1.37  f=2.95e-09 Hz  Mc=1.72e+10 Msun  h0=3.41e-15  SNR=2.919
  20. proxy_rank=  61  sky_w=0.93  f=5.04e-09 Hz  Mc=1.48e+10 Msun  h0=3.74e-15  SNR=2.907
  21. proxy_rank=  25  sky_w=1.15  f=3.48e-09 Hz  Mc=1.61e+10 Msun  h0=3.59e-15  SNR=2.882
  22. proxy_rank=  58  sky_w=1.35  f=5.54e-09 Hz  Mc=1.22e+10 Msun  h0=2.89e-15  SNR=2.839
  23. proxy_rank=  40  sky_w=1.50  f=4.22e-09 Hz  Mc=9.21e+09 Msun  h0=2.39e-15  SNR=2.820
  24. proxy_rank=   3  sky_w=1.59  f=2.27e-09 Hz  Mc=1.52e+10 Msun  h0=4.88e-15  SNR=2.819
  25. proxy_rank=   9  sky_w=0.75  f=2.63e-09 Hz  Mc=2.32e+10 Msun  h0=6.34e-15  SNR=2.716
  26. proxy_rank= 182  sky_w=1.33  f=6.76e-09 Hz  Mc=7.10e+09 Msun  h0=1.47e-15  SNR=2.532
  27. proxy_rank=  89  sky_w=1.18  f=4.99e-09 Hz  Mc=1.10e+10 Msun  h0=2.29e-15  SNR=2.437
  28. proxy_rank=  13  sky_w=1.27  f=3.32e-09 Hz  Mc=1.88e+10 Msun  h0=4.37e-15  SNR=2.390
  29. proxy_rank= 117  sky_w=1.60  f=6.28e-09 Hz  Mc=7.84e+09 Msun  h0=1.72e-15  SNR=2.321
  30. proxy_rank=   5  sky_w=1.58  f=2.32e-09 Hz  Mc=1.61e+10 Msun  h0=3.56e-15  SNR=2.086
  31. proxy_rank=  12  sky_w=1.13  f=2.52e-09 Hz  Mc=2.01e+10 Msun  h0=3.99e-15  SNR=2.065
  32. proxy_rank=   7  sky_w=0.96  f=2.29e-09 Hz  Mc=2.48e+10 Msun  h0=5.32e-15  SNR=2.044
  33. proxy_rank=  50  sky_w=1.05  f=3.61e-09 Hz  Mc=1.36e+10 Msun  h0=2.73e-15  SNR=1.869
  34. proxy_rank= 261  sky_w=0.62  f=5.99e-09 Hz  Mc=6.50e+09 Msun  h0=2.10e-15  SNR=1.790
  35. proxy_rank=  16  sky_w=1.40  f=2.84e-09 Hz  Mc=1.40e+10 Msun  h0=2.95e-15  SNR=1.763
  36. proxy_rank=  19  sky_w=0.77  f=2.68e-09 Hz  Mc=2.20e+10 Msun  h0=4.84e-15  SNR=1.762
  37. proxy_rank= 255  sky_w=1.39  f=6.88e-09 Hz  Mc=4.44e+09 Msun  h0=1.11e-15  SNR=1.734
  38. proxy_rank=  42  sky_w=0.51  f=3.51e-09 Hz  Mc=2.14e+10 Msun  h0=5.66e-15  SNR=1.729
  39. proxy_rank=   8  sky_w=1.38  f=2.17e-09 Hz  Mc=1.75e+10 Msun  h0=2.89e-15  SNR=1.679
  40. proxy_rank= 183  sky_w=0.71  f=5.55e-09 Hz  Mc=5.52e+09 Msun  h0=2.27e-15  SNR=1.650
  41. proxy_rank= 125  sky_w=0.73  f=4.09e-09 Hz  Mc=1.18e+10 Msun  h0=2.29e-15  SNR=1.588
  42. proxy_rank= 161  sky_w=0.75  f=4.49e-09 Hz  Mc=9.27e+09 Msun  h0=1.92e-15  SNR=1.582
  43. proxy_rank= 221  sky_w=0.87  f=5.32e-09 Hz  Mc=7.59e+09 Msun  h0=1.54e-15  SNR=1.507
  44. proxy_rank= 199  sky_w=0.89  f=4.98e-09 Hz  Mc=8.51e+09 Msun  h0=1.51e-15  SNR=1.505
  45. proxy_rank= 139  sky_w=1.48  f=4.36e-09 Hz  Mc=5.95e+09 Msun  h0=1.06e-15  SNR=1.497
  46. proxy_rank= 163  sky_w=1.55  f=5.60e-09 Hz  Mc=6.38e+09 Msun  h0=1.15e-15  SNR=1.497
  47. proxy_rank=  30  sky_w=0.70  f=2.66e-09 Hz  Mc=1.89e+10 Msun  h0=4.04e-15  SNR=1.487
  48. proxy_rank=  44  sky_w=1.14  f=3.01e-09 Hz  Mc=1.03e+10 Msun  h0=2.16e-15  SNR=1.444
  49. proxy_rank=  65  sky_w=1.07  f=3.41e-09 Hz  Mc=8.08e+09 Msun  h0=2.17e-15  SNR=1.381
  50. proxy_rank= 331  sky_w=0.61  f=1.06e-08 Hz  Mc=9.32e+09 Msun  h0=2.86e-15  SNR=1.321
💾 Saved: data/2026-05-01/realistic_run_48/consistent_population_realistic_targetSNR4.25_sims1.json
💾 Saved compressed pickle: data/2026-05-01/realistic_run_48/consistent_population_realistic_targetSNR4.25_sims1.pkl.gz
Saved to figures/cgw_analysis_realistic.pdf

==========================================
Job finished at: Fri May  1 18:21:53 AEST 2026
Exit code: 0
==========================================

+------------------ Job Report: 11783236 (COMPLETED) ------------------+
| Memory (RAM)  [################### ] 98.4% (31.5 GB peak / 32 GB)    |
| CPU           [################    ] 81.4% average                   |
| Time          [---------->         ] 54.1% (0-00:59:29 / 0-01:50:00) |
|                                                                      |
| Lustre Filesystem:                                                   |
|   Path    Total Read    Total Write    Total IOPS                    |
|   ------  ------------  -------------  ------------                  |
|   /apps   368 KB        0 B            310                           |
|   /fred   220 KB        6.3 MB         72                            |
|   /home   303.3 MB      0 B            3.6 K                         |
|   OS      0 B           0 B            3                             |
|                                                                      |
| Warnings:                                                            |
|   - Too much time requested                                          |
+----------------------------------------------------------------------+
