==========================================
Job ID: 11783335
Job Name: smbhb_optimistic
Node: gina304
Start Time: Fri May  1 17:23:04 AEST 2026
==========================================

/home/bhoulden/.conda/envs/smbhb312/share/tempo2
Working directory: /fred/oz005/users/bhoulden/SMBHB_population_injections

Loaded modules:

Starting SMBHB analysis...
==========================================

📁 Save directory: data/2026-05-01/optimistic_run_64
📝 Run name: optimistic_run_64

[MEM] Start: 243.8 MB

📡 Loading pulsars...
======================================================================
LOADING NANOGRAV PULSARS (libstempo)
======================================================================

📦 Loading from cache: nanograv_pulsars_cache.pkl
⚠ Cache load failed: Ran out of input
[DEBUG] Found 76 .par files
[tempo2Util.C:396] Warning: [MISC1] Unknown parameter in par file:  DMDATA
[tempo2Util.C:401] Warning: [DUP1] duplicated warnings have been suppressed.

WARNING: Using tempo RNAMP parameter: setting TNRedC to 100!
[observatory.C:271] Warning: Assuming site 'arecibo' means 'ao'
✓ Loaded B1855+09 (7758 TOAs)

WARNING: Using tempo RNAMP parameter: setting TNRedC to 100!
✓ Loaded B1937+21 (23023 TOAs)

WARNING: Using tempo RNAMP parameter: setting TNRedC to 100!
✓ Loaded B1937+21ao (7241 TOAs)

WARNING: Using tempo RNAMP parameter: setting TNRedC to 100!
✓ Loaded B1937+21gbt (16048 TOAs)

WARNING: Using tempo RNAMP parameter: setting TNRedC to 100!
✓ Loaded B1953+29 (5126 TOAs)
✓ Loaded J0023+0923 (15896 TOAs)

WARNING: Using tempo RNAMP parameter: setting TNRedC to 100!
✓ Loaded J0030+0451 (19571 TOAs)
✓ Loaded J0340+4130 (11093 TOAs)
✓ Loaded J0406+3039 (2446 TOAs)

WARNING: Using tempo RNAMP parameter: setting TNRedC to 100!
✓ Loaded J0437-4715 (5830 TOAs)
✓ Loaded J0509+0856 (2169 TOAs)
✓ Loaded J0557+1551 (525 TOAs)
✓ Loaded J0605+3757 (554 TOAs)

WARNING: Using tempo RNAMP parameter: setting TNRedC to 100!
✓ Loaded J0610-2100 (4885 TOAs)

WARNING: Using tempo RNAMP parameter: setting TNRedC to 100!
✓ Loaded J0613-0200 (17124 TOAs)
✓ Loaded J0614-3329 (1714 TOAs)
✓ Loaded J0636+5128 (32222 TOAs)
✓ Loaded J0645+5158 (10403 TOAs)
✓ Loaded J0709+0458 (3030 TOAs)
✓ Loaded J0740+6620 (13401 TOAs)
✓ Loaded J0931-1902 (5473 TOAs)

WARNING: Using tempo RNAMP parameter: setting TNRedC to 100!
✓ Loaded J1012+5307 (25837 TOAs)
✓ Loaded J1012-4235 (797 TOAs)
✓ Loaded J1022+1001 (3978 TOAs)
✓ Loaded J1024-0719 (12635 TOAs)
✓ Loaded J1125+7819 (8723 TOAs)
✓ Loaded J1312+0051 (1705 TOAs)
✓ Loaded J1453+1902 (2551 TOAs)
✓ Loaded J1455-3330 (10818 TOAs)

WARNING: Using tempo RNAMP parameter: setting TNRedC to 100!
✓ Loaded J1600-3053 (22955 TOAs)

WARNING: Using tempo RNAMP parameter: setting TNRedC to 100!
✓ Loaded J1600-3053gbt (19725 TOAs)

WARNING: Using tempo RNAMP parameter: setting TNRedC to 100!
✓ Loaded J1614-2230 (18445 TOAs)
✓ Loaded J1630+3734 (1815 TOAs)
✓ Loaded J1640+2224 (14066 TOAs)

WARNING: Using tempo RNAMP parameter: setting TNRedC to 100!
✓ Loaded J1643-1224 (22144 TOAs)

WARNING: Using tempo RNAMP parameter: setting TNRedC to 100!
✓ Loaded J1643-1224gbt (17932 TOAs)

WARNING: Using tempo RNAMP parameter: setting TNRedC to 100!
✓ Loaded J1705-1903 (9871 TOAs)

WARNING: Using tempo RNAMP parameter: setting TNRedC to 100!
✓ Loaded J1713+0747 (59389 TOAs)

WARNING: Using tempo RNAMP parameter: setting TNRedC to 100!
✓ Loaded J1713+0747ao (21362 TOAs)

WARNING: Using tempo RNAMP parameter: setting TNRedC to 100!
✓ Loaded J1713+0747gbt (32963 TOAs)
✓ Loaded J1719-1438 (6356 TOAs)
✓ Loaded J1730-2304 (4870 TOAs)
✓ Loaded J1738+0333 (8790 TOAs)
✓ Loaded J1741+1351 (5582 TOAs)

WARNING: Using tempo RNAMP parameter: setting TNRedC to 100!
✓ Loaded J1744-1134 (17745 TOAs)

WARNING: Using tempo RNAMP parameter: setting TNRedC to 100!
✓ Loaded J1745+1017 (3017 TOAs)

WARNING: Using tempo RNAMP parameter: setting TNRedC to 100!
✓ Loaded J1747-4036 (11055 TOAs)
✓ Loaded J1751-2857 (2025 TOAs)

WARNING: Using tempo RNAMP parameter: setting TNRedC to 100!
✓ Loaded J1802-2124 (6796 TOAs)
✓ Loaded J1811-2405 (5266 TOAs)
✓ Loaded J1832-0836 (7739 TOAs)
✓ Loaded J1843-1113 (4595 TOAs)

WARNING: Using tempo RNAMP parameter: setting TNRedC to 100!
✓ Loaded J1853+1303 (4570 TOAs)

WARNING: Using tempo RNAMP parameter: setting TNRedC to 100!
✓ Loaded J1903+0327 (6856 TOAs)

WARNING: Using tempo RNAMP parameter: setting TNRedC to 100!
✓ Loaded J1903+0327ao (6423 TOAs)

WARNING: Using tempo RNAMP parameter: setting TNRedC to 100!
✓ Loaded J1909-3744 (35037 TOAs)

WARNING: Using tempo RNAMP parameter: setting TNRedC to 100!
✓ Loaded J1909-3744gbt (31526 TOAs)
✓ Loaded J1910+1256 (6486 TOAs)
✓ Loaded J1911+1347 (3786 TOAs)
✓ Loaded J1918-0642 (18875 TOAs)
✓ Loaded J1923+2515 (3974 TOAs)
✓ Loaded J1944+0907 (5328 TOAs)

WARNING: Using tempo RNAMP parameter: setting TNRedC to 100!
✓ Loaded J1946+3417 (4743 TOAs)
✓ Loaded J2010-1323 (17077 TOAs)
✓ Loaded J2017+0603 (3512 TOAs)
✓ Loaded J2033+1734 (3847 TOAs)
✓ Loaded J2043+1711 (7397 TOAs)
✓ Loaded J2124-3358 (4982 TOAs)

WARNING: Using tempo RNAMP parameter: setting TNRedC to 100!
✓ Loaded J2145-0750 (18675 TOAs)
✓ Loaded J2214+3000 (7406 TOAs)
✓ Loaded J2229+2643 (3711 TOAs)

WARNING: Using tempo RNAMP parameter: setting TNRedC to 100!
✓ Loaded J2234+0611 (3566 TOAs)
✓ Loaded J2234+0944 (7535 TOAs)
✓ Loaded J2302+4442 (10211 TOAs)
✓ Loaded J2317+1439 (13927 TOAs)
✓ Loaded J2322+2057 (3088 TOAs)
⚠ Could not save cache: no default __reduce__ due to non-trivial __cinit__

✓ Loaded 76 pulsars
✗ Failed: 0 — []
[MEM] After loading pulsars: 8872.6 MB

🔍 Filtering pulsars...

Filtered: 76 → 67 pulsars
[MEM] After filtering pulsars: 8875.3 MB
[MEM] After garbage collection: 8875.4 MB

======================================================================
SMBHB POPULATION ANALYSIS
======================================================================

Configuration: optimistic
  Larger mass, higher spread in distance, small population
  N_binaries: 500

======================================================================
CONSISTENT POPULATION SYNTHESIS
======================================================================

======================================================================
GENERATING SNR-CONSISTENT POPULATIONS
======================================================================
Target SNR:          4.0
Simulations:         1
======================================================================


──────────────────────────────────────────────────────────────────────
SIMULATION 1/1
──────────────────────────────────────────────────────────────────────
  [B1855+09] zeroing residuals...
  [B1855+09] adding red noise...
  [B1855+09] white noise for L-wide_ASP (1178 TOAs)...
  [B1855+09] white noise for 430_PUPPI (1185 TOAs)...
  [B1855+09] white noise for L-wide_PUPPI (5005 TOAs)...
  [B1855+09] white noise for 430_ASP (390 TOAs)...
  [B1937+21] zeroing residuals...
  [B1937+21] adding red noise...
  [B1937+21] white noise for Rcvr_800_GASP (586 TOAs)...
  [B1937+21] white noise for L-wide_PUPPI (4133 TOAs)...
  [B1937+21] white noise for L-wide_ASP (452 TOAs)...
  [B1937+21] white noise for Rcvr_800_GUPPI (7140 TOAs)...
  [B1937+21] white noise for S-wide_ASP (344 TOAs)...
  [B1937+21] white noise for Rcvr1_2_GUPPI (7048 TOAs)...
  [B1937+21] white noise for S-wide_PUPPI (2251 TOAs)...
  [B1937+21] white noise for Rcvr1_2_GASP (1069 TOAs)...
  [B1953+29] zeroing residuals...
  [B1953+29] adding red noise...
  [B1953+29] white noise for 430_PUPPI (941 TOAs)...
  [B1953+29] white noise for L-wide_ASP (94 TOAs)...
  [B1953+29] white noise for L-wide_PUPPI (4037 TOAs)...
  [B1953+29] white noise for S-wide_ASP (25 TOAs)...
  [B1953+29] white noise for 430_ASP (29 TOAs)...
  [J0023+0923] zeroing residuals...
  [J0023+0923] adding red noise...
  [J0023+0923] white noise for L-wide_ASP (119 TOAs)...
  [J0023+0923] white noise for 430_PUPPI (4564 TOAs)...
  [J0023+0923] white noise for L-wide_PUPPI (11123 TOAs)...
  [J0023+0923] white noise for 430_ASP (90 TOAs)...
  [J0030+0451] zeroing residuals...
  [J0030+0451] adding red noise...
  [J0030+0451] white noise for 430_PUPPI (3068 TOAs)...
  [J0030+0451] white noise for L-wide_ASP (789 TOAs)...
  [J0030+0451] white noise for L-wide_PUPPI (12774 TOAs)...
  [J0030+0451] white noise for S-wide_PUPPI (2673 TOAs)...
  [J0030+0451] white noise for 430_ASP (267 TOAs)...
  [J0340+4130] zeroing residuals...
  [J0340+4130] adding red noise...
  [J0340+4130] white noise for Rcvr1_2_GUPPI (5037 TOAs)...
  [J0340+4130] white noise for Rcvr_800_GUPPI (6056 TOAs)...
  [J0406+3039] zeroing residuals...
  [J0406+3039] adding red noise...
  [J0406+3039] white noise for S-wide_PUPPI (575 TOAs)...
  [J0406+3039] white noise for L-wide_PUPPI (1871 TOAs)...
  [J0437-4715] zeroing residuals...
  [J0437-4715] adding red noise...
  [J0437-4715] white noise for 3GHz_YUPPI (3696 TOAs)...
  [J0437-4715] white noise for 1.5GHz_YUPPI (2134 TOAs)...
  [J0509+0856] zeroing residuals...
  [J0509+0856] adding red noise...
  [J0509+0856] white noise for S-wide_PUPPI (544 TOAs)...
  [J0509+0856] white noise for L-wide_PUPPI (1625 TOAs)...
  [J0557+1551] zeroing residuals...
  [J0557+1551] adding red noise...
  [J0557+1551] white noise for S-wide_PUPPI (58 TOAs)...
  [J0557+1551] white noise for L-wide_PUPPI (467 TOAs)...
  [J0605+3757] zeroing residuals...
  [J0605+3757] adding red noise...
  [J0605+3757] white noise for Rcvr1_2_GUPPI (318 TOAs)...
  [J0605+3757] white noise for Rcvr_800_GUPPI (236 TOAs)...
  [J0610-2100] zeroing residuals...
  [J0610-2100] adding red noise...
  [J0610-2100] white noise for Rcvr1_2_GUPPI (2401 TOAs)...
  [J0610-2100] white noise for Rcvr_800_GUPPI (2484 TOAs)...
  [J0613-0200] zeroing residuals...
  [J0613-0200] adding red noise...
  [J0613-0200] white noise for Rcvr_800_GASP (809 TOAs)...
  [J0613-0200] white noise for Rcvr1_2_GASP (992 TOAs)...
  [J0613-0200] white noise for Rcvr1_2_GUPPI (7423 TOAs)...
  [J0613-0200] white noise for Rcvr_800_GUPPI (7900 TOAs)...
  [J0636+5128] zeroing residuals...
  [J0636+5128] adding red noise...
  [J0636+5128] white noise for Rcvr1_2_GUPPI (14803 TOAs)...
  [J0636+5128] white noise for Rcvr_800_GUPPI (17419 TOAs)...
  [J0645+5158] zeroing residuals...
  [J0645+5158] adding red noise...
  [J0645+5158] white noise for Rcvr1_2_GUPPI (5721 TOAs)...
  [J0645+5158] white noise for Rcvr_800_GUPPI (4682 TOAs)...
  [J0709+0458] zeroing residuals...
  [J0709+0458] adding red noise...
  [J0709+0458] white noise for S-wide_PUPPI (595 TOAs)...
  [J0709+0458] white noise for L-wide_PUPPI (2435 TOAs)...
  [J0740+6620] zeroing residuals...
  [J0740+6620] adding red noise...
  [J0740+6620] white noise for Rcvr1_2_GUPPI (8265 TOAs)...
  [J0740+6620] white noise for Rcvr_800_GUPPI (5136 TOAs)...
  [J0931-1902] zeroing residuals...
  [J0931-1902] adding red noise...
  [J0931-1902] white noise for Rcvr1_2_GUPPI (2054 TOAs)...
  [J0931-1902] white noise for Rcvr_800_GUPPI (3419 TOAs)...
  [J1012+5307] zeroing residuals...
  [J1012+5307] adding red noise...
  [J1012+5307] white noise for Rcvr_800_GASP (1210 TOAs)...
  [J1012+5307] white noise for Rcvr1_2_GASP (1479 TOAs)...
  [J1012+5307] white noise for Rcvr1_2_GUPPI (12849 TOAs)...
  [J1012+5307] white noise for Rcvr_800_GUPPI (10299 TOAs)...
  [J1012-4235] zeroing residuals...
  [J1012-4235] adding red noise...
  [J1012-4235] white noise for Rcvr1_2_GUPPI (455 TOAs)...
  [J1012-4235] white noise for Rcvr_800_GUPPI (342 TOAs)...
  [J1022+1001] zeroing residuals...
  [J1022+1001] adding red noise...
  [J1022+1001] white noise for S-wide_PUPPI (1154 TOAs)...
  [J1022+1001] white noise for 430_PUPPI (232 TOAs)...
  [J1022+1001] white noise for L-wide_PUPPI (2592 TOAs)...
  [J1024-0719] zeroing residuals...
  [J1024-0719] adding red noise...
  [J1024-0719] white noise for Rcvr_800_GASP (51 TOAs)...
  [J1024-0719] white noise for Rcvr1_2_GASP (43 TOAs)...
  [J1024-0719] white noise for Rcvr1_2_GUPPI (7086 TOAs)...
  [J1024-0719] white noise for Rcvr_800_GUPPI (5455 TOAs)...
  [J1125+7819] zeroing residuals...
  [J1125+7819] adding red noise...
  [J1125+7819] white noise for Rcvr1_2_GUPPI (4016 TOAs)...
  [J1125+7819] white noise for Rcvr_800_GUPPI (4707 TOAs)...
  [J1312+0051] zeroing residuals...
  [J1312+0051] adding red noise...
  [J1312+0051] white noise for S-wide_PUPPI (416 TOAs)...
  [J1312+0051] white noise for L-wide_PUPPI (1289 TOAs)...
  [J1453+1902] zeroing residuals...
  [J1453+1902] adding red noise...
  [J1453+1902] white noise for S-wide_PUPPI (4 TOAs)...
  [J1453+1902] white noise for 430_PUPPI (425 TOAs)...
  [J1453+1902] white noise for L-wide_PUPPI (2122 TOAs)...
  [J1455-3330] zeroing residuals...
  [J1455-3330] adding red noise...
  [J1455-3330] white noise for Rcvr_800_GASP (479 TOAs)...
  [J1455-3330] white noise for Rcvr1_2_GASP (564 TOAs)...
  [J1455-3330] white noise for Rcvr1_2_GUPPI (4932 TOAs)...
  [J1455-3330] white noise for Rcvr_800_GUPPI (4843 TOAs)...
  [J1600-3053] zeroing residuals...
  [J1600-3053] adding red noise...
  [J1600-3053] white noise for Rcvr_800_GASP (297 TOAs)...
  [J1600-3053] white noise for Rcvr_800_GUPPI (8796 TOAs)...
  [J1600-3053] white noise for Rcvr1_2_GUPPI (10168 TOAs)...
  [J1600-3053] white noise for 3GHz_YUPPI (3237 TOAs)...
  [J1600-3053] white noise for Rcvr1_2_GASP (457 TOAs)...
  [J1614-2230] zeroing residuals...
  [J1614-2230] adding red noise...
  [J1614-2230] white noise for Rcvr_800_GASP (84 TOAs)...
  [J1614-2230] white noise for Rcvr1_2_GASP (84 TOAs)...
  [J1614-2230] white noise for Rcvr1_2_GUPPI (10509 TOAs)...
  [J1614-2230] white noise for Rcvr_800_GUPPI (7768 TOAs)...
  [J1630+3734] zeroing residuals...
  [J1630+3734] adding red noise...
  [J1630+3734] white noise for Rcvr1_2_GUPPI (909 TOAs)...
  [J1630+3734] white noise for Rcvr_800_GUPPI (906 TOAs)...
  [J1640+2224] zeroing residuals...
  [J1640+2224] adding red noise...
  [J1640+2224] white noise for L-wide_ASP (722 TOAs)...
  [J1640+2224] white noise for 430_PUPPI (3157 TOAs)...
  [J1640+2224] white noise for L-wide_PUPPI (9847 TOAs)...
  [J1640+2224] white noise for 430_ASP (340 TOAs)...
  [J1643-1224] zeroing residuals...
  [J1643-1224] adding red noise...
  [J1643-1224] white noise for Rcvr_800_GASP (559 TOAs)...
  [J1643-1224] white noise for Rcvr_800_GUPPI (7734 TOAs)...
  [J1643-1224] white noise for Rcvr1_2_GUPPI (8803 TOAs)...
  [J1643-1224] white noise for 3GHz_YUPPI (4215 TOAs)...
  [J1643-1224] white noise for Rcvr1_2_GASP (833 TOAs)...
  [J1705-1903] zeroing residuals...
  [J1705-1903] adding red noise...
  [J1705-1903] white noise for Rcvr1_2_GUPPI (6350 TOAs)...
  [J1705-1903] white noise for Rcvr_800_GUPPI (3521 TOAs)...
  [J1713+0747] zeroing residuals...
  [J1713+0747] adding red noise...
  [J1713+0747] white noise for Rcvr_800_GASP (1032 TOAs)...
  [J1713+0747] white noise for L-wide_PUPPI (12743 TOAs)...
  [J1713+0747] white noise for L-wide_ASP (843 TOAs)...
  [J1713+0747] white noise for Rcvr_800_GUPPI (8479 TOAs)...
  [J1713+0747] white noise for S-wide_ASP (624 TOAs)...
  [J1713+0747] white noise for Rcvr1_2_GUPPI (22334 TOAs)...
  [J1713+0747] white noise for S-wide_PUPPI (7482 TOAs)...
  [J1713+0747] white noise for 3GHz_YUPPI (3282 TOAs)...
  [J1713+0747] white noise for Rcvr1_2_GASP (1109 TOAs)...
  [J1713+0747] white noise for 1.5GHz_YUPPI (1461 TOAs)...
  [J1719-1438] zeroing residuals...
  [J1719-1438] adding red noise...
  [J1719-1438] white noise for Rcvr1_2_GUPPI (2722 TOAs)...
  [J1719-1438] white noise for Rcvr_800_GUPPI (3634 TOAs)...
  [J1730-2304] zeroing residuals...
  [J1730-2304] adding red noise...
  [J1730-2304] white noise for Rcvr1_2_GUPPI (2367 TOAs)...
  [J1730-2304] white noise for Rcvr_800_GUPPI (2503 TOAs)...
  [J1738+0333] zeroing residuals...
  [J1738+0333] adding red noise...
  [J1738+0333] white noise for S-wide_PUPPI (1737 TOAs)...
  [J1738+0333] white noise for L-wide_PUPPI (6718 TOAs)...
  [J1738+0333] white noise for L-wide_ASP (201 TOAs)...
  [J1738+0333] white noise for S-wide_ASP (134 TOAs)...
  [J1741+1351] zeroing residuals...
  [J1741+1351] adding red noise...
  [J1741+1351] white noise for 430_PUPPI (1159 TOAs)...
  [J1741+1351] white noise for L-wide_ASP (236 TOAs)...
  [J1741+1351] white noise for L-wide_PUPPI (4045 TOAs)...
  [J1741+1351] white noise for S-wide_ASP (115 TOAs)...
  [J1741+1351] white noise for 430_ASP (27 TOAs)...
  [J1744-1134] zeroing residuals...
  [J1744-1134] adding red noise...
  [J1744-1134] white noise for Rcvr_800_GASP (930 TOAs)...
  [J1744-1134] white noise for Rcvr1_2_GASP (807 TOAs)...
  [J1744-1134] white noise for Rcvr1_2_GUPPI (8109 TOAs)...
  [J1744-1134] white noise for Rcvr_800_GUPPI (7899 TOAs)...
  [J1745+1017] zeroing residuals...
  [J1745+1017] adding red noise...
  [J1745+1017] white noise for S-wide_PUPPI (838 TOAs)...
  [J1745+1017] white noise for L-wide_PUPPI (2179 TOAs)...
  [J1747-4036] zeroing residuals...
  [J1747-4036] adding red noise...
  [J1747-4036] white noise for Rcvr1_2_GUPPI (5239 TOAs)...
  [J1747-4036] white noise for Rcvr_800_GUPPI (5816 TOAs)...
  [J1751-2857] zeroing residuals...
  [J1751-2857] adding red noise...
  [J1751-2857] white noise for Rcvr1_2_GUPPI (1786 TOAs)...
  [J1751-2857] white noise for Rcvr_800_GUPPI (239 TOAs)...
  [J1802-2124] zeroing residuals...
  [J1802-2124] adding red noise...
  [J1802-2124] white noise for Rcvr1_2_GUPPI (3231 TOAs)...
  [J1802-2124] white noise for Rcvr_800_GUPPI (3565 TOAs)...
  [J1811-2405] zeroing residuals...
  [J1811-2405] adding red noise...
  [J1811-2405] white noise for Rcvr1_2_GUPPI (2638 TOAs)...
  [J1811-2405] white noise for Rcvr_800_GUPPI (2628 TOAs)...
  [J1832-0836] zeroing residuals...
  [J1832-0836] adding red noise...
  [J1832-0836] white noise for Rcvr1_2_GUPPI (4661 TOAs)...
  [J1832-0836] white noise for Rcvr_800_GUPPI (3078 TOAs)...
  [J1843-1113] zeroing residuals...
  [J1843-1113] adding red noise...
  [J1843-1113] white noise for Rcvr1_2_GUPPI (2394 TOAs)...
  [J1843-1113] white noise for Rcvr_800_GUPPI (2201 TOAs)...
  [J1853+1303] zeroing residuals...
  [J1853+1303] adding red noise...
  [J1853+1303] white noise for L-wide_ASP (33 TOAs)...
  [J1853+1303] white noise for 430_PUPPI (1151 TOAs)...
  [J1853+1303] white noise for L-wide_PUPPI (3362 TOAs)...
  [J1853+1303] white noise for 430_ASP (24 TOAs)...
  [J1903+0327] zeroing residuals...
  [J1903+0327] adding red noise...
  [J1903+0327] white noise for L-wide_PUPPI (3845 TOAs)...
  [J1903+0327] white noise for L-wide_ASP (139 TOAs)...
  [J1903+0327] white noise for S-wide_ASP (151 TOAs)...
  [J1903+0327] white noise for S-wide_PUPPI (2282 TOAs)...
  [J1903+0327] white noise for 3GHz_YUPPI (439 TOAs)...
  [J1909-3744] zeroing residuals...
  [J1909-3744] adding red noise...
  [J1909-3744] white noise for Rcvr_800_GASP (866 TOAs)...
  [J1909-3744] white noise for Rcvr_800_GUPPI (9399 TOAs)...
  [J1909-3744] white noise for Rcvr1_2_GUPPI (20439 TOAs)...
  [J1909-3744] white noise for 3GHz_YUPPI (3525 TOAs)...
  [J1909-3744] white noise for Rcvr1_2_GASP (808 TOAs)...
  [J1910+1256] zeroing residuals...
  [J1910+1256] adding red noise...
  [J1910+1256] white noise for S-wide_PUPPI (1857 TOAs)...
  [J1910+1256] white noise for L-wide_PUPPI (4124 TOAs)...
  [J1910+1256] white noise for L-wide_ASP (297 TOAs)...
  [J1910+1256] white noise for S-wide_ASP (208 TOAs)...
  [J1911+1347] zeroing residuals...
  [J1911+1347] adding red noise...
  [J1911+1347] white noise for 430_PUPPI (753 TOAs)...
  [J1911+1347] white noise for L-wide_PUPPI (3033 TOAs)...
  [J1918-0642] zeroing residuals...
  [J1918-0642] adding red noise...
  [J1918-0642] white noise for Rcvr_800_GASP (835 TOAs)...
  [J1918-0642] white noise for Rcvr1_2_GASP (778 TOAs)...
  [J1918-0642] white noise for Rcvr1_2_GUPPI (8910 TOAs)...
  [J1918-0642] white noise for Rcvr_800_GUPPI (8352 TOAs)...
  [J1923+2515] zeroing residuals...
  [J1923+2515] adding red noise...
  [J1923+2515] white noise for L-wide_ASP (14 TOAs)...
  [J1923+2515] white noise for 430_PUPPI (922 TOAs)...
  [J1923+2515] white noise for L-wide_PUPPI (3028 TOAs)...
  [J1923+2515] white noise for 430_ASP (10 TOAs)...
  [J1944+0907] zeroing residuals...
  [J1944+0907] adding red noise...
  [J1944+0907] white noise for 430_PUPPI (1017 TOAs)...
  [J1944+0907] white noise for L-wide_ASP (257 TOAs)...
  [J1944+0907] white noise for L-wide_PUPPI (3900 TOAs)...
  [J1944+0907] white noise for S-wide_ASP (116 TOAs)...
  [J1944+0907] white noise for 430_ASP (38 TOAs)...
  [J1946+3417] zeroing residuals...
  [J1946+3417] adding red noise...
  [J1946+3417] white noise for S-wide_PUPPI (1546 TOAs)...
  [J1946+3417] white noise for L-wide_PUPPI (3197 TOAs)...
  [J2010-1323] zeroing residuals...
  [J2010-1323] adding red noise...
  [J2010-1323] white noise for Rcvr_800_GASP (70 TOAs)...
  [J2010-1323] white noise for Rcvr1_2_GASP (70 TOAs)...
  [J2010-1323] white noise for Rcvr1_2_GUPPI (7779 TOAs)...
  [J2010-1323] white noise for Rcvr_800_GUPPI (9158 TOAs)...
  [J2017+0603] zeroing residuals...
  [J2017+0603] adding red noise...
  [J2017+0603] white noise for S-wide_PUPPI (849 TOAs)...
  [J2017+0603] white noise for 430_PUPPI (78 TOAs)...
  [J2017+0603] white noise for L-wide_PUPPI (2569 TOAs)...
  [J2017+0603] white noise for L-wide_ASP (16 TOAs)...
  [J2033+1734] zeroing residuals...
  [J2033+1734] adding red noise...
  [J2033+1734] white noise for 430_PUPPI (797 TOAs)...
  [J2033+1734] white noise for L-wide_PUPPI (3050 TOAs)...
  [J2043+1711] zeroing residuals...
  [J2043+1711] adding red noise...
  [J2043+1711] white noise for L-wide_ASP (40 TOAs)...
  [J2043+1711] white noise for 430_PUPPI (2908 TOAs)...
  [J2043+1711] white noise for L-wide_PUPPI (4419 TOAs)...
  [J2043+1711] white noise for 430_ASP (30 TOAs)...
  [J2124-3358] zeroing residuals...
  [J2124-3358] adding red noise...
  [J2124-3358] white noise for Rcvr1_2_GUPPI (2957 TOAs)...
  [J2124-3358] white noise for Rcvr_800_GUPPI (2025 TOAs)...
  [J2145-0750] zeroing residuals...
  [J2145-0750] adding red noise...
  [J2145-0750] white noise for Rcvr_800_GASP (362 TOAs)...
  [J2145-0750] white noise for Rcvr1_2_GASP (427 TOAs)...
  [J2145-0750] white noise for Rcvr1_2_GUPPI (9158 TOAs)...
  [J2145-0750] white noise for Rcvr_800_GUPPI (8728 TOAs)...
  [J2214+3000] zeroing residuals...
  [J2214+3000] adding red noise...
  [J2214+3000] white noise for S-wide_PUPPI (1568 TOAs)...
  [J2214+3000] white noise for L-wide_PUPPI (5829 TOAs)...
  [J2214+3000] white noise for L-wide_ASP (9 TOAs)...
  [J2229+2643] zeroing residuals...
  [J2229+2643] adding red noise...
  [J2229+2643] white noise for 430_PUPPI (956 TOAs)...
  [J2229+2643] white noise for L-wide_PUPPI (2755 TOAs)...
  [J2234+0611] zeroing residuals...
  [J2234+0611] adding red noise...
  [J2234+0611] white noise for 430_PUPPI (653 TOAs)...
  [J2234+0611] white noise for L-wide_PUPPI (2913 TOAs)...
  [J2234+0944] zeroing residuals...
  [J2234+0944] adding red noise...
  [J2234+0944] white noise for S-wide_PUPPI (2532 TOAs)...
  [J2234+0944] white noise for L-wide_PUPPI (5003 TOAs)...
  [J2302+4442] zeroing residuals...
  [J2302+4442] adding red noise...
  [J2302+4442] white noise for Rcvr1_2_GUPPI (3779 TOAs)...
  [J2302+4442] white noise for Rcvr_800_GUPPI (6432 TOAs)...
  [J2317+1439] zeroing residuals...
  [J2317+1439] adding red noise...
  [J2317+1439] white noise for 430_PUPPI (3217 TOAs)...
  [J2317+1439] white noise for L-wide_PUPPI (9563 TOAs)...
  [J2317+1439] white noise for 327_ASP (413 TOAs)...
  [J2317+1439] white noise for 430_ASP (458 TOAs)...
  [J2317+1439] white noise for 327_PUPPI (276 TOAs)...
  [J2322+2057] zeroing residuals...
  [J2322+2057] adding red noise...
  [J2322+2057] white noise for S-wide_PUPPI (140 TOAs)...
  [J2322+2057] white noise for 430_PUPPI (752 TOAs)...
  [J2322+2057] white noise for L-wide_PUPPI (2196 TOAs)...
Resetting pulsars to clean stoas...
Restore: 0.00 s
Inject: 0.00 s
Snapshotting into enterprise Pulsar objects...
Building PTA...
PTA build: 484.24 s
Computing optimal statistic...
OS time: 49.01 s
Total: 533.26 s
Noise-only SNR baseline: -0.2851

Generating SNR-consistent population...
Target SNR: 4.0
Resetting pulsars to clean stoas...
Restore: 0.00 s
Injecting population...
  B1855+09: RMS = 3488.533 ns
  B1937+21: RMS = 3279.443 ns
  B1953+29: RMS = 3633.885 ns
  J0023+0923: RMS = 3805.832 ns
  J0030+0451: RMS = 3410.421 ns
  J0340+4130: RMS = 2210.853 ns
  J0406+3039: RMS = 1279.200 ns
  J0437-4715: RMS = 7085.918 ns
  J0509+0856: RMS = 195.886 ns
  J0557+1551: RMS = 911.568 ns
  J0605+3757: RMS = 1003.309 ns
  J0610-2100: RMS = 1512.839 ns
  J0613-0200: RMS = 8491.334 ns
  J0636+5128: RMS = 1328.725 ns
  J0645+5158: RMS = 2561.708 ns
  J0709+0458: RMS = 3715.540 ns
  J0740+6620: RMS = 2315.339 ns
  J0931-1902: RMS = 3040.774 ns
  J1012+5307: RMS = 4617.056 ns
  J1012-4235: RMS = 1779.426 ns
  J1022+1001: RMS = 3270.862 ns
  J1024-0719: RMS = 964.529 ns
  J1125+7819: RMS = 2156.393 ns
  J1312+0051: RMS = 2813.064 ns
  J1453+1902: RMS = 5015.717 ns
  J1455-3330: RMS = 2276.934 ns
  J1600-3053: RMS = 2060.388 ns
  J1614-2230: RMS = 1281.283 ns
  J1630+3734: RMS = 2190.818 ns
  J1640+2224: RMS = 1907.192 ns
  J1643-1224: RMS = 1399.087 ns
  J1705-1903: RMS = 1575.553 ns
  J1713+0747: RMS = 3064.997 ns
  J1719-1438: RMS = 1113.002 ns
  J1730-2304: RMS = 1128.079 ns
  J1738+0333: RMS = 3975.046 ns
  J1741+1351: RMS = 4716.115 ns
  J1744-1134: RMS = 3993.564 ns
  J1745+1017: RMS = 1240.005 ns
  J1747-4036: RMS = 2799.900 ns
  J1751-2857: RMS = 1309.940 ns
  J1802-2124: RMS = 1107.899 ns
  J1811-2405: RMS = 1292.927 ns
  J1832-0836: RMS = 2240.212 ns
  J1843-1113: RMS = 488.280 ns
  J1853+1303: RMS = 4544.954 ns
  J1903+0327: RMS = 3874.972 ns
  J1909-3744: RMS = 5825.132 ns
  J1910+1256: RMS = 3576.115 ns
  J1911+1347: RMS = 3720.101 ns
  J1918-0642: RMS = 3594.408 ns
  J1923+2515: RMS = 4012.913 ns
  J1944+0907: RMS = 3516.895 ns
  J1946+3417: RMS = 1905.847 ns
  J2010-1323: RMS = 2155.335 ns
  J2017+0603: RMS = 2210.581 ns
  J2033+1734: RMS = 1496.727 ns
  J2043+1711: RMS = 1585.654 ns
  J2124-3358: RMS = 2037.360 ns
  J2145-0750: RMS = 1809.729 ns
  J2214+3000: RMS = 1055.547 ns
  J2229+2643: RMS = 3208.952 ns
  J2234+0611: RMS = 2647.802 ns
  J2234+0944: RMS = 2062.786 ns
  J2302+4442: RMS = 4185.185 ns
  J2317+1439: RMS = 3739.182 ns
  J2322+2057: RMS = 4357.988 ns
Inject: 0.55 s
Snapshotting into enterprise Pulsar objects...
Building PTA...
PTA build: 468.34 s
Computing optimal statistic...
OS time: 47.52 s
Total: 516.41 s
Initial SNR: 143.9333, Target SNR: 4.0000
  Initial SNR 143.9333 outside of provided SNR_range [3.5, 4.25] — rescaling.
Scaling distances by factor 5.8014 to achieve target SNR...
Resetting pulsars to clean stoas...
Restore: 0.00 s
Injecting population...
  B1855+09: RMS = 601.331 ns
  B1937+21: RMS = 565.289 ns
  B1953+29: RMS = 626.386 ns
  J0023+0923: RMS = 656.024 ns
  J0030+0451: RMS = 587.866 ns
  J0340+4130: RMS = 381.093 ns
  J0406+3039: RMS = 220.500 ns
  J0437-4715: RMS = 1221.424 ns
  J0509+0856: RMS = 33.766 ns
  J0557+1551: RMS = 157.130 ns
  J0605+3757: RMS = 172.944 ns
  J0610-2100: RMS = 260.773 ns
  J0613-0200: RMS = 1463.681 ns
  J0636+5128: RMS = 229.037 ns
  J0645+5158: RMS = 441.570 ns
  J0709+0458: RMS = 640.461 ns
  J0740+6620: RMS = 399.103 ns
  J0931-1902: RMS = 524.149 ns
  J1012+5307: RMS = 795.858 ns
  J1012-4235: RMS = 306.726 ns
  J1022+1001: RMS = 563.810 ns
  J1024-0719: RMS = 166.259 ns
  J1125+7819: RMS = 371.705 ns
  J1312+0051: RMS = 484.898 ns
  J1453+1902: RMS = 864.577 ns
  J1455-3330: RMS = 392.483 ns
  J1600-3053: RMS = 355.156 ns
  J1614-2230: RMS = 220.859 ns
  J1630+3734: RMS = 377.639 ns
  J1640+2224: RMS = 328.749 ns
  J1643-1224: RMS = 241.166 ns
  J1705-1903: RMS = 271.583 ns
  J1713+0747: RMS = 528.324 ns
  J1719-1438: RMS = 191.852 ns
  J1730-2304: RMS = 194.451 ns
  J1738+0333: RMS = 685.193 ns
  J1741+1351: RMS = 812.933 ns
  J1744-1134: RMS = 688.385 ns
  J1745+1017: RMS = 213.744 ns
  J1747-4036: RMS = 482.629 ns
  J1751-2857: RMS = 225.799 ns
  J1802-2124: RMS = 190.972 ns
  J1811-2405: RMS = 222.866 ns
  J1832-0836: RMS = 386.153 ns
  J1843-1113: RMS = 84.167 ns
  J1853+1303: RMS = 783.430 ns
  J1903+0327: RMS = 667.942 ns
  J1909-3744: RMS = 1004.098 ns
  J1910+1256: RMS = 616.427 ns
  J1911+1347: RMS = 641.247 ns
  J1918-0642: RMS = 619.581 ns
  J1923+2515: RMS = 691.720 ns
  J1944+0907: RMS = 606.219 ns
  J1946+3417: RMS = 328.518 ns
  J2010-1323: RMS = 371.523 ns
  J2017+0603: RMS = 381.046 ns
  J2033+1734: RMS = 257.996 ns
  J2043+1711: RMS = 273.325 ns
  J2124-3358: RMS = 351.187 ns
  J2145-0750: RMS = 311.949 ns
  J2214+3000: RMS = 181.948 ns
  J2229+2643: RMS = 553.138 ns
  J2234+0611: RMS = 456.411 ns
  J2234+0944: RMS = 355.570 ns
  J2302+4442: RMS = 721.415 ns
  J2317+1439: RMS = 644.536 ns
  J2322+2057: RMS = 751.202 ns
Inject: 0.56 s
Snapshotting into enterprise Pulsar objects...
Building PTA...
PTA build: 468.70 s
Computing optimal statistic...
OS time: 48.33 s
Total: 517.59 s
  SNR 1.4791 outside of provided SNR_range [3.5, 4.25] — rescaling.
[Iteration 1/100] SNR after scaling: 1.4791 (target: 4.0000)
  SNR history: it0→143.9333@1.0000x, it1→1.4791@5.8014x
  Re-scaling distances by factor 0.4152  (cumulative after: 2.4086×)
Resetting pulsars to clean stoas...
Restore: 0.00 s
Injecting population...
  B1855+09: RMS = 1448.365 ns
  B1937+21: RMS = 1361.555 ns
  B1953+29: RMS = 1508.712 ns
  J0023+0923: RMS = 1580.101 ns
  J0030+0451: RMS = 1415.935 ns
  J0340+4130: RMS = 917.900 ns
  J0406+3039: RMS = 531.097 ns
  J0437-4715: RMS = 2941.924 ns
  J0509+0856: RMS = 81.328 ns
  J0557+1551: RMS = 378.464 ns
  J0605+3757: RMS = 416.553 ns
  J0610-2100: RMS = 628.099 ns
  J0613-0200: RMS = 3525.422 ns
  J0636+5128: RMS = 551.658 ns
  J0645+5158: RMS = 1063.567 ns
  J0709+0458: RMS = 1542.614 ns
  J0740+6620: RMS = 961.280 ns
  J0931-1902: RMS = 1262.465 ns
  J1012+5307: RMS = 1916.904 ns
  J1012-4235: RMS = 738.780 ns
  J1022+1001: RMS = 1357.993 ns
  J1024-0719: RMS = 400.452 ns
  J1125+7819: RMS = 895.289 ns
  J1312+0051: RMS = 1167.925 ns
  J1453+1902: RMS = 2082.420 ns
  J1455-3330: RMS = 945.335 ns
  J1600-3053: RMS = 855.430 ns
  J1614-2230: RMS = 531.962 ns
  J1630+3734: RMS = 909.582 ns
  J1640+2224: RMS = 791.826 ns
  J1643-1224: RMS = 580.872 ns
  J1705-1903: RMS = 654.136 ns
  J1713+0747: RMS = 1272.522 ns
  J1719-1438: RMS = 462.095 ns
  J1730-2304: RMS = 468.355 ns
  J1738+0333: RMS = 1650.355 ns
  J1741+1351: RMS = 1958.031 ns
  J1744-1134: RMS = 1658.043 ns
  J1745+1017: RMS = 514.824 ns
  J1747-4036: RMS = 1162.459 ns
  J1751-2857: RMS = 543.859 ns
  J1802-2124: RMS = 459.976 ns
  J1811-2405: RMS = 536.796 ns
  J1832-0836: RMS = 930.089 ns
  J1843-1113: RMS = 202.724 ns
  J1853+1303: RMS = 1886.969 ns
  J1903+0327: RMS = 1608.806 ns
  J1909-3744: RMS = 2418.472 ns
  J1910+1256: RMS = 1484.727 ns
  J1911+1347: RMS = 1544.507 ns
  J1918-0642: RMS = 1492.322 ns
  J1923+2515: RMS = 1666.077 ns
  J1944+0907: RMS = 1460.140 ns
  J1946+3417: RMS = 791.267 ns
  J2010-1323: RMS = 894.850 ns
  J2017+0603: RMS = 917.786 ns
  J2033+1734: RMS = 621.409 ns
  J2043+1711: RMS = 658.330 ns
  J2124-3358: RMS = 845.869 ns
  J2145-0750: RMS = 751.361 ns
  J2214+3000: RMS = 438.241 ns
  J2229+2643: RMS = 1332.289 ns
  J2234+0611: RMS = 1099.311 ns
  J2234+0944: RMS = 856.425 ns
  J2302+4442: RMS = 1737.600 ns
  J2317+1439: RMS = 1552.429 ns
  J2322+2057: RMS = 1809.345 ns
Inject: 0.61 s
Snapshotting into enterprise Pulsar objects...
Building PTA...
PTA build: 469.26 s
Computing optimal statistic...
OS time: 46.73 s
Total: 516.61 s
  SNR 20.2922 outside of provided SNR_range [3.5, 4.25] — rescaling.
[Iteration 2/100] SNR after scaling: 20.2922 (target: 4.0000)
  SNR history: it0→143.9333@1.0000x, it1→1.4791@5.8014x, it2→20.2922@2.4086x
  Re-scaling distances by factor 1.5520  (cumulative after: 3.7381×)
Resetting pulsars to clean stoas...
Restore: 0.01 s
Injecting population...
  B1855+09: RMS = 933.245 ns
  B1937+21: RMS = 877.310 ns
  B1953+29: RMS = 972.129 ns
  J0023+0923: RMS = 1018.128 ns
  J0030+0451: RMS = 912.349 ns
  J0340+4130: RMS = 591.443 ns
  J0406+3039: RMS = 342.209 ns
  J0437-4715: RMS = 1895.610 ns
  J0509+0856: RMS = 52.403 ns
  J0557+1551: RMS = 243.861 ns
  J0605+3757: RMS = 268.403 ns
  J0610-2100: RMS = 404.711 ns
  J0613-0200: RMS = 2271.584 ns
  J0636+5128: RMS = 355.458 ns
  J0645+5158: RMS = 685.303 ns
  J0709+0458: RMS = 993.973 ns
  J0740+6620: RMS = 619.395 ns
  J0931-1902: RMS = 813.462 ns
  J1012+5307: RMS = 1235.145 ns
  J1012-4235: RMS = 476.028 ns
  J1022+1001: RMS = 875.014 ns
  J1024-0719: RMS = 258.029 ns
  J1125+7819: RMS = 576.874 ns
  J1312+0051: RMS = 752.545 ns
  J1453+1902: RMS = 1341.794 ns
  J1455-3330: RMS = 609.121 ns
  J1600-3053: RMS = 551.191 ns
  J1614-2230: RMS = 342.766 ns
  J1630+3734: RMS = 586.083 ns
  J1640+2224: RMS = 510.208 ns
  J1643-1224: RMS = 374.281 ns
  J1705-1903: RMS = 421.489 ns
  J1713+0747: RMS = 819.942 ns
  J1719-1438: RMS = 297.748 ns
  J1730-2304: RMS = 301.781 ns
  J1738+0333: RMS = 1063.396 ns
  J1741+1351: RMS = 1261.645 ns
  J1744-1134: RMS = 1068.350 ns
  J1745+1017: RMS = 331.724 ns
  J1747-4036: RMS = 749.023 ns
  J1751-2857: RMS = 350.432 ns
  J1802-2124: RMS = 296.383 ns
  J1811-2405: RMS = 345.881 ns
  J1832-0836: RMS = 599.297 ns
  J1843-1113: RMS = 130.624 ns
  J1853+1303: RMS = 1215.857 ns
  J1903+0327: RMS = 1036.624 ns
  J1909-3744: RMS = 1558.327 ns
  J1910+1256: RMS = 956.675 ns
  J1911+1347: RMS = 995.194 ns
  J1918-0642: RMS = 961.568 ns
  J1923+2515: RMS = 1073.526 ns
  J1944+0907: RMS = 940.832 ns
  J1946+3417: RMS = 509.848 ns
  J2010-1323: RMS = 576.591 ns
  J2017+0603: RMS = 591.370 ns
  J2033+1734: RMS = 400.401 ns
  J2043+1711: RMS = 424.191 ns
  J2124-3358: RMS = 545.030 ns
  J2145-0750: RMS = 484.135 ns
  J2214+3000: RMS = 282.378 ns
  J2229+2643: RMS = 858.452 ns
  J2234+0611: RMS = 708.334 ns
  J2234+0944: RMS = 551.832 ns
  J2302+4442: RMS = 1119.612 ns
  J2317+1439: RMS = 1000.298 ns
  J2322+2057: RMS = 1165.840 ns
Inject: 0.67 s
Snapshotting into enterprise Pulsar objects...
Building PTA...
PTA build: 461.36 s
Computing optimal statistic...
OS time: 47.56 s
Total: 509.60 s
  SNR 6.5731 outside of provided SNR_range [3.5, 4.25] — rescaling.
[Iteration 3/100] SNR after scaling: 6.5731 (target: 4.0000)
  SNR history: it0→143.9333@1.0000x, it1→1.4791@5.8014x, it2→20.2922@2.4086x, it3→6.5731@3.7381x
  Re-scaling distances by factor 1.2458  (cumulative after: 4.6568×)
Resetting pulsars to clean stoas...
Restore: 0.00 s
Injecting population...
  B1855+09: RMS = 749.125 ns
  B1937+21: RMS = 704.225 ns
  B1953+29: RMS = 780.338 ns
  J0023+0923: RMS = 817.262 ns
  J0030+0451: RMS = 732.352 ns
  J0340+4130: RMS = 474.757 ns
  J0406+3039: RMS = 274.695 ns
  J0437-4715: RMS = 1521.626 ns
  J0509+0856: RMS = 42.064 ns
  J0557+1551: RMS = 195.750 ns
  J0605+3757: RMS = 215.450 ns
  J0610-2100: RMS = 324.866 ns
  J0613-0200: RMS = 1823.424 ns
  J0636+5128: RMS = 285.329 ns
  J0645+5158: RMS = 550.099 ns
  J0709+0458: RMS = 797.873 ns
  J0740+6620: RMS = 497.194 ns
  J0931-1902: RMS = 652.974 ns
  J1012+5307: RMS = 991.464 ns
  J1012-4235: RMS = 382.113 ns
  J1022+1001: RMS = 702.383 ns
  J1024-0719: RMS = 207.122 ns
  J1125+7819: RMS = 463.062 ns
  J1312+0051: RMS = 604.076 ns
  J1453+1902: RMS = 1077.072 ns
  J1455-3330: RMS = 488.947 ns
  J1600-3053: RMS = 442.446 ns
  J1614-2230: RMS = 275.142 ns
  J1630+3734: RMS = 470.455 ns
  J1640+2224: RMS = 409.549 ns
  J1643-1224: RMS = 300.439 ns
  J1705-1903: RMS = 338.333 ns
  J1713+0747: RMS = 658.176 ns
  J1719-1438: RMS = 239.005 ns
  J1730-2304: RMS = 242.243 ns
  J1738+0333: RMS = 853.599 ns
  J1741+1351: RMS = 1012.736 ns
  J1744-1134: RMS = 857.575 ns
  J1745+1017: RMS = 266.278 ns
  J1747-4036: RMS = 601.249 ns
  J1751-2857: RMS = 281.296 ns
  J1802-2124: RMS = 237.909 ns
  J1811-2405: RMS = 277.642 ns
  J1832-0836: RMS = 481.062 ns
  J1843-1113: RMS = 104.853 ns
  J1853+1303: RMS = 975.981 ns
  J1903+0327: RMS = 832.109 ns
  J1909-3744: RMS = 1250.885 ns
  J1910+1256: RMS = 767.933 ns
  J1911+1347: RMS = 798.852 ns
  J1918-0642: RMS = 771.861 ns
  J1923+2515: RMS = 861.730 ns
  J1944+0907: RMS = 755.216 ns
  J1946+3417: RMS = 409.260 ns
  J2010-1323: RMS = 462.835 ns
  J2017+0603: RMS = 474.699 ns
  J2033+1734: RMS = 321.406 ns
  J2043+1711: RMS = 340.502 ns
  J2124-3358: RMS = 437.501 ns
  J2145-0750: RMS = 388.620 ns
  J2214+3000: RMS = 226.667 ns
  J2229+2643: RMS = 689.088 ns
  J2234+0611: RMS = 568.587 ns
  J2234+0944: RMS = 442.961 ns
  J2302+4442: RMS = 898.724 ns
  J2317+1439: RMS = 802.950 ns
  J2322+2057: RMS = 935.832 ns
Inject: 0.70 s
Snapshotting into enterprise Pulsar objects...
Building PTA...
PTA build: 434.87 s
Computing optimal statistic...
OS time: 40.41 s
Total: 475.99 s
  SNR 3.3859 outside of provided SNR_range [3.5, 4.25] — rescaling.
[Iteration 4/100] SNR after scaling: 3.3859 (target: 4.0000)
  SNR history: it0→143.9333@1.0000x, it1→1.4791@5.8014x, it2→20.2922@2.4086x, it3→6.5731@3.7381x, it4→3.3859@4.6568x
  Re-scaling distances by factor 0.8959  (cumulative after: 4.1722×)
Resetting pulsars to clean stoas...
Restore: 0.00 s
Injecting population...
  B1855+09: RMS = 836.132 ns
  B1937+21: RMS = 786.018 ns
  B1953+29: RMS = 870.971 ns
  J0023+0923: RMS = 912.183 ns
  J0030+0451: RMS = 817.411 ns
  J0340+4130: RMS = 529.898 ns
  J0406+3039: RMS = 306.599 ns
  J0437-4715: RMS = 1698.355 ns
  J0509+0856: RMS = 46.950 ns
  J0557+1551: RMS = 218.485 ns
  J0605+3757: RMS = 240.473 ns
  J0610-2100: RMS = 362.598 ns
  J0613-0200: RMS = 2035.205 ns
  J0636+5128: RMS = 318.469 ns
  J0645+5158: RMS = 613.991 ns
  J0709+0458: RMS = 890.542 ns
  J0740+6620: RMS = 554.941 ns
  J0931-1902: RMS = 728.814 ns
  J1012+5307: RMS = 1106.617 ns
  J1012-4235: RMS = 426.493 ns
  J1022+1001: RMS = 783.961 ns
  J1024-0719: RMS = 231.178 ns
  J1125+7819: RMS = 516.845 ns
  J1312+0051: RMS = 674.236 ns
  J1453+1902: RMS = 1202.168 ns
  J1455-3330: RMS = 545.736 ns
  J1600-3053: RMS = 493.834 ns
  J1614-2230: RMS = 307.098 ns
  J1630+3734: RMS = 525.096 ns
  J1640+2224: RMS = 457.116 ns
  J1643-1224: RMS = 335.334 ns
  J1705-1903: RMS = 377.629 ns
  J1713+0747: RMS = 734.619 ns
  J1719-1438: RMS = 266.765 ns
  J1730-2304: RMS = 270.378 ns
  J1738+0333: RMS = 952.740 ns
  J1741+1351: RMS = 1130.360 ns
  J1744-1134: RMS = 957.178 ns
  J1745+1017: RMS = 297.205 ns
  J1747-4036: RMS = 671.081 ns
  J1751-2857: RMS = 313.967 ns
  J1802-2124: RMS = 265.541 ns
  J1811-2405: RMS = 309.889 ns
  J1832-0836: RMS = 536.935 ns
  J1843-1113: RMS = 117.031 ns
  J1853+1303: RMS = 1089.336 ns
  J1903+0327: RMS = 928.754 ns
  J1909-3744: RMS = 1396.169 ns
  J1910+1256: RMS = 857.124 ns
  J1911+1347: RMS = 891.635 ns
  J1918-0642: RMS = 861.509 ns
  J1923+2515: RMS = 961.816 ns
  J1944+0907: RMS = 842.930 ns
  J1946+3417: RMS = 456.794 ns
  J2010-1323: RMS = 516.591 ns
  J2017+0603: RMS = 529.833 ns
  J2033+1734: RMS = 358.736 ns
  J2043+1711: RMS = 380.050 ns
  J2124-3358: RMS = 488.315 ns
  J2145-0750: RMS = 433.756 ns
  J2214+3000: RMS = 252.994 ns
  J2229+2643: RMS = 769.122 ns
  J2234+0611: RMS = 634.626 ns
  J2234+0944: RMS = 494.409 ns
  J2302+4442: RMS = 1003.106 ns
  J2317+1439: RMS = 896.208 ns
  J2322+2057: RMS = 1044.524 ns
Inject: 0.51 s
Snapshotting into enterprise Pulsar objects...
Building PTA...
PTA build: 418.28 s
Computing optimal statistic...
OS time: 40.27 s
Total: 459.07 s
  SNR 4.7802 outside of provided SNR_range [3.5, 4.25] — rescaling.
[Iteration 5/100] SNR after scaling: 4.7802 (target: 4.0000)
  SNR history: it0→143.9333@1.0000x, it1→1.4791@5.8014x, it2→20.2922@2.4086x, it3→6.5731@3.7381x, it4→3.3859@4.6568x, it5→4.7802@4.1722x
  Re-scaling distances by factor 1.0565  (cumulative after: 4.4079×)
Resetting pulsars to clean stoas...
Restore: 0.00 s
Injecting population...
  B1855+09: RMS = 791.434 ns
  B1937+21: RMS = 743.998 ns
  B1953+29: RMS = 824.410 ns
  J0023+0923: RMS = 863.419 ns
  J0030+0451: RMS = 773.713 ns
  J0340+4130: RMS = 501.570 ns
  J0406+3039: RMS = 290.209 ns
  J0437-4715: RMS = 1607.563 ns
  J0509+0856: RMS = 44.440 ns
  J0557+1551: RMS = 206.805 ns
  J0605+3757: RMS = 227.618 ns
  J0610-2100: RMS = 343.214 ns
  J0613-0200: RMS = 1926.406 ns
  J0636+5128: RMS = 301.444 ns
  J0645+5158: RMS = 581.168 ns
  J0709+0458: RMS = 842.935 ns
  J0740+6620: RMS = 525.275 ns
  J0931-1902: RMS = 689.852 ns
  J1012+5307: RMS = 1047.459 ns
  J1012-4235: RMS = 403.694 ns
  J1022+1001: RMS = 742.052 ns
  J1024-0719: RMS = 218.820 ns
  J1125+7819: RMS = 489.215 ns
  J1312+0051: RMS = 638.192 ns
  J1453+1902: RMS = 1137.902 ns
  J1455-3330: RMS = 516.562 ns
  J1600-3053: RMS = 467.435 ns
  J1614-2230: RMS = 290.681 ns
  J1630+3734: RMS = 497.025 ns
  J1640+2224: RMS = 432.680 ns
  J1643-1224: RMS = 317.407 ns
  J1705-1903: RMS = 357.441 ns
  J1713+0747: RMS = 695.348 ns
  J1719-1438: RMS = 252.504 ns
  J1730-2304: RMS = 255.924 ns
  J1738+0333: RMS = 901.808 ns
  J1741+1351: RMS = 1069.933 ns
  J1744-1134: RMS = 906.009 ns
  J1745+1017: RMS = 281.317 ns
  J1747-4036: RMS = 635.206 ns
  J1751-2857: RMS = 297.183 ns
  J1802-2124: RMS = 251.346 ns
  J1811-2405: RMS = 293.323 ns
  J1832-0836: RMS = 508.231 ns
  J1843-1113: RMS = 110.775 ns
  J1853+1303: RMS = 1031.102 ns
  J1903+0327: RMS = 879.104 ns
  J1909-3744: RMS = 1321.532 ns
  J1910+1256: RMS = 811.304 ns
  J1911+1347: RMS = 843.969 ns
  J1918-0642: RMS = 815.454 ns
  J1923+2515: RMS = 910.399 ns
  J1944+0907: RMS = 797.869 ns
  J1946+3417: RMS = 432.374 ns
  J2010-1323: RMS = 488.975 ns
  J2017+0603: RMS = 501.509 ns
  J2033+1734: RMS = 339.558 ns
  J2043+1711: RMS = 359.733 ns
  J2124-3358: RMS = 462.211 ns
  J2145-0750: RMS = 410.569 ns
  J2214+3000: RMS = 239.469 ns
  J2229+2643: RMS = 728.006 ns
  J2234+0611: RMS = 600.700 ns
  J2234+0944: RMS = 467.979 ns
  J2302+4442: RMS = 949.482 ns
  J2317+1439: RMS = 848.298 ns
  J2322+2057: RMS = 988.685 ns
Inject: 0.50 s
Snapshotting into enterprise Pulsar objects...
Building PTA...
PTA build: 403.07 s
Computing optimal statistic...
OS time: 39.71 s
Total: 443.28 s
  ✓ SNR is within the provided SNR_range: 4.0384 ∈ [3.5, 4.25]

Final SNR history:
  it 0: cumulative_scale=1.0000×  SNR=143.9333
  it 1: cumulative_scale=5.8014×  SNR=1.4791
  it 2: cumulative_scale=2.4086×  SNR=20.2922
  it 3: cumulative_scale=3.7381×  SNR=6.5731
  it 4: cumulative_scale=4.6568×  SNR=3.3859
  it 5: cumulative_scale=4.1722×  SNR=4.7802
  it 6: cumulative_scale=4.4079×  SNR=4.0384
✓ Simulation 1 done (3440.6 s)

======================================================================
ENSEMBLE SUMMARY
======================================================================
Success rate: 100.0% (1/1)

Binaries per population:
  Mean ± std : 500 ± 0
  Range      : [500, 500]

SNR achieved:
  Mean ± std : 4.0384 ± 0.0000
  Range      : [4.0384, 4.0384]

Total time: 4013.9 s (66.9 min)
======================================================================

💾 Saved: data/2026-05-01/optimistic_run_64/consistent_population_optimistic_targetSNR4.25_sims1.json
💾 Saved compressed pickle: data/2026-05-01/optimistic_run_64/consistent_population_optimistic_targetSNR4.25_sims1.pkl.gz

======================================================================
CONTINUOUS WAVE SNR ANALYSIS
======================================================================

--- Population 1 ---
Precomputation of phiinvs, TNTs, Ts, Nvecs, Sigmas took 0.03 seconds.
Total SNR computation for population took 141.02 seconds.
Top 50 CGW candidates:
   1. proxy_rank=   8  sky_w=1.53  f=1.03e-08 Hz  Mc=3.68e+10 Msun  h0=1.05e-14  SNR=17.602
   2. proxy_rank=   1  sky_w=0.88  f=2.02e-09 Hz  Mc=7.07e+10 Msun  h0=1.58e-14  SNR=5.255
   3. proxy_rank=   9  sky_w=0.93  f=4.86e-09 Hz  Mc=4.05e+10 Msun  h0=7.77e-15  SNR=3.392
   4. proxy_rank=  27  sky_w=0.57  f=7.37e-09 Hz  Mc=2.67e+10 Msun  h0=4.70e-15  SNR=3.226
   5. proxy_rank=   6  sky_w=1.38  f=4.41e-09 Hz  Mc=3.97e+10 Msun  h0=6.89e-15  SNR=3.116
   6. proxy_rank=   5  sky_w=0.71  f=2.61e-09 Hz  Mc=6.07e+10 Msun  h0=9.34e-15  SNR=2.936
   7. proxy_rank=   2  sky_w=1.36  f=2.12e-09 Hz  Mc=5.79e+10 Msun  h0=8.09e-15  SNR=2.933
   8. proxy_rank=  15  sky_w=0.69  f=3.27e-09 Hz  Mc=3.29e+10 Msun  h0=4.49e-15  SNR=2.557
   9. proxy_rank=  17  sky_w=1.55  f=3.77e-09 Hz  Mc=1.80e+10 Msun  h0=2.18e-15  SNR=2.347
  10. proxy_rank=   4  sky_w=1.48  f=2.38e-09 Hz  Mc=4.06e+10 Msun  h0=4.46e-15  SNR=2.224
  11. proxy_rank=  18  sky_w=1.23  f=3.44e-09 Hz  Mc=2.37e+10 Msun  h0=2.38e-15  SNR=1.917
  12. proxy_rank=  12  sky_w=0.67  f=4.09e-09 Hz  Mc=2.90e+10 Msun  h0=6.45e-15  SNR=1.869
  13. proxy_rank=  16  sky_w=1.21  f=3.17e-09 Hz  Mc=2.52e+10 Msun  h0=2.48e-15  SNR=1.808
  14. proxy_rank=  11  sky_w=1.31  f=2.89e-09 Hz  Mc=2.83e+10 Msun  h0=2.81e-15  SNR=1.698
  15. proxy_rank=   3  sky_w=0.71  f=2.05e-09 Hz  Mc=7.81e+10 Msun  h0=1.20e-14  SNR=1.630
  16. proxy_rank=  23  sky_w=1.50  f=3.65e-09 Hz  Mc=1.59e+10 Msun  h0=1.25e-15  SNR=1.313
  17. proxy_rank=  33  sky_w=0.55  f=5.07e-09 Hz  Mc=1.41e+10 Msun  h0=2.34e-15  SNR=1.253
  18. proxy_rank=  20  sky_w=1.08  f=2.93e-09 Hz  Mc=1.55e+10 Msun  h0=1.63e-15  SNR=1.007
  19. proxy_rank=  14  sky_w=1.33  f=2.38e-09 Hz  Mc=8.82e+09 Msun  h0=1.74e-15  SNR=0.983
  20. proxy_rank=  25  sky_w=1.03  f=3.59e-09 Hz  Mc=1.74e+10 Msun  h0=1.50e-15  SNR=0.979
  21. proxy_rank=  19  sky_w=0.97  f=3.96e-09 Hz  Mc=1.93e+10 Msun  h0=2.81e-15  SNR=0.828
  22. proxy_rank=   7  sky_w=0.76  f=2.35e-09 Hz  Mc=4.30e+10 Msun  h0=5.11e-15  SNR=0.696
  23. proxy_rank=  13  sky_w=0.66  f=2.08e-09 Hz  Mc=3.46e+10 Msun  h0=3.13e-15  SNR=0.684
  24. proxy_rank=  34  sky_w=0.64  f=3.68e-09 Hz  Mc=1.69e+10 Msun  h0=1.44e-15  SNR=0.553
  25. proxy_rank=  10  sky_w=0.63  f=2.08e-09 Hz  Mc=4.19e+10 Msun  h0=4.81e-15  SNR=0.539
  26. proxy_rank=  21  sky_w=1.18  f=3.11e-09 Hz  Mc=1.74e+10 Msun  h0=1.48e-15  SNR=0.538
  27. proxy_rank=  28  sky_w=0.58  f=2.98e-09 Hz  Mc=2.01e+10 Msun  h0=1.85e-15  SNR=0.491
  28. proxy_rank=  66  sky_w=1.57  f=1.18e-08 Hz  Mc=4.21e+09 Msun  h0=3.48e-16  SNR=0.454
  29. proxy_rank=  24  sky_w=1.35  f=2.31e-09 Hz  Mc=1.36e+10 Msun  h0=8.11e-16  SNR=0.451
  30. proxy_rank=  39  sky_w=1.20  f=3.39e-09 Hz  Mc=8.17e+09 Msun  h0=5.40e-16  SNR=0.441
  31. proxy_rank=  41  sky_w=0.56  f=4.33e-09 Hz  Mc=1.43e+10 Msun  h0=1.45e-15  SNR=0.433
  32. proxy_rank=  50  sky_w=0.94  f=3.67e-09 Hz  Mc=8.68e+09 Msun  h0=4.89e-16  SNR=0.407
  33. proxy_rank=  62  sky_w=0.77  f=9.92e-09 Hz  Mc=6.26e+09 Msun  h0=7.27e-16  SNR=0.375
  34. proxy_rank=  26  sky_w=1.10  f=2.25e-09 Hz  Mc=1.41e+10 Msun  h0=7.40e-16  SNR=0.362
  35. proxy_rank=  52  sky_w=0.96  f=4.68e-09 Hz  Mc=7.33e+09 Msun  h0=5.56e-16  SNR=0.347
  36. proxy_rank=  37  sky_w=1.58  f=2.93e-09 Hz  Mc=8.43e+09 Msun  h0=3.92e-16  SNR=0.347
  37. proxy_rank=  44  sky_w=1.04  f=3.05e-09 Hz  Mc=8.64e+09 Msun  h0=4.94e-16  SNR=0.328
  38. proxy_rank=  22  sky_w=1.35  f=2.55e-09 Hz  Mc=1.48e+10 Msun  h0=1.01e-15  SNR=0.317
  39. proxy_rank=  60  sky_w=0.75  f=7.73e-09 Hz  Mc=7.51e+09 Msun  h0=6.32e-16  SNR=0.312
  40. proxy_rank=  30  sky_w=0.69  f=2.52e-09 Hz  Mc=1.65e+10 Msun  h0=1.06e-15  SNR=0.264
  41. proxy_rank=  35  sky_w=0.53  f=3.59e-09 Hz  Mc=1.73e+10 Msun  h0=1.57e-15  SNR=0.237
  42. proxy_rank=  46  sky_w=1.50  f=3.27e-09 Hz  Mc=7.59e+09 Msun  h0=3.36e-16  SNR=0.204
  43. proxy_rank=  49  sky_w=1.05  f=2.90e-09 Hz  Mc=5.32e+09 Msun  h0=3.49e-16  SNR=0.203
  44. proxy_rank=  31  sky_w=1.48  f=1.99e-09 Hz  Mc=8.43e+09 Msun  h0=3.72e-16  SNR=0.197
  45. proxy_rank=  32  sky_w=0.68  f=2.32e-09 Hz  Mc=1.56e+10 Msun  h0=9.42e-16  SNR=0.165
  46. proxy_rank=  42  sky_w=1.47  f=2.53e-09 Hz  Mc=8.04e+09 Msun  h0=3.23e-16  SNR=0.165
  47. proxy_rank=  55  sky_w=1.46  f=3.13e-09 Hz  Mc=5.48e+09 Msun  h0=1.90e-16  SNR=0.162
  48. proxy_rank=  48  sky_w=1.41  f=3.64e-09 Hz  Mc=7.26e+09 Msun  h0=3.43e-16  SNR=0.160
  49. proxy_rank=  64  sky_w=1.23  f=3.81e-09 Hz  Mc=4.31e+09 Msun  h0=1.72e-16  SNR=0.160
  50. proxy_rank=  45  sky_w=1.35  f=2.15e-09 Hz  Mc=7.29e+09 Msun  h0=2.56e-16  SNR=0.149
💾 Saved: data/2026-05-01/optimistic_run_64/consistent_population_optimistic_targetSNR4.25_sims1.json
💾 Saved compressed pickle: data/2026-05-01/optimistic_run_64/consistent_population_optimistic_targetSNR4.25_sims1.pkl.gz
Saved to figures/cgw_analysis_optimistic.pdf

==========================================
Job finished at: Fri May  1 18:34:51 AEST 2026
Exit code: 0
==========================================

+------------------ Job Report: 11783335 (COMPLETED) ------------------+
| Memory (RAM)  [#################   ] 85.7% (29.1 GB peak / 34 GB)    |
| CPU           [################    ] 82.4% average                   |
| Time          [------------->      ] 65.3% (0-01:11:52 / 0-01:50:00) |
|                                                                      |
| Lustre Filesystem:                                                   |
|   Path    Total Read    Total Write    Total IOPS                    |
|   ------  ------------  -------------  ------------                  |
|   /apps   0 B           0 B            403                           |
|   /fred   412 KB        353.4 KB       59                            |
|   /home   404.4 MB      0 B            4.1 K                         |
|   OS      0 B           0 B            3                             |
|                                                                      |
| Warnings:                                                            |
|   - Too much time requested                                          |
+----------------------------------------------------------------------+
