==========================================
Job ID: 11780327
Job Name: smbhb_realistic
Node: gina13
Start Time: Fri May  1 16:42:24 AEST 2026
==========================================

/home/bhoulden/.conda/envs/smbhb312/share/tempo2
Working directory: /fred/oz005/users/bhoulden/SMBHB_population_injections

Loaded modules:

Starting SMBHB analysis...
==========================================

📁 Save directory: data/2026-05-01/realistic_run_32
📝 Run name: realistic_run_32

[MEM] Start: 243.4 MB

📡 Loading pulsars...
======================================================================
LOADING NANOGRAV PULSARS (libstempo)
======================================================================

📦 Loading from cache: nanograv_pulsars_cache.pkl
⚠ Cache load failed: Ran out of input
[DEBUG] Found 76 .par files
[tempo2Util.C:396] Warning: [MISC1] Unknown parameter in par file:  DMDATA
[tempo2Util.C:401] Warning: [DUP1] duplicated warnings have been suppressed.

WARNING: Using tempo RNAMP parameter: setting TNRedC to 100!
[observatory.C:271] Warning: Assuming site 'arecibo' means 'ao'
✓ Loaded B1855+09 (7758 TOAs)

WARNING: Using tempo RNAMP parameter: setting TNRedC to 100!
✓ Loaded B1937+21 (23023 TOAs)

WARNING: Using tempo RNAMP parameter: setting TNRedC to 100!
✓ Loaded B1937+21ao (7241 TOAs)

WARNING: Using tempo RNAMP parameter: setting TNRedC to 100!
✓ Loaded B1937+21gbt (16048 TOAs)

WARNING: Using tempo RNAMP parameter: setting TNRedC to 100!
✓ Loaded B1953+29 (5126 TOAs)
✓ Loaded J0023+0923 (15896 TOAs)

WARNING: Using tempo RNAMP parameter: setting TNRedC to 100!
✓ Loaded J0030+0451 (19571 TOAs)
✓ Loaded J0340+4130 (11093 TOAs)
✓ Loaded J0406+3039 (2446 TOAs)

WARNING: Using tempo RNAMP parameter: setting TNRedC to 100!
✓ Loaded J0437-4715 (5830 TOAs)
✓ Loaded J0509+0856 (2169 TOAs)
✓ Loaded J0557+1551 (525 TOAs)
✓ Loaded J0605+3757 (554 TOAs)

WARNING: Using tempo RNAMP parameter: setting TNRedC to 100!
✓ Loaded J0610-2100 (4885 TOAs)

WARNING: Using tempo RNAMP parameter: setting TNRedC to 100!
✓ Loaded J0613-0200 (17124 TOAs)
✓ Loaded J0614-3329 (1714 TOAs)
✓ Loaded J0636+5128 (32222 TOAs)
✓ Loaded J0645+5158 (10403 TOAs)
✓ Loaded J0709+0458 (3030 TOAs)
✓ Loaded J0740+6620 (13401 TOAs)
✓ Loaded J0931-1902 (5473 TOAs)

WARNING: Using tempo RNAMP parameter: setting TNRedC to 100!
✓ Loaded J1012+5307 (25837 TOAs)
✓ Loaded J1012-4235 (797 TOAs)
✓ Loaded J1022+1001 (3978 TOAs)
✓ Loaded J1024-0719 (12635 TOAs)
✓ Loaded J1125+7819 (8723 TOAs)
✓ Loaded J1312+0051 (1705 TOAs)
✓ Loaded J1453+1902 (2551 TOAs)
✓ Loaded J1455-3330 (10818 TOAs)

WARNING: Using tempo RNAMP parameter: setting TNRedC to 100!
✓ Loaded J1600-3053 (22955 TOAs)

WARNING: Using tempo RNAMP parameter: setting TNRedC to 100!
✓ Loaded J1600-3053gbt (19725 TOAs)

WARNING: Using tempo RNAMP parameter: setting TNRedC to 100!
✓ Loaded J1614-2230 (18445 TOAs)
✓ Loaded J1630+3734 (1815 TOAs)
✓ Loaded J1640+2224 (14066 TOAs)

WARNING: Using tempo RNAMP parameter: setting TNRedC to 100!
✓ Loaded J1643-1224 (22144 TOAs)

WARNING: Using tempo RNAMP parameter: setting TNRedC to 100!
✓ Loaded J1643-1224gbt (17932 TOAs)

WARNING: Using tempo RNAMP parameter: setting TNRedC to 100!
✓ Loaded J1705-1903 (9871 TOAs)

WARNING: Using tempo RNAMP parameter: setting TNRedC to 100!
✓ Loaded J1713+0747 (59389 TOAs)

WARNING: Using tempo RNAMP parameter: setting TNRedC to 100!
✓ Loaded J1713+0747ao (21362 TOAs)

WARNING: Using tempo RNAMP parameter: setting TNRedC to 100!
✓ Loaded J1713+0747gbt (32963 TOAs)
✓ Loaded J1719-1438 (6356 TOAs)
✓ Loaded J1730-2304 (4870 TOAs)
✓ Loaded J1738+0333 (8790 TOAs)
✓ Loaded J1741+1351 (5582 TOAs)

WARNING: Using tempo RNAMP parameter: setting TNRedC to 100!
✓ Loaded J1744-1134 (17745 TOAs)

WARNING: Using tempo RNAMP parameter: setting TNRedC to 100!
✓ Loaded J1745+1017 (3017 TOAs)

WARNING: Using tempo RNAMP parameter: setting TNRedC to 100!
✓ Loaded J1747-4036 (11055 TOAs)
✓ Loaded J1751-2857 (2025 TOAs)

WARNING: Using tempo RNAMP parameter: setting TNRedC to 100!
✓ Loaded J1802-2124 (6796 TOAs)
✓ Loaded J1811-2405 (5266 TOAs)
✓ Loaded J1832-0836 (7739 TOAs)
✓ Loaded J1843-1113 (4595 TOAs)

WARNING: Using tempo RNAMP parameter: setting TNRedC to 100!
✓ Loaded J1853+1303 (4570 TOAs)

WARNING: Using tempo RNAMP parameter: setting TNRedC to 100!
✓ Loaded J1903+0327 (6856 TOAs)

WARNING: Using tempo RNAMP parameter: setting TNRedC to 100!
✓ Loaded J1903+0327ao (6423 TOAs)

WARNING: Using tempo RNAMP parameter: setting TNRedC to 100!
✓ Loaded J1909-3744 (35037 TOAs)

WARNING: Using tempo RNAMP parameter: setting TNRedC to 100!
✓ Loaded J1909-3744gbt (31526 TOAs)
✓ Loaded J1910+1256 (6486 TOAs)
✓ Loaded J1911+1347 (3786 TOAs)
✓ Loaded J1918-0642 (18875 TOAs)
✓ Loaded J1923+2515 (3974 TOAs)
✓ Loaded J1944+0907 (5328 TOAs)

WARNING: Using tempo RNAMP parameter: setting TNRedC to 100!
✓ Loaded J1946+3417 (4743 TOAs)
✓ Loaded J2010-1323 (17077 TOAs)
✓ Loaded J2017+0603 (3512 TOAs)
✓ Loaded J2033+1734 (3847 TOAs)
✓ Loaded J2043+1711 (7397 TOAs)
✓ Loaded J2124-3358 (4982 TOAs)

WARNING: Using tempo RNAMP parameter: setting TNRedC to 100!
✓ Loaded J2145-0750 (18675 TOAs)
✓ Loaded J2214+3000 (7406 TOAs)
✓ Loaded J2229+2643 (3711 TOAs)

WARNING: Using tempo RNAMP parameter: setting TNRedC to 100!
✓ Loaded J2234+0611 (3566 TOAs)
✓ Loaded J2234+0944 (7535 TOAs)
✓ Loaded J2302+4442 (10211 TOAs)
✓ Loaded J2317+1439 (13927 TOAs)
✓ Loaded J2322+2057 (3088 TOAs)
⚠ Could not save cache: no default __reduce__ due to non-trivial __cinit__

✓ Loaded 76 pulsars
✗ Failed: 0 — []
[MEM] After loading pulsars: 8769.9 MB

🔍 Filtering pulsars...

Filtered: 76 → 67 pulsars
[MEM] After filtering pulsars: 8770.9 MB
[MEM] After garbage collection: 8771.0 MB

======================================================================
SMBHB POPULATION ANALYSIS
======================================================================

Configuration: realistic
  Medium mass, medium spread in distance, medium population
  N_binaries: 20000

======================================================================
CONSISTENT POPULATION SYNTHESIS
======================================================================

======================================================================
GENERATING SNR-CONSISTENT POPULATIONS
======================================================================
Target SNR:          4.0
Simulations:         1
======================================================================


──────────────────────────────────────────────────────────────────────
SIMULATION 1/1
──────────────────────────────────────────────────────────────────────
  [B1855+09] zeroing residuals...
  [B1855+09] adding red noise...
  [B1855+09] white noise for L-wide_ASP (1178 TOAs)...
  [B1855+09] white noise for 430_PUPPI (1185 TOAs)...
  [B1855+09] white noise for 430_ASP (390 TOAs)...
  [B1855+09] white noise for L-wide_PUPPI (5005 TOAs)...
  [B1937+21] zeroing residuals...
  [B1937+21] adding red noise...
  [B1937+21] white noise for L-wide_PUPPI (4133 TOAs)...
  [B1937+21] white noise for S-wide_PUPPI (2251 TOAs)...
  [B1937+21] white noise for Rcvr_800_GASP (586 TOAs)...
  [B1937+21] white noise for L-wide_ASP (452 TOAs)...
  [B1937+21] white noise for Rcvr1_2_GASP (1069 TOAs)...
  [B1937+21] white noise for S-wide_ASP (344 TOAs)...
  [B1937+21] white noise for Rcvr_800_GUPPI (7140 TOAs)...
  [B1937+21] white noise for Rcvr1_2_GUPPI (7048 TOAs)...
  [B1953+29] zeroing residuals...
  [B1953+29] adding red noise...
  [B1953+29] white noise for L-wide_PUPPI (4037 TOAs)...
  [B1953+29] white noise for L-wide_ASP (94 TOAs)...
  [B1953+29] white noise for 430_ASP (29 TOAs)...
  [B1953+29] white noise for S-wide_ASP (25 TOAs)...
  [B1953+29] white noise for 430_PUPPI (941 TOAs)...
  [J0023+0923] zeroing residuals...
  [J0023+0923] adding red noise...
  [J0023+0923] white noise for L-wide_ASP (119 TOAs)...
  [J0023+0923] white noise for 430_PUPPI (4564 TOAs)...
  [J0023+0923] white noise for 430_ASP (90 TOAs)...
  [J0023+0923] white noise for L-wide_PUPPI (11123 TOAs)...
  [J0030+0451] zeroing residuals...
  [J0030+0451] adding red noise...
  [J0030+0451] white noise for L-wide_PUPPI (12774 TOAs)...
  [J0030+0451] white noise for L-wide_ASP (789 TOAs)...
  [J0030+0451] white noise for 430_ASP (267 TOAs)...
  [J0030+0451] white noise for S-wide_PUPPI (2673 TOAs)...
  [J0030+0451] white noise for 430_PUPPI (3068 TOAs)...
  [J0340+4130] zeroing residuals...
  [J0340+4130] adding red noise...
  [J0340+4130] white noise for Rcvr_800_GUPPI (6056 TOAs)...
  [J0340+4130] white noise for Rcvr1_2_GUPPI (5037 TOAs)...
  [J0406+3039] zeroing residuals...
  [J0406+3039] adding red noise...
  [J0406+3039] white noise for L-wide_PUPPI (1871 TOAs)...
  [J0406+3039] white noise for S-wide_PUPPI (575 TOAs)...
  [J0437-4715] zeroing residuals...
  [J0437-4715] adding red noise...
  [J0437-4715] white noise for 1.5GHz_YUPPI (2134 TOAs)...
  [J0437-4715] white noise for 3GHz_YUPPI (3696 TOAs)...
  [J0509+0856] zeroing residuals...
  [J0509+0856] adding red noise...
  [J0509+0856] white noise for L-wide_PUPPI (1625 TOAs)...
  [J0509+0856] white noise for S-wide_PUPPI (544 TOAs)...
  [J0557+1551] zeroing residuals...
  [J0557+1551] adding red noise...
  [J0557+1551] white noise for L-wide_PUPPI (467 TOAs)...
  [J0557+1551] white noise for S-wide_PUPPI (58 TOAs)...
  [J0605+3757] zeroing residuals...
  [J0605+3757] adding red noise...
  [J0605+3757] white noise for Rcvr_800_GUPPI (236 TOAs)...
  [J0605+3757] white noise for Rcvr1_2_GUPPI (318 TOAs)...
  [J0610-2100] zeroing residuals...
  [J0610-2100] adding red noise...
  [J0610-2100] white noise for Rcvr_800_GUPPI (2484 TOAs)...
  [J0610-2100] white noise for Rcvr1_2_GUPPI (2401 TOAs)...
  [J0613-0200] zeroing residuals...
  [J0613-0200] adding red noise...
  [J0613-0200] white noise for Rcvr_800_GUPPI (7900 TOAs)...
  [J0613-0200] white noise for Rcvr1_2_GASP (992 TOAs)...
  [J0613-0200] white noise for Rcvr_800_GASP (809 TOAs)...
  [J0613-0200] white noise for Rcvr1_2_GUPPI (7423 TOAs)...
  [J0636+5128] zeroing residuals...
  [J0636+5128] adding red noise...
  [J0636+5128] white noise for Rcvr_800_GUPPI (17419 TOAs)...
  [J0636+5128] white noise for Rcvr1_2_GUPPI (14803 TOAs)...
  [J0645+5158] zeroing residuals...
  [J0645+5158] adding red noise...
  [J0645+5158] white noise for Rcvr_800_GUPPI (4682 TOAs)...
  [J0645+5158] white noise for Rcvr1_2_GUPPI (5721 TOAs)...
  [J0709+0458] zeroing residuals...
  [J0709+0458] adding red noise...
  [J0709+0458] white noise for L-wide_PUPPI (2435 TOAs)...
  [J0709+0458] white noise for S-wide_PUPPI (595 TOAs)...
  [J0740+6620] zeroing residuals...
  [J0740+6620] adding red noise...
  [J0740+6620] white noise for Rcvr_800_GUPPI (5136 TOAs)...
  [J0740+6620] white noise for Rcvr1_2_GUPPI (8265 TOAs)...
  [J0931-1902] zeroing residuals...
  [J0931-1902] adding red noise...
  [J0931-1902] white noise for Rcvr_800_GUPPI (3419 TOAs)...
  [J0931-1902] white noise for Rcvr1_2_GUPPI (2054 TOAs)...
  [J1012+5307] zeroing residuals...
  [J1012+5307] adding red noise...
  [J1012+5307] white noise for Rcvr_800_GUPPI (10299 TOAs)...
  [J1012+5307] white noise for Rcvr1_2_GASP (1479 TOAs)...
  [J1012+5307] white noise for Rcvr_800_GASP (1210 TOAs)...
  [J1012+5307] white noise for Rcvr1_2_GUPPI (12849 TOAs)...
  [J1012-4235] zeroing residuals...
  [J1012-4235] adding red noise...
  [J1012-4235] white noise for Rcvr_800_GUPPI (342 TOAs)...
  [J1012-4235] white noise for Rcvr1_2_GUPPI (455 TOAs)...
  [J1022+1001] zeroing residuals...
  [J1022+1001] adding red noise...
  [J1022+1001] white noise for L-wide_PUPPI (2592 TOAs)...
  [J1022+1001] white noise for 430_PUPPI (232 TOAs)...
  [J1022+1001] white noise for S-wide_PUPPI (1154 TOAs)...
  [J1024-0719] zeroing residuals...
  [J1024-0719] adding red noise...
  [J1024-0719] white noise for Rcvr_800_GUPPI (5455 TOAs)...
  [J1024-0719] white noise for Rcvr1_2_GASP (43 TOAs)...
  [J1024-0719] white noise for Rcvr_800_GASP (51 TOAs)...
  [J1024-0719] white noise for Rcvr1_2_GUPPI (7086 TOAs)...
  [J1125+7819] zeroing residuals...
  [J1125+7819] adding red noise...
  [J1125+7819] white noise for Rcvr_800_GUPPI (4707 TOAs)...
  [J1125+7819] white noise for Rcvr1_2_GUPPI (4016 TOAs)...
  [J1312+0051] zeroing residuals...
  [J1312+0051] adding red noise...
  [J1312+0051] white noise for L-wide_PUPPI (1289 TOAs)...
  [J1312+0051] white noise for S-wide_PUPPI (416 TOAs)...
  [J1453+1902] zeroing residuals...
  [J1453+1902] adding red noise...
  [J1453+1902] white noise for L-wide_PUPPI (2122 TOAs)...
  [J1453+1902] white noise for 430_PUPPI (425 TOAs)...
  [J1453+1902] white noise for S-wide_PUPPI (4 TOAs)...
  [J1455-3330] zeroing residuals...
  [J1455-3330] adding red noise...
  [J1455-3330] white noise for Rcvr_800_GUPPI (4843 TOAs)...
  [J1455-3330] white noise for Rcvr1_2_GASP (564 TOAs)...
  [J1455-3330] white noise for Rcvr_800_GASP (479 TOAs)...
  [J1455-3330] white noise for Rcvr1_2_GUPPI (4932 TOAs)...
  [J1600-3053] zeroing residuals...
  [J1600-3053] adding red noise...
  [J1600-3053] white noise for 3GHz_YUPPI (3237 TOAs)...
  [J1600-3053] white noise for Rcvr_800_GASP (297 TOAs)...
  [J1600-3053] white noise for Rcvr1_2_GASP (457 TOAs)...
  [J1600-3053] white noise for Rcvr_800_GUPPI (8796 TOAs)...
  [J1600-3053] white noise for Rcvr1_2_GUPPI (10168 TOAs)...
  [J1614-2230] zeroing residuals...
  [J1614-2230] adding red noise...
  [J1614-2230] white noise for Rcvr_800_GUPPI (7768 TOAs)...
  [J1614-2230] white noise for Rcvr1_2_GASP (84 TOAs)...
  [J1614-2230] white noise for Rcvr_800_GASP (84 TOAs)...
  [J1614-2230] white noise for Rcvr1_2_GUPPI (10509 TOAs)...
  [J1630+3734] zeroing residuals...
  [J1630+3734] adding red noise...
  [J1630+3734] white noise for Rcvr_800_GUPPI (906 TOAs)...
  [J1630+3734] white noise for Rcvr1_2_GUPPI (909 TOAs)...
  [J1640+2224] zeroing residuals...
  [J1640+2224] adding red noise...
  [J1640+2224] white noise for L-wide_ASP (722 TOAs)...
  [J1640+2224] white noise for 430_PUPPI (3157 TOAs)...
  [J1640+2224] white noise for 430_ASP (340 TOAs)...
  [J1640+2224] white noise for L-wide_PUPPI (9847 TOAs)...
  [J1643-1224] zeroing residuals...
  [J1643-1224] adding red noise...
  [J1643-1224] white noise for 3GHz_YUPPI (4215 TOAs)...
  [J1643-1224] white noise for Rcvr_800_GASP (559 TOAs)...
  [J1643-1224] white noise for Rcvr1_2_GASP (833 TOAs)...
  [J1643-1224] white noise for Rcvr_800_GUPPI (7734 TOAs)...
  [J1643-1224] white noise for Rcvr1_2_GUPPI (8803 TOAs)...
  [J1705-1903] zeroing residuals...
  [J1705-1903] adding red noise...
  [J1705-1903] white noise for Rcvr_800_GUPPI (3521 TOAs)...
  [J1705-1903] white noise for Rcvr1_2_GUPPI (6350 TOAs)...
  [J1713+0747] zeroing residuals...
  [J1713+0747] adding red noise...
  [J1713+0747] white noise for L-wide_PUPPI (12743 TOAs)...
  [J1713+0747] white noise for 3GHz_YUPPI (3282 TOAs)...
  [J1713+0747] white noise for S-wide_PUPPI (7482 TOAs)...
  [J1713+0747] white noise for Rcvr_800_GASP (1032 TOAs)...
  [J1713+0747] white noise for 1.5GHz_YUPPI (1461 TOAs)...
  [J1713+0747] white noise for L-wide_ASP (843 TOAs)...
  [J1713+0747] white noise for Rcvr1_2_GASP (1109 TOAs)...
  [J1713+0747] white noise for S-wide_ASP (624 TOAs)...
  [J1713+0747] white noise for Rcvr_800_GUPPI (8479 TOAs)...
  [J1713+0747] white noise for Rcvr1_2_GUPPI (22334 TOAs)...
  [J1719-1438] zeroing residuals...
  [J1719-1438] adding red noise...
  [J1719-1438] white noise for Rcvr_800_GUPPI (3634 TOAs)...
  [J1719-1438] white noise for Rcvr1_2_GUPPI (2722 TOAs)...
  [J1730-2304] zeroing residuals...
  [J1730-2304] adding red noise...
  [J1730-2304] white noise for Rcvr_800_GUPPI (2503 TOAs)...
  [J1730-2304] white noise for Rcvr1_2_GUPPI (2367 TOAs)...
  [J1738+0333] zeroing residuals...
  [J1738+0333] adding red noise...
  [J1738+0333] white noise for L-wide_ASP (201 TOAs)...
  [J1738+0333] white noise for S-wide_ASP (134 TOAs)...
  [J1738+0333] white noise for L-wide_PUPPI (6718 TOAs)...
  [J1738+0333] white noise for S-wide_PUPPI (1737 TOAs)...
  [J1741+1351] zeroing residuals...
  [J1741+1351] adding red noise...
  [J1741+1351] white noise for L-wide_PUPPI (4045 TOAs)...
  [J1741+1351] white noise for L-wide_ASP (236 TOAs)...
  [J1741+1351] white noise for 430_ASP (27 TOAs)...
  [J1741+1351] white noise for S-wide_ASP (115 TOAs)...
  [J1741+1351] white noise for 430_PUPPI (1159 TOAs)...
  [J1744-1134] zeroing residuals...
  [J1744-1134] adding red noise...
  [J1744-1134] white noise for Rcvr_800_GUPPI (7899 TOAs)...
  [J1744-1134] white noise for Rcvr1_2_GASP (807 TOAs)...
  [J1744-1134] white noise for Rcvr_800_GASP (930 TOAs)...
  [J1744-1134] white noise for Rcvr1_2_GUPPI (8109 TOAs)...
  [J1745+1017] zeroing residuals...
  [J1745+1017] adding red noise...
  [J1745+1017] white noise for L-wide_PUPPI (2179 TOAs)...
  [J1745+1017] white noise for S-wide_PUPPI (838 TOAs)...
  [J1747-4036] zeroing residuals...
  [J1747-4036] adding red noise...
  [J1747-4036] white noise for Rcvr_800_GUPPI (5816 TOAs)...
  [J1747-4036] white noise for Rcvr1_2_GUPPI (5239 TOAs)...
  [J1751-2857] zeroing residuals...
  [J1751-2857] adding red noise...
  [J1751-2857] white noise for Rcvr_800_GUPPI (239 TOAs)...
  [J1751-2857] white noise for Rcvr1_2_GUPPI (1786 TOAs)...
  [J1802-2124] zeroing residuals...
  [J1802-2124] adding red noise...
  [J1802-2124] white noise for Rcvr_800_GUPPI (3565 TOAs)...
  [J1802-2124] white noise for Rcvr1_2_GUPPI (3231 TOAs)...
  [J1811-2405] zeroing residuals...
  [J1811-2405] adding red noise...
  [J1811-2405] white noise for Rcvr_800_GUPPI (2628 TOAs)...
  [J1811-2405] white noise for Rcvr1_2_GUPPI (2638 TOAs)...
  [J1832-0836] zeroing residuals...
  [J1832-0836] adding red noise...
  [J1832-0836] white noise for Rcvr_800_GUPPI (3078 TOAs)...
  [J1832-0836] white noise for Rcvr1_2_GUPPI (4661 TOAs)...
  [J1843-1113] zeroing residuals...
  [J1843-1113] adding red noise...
  [J1843-1113] white noise for Rcvr_800_GUPPI (2201 TOAs)...
  [J1843-1113] white noise for Rcvr1_2_GUPPI (2394 TOAs)...
  [J1853+1303] zeroing residuals...
  [J1853+1303] adding red noise...
  [J1853+1303] white noise for L-wide_ASP (33 TOAs)...
  [J1853+1303] white noise for 430_PUPPI (1151 TOAs)...
  [J1853+1303] white noise for 430_ASP (24 TOAs)...
  [J1853+1303] white noise for L-wide_PUPPI (3362 TOAs)...
  [J1903+0327] zeroing residuals...
  [J1903+0327] adding red noise...
  [J1903+0327] white noise for 3GHz_YUPPI (439 TOAs)...
  [J1903+0327] white noise for L-wide_PUPPI (3845 TOAs)...
  [J1903+0327] white noise for L-wide_ASP (139 TOAs)...
  [J1903+0327] white noise for S-wide_ASP (151 TOAs)...
  [J1903+0327] white noise for S-wide_PUPPI (2282 TOAs)...
  [J1909-3744] zeroing residuals...
  [J1909-3744] adding red noise...
  [J1909-3744] white noise for 3GHz_YUPPI (3525 TOAs)...
  [J1909-3744] white noise for Rcvr_800_GASP (866 TOAs)...
  [J1909-3744] white noise for Rcvr1_2_GASP (808 TOAs)...
  [J1909-3744] white noise for Rcvr_800_GUPPI (9399 TOAs)...
  [J1909-3744] white noise for Rcvr1_2_GUPPI (20439 TOAs)...
  [J1910+1256] zeroing residuals...
  [J1910+1256] adding red noise...
  [J1910+1256] white noise for L-wide_ASP (297 TOAs)...
  [J1910+1256] white noise for S-wide_ASP (208 TOAs)...
  [J1910+1256] white noise for L-wide_PUPPI (4124 TOAs)...
  [J1910+1256] white noise for S-wide_PUPPI (1857 TOAs)...
  [J1911+1347] zeroing residuals...
  [J1911+1347] adding red noise...
  [J1911+1347] white noise for L-wide_PUPPI (3033 TOAs)...
  [J1911+1347] white noise for 430_PUPPI (753 TOAs)...
  [J1918-0642] zeroing residuals...
  [J1918-0642] adding red noise...
  [J1918-0642] white noise for Rcvr_800_GUPPI (8352 TOAs)...
  [J1918-0642] white noise for Rcvr1_2_GASP (778 TOAs)...
  [J1918-0642] white noise for Rcvr_800_GASP (835 TOAs)...
  [J1918-0642] white noise for Rcvr1_2_GUPPI (8910 TOAs)...
  [J1923+2515] zeroing residuals...
  [J1923+2515] adding red noise...
  [J1923+2515] white noise for L-wide_ASP (14 TOAs)...
  [J1923+2515] white noise for 430_PUPPI (922 TOAs)...
  [J1923+2515] white noise for 430_ASP (10 TOAs)...
  [J1923+2515] white noise for L-wide_PUPPI (3028 TOAs)...
  [J1944+0907] zeroing residuals...
  [J1944+0907] adding red noise...
  [J1944+0907] white noise for L-wide_PUPPI (3900 TOAs)...
  [J1944+0907] white noise for L-wide_ASP (257 TOAs)...
  [J1944+0907] white noise for 430_ASP (38 TOAs)...
  [J1944+0907] white noise for S-wide_ASP (116 TOAs)...
  [J1944+0907] white noise for 430_PUPPI (1017 TOAs)...
  [J1946+3417] zeroing residuals...
  [J1946+3417] adding red noise...
  [J1946+3417] white noise for L-wide_PUPPI (3197 TOAs)...
  [J1946+3417] white noise for S-wide_PUPPI (1546 TOAs)...
  [J2010-1323] zeroing residuals...
  [J2010-1323] adding red noise...
  [J2010-1323] white noise for Rcvr_800_GUPPI (9158 TOAs)...
  [J2010-1323] white noise for Rcvr1_2_GASP (70 TOAs)...
  [J2010-1323] white noise for Rcvr_800_GASP (70 TOAs)...
  [J2010-1323] white noise for Rcvr1_2_GUPPI (7779 TOAs)...
  [J2017+0603] zeroing residuals...
  [J2017+0603] adding red noise...
  [J2017+0603] white noise for L-wide_ASP (16 TOAs)...
  [J2017+0603] white noise for 430_PUPPI (78 TOAs)...
  [J2017+0603] white noise for L-wide_PUPPI (2569 TOAs)...
  [J2017+0603] white noise for S-wide_PUPPI (849 TOAs)...
  [J2033+1734] zeroing residuals...
  [J2033+1734] adding red noise...
  [J2033+1734] white noise for L-wide_PUPPI (3050 TOAs)...
  [J2033+1734] white noise for 430_PUPPI (797 TOAs)...
  [J2043+1711] zeroing residuals...
  [J2043+1711] adding red noise...
  [J2043+1711] white noise for L-wide_ASP (40 TOAs)...
  [J2043+1711] white noise for 430_PUPPI (2908 TOAs)...
  [J2043+1711] white noise for 430_ASP (30 TOAs)...
  [J2043+1711] white noise for L-wide_PUPPI (4419 TOAs)...
  [J2124-3358] zeroing residuals...
  [J2124-3358] adding red noise...
  [J2124-3358] white noise for Rcvr_800_GUPPI (2025 TOAs)...
  [J2124-3358] white noise for Rcvr1_2_GUPPI (2957 TOAs)...
  [J2145-0750] zeroing residuals...
  [J2145-0750] adding red noise...
  [J2145-0750] white noise for Rcvr_800_GUPPI (8728 TOAs)...
  [J2145-0750] white noise for Rcvr1_2_GASP (427 TOAs)...
  [J2145-0750] white noise for Rcvr_800_GASP (362 TOAs)...
  [J2145-0750] white noise for Rcvr1_2_GUPPI (9158 TOAs)...
  [J2214+3000] zeroing residuals...
  [J2214+3000] adding red noise...
  [J2214+3000] white noise for L-wide_ASP (9 TOAs)...
  [J2214+3000] white noise for L-wide_PUPPI (5829 TOAs)...
  [J2214+3000] white noise for S-wide_PUPPI (1568 TOAs)...
  [J2229+2643] zeroing residuals...
  [J2229+2643] adding red noise...
  [J2229+2643] white noise for L-wide_PUPPI (2755 TOAs)...
  [J2229+2643] white noise for 430_PUPPI (956 TOAs)...
  [J2234+0611] zeroing residuals...
  [J2234+0611] adding red noise...
  [J2234+0611] white noise for L-wide_PUPPI (2913 TOAs)...
  [J2234+0611] white noise for 430_PUPPI (653 TOAs)...
  [J2234+0944] zeroing residuals...
  [J2234+0944] adding red noise...
  [J2234+0944] white noise for L-wide_PUPPI (5003 TOAs)...
  [J2234+0944] white noise for S-wide_PUPPI (2532 TOAs)...
  [J2302+4442] zeroing residuals...
  [J2302+4442] adding red noise...
  [J2302+4442] white noise for Rcvr_800_GUPPI (6432 TOAs)...
  [J2302+4442] white noise for Rcvr1_2_GUPPI (3779 TOAs)...
  [J2317+1439] zeroing residuals...
  [J2317+1439] adding red noise...
  [J2317+1439] white noise for L-wide_PUPPI (9563 TOAs)...
  [J2317+1439] white noise for 327_PUPPI (276 TOAs)...
  [J2317+1439] white noise for 327_ASP (413 TOAs)...
  [J2317+1439] white noise for 430_ASP (458 TOAs)...
  [J2317+1439] white noise for 430_PUPPI (3217 TOAs)...
  [J2322+2057] zeroing residuals...
  [J2322+2057] adding red noise...
  [J2322+2057] white noise for L-wide_PUPPI (2196 TOAs)...
  [J2322+2057] white noise for 430_PUPPI (752 TOAs)...
  [J2322+2057] white noise for S-wide_PUPPI (140 TOAs)...
Resetting pulsars to clean stoas...
Restore: 0.00 s
Inject: 0.00 s
Snapshotting into enterprise Pulsar objects...
Building PTA...
PTA build: 424.99 s
Computing optimal statistic...
OS time: 63.05 s
Total: 488.04 s
Noise-only SNR baseline: -0.9127

Generating SNR-consistent population...
Target SNR: 4.0
Resetting pulsars to clean stoas...
Restore: 0.01 s
Injecting population...
  B1855+09: RMS = 2094.630 ns
  B1937+21: RMS = 1295.678 ns
  B1953+29: RMS = 447.902 ns
  J0023+0923: RMS = 1790.780 ns
  J0030+0451: RMS = 1144.836 ns
  J0340+4130: RMS = 3672.402 ns
  J0406+3039: RMS = 909.570 ns
  J0437-4715: RMS = 713.265 ns
  J0509+0856: RMS = 1378.524 ns
  J0557+1551: RMS = 4217.514 ns
  J0605+3757: RMS = 1368.780 ns
  J0610-2100: RMS = 420.329 ns
  J0613-0200: RMS = 3822.324 ns
  J0636+5128: RMS = 559.097 ns
  J0645+5158: RMS = 572.260 ns
  J0709+0458: RMS = 1156.824 ns
  J0740+6620: RMS = 892.885 ns
  J0931-1902: RMS = 1298.315 ns
  J1012+5307: RMS = 3872.614 ns
  J1012-4235: RMS = 478.727 ns
  J1022+1001: RMS = 2990.017 ns
  J1024-0719: RMS = 1882.144 ns
  J1125+7819: RMS = 704.383 ns
  J1312+0051: RMS = 188.894 ns
  J1453+1902: RMS = 452.623 ns
  J1455-3330: RMS = 2827.077 ns
  J1600-3053: RMS = 2623.462 ns
  J1614-2230: RMS = 3333.840 ns
  J1630+3734: RMS = 682.805 ns
  J1640+2224: RMS = 2425.906 ns
  J1643-1224: RMS = 3046.564 ns
  J1705-1903: RMS = 1565.471 ns
  J1713+0747: RMS = 3533.250 ns
  J1719-1438: RMS = 1042.701 ns
  J1730-2304: RMS = 764.411 ns
  J1738+0333: RMS = 2971.192 ns
  J1741+1351: RMS = 3631.684 ns
  J1744-1134: RMS = 2177.042 ns
  J1745+1017: RMS = 2942.477 ns
  J1747-4036: RMS = 1252.613 ns
  J1751-2857: RMS = 425.670 ns
  J1802-2124: RMS = 378.945 ns
  J1811-2405: RMS = 667.329 ns
  J1832-0836: RMS = 1337.723 ns
  J1843-1113: RMS = 1128.969 ns
  J1853+1303: RMS = 1687.304 ns
  J1903+0327: RMS = 1863.923 ns
  J1909-3744: RMS = 1817.902 ns
  J1910+1256: RMS = 1871.327 ns
  J1911+1347: RMS = 1139.831 ns
  J1918-0642: RMS = 2601.481 ns
  J1923+2515: RMS = 1060.189 ns
  J1944+0907: RMS = 689.338 ns
  J1946+3417: RMS = 322.976 ns
  J2010-1323: RMS = 1611.051 ns
  J2017+0603: RMS = 1249.427 ns
  J2033+1734: RMS = 1036.641 ns
  J2043+1711: RMS = 1425.676 ns
  J2124-3358: RMS = 235.767 ns
  J2145-0750: RMS = 1189.179 ns
  J2214+3000: RMS = 2858.582 ns
  J2229+2643: RMS = 2440.018 ns
  J2234+0611: RMS = 3242.647 ns
  J2234+0944: RMS = 2092.489 ns
  J2302+4442: RMS = 1607.645 ns
  J2317+1439: RMS = 1689.174 ns
  J2322+2057: RMS = 2635.556 ns
Inject: 0.89 s
Snapshotting into enterprise Pulsar objects...
Building PTA...
PTA build: 418.66 s
Computing optimal statistic...
OS time: 56.67 s
Total: 476.23 s
Initial SNR: 17.3596, Target SNR: 4.0000
  Initial SNR 17.3596 outside of provided SNR_range [3.5, 4.25] — rescaling.
Scaling distances by factor 1.9286 to achieve target SNR...
Resetting pulsars to clean stoas...
Restore: 2.64 s
Injecting population...
  B1855+09: RMS = 1086.103 ns
  B1937+21: RMS = 671.832 ns
  B1953+29: RMS = 232.245 ns
  J0023+0923: RMS = 928.551 ns
  J0030+0451: RMS = 593.618 ns
  J0340+4130: RMS = 1904.206 ns
  J0406+3039: RMS = 471.628 ns
  J0437-4715: RMS = 369.841 ns
  J0509+0856: RMS = 714.789 ns
  J0557+1551: RMS = 2186.857 ns
  J0605+3757: RMS = 709.737 ns
  J0610-2100: RMS = 217.948 ns
  J0613-0200: RMS = 1981.943 ns
  J0636+5128: RMS = 289.902 ns
  J0645+5158: RMS = 296.727 ns
  J0709+0458: RMS = 599.834 ns
  J0740+6620: RMS = 462.977 ns
  J0931-1902: RMS = 673.199 ns
  J1012+5307: RMS = 2008.020 ns
  J1012-4235: RMS = 248.228 ns
  J1022+1001: RMS = 1550.378 ns
  J1024-0719: RMS = 975.926 ns
  J1125+7819: RMS = 365.235 ns
  J1312+0051: RMS = 97.945 ns
  J1453+1902: RMS = 234.693 ns
  J1455-3330: RMS = 1465.890 ns
  J1600-3053: RMS = 1360.312 ns
  J1614-2230: RMS = 1728.656 ns
  J1630+3734: RMS = 354.047 ns
  J1640+2224: RMS = 1257.876 ns
  J1643-1224: RMS = 1579.698 ns
  J1705-1903: RMS = 811.725 ns
  J1713+0747: RMS = 1832.054 ns
  J1719-1438: RMS = 540.659 ns
  J1730-2304: RMS = 396.361 ns
  J1738+0333: RMS = 1540.616 ns
  J1741+1351: RMS = 1883.093 ns
  J1744-1134: RMS = 1128.835 ns
  J1745+1017: RMS = 1525.727 ns
  J1747-4036: RMS = 649.503 ns
  J1751-2857: RMS = 220.717 ns
  J1802-2124: RMS = 196.490 ns
  J1811-2405: RMS = 346.022 ns
  J1832-0836: RMS = 693.633 ns
  J1843-1113: RMS = 585.391 ns
  J1853+1303: RMS = 874.897 ns
  J1903+0327: RMS = 966.477 ns
  J1909-3744: RMS = 942.615 ns
  J1910+1256: RMS = 970.317 ns
  J1911+1347: RMS = 591.023 ns
  J1918-0642: RMS = 1348.914 ns
  J1923+2515: RMS = 549.727 ns
  J1944+0907: RMS = 357.434 ns
  J1946+3417: RMS = 167.469 ns
  J2010-1323: RMS = 835.359 ns
  J2017+0603: RMS = 647.850 ns
  J2033+1734: RMS = 537.517 ns
  J2043+1711: RMS = 739.238 ns
  J2124-3358: RMS = 122.249 ns
  J2145-0750: RMS = 616.611 ns
  J2214+3000: RMS = 1482.226 ns
  J2229+2643: RMS = 1265.193 ns
  J2234+0611: RMS = 1681.371 ns
  J2234+0944: RMS = 1084.993 ns
  J2302+4442: RMS = 833.593 ns
  J2317+1439: RMS = 875.867 ns
  J2322+2057: RMS = 1366.583 ns
Inject: 0.90 s
Snapshotting into enterprise Pulsar objects...
Building PTA...
PTA build: 430.86 s
Computing optimal statistic...
OS time: 102.57 s
Total: 536.97 s
  SNR 2.6789 outside of provided SNR_range [3.5, 4.25] — rescaling.
[Iteration 1/100] SNR after scaling: 2.6789 (target: 4.0000)
  SNR history: it0→17.3596@1.0000x, it1→2.6789@1.9286x
  Re-scaling distances by factor 0.7201  (cumulative after: 1.3887×)
Resetting pulsars to clean stoas...
Restore: 0.08 s
Injecting population...
  B1855+09: RMS = 1508.305 ns
  B1937+21: RMS = 932.994 ns
  B1953+29: RMS = 322.526 ns
  J0023+0923: RMS = 1289.508 ns
  J0030+0451: RMS = 824.375 ns
  J0340+4130: RMS = 2644.430 ns
  J0406+3039: RMS = 654.965 ns
  J0437-4715: RMS = 513.609 ns
  J0509+0856: RMS = 992.650 ns
  J0557+1551: RMS = 3036.956 ns
  J0605+3757: RMS = 985.634 ns
  J0610-2100: RMS = 302.671 ns
  J0613-0200: RMS = 2752.386 ns
  J0636+5128: RMS = 402.596 ns
  J0645+5158: RMS = 412.074 ns
  J0709+0458: RMS = 833.008 ns
  J0740+6620: RMS = 642.950 ns
  J0931-1902: RMS = 934.893 ns
  J1012+5307: RMS = 2788.599 ns
  J1012-4235: RMS = 344.723 ns
  J1022+1001: RMS = 2153.057 ns
  J1024-0719: RMS = 1355.298 ns
  J1125+7819: RMS = 507.213 ns
  J1312+0051: RMS = 136.019 ns
  J1453+1902: RMS = 325.926 ns
  J1455-3330: RMS = 2035.727 ns
  J1600-3053: RMS = 1889.107 ns
  J1614-2230: RMS = 2400.638 ns
  J1630+3734: RMS = 491.675 ns
  J1640+2224: RMS = 1746.851 ns
  J1643-1224: RMS = 2193.775 ns
  J1705-1903: RMS = 1127.267 ns
  J1713+0747: RMS = 2544.230 ns
  J1719-1438: RMS = 750.830 ns
  J1730-2304: RMS = 550.439 ns
  J1738+0333: RMS = 2139.502 ns
  J1741+1351: RMS = 2615.110 ns
  J1744-1134: RMS = 1567.649 ns
  J1745+1017: RMS = 2118.825 ns
  J1747-4036: RMS = 901.984 ns
  J1751-2857: RMS = 306.517 ns
  J1802-2124: RMS = 272.871 ns
  J1811-2405: RMS = 480.531 ns
  J1832-0836: RMS = 963.270 ns
  J1843-1113: RMS = 812.950 ns
  J1853+1303: RMS = 1214.997 ns
  J1903+0327: RMS = 1342.177 ns
  J1909-3744: RMS = 1309.038 ns
  J1910+1256: RMS = 1347.509 ns
  J1911+1347: RMS = 820.772 ns
  J1918-0642: RMS = 1873.279 ns
  J1923+2515: RMS = 763.423 ns
  J1944+0907: RMS = 496.380 ns
  J1946+3417: RMS = 232.569 ns
  J2010-1323: RMS = 1160.089 ns
  J2017+0603: RMS = 899.690 ns
  J2033+1734: RMS = 746.466 ns
  J2043+1711: RMS = 1026.603 ns
  J2124-3358: RMS = 169.772 ns
  J2145-0750: RMS = 856.306 ns
  J2214+3000: RMS = 2058.413 ns
  J2229+2643: RMS = 1757.012 ns
  J2234+0611: RMS = 2334.971 ns
  J2234+0944: RMS = 1506.763 ns
  J2302+4442: RMS = 1157.636 ns
  J2317+1439: RMS = 1216.343 ns
  J2322+2057: RMS = 1897.816 ns
Inject: 0.92 s
Snapshotting into enterprise Pulsar objects...
Building PTA...
PTA build: 443.01 s
Computing optimal statistic...
OS time: 47.93 s
Total: 491.94 s
  SNR 7.4956 outside of provided SNR_range [3.5, 4.25] — rescaling.
[Iteration 2/100] SNR after scaling: 7.4956 (target: 4.0000)
  SNR history: it0→17.3596@1.0000x, it1→2.6789@1.9286x, it2→7.4956@1.3887x
  Re-scaling distances by factor 1.1784  (cumulative after: 1.6365×)
Resetting pulsars to clean stoas...
Restore: 0.02 s
Injecting population...
  B1855+09: RMS = 1279.912 ns
  B1937+21: RMS = 791.717 ns
  B1953+29: RMS = 273.688 ns
  J0023+0923: RMS = 1094.246 ns
  J0030+0451: RMS = 699.546 ns
  J0340+4130: RMS = 2244.001 ns
  J0406+3039: RMS = 555.788 ns
  J0437-4715: RMS = 435.837 ns
  J0509+0856: RMS = 842.340 ns
  J0557+1551: RMS = 2577.089 ns
  J0605+3757: RMS = 836.385 ns
  J0610-2100: RMS = 256.840 ns
  J0613-0200: RMS = 2335.610 ns
  J0636+5128: RMS = 341.633 ns
  J0645+5158: RMS = 349.676 ns
  J0709+0458: RMS = 706.871 ns
  J0740+6620: RMS = 545.593 ns
  J0931-1902: RMS = 793.328 ns
  J1012+5307: RMS = 2366.339 ns
  J1012-4235: RMS = 292.523 ns
  J1022+1001: RMS = 1827.034 ns
  J1024-0719: RMS = 1150.074 ns
  J1125+7819: RMS = 430.409 ns
  J1312+0051: RMS = 115.423 ns
  J1453+1902: RMS = 276.573 ns
  J1455-3330: RMS = 1727.470 ns
  J1600-3053: RMS = 1603.052 ns
  J1614-2230: RMS = 2037.125 ns
  J1630+3734: RMS = 417.224 ns
  J1640+2224: RMS = 1482.336 ns
  J1643-1224: RMS = 1861.586 ns
  J1705-1903: RMS = 956.572 ns
  J1713+0747: RMS = 2158.973 ns
  J1719-1438: RMS = 637.137 ns
  J1730-2304: RMS = 467.089 ns
  J1738+0333: RMS = 1815.531 ns
  J1741+1351: RMS = 2219.121 ns
  J1744-1134: RMS = 1330.270 ns
  J1745+1017: RMS = 1797.985 ns
  J1747-4036: RMS = 765.403 ns
  J1751-2857: RMS = 260.103 ns
  J1802-2124: RMS = 231.552 ns
  J1811-2405: RMS = 407.767 ns
  J1832-0836: RMS = 817.408 ns
  J1843-1113: RMS = 689.851 ns
  J1853+1303: RMS = 1031.018 ns
  J1903+0327: RMS = 1138.940 ns
  J1909-3744: RMS = 1110.819 ns
  J1910+1256: RMS = 1143.464 ns
  J1911+1347: RMS = 696.487 ns
  J1918-0642: RMS = 1589.621 ns
  J1923+2515: RMS = 647.823 ns
  J1944+0907: RMS = 421.216 ns
  J1946+3417: RMS = 197.353 ns
  J2010-1323: RMS = 984.424 ns
  J2017+0603: RMS = 763.455 ns
  J2033+1734: RMS = 633.434 ns
  J2043+1711: RMS = 871.151 ns
  J2124-3358: RMS = 144.064 ns
  J2145-0750: RMS = 726.641 ns
  J2214+3000: RMS = 1746.721 ns
  J2229+2643: RMS = 1490.959 ns
  J2234+0611: RMS = 1981.401 ns
  J2234+0944: RMS = 1278.604 ns
  J2302+4442: RMS = 982.342 ns
  J2317+1439: RMS = 1032.160 ns
  J2322+2057: RMS = 1610.442 ns
Inject: 0.96 s
Snapshotting into enterprise Pulsar objects...

+------------------ Job Report: 11780327 (CANCELLED) ------------------+
| Memory (RAM)  [################### ] 98.1% (31.4 GB peak / 32 GB)    |
| CPU           [###############     ] 76.7% average                   |
| Time          [------>             ] 34.8% (0-00:38:16 / 0-01:50:00) |
|                                                                      |
| Lustre Filesystem:                                                   |
|   Path    Total Read    Total Write    Total IOPS                    |
|   ------  ------------  -------------  ------------                  |
|   /apps   0 B           0 B            119                           |
|   /fred   63 MB         70.9 KB        156                           |
|   /home   670.9 MB      0 B            3.7 K                         |
|   OS      0 B           0 B            2                             |
|                                                                      |
| Warnings:                                                            |
|   - Too much time requested                                          |
+----------------------------------------------------------------------+
