==========================================
Job ID: 11783192
Job Name: smbhb_realistic
Node: gina6
Start Time: Fri May  1 17:22:29 AEST 2026
==========================================

/home/bhoulden/.conda/envs/smbhb312/share/tempo2
Working directory: /fred/oz005/users/bhoulden/SMBHB_population_injections

Loaded modules:

Starting SMBHB analysis...
==========================================

📁 Save directory: data/2026-05-01/realistic_run_4
📝 Run name: realistic_run_4

[MEM] Start: 243.7 MB

📡 Loading pulsars...
======================================================================
LOADING NANOGRAV PULSARS (libstempo)
======================================================================

📦 Loading from cache: nanograv_pulsars_cache.pkl
⚠ Cache load failed: Ran out of input
[DEBUG] Found 76 .par files
[tempo2Util.C:396] Warning: [MISC1] Unknown parameter in par file:  DMDATA
[tempo2Util.C:401] Warning: [DUP1] duplicated warnings have been suppressed.

WARNING: Using tempo RNAMP parameter: setting TNRedC to 100!
[observatory.C:271] Warning: Assuming site 'arecibo' means 'ao'
✓ Loaded B1855+09 (7758 TOAs)

WARNING: Using tempo RNAMP parameter: setting TNRedC to 100!
✓ Loaded B1937+21 (23023 TOAs)

WARNING: Using tempo RNAMP parameter: setting TNRedC to 100!
✓ Loaded B1937+21ao (7241 TOAs)

WARNING: Using tempo RNAMP parameter: setting TNRedC to 100!
✓ Loaded B1937+21gbt (16048 TOAs)

WARNING: Using tempo RNAMP parameter: setting TNRedC to 100!
✓ Loaded B1953+29 (5126 TOAs)
✓ Loaded J0023+0923 (15896 TOAs)

WARNING: Using tempo RNAMP parameter: setting TNRedC to 100!
✓ Loaded J0030+0451 (19571 TOAs)
✓ Loaded J0340+4130 (11093 TOAs)
✓ Loaded J0406+3039 (2446 TOAs)

WARNING: Using tempo RNAMP parameter: setting TNRedC to 100!
✓ Loaded J0437-4715 (5830 TOAs)
✓ Loaded J0509+0856 (2169 TOAs)
✓ Loaded J0557+1551 (525 TOAs)
✓ Loaded J0605+3757 (554 TOAs)

WARNING: Using tempo RNAMP parameter: setting TNRedC to 100!
✓ Loaded J0610-2100 (4885 TOAs)

WARNING: Using tempo RNAMP parameter: setting TNRedC to 100!
✓ Loaded J0613-0200 (17124 TOAs)
✓ Loaded J0614-3329 (1714 TOAs)
✓ Loaded J0636+5128 (32222 TOAs)
✓ Loaded J0645+5158 (10403 TOAs)
✓ Loaded J0709+0458 (3030 TOAs)
✓ Loaded J0740+6620 (13401 TOAs)
✓ Loaded J0931-1902 (5473 TOAs)

WARNING: Using tempo RNAMP parameter: setting TNRedC to 100!
✓ Loaded J1012+5307 (25837 TOAs)
✓ Loaded J1012-4235 (797 TOAs)
✓ Loaded J1022+1001 (3978 TOAs)
✓ Loaded J1024-0719 (12635 TOAs)
✓ Loaded J1125+7819 (8723 TOAs)
✓ Loaded J1312+0051 (1705 TOAs)
✓ Loaded J1453+1902 (2551 TOAs)
✓ Loaded J1455-3330 (10818 TOAs)

WARNING: Using tempo RNAMP parameter: setting TNRedC to 100!
✓ Loaded J1600-3053 (22955 TOAs)

WARNING: Using tempo RNAMP parameter: setting TNRedC to 100!
✓ Loaded J1600-3053gbt (19725 TOAs)

WARNING: Using tempo RNAMP parameter: setting TNRedC to 100!
✓ Loaded J1614-2230 (18445 TOAs)
✓ Loaded J1630+3734 (1815 TOAs)
✓ Loaded J1640+2224 (14066 TOAs)

WARNING: Using tempo RNAMP parameter: setting TNRedC to 100!
✓ Loaded J1643-1224 (22144 TOAs)

WARNING: Using tempo RNAMP parameter: setting TNRedC to 100!
✓ Loaded J1643-1224gbt (17932 TOAs)

WARNING: Using tempo RNAMP parameter: setting TNRedC to 100!
✓ Loaded J1705-1903 (9871 TOAs)

WARNING: Using tempo RNAMP parameter: setting TNRedC to 100!
✓ Loaded J1713+0747 (59389 TOAs)

WARNING: Using tempo RNAMP parameter: setting TNRedC to 100!
✓ Loaded J1713+0747ao (21362 TOAs)

WARNING: Using tempo RNAMP parameter: setting TNRedC to 100!
✓ Loaded J1713+0747gbt (32963 TOAs)
✓ Loaded J1719-1438 (6356 TOAs)
✓ Loaded J1730-2304 (4870 TOAs)
✓ Loaded J1738+0333 (8790 TOAs)
✓ Loaded J1741+1351 (5582 TOAs)

WARNING: Using tempo RNAMP parameter: setting TNRedC to 100!
✓ Loaded J1744-1134 (17745 TOAs)

WARNING: Using tempo RNAMP parameter: setting TNRedC to 100!
✓ Loaded J1745+1017 (3017 TOAs)

WARNING: Using tempo RNAMP parameter: setting TNRedC to 100!
✓ Loaded J1747-4036 (11055 TOAs)
✓ Loaded J1751-2857 (2025 TOAs)

WARNING: Using tempo RNAMP parameter: setting TNRedC to 100!
✓ Loaded J1802-2124 (6796 TOAs)
✓ Loaded J1811-2405 (5266 TOAs)
✓ Loaded J1832-0836 (7739 TOAs)
✓ Loaded J1843-1113 (4595 TOAs)

WARNING: Using tempo RNAMP parameter: setting TNRedC to 100!
✓ Loaded J1853+1303 (4570 TOAs)

WARNING: Using tempo RNAMP parameter: setting TNRedC to 100!
✓ Loaded J1903+0327 (6856 TOAs)

WARNING: Using tempo RNAMP parameter: setting TNRedC to 100!
✓ Loaded J1903+0327ao (6423 TOAs)

WARNING: Using tempo RNAMP parameter: setting TNRedC to 100!
✓ Loaded J1909-3744 (35037 TOAs)

WARNING: Using tempo RNAMP parameter: setting TNRedC to 100!
✓ Loaded J1909-3744gbt (31526 TOAs)
✓ Loaded J1910+1256 (6486 TOAs)
✓ Loaded J1911+1347 (3786 TOAs)
✓ Loaded J1918-0642 (18875 TOAs)
✓ Loaded J1923+2515 (3974 TOAs)
✓ Loaded J1944+0907 (5328 TOAs)

WARNING: Using tempo RNAMP parameter: setting TNRedC to 100!
✓ Loaded J1946+3417 (4743 TOAs)
✓ Loaded J2010-1323 (17077 TOAs)
✓ Loaded J2017+0603 (3512 TOAs)
✓ Loaded J2033+1734 (3847 TOAs)
✓ Loaded J2043+1711 (7397 TOAs)
✓ Loaded J2124-3358 (4982 TOAs)

WARNING: Using tempo RNAMP parameter: setting TNRedC to 100!
✓ Loaded J2145-0750 (18675 TOAs)
✓ Loaded J2214+3000 (7406 TOAs)
✓ Loaded J2229+2643 (3711 TOAs)

WARNING: Using tempo RNAMP parameter: setting TNRedC to 100!
✓ Loaded J2234+0611 (3566 TOAs)
✓ Loaded J2234+0944 (7535 TOAs)
✓ Loaded J2302+4442 (10211 TOAs)
✓ Loaded J2317+1439 (13927 TOAs)
✓ Loaded J2322+2057 (3088 TOAs)
⚠ Could not save cache: no default __reduce__ due to non-trivial __cinit__

✓ Loaded 76 pulsars
✗ Failed: 0 — []
[MEM] After loading pulsars: 8814.6 MB

🔍 Filtering pulsars...

Filtered: 76 → 67 pulsars
[MEM] After filtering pulsars: 8815.7 MB
[MEM] After garbage collection: 8815.8 MB

======================================================================
SMBHB POPULATION ANALYSIS
======================================================================

Configuration: realistic
  Medium mass, medium spread in distance, medium population
  N_binaries: 20000

======================================================================
CONSISTENT POPULATION SYNTHESIS
======================================================================

======================================================================
GENERATING SNR-CONSISTENT POPULATIONS
======================================================================
Target SNR:          4.0
Simulations:         1
======================================================================


──────────────────────────────────────────────────────────────────────
SIMULATION 1/1
──────────────────────────────────────────────────────────────────────
  [B1855+09] zeroing residuals...
  [B1855+09] adding red noise...
  [B1855+09] white noise for L-wide_ASP (1178 TOAs)...
  [B1855+09] white noise for 430_PUPPI (1185 TOAs)...
  [B1855+09] white noise for 430_ASP (390 TOAs)...
  [B1855+09] white noise for L-wide_PUPPI (5005 TOAs)...
  [B1937+21] zeroing residuals...
  [B1937+21] adding red noise...
  [B1937+21] white noise for Rcvr_800_GASP (586 TOAs)...
  [B1937+21] white noise for L-wide_ASP (452 TOAs)...
  [B1937+21] white noise for Rcvr_800_GUPPI (7140 TOAs)...
  [B1937+21] white noise for Rcvr1_2_GASP (1069 TOAs)...
  [B1937+21] white noise for S-wide_ASP (344 TOAs)...
  [B1937+21] white noise for Rcvr1_2_GUPPI (7048 TOAs)...
  [B1937+21] white noise for S-wide_PUPPI (2251 TOAs)...
  [B1937+21] white noise for L-wide_PUPPI (4133 TOAs)...
  [B1953+29] zeroing residuals...
  [B1953+29] adding red noise...
  [B1953+29] white noise for 430_PUPPI (941 TOAs)...
  [B1953+29] white noise for L-wide_ASP (94 TOAs)...
  [B1953+29] white noise for S-wide_ASP (25 TOAs)...
  [B1953+29] white noise for 430_ASP (29 TOAs)...
  [B1953+29] white noise for L-wide_PUPPI (4037 TOAs)...
  [J0023+0923] zeroing residuals...
  [J0023+0923] adding red noise...
  [J0023+0923] white noise for L-wide_ASP (119 TOAs)...
  [J0023+0923] white noise for 430_PUPPI (4564 TOAs)...
  [J0023+0923] white noise for 430_ASP (90 TOAs)...
  [J0023+0923] white noise for L-wide_PUPPI (11123 TOAs)...
  [J0030+0451] zeroing residuals...
  [J0030+0451] adding red noise...
  [J0030+0451] white noise for 430_PUPPI (3068 TOAs)...
  [J0030+0451] white noise for L-wide_ASP (789 TOAs)...
  [J0030+0451] white noise for S-wide_PUPPI (2673 TOAs)...
  [J0030+0451] white noise for 430_ASP (267 TOAs)...
  [J0030+0451] white noise for L-wide_PUPPI (12774 TOAs)...
  [J0340+4130] zeroing residuals...
  [J0340+4130] adding red noise...
  [J0340+4130] white noise for Rcvr1_2_GUPPI (5037 TOAs)...
  [J0340+4130] white noise for Rcvr_800_GUPPI (6056 TOAs)...
  [J0406+3039] zeroing residuals...
  [J0406+3039] adding red noise...
  [J0406+3039] white noise for S-wide_PUPPI (575 TOAs)...
  [J0406+3039] white noise for L-wide_PUPPI (1871 TOAs)...
  [J0437-4715] zeroing residuals...
  [J0437-4715] adding red noise...
  [J0437-4715] white noise for 3GHz_YUPPI (3696 TOAs)...
  [J0437-4715] white noise for 1.5GHz_YUPPI (2134 TOAs)...
  [J0509+0856] zeroing residuals...
  [J0509+0856] adding red noise...
  [J0509+0856] white noise for S-wide_PUPPI (544 TOAs)...
  [J0509+0856] white noise for L-wide_PUPPI (1625 TOAs)...
  [J0557+1551] zeroing residuals...
  [J0557+1551] adding red noise...
  [J0557+1551] white noise for S-wide_PUPPI (58 TOAs)...
  [J0557+1551] white noise for L-wide_PUPPI (467 TOAs)...
  [J0605+3757] zeroing residuals...
  [J0605+3757] adding red noise...
  [J0605+3757] white noise for Rcvr1_2_GUPPI (318 TOAs)...
  [J0605+3757] white noise for Rcvr_800_GUPPI (236 TOAs)...
  [J0610-2100] zeroing residuals...
  [J0610-2100] adding red noise...
  [J0610-2100] white noise for Rcvr1_2_GUPPI (2401 TOAs)...
  [J0610-2100] white noise for Rcvr_800_GUPPI (2484 TOAs)...
  [J0613-0200] zeroing residuals...
  [J0613-0200] adding red noise...
  [J0613-0200] white noise for Rcvr1_2_GUPPI (7423 TOAs)...
  [J0613-0200] white noise for Rcvr_800_GASP (809 TOAs)...
  [J0613-0200] white noise for Rcvr1_2_GASP (992 TOAs)...
  [J0613-0200] white noise for Rcvr_800_GUPPI (7900 TOAs)...
  [J0636+5128] zeroing residuals...
  [J0636+5128] adding red noise...
  [J0636+5128] white noise for Rcvr1_2_GUPPI (14803 TOAs)...
  [J0636+5128] white noise for Rcvr_800_GUPPI (17419 TOAs)...
  [J0645+5158] zeroing residuals...
  [J0645+5158] adding red noise...
  [J0645+5158] white noise for Rcvr1_2_GUPPI (5721 TOAs)...
  [J0645+5158] white noise for Rcvr_800_GUPPI (4682 TOAs)...
  [J0709+0458] zeroing residuals...
  [J0709+0458] adding red noise...
  [J0709+0458] white noise for S-wide_PUPPI (595 TOAs)...
  [J0709+0458] white noise for L-wide_PUPPI (2435 TOAs)...
  [J0740+6620] zeroing residuals...
  [J0740+6620] adding red noise...
  [J0740+6620] white noise for Rcvr1_2_GUPPI (8265 TOAs)...
  [J0740+6620] white noise for Rcvr_800_GUPPI (5136 TOAs)...
  [J0931-1902] zeroing residuals...
  [J0931-1902] adding red noise...
  [J0931-1902] white noise for Rcvr1_2_GUPPI (2054 TOAs)...
  [J0931-1902] white noise for Rcvr_800_GUPPI (3419 TOAs)...
  [J1012+5307] zeroing residuals...
  [J1012+5307] adding red noise...
  [J1012+5307] white noise for Rcvr1_2_GUPPI (12849 TOAs)...
  [J1012+5307] white noise for Rcvr_800_GASP (1210 TOAs)...
  [J1012+5307] white noise for Rcvr1_2_GASP (1479 TOAs)...
  [J1012+5307] white noise for Rcvr_800_GUPPI (10299 TOAs)...
  [J1012-4235] zeroing residuals...
  [J1012-4235] adding red noise...
  [J1012-4235] white noise for Rcvr1_2_GUPPI (455 TOAs)...
  [J1012-4235] white noise for Rcvr_800_GUPPI (342 TOAs)...
  [J1022+1001] zeroing residuals...
  [J1022+1001] adding red noise...
  [J1022+1001] white noise for 430_PUPPI (232 TOAs)...
  [J1022+1001] white noise for S-wide_PUPPI (1154 TOAs)...
  [J1022+1001] white noise for L-wide_PUPPI (2592 TOAs)...
  [J1024-0719] zeroing residuals...
  [J1024-0719] adding red noise...
  [J1024-0719] white noise for Rcvr1_2_GUPPI (7086 TOAs)...
  [J1024-0719] white noise for Rcvr_800_GASP (51 TOAs)...
  [J1024-0719] white noise for Rcvr1_2_GASP (43 TOAs)...
  [J1024-0719] white noise for Rcvr_800_GUPPI (5455 TOAs)...
  [J1125+7819] zeroing residuals...
  [J1125+7819] adding red noise...
  [J1125+7819] white noise for Rcvr1_2_GUPPI (4016 TOAs)...
  [J1125+7819] white noise for Rcvr_800_GUPPI (4707 TOAs)...
  [J1312+0051] zeroing residuals...
  [J1312+0051] adding red noise...
  [J1312+0051] white noise for S-wide_PUPPI (416 TOAs)...
  [J1312+0051] white noise for L-wide_PUPPI (1289 TOAs)...
  [J1453+1902] zeroing residuals...
  [J1453+1902] adding red noise...
  [J1453+1902] white noise for 430_PUPPI (425 TOAs)...
  [J1453+1902] white noise for S-wide_PUPPI (4 TOAs)...
  [J1453+1902] white noise for L-wide_PUPPI (2122 TOAs)...
  [J1455-3330] zeroing residuals...
  [J1455-3330] adding red noise...
  [J1455-3330] white noise for Rcvr1_2_GUPPI (4932 TOAs)...
  [J1455-3330] white noise for Rcvr_800_GASP (479 TOAs)...
  [J1455-3330] white noise for Rcvr1_2_GASP (564 TOAs)...
  [J1455-3330] white noise for Rcvr_800_GUPPI (4843 TOAs)...
  [J1600-3053] zeroing residuals...
  [J1600-3053] adding red noise...
  [J1600-3053] white noise for Rcvr_800_GASP (297 TOAs)...
  [J1600-3053] white noise for Rcvr_800_GUPPI (8796 TOAs)...
  [J1600-3053] white noise for Rcvr1_2_GASP (457 TOAs)...
  [J1600-3053] white noise for 3GHz_YUPPI (3237 TOAs)...
  [J1600-3053] white noise for Rcvr1_2_GUPPI (10168 TOAs)...
  [J1614-2230] zeroing residuals...
  [J1614-2230] adding red noise...
  [J1614-2230] white noise for Rcvr1_2_GUPPI (10509 TOAs)...
  [J1614-2230] white noise for Rcvr_800_GASP (84 TOAs)...
  [J1614-2230] white noise for Rcvr1_2_GASP (84 TOAs)...
  [J1614-2230] white noise for Rcvr_800_GUPPI (7768 TOAs)...
  [J1630+3734] zeroing residuals...
  [J1630+3734] adding red noise...
  [J1630+3734] white noise for Rcvr1_2_GUPPI (909 TOAs)...
  [J1630+3734] white noise for Rcvr_800_GUPPI (906 TOAs)...
  [J1640+2224] zeroing residuals...
  [J1640+2224] adding red noise...
  [J1640+2224] white noise for L-wide_ASP (722 TOAs)...
  [J1640+2224] white noise for 430_PUPPI (3157 TOAs)...
  [J1640+2224] white noise for 430_ASP (340 TOAs)...
  [J1640+2224] white noise for L-wide_PUPPI (9847 TOAs)...
  [J1643-1224] zeroing residuals...
  [J1643-1224] adding red noise...
  [J1643-1224] white noise for Rcvr_800_GASP (559 TOAs)...
  [J1643-1224] white noise for Rcvr_800_GUPPI (7734 TOAs)...
  [J1643-1224] white noise for Rcvr1_2_GASP (833 TOAs)...
  [J1643-1224] white noise for 3GHz_YUPPI (4215 TOAs)...
  [J1643-1224] white noise for Rcvr1_2_GUPPI (8803 TOAs)...
  [J1705-1903] zeroing residuals...
  [J1705-1903] adding red noise...
  [J1705-1903] white noise for Rcvr1_2_GUPPI (6350 TOAs)...
  [J1705-1903] white noise for Rcvr_800_GUPPI (3521 TOAs)...
  [J1713+0747] zeroing residuals...
  [J1713+0747] adding red noise...
  [J1713+0747] white noise for Rcvr_800_GASP (1032 TOAs)...
  [J1713+0747] white noise for L-wide_ASP (843 TOAs)...
  [J1713+0747] white noise for Rcvr_800_GUPPI (8479 TOAs)...
  [J1713+0747] white noise for Rcvr1_2_GASP (1109 TOAs)...
  [J1713+0747] white noise for S-wide_ASP (624 TOAs)...
  [J1713+0747] white noise for 1.5GHz_YUPPI (1461 TOAs)...
  [J1713+0747] white noise for 3GHz_YUPPI (3282 TOAs)...
  [J1713+0747] white noise for Rcvr1_2_GUPPI (22334 TOAs)...
  [J1713+0747] white noise for S-wide_PUPPI (7482 TOAs)...
  [J1713+0747] white noise for L-wide_PUPPI (12743 TOAs)...
  [J1719-1438] zeroing residuals...
  [J1719-1438] adding red noise...
  [J1719-1438] white noise for Rcvr1_2_GUPPI (2722 TOAs)...
  [J1719-1438] white noise for Rcvr_800_GUPPI (3634 TOAs)...
  [J1730-2304] zeroing residuals...
  [J1730-2304] adding red noise...
  [J1730-2304] white noise for Rcvr1_2_GUPPI (2367 TOAs)...
  [J1730-2304] white noise for Rcvr_800_GUPPI (2503 TOAs)...
  [J1738+0333] zeroing residuals...
  [J1738+0333] adding red noise...
  [J1738+0333] white noise for S-wide_PUPPI (1737 TOAs)...
  [J1738+0333] white noise for S-wide_ASP (134 TOAs)...
  [J1738+0333] white noise for L-wide_ASP (201 TOAs)...
  [J1738+0333] white noise for L-wide_PUPPI (6718 TOAs)...
  [J1741+1351] zeroing residuals...
  [J1741+1351] adding red noise...
  [J1741+1351] white noise for 430_PUPPI (1159 TOAs)...
  [J1741+1351] white noise for L-wide_ASP (236 TOAs)...
  [J1741+1351] white noise for S-wide_ASP (115 TOAs)...
  [J1741+1351] white noise for 430_ASP (27 TOAs)...
  [J1741+1351] white noise for L-wide_PUPPI (4045 TOAs)...
  [J1744-1134] zeroing residuals...
  [J1744-1134] adding red noise...
  [J1744-1134] white noise for Rcvr1_2_GUPPI (8109 TOAs)...
  [J1744-1134] white noise for Rcvr_800_GASP (930 TOAs)...
  [J1744-1134] white noise for Rcvr1_2_GASP (807 TOAs)...
  [J1744-1134] white noise for Rcvr_800_GUPPI (7899 TOAs)...
  [J1745+1017] zeroing residuals...
  [J1745+1017] adding red noise...
  [J1745+1017] white noise for S-wide_PUPPI (838 TOAs)...
  [J1745+1017] white noise for L-wide_PUPPI (2179 TOAs)...
  [J1747-4036] zeroing residuals...
  [J1747-4036] adding red noise...
  [J1747-4036] white noise for Rcvr1_2_GUPPI (5239 TOAs)...
  [J1747-4036] white noise for Rcvr_800_GUPPI (5816 TOAs)...
  [J1751-2857] zeroing residuals...
  [J1751-2857] adding red noise...
  [J1751-2857] white noise for Rcvr1_2_GUPPI (1786 TOAs)...
  [J1751-2857] white noise for Rcvr_800_GUPPI (239 TOAs)...
  [J1802-2124] zeroing residuals...
  [J1802-2124] adding red noise...
  [J1802-2124] white noise for Rcvr1_2_GUPPI (3231 TOAs)...
  [J1802-2124] white noise for Rcvr_800_GUPPI (3565 TOAs)...
  [J1811-2405] zeroing residuals...
  [J1811-2405] adding red noise...
  [J1811-2405] white noise for Rcvr1_2_GUPPI (2638 TOAs)...
  [J1811-2405] white noise for Rcvr_800_GUPPI (2628 TOAs)...
  [J1832-0836] zeroing residuals...
  [J1832-0836] adding red noise...
  [J1832-0836] white noise for Rcvr1_2_GUPPI (4661 TOAs)...
  [J1832-0836] white noise for Rcvr_800_GUPPI (3078 TOAs)...
  [J1843-1113] zeroing residuals...
  [J1843-1113] adding red noise...
  [J1843-1113] white noise for Rcvr1_2_GUPPI (2394 TOAs)...
  [J1843-1113] white noise for Rcvr_800_GUPPI (2201 TOAs)...
  [J1853+1303] zeroing residuals...
  [J1853+1303] adding red noise...
  [J1853+1303] white noise for L-wide_ASP (33 TOAs)...
  [J1853+1303] white noise for 430_PUPPI (1151 TOAs)...
  [J1853+1303] white noise for 430_ASP (24 TOAs)...
  [J1853+1303] white noise for L-wide_PUPPI (3362 TOAs)...
  [J1903+0327] zeroing residuals...
  [J1903+0327] adding red noise...
  [J1903+0327] white noise for L-wide_ASP (139 TOAs)...
  [J1903+0327] white noise for S-wide_ASP (151 TOAs)...
  [J1903+0327] white noise for 3GHz_YUPPI (439 TOAs)...
  [J1903+0327] white noise for S-wide_PUPPI (2282 TOAs)...
  [J1903+0327] white noise for L-wide_PUPPI (3845 TOAs)...
  [J1909-3744] zeroing residuals...
  [J1909-3744] adding red noise...
  [J1909-3744] white noise for Rcvr_800_GASP (866 TOAs)...
  [J1909-3744] white noise for Rcvr_800_GUPPI (9399 TOAs)...
  [J1909-3744] white noise for Rcvr1_2_GASP (808 TOAs)...
  [J1909-3744] white noise for 3GHz_YUPPI (3525 TOAs)...
  [J1909-3744] white noise for Rcvr1_2_GUPPI (20439 TOAs)...
  [J1910+1256] zeroing residuals...
  [J1910+1256] adding red noise...
  [J1910+1256] white noise for S-wide_PUPPI (1857 TOAs)...
  [J1910+1256] white noise for S-wide_ASP (208 TOAs)...
  [J1910+1256] white noise for L-wide_ASP (297 TOAs)...
  [J1910+1256] white noise for L-wide_PUPPI (4124 TOAs)...
  [J1911+1347] zeroing residuals...
  [J1911+1347] adding red noise...
  [J1911+1347] white noise for 430_PUPPI (753 TOAs)...
  [J1911+1347] white noise for L-wide_PUPPI (3033 TOAs)...
  [J1918-0642] zeroing residuals...
  [J1918-0642] adding red noise...
  [J1918-0642] white noise for Rcvr1_2_GUPPI (8910 TOAs)...
  [J1918-0642] white noise for Rcvr_800_GASP (835 TOAs)...
  [J1918-0642] white noise for Rcvr1_2_GASP (778 TOAs)...
  [J1918-0642] white noise for Rcvr_800_GUPPI (8352 TOAs)...
  [J1923+2515] zeroing residuals...
  [J1923+2515] adding red noise...
  [J1923+2515] white noise for L-wide_ASP (14 TOAs)...
  [J1923+2515] white noise for 430_PUPPI (922 TOAs)...
  [J1923+2515] white noise for 430_ASP (10 TOAs)...
  [J1923+2515] white noise for L-wide_PUPPI (3028 TOAs)...
  [J1944+0907] zeroing residuals...
  [J1944+0907] adding red noise...
  [J1944+0907] white noise for 430_PUPPI (1017 TOAs)...
  [J1944+0907] white noise for L-wide_ASP (257 TOAs)...
  [J1944+0907] white noise for S-wide_ASP (116 TOAs)...
  [J1944+0907] white noise for 430_ASP (38 TOAs)...
  [J1944+0907] white noise for L-wide_PUPPI (3900 TOAs)...
  [J1946+3417] zeroing residuals...
  [J1946+3417] adding red noise...
  [J1946+3417] white noise for S-wide_PUPPI (1546 TOAs)...
  [J1946+3417] white noise for L-wide_PUPPI (3197 TOAs)...
  [J2010-1323] zeroing residuals...
  [J2010-1323] adding red noise...
  [J2010-1323] white noise for Rcvr1_2_GUPPI (7779 TOAs)...
  [J2010-1323] white noise for Rcvr_800_GASP (70 TOAs)...
  [J2010-1323] white noise for Rcvr1_2_GASP (70 TOAs)...
  [J2010-1323] white noise for Rcvr_800_GUPPI (9158 TOAs)...
  [J2017+0603] zeroing residuals...
  [J2017+0603] adding red noise...
  [J2017+0603] white noise for 430_PUPPI (78 TOAs)...
  [J2017+0603] white noise for S-wide_PUPPI (849 TOAs)...
  [J2017+0603] white noise for L-wide_ASP (16 TOAs)...
  [J2017+0603] white noise for L-wide_PUPPI (2569 TOAs)...
  [J2033+1734] zeroing residuals...
  [J2033+1734] adding red noise...
  [J2033+1734] white noise for 430_PUPPI (797 TOAs)...
  [J2033+1734] white noise for L-wide_PUPPI (3050 TOAs)...
  [J2043+1711] zeroing residuals...
  [J2043+1711] adding red noise...
  [J2043+1711] white noise for L-wide_ASP (40 TOAs)...
  [J2043+1711] white noise for 430_PUPPI (2908 TOAs)...
  [J2043+1711] white noise for 430_ASP (30 TOAs)...
  [J2043+1711] white noise for L-wide_PUPPI (4419 TOAs)...
  [J2124-3358] zeroing residuals...
  [J2124-3358] adding red noise...
  [J2124-3358] white noise for Rcvr1_2_GUPPI (2957 TOAs)...
  [J2124-3358] white noise for Rcvr_800_GUPPI (2025 TOAs)...
  [J2145-0750] zeroing residuals...
  [J2145-0750] adding red noise...
  [J2145-0750] white noise for Rcvr1_2_GUPPI (9158 TOAs)...
  [J2145-0750] white noise for Rcvr_800_GASP (362 TOAs)...
  [J2145-0750] white noise for Rcvr1_2_GASP (427 TOAs)...
  [J2145-0750] white noise for Rcvr_800_GUPPI (8728 TOAs)...
  [J2214+3000] zeroing residuals...
  [J2214+3000] adding red noise...
  [J2214+3000] white noise for S-wide_PUPPI (1568 TOAs)...
  [J2214+3000] white noise for L-wide_ASP (9 TOAs)...
  [J2214+3000] white noise for L-wide_PUPPI (5829 TOAs)...
  [J2229+2643] zeroing residuals...
  [J2229+2643] adding red noise...
  [J2229+2643] white noise for 430_PUPPI (956 TOAs)...
  [J2229+2643] white noise for L-wide_PUPPI (2755 TOAs)...
  [J2234+0611] zeroing residuals...
  [J2234+0611] adding red noise...
  [J2234+0611] white noise for 430_PUPPI (653 TOAs)...
  [J2234+0611] white noise for L-wide_PUPPI (2913 TOAs)...
  [J2234+0944] zeroing residuals...
  [J2234+0944] adding red noise...
  [J2234+0944] white noise for S-wide_PUPPI (2532 TOAs)...
  [J2234+0944] white noise for L-wide_PUPPI (5003 TOAs)...
  [J2302+4442] zeroing residuals...
  [J2302+4442] adding red noise...
  [J2302+4442] white noise for Rcvr1_2_GUPPI (3779 TOAs)...
  [J2302+4442] white noise for Rcvr_800_GUPPI (6432 TOAs)...
  [J2317+1439] zeroing residuals...
  [J2317+1439] adding red noise...
  [J2317+1439] white noise for 430_PUPPI (3217 TOAs)...
  [J2317+1439] white noise for 327_ASP (413 TOAs)...
  [J2317+1439] white noise for 327_PUPPI (276 TOAs)...
  [J2317+1439] white noise for 430_ASP (458 TOAs)...
  [J2317+1439] white noise for L-wide_PUPPI (9563 TOAs)...
  [J2322+2057] zeroing residuals...
  [J2322+2057] adding red noise...
  [J2322+2057] white noise for 430_PUPPI (752 TOAs)...
  [J2322+2057] white noise for S-wide_PUPPI (140 TOAs)...
  [J2322+2057] white noise for L-wide_PUPPI (2196 TOAs)...
Resetting pulsars to clean stoas...
Restore: 0.01 s
Inject: 0.00 s
Snapshotting into enterprise Pulsar objects...
Building PTA...
PTA build: 427.40 s
Computing optimal statistic...
OS time: 87.34 s
Total: 514.74 s
Noise-only SNR baseline: -0.4553

Generating SNR-consistent population...
Target SNR: 4.0
Resetting pulsars to clean stoas...
Restore: 17.60 s
Injecting population...
  B1855+09: RMS = 4126.112 ns
  B1937+21: RMS = 3820.170 ns
  B1953+29: RMS = 2170.804 ns
  J0023+0923: RMS = 3357.150 ns
  J0030+0451: RMS = 2015.037 ns
  J0340+4130: RMS = 1308.062 ns
  J0406+3039: RMS = 885.743 ns
  J0437-4715: RMS = 1291.335 ns
  J0509+0856: RMS = 2697.961 ns
  J0557+1551: RMS = 1617.566 ns
  J0605+3757: RMS = 480.565 ns
  J0610-2100: RMS = 714.726 ns
  J0613-0200: RMS = 2586.322 ns
  J0636+5128: RMS = 1368.248 ns
  J0645+5158: RMS = 1376.989 ns
  J0709+0458: RMS = 1704.838 ns
  J0740+6620: RMS = 1259.442 ns
  J0931-1902: RMS = 999.023 ns
  J1012+5307: RMS = 1060.450 ns
  J1012-4235: RMS = 581.042 ns
  J1022+1001: RMS = 3122.152 ns
  J1024-0719: RMS = 2000.286 ns
  J1125+7819: RMS = 1843.409 ns
  J1312+0051: RMS = 648.444 ns
  J1453+1902: RMS = 126.643 ns
  J1455-3330: RMS = 2876.344 ns
  J1600-3053: RMS = 1913.274 ns
  J1614-2230: RMS = 578.107 ns
  J1630+3734: RMS = 426.672 ns
  J1640+2224: RMS = 2735.666 ns
  J1643-1224: RMS = 1666.389 ns
  J1705-1903: RMS = 816.871 ns
  J1713+0747: RMS = 2910.940 ns
  J1719-1438: RMS = 857.476 ns
  J1730-2304: RMS = 979.544 ns
  J1738+0333: RMS = 2779.260 ns
  J1741+1351: RMS = 4278.502 ns
  J1744-1134: RMS = 1629.116 ns
  J1745+1017: RMS = 1984.512 ns
  J1747-4036: RMS = 1302.075 ns
  J1751-2857: RMS = 919.380 ns
  J1802-2124: RMS = 1019.915 ns
  J1811-2405: RMS = 704.082 ns
  J1832-0836: RMS = 605.072 ns
  J1843-1113: RMS = 417.969 ns
  J1853+1303: RMS = 4400.699 ns
  J1903+0327: RMS = 3833.014 ns
  J1909-3744: RMS = 1049.473 ns
  J1910+1256: RMS = 4440.446 ns
  J1911+1347: RMS = 2341.429 ns
  J1918-0642: RMS = 1791.488 ns
  J1923+2515: RMS = 3992.898 ns
  J1944+0907: RMS = 3003.983 ns
  J1946+3417: RMS = 1439.056 ns
  J2010-1323: RMS = 1019.048 ns
  J2017+0603: RMS = 2105.756 ns
  J2033+1734: RMS = 1205.247 ns
  J2043+1711: RMS = 1862.942 ns
  J2124-3358: RMS = 306.300 ns
  J2145-0750: RMS = 1227.472 ns
  J2214+3000: RMS = 816.399 ns
  J2229+2643: RMS = 947.438 ns
  J2234+0611: RMS = 2010.003 ns
  J2234+0944: RMS = 1902.954 ns
  J2302+4442: RMS = 1452.269 ns
  J2317+1439: RMS = 2278.728 ns
  J2322+2057: RMS = 383.043 ns
Inject: 0.84 s
Snapshotting into enterprise Pulsar objects...
Building PTA...
PTA build: 428.48 s
Computing optimal statistic...
OS time: 51.23 s
Total: 498.15 s
Initial SNR: 34.6893, Target SNR: 4.0000
  Initial SNR 34.6893 outside of provided SNR_range [3.5, 4.25] — rescaling.
Scaling distances by factor 2.8086 to achieve target SNR...
Resetting pulsars to clean stoas...
Restore: 19.76 s
Injecting population...
  B1855+09: RMS = 1469.102 ns
  B1937+21: RMS = 1360.171 ns
  B1953+29: RMS = 772.915 ns
  J0023+0923: RMS = 1195.313 ns
  J0030+0451: RMS = 717.454 ns
  J0340+4130: RMS = 465.735 ns
  J0406+3039: RMS = 315.369 ns
  J0437-4715: RMS = 459.780 ns
  J0509+0856: RMS = 960.609 ns
  J0557+1551: RMS = 575.934 ns
  J0605+3757: RMS = 171.105 ns
  J0610-2100: RMS = 254.478 ns
  J0613-0200: RMS = 920.860 ns
  J0636+5128: RMS = 487.165 ns
  J0645+5158: RMS = 490.277 ns
  J0709+0458: RMS = 607.008 ns
  J0740+6620: RMS = 448.424 ns
  J0931-1902: RMS = 355.702 ns
  J1012+5307: RMS = 377.573 ns
  J1012-4235: RMS = 206.880 ns
  J1022+1001: RMS = 1111.642 ns
  J1024-0719: RMS = 712.202 ns
  J1125+7819: RMS = 656.346 ns
  J1312+0051: RMS = 230.879 ns
  J1453+1902: RMS = 45.091 ns
  J1455-3330: RMS = 1024.122 ns
  J1600-3053: RMS = 681.221 ns
  J1614-2230: RMS = 205.835 ns
  J1630+3734: RMS = 151.916 ns
  J1640+2224: RMS = 974.034 ns
  J1643-1224: RMS = 593.318 ns
  J1705-1903: RMS = 290.847 ns
  J1713+0747: RMS = 1036.440 ns
  J1719-1438: RMS = 305.304 ns
  J1730-2304: RMS = 348.767 ns
  J1738+0333: RMS = 989.556 ns
  J1741+1351: RMS = 1523.361 ns
  J1744-1134: RMS = 580.047 ns
  J1745+1017: RMS = 706.586 ns
  J1747-4036: RMS = 463.604 ns
  J1751-2857: RMS = 327.345 ns
  J1802-2124: RMS = 363.141 ns
  J1811-2405: RMS = 250.688 ns
  J1832-0836: RMS = 215.436 ns
  J1843-1113: RMS = 148.818 ns
  J1853+1303: RMS = 1566.869 ns
  J1903+0327: RMS = 1364.745 ns
  J1909-3744: RMS = 373.665 ns
  J1910+1256: RMS = 1581.021 ns
  J1911+1347: RMS = 833.666 ns
  J1918-0642: RMS = 637.859 ns
  J1923+2515: RMS = 1421.671 ns
  J1944+0907: RMS = 1069.568 ns
  J1946+3417: RMS = 512.376 ns
  J2010-1323: RMS = 362.832 ns
  J2017+0603: RMS = 749.755 ns
  J2033+1734: RMS = 429.128 ns
  J2043+1711: RMS = 663.301 ns
  J2124-3358: RMS = 109.058 ns
  J2145-0750: RMS = 437.041 ns
  J2214+3000: RMS = 290.679 ns
  J2229+2643: RMS = 337.335 ns
  J2234+0611: RMS = 715.661 ns
  J2234+0944: RMS = 677.547 ns
  J2302+4442: RMS = 517.080 ns
  J2317+1439: RMS = 811.341 ns
  J2322+2057: RMS = 136.382 ns
Inject: 0.88 s
Snapshotting into enterprise Pulsar objects...
Building PTA...
PTA build: 494.00 s
Computing optimal statistic...
OS time: 52.78 s
Total: 567.42 s
  SNR 4.4315 outside of provided SNR_range [3.5, 4.25] — rescaling.
[Iteration 1/100] SNR after scaling: 4.4315 (target: 4.0000)
  SNR history: it0→34.6893@1.0000x, it1→4.4315@2.8086x
  Re-scaling distances by factor 1.0496  (cumulative after: 2.9478×)
Resetting pulsars to clean stoas...
Restore: 3.99 s
Injecting population...
  B1855+09: RMS = 1399.709 ns
  B1937+21: RMS = 1295.923 ns
  B1953+29: RMS = 736.406 ns
  J0023+0923: RMS = 1138.852 ns
  J0030+0451: RMS = 683.565 ns
  J0340+4130: RMS = 443.736 ns
  J0406+3039: RMS = 300.472 ns
  J0437-4715: RMS = 438.062 ns
  J0509+0856: RMS = 915.234 ns
  J0557+1551: RMS = 548.730 ns
  J0605+3757: RMS = 163.023 ns
  J0610-2100: RMS = 242.458 ns
  J0613-0200: RMS = 877.363 ns
  J0636+5128: RMS = 464.153 ns
  J0645+5158: RMS = 467.119 ns
  J0709+0458: RMS = 578.336 ns
  J0740+6620: RMS = 427.243 ns
  J0931-1902: RMS = 338.901 ns
  J1012+5307: RMS = 359.738 ns
  J1012-4235: RMS = 197.108 ns
  J1022+1001: RMS = 1059.133 ns
  J1024-0719: RMS = 678.561 ns
  J1125+7819: RMS = 625.343 ns
  J1312+0051: RMS = 219.973 ns
  J1453+1902: RMS = 42.961 ns
  J1455-3330: RMS = 975.748 ns
  J1600-3053: RMS = 649.043 ns
  J1614-2230: RMS = 196.112 ns
  J1630+3734: RMS = 144.741 ns
  J1640+2224: RMS = 928.025 ns
  J1643-1224: RMS = 565.292 ns
  J1705-1903: RMS = 277.109 ns
  J1713+0747: RMS = 987.484 ns
  J1719-1438: RMS = 290.883 ns
  J1730-2304: RMS = 332.293 ns
  J1738+0333: RMS = 942.814 ns
  J1741+1351: RMS = 1451.404 ns
  J1744-1134: RMS = 552.648 ns
  J1745+1017: RMS = 673.210 ns
  J1747-4036: RMS = 441.705 ns
  J1751-2857: RMS = 311.883 ns
  J1802-2124: RMS = 345.988 ns
  J1811-2405: RMS = 238.847 ns
  J1832-0836: RMS = 205.260 ns
  J1843-1113: RMS = 141.789 ns
  J1853+1303: RMS = 1492.857 ns
  J1903+0327: RMS = 1300.280 ns
  J1909-3744: RMS = 356.015 ns
  J1910+1256: RMS = 1506.341 ns
  J1911+1347: RMS = 794.287 ns
  J1918-0642: RMS = 607.730 ns
  J1923+2515: RMS = 1354.518 ns
  J1944+0907: RMS = 1019.047 ns
  J1946+3417: RMS = 488.174 ns
  J2010-1323: RMS = 345.693 ns
  J2017+0603: RMS = 714.340 ns
  J2033+1734: RMS = 408.858 ns
  J2043+1711: RMS = 631.969 ns
  J2124-3358: RMS = 103.907 ns
  J2145-0750: RMS = 416.398 ns
  J2214+3000: RMS = 276.949 ns
  J2229+2643: RMS = 321.401 ns
  J2234+0611: RMS = 681.857 ns
  J2234+0944: RMS = 645.543 ns
  J2302+4442: RMS = 492.656 ns
  J2317+1439: RMS = 773.017 ns
  J2322+2057: RMS = 129.940 ns
Inject: 0.85 s
Snapshotting into enterprise Pulsar objects...
Building PTA...
PTA build: 415.77 s
Computing optimal statistic...
OS time: 54.12 s
Total: 474.72 s
  ✓ SNR is within the provided SNR_range: 4.0124 ∈ [3.5, 4.25]

Final SNR history:
  it 0: cumulative_scale=1.0000×  SNR=34.6893
  it 1: cumulative_scale=2.8086×  SNR=4.4315
  it 2: cumulative_scale=2.9478×  SNR=4.0124
✓ Simulation 1 done (1542.2 s)

======================================================================
ENSEMBLE SUMMARY
======================================================================
Success rate: 100.0% (1/1)

Binaries per population:
  Mean ± std : 20000 ± 0
  Range      : [20000, 20000]

SNR achieved:
  Mean ± std : 4.0124 ± 0.0000
  Range      : [4.0124, 4.0124]

Total time: 2101.6 s (35.0 min)
======================================================================

💾 Saved: data/2026-05-01/realistic_run_4/consistent_population_realistic_targetSNR4.25_sims1.json
💾 Saved compressed pickle: data/2026-05-01/realistic_run_4/consistent_population_realistic_targetSNR4.25_sims1.pkl.gz

======================================================================
CONTINUOUS WAVE SNR ANALYSIS
======================================================================

--- Population 1 ---
Precomputation of phiinvs, TNTs, Ts, Nvecs, Sigmas took 0.04 seconds.
Total SNR computation for population took 1200.34 seconds.
Top 50 CGW candidates:
   1. proxy_rank=  18  sky_w=1.31  f=4.77e-09 Hz  Mc=1.73e+10 Msun  h0=3.75e-15  SNR=4.646
   2. proxy_rank=  17  sky_w=1.40  f=4.29e-09 Hz  Mc=1.87e+10 Msun  h0=3.15e-15  SNR=3.865
   3. proxy_rank=  21  sky_w=0.75  f=3.79e-09 Hz  Mc=2.06e+10 Msun  h0=4.45e-15  SNR=3.354
   4. proxy_rank=  15  sky_w=1.35  f=4.63e-09 Hz  Mc=2.05e+10 Msun  h0=3.61e-15  SNR=3.185
   5. proxy_rank=  46  sky_w=1.58  f=5.35e-09 Hz  Mc=1.29e+10 Msun  h0=1.72e-15  SNR=2.802
   6. proxy_rank=  19  sky_w=0.98  f=3.51e-09 Hz  Mc=1.19e+10 Msun  h0=3.60e-15  SNR=2.608
   7. proxy_rank=  11  sky_w=1.42  f=3.01e-09 Hz  Mc=1.91e+10 Msun  h0=2.63e-15  SNR=2.461
   8. proxy_rank= 209  sky_w=1.15  f=9.77e-09 Hz  Mc=8.70e+09 Msun  h0=1.40e-15  SNR=2.370
   9. proxy_rank=   9  sky_w=0.70  f=3.13e-09 Hz  Mc=2.08e+10 Msun  h0=5.98e-15  SNR=2.335
  10. proxy_rank=  43  sky_w=1.41  f=4.63e-09 Hz  Mc=1.30e+10 Msun  h0=1.70e-15  SNR=2.333
  11. proxy_rank=  50  sky_w=1.36  f=5.48e-09 Hz  Mc=1.32e+10 Msun  h0=1.86e-15  SNR=2.308
  12. proxy_rank= 167  sky_w=1.21  f=8.46e-09 Hz  Mc=7.34e+09 Msun  h0=1.34e-15  SNR=2.295
  13. proxy_rank= 448  sky_w=1.22  f=4.00e-08 Hz  Mc=6.92e+09 Msun  h0=2.31e-15  SNR=2.207
  14. proxy_rank=   3  sky_w=0.90  f=2.85e-09 Hz  Mc=2.54e+10 Msun  h0=5.78e-15  SNR=2.165
  15. proxy_rank=  67  sky_w=0.74  f=6.35e-09 Hz  Mc=1.42e+10 Msun  h0=3.47e-15  SNR=2.075
  16. proxy_rank= 215  sky_w=0.58  f=8.67e-09 Hz  Mc=1.32e+10 Msun  h0=2.45e-15  SNR=1.990
  17. proxy_rank=  74  sky_w=1.10  f=8.48e-09 Hz  Mc=1.42e+10 Msun  h0=2.90e-15  SNR=1.794
  18. proxy_rank=  31  sky_w=1.01  f=4.19e-09 Hz  Mc=1.17e+10 Msun  h0=2.73e-15  SNR=1.751
  19. proxy_rank=   2  sky_w=1.49  f=2.13e-09 Hz  Mc=1.47e+10 Msun  h0=2.91e-15  SNR=1.662
  20. proxy_rank=   1  sky_w=1.15  f=2.02e-09 Hz  Mc=2.86e+10 Msun  h0=5.38e-15  SNR=1.602
  21. proxy_rank=  61  sky_w=1.50  f=4.54e-09 Hz  Mc=9.61e+09 Msun  h0=1.30e-15  SNR=1.586
  22. proxy_rank= 207  sky_w=0.83  f=7.53e-09 Hz  Mc=9.42e+09 Msun  h0=1.52e-15  SNR=1.491
  23. proxy_rank= 162  sky_w=0.51  f=6.26e-09 Hz  Mc=1.38e+10 Msun  h0=2.38e-15  SNR=1.400
  24. proxy_rank= 245  sky_w=1.27  f=6.98e-09 Hz  Mc=7.18e+09 Msun  h0=7.64e-16  SNR=1.251
  25. proxy_rank= 261  sky_w=0.73  f=6.27e-09 Hz  Mc=9.21e+09 Msun  h0=1.15e-15  SNR=1.172
  26. proxy_rank=  10  sky_w=0.95  f=2.89e-09 Hz  Mc=2.51e+10 Msun  h0=4.03e-15  SNR=1.121
  27. proxy_rank=   7  sky_w=1.54  f=2.51e-09 Hz  Mc=1.85e+10 Msun  h0=2.25e-15  SNR=1.107
  28. proxy_rank=   4  sky_w=1.40  f=2.10e-09 Hz  Mc=2.19e+10 Msun  h0=2.62e-15  SNR=1.098
  29. proxy_rank=  82  sky_w=1.26  f=3.98e-09 Hz  Mc=1.09e+10 Msun  h0=1.12e-15  SNR=1.093
  30. proxy_rank=  35  sky_w=0.99  f=2.94e-09 Hz  Mc=1.12e+10 Msun  h0=1.81e-15  SNR=1.093
  31. proxy_rank=  34  sky_w=0.77  f=2.88e-09 Hz  Mc=1.80e+10 Msun  h0=2.32e-15  SNR=1.081
  32. proxy_rank=   5  sky_w=1.18  f=2.88e-09 Hz  Mc=2.55e+10 Msun  h0=3.74e-15  SNR=1.054
  33. proxy_rank= 103  sky_w=0.59  f=6.52e-09 Hz  Mc=1.09e+10 Msun  h0=3.25e-15  SNR=1.036
  34. proxy_rank= 107  sky_w=1.47  f=4.52e-09 Hz  Mc=8.23e+09 Msun  h0=8.90e-16  SNR=1.009
  35. proxy_rank= 124  sky_w=1.10  f=5.72e-09 Hz  Mc=1.06e+10 Msun  h0=1.35e-15  SNR=0.996
  36. proxy_rank=   8  sky_w=1.44  f=2.01e-09 Hz  Mc=2.04e+10 Msun  h0=1.89e-15  SNR=0.987
  37. proxy_rank= 457  sky_w=0.85  f=1.03e-08 Hz  Mc=6.17e+09 Msun  h0=8.32e-16  SNR=0.933
  38. proxy_rank=  14  sky_w=1.30  f=2.02e-09 Hz  Mc=1.89e+10 Msun  h0=1.75e-15  SNR=0.915
  39. proxy_rank=  64  sky_w=0.99  f=3.09e-09 Hz  Mc=1.34e+10 Msun  h0=1.27e-15  SNR=0.910
  40. proxy_rank=  59  sky_w=1.56  f=3.35e-09 Hz  Mc=1.06e+10 Msun  h0=9.34e-16  SNR=0.903
  41. proxy_rank=  85  sky_w=0.91  f=3.53e-09 Hz  Mc=8.79e+09 Msun  h0=1.32e-15  SNR=0.890
  42. proxy_rank= 120  sky_w=0.49  f=3.80e-09 Hz  Mc=1.48e+10 Msun  h0=2.02e-15  SNR=0.886
  43. proxy_rank=  79  sky_w=1.02  f=3.41e-09 Hz  Mc=1.27e+10 Msun  h0=1.21e-15  SNR=0.876
  44. proxy_rank=  25  sky_w=1.47  f=2.47e-09 Hz  Mc=1.33e+10 Msun  h0=1.34e-15  SNR=0.871
  45. proxy_rank=   6  sky_w=1.48  f=2.42e-09 Hz  Mc=1.96e+10 Msun  h0=2.40e-15  SNR=0.857
  46. proxy_rank=  48  sky_w=1.20  f=3.11e-09 Hz  Mc=1.29e+10 Msun  h0=1.24e-15  SNR=0.829
  47. proxy_rank= 160  sky_w=1.58  f=4.38e-09 Hz  Mc=6.72e+09 Msun  h0=5.40e-16  SNR=0.792
  48. proxy_rank= 101  sky_w=1.54  f=3.56e-09 Hz  Mc=8.43e+09 Msun  h0=6.90e-16  SNR=0.783
  49. proxy_rank= 202  sky_w=1.38  f=5.87e-09 Hz  Mc=7.51e+09 Msun  h0=7.27e-16  SNR=0.783
  50. proxy_rank= 263  sky_w=0.98  f=7.45e-09 Hz  Mc=7.30e+09 Msun  h0=1.01e-15  SNR=0.766
💾 Saved: data/2026-05-01/realistic_run_4/consistent_population_realistic_targetSNR4.25_sims1.json
💾 Saved compressed pickle: data/2026-05-01/realistic_run_4/consistent_population_realistic_targetSNR4.25_sims1.pkl.gz
Saved to figures/cgw_analysis_realistic.pdf

==========================================
Job finished at: Fri May  1 18:19:59 AEST 2026
Exit code: 0
==========================================

+------------------ Job Report: 11783192 (COMPLETED) ------------------+
| Memory (RAM)  [##################  ] 91.5% (29.3 GB peak / 32 GB)    |
| CPU           [################    ] 83.7% average                   |
| Time          [---------->         ] 52.3% (0-00:57:35 / 0-01:50:00) |
|                                                                      |
| Lustre Filesystem:                                                   |
|   Path    Total Read    Total Write    Total IOPS                    |
|   ------  ------------  -------------  ------------                  |
|   /apps   0 B           0 B            83                            |
|   /fred   83.9 MB       6.3 MB         184                           |
|   /home   34.3 MB       0 B            2.9 K                         |
|   OS      0 B           0 B            2                             |
|                                                                      |
| Warnings:                                                            |
|   - Too much time requested                                          |
+----------------------------------------------------------------------+
