==========================================
Job ID: 11780182
Job Name: smbhb_optimistic
Node: dave311
Start Time: Fri May  1 16:35:53 AEST 2026
==========================================

/home/bhoulden/.conda/envs/smbhb312/share/tempo2
Working directory: /fred/oz005/users/bhoulden/SMBHB_population_injections

Loaded modules:

Starting SMBHB analysis...
==========================================

📁 Save directory: data/2026-05-01/optimistic_run_42
📝 Run name: optimistic_run_42

[MEM] Start: 244.1 MB

📡 Loading pulsars...
======================================================================
LOADING NANOGRAV PULSARS (libstempo)
======================================================================

📦 Loading from cache: nanograv_pulsars_cache.pkl
⚠ Cache load failed: Ran out of input
[DEBUG] Found 76 .par files
[tempo2Util.C:396] Warning: [MISC1] Unknown parameter in par file:  DMDATA
[tempo2Util.C:401] Warning: [DUP1] duplicated warnings have been suppressed.

WARNING: Using tempo RNAMP parameter: setting TNRedC to 100!
[observatory.C:271] Warning: Assuming site 'arecibo' means 'ao'
✓ Loaded B1855+09 (7758 TOAs)

WARNING: Using tempo RNAMP parameter: setting TNRedC to 100!
✓ Loaded B1937+21 (23023 TOAs)

WARNING: Using tempo RNAMP parameter: setting TNRedC to 100!
✓ Loaded B1937+21ao (7241 TOAs)

WARNING: Using tempo RNAMP parameter: setting TNRedC to 100!
✓ Loaded B1937+21gbt (16048 TOAs)

WARNING: Using tempo RNAMP parameter: setting TNRedC to 100!
✓ Loaded B1953+29 (5126 TOAs)
✓ Loaded J0023+0923 (15896 TOAs)

WARNING: Using tempo RNAMP parameter: setting TNRedC to 100!
✓ Loaded J0030+0451 (19571 TOAs)
✓ Loaded J0340+4130 (11093 TOAs)
✓ Loaded J0406+3039 (2446 TOAs)

WARNING: Using tempo RNAMP parameter: setting TNRedC to 100!
✓ Loaded J0437-4715 (5830 TOAs)
✓ Loaded J0509+0856 (2169 TOAs)
✓ Loaded J0557+1551 (525 TOAs)
✓ Loaded J0605+3757 (554 TOAs)

WARNING: Using tempo RNAMP parameter: setting TNRedC to 100!
✓ Loaded J0610-2100 (4885 TOAs)

WARNING: Using tempo RNAMP parameter: setting TNRedC to 100!
✓ Loaded J0613-0200 (17124 TOAs)
✓ Loaded J0614-3329 (1714 TOAs)
✓ Loaded J0636+5128 (32222 TOAs)
✓ Loaded J0645+5158 (10403 TOAs)
✓ Loaded J0709+0458 (3030 TOAs)
✓ Loaded J0740+6620 (13401 TOAs)
✓ Loaded J0931-1902 (5473 TOAs)

WARNING: Using tempo RNAMP parameter: setting TNRedC to 100!
✓ Loaded J1012+5307 (25837 TOAs)
✓ Loaded J1012-4235 (797 TOAs)
✓ Loaded J1022+1001 (3978 TOAs)
✓ Loaded J1024-0719 (12635 TOAs)
✓ Loaded J1125+7819 (8723 TOAs)
✓ Loaded J1312+0051 (1705 TOAs)
✓ Loaded J1453+1902 (2551 TOAs)
✓ Loaded J1455-3330 (10818 TOAs)

WARNING: Using tempo RNAMP parameter: setting TNRedC to 100!
✓ Loaded J1600-3053 (22955 TOAs)

WARNING: Using tempo RNAMP parameter: setting TNRedC to 100!
✓ Loaded J1600-3053gbt (19725 TOAs)

WARNING: Using tempo RNAMP parameter: setting TNRedC to 100!
✓ Loaded J1614-2230 (18445 TOAs)
✓ Loaded J1630+3734 (1815 TOAs)
✓ Loaded J1640+2224 (14066 TOAs)

WARNING: Using tempo RNAMP parameter: setting TNRedC to 100!
✓ Loaded J1643-1224 (22144 TOAs)

WARNING: Using tempo RNAMP parameter: setting TNRedC to 100!
✓ Loaded J1643-1224gbt (17932 TOAs)

WARNING: Using tempo RNAMP parameter: setting TNRedC to 100!
✓ Loaded J1705-1903 (9871 TOAs)

WARNING: Using tempo RNAMP parameter: setting TNRedC to 100!
✓ Loaded J1713+0747 (59389 TOAs)

WARNING: Using tempo RNAMP parameter: setting TNRedC to 100!
✓ Loaded J1713+0747ao (21362 TOAs)

WARNING: Using tempo RNAMP parameter: setting TNRedC to 100!
✓ Loaded J1713+0747gbt (32963 TOAs)
✓ Loaded J1719-1438 (6356 TOAs)
✓ Loaded J1730-2304 (4870 TOAs)
✓ Loaded J1738+0333 (8790 TOAs)
✓ Loaded J1741+1351 (5582 TOAs)

WARNING: Using tempo RNAMP parameter: setting TNRedC to 100!
✓ Loaded J1744-1134 (17745 TOAs)

WARNING: Using tempo RNAMP parameter: setting TNRedC to 100!
✓ Loaded J1745+1017 (3017 TOAs)

WARNING: Using tempo RNAMP parameter: setting TNRedC to 100!
✓ Loaded J1747-4036 (11055 TOAs)
✓ Loaded J1751-2857 (2025 TOAs)

WARNING: Using tempo RNAMP parameter: setting TNRedC to 100!
✓ Loaded J1802-2124 (6796 TOAs)
✓ Loaded J1811-2405 (5266 TOAs)
✓ Loaded J1832-0836 (7739 TOAs)
✓ Loaded J1843-1113 (4595 TOAs)

WARNING: Using tempo RNAMP parameter: setting TNRedC to 100!
✓ Loaded J1853+1303 (4570 TOAs)

WARNING: Using tempo RNAMP parameter: setting TNRedC to 100!
✓ Loaded J1903+0327 (6856 TOAs)

WARNING: Using tempo RNAMP parameter: setting TNRedC to 100!
✓ Loaded J1903+0327ao (6423 TOAs)

WARNING: Using tempo RNAMP parameter: setting TNRedC to 100!
✓ Loaded J1909-3744 (35037 TOAs)

WARNING: Using tempo RNAMP parameter: setting TNRedC to 100!
✓ Loaded J1909-3744gbt (31526 TOAs)
✓ Loaded J1910+1256 (6486 TOAs)
✓ Loaded J1911+1347 (3786 TOAs)
✓ Loaded J1918-0642 (18875 TOAs)
✓ Loaded J1923+2515 (3974 TOAs)
✓ Loaded J1944+0907 (5328 TOAs)

WARNING: Using tempo RNAMP parameter: setting TNRedC to 100!
✓ Loaded J1946+3417 (4743 TOAs)
✓ Loaded J2010-1323 (17077 TOAs)
✓ Loaded J2017+0603 (3512 TOAs)
✓ Loaded J2033+1734 (3847 TOAs)
✓ Loaded J2043+1711 (7397 TOAs)
✓ Loaded J2124-3358 (4982 TOAs)

WARNING: Using tempo RNAMP parameter: setting TNRedC to 100!
✓ Loaded J2145-0750 (18675 TOAs)
✓ Loaded J2214+3000 (7406 TOAs)
✓ Loaded J2229+2643 (3711 TOAs)

WARNING: Using tempo RNAMP parameter: setting TNRedC to 100!
✓ Loaded J2234+0611 (3566 TOAs)
✓ Loaded J2234+0944 (7535 TOAs)
✓ Loaded J2302+4442 (10211 TOAs)
✓ Loaded J2317+1439 (13927 TOAs)
✓ Loaded J2322+2057 (3088 TOAs)
⚠ Could not save cache: no default __reduce__ due to non-trivial __cinit__

✓ Loaded 76 pulsars
✗ Failed: 0 — []
[MEM] After loading pulsars: 8863.4 MB

🔍 Filtering pulsars...

Filtered: 76 → 67 pulsars
[MEM] After filtering pulsars: 8865.8 MB
[MEM] After garbage collection: 8865.8 MB

======================================================================
SMBHB POPULATION ANALYSIS
======================================================================

Configuration: optimistic
  Larger mass, higher spread in distance, small population
  N_binaries: 500

======================================================================
CONSISTENT POPULATION SYNTHESIS
======================================================================

======================================================================
GENERATING SNR-CONSISTENT POPULATIONS
======================================================================
Target SNR:          4.0
Simulations:         1
======================================================================


──────────────────────────────────────────────────────────────────────
SIMULATION 1/1
──────────────────────────────────────────────────────────────────────
  [B1855+09] zeroing residuals...
  [B1855+09] adding red noise...
  [B1855+09] white noise for 430_ASP (390 TOAs)...
  [B1855+09] white noise for L-wide_PUPPI (5005 TOAs)...
  [B1855+09] white noise for L-wide_ASP (1178 TOAs)...
  [B1855+09] white noise for 430_PUPPI (1185 TOAs)...
  [B1937+21] zeroing residuals...
  [B1937+21] adding red noise...
  [B1937+21] white noise for Rcvr_800_GUPPI (7140 TOAs)...
  [B1937+21] white noise for Rcvr_800_GASP (586 TOAs)...
  [B1937+21] white noise for L-wide_ASP (452 TOAs)...
  [B1937+21] white noise for Rcvr1_2_GUPPI (7048 TOAs)...
  [B1937+21] white noise for S-wide_PUPPI (2251 TOAs)...
  [B1937+21] white noise for L-wide_PUPPI (4133 TOAs)...
  [B1937+21] white noise for Rcvr1_2_GASP (1069 TOAs)...
  [B1937+21] white noise for S-wide_ASP (344 TOAs)...
  [B1953+29] zeroing residuals...
  [B1953+29] adding red noise...
  [B1953+29] white noise for 430_PUPPI (941 TOAs)...
  [B1953+29] white noise for 430_ASP (29 TOAs)...
  [B1953+29] white noise for L-wide_ASP (94 TOAs)...
  [B1953+29] white noise for L-wide_PUPPI (4037 TOAs)...
  [B1953+29] white noise for S-wide_ASP (25 TOAs)...
  [J0023+0923] zeroing residuals...
  [J0023+0923] adding red noise...
  [J0023+0923] white noise for 430_ASP (90 TOAs)...
  [J0023+0923] white noise for L-wide_PUPPI (11123 TOAs)...
  [J0023+0923] white noise for L-wide_ASP (119 TOAs)...
  [J0023+0923] white noise for 430_PUPPI (4564 TOAs)...
  [J0030+0451] zeroing residuals...
  [J0030+0451] adding red noise...
  [J0030+0451] white noise for 430_PUPPI (3068 TOAs)...
  [J0030+0451] white noise for 430_ASP (267 TOAs)...
  [J0030+0451] white noise for L-wide_ASP (789 TOAs)...
  [J0030+0451] white noise for S-wide_PUPPI (2673 TOAs)...
  [J0030+0451] white noise for L-wide_PUPPI (12774 TOAs)...
  [J0340+4130] zeroing residuals...
  [J0340+4130] adding red noise...
  [J0340+4130] white noise for Rcvr_800_GUPPI (6056 TOAs)...
  [J0340+4130] white noise for Rcvr1_2_GUPPI (5037 TOAs)...
  [J0406+3039] zeroing residuals...
  [J0406+3039] adding red noise...
  [J0406+3039] white noise for S-wide_PUPPI (575 TOAs)...
  [J0406+3039] white noise for L-wide_PUPPI (1871 TOAs)...
  [J0437-4715] zeroing residuals...
  [J0437-4715] adding red noise...
  [J0437-4715] white noise for 1.5GHz_YUPPI (2134 TOAs)...
  [J0437-4715] white noise for 3GHz_YUPPI (3696 TOAs)...
  [J0509+0856] zeroing residuals...
  [J0509+0856] adding red noise...
  [J0509+0856] white noise for S-wide_PUPPI (544 TOAs)...
  [J0509+0856] white noise for L-wide_PUPPI (1625 TOAs)...
  [J0557+1551] zeroing residuals...
  [J0557+1551] adding red noise...
  [J0557+1551] white noise for S-wide_PUPPI (58 TOAs)...
  [J0557+1551] white noise for L-wide_PUPPI (467 TOAs)...
  [J0605+3757] zeroing residuals...
  [J0605+3757] adding red noise...
  [J0605+3757] white noise for Rcvr_800_GUPPI (236 TOAs)...
  [J0605+3757] white noise for Rcvr1_2_GUPPI (318 TOAs)...
  [J0610-2100] zeroing residuals...
  [J0610-2100] adding red noise...
  [J0610-2100] white noise for Rcvr_800_GUPPI (2484 TOAs)...
  [J0610-2100] white noise for Rcvr1_2_GUPPI (2401 TOAs)...
  [J0613-0200] zeroing residuals...
  [J0613-0200] adding red noise...
  [J0613-0200] white noise for Rcvr_800_GUPPI (7900 TOAs)...
  [J0613-0200] white noise for Rcvr_800_GASP (809 TOAs)...
  [J0613-0200] white noise for Rcvr1_2_GASP (992 TOAs)...
  [J0613-0200] white noise for Rcvr1_2_GUPPI (7423 TOAs)...
  [J0636+5128] zeroing residuals...
  [J0636+5128] adding red noise...
  [J0636+5128] white noise for Rcvr_800_GUPPI (17419 TOAs)...
  [J0636+5128] white noise for Rcvr1_2_GUPPI (14803 TOAs)...
  [J0645+5158] zeroing residuals...
  [J0645+5158] adding red noise...
  [J0645+5158] white noise for Rcvr_800_GUPPI (4682 TOAs)...
  [J0645+5158] white noise for Rcvr1_2_GUPPI (5721 TOAs)...
  [J0709+0458] zeroing residuals...
  [J0709+0458] adding red noise...
  [J0709+0458] white noise for S-wide_PUPPI (595 TOAs)...
  [J0709+0458] white noise for L-wide_PUPPI (2435 TOAs)...
  [J0740+6620] zeroing residuals...
  [J0740+6620] adding red noise...
  [J0740+6620] white noise for Rcvr_800_GUPPI (5136 TOAs)...
  [J0740+6620] white noise for Rcvr1_2_GUPPI (8265 TOAs)...
  [J0931-1902] zeroing residuals...
  [J0931-1902] adding red noise...
  [J0931-1902] white noise for Rcvr_800_GUPPI (3419 TOAs)...
  [J0931-1902] white noise for Rcvr1_2_GUPPI (2054 TOAs)...
  [J1012+5307] zeroing residuals...
  [J1012+5307] adding red noise...
  [J1012+5307] white noise for Rcvr_800_GUPPI (10299 TOAs)...
  [J1012+5307] white noise for Rcvr_800_GASP (1210 TOAs)...
  [J1012+5307] white noise for Rcvr1_2_GASP (1479 TOAs)...
  [J1012+5307] white noise for Rcvr1_2_GUPPI (12849 TOAs)...
  [J1012-4235] zeroing residuals...
  [J1012-4235] adding red noise...
  [J1012-4235] white noise for Rcvr_800_GUPPI (342 TOAs)...
  [J1012-4235] white noise for Rcvr1_2_GUPPI (455 TOAs)...
  [J1022+1001] zeroing residuals...
  [J1022+1001] adding red noise...
  [J1022+1001] white noise for S-wide_PUPPI (1154 TOAs)...
  [J1022+1001] white noise for 430_PUPPI (232 TOAs)...
  [J1022+1001] white noise for L-wide_PUPPI (2592 TOAs)...
  [J1024-0719] zeroing residuals...
  [J1024-0719] adding red noise...
  [J1024-0719] white noise for Rcvr_800_GUPPI (5455 TOAs)...
  [J1024-0719] white noise for Rcvr_800_GASP (51 TOAs)...
  [J1024-0719] white noise for Rcvr1_2_GASP (43 TOAs)...
  [J1024-0719] white noise for Rcvr1_2_GUPPI (7086 TOAs)...
  [J1125+7819] zeroing residuals...
  [J1125+7819] adding red noise...
  [J1125+7819] white noise for Rcvr_800_GUPPI (4707 TOAs)...
  [J1125+7819] white noise for Rcvr1_2_GUPPI (4016 TOAs)...
  [J1312+0051] zeroing residuals...
  [J1312+0051] adding red noise...
  [J1312+0051] white noise for S-wide_PUPPI (416 TOAs)...
  [J1312+0051] white noise for L-wide_PUPPI (1289 TOAs)...
  [J1453+1902] zeroing residuals...
  [J1453+1902] adding red noise...
  [J1453+1902] white noise for S-wide_PUPPI (4 TOAs)...
  [J1453+1902] white noise for 430_PUPPI (425 TOAs)...
  [J1453+1902] white noise for L-wide_PUPPI (2122 TOAs)...
  [J1455-3330] zeroing residuals...
  [J1455-3330] adding red noise...
  [J1455-3330] white noise for Rcvr_800_GUPPI (4843 TOAs)...
  [J1455-3330] white noise for Rcvr_800_GASP (479 TOAs)...
  [J1455-3330] white noise for Rcvr1_2_GASP (564 TOAs)...
  [J1455-3330] white noise for Rcvr1_2_GUPPI (4932 TOAs)...
  [J1600-3053] zeroing residuals...
  [J1600-3053] adding red noise...
  [J1600-3053] white noise for Rcvr_800_GUPPI (8796 TOAs)...
  [J1600-3053] white noise for Rcvr_800_GASP (297 TOAs)...
  [J1600-3053] white noise for Rcvr1_2_GUPPI (10168 TOAs)...
  [J1600-3053] white noise for Rcvr1_2_GASP (457 TOAs)...
  [J1600-3053] white noise for 3GHz_YUPPI (3237 TOAs)...
  [J1614-2230] zeroing residuals...
  [J1614-2230] adding red noise...
  [J1614-2230] white noise for Rcvr_800_GUPPI (7768 TOAs)...
  [J1614-2230] white noise for Rcvr_800_GASP (84 TOAs)...
  [J1614-2230] white noise for Rcvr1_2_GASP (84 TOAs)...
  [J1614-2230] white noise for Rcvr1_2_GUPPI (10509 TOAs)...
  [J1630+3734] zeroing residuals...
  [J1630+3734] adding red noise...
  [J1630+3734] white noise for Rcvr_800_GUPPI (906 TOAs)...
  [J1630+3734] white noise for Rcvr1_2_GUPPI (909 TOAs)...
  [J1640+2224] zeroing residuals...
  [J1640+2224] adding red noise...
  [J1640+2224] white noise for 430_ASP (340 TOAs)...
  [J1640+2224] white noise for L-wide_PUPPI (9847 TOAs)...
  [J1640+2224] white noise for L-wide_ASP (722 TOAs)...
  [J1640+2224] white noise for 430_PUPPI (3157 TOAs)...
  [J1643-1224] zeroing residuals...
  [J1643-1224] adding red noise...
  [J1643-1224] white noise for Rcvr_800_GUPPI (7734 TOAs)...
  [J1643-1224] white noise for Rcvr_800_GASP (559 TOAs)...
  [J1643-1224] white noise for Rcvr1_2_GUPPI (8803 TOAs)...
  [J1643-1224] white noise for Rcvr1_2_GASP (833 TOAs)...
  [J1643-1224] white noise for 3GHz_YUPPI (4215 TOAs)...
  [J1705-1903] zeroing residuals...
  [J1705-1903] adding red noise...
  [J1705-1903] white noise for Rcvr_800_GUPPI (3521 TOAs)...
  [J1705-1903] white noise for Rcvr1_2_GUPPI (6350 TOAs)...
  [J1713+0747] zeroing residuals...
  [J1713+0747] adding red noise...
  [J1713+0747] white noise for 1.5GHz_YUPPI (1461 TOAs)...
  [J1713+0747] white noise for Rcvr_800_GUPPI (8479 TOAs)...
  [J1713+0747] white noise for S-wide_ASP (624 TOAs)...
  [J1713+0747] white noise for Rcvr_800_GASP (1032 TOAs)...
  [J1713+0747] white noise for L-wide_ASP (843 TOAs)...
  [J1713+0747] white noise for Rcvr1_2_GUPPI (22334 TOAs)...
  [J1713+0747] white noise for S-wide_PUPPI (7482 TOAs)...
  [J1713+0747] white noise for L-wide_PUPPI (12743 TOAs)...
  [J1713+0747] white noise for Rcvr1_2_GASP (1109 TOAs)...
  [J1713+0747] white noise for 3GHz_YUPPI (3282 TOAs)...
  [J1719-1438] zeroing residuals...
  [J1719-1438] adding red noise...
  [J1719-1438] white noise for Rcvr_800_GUPPI (3634 TOAs)...
  [J1719-1438] white noise for Rcvr1_2_GUPPI (2722 TOAs)...
  [J1730-2304] zeroing residuals...
  [J1730-2304] adding red noise...
  [J1730-2304] white noise for Rcvr_800_GUPPI (2503 TOAs)...
  [J1730-2304] white noise for Rcvr1_2_GUPPI (2367 TOAs)...
  [J1738+0333] zeroing residuals...
  [J1738+0333] adding red noise...
  [J1738+0333] white noise for S-wide_ASP (134 TOAs)...
  [J1738+0333] white noise for L-wide_PUPPI (6718 TOAs)...
  [J1738+0333] white noise for L-wide_ASP (201 TOAs)...
  [J1738+0333] white noise for S-wide_PUPPI (1737 TOAs)...
  [J1741+1351] zeroing residuals...
  [J1741+1351] adding red noise...
  [J1741+1351] white noise for 430_PUPPI (1159 TOAs)...
  [J1741+1351] white noise for 430_ASP (27 TOAs)...
  [J1741+1351] white noise for L-wide_ASP (236 TOAs)...
  [J1741+1351] white noise for L-wide_PUPPI (4045 TOAs)...
  [J1741+1351] white noise for S-wide_ASP (115 TOAs)...
  [J1744-1134] zeroing residuals...
  [J1744-1134] adding red noise...
  [J1744-1134] white noise for Rcvr_800_GUPPI (7899 TOAs)...
  [J1744-1134] white noise for Rcvr_800_GASP (930 TOAs)...
  [J1744-1134] white noise for Rcvr1_2_GASP (807 TOAs)...
  [J1744-1134] white noise for Rcvr1_2_GUPPI (8109 TOAs)...
  [J1745+1017] zeroing residuals...
  [J1745+1017] adding red noise...
  [J1745+1017] white noise for S-wide_PUPPI (838 TOAs)...
  [J1745+1017] white noise for L-wide_PUPPI (2179 TOAs)...
  [J1747-4036] zeroing residuals...
  [J1747-4036] adding red noise...
  [J1747-4036] white noise for Rcvr_800_GUPPI (5816 TOAs)...
  [J1747-4036] white noise for Rcvr1_2_GUPPI (5239 TOAs)...
  [J1751-2857] zeroing residuals...
  [J1751-2857] adding red noise...
  [J1751-2857] white noise for Rcvr_800_GUPPI (239 TOAs)...
  [J1751-2857] white noise for Rcvr1_2_GUPPI (1786 TOAs)...
  [J1802-2124] zeroing residuals...
  [J1802-2124] adding red noise...
  [J1802-2124] white noise for Rcvr_800_GUPPI (3565 TOAs)...
  [J1802-2124] white noise for Rcvr1_2_GUPPI (3231 TOAs)...
  [J1811-2405] zeroing residuals...
  [J1811-2405] adding red noise...
  [J1811-2405] white noise for Rcvr_800_GUPPI (2628 TOAs)...
  [J1811-2405] white noise for Rcvr1_2_GUPPI (2638 TOAs)...
  [J1832-0836] zeroing residuals...
  [J1832-0836] adding red noise...
  [J1832-0836] white noise for Rcvr_800_GUPPI (3078 TOAs)...
  [J1832-0836] white noise for Rcvr1_2_GUPPI (4661 TOAs)...
  [J1843-1113] zeroing residuals...
  [J1843-1113] adding red noise...
  [J1843-1113] white noise for Rcvr_800_GUPPI (2201 TOAs)...
  [J1843-1113] white noise for Rcvr1_2_GUPPI (2394 TOAs)...
  [J1853+1303] zeroing residuals...
  [J1853+1303] adding red noise...
  [J1853+1303] white noise for 430_ASP (24 TOAs)...
  [J1853+1303] white noise for L-wide_PUPPI (3362 TOAs)...
  [J1853+1303] white noise for L-wide_ASP (33 TOAs)...
  [J1853+1303] white noise for 430_PUPPI (1151 TOAs)...
  [J1903+0327] zeroing residuals...
  [J1903+0327] adding red noise...
  [J1903+0327] white noise for 3GHz_YUPPI (439 TOAs)...
  [J1903+0327] white noise for L-wide_ASP (139 TOAs)...
  [J1903+0327] white noise for S-wide_PUPPI (2282 TOAs)...
  [J1903+0327] white noise for L-wide_PUPPI (3845 TOAs)...
  [J1903+0327] white noise for S-wide_ASP (151 TOAs)...
  [J1909-3744] zeroing residuals...
  [J1909-3744] adding red noise...
  [J1909-3744] white noise for Rcvr_800_GUPPI (9399 TOAs)...
  [J1909-3744] white noise for Rcvr_800_GASP (866 TOAs)...
  [J1909-3744] white noise for Rcvr1_2_GUPPI (20439 TOAs)...
  [J1909-3744] white noise for Rcvr1_2_GASP (808 TOAs)...
  [J1909-3744] white noise for 3GHz_YUPPI (3525 TOAs)...
  [J1910+1256] zeroing residuals...
  [J1910+1256] adding red noise...
  [J1910+1256] white noise for S-wide_ASP (208 TOAs)...
  [J1910+1256] white noise for L-wide_PUPPI (4124 TOAs)...
  [J1910+1256] white noise for L-wide_ASP (297 TOAs)...
  [J1910+1256] white noise for S-wide_PUPPI (1857 TOAs)...
  [J1911+1347] zeroing residuals...
  [J1911+1347] adding red noise...
  [J1911+1347] white noise for 430_PUPPI (753 TOAs)...
  [J1911+1347] white noise for L-wide_PUPPI (3033 TOAs)...
  [J1918-0642] zeroing residuals...
  [J1918-0642] adding red noise...
  [J1918-0642] white noise for Rcvr_800_GUPPI (8352 TOAs)...
  [J1918-0642] white noise for Rcvr_800_GASP (835 TOAs)...
  [J1918-0642] white noise for Rcvr1_2_GASP (778 TOAs)...
  [J1918-0642] white noise for Rcvr1_2_GUPPI (8910 TOAs)...
  [J1923+2515] zeroing residuals...
  [J1923+2515] adding red noise...
  [J1923+2515] white noise for 430_ASP (10 TOAs)...
  [J1923+2515] white noise for L-wide_PUPPI (3028 TOAs)...
  [J1923+2515] white noise for L-wide_ASP (14 TOAs)...
  [J1923+2515] white noise for 430_PUPPI (922 TOAs)...
  [J1944+0907] zeroing residuals...
  [J1944+0907] adding red noise...
  [J1944+0907] white noise for 430_PUPPI (1017 TOAs)...
  [J1944+0907] white noise for 430_ASP (38 TOAs)...
  [J1944+0907] white noise for L-wide_ASP (257 TOAs)...
  [J1944+0907] white noise for L-wide_PUPPI (3900 TOAs)...
  [J1944+0907] white noise for S-wide_ASP (116 TOAs)...
  [J1946+3417] zeroing residuals...
  [J1946+3417] adding red noise...
  [J1946+3417] white noise for S-wide_PUPPI (1546 TOAs)...
  [J1946+3417] white noise for L-wide_PUPPI (3197 TOAs)...
  [J2010-1323] zeroing residuals...
  [J2010-1323] adding red noise...
  [J2010-1323] white noise for Rcvr_800_GUPPI (9158 TOAs)...
  [J2010-1323] white noise for Rcvr_800_GASP (70 TOAs)...
  [J2010-1323] white noise for Rcvr1_2_GASP (70 TOAs)...
  [J2010-1323] white noise for Rcvr1_2_GUPPI (7779 TOAs)...
  [J2017+0603] zeroing residuals...
  [J2017+0603] adding red noise...
  [J2017+0603] white noise for S-wide_PUPPI (849 TOAs)...
  [J2017+0603] white noise for 430_PUPPI (78 TOAs)...
  [J2017+0603] white noise for L-wide_PUPPI (2569 TOAs)...
  [J2017+0603] white noise for L-wide_ASP (16 TOAs)...
  [J2033+1734] zeroing residuals...
  [J2033+1734] adding red noise...
  [J2033+1734] white noise for 430_PUPPI (797 TOAs)...
  [J2033+1734] white noise for L-wide_PUPPI (3050 TOAs)...
  [J2043+1711] zeroing residuals...
  [J2043+1711] adding red noise...
  [J2043+1711] white noise for 430_ASP (30 TOAs)...
  [J2043+1711] white noise for L-wide_PUPPI (4419 TOAs)...
  [J2043+1711] white noise for L-wide_ASP (40 TOAs)...
  [J2043+1711] white noise for 430_PUPPI (2908 TOAs)...
  [J2124-3358] zeroing residuals...
  [J2124-3358] adding red noise...
  [J2124-3358] white noise for Rcvr_800_GUPPI (2025 TOAs)...
  [J2124-3358] white noise for Rcvr1_2_GUPPI (2957 TOAs)...
  [J2145-0750] zeroing residuals...
  [J2145-0750] adding red noise...
  [J2145-0750] white noise for Rcvr_800_GUPPI (8728 TOAs)...
  [J2145-0750] white noise for Rcvr_800_GASP (362 TOAs)...
  [J2145-0750] white noise for Rcvr1_2_GASP (427 TOAs)...
  [J2145-0750] white noise for Rcvr1_2_GUPPI (9158 TOAs)...
  [J2214+3000] zeroing residuals...
  [J2214+3000] adding red noise...
  [J2214+3000] white noise for S-wide_PUPPI (1568 TOAs)...
  [J2214+3000] white noise for L-wide_PUPPI (5829 TOAs)...
  [J2214+3000] white noise for L-wide_ASP (9 TOAs)...
  [J2229+2643] zeroing residuals...
  [J2229+2643] adding red noise...
  [J2229+2643] white noise for 430_PUPPI (956 TOAs)...
  [J2229+2643] white noise for L-wide_PUPPI (2755 TOAs)...
  [J2234+0611] zeroing residuals...
  [J2234+0611] adding red noise...
  [J2234+0611] white noise for 430_PUPPI (653 TOAs)...
  [J2234+0611] white noise for L-wide_PUPPI (2913 TOAs)...
  [J2234+0944] zeroing residuals...
  [J2234+0944] adding red noise...
  [J2234+0944] white noise for S-wide_PUPPI (2532 TOAs)...
  [J2234+0944] white noise for L-wide_PUPPI (5003 TOAs)...
  [J2302+4442] zeroing residuals...
  [J2302+4442] adding red noise...
  [J2302+4442] white noise for Rcvr_800_GUPPI (6432 TOAs)...
  [J2302+4442] white noise for Rcvr1_2_GUPPI (3779 TOAs)...
  [J2317+1439] zeroing residuals...
  [J2317+1439] adding red noise...
  [J2317+1439] white noise for 430_PUPPI (3217 TOAs)...
  [J2317+1439] white noise for 327_ASP (413 TOAs)...
  [J2317+1439] white noise for 430_ASP (458 TOAs)...
  [J2317+1439] white noise for 327_PUPPI (276 TOAs)...
  [J2317+1439] white noise for L-wide_PUPPI (9563 TOAs)...
  [J2322+2057] zeroing residuals...
  [J2322+2057] adding red noise...
  [J2322+2057] white noise for S-wide_PUPPI (140 TOAs)...
  [J2322+2057] white noise for 430_PUPPI (752 TOAs)...
  [J2322+2057] white noise for L-wide_PUPPI (2196 TOAs)...
Resetting pulsars to clean stoas...
Restore: 0.00 s
Inject: 0.00 s
Snapshotting into enterprise Pulsar objects...
Building PTA...
PTA build: 506.42 s
Computing optimal statistic...
OS time: 61.89 s
Total: 568.31 s
Noise-only SNR baseline: 0.3154

Generating SNR-consistent population...
Target SNR: 4.0
Resetting pulsars to clean stoas...
Restore: 7.54 s
Injecting population...
  B1855+09: RMS = 3012.098 ns
  B1937+21: RMS = 2786.254 ns
  B1953+29: RMS = 4115.300 ns
  J0023+0923: RMS = 1316.045 ns
  J0030+0451: RMS = 1839.902 ns
  J0340+4130: RMS = 5307.876 ns
  J0406+3039: RMS = 1492.408 ns
  J0437-4715: RMS = 5346.542 ns
  J0509+0856: RMS = 6503.249 ns
  J0557+1551: RMS = 1466.697 ns
  J0605+3757: RMS = 1442.903 ns
  J0610-2100: RMS = 2332.804 ns
  J0613-0200: RMS = 4684.690 ns
  J0636+5128: RMS = 1245.578 ns
  J0645+5158: RMS = 1417.889 ns
  J0709+0458: RMS = 1255.660 ns
  J0740+6620: RMS = 2613.354 ns
  J0931-1902: RMS = 3844.426 ns
  J1012+5307: RMS = 3265.875 ns
  J1012-4235: RMS = 272.577 ns
  J1022+1001: RMS = 6919.356 ns
  J1024-0719: RMS = 5210.823 ns
  J1125+7819: RMS = 2057.080 ns
  J1312+0051: RMS = 1121.216 ns
  J1453+1902: RMS = 3382.878 ns
  J1455-3330: RMS = 10362.545 ns
  J1600-3053: RMS = 11089.294 ns
  J1614-2230: RMS = 3684.167 ns
  J1630+3734: RMS = 3299.447 ns
  J1640+2224: RMS = 3577.125 ns
  J1643-1224: RMS = 3730.676 ns
  J1705-1903: RMS = 1163.920 ns
  J1713+0747: RMS = 4376.734 ns
  J1719-1438: RMS = 728.050 ns
  J1730-2304: RMS = 3430.022 ns
  J1738+0333: RMS = 3286.203 ns
  J1741+1351: RMS = 4023.623 ns
  J1744-1134: RMS = 4277.115 ns
  J1745+1017: RMS = 2434.779 ns
  J1747-4036: RMS = 5962.481 ns
  J1751-2857: RMS = 1555.789 ns
  J1802-2124: RMS = 1558.483 ns
  J1811-2405: RMS = 1067.995 ns
  J1832-0836: RMS = 3141.358 ns
  J1843-1113: RMS = 1656.257 ns
  J1853+1303: RMS = 1935.981 ns
  J1903+0327: RMS = 895.294 ns
  J1909-3744: RMS = 3770.927 ns
  J1910+1256: RMS = 2205.344 ns
  J1911+1347: RMS = 2103.254 ns
  J1918-0642: RMS = 3056.843 ns
  J1923+2515: RMS = 2567.106 ns
  J1944+0907: RMS = 2327.220 ns
  J1946+3417: RMS = 1912.262 ns
  J2010-1323: RMS = 4345.707 ns
  J2017+0603: RMS = 2475.846 ns
  J2033+1734: RMS = 2424.994 ns
  J2043+1711: RMS = 3964.215 ns
  J2124-3358: RMS = 2939.999 ns
  J2145-0750: RMS = 6684.354 ns
  J2214+3000: RMS = 5630.965 ns
  J2229+2643: RMS = 6402.143 ns
  J2234+0611: RMS = 3056.672 ns
  J2234+0944: RMS = 6201.040 ns
  J2302+4442: RMS = 6661.208 ns
  J2317+1439: RMS = 3221.311 ns
  J2322+2057: RMS = 5547.531 ns
Inject: 0.57 s
Snapshotting into enterprise Pulsar objects...
Building PTA...
PTA build: 484.02 s
Computing optimal statistic...
OS time: 54.97 s
Total: 547.10 s
Initial SNR: 83.5063, Target SNR: 4.0000
  Initial SNR 83.5063 outside of provided SNR_range [3.5, 4.25] — rescaling.
Scaling distances by factor 4.7517 to achieve target SNR...
Resetting pulsars to clean stoas...
Restore: 0.00 s
Injecting population...
  B1855+09: RMS = 633.906 ns
  B1937+21: RMS = 586.376 ns
  B1953+29: RMS = 866.078 ns
  J0023+0923: RMS = 276.966 ns
  J0030+0451: RMS = 387.213 ns
  J0340+4130: RMS = 1117.059 ns
  J0406+3039: RMS = 314.082 ns
  J0437-4715: RMS = 1125.197 ns
  J0509+0856: RMS = 1368.629 ns
  J0557+1551: RMS = 308.671 ns
  J0605+3757: RMS = 303.664 ns
  J0610-2100: RMS = 490.946 ns
  J0613-0200: RMS = 985.908 ns
  J0636+5128: RMS = 262.136 ns
  J0645+5158: RMS = 298.399 ns
  J0709+0458: RMS = 264.258 ns
  J0740+6620: RMS = 549.988 ns
  J0931-1902: RMS = 809.072 ns
  J1012+5307: RMS = 687.314 ns
  J1012-4235: RMS = 57.365 ns
  J1022+1001: RMS = 1456.200 ns
  J1024-0719: RMS = 1096.634 ns
  J1125+7819: RMS = 432.919 ns
  J1312+0051: RMS = 235.964 ns
  J1453+1902: RMS = 711.937 ns
  J1455-3330: RMS = 2180.830 ns
  J1600-3053: RMS = 2333.777 ns
  J1614-2230: RMS = 775.345 ns
  J1630+3734: RMS = 694.379 ns
  J1640+2224: RMS = 752.817 ns
  J1643-1224: RMS = 785.133 ns
  J1705-1903: RMS = 244.951 ns
  J1713+0747: RMS = 921.098 ns
  J1719-1438: RMS = 153.220 ns
  J1730-2304: RMS = 721.859 ns
  J1738+0333: RMS = 691.592 ns
  J1741+1351: RMS = 846.784 ns
  J1744-1134: RMS = 900.132 ns
  J1745+1017: RMS = 512.407 ns
  J1747-4036: RMS = 1254.823 ns
  J1751-2857: RMS = 327.421 ns
  J1802-2124: RMS = 327.988 ns
  J1811-2405: RMS = 224.763 ns
  J1832-0836: RMS = 661.109 ns
  J1843-1113: RMS = 348.564 ns
  J1853+1303: RMS = 407.433 ns
  J1903+0327: RMS = 188.417 ns
  J1909-3744: RMS = 793.603 ns
  J1910+1256: RMS = 464.121 ns
  J1911+1347: RMS = 442.636 ns
  J1918-0642: RMS = 643.322 ns
  J1923+2515: RMS = 540.255 ns
  J1944+0907: RMS = 489.771 ns
  J1946+3417: RMS = 402.442 ns
  J2010-1323: RMS = 914.568 ns
  J2017+0603: RMS = 521.050 ns
  J2033+1734: RMS = 510.348 ns
  J2043+1711: RMS = 834.281 ns
  J2124-3358: RMS = 618.732 ns
  J2145-0750: RMS = 1406.743 ns
  J2214+3000: RMS = 1185.054 ns
  J2229+2643: RMS = 1347.351 ns
  J2234+0611: RMS = 643.286 ns
  J2234+0944: RMS = 1305.028 ns
  J2302+4442: RMS = 1401.872 ns
  J2317+1439: RMS = 677.935 ns
  J2322+2057: RMS = 1167.495 ns
Inject: 0.66 s
Snapshotting into enterprise Pulsar objects...
Building PTA...
PTA build: 478.68 s
Computing optimal statistic...
OS time: 58.66 s
Total: 538.00 s
  SNR 1.9021 outside of provided SNR_range [3.5, 4.25] — rescaling.
[Iteration 1/100] SNR after scaling: 1.9021 (target: 4.0000)
  SNR history: it0→83.5063@1.0000x, it1→1.9021@4.7517x
  Re-scaling distances by factor 0.4588  (cumulative after: 2.1798×)
Resetting pulsars to clean stoas...
Restore: 0.01 s
Injecting population...
  B1855+09: RMS = 1381.805 ns
  B1937+21: RMS = 1278.199 ns
  B1953+29: RMS = 1887.901 ns
  J0023+0923: RMS = 603.738 ns
  J0030+0451: RMS = 844.058 ns
  J0340+4130: RMS = 2434.997 ns
  J0406+3039: RMS = 684.645 ns
  J0437-4715: RMS = 2452.735 ns
  J0509+0856: RMS = 2983.377 ns
  J0557+1551: RMS = 672.850 ns
  J0605+3757: RMS = 661.934 ns
  J0610-2100: RMS = 1070.178 ns
  J0613-0200: RMS = 2149.110 ns
  J0636+5128: RMS = 571.411 ns
  J0645+5158: RMS = 650.459 ns
  J0709+0458: RMS = 576.036 ns
  J0740+6620: RMS = 1198.880 ns
  J0931-1902: RMS = 1763.637 ns
  J1012+5307: RMS = 1498.226 ns
  J1012-4235: RMS = 125.045 ns
  J1022+1001: RMS = 3174.267 ns
  J1024-0719: RMS = 2390.474 ns
  J1125+7819: RMS = 943.689 ns
  J1312+0051: RMS = 514.360 ns
  J1453+1902: RMS = 1551.901 ns
  J1455-3330: RMS = 4753.835 ns
  J1600-3053: RMS = 5087.233 ns
  J1614-2230: RMS = 1690.118 ns
  J1630+3734: RMS = 1513.627 ns
  J1640+2224: RMS = 1641.012 ns
  J1643-1224: RMS = 1711.454 ns
  J1705-1903: RMS = 533.950 ns
  J1713+0747: RMS = 2007.834 ns
  J1719-1438: RMS = 333.994 ns
  J1730-2304: RMS = 1573.529 ns
  J1738+0333: RMS = 1507.551 ns
  J1741+1351: RMS = 1845.844 ns
  J1744-1134: RMS = 1962.134 ns
  J1745+1017: RMS = 1116.959 ns
  J1747-4036: RMS = 2735.298 ns
  J1751-2857: RMS = 713.721 ns
  J1802-2124: RMS = 714.957 ns
  J1811-2405: RMS = 489.945 ns
  J1832-0836: RMS = 1441.103 ns
  J1843-1113: RMS = 759.811 ns
  J1853+1303: RMS = 888.135 ns
  J1903+0327: RMS = 410.718 ns
  J1909-3744: RMS = 1729.919 ns
  J1910+1256: RMS = 1011.705 ns
  J1911+1347: RMS = 964.871 ns
  J1918-0642: RMS = 1402.332 ns
  J1923+2515: RMS = 1177.664 ns
  J1944+0907: RMS = 1067.616 ns
  J1946+3417: RMS = 877.254 ns
  J2010-1323: RMS = 1993.601 ns
  J2017+0603: RMS = 1135.799 ns
  J2033+1734: RMS = 1112.470 ns
  J2043+1711: RMS = 1818.590 ns
  J2124-3358: RMS = 1348.729 ns
  J2145-0750: RMS = 3066.459 ns
  J2214+3000: RMS = 2583.215 ns
  J2229+2643: RMS = 2936.994 ns
  J2234+0611: RMS = 1402.254 ns
  J2234+0944: RMS = 2844.738 ns
  J2302+4442: RMS = 3055.841 ns
  J2317+1439: RMS = 1477.782 ns
  J2322+2057: RMS = 2544.939 ns
Inject: 0.66 s
Snapshotting into enterprise Pulsar objects...
Building PTA...
PTA build: 474.19 s
Computing optimal statistic...
OS time: 44.78 s
Total: 519.63 s
  SNR 14.6893 outside of provided SNR_range [3.5, 4.25] — rescaling.
[Iteration 2/100] SNR after scaling: 14.6893 (target: 4.0000)
  SNR history: it0→83.5063@1.0000x, it1→1.9021@4.7517x, it2→14.6893@2.1798x
  Re-scaling distances by factor 1.4764  (cumulative after: 3.2184×)
Resetting pulsars to clean stoas...
Restore: 0.00 s
Injecting population...
  B1855+09: RMS = 935.913 ns
  B1937+21: RMS = 865.740 ns
  B1953+29: RMS = 1278.698 ns
  J0023+0923: RMS = 408.919 ns
  J0030+0451: RMS = 571.691 ns
  J0340+4130: RMS = 1649.253 ns
  J0406+3039: RMS = 463.718 ns
  J0437-4715: RMS = 1661.267 ns
  J0509+0856: RMS = 2020.677 ns
  J0557+1551: RMS = 455.729 ns
  J0605+3757: RMS = 448.336 ns
  J0610-2100: RMS = 724.844 ns
  J0613-0200: RMS = 1455.618 ns
  J0636+5128: RMS = 387.024 ns
  J0645+5158: RMS = 440.564 ns
  J0709+0458: RMS = 390.156 ns
  J0740+6620: RMS = 812.016 ns
  J0931-1902: RMS = 1194.533 ns
  J1012+5307: RMS = 1014.766 ns
  J1012-4235: RMS = 84.695 ns
  J1022+1001: RMS = 2149.969 ns
  J1024-0719: RMS = 1619.097 ns
  J1125+7819: RMS = 639.172 ns
  J1312+0051: RMS = 348.382 ns
  J1453+1902: RMS = 1051.121 ns
  J1455-3330: RMS = 3219.830 ns
  J1600-3053: RMS = 3445.644 ns
  J1614-2230: RMS = 1144.738 ns
  J1630+3734: RMS = 1025.198 ns
  J1640+2224: RMS = 1111.477 ns
  J1643-1224: RMS = 1159.189 ns
  J1705-1903: RMS = 361.651 ns
  J1713+0747: RMS = 1359.931 ns
  J1719-1438: RMS = 226.218 ns
  J1730-2304: RMS = 1065.770 ns
  J1738+0333: RMS = 1021.083 ns
  J1741+1351: RMS = 1250.212 ns
  J1744-1134: RMS = 1328.977 ns
  J1745+1017: RMS = 756.530 ns
  J1747-4036: RMS = 1852.651 ns
  J1751-2857: RMS = 483.412 ns
  J1802-2124: RMS = 484.249 ns
  J1811-2405: RMS = 331.845 ns
  J1832-0836: RMS = 976.077 ns
  J1843-1113: RMS = 514.629 ns
  J1853+1303: RMS = 601.544 ns
  J1903+0327: RMS = 278.184 ns
  J1909-3744: RMS = 1171.695 ns
  J1910+1256: RMS = 685.240 ns
  J1911+1347: RMS = 653.519 ns
  J1918-0642: RMS = 949.816 ns
  J1923+2515: RMS = 797.646 ns
  J1944+0907: RMS = 723.109 ns
  J1946+3417: RMS = 594.175 ns
  J2010-1323: RMS = 1350.290 ns
  J2017+0603: RMS = 769.290 ns
  J2033+1734: RMS = 753.489 ns
  J2043+1711: RMS = 1231.753 ns
  J2124-3358: RMS = 913.511 ns
  J2145-0750: RMS = 2076.950 ns
  J2214+3000: RMS = 1749.643 ns
  J2229+2643: RMS = 1989.262 ns
  J2234+0611: RMS = 949.763 ns
  J2234+0944: RMS = 1926.776 ns
  J2302+4442: RMS = 2069.758 ns
  J2317+1439: RMS = 1000.920 ns
  J2322+2057: RMS = 1723.718 ns
Inject: 0.55 s
Snapshotting into enterprise Pulsar objects...

+------------------ Job Report: 11780182 (CANCELLED) ------------------+
| Memory (RAM)  [#################   ] 87.4% (29.7 GB peak / 34 GB)    |
| CPU           [##############      ] 72.6% average                   |
| Time          [-------->           ] 40.8% (0-00:44:51 / 0-01:50:00) |
|                                                                      |
| Lustre Filesystem:                                                   |
|   Path    Total Read    Total Write    Total IOPS                    |
|   ------  ------------  -------------  ------------                  |
|   /apps   0 B           0 B            23                            |
|   /fred   16 KB         160.5 KB       24                            |
|   /home   3.5 MB        0 B            2.4 K                         |
|   OS      0 B           0 B            3                             |
|                                                                      |
| Warnings:                                                            |
|   - CPU usage is low                                                 |
|   - Too much time requested                                          |
+----------------------------------------------------------------------+
