==========================================
Job ID: 11783326
Job Name: smbhb_optimistic
Node: gina4
Start Time: Fri May  1 17:23:04 AEST 2026
==========================================

/home/bhoulden/.conda/envs/smbhb312/share/tempo2
Working directory: /fred/oz005/users/bhoulden/SMBHB_population_injections

Loaded modules:

Starting SMBHB analysis...
==========================================

📁 Save directory: data/2026-05-01/optimistic_run_55
📝 Run name: optimistic_run_55

[MEM] Start: 243.4 MB

📡 Loading pulsars...
======================================================================
LOADING NANOGRAV PULSARS (libstempo)
======================================================================

📦 Loading from cache: nanograv_pulsars_cache.pkl
⚠ Cache load failed: Ran out of input
[DEBUG] Found 76 .par files
[tempo2Util.C:396] Warning: [MISC1] Unknown parameter in par file:  DMDATA
[tempo2Util.C:401] Warning: [DUP1] duplicated warnings have been suppressed.

WARNING: Using tempo RNAMP parameter: setting TNRedC to 100!
[observatory.C:271] Warning: Assuming site 'arecibo' means 'ao'
✓ Loaded B1855+09 (7758 TOAs)

WARNING: Using tempo RNAMP parameter: setting TNRedC to 100!
✓ Loaded B1937+21 (23023 TOAs)

WARNING: Using tempo RNAMP parameter: setting TNRedC to 100!
✓ Loaded B1937+21ao (7241 TOAs)

WARNING: Using tempo RNAMP parameter: setting TNRedC to 100!
✓ Loaded B1937+21gbt (16048 TOAs)

WARNING: Using tempo RNAMP parameter: setting TNRedC to 100!
✓ Loaded B1953+29 (5126 TOAs)
✓ Loaded J0023+0923 (15896 TOAs)

WARNING: Using tempo RNAMP parameter: setting TNRedC to 100!
✓ Loaded J0030+0451 (19571 TOAs)
✓ Loaded J0340+4130 (11093 TOAs)
✓ Loaded J0406+3039 (2446 TOAs)

WARNING: Using tempo RNAMP parameter: setting TNRedC to 100!
✓ Loaded J0437-4715 (5830 TOAs)
✓ Loaded J0509+0856 (2169 TOAs)
✓ Loaded J0557+1551 (525 TOAs)
✓ Loaded J0605+3757 (554 TOAs)

WARNING: Using tempo RNAMP parameter: setting TNRedC to 100!
✓ Loaded J0610-2100 (4885 TOAs)

WARNING: Using tempo RNAMP parameter: setting TNRedC to 100!
✓ Loaded J0613-0200 (17124 TOAs)
✓ Loaded J0614-3329 (1714 TOAs)
✓ Loaded J0636+5128 (32222 TOAs)
✓ Loaded J0645+5158 (10403 TOAs)
✓ Loaded J0709+0458 (3030 TOAs)
✓ Loaded J0740+6620 (13401 TOAs)
✓ Loaded J0931-1902 (5473 TOAs)

WARNING: Using tempo RNAMP parameter: setting TNRedC to 100!
✓ Loaded J1012+5307 (25837 TOAs)
✓ Loaded J1012-4235 (797 TOAs)
✓ Loaded J1022+1001 (3978 TOAs)
✓ Loaded J1024-0719 (12635 TOAs)
✓ Loaded J1125+7819 (8723 TOAs)
✓ Loaded J1312+0051 (1705 TOAs)
✓ Loaded J1453+1902 (2551 TOAs)
✓ Loaded J1455-3330 (10818 TOAs)

WARNING: Using tempo RNAMP parameter: setting TNRedC to 100!
✓ Loaded J1600-3053 (22955 TOAs)

WARNING: Using tempo RNAMP parameter: setting TNRedC to 100!
✓ Loaded J1600-3053gbt (19725 TOAs)

WARNING: Using tempo RNAMP parameter: setting TNRedC to 100!
✓ Loaded J1614-2230 (18445 TOAs)
✓ Loaded J1630+3734 (1815 TOAs)
✓ Loaded J1640+2224 (14066 TOAs)

WARNING: Using tempo RNAMP parameter: setting TNRedC to 100!
✓ Loaded J1643-1224 (22144 TOAs)

WARNING: Using tempo RNAMP parameter: setting TNRedC to 100!
✓ Loaded J1643-1224gbt (17932 TOAs)

WARNING: Using tempo RNAMP parameter: setting TNRedC to 100!
✓ Loaded J1705-1903 (9871 TOAs)

WARNING: Using tempo RNAMP parameter: setting TNRedC to 100!
✓ Loaded J1713+0747 (59389 TOAs)

WARNING: Using tempo RNAMP parameter: setting TNRedC to 100!
✓ Loaded J1713+0747ao (21362 TOAs)

WARNING: Using tempo RNAMP parameter: setting TNRedC to 100!
✓ Loaded J1713+0747gbt (32963 TOAs)
✓ Loaded J1719-1438 (6356 TOAs)
✓ Loaded J1730-2304 (4870 TOAs)
✓ Loaded J1738+0333 (8790 TOAs)
✓ Loaded J1741+1351 (5582 TOAs)

WARNING: Using tempo RNAMP parameter: setting TNRedC to 100!
✓ Loaded J1744-1134 (17745 TOAs)

WARNING: Using tempo RNAMP parameter: setting TNRedC to 100!
✓ Loaded J1745+1017 (3017 TOAs)

WARNING: Using tempo RNAMP parameter: setting TNRedC to 100!
✓ Loaded J1747-4036 (11055 TOAs)
✓ Loaded J1751-2857 (2025 TOAs)

WARNING: Using tempo RNAMP parameter: setting TNRedC to 100!
✓ Loaded J1802-2124 (6796 TOAs)
✓ Loaded J1811-2405 (5266 TOAs)
✓ Loaded J1832-0836 (7739 TOAs)
✓ Loaded J1843-1113 (4595 TOAs)

WARNING: Using tempo RNAMP parameter: setting TNRedC to 100!
✓ Loaded J1853+1303 (4570 TOAs)

WARNING: Using tempo RNAMP parameter: setting TNRedC to 100!
✓ Loaded J1903+0327 (6856 TOAs)

WARNING: Using tempo RNAMP parameter: setting TNRedC to 100!
✓ Loaded J1903+0327ao (6423 TOAs)

WARNING: Using tempo RNAMP parameter: setting TNRedC to 100!
✓ Loaded J1909-3744 (35037 TOAs)

WARNING: Using tempo RNAMP parameter: setting TNRedC to 100!
✓ Loaded J1909-3744gbt (31526 TOAs)
✓ Loaded J1910+1256 (6486 TOAs)
✓ Loaded J1911+1347 (3786 TOAs)
✓ Loaded J1918-0642 (18875 TOAs)
✓ Loaded J1923+2515 (3974 TOAs)
✓ Loaded J1944+0907 (5328 TOAs)

WARNING: Using tempo RNAMP parameter: setting TNRedC to 100!
✓ Loaded J1946+3417 (4743 TOAs)
✓ Loaded J2010-1323 (17077 TOAs)
✓ Loaded J2017+0603 (3512 TOAs)
✓ Loaded J2033+1734 (3847 TOAs)
✓ Loaded J2043+1711 (7397 TOAs)
✓ Loaded J2124-3358 (4982 TOAs)

WARNING: Using tempo RNAMP parameter: setting TNRedC to 100!
✓ Loaded J2145-0750 (18675 TOAs)
✓ Loaded J2214+3000 (7406 TOAs)
✓ Loaded J2229+2643 (3711 TOAs)

WARNING: Using tempo RNAMP parameter: setting TNRedC to 100!
✓ Loaded J2234+0611 (3566 TOAs)
✓ Loaded J2234+0944 (7535 TOAs)
✓ Loaded J2302+4442 (10211 TOAs)
✓ Loaded J2317+1439 (13927 TOAs)
✓ Loaded J2322+2057 (3088 TOAs)
⚠ Could not save cache: no default __reduce__ due to non-trivial __cinit__

✓ Loaded 76 pulsars
✗ Failed: 0 — []
[MEM] After loading pulsars: 8662.3 MB

🔍 Filtering pulsars...

Filtered: 76 → 67 pulsars
[MEM] After filtering pulsars: 8663.4 MB
[MEM] After garbage collection: 8663.6 MB

======================================================================
SMBHB POPULATION ANALYSIS
======================================================================

Configuration: optimistic
  Larger mass, higher spread in distance, small population
  N_binaries: 500

======================================================================
CONSISTENT POPULATION SYNTHESIS
======================================================================

======================================================================
GENERATING SNR-CONSISTENT POPULATIONS
======================================================================
Target SNR:          4.0
Simulations:         1
======================================================================


──────────────────────────────────────────────────────────────────────
SIMULATION 1/1
──────────────────────────────────────────────────────────────────────
  [B1855+09] zeroing residuals...
  [B1855+09] adding red noise...
  [B1855+09] white noise for L-wide_PUPPI (5005 TOAs)...
  [B1855+09] white noise for 430_ASP (390 TOAs)...
  [B1855+09] white noise for 430_PUPPI (1185 TOAs)...
  [B1855+09] white noise for L-wide_ASP (1178 TOAs)...
  [B1937+21] zeroing residuals...
  [B1937+21] adding red noise...
  [B1937+21] white noise for S-wide_PUPPI (2251 TOAs)...
  [B1937+21] white noise for L-wide_PUPPI (4133 TOAs)...
  [B1937+21] white noise for Rcvr_800_GASP (586 TOAs)...
  [B1937+21] white noise for Rcvr_800_GUPPI (7140 TOAs)...
  [B1937+21] white noise for L-wide_ASP (452 TOAs)...
  [B1937+21] white noise for Rcvr1_2_GUPPI (7048 TOAs)...
  [B1937+21] white noise for S-wide_ASP (344 TOAs)...
  [B1937+21] white noise for Rcvr1_2_GASP (1069 TOAs)...
  [B1953+29] zeroing residuals...
  [B1953+29] adding red noise...
  [B1953+29] white noise for L-wide_PUPPI (4037 TOAs)...
  [B1953+29] white noise for 430_PUPPI (941 TOAs)...
  [B1953+29] white noise for 430_ASP (29 TOAs)...
  [B1953+29] white noise for L-wide_ASP (94 TOAs)...
  [B1953+29] white noise for S-wide_ASP (25 TOAs)...
  [J0023+0923] zeroing residuals...
  [J0023+0923] adding red noise...
  [J0023+0923] white noise for L-wide_PUPPI (11123 TOAs)...
  [J0023+0923] white noise for 430_ASP (90 TOAs)...
  [J0023+0923] white noise for 430_PUPPI (4564 TOAs)...
  [J0023+0923] white noise for L-wide_ASP (119 TOAs)...
  [J0030+0451] zeroing residuals...
  [J0030+0451] adding red noise...
  [J0030+0451] white noise for S-wide_PUPPI (2673 TOAs)...
  [J0030+0451] white noise for L-wide_PUPPI (12774 TOAs)...
  [J0030+0451] white noise for 430_PUPPI (3068 TOAs)...
  [J0030+0451] white noise for 430_ASP (267 TOAs)...
  [J0030+0451] white noise for L-wide_ASP (789 TOAs)...
  [J0340+4130] zeroing residuals...
  [J0340+4130] adding red noise...
  [J0340+4130] white noise for Rcvr1_2_GUPPI (5037 TOAs)...
  [J0340+4130] white noise for Rcvr_800_GUPPI (6056 TOAs)...
  [J0406+3039] zeroing residuals...
  [J0406+3039] adding red noise...
  [J0406+3039] white noise for S-wide_PUPPI (575 TOAs)...
  [J0406+3039] white noise for L-wide_PUPPI (1871 TOAs)...
  [J0437-4715] zeroing residuals...
  [J0437-4715] adding red noise...
  [J0437-4715] white noise for 1.5GHz_YUPPI (2134 TOAs)...
  [J0437-4715] white noise for 3GHz_YUPPI (3696 TOAs)...
  [J0509+0856] zeroing residuals...
  [J0509+0856] adding red noise...
  [J0509+0856] white noise for S-wide_PUPPI (544 TOAs)...
  [J0509+0856] white noise for L-wide_PUPPI (1625 TOAs)...
  [J0557+1551] zeroing residuals...
  [J0557+1551] adding red noise...
  [J0557+1551] white noise for S-wide_PUPPI (58 TOAs)...
  [J0557+1551] white noise for L-wide_PUPPI (467 TOAs)...
  [J0605+3757] zeroing residuals...
  [J0605+3757] adding red noise...
  [J0605+3757] white noise for Rcvr1_2_GUPPI (318 TOAs)...
  [J0605+3757] white noise for Rcvr_800_GUPPI (236 TOAs)...
  [J0610-2100] zeroing residuals...
  [J0610-2100] adding red noise...
  [J0610-2100] white noise for Rcvr1_2_GUPPI (2401 TOAs)...
  [J0610-2100] white noise for Rcvr_800_GUPPI (2484 TOAs)...
  [J0613-0200] zeroing residuals...
  [J0613-0200] adding red noise...
  [J0613-0200] white noise for Rcvr1_2_GUPPI (7423 TOAs)...
  [J0613-0200] white noise for Rcvr_800_GUPPI (7900 TOAs)...
  [J0613-0200] white noise for Rcvr_800_GASP (809 TOAs)...
  [J0613-0200] white noise for Rcvr1_2_GASP (992 TOAs)...
  [J0636+5128] zeroing residuals...
  [J0636+5128] adding red noise...
  [J0636+5128] white noise for Rcvr1_2_GUPPI (14803 TOAs)...
  [J0636+5128] white noise for Rcvr_800_GUPPI (17419 TOAs)...
  [J0645+5158] zeroing residuals...
  [J0645+5158] adding red noise...
  [J0645+5158] white noise for Rcvr1_2_GUPPI (5721 TOAs)...
  [J0645+5158] white noise for Rcvr_800_GUPPI (4682 TOAs)...
  [J0709+0458] zeroing residuals...
  [J0709+0458] adding red noise...
  [J0709+0458] white noise for S-wide_PUPPI (595 TOAs)...
  [J0709+0458] white noise for L-wide_PUPPI (2435 TOAs)...
  [J0740+6620] zeroing residuals...
  [J0740+6620] adding red noise...
  [J0740+6620] white noise for Rcvr1_2_GUPPI (8265 TOAs)...
  [J0740+6620] white noise for Rcvr_800_GUPPI (5136 TOAs)...
  [J0931-1902] zeroing residuals...
  [J0931-1902] adding red noise...
  [J0931-1902] white noise for Rcvr1_2_GUPPI (2054 TOAs)...
  [J0931-1902] white noise for Rcvr_800_GUPPI (3419 TOAs)...
  [J1012+5307] zeroing residuals...
  [J1012+5307] adding red noise...
  [J1012+5307] white noise for Rcvr1_2_GUPPI (12849 TOAs)...
  [J1012+5307] white noise for Rcvr_800_GUPPI (10299 TOAs)...
  [J1012+5307] white noise for Rcvr_800_GASP (1210 TOAs)...
  [J1012+5307] white noise for Rcvr1_2_GASP (1479 TOAs)...
  [J1012-4235] zeroing residuals...
  [J1012-4235] adding red noise...
  [J1012-4235] white noise for Rcvr1_2_GUPPI (455 TOAs)...
  [J1012-4235] white noise for Rcvr_800_GUPPI (342 TOAs)...
  [J1022+1001] zeroing residuals...
  [J1022+1001] adding red noise...
  [J1022+1001] white noise for S-wide_PUPPI (1154 TOAs)...
  [J1022+1001] white noise for L-wide_PUPPI (2592 TOAs)...
  [J1022+1001] white noise for 430_PUPPI (232 TOAs)...
  [J1024-0719] zeroing residuals...
  [J1024-0719] adding red noise...
  [J1024-0719] white noise for Rcvr1_2_GUPPI (7086 TOAs)...
  [J1024-0719] white noise for Rcvr_800_GUPPI (5455 TOAs)...
  [J1024-0719] white noise for Rcvr_800_GASP (51 TOAs)...
  [J1024-0719] white noise for Rcvr1_2_GASP (43 TOAs)...
  [J1125+7819] zeroing residuals...
  [J1125+7819] adding red noise...
  [J1125+7819] white noise for Rcvr1_2_GUPPI (4016 TOAs)...
  [J1125+7819] white noise for Rcvr_800_GUPPI (4707 TOAs)...
  [J1312+0051] zeroing residuals...
  [J1312+0051] adding red noise...
  [J1312+0051] white noise for S-wide_PUPPI (416 TOAs)...
  [J1312+0051] white noise for L-wide_PUPPI (1289 TOAs)...
  [J1453+1902] zeroing residuals...
  [J1453+1902] adding red noise...
  [J1453+1902] white noise for S-wide_PUPPI (4 TOAs)...
  [J1453+1902] white noise for L-wide_PUPPI (2122 TOAs)...
  [J1453+1902] white noise for 430_PUPPI (425 TOAs)...
  [J1455-3330] zeroing residuals...
  [J1455-3330] adding red noise...
  [J1455-3330] white noise for Rcvr1_2_GUPPI (4932 TOAs)...
  [J1455-3330] white noise for Rcvr_800_GUPPI (4843 TOAs)...
  [J1455-3330] white noise for Rcvr_800_GASP (479 TOAs)...
  [J1455-3330] white noise for Rcvr1_2_GASP (564 TOAs)...
  [J1600-3053] zeroing residuals...
  [J1600-3053] adding red noise...
  [J1600-3053] white noise for Rcvr_800_GASP (297 TOAs)...
  [J1600-3053] white noise for Rcvr_800_GUPPI (8796 TOAs)...
  [J1600-3053] white noise for 3GHz_YUPPI (3237 TOAs)...
  [J1600-3053] white noise for Rcvr1_2_GUPPI (10168 TOAs)...
  [J1600-3053] white noise for Rcvr1_2_GASP (457 TOAs)...
  [J1614-2230] zeroing residuals...
  [J1614-2230] adding red noise...
  [J1614-2230] white noise for Rcvr1_2_GUPPI (10509 TOAs)...
  [J1614-2230] white noise for Rcvr_800_GUPPI (7768 TOAs)...
  [J1614-2230] white noise for Rcvr_800_GASP (84 TOAs)...
  [J1614-2230] white noise for Rcvr1_2_GASP (84 TOAs)...
  [J1630+3734] zeroing residuals...
  [J1630+3734] adding red noise...
  [J1630+3734] white noise for Rcvr1_2_GUPPI (909 TOAs)...
  [J1630+3734] white noise for Rcvr_800_GUPPI (906 TOAs)...
  [J1640+2224] zeroing residuals...
  [J1640+2224] adding red noise...
  [J1640+2224] white noise for L-wide_PUPPI (9847 TOAs)...
  [J1640+2224] white noise for 430_ASP (340 TOAs)...
  [J1640+2224] white noise for 430_PUPPI (3157 TOAs)...
  [J1640+2224] white noise for L-wide_ASP (722 TOAs)...
  [J1643-1224] zeroing residuals...
  [J1643-1224] adding red noise...
  [J1643-1224] white noise for Rcvr_800_GASP (559 TOAs)...
  [J1643-1224] white noise for Rcvr_800_GUPPI (7734 TOAs)...
  [J1643-1224] white noise for 3GHz_YUPPI (4215 TOAs)...
  [J1643-1224] white noise for Rcvr1_2_GUPPI (8803 TOAs)...
  [J1643-1224] white noise for Rcvr1_2_GASP (833 TOAs)...
  [J1705-1903] zeroing residuals...
  [J1705-1903] adding red noise...
  [J1705-1903] white noise for Rcvr1_2_GUPPI (6350 TOAs)...
  [J1705-1903] white noise for Rcvr_800_GUPPI (3521 TOAs)...
  [J1713+0747] zeroing residuals...
  [J1713+0747] adding red noise...
  [J1713+0747] white noise for S-wide_PUPPI (7482 TOAs)...
  [J1713+0747] white noise for L-wide_PUPPI (12743 TOAs)...
  [J1713+0747] white noise for Rcvr_800_GASP (1032 TOAs)...
  [J1713+0747] white noise for 1.5GHz_YUPPI (1461 TOAs)...
  [J1713+0747] white noise for Rcvr_800_GUPPI (8479 TOAs)...
  [J1713+0747] white noise for 3GHz_YUPPI (3282 TOAs)...
  [J1713+0747] white noise for L-wide_ASP (843 TOAs)...
  [J1713+0747] white noise for Rcvr1_2_GUPPI (22334 TOAs)...
  [J1713+0747] white noise for S-wide_ASP (624 TOAs)...
  [J1713+0747] white noise for Rcvr1_2_GASP (1109 TOAs)...
  [J1719-1438] zeroing residuals...
  [J1719-1438] adding red noise...
  [J1719-1438] white noise for Rcvr1_2_GUPPI (2722 TOAs)...
  [J1719-1438] white noise for Rcvr_800_GUPPI (3634 TOAs)...
  [J1730-2304] zeroing residuals...
  [J1730-2304] adding red noise...
  [J1730-2304] white noise for Rcvr1_2_GUPPI (2367 TOAs)...
  [J1730-2304] white noise for Rcvr_800_GUPPI (2503 TOAs)...
  [J1738+0333] zeroing residuals...
  [J1738+0333] adding red noise...
  [J1738+0333] white noise for S-wide_PUPPI (1737 TOAs)...
  [J1738+0333] white noise for L-wide_PUPPI (6718 TOAs)...
  [J1738+0333] white noise for L-wide_ASP (201 TOAs)...
  [J1738+0333] white noise for S-wide_ASP (134 TOAs)...
  [J1741+1351] zeroing residuals...
  [J1741+1351] adding red noise...
  [J1741+1351] white noise for L-wide_PUPPI (4045 TOAs)...
  [J1741+1351] white noise for 430_PUPPI (1159 TOAs)...
  [J1741+1351] white noise for 430_ASP (27 TOAs)...
  [J1741+1351] white noise for L-wide_ASP (236 TOAs)...
  [J1741+1351] white noise for S-wide_ASP (115 TOAs)...
  [J1744-1134] zeroing residuals...
  [J1744-1134] adding red noise...
  [J1744-1134] white noise for Rcvr1_2_GUPPI (8109 TOAs)...
  [J1744-1134] white noise for Rcvr_800_GUPPI (7899 TOAs)...
  [J1744-1134] white noise for Rcvr_800_GASP (930 TOAs)...
  [J1744-1134] white noise for Rcvr1_2_GASP (807 TOAs)...
  [J1745+1017] zeroing residuals...
  [J1745+1017] adding red noise...
  [J1745+1017] white noise for S-wide_PUPPI (838 TOAs)...
  [J1745+1017] white noise for L-wide_PUPPI (2179 TOAs)...
  [J1747-4036] zeroing residuals...
  [J1747-4036] adding red noise...
  [J1747-4036] white noise for Rcvr1_2_GUPPI (5239 TOAs)...
  [J1747-4036] white noise for Rcvr_800_GUPPI (5816 TOAs)...
  [J1751-2857] zeroing residuals...
  [J1751-2857] adding red noise...
  [J1751-2857] white noise for Rcvr1_2_GUPPI (1786 TOAs)...
  [J1751-2857] white noise for Rcvr_800_GUPPI (239 TOAs)...
  [J1802-2124] zeroing residuals...
  [J1802-2124] adding red noise...
  [J1802-2124] white noise for Rcvr1_2_GUPPI (3231 TOAs)...
  [J1802-2124] white noise for Rcvr_800_GUPPI (3565 TOAs)...
  [J1811-2405] zeroing residuals...
  [J1811-2405] adding red noise...
  [J1811-2405] white noise for Rcvr1_2_GUPPI (2638 TOAs)...
  [J1811-2405] white noise for Rcvr_800_GUPPI (2628 TOAs)...
  [J1832-0836] zeroing residuals...
  [J1832-0836] adding red noise...
  [J1832-0836] white noise for Rcvr1_2_GUPPI (4661 TOAs)...
  [J1832-0836] white noise for Rcvr_800_GUPPI (3078 TOAs)...
  [J1843-1113] zeroing residuals...
  [J1843-1113] adding red noise...
  [J1843-1113] white noise for Rcvr1_2_GUPPI (2394 TOAs)...
  [J1843-1113] white noise for Rcvr_800_GUPPI (2201 TOAs)...
  [J1853+1303] zeroing residuals...
  [J1853+1303] adding red noise...
  [J1853+1303] white noise for L-wide_PUPPI (3362 TOAs)...
  [J1853+1303] white noise for 430_ASP (24 TOAs)...
  [J1853+1303] white noise for 430_PUPPI (1151 TOAs)...
  [J1853+1303] white noise for L-wide_ASP (33 TOAs)...
  [J1903+0327] zeroing residuals...
  [J1903+0327] adding red noise...
  [J1903+0327] white noise for S-wide_PUPPI (2282 TOAs)...
  [J1903+0327] white noise for L-wide_PUPPI (3845 TOAs)...
  [J1903+0327] white noise for 3GHz_YUPPI (439 TOAs)...
  [J1903+0327] white noise for L-wide_ASP (139 TOAs)...
  [J1903+0327] white noise for S-wide_ASP (151 TOAs)...
  [J1909-3744] zeroing residuals...
  [J1909-3744] adding red noise...
  [J1909-3744] white noise for Rcvr_800_GASP (866 TOAs)...
  [J1909-3744] white noise for Rcvr_800_GUPPI (9399 TOAs)...
  [J1909-3744] white noise for 3GHz_YUPPI (3525 TOAs)...
  [J1909-3744] white noise for Rcvr1_2_GUPPI (20439 TOAs)...
  [J1909-3744] white noise for Rcvr1_2_GASP (808 TOAs)...
  [J1910+1256] zeroing residuals...
  [J1910+1256] adding red noise...
  [J1910+1256] white noise for S-wide_PUPPI (1857 TOAs)...
  [J1910+1256] white noise for L-wide_PUPPI (4124 TOAs)...
  [J1910+1256] white noise for L-wide_ASP (297 TOAs)...
  [J1910+1256] white noise for S-wide_ASP (208 TOAs)...
  [J1911+1347] zeroing residuals...
  [J1911+1347] adding red noise...
  [J1911+1347] white noise for L-wide_PUPPI (3033 TOAs)...
  [J1911+1347] white noise for 430_PUPPI (753 TOAs)...
  [J1918-0642] zeroing residuals...
  [J1918-0642] adding red noise...
  [J1918-0642] white noise for Rcvr1_2_GUPPI (8910 TOAs)...
  [J1918-0642] white noise for Rcvr_800_GUPPI (8352 TOAs)...
  [J1918-0642] white noise for Rcvr_800_GASP (835 TOAs)...
  [J1918-0642] white noise for Rcvr1_2_GASP (778 TOAs)...
  [J1923+2515] zeroing residuals...
  [J1923+2515] adding red noise...
  [J1923+2515] white noise for L-wide_PUPPI (3028 TOAs)...
  [J1923+2515] white noise for 430_ASP (10 TOAs)...
  [J1923+2515] white noise for 430_PUPPI (922 TOAs)...
  [J1923+2515] white noise for L-wide_ASP (14 TOAs)...
  [J1944+0907] zeroing residuals...
  [J1944+0907] adding red noise...
  [J1944+0907] white noise for L-wide_PUPPI (3900 TOAs)...
  [J1944+0907] white noise for 430_PUPPI (1017 TOAs)...
  [J1944+0907] white noise for 430_ASP (38 TOAs)...
  [J1944+0907] white noise for L-wide_ASP (257 TOAs)...
  [J1944+0907] white noise for S-wide_ASP (116 TOAs)...
  [J1946+3417] zeroing residuals...
  [J1946+3417] adding red noise...
  [J1946+3417] white noise for S-wide_PUPPI (1546 TOAs)...
  [J1946+3417] white noise for L-wide_PUPPI (3197 TOAs)...
  [J2010-1323] zeroing residuals...
  [J2010-1323] adding red noise...
  [J2010-1323] white noise for Rcvr1_2_GUPPI (7779 TOAs)...
  [J2010-1323] white noise for Rcvr_800_GUPPI (9158 TOAs)...
  [J2010-1323] white noise for Rcvr_800_GASP (70 TOAs)...
  [J2010-1323] white noise for Rcvr1_2_GASP (70 TOAs)...
  [J2017+0603] zeroing residuals...
  [J2017+0603] adding red noise...
  [J2017+0603] white noise for S-wide_PUPPI (849 TOAs)...
  [J2017+0603] white noise for L-wide_PUPPI (2569 TOAs)...
  [J2017+0603] white noise for L-wide_ASP (16 TOAs)...
  [J2017+0603] white noise for 430_PUPPI (78 TOAs)...
  [J2033+1734] zeroing residuals...
  [J2033+1734] adding red noise...
  [J2033+1734] white noise for L-wide_PUPPI (3050 TOAs)...
  [J2033+1734] white noise for 430_PUPPI (797 TOAs)...
  [J2043+1711] zeroing residuals...
  [J2043+1711] adding red noise...
  [J2043+1711] white noise for L-wide_PUPPI (4419 TOAs)...
  [J2043+1711] white noise for 430_ASP (30 TOAs)...
  [J2043+1711] white noise for 430_PUPPI (2908 TOAs)...
  [J2043+1711] white noise for L-wide_ASP (40 TOAs)...
  [J2124-3358] zeroing residuals...
  [J2124-3358] adding red noise...
  [J2124-3358] white noise for Rcvr1_2_GUPPI (2957 TOAs)...
  [J2124-3358] white noise for Rcvr_800_GUPPI (2025 TOAs)...
  [J2145-0750] zeroing residuals...
  [J2145-0750] adding red noise...
  [J2145-0750] white noise for Rcvr1_2_GUPPI (9158 TOAs)...
  [J2145-0750] white noise for Rcvr_800_GUPPI (8728 TOAs)...
  [J2145-0750] white noise for Rcvr_800_GASP (362 TOAs)...
  [J2145-0750] white noise for Rcvr1_2_GASP (427 TOAs)...
  [J2214+3000] zeroing residuals...
  [J2214+3000] adding red noise...
  [J2214+3000] white noise for S-wide_PUPPI (1568 TOAs)...
  [J2214+3000] white noise for L-wide_PUPPI (5829 TOAs)...
  [J2214+3000] white noise for L-wide_ASP (9 TOAs)...
  [J2229+2643] zeroing residuals...
  [J2229+2643] adding red noise...
  [J2229+2643] white noise for L-wide_PUPPI (2755 TOAs)...
  [J2229+2643] white noise for 430_PUPPI (956 TOAs)...
  [J2234+0611] zeroing residuals...
  [J2234+0611] adding red noise...
  [J2234+0611] white noise for L-wide_PUPPI (2913 TOAs)...
  [J2234+0611] white noise for 430_PUPPI (653 TOAs)...
  [J2234+0944] zeroing residuals...
  [J2234+0944] adding red noise...
  [J2234+0944] white noise for S-wide_PUPPI (2532 TOAs)...
  [J2234+0944] white noise for L-wide_PUPPI (5003 TOAs)...
  [J2302+4442] zeroing residuals...
  [J2302+4442] adding red noise...
  [J2302+4442] white noise for Rcvr1_2_GUPPI (3779 TOAs)...
  [J2302+4442] white noise for Rcvr_800_GUPPI (6432 TOAs)...
  [J2317+1439] zeroing residuals...
  [J2317+1439] adding red noise...
  [J2317+1439] white noise for L-wide_PUPPI (9563 TOAs)...
  [J2317+1439] white noise for 430_PUPPI (3217 TOAs)...
  [J2317+1439] white noise for 430_ASP (458 TOAs)...
  [J2317+1439] white noise for 327_ASP (413 TOAs)...
  [J2317+1439] white noise for 327_PUPPI (276 TOAs)...
  [J2322+2057] zeroing residuals...
  [J2322+2057] adding red noise...
  [J2322+2057] white noise for S-wide_PUPPI (140 TOAs)...
  [J2322+2057] white noise for L-wide_PUPPI (2196 TOAs)...
  [J2322+2057] white noise for 430_PUPPI (752 TOAs)...
Resetting pulsars to clean stoas...
Restore: 0.00 s
Inject: 0.00 s
Snapshotting into enterprise Pulsar objects...
Building PTA...
PTA build: 482.05 s
Computing optimal statistic...
OS time: 56.39 s
Total: 538.44 s
Noise-only SNR baseline: 0.2108

Generating SNR-consistent population...
Target SNR: 4.0
Resetting pulsars to clean stoas...
Restore: 0.00 s
Injecting population...
  B1855+09: RMS = 2204.088 ns
  B1937+21: RMS = 2230.307 ns
  B1953+29: RMS = 2274.611 ns
  J0023+0923: RMS = 3124.821 ns
  J0030+0451: RMS = 2912.155 ns
  J0340+4130: RMS = 4725.262 ns
  J0406+3039: RMS = 2126.839 ns
  J0437-4715: RMS = 3901.872 ns
  J0509+0856: RMS = 4625.087 ns
  J0557+1551: RMS = 7605.399 ns
  J0605+3757: RMS = 1191.103 ns
  J0610-2100: RMS = 380.934 ns
  J0613-0200: RMS = 7953.907 ns
  J0636+5128: RMS = 2347.529 ns
  J0645+5158: RMS = 2892.538 ns
  J0709+0458: RMS = 2505.001 ns
  J0740+6620: RMS = 1183.115 ns
  J0931-1902: RMS = 2290.764 ns
  J1012+5307: RMS = 3080.064 ns
  J1012-4235: RMS = 2094.268 ns
  J1022+1001: RMS = 1329.885 ns
  J1024-0719: RMS = 2573.413 ns
  J1125+7819: RMS = 1621.740 ns
  J1312+0051: RMS = 2716.202 ns
  J1453+1902: RMS = 2175.107 ns
  J1455-3330: RMS = 5239.251 ns
  J1600-3053: RMS = 4989.153 ns
  J1614-2230: RMS = 4640.980 ns
  J1630+3734: RMS = 1612.637 ns
  J1640+2224: RMS = 1643.407 ns
  J1643-1224: RMS = 3418.884 ns
  J1705-1903: RMS = 2152.496 ns
  J1713+0747: RMS = 2124.657 ns
  J1719-1438: RMS = 1267.790 ns
  J1730-2304: RMS = 1103.639 ns
  J1738+0333: RMS = 1880.072 ns
  J1741+1351: RMS = 734.588 ns
  J1744-1134: RMS = 3353.256 ns
  J1745+1017: RMS = 531.746 ns
  J1747-4036: RMS = 2178.001 ns
  J1751-2857: RMS = 965.652 ns
  J1802-2124: RMS = 821.107 ns
  J1811-2405: RMS = 1497.665 ns
  J1832-0836: RMS = 2280.492 ns
  J1843-1113: RMS = 1786.589 ns
  J1853+1303: RMS = 2546.459 ns
  J1903+0327: RMS = 3221.420 ns
  J1909-3744: RMS = 3776.775 ns
  J1910+1256: RMS = 2435.476 ns
  J1911+1347: RMS = 3301.121 ns
  J1918-0642: RMS = 3948.368 ns
  J1923+2515: RMS = 2247.231 ns
  J1944+0907: RMS = 4064.271 ns
  J1946+3417: RMS = 1946.430 ns
  J2010-1323: RMS = 6461.919 ns
  J2017+0603: RMS = 5192.965 ns
  J2033+1734: RMS = 2341.836 ns
  J2043+1711: RMS = 3423.484 ns
  J2124-3358: RMS = 3919.642 ns
  J2145-0750: RMS = 5371.109 ns
  J2214+3000: RMS = 1012.219 ns
  J2229+2643: RMS = 2032.675 ns
  J2234+0611: RMS = 2531.460 ns
  J2234+0944: RMS = 2189.752 ns
  J2302+4442: RMS = 962.569 ns
  J2317+1439: RMS = 1988.550 ns
  J2322+2057: RMS = 1948.768 ns
Inject: 0.55 s
Snapshotting into enterprise Pulsar objects...
Building PTA...
PTA build: 433.72 s
Computing optimal statistic...
OS time: 51.82 s
Total: 486.10 s
Initial SNR: 100.3349, Target SNR: 4.0000
  Initial SNR 100.3349 outside of provided SNR_range [3.5, 4.25] — rescaling.
Scaling distances by factor 5.1404 to achieve target SNR...
Resetting pulsars to clean stoas...
Restore: 25.52 s
Injecting population...
  B1855+09: RMS = 428.778 ns
  B1937+21: RMS = 433.878 ns
  B1953+29: RMS = 442.497 ns
  J0023+0923: RMS = 607.895 ns
  J0030+0451: RMS = 566.523 ns
  J0340+4130: RMS = 919.240 ns
  J0406+3039: RMS = 413.750 ns
  J0437-4715: RMS = 759.060 ns
  J0509+0856: RMS = 899.753 ns
  J0557+1551: RMS = 1479.535 ns
  J0605+3757: RMS = 231.714 ns
  J0610-2100: RMS = 74.106 ns
  J0613-0200: RMS = 1547.333 ns
  J0636+5128: RMS = 456.682 ns
  J0645+5158: RMS = 562.707 ns
  J0709+0458: RMS = 487.316 ns
  J0740+6620: RMS = 230.160 ns
  J0931-1902: RMS = 445.639 ns
  J1012+5307: RMS = 599.188 ns
  J1012-4235: RMS = 407.413 ns
  J1022+1001: RMS = 258.712 ns
  J1024-0719: RMS = 500.625 ns
  J1125+7819: RMS = 315.489 ns
  J1312+0051: RMS = 528.403 ns
  J1453+1902: RMS = 423.140 ns
  J1455-3330: RMS = 1019.231 ns
  J1600-3053: RMS = 970.577 ns
  J1614-2230: RMS = 902.844 ns
  J1630+3734: RMS = 313.718 ns
  J1640+2224: RMS = 319.704 ns
  J1643-1224: RMS = 665.101 ns
  J1705-1903: RMS = 418.741 ns
  J1713+0747: RMS = 413.325 ns
  J1719-1438: RMS = 246.633 ns
  J1730-2304: RMS = 214.699 ns
  J1738+0333: RMS = 365.744 ns
  J1741+1351: RMS = 142.905 ns
  J1744-1134: RMS = 652.334 ns
  J1745+1017: RMS = 103.444 ns
  J1747-4036: RMS = 423.703 ns
  J1751-2857: RMS = 187.856 ns
  J1802-2124: RMS = 159.736 ns
  J1811-2405: RMS = 291.352 ns
  J1832-0836: RMS = 443.641 ns
  J1843-1113: RMS = 347.558 ns
  J1853+1303: RMS = 495.382 ns
  J1903+0327: RMS = 626.687 ns
  J1909-3744: RMS = 734.724 ns
  J1910+1256: RMS = 473.791 ns
  J1911+1347: RMS = 642.192 ns
  J1918-0642: RMS = 768.105 ns
  J1923+2515: RMS = 437.171 ns
  J1944+0907: RMS = 790.653 ns
  J1946+3417: RMS = 378.653 ns
  J2010-1323: RMS = 1257.085 ns
  J2017+0603: RMS = 1010.226 ns
  J2033+1734: RMS = 455.575 ns
  J2043+1711: RMS = 665.996 ns
  J2124-3358: RMS = 762.517 ns
  J2145-0750: RMS = 1044.882 ns
  J2214+3000: RMS = 196.914 ns
  J2229+2643: RMS = 395.431 ns
  J2234+0611: RMS = 492.464 ns
  J2234+0944: RMS = 425.989 ns
  J2302+4442: RMS = 187.256 ns
  J2317+1439: RMS = 386.847 ns
  J2322+2057: RMS = 379.108 ns
Inject: 0.64 s
Snapshotting into enterprise Pulsar objects...
Building PTA...
PTA build: 541.41 s
Computing optimal statistic...
OS time: 54.93 s
Total: 622.50 s
  SNR 3.3443 outside of provided SNR_range [3.5, 4.25] — rescaling.
[Iteration 1/100] SNR after scaling: 3.3443 (target: 4.0000)
  SNR history: it0→100.3349@1.0000x, it1→3.3443@5.1404x
  Re-scaling distances by factor 0.4411  (cumulative after: 2.2672×)
Resetting pulsars to clean stoas...
Restore: 21.32 s
Injecting population...
  B1855+09: RMS = 972.144 ns
  B1937+21: RMS = 983.708 ns
  B1953+29: RMS = 1003.249 ns
  J0023+0923: RMS = 1378.246 ns
  J0030+0451: RMS = 1284.447 ns
  J0340+4130: RMS = 2084.143 ns
  J0406+3039: RMS = 938.072 ns
  J0437-4715: RMS = 1720.975 ns
  J0509+0856: RMS = 2039.959 ns
  J0557+1551: RMS = 3354.467 ns
  J0605+3757: RMS = 525.353 ns
  J0610-2100: RMS = 168.016 ns
  J0613-0200: RMS = 3508.182 ns
  J0636+5128: RMS = 1035.410 ns
  J0645+5158: RMS = 1275.794 ns
  J0709+0458: RMS = 1104.866 ns
  J0740+6620: RMS = 521.829 ns
  J0931-1902: RMS = 1010.373 ns
  J1012+5307: RMS = 1358.505 ns
  J1012-4235: RMS = 923.706 ns
  J1022+1001: RMS = 586.564 ns
  J1024-0719: RMS = 1135.040 ns
  J1125+7819: RMS = 715.291 ns
  J1312+0051: RMS = 1198.019 ns
  J1453+1902: RMS = 959.361 ns
  J1455-3330: RMS = 2310.845 ns
  J1600-3053: RMS = 2200.536 ns
  J1614-2230: RMS = 2046.969 ns
  J1630+3734: RMS = 711.276 ns
  J1640+2224: RMS = 724.847 ns
  J1643-1224: RMS = 1507.947 ns
  J1705-1903: RMS = 949.388 ns
  J1713+0747: RMS = 937.110 ns
  J1719-1438: RMS = 559.176 ns
  J1730-2304: RMS = 486.775 ns
  J1738+0333: RMS = 829.232 ns
  J1741+1351: RMS = 324.000 ns
  J1744-1134: RMS = 1479.000 ns
  J1745+1017: RMS = 234.534 ns
  J1747-4036: RMS = 960.638 ns
  J1751-2857: RMS = 425.914 ns
  J1802-2124: RMS = 362.161 ns
  J1811-2405: RMS = 660.566 ns
  J1832-0836: RMS = 1005.843 ns
  J1843-1113: RMS = 788.000 ns
  J1853+1303: RMS = 1123.151 ns
  J1903+0327: RMS = 1420.852 ns
  J1909-3744: RMS = 1665.799 ns
  J1910+1256: RMS = 1074.201 ns
  J1911+1347: RMS = 1456.006 ns
  J1918-0642: RMS = 1741.483 ns
  J1923+2515: RMS = 991.173 ns
  J1944+0907: RMS = 1792.603 ns
  J1946+3417: RMS = 858.500 ns
  J2010-1323: RMS = 2850.120 ns
  J2017+0603: RMS = 2290.430 ns
  J2033+1734: RMS = 1032.900 ns
  J2043+1711: RMS = 1509.976 ns
  J2124-3358: RMS = 1728.813 ns
  J2145-0750: RMS = 2369.002 ns
  J2214+3000: RMS = 446.453 ns
  J2229+2643: RMS = 896.540 ns
  J2234+0611: RMS = 1116.536 ns
  J2234+0944: RMS = 965.821 ns
  J2302+4442: RMS = 424.554 ns
  J2317+1439: RMS = 877.078 ns
  J2322+2057: RMS = 859.531 ns
Inject: 0.70 s
Snapshotting into enterprise Pulsar objects...
Building PTA...
PTA build: 450.55 s
Computing optimal statistic...
OS time: 56.83 s
Total: 529.39 s
  SNR 18.6580 outside of provided SNR_range [3.5, 4.25] — rescaling.
[Iteration 2/100] SNR after scaling: 18.6580 (target: 4.0000)
  SNR history: it0→100.3349@1.0000x, it1→3.3443@5.1404x, it2→18.6580@2.2672x
  Re-scaling distances by factor 1.5057  (cumulative after: 3.4139×)
Resetting pulsars to clean stoas...
Restore: 0.02 s
Injecting population...
  B1855+09: RMS = 645.627 ns
  B1937+21: RMS = 653.307 ns
  B1953+29: RMS = 666.284 ns
  J0023+0923: RMS = 915.330 ns
  J0030+0451: RMS = 853.035 ns
  J0340+4130: RMS = 1384.135 ns
  J0406+3039: RMS = 622.999 ns
  J0437-4715: RMS = 1142.945 ns
  J0509+0856: RMS = 1354.791 ns
  J0557+1551: RMS = 2227.791 ns
  J0605+3757: RMS = 348.901 ns
  J0610-2100: RMS = 111.584 ns
  J0613-0200: RMS = 2329.876 ns
  J0636+5128: RMS = 687.643 ns
  J0645+5158: RMS = 847.289 ns
  J0709+0458: RMS = 733.771 ns
  J0740+6620: RMS = 346.561 ns
  J0931-1902: RMS = 671.016 ns
  J1012+5307: RMS = 902.219 ns
  J1012-4235: RMS = 613.458 ns
  J1022+1001: RMS = 389.553 ns
  J1024-0719: RMS = 753.810 ns
  J1125+7819: RMS = 475.044 ns
  J1312+0051: RMS = 795.636 ns
  J1453+1902: RMS = 637.137 ns
  J1455-3330: RMS = 1534.693 ns
  J1600-3053: RMS = 1461.434 ns
  J1614-2230: RMS = 1359.446 ns
  J1630+3734: RMS = 472.377 ns
  J1640+2224: RMS = 481.390 ns
  J1643-1224: RMS = 1001.467 ns
  J1705-1903: RMS = 630.514 ns
  J1713+0747: RMS = 622.359 ns
  J1719-1438: RMS = 371.364 ns
  J1730-2304: RMS = 323.280 ns
  J1738+0333: RMS = 550.715 ns
  J1741+1351: RMS = 215.177 ns
  J1744-1134: RMS = 982.243 ns
  J1745+1017: RMS = 155.760 ns
  J1747-4036: RMS = 637.985 ns
  J1751-2857: RMS = 282.861 ns
  J1802-2124: RMS = 240.520 ns
  J1811-2405: RMS = 438.700 ns
  J1832-0836: RMS = 668.007 ns
  J1843-1113: RMS = 523.332 ns
  J1853+1303: RMS = 745.915 ns
  J1903+0327: RMS = 943.625 ns
  J1909-3744: RMS = 1106.302 ns
  J1910+1256: RMS = 713.405 ns
  J1911+1347: RMS = 966.972 ns
  J1918-0642: RMS = 1156.565 ns
  J1923+2515: RMS = 658.264 ns
  J1944+0907: RMS = 1190.515 ns
  J1946+3417: RMS = 570.153 ns
  J2010-1323: RMS = 1892.840 ns
  J2017+0603: RMS = 1521.135 ns
  J2033+1734: RMS = 685.976 ns
  J2043+1711: RMS = 1002.815 ns
  J2124-3358: RMS = 1148.150 ns
  J2145-0750: RMS = 1573.317 ns
  J2214+3000: RMS = 296.502 ns
  J2229+2643: RMS = 595.416 ns
  J2234+0611: RMS = 741.521 ns
  J2234+0944: RMS = 641.427 ns
  J2302+4442: RMS = 281.958 ns
  J2317+1439: RMS = 582.491 ns
  J2322+2057: RMS = 570.838 ns
Inject: 0.53 s
Snapshotting into enterprise Pulsar objects...
Building PTA...
PTA build: 403.93 s
Computing optimal statistic...
OS time: 40.38 s
Total: 444.87 s
  SNR 7.9350 outside of provided SNR_range [3.5, 4.25] — rescaling.
[Iteration 3/100] SNR after scaling: 7.9350 (target: 4.0000)
  SNR history: it0→100.3349@1.0000x, it1→3.3443@5.1404x, it2→18.6580@2.2672x, it3→7.9350@3.4139x
  Re-scaling distances by factor 1.2271  (cumulative after: 4.1891×)
Resetting pulsars to clean stoas...
Restore: 0.01 s
Injecting population...
  B1855+09: RMS = 526.147 ns
  B1937+21: RMS = 532.405 ns
  B1953+29: RMS = 542.981 ns
  J0023+0923: RMS = 745.938 ns
  J0030+0451: RMS = 695.172 ns
  J0340+4130: RMS = 1127.986 ns
  J0406+3039: RMS = 507.706 ns
  J0437-4715: RMS = 931.431 ns
  J0509+0856: RMS = 1104.073 ns
  J0557+1551: RMS = 1815.515 ns
  J0605+3757: RMS = 284.333 ns
  J0610-2100: RMS = 90.934 ns
  J0613-0200: RMS = 1898.709 ns
  J0636+5128: RMS = 560.388 ns
  J0645+5158: RMS = 690.489 ns
  J0709+0458: RMS = 597.979 ns
  J0740+6620: RMS = 282.426 ns
  J0931-1902: RMS = 546.837 ns
  J1012+5307: RMS = 735.254 ns
  J1012-4235: RMS = 499.931 ns
  J1022+1001: RMS = 317.462 ns
  J1024-0719: RMS = 614.310 ns
  J1125+7819: RMS = 387.132 ns
  J1312+0051: RMS = 648.395 ns
  J1453+1902: RMS = 519.228 ns
  J1455-3330: RMS = 1250.682 ns
  J1600-3053: RMS = 1190.980 ns
  J1614-2230: RMS = 1107.867 ns
  J1630+3734: RMS = 384.959 ns
  J1640+2224: RMS = 392.304 ns
  J1643-1224: RMS = 816.135 ns
  J1705-1903: RMS = 513.831 ns
  J1713+0747: RMS = 507.185 ns
  J1719-1438: RMS = 302.639 ns
  J1730-2304: RMS = 263.454 ns
  J1738+0333: RMS = 448.799 ns
  J1741+1351: RMS = 175.356 ns
  J1744-1134: RMS = 800.469 ns
  J1745+1017: RMS = 126.935 ns
  J1747-4036: RMS = 519.919 ns
  J1751-2857: RMS = 230.515 ns
  J1802-2124: RMS = 196.010 ns
  J1811-2405: RMS = 357.514 ns
  J1832-0836: RMS = 544.385 ns
  J1843-1113: RMS = 426.484 ns
  J1853+1303: RMS = 607.875 ns
  J1903+0327: RMS = 768.998 ns
  J1909-3744: RMS = 901.569 ns
  J1910+1256: RMS = 581.382 ns
  J1911+1347: RMS = 788.024 ns
  J1918-0642: RMS = 942.531 ns
  J1923+2515: RMS = 536.445 ns
  J1944+0907: RMS = 970.198 ns
  J1946+3417: RMS = 464.640 ns
  J2010-1323: RMS = 1542.550 ns
  J2017+0603: RMS = 1239.633 ns
  J2033+1734: RMS = 559.029 ns
  J2043+1711: RMS = 817.233 ns
  J2124-3358: RMS = 935.673 ns
  J2145-0750: RMS = 1282.158 ns
  J2214+3000: RMS = 241.631 ns
  J2229+2643: RMS = 485.228 ns
  J2234+0611: RMS = 604.295 ns
  J2234+0944: RMS = 522.724 ns
  J2302+4442: RMS = 229.779 ns
  J2317+1439: RMS = 474.695 ns
  J2322+2057: RMS = 465.198 ns
Inject: 0.50 s
Snapshotting into enterprise Pulsar objects...
Building PTA...
PTA build: 396.67 s
Computing optimal statistic...
OS time: 40.22 s
Total: 437.40 s
  SNR 5.1576 outside of provided SNR_range [3.5, 4.25] — rescaling.
[Iteration 4/100] SNR after scaling: 5.1576 (target: 4.0000)
  SNR history: it0→100.3349@1.0000x, it1→3.3443@5.1404x, it2→18.6580@2.2672x, it3→7.9350@3.4139x, it4→5.1576@4.1891x
  Re-scaling distances by factor 1.1077  (cumulative after: 4.6404×)
Resetting pulsars to clean stoas...
Restore: 0.01 s
Injecting population...
  B1855+09: RMS = 474.974 ns
  B1937+21: RMS = 480.624 ns
  B1953+29: RMS = 490.171 ns
  J0023+0923: RMS = 673.388 ns
  J0030+0451: RMS = 627.560 ns
  J0340+4130: RMS = 1018.278 ns
  J0406+3039: RMS = 458.327 ns
  J0437-4715: RMS = 840.840 ns
  J0509+0856: RMS = 996.691 ns
  J0557+1551: RMS = 1638.938 ns
  J0605+3757: RMS = 256.679 ns
  J0610-2100: RMS = 82.090 ns
  J0613-0200: RMS = 1714.040 ns
  J0636+5128: RMS = 505.885 ns
  J0645+5158: RMS = 623.332 ns
  J0709+0458: RMS = 539.819 ns
  J0740+6620: RMS = 254.957 ns
  J0931-1902: RMS = 493.652 ns
  J1012+5307: RMS = 663.743 ns
  J1012-4235: RMS = 451.308 ns
  J1022+1001: RMS = 286.586 ns
  J1024-0719: RMS = 554.562 ns
  J1125+7819: RMS = 349.479 ns
  J1312+0051: RMS = 585.332 ns
  J1453+1902: RMS = 468.728 ns
  J1455-3330: RMS = 1129.041 ns
  J1600-3053: RMS = 1075.146 ns
  J1614-2230: RMS = 1000.116 ns
  J1630+3734: RMS = 347.518 ns
  J1640+2224: RMS = 354.149 ns
  J1643-1224: RMS = 736.758 ns
  J1705-1903: RMS = 463.856 ns
  J1713+0747: RMS = 457.857 ns
  J1719-1438: RMS = 273.204 ns
  J1730-2304: RMS = 237.830 ns
  J1738+0333: RMS = 405.149 ns
  J1741+1351: RMS = 158.301 ns
  J1744-1134: RMS = 722.615 ns
  J1745+1017: RMS = 114.589 ns
  J1747-4036: RMS = 469.352 ns
  J1751-2857: RMS = 208.095 ns
  J1802-2124: RMS = 176.946 ns
  J1811-2405: RMS = 322.742 ns
  J1832-0836: RMS = 491.438 ns
  J1843-1113: RMS = 385.004 ns
  J1853+1303: RMS = 548.753 ns
  J1903+0327: RMS = 694.205 ns
  J1909-3744: RMS = 813.882 ns
  J1910+1256: RMS = 524.837 ns
  J1911+1347: RMS = 711.381 ns
  J1918-0642: RMS = 850.860 ns
  J1923+2515: RMS = 484.271 ns
  J1944+0907: RMS = 875.837 ns
  J1946+3417: RMS = 419.449 ns
  J2010-1323: RMS = 1392.522 ns
  J2017+0603: RMS = 1119.067 ns
  J2033+1734: RMS = 504.658 ns
  J2043+1711: RMS = 737.749 ns
  J2124-3358: RMS = 844.670 ns
  J2145-0750: RMS = 1157.456 ns
  J2214+3000: RMS = 218.130 ns
  J2229+2643: RMS = 438.035 ns
  J2234+0611: RMS = 545.521 ns
  J2234+0944: RMS = 471.884 ns
  J2302+4442: RMS = 207.430 ns
  J2317+1439: RMS = 428.526 ns
  J2322+2057: RMS = 419.953 ns
Inject: 0.50 s
Snapshotting into enterprise Pulsar objects...
Building PTA...
PTA build: 397.81 s
Computing optimal statistic...
OS time: 40.22 s
Total: 438.54 s
  ✓ SNR is within the provided SNR_range: 4.1548 ∈ [3.5, 4.25]

Final SNR history:
  it 0: cumulative_scale=1.0000×  SNR=100.3349
  it 1: cumulative_scale=5.1404×  SNR=3.3443
  it 2: cumulative_scale=2.2672×  SNR=18.6580
  it 3: cumulative_scale=3.4139×  SNR=7.9350
  it 4: cumulative_scale=4.1891×  SNR=5.1576
  it 5: cumulative_scale=4.6404×  SNR=4.1548
✓ Simulation 1 done (2960.9 s)

======================================================================
ENSEMBLE SUMMARY
======================================================================
Success rate: 100.0% (1/1)

Binaries per population:
  Mean ± std : 500 ± 0
  Range      : [500, 500]

SNR achieved:
  Mean ± std : 4.1548 ± 0.0000
  Range      : [4.1548, 4.1548]

Total time: 3543.4 s (59.1 min)
======================================================================

💾 Saved: data/2026-05-01/optimistic_run_55/consistent_population_optimistic_targetSNR4.25_sims1.json
💾 Saved compressed pickle: data/2026-05-01/optimistic_run_55/consistent_population_optimistic_targetSNR4.25_sims1.pkl.gz

======================================================================
CONTINUOUS WAVE SNR ANALYSIS
======================================================================

--- Population 1 ---
Precomputation of phiinvs, TNTs, Ts, Nvecs, Sigmas took 0.03 seconds.
Total SNR computation for population took 149.93 seconds.
Top 50 CGW candidates:
   1. proxy_rank=   1  sky_w=1.25  f=4.54e-09 Hz  Mc=5.54e+10 Msun  h0=1.59e-14  SNR=10.477
   2. proxy_rank=   5  sky_w=1.29  f=3.60e-09 Hz  Mc=3.76e+10 Msun  h0=5.17e-15  SNR=4.926
   3. proxy_rank=   7  sky_w=0.72  f=3.39e-09 Hz  Mc=2.12e+10 Msun  h0=7.53e-15  SNR=3.731
   4. proxy_rank=   2  sky_w=0.50  f=2.45e-09 Hz  Mc=6.93e+10 Msun  h0=1.30e-14  SNR=3.589
   5. proxy_rank=   3  sky_w=1.35  f=2.59e-09 Hz  Mc=3.96e+10 Msun  h0=4.31e-15  SNR=3.148
   6. proxy_rank=   9  sky_w=1.57  f=3.32e-09 Hz  Mc=2.76e+10 Msun  h0=2.83e-15  SNR=3.078
   7. proxy_rank=   4  sky_w=1.35  f=2.24e-09 Hz  Mc=3.46e+10 Msun  h0=3.13e-15  SNR=1.864
   8. proxy_rank=  12  sky_w=1.26  f=5.21e-09 Hz  Mc=1.92e+10 Msun  h0=3.24e-15  SNR=1.597
   9. proxy_rank=  14  sky_w=0.51  f=4.39e-09 Hz  Mc=3.51e+10 Msun  h0=5.80e-15  SNR=1.488
  10. proxy_rank=   6  sky_w=1.27  f=2.11e-09 Hz  Mc=2.06e+10 Msun  h0=3.05e-15  SNR=1.477
  11. proxy_rank=  11  sky_w=0.88  f=2.54e-09 Hz  Mc=3.49e+10 Msun  h0=3.60e-15  SNR=1.454
  12. proxy_rank=  10  sky_w=0.61  f=1.99e-09 Hz  Mc=4.11e+10 Msun  h0=4.16e-15  SNR=1.013
  13. proxy_rank=   8  sky_w=0.67  f=2.08e-09 Hz  Mc=4.21e+10 Msun  h0=4.19e-15  SNR=0.983
  14. proxy_rank=  32  sky_w=0.52  f=6.82e-09 Hz  Mc=1.70e+10 Msun  h0=2.10e-15  SNR=0.947
  15. proxy_rank=  34  sky_w=1.07  f=5.31e-09 Hz  Mc=1.04e+10 Msun  h0=7.66e-16  SNR=0.936
  16. proxy_rank=  18  sky_w=1.55  f=3.33e-09 Hz  Mc=1.38e+10 Msun  h0=1.08e-15  SNR=0.850
  17. proxy_rank=  15  sky_w=0.80  f=2.09e-09 Hz  Mc=2.22e+10 Msun  h0=1.73e-15  SNR=0.603
  18. proxy_rank=  24  sky_w=1.49  f=3.11e-09 Hz  Mc=1.11e+10 Msun  h0=6.64e-16  SNR=0.574
  19. proxy_rank=  22  sky_w=0.67  f=2.23e-09 Hz  Mc=2.12e+10 Msun  h0=1.44e-15  SNR=0.439
  20. proxy_rank=  13  sky_w=1.08  f=2.06e-09 Hz  Mc=2.06e+10 Msun  h0=1.36e-15  SNR=0.439
  21. proxy_rank=  26  sky_w=0.77  f=2.74e-09 Hz  Mc=1.56e+10 Msun  h0=9.76e-16  SNR=0.432
  22. proxy_rank=  17  sky_w=1.39  f=2.22e-09 Hz  Mc=1.60e+10 Msun  h0=9.41e-16  SNR=0.407
  23. proxy_rank=  19  sky_w=0.90  f=2.09e-09 Hz  Mc=1.87e+10 Msun  h0=1.06e-15  SNR=0.384
  24. proxy_rank=  23  sky_w=1.14  f=2.35e-09 Hz  Mc=1.31e+10 Msun  h0=7.90e-16  SNR=0.367
  25. proxy_rank=  16  sky_w=1.34  f=2.17e-09 Hz  Mc=1.74e+10 Msun  h0=9.86e-16  SNR=0.363
  26. proxy_rank=  28  sky_w=0.59  f=3.04e-09 Hz  Mc=1.75e+10 Msun  h0=1.30e-15  SNR=0.329
  27. proxy_rank=  68  sky_w=1.60  f=8.97e-09 Hz  Mc=2.96e+09 Msun  h0=1.32e-16  SNR=0.309
  28. proxy_rank=  41  sky_w=0.88  f=3.82e-09 Hz  Mc=7.73e+09 Msun  h0=3.90e-16  SNR=0.288
  29. proxy_rank=  20  sky_w=0.53  f=2.03e-09 Hz  Mc=2.22e+10 Msun  h0=1.73e-15  SNR=0.270
  30. proxy_rank=  53  sky_w=1.40  f=4.29e-09 Hz  Mc=4.26e+09 Msun  h0=1.52e-16  SNR=0.213
  31. proxy_rank=  56  sky_w=1.36  f=5.08e-09 Hz  Mc=4.06e+09 Msun  h0=1.54e-16  SNR=0.207
  32. proxy_rank=  25  sky_w=1.29  f=2.39e-09 Hz  Mc=1.12e+10 Msun  h0=5.78e-16  SNR=0.200
  33. proxy_rank=  30  sky_w=1.17  f=2.47e-09 Hz  Mc=9.48e+09 Msun  h0=3.90e-16  SNR=0.184
  34. proxy_rank=  46  sky_w=0.56  f=3.18e-09 Hz  Mc=9.16e+09 Msun  h0=4.35e-16  SNR=0.184
  35. proxy_rank=  31  sky_w=1.12  f=2.45e-09 Hz  Mc=9.08e+09 Msun  h0=3.55e-16  SNR=0.183
  36. proxy_rank=  39  sky_w=1.31  f=3.09e-09 Hz  Mc=4.78e+09 Msun  h0=2.24e-16  SNR=0.165
  37. proxy_rank=  29  sky_w=1.38  f=2.14e-09 Hz  Mc=9.25e+09 Msun  h0=3.33e-16  SNR=0.156
  38. proxy_rank=  21  sky_w=0.68  f=2.26e-09 Hz  Mc=2.10e+10 Msun  h0=1.45e-15  SNR=0.154
  39. proxy_rank=  36  sky_w=1.13  f=2.66e-09 Hz  Mc=7.20e+09 Msun  h0=2.97e-16  SNR=0.143
  40. proxy_rank=  35  sky_w=1.62  f=2.00e-09 Hz  Mc=6.34e+09 Msun  h0=1.72e-16  SNR=0.103
  41. proxy_rank=  27  sky_w=1.49  f=2.34e-09 Hz  Mc=1.04e+10 Msun  h0=4.28e-16  SNR=0.094
  42. proxy_rank=  33  sky_w=0.91  f=2.00e-09 Hz  Mc=4.68e+09 Msun  h0=3.43e-16  SNR=0.087
  43. proxy_rank=  38  sky_w=0.53  f=2.93e-09 Hz  Mc=8.12e+09 Msun  h0=5.52e-16  SNR=0.082
  44. proxy_rank=  37  sky_w=1.35  f=2.05e-09 Hz  Mc=5.97e+09 Msun  h0=1.61e-16  SNR=0.075
  45. proxy_rank=  67  sky_w=0.67  f=3.79e-09 Hz  Mc=4.21e+09 Msun  h0=1.33e-16  SNR=0.071
  46. proxy_rank=  45  sky_w=1.45  f=2.74e-09 Hz  Mc=4.95e+09 Msun  h0=1.47e-16  SNR=0.068
  47. proxy_rank=  48  sky_w=1.50  f=2.61e-09 Hz  Mc=4.42e+09 Msun  h0=1.27e-16  SNR=0.067
  48. proxy_rank=  40  sky_w=0.61  f=1.99e-09 Hz  Mc=8.72e+09 Msun  h0=3.01e-16  SNR=0.064
  49. proxy_rank=  84  sky_w=0.55  f=5.38e-09 Hz  Mc=3.10e+09 Msun  h0=1.05e-16  SNR=0.063
  50. proxy_rank=  42  sky_w=1.35  f=2.14e-09 Hz  Mc=5.47e+09 Msun  h0=1.41e-16  SNR=0.063
💾 Saved: data/2026-05-01/optimistic_run_55/consistent_population_optimistic_targetSNR4.25_sims1.json
💾 Saved compressed pickle: data/2026-05-01/optimistic_run_55/consistent_population_optimistic_targetSNR4.25_sims1.pkl.gz
Saved to figures/cgw_analysis_optimistic.pdf

==========================================
Job finished at: Fri May  1 18:27:17 AEST 2026
Exit code: 0
==========================================

+------------------ Job Report: 11783326 (COMPLETED) ------------------+
| Memory (RAM)  [#################   ] 88.2% (30 GB peak / 34 GB)      |
| CPU           [###############     ] 78.3% average                   |
| Time          [----------->        ] 58.5% (0-01:04:20 / 0-01:50:00) |
|                                                                      |
| Lustre Filesystem:                                                   |
|   Path    Total Read    Total Write    Total IOPS                    |
|   ------  ------------  -------------  ------------                  |
|   /apps   0 B           0 B            48                            |
|   /fred   308 KB        282.4 KB       67                            |
|   /home   2.1 GB        0 B            2.4 K                         |
|   OS      0 B           0 B            2                             |
|                                                                      |
| Warnings:                                                            |
|   - Too much time requested                                          |
+----------------------------------------------------------------------+
