==========================================
Job ID: 11783482
Job Name: smbhb_optimistic
Node: dave309
Start Time: Fri May  1 17:26:58 AEST 2026
==========================================

/home/bhoulden/.conda/envs/smbhb312/share/tempo2
Working directory: /fred/oz005/users/bhoulden/SMBHB_population_injections

Loaded modules:

Starting SMBHB analysis...
==========================================

📁 Save directory: data/2026-05-01/optimistic_run_85
📝 Run name: optimistic_run_85

[MEM] Start: 244.0 MB

📡 Loading pulsars...
======================================================================
LOADING NANOGRAV PULSARS (libstempo)
======================================================================

📦 Loading from cache: nanograv_pulsars_cache.pkl
⚠ Cache load failed: Ran out of input
[DEBUG] Found 76 .par files
[tempo2Util.C:396] Warning: [MISC1] Unknown parameter in par file:  DMDATA
[tempo2Util.C:401] Warning: [DUP1] duplicated warnings have been suppressed.

WARNING: Using tempo RNAMP parameter: setting TNRedC to 100!
[observatory.C:271] Warning: Assuming site 'arecibo' means 'ao'
✓ Loaded B1855+09 (7758 TOAs)

WARNING: Using tempo RNAMP parameter: setting TNRedC to 100!
✓ Loaded B1937+21 (23023 TOAs)

WARNING: Using tempo RNAMP parameter: setting TNRedC to 100!
✓ Loaded B1937+21ao (7241 TOAs)

WARNING: Using tempo RNAMP parameter: setting TNRedC to 100!
✓ Loaded B1937+21gbt (16048 TOAs)

WARNING: Using tempo RNAMP parameter: setting TNRedC to 100!
✓ Loaded B1953+29 (5126 TOAs)
✓ Loaded J0023+0923 (15896 TOAs)

WARNING: Using tempo RNAMP parameter: setting TNRedC to 100!
✓ Loaded J0030+0451 (19571 TOAs)
✓ Loaded J0340+4130 (11093 TOAs)
✓ Loaded J0406+3039 (2446 TOAs)

WARNING: Using tempo RNAMP parameter: setting TNRedC to 100!
✓ Loaded J0437-4715 (5830 TOAs)
✓ Loaded J0509+0856 (2169 TOAs)
✓ Loaded J0557+1551 (525 TOAs)
✓ Loaded J0605+3757 (554 TOAs)

WARNING: Using tempo RNAMP parameter: setting TNRedC to 100!
✓ Loaded J0610-2100 (4885 TOAs)

WARNING: Using tempo RNAMP parameter: setting TNRedC to 100!
✓ Loaded J0613-0200 (17124 TOAs)
✓ Loaded J0614-3329 (1714 TOAs)
✓ Loaded J0636+5128 (32222 TOAs)
✓ Loaded J0645+5158 (10403 TOAs)
✓ Loaded J0709+0458 (3030 TOAs)
✓ Loaded J0740+6620 (13401 TOAs)
✓ Loaded J0931-1902 (5473 TOAs)

WARNING: Using tempo RNAMP parameter: setting TNRedC to 100!
✓ Loaded J1012+5307 (25837 TOAs)
✓ Loaded J1012-4235 (797 TOAs)
✓ Loaded J1022+1001 (3978 TOAs)
✓ Loaded J1024-0719 (12635 TOAs)
✓ Loaded J1125+7819 (8723 TOAs)
✓ Loaded J1312+0051 (1705 TOAs)
✓ Loaded J1453+1902 (2551 TOAs)
✓ Loaded J1455-3330 (10818 TOAs)

WARNING: Using tempo RNAMP parameter: setting TNRedC to 100!
✓ Loaded J1600-3053 (22955 TOAs)

WARNING: Using tempo RNAMP parameter: setting TNRedC to 100!
✓ Loaded J1600-3053gbt (19725 TOAs)

WARNING: Using tempo RNAMP parameter: setting TNRedC to 100!
✓ Loaded J1614-2230 (18445 TOAs)
✓ Loaded J1630+3734 (1815 TOAs)
✓ Loaded J1640+2224 (14066 TOAs)

WARNING: Using tempo RNAMP parameter: setting TNRedC to 100!
✓ Loaded J1643-1224 (22144 TOAs)

WARNING: Using tempo RNAMP parameter: setting TNRedC to 100!
✓ Loaded J1643-1224gbt (17932 TOAs)

WARNING: Using tempo RNAMP parameter: setting TNRedC to 100!
✓ Loaded J1705-1903 (9871 TOAs)

WARNING: Using tempo RNAMP parameter: setting TNRedC to 100!
✓ Loaded J1713+0747 (59389 TOAs)

WARNING: Using tempo RNAMP parameter: setting TNRedC to 100!
✓ Loaded J1713+0747ao (21362 TOAs)

WARNING: Using tempo RNAMP parameter: setting TNRedC to 100!
✓ Loaded J1713+0747gbt (32963 TOAs)
✓ Loaded J1719-1438 (6356 TOAs)
✓ Loaded J1730-2304 (4870 TOAs)
✓ Loaded J1738+0333 (8790 TOAs)
✓ Loaded J1741+1351 (5582 TOAs)

WARNING: Using tempo RNAMP parameter: setting TNRedC to 100!
✓ Loaded J1744-1134 (17745 TOAs)

WARNING: Using tempo RNAMP parameter: setting TNRedC to 100!
✓ Loaded J1745+1017 (3017 TOAs)

WARNING: Using tempo RNAMP parameter: setting TNRedC to 100!
✓ Loaded J1747-4036 (11055 TOAs)
✓ Loaded J1751-2857 (2025 TOAs)

WARNING: Using tempo RNAMP parameter: setting TNRedC to 100!
✓ Loaded J1802-2124 (6796 TOAs)
✓ Loaded J1811-2405 (5266 TOAs)
✓ Loaded J1832-0836 (7739 TOAs)
✓ Loaded J1843-1113 (4595 TOAs)

WARNING: Using tempo RNAMP parameter: setting TNRedC to 100!
✓ Loaded J1853+1303 (4570 TOAs)

WARNING: Using tempo RNAMP parameter: setting TNRedC to 100!
✓ Loaded J1903+0327 (6856 TOAs)

WARNING: Using tempo RNAMP parameter: setting TNRedC to 100!
✓ Loaded J1903+0327ao (6423 TOAs)

WARNING: Using tempo RNAMP parameter: setting TNRedC to 100!
✓ Loaded J1909-3744 (35037 TOAs)

WARNING: Using tempo RNAMP parameter: setting TNRedC to 100!
✓ Loaded J1909-3744gbt (31526 TOAs)
✓ Loaded J1910+1256 (6486 TOAs)
✓ Loaded J1911+1347 (3786 TOAs)
✓ Loaded J1918-0642 (18875 TOAs)
✓ Loaded J1923+2515 (3974 TOAs)
✓ Loaded J1944+0907 (5328 TOAs)

WARNING: Using tempo RNAMP parameter: setting TNRedC to 100!
✓ Loaded J1946+3417 (4743 TOAs)
✓ Loaded J2010-1323 (17077 TOAs)
✓ Loaded J2017+0603 (3512 TOAs)
✓ Loaded J2033+1734 (3847 TOAs)
✓ Loaded J2043+1711 (7397 TOAs)
✓ Loaded J2124-3358 (4982 TOAs)

WARNING: Using tempo RNAMP parameter: setting TNRedC to 100!
✓ Loaded J2145-0750 (18675 TOAs)
✓ Loaded J2214+3000 (7406 TOAs)
✓ Loaded J2229+2643 (3711 TOAs)

WARNING: Using tempo RNAMP parameter: setting TNRedC to 100!
✓ Loaded J2234+0611 (3566 TOAs)
✓ Loaded J2234+0944 (7535 TOAs)
✓ Loaded J2302+4442 (10211 TOAs)
✓ Loaded J2317+1439 (13927 TOAs)
✓ Loaded J2322+2057 (3088 TOAs)
⚠ Could not save cache: no default __reduce__ due to non-trivial __cinit__

✓ Loaded 76 pulsars
✗ Failed: 0 — []
[MEM] After loading pulsars: 8867.3 MB

🔍 Filtering pulsars...

Filtered: 76 → 67 pulsars
[MEM] After filtering pulsars: 8868.2 MB
[MEM] After garbage collection: 8868.3 MB

======================================================================
SMBHB POPULATION ANALYSIS
======================================================================

Configuration: optimistic
  Larger mass, higher spread in distance, small population
  N_binaries: 500

======================================================================
CONSISTENT POPULATION SYNTHESIS
======================================================================

======================================================================
GENERATING SNR-CONSISTENT POPULATIONS
======================================================================
Target SNR:          4.0
Simulations:         1
======================================================================


──────────────────────────────────────────────────────────────────────
SIMULATION 1/1
──────────────────────────────────────────────────────────────────────
  [B1855+09] zeroing residuals...
  [B1855+09] adding red noise...
  [B1855+09] white noise for L-wide_ASP (1178 TOAs)...
  [B1855+09] white noise for 430_ASP (390 TOAs)...
  [B1855+09] white noise for 430_PUPPI (1185 TOAs)...
  [B1855+09] white noise for L-wide_PUPPI (5005 TOAs)...
  [B1937+21] zeroing residuals...
  [B1937+21] adding red noise...
  [B1937+21] white noise for L-wide_ASP (452 TOAs)...
  [B1937+21] white noise for S-wide_ASP (344 TOAs)...
  [B1937+21] white noise for Rcvr_800_GASP (586 TOAs)...
  [B1937+21] white noise for Rcvr1_2_GASP (1069 TOAs)...
  [B1937+21] white noise for Rcvr_800_GUPPI (7140 TOAs)...
  [B1937+21] white noise for Rcvr1_2_GUPPI (7048 TOAs)...
  [B1937+21] white noise for S-wide_PUPPI (2251 TOAs)...
  [B1937+21] white noise for L-wide_PUPPI (4133 TOAs)...
  [B1953+29] zeroing residuals...
  [B1953+29] adding red noise...
  [B1953+29] white noise for L-wide_ASP (94 TOAs)...
  [B1953+29] white noise for S-wide_ASP (25 TOAs)...
  [B1953+29] white noise for 430_ASP (29 TOAs)...
  [B1953+29] white noise for 430_PUPPI (941 TOAs)...
  [B1953+29] white noise for L-wide_PUPPI (4037 TOAs)...
  [J0023+0923] zeroing residuals...
  [J0023+0923] adding red noise...
  [J0023+0923] white noise for L-wide_ASP (119 TOAs)...
  [J0023+0923] white noise for 430_ASP (90 TOAs)...
  [J0023+0923] white noise for 430_PUPPI (4564 TOAs)...
  [J0023+0923] white noise for L-wide_PUPPI (11123 TOAs)...
  [J0030+0451] zeroing residuals...
  [J0030+0451] adding red noise...
  [J0030+0451] white noise for L-wide_ASP (789 TOAs)...
  [J0030+0451] white noise for 430_ASP (267 TOAs)...
  [J0030+0451] white noise for S-wide_PUPPI (2673 TOAs)...
  [J0030+0451] white noise for 430_PUPPI (3068 TOAs)...
  [J0030+0451] white noise for L-wide_PUPPI (12774 TOAs)...
  [J0340+4130] zeroing residuals...
  [J0340+4130] adding red noise...
  [J0340+4130] white noise for Rcvr1_2_GUPPI (5037 TOAs)...
  [J0340+4130] white noise for Rcvr_800_GUPPI (6056 TOAs)...
  [J0406+3039] zeroing residuals...
  [J0406+3039] adding red noise...
  [J0406+3039] white noise for S-wide_PUPPI (575 TOAs)...
  [J0406+3039] white noise for L-wide_PUPPI (1871 TOAs)...
  [J0437-4715] zeroing residuals...
  [J0437-4715] adding red noise...
  [J0437-4715] white noise for 1.5GHz_YUPPI (2134 TOAs)...
  [J0437-4715] white noise for 3GHz_YUPPI (3696 TOAs)...
  [J0509+0856] zeroing residuals...
  [J0509+0856] adding red noise...
  [J0509+0856] white noise for S-wide_PUPPI (544 TOAs)...
  [J0509+0856] white noise for L-wide_PUPPI (1625 TOAs)...
  [J0557+1551] zeroing residuals...
  [J0557+1551] adding red noise...
  [J0557+1551] white noise for S-wide_PUPPI (58 TOAs)...
  [J0557+1551] white noise for L-wide_PUPPI (467 TOAs)...
  [J0605+3757] zeroing residuals...
  [J0605+3757] adding red noise...
  [J0605+3757] white noise for Rcvr1_2_GUPPI (318 TOAs)...
  [J0605+3757] white noise for Rcvr_800_GUPPI (236 TOAs)...
  [J0610-2100] zeroing residuals...
  [J0610-2100] adding red noise...
  [J0610-2100] white noise for Rcvr1_2_GUPPI (2401 TOAs)...
  [J0610-2100] white noise for Rcvr_800_GUPPI (2484 TOAs)...
  [J0613-0200] zeroing residuals...
  [J0613-0200] adding red noise...
  [J0613-0200] white noise for Rcvr1_2_GASP (992 TOAs)...
  [J0613-0200] white noise for Rcvr_800_GUPPI (7900 TOAs)...
  [J0613-0200] white noise for Rcvr_800_GASP (809 TOAs)...
  [J0613-0200] white noise for Rcvr1_2_GUPPI (7423 TOAs)...
  [J0636+5128] zeroing residuals...
  [J0636+5128] adding red noise...
  [J0636+5128] white noise for Rcvr1_2_GUPPI (14803 TOAs)...
  [J0636+5128] white noise for Rcvr_800_GUPPI (17419 TOAs)...
  [J0645+5158] zeroing residuals...
  [J0645+5158] adding red noise...
  [J0645+5158] white noise for Rcvr1_2_GUPPI (5721 TOAs)...
  [J0645+5158] white noise for Rcvr_800_GUPPI (4682 TOAs)...
  [J0709+0458] zeroing residuals...
  [J0709+0458] adding red noise...
  [J0709+0458] white noise for S-wide_PUPPI (595 TOAs)...
  [J0709+0458] white noise for L-wide_PUPPI (2435 TOAs)...
  [J0740+6620] zeroing residuals...
  [J0740+6620] adding red noise...
  [J0740+6620] white noise for Rcvr1_2_GUPPI (8265 TOAs)...
  [J0740+6620] white noise for Rcvr_800_GUPPI (5136 TOAs)...
  [J0931-1902] zeroing residuals...
  [J0931-1902] adding red noise...
  [J0931-1902] white noise for Rcvr1_2_GUPPI (2054 TOAs)...
  [J0931-1902] white noise for Rcvr_800_GUPPI (3419 TOAs)...
  [J1012+5307] zeroing residuals...
  [J1012+5307] adding red noise...
  [J1012+5307] white noise for Rcvr1_2_GASP (1479 TOAs)...
  [J1012+5307] white noise for Rcvr_800_GUPPI (10299 TOAs)...
  [J1012+5307] white noise for Rcvr_800_GASP (1210 TOAs)...
  [J1012+5307] white noise for Rcvr1_2_GUPPI (12849 TOAs)...
  [J1012-4235] zeroing residuals...
  [J1012-4235] adding red noise...
  [J1012-4235] white noise for Rcvr1_2_GUPPI (455 TOAs)...
  [J1012-4235] white noise for Rcvr_800_GUPPI (342 TOAs)...
  [J1022+1001] zeroing residuals...
  [J1022+1001] adding red noise...
  [J1022+1001] white noise for S-wide_PUPPI (1154 TOAs)...
  [J1022+1001] white noise for 430_PUPPI (232 TOAs)...
  [J1022+1001] white noise for L-wide_PUPPI (2592 TOAs)...
  [J1024-0719] zeroing residuals...
  [J1024-0719] adding red noise...
  [J1024-0719] white noise for Rcvr1_2_GASP (43 TOAs)...
  [J1024-0719] white noise for Rcvr_800_GUPPI (5455 TOAs)...
  [J1024-0719] white noise for Rcvr_800_GASP (51 TOAs)...
  [J1024-0719] white noise for Rcvr1_2_GUPPI (7086 TOAs)...
  [J1125+7819] zeroing residuals...
  [J1125+7819] adding red noise...
  [J1125+7819] white noise for Rcvr1_2_GUPPI (4016 TOAs)...
  [J1125+7819] white noise for Rcvr_800_GUPPI (4707 TOAs)...
  [J1312+0051] zeroing residuals...
  [J1312+0051] adding red noise...
  [J1312+0051] white noise for S-wide_PUPPI (416 TOAs)...
  [J1312+0051] white noise for L-wide_PUPPI (1289 TOAs)...
  [J1453+1902] zeroing residuals...
  [J1453+1902] adding red noise...
  [J1453+1902] white noise for S-wide_PUPPI (4 TOAs)...
  [J1453+1902] white noise for 430_PUPPI (425 TOAs)...
  [J1453+1902] white noise for L-wide_PUPPI (2122 TOAs)...
  [J1455-3330] zeroing residuals...
  [J1455-3330] adding red noise...
  [J1455-3330] white noise for Rcvr1_2_GASP (564 TOAs)...
  [J1455-3330] white noise for Rcvr_800_GUPPI (4843 TOAs)...
  [J1455-3330] white noise for Rcvr_800_GASP (479 TOAs)...
  [J1455-3330] white noise for Rcvr1_2_GUPPI (4932 TOAs)...
  [J1600-3053] zeroing residuals...
  [J1600-3053] adding red noise...
  [J1600-3053] white noise for Rcvr_800_GASP (297 TOAs)...
  [J1600-3053] white noise for Rcvr1_2_GASP (457 TOAs)...
  [J1600-3053] white noise for Rcvr_800_GUPPI (8796 TOAs)...
  [J1600-3053] white noise for Rcvr1_2_GUPPI (10168 TOAs)...
  [J1600-3053] white noise for 3GHz_YUPPI (3237 TOAs)...
  [J1614-2230] zeroing residuals...
  [J1614-2230] adding red noise...
  [J1614-2230] white noise for Rcvr1_2_GASP (84 TOAs)...
  [J1614-2230] white noise for Rcvr_800_GUPPI (7768 TOAs)...
  [J1614-2230] white noise for Rcvr_800_GASP (84 TOAs)...
  [J1614-2230] white noise for Rcvr1_2_GUPPI (10509 TOAs)...
  [J1630+3734] zeroing residuals...
  [J1630+3734] adding red noise...
  [J1630+3734] white noise for Rcvr1_2_GUPPI (909 TOAs)...
  [J1630+3734] white noise for Rcvr_800_GUPPI (906 TOAs)...
  [J1640+2224] zeroing residuals...
  [J1640+2224] adding red noise...
  [J1640+2224] white noise for L-wide_ASP (722 TOAs)...
  [J1640+2224] white noise for 430_ASP (340 TOAs)...
  [J1640+2224] white noise for 430_PUPPI (3157 TOAs)...
  [J1640+2224] white noise for L-wide_PUPPI (9847 TOAs)...
  [J1643-1224] zeroing residuals...
  [J1643-1224] adding red noise...
  [J1643-1224] white noise for Rcvr_800_GASP (559 TOAs)...
  [J1643-1224] white noise for Rcvr1_2_GASP (833 TOAs)...
  [J1643-1224] white noise for Rcvr_800_GUPPI (7734 TOAs)...
  [J1643-1224] white noise for Rcvr1_2_GUPPI (8803 TOAs)...
  [J1643-1224] white noise for 3GHz_YUPPI (4215 TOAs)...
  [J1705-1903] zeroing residuals...
  [J1705-1903] adding red noise...
  [J1705-1903] white noise for Rcvr1_2_GUPPI (6350 TOAs)...
  [J1705-1903] white noise for Rcvr_800_GUPPI (3521 TOAs)...
  [J1713+0747] zeroing residuals...
  [J1713+0747] adding red noise...
  [J1713+0747] white noise for L-wide_ASP (843 TOAs)...
  [J1713+0747] white noise for S-wide_ASP (624 TOAs)...
  [J1713+0747] white noise for Rcvr_800_GASP (1032 TOAs)...
  [J1713+0747] white noise for Rcvr1_2_GASP (1109 TOAs)...
  [J1713+0747] white noise for Rcvr_800_GUPPI (8479 TOAs)...
  [J1713+0747] white noise for Rcvr1_2_GUPPI (22334 TOAs)...
  [J1713+0747] white noise for S-wide_PUPPI (7482 TOAs)...
  [J1713+0747] white noise for L-wide_PUPPI (12743 TOAs)...
  [J1713+0747] white noise for 1.5GHz_YUPPI (1461 TOAs)...
  [J1713+0747] white noise for 3GHz_YUPPI (3282 TOAs)...
  [J1719-1438] zeroing residuals...
  [J1719-1438] adding red noise...
  [J1719-1438] white noise for Rcvr1_2_GUPPI (2722 TOAs)...
  [J1719-1438] white noise for Rcvr_800_GUPPI (3634 TOAs)...
  [J1730-2304] zeroing residuals...
  [J1730-2304] adding red noise...
  [J1730-2304] white noise for Rcvr1_2_GUPPI (2367 TOAs)...
  [J1730-2304] white noise for Rcvr_800_GUPPI (2503 TOAs)...
  [J1738+0333] zeroing residuals...
  [J1738+0333] adding red noise...
  [J1738+0333] white noise for L-wide_ASP (201 TOAs)...
  [J1738+0333] white noise for S-wide_ASP (134 TOAs)...
  [J1738+0333] white noise for S-wide_PUPPI (1737 TOAs)...
  [J1738+0333] white noise for L-wide_PUPPI (6718 TOAs)...
  [J1741+1351] zeroing residuals...
  [J1741+1351] adding red noise...
  [J1741+1351] white noise for L-wide_ASP (236 TOAs)...
  [J1741+1351] white noise for S-wide_ASP (115 TOAs)...
  [J1741+1351] white noise for 430_ASP (27 TOAs)...
  [J1741+1351] white noise for 430_PUPPI (1159 TOAs)...
  [J1741+1351] white noise for L-wide_PUPPI (4045 TOAs)...
  [J1744-1134] zeroing residuals...
  [J1744-1134] adding red noise...
  [J1744-1134] white noise for Rcvr1_2_GASP (807 TOAs)...
  [J1744-1134] white noise for Rcvr_800_GUPPI (7899 TOAs)...
  [J1744-1134] white noise for Rcvr_800_GASP (930 TOAs)...
  [J1744-1134] white noise for Rcvr1_2_GUPPI (8109 TOAs)...
  [J1745+1017] zeroing residuals...
  [J1745+1017] adding red noise...
  [J1745+1017] white noise for S-wide_PUPPI (838 TOAs)...
  [J1745+1017] white noise for L-wide_PUPPI (2179 TOAs)...
  [J1747-4036] zeroing residuals...
  [J1747-4036] adding red noise...
  [J1747-4036] white noise for Rcvr1_2_GUPPI (5239 TOAs)...
  [J1747-4036] white noise for Rcvr_800_GUPPI (5816 TOAs)...
  [J1751-2857] zeroing residuals...
  [J1751-2857] adding red noise...
  [J1751-2857] white noise for Rcvr1_2_GUPPI (1786 TOAs)...
  [J1751-2857] white noise for Rcvr_800_GUPPI (239 TOAs)...
  [J1802-2124] zeroing residuals...
  [J1802-2124] adding red noise...
  [J1802-2124] white noise for Rcvr1_2_GUPPI (3231 TOAs)...
  [J1802-2124] white noise for Rcvr_800_GUPPI (3565 TOAs)...
  [J1811-2405] zeroing residuals...
  [J1811-2405] adding red noise...
  [J1811-2405] white noise for Rcvr1_2_GUPPI (2638 TOAs)...
  [J1811-2405] white noise for Rcvr_800_GUPPI (2628 TOAs)...
  [J1832-0836] zeroing residuals...
  [J1832-0836] adding red noise...
  [J1832-0836] white noise for Rcvr1_2_GUPPI (4661 TOAs)...
  [J1832-0836] white noise for Rcvr_800_GUPPI (3078 TOAs)...
  [J1843-1113] zeroing residuals...
  [J1843-1113] adding red noise...
  [J1843-1113] white noise for Rcvr1_2_GUPPI (2394 TOAs)...
  [J1843-1113] white noise for Rcvr_800_GUPPI (2201 TOAs)...
  [J1853+1303] zeroing residuals...
  [J1853+1303] adding red noise...
  [J1853+1303] white noise for L-wide_ASP (33 TOAs)...
  [J1853+1303] white noise for 430_ASP (24 TOAs)...
  [J1853+1303] white noise for 430_PUPPI (1151 TOAs)...
  [J1853+1303] white noise for L-wide_PUPPI (3362 TOAs)...
  [J1903+0327] zeroing residuals...
  [J1903+0327] adding red noise...
  [J1903+0327] white noise for L-wide_ASP (139 TOAs)...
  [J1903+0327] white noise for S-wide_ASP (151 TOAs)...
  [J1903+0327] white noise for S-wide_PUPPI (2282 TOAs)...
  [J1903+0327] white noise for L-wide_PUPPI (3845 TOAs)...
  [J1903+0327] white noise for 3GHz_YUPPI (439 TOAs)...
  [J1909-3744] zeroing residuals...
  [J1909-3744] adding red noise...
  [J1909-3744] white noise for Rcvr_800_GASP (866 TOAs)...
  [J1909-3744] white noise for Rcvr1_2_GASP (808 TOAs)...
  [J1909-3744] white noise for Rcvr_800_GUPPI (9399 TOAs)...
  [J1909-3744] white noise for Rcvr1_2_GUPPI (20439 TOAs)...
  [J1909-3744] white noise for 3GHz_YUPPI (3525 TOAs)...
  [J1910+1256] zeroing residuals...
  [J1910+1256] adding red noise...
  [J1910+1256] white noise for L-wide_ASP (297 TOAs)...
  [J1910+1256] white noise for S-wide_ASP (208 TOAs)...
  [J1910+1256] white noise for S-wide_PUPPI (1857 TOAs)...
  [J1910+1256] white noise for L-wide_PUPPI (4124 TOAs)...
  [J1911+1347] zeroing residuals...
  [J1911+1347] adding red noise...
  [J1911+1347] white noise for 430_PUPPI (753 TOAs)...
  [J1911+1347] white noise for L-wide_PUPPI (3033 TOAs)...
  [J1918-0642] zeroing residuals...
  [J1918-0642] adding red noise...
  [J1918-0642] white noise for Rcvr1_2_GASP (778 TOAs)...
  [J1918-0642] white noise for Rcvr_800_GUPPI (8352 TOAs)...
  [J1918-0642] white noise for Rcvr_800_GASP (835 TOAs)...
  [J1918-0642] white noise for Rcvr1_2_GUPPI (8910 TOAs)...
  [J1923+2515] zeroing residuals...
  [J1923+2515] adding red noise...
  [J1923+2515] white noise for L-wide_ASP (14 TOAs)...
  [J1923+2515] white noise for 430_ASP (10 TOAs)...
  [J1923+2515] white noise for 430_PUPPI (922 TOAs)...
  [J1923+2515] white noise for L-wide_PUPPI (3028 TOAs)...
  [J1944+0907] zeroing residuals...
  [J1944+0907] adding red noise...
  [J1944+0907] white noise for L-wide_ASP (257 TOAs)...
  [J1944+0907] white noise for S-wide_ASP (116 TOAs)...
  [J1944+0907] white noise for 430_ASP (38 TOAs)...
  [J1944+0907] white noise for 430_PUPPI (1017 TOAs)...
  [J1944+0907] white noise for L-wide_PUPPI (3900 TOAs)...
  [J1946+3417] zeroing residuals...
  [J1946+3417] adding red noise...
  [J1946+3417] white noise for S-wide_PUPPI (1546 TOAs)...
  [J1946+3417] white noise for L-wide_PUPPI (3197 TOAs)...
  [J2010-1323] zeroing residuals...
  [J2010-1323] adding red noise...
  [J2010-1323] white noise for Rcvr1_2_GASP (70 TOAs)...
  [J2010-1323] white noise for Rcvr_800_GUPPI (9158 TOAs)...
  [J2010-1323] white noise for Rcvr_800_GASP (70 TOAs)...
  [J2010-1323] white noise for Rcvr1_2_GUPPI (7779 TOAs)...
  [J2017+0603] zeroing residuals...
  [J2017+0603] adding red noise...
  [J2017+0603] white noise for L-wide_ASP (16 TOAs)...
  [J2017+0603] white noise for S-wide_PUPPI (849 TOAs)...
  [J2017+0603] white noise for 430_PUPPI (78 TOAs)...
  [J2017+0603] white noise for L-wide_PUPPI (2569 TOAs)...
  [J2033+1734] zeroing residuals...
  [J2033+1734] adding red noise...
  [J2033+1734] white noise for 430_PUPPI (797 TOAs)...
  [J2033+1734] white noise for L-wide_PUPPI (3050 TOAs)...
  [J2043+1711] zeroing residuals...
  [J2043+1711] adding red noise...
  [J2043+1711] white noise for L-wide_ASP (40 TOAs)...
  [J2043+1711] white noise for 430_ASP (30 TOAs)...
  [J2043+1711] white noise for 430_PUPPI (2908 TOAs)...
  [J2043+1711] white noise for L-wide_PUPPI (4419 TOAs)...
  [J2124-3358] zeroing residuals...
  [J2124-3358] adding red noise...
  [J2124-3358] white noise for Rcvr1_2_GUPPI (2957 TOAs)...
  [J2124-3358] white noise for Rcvr_800_GUPPI (2025 TOAs)...
  [J2145-0750] zeroing residuals...
  [J2145-0750] adding red noise...
  [J2145-0750] white noise for Rcvr1_2_GASP (427 TOAs)...
  [J2145-0750] white noise for Rcvr_800_GUPPI (8728 TOAs)...
  [J2145-0750] white noise for Rcvr_800_GASP (362 TOAs)...
  [J2145-0750] white noise for Rcvr1_2_GUPPI (9158 TOAs)...
  [J2214+3000] zeroing residuals...
  [J2214+3000] adding red noise...
  [J2214+3000] white noise for L-wide_ASP (9 TOAs)...
  [J2214+3000] white noise for S-wide_PUPPI (1568 TOAs)...
  [J2214+3000] white noise for L-wide_PUPPI (5829 TOAs)...
  [J2229+2643] zeroing residuals...
  [J2229+2643] adding red noise...
  [J2229+2643] white noise for 430_PUPPI (956 TOAs)...
  [J2229+2643] white noise for L-wide_PUPPI (2755 TOAs)...
  [J2234+0611] zeroing residuals...
  [J2234+0611] adding red noise...
  [J2234+0611] white noise for 430_PUPPI (653 TOAs)...
  [J2234+0611] white noise for L-wide_PUPPI (2913 TOAs)...
  [J2234+0944] zeroing residuals...
  [J2234+0944] adding red noise...
  [J2234+0944] white noise for S-wide_PUPPI (2532 TOAs)...
  [J2234+0944] white noise for L-wide_PUPPI (5003 TOAs)...
  [J2302+4442] zeroing residuals...
  [J2302+4442] adding red noise...
  [J2302+4442] white noise for Rcvr1_2_GUPPI (3779 TOAs)...
  [J2302+4442] white noise for Rcvr_800_GUPPI (6432 TOAs)...
  [J2317+1439] zeroing residuals...
  [J2317+1439] adding red noise...
  [J2317+1439] white noise for 430_ASP (458 TOAs)...
  [J2317+1439] white noise for 430_PUPPI (3217 TOAs)...
  [J2317+1439] white noise for L-wide_PUPPI (9563 TOAs)...
  [J2317+1439] white noise for 327_ASP (413 TOAs)...
  [J2317+1439] white noise for 327_PUPPI (276 TOAs)...
  [J2322+2057] zeroing residuals...
  [J2322+2057] adding red noise...
  [J2322+2057] white noise for S-wide_PUPPI (140 TOAs)...
  [J2322+2057] white noise for 430_PUPPI (752 TOAs)...
  [J2322+2057] white noise for L-wide_PUPPI (2196 TOAs)...
Resetting pulsars to clean stoas...
Restore: 0.00 s
Inject: 0.00 s
Snapshotting into enterprise Pulsar objects...
Building PTA...
PTA build: 447.06 s
Computing optimal statistic...
OS time: 57.62 s
Total: 504.68 s
Noise-only SNR baseline: -0.2815

Generating SNR-consistent population...
Target SNR: 4.0
Resetting pulsars to clean stoas...
Restore: 0.01 s
Injecting population...
  B1855+09: RMS = 5142.683 ns
  B1937+21: RMS = 3657.800 ns
  B1953+29: RMS = 3906.500 ns
  J0023+0923: RMS = 3368.808 ns
  J0030+0451: RMS = 3396.599 ns
  J0340+4130: RMS = 2879.595 ns
  J0406+3039: RMS = 1858.329 ns
  J0437-4715: RMS = 1503.769 ns
  J0509+0856: RMS = 2523.705 ns
  J0557+1551: RMS = 7493.053 ns
  J0605+3757: RMS = 4346.552 ns
  J0610-2100: RMS = 563.209 ns
  J0613-0200: RMS = 4963.483 ns
  J0636+5128: RMS = 5840.602 ns
  J0645+5158: RMS = 5076.352 ns
  J0709+0458: RMS = 5064.666 ns
  J0740+6620: RMS = 4889.955 ns
  J0931-1902: RMS = 804.922 ns
  J1012+5307: RMS = 5226.654 ns
  J1012-4235: RMS = 1094.147 ns
  J1022+1001: RMS = 626.938 ns
  J1024-0719: RMS = 1418.356 ns
  J1125+7819: RMS = 4537.629 ns
  J1312+0051: RMS = 312.853 ns
  J1453+1902: RMS = 1840.019 ns
  J1455-3330: RMS = 3371.450 ns
  J1600-3053: RMS = 4821.091 ns
  J1614-2230: RMS = 5166.372 ns
  J1630+3734: RMS = 3856.873 ns
  J1640+2224: RMS = 2571.621 ns
  J1643-1224: RMS = 6064.423 ns
  J1705-1903: RMS = 612.142 ns
  J1713+0747: RMS = 3807.364 ns
  J1719-1438: RMS = 1168.359 ns
  J1730-2304: RMS = 924.688 ns
  J1738+0333: RMS = 3901.075 ns
  J1741+1351: RMS = 3719.370 ns
  J1744-1134: RMS = 5342.064 ns
  J1745+1017: RMS = 5115.572 ns
  J1747-4036: RMS = 2934.157 ns
  J1751-2857: RMS = 641.820 ns
  J1802-2124: RMS = 1872.931 ns
  J1811-2405: RMS = 2733.638 ns
  J1832-0836: RMS = 4552.293 ns
  J1843-1113: RMS = 4297.458 ns
  J1853+1303: RMS = 4174.455 ns
  J1903+0327: RMS = 4337.412 ns
  J1909-3744: RMS = 2967.674 ns
  J1910+1256: RMS = 3951.544 ns
  J1911+1347: RMS = 3269.769 ns
  J1918-0642: RMS = 4301.661 ns
  J1923+2515: RMS = 3729.939 ns
  J1944+0907: RMS = 4610.139 ns
  J1946+3417: RMS = 4354.504 ns
  J2010-1323: RMS = 4253.210 ns
  J2017+0603: RMS = 3522.671 ns
  J2033+1734: RMS = 4156.621 ns
  J2043+1711: RMS = 3479.904 ns
  J2124-3358: RMS = 1486.627 ns
  J2145-0750: RMS = 3397.327 ns
  J2214+3000: RMS = 4713.879 ns
  J2229+2643: RMS = 3104.349 ns
  J2234+0611: RMS = 2826.607 ns
  J2234+0944: RMS = 4178.220 ns
  J2302+4442: RMS = 3449.865 ns
  J2317+1439: RMS = 5561.172 ns
  J2322+2057: RMS = 3270.670 ns
Inject: 1.01 s
Snapshotting into enterprise Pulsar objects...
Building PTA...
PTA build: 440.13 s
Computing optimal statistic...
OS time: 53.61 s
Total: 494.76 s
Initial SNR: 170.9610, Target SNR: 4.0000
  Initial SNR 170.9610 outside of provided SNR_range [3.5, 4.25] — rescaling.
Scaling distances by factor 6.3242 to achieve target SNR...
Resetting pulsars to clean stoas...
Restore: 0.01 s
Injecting population...
  B1855+09: RMS = 813.175 ns
  B1937+21: RMS = 578.381 ns
  B1953+29: RMS = 617.706 ns
  J0023+0923: RMS = 532.685 ns
  J0030+0451: RMS = 537.079 ns
  J0340+4130: RMS = 455.329 ns
  J0406+3039: RMS = 293.844 ns
  J0437-4715: RMS = 237.780 ns
  J0509+0856: RMS = 399.055 ns
  J0557+1551: RMS = 1184.822 ns
  J0605+3757: RMS = 687.289 ns
  J0610-2100: RMS = 89.056 ns
  J0613-0200: RMS = 784.839 ns
  J0636+5128: RMS = 923.532 ns
  J0645+5158: RMS = 802.687 ns
  J0709+0458: RMS = 800.839 ns
  J0740+6620: RMS = 773.213 ns
  J0931-1902: RMS = 127.277 ns
  J1012+5307: RMS = 826.453 ns
  J1012-4235: RMS = 173.009 ns
  J1022+1001: RMS = 99.133 ns
  J1024-0719: RMS = 224.274 ns
  J1125+7819: RMS = 717.502 ns
  J1312+0051: RMS = 49.469 ns
  J1453+1902: RMS = 290.949 ns
  J1455-3330: RMS = 533.103 ns
  J1600-3053: RMS = 762.324 ns
  J1614-2230: RMS = 816.921 ns
  J1630+3734: RMS = 609.859 ns
  J1640+2224: RMS = 406.632 ns
  J1643-1224: RMS = 958.923 ns
  J1705-1903: RMS = 96.794 ns
  J1713+0747: RMS = 602.031 ns
  J1719-1438: RMS = 184.744 ns
  J1730-2304: RMS = 146.214 ns
  J1738+0333: RMS = 616.849 ns
  J1741+1351: RMS = 588.117 ns
  J1744-1134: RMS = 844.702 ns
  J1745+1017: RMS = 808.888 ns
  J1747-4036: RMS = 463.957 ns
  J1751-2857: RMS = 101.486 ns
  J1802-2124: RMS = 296.153 ns
  J1811-2405: RMS = 432.250 ns
  J1832-0836: RMS = 719.821 ns
  J1843-1113: RMS = 679.526 ns
  J1853+1303: RMS = 660.076 ns
  J1903+0327: RMS = 685.843 ns
  J1909-3744: RMS = 469.257 ns
  J1910+1256: RMS = 624.829 ns
  J1911+1347: RMS = 517.025 ns
  J1918-0642: RMS = 680.190 ns
  J1923+2515: RMS = 589.788 ns
  J1944+0907: RMS = 728.968 ns
  J1946+3417: RMS = 688.546 ns
  J2010-1323: RMS = 672.529 ns
  J2017+0603: RMS = 557.014 ns
  J2033+1734: RMS = 657.256 ns
  J2043+1711: RMS = 550.252 ns
  J2124-3358: RMS = 235.069 ns
  J2145-0750: RMS = 537.195 ns
  J2214+3000: RMS = 745.371 ns
  J2229+2643: RMS = 490.868 ns
  J2234+0611: RMS = 446.951 ns
  J2234+0944: RMS = 660.671 ns
  J2302+4442: RMS = 545.502 ns
  J2317+1439: RMS = 879.348 ns
  J2322+2057: RMS = 517.167 ns
Inject: 1.09 s
Snapshotting into enterprise Pulsar objects...
Building PTA...
PTA build: 440.37 s
Computing optimal statistic...
OS time: 55.62 s
Total: 497.09 s
  SNR 2.9422 outside of provided SNR_range [3.5, 4.25] — rescaling.
[Iteration 1/100] SNR after scaling: 2.9422 (target: 4.0000)
  SNR history: it0→170.9610@1.0000x, it1→2.9422@6.3242x
  Re-scaling distances by factor 0.3976  (cumulative after: 2.5148×)
Resetting pulsars to clean stoas...
Restore: 3.11 s
Injecting population...
  B1855+09: RMS = 2044.970 ns
  B1937+21: RMS = 1454.511 ns
  B1953+29: RMS = 1553.406 ns
  J0023+0923: RMS = 1339.595 ns
  J0030+0451: RMS = 1350.645 ns
  J0340+4130: RMS = 1145.061 ns
  J0406+3039: RMS = 738.958 ns
  J0437-4715: RMS = 597.968 ns
  J0509+0856: RMS = 1003.542 ns
  J0557+1551: RMS = 2979.586 ns
  J0605+3757: RMS = 1728.391 ns
  J0610-2100: RMS = 223.958 ns
  J0613-0200: RMS = 1973.711 ns
  J0636+5128: RMS = 2322.495 ns
  J0645+5158: RMS = 2018.593 ns
  J0709+0458: RMS = 2013.947 ns
  J0740+6620: RMS = 1944.473 ns
  J0931-1902: RMS = 320.075 ns
  J1012+5307: RMS = 2078.360 ns
  J1012-4235: RMS = 435.084 ns
  J1022+1001: RMS = 249.300 ns
  J1024-0719: RMS = 564.004 ns
  J1125+7819: RMS = 1804.372 ns
  J1312+0051: RMS = 124.405 ns
  J1453+1902: RMS = 731.677 ns
  J1455-3330: RMS = 1340.645 ns
  J1600-3053: RMS = 1917.090 ns
  J1614-2230: RMS = 2054.389 ns
  J1630+3734: RMS = 1533.672 ns
  J1640+2224: RMS = 1022.596 ns
  J1643-1224: RMS = 2411.496 ns
  J1705-1903: RMS = 243.416 ns
  J1713+0747: RMS = 1513.985 ns
  J1719-1438: RMS = 464.594 ns
  J1730-2304: RMS = 367.699 ns
  J1738+0333: RMS = 1551.249 ns
  J1741+1351: RMS = 1478.994 ns
  J1744-1134: RMS = 2124.253 ns
  J1745+1017: RMS = 2034.189 ns
  J1747-4036: RMS = 1166.757 ns
  J1751-2857: RMS = 255.218 ns
  J1802-2124: RMS = 744.765 ns
  J1811-2405: RMS = 1087.022 ns
  J1832-0836: RMS = 1810.203 ns
  J1843-1113: RMS = 1708.869 ns
  J1853+1303: RMS = 1659.957 ns
  J1903+0327: RMS = 1724.757 ns
  J1909-3744: RMS = 1180.085 ns
  J1910+1256: RMS = 1571.317 ns
  J1911+1347: RMS = 1300.212 ns
  J1918-0642: RMS = 1710.540 ns
  J1923+2515: RMS = 1483.197 ns
  J1944+0907: RMS = 1833.205 ns
  J1946+3417: RMS = 1731.553 ns
  J2010-1323: RMS = 1691.274 ns
  J2017+0603: RMS = 1400.778 ns
  J2033+1734: RMS = 1652.866 ns
  J2043+1711: RMS = 1383.771 ns
  J2124-3358: RMS = 591.152 ns
  J2145-0750: RMS = 1350.935 ns
  J2214+3000: RMS = 1874.457 ns
  J2229+2643: RMS = 1234.433 ns
  J2234+0611: RMS = 1123.990 ns
  J2234+0944: RMS = 1661.454 ns
  J2302+4442: RMS = 1371.826 ns
  J2317+1439: RMS = 2211.380 ns
  J2322+2057: RMS = 1300.571 ns
Inject: 0.74 s
Snapshotting into enterprise Pulsar objects...
Building PTA...
PTA build: 450.00 s
Computing optimal statistic...
OS time: 44.23 s
Total: 498.08 s
  SNR 24.8929 outside of provided SNR_range [3.5, 4.25] — rescaling.
[Iteration 2/100] SNR after scaling: 24.8929 (target: 4.0000)
  SNR history: it0→170.9610@1.0000x, it1→2.9422@6.3242x, it2→24.8929@2.5148x
  Re-scaling distances by factor 1.5858  (cumulative after: 3.9880×)
Resetting pulsars to clean stoas...
Restore: 0.01 s
Injecting population...
  B1855+09: RMS = 1289.542 ns
  B1937+21: RMS = 917.203 ns
  B1953+29: RMS = 979.566 ns
  J0023+0923: RMS = 844.738 ns
  J0030+0451: RMS = 851.706 ns
  J0340+4130: RMS = 722.066 ns
  J0406+3039: RMS = 465.981 ns
  J0437-4715: RMS = 377.074 ns
  J0509+0856: RMS = 632.826 ns
  J0557+1551: RMS = 1878.904 ns
  J0605+3757: RMS = 1089.910 ns
  J0610-2100: RMS = 141.226 ns
  J0613-0200: RMS = 1244.607 ns
  J0636+5128: RMS = 1464.547 ns
  J0645+5158: RMS = 1272.909 ns
  J0709+0458: RMS = 1269.979 ns
  J0740+6620: RMS = 1226.170 ns
  J0931-1902: RMS = 201.836 ns
  J1012+5307: RMS = 1310.598 ns
  J1012-4235: RMS = 274.360 ns
  J1022+1001: RMS = 157.206 ns
  J1024-0719: RMS = 355.657 ns
  J1125+7819: RMS = 1137.823 ns
  J1312+0051: RMS = 78.449 ns
  J1453+1902: RMS = 461.390 ns
  J1455-3330: RMS = 845.400 ns
  J1600-3053: RMS = 1208.902 ns
  J1614-2230: RMS = 1295.482 ns
  J1630+3734: RMS = 967.121 ns
  J1640+2224: RMS = 644.841 ns
  J1643-1224: RMS = 1520.671 ns
  J1705-1903: RMS = 153.496 ns
  J1713+0747: RMS = 954.707 ns
  J1719-1438: RMS = 292.969 ns
  J1730-2304: RMS = 231.868 ns
  J1738+0333: RMS = 978.205 ns
  J1741+1351: RMS = 932.642 ns
  J1744-1134: RMS = 1339.537 ns
  J1745+1017: RMS = 1282.744 ns
  J1747-4036: RMS = 735.748 ns
  J1751-2857: RMS = 160.938 ns
  J1802-2124: RMS = 469.643 ns
  J1811-2405: RMS = 685.467 ns
  J1832-0836: RMS = 1141.500 ns
  J1843-1113: RMS = 1077.599 ns
  J1853+1303: RMS = 1046.756 ns
  J1903+0327: RMS = 1087.618 ns
  J1909-3744: RMS = 744.152 ns
  J1910+1256: RMS = 990.860 ns
  J1911+1347: RMS = 819.903 ns
  J1918-0642: RMS = 1078.653 ns
  J1923+2515: RMS = 935.292 ns
  J1944+0907: RMS = 1156.005 ns
  J1946+3417: RMS = 1091.904 ns
  J2010-1323: RMS = 1066.504 ns
  J2017+0603: RMS = 883.319 ns
  J2033+1734: RMS = 1042.284 ns
  J2043+1711: RMS = 872.595 ns
  J2124-3358: RMS = 372.776 ns
  J2145-0750: RMS = 851.889 ns
  J2214+3000: RMS = 1182.018 ns
  J2229+2643: RMS = 778.424 ns
  J2234+0611: RMS = 708.780 ns
  J2234+0944: RMS = 1047.700 ns
  J2302+4442: RMS = 865.063 ns
  J2317+1439: RMS = 1394.479 ns
  J2322+2057: RMS = 820.130 ns
Inject: 0.57 s
Snapshotting into enterprise Pulsar objects...
Building PTA...
PTA build: 430.37 s
Computing optimal statistic...
OS time: 39.05 s
Total: 469.99 s
  SNR 8.9963 outside of provided SNR_range [3.5, 4.25] — rescaling.
[Iteration 3/100] SNR after scaling: 8.9963 (target: 4.0000)
  SNR history: it0→170.9610@1.0000x, it1→2.9422@6.3242x, it2→24.8929@2.5148x, it3→8.9963@3.9880x
  Re-scaling distances by factor 1.2593  (cumulative after: 5.0220×)
Resetting pulsars to clean stoas...
Restore: 0.00 s
Injecting population...
  B1855+09: RMS = 1024.023 ns
  B1937+21: RMS = 728.350 ns
  B1953+29: RMS = 777.871 ns
  J0023+0923: RMS = 670.805 ns
  J0030+0451: RMS = 676.339 ns
  J0340+4130: RMS = 573.392 ns
  J0406+3039: RMS = 370.035 ns
  J0437-4715: RMS = 299.434 ns
  J0509+0856: RMS = 502.526 ns
  J0557+1551: RMS = 1492.034 ns
  J0605+3757: RMS = 865.496 ns
  J0610-2100: RMS = 112.148 ns
  J0613-0200: RMS = 988.340 ns
  J0636+5128: RMS = 1162.994 ns
  J0645+5158: RMS = 1010.815 ns
  J0709+0458: RMS = 1008.488 ns
  J0740+6620: RMS = 973.699 ns
  J0931-1902: RMS = 160.278 ns
  J1012+5307: RMS = 1040.744 ns
  J1012-4235: RMS = 217.869 ns
  J1022+1001: RMS = 124.837 ns
  J1024-0719: RMS = 282.426 ns
  J1125+7819: RMS = 903.543 ns
  J1312+0051: RMS = 62.296 ns
  J1453+1902: RMS = 366.389 ns
  J1455-3330: RMS = 671.331 ns
  J1600-3053: RMS = 959.987 ns
  J1614-2230: RMS = 1028.740 ns
  J1630+3734: RMS = 767.989 ns
  J1640+2224: RMS = 512.067 ns
  J1643-1224: RMS = 1207.562 ns
  J1705-1903: RMS = 121.891 ns
  J1713+0747: RMS = 758.131 ns
  J1719-1438: RMS = 232.646 ns
  J1730-2304: RMS = 184.126 ns
  J1738+0333: RMS = 776.791 ns
  J1741+1351: RMS = 740.610 ns
  J1744-1134: RMS = 1063.724 ns
  J1745+1017: RMS = 1018.624 ns
  J1747-4036: RMS = 584.256 ns
  J1751-2857: RMS = 127.801 ns
  J1802-2124: RMS = 372.942 ns
  J1811-2405: RMS = 544.328 ns
  J1832-0836: RMS = 906.463 ns
  J1843-1113: RMS = 855.720 ns
  J1853+1303: RMS = 831.227 ns
  J1903+0327: RMS = 863.676 ns
  J1909-3744: RMS = 590.930 ns
  J1910+1256: RMS = 786.841 ns
  J1911+1347: RMS = 651.084 ns
  J1918-0642: RMS = 856.557 ns
  J1923+2515: RMS = 742.714 ns
  J1944+0907: RMS = 917.982 ns
  J1946+3417: RMS = 867.079 ns
  J2010-1323: RMS = 846.909 ns
  J2017+0603: RMS = 701.442 ns
  J2033+1734: RMS = 827.676 ns
  J2043+1711: RMS = 692.926 ns
  J2124-3358: RMS = 296.021 ns
  J2145-0750: RMS = 676.484 ns
  J2214+3000: RMS = 938.639 ns
  J2229+2643: RMS = 618.145 ns
  J2234+0611: RMS = 562.841 ns
  J2234+0944: RMS = 831.977 ns
  J2302+4442: RMS = 686.945 ns
  J2317+1439: RMS = 1107.354 ns
  J2322+2057: RMS = 651.263 ns
Inject: 0.49 s
Snapshotting into enterprise Pulsar objects...
Building PTA...
PTA build: 397.31 s
Computing optimal statistic...
OS time: 39.22 s
Total: 437.03 s
  SNR 5.2411 outside of provided SNR_range [3.5, 4.25] — rescaling.
[Iteration 4/100] SNR after scaling: 5.2411 (target: 4.0000)
  SNR history: it0→170.9610@1.0000x, it1→2.9422@6.3242x, it2→24.8929@2.5148x, it3→8.9963@3.9880x, it4→5.2411@5.0220x
  Re-scaling distances by factor 1.1222  (cumulative after: 5.6356×)
Resetting pulsars to clean stoas...
Restore: 0.00 s
Injecting population...
  B1855+09: RMS = 912.529 ns
  B1937+21: RMS = 649.048 ns
  B1953+29: RMS = 693.178 ns
  J0023+0923: RMS = 597.769 ns
  J0030+0451: RMS = 602.700 ns
  J0340+4130: RMS = 510.962 ns
  J0406+3039: RMS = 329.746 ns
  J0437-4715: RMS = 266.832 ns
  J0509+0856: RMS = 447.812 ns
  J0557+1551: RMS = 1329.584 ns
  J0605+3757: RMS = 771.262 ns
  J0610-2100: RMS = 99.937 ns
  J0613-0200: RMS = 880.732 ns
  J0636+5128: RMS = 1036.370 ns
  J0645+5158: RMS = 900.759 ns
  J0709+0458: RMS = 898.686 ns
  J0740+6620: RMS = 867.685 ns
  J0931-1902: RMS = 142.827 ns
  J1012+5307: RMS = 927.429 ns
  J1012-4235: RMS = 194.148 ns
  J1022+1001: RMS = 111.245 ns
  J1024-0719: RMS = 251.676 ns
  J1125+7819: RMS = 805.167 ns
  J1312+0051: RMS = 55.513 ns
  J1453+1902: RMS = 326.497 ns
  J1455-3330: RMS = 598.238 ns
  J1600-3053: RMS = 855.465 ns
  J1614-2230: RMS = 916.733 ns
  J1630+3734: RMS = 684.372 ns
  J1640+2224: RMS = 456.314 ns
  J1643-1224: RMS = 1076.085 ns
  J1705-1903: RMS = 108.620 ns
  J1713+0747: RMS = 675.587 ns
  J1719-1438: RMS = 207.316 ns
  J1730-2304: RMS = 164.079 ns
  J1738+0333: RMS = 692.216 ns
  J1741+1351: RMS = 659.973 ns
  J1744-1134: RMS = 947.908 ns
  J1745+1017: RMS = 907.719 ns
  J1747-4036: RMS = 520.644 ns
  J1751-2857: RMS = 113.886 ns
  J1802-2124: RMS = 332.337 ns
  J1811-2405: RMS = 485.063 ns
  J1832-0836: RMS = 807.769 ns
  J1843-1113: RMS = 762.551 ns
  J1853+1303: RMS = 740.725 ns
  J1903+0327: RMS = 769.640 ns
  J1909-3744: RMS = 526.591 ns
  J1910+1256: RMS = 701.171 ns
  J1911+1347: RMS = 580.195 ns
  J1918-0642: RMS = 763.297 ns
  J1923+2515: RMS = 661.849 ns
  J1944+0907: RMS = 818.034 ns
  J1946+3417: RMS = 772.673 ns
  J2010-1323: RMS = 754.699 ns
  J2017+0603: RMS = 625.071 ns
  J2033+1734: RMS = 737.560 ns
  J2043+1711: RMS = 617.482 ns
  J2124-3358: RMS = 263.790 ns
  J2145-0750: RMS = 602.829 ns
  J2214+3000: RMS = 836.441 ns
  J2229+2643: RMS = 550.843 ns
  J2234+0611: RMS = 501.560 ns
  J2234+0944: RMS = 741.393 ns
  J2302+4442: RMS = 612.152 ns
  J2317+1439: RMS = 986.787 ns
  J2322+2057: RMS = 580.355 ns
Inject: 0.49 s
Snapshotting into enterprise Pulsar objects...
Building PTA...
PTA build: 398.18 s
Computing optimal statistic...
OS time: 41.62 s
Total: 440.29 s
  ✓ SNR is within the provided SNR_range: 3.9485 ∈ [3.5, 4.25]

Final SNR history:
  it 0: cumulative_scale=1.0000×  SNR=170.9610
  it 1: cumulative_scale=6.3242×  SNR=2.9422
  it 2: cumulative_scale=2.5148×  SNR=24.8929
  it 3: cumulative_scale=3.9880×  SNR=8.9963
  it 4: cumulative_scale=5.0220×  SNR=5.2411
  it 5: cumulative_scale=5.6356×  SNR=3.9485
✓ Simulation 1 done (2841.5 s)

======================================================================
ENSEMBLE SUMMARY
======================================================================
Success rate: 100.0% (1/1)

Binaries per population:
  Mean ± std : 500 ± 0
  Range      : [500, 500]

SNR achieved:
  Mean ± std : 3.9485 ± 0.0000
  Range      : [3.9485, 3.9485]

Total time: 3385.4 s (56.4 min)
======================================================================

💾 Saved: data/2026-05-01/optimistic_run_85/consistent_population_optimistic_targetSNR4.25_sims1.json
💾 Saved compressed pickle: data/2026-05-01/optimistic_run_85/consistent_population_optimistic_targetSNR4.25_sims1.pkl.gz

======================================================================
CONTINUOUS WAVE SNR ANALYSIS
======================================================================

--- Population 1 ---
Precomputation of phiinvs, TNTs, Ts, Nvecs, Sigmas took 0.03 seconds.
Total SNR computation for population took 170.21 seconds.
Top 50 CGW candidates:
   1. proxy_rank=   1  sky_w=1.23  f=2.81e-09 Hz  Mc=7.57e+10 Msun  h0=2.04e-14  SNR=8.628
   2. proxy_rank=  12  sky_w=1.23  f=8.16e-09 Hz  Mc=2.86e+10 Msun  h0=4.75e-15  SNR=6.459
   3. proxy_rank=  13  sky_w=0.61  f=1.32e-08 Hz  Mc=2.19e+10 Msun  h0=1.33e-14  SNR=5.483
   4. proxy_rank=  22  sky_w=0.99  f=1.60e-08 Hz  Mc=1.75e+10 Msun  h0=3.53e-15  SNR=3.947
   5. proxy_rank=   2  sky_w=1.16  f=3.04e-09 Hz  Mc=7.24e+10 Msun  h0=1.09e-14  SNR=3.484
   6. proxy_rank=   4  sky_w=0.97  f=2.36e-09 Hz  Mc=5.72e+10 Msun  h0=6.29e-15  SNR=2.595
   7. proxy_rank=   3  sky_w=0.72  f=2.19e-09 Hz  Mc=5.44e+10 Msun  h0=8.00e-15  SNR=2.429
   8. proxy_rank=   5  sky_w=1.48  f=3.07e-09 Hz  Mc=3.73e+10 Msun  h0=3.70e-15  SNR=1.403
   9. proxy_rank=   8  sky_w=0.92  f=2.56e-09 Hz  Mc=3.42e+10 Msun  h0=2.76e-15  SNR=1.221
  10. proxy_rank=  17  sky_w=0.85  f=3.61e-09 Hz  Mc=2.16e+10 Msun  h0=1.69e-15  SNR=1.203
  11. proxy_rank=  16  sky_w=1.15  f=3.49e-09 Hz  Mc=1.56e+10 Msun  h0=1.26e-15  SNR=0.983
  12. proxy_rank=   7  sky_w=0.99  f=2.18e-09 Hz  Mc=3.41e+10 Msun  h0=2.50e-15  SNR=0.860
  13. proxy_rank=   6  sky_w=1.40  f=2.38e-09 Hz  Mc=2.61e+10 Msun  h0=2.44e-15  SNR=0.826
  14. proxy_rank=  10  sky_w=1.07  f=2.44e-09 Hz  Mc=2.62e+10 Msun  h0=1.75e-15  SNR=0.804
  15. proxy_rank=  21  sky_w=1.44  f=3.47e-09 Hz  Mc=1.10e+10 Msun  h0=5.47e-16  SNR=0.610
  16. proxy_rank=  15  sky_w=1.50  f=3.36e-09 Hz  Mc=1.71e+10 Msun  h0=1.10e-15  SNR=0.554
  17. proxy_rank=  14  sky_w=1.10  f=2.34e-09 Hz  Mc=1.87e+10 Msun  h0=1.13e-15  SNR=0.546
  18. proxy_rank=  11  sky_w=1.02  f=2.34e-09 Hz  Mc=2.33e+10 Msun  h0=1.73e-15  SNR=0.507
  19. proxy_rank=   9  sky_w=0.63  f=2.18e-09 Hz  Mc=4.00e+10 Msun  h0=3.27e-15  SNR=0.455
  20. proxy_rank=  23  sky_w=1.43  f=3.24e-09 Hz  Mc=1.09e+10 Msun  h0=4.84e-16  SNR=0.426
  21. proxy_rank=  19  sky_w=0.82  f=2.67e-09 Hz  Mc=1.05e+10 Msun  h0=8.47e-16  SNR=0.370
  22. proxy_rank=  20  sky_w=1.00  f=2.85e-09 Hz  Mc=1.41e+10 Msun  h0=7.33e-16  SNR=0.278
  23. proxy_rank=  35  sky_w=0.63  f=3.23e-09 Hz  Mc=8.74e+09 Msun  h0=5.29e-16  SNR=0.246
  24. proxy_rank=  50  sky_w=1.42  f=4.90e-09 Hz  Mc=3.75e+09 Msun  h0=1.47e-16  SNR=0.216
  25. proxy_rank=  43  sky_w=0.88  f=4.39e-09 Hz  Mc=6.58e+09 Msun  h0=2.62e-16  SNR=0.204
  26. proxy_rank=  26  sky_w=0.66  f=2.20e-09 Hz  Mc=1.42e+10 Msun  h0=5.83e-16  SNR=0.168
  27. proxy_rank=  28  sky_w=1.24  f=2.85e-09 Hz  Mc=6.17e+09 Msun  h0=3.87e-16  SNR=0.166
  28. proxy_rank=  18  sky_w=0.87  f=2.47e-09 Hz  Mc=1.85e+10 Msun  h0=1.04e-15  SNR=0.166
  29. proxy_rank=  40  sky_w=0.61  f=4.63e-09 Hz  Mc=1.06e+10 Msun  h0=6.11e-16  SNR=0.165
  30. proxy_rank=  31  sky_w=1.46  f=2.59e-09 Hz  Mc=7.51e+09 Msun  h0=2.39e-16  SNR=0.163
  31. proxy_rank=  38  sky_w=0.52  f=2.82e-09 Hz  Mc=1.10e+10 Msun  h0=4.50e-16  SNR=0.160
  32. proxy_rank=  47  sky_w=1.07  f=4.33e-09 Hz  Mc=4.95e+09 Msun  h0=1.92e-16  SNR=0.159
  33. proxy_rank=  46  sky_w=1.33  f=3.92e-09 Hz  Mc=4.50e+09 Msun  h0=1.46e-16  SNR=0.155
  34. proxy_rank=  36  sky_w=1.20  f=3.74e-09 Hz  Mc=7.98e+09 Msun  h0=3.13e-16  SNR=0.153
  35. proxy_rank=  78  sky_w=1.46  f=1.93e-08 Hz  Mc=2.14e+09 Msun  h0=1.40e-16  SNR=0.151
  36. proxy_rank=  52  sky_w=1.00  f=4.20e-09 Hz  Mc=5.21e+09 Msun  h0=1.78e-16  SNR=0.146
  37. proxy_rank=  34  sky_w=0.58  f=2.39e-09 Hz  Mc=1.16e+10 Msun  h0=4.41e-16  SNR=0.144
  38. proxy_rank=  29  sky_w=0.53  f=2.24e-09 Hz  Mc=1.51e+10 Msun  h0=6.47e-16  SNR=0.142
  39. proxy_rank=  61  sky_w=0.50  f=4.35e-09 Hz  Mc=6.29e+09 Msun  h0=2.33e-16  SNR=0.129
  40. proxy_rank=  32  sky_w=0.88  f=2.67e-09 Hz  Mc=1.01e+10 Msun  h0=3.92e-16  SNR=0.122
  41. proxy_rank=  41  sky_w=1.57  f=3.95e-09 Hz  Mc=5.55e+09 Msun  h0=1.98e-16  SNR=0.118
  42. proxy_rank=  56  sky_w=1.03  f=4.02e-09 Hz  Mc=3.65e+09 Msun  h0=1.41e-16  SNR=0.114
  43. proxy_rank=  25  sky_w=1.49  f=2.69e-09 Hz  Mc=6.99e+09 Msun  h0=3.16e-16  SNR=0.111
  44. proxy_rank=  44  sky_w=0.70  f=4.63e-09 Hz  Mc=7.60e+09 Msun  h0=3.31e-16  SNR=0.111
  45. proxy_rank=  30  sky_w=1.58  f=2.05e-09 Hz  Mc=5.35e+09 Msun  h0=1.79e-16  SNR=0.105
  46. proxy_rank=  33  sky_w=0.53  f=2.09e-09 Hz  Mc=7.05e+09 Msun  h0=4.72e-16  SNR=0.097
  47. proxy_rank=  24  sky_w=1.61  f=2.27e-09 Hz  Mc=5.95e+09 Msun  h0=2.57e-16  SNR=0.087
  48. proxy_rank=  39  sky_w=1.08  f=2.68e-09 Hz  Mc=7.03e+09 Msun  h0=2.02e-16  SNR=0.083
  49. proxy_rank=  27  sky_w=1.36  f=2.03e-09 Hz  Mc=6.98e+09 Msun  h0=2.53e-16  SNR=0.082
  50. proxy_rank=  54  sky_w=1.55  f=3.15e-09 Hz  Mc=3.61e+09 Msun  h0=8.02e-17  SNR=0.081
💾 Saved: data/2026-05-01/optimistic_run_85/consistent_population_optimistic_targetSNR4.25_sims1.json
💾 Saved compressed pickle: data/2026-05-01/optimistic_run_85/consistent_population_optimistic_targetSNR4.25_sims1.pkl.gz
Saved to figures/cgw_analysis_optimistic.pdf

==========================================
Job finished at: Fri May  1 18:28:51 AEST 2026
Exit code: 0
==========================================

+------------------ Job Report: 11783482 (COMPLETED) ------------------+
| Memory (RAM)  [##################  ] 90.8% (30.9 GB peak / 34 GB)    |
| CPU           [################    ] 84.3% average                   |
| Time          [----------->        ] 56.3% (0-01:01:58 / 0-01:50:00) |
|                                                                      |
| Lustre Filesystem:                                                   |
|   Path    Total Read    Total Write    Total IOPS                    |
|   ------  ------------  -------------  ------------                  |
|   /apps   0 B           0 B            29                            |
|   /fred   11.3 MB       343.5 KB       118                           |
|   /home   4.3 MB        0 B            2.1 K                         |
|   OS      0 B           0 B            2                             |
|                                                                      |
| Warnings:                                                            |
|   - Too much time requested                                          |
+----------------------------------------------------------------------+
