==========================================
Job ID: 11780170
Job Name: smbhb_optimistic
Node: dave308
Start Time: Fri May  1 16:35:52 AEST 2026
==========================================

/home/bhoulden/.conda/envs/smbhb312/share/tempo2
Working directory: /fred/oz005/users/bhoulden/SMBHB_population_injections

Loaded modules:

Starting SMBHB analysis...
==========================================

📁 Save directory: data/2026-05-01/optimistic_run_30
📝 Run name: optimistic_run_30

[MEM] Start: 243.9 MB

📡 Loading pulsars...
======================================================================
LOADING NANOGRAV PULSARS (libstempo)
======================================================================

📦 Loading from cache: nanograv_pulsars_cache.pkl
⚠ Cache load failed: Ran out of input
[DEBUG] Found 76 .par files
[tempo2Util.C:396] Warning: [MISC1] Unknown parameter in par file:  DMDATA
[tempo2Util.C:401] Warning: [DUP1] duplicated warnings have been suppressed.

WARNING: Using tempo RNAMP parameter: setting TNRedC to 100!
[observatory.C:271] Warning: Assuming site 'arecibo' means 'ao'
✓ Loaded B1855+09 (7758 TOAs)

WARNING: Using tempo RNAMP parameter: setting TNRedC to 100!
✓ Loaded B1937+21 (23023 TOAs)

WARNING: Using tempo RNAMP parameter: setting TNRedC to 100!
✓ Loaded B1937+21ao (7241 TOAs)

WARNING: Using tempo RNAMP parameter: setting TNRedC to 100!
✓ Loaded B1937+21gbt (16048 TOAs)

WARNING: Using tempo RNAMP parameter: setting TNRedC to 100!
✓ Loaded B1953+29 (5126 TOAs)
✓ Loaded J0023+0923 (15896 TOAs)

WARNING: Using tempo RNAMP parameter: setting TNRedC to 100!
✓ Loaded J0030+0451 (19571 TOAs)
✓ Loaded J0340+4130 (11093 TOAs)
✓ Loaded J0406+3039 (2446 TOAs)

WARNING: Using tempo RNAMP parameter: setting TNRedC to 100!
✓ Loaded J0437-4715 (5830 TOAs)
✓ Loaded J0509+0856 (2169 TOAs)
✓ Loaded J0557+1551 (525 TOAs)
✓ Loaded J0605+3757 (554 TOAs)

WARNING: Using tempo RNAMP parameter: setting TNRedC to 100!
✓ Loaded J0610-2100 (4885 TOAs)

WARNING: Using tempo RNAMP parameter: setting TNRedC to 100!
✓ Loaded J0613-0200 (17124 TOAs)
✓ Loaded J0614-3329 (1714 TOAs)
✓ Loaded J0636+5128 (32222 TOAs)
✓ Loaded J0645+5158 (10403 TOAs)
✓ Loaded J0709+0458 (3030 TOAs)
✓ Loaded J0740+6620 (13401 TOAs)
✓ Loaded J0931-1902 (5473 TOAs)

WARNING: Using tempo RNAMP parameter: setting TNRedC to 100!
✓ Loaded J1012+5307 (25837 TOAs)
✓ Loaded J1012-4235 (797 TOAs)
✓ Loaded J1022+1001 (3978 TOAs)
✓ Loaded J1024-0719 (12635 TOAs)
✓ Loaded J1125+7819 (8723 TOAs)
✓ Loaded J1312+0051 (1705 TOAs)
✓ Loaded J1453+1902 (2551 TOAs)
✓ Loaded J1455-3330 (10818 TOAs)

WARNING: Using tempo RNAMP parameter: setting TNRedC to 100!
✓ Loaded J1600-3053 (22955 TOAs)

WARNING: Using tempo RNAMP parameter: setting TNRedC to 100!
✓ Loaded J1600-3053gbt (19725 TOAs)

WARNING: Using tempo RNAMP parameter: setting TNRedC to 100!
✓ Loaded J1614-2230 (18445 TOAs)
✓ Loaded J1630+3734 (1815 TOAs)
✓ Loaded J1640+2224 (14066 TOAs)

WARNING: Using tempo RNAMP parameter: setting TNRedC to 100!
✓ Loaded J1643-1224 (22144 TOAs)

WARNING: Using tempo RNAMP parameter: setting TNRedC to 100!
✓ Loaded J1643-1224gbt (17932 TOAs)

WARNING: Using tempo RNAMP parameter: setting TNRedC to 100!
✓ Loaded J1705-1903 (9871 TOAs)

WARNING: Using tempo RNAMP parameter: setting TNRedC to 100!
✓ Loaded J1713+0747 (59389 TOAs)

WARNING: Using tempo RNAMP parameter: setting TNRedC to 100!
✓ Loaded J1713+0747ao (21362 TOAs)

WARNING: Using tempo RNAMP parameter: setting TNRedC to 100!
✓ Loaded J1713+0747gbt (32963 TOAs)
✓ Loaded J1719-1438 (6356 TOAs)
✓ Loaded J1730-2304 (4870 TOAs)
✓ Loaded J1738+0333 (8790 TOAs)
✓ Loaded J1741+1351 (5582 TOAs)

WARNING: Using tempo RNAMP parameter: setting TNRedC to 100!
✓ Loaded J1744-1134 (17745 TOAs)

WARNING: Using tempo RNAMP parameter: setting TNRedC to 100!
✓ Loaded J1745+1017 (3017 TOAs)

WARNING: Using tempo RNAMP parameter: setting TNRedC to 100!
✓ Loaded J1747-4036 (11055 TOAs)
✓ Loaded J1751-2857 (2025 TOAs)

WARNING: Using tempo RNAMP parameter: setting TNRedC to 100!
✓ Loaded J1802-2124 (6796 TOAs)
✓ Loaded J1811-2405 (5266 TOAs)
✓ Loaded J1832-0836 (7739 TOAs)
✓ Loaded J1843-1113 (4595 TOAs)

WARNING: Using tempo RNAMP parameter: setting TNRedC to 100!
✓ Loaded J1853+1303 (4570 TOAs)

WARNING: Using tempo RNAMP parameter: setting TNRedC to 100!
✓ Loaded J1903+0327 (6856 TOAs)

WARNING: Using tempo RNAMP parameter: setting TNRedC to 100!
✓ Loaded J1903+0327ao (6423 TOAs)

WARNING: Using tempo RNAMP parameter: setting TNRedC to 100!
✓ Loaded J1909-3744 (35037 TOAs)

WARNING: Using tempo RNAMP parameter: setting TNRedC to 100!
✓ Loaded J1909-3744gbt (31526 TOAs)
✓ Loaded J1910+1256 (6486 TOAs)
✓ Loaded J1911+1347 (3786 TOAs)
✓ Loaded J1918-0642 (18875 TOAs)
✓ Loaded J1923+2515 (3974 TOAs)
✓ Loaded J1944+0907 (5328 TOAs)

WARNING: Using tempo RNAMP parameter: setting TNRedC to 100!
✓ Loaded J1946+3417 (4743 TOAs)
✓ Loaded J2010-1323 (17077 TOAs)
✓ Loaded J2017+0603 (3512 TOAs)
✓ Loaded J2033+1734 (3847 TOAs)
✓ Loaded J2043+1711 (7397 TOAs)
✓ Loaded J2124-3358 (4982 TOAs)

WARNING: Using tempo RNAMP parameter: setting TNRedC to 100!
✓ Loaded J2145-0750 (18675 TOAs)
✓ Loaded J2214+3000 (7406 TOAs)
✓ Loaded J2229+2643 (3711 TOAs)

WARNING: Using tempo RNAMP parameter: setting TNRedC to 100!
✓ Loaded J2234+0611 (3566 TOAs)
✓ Loaded J2234+0944 (7535 TOAs)
✓ Loaded J2302+4442 (10211 TOAs)
✓ Loaded J2317+1439 (13927 TOAs)
✓ Loaded J2322+2057 (3088 TOAs)
⚠ Could not save cache: no default __reduce__ due to non-trivial __cinit__

✓ Loaded 76 pulsars
✗ Failed: 0 — []
[MEM] After loading pulsars: 8857.5 MB

🔍 Filtering pulsars...

Filtered: 76 → 67 pulsars
[MEM] After filtering pulsars: 8858.5 MB
[MEM] After garbage collection: 8858.5 MB

======================================================================
SMBHB POPULATION ANALYSIS
======================================================================

Configuration: optimistic
  Larger mass, higher spread in distance, small population
  N_binaries: 500

======================================================================
CONSISTENT POPULATION SYNTHESIS
======================================================================

======================================================================
GENERATING SNR-CONSISTENT POPULATIONS
======================================================================
Target SNR:          4.0
Simulations:         1
======================================================================


──────────────────────────────────────────────────────────────────────
SIMULATION 1/1
──────────────────────────────────────────────────────────────────────
  [B1855+09] zeroing residuals...
  [B1855+09] adding red noise...
  [B1855+09] white noise for 430_ASP (390 TOAs)...
  [B1855+09] white noise for L-wide_PUPPI (5005 TOAs)...
  [B1855+09] white noise for L-wide_ASP (1178 TOAs)...
  [B1855+09] white noise for 430_PUPPI (1185 TOAs)...
  [B1937+21] zeroing residuals...
  [B1937+21] adding red noise...
  [B1937+21] white noise for L-wide_PUPPI (4133 TOAs)...
  [B1937+21] white noise for Rcvr_800_GASP (586 TOAs)...
  [B1937+21] white noise for S-wide_PUPPI (2251 TOAs)...
  [B1937+21] white noise for Rcvr_800_GUPPI (7140 TOAs)...
  [B1937+21] white noise for S-wide_ASP (344 TOAs)...
  [B1937+21] white noise for L-wide_ASP (452 TOAs)...
  [B1937+21] white noise for Rcvr1_2_GUPPI (7048 TOAs)...
  [B1937+21] white noise for Rcvr1_2_GASP (1069 TOAs)...
  [B1953+29] zeroing residuals...
  [B1953+29] adding red noise...
  [B1953+29] white noise for L-wide_PUPPI (4037 TOAs)...
  [B1953+29] white noise for S-wide_ASP (25 TOAs)...
  [B1953+29] white noise for L-wide_ASP (94 TOAs)...
  [B1953+29] white noise for 430_PUPPI (941 TOAs)...
  [B1953+29] white noise for 430_ASP (29 TOAs)...
  [J0023+0923] zeroing residuals...
  [J0023+0923] adding red noise...
  [J0023+0923] white noise for 430_ASP (90 TOAs)...
  [J0023+0923] white noise for L-wide_PUPPI (11123 TOAs)...
  [J0023+0923] white noise for L-wide_ASP (119 TOAs)...
  [J0023+0923] white noise for 430_PUPPI (4564 TOAs)...
  [J0030+0451] zeroing residuals...
  [J0030+0451] adding red noise...
  [J0030+0451] white noise for L-wide_PUPPI (12774 TOAs)...
  [J0030+0451] white noise for S-wide_PUPPI (2673 TOAs)...
  [J0030+0451] white noise for L-wide_ASP (789 TOAs)...
  [J0030+0451] white noise for 430_PUPPI (3068 TOAs)...
  [J0030+0451] white noise for 430_ASP (267 TOAs)...
  [J0340+4130] zeroing residuals...
  [J0340+4130] adding red noise...
  [J0340+4130] white noise for Rcvr_800_GUPPI (6056 TOAs)...
  [J0340+4130] white noise for Rcvr1_2_GUPPI (5037 TOAs)...
  [J0406+3039] zeroing residuals...
  [J0406+3039] adding red noise...
  [J0406+3039] white noise for L-wide_PUPPI (1871 TOAs)...
  [J0406+3039] white noise for S-wide_PUPPI (575 TOAs)...
  [J0437-4715] zeroing residuals...
  [J0437-4715] adding red noise...
  [J0437-4715] white noise for 1.5GHz_YUPPI (2134 TOAs)...
  [J0437-4715] white noise for 3GHz_YUPPI (3696 TOAs)...
  [J0509+0856] zeroing residuals...
  [J0509+0856] adding red noise...
  [J0509+0856] white noise for L-wide_PUPPI (1625 TOAs)...
  [J0509+0856] white noise for S-wide_PUPPI (544 TOAs)...
  [J0557+1551] zeroing residuals...
  [J0557+1551] adding red noise...
  [J0557+1551] white noise for L-wide_PUPPI (467 TOAs)...
  [J0557+1551] white noise for S-wide_PUPPI (58 TOAs)...
  [J0605+3757] zeroing residuals...
  [J0605+3757] adding red noise...
  [J0605+3757] white noise for Rcvr_800_GUPPI (236 TOAs)...
  [J0605+3757] white noise for Rcvr1_2_GUPPI (318 TOAs)...
  [J0610-2100] zeroing residuals...
  [J0610-2100] adding red noise...
  [J0610-2100] white noise for Rcvr_800_GUPPI (2484 TOAs)...
  [J0610-2100] white noise for Rcvr1_2_GUPPI (2401 TOAs)...
  [J0613-0200] zeroing residuals...
  [J0613-0200] adding red noise...
  [J0613-0200] white noise for Rcvr_800_GUPPI (7900 TOAs)...
  [J0613-0200] white noise for Rcvr1_2_GASP (992 TOAs)...
  [J0613-0200] white noise for Rcvr_800_GASP (809 TOAs)...
  [J0613-0200] white noise for Rcvr1_2_GUPPI (7423 TOAs)...
  [J0636+5128] zeroing residuals...
  [J0636+5128] adding red noise...
  [J0636+5128] white noise for Rcvr_800_GUPPI (17419 TOAs)...
  [J0636+5128] white noise for Rcvr1_2_GUPPI (14803 TOAs)...
  [J0645+5158] zeroing residuals...
  [J0645+5158] adding red noise...
  [J0645+5158] white noise for Rcvr_800_GUPPI (4682 TOAs)...
  [J0645+5158] white noise for Rcvr1_2_GUPPI (5721 TOAs)...
  [J0709+0458] zeroing residuals...
  [J0709+0458] adding red noise...
  [J0709+0458] white noise for L-wide_PUPPI (2435 TOAs)...
  [J0709+0458] white noise for S-wide_PUPPI (595 TOAs)...
  [J0740+6620] zeroing residuals...
  [J0740+6620] adding red noise...
  [J0740+6620] white noise for Rcvr_800_GUPPI (5136 TOAs)...
  [J0740+6620] white noise for Rcvr1_2_GUPPI (8265 TOAs)...
  [J0931-1902] zeroing residuals...
  [J0931-1902] adding red noise...
  [J0931-1902] white noise for Rcvr_800_GUPPI (3419 TOAs)...
  [J0931-1902] white noise for Rcvr1_2_GUPPI (2054 TOAs)...
  [J1012+5307] zeroing residuals...
  [J1012+5307] adding red noise...
  [J1012+5307] white noise for Rcvr_800_GUPPI (10299 TOAs)...
  [J1012+5307] white noise for Rcvr1_2_GASP (1479 TOAs)...
  [J1012+5307] white noise for Rcvr_800_GASP (1210 TOAs)...
  [J1012+5307] white noise for Rcvr1_2_GUPPI (12849 TOAs)...
  [J1012-4235] zeroing residuals...
  [J1012-4235] adding red noise...
  [J1012-4235] white noise for Rcvr_800_GUPPI (342 TOAs)...
  [J1012-4235] white noise for Rcvr1_2_GUPPI (455 TOAs)...
  [J1022+1001] zeroing residuals...
  [J1022+1001] adding red noise...
  [J1022+1001] white noise for L-wide_PUPPI (2592 TOAs)...
  [J1022+1001] white noise for S-wide_PUPPI (1154 TOAs)...
  [J1022+1001] white noise for 430_PUPPI (232 TOAs)...
  [J1024-0719] zeroing residuals...
  [J1024-0719] adding red noise...
  [J1024-0719] white noise for Rcvr_800_GUPPI (5455 TOAs)...
  [J1024-0719] white noise for Rcvr1_2_GASP (43 TOAs)...
  [J1024-0719] white noise for Rcvr_800_GASP (51 TOAs)...
  [J1024-0719] white noise for Rcvr1_2_GUPPI (7086 TOAs)...
  [J1125+7819] zeroing residuals...
  [J1125+7819] adding red noise...
  [J1125+7819] white noise for Rcvr_800_GUPPI (4707 TOAs)...
  [J1125+7819] white noise for Rcvr1_2_GUPPI (4016 TOAs)...
  [J1312+0051] zeroing residuals...
  [J1312+0051] adding red noise...
  [J1312+0051] white noise for L-wide_PUPPI (1289 TOAs)...
  [J1312+0051] white noise for S-wide_PUPPI (416 TOAs)...
  [J1453+1902] zeroing residuals...
  [J1453+1902] adding red noise...
  [J1453+1902] white noise for L-wide_PUPPI (2122 TOAs)...
  [J1453+1902] white noise for S-wide_PUPPI (4 TOAs)...
  [J1453+1902] white noise for 430_PUPPI (425 TOAs)...
  [J1455-3330] zeroing residuals...
  [J1455-3330] adding red noise...
  [J1455-3330] white noise for Rcvr_800_GUPPI (4843 TOAs)...
  [J1455-3330] white noise for Rcvr1_2_GASP (564 TOAs)...
  [J1455-3330] white noise for Rcvr_800_GASP (479 TOAs)...
  [J1455-3330] white noise for Rcvr1_2_GUPPI (4932 TOAs)...
  [J1600-3053] zeroing residuals...
  [J1600-3053] adding red noise...
  [J1600-3053] white noise for Rcvr_800_GASP (297 TOAs)...
  [J1600-3053] white noise for Rcvr_800_GUPPI (8796 TOAs)...
  [J1600-3053] white noise for 3GHz_YUPPI (3237 TOAs)...
  [J1600-3053] white noise for Rcvr1_2_GUPPI (10168 TOAs)...
  [J1600-3053] white noise for Rcvr1_2_GASP (457 TOAs)...
  [J1614-2230] zeroing residuals...
  [J1614-2230] adding red noise...
  [J1614-2230] white noise for Rcvr_800_GUPPI (7768 TOAs)...
  [J1614-2230] white noise for Rcvr1_2_GASP (84 TOAs)...
  [J1614-2230] white noise for Rcvr_800_GASP (84 TOAs)...
  [J1614-2230] white noise for Rcvr1_2_GUPPI (10509 TOAs)...
  [J1630+3734] zeroing residuals...
  [J1630+3734] adding red noise...
  [J1630+3734] white noise for Rcvr_800_GUPPI (906 TOAs)...
  [J1630+3734] white noise for Rcvr1_2_GUPPI (909 TOAs)...
  [J1640+2224] zeroing residuals...
  [J1640+2224] adding red noise...
  [J1640+2224] white noise for 430_ASP (340 TOAs)...
  [J1640+2224] white noise for L-wide_PUPPI (9847 TOAs)...
  [J1640+2224] white noise for L-wide_ASP (722 TOAs)...
  [J1640+2224] white noise for 430_PUPPI (3157 TOAs)...
  [J1643-1224] zeroing residuals...
  [J1643-1224] adding red noise...
  [J1643-1224] white noise for Rcvr_800_GASP (559 TOAs)...
  [J1643-1224] white noise for Rcvr_800_GUPPI (7734 TOAs)...
  [J1643-1224] white noise for 3GHz_YUPPI (4215 TOAs)...
  [J1643-1224] white noise for Rcvr1_2_GUPPI (8803 TOAs)...
  [J1643-1224] white noise for Rcvr1_2_GASP (833 TOAs)...
  [J1705-1903] zeroing residuals...
  [J1705-1903] adding red noise...
  [J1705-1903] white noise for Rcvr_800_GUPPI (3521 TOAs)...
  [J1705-1903] white noise for Rcvr1_2_GUPPI (6350 TOAs)...
  [J1713+0747] zeroing residuals...
  [J1713+0747] adding red noise...
  [J1713+0747] white noise for L-wide_PUPPI (12743 TOAs)...
  [J1713+0747] white noise for Rcvr_800_GASP (1032 TOAs)...
  [J1713+0747] white noise for S-wide_PUPPI (7482 TOAs)...
  [J1713+0747] white noise for Rcvr_800_GUPPI (8479 TOAs)...
  [J1713+0747] white noise for 1.5GHz_YUPPI (1461 TOAs)...
  [J1713+0747] white noise for S-wide_ASP (624 TOAs)...
  [J1713+0747] white noise for L-wide_ASP (843 TOAs)...
  [J1713+0747] white noise for 3GHz_YUPPI (3282 TOAs)...
  [J1713+0747] white noise for Rcvr1_2_GUPPI (22334 TOAs)...
  [J1713+0747] white noise for Rcvr1_2_GASP (1109 TOAs)...
  [J1719-1438] zeroing residuals...
  [J1719-1438] adding red noise...
  [J1719-1438] white noise for Rcvr_800_GUPPI (3634 TOAs)...
  [J1719-1438] white noise for Rcvr1_2_GUPPI (2722 TOAs)...
  [J1730-2304] zeroing residuals...
  [J1730-2304] adding red noise...
  [J1730-2304] white noise for Rcvr_800_GUPPI (2503 TOAs)...
  [J1730-2304] white noise for Rcvr1_2_GUPPI (2367 TOAs)...
  [J1738+0333] zeroing residuals...
  [J1738+0333] adding red noise...
  [J1738+0333] white noise for L-wide_PUPPI (6718 TOAs)...
  [J1738+0333] white noise for S-wide_ASP (134 TOAs)...
  [J1738+0333] white noise for L-wide_ASP (201 TOAs)...
  [J1738+0333] white noise for S-wide_PUPPI (1737 TOAs)...
  [J1741+1351] zeroing residuals...
  [J1741+1351] adding red noise...
  [J1741+1351] white noise for L-wide_PUPPI (4045 TOAs)...
  [J1741+1351] white noise for S-wide_ASP (115 TOAs)...
  [J1741+1351] white noise for L-wide_ASP (236 TOAs)...
  [J1741+1351] white noise for 430_PUPPI (1159 TOAs)...
  [J1741+1351] white noise for 430_ASP (27 TOAs)...
  [J1744-1134] zeroing residuals...
  [J1744-1134] adding red noise...
  [J1744-1134] white noise for Rcvr_800_GUPPI (7899 TOAs)...
  [J1744-1134] white noise for Rcvr1_2_GASP (807 TOAs)...
  [J1744-1134] white noise for Rcvr_800_GASP (930 TOAs)...
  [J1744-1134] white noise for Rcvr1_2_GUPPI (8109 TOAs)...
  [J1745+1017] zeroing residuals...
  [J1745+1017] adding red noise...
  [J1745+1017] white noise for L-wide_PUPPI (2179 TOAs)...
  [J1745+1017] white noise for S-wide_PUPPI (838 TOAs)...
  [J1747-4036] zeroing residuals...
  [J1747-4036] adding red noise...
  [J1747-4036] white noise for Rcvr_800_GUPPI (5816 TOAs)...
  [J1747-4036] white noise for Rcvr1_2_GUPPI (5239 TOAs)...
  [J1751-2857] zeroing residuals...
  [J1751-2857] adding red noise...
  [J1751-2857] white noise for Rcvr_800_GUPPI (239 TOAs)...
  [J1751-2857] white noise for Rcvr1_2_GUPPI (1786 TOAs)...
  [J1802-2124] zeroing residuals...
  [J1802-2124] adding red noise...
  [J1802-2124] white noise for Rcvr_800_GUPPI (3565 TOAs)...
  [J1802-2124] white noise for Rcvr1_2_GUPPI (3231 TOAs)...
  [J1811-2405] zeroing residuals...
  [J1811-2405] adding red noise...
  [J1811-2405] white noise for Rcvr_800_GUPPI (2628 TOAs)...
  [J1811-2405] white noise for Rcvr1_2_GUPPI (2638 TOAs)...
  [J1832-0836] zeroing residuals...
  [J1832-0836] adding red noise...
  [J1832-0836] white noise for Rcvr_800_GUPPI (3078 TOAs)...
  [J1832-0836] white noise for Rcvr1_2_GUPPI (4661 TOAs)...
  [J1843-1113] zeroing residuals...
  [J1843-1113] adding red noise...
  [J1843-1113] white noise for Rcvr_800_GUPPI (2201 TOAs)...
  [J1843-1113] white noise for Rcvr1_2_GUPPI (2394 TOAs)...
  [J1853+1303] zeroing residuals...
  [J1853+1303] adding red noise...
  [J1853+1303] white noise for 430_ASP (24 TOAs)...
  [J1853+1303] white noise for L-wide_PUPPI (3362 TOAs)...
  [J1853+1303] white noise for L-wide_ASP (33 TOAs)...
  [J1853+1303] white noise for 430_PUPPI (1151 TOAs)...
  [J1903+0327] zeroing residuals...
  [J1903+0327] adding red noise...
  [J1903+0327] white noise for L-wide_PUPPI (3845 TOAs)...
  [J1903+0327] white noise for S-wide_PUPPI (2282 TOAs)...
  [J1903+0327] white noise for S-wide_ASP (151 TOAs)...
  [J1903+0327] white noise for L-wide_ASP (139 TOAs)...
  [J1903+0327] white noise for 3GHz_YUPPI (439 TOAs)...
  [J1909-3744] zeroing residuals...
  [J1909-3744] adding red noise...
  [J1909-3744] white noise for Rcvr_800_GASP (866 TOAs)...
  [J1909-3744] white noise for Rcvr_800_GUPPI (9399 TOAs)...
  [J1909-3744] white noise for 3GHz_YUPPI (3525 TOAs)...
  [J1909-3744] white noise for Rcvr1_2_GUPPI (20439 TOAs)...
  [J1909-3744] white noise for Rcvr1_2_GASP (808 TOAs)...
  [J1910+1256] zeroing residuals...
  [J1910+1256] adding red noise...
  [J1910+1256] white noise for L-wide_PUPPI (4124 TOAs)...
  [J1910+1256] white noise for S-wide_ASP (208 TOAs)...
  [J1910+1256] white noise for L-wide_ASP (297 TOAs)...
  [J1910+1256] white noise for S-wide_PUPPI (1857 TOAs)...
  [J1911+1347] zeroing residuals...
  [J1911+1347] adding red noise...
  [J1911+1347] white noise for L-wide_PUPPI (3033 TOAs)...
  [J1911+1347] white noise for 430_PUPPI (753 TOAs)...
  [J1918-0642] zeroing residuals...
  [J1918-0642] adding red noise...
  [J1918-0642] white noise for Rcvr_800_GUPPI (8352 TOAs)...
  [J1918-0642] white noise for Rcvr1_2_GASP (778 TOAs)...
  [J1918-0642] white noise for Rcvr_800_GASP (835 TOAs)...
  [J1918-0642] white noise for Rcvr1_2_GUPPI (8910 TOAs)...
  [J1923+2515] zeroing residuals...
  [J1923+2515] adding red noise...
  [J1923+2515] white noise for 430_ASP (10 TOAs)...
  [J1923+2515] white noise for L-wide_PUPPI (3028 TOAs)...
  [J1923+2515] white noise for L-wide_ASP (14 TOAs)...
  [J1923+2515] white noise for 430_PUPPI (922 TOAs)...
  [J1944+0907] zeroing residuals...
  [J1944+0907] adding red noise...
  [J1944+0907] white noise for L-wide_PUPPI (3900 TOAs)...
  [J1944+0907] white noise for S-wide_ASP (116 TOAs)...
  [J1944+0907] white noise for L-wide_ASP (257 TOAs)...
  [J1944+0907] white noise for 430_PUPPI (1017 TOAs)...
  [J1944+0907] white noise for 430_ASP (38 TOAs)...
  [J1946+3417] zeroing residuals...
  [J1946+3417] adding red noise...
  [J1946+3417] white noise for L-wide_PUPPI (3197 TOAs)...
  [J1946+3417] white noise for S-wide_PUPPI (1546 TOAs)...
  [J2010-1323] zeroing residuals...
  [J2010-1323] adding red noise...
  [J2010-1323] white noise for Rcvr_800_GUPPI (9158 TOAs)...
  [J2010-1323] white noise for Rcvr1_2_GASP (70 TOAs)...
  [J2010-1323] white noise for Rcvr_800_GASP (70 TOAs)...
  [J2010-1323] white noise for Rcvr1_2_GUPPI (7779 TOAs)...
  [J2017+0603] zeroing residuals...
  [J2017+0603] adding red noise...
  [J2017+0603] white noise for L-wide_PUPPI (2569 TOAs)...
  [J2017+0603] white noise for S-wide_PUPPI (849 TOAs)...
  [J2017+0603] white noise for L-wide_ASP (16 TOAs)...
  [J2017+0603] white noise for 430_PUPPI (78 TOAs)...
  [J2033+1734] zeroing residuals...
  [J2033+1734] adding red noise...
  [J2033+1734] white noise for L-wide_PUPPI (3050 TOAs)...
  [J2033+1734] white noise for 430_PUPPI (797 TOAs)...
  [J2043+1711] zeroing residuals...
  [J2043+1711] adding red noise...
  [J2043+1711] white noise for 430_ASP (30 TOAs)...
  [J2043+1711] white noise for L-wide_PUPPI (4419 TOAs)...
  [J2043+1711] white noise for L-wide_ASP (40 TOAs)...
  [J2043+1711] white noise for 430_PUPPI (2908 TOAs)...
  [J2124-3358] zeroing residuals...
  [J2124-3358] adding red noise...
  [J2124-3358] white noise for Rcvr_800_GUPPI (2025 TOAs)...
  [J2124-3358] white noise for Rcvr1_2_GUPPI (2957 TOAs)...
  [J2145-0750] zeroing residuals...
  [J2145-0750] adding red noise...
  [J2145-0750] white noise for Rcvr_800_GUPPI (8728 TOAs)...
  [J2145-0750] white noise for Rcvr1_2_GASP (427 TOAs)...
  [J2145-0750] white noise for Rcvr_800_GASP (362 TOAs)...
  [J2145-0750] white noise for Rcvr1_2_GUPPI (9158 TOAs)...
  [J2214+3000] zeroing residuals...
  [J2214+3000] adding red noise...
  [J2214+3000] white noise for L-wide_PUPPI (5829 TOAs)...
  [J2214+3000] white noise for S-wide_PUPPI (1568 TOAs)...
  [J2214+3000] white noise for L-wide_ASP (9 TOAs)...
  [J2229+2643] zeroing residuals...
  [J2229+2643] adding red noise...
  [J2229+2643] white noise for L-wide_PUPPI (2755 TOAs)...
  [J2229+2643] white noise for 430_PUPPI (956 TOAs)...
  [J2234+0611] zeroing residuals...
  [J2234+0611] adding red noise...
  [J2234+0611] white noise for L-wide_PUPPI (2913 TOAs)...
  [J2234+0611] white noise for 430_PUPPI (653 TOAs)...
  [J2234+0944] zeroing residuals...
  [J2234+0944] adding red noise...
  [J2234+0944] white noise for L-wide_PUPPI (5003 TOAs)...
  [J2234+0944] white noise for S-wide_PUPPI (2532 TOAs)...
  [J2302+4442] zeroing residuals...
  [J2302+4442] adding red noise...
  [J2302+4442] white noise for Rcvr_800_GUPPI (6432 TOAs)...
  [J2302+4442] white noise for Rcvr1_2_GUPPI (3779 TOAs)...
  [J2317+1439] zeroing residuals...
  [J2317+1439] adding red noise...
  [J2317+1439] white noise for 327_PUPPI (276 TOAs)...
  [J2317+1439] white noise for L-wide_PUPPI (9563 TOAs)...
  [J2317+1439] white noise for 430_PUPPI (3217 TOAs)...
  [J2317+1439] white noise for 430_ASP (458 TOAs)...
  [J2317+1439] white noise for 327_ASP (413 TOAs)...
  [J2322+2057] zeroing residuals...
  [J2322+2057] adding red noise...
  [J2322+2057] white noise for L-wide_PUPPI (2196 TOAs)...
  [J2322+2057] white noise for S-wide_PUPPI (140 TOAs)...
  [J2322+2057] white noise for 430_PUPPI (752 TOAs)...
Resetting pulsars to clean stoas...
Restore: 0.00 s
Inject: 0.00 s
Snapshotting into enterprise Pulsar objects...
Building PTA...
PTA build: 447.84 s
Computing optimal statistic...
OS time: 46.02 s
Total: 493.86 s
Noise-only SNR baseline: 0.4857

Generating SNR-consistent population...
Target SNR: 4.0
Resetting pulsars to clean stoas...
Restore: 0.01 s
Injecting population...
  B1855+09: RMS = 2184.673 ns
  B1937+21: RMS = 2032.172 ns
  B1953+29: RMS = 2205.619 ns
  J0023+0923: RMS = 2623.490 ns
  J0030+0451: RMS = 3124.285 ns
  J0340+4130: RMS = 2780.244 ns
  J0406+3039: RMS = 3248.026 ns
  J0437-4715: RMS = 3063.173 ns
  J0509+0856: RMS = 1220.244 ns
  J0557+1551: RMS = 2898.950 ns
  J0605+3757: RMS = 2172.705 ns
  J0610-2100: RMS = 2778.377 ns
  J0613-0200: RMS = 3084.012 ns
  J0636+5128: RMS = 2785.853 ns
  J0645+5158: RMS = 3432.352 ns
  J0709+0458: RMS = 660.352 ns
  J0740+6620: RMS = 2170.723 ns
  J0931-1902: RMS = 1583.074 ns
  J1012+5307: RMS = 2002.390 ns
  J1012-4235: RMS = 1624.817 ns
  J1022+1001: RMS = 950.051 ns
  J1024-0719: RMS = 2857.591 ns
  J1125+7819: RMS = 1581.955 ns
  J1312+0051: RMS = 3630.161 ns
  J1453+1902: RMS = 4381.581 ns
  J1455-3330: RMS = 1889.031 ns
  J1600-3053: RMS = 5093.036 ns
  J1614-2230: RMS = 5306.080 ns
  J1630+3734: RMS = 871.719 ns
  J1640+2224: RMS = 2202.196 ns
  J1643-1224: RMS = 2699.187 ns
  J1705-1903: RMS = 6296.735 ns
  J1713+0747: RMS = 1941.065 ns
  J1719-1438: RMS = 3753.502 ns
  J1730-2304: RMS = 4378.122 ns
  J1738+0333: RMS = 1058.579 ns
  J1741+1351: RMS = 1810.531 ns
  J1744-1134: RMS = 4418.860 ns
  J1745+1017: RMS = 1409.473 ns
  J1747-4036: RMS = 7039.137 ns
  J1751-2857: RMS = 4892.528 ns
  J1802-2124: RMS = 2420.225 ns
  J1811-2405: RMS = 1582.567 ns
  J1832-0836: RMS = 5017.698 ns
  J1843-1113: RMS = 2465.777 ns
  J1853+1303: RMS = 1133.064 ns
  J1903+0327: RMS = 2905.115 ns
  J1909-3744: RMS = 5230.836 ns
  J1910+1256: RMS = 981.285 ns
  J1911+1347: RMS = 1059.796 ns
  J1918-0642: RMS = 5270.109 ns
  J1923+2515: RMS = 1566.215 ns
  J1944+0907: RMS = 1477.140 ns
  J1946+3417: RMS = 2033.176 ns
  J2010-1323: RMS = 4969.760 ns
  J2017+0603: RMS = 848.087 ns
  J2033+1734: RMS = 3541.759 ns
  J2043+1711: RMS = 1881.988 ns
  J2124-3358: RMS = 1072.931 ns
  J2145-0750: RMS = 1855.731 ns
  J2214+3000: RMS = 4711.747 ns
  J2229+2643: RMS = 3916.262 ns
  J2234+0611: RMS = 2485.652 ns
  J2234+0944: RMS = 1696.405 ns
  J2302+4442: RMS = 3722.990 ns
  J2317+1439: RMS = 4202.470 ns
  J2322+2057: RMS = 3014.820 ns
Inject: 0.68 s
Snapshotting into enterprise Pulsar objects...
Building PTA...
PTA build: 441.98 s
Computing optimal statistic...
OS time: 46.28 s
Total: 488.95 s
Initial SNR: -30.8940, Target SNR: 4.0000
  ✗ Initial SNR -30.8940 is non-positive, cannot scale distances.
✗ Simulation 1, trial 1 FAILED, retrying...

Generating SNR-consistent population...
Target SNR: 4.0
Resetting pulsars to clean stoas...
Restore: 0.01 s
Injecting population...
  B1855+09: RMS = 6432.393 ns
  B1937+21: RMS = 8706.342 ns
  B1953+29: RMS = 7382.165 ns
  J0023+0923: RMS = 4231.749 ns
  J0030+0451: RMS = 4815.053 ns
  J0340+4130: RMS = 2871.072 ns
  J0406+3039: RMS = 2547.990 ns
  J0437-4715: RMS = 2485.537 ns
  J0509+0856: RMS = 835.574 ns
  J0557+1551: RMS = 3686.707 ns
  J0605+3757: RMS = 1162.498 ns
  J0610-2100: RMS = 704.168 ns
  J0613-0200: RMS = 4267.963 ns
  J0636+5128: RMS = 1462.211 ns
  J0645+5158: RMS = 1872.672 ns
  J0709+0458: RMS = 1219.915 ns
  J0740+6620: RMS = 4950.150 ns
  J0931-1902: RMS = 1139.899 ns
  J1012+5307: RMS = 2223.332 ns
  J1012-4235: RMS = 686.936 ns
  J1022+1001: RMS = 3280.951 ns
  J1024-0719: RMS = 2097.437 ns
  J1125+7819: RMS = 2924.767 ns
  J1312+0051: RMS = 1687.378 ns
  J1453+1902: RMS = 3751.043 ns
  J1455-3330: RMS = 2956.565 ns
  J1600-3053: RMS = 3968.673 ns
  J1614-2230: RMS = 3886.588 ns
  J1630+3734: RMS = 1666.056 ns
  J1640+2224: RMS = 3386.189 ns
  J1643-1224: RMS = 3533.933 ns
  J1705-1903: RMS = 1441.374 ns
  J1713+0747: RMS = 4869.545 ns
  J1719-1438: RMS = 2919.787 ns
  J1730-2304: RMS = 993.242 ns
  J1738+0333: RMS = 4159.913 ns
  J1741+1351: RMS = 3766.552 ns
  J1744-1134: RMS = 4094.966 ns
  J1745+1017: RMS = 5626.994 ns
  J1747-4036: RMS = 3345.209 ns
  J1751-2857: RMS = 1312.376 ns
  J1802-2124: RMS = 1095.319 ns
  J1811-2405: RMS = 2084.496 ns
  J1832-0836: RMS = 3913.807 ns
  J1843-1113: RMS = 3279.198 ns
  J1853+1303: RMS = 5285.123 ns
  J1903+0327: RMS = 4600.723 ns
  J1909-3744: RMS = 3261.345 ns
  J1910+1256: RMS = 6713.748 ns
  J1911+1347: RMS = 6983.654 ns
  J1918-0642: RMS = 4680.327 ns
  J1923+2515: RMS = 5784.873 ns
  J1944+0907: RMS = 7352.122 ns
  J1946+3417: RMS = 4112.652 ns
  J2010-1323: RMS = 4962.390 ns
  J2017+0603: RMS = 8131.450 ns
  J2033+1734: RMS = 8037.838 ns
  J2043+1711: RMS = 7551.067 ns
  J2124-3358: RMS = 2825.574 ns
  J2145-0750: RMS = 3155.968 ns
  J2214+3000: RMS = 5114.127 ns
  J2229+2643: RMS = 3780.174 ns
  J2234+0611: RMS = 2569.374 ns
  J2234+0944: RMS = 1637.924 ns
  J2302+4442: RMS = 4085.976 ns
  J2317+1439: RMS = 4105.160 ns
  J2322+2057: RMS = 3639.550 ns
Inject: 0.59 s
Snapshotting into enterprise Pulsar objects...
Building PTA...
PTA build: 461.47 s
Computing optimal statistic...
OS time: 44.23 s
Total: 506.30 s
Initial SNR: 65.3393, Target SNR: 4.0000
  Initial SNR 65.3393 outside of provided SNR_range [3.5, 4.25] — rescaling.
Scaling distances by factor 4.2959 to achieve target SNR...
Resetting pulsars to clean stoas...
Restore: 0.00 s
Injecting population...
  B1855+09: RMS = 1497.348 ns
  B1937+21: RMS = 2026.683 ns
  B1953+29: RMS = 1718.438 ns
  J0023+0923: RMS = 985.077 ns
  J0030+0451: RMS = 1120.860 ns
  J0340+4130: RMS = 668.335 ns
  J0406+3039: RMS = 593.127 ns
  J0437-4715: RMS = 578.589 ns
  J0509+0856: RMS = 194.507 ns
  J0557+1551: RMS = 858.201 ns
  J0605+3757: RMS = 270.609 ns
  J0610-2100: RMS = 163.918 ns
  J0613-0200: RMS = 993.507 ns
  J0636+5128: RMS = 340.377 ns
  J0645+5158: RMS = 435.925 ns
  J0709+0458: RMS = 283.975 ns
  J0740+6620: RMS = 1152.308 ns
  J0931-1902: RMS = 265.349 ns
  J1012+5307: RMS = 517.553 ns
  J1012-4235: RMS = 159.907 ns
  J1022+1001: RMS = 763.748 ns
  J1024-0719: RMS = 488.246 ns
  J1125+7819: RMS = 680.834 ns
  J1312+0051: RMS = 392.792 ns
  J1453+1902: RMS = 873.177 ns
  J1455-3330: RMS = 688.236 ns
  J1600-3053: RMS = 923.837 ns
  J1614-2230: RMS = 904.729 ns
  J1630+3734: RMS = 387.828 ns
  J1640+2224: RMS = 788.245 ns
  J1643-1224: RMS = 822.637 ns
  J1705-1903: RMS = 335.527 ns
  J1713+0747: RMS = 1133.544 ns
  J1719-1438: RMS = 679.675 ns
  J1730-2304: RMS = 231.209 ns
  J1738+0333: RMS = 968.355 ns
  J1741+1351: RMS = 876.787 ns
  J1744-1134: RMS = 953.236 ns
  J1745+1017: RMS = 1309.865 ns
  J1747-4036: RMS = 778.706 ns
  J1751-2857: RMS = 305.498 ns
  J1802-2124: RMS = 254.971 ns
  J1811-2405: RMS = 485.234 ns
  J1832-0836: RMS = 911.065 ns
  J1843-1113: RMS = 763.340 ns
  J1853+1303: RMS = 1230.284 ns
  J1903+0327: RMS = 1070.967 ns
  J1909-3744: RMS = 759.184 ns
  J1910+1256: RMS = 1562.842 ns
  J1911+1347: RMS = 1625.672 ns
  J1918-0642: RMS = 1089.498 ns
  J1923+2515: RMS = 1346.617 ns
  J1944+0907: RMS = 1711.445 ns
  J1946+3417: RMS = 957.353 ns
  J2010-1323: RMS = 1155.157 ns
  J2017+0603: RMS = 1892.859 ns
  J2033+1734: RMS = 1871.067 ns
  J2043+1711: RMS = 1757.756 ns
  J2124-3358: RMS = 657.744 ns
  J2145-0750: RMS = 734.654 ns
  J2214+3000: RMS = 1190.479 ns
  J2229+2643: RMS = 879.958 ns
  J2234+0611: RMS = 598.105 ns
  J2234+0944: RMS = 381.280 ns
  J2302+4442: RMS = 951.143 ns
  J2317+1439: RMS = 955.609 ns
  J2322+2057: RMS = 847.223 ns
Inject: 0.60 s
Snapshotting into enterprise Pulsar objects...
Building PTA...
PTA build: 444.94 s
Computing optimal statistic...
OS time: 45.66 s
Total: 491.20 s
  SNR 0.9154 outside of provided SNR_range [3.5, 4.25] — rescaling.
[Iteration 1/100] SNR after scaling: 0.9154 (target: 4.0000)
  SNR history: it0→65.3393@1.0000x, it1→0.9154@4.2959x
  Re-scaling distances by factor 0.4825  (cumulative after: 2.0726×)
Resetting pulsars to clean stoas...
Restore: 0.00 s
Injecting population...
  B1855+09: RMS = 3103.471 ns
  B1937+21: RMS = 4200.595 ns
  B1953+29: RMS = 3561.712 ns
  J0023+0923: RMS = 2041.714 ns
  J0030+0451: RMS = 2323.144 ns
  J0340+4130: RMS = 1385.221 ns
  J0406+3039: RMS = 1229.342 ns
  J0437-4715: RMS = 1199.210 ns
  J0509+0856: RMS = 403.144 ns
  J0557+1551: RMS = 1778.745 ns
  J0605+3757: RMS = 560.876 ns
  J0610-2100: RMS = 339.744 ns
  J0613-0200: RMS = 2059.187 ns
  J0636+5128: RMS = 705.481 ns
  J0645+5158: RMS = 903.518 ns
  J0709+0458: RMS = 588.579 ns
  J0740+6620: RMS = 2388.325 ns
  J0931-1902: RMS = 549.973 ns
  J1012+5307: RMS = 1072.703 ns
  J1012-4235: RMS = 331.430 ns
  J1022+1001: RMS = 1582.978 ns
  J1024-0719: RMS = 1011.961 ns
  J1125+7819: RMS = 1411.128 ns
  J1312+0051: RMS = 814.118 ns
  J1453+1902: RMS = 1809.785 ns
  J1455-3330: RMS = 1426.470 ns
  J1600-3053: RMS = 1914.787 ns
  J1614-2230: RMS = 1875.183 ns
  J1630+3734: RMS = 803.831 ns
  J1640+2224: RMS = 1633.753 ns
  J1643-1224: RMS = 1705.035 ns
  J1705-1903: RMS = 695.427 ns
  J1713+0747: RMS = 2349.435 ns
  J1719-1438: RMS = 1408.725 ns
  J1730-2304: RMS = 479.215 ns
  J1738+0333: RMS = 2007.055 ns
  J1741+1351: RMS = 1817.268 ns
  J1744-1134: RMS = 1975.720 ns
  J1745+1017: RMS = 2714.885 ns
  J1747-4036: RMS = 1613.981 ns
  J1751-2857: RMS = 633.189 ns
  J1802-2124: RMS = 528.464 ns
  J1811-2405: RMS = 1005.718 ns
  J1832-0836: RMS = 1888.315 ns
  J1843-1113: RMS = 1582.132 ns
  J1853+1303: RMS = 2549.941 ns
  J1903+0327: RMS = 2219.735 ns
  J1909-3744: RMS = 1573.518 ns
  J1910+1256: RMS = 3239.218 ns
  J1911+1347: RMS = 3369.440 ns
  J1918-0642: RMS = 2258.142 ns
  J1923+2515: RMS = 2791.058 ns
  J1944+0907: RMS = 3547.217 ns
  J1946+3417: RMS = 1984.253 ns
  J2010-1323: RMS = 2394.230 ns
  J2017+0603: RMS = 3923.224 ns
  J2033+1734: RMS = 3878.058 ns
  J2043+1711: RMS = 3643.203 ns
  J2124-3358: RMS = 1363.270 ns
  J2145-0750: RMS = 1522.676 ns
  J2214+3000: RMS = 2467.440 ns
  J2229+2643: RMS = 1823.840 ns
  J2234+0611: RMS = 1239.659 ns
  J2234+0944: RMS = 790.258 ns
  J2302+4442: RMS = 1971.382 ns
  J2317+1439: RMS = 1980.638 ns
  J2322+2057: RMS = 1755.993 ns
Inject: 0.55 s
Snapshotting into enterprise Pulsar objects...
Building PTA...
PTA build: 426.20 s
Computing optimal statistic...
OS time: 42.67 s
Total: 469.42 s
  SNR 11.2671 outside of provided SNR_range [3.5, 4.25] — rescaling.
[Iteration 2/100] SNR after scaling: 11.2671 (target: 4.0000)
  SNR history: it0→65.3393@1.0000x, it1→0.9154@4.2959x, it2→11.2671@2.0726x
  Re-scaling distances by factor 1.4397  (cumulative after: 2.9839×)
Resetting pulsars to clean stoas...
Restore: 0.00 s
Injecting population...
  B1855+09: RMS = 2155.685 ns
  B1937+21: RMS = 2917.752 ns
  B1953+29: RMS = 2473.981 ns
  J0023+0923: RMS = 1418.184 ns
  J0030+0451: RMS = 1613.666 ns
  J0340+4130: RMS = 962.181 ns
  J0406+3039: RMS = 853.907 ns
  J0437-4715: RMS = 832.977 ns
  J0509+0856: RMS = 280.026 ns
  J0557+1551: RMS = 1235.524 ns
  J0605+3757: RMS = 389.587 ns
  J0610-2100: RMS = 235.988 ns
  J0613-0200: RMS = 1430.320 ns
  J0636+5128: RMS = 490.030 ns
  J0645+5158: RMS = 627.588 ns
  J0709+0458: RMS = 408.829 ns
  J0740+6620: RMS = 1658.941 ns
  J0931-1902: RMS = 382.014 ns
  J1012+5307: RMS = 745.104 ns
  J1012-4235: RMS = 230.213 ns
  J1022+1001: RMS = 1099.543 ns
  J1024-0719: RMS = 702.913 ns
  J1125+7819: RMS = 980.176 ns
  J1312+0051: RMS = 565.490 ns
  J1453+1902: RMS = 1257.085 ns
  J1455-3330: RMS = 990.832 ns
  J1600-3053: RMS = 1330.019 ns
  J1614-2230: RMS = 1302.510 ns
  J1630+3734: RMS = 558.344 ns
  J1640+2224: RMS = 1134.812 ns
  J1643-1224: RMS = 1184.325 ns
  J1705-1903: RMS = 483.047 ns
  J1713+0747: RMS = 1631.928 ns
  J1719-1438: RMS = 978.507 ns
  J1730-2304: RMS = 332.865 ns
  J1738+0333: RMS = 1394.109 ns
  J1741+1351: RMS = 1262.283 ns
  J1744-1134: RMS = 1372.344 ns
  J1745+1017: RMS = 1885.771 ns
  J1747-4036: RMS = 1121.078 ns
  J1751-2857: RMS = 439.816 ns
  J1802-2124: RMS = 367.074 ns
  J1811-2405: RMS = 698.576 ns
  J1832-0836: RMS = 1311.632 ns
  J1843-1113: RMS = 1098.956 ns
  J1853+1303: RMS = 1771.201 ns
  J1903+0327: RMS = 1541.838 ns
  J1909-3744: RMS = 1092.973 ns
  J1910+1256: RMS = 2249.975 ns
  J1911+1347: RMS = 2340.428 ns
  J1918-0642: RMS = 1568.516 ns
  J1923+2515: RMS = 1938.681 ns
  J1944+0907: RMS = 2463.913 ns
  J1946+3417: RMS = 1378.271 ns
  J2010-1323: RMS = 1663.043 ns
  J2017+0603: RMS = 2725.089 ns
  J2033+1734: RMS = 2693.716 ns
  J2043+1711: RMS = 2530.585 ns
  J2124-3358: RMS = 946.933 ns
  J2145-0750: RMS = 1057.658 ns
  J2214+3000: RMS = 1713.895 ns
  J2229+2643: RMS = 1266.848 ns
  J2234+0611: RMS = 861.073 ns
  J2234+0944: RMS = 548.917 ns
  J2302+4442: RMS = 1369.331 ns
  J2317+1439: RMS = 1375.760 ns
  J2322+2057: RMS = 1219.720 ns
Inject: 0.56 s
Snapshotting into enterprise Pulsar objects...

+------------------ Job Report: 11780170 (CANCELLED) ------------------+
| Memory (RAM)  [#################   ] 85.4% (29.1 GB peak / 34 GB)    |
| CPU           [###############     ] 77.4% average                   |
| Time          [-------->           ] 40.8% (0-00:44:51 / 0-01:50:00) |
|                                                                      |
| Lustre Filesystem:                                                   |
|   Path    Total Read    Total Write      Total IOPS                  |
|   ------  ------------  -------------  ------------                  |
|   /apps   0 B           0 B                      4                   |
|   /fred   51.6 MB       77.2 KB                100                   |
|   /home   22.8 MB       0 B                    170                   |
|                                                                      |
| Warnings:                                                            |
|   - Too much time requested                                          |
+----------------------------------------------------------------------+
