==========================================
Job ID: 11783108
Job Name: smbhb_pessimistic
Node: dave311
Start Time: Fri May  1 17:22:27 AEST 2026
==========================================

/home/bhoulden/.conda/envs/smbhb312/share/tempo2
Working directory: /fred/oz005/users/bhoulden/SMBHB_population_injections

Loaded modules:

Starting SMBHB analysis...
==========================================

📁 Save directory: data/2026-05-01/pessimistic_run_30
📝 Run name: pessimistic_run_30

[MEM] Start: 244.0 MB

📡 Loading pulsars...
======================================================================
LOADING NANOGRAV PULSARS (libstempo)
======================================================================

📦 Loading from cache: nanograv_pulsars_cache.pkl
⚠ Cache load failed: Ran out of input
[DEBUG] Found 76 .par files
[tempo2Util.C:396] Warning: [MISC1] Unknown parameter in par file:  DMDATA
[tempo2Util.C:401] Warning: [DUP1] duplicated warnings have been suppressed.

WARNING: Using tempo RNAMP parameter: setting TNRedC to 100!
[observatory.C:271] Warning: Assuming site 'arecibo' means 'ao'
✓ Loaded B1855+09 (7758 TOAs)

WARNING: Using tempo RNAMP parameter: setting TNRedC to 100!
✓ Loaded B1937+21 (23023 TOAs)

WARNING: Using tempo RNAMP parameter: setting TNRedC to 100!
✓ Loaded B1937+21ao (7241 TOAs)

WARNING: Using tempo RNAMP parameter: setting TNRedC to 100!
✓ Loaded B1937+21gbt (16048 TOAs)

WARNING: Using tempo RNAMP parameter: setting TNRedC to 100!
✓ Loaded B1953+29 (5126 TOAs)
✓ Loaded J0023+0923 (15896 TOAs)

WARNING: Using tempo RNAMP parameter: setting TNRedC to 100!
✓ Loaded J0030+0451 (19571 TOAs)
✓ Loaded J0340+4130 (11093 TOAs)
✓ Loaded J0406+3039 (2446 TOAs)

WARNING: Using tempo RNAMP parameter: setting TNRedC to 100!
✓ Loaded J0437-4715 (5830 TOAs)
✓ Loaded J0509+0856 (2169 TOAs)
✓ Loaded J0557+1551 (525 TOAs)
✓ Loaded J0605+3757 (554 TOAs)

WARNING: Using tempo RNAMP parameter: setting TNRedC to 100!
✓ Loaded J0610-2100 (4885 TOAs)

WARNING: Using tempo RNAMP parameter: setting TNRedC to 100!
✓ Loaded J0613-0200 (17124 TOAs)
✓ Loaded J0614-3329 (1714 TOAs)
✓ Loaded J0636+5128 (32222 TOAs)
✓ Loaded J0645+5158 (10403 TOAs)
✓ Loaded J0709+0458 (3030 TOAs)
✓ Loaded J0740+6620 (13401 TOAs)
✓ Loaded J0931-1902 (5473 TOAs)

WARNING: Using tempo RNAMP parameter: setting TNRedC to 100!
✓ Loaded J1012+5307 (25837 TOAs)
✓ Loaded J1012-4235 (797 TOAs)
✓ Loaded J1022+1001 (3978 TOAs)
✓ Loaded J1024-0719 (12635 TOAs)
✓ Loaded J1125+7819 (8723 TOAs)
✓ Loaded J1312+0051 (1705 TOAs)
✓ Loaded J1453+1902 (2551 TOAs)
✓ Loaded J1455-3330 (10818 TOAs)

WARNING: Using tempo RNAMP parameter: setting TNRedC to 100!
✓ Loaded J1600-3053 (22955 TOAs)

WARNING: Using tempo RNAMP parameter: setting TNRedC to 100!
✓ Loaded J1600-3053gbt (19725 TOAs)

WARNING: Using tempo RNAMP parameter: setting TNRedC to 100!
✓ Loaded J1614-2230 (18445 TOAs)
✓ Loaded J1630+3734 (1815 TOAs)
✓ Loaded J1640+2224 (14066 TOAs)

WARNING: Using tempo RNAMP parameter: setting TNRedC to 100!
✓ Loaded J1643-1224 (22144 TOAs)

WARNING: Using tempo RNAMP parameter: setting TNRedC to 100!
✓ Loaded J1643-1224gbt (17932 TOAs)

WARNING: Using tempo RNAMP parameter: setting TNRedC to 100!
✓ Loaded J1705-1903 (9871 TOAs)

WARNING: Using tempo RNAMP parameter: setting TNRedC to 100!
✓ Loaded J1713+0747 (59389 TOAs)

WARNING: Using tempo RNAMP parameter: setting TNRedC to 100!
✓ Loaded J1713+0747ao (21362 TOAs)

WARNING: Using tempo RNAMP parameter: setting TNRedC to 100!
✓ Loaded J1713+0747gbt (32963 TOAs)
✓ Loaded J1719-1438 (6356 TOAs)
✓ Loaded J1730-2304 (4870 TOAs)
✓ Loaded J1738+0333 (8790 TOAs)
✓ Loaded J1741+1351 (5582 TOAs)

WARNING: Using tempo RNAMP parameter: setting TNRedC to 100!
✓ Loaded J1744-1134 (17745 TOAs)

WARNING: Using tempo RNAMP parameter: setting TNRedC to 100!
✓ Loaded J1745+1017 (3017 TOAs)

WARNING: Using tempo RNAMP parameter: setting TNRedC to 100!
✓ Loaded J1747-4036 (11055 TOAs)
✓ Loaded J1751-2857 (2025 TOAs)

WARNING: Using tempo RNAMP parameter: setting TNRedC to 100!
✓ Loaded J1802-2124 (6796 TOAs)
✓ Loaded J1811-2405 (5266 TOAs)
✓ Loaded J1832-0836 (7739 TOAs)
✓ Loaded J1843-1113 (4595 TOAs)

WARNING: Using tempo RNAMP parameter: setting TNRedC to 100!
✓ Loaded J1853+1303 (4570 TOAs)

WARNING: Using tempo RNAMP parameter: setting TNRedC to 100!
✓ Loaded J1903+0327 (6856 TOAs)

WARNING: Using tempo RNAMP parameter: setting TNRedC to 100!
✓ Loaded J1903+0327ao (6423 TOAs)

WARNING: Using tempo RNAMP parameter: setting TNRedC to 100!
✓ Loaded J1909-3744 (35037 TOAs)

WARNING: Using tempo RNAMP parameter: setting TNRedC to 100!
✓ Loaded J1909-3744gbt (31526 TOAs)
✓ Loaded J1910+1256 (6486 TOAs)
✓ Loaded J1911+1347 (3786 TOAs)
✓ Loaded J1918-0642 (18875 TOAs)
✓ Loaded J1923+2515 (3974 TOAs)
✓ Loaded J1944+0907 (5328 TOAs)

WARNING: Using tempo RNAMP parameter: setting TNRedC to 100!
✓ Loaded J1946+3417 (4743 TOAs)
✓ Loaded J2010-1323 (17077 TOAs)
✓ Loaded J2017+0603 (3512 TOAs)
✓ Loaded J2033+1734 (3847 TOAs)
✓ Loaded J2043+1711 (7397 TOAs)
✓ Loaded J2124-3358 (4982 TOAs)

WARNING: Using tempo RNAMP parameter: setting TNRedC to 100!
✓ Loaded J2145-0750 (18675 TOAs)
✓ Loaded J2214+3000 (7406 TOAs)
✓ Loaded J2229+2643 (3711 TOAs)

WARNING: Using tempo RNAMP parameter: setting TNRedC to 100!
✓ Loaded J2234+0611 (3566 TOAs)
✓ Loaded J2234+0944 (7535 TOAs)
✓ Loaded J2302+4442 (10211 TOAs)
✓ Loaded J2317+1439 (13927 TOAs)
✓ Loaded J2322+2057 (3088 TOAs)
⚠ Could not save cache: no default __reduce__ due to non-trivial __cinit__

✓ Loaded 76 pulsars
✗ Failed: 0 — []
[MEM] After loading pulsars: 8869.0 MB

🔍 Filtering pulsars...

Filtered: 76 → 67 pulsars
[MEM] After filtering pulsars: 8871.9 MB
[MEM] After garbage collection: 8872.0 MB

======================================================================
SMBHB POPULATION ANALYSIS
======================================================================

Configuration: pessimistic
  Lower mass, lower spread in distance, large population
  N_binaries: 10000000

======================================================================
CONSISTENT POPULATION SYNTHESIS
======================================================================

======================================================================
GENERATING SNR-CONSISTENT POPULATIONS
======================================================================
Target SNR:          4.0
Simulations:         1
======================================================================


──────────────────────────────────────────────────────────────────────
SIMULATION 1/1
──────────────────────────────────────────────────────────────────────
  [B1855+09] zeroing residuals...
  [B1855+09] adding red noise...
  [B1855+09] white noise for L-wide_PUPPI (5005 TOAs)...
  [B1855+09] white noise for L-wide_ASP (1178 TOAs)...
  [B1855+09] white noise for 430_PUPPI (1185 TOAs)...
  [B1855+09] white noise for 430_ASP (390 TOAs)...
  [B1937+21] zeroing residuals...
  [B1937+21] adding red noise...
  [B1937+21] white noise for L-wide_ASP (452 TOAs)...
  [B1937+21] white noise for L-wide_PUPPI (4133 TOAs)...
  [B1937+21] white noise for S-wide_PUPPI (2251 TOAs)...
  [B1937+21] white noise for Rcvr_800_GASP (586 TOAs)...
  [B1937+21] white noise for Rcvr1_2_GUPPI (7048 TOAs)...
  [B1937+21] white noise for Rcvr_800_GUPPI (7140 TOAs)...
  [B1937+21] white noise for Rcvr1_2_GASP (1069 TOAs)...
  [B1937+21] white noise for S-wide_ASP (344 TOAs)...
  [B1953+29] zeroing residuals...
  [B1953+29] adding red noise...
  [B1953+29] white noise for L-wide_PUPPI (4037 TOAs)...
  [B1953+29] white noise for L-wide_ASP (94 TOAs)...
  [B1953+29] white noise for 430_ASP (29 TOAs)...
  [B1953+29] white noise for 430_PUPPI (941 TOAs)...
  [B1953+29] white noise for S-wide_ASP (25 TOAs)...
  [J0023+0923] zeroing residuals...
  [J0023+0923] adding red noise...
  [J0023+0923] white noise for L-wide_PUPPI (11123 TOAs)...
  [J0023+0923] white noise for L-wide_ASP (119 TOAs)...
  [J0023+0923] white noise for 430_PUPPI (4564 TOAs)...
  [J0023+0923] white noise for 430_ASP (90 TOAs)...
  [J0030+0451] zeroing residuals...
  [J0030+0451] adding red noise...
  [J0030+0451] white noise for L-wide_PUPPI (12774 TOAs)...
  [J0030+0451] white noise for L-wide_ASP (789 TOAs)...
  [J0030+0451] white noise for 430_ASP (267 TOAs)...
  [J0030+0451] white noise for 430_PUPPI (3068 TOAs)...
  [J0030+0451] white noise for S-wide_PUPPI (2673 TOAs)...
  [J0340+4130] zeroing residuals...
  [J0340+4130] adding red noise...
  [J0340+4130] white noise for Rcvr1_2_GUPPI (5037 TOAs)...
  [J0340+4130] white noise for Rcvr_800_GUPPI (6056 TOAs)...
  [J0406+3039] zeroing residuals...
  [J0406+3039] adding red noise...
  [J0406+3039] white noise for L-wide_PUPPI (1871 TOAs)...
  [J0406+3039] white noise for S-wide_PUPPI (575 TOAs)...
  [J0437-4715] zeroing residuals...
  [J0437-4715] adding red noise...
  [J0437-4715] white noise for 3GHz_YUPPI (3696 TOAs)...
  [J0437-4715] white noise for 1.5GHz_YUPPI (2134 TOAs)...
  [J0509+0856] zeroing residuals...
  [J0509+0856] adding red noise...
  [J0509+0856] white noise for L-wide_PUPPI (1625 TOAs)...
  [J0509+0856] white noise for S-wide_PUPPI (544 TOAs)...
  [J0557+1551] zeroing residuals...
  [J0557+1551] adding red noise...
  [J0557+1551] white noise for L-wide_PUPPI (467 TOAs)...
  [J0557+1551] white noise for S-wide_PUPPI (58 TOAs)...
  [J0605+3757] zeroing residuals...
  [J0605+3757] adding red noise...
  [J0605+3757] white noise for Rcvr1_2_GUPPI (318 TOAs)...
  [J0605+3757] white noise for Rcvr_800_GUPPI (236 TOAs)...
  [J0610-2100] zeroing residuals...
  [J0610-2100] adding red noise...
  [J0610-2100] white noise for Rcvr1_2_GUPPI (2401 TOAs)...
  [J0610-2100] white noise for Rcvr_800_GUPPI (2484 TOAs)...
  [J0613-0200] zeroing residuals...
  [J0613-0200] adding red noise...
  [J0613-0200] white noise for Rcvr1_2_GUPPI (7423 TOAs)...
  [J0613-0200] white noise for Rcvr_800_GUPPI (7900 TOAs)...
  [J0613-0200] white noise for Rcvr1_2_GASP (992 TOAs)...
  [J0613-0200] white noise for Rcvr_800_GASP (809 TOAs)...
  [J0636+5128] zeroing residuals...
  [J0636+5128] adding red noise...
  [J0636+5128] white noise for Rcvr1_2_GUPPI (14803 TOAs)...
  [J0636+5128] white noise for Rcvr_800_GUPPI (17419 TOAs)...
  [J0645+5158] zeroing residuals...
  [J0645+5158] adding red noise...
  [J0645+5158] white noise for Rcvr1_2_GUPPI (5721 TOAs)...
  [J0645+5158] white noise for Rcvr_800_GUPPI (4682 TOAs)...
  [J0709+0458] zeroing residuals...
  [J0709+0458] adding red noise...
  [J0709+0458] white noise for L-wide_PUPPI (2435 TOAs)...
  [J0709+0458] white noise for S-wide_PUPPI (595 TOAs)...
  [J0740+6620] zeroing residuals...
  [J0740+6620] adding red noise...
  [J0740+6620] white noise for Rcvr1_2_GUPPI (8265 TOAs)...
  [J0740+6620] white noise for Rcvr_800_GUPPI (5136 TOAs)...
  [J0931-1902] zeroing residuals...
  [J0931-1902] adding red noise...
  [J0931-1902] white noise for Rcvr1_2_GUPPI (2054 TOAs)...
  [J0931-1902] white noise for Rcvr_800_GUPPI (3419 TOAs)...
  [J1012+5307] zeroing residuals...
  [J1012+5307] adding red noise...
  [J1012+5307] white noise for Rcvr1_2_GUPPI (12849 TOAs)...
  [J1012+5307] white noise for Rcvr_800_GUPPI (10299 TOAs)...
  [J1012+5307] white noise for Rcvr1_2_GASP (1479 TOAs)...
  [J1012+5307] white noise for Rcvr_800_GASP (1210 TOAs)...
  [J1012-4235] zeroing residuals...
  [J1012-4235] adding red noise...
  [J1012-4235] white noise for Rcvr1_2_GUPPI (455 TOAs)...
  [J1012-4235] white noise for Rcvr_800_GUPPI (342 TOAs)...
  [J1022+1001] zeroing residuals...
  [J1022+1001] adding red noise...
  [J1022+1001] white noise for L-wide_PUPPI (2592 TOAs)...
  [J1022+1001] white noise for 430_PUPPI (232 TOAs)...
  [J1022+1001] white noise for S-wide_PUPPI (1154 TOAs)...
  [J1024-0719] zeroing residuals...
  [J1024-0719] adding red noise...
  [J1024-0719] white noise for Rcvr1_2_GUPPI (7086 TOAs)...
  [J1024-0719] white noise for Rcvr_800_GUPPI (5455 TOAs)...
  [J1024-0719] white noise for Rcvr1_2_GASP (43 TOAs)...
  [J1024-0719] white noise for Rcvr_800_GASP (51 TOAs)...
  [J1125+7819] zeroing residuals...
  [J1125+7819] adding red noise...
  [J1125+7819] white noise for Rcvr1_2_GUPPI (4016 TOAs)...
  [J1125+7819] white noise for Rcvr_800_GUPPI (4707 TOAs)...
  [J1312+0051] zeroing residuals...
  [J1312+0051] adding red noise...
  [J1312+0051] white noise for L-wide_PUPPI (1289 TOAs)...
  [J1312+0051] white noise for S-wide_PUPPI (416 TOAs)...
  [J1453+1902] zeroing residuals...
  [J1453+1902] adding red noise...
  [J1453+1902] white noise for L-wide_PUPPI (2122 TOAs)...
  [J1453+1902] white noise for 430_PUPPI (425 TOAs)...
  [J1453+1902] white noise for S-wide_PUPPI (4 TOAs)...
  [J1455-3330] zeroing residuals...
  [J1455-3330] adding red noise...
  [J1455-3330] white noise for Rcvr1_2_GUPPI (4932 TOAs)...
  [J1455-3330] white noise for Rcvr_800_GUPPI (4843 TOAs)...
  [J1455-3330] white noise for Rcvr1_2_GASP (564 TOAs)...
  [J1455-3330] white noise for Rcvr_800_GASP (479 TOAs)...
  [J1600-3053] zeroing residuals...
  [J1600-3053] adding red noise...
  [J1600-3053] white noise for Rcvr_800_GASP (297 TOAs)...
  [J1600-3053] white noise for 3GHz_YUPPI (3237 TOAs)...
  [J1600-3053] white noise for Rcvr1_2_GUPPI (10168 TOAs)...
  [J1600-3053] white noise for Rcvr_800_GUPPI (8796 TOAs)...
  [J1600-3053] white noise for Rcvr1_2_GASP (457 TOAs)...
  [J1614-2230] zeroing residuals...
  [J1614-2230] adding red noise...
  [J1614-2230] white noise for Rcvr1_2_GUPPI (10509 TOAs)...
  [J1614-2230] white noise for Rcvr_800_GUPPI (7768 TOAs)...
  [J1614-2230] white noise for Rcvr1_2_GASP (84 TOAs)...
  [J1614-2230] white noise for Rcvr_800_GASP (84 TOAs)...
  [J1630+3734] zeroing residuals...
  [J1630+3734] adding red noise...
  [J1630+3734] white noise for Rcvr1_2_GUPPI (909 TOAs)...
  [J1630+3734] white noise for Rcvr_800_GUPPI (906 TOAs)...
  [J1640+2224] zeroing residuals...
  [J1640+2224] adding red noise...
  [J1640+2224] white noise for L-wide_PUPPI (9847 TOAs)...
  [J1640+2224] white noise for L-wide_ASP (722 TOAs)...
  [J1640+2224] white noise for 430_PUPPI (3157 TOAs)...
  [J1640+2224] white noise for 430_ASP (340 TOAs)...
  [J1643-1224] zeroing residuals...
  [J1643-1224] adding red noise...
  [J1643-1224] white noise for Rcvr_800_GASP (559 TOAs)...
  [J1643-1224] white noise for 3GHz_YUPPI (4215 TOAs)...
  [J1643-1224] white noise for Rcvr1_2_GUPPI (8803 TOAs)...
  [J1643-1224] white noise for Rcvr_800_GUPPI (7734 TOAs)...
  [J1643-1224] white noise for Rcvr1_2_GASP (833 TOAs)...
  [J1705-1903] zeroing residuals...
  [J1705-1903] adding red noise...
  [J1705-1903] white noise for Rcvr1_2_GUPPI (6350 TOAs)...
  [J1705-1903] white noise for Rcvr_800_GUPPI (3521 TOAs)...
  [J1713+0747] zeroing residuals...
  [J1713+0747] adding red noise...
  [J1713+0747] white noise for L-wide_ASP (843 TOAs)...
  [J1713+0747] white noise for L-wide_PUPPI (12743 TOAs)...
  [J1713+0747] white noise for S-wide_PUPPI (7482 TOAs)...
  [J1713+0747] white noise for Rcvr_800_GASP (1032 TOAs)...
  [J1713+0747] white noise for 3GHz_YUPPI (3282 TOAs)...
  [J1713+0747] white noise for Rcvr1_2_GUPPI (22334 TOAs)...
  [J1713+0747] white noise for Rcvr_800_GUPPI (8479 TOAs)...
  [J1713+0747] white noise for 1.5GHz_YUPPI (1461 TOAs)...
  [J1713+0747] white noise for Rcvr1_2_GASP (1109 TOAs)...
  [J1713+0747] white noise for S-wide_ASP (624 TOAs)...
  [J1719-1438] zeroing residuals...
  [J1719-1438] adding red noise...
  [J1719-1438] white noise for Rcvr1_2_GUPPI (2722 TOAs)...
  [J1719-1438] white noise for Rcvr_800_GUPPI (3634 TOAs)...
  [J1730-2304] zeroing residuals...
  [J1730-2304] adding red noise...
  [J1730-2304] white noise for Rcvr1_2_GUPPI (2367 TOAs)...
  [J1730-2304] white noise for Rcvr_800_GUPPI (2503 TOAs)...
  [J1738+0333] zeroing residuals...
  [J1738+0333] adding red noise...
  [J1738+0333] white noise for L-wide_ASP (201 TOAs)...
  [J1738+0333] white noise for L-wide_PUPPI (6718 TOAs)...
  [J1738+0333] white noise for S-wide_PUPPI (1737 TOAs)...
  [J1738+0333] white noise for S-wide_ASP (134 TOAs)...
  [J1741+1351] zeroing residuals...
  [J1741+1351] adding red noise...
  [J1741+1351] white noise for L-wide_PUPPI (4045 TOAs)...
  [J1741+1351] white noise for L-wide_ASP (236 TOAs)...
  [J1741+1351] white noise for 430_ASP (27 TOAs)...
  [J1741+1351] white noise for 430_PUPPI (1159 TOAs)...
  [J1741+1351] white noise for S-wide_ASP (115 TOAs)...
  [J1744-1134] zeroing residuals...
  [J1744-1134] adding red noise...
  [J1744-1134] white noise for Rcvr1_2_GUPPI (8109 TOAs)...
  [J1744-1134] white noise for Rcvr_800_GUPPI (7899 TOAs)...
  [J1744-1134] white noise for Rcvr1_2_GASP (807 TOAs)...
  [J1744-1134] white noise for Rcvr_800_GASP (930 TOAs)...
  [J1745+1017] zeroing residuals...
  [J1745+1017] adding red noise...
  [J1745+1017] white noise for L-wide_PUPPI (2179 TOAs)...
  [J1745+1017] white noise for S-wide_PUPPI (838 TOAs)...
  [J1747-4036] zeroing residuals...
  [J1747-4036] adding red noise...
  [J1747-4036] white noise for Rcvr1_2_GUPPI (5239 TOAs)...
  [J1747-4036] white noise for Rcvr_800_GUPPI (5816 TOAs)...
  [J1751-2857] zeroing residuals...
  [J1751-2857] adding red noise...
  [J1751-2857] white noise for Rcvr1_2_GUPPI (1786 TOAs)...
  [J1751-2857] white noise for Rcvr_800_GUPPI (239 TOAs)...
  [J1802-2124] zeroing residuals...
  [J1802-2124] adding red noise...
  [J1802-2124] white noise for Rcvr1_2_GUPPI (3231 TOAs)...
  [J1802-2124] white noise for Rcvr_800_GUPPI (3565 TOAs)...
  [J1811-2405] zeroing residuals...
  [J1811-2405] adding red noise...
  [J1811-2405] white noise for Rcvr1_2_GUPPI (2638 TOAs)...
  [J1811-2405] white noise for Rcvr_800_GUPPI (2628 TOAs)...
  [J1832-0836] zeroing residuals...
  [J1832-0836] adding red noise...
  [J1832-0836] white noise for Rcvr1_2_GUPPI (4661 TOAs)...
  [J1832-0836] white noise for Rcvr_800_GUPPI (3078 TOAs)...
  [J1843-1113] zeroing residuals...
  [J1843-1113] adding red noise...
  [J1843-1113] white noise for Rcvr1_2_GUPPI (2394 TOAs)...
  [J1843-1113] white noise for Rcvr_800_GUPPI (2201 TOAs)...
  [J1853+1303] zeroing residuals...
  [J1853+1303] adding red noise...
  [J1853+1303] white noise for L-wide_PUPPI (3362 TOAs)...
  [J1853+1303] white noise for L-wide_ASP (33 TOAs)...
  [J1853+1303] white noise for 430_PUPPI (1151 TOAs)...
  [J1853+1303] white noise for 430_ASP (24 TOAs)...
  [J1903+0327] zeroing residuals...
  [J1903+0327] adding red noise...
  [J1903+0327] white noise for L-wide_ASP (139 TOAs)...
  [J1903+0327] white noise for L-wide_PUPPI (3845 TOAs)...
  [J1903+0327] white noise for S-wide_PUPPI (2282 TOAs)...
  [J1903+0327] white noise for 3GHz_YUPPI (439 TOAs)...
  [J1903+0327] white noise for S-wide_ASP (151 TOAs)...
  [J1909-3744] zeroing residuals...
  [J1909-3744] adding red noise...
  [J1909-3744] white noise for Rcvr_800_GASP (866 TOAs)...
  [J1909-3744] white noise for 3GHz_YUPPI (3525 TOAs)...
  [J1909-3744] white noise for Rcvr1_2_GUPPI (20439 TOAs)...
  [J1909-3744] white noise for Rcvr_800_GUPPI (9399 TOAs)...
  [J1909-3744] white noise for Rcvr1_2_GASP (808 TOAs)...
  [J1910+1256] zeroing residuals...
  [J1910+1256] adding red noise...
  [J1910+1256] white noise for L-wide_ASP (297 TOAs)...
  [J1910+1256] white noise for L-wide_PUPPI (4124 TOAs)...
  [J1910+1256] white noise for S-wide_PUPPI (1857 TOAs)...
  [J1910+1256] white noise for S-wide_ASP (208 TOAs)...
  [J1911+1347] zeroing residuals...
  [J1911+1347] adding red noise...
  [J1911+1347] white noise for L-wide_PUPPI (3033 TOAs)...
  [J1911+1347] white noise for 430_PUPPI (753 TOAs)...
  [J1918-0642] zeroing residuals...
  [J1918-0642] adding red noise...
  [J1918-0642] white noise for Rcvr1_2_GUPPI (8910 TOAs)...
  [J1918-0642] white noise for Rcvr_800_GUPPI (8352 TOAs)...
  [J1918-0642] white noise for Rcvr1_2_GASP (778 TOAs)...
  [J1918-0642] white noise for Rcvr_800_GASP (835 TOAs)...
  [J1923+2515] zeroing residuals...
  [J1923+2515] adding red noise...
  [J1923+2515] white noise for L-wide_PUPPI (3028 TOAs)...
  [J1923+2515] white noise for L-wide_ASP (14 TOAs)...
  [J1923+2515] white noise for 430_PUPPI (922 TOAs)...
  [J1923+2515] white noise for 430_ASP (10 TOAs)...
  [J1944+0907] zeroing residuals...
  [J1944+0907] adding red noise...
  [J1944+0907] white noise for L-wide_PUPPI (3900 TOAs)...
  [J1944+0907] white noise for L-wide_ASP (257 TOAs)...
  [J1944+0907] white noise for 430_ASP (38 TOAs)...
  [J1944+0907] white noise for 430_PUPPI (1017 TOAs)...
  [J1944+0907] white noise for S-wide_ASP (116 TOAs)...
  [J1946+3417] zeroing residuals...
  [J1946+3417] adding red noise...
  [J1946+3417] white noise for L-wide_PUPPI (3197 TOAs)...
  [J1946+3417] white noise for S-wide_PUPPI (1546 TOAs)...
  [J2010-1323] zeroing residuals...
  [J2010-1323] adding red noise...
  [J2010-1323] white noise for Rcvr1_2_GUPPI (7779 TOAs)...
  [J2010-1323] white noise for Rcvr_800_GUPPI (9158 TOAs)...
  [J2010-1323] white noise for Rcvr1_2_GASP (70 TOAs)...
  [J2010-1323] white noise for Rcvr_800_GASP (70 TOAs)...
  [J2017+0603] zeroing residuals...
  [J2017+0603] adding red noise...
  [J2017+0603] white noise for L-wide_ASP (16 TOAs)...
  [J2017+0603] white noise for 430_PUPPI (78 TOAs)...
  [J2017+0603] white noise for L-wide_PUPPI (2569 TOAs)...
  [J2017+0603] white noise for S-wide_PUPPI (849 TOAs)...
  [J2033+1734] zeroing residuals...
  [J2033+1734] adding red noise...
  [J2033+1734] white noise for L-wide_PUPPI (3050 TOAs)...
  [J2033+1734] white noise for 430_PUPPI (797 TOAs)...
  [J2043+1711] zeroing residuals...
  [J2043+1711] adding red noise...
  [J2043+1711] white noise for L-wide_PUPPI (4419 TOAs)...
  [J2043+1711] white noise for L-wide_ASP (40 TOAs)...
  [J2043+1711] white noise for 430_PUPPI (2908 TOAs)...
  [J2043+1711] white noise for 430_ASP (30 TOAs)...
  [J2124-3358] zeroing residuals...
  [J2124-3358] adding red noise...
  [J2124-3358] white noise for Rcvr1_2_GUPPI (2957 TOAs)...
  [J2124-3358] white noise for Rcvr_800_GUPPI (2025 TOAs)...
  [J2145-0750] zeroing residuals...
  [J2145-0750] adding red noise...
  [J2145-0750] white noise for Rcvr1_2_GUPPI (9158 TOAs)...
  [J2145-0750] white noise for Rcvr_800_GUPPI (8728 TOAs)...
  [J2145-0750] white noise for Rcvr1_2_GASP (427 TOAs)...
  [J2145-0750] white noise for Rcvr_800_GASP (362 TOAs)...
  [J2214+3000] zeroing residuals...
  [J2214+3000] adding red noise...
  [J2214+3000] white noise for L-wide_ASP (9 TOAs)...
  [J2214+3000] white noise for L-wide_PUPPI (5829 TOAs)...
  [J2214+3000] white noise for S-wide_PUPPI (1568 TOAs)...
  [J2229+2643] zeroing residuals...
  [J2229+2643] adding red noise...
  [J2229+2643] white noise for L-wide_PUPPI (2755 TOAs)...
  [J2229+2643] white noise for 430_PUPPI (956 TOAs)...
  [J2234+0611] zeroing residuals...
  [J2234+0611] adding red noise...
  [J2234+0611] white noise for L-wide_PUPPI (2913 TOAs)...
  [J2234+0611] white noise for 430_PUPPI (653 TOAs)...
  [J2234+0944] zeroing residuals...
  [J2234+0944] adding red noise...
  [J2234+0944] white noise for L-wide_PUPPI (5003 TOAs)...
  [J2234+0944] white noise for S-wide_PUPPI (2532 TOAs)...
  [J2302+4442] zeroing residuals...
  [J2302+4442] adding red noise...
  [J2302+4442] white noise for Rcvr1_2_GUPPI (3779 TOAs)...
  [J2302+4442] white noise for Rcvr_800_GUPPI (6432 TOAs)...
  [J2317+1439] zeroing residuals...
  [J2317+1439] adding red noise...
  [J2317+1439] white noise for L-wide_PUPPI (9563 TOAs)...
  [J2317+1439] white noise for 327_ASP (413 TOAs)...
  [J2317+1439] white noise for 430_ASP (458 TOAs)...
  [J2317+1439] white noise for 430_PUPPI (3217 TOAs)...
  [J2317+1439] white noise for 327_PUPPI (276 TOAs)...
  [J2322+2057] zeroing residuals...
  [J2322+2057] adding red noise...
  [J2322+2057] white noise for L-wide_PUPPI (2196 TOAs)...
  [J2322+2057] white noise for 430_PUPPI (752 TOAs)...
  [J2322+2057] white noise for S-wide_PUPPI (140 TOAs)...
Resetting pulsars to clean stoas...
Restore: 0.00 s
Inject: 0.00 s
Snapshotting into enterprise Pulsar objects...
Building PTA...
PTA build: 508.51 s
Computing optimal statistic...
OS time: 48.02 s
Total: 556.53 s
Noise-only SNR baseline: -0.4186

Generating SNR-consistent population...
Target SNR: 4.0
Resetting pulsars to clean stoas...
Restore: 0.01 s
Injecting population...
  B1855+09: RMS = 1213.341 ns
  B1937+21: RMS = 705.799 ns
  B1953+29: RMS = 550.785 ns
  J0023+0923: RMS = 1580.335 ns
  J0030+0451: RMS = 1180.725 ns
  J0340+4130: RMS = 353.519 ns
  J0406+3039: RMS = 953.367 ns
  J0437-4715: RMS = 523.693 ns
  J0509+0856: RMS = 117.567 ns
  J0557+1551: RMS = 865.571 ns
  J0605+3757: RMS = 1407.260 ns
  J0610-2100: RMS = 1038.178 ns
  J0613-0200: RMS = 3013.648 ns
  J0636+5128: RMS = 1097.088 ns
  J0645+5158: RMS = 1506.747 ns
  J0709+0458: RMS = 642.647 ns
  J0740+6620: RMS = 284.804 ns
  J0931-1902: RMS = 1031.449 ns
  J1012+5307: RMS = 1502.179 ns
  J1012-4235: RMS = 204.232 ns
  J1022+1001: RMS = 795.053 ns
  J1024-0719: RMS = 1899.900 ns
  J1125+7819: RMS = 631.731 ns
  J1312+0051: RMS = 1262.995 ns
  J1453+1902: RMS = 2104.105 ns
  J1455-3330: RMS = 831.841 ns
  J1600-3053: RMS = 837.606 ns
  J1614-2230: RMS = 542.133 ns
  J1630+3734: RMS = 933.156 ns
  J1640+2224: RMS = 2578.133 ns
  J1643-1224: RMS = 904.567 ns
  J1705-1903: RMS = 271.872 ns
  J1713+0747: RMS = 1639.743 ns
  J1719-1438: RMS = 511.974 ns
  J1730-2304: RMS = 322.522 ns
  J1738+0333: RMS = 1010.415 ns
  J1741+1351: RMS = 1936.422 ns
  J1744-1134: RMS = 1458.149 ns
  J1745+1017: RMS = 507.302 ns
  J1747-4036: RMS = 1140.330 ns
  J1751-2857: RMS = 380.095 ns
  J1802-2124: RMS = 499.299 ns
  J1811-2405: RMS = 940.195 ns
  J1832-0836: RMS = 1006.872 ns
  J1843-1113: RMS = 1133.219 ns
  J1853+1303: RMS = 1744.021 ns
  J1903+0327: RMS = 952.593 ns
  J1909-3744: RMS = 1974.677 ns
  J1910+1256: RMS = 1347.079 ns
  J1911+1347: RMS = 1510.488 ns
  J1918-0642: RMS = 1146.817 ns
  J1923+2515: RMS = 1014.529 ns
  J1944+0907: RMS = 1131.984 ns
  J1946+3417: RMS = 443.502 ns
  J2010-1323: RMS = 1024.200 ns
  J2017+0603: RMS = 1202.941 ns
  J2033+1734: RMS = 983.844 ns
  J2043+1711: RMS = 1508.875 ns
  J2124-3358: RMS = 1142.961 ns
  J2145-0750: RMS = 1038.590 ns
  J2214+3000: RMS = 1316.953 ns
  J2229+2643: RMS = 566.215 ns
  J2234+0611: RMS = 236.461 ns
  J2234+0944: RMS = 837.974 ns
  J2302+4442: RMS = 1052.129 ns
  J2317+1439: RMS = 1947.875 ns
  J2322+2057: RMS = 489.081 ns
Inject: 199.36 s
Snapshotting into enterprise Pulsar objects...
Building PTA...
PTA build: 484.39 s
Computing optimal statistic...
OS time: 50.08 s
Total: 733.83 s
Initial SNR: -8.0736, Target SNR: 4.0000
  ✗ Initial SNR -8.0736 is non-positive, cannot scale distances.
✗ Simulation 1, trial 1 FAILED, retrying...

Generating SNR-consistent population...
Target SNR: 4.0
Resetting pulsars to clean stoas...
Restore: 0.01 s
Injecting population...
  B1855+09: RMS = 1504.462 ns
  B1937+21: RMS = 1228.176 ns
  B1953+29: RMS = 855.429 ns
  J0023+0923: RMS = 1061.174 ns
  J0030+0451: RMS = 424.408 ns
  J0340+4130: RMS = 1137.468 ns
  J0406+3039: RMS = 425.478 ns
  J0437-4715: RMS = 1663.181 ns
  J0509+0856: RMS = 1415.253 ns
  J0557+1551: RMS = 3029.429 ns
  J0605+3757: RMS = 583.424 ns
  J0610-2100: RMS = 1184.397 ns
  J0613-0200: RMS = 2355.564 ns
  J0636+5128: RMS = 429.270 ns
  J0645+5158: RMS = 541.022 ns
  J0709+0458: RMS = 2101.380 ns
  J0740+6620: RMS = 1074.352 ns
  J0931-1902: RMS = 1102.526 ns
  J1012+5307: RMS = 907.926 ns
  J1012-4235: RMS = 1321.053 ns
  J1022+1001: RMS = 1020.968 ns
  J1024-0719: RMS = 611.609 ns
  J1125+7819: RMS = 1930.385 ns
  J1312+0051: RMS = 304.641 ns
  J1453+1902: RMS = 537.643 ns
  J1455-3330: RMS = 2034.294 ns
  J1600-3053: RMS = 1603.453 ns
  J1614-2230: RMS = 1313.264 ns
  J1630+3734: RMS = 572.734 ns
  J1640+2224: RMS = 1311.278 ns
  J1643-1224: RMS = 881.762 ns
  J1705-1903: RMS = 599.511 ns
  J1713+0747: RMS = 1228.423 ns
  J1719-1438: RMS = 975.022 ns
  J1730-2304: RMS = 296.197 ns
  J1738+0333: RMS = 1319.744 ns
  J1741+1351: RMS = 1105.882 ns
  J1744-1134: RMS = 1652.465 ns
  J1745+1017: RMS = 729.969 ns
  J1747-4036: RMS = 1457.071 ns
  J1751-2857: RMS = 417.546 ns
  J1802-2124: RMS = 303.701 ns
  J1811-2405: RMS = 303.186 ns
  J1832-0836: RMS = 1583.930 ns
  J1843-1113: RMS = 1415.589 ns
  J1853+1303: RMS = 1408.774 ns
  J1903+0327: RMS = 1815.548 ns
  J1909-3744: RMS = 1227.066 ns
  J1910+1256: RMS = 1728.024 ns
  J1911+1347: RMS = 1348.372 ns
  J1918-0642: RMS = 2556.156 ns
  J1923+2515: RMS = 995.382 ns
  J1944+0907: RMS = 1521.936 ns
  J1946+3417: RMS = 648.338 ns
  J2010-1323: RMS = 1763.963 ns
  J2017+0603: RMS = 1638.017 ns
  J2033+1734: RMS = 1721.486 ns
  J2043+1711: RMS = 735.040 ns
  J2124-3358: RMS = 629.312 ns
  J2145-0750: RMS = 703.347 ns
  J2214+3000: RMS = 1109.813 ns
  J2229+2643: RMS = 1584.526 ns
  J2234+0611: RMS = 712.985 ns
  J2234+0944: RMS = 303.359 ns
  J2302+4442: RMS = 2353.584 ns
  J2317+1439: RMS = 531.387 ns
  J2322+2057: RMS = 705.826 ns
Inject: 185.96 s
Snapshotting into enterprise Pulsar objects...
Building PTA...
PTA build: 479.71 s
Computing optimal statistic...
OS time: 44.86 s
Total: 710.55 s
Initial SNR: 44.7498, Target SNR: 4.0000
  Initial SNR 44.7498 outside of provided SNR_range [3.5, 4.25] — rescaling.
Scaling distances by factor 3.1972 to achieve target SNR...
Resetting pulsars to clean stoas...
Restore: 0.00 s
Injecting population...
  B1855+09: RMS = 470.549 ns
  B1937+21: RMS = 384.135 ns
  B1953+29: RMS = 267.552 ns
  J0023+0923: RMS = 331.902 ns
  J0030+0451: RMS = 132.742 ns
  J0340+4130: RMS = 355.765 ns
  J0406+3039: RMS = 133.076 ns
  J0437-4715: RMS = 520.192 ns
  J0509+0856: RMS = 442.648 ns
  J0557+1551: RMS = 947.512 ns
  J0605+3757: RMS = 182.477 ns
  J0610-2100: RMS = 370.443 ns
  J0613-0200: RMS = 736.748 ns
  J0636+5128: RMS = 134.263 ns
  J0645+5158: RMS = 169.215 ns
  J0709+0458: RMS = 657.247 ns
  J0740+6620: RMS = 336.024 ns
  J0931-1902: RMS = 344.836 ns
  J1012+5307: RMS = 283.971 ns
  J1012-4235: RMS = 413.185 ns
  J1022+1001: RMS = 319.327 ns
  J1024-0719: RMS = 191.293 ns
  J1125+7819: RMS = 603.765 ns
  J1312+0051: RMS = 95.282 ns
  J1453+1902: RMS = 168.158 ns
  J1455-3330: RMS = 636.264 ns
  J1600-3053: RMS = 501.511 ns
  J1614-2230: RMS = 410.749 ns
  J1630+3734: RMS = 179.133 ns
  J1640+2224: RMS = 410.127 ns
  J1643-1224: RMS = 275.788 ns
  J1705-1903: RMS = 187.508 ns
  J1713+0747: RMS = 384.213 ns
  J1719-1438: RMS = 304.957 ns
  J1730-2304: RMS = 92.641 ns
  J1738+0333: RMS = 412.775 ns
  J1741+1351: RMS = 345.886 ns
  J1744-1134: RMS = 516.840 ns
  J1745+1017: RMS = 228.312 ns
  J1747-4036: RMS = 455.727 ns
  J1751-2857: RMS = 130.595 ns
  J1802-2124: RMS = 94.988 ns
  J1811-2405: RMS = 94.827 ns
  J1832-0836: RMS = 495.404 ns
  J1843-1113: RMS = 442.752 ns
  J1853+1303: RMS = 440.621 ns
  J1903+0327: RMS = 567.847 ns
  J1909-3744: RMS = 383.788 ns
  J1910+1256: RMS = 540.473 ns
  J1911+1347: RMS = 421.729 ns
  J1918-0642: RMS = 799.487 ns
  J1923+2515: RMS = 311.325 ns
  J1944+0907: RMS = 476.015 ns
  J1946+3417: RMS = 202.780 ns
  J2010-1323: RMS = 551.713 ns
  J2017+0603: RMS = 512.321 ns
  J2033+1734: RMS = 538.428 ns
  J2043+1711: RMS = 229.898 ns
  J2124-3358: RMS = 196.829 ns
  J2145-0750: RMS = 219.985 ns
  J2214+3000: RMS = 347.115 ns
  J2229+2643: RMS = 495.591 ns
  J2234+0611: RMS = 223.000 ns
  J2234+0944: RMS = 94.881 ns
  J2302+4442: RMS = 736.128 ns
  J2317+1439: RMS = 166.202 ns
  J2322+2057: RMS = 220.761 ns
Inject: 174.50 s
Snapshotting into enterprise Pulsar objects...
Building PTA...
PTA build: 462.99 s
Computing optimal statistic...
OS time: 54.37 s
Total: 691.86 s
  SNR 5.2892 outside of provided SNR_range [3.5, 4.25] — rescaling.
[Iteration 1/100] SNR after scaling: 5.2892 (target: 4.0000)
  SNR history: it0→44.7498@1.0000x, it1→5.2892@3.1972x
  Re-scaling distances by factor 1.1547  (cumulative after: 3.6919×)
Resetting pulsars to clean stoas...
Restore: 0.01 s
Injecting population...
  B1855+09: RMS = 407.503 ns
  B1937+21: RMS = 332.667 ns
  B1953+29: RMS = 231.704 ns
  J0023+0923: RMS = 287.433 ns
  J0030+0451: RMS = 114.957 ns
  J0340+4130: RMS = 308.098 ns
  J0406+3039: RMS = 115.246 ns
  J0437-4715: RMS = 450.494 ns
  J0509+0856: RMS = 383.340 ns
  J0557+1551: RMS = 820.560 ns
  J0605+3757: RMS = 158.028 ns
  J0610-2100: RMS = 320.809 ns
  J0613-0200: RMS = 638.035 ns
  J0636+5128: RMS = 116.273 ns
  J0645+5158: RMS = 146.543 ns
  J0709+0458: RMS = 569.186 ns
  J0740+6620: RMS = 291.002 ns
  J0931-1902: RMS = 298.633 ns
  J1012+5307: RMS = 245.923 ns
  J1012-4235: RMS = 357.824 ns
  J1022+1001: RMS = 276.542 ns
  J1024-0719: RMS = 165.662 ns
  J1125+7819: RMS = 522.870 ns
  J1312+0051: RMS = 82.516 ns
  J1453+1902: RMS = 145.628 ns
  J1455-3330: RMS = 551.015 ns
  J1600-3053: RMS = 434.316 ns
  J1614-2230: RMS = 355.715 ns
  J1630+3734: RMS = 155.132 ns
  J1640+2224: RMS = 355.177 ns
  J1643-1224: RMS = 238.837 ns
  J1705-1903: RMS = 162.385 ns
  J1713+0747: RMS = 332.734 ns
  J1719-1438: RMS = 264.097 ns
  J1730-2304: RMS = 80.229 ns
  J1738+0333: RMS = 357.470 ns
  J1741+1351: RMS = 299.542 ns
  J1744-1134: RMS = 447.591 ns
  J1745+1017: RMS = 197.722 ns
  J1747-4036: RMS = 394.666 ns
  J1751-2857: RMS = 113.098 ns
  J1802-2124: RMS = 82.261 ns
  J1811-2405: RMS = 82.122 ns
  J1832-0836: RMS = 429.028 ns
  J1843-1113: RMS = 383.430 ns
  J1853+1303: RMS = 381.585 ns
  J1903+0327: RMS = 491.765 ns
  J1909-3744: RMS = 332.367 ns
  J1910+1256: RMS = 468.058 ns
  J1911+1347: RMS = 365.224 ns
  J1918-0642: RMS = 692.368 ns
  J1923+2515: RMS = 269.612 ns
  J1944+0907: RMS = 412.236 ns
  J1946+3417: RMS = 175.611 ns
  J2010-1323: RMS = 477.792 ns
  J2017+0603: RMS = 443.678 ns
  J2033+1734: RMS = 466.287 ns
  J2043+1711: RMS = 199.095 ns
  J2124-3358: RMS = 170.457 ns
  J2145-0750: RMS = 190.511 ns
  J2214+3000: RMS = 300.607 ns
  J2229+2643: RMS = 429.189 ns
  J2234+0611: RMS = 193.121 ns
  J2234+0944: RMS = 82.169 ns
  J2302+4442: RMS = 637.499 ns
  J2317+1439: RMS = 143.933 ns
  J2322+2057: RMS = 191.182 ns
Inject: 179.14 s
Snapshotting into enterprise Pulsar objects...
Building PTA...
PTA build: 441.78 s
Computing optimal statistic...
OS time: 44.33 s
Total: 665.27 s
  ✓ SNR is within the provided SNR_range: 4.0797 ∈ [3.5, 4.25]

Final SNR history:
  it 0: cumulative_scale=1.0000×  SNR=44.7498
  it 1: cumulative_scale=3.1972×  SNR=5.2892
  it 2: cumulative_scale=3.6919×  SNR=4.0797
✓ Simulation 1 done (2873.1 s)

======================================================================
ENSEMBLE SUMMARY
======================================================================
Success rate: 100.0% (1/1)

Binaries per population:
  Mean ± std : 10000000 ± 0
  Range      : [10000000, 10000000]

SNR achieved:
  Mean ± std : 4.0797 ± 0.0000
  Range      : [4.0797, 4.0797]

Total time: 3469.6 s (57.8 min)
======================================================================

💾 Saved: data/2026-05-01/pessimistic_run_30/consistent_population_pessimistic_targetSNR4.25_sims1.json
💾 Saved compressed pickle: data/2026-05-01/pessimistic_run_30/consistent_population_pessimistic_targetSNR4.25_sims1.pkl.gz

======================================================================
CONTINUOUS WAVE SNR ANALYSIS
======================================================================

--- Population 1 ---
Precomputation of phiinvs, TNTs, Ts, Nvecs, Sigmas took 0.03 seconds.
Total SNR computation for population took 591.36 seconds.
Top 50 CGW candidates:
   1. proxy_rank= 848  sky_w=1.36  f=1.97e-08 Hz  Mc=4.37e+09 Msun  h0=7.70e-16  SNR=1.320
   2. proxy_rank=  14  sky_w=1.53  f=4.95e-09 Hz  Mc=4.72e+09 Msun  h0=6.33e-16  SNR=0.874
   3. proxy_rank=  56  sky_w=1.07  f=7.51e-09 Hz  Mc=2.94e+09 Msun  h0=8.84e-16  SNR=0.794
   4. proxy_rank= 108  sky_w=1.50  f=6.10e-09 Hz  Mc=6.06e+09 Msun  h0=4.22e-16  SNR=0.738
   5. proxy_rank=  21  sky_w=0.78  f=4.14e-09 Hz  Mc=5.66e+09 Msun  h0=9.18e-16  SNR=0.723
   6. proxy_rank= 641  sky_w=1.15  f=8.79e-09 Hz  Mc=5.49e+09 Msun  h0=4.53e-16  SNR=0.714
   7. proxy_rank=1670  sky_w=0.60  f=1.10e-08 Hz  Mc=6.47e+09 Msun  h0=7.79e-16  SNR=0.680
   8. proxy_rank=1594  sky_w=1.45  f=1.00e-08 Hz  Mc=2.68e+09 Msun  h0=2.96e-16  SNR=0.637
   9. proxy_rank= 537  sky_w=1.53  f=7.48e-09 Hz  Mc=4.58e+09 Msun  h0=3.08e-16  SNR=0.619
  10. proxy_rank=  25  sky_w=1.51  f=4.26e-09 Hz  Mc=3.50e+09 Msun  h0=4.64e-16  SNR=0.571
  11. proxy_rank= 838  sky_w=1.41  f=9.21e-09 Hz  Mc=4.58e+09 Msun  h0=3.51e-16  SNR=0.545
  12. proxy_rank= 367  sky_w=1.46  f=6.65e-09 Hz  Mc=2.71e+09 Msun  h0=3.17e-16  SNR=0.538
  13. proxy_rank=  60  sky_w=1.56  f=5.01e-09 Hz  Mc=3.72e+09 Msun  h0=4.01e-16  SNR=0.531
  14. proxy_rank= 259  sky_w=1.31  f=5.77e-09 Hz  Mc=5.48e+09 Msun  h0=3.46e-16  SNR=0.492
  15. proxy_rank= 266  sky_w=1.55  f=6.83e-09 Hz  Mc=4.49e+09 Msun  h0=3.43e-16  SNR=0.479
  16. proxy_rank= 195  sky_w=1.47  f=5.19e-09 Hz  Mc=5.32e+09 Msun  h0=3.01e-16  SNR=0.474
  17. proxy_rank=   2  sky_w=1.53  f=3.28e-09 Hz  Mc=2.51e+09 Msun  h0=1.05e-15  SNR=0.454
  18. proxy_rank=1328  sky_w=1.54  f=7.30e-09 Hz  Mc=3.67e+09 Msun  h0=2.16e-16  SNR=0.444
  19. proxy_rank=   6  sky_w=1.01  f=2.55e-09 Hz  Mc=5.59e+09 Msun  h0=7.88e-16  SNR=0.443
  20. proxy_rank=   8  sky_w=0.53  f=2.78e-09 Hz  Mc=2.19e+09 Msun  h0=1.43e-15  SNR=0.441
  21. proxy_rank= 689  sky_w=0.76  f=6.42e-09 Hz  Mc=5.69e+09 Msun  h0=4.83e-16  SNR=0.431
  22. proxy_rank=   4  sky_w=1.51  f=2.45e-09 Hz  Mc=3.06e+09 Msun  h0=5.71e-16  SNR=0.425
  23. proxy_rank= 120  sky_w=1.51  f=4.50e-09 Hz  Mc=5.47e+09 Msun  h0=3.01e-16  SNR=0.424
  24. proxy_rank=1689  sky_w=1.12  f=1.37e-08 Hz  Mc=1.40e+09 Msun  h0=5.10e-16  SNR=0.416
  25. proxy_rank=1224  sky_w=1.52  f=9.79e-09 Hz  Mc=4.07e+09 Msun  h0=3.02e-16  SNR=0.411
  26. proxy_rank=1202  sky_w=1.46  f=6.86e-09 Hz  Mc=3.90e+09 Msun  h0=2.21e-16  SNR=0.410
  27. proxy_rank= 375  sky_w=1.46  f=6.03e-09 Hz  Mc=2.03e+09 Msun  h0=2.86e-16  SNR=0.397
  28. proxy_rank=1720  sky_w=1.36  f=7.39e-09 Hz  Mc=3.85e+09 Msun  h0=2.27e-16  SNR=0.389
  29. proxy_rank=1688  sky_w=1.54  f=6.94e-09 Hz  Mc=1.26e+09 Msun  h0=1.89e-16  SNR=0.382
  30. proxy_rank=  66  sky_w=1.49  f=3.86e-09 Hz  Mc=9.37e+08 Msun  h0=3.14e-16  SNR=0.379
  31. proxy_rank= 657  sky_w=0.89  f=5.29e-09 Hz  Mc=5.67e+09 Msun  h0=3.47e-16  SNR=0.366
  32. proxy_rank= 103  sky_w=0.67  f=3.57e-09 Hz  Mc=3.27e+09 Msun  h0=5.61e-16  SNR=0.352
  33. proxy_rank=1140  sky_w=1.59  f=6.07e-09 Hz  Mc=3.68e+09 Msun  h0=1.83e-16  SNR=0.348
  34. proxy_rank= 244  sky_w=1.50  f=7.98e-09 Hz  Mc=2.56e+09 Msun  h0=4.22e-16  SNR=0.346
  35. proxy_rank= 169  sky_w=1.17  f=4.03e-09 Hz  Mc=3.44e+09 Msun  h0=3.05e-16  SNR=0.341
  36. proxy_rank=1815  sky_w=1.25  f=6.94e-09 Hz  Mc=2.68e+09 Msun  h0=2.27e-16  SNR=0.339
  37. proxy_rank=1137  sky_w=1.39  f=8.09e-09 Hz  Mc=4.18e+09 Msun  h0=2.78e-16  SNR=0.336
  38. proxy_rank= 177  sky_w=1.17  f=4.95e-09 Hz  Mc=6.06e+09 Msun  h0=3.72e-16  SNR=0.329
  39. proxy_rank= 441  sky_w=1.25  f=5.04e-09 Hz  Mc=2.82e+09 Msun  h0=2.70e-16  SNR=0.322
  40. proxy_rank= 709  sky_w=1.15  f=5.38e-09 Hz  Mc=4.86e+09 Msun  h0=2.67e-16  SNR=0.320
  41. proxy_rank=1175  sky_w=1.35  f=5.89e-09 Hz  Mc=2.20e+09 Msun  h0=2.06e-16  SNR=0.318
  42. proxy_rank=   1  sky_w=0.99  f=2.61e-09 Hz  Mc=8.09e+09 Msun  h0=1.39e-15  SNR=0.310
  43. proxy_rank=1866  sky_w=1.35  f=6.76e-09 Hz  Mc=3.62e+09 Msun  h0=2.04e-16  SNR=0.306
  44. proxy_rank=  32  sky_w=1.57  f=3.11e-09 Hz  Mc=5.02e+09 Msun  h0=3.03e-16  SNR=0.306
  45. proxy_rank=  10  sky_w=1.59  f=2.67e-09 Hz  Mc=3.31e+09 Msun  h0=4.12e-16  SNR=0.303
  46. proxy_rank=1572  sky_w=1.19  f=5.92e-09 Hz  Mc=4.11e+09 Msun  h0=2.15e-16  SNR=0.302
  47. proxy_rank= 858  sky_w=1.50  f=5.36e-09 Hz  Mc=1.29e+09 Msun  h0=1.90e-16  SNR=0.293
  48. proxy_rank=1318  sky_w=0.59  f=5.12e-09 Hz  Mc=5.86e+09 Msun  h0=3.95e-16  SNR=0.288
  49. proxy_rank= 378  sky_w=0.64  f=5.06e-09 Hz  Mc=1.72e+09 Msun  h0=5.52e-16  SNR=0.280
  50. proxy_rank=  63  sky_w=1.24  f=3.68e-09 Hz  Mc=1.75e+09 Msun  h0=3.65e-16  SNR=0.279
💾 Saved: data/2026-05-01/pessimistic_run_30/consistent_population_pessimistic_targetSNR4.25_sims1.json
💾 Saved compressed pickle: data/2026-05-01/pessimistic_run_30/consistent_population_pessimistic_targetSNR4.25_sims1.pkl.gz
Saved to figures/cgw_analysis_pessimistic.pdf

==========================================
Job finished at: Fri May  1 18:38:23 AEST 2026
Exit code: 0
==========================================

+------------------ Job Report: 11783108 (COMPLETED) ------------------+
| Memory (RAM)  [#################   ] 86.9% (34.8 GB peak / 40 GB)    |
| CPU           [################    ] 83.0% average                   |
| Time          [---------------->   ] 84.4% (0-01:15:59 / 0-01:30:00) |
|                                                                      |
| Lustre Filesystem:                                                   |
|   Path    Total Read    Total Write    Total IOPS                    |
|   ------  ------------  -------------  ------------                  |
|   /apps   12 KB         0 B            104                           |
|   /fred   4 KB          6.7 MB         35                            |
|   /home   7.2 MB        0 B            1.2 K                         |
|   OS      0 B           0 B            3                             |
+----------------------------------------------------------------------+
