==========================================
Job ID: 11783327
Job Name: smbhb_optimistic
Node: gina4
Start Time: Fri May  1 17:23:03 AEST 2026
==========================================

/home/bhoulden/.conda/envs/smbhb312/share/tempo2
Working directory: /fred/oz005/users/bhoulden/SMBHB_population_injections

Loaded modules:

Starting SMBHB analysis...
==========================================

📁 Save directory: data/2026-05-01/optimistic_run_56
📝 Run name: optimistic_run_56

[MEM] Start: 243.5 MB

📡 Loading pulsars...
======================================================================
LOADING NANOGRAV PULSARS (libstempo)
======================================================================

📦 Loading from cache: nanograv_pulsars_cache.pkl
⚠ Cache load failed: Ran out of input
[DEBUG] Found 76 .par files
[tempo2Util.C:396] Warning: [MISC1] Unknown parameter in par file:  DMDATA
[tempo2Util.C:401] Warning: [DUP1] duplicated warnings have been suppressed.

WARNING: Using tempo RNAMP parameter: setting TNRedC to 100!
[observatory.C:271] Warning: Assuming site 'arecibo' means 'ao'
✓ Loaded B1855+09 (7758 TOAs)

WARNING: Using tempo RNAMP parameter: setting TNRedC to 100!
✓ Loaded B1937+21 (23023 TOAs)

WARNING: Using tempo RNAMP parameter: setting TNRedC to 100!
✓ Loaded B1937+21ao (7241 TOAs)

WARNING: Using tempo RNAMP parameter: setting TNRedC to 100!
✓ Loaded B1937+21gbt (16048 TOAs)

WARNING: Using tempo RNAMP parameter: setting TNRedC to 100!
✓ Loaded B1953+29 (5126 TOAs)
✓ Loaded J0023+0923 (15896 TOAs)

WARNING: Using tempo RNAMP parameter: setting TNRedC to 100!
✓ Loaded J0030+0451 (19571 TOAs)
✓ Loaded J0340+4130 (11093 TOAs)
✓ Loaded J0406+3039 (2446 TOAs)

WARNING: Using tempo RNAMP parameter: setting TNRedC to 100!
✓ Loaded J0437-4715 (5830 TOAs)
✓ Loaded J0509+0856 (2169 TOAs)
✓ Loaded J0557+1551 (525 TOAs)
✓ Loaded J0605+3757 (554 TOAs)

WARNING: Using tempo RNAMP parameter: setting TNRedC to 100!
✓ Loaded J0610-2100 (4885 TOAs)

WARNING: Using tempo RNAMP parameter: setting TNRedC to 100!
✓ Loaded J0613-0200 (17124 TOAs)
✓ Loaded J0614-3329 (1714 TOAs)
✓ Loaded J0636+5128 (32222 TOAs)
✓ Loaded J0645+5158 (10403 TOAs)
✓ Loaded J0709+0458 (3030 TOAs)
✓ Loaded J0740+6620 (13401 TOAs)
✓ Loaded J0931-1902 (5473 TOAs)

WARNING: Using tempo RNAMP parameter: setting TNRedC to 100!
✓ Loaded J1012+5307 (25837 TOAs)
✓ Loaded J1012-4235 (797 TOAs)
✓ Loaded J1022+1001 (3978 TOAs)
✓ Loaded J1024-0719 (12635 TOAs)
✓ Loaded J1125+7819 (8723 TOAs)
✓ Loaded J1312+0051 (1705 TOAs)
✓ Loaded J1453+1902 (2551 TOAs)
✓ Loaded J1455-3330 (10818 TOAs)

WARNING: Using tempo RNAMP parameter: setting TNRedC to 100!
✓ Loaded J1600-3053 (22955 TOAs)

WARNING: Using tempo RNAMP parameter: setting TNRedC to 100!
✓ Loaded J1600-3053gbt (19725 TOAs)

WARNING: Using tempo RNAMP parameter: setting TNRedC to 100!
✓ Loaded J1614-2230 (18445 TOAs)
✓ Loaded J1630+3734 (1815 TOAs)
✓ Loaded J1640+2224 (14066 TOAs)

WARNING: Using tempo RNAMP parameter: setting TNRedC to 100!
✓ Loaded J1643-1224 (22144 TOAs)

WARNING: Using tempo RNAMP parameter: setting TNRedC to 100!
✓ Loaded J1643-1224gbt (17932 TOAs)

WARNING: Using tempo RNAMP parameter: setting TNRedC to 100!
✓ Loaded J1705-1903 (9871 TOAs)

WARNING: Using tempo RNAMP parameter: setting TNRedC to 100!
✓ Loaded J1713+0747 (59389 TOAs)

WARNING: Using tempo RNAMP parameter: setting TNRedC to 100!
✓ Loaded J1713+0747ao (21362 TOAs)

WARNING: Using tempo RNAMP parameter: setting TNRedC to 100!
✓ Loaded J1713+0747gbt (32963 TOAs)
✓ Loaded J1719-1438 (6356 TOAs)
✓ Loaded J1730-2304 (4870 TOAs)
✓ Loaded J1738+0333 (8790 TOAs)
✓ Loaded J1741+1351 (5582 TOAs)

WARNING: Using tempo RNAMP parameter: setting TNRedC to 100!
✓ Loaded J1744-1134 (17745 TOAs)

WARNING: Using tempo RNAMP parameter: setting TNRedC to 100!
✓ Loaded J1745+1017 (3017 TOAs)

WARNING: Using tempo RNAMP parameter: setting TNRedC to 100!
✓ Loaded J1747-4036 (11055 TOAs)
✓ Loaded J1751-2857 (2025 TOAs)

WARNING: Using tempo RNAMP parameter: setting TNRedC to 100!
✓ Loaded J1802-2124 (6796 TOAs)
✓ Loaded J1811-2405 (5266 TOAs)
✓ Loaded J1832-0836 (7739 TOAs)
✓ Loaded J1843-1113 (4595 TOAs)

WARNING: Using tempo RNAMP parameter: setting TNRedC to 100!
✓ Loaded J1853+1303 (4570 TOAs)

WARNING: Using tempo RNAMP parameter: setting TNRedC to 100!
✓ Loaded J1903+0327 (6856 TOAs)

WARNING: Using tempo RNAMP parameter: setting TNRedC to 100!
✓ Loaded J1903+0327ao (6423 TOAs)

WARNING: Using tempo RNAMP parameter: setting TNRedC to 100!
✓ Loaded J1909-3744 (35037 TOAs)

WARNING: Using tempo RNAMP parameter: setting TNRedC to 100!
✓ Loaded J1909-3744gbt (31526 TOAs)
✓ Loaded J1910+1256 (6486 TOAs)
✓ Loaded J1911+1347 (3786 TOAs)
✓ Loaded J1918-0642 (18875 TOAs)
✓ Loaded J1923+2515 (3974 TOAs)
✓ Loaded J1944+0907 (5328 TOAs)

WARNING: Using tempo RNAMP parameter: setting TNRedC to 100!
✓ Loaded J1946+3417 (4743 TOAs)
✓ Loaded J2010-1323 (17077 TOAs)
✓ Loaded J2017+0603 (3512 TOAs)
✓ Loaded J2033+1734 (3847 TOAs)
✓ Loaded J2043+1711 (7397 TOAs)
✓ Loaded J2124-3358 (4982 TOAs)

WARNING: Using tempo RNAMP parameter: setting TNRedC to 100!
✓ Loaded J2145-0750 (18675 TOAs)
✓ Loaded J2214+3000 (7406 TOAs)
✓ Loaded J2229+2643 (3711 TOAs)

WARNING: Using tempo RNAMP parameter: setting TNRedC to 100!
✓ Loaded J2234+0611 (3566 TOAs)
✓ Loaded J2234+0944 (7535 TOAs)
✓ Loaded J2302+4442 (10211 TOAs)
✓ Loaded J2317+1439 (13927 TOAs)
✓ Loaded J2322+2057 (3088 TOAs)
⚠ Could not save cache: no default __reduce__ due to non-trivial __cinit__

✓ Loaded 76 pulsars
✗ Failed: 0 — []
[MEM] After loading pulsars: 8667.9 MB

🔍 Filtering pulsars...

Filtered: 76 → 67 pulsars
[MEM] After filtering pulsars: 8668.8 MB
[MEM] After garbage collection: 8668.9 MB

======================================================================
SMBHB POPULATION ANALYSIS
======================================================================

Configuration: optimistic
  Larger mass, higher spread in distance, small population
  N_binaries: 500

======================================================================
CONSISTENT POPULATION SYNTHESIS
======================================================================

======================================================================
GENERATING SNR-CONSISTENT POPULATIONS
======================================================================
Target SNR:          4.0
Simulations:         1
======================================================================


──────────────────────────────────────────────────────────────────────
SIMULATION 1/1
──────────────────────────────────────────────────────────────────────
  [B1855+09] zeroing residuals...
  [B1855+09] adding red noise...
  [B1855+09] white noise for L-wide_ASP (1178 TOAs)...
  [B1855+09] white noise for 430_PUPPI (1185 TOAs)...
  [B1855+09] white noise for L-wide_PUPPI (5005 TOAs)...
  [B1855+09] white noise for 430_ASP (390 TOAs)...
  [B1937+21] zeroing residuals...
  [B1937+21] adding red noise...
  [B1937+21] white noise for S-wide_ASP (344 TOAs)...
  [B1937+21] white noise for L-wide_PUPPI (4133 TOAs)...
  [B1937+21] white noise for Rcvr_800_GASP (586 TOAs)...
  [B1937+21] white noise for L-wide_ASP (452 TOAs)...
  [B1937+21] white noise for S-wide_PUPPI (2251 TOAs)...
  [B1937+21] white noise for Rcvr_800_GUPPI (7140 TOAs)...
  [B1937+21] white noise for Rcvr1_2_GASP (1069 TOAs)...
  [B1937+21] white noise for Rcvr1_2_GUPPI (7048 TOAs)...
  [B1953+29] zeroing residuals...
  [B1953+29] adding red noise...
  [B1953+29] white noise for S-wide_ASP (25 TOAs)...
  [B1953+29] white noise for L-wide_PUPPI (4037 TOAs)...
  [B1953+29] white noise for 430_ASP (29 TOAs)...
  [B1953+29] white noise for L-wide_ASP (94 TOAs)...
  [B1953+29] white noise for 430_PUPPI (941 TOAs)...
  [J0023+0923] zeroing residuals...
  [J0023+0923] adding red noise...
  [J0023+0923] white noise for L-wide_ASP (119 TOAs)...
  [J0023+0923] white noise for 430_PUPPI (4564 TOAs)...
  [J0023+0923] white noise for L-wide_PUPPI (11123 TOAs)...
  [J0023+0923] white noise for 430_ASP (90 TOAs)...
  [J0030+0451] zeroing residuals...
  [J0030+0451] adding red noise...
  [J0030+0451] white noise for L-wide_PUPPI (12774 TOAs)...
  [J0030+0451] white noise for 430_ASP (267 TOAs)...
  [J0030+0451] white noise for L-wide_ASP (789 TOAs)...
  [J0030+0451] white noise for S-wide_PUPPI (2673 TOAs)...
  [J0030+0451] white noise for 430_PUPPI (3068 TOAs)...
  [J0340+4130] zeroing residuals...
  [J0340+4130] adding red noise...
  [J0340+4130] white noise for Rcvr_800_GUPPI (6056 TOAs)...
  [J0340+4130] white noise for Rcvr1_2_GUPPI (5037 TOAs)...
  [J0406+3039] zeroing residuals...
  [J0406+3039] adding red noise...
  [J0406+3039] white noise for S-wide_PUPPI (575 TOAs)...
  [J0406+3039] white noise for L-wide_PUPPI (1871 TOAs)...
  [J0437-4715] zeroing residuals...
  [J0437-4715] adding red noise...
  [J0437-4715] white noise for 1.5GHz_YUPPI (2134 TOAs)...
  [J0437-4715] white noise for 3GHz_YUPPI (3696 TOAs)...
  [J0509+0856] zeroing residuals...
  [J0509+0856] adding red noise...
  [J0509+0856] white noise for S-wide_PUPPI (544 TOAs)...
  [J0509+0856] white noise for L-wide_PUPPI (1625 TOAs)...
  [J0557+1551] zeroing residuals...
  [J0557+1551] adding red noise...
  [J0557+1551] white noise for S-wide_PUPPI (58 TOAs)...
  [J0557+1551] white noise for L-wide_PUPPI (467 TOAs)...
  [J0605+3757] zeroing residuals...
  [J0605+3757] adding red noise...
  [J0605+3757] white noise for Rcvr_800_GUPPI (236 TOAs)...
  [J0605+3757] white noise for Rcvr1_2_GUPPI (318 TOAs)...
  [J0610-2100] zeroing residuals...
  [J0610-2100] adding red noise...
  [J0610-2100] white noise for Rcvr_800_GUPPI (2484 TOAs)...
  [J0610-2100] white noise for Rcvr1_2_GUPPI (2401 TOAs)...
  [J0613-0200] zeroing residuals...
  [J0613-0200] adding red noise...
  [J0613-0200] white noise for Rcvr_800_GASP (809 TOAs)...
  [J0613-0200] white noise for Rcvr1_2_GASP (992 TOAs)...
  [J0613-0200] white noise for Rcvr_800_GUPPI (7900 TOAs)...
  [J0613-0200] white noise for Rcvr1_2_GUPPI (7423 TOAs)...
  [J0636+5128] zeroing residuals...
  [J0636+5128] adding red noise...
  [J0636+5128] white noise for Rcvr_800_GUPPI (17419 TOAs)...
  [J0636+5128] white noise for Rcvr1_2_GUPPI (14803 TOAs)...
  [J0645+5158] zeroing residuals...
  [J0645+5158] adding red noise...
  [J0645+5158] white noise for Rcvr_800_GUPPI (4682 TOAs)...
  [J0645+5158] white noise for Rcvr1_2_GUPPI (5721 TOAs)...
  [J0709+0458] zeroing residuals...
  [J0709+0458] adding red noise...
  [J0709+0458] white noise for S-wide_PUPPI (595 TOAs)...
  [J0709+0458] white noise for L-wide_PUPPI (2435 TOAs)...
  [J0740+6620] zeroing residuals...
  [J0740+6620] adding red noise...
  [J0740+6620] white noise for Rcvr_800_GUPPI (5136 TOAs)...
  [J0740+6620] white noise for Rcvr1_2_GUPPI (8265 TOAs)...
  [J0931-1902] zeroing residuals...
  [J0931-1902] adding red noise...
  [J0931-1902] white noise for Rcvr_800_GUPPI (3419 TOAs)...
  [J0931-1902] white noise for Rcvr1_2_GUPPI (2054 TOAs)...
  [J1012+5307] zeroing residuals...
  [J1012+5307] adding red noise...
  [J1012+5307] white noise for Rcvr_800_GASP (1210 TOAs)...
  [J1012+5307] white noise for Rcvr1_2_GASP (1479 TOAs)...
  [J1012+5307] white noise for Rcvr_800_GUPPI (10299 TOAs)...
  [J1012+5307] white noise for Rcvr1_2_GUPPI (12849 TOAs)...
  [J1012-4235] zeroing residuals...
  [J1012-4235] adding red noise...
  [J1012-4235] white noise for Rcvr_800_GUPPI (342 TOAs)...
  [J1012-4235] white noise for Rcvr1_2_GUPPI (455 TOAs)...
  [J1022+1001] zeroing residuals...
  [J1022+1001] adding red noise...
  [J1022+1001] white noise for S-wide_PUPPI (1154 TOAs)...
  [J1022+1001] white noise for 430_PUPPI (232 TOAs)...
  [J1022+1001] white noise for L-wide_PUPPI (2592 TOAs)...
  [J1024-0719] zeroing residuals...
  [J1024-0719] adding red noise...
  [J1024-0719] white noise for Rcvr_800_GASP (51 TOAs)...
  [J1024-0719] white noise for Rcvr1_2_GASP (43 TOAs)...
  [J1024-0719] white noise for Rcvr_800_GUPPI (5455 TOAs)...
  [J1024-0719] white noise for Rcvr1_2_GUPPI (7086 TOAs)...
  [J1125+7819] zeroing residuals...
  [J1125+7819] adding red noise...
  [J1125+7819] white noise for Rcvr_800_GUPPI (4707 TOAs)...
  [J1125+7819] white noise for Rcvr1_2_GUPPI (4016 TOAs)...
  [J1312+0051] zeroing residuals...
  [J1312+0051] adding red noise...
  [J1312+0051] white noise for S-wide_PUPPI (416 TOAs)...
  [J1312+0051] white noise for L-wide_PUPPI (1289 TOAs)...
  [J1453+1902] zeroing residuals...
  [J1453+1902] adding red noise...
  [J1453+1902] white noise for S-wide_PUPPI (4 TOAs)...
  [J1453+1902] white noise for 430_PUPPI (425 TOAs)...
  [J1453+1902] white noise for L-wide_PUPPI (2122 TOAs)...
  [J1455-3330] zeroing residuals...
  [J1455-3330] adding red noise...
  [J1455-3330] white noise for Rcvr_800_GASP (479 TOAs)...
  [J1455-3330] white noise for Rcvr1_2_GASP (564 TOAs)...
  [J1455-3330] white noise for Rcvr_800_GUPPI (4843 TOAs)...
  [J1455-3330] white noise for Rcvr1_2_GUPPI (4932 TOAs)...
  [J1600-3053] zeroing residuals...
  [J1600-3053] adding red noise...
  [J1600-3053] white noise for Rcvr_800_GASP (297 TOAs)...
  [J1600-3053] white noise for 3GHz_YUPPI (3237 TOAs)...
  [J1600-3053] white noise for Rcvr_800_GUPPI (8796 TOAs)...
  [J1600-3053] white noise for Rcvr1_2_GASP (457 TOAs)...
  [J1600-3053] white noise for Rcvr1_2_GUPPI (10168 TOAs)...
  [J1614-2230] zeroing residuals...
  [J1614-2230] adding red noise...
  [J1614-2230] white noise for Rcvr_800_GASP (84 TOAs)...
  [J1614-2230] white noise for Rcvr1_2_GASP (84 TOAs)...
  [J1614-2230] white noise for Rcvr_800_GUPPI (7768 TOAs)...
  [J1614-2230] white noise for Rcvr1_2_GUPPI (10509 TOAs)...
  [J1630+3734] zeroing residuals...
  [J1630+3734] adding red noise...
  [J1630+3734] white noise for Rcvr_800_GUPPI (906 TOAs)...
  [J1630+3734] white noise for Rcvr1_2_GUPPI (909 TOAs)...
  [J1640+2224] zeroing residuals...
  [J1640+2224] adding red noise...
  [J1640+2224] white noise for L-wide_ASP (722 TOAs)...
  [J1640+2224] white noise for 430_PUPPI (3157 TOAs)...
  [J1640+2224] white noise for L-wide_PUPPI (9847 TOAs)...
  [J1640+2224] white noise for 430_ASP (340 TOAs)...
  [J1643-1224] zeroing residuals...
  [J1643-1224] adding red noise...
  [J1643-1224] white noise for Rcvr_800_GASP (559 TOAs)...
  [J1643-1224] white noise for 3GHz_YUPPI (4215 TOAs)...
  [J1643-1224] white noise for Rcvr_800_GUPPI (7734 TOAs)...
  [J1643-1224] white noise for Rcvr1_2_GASP (833 TOAs)...
  [J1643-1224] white noise for Rcvr1_2_GUPPI (8803 TOAs)...
  [J1705-1903] zeroing residuals...
  [J1705-1903] adding red noise...
  [J1705-1903] white noise for Rcvr_800_GUPPI (3521 TOAs)...
  [J1705-1903] white noise for Rcvr1_2_GUPPI (6350 TOAs)...
  [J1713+0747] zeroing residuals...
  [J1713+0747] adding red noise...
  [J1713+0747] white noise for S-wide_ASP (624 TOAs)...
  [J1713+0747] white noise for 1.5GHz_YUPPI (1461 TOAs)...
  [J1713+0747] white noise for L-wide_PUPPI (12743 TOAs)...
  [J1713+0747] white noise for Rcvr_800_GASP (1032 TOAs)...
  [J1713+0747] white noise for 3GHz_YUPPI (3282 TOAs)...
  [J1713+0747] white noise for L-wide_ASP (843 TOAs)...
  [J1713+0747] white noise for S-wide_PUPPI (7482 TOAs)...
  [J1713+0747] white noise for Rcvr_800_GUPPI (8479 TOAs)...
  [J1713+0747] white noise for Rcvr1_2_GASP (1109 TOAs)...
  [J1713+0747] white noise for Rcvr1_2_GUPPI (22334 TOAs)...
  [J1719-1438] zeroing residuals...
  [J1719-1438] adding red noise...
  [J1719-1438] white noise for Rcvr_800_GUPPI (3634 TOAs)...
  [J1719-1438] white noise for Rcvr1_2_GUPPI (2722 TOAs)...
  [J1730-2304] zeroing residuals...
  [J1730-2304] adding red noise...
  [J1730-2304] white noise for Rcvr_800_GUPPI (2503 TOAs)...
  [J1730-2304] white noise for Rcvr1_2_GUPPI (2367 TOAs)...
  [J1738+0333] zeroing residuals...
  [J1738+0333] adding red noise...
  [J1738+0333] white noise for L-wide_ASP (201 TOAs)...
  [J1738+0333] white noise for S-wide_PUPPI (1737 TOAs)...
  [J1738+0333] white noise for S-wide_ASP (134 TOAs)...
  [J1738+0333] white noise for L-wide_PUPPI (6718 TOAs)...
  [J1741+1351] zeroing residuals...
  [J1741+1351] adding red noise...
  [J1741+1351] white noise for S-wide_ASP (115 TOAs)...
  [J1741+1351] white noise for L-wide_PUPPI (4045 TOAs)...
  [J1741+1351] white noise for 430_ASP (27 TOAs)...
  [J1741+1351] white noise for L-wide_ASP (236 TOAs)...
  [J1741+1351] white noise for 430_PUPPI (1159 TOAs)...
  [J1744-1134] zeroing residuals...
  [J1744-1134] adding red noise...
  [J1744-1134] white noise for Rcvr_800_GASP (930 TOAs)...
  [J1744-1134] white noise for Rcvr1_2_GASP (807 TOAs)...
  [J1744-1134] white noise for Rcvr_800_GUPPI (7899 TOAs)...
  [J1744-1134] white noise for Rcvr1_2_GUPPI (8109 TOAs)...
  [J1745+1017] zeroing residuals...
  [J1745+1017] adding red noise...
  [J1745+1017] white noise for S-wide_PUPPI (838 TOAs)...
  [J1745+1017] white noise for L-wide_PUPPI (2179 TOAs)...
  [J1747-4036] zeroing residuals...
  [J1747-4036] adding red noise...
  [J1747-4036] white noise for Rcvr_800_GUPPI (5816 TOAs)...
  [J1747-4036] white noise for Rcvr1_2_GUPPI (5239 TOAs)...
  [J1751-2857] zeroing residuals...
  [J1751-2857] adding red noise...
  [J1751-2857] white noise for Rcvr_800_GUPPI (239 TOAs)...
  [J1751-2857] white noise for Rcvr1_2_GUPPI (1786 TOAs)...
  [J1802-2124] zeroing residuals...
  [J1802-2124] adding red noise...
  [J1802-2124] white noise for Rcvr_800_GUPPI (3565 TOAs)...
  [J1802-2124] white noise for Rcvr1_2_GUPPI (3231 TOAs)...
  [J1811-2405] zeroing residuals...
  [J1811-2405] adding red noise...
  [J1811-2405] white noise for Rcvr_800_GUPPI (2628 TOAs)...
  [J1811-2405] white noise for Rcvr1_2_GUPPI (2638 TOAs)...
  [J1832-0836] zeroing residuals...
  [J1832-0836] adding red noise...
  [J1832-0836] white noise for Rcvr_800_GUPPI (3078 TOAs)...
  [J1832-0836] white noise for Rcvr1_2_GUPPI (4661 TOAs)...
  [J1843-1113] zeroing residuals...
  [J1843-1113] adding red noise...
  [J1843-1113] white noise for Rcvr_800_GUPPI (2201 TOAs)...
  [J1843-1113] white noise for Rcvr1_2_GUPPI (2394 TOAs)...
  [J1853+1303] zeroing residuals...
  [J1853+1303] adding red noise...
  [J1853+1303] white noise for L-wide_ASP (33 TOAs)...
  [J1853+1303] white noise for 430_PUPPI (1151 TOAs)...
  [J1853+1303] white noise for L-wide_PUPPI (3362 TOAs)...
  [J1853+1303] white noise for 430_ASP (24 TOAs)...
  [J1903+0327] zeroing residuals...
  [J1903+0327] adding red noise...
  [J1903+0327] white noise for S-wide_ASP (151 TOAs)...
  [J1903+0327] white noise for L-wide_PUPPI (3845 TOAs)...
  [J1903+0327] white noise for 3GHz_YUPPI (439 TOAs)...
  [J1903+0327] white noise for L-wide_ASP (139 TOAs)...
  [J1903+0327] white noise for S-wide_PUPPI (2282 TOAs)...
  [J1909-3744] zeroing residuals...
  [J1909-3744] adding red noise...
  [J1909-3744] white noise for Rcvr_800_GASP (866 TOAs)...
  [J1909-3744] white noise for 3GHz_YUPPI (3525 TOAs)...
  [J1909-3744] white noise for Rcvr_800_GUPPI (9399 TOAs)...
  [J1909-3744] white noise for Rcvr1_2_GASP (808 TOAs)...
  [J1909-3744] white noise for Rcvr1_2_GUPPI (20439 TOAs)...
  [J1910+1256] zeroing residuals...
  [J1910+1256] adding red noise...
  [J1910+1256] white noise for L-wide_ASP (297 TOAs)...
  [J1910+1256] white noise for S-wide_PUPPI (1857 TOAs)...
  [J1910+1256] white noise for S-wide_ASP (208 TOAs)...
  [J1910+1256] white noise for L-wide_PUPPI (4124 TOAs)...
  [J1911+1347] zeroing residuals...
  [J1911+1347] adding red noise...
  [J1911+1347] white noise for 430_PUPPI (753 TOAs)...
  [J1911+1347] white noise for L-wide_PUPPI (3033 TOAs)...
  [J1918-0642] zeroing residuals...
  [J1918-0642] adding red noise...
  [J1918-0642] white noise for Rcvr_800_GASP (835 TOAs)...
  [J1918-0642] white noise for Rcvr1_2_GASP (778 TOAs)...
  [J1918-0642] white noise for Rcvr_800_GUPPI (8352 TOAs)...
  [J1918-0642] white noise for Rcvr1_2_GUPPI (8910 TOAs)...
  [J1923+2515] zeroing residuals...
  [J1923+2515] adding red noise...
  [J1923+2515] white noise for L-wide_ASP (14 TOAs)...
  [J1923+2515] white noise for 430_PUPPI (922 TOAs)...
  [J1923+2515] white noise for L-wide_PUPPI (3028 TOAs)...
  [J1923+2515] white noise for 430_ASP (10 TOAs)...
  [J1944+0907] zeroing residuals...
  [J1944+0907] adding red noise...
  [J1944+0907] white noise for S-wide_ASP (116 TOAs)...
  [J1944+0907] white noise for L-wide_PUPPI (3900 TOAs)...
  [J1944+0907] white noise for 430_ASP (38 TOAs)...
  [J1944+0907] white noise for L-wide_ASP (257 TOAs)...
  [J1944+0907] white noise for 430_PUPPI (1017 TOAs)...
  [J1946+3417] zeroing residuals...
  [J1946+3417] adding red noise...
  [J1946+3417] white noise for S-wide_PUPPI (1546 TOAs)...
  [J1946+3417] white noise for L-wide_PUPPI (3197 TOAs)...
  [J2010-1323] zeroing residuals...
  [J2010-1323] adding red noise...
  [J2010-1323] white noise for Rcvr_800_GASP (70 TOAs)...
  [J2010-1323] white noise for Rcvr1_2_GASP (70 TOAs)...
  [J2010-1323] white noise for Rcvr_800_GUPPI (9158 TOAs)...
  [J2010-1323] white noise for Rcvr1_2_GUPPI (7779 TOAs)...
  [J2017+0603] zeroing residuals...
  [J2017+0603] adding red noise...
  [J2017+0603] white noise for L-wide_ASP (16 TOAs)...
  [J2017+0603] white noise for S-wide_PUPPI (849 TOAs)...
  [J2017+0603] white noise for 430_PUPPI (78 TOAs)...
  [J2017+0603] white noise for L-wide_PUPPI (2569 TOAs)...
  [J2033+1734] zeroing residuals...
  [J2033+1734] adding red noise...
  [J2033+1734] white noise for 430_PUPPI (797 TOAs)...
  [J2033+1734] white noise for L-wide_PUPPI (3050 TOAs)...
  [J2043+1711] zeroing residuals...
  [J2043+1711] adding red noise...
  [J2043+1711] white noise for L-wide_ASP (40 TOAs)...
  [J2043+1711] white noise for 430_PUPPI (2908 TOAs)...
  [J2043+1711] white noise for L-wide_PUPPI (4419 TOAs)...
  [J2043+1711] white noise for 430_ASP (30 TOAs)...
  [J2124-3358] zeroing residuals...
  [J2124-3358] adding red noise...
  [J2124-3358] white noise for Rcvr_800_GUPPI (2025 TOAs)...
  [J2124-3358] white noise for Rcvr1_2_GUPPI (2957 TOAs)...
  [J2145-0750] zeroing residuals...
  [J2145-0750] adding red noise...
  [J2145-0750] white noise for Rcvr_800_GASP (362 TOAs)...
  [J2145-0750] white noise for Rcvr1_2_GASP (427 TOAs)...
  [J2145-0750] white noise for Rcvr_800_GUPPI (8728 TOAs)...
  [J2145-0750] white noise for Rcvr1_2_GUPPI (9158 TOAs)...
  [J2214+3000] zeroing residuals...
  [J2214+3000] adding red noise...
  [J2214+3000] white noise for L-wide_ASP (9 TOAs)...
  [J2214+3000] white noise for S-wide_PUPPI (1568 TOAs)...
  [J2214+3000] white noise for L-wide_PUPPI (5829 TOAs)...
  [J2229+2643] zeroing residuals...
  [J2229+2643] adding red noise...
  [J2229+2643] white noise for 430_PUPPI (956 TOAs)...
  [J2229+2643] white noise for L-wide_PUPPI (2755 TOAs)...
  [J2234+0611] zeroing residuals...
  [J2234+0611] adding red noise...
  [J2234+0611] white noise for 430_PUPPI (653 TOAs)...
  [J2234+0611] white noise for L-wide_PUPPI (2913 TOAs)...
  [J2234+0944] zeroing residuals...
  [J2234+0944] adding red noise...
  [J2234+0944] white noise for S-wide_PUPPI (2532 TOAs)...
  [J2234+0944] white noise for L-wide_PUPPI (5003 TOAs)...
  [J2302+4442] zeroing residuals...
  [J2302+4442] adding red noise...
  [J2302+4442] white noise for Rcvr_800_GUPPI (6432 TOAs)...
  [J2302+4442] white noise for Rcvr1_2_GUPPI (3779 TOAs)...
  [J2317+1439] zeroing residuals...
  [J2317+1439] adding red noise...
  [J2317+1439] white noise for L-wide_PUPPI (9563 TOAs)...
  [J2317+1439] white noise for 327_PUPPI (276 TOAs)...
  [J2317+1439] white noise for 430_ASP (458 TOAs)...
  [J2317+1439] white noise for 327_ASP (413 TOAs)...
  [J2317+1439] white noise for 430_PUPPI (3217 TOAs)...
  [J2322+2057] zeroing residuals...
  [J2322+2057] adding red noise...
  [J2322+2057] white noise for S-wide_PUPPI (140 TOAs)...
  [J2322+2057] white noise for 430_PUPPI (752 TOAs)...
  [J2322+2057] white noise for L-wide_PUPPI (2196 TOAs)...
Resetting pulsars to clean stoas...
Restore: 0.00 s
Inject: 0.00 s
Snapshotting into enterprise Pulsar objects...
Building PTA...
PTA build: 439.79 s
Computing optimal statistic...
OS time: 51.14 s
Total: 490.93 s
Noise-only SNR baseline: -0.7704

Generating SNR-consistent population...
Target SNR: 4.0
Resetting pulsars to clean stoas...
Restore: 0.01 s
Injecting population...
  B1855+09: RMS = 3426.744 ns
  B1937+21: RMS = 3377.347 ns
  B1953+29: RMS = 3266.678 ns
  J0023+0923: RMS = 3508.981 ns
  J0030+0451: RMS = 5967.716 ns
  J0340+4130: RMS = 5646.898 ns
  J0406+3039: RMS = 473.105 ns
  J0437-4715: RMS = 1125.540 ns
  J0509+0856: RMS = 3356.990 ns
  J0557+1551: RMS = 1414.623 ns
  J0605+3757: RMS = 743.972 ns
  J0610-2100: RMS = 2064.175 ns
  J0613-0200: RMS = 4813.425 ns
  J0636+5128: RMS = 3403.847 ns
  J0645+5158: RMS = 4587.088 ns
  J0709+0458: RMS = 3599.592 ns
  J0740+6620: RMS = 3577.333 ns
  J0931-1902: RMS = 2923.117 ns
  J1012+5307: RMS = 3102.039 ns
  J1012-4235: RMS = 730.549 ns
  J1022+1001: RMS = 6728.874 ns
  J1024-0719: RMS = 5811.259 ns
  J1125+7819: RMS = 2791.088 ns
  J1312+0051: RMS = 618.597 ns
  J1453+1902: RMS = 3938.055 ns
  J1455-3330: RMS = 6103.288 ns
  J1600-3053: RMS = 6027.885 ns
  J1614-2230: RMS = 6003.471 ns
  J1630+3734: RMS = 917.313 ns
  J1640+2224: RMS = 3743.665 ns
  J1643-1224: RMS = 3899.780 ns
  J1705-1903: RMS = 687.557 ns
  J1713+0747: RMS = 3786.310 ns
  J1719-1438: RMS = 697.619 ns
  J1730-2304: RMS = 973.149 ns
  J1738+0333: RMS = 3096.784 ns
  J1741+1351: RMS = 3955.139 ns
  J1744-1134: RMS = 2091.272 ns
  J1745+1017: RMS = 2121.169 ns
  J1747-4036: RMS = 1692.561 ns
  J1751-2857: RMS = 806.254 ns
  J1802-2124: RMS = 634.915 ns
  J1811-2405: RMS = 602.506 ns
  J1832-0836: RMS = 1575.347 ns
  J1843-1113: RMS = 514.470 ns
  J1853+1303: RMS = 3587.276 ns
  J1903+0327: RMS = 3079.169 ns
  J1909-3744: RMS = 4778.187 ns
  J1910+1256: RMS = 3427.967 ns
  J1911+1347: RMS = 1163.521 ns
  J1918-0642: RMS = 3228.742 ns
  J1923+2515: RMS = 3134.690 ns
  J1944+0907: RMS = 3937.373 ns
  J1946+3417: RMS = 1234.056 ns
  J2010-1323: RMS = 3636.169 ns
  J2017+0603: RMS = 2973.484 ns
  J2033+1734: RMS = 1210.852 ns
  J2043+1711: RMS = 3606.991 ns
  J2124-3358: RMS = 1191.038 ns
  J2145-0750: RMS = 3246.420 ns
  J2214+3000: RMS = 3054.955 ns
  J2229+2643: RMS = 1317.106 ns
  J2234+0611: RMS = 3076.571 ns
  J2234+0944: RMS = 4010.275 ns
  J2302+4442: RMS = 3550.584 ns
  J2317+1439: RMS = 4200.716 ns
  J2322+2057: RMS = 1303.420 ns
Inject: 0.55 s
Snapshotting into enterprise Pulsar objects...
Building PTA...
PTA build: 433.30 s
Computing optimal statistic...
OS time: 58.65 s
Total: 492.51 s
Initial SNR: 168.9930, Target SNR: 4.0000
  Initial SNR 168.9930 outside of provided SNR_range [3.5, 4.25] — rescaling.
Scaling distances by factor 5.9654 to achieve target SNR...
Resetting pulsars to clean stoas...
Restore: 36.30 s
Injecting population...
  B1855+09: RMS = 574.433 ns
  B1937+21: RMS = 566.152 ns
  B1953+29: RMS = 547.600 ns
  J0023+0923: RMS = 588.218 ns
  J0030+0451: RMS = 1000.381 ns
  J0340+4130: RMS = 946.602 ns
  J0406+3039: RMS = 79.308 ns
  J0437-4715: RMS = 188.677 ns
  J0509+0856: RMS = 562.740 ns
  J0557+1551: RMS = 237.136 ns
  J0605+3757: RMS = 124.714 ns
  J0610-2100: RMS = 346.022 ns
  J0613-0200: RMS = 806.885 ns
  J0636+5128: RMS = 570.594 ns
  J0645+5158: RMS = 768.944 ns
  J0709+0458: RMS = 603.407 ns
  J0740+6620: RMS = 599.676 ns
  J0931-1902: RMS = 490.009 ns
  J1012+5307: RMS = 520.002 ns
  J1012-4235: RMS = 122.464 ns
  J1022+1001: RMS = 1127.976 ns
  J1024-0719: RMS = 974.154 ns
  J1125+7819: RMS = 467.876 ns
  J1312+0051: RMS = 103.697 ns
  J1453+1902: RMS = 660.145 ns
  J1455-3330: RMS = 1023.107 ns
  J1600-3053: RMS = 1010.467 ns
  J1614-2230: RMS = 1006.375 ns
  J1630+3734: RMS = 153.771 ns
  J1640+2224: RMS = 627.559 ns
  J1643-1224: RMS = 653.729 ns
  J1705-1903: RMS = 115.257 ns
  J1713+0747: RMS = 634.707 ns
  J1719-1438: RMS = 116.943 ns
  J1730-2304: RMS = 163.131 ns
  J1738+0333: RMS = 519.121 ns
  J1741+1351: RMS = 663.009 ns
  J1744-1134: RMS = 350.564 ns
  J1745+1017: RMS = 355.576 ns
  J1747-4036: RMS = 283.728 ns
  J1751-2857: RMS = 135.154 ns
  J1802-2124: RMS = 106.432 ns
  J1811-2405: RMS = 100.999 ns
  J1832-0836: RMS = 264.079 ns
  J1843-1113: RMS = 86.242 ns
  J1853+1303: RMS = 601.343 ns
  J1903+0327: RMS = 516.168 ns
  J1909-3744: RMS = 800.978 ns
  J1910+1256: RMS = 574.638 ns
  J1911+1347: RMS = 195.044 ns
  J1918-0642: RMS = 541.241 ns
  J1923+2515: RMS = 525.475 ns
  J1944+0907: RMS = 660.030 ns
  J1946+3417: RMS = 206.868 ns
  J2010-1323: RMS = 609.539 ns
  J2017+0603: RMS = 498.452 ns
  J2033+1734: RMS = 202.978 ns
  J2043+1711: RMS = 604.648 ns
  J2124-3358: RMS = 199.656 ns
  J2145-0750: RMS = 544.204 ns
  J2214+3000: RMS = 512.109 ns
  J2229+2643: RMS = 220.789 ns
  J2234+0611: RMS = 515.732 ns
  J2234+0944: RMS = 672.251 ns
  J2302+4442: RMS = 595.192 ns
  J2317+1439: RMS = 704.175 ns
  J2322+2057: RMS = 218.495 ns
Inject: 0.68 s
Snapshotting into enterprise Pulsar objects...
Building PTA...
PTA build: 484.30 s
Computing optimal statistic...
OS time: 92.10 s
Total: 613.37 s
  SNR 3.1724 outside of provided SNR_range [3.5, 4.25] — rescaling.
[Iteration 1/100] SNR after scaling: 3.1724 (target: 4.0000)
  SNR history: it0→168.9930@1.0000x, it1→3.1724@5.9654x
  Re-scaling distances by factor 0.4094  (cumulative after: 2.4424×)
Resetting pulsars to clean stoas...
Restore: 26.06 s
Injecting population...
  B1855+09: RMS = 1403.009 ns
  B1937+21: RMS = 1382.784 ns
  B1953+29: RMS = 1337.473 ns
  J0023+0923: RMS = 1436.679 ns
  J0030+0451: RMS = 2443.357 ns
  J0340+4130: RMS = 2312.004 ns
  J0406+3039: RMS = 193.703 ns
  J0437-4715: RMS = 460.829 ns
  J0509+0856: RMS = 1374.449 ns
  J0557+1551: RMS = 579.188 ns
  J0605+3757: RMS = 304.604 ns
  J0610-2100: RMS = 845.133 ns
  J0613-0200: RMS = 1970.756 ns
  J0636+5128: RMS = 1393.634 ns
  J0645+5158: RMS = 1878.087 ns
  J0709+0458: RMS = 1473.778 ns
  J0740+6620: RMS = 1464.664 ns
  J0931-1902: RMS = 1196.809 ns
  J1012+5307: RMS = 1270.065 ns
  J1012-4235: RMS = 299.108 ns
  J1022+1001: RMS = 2754.997 ns
  J1024-0719: RMS = 2379.298 ns
  J1125+7819: RMS = 1142.753 ns
  J1312+0051: RMS = 253.272 ns
  J1453+1902: RMS = 1612.354 ns
  J1455-3330: RMS = 2498.864 ns
  J1600-3053: RMS = 2467.991 ns
  J1614-2230: RMS = 2457.996 ns
  J1630+3734: RMS = 375.575 ns
  J1640+2224: RMS = 1532.765 ns
  J1643-1224: RMS = 1596.683 ns
  J1705-1903: RMS = 281.506 ns
  J1713+0747: RMS = 1550.225 ns
  J1719-1438: RMS = 285.626 ns
  J1730-2304: RMS = 398.435 ns
  J1738+0333: RMS = 1267.914 ns
  J1741+1351: RMS = 1619.349 ns
  J1744-1134: RMS = 856.228 ns
  J1745+1017: RMS = 868.468 ns
  J1747-4036: RMS = 692.984 ns
  J1751-2857: RMS = 330.104 ns
  J1802-2124: RMS = 259.953 ns
  J1811-2405: RMS = 246.684 ns
  J1832-0836: RMS = 644.993 ns
  J1843-1113: RMS = 210.639 ns
  J1853+1303: RMS = 1468.735 ns
  J1903+0327: RMS = 1260.702 ns
  J1909-3744: RMS = 1956.329 ns
  J1910+1256: RMS = 1403.510 ns
  J1911+1347: RMS = 476.379 ns
  J1918-0642: RMS = 1321.941 ns
  J1923+2515: RMS = 1283.433 ns
  J1944+0907: RMS = 1612.075 ns
  J1946+3417: RMS = 505.259 ns
  J2010-1323: RMS = 1488.753 ns
  J2017+0603: RMS = 1217.431 ns
  J2033+1734: RMS = 495.758 ns
  J2043+1711: RMS = 1476.807 ns
  J2124-3358: RMS = 487.646 ns
  J2145-0750: RMS = 1329.179 ns
  J2214+3000: RMS = 1250.787 ns
  J2229+2643: RMS = 539.262 ns
  J2234+0611: RMS = 1259.638 ns
  J2234+0944: RMS = 1641.923 ns
  J2302+4442: RMS = 1453.713 ns
  J2317+1439: RMS = 1719.895 ns
  J2322+2057: RMS = 533.658 ns
Inject: 0.64 s
Snapshotting into enterprise Pulsar objects...
Building PTA...
PTA build: 441.77 s
Computing optimal statistic...
OS time: 47.35 s
Total: 515.81 s
  SNR 26.2525 outside of provided SNR_range [3.5, 4.25] — rescaling.
[Iteration 2/100] SNR after scaling: 26.2525 (target: 4.0000)
  SNR history: it0→168.9930@1.0000x, it1→3.1724@5.9654x, it2→26.2525@2.4424x
  Re-scaling distances by factor 1.5628  (cumulative after: 3.8171×)
Resetting pulsars to clean stoas...
Restore: 0.01 s
Injecting population...
  B1855+09: RMS = 897.738 ns
  B1937+21: RMS = 884.797 ns
  B1953+29: RMS = 855.804 ns
  J0023+0923: RMS = 919.283 ns
  J0030+0451: RMS = 1563.422 ns
  J0340+4130: RMS = 1479.374 ns
  J0406+3039: RMS = 123.944 ns
  J0437-4715: RMS = 294.869 ns
  J0509+0856: RMS = 879.464 ns
  J0557+1551: RMS = 370.603 ns
  J0605+3757: RMS = 194.906 ns
  J0610-2100: RMS = 540.772 ns
  J0613-0200: RMS = 1261.021 ns
  J0636+5128: RMS = 891.740 ns
  J0645+5158: RMS = 1201.725 ns
  J0709+0458: RMS = 943.021 ns
  J0740+6620: RMS = 937.190 ns
  J0931-1902: RMS = 765.798 ns
  J1012+5307: RMS = 812.672 ns
  J1012-4235: RMS = 191.389 ns
  J1022+1001: RMS = 1762.830 ns
  J1024-0719: RMS = 1522.433 ns
  J1125+7819: RMS = 731.209 ns
  J1312+0051: RMS = 162.060 ns
  J1453+1902: RMS = 1031.691 ns
  J1455-3330: RMS = 1598.939 ns
  J1600-3053: RMS = 1579.185 ns
  J1614-2230: RMS = 1572.789 ns
  J1630+3734: RMS = 240.318 ns
  J1640+2224: RMS = 980.765 ns
  J1643-1224: RMS = 1021.664 ns
  J1705-1903: RMS = 180.126 ns
  J1713+0747: RMS = 991.937 ns
  J1719-1438: RMS = 182.762 ns
  J1730-2304: RMS = 254.945 ns
  J1738+0333: RMS = 811.295 ns
  J1741+1351: RMS = 1036.167 ns
  J1744-1134: RMS = 547.871 ns
  J1745+1017: RMS = 555.704 ns
  J1747-4036: RMS = 443.417 ns
  J1751-2857: RMS = 211.222 ns
  J1802-2124: RMS = 166.335 ns
  J1811-2405: RMS = 157.845 ns
  J1832-0836: RMS = 412.709 ns
  J1843-1113: RMS = 134.781 ns
  J1853+1303: RMS = 939.794 ns
  J1903+0327: RMS = 806.681 ns
  J1909-3744: RMS = 1251.789 ns
  J1910+1256: RMS = 898.059 ns
  J1911+1347: RMS = 304.819 ns
  J1918-0642: RMS = 845.866 ns
  J1923+2515: RMS = 821.226 ns
  J1944+0907: RMS = 1031.513 ns
  J1946+3417: RMS = 323.298 ns
  J2010-1323: RMS = 952.603 ns
  J2017+0603: RMS = 778.993 ns
  J2033+1734: RMS = 317.219 ns
  J2043+1711: RMS = 944.959 ns
  J2124-3358: RMS = 312.028 ns
  J2145-0750: RMS = 850.497 ns
  J2214+3000: RMS = 800.337 ns
  J2229+2643: RMS = 345.055 ns
  J2234+0611: RMS = 806.000 ns
  J2234+0944: RMS = 1050.612 ns
  J2302+4442: RMS = 930.182 ns
  J2317+1439: RMS = 1100.503 ns
  J2322+2057: RMS = 341.470 ns
Inject: 0.56 s
Snapshotting into enterprise Pulsar objects...
Building PTA...
PTA build: 404.54 s
Computing optimal statistic...
OS time: 40.34 s
Total: 445.43 s
  SNR 9.7351 outside of provided SNR_range [3.5, 4.25] — rescaling.
[Iteration 3/100] SNR after scaling: 9.7351 (target: 4.0000)
  SNR history: it0→168.9930@1.0000x, it1→3.1724@5.9654x, it2→26.2525@2.4424x, it3→9.7351@3.8171x
  Re-scaling distances by factor 1.2501  (cumulative after: 4.7719×)
Resetting pulsars to clean stoas...
Restore: 0.01 s
Injecting population...
  B1855+09: RMS = 718.116 ns
  B1937+21: RMS = 707.764 ns
  B1953+29: RMS = 684.572 ns
  J0023+0923: RMS = 735.350 ns
  J0030+0451: RMS = 1250.607 ns
  J0340+4130: RMS = 1183.376 ns
  J0406+3039: RMS = 99.145 ns
  J0437-4715: RMS = 235.870 ns
  J0509+0856: RMS = 703.498 ns
  J0557+1551: RMS = 296.451 ns
  J0605+3757: RMS = 155.908 ns
  J0610-2100: RMS = 432.573 ns
  J0613-0200: RMS = 1008.712 ns
  J0636+5128: RMS = 713.317 ns
  J0645+5158: RMS = 961.280 ns
  J0709+0458: RMS = 754.338 ns
  J0740+6620: RMS = 749.673 ns
  J0931-1902: RMS = 612.575 ns
  J1012+5307: RMS = 650.070 ns
  J1012-4235: RMS = 153.095 ns
  J1022+1001: RMS = 1410.117 ns
  J1024-0719: RMS = 1217.820 ns
  J1125+7819: RMS = 584.906 ns
  J1312+0051: RMS = 129.634 ns
  J1453+1902: RMS = 825.267 ns
  J1455-3330: RMS = 1279.018 ns
  J1600-3053: RMS = 1263.216 ns
  J1614-2230: RMS = 1258.100 ns
  J1630+3734: RMS = 192.234 ns
  J1640+2224: RMS = 784.530 ns
  J1643-1224: RMS = 817.246 ns
  J1705-1903: RMS = 144.086 ns
  J1713+0747: RMS = 793.467 ns
  J1719-1438: RMS = 146.195 ns
  J1730-2304: RMS = 203.935 ns
  J1738+0333: RMS = 648.969 ns
  J1741+1351: RMS = 828.847 ns
  J1744-1134: RMS = 438.251 ns
  J1745+1017: RMS = 444.517 ns
  J1747-4036: RMS = 354.697 ns
  J1751-2857: RMS = 168.960 ns
  J1802-2124: RMS = 133.054 ns
  J1811-2405: RMS = 126.262 ns
  J1832-0836: RMS = 330.133 ns
  J1843-1113: RMS = 107.814 ns
  J1853+1303: RMS = 751.757 ns
  J1903+0327: RMS = 645.277 ns
  J1909-3744: RMS = 1001.327 ns
  J1910+1256: RMS = 718.372 ns
  J1911+1347: RMS = 243.830 ns
  J1918-0642: RMS = 676.622 ns
  J1923+2515: RMS = 656.912 ns
  J1944+0907: RMS = 825.124 ns
  J1946+3417: RMS = 258.611 ns
  J2010-1323: RMS = 762.003 ns
  J2017+0603: RMS = 623.130 ns
  J2033+1734: RMS = 253.749 ns
  J2043+1711: RMS = 755.889 ns
  J2124-3358: RMS = 249.597 ns
  J2145-0750: RMS = 680.327 ns
  J2214+3000: RMS = 640.203 ns
  J2229+2643: RMS = 276.016 ns
  J2234+0611: RMS = 644.733 ns
  J2234+0944: RMS = 840.402 ns
  J2302+4442: RMS = 744.068 ns
  J2317+1439: RMS = 880.311 ns
  J2322+2057: RMS = 273.147 ns
Inject: 0.50 s
Snapshotting into enterprise Pulsar objects...
Building PTA...
PTA build: 417.92 s
Computing optimal statistic...
OS time: 40.33 s
Total: 458.75 s
  SNR 5.7022 outside of provided SNR_range [3.5, 4.25] — rescaling.
[Iteration 4/100] SNR after scaling: 5.7022 (target: 4.0000)
  SNR history: it0→168.9930@1.0000x, it1→3.1724@5.9654x, it2→26.2525@2.4424x, it3→9.7351@3.8171x, it4→5.7022@4.7719x
  Re-scaling distances by factor 1.1181  (cumulative after: 5.3354×)
Resetting pulsars to clean stoas...
Restore: 0.01 s
Injecting population...
  B1855+09: RMS = 642.269 ns
  B1937+21: RMS = 633.010 ns
  B1953+29: RMS = 612.268 ns
  J0023+0923: RMS = 657.682 ns
  J0030+0451: RMS = 1118.519 ns
  J0340+4130: RMS = 1058.388 ns
  J0406+3039: RMS = 88.673 ns
  J0437-4715: RMS = 210.958 ns
  J0509+0856: RMS = 629.195 ns
  J0557+1551: RMS = 265.140 ns
  J0605+3757: RMS = 139.441 ns
  J0610-2100: RMS = 386.885 ns
  J0613-0200: RMS = 902.172 ns
  J0636+5128: RMS = 637.977 ns
  J0645+5158: RMS = 859.750 ns
  J0709+0458: RMS = 674.665 ns
  J0740+6620: RMS = 670.493 ns
  J0931-1902: RMS = 547.875 ns
  J1012+5307: RMS = 581.410 ns
  J1012-4235: RMS = 136.926 ns
  J1022+1001: RMS = 1261.181 ns
  J1024-0719: RMS = 1089.194 ns
  J1125+7819: RMS = 523.129 ns
  J1312+0051: RMS = 115.943 ns
  J1453+1902: RMS = 738.103 ns
  J1455-3330: RMS = 1143.929 ns
  J1600-3053: RMS = 1129.796 ns
  J1614-2230: RMS = 1125.220 ns
  J1630+3734: RMS = 171.930 ns
  J1640+2224: RMS = 701.669 ns
  J1643-1224: RMS = 730.929 ns
  J1705-1903: RMS = 128.868 ns
  J1713+0747: RMS = 709.661 ns
  J1719-1438: RMS = 130.754 ns
  J1730-2304: RMS = 182.396 ns
  J1738+0333: RMS = 580.425 ns
  J1741+1351: RMS = 741.305 ns
  J1744-1134: RMS = 391.963 ns
  J1745+1017: RMS = 397.567 ns
  J1747-4036: RMS = 317.234 ns
  J1751-2857: RMS = 151.115 ns
  J1802-2124: RMS = 119.001 ns
  J1811-2405: RMS = 112.927 ns
  J1832-0836: RMS = 295.264 ns
  J1843-1113: RMS = 96.426 ns
  J1853+1303: RMS = 672.357 ns
  J1903+0327: RMS = 577.123 ns
  J1909-3744: RMS = 895.567 ns
  J1910+1256: RMS = 642.498 ns
  J1911+1347: RMS = 218.077 ns
  J1918-0642: RMS = 605.157 ns
  J1923+2515: RMS = 587.530 ns
  J1944+0907: RMS = 737.975 ns
  J1946+3417: RMS = 231.297 ns
  J2010-1323: RMS = 681.521 ns
  J2017+0603: RMS = 557.315 ns
  J2033+1734: RMS = 226.948 ns
  J2043+1711: RMS = 676.052 ns
  J2124-3358: RMS = 223.234 ns
  J2145-0750: RMS = 608.471 ns
  J2214+3000: RMS = 572.585 ns
  J2229+2643: RMS = 246.863 ns
  J2234+0611: RMS = 576.636 ns
  J2234+0944: RMS = 751.639 ns
  J2302+4442: RMS = 665.480 ns
  J2317+1439: RMS = 787.333 ns
  J2322+2057: RMS = 244.298 ns
Inject: 0.53 s
Snapshotting into enterprise Pulsar objects...
Building PTA...
PTA build: 396.84 s
Computing optimal statistic...
OS time: 40.35 s
Total: 437.72 s
  SNR 4.2896 outside of provided SNR_range [3.5, 4.25] — rescaling.
[Iteration 5/100] SNR after scaling: 4.2896 (target: 4.0000)
  SNR history: it0→168.9930@1.0000x, it1→3.1724@5.9654x, it2→26.2525@2.4424x, it3→9.7351@3.8171x, it4→5.7022@4.7719x, it5→4.2896@5.3354x
  Re-scaling distances by factor 1.0574  (cumulative after: 5.6416×)
Resetting pulsars to clean stoas...
Restore: 0.01 s
Injecting population...
  B1855+09: RMS = 607.404 ns
  B1937+21: RMS = 598.649 ns
  B1953+29: RMS = 579.032 ns
  J0023+0923: RMS = 621.981 ns
  J0030+0451: RMS = 1057.802 ns
  J0340+4130: RMS = 1000.936 ns
  J0406+3039: RMS = 83.860 ns
  J0437-4715: RMS = 199.507 ns
  J0509+0856: RMS = 595.040 ns
  J0557+1551: RMS = 250.748 ns
  J0605+3757: RMS = 131.872 ns
  J0610-2100: RMS = 365.883 ns
  J0613-0200: RMS = 853.199 ns
  J0636+5128: RMS = 603.346 ns
  J0645+5158: RMS = 813.080 ns
  J0709+0458: RMS = 638.042 ns
  J0740+6620: RMS = 634.097 ns
  J0931-1902: RMS = 518.134 ns
  J1012+5307: RMS = 549.849 ns
  J1012-4235: RMS = 129.493 ns
  J1022+1001: RMS = 1192.720 ns
  J1024-0719: RMS = 1030.069 ns
  J1125+7819: RMS = 494.732 ns
  J1312+0051: RMS = 109.649 ns
  J1453+1902: RMS = 698.036 ns
  J1455-3330: RMS = 1081.833 ns
  J1600-3053: RMS = 1068.467 ns
  J1614-2230: RMS = 1064.140 ns
  J1630+3734: RMS = 162.598 ns
  J1640+2224: RMS = 663.580 ns
  J1643-1224: RMS = 691.252 ns
  J1705-1903: RMS = 121.872 ns
  J1713+0747: RMS = 671.139 ns
  J1719-1438: RMS = 123.656 ns
  J1730-2304: RMS = 172.495 ns
  J1738+0333: RMS = 548.918 ns
  J1741+1351: RMS = 701.065 ns
  J1744-1134: RMS = 370.686 ns
  J1745+1017: RMS = 375.986 ns
  J1747-4036: RMS = 300.013 ns
  J1751-2857: RMS = 142.912 ns
  J1802-2124: RMS = 112.541 ns
  J1811-2405: RMS = 106.797 ns
  J1832-0836: RMS = 279.237 ns
  J1843-1113: RMS = 91.192 ns
  J1853+1303: RMS = 635.859 ns
  J1903+0327: RMS = 545.795 ns
  J1909-3744: RMS = 846.953 ns
  J1910+1256: RMS = 607.621 ns
  J1911+1347: RMS = 206.239 ns
  J1918-0642: RMS = 572.308 ns
  J1923+2515: RMS = 555.637 ns
  J1944+0907: RMS = 697.915 ns
  J1946+3417: RMS = 218.742 ns
  J2010-1323: RMS = 644.526 ns
  J2017+0603: RMS = 527.062 ns
  J2033+1734: RMS = 214.628 ns
  J2043+1711: RMS = 639.354 ns
  J2124-3358: RMS = 211.116 ns
  J2145-0750: RMS = 575.441 ns
  J2214+3000: RMS = 541.503 ns
  J2229+2643: RMS = 233.462 ns
  J2234+0611: RMS = 545.335 ns
  J2234+0944: RMS = 710.838 ns
  J2302+4442: RMS = 629.356 ns
  J2317+1439: RMS = 744.594 ns
  J2322+2057: RMS = 231.037 ns
Inject: 0.52 s
Snapshotting into enterprise Pulsar objects...
Building PTA...
PTA build: 397.40 s
Computing optimal statistic...
OS time: 40.22 s
Total: 438.14 s
  ✓ SNR is within the provided SNR_range: 3.6980 ∈ [3.5, 4.25]

Final SNR history:
  it 0: cumulative_scale=1.0000×  SNR=168.9930
  it 1: cumulative_scale=5.9654×  SNR=3.1724
  it 2: cumulative_scale=2.4424×  SNR=26.2525
  it 3: cumulative_scale=3.8171×  SNR=9.7351
  it 4: cumulative_scale=4.7719×  SNR=5.7022
  it 5: cumulative_scale=5.3354×  SNR=4.2896
  it 6: cumulative_scale=5.6416×  SNR=3.6980
✓ Simulation 1 done (3404.5 s)

======================================================================
ENSEMBLE SUMMARY
======================================================================
Success rate: 100.0% (1/1)

Binaries per population:
  Mean ± std : 500 ± 0
  Range      : [500, 500]

SNR achieved:
  Mean ± std : 3.6980 ± 0.0000
  Range      : [3.6980, 3.6980]

Total time: 3939.1 s (65.7 min)
======================================================================

💾 Saved: data/2026-05-01/optimistic_run_56/consistent_population_optimistic_targetSNR4.25_sims1.json
💾 Saved compressed pickle: data/2026-05-01/optimistic_run_56/consistent_population_optimistic_targetSNR4.25_sims1.pkl.gz

======================================================================
CONTINUOUS WAVE SNR ANALYSIS
======================================================================

--- Population 1 ---
Precomputation of phiinvs, TNTs, Ts, Nvecs, Sigmas took 0.03 seconds.
Total SNR computation for population took 149.12 seconds.
Top 50 CGW candidates:
   1. proxy_rank=   7  sky_w=1.26  f=4.44e-09 Hz  Mc=5.04e+10 Msun  h0=7.54e-15  SNR=7.807
   2. proxy_rank=  11  sky_w=0.67  f=4.32e-09 Hz  Mc=5.02e+10 Msun  h0=7.86e-15  SNR=4.235
   3. proxy_rank=   3  sky_w=1.04  f=3.25e-09 Hz  Mc=5.93e+10 Msun  h0=8.02e-15  SNR=3.475
   4. proxy_rank=  19  sky_w=0.72  f=5.68e-09 Hz  Mc=3.22e+10 Msun  h0=4.49e-15  SNR=2.778
   5. proxy_rank=   8  sky_w=1.18  f=2.32e-09 Hz  Mc=2.54e+10 Msun  h0=4.16e-15  SNR=2.392
   6. proxy_rank=   2  sky_w=1.52  f=2.30e-09 Hz  Mc=4.66e+10 Msun  h0=4.75e-15  SNR=2.157
   7. proxy_rank=  22  sky_w=0.94  f=5.03e-09 Hz  Mc=2.08e+10 Msun  h0=2.20e-15  SNR=2.048
   8. proxy_rank=   6  sky_w=0.74  f=2.00e-09 Hz  Mc=4.68e+10 Msun  h0=5.97e-15  SNR=1.935
   9. proxy_rank=   4  sky_w=0.82  f=2.16e-09 Hz  Mc=4.06e+10 Msun  h0=5.91e-15  SNR=1.831
  10. proxy_rank=   5  sky_w=1.07  f=2.12e-09 Hz  Mc=4.15e+10 Msun  h0=4.42e-15  SNR=1.773
  11. proxy_rank=  13  sky_w=0.68  f=3.19e-09 Hz  Mc=4.06e+10 Msun  h0=4.21e-15  SNR=1.759
  12. proxy_rank=   9  sky_w=0.79  f=3.06e-09 Hz  Mc=5.17e+10 Msun  h0=6.69e-15  SNR=1.645
  13. proxy_rank=   1  sky_w=0.95  f=2.00e-09 Hz  Mc=6.11e+10 Msun  h0=7.37e-15  SNR=1.328
  14. proxy_rank=  16  sky_w=1.32  f=4.40e-09 Hz  Mc=2.45e+10 Msun  h0=2.25e-15  SNR=1.236
  15. proxy_rank=  12  sky_w=0.91  f=3.00e-09 Hz  Mc=3.52e+10 Msun  h0=3.26e-15  SNR=1.079
  16. proxy_rank=  27  sky_w=0.59  f=8.47e-09 Hz  Mc=2.61e+10 Msun  h0=4.66e-15  SNR=1.000
  17. proxy_rank=  10  sky_w=1.38  f=2.10e-09 Hz  Mc=1.74e+10 Msun  h0=2.33e-15  SNR=0.828
  18. proxy_rank=  18  sky_w=0.81  f=2.61e-09 Hz  Mc=2.65e+10 Msun  h0=1.84e-15  SNR=0.717
  19. proxy_rank=  37  sky_w=0.88  f=6.12e-09 Hz  Mc=1.40e+10 Msun  h0=1.12e-15  SNR=0.673
  20. proxy_rank=  32  sky_w=1.02  f=3.04e-09 Hz  Mc=1.01e+10 Msun  h0=7.05e-16  SNR=0.517
  21. proxy_rank=  15  sky_w=1.25  f=2.43e-09 Hz  Mc=2.42e+10 Msun  h0=1.53e-15  SNR=0.505
  22. proxy_rank=  21  sky_w=0.63  f=2.23e-09 Hz  Mc=2.81e+10 Msun  h0=1.85e-15  SNR=0.475
  23. proxy_rank=  28  sky_w=1.19  f=2.90e-09 Hz  Mc=1.41e+10 Msun  h0=7.07e-16  SNR=0.412
  24. proxy_rank=  20  sky_w=1.15  f=2.17e-09 Hz  Mc=2.07e+10 Msun  h0=1.06e-15  SNR=0.343
  25. proxy_rank=  69  sky_w=1.11  f=8.11e-09 Hz  Mc=4.37e+09 Msun  h0=1.99e-16  SNR=0.311
  26. proxy_rank=  30  sky_w=0.97  f=2.62e-09 Hz  Mc=1.40e+10 Msun  h0=7.16e-16  SNR=0.307
  27. proxy_rank=  14  sky_w=1.53  f=2.19e-09 Hz  Mc=1.95e+10 Msun  h0=1.17e-15  SNR=0.287
  28. proxy_rank=  45  sky_w=1.23  f=3.66e-09 Hz  Mc=8.20e+09 Msun  h0=3.37e-16  SNR=0.286
  29. proxy_rank=  23  sky_w=1.52  f=2.05e-09 Hz  Mc=1.19e+10 Msun  h0=4.79e-16  SNR=0.270
  30. proxy_rank=  25  sky_w=1.06  f=2.44e-09 Hz  Mc=1.49e+10 Msun  h0=7.98e-16  SNR=0.266
  31. proxy_rank=  17  sky_w=0.92  f=2.05e-09 Hz  Mc=2.38e+10 Msun  h0=1.30e-15  SNR=0.265
  32. proxy_rank=  33  sky_w=0.89  f=2.42e-09 Hz  Mc=1.35e+10 Msun  h0=6.40e-16  SNR=0.262
  33. proxy_rank=  26  sky_w=0.94  f=3.06e-09 Hz  Mc=1.64e+10 Msun  h0=1.11e-15  SNR=0.248
  34. proxy_rank=  38  sky_w=0.72  f=3.00e-09 Hz  Mc=1.07e+10 Msun  h0=6.56e-16  SNR=0.232
  35. proxy_rank=  24  sky_w=0.76  f=1.99e-09 Hz  Mc=1.94e+10 Msun  h0=9.20e-16  SNR=0.192
  36. proxy_rank=  68  sky_w=1.54  f=6.36e-09 Hz  Mc=3.03e+09 Msun  h0=1.13e-16  SNR=0.189
  37. proxy_rank=  31  sky_w=1.55  f=2.61e-09 Hz  Mc=1.01e+10 Msun  h0=4.19e-16  SNR=0.170
  38. proxy_rank=  39  sky_w=1.40  f=2.36e-09 Hz  Mc=7.59e+09 Msun  h0=2.50e-16  SNR=0.163
  39. proxy_rank=  43  sky_w=0.58  f=2.79e-09 Hz  Mc=1.20e+10 Msun  h0=6.27e-16  SNR=0.152
  40. proxy_rank=  46  sky_w=1.51  f=4.10e-09 Hz  Mc=5.58e+09 Msun  h0=2.61e-16  SNR=0.151
  41. proxy_rank=  34  sky_w=1.02  f=2.13e-09 Hz  Mc=8.01e+09 Msun  h0=3.56e-16  SNR=0.145
  42. proxy_rank=  44  sky_w=0.79  f=2.25e-09 Hz  Mc=1.04e+10 Msun  h0=3.46e-16  SNR=0.139
  43. proxy_rank=  61  sky_w=1.15  f=4.11e-09 Hz  Mc=4.76e+09 Msun  h0=1.41e-16  SNR=0.130
  44. proxy_rank=  41  sky_w=1.38  f=2.40e-09 Hz  Mc=8.30e+09 Msun  h0=2.52e-16  SNR=0.124
  45. proxy_rank=  56  sky_w=1.13  f=3.15e-09 Hz  Mc=5.45e+09 Msun  h0=1.61e-16  SNR=0.115
  46. proxy_rank=  29  sky_w=1.04  f=2.09e-09 Hz  Mc=1.38e+10 Msun  h0=5.53e-16  SNR=0.098
  47. proxy_rank=  42  sky_w=0.66  f=2.18e-09 Hz  Mc=1.12e+10 Msun  h0=4.56e-16  SNR=0.096
  48. proxy_rank=  72  sky_w=1.08  f=4.30e-09 Hz  Mc=3.32e+09 Msun  h0=1.01e-16  SNR=0.095
  49. proxy_rank=  35  sky_w=1.41  f=2.32e-09 Hz  Mc=8.75e+09 Msun  h0=2.74e-16  SNR=0.094
  50. proxy_rank=  40  sky_w=1.61  f=2.03e-09 Hz  Mc=7.05e+09 Msun  h0=1.86e-16  SNR=0.089
💾 Saved: data/2026-05-01/optimistic_run_56/consistent_population_optimistic_targetSNR4.25_sims1.json
💾 Saved compressed pickle: data/2026-05-01/optimistic_run_56/consistent_population_optimistic_targetSNR4.25_sims1.pkl.gz
Saved to figures/cgw_analysis_optimistic.pdf

==========================================
Job finished at: Fri May  1 18:33:51 AEST 2026
Exit code: 0
==========================================

+------------------ Job Report: 11783327 (COMPLETED) ------------------+
| Memory (RAM)  [#################   ] 86.0% (29.2 GB peak / 34 GB)    |
| CPU           [################    ] 80.1% average                   |
| Time          [------------>       ] 64.4% (0-01:10:52 / 0-01:50:00) |
|                                                                      |
| Lustre Filesystem:                                                   |
|   Path    Total Read    Total Write    Total IOPS                    |
|   ------  ------------  -------------  ------------                  |
|   /apps   20.5 MB       0 B            1.1 K                         |
|   /fred   3 MB          290.1 KB       93                            |
|   /home   1.5 GB        0 B            2.3 K                         |
|   OS      0 B           0 B            2                             |
|                                                                      |
| Warnings:                                                            |
|   - Too much time requested                                          |
+----------------------------------------------------------------------+
