==========================================
Job ID: 11783227
Job Name: smbhb_realistic
Node: gina14
Start Time: Fri May  1 17:22:29 AEST 2026
==========================================

/home/bhoulden/.conda/envs/smbhb312/share/tempo2
Working directory: /fred/oz005/users/bhoulden/SMBHB_population_injections

Loaded modules:

Starting SMBHB analysis...
==========================================

📁 Save directory: data/2026-05-01/realistic_run_39
📝 Run name: realistic_run_39

[MEM] Start: 243.9 MB

📡 Loading pulsars...
======================================================================
LOADING NANOGRAV PULSARS (libstempo)
======================================================================

📦 Loading from cache: nanograv_pulsars_cache.pkl
⚠ Cache load failed: Ran out of input
[DEBUG] Found 76 .par files
[tempo2Util.C:396] Warning: [MISC1] Unknown parameter in par file:  DMDATA
[tempo2Util.C:401] Warning: [DUP1] duplicated warnings have been suppressed.

WARNING: Using tempo RNAMP parameter: setting TNRedC to 100!
[observatory.C:271] Warning: Assuming site 'arecibo' means 'ao'
✓ Loaded B1855+09 (7758 TOAs)

WARNING: Using tempo RNAMP parameter: setting TNRedC to 100!
✓ Loaded B1937+21 (23023 TOAs)

WARNING: Using tempo RNAMP parameter: setting TNRedC to 100!
✓ Loaded B1937+21ao (7241 TOAs)

WARNING: Using tempo RNAMP parameter: setting TNRedC to 100!
✓ Loaded B1937+21gbt (16048 TOAs)

WARNING: Using tempo RNAMP parameter: setting TNRedC to 100!
✓ Loaded B1953+29 (5126 TOAs)
✓ Loaded J0023+0923 (15896 TOAs)

WARNING: Using tempo RNAMP parameter: setting TNRedC to 100!
✓ Loaded J0030+0451 (19571 TOAs)
✓ Loaded J0340+4130 (11093 TOAs)
✓ Loaded J0406+3039 (2446 TOAs)

WARNING: Using tempo RNAMP parameter: setting TNRedC to 100!
✓ Loaded J0437-4715 (5830 TOAs)
✓ Loaded J0509+0856 (2169 TOAs)
✓ Loaded J0557+1551 (525 TOAs)
✓ Loaded J0605+3757 (554 TOAs)

WARNING: Using tempo RNAMP parameter: setting TNRedC to 100!
✓ Loaded J0610-2100 (4885 TOAs)

WARNING: Using tempo RNAMP parameter: setting TNRedC to 100!
✓ Loaded J0613-0200 (17124 TOAs)
✓ Loaded J0614-3329 (1714 TOAs)
✓ Loaded J0636+5128 (32222 TOAs)
✓ Loaded J0645+5158 (10403 TOAs)
✓ Loaded J0709+0458 (3030 TOAs)
✓ Loaded J0740+6620 (13401 TOAs)
✓ Loaded J0931-1902 (5473 TOAs)

WARNING: Using tempo RNAMP parameter: setting TNRedC to 100!
✓ Loaded J1012+5307 (25837 TOAs)
✓ Loaded J1012-4235 (797 TOAs)
✓ Loaded J1022+1001 (3978 TOAs)
✓ Loaded J1024-0719 (12635 TOAs)
✓ Loaded J1125+7819 (8723 TOAs)
✓ Loaded J1312+0051 (1705 TOAs)
✓ Loaded J1453+1902 (2551 TOAs)
✓ Loaded J1455-3330 (10818 TOAs)

WARNING: Using tempo RNAMP parameter: setting TNRedC to 100!
✓ Loaded J1600-3053 (22955 TOAs)

WARNING: Using tempo RNAMP parameter: setting TNRedC to 100!
✓ Loaded J1600-3053gbt (19725 TOAs)

WARNING: Using tempo RNAMP parameter: setting TNRedC to 100!
✓ Loaded J1614-2230 (18445 TOAs)
✓ Loaded J1630+3734 (1815 TOAs)
✓ Loaded J1640+2224 (14066 TOAs)

WARNING: Using tempo RNAMP parameter: setting TNRedC to 100!
✓ Loaded J1643-1224 (22144 TOAs)

WARNING: Using tempo RNAMP parameter: setting TNRedC to 100!
✓ Loaded J1643-1224gbt (17932 TOAs)

WARNING: Using tempo RNAMP parameter: setting TNRedC to 100!
✓ Loaded J1705-1903 (9871 TOAs)

WARNING: Using tempo RNAMP parameter: setting TNRedC to 100!
✓ Loaded J1713+0747 (59389 TOAs)

WARNING: Using tempo RNAMP parameter: setting TNRedC to 100!
✓ Loaded J1713+0747ao (21362 TOAs)

WARNING: Using tempo RNAMP parameter: setting TNRedC to 100!
✓ Loaded J1713+0747gbt (32963 TOAs)
✓ Loaded J1719-1438 (6356 TOAs)
✓ Loaded J1730-2304 (4870 TOAs)
✓ Loaded J1738+0333 (8790 TOAs)
✓ Loaded J1741+1351 (5582 TOAs)

WARNING: Using tempo RNAMP parameter: setting TNRedC to 100!
✓ Loaded J1744-1134 (17745 TOAs)

WARNING: Using tempo RNAMP parameter: setting TNRedC to 100!
✓ Loaded J1745+1017 (3017 TOAs)

WARNING: Using tempo RNAMP parameter: setting TNRedC to 100!
✓ Loaded J1747-4036 (11055 TOAs)
✓ Loaded J1751-2857 (2025 TOAs)

WARNING: Using tempo RNAMP parameter: setting TNRedC to 100!
✓ Loaded J1802-2124 (6796 TOAs)
✓ Loaded J1811-2405 (5266 TOAs)
✓ Loaded J1832-0836 (7739 TOAs)
✓ Loaded J1843-1113 (4595 TOAs)

WARNING: Using tempo RNAMP parameter: setting TNRedC to 100!
✓ Loaded J1853+1303 (4570 TOAs)

WARNING: Using tempo RNAMP parameter: setting TNRedC to 100!
✓ Loaded J1903+0327 (6856 TOAs)

WARNING: Using tempo RNAMP parameter: setting TNRedC to 100!
✓ Loaded J1903+0327ao (6423 TOAs)

WARNING: Using tempo RNAMP parameter: setting TNRedC to 100!
✓ Loaded J1909-3744 (35037 TOAs)

WARNING: Using tempo RNAMP parameter: setting TNRedC to 100!
✓ Loaded J1909-3744gbt (31526 TOAs)
✓ Loaded J1910+1256 (6486 TOAs)
✓ Loaded J1911+1347 (3786 TOAs)
✓ Loaded J1918-0642 (18875 TOAs)
✓ Loaded J1923+2515 (3974 TOAs)
✓ Loaded J1944+0907 (5328 TOAs)

WARNING: Using tempo RNAMP parameter: setting TNRedC to 100!
✓ Loaded J1946+3417 (4743 TOAs)
✓ Loaded J2010-1323 (17077 TOAs)
✓ Loaded J2017+0603 (3512 TOAs)
✓ Loaded J2033+1734 (3847 TOAs)
✓ Loaded J2043+1711 (7397 TOAs)
✓ Loaded J2124-3358 (4982 TOAs)

WARNING: Using tempo RNAMP parameter: setting TNRedC to 100!
✓ Loaded J2145-0750 (18675 TOAs)
✓ Loaded J2214+3000 (7406 TOAs)
✓ Loaded J2229+2643 (3711 TOAs)

WARNING: Using tempo RNAMP parameter: setting TNRedC to 100!
✓ Loaded J2234+0611 (3566 TOAs)
✓ Loaded J2234+0944 (7535 TOAs)
✓ Loaded J2302+4442 (10211 TOAs)
✓ Loaded J2317+1439 (13927 TOAs)
✓ Loaded J2322+2057 (3088 TOAs)
⚠ Could not save cache: no default __reduce__ due to non-trivial __cinit__

✓ Loaded 76 pulsars
✗ Failed: 0 — []
[MEM] After loading pulsars: 8701.6 MB

🔍 Filtering pulsars...

Filtered: 76 → 67 pulsars
[MEM] After filtering pulsars: 8703.0 MB
[MEM] After garbage collection: 8703.0 MB

======================================================================
SMBHB POPULATION ANALYSIS
======================================================================

Configuration: realistic
  Medium mass, medium spread in distance, medium population
  N_binaries: 20000

======================================================================
CONSISTENT POPULATION SYNTHESIS
======================================================================

======================================================================
GENERATING SNR-CONSISTENT POPULATIONS
======================================================================
Target SNR:          4.0
Simulations:         1
======================================================================


──────────────────────────────────────────────────────────────────────
SIMULATION 1/1
──────────────────────────────────────────────────────────────────────
  [B1855+09] zeroing residuals...
  [B1855+09] adding red noise...
  [B1855+09] white noise for 430_PUPPI (1185 TOAs)...
  [B1855+09] white noise for 430_ASP (390 TOAs)...
  [B1855+09] white noise for L-wide_PUPPI (5005 TOAs)...
  [B1855+09] white noise for L-wide_ASP (1178 TOAs)...
  [B1937+21] zeroing residuals...
  [B1937+21] adding red noise...
  [B1937+21] white noise for Rcvr1_2_GUPPI (7048 TOAs)...
  [B1937+21] white noise for Rcvr1_2_GASP (1069 TOAs)...
  [B1937+21] white noise for L-wide_ASP (452 TOAs)...
  [B1937+21] white noise for Rcvr_800_GASP (586 TOAs)...
  [B1937+21] white noise for S-wide_ASP (344 TOAs)...
  [B1937+21] white noise for S-wide_PUPPI (2251 TOAs)...
  [B1937+21] white noise for Rcvr_800_GUPPI (7140 TOAs)...
  [B1937+21] white noise for L-wide_PUPPI (4133 TOAs)...
  [B1953+29] zeroing residuals...
  [B1953+29] adding red noise...
  [B1953+29] white noise for 430_PUPPI (941 TOAs)...
  [B1953+29] white noise for L-wide_ASP (94 TOAs)...
  [B1953+29] white noise for S-wide_ASP (25 TOAs)...
  [B1953+29] white noise for L-wide_PUPPI (4037 TOAs)...
  [B1953+29] white noise for 430_ASP (29 TOAs)...
  [J0023+0923] zeroing residuals...
  [J0023+0923] adding red noise...
  [J0023+0923] white noise for 430_PUPPI (4564 TOAs)...
  [J0023+0923] white noise for 430_ASP (90 TOAs)...
  [J0023+0923] white noise for L-wide_PUPPI (11123 TOAs)...
  [J0023+0923] white noise for L-wide_ASP (119 TOAs)...
  [J0030+0451] zeroing residuals...
  [J0030+0451] adding red noise...
  [J0030+0451] white noise for 430_PUPPI (3068 TOAs)...
  [J0030+0451] white noise for L-wide_ASP (789 TOAs)...
  [J0030+0451] white noise for S-wide_PUPPI (2673 TOAs)...
  [J0030+0451] white noise for L-wide_PUPPI (12774 TOAs)...
  [J0030+0451] white noise for 430_ASP (267 TOAs)...
  [J0340+4130] zeroing residuals...
  [J0340+4130] adding red noise...
  [J0340+4130] white noise for Rcvr1_2_GUPPI (5037 TOAs)...
  [J0340+4130] white noise for Rcvr_800_GUPPI (6056 TOAs)...
  [J0406+3039] zeroing residuals...
  [J0406+3039] adding red noise...
  [J0406+3039] white noise for S-wide_PUPPI (575 TOAs)...
  [J0406+3039] white noise for L-wide_PUPPI (1871 TOAs)...
  [J0437-4715] zeroing residuals...
  [J0437-4715] adding red noise...
  [J0437-4715] white noise for 1.5GHz_YUPPI (2134 TOAs)...
  [J0437-4715] white noise for 3GHz_YUPPI (3696 TOAs)...
  [J0509+0856] zeroing residuals...
  [J0509+0856] adding red noise...
  [J0509+0856] white noise for S-wide_PUPPI (544 TOAs)...
  [J0509+0856] white noise for L-wide_PUPPI (1625 TOAs)...
  [J0557+1551] zeroing residuals...
  [J0557+1551] adding red noise...
  [J0557+1551] white noise for S-wide_PUPPI (58 TOAs)...
  [J0557+1551] white noise for L-wide_PUPPI (467 TOAs)...
  [J0605+3757] zeroing residuals...
  [J0605+3757] adding red noise...
  [J0605+3757] white noise for Rcvr1_2_GUPPI (318 TOAs)...
  [J0605+3757] white noise for Rcvr_800_GUPPI (236 TOAs)...
  [J0610-2100] zeroing residuals...
  [J0610-2100] adding red noise...
  [J0610-2100] white noise for Rcvr1_2_GUPPI (2401 TOAs)...
  [J0610-2100] white noise for Rcvr_800_GUPPI (2484 TOAs)...
  [J0613-0200] zeroing residuals...
  [J0613-0200] adding red noise...
  [J0613-0200] white noise for Rcvr1_2_GUPPI (7423 TOAs)...
  [J0613-0200] white noise for Rcvr_800_GASP (809 TOAs)...
  [J0613-0200] white noise for Rcvr1_2_GASP (992 TOAs)...
  [J0613-0200] white noise for Rcvr_800_GUPPI (7900 TOAs)...
  [J0636+5128] zeroing residuals...
  [J0636+5128] adding red noise...
  [J0636+5128] white noise for Rcvr1_2_GUPPI (14803 TOAs)...
  [J0636+5128] white noise for Rcvr_800_GUPPI (17419 TOAs)...
  [J0645+5158] zeroing residuals...
  [J0645+5158] adding red noise...
  [J0645+5158] white noise for Rcvr1_2_GUPPI (5721 TOAs)...
  [J0645+5158] white noise for Rcvr_800_GUPPI (4682 TOAs)...
  [J0709+0458] zeroing residuals...
  [J0709+0458] adding red noise...
  [J0709+0458] white noise for S-wide_PUPPI (595 TOAs)...
  [J0709+0458] white noise for L-wide_PUPPI (2435 TOAs)...
  [J0740+6620] zeroing residuals...
  [J0740+6620] adding red noise...
  [J0740+6620] white noise for Rcvr1_2_GUPPI (8265 TOAs)...
  [J0740+6620] white noise for Rcvr_800_GUPPI (5136 TOAs)...
  [J0931-1902] zeroing residuals...
  [J0931-1902] adding red noise...
  [J0931-1902] white noise for Rcvr1_2_GUPPI (2054 TOAs)...
  [J0931-1902] white noise for Rcvr_800_GUPPI (3419 TOAs)...
  [J1012+5307] zeroing residuals...
  [J1012+5307] adding red noise...
  [J1012+5307] white noise for Rcvr1_2_GUPPI (12849 TOAs)...
  [J1012+5307] white noise for Rcvr_800_GASP (1210 TOAs)...
  [J1012+5307] white noise for Rcvr1_2_GASP (1479 TOAs)...
  [J1012+5307] white noise for Rcvr_800_GUPPI (10299 TOAs)...
  [J1012-4235] zeroing residuals...
  [J1012-4235] adding red noise...
  [J1012-4235] white noise for Rcvr1_2_GUPPI (455 TOAs)...
  [J1012-4235] white noise for Rcvr_800_GUPPI (342 TOAs)...
  [J1022+1001] zeroing residuals...
  [J1022+1001] adding red noise...
  [J1022+1001] white noise for S-wide_PUPPI (1154 TOAs)...
  [J1022+1001] white noise for 430_PUPPI (232 TOAs)...
  [J1022+1001] white noise for L-wide_PUPPI (2592 TOAs)...
  [J1024-0719] zeroing residuals...
  [J1024-0719] adding red noise...
  [J1024-0719] white noise for Rcvr1_2_GUPPI (7086 TOAs)...
  [J1024-0719] white noise for Rcvr_800_GASP (51 TOAs)...
  [J1024-0719] white noise for Rcvr1_2_GASP (43 TOAs)...
  [J1024-0719] white noise for Rcvr_800_GUPPI (5455 TOAs)...
  [J1125+7819] zeroing residuals...
  [J1125+7819] adding red noise...
  [J1125+7819] white noise for Rcvr1_2_GUPPI (4016 TOAs)...
  [J1125+7819] white noise for Rcvr_800_GUPPI (4707 TOAs)...
  [J1312+0051] zeroing residuals...
  [J1312+0051] adding red noise...
  [J1312+0051] white noise for S-wide_PUPPI (416 TOAs)...
  [J1312+0051] white noise for L-wide_PUPPI (1289 TOAs)...
  [J1453+1902] zeroing residuals...
  [J1453+1902] adding red noise...
  [J1453+1902] white noise for S-wide_PUPPI (4 TOAs)...
  [J1453+1902] white noise for 430_PUPPI (425 TOAs)...
  [J1453+1902] white noise for L-wide_PUPPI (2122 TOAs)...
  [J1455-3330] zeroing residuals...
  [J1455-3330] adding red noise...
  [J1455-3330] white noise for Rcvr1_2_GUPPI (4932 TOAs)...
  [J1455-3330] white noise for Rcvr_800_GASP (479 TOAs)...
  [J1455-3330] white noise for Rcvr1_2_GASP (564 TOAs)...
  [J1455-3330] white noise for Rcvr_800_GUPPI (4843 TOAs)...
  [J1600-3053] zeroing residuals...
  [J1600-3053] adding red noise...
  [J1600-3053] white noise for Rcvr1_2_GUPPI (10168 TOAs)...
  [J1600-3053] white noise for Rcvr1_2_GASP (457 TOAs)...
  [J1600-3053] white noise for 3GHz_YUPPI (3237 TOAs)...
  [J1600-3053] white noise for Rcvr_800_GASP (297 TOAs)...
  [J1600-3053] white noise for Rcvr_800_GUPPI (8796 TOAs)...
  [J1614-2230] zeroing residuals...
  [J1614-2230] adding red noise...
  [J1614-2230] white noise for Rcvr1_2_GUPPI (10509 TOAs)...
  [J1614-2230] white noise for Rcvr_800_GASP (84 TOAs)...
  [J1614-2230] white noise for Rcvr1_2_GASP (84 TOAs)...
  [J1614-2230] white noise for Rcvr_800_GUPPI (7768 TOAs)...
  [J1630+3734] zeroing residuals...
  [J1630+3734] adding red noise...
  [J1630+3734] white noise for Rcvr1_2_GUPPI (909 TOAs)...
  [J1630+3734] white noise for Rcvr_800_GUPPI (906 TOAs)...
  [J1640+2224] zeroing residuals...
  [J1640+2224] adding red noise...
  [J1640+2224] white noise for 430_PUPPI (3157 TOAs)...
  [J1640+2224] white noise for 430_ASP (340 TOAs)...
  [J1640+2224] white noise for L-wide_PUPPI (9847 TOAs)...
  [J1640+2224] white noise for L-wide_ASP (722 TOAs)...
  [J1643-1224] zeroing residuals...
  [J1643-1224] adding red noise...
  [J1643-1224] white noise for Rcvr1_2_GUPPI (8803 TOAs)...
  [J1643-1224] white noise for Rcvr1_2_GASP (833 TOAs)...
  [J1643-1224] white noise for 3GHz_YUPPI (4215 TOAs)...
  [J1643-1224] white noise for Rcvr_800_GASP (559 TOAs)...
  [J1643-1224] white noise for Rcvr_800_GUPPI (7734 TOAs)...
  [J1705-1903] zeroing residuals...
  [J1705-1903] adding red noise...
  [J1705-1903] white noise for Rcvr1_2_GUPPI (6350 TOAs)...
  [J1705-1903] white noise for Rcvr_800_GUPPI (3521 TOAs)...
  [J1713+0747] zeroing residuals...
  [J1713+0747] adding red noise...
  [J1713+0747] white noise for Rcvr1_2_GUPPI (22334 TOAs)...
  [J1713+0747] white noise for 1.5GHz_YUPPI (1461 TOAs)...
  [J1713+0747] white noise for Rcvr1_2_GASP (1109 TOAs)...
  [J1713+0747] white noise for L-wide_ASP (843 TOAs)...
  [J1713+0747] white noise for 3GHz_YUPPI (3282 TOAs)...
  [J1713+0747] white noise for Rcvr_800_GASP (1032 TOAs)...
  [J1713+0747] white noise for S-wide_ASP (624 TOAs)...
  [J1713+0747] white noise for S-wide_PUPPI (7482 TOAs)...
  [J1713+0747] white noise for Rcvr_800_GUPPI (8479 TOAs)...
  [J1713+0747] white noise for L-wide_PUPPI (12743 TOAs)...
  [J1719-1438] zeroing residuals...
  [J1719-1438] adding red noise...
  [J1719-1438] white noise for Rcvr1_2_GUPPI (2722 TOAs)...
  [J1719-1438] white noise for Rcvr_800_GUPPI (3634 TOAs)...
  [J1730-2304] zeroing residuals...
  [J1730-2304] adding red noise...
  [J1730-2304] white noise for Rcvr1_2_GUPPI (2367 TOAs)...
  [J1730-2304] white noise for Rcvr_800_GUPPI (2503 TOAs)...
  [J1738+0333] zeroing residuals...
  [J1738+0333] adding red noise...
  [J1738+0333] white noise for S-wide_ASP (134 TOAs)...
  [J1738+0333] white noise for S-wide_PUPPI (1737 TOAs)...
  [J1738+0333] white noise for L-wide_PUPPI (6718 TOAs)...
  [J1738+0333] white noise for L-wide_ASP (201 TOAs)...
  [J1741+1351] zeroing residuals...
  [J1741+1351] adding red noise...
  [J1741+1351] white noise for 430_PUPPI (1159 TOAs)...
  [J1741+1351] white noise for L-wide_ASP (236 TOAs)...
  [J1741+1351] white noise for S-wide_ASP (115 TOAs)...
  [J1741+1351] white noise for L-wide_PUPPI (4045 TOAs)...
  [J1741+1351] white noise for 430_ASP (27 TOAs)...
  [J1744-1134] zeroing residuals...
  [J1744-1134] adding red noise...
  [J1744-1134] white noise for Rcvr1_2_GUPPI (8109 TOAs)...
  [J1744-1134] white noise for Rcvr_800_GASP (930 TOAs)...
  [J1744-1134] white noise for Rcvr1_2_GASP (807 TOAs)...
  [J1744-1134] white noise for Rcvr_800_GUPPI (7899 TOAs)...
  [J1745+1017] zeroing residuals...
  [J1745+1017] adding red noise...
  [J1745+1017] white noise for S-wide_PUPPI (838 TOAs)...
  [J1745+1017] white noise for L-wide_PUPPI (2179 TOAs)...
  [J1747-4036] zeroing residuals...
  [J1747-4036] adding red noise...
  [J1747-4036] white noise for Rcvr1_2_GUPPI (5239 TOAs)...
  [J1747-4036] white noise for Rcvr_800_GUPPI (5816 TOAs)...
  [J1751-2857] zeroing residuals...
  [J1751-2857] adding red noise...
  [J1751-2857] white noise for Rcvr1_2_GUPPI (1786 TOAs)...
  [J1751-2857] white noise for Rcvr_800_GUPPI (239 TOAs)...
  [J1802-2124] zeroing residuals...
  [J1802-2124] adding red noise...
  [J1802-2124] white noise for Rcvr1_2_GUPPI (3231 TOAs)...
  [J1802-2124] white noise for Rcvr_800_GUPPI (3565 TOAs)...
  [J1811-2405] zeroing residuals...
  [J1811-2405] adding red noise...
  [J1811-2405] white noise for Rcvr1_2_GUPPI (2638 TOAs)...
  [J1811-2405] white noise for Rcvr_800_GUPPI (2628 TOAs)...
  [J1832-0836] zeroing residuals...
  [J1832-0836] adding red noise...
  [J1832-0836] white noise for Rcvr1_2_GUPPI (4661 TOAs)...
  [J1832-0836] white noise for Rcvr_800_GUPPI (3078 TOAs)...
  [J1843-1113] zeroing residuals...
  [J1843-1113] adding red noise...
  [J1843-1113] white noise for Rcvr1_2_GUPPI (2394 TOAs)...
  [J1843-1113] white noise for Rcvr_800_GUPPI (2201 TOAs)...
  [J1853+1303] zeroing residuals...
  [J1853+1303] adding red noise...
  [J1853+1303] white noise for 430_PUPPI (1151 TOAs)...
  [J1853+1303] white noise for 430_ASP (24 TOAs)...
  [J1853+1303] white noise for L-wide_PUPPI (3362 TOAs)...
  [J1853+1303] white noise for L-wide_ASP (33 TOAs)...
  [J1903+0327] zeroing residuals...
  [J1903+0327] adding red noise...
  [J1903+0327] white noise for L-wide_ASP (139 TOAs)...
  [J1903+0327] white noise for 3GHz_YUPPI (439 TOAs)...
  [J1903+0327] white noise for S-wide_ASP (151 TOAs)...
  [J1903+0327] white noise for S-wide_PUPPI (2282 TOAs)...
  [J1903+0327] white noise for L-wide_PUPPI (3845 TOAs)...
  [J1909-3744] zeroing residuals...
  [J1909-3744] adding red noise...
  [J1909-3744] white noise for Rcvr1_2_GUPPI (20439 TOAs)...
  [J1909-3744] white noise for Rcvr1_2_GASP (808 TOAs)...
  [J1909-3744] white noise for 3GHz_YUPPI (3525 TOAs)...
  [J1909-3744] white noise for Rcvr_800_GASP (866 TOAs)...
  [J1909-3744] white noise for Rcvr_800_GUPPI (9399 TOAs)...
  [J1910+1256] zeroing residuals...
  [J1910+1256] adding red noise...
  [J1910+1256] white noise for S-wide_ASP (208 TOAs)...
  [J1910+1256] white noise for S-wide_PUPPI (1857 TOAs)...
  [J1910+1256] white noise for L-wide_PUPPI (4124 TOAs)...
  [J1910+1256] white noise for L-wide_ASP (297 TOAs)...
  [J1911+1347] zeroing residuals...
  [J1911+1347] adding red noise...
  [J1911+1347] white noise for 430_PUPPI (753 TOAs)...
  [J1911+1347] white noise for L-wide_PUPPI (3033 TOAs)...
  [J1918-0642] zeroing residuals...
  [J1918-0642] adding red noise...
  [J1918-0642] white noise for Rcvr1_2_GUPPI (8910 TOAs)...
  [J1918-0642] white noise for Rcvr_800_GASP (835 TOAs)...
  [J1918-0642] white noise for Rcvr1_2_GASP (778 TOAs)...
  [J1918-0642] white noise for Rcvr_800_GUPPI (8352 TOAs)...
  [J1923+2515] zeroing residuals...
  [J1923+2515] adding red noise...
  [J1923+2515] white noise for 430_PUPPI (922 TOAs)...
  [J1923+2515] white noise for 430_ASP (10 TOAs)...
  [J1923+2515] white noise for L-wide_PUPPI (3028 TOAs)...
  [J1923+2515] white noise for L-wide_ASP (14 TOAs)...
  [J1944+0907] zeroing residuals...
  [J1944+0907] adding red noise...
  [J1944+0907] white noise for 430_PUPPI (1017 TOAs)...
  [J1944+0907] white noise for L-wide_ASP (257 TOAs)...
  [J1944+0907] white noise for S-wide_ASP (116 TOAs)...
  [J1944+0907] white noise for L-wide_PUPPI (3900 TOAs)...
  [J1944+0907] white noise for 430_ASP (38 TOAs)...
  [J1946+3417] zeroing residuals...
  [J1946+3417] adding red noise...
  [J1946+3417] white noise for S-wide_PUPPI (1546 TOAs)...
  [J1946+3417] white noise for L-wide_PUPPI (3197 TOAs)...
  [J2010-1323] zeroing residuals...
  [J2010-1323] adding red noise...
  [J2010-1323] white noise for Rcvr1_2_GUPPI (7779 TOAs)...
  [J2010-1323] white noise for Rcvr_800_GASP (70 TOAs)...
  [J2010-1323] white noise for Rcvr1_2_GASP (70 TOAs)...
  [J2010-1323] white noise for Rcvr_800_GUPPI (9158 TOAs)...
  [J2017+0603] zeroing residuals...
  [J2017+0603] adding red noise...
  [J2017+0603] white noise for S-wide_PUPPI (849 TOAs)...
  [J2017+0603] white noise for 430_PUPPI (78 TOAs)...
  [J2017+0603] white noise for L-wide_PUPPI (2569 TOAs)...
  [J2017+0603] white noise for L-wide_ASP (16 TOAs)...
  [J2033+1734] zeroing residuals...
  [J2033+1734] adding red noise...
  [J2033+1734] white noise for 430_PUPPI (797 TOAs)...
  [J2033+1734] white noise for L-wide_PUPPI (3050 TOAs)...
  [J2043+1711] zeroing residuals...
  [J2043+1711] adding red noise...
  [J2043+1711] white noise for 430_PUPPI (2908 TOAs)...
  [J2043+1711] white noise for 430_ASP (30 TOAs)...
  [J2043+1711] white noise for L-wide_PUPPI (4419 TOAs)...
  [J2043+1711] white noise for L-wide_ASP (40 TOAs)...
  [J2124-3358] zeroing residuals...
  [J2124-3358] adding red noise...
  [J2124-3358] white noise for Rcvr1_2_GUPPI (2957 TOAs)...
  [J2124-3358] white noise for Rcvr_800_GUPPI (2025 TOAs)...
  [J2145-0750] zeroing residuals...
  [J2145-0750] adding red noise...
  [J2145-0750] white noise for Rcvr1_2_GUPPI (9158 TOAs)...
  [J2145-0750] white noise for Rcvr_800_GASP (362 TOAs)...
  [J2145-0750] white noise for Rcvr1_2_GASP (427 TOAs)...
  [J2145-0750] white noise for Rcvr_800_GUPPI (8728 TOAs)...
  [J2214+3000] zeroing residuals...
  [J2214+3000] adding red noise...
  [J2214+3000] white noise for S-wide_PUPPI (1568 TOAs)...
  [J2214+3000] white noise for L-wide_PUPPI (5829 TOAs)...
  [J2214+3000] white noise for L-wide_ASP (9 TOAs)...
  [J2229+2643] zeroing residuals...
  [J2229+2643] adding red noise...
  [J2229+2643] white noise for 430_PUPPI (956 TOAs)...
  [J2229+2643] white noise for L-wide_PUPPI (2755 TOAs)...
  [J2234+0611] zeroing residuals...
  [J2234+0611] adding red noise...
  [J2234+0611] white noise for 430_PUPPI (653 TOAs)...
  [J2234+0611] white noise for L-wide_PUPPI (2913 TOAs)...
  [J2234+0944] zeroing residuals...
  [J2234+0944] adding red noise...
  [J2234+0944] white noise for S-wide_PUPPI (2532 TOAs)...
  [J2234+0944] white noise for L-wide_PUPPI (5003 TOAs)...
  [J2302+4442] zeroing residuals...
  [J2302+4442] adding red noise...
  [J2302+4442] white noise for Rcvr1_2_GUPPI (3779 TOAs)...
  [J2302+4442] white noise for Rcvr_800_GUPPI (6432 TOAs)...
  [J2317+1439] zeroing residuals...
  [J2317+1439] adding red noise...
  [J2317+1439] white noise for 430_PUPPI (3217 TOAs)...
  [J2317+1439] white noise for L-wide_PUPPI (9563 TOAs)...
  [J2317+1439] white noise for 327_PUPPI (276 TOAs)...
  [J2317+1439] white noise for 430_ASP (458 TOAs)...
  [J2317+1439] white noise for 327_ASP (413 TOAs)...
  [J2322+2057] zeroing residuals...
  [J2322+2057] adding red noise...
  [J2322+2057] white noise for S-wide_PUPPI (140 TOAs)...
  [J2322+2057] white noise for 430_PUPPI (752 TOAs)...
  [J2322+2057] white noise for L-wide_PUPPI (2196 TOAs)...
Resetting pulsars to clean stoas...
Restore: 0.00 s
Inject: 0.00 s
Snapshotting into enterprise Pulsar objects...
Building PTA...
PTA build: 461.66 s
Computing optimal statistic...
OS time: 64.33 s
Total: 526.00 s
Noise-only SNR baseline: -0.2698

Generating SNR-consistent population...
Target SNR: 4.0
Resetting pulsars to clean stoas...
Restore: 22.26 s
Injecting population...
  B1855+09: RMS = 2781.168 ns
  B1937+21: RMS = 2384.235 ns
  B1953+29: RMS = 1320.159 ns
  J0023+0923: RMS = 578.701 ns
  J0030+0451: RMS = 1121.538 ns
  J0340+4130: RMS = 1102.735 ns
  J0406+3039: RMS = 777.473 ns
  J0437-4715: RMS = 2133.562 ns
  J0509+0856: RMS = 1201.282 ns
  J0557+1551: RMS = 868.222 ns
  J0605+3757: RMS = 319.289 ns
  J0610-2100: RMS = 1587.103 ns
  J0613-0200: RMS = 2256.236 ns
  J0636+5128: RMS = 917.060 ns
  J0645+5158: RMS = 1107.851 ns
  J0709+0458: RMS = 1466.468 ns
  J0740+6620: RMS = 1043.377 ns
  J0931-1902: RMS = 1550.876 ns
  J1012+5307: RMS = 1623.164 ns
  J1012-4235: RMS = 873.462 ns
  J1022+1001: RMS = 2667.519 ns
  J1024-0719: RMS = 1664.522 ns
  J1125+7819: RMS = 870.419 ns
  J1312+0051: RMS = 929.414 ns
  J1453+1902: RMS = 946.407 ns
  J1455-3330: RMS = 1715.290 ns
  J1600-3053: RMS = 1999.129 ns
  J1614-2230: RMS = 2315.606 ns
  J1630+3734: RMS = 213.763 ns
  J1640+2224: RMS = 1796.872 ns
  J1643-1224: RMS = 2796.222 ns
  J1705-1903: RMS = 1605.714 ns
  J1713+0747: RMS = 2692.104 ns
  J1719-1438: RMS = 664.139 ns
  J1730-2304: RMS = 1082.191 ns
  J1738+0333: RMS = 2644.112 ns
  J1741+1351: RMS = 1971.544 ns
  J1744-1134: RMS = 3495.134 ns
  J1745+1017: RMS = 412.297 ns
  J1747-4036: RMS = 3114.866 ns
  J1751-2857: RMS = 1678.136 ns
  J1802-2124: RMS = 598.008 ns
  J1811-2405: RMS = 500.530 ns
  J1832-0836: RMS = 810.588 ns
  J1843-1113: RMS = 590.994 ns
  J1853+1303: RMS = 1273.037 ns
  J1903+0327: RMS = 3379.482 ns
  J1909-3744: RMS = 2432.117 ns
  J1910+1256: RMS = 2870.502 ns
  J1911+1347: RMS = 611.164 ns
  J1918-0642: RMS = 2972.772 ns
  J1923+2515: RMS = 1315.593 ns
  J1944+0907: RMS = 1773.142 ns
  J1946+3417: RMS = 904.116 ns
  J2010-1323: RMS = 1939.871 ns
  J2017+0603: RMS = 1596.805 ns
  J2033+1734: RMS = 1238.601 ns
  J2043+1711: RMS = 1168.698 ns
  J2124-3358: RMS = 506.059 ns
  J2145-0750: RMS = 2230.253 ns
  J2214+3000: RMS = 789.461 ns
  J2229+2643: RMS = 754.484 ns
  J2234+0611: RMS = 613.146 ns
  J2234+0944: RMS = 522.884 ns
  J2302+4442: RMS = 752.944 ns
  J2317+1439: RMS = 1842.502 ns
  J2322+2057: RMS = 885.709 ns
Inject: 0.89 s
Snapshotting into enterprise Pulsar objects...
Building PTA...
PTA build: 456.74 s
Computing optimal statistic...
OS time: 112.34 s
Total: 592.23 s
Initial SNR: 47.1526, Target SNR: 4.0000
  Initial SNR 47.1526 outside of provided SNR_range [3.5, 4.25] — rescaling.
Scaling distances by factor 3.3326 to achieve target SNR...
Resetting pulsars to clean stoas...
Restore: 11.28 s
Injecting population...
  B1855+09: RMS = 834.523 ns
  B1937+21: RMS = 715.419 ns
  B1953+29: RMS = 396.130 ns
  J0023+0923: RMS = 173.646 ns
  J0030+0451: RMS = 336.531 ns
  J0340+4130: RMS = 330.889 ns
  J0406+3039: RMS = 233.290 ns
  J0437-4715: RMS = 640.201 ns
  J0509+0856: RMS = 360.459 ns
  J0557+1551: RMS = 260.521 ns
  J0605+3757: RMS = 95.807 ns
  J0610-2100: RMS = 476.229 ns
  J0613-0200: RMS = 677.011 ns
  J0636+5128: RMS = 275.175 ns
  J0645+5158: RMS = 332.424 ns
  J0709+0458: RMS = 440.032 ns
  J0740+6620: RMS = 313.078 ns
  J0931-1902: RMS = 465.359 ns
  J1012+5307: RMS = 487.050 ns
  J1012-4235: RMS = 262.093 ns
  J1022+1001: RMS = 800.421 ns
  J1024-0719: RMS = 499.460 ns
  J1125+7819: RMS = 261.180 ns
  J1312+0051: RMS = 278.882 ns
  J1453+1902: RMS = 283.981 ns
  J1455-3330: RMS = 514.694 ns
  J1600-3053: RMS = 599.863 ns
  J1614-2230: RMS = 694.826 ns
  J1630+3734: RMS = 64.142 ns
  J1640+2224: RMS = 539.173 ns
  J1643-1224: RMS = 839.040 ns
  J1705-1903: RMS = 481.814 ns
  J1713+0747: RMS = 807.799 ns
  J1719-1438: RMS = 199.283 ns
  J1730-2304: RMS = 324.724 ns
  J1738+0333: RMS = 793.398 ns
  J1741+1351: RMS = 591.586 ns
  J1744-1134: RMS = 1048.757 ns
  J1745+1017: RMS = 123.715 ns
  J1747-4036: RMS = 934.653 ns
  J1751-2857: RMS = 503.545 ns
  J1802-2124: RMS = 179.439 ns
  J1811-2405: RMS = 150.190 ns
  J1832-0836: RMS = 243.227 ns
  J1843-1113: RMS = 177.335 ns
  J1853+1303: RMS = 381.990 ns
  J1903+0327: RMS = 1014.055 ns
  J1909-3744: RMS = 729.786 ns
  J1910+1256: RMS = 861.329 ns
  J1911+1347: RMS = 183.387 ns
  J1918-0642: RMS = 892.016 ns
  J1923+2515: RMS = 394.760 ns
  J1944+0907: RMS = 532.053 ns
  J1946+3417: RMS = 271.291 ns
  J2010-1323: RMS = 582.082 ns
  J2017+0603: RMS = 479.141 ns
  J2033+1734: RMS = 371.657 ns
  J2043+1711: RMS = 350.682 ns
  J2124-3358: RMS = 151.849 ns
  J2145-0750: RMS = 669.214 ns
  J2214+3000: RMS = 236.887 ns
  J2229+2643: RMS = 226.392 ns
  J2234+0611: RMS = 183.982 ns
  J2234+0944: RMS = 156.898 ns
  J2302+4442: RMS = 225.930 ns
  J2317+1439: RMS = 552.865 ns
  J2322+2057: RMS = 265.768 ns
Inject: 0.82 s
Snapshotting into enterprise Pulsar objects...
Building PTA...
PTA build: 495.95 s
Computing optimal statistic...
OS time: 70.32 s
Total: 578.37 s
  SNR 6.5348 outside of provided SNR_range [3.5, 4.25] — rescaling.
[Iteration 1/100] SNR after scaling: 6.5348 (target: 4.0000)
  SNR history: it0→47.1526@1.0000x, it1→6.5348@3.3326x
  Re-scaling distances by factor 1.3350  (cumulative after: 4.4492×)
Resetting pulsars to clean stoas...
Restore: 3.50 s
Injecting population...
  B1855+09: RMS = 625.101 ns
  B1937+21: RMS = 535.885 ns
  B1953+29: RMS = 296.721 ns
  J0023+0923: RMS = 130.070 ns
  J0030+0451: RMS = 252.079 ns
  J0340+4130: RMS = 247.853 ns
  J0406+3039: RMS = 174.746 ns
  J0437-4715: RMS = 479.543 ns
  J0509+0856: RMS = 270.002 ns
  J0557+1551: RMS = 195.143 ns
  J0605+3757: RMS = 71.764 ns
  J0610-2100: RMS = 356.720 ns
  J0613-0200: RMS = 507.116 ns
  J0636+5128: RMS = 206.120 ns
  J0645+5158: RMS = 249.003 ns
  J0709+0458: RMS = 329.606 ns
  J0740+6620: RMS = 234.511 ns
  J0931-1902: RMS = 348.578 ns
  J1012+5307: RMS = 364.825 ns
  J1012-4235: RMS = 196.321 ns
  J1022+1001: RMS = 599.557 ns
  J1024-0719: RMS = 374.121 ns
  J1125+7819: RMS = 195.637 ns
  J1312+0051: RMS = 208.897 ns
  J1453+1902: RMS = 212.716 ns
  J1455-3330: RMS = 385.532 ns
  J1600-3053: RMS = 449.328 ns
  J1614-2230: RMS = 520.460 ns
  J1630+3734: RMS = 48.046 ns
  J1640+2224: RMS = 403.868 ns
  J1643-1224: RMS = 628.484 ns
  J1705-1903: RMS = 360.903 ns
  J1713+0747: RMS = 605.082 ns
  J1719-1438: RMS = 149.273 ns
  J1730-2304: RMS = 243.235 ns
  J1738+0333: RMS = 594.296 ns
  J1741+1351: RMS = 443.128 ns
  J1744-1134: RMS = 785.573 ns
  J1745+1017: RMS = 92.669 ns
  J1747-4036: RMS = 700.103 ns
  J1751-2857: RMS = 377.181 ns
  J1802-2124: RMS = 134.409 ns
  J1811-2405: RMS = 112.500 ns
  J1832-0836: RMS = 182.189 ns
  J1843-1113: RMS = 132.833 ns
  J1853+1303: RMS = 286.130 ns
  J1903+0327: RMS = 759.579 ns
  J1909-3744: RMS = 546.647 ns
  J1910+1256: RMS = 645.179 ns
  J1911+1347: RMS = 137.366 ns
  J1918-0642: RMS = 668.166 ns
  J1923+2515: RMS = 295.695 ns
  J1944+0907: RMS = 398.535 ns
  J1946+3417: RMS = 203.211 ns
  J2010-1323: RMS = 436.009 ns
  J2017+0603: RMS = 358.901 ns
  J2033+1734: RMS = 278.390 ns
  J2043+1711: RMS = 262.679 ns
  J2124-3358: RMS = 113.743 ns
  J2145-0750: RMS = 501.276 ns
  J2214+3000: RMS = 177.441 ns
  J2229+2643: RMS = 169.579 ns
  J2234+0611: RMS = 137.812 ns
  J2234+0944: RMS = 117.524 ns
  J2302+4442: RMS = 169.233 ns
  J2317+1439: RMS = 414.124 ns
  J2322+2057: RMS = 199.074 ns
Inject: 0.99 s
Snapshotting into enterprise Pulsar objects...
Building PTA...
PTA build: 427.47 s
Computing optimal statistic...
OS time: 79.57 s
Total: 511.53 s
  ✓ SNR is within the provided SNR_range: 4.2272 ∈ [3.5, 4.25]

Final SNR history:
  it 0: cumulative_scale=1.0000×  SNR=47.1526
  it 1: cumulative_scale=3.3326×  SNR=6.5348
  it 2: cumulative_scale=4.4492×  SNR=4.2272
✓ Simulation 1 done (1684.8 s)

======================================================================
ENSEMBLE SUMMARY
======================================================================
Success rate: 100.0% (1/1)

Binaries per population:
  Mean ± std : 20000 ± 0
  Range      : [20000, 20000]

SNR achieved:
  Mean ± std : 4.2272 ± 0.0000
  Range      : [4.2272, 4.2272]

Total time: 2256.8 s (37.6 min)
======================================================================

💾 Saved: data/2026-05-01/realistic_run_39/consistent_population_realistic_targetSNR4.25_sims1.json
💾 Saved compressed pickle: data/2026-05-01/realistic_run_39/consistent_population_realistic_targetSNR4.25_sims1.pkl.gz

======================================================================
CONTINUOUS WAVE SNR ANALYSIS
======================================================================

--- Population 1 ---
Precomputation of phiinvs, TNTs, Ts, Nvecs, Sigmas took 0.04 seconds.
Total SNR computation for population took 1407.87 seconds.
Top 50 CGW candidates:
   1. proxy_rank=   3  sky_w=1.52  f=4.35e-09 Hz  Mc=3.60e+10 Msun  h0=5.37e-15  SNR=6.879
   2. proxy_rank=  10  sky_w=0.62  f=5.56e-09 Hz  Mc=3.10e+10 Msun  h0=6.64e-15  SNR=4.661
   3. proxy_rank=   8  sky_w=0.97  f=5.75e-09 Hz  Mc=2.99e+10 Msun  h0=5.66e-15  SNR=4.040
   4. proxy_rank=  12  sky_w=0.71  f=6.00e-09 Hz  Mc=2.09e+10 Msun  h0=5.58e-15  SNR=3.961
   5. proxy_rank= 113  sky_w=1.20  f=1.15e-08 Hz  Mc=1.17e+10 Msun  h0=1.60e-15  SNR=2.881
   6. proxy_rank= 174  sky_w=1.40  f=1.61e-08 Hz  Mc=8.98e+09 Msun  h0=1.30e-15  SNR=2.873
   7. proxy_rank= 100  sky_w=1.23  f=8.81e-09 Hz  Mc=1.16e+10 Msun  h0=1.31e-15  SNR=2.300
   8. proxy_rank=  21  sky_w=1.54  f=3.91e-09 Hz  Mc=1.04e+10 Msun  h0=1.26e-15  SNR=1.666
   9. proxy_rank=   7  sky_w=1.42  f=3.01e-09 Hz  Mc=2.36e+10 Msun  h0=2.12e-15  SNR=1.655
  10. proxy_rank= 604  sky_w=1.25  f=7.12e-08 Hz  Mc=5.95e+09 Msun  h0=1.78e-15  SNR=1.374
  11. proxy_rank=  70  sky_w=0.77  f=5.21e-09 Hz  Mc=9.27e+09 Msun  h0=1.57e-15  SNR=1.271
  12. proxy_rank= 163  sky_w=0.83  f=8.97e-09 Hz  Mc=1.13e+10 Msun  h0=1.31e-15  SNR=1.173
  13. proxy_rank=   1  sky_w=1.45  f=2.18e-09 Hz  Mc=2.95e+10 Msun  h0=3.27e-15  SNR=1.168
  14. proxy_rank=   9  sky_w=1.20  f=3.97e-09 Hz  Mc=2.58e+10 Msun  h0=3.02e-15  SNR=1.138
  15. proxy_rank=  11  sky_w=1.44  f=3.61e-09 Hz  Mc=1.77e+10 Msun  h0=1.80e-15  SNR=1.103
  16. proxy_rank=   6  sky_w=1.18  f=2.21e-09 Hz  Mc=2.57e+10 Msun  h0=1.96e-15  SNR=1.050
  17. proxy_rank=  17  sky_w=0.53  f=3.05e-09 Hz  Mc=3.23e+10 Msun  h0=3.58e-15  SNR=1.019
  18. proxy_rank= 446  sky_w=0.62  f=1.94e-08 Hz  Mc=6.47e+09 Msun  h0=1.38e-15  SNR=0.995
  19. proxy_rank= 103  sky_w=1.54  f=5.36e-09 Hz  Mc=8.02e+09 Msun  h0=6.35e-16  SNR=0.950
  20. proxy_rank=  49  sky_w=1.27  f=3.83e-09 Hz  Mc=1.27e+10 Msun  h0=8.64e-16  SNR=0.927
  21. proxy_rank=  37  sky_w=1.32  f=3.50e-09 Hz  Mc=1.26e+10 Msun  h0=8.62e-16  SNR=0.909
  22. proxy_rank=  62  sky_w=1.11  f=4.43e-09 Hz  Mc=1.24e+10 Msun  h0=9.77e-16  SNR=0.835
  23. proxy_rank=  20  sky_w=0.89  f=2.60e-09 Hz  Mc=1.33e+10 Msun  h0=1.66e-15  SNR=0.780
  24. proxy_rank= 316  sky_w=1.12  f=9.88e-09 Hz  Mc=4.50e+09 Msun  h0=5.67e-16  SNR=0.756
  25. proxy_rank=   4  sky_w=1.30  f=2.09e-09 Hz  Mc=2.03e+10 Msun  h0=2.32e-15  SNR=0.750
  26. proxy_rank= 237  sky_w=1.49  f=6.75e-09 Hz  Mc=6.24e+09 Msun  h0=3.90e-16  SNR=0.748
  27. proxy_rank=  66  sky_w=1.26  f=4.33e-09 Hz  Mc=1.11e+10 Msun  h0=8.22e-16  SNR=0.700
  28. proxy_rank=  14  sky_w=1.27  f=2.52e-09 Hz  Mc=1.58e+10 Msun  h0=1.29e-15  SNR=0.693
  29. proxy_rank=   2  sky_w=1.61  f=2.05e-09 Hz  Mc=2.72e+10 Msun  h0=2.46e-15  SNR=0.689
  30. proxy_rank=  28  sky_w=0.88  f=2.95e-09 Hz  Mc=1.51e+10 Msun  h0=1.28e-15  SNR=0.675
  31. proxy_rank=  33  sky_w=0.54  f=3.44e-09 Hz  Mc=2.21e+10 Msun  h0=2.20e-15  SNR=0.672
  32. proxy_rank= 118  sky_w=0.50  f=4.37e-09 Hz  Mc=1.56e+10 Msun  h0=1.40e-15  SNR=0.662
  33. proxy_rank= 209  sky_w=0.93  f=5.98e-09 Hz  Mc=8.02e+09 Msun  h0=6.12e-16  SNR=0.639
  34. proxy_rank=  34  sky_w=1.08  f=3.01e-09 Hz  Mc=1.49e+10 Msun  h0=9.61e-16  SNR=0.634
  35. proxy_rank= 247  sky_w=1.53  f=7.35e-09 Hz  Mc=4.73e+09 Msun  h0=3.96e-16  SNR=0.633
  36. proxy_rank=  51  sky_w=0.73  f=3.48e-09 Hz  Mc=1.69e+10 Msun  h0=1.33e-15  SNR=0.629
  37. proxy_rank= 248  sky_w=1.50  f=6.02e-09 Hz  Mc=5.83e+09 Msun  h0=3.32e-16  SNR=0.619
  38. proxy_rank=  13  sky_w=0.93  f=2.13e-09 Hz  Mc=2.24e+10 Msun  h0=1.51e-15  SNR=0.619
  39. proxy_rank=  25  sky_w=1.52  f=2.57e-09 Hz  Mc=1.24e+10 Msun  h0=7.26e-16  SNR=0.596
  40. proxy_rank=  32  sky_w=1.10  f=3.49e-09 Hz  Mc=1.43e+10 Msun  h0=1.11e-15  SNR=0.596
  41. proxy_rank=  31  sky_w=1.47  f=2.94e-09 Hz  Mc=1.25e+10 Msun  h0=7.30e-16  SNR=0.595
  42. proxy_rank=  36  sky_w=0.65  f=3.06e-09 Hz  Mc=1.22e+10 Msun  h0=1.57e-15  SNR=0.580
  43. proxy_rank=  74  sky_w=0.76  f=5.08e-09 Hz  Mc=1.06e+10 Msun  h0=1.49e-15  SNR=0.577
  44. proxy_rank=  77  sky_w=1.26  f=3.68e-09 Hz  Mc=9.43e+09 Msun  h0=6.40e-16  SNR=0.560
  45. proxy_rank=   5  sky_w=1.36  f=2.54e-09 Hz  Mc=2.51e+10 Msun  h0=2.07e-15  SNR=0.552
  46. proxy_rank= 412  sky_w=0.73  f=7.56e-09 Hz  Mc=6.61e+09 Msun  h0=5.07e-16  SNR=0.495
  47. proxy_rank= 204  sky_w=1.08  f=4.92e-09 Hz  Mc=7.68e+09 Msun  h0=4.47e-16  SNR=0.475
  48. proxy_rank=  50  sky_w=1.59  f=2.82e-09 Hz  Mc=1.03e+10 Msun  h0=5.01e-16  SNR=0.474
  49. proxy_rank=  16  sky_w=1.56  f=2.13e-09 Hz  Mc=1.59e+10 Msun  h0=8.53e-16  SNR=0.466
  50. proxy_rank= 190  sky_w=0.62  f=5.35e-09 Hz  Mc=6.97e+09 Msun  h0=8.77e-16  SNR=0.455
💾 Saved: data/2026-05-01/realistic_run_39/consistent_population_realistic_targetSNR4.25_sims1.json
💾 Saved compressed pickle: data/2026-05-01/realistic_run_39/consistent_population_realistic_targetSNR4.25_sims1.pkl.gz
Saved to figures/cgw_analysis_realistic.pdf

==========================================
Job finished at: Fri May  1 18:26:14 AEST 2026
Exit code: 0
==========================================

+------------------ Job Report: 11783227 (COMPLETED) ------------------+
| Memory (RAM)  [################### ] 97.9% (31.3 GB peak / 32 GB)    |
| CPU           [################    ] 82.0% average                   |
| Time          [----------->        ] 58.0% (0-01:03:50 / 0-01:50:00) |
|                                                                      |
| Lustre Filesystem:                                                   |
|   Path    Total Read    Total Write    Total IOPS                    |
|   ------  ------------  -------------  ------------                  |
|   /apps   0 B           0 B            4                             |
|   /fred   5.5 MB        6.3 MB         64                            |
|   /home   179.7 MB      0 B            2.7 K                         |
|   OS      0 B           0 B            2                             |
|                                                                      |
| Warnings:                                                            |
|   - Too much time requested                                          |
+----------------------------------------------------------------------+
