==========================================
Job ID: 10948994
Job Name: smbhb_optimistic
Node: dave26
Start Time: Wed Apr  1 09:37:00 AEDT 2026
==========================================

Working directory: /fred/oz005/users/bhoulden/SMBHB_population_injections

Loaded modules:

Starting SMBHB analysis...
==========================================

📁 Save directory: data/2026-04-01/optimistic_run_5
📝 Run name: optimistic_run_5

[MEM] Start: 236.0 MB

📡 Loading pulsars...
======================================================================
LOADING NANOGRAV PULSARS
======================================================================

📦 Loading from cache: nanograv_pulsars_cache.pkl
✓ Loaded 76 pulsars from cache

[MEM] After loading pulsars: 4249.8 MB

🔍 Filtering pulsars...

Filtered: 76 → 67 pulsars
[MEM] After filtering pulsars: 4249.9 MB

✓ Ready: 67 pulsars, Tspan = 16.0 years
[MEM] After getting clean pulsars and Tspan: 4249.9 MB
[MEM] After garbage collection: 4250.0 MB

======================================================================
SMBHB POPULATION ANALYSIS
======================================================================

Configuration: optimistic
  Larger mass, higher spread in distance, small population
  N_binaries: 1000

======================================================================
CONSISTENT POPULATION SYNTHESIS
======================================================================

======================================================================
GENERATING SNR-CONSISTENT POPULATIONS
======================================================================
Target SNR:          4.0
Simulations:         10
======================================================================


──────────────────────────────────────────────────────────────────────
SIMULATION 1/10
──────────────────────────────────────────────────────────────────────

Generating SNR-consistent population...
Target SNR: 4.0
restoring zero residuals...
Time taken to restore zero residuals: 0.08 seconds
injecting population...
Time taken to inject population: 0.36 seconds
pta building...
Time taken to build PTA: 10.62 seconds
computing optimal statistic...
Time taken to compute OS and SNR: 45.94 seconds
Total time taken: 57.00 seconds
Initial SNR: -48.5741, Target SNR: 4.0000
  ✗ Initial SNR -48.5741 is non-positive, cannot scale distances to achieve target SNR.
✗ Simulation 1 FAILED, retrying...

Generating SNR-consistent population...
Target SNR: 4.0
restoring zero residuals...
Time taken to restore zero residuals: 0.06 seconds
injecting population...
Time taken to inject population: 0.24 seconds
pta building...
Time taken to build PTA: 9.90 seconds
computing optimal statistic...
Time taken to compute OS and SNR: 45.99 seconds
Total time taken: 56.19 seconds
Initial SNR: 71.7750, Target SNR: 4.0000
Scaling distances by factor 4.2360 to achieve target SNR...
✓ Simulation 1 done (114.5 s)

──────────────────────────────────────────────────────────────────────
SIMULATION 2/10
──────────────────────────────────────────────────────────────────────

Generating SNR-consistent population...
Target SNR: 4.0
restoring zero residuals...
Time taken to restore zero residuals: 0.06 seconds
injecting population...
Time taken to inject population: 0.25 seconds
pta building...
Time taken to build PTA: 9.71 seconds
computing optimal statistic...
Time taken to compute OS and SNR: 43.34 seconds
Total time taken: 53.37 seconds
Initial SNR: 388.1930, Target SNR: 4.0000
Scaling distances by factor 9.8513 to achieve target SNR...
✓ Simulation 2 done (53.5 s)

──────────────────────────────────────────────────────────────────────
SIMULATION 3/10
──────────────────────────────────────────────────────────────────────

Generating SNR-consistent population...
Target SNR: 4.0
restoring zero residuals...
Time taken to restore zero residuals: 0.09 seconds
injecting population...
Time taken to inject population: 0.40 seconds
pta building...
Time taken to build PTA: 10.23 seconds
computing optimal statistic...
Time taken to compute OS and SNR: 42.86 seconds
Total time taken: 53.57 seconds
Initial SNR: 337.0871, Target SNR: 4.0000
Scaling distances by factor 9.1800 to achieve target SNR...
✓ Simulation 3 done (53.7 s)

──────────────────────────────────────────────────────────────────────
SIMULATION 4/10
──────────────────────────────────────────────────────────────────────

Generating SNR-consistent population...
Target SNR: 4.0
restoring zero residuals...
Time taken to restore zero residuals: 0.08 seconds
injecting population...
Time taken to inject population: 0.23 seconds
pta building...
Time taken to build PTA: 10.49 seconds
computing optimal statistic...
Time taken to compute OS and SNR: 107.34 seconds
Total time taken: 118.14 seconds
Initial SNR: 81.8883, Target SNR: 4.0000
Scaling distances by factor 4.5246 to achieve target SNR...
✓ Simulation 4 done (119.4 s)

──────────────────────────────────────────────────────────────────────
SIMULATION 5/10
──────────────────────────────────────────────────────────────────────

Generating SNR-consistent population...
Target SNR: 4.0
restoring zero residuals...
Time taken to restore zero residuals: 0.07 seconds
injecting population...
Time taken to inject population: 0.23 seconds
pta building...
Time taken to build PTA: 14.47 seconds
computing optimal statistic...
Time taken to compute OS and SNR: 98.96 seconds
Total time taken: 113.74 seconds
Initial SNR: -13.9295, Target SNR: 4.0000
  ✗ Initial SNR -13.9295 is non-positive, cannot scale distances to achieve target SNR.
✗ Simulation 5 FAILED, retrying...

Generating SNR-consistent population...
Target SNR: 4.0
restoring zero residuals...
Time taken to restore zero residuals: 0.08 seconds
injecting population...
Time taken to inject population: 0.24 seconds
pta building...
Time taken to build PTA: 12.96 seconds
computing optimal statistic...
Time taken to compute OS and SNR: 49.13 seconds
Total time taken: 62.40 seconds
Initial SNR: 75.6663, Target SNR: 4.0000
Scaling distances by factor 4.3493 to achieve target SNR...
✓ Simulation 5 done (176.9 s)

──────────────────────────────────────────────────────────────────────
SIMULATION 6/10
──────────────────────────────────────────────────────────────────────

Generating SNR-consistent population...
Target SNR: 4.0
restoring zero residuals...
Time taken to restore zero residuals: 0.08 seconds
injecting population...
Time taken to inject population: 0.25 seconds
pta building...
Time taken to build PTA: 10.81 seconds
computing optimal statistic...
Time taken to compute OS and SNR: 73.25 seconds
Total time taken: 84.39 seconds
Initial SNR: 49.2663, Target SNR: 4.0000
Scaling distances by factor 3.5095 to achieve target SNR...
✓ Simulation 6 done (84.8 s)

──────────────────────────────────────────────────────────────────────
SIMULATION 7/10
──────────────────────────────────────────────────────────────────────

Generating SNR-consistent population...
Target SNR: 4.0
restoring zero residuals...
Time taken to restore zero residuals: 0.09 seconds
injecting population...
Time taken to inject population: 0.26 seconds
pta building...
Time taken to build PTA: 11.90 seconds
computing optimal statistic...
Time taken to compute OS and SNR: 62.58 seconds
Total time taken: 74.83 seconds
Initial SNR: -87.2426, Target SNR: 4.0000
  ✗ Initial SNR -87.2426 is non-positive, cannot scale distances to achieve target SNR.
✗ Simulation 7 FAILED, retrying...

Generating SNR-consistent population...
Target SNR: 4.0
restoring zero residuals...
Time taken to restore zero residuals: 0.08 seconds
injecting population...
Time taken to inject population: 0.24 seconds
pta building...
Time taken to build PTA: 19.25 seconds
computing optimal statistic...
Time taken to compute OS and SNR: 49.18 seconds
Total time taken: 68.75 seconds
Initial SNR: -81.7465, Target SNR: 4.0000
  ✗ Initial SNR -81.7465 is non-positive, cannot scale distances to achieve target SNR.
✗ Simulation 7 FAILED, retrying...

Generating SNR-consistent population...
Target SNR: 4.0
restoring zero residuals...
Time taken to restore zero residuals: 0.08 seconds
injecting population...
Time taken to inject population: 0.30 seconds
pta building...
Time taken to build PTA: 11.52 seconds
computing optimal statistic...
Time taken to compute OS and SNR: 48.66 seconds
Total time taken: 60.56 seconds
Initial SNR: 288.7523, Target SNR: 4.0000
Scaling distances by factor 8.4964 to achieve target SNR...
✓ Simulation 7 done (204.6 s)

──────────────────────────────────────────────────────────────────────
SIMULATION 8/10
──────────────────────────────────────────────────────────────────────

Generating SNR-consistent population...
Target SNR: 4.0
restoring zero residuals...
Time taken to restore zero residuals: 0.09 seconds
injecting population...
Time taken to inject population: 0.26 seconds
pta building...
Time taken to build PTA: 11.00 seconds
computing optimal statistic...
Time taken to compute OS and SNR: 48.68 seconds
Total time taken: 60.02 seconds
Initial SNR: 132.0533, Target SNR: 4.0000
Scaling distances by factor 5.7457 to achieve target SNR...
✓ Simulation 8 done (60.1 s)

──────────────────────────────────────────────────────────────────────
SIMULATION 9/10
──────────────────────────────────────────────────────────────────────

Generating SNR-consistent population...
Target SNR: 4.0
restoring zero residuals...
Time taken to restore zero residuals: 0.07 seconds
injecting population...
Time taken to inject population: 0.26 seconds
pta building...
Time taken to build PTA: 10.88 seconds
computing optimal statistic...
