==========================================
Job ID: 10949136
Job Name: smbhb_realistic
Node: gina3
Start Time: Wed Apr  1 10:03:20 AEDT 2026
==========================================

Working directory: /fred/oz005/users/bhoulden/SMBHB_population_injections

Loaded modules:

Starting SMBHB analysis...
==========================================

📁 Save directory: data/2026-04-01/realistic_run_8
📝 Run name: realistic_run_8

[MEM] Start: 235.7 MB

📡 Loading pulsars...
======================================================================
LOADING NANOGRAV PULSARS
======================================================================

📦 Loading from cache: nanograv_pulsars_cache.pkl
✓ Loaded 76 pulsars from cache

[MEM] After loading pulsars: 4249.9 MB

🔍 Filtering pulsars...

Filtered: 76 → 67 pulsars
[MEM] After filtering pulsars: 4250.0 MB

✓ Ready: 67 pulsars, Tspan = 16.0 years
[MEM] After getting clean pulsars and Tspan: 4250.0 MB
[MEM] After garbage collection: 4250.2 MB

======================================================================
SMBHB POPULATION ANALYSIS
======================================================================

Configuration: realistic
  Medium mass, medium spread in distance, medium population
  N_binaries: 20000

======================================================================
CONSISTENT POPULATION SYNTHESIS
======================================================================

======================================================================
GENERATING SNR-CONSISTENT POPULATIONS
======================================================================
Target SNR:          4.0
Simulations:         10
======================================================================


──────────────────────────────────────────────────────────────────────
SIMULATION 1/10
──────────────────────────────────────────────────────────────────────

Generating SNR-consistent population...
Target SNR: 4.0
restoring zero residuals...
Time taken to restore zero residuals: 0.08 seconds
injecting population...
Time taken to inject population: 0.47 seconds
pta building...
Time taken to build PTA: 9.59 seconds
computing optimal statistic...
Time taken to compute OS and SNR: 40.99 seconds
Total time taken: 51.13 seconds
Initial SNR: 5.3662, Target SNR: 4.0000
Scaling distances by factor 1.1583 to achieve target SNR...
✓ Simulation 1 done (52.4 s)

──────────────────────────────────────────────────────────────────────
SIMULATION 2/10
──────────────────────────────────────────────────────────────────────

Generating SNR-consistent population...
Target SNR: 4.0
restoring zero residuals...
Time taken to restore zero residuals: 0.06 seconds
injecting population...
Time taken to inject population: 0.46 seconds
pta building...
Time taken to build PTA: 8.93 seconds
computing optimal statistic...
Time taken to compute OS and SNR: 40.66 seconds
Total time taken: 50.11 seconds
Initial SNR: 4.5539, Target SNR: 4.0000
Scaling distances by factor 1.0670 to achieve target SNR...
✓ Simulation 2 done (50.3 s)

──────────────────────────────────────────────────────────────────────
SIMULATION 3/10
──────────────────────────────────────────────────────────────────────

Generating SNR-consistent population...
Target SNR: 4.0
restoring zero residuals...
Time taken to restore zero residuals: 0.06 seconds
injecting population...
Time taken to inject population: 0.46 seconds
pta building...
Time taken to build PTA: 8.92 seconds
computing optimal statistic...
Time taken to compute OS and SNR: 40.99 seconds
Total time taken: 50.43 seconds
Initial SNR: 9.4993, Target SNR: 4.0000
Scaling distances by factor 1.5410 to achieve target SNR...
✓ Simulation 3 done (50.6 s)

──────────────────────────────────────────────────────────────────────
SIMULATION 4/10
──────────────────────────────────────────────────────────────────────

Generating SNR-consistent population...
Target SNR: 4.0
restoring zero residuals...
Time taken to restore zero residuals: 0.06 seconds
injecting population...
Time taken to inject population: 0.46 seconds
pta building...
Time taken to build PTA: 8.97 seconds
computing optimal statistic...
Time taken to compute OS and SNR: 40.71 seconds
Total time taken: 50.21 seconds
Initial SNR: 37.7049, Target SNR: 4.0000
Scaling distances by factor 3.0702 to achieve target SNR...
✓ Simulation 4 done (50.4 s)

──────────────────────────────────────────────────────────────────────
SIMULATION 5/10
──────────────────────────────────────────────────────────────────────

Generating SNR-consistent population...
Target SNR: 4.0
restoring zero residuals...
Time taken to restore zero residuals: 0.07 seconds
injecting population...
Time taken to inject population: 0.46 seconds
pta building...
Time taken to build PTA: 8.95 seconds
computing optimal statistic...
Time taken to compute OS and SNR: 40.61 seconds
Total time taken: 50.08 seconds
Initial SNR: -11.0119, Target SNR: 4.0000
  ✗ Initial SNR -11.0119 is non-positive, cannot scale distances to achieve target SNR.
✗ Simulation 5 FAILED, retrying...

Generating SNR-consistent population...
Target SNR: 4.0
restoring zero residuals...
Time taken to restore zero residuals: 0.06 seconds
injecting population...
Time taken to inject population: 0.46 seconds
pta building...
Time taken to build PTA: 9.09 seconds
computing optimal statistic...
Time taken to compute OS and SNR: 40.40 seconds
Total time taken: 50.02 seconds
Initial SNR: -16.4209, Target SNR: 4.0000
  ✗ Initial SNR -16.4209 is non-positive, cannot scale distances to achieve target SNR.
✗ Simulation 5 FAILED, retrying...

Generating SNR-consistent population...
Target SNR: 4.0
restoring zero residuals...
Time taken to restore zero residuals: 0.06 seconds
injecting population...
Time taken to inject population: 0.46 seconds
pta building...
Time taken to build PTA: 8.93 seconds
computing optimal statistic...
Time taken to compute OS and SNR: 40.38 seconds
Total time taken: 49.84 seconds
Initial SNR: 0.2915, Target SNR: 4.0000
Scaling distances by factor 0.2699 to achieve target SNR...
✓ Simulation 5 done (150.4 s)

──────────────────────────────────────────────────────────────────────
SIMULATION 6/10
──────────────────────────────────────────────────────────────────────

Generating SNR-consistent population...
Target SNR: 4.0
restoring zero residuals...
Time taken to restore zero residuals: 0.06 seconds
injecting population...
Time taken to inject population: 0.46 seconds
pta building...
Time taken to build PTA: 8.95 seconds
computing optimal statistic...
Time taken to compute OS and SNR: 40.48 seconds
Total time taken: 49.95 seconds
Initial SNR: 30.6236, Target SNR: 4.0000
Scaling distances by factor 2.7669 to achieve target SNR...
✓ Simulation 6 done (50.1 s)

──────────────────────────────────────────────────────────────────────
SIMULATION 7/10
──────────────────────────────────────────────────────────────────────

Generating SNR-consistent population...
Target SNR: 4.0
restoring zero residuals...
Time taken to restore zero residuals: 0.07 seconds
injecting population...
Time taken to inject population: 0.46 seconds
pta building...
Time taken to build PTA: 8.95 seconds
computing optimal statistic...
Time taken to compute OS and SNR: 40.11 seconds
Total time taken: 49.58 seconds
Initial SNR: 0.0017, Target SNR: 4.0000
Scaling distances by factor 0.0207 to achieve target SNR...
✓ Simulation 7 done (49.7 s)

──────────────────────────────────────────────────────────────────────
SIMULATION 8/10
──────────────────────────────────────────────────────────────────────

Generating SNR-consistent population...
Target SNR: 4.0
restoring zero residuals...
Time taken to restore zero residuals: 0.06 seconds
injecting population...
Time taken to inject population: 0.46 seconds
pta building...
Time taken to build PTA: 8.92 seconds
computing optimal statistic...
Time taken to compute OS and SNR: 39.89 seconds
Total time taken: 49.33 seconds
Initial SNR: 93.1679, Target SNR: 4.0000
Scaling distances by factor 4.8262 to achieve target SNR...
✓ Simulation 8 done (49.5 s)

──────────────────────────────────────────────────────────────────────
SIMULATION 9/10
──────────────────────────────────────────────────────────────────────

Generating SNR-consistent population...
Target SNR: 4.0
restoring zero residuals...
Time taken to restore zero residuals: 0.06 seconds
injecting population...
Time taken to inject population: 0.46 seconds
pta building...
Time taken to build PTA: 8.94 seconds
computing optimal statistic...
Time taken to compute OS and SNR: 39.86 seconds
Total time taken: 49.33 seconds
Initial SNR: -16.4956, Target SNR: 4.0000
  ✗ Initial SNR -16.4956 is non-positive, cannot scale distances to achieve target SNR.
✗ Simulation 9 FAILED, retrying...

Generating SNR-consistent population...
Target SNR: 4.0
restoring zero residuals...
Time taken to restore zero residuals: 0.06 seconds
injecting population...
Time taken to inject population: 0.46 seconds
pta building...
Time taken to build PTA: 8.93 seconds
computing optimal statistic...
Time taken to compute OS and SNR: 39.88 seconds
Total time taken: 49.33 seconds
Initial SNR: 17.0312, Target SNR: 4.0000
Scaling distances by factor 2.0634 to achieve target SNR...
✓ Simulation 9 done (99.0 s)

──────────────────────────────────────────────────────────────────────
SIMULATION 10/10
──────────────────────────────────────────────────────────────────────

Generating SNR-consistent population...
Target SNR: 4.0
restoring zero residuals...
Time taken to restore zero residuals: 0.07 seconds
injecting population...
Time taken to inject population: 0.46 seconds
pta building...
Time taken to build PTA: 8.93 seconds
computing optimal statistic...
Time taken to compute OS and SNR: 39.93 seconds
Total time taken: 49.39 seconds
Initial SNR: 5.2681, Target SNR: 4.0000
Scaling distances by factor 1.1476 to achieve target SNR...
✓ Simulation 10 done (49.5 s)

======================================================================
ENSEMBLE SUMMARY
======================================================================
Success rate: 100.0% (10/10)

Binaries per population:
  Mean ± std : 20000 ± 0
  Range      : [20000, 20000]

SNR achieved:
  Mean ± std : 4.0000 ± 0.0000
  Range      : [4.0000, 4.0000]

Total time: 651.9 s (10.9 min)
======================================================================

💾 Saved: data/2026-04-01/realistic_run_8/consistent_population_realistic_targetSNR4.0_sims10.json
💾 Saved compressed pickle: data/2026-04-01/realistic_run_8/consistent_population_realistic_targetSNR4.0_sims10.pkl.gz

======================================================================
ANALYSIS COMPLETE
Results saved to: data/2026-04-01/realistic_run_8
======================================================================

==========================================
Job finished at: Wed Apr  1 10:14:29 AEDT 2026
Exit code: 0
==========================================

+------------------ Job Report: 10949136 (COMPLETED) ------------------+
| Memory (RAM)  [################### ] 95.0% (15.2 GB peak / 16 GB)    |
| CPU           [##################  ] 95.0% average                   |
| Time          [----------->        ] 56.3% (0-00:11:16 / 0-00:20:00) |
|                                                                      |
| Lustre Filesystem:                                                   |
|   Path    Total Read    Total Write    Total IOPS                    |
|   ------  ------------  -------------  ------------                  |
|   /apps   6 MB          0 B            901                           |
|   /fred   2.4 GB        64.1 KB        26                            |
|   /home   53.1 MB       0 B            2.5 K                         |
|   OS      0 B           0 B            2                             |
|                                                                      |
| Warnings:                                                            |
|   - Too much time requested                                          |
+----------------------------------------------------------------------+
