==========================================
Job ID: 10952641
Job Name: smbhb_pessimistic
Node: dave304
Start Time: Wed Apr  1 12:27:58 AEDT 2026
==========================================

Working directory: /fred/oz005/users/bhoulden/SMBHB_population_injections

Loaded modules:

Starting SMBHB analysis...
==========================================

📁 Save directory: data/2026-04-01/pessimistic_run_5
📝 Run name: pessimistic_run_5

[MEM] Start: 235.1 MB

📡 Loading pulsars...
======================================================================
LOADING NANOGRAV PULSARS
======================================================================

📦 Loading from cache: nanograv_pulsars_cache.pkl
✓ Loaded 76 pulsars from cache

[MEM] After loading pulsars: 4249.4 MB

🔍 Filtering pulsars...

Filtered: 76 → 67 pulsars
[MEM] After filtering pulsars: 4249.5 MB

✓ Ready: 67 pulsars, Tspan = 16.0 years
[MEM] After getting clean pulsars and Tspan: 4249.5 MB
[MEM] After garbage collection: 4249.6 MB

======================================================================
SMBHB POPULATION ANALYSIS
======================================================================

Configuration: pessimistic
  Lower mass, lower spread in distance, large population
  N_binaries: 15000000

======================================================================
CONSISTENT POPULATION SYNTHESIS
======================================================================

======================================================================
GENERATING SNR-CONSISTENT POPULATIONS
======================================================================
Target SNR:          4.0
Simulations:         10
======================================================================


──────────────────────────────────────────────────────────────────────
SIMULATION 1/10
──────────────────────────────────────────────────────────────────────

Generating SNR-consistent population...
Target SNR: 4.0
restoring zero residuals...
Time taken to restore zero residuals: 0.09 seconds
injecting population...
Time taken to inject population: 458.20 seconds
pta building...
Time taken to build PTA: 11.40 seconds
computing optimal statistic...
Time taken to compute OS and SNR: 76.10 seconds
Total time taken: 545.79 seconds
Initial SNR: -13.0307, Target SNR: 4.0000
  ✗ Initial SNR -13.0307 is non-positive, cannot scale distances to achieve target SNR.
✗ Simulation 1 FAILED, retrying...

Generating SNR-consistent population...
Target SNR: 4.0
restoring zero residuals...
Time taken to restore zero residuals: 0.12 seconds
injecting population...
Time taken to inject population: 267.63 seconds
pta building...
Time taken to build PTA: 14.67 seconds
computing optimal statistic...
Time taken to compute OS and SNR: 84.29 seconds
Total time taken: 366.71 seconds
Initial SNR: 10.1959, Target SNR: 4.0000
Scaling distances by factor 1.5966 to achieve target SNR...
✓ Simulation 1 done (1014.8 s)

──────────────────────────────────────────────────────────────────────
SIMULATION 2/10
──────────────────────────────────────────────────────────────────────

Generating SNR-consistent population...
Target SNR: 4.0
restoring zero residuals...
Time taken to restore zero residuals: 0.11 seconds
injecting population...
Time taken to inject population: 257.62 seconds
pta building...
Time taken to build PTA: 13.98 seconds
computing optimal statistic...
Time taken to compute OS and SNR: 108.21 seconds
Total time taken: 379.93 seconds
Initial SNR: 34.6091, Target SNR: 4.0000
Scaling distances by factor 2.9415 to achieve target SNR...
✓ Simulation 2 done (433.0 s)

──────────────────────────────────────────────────────────────────────
SIMULATION 3/10
──────────────────────────────────────────────────────────────────────

Generating SNR-consistent population...
Target SNR: 4.0
restoring zero residuals...
Time taken to restore zero residuals: 0.15 seconds
injecting population...
Time taken to inject population: 256.28 seconds
pta building...
Time taken to build PTA: 26.46 seconds
computing optimal statistic...
Time taken to compute OS and SNR: 78.47 seconds
Total time taken: 361.37 seconds
Initial SNR: 15.0948, Target SNR: 4.0000
Scaling distances by factor 1.9426 to achieve target SNR...
✓ Simulation 3 done (415.4 s)

──────────────────────────────────────────────────────────────────────
SIMULATION 4/10
──────────────────────────────────────────────────────────────────────

Generating SNR-consistent population...
Target SNR: 4.0
restoring zero residuals...
Time taken to restore zero residuals: 0.14 seconds
injecting population...
Time taken to inject population: 256.25 seconds
pta building...
Time taken to build PTA: 36.04 seconds
computing optimal statistic...
Time taken to compute OS and SNR: 58.76 seconds
Total time taken: 351.19 seconds
Initial SNR: -10.0668, Target SNR: 4.0000
  ✗ Initial SNR -10.0668 is non-positive, cannot scale distances to achieve target SNR.
✗ Simulation 4 FAILED, retrying...

Generating SNR-consistent population...
Target SNR: 4.0
restoring zero residuals...
Time taken to restore zero residuals: 0.08 seconds
injecting population...
Time taken to inject population: 263.13 seconds
pta building...
Time taken to build PTA: 15.00 seconds
computing optimal statistic...
Time taken to compute OS and SNR: 52.82 seconds
Total time taken: 331.04 seconds
Initial SNR: 13.6976, Target SNR: 4.0000
Scaling distances by factor 1.8505 to achieve target SNR...
✓ Simulation 4 done (787.2 s)

──────────────────────────────────────────────────────────────────────
SIMULATION 5/10
──────────────────────────────────────────────────────────────────────

Generating SNR-consistent population...
Target SNR: 4.0
restoring zero residuals...
Time taken to restore zero residuals: 0.16 seconds
injecting population...
Time taken to inject population: 260.38 seconds
pta building...
Time taken to build PTA: 17.11 seconds
computing optimal statistic...
Time taken to compute OS and SNR: 80.63 seconds
Total time taken: 358.28 seconds
Initial SNR: 19.3378, Target SNR: 4.0000
Scaling distances by factor 2.1987 to achieve target SNR...
✓ Simulation 5 done (406.3 s)

──────────────────────────────────────────────────────────────────────
SIMULATION 6/10
──────────────────────────────────────────────────────────────────────

Generating SNR-consistent population...
Target SNR: 4.0
restoring zero residuals...
Time taken to restore zero residuals: 0.09 seconds
injecting population...
Time taken to inject population: 262.66 seconds
pta building...
Time taken to build PTA: 20.52 seconds
computing optimal statistic...
Time taken to compute OS and SNR: 53.81 seconds
Total time taken: 337.08 seconds
Initial SNR: 1.4299, Target SNR: 4.0000
Scaling distances by factor 0.5979 to achieve target SNR...
✓ Simulation 6 done (386.3 s)

──────────────────────────────────────────────────────────────────────
SIMULATION 7/10
──────────────────────────────────────────────────────────────────────

Generating SNR-consistent population...
Target SNR: 4.0
restoring zero residuals...
Time taken to restore zero residuals: 0.08 seconds
injecting population...
Time taken to inject population: 263.35 seconds
pta building...
Time taken to build PTA: 16.41 seconds
computing optimal statistic...
Time taken to compute OS and SNR: 51.93 seconds
Total time taken: 331.77 seconds
Initial SNR: 10.9328, Target SNR: 4.0000
Scaling distances by factor 1.6532 to achieve target SNR...
✓ Simulation 7 done (381.2 s)

──────────────────────────────────────────────────────────────────────
SIMULATION 8/10
──────────────────────────────────────────────────────────────────────

Generating SNR-consistent population...
Target SNR: 4.0
restoring zero residuals...
Time taken to restore zero residuals: 0.10 seconds
injecting population...
Time taken to inject population: 266.68 seconds
pta building...
Time taken to build PTA: 19.07 seconds
computing optimal statistic...
Time taken to compute OS and SNR: 61.25 seconds
Total time taken: 347.11 seconds
Initial SNR: 18.7394, Target SNR: 4.0000
Scaling distances by factor 2.1644 to achieve target SNR...
✓ Simulation 8 done (395.4 s)

──────────────────────────────────────────────────────────────────────
SIMULATION 9/10
──────────────────────────────────────────────────────────────────────

Generating SNR-consistent population...
Target SNR: 4.0
restoring zero residuals...
Time taken to restore zero residuals: 0.09 seconds
injecting population...
Time taken to inject population: 264.39 seconds
pta building...
Time taken to build PTA: 14.19 seconds
computing optimal statistic...
Time taken to compute OS and SNR: 78.54 seconds
Total time taken: 357.21 seconds
Initial SNR: 13.2397, Target SNR: 4.0000
Scaling distances by factor 1.8193 to achieve target SNR...
✓ Simulation 9 done (408.3 s)

──────────────────────────────────────────────────────────────────────
SIMULATION 10/10
──────────────────────────────────────────────────────────────────────

Generating SNR-consistent population...
Target SNR: 4.0
restoring zero residuals...
Time taken to restore zero residuals: 0.11 seconds
injecting population...
Time taken to inject population: 261.62 seconds
pta building...
Time taken to build PTA: 12.46 seconds
computing optimal statistic...
Time taken to compute OS and SNR: 53.87 seconds
Total time taken: 328.05 seconds
Initial SNR: -8.7676, Target SNR: 4.0000
  ✗ Initial SNR -8.7676 is non-positive, cannot scale distances to achieve target SNR.
✗ Simulation 10 FAILED, retrying...

Generating SNR-consistent population...
Target SNR: 4.0
restoring zero residuals...
Time taken to restore zero residuals: 0.18 seconds
injecting population...
Time taken to inject population: 255.44 seconds
pta building...
Time taken to build PTA: 12.19 seconds
computing optimal statistic...
Time taken to compute OS and SNR: 61.58 seconds
Total time taken: 329.39 seconds
Initial SNR: 4.5679, Target SNR: 4.0000
Scaling distances by factor 1.0686 to achieve target SNR...
✓ Simulation 10 done (758.8 s)

======================================================================
ENSEMBLE SUMMARY
======================================================================
Success rate: 100.0% (10/10)

Binaries per population:
  Mean ± std : 15000000 ± 0
  Range      : [15000000, 15000000]

SNR achieved:
  Mean ± std : 4.0000 ± 0.0000
  Range      : [4.0000, 4.0000]

Total time: 5386.7 s (89.8 min)
======================================================================

💾 Saved: data/2026-04-01/pessimistic_run_5/consistent_population_pessimistic_targetSNR4.0_sims10.json
💾 Saved compressed pickle: data/2026-04-01/pessimistic_run_5/consistent_population_pessimistic_targetSNR4.0_sims10.pkl.gz

======================================================================
ANALYSIS COMPLETE
Results saved to: data/2026-04-01/pessimistic_run_5
======================================================================

==========================================
Job finished at: Wed Apr  1 13:58:55 AEDT 2026
Exit code: 0
==========================================

+------------------ Job Report: 10952641 (COMPLETED) ------------------+
| Memory (RAM)  [################### ] 96.3% (27 GB peak / 28 GB)      |
| CPU           [#################   ] 85.1% average                   |
| Time          [---------------->   ] 82.7% (0-01:31:01 / 0-01:50:00) |
|                                                                      |
| Lustre Filesystem:                                                   |
|   Path    Total Read    Total Write    Total IOPS                    |
|   ------  ------------  -------------  ------------                  |
|   /apps   36 KB         0 B            432                           |
|   /fred   210.3 MB      111.8 KB       33                            |
|   /home   1.8 GB        0 B            4 K                           |
|   OS      0 B           0 B            1                             |
+----------------------------------------------------------------------+
